Command line invocation:
    /Applications/Xcode.app/Contents/Developer/usr/bin/xcodebuild -project "Lingua Quest.xcodeproj" -scheme "Lingua Quest" -destination "generic/platform=iOS Simulator"

Resolve Package Graph


Resolved source packages:
  InteropForGoogle: https://github.com/google/interop-ios-for-google-sdks.git @ 101.0.0
  leveldb: https://github.com/firebase/leveldb.git @ 1.22.5
  GoogleAdsOnDeviceConversion: https://github.com/googleads/google-ads-on-device-conversion-ios-sdk @ 3.6.1
  Promises: https://github.com/google/promises.git @ 2.4.1
  Swinject: https://github.com/Swinject/Swinject.git @ 2.10.0
  Firebase: https://github.com/firebase/firebase-ios-sdk @ 12.16.0
  GoogleDataTransport: https://github.com/google/GoogleDataTransport.git @ 10.1.0
  AppCheck: https://github.com/google/app-check.git @ 11.3.1
  GTMAppAuth: https://github.com/google/GTMAppAuth.git @ 5.0.0
  AppAuth: https://github.com/openid/AppAuth-iOS.git @ 2.1.0
  abseil: https://github.com/google/abseil-cpp-binary.git @ 1.2024072200.0
  GoogleAppMeasurement: https://github.com/google/GoogleAppMeasurement.git @ 12.16.0
  nanopb: https://github.com/firebase/nanopb.git @ 2.30910.1
  GoogleUtilities: https://github.com/google/GoogleUtilities.git @ 8.1.2
  gRPC: https://github.com/google/grpc-binary.git @ 1.69.1
  GoogleSignIn: https://github.com/google/GoogleSignIn-iOS @ 9.2.0
  GTMSessionFetcher: https://github.com/google/gtm-session-fetcher.git @ 3.5.0

2026-07-23 19:50:23.211 xcodebuild[9258:88648] [MT] IDERunDestination: Supported platforms for the buildables in the current scheme is empty.
ComputePackagePrebuildTargetDependencyGraph

Prepare packages

CreateBuildRequest

SendProjectDescription

CreateBuildOperation

ComputeTargetDependencyGraph
note: Building targets in dependency order
note: Target dependency graph (94 targets)
    Target 'Lingua Quest' in project 'Lingua Quest'
        ➜ Explicit dependency on target 'FirebaseAILogic' in project 'Firebase'
        ➜ Explicit dependency on target 'FirebaseFirestore' in project 'Firebase'
        ➜ Explicit dependency on target 'GoogleSignInSwift' in project 'GoogleSignIn'
        ➜ Explicit dependency on target 'Swinject' in project 'Swinject'
        ➜ Explicit dependency on target 'GoogleSignIn' in project 'GoogleSignIn'
        ➜ Explicit dependency on target 'FirebaseAuth' in project 'Firebase'
        ➜ Explicit dependency on target 'FirebaseAI' in project 'Firebase'
    Target 'FirebaseAI' in project 'Firebase'
        ➜ Explicit dependency on target 'FirebaseAI' in project 'Firebase'
        ➜ Explicit dependency on target 'FirebaseAILogic' in project 'Firebase'
        ➜ Explicit dependency on target 'FirebaseAppCheckInterop' in project 'Firebase'
        ➜ Explicit dependency on target 'Firebase' in project 'Firebase'
        ➜ Explicit dependency on target 'FirebaseCoreInternal' in project 'Firebase'
        ➜ Explicit dependency on target 'FirebaseCore' in project 'Firebase'
        ➜ Explicit dependency on target 'FirebaseAppCheck' in project 'Firebase'
        ➜ Explicit dependency on target 'FirebaseAuthInterop' in project 'Firebase'
        ➜ Explicit dependency on target 'FirebaseCoreExtension' in project 'Firebase'
        ➜ Explicit dependency on target 'GULNSData' in project 'GoogleUtilities'
        ➜ Explicit dependency on target 'GULEnvironment' in project 'GoogleUtilities'
        ➜ Explicit dependency on target 'GULLogger' in project 'GoogleUtilities'
        ➜ Explicit dependency on target 'AppCheckCore' in project 'AppCheck'
        ➜ Explicit dependency on target 'AppCheckRecaptchaProvider' in project 'AppCheck'
        ➜ Explicit dependency on target 'GULUserDefaults' in project 'GoogleUtilities'
    Target 'FirebaseAI' in project 'Firebase'
        ➜ Explicit dependency on target 'FirebaseAppCheckInterop' in project 'Firebase'
        ➜ Explicit dependency on target 'Firebase' in project 'Firebase'
        ➜ Explicit dependency on target 'FirebaseCoreInternal' in project 'Firebase'
        ➜ Explicit dependency on target 'FirebaseCore' in project 'Firebase'
        ➜ Explicit dependency on target 'FirebaseAppCheck' in project 'Firebase'
        ➜ Explicit dependency on target 'FirebaseAuthInterop' in project 'Firebase'
        ➜ Explicit dependency on target 'FirebaseCoreExtension' in project 'Firebase'
        ➜ Explicit dependency on target 'FirebaseAILogic' in project 'Firebase'
        ➜ Explicit dependency on target 'GULNSData' in project 'GoogleUtilities'
        ➜ Explicit dependency on target 'GULEnvironment' in project 'GoogleUtilities'
        ➜ Explicit dependency on target 'GULLogger' in project 'GoogleUtilities'
        ➜ Explicit dependency on target 'AppCheckCore' in project 'AppCheck'
        ➜ Explicit dependency on target 'AppCheckRecaptchaProvider' in project 'AppCheck'
        ➜ Explicit dependency on target 'GULUserDefaults' in project 'GoogleUtilities'
    Target 'FirebaseAuth' in project 'Firebase'
        ➜ Explicit dependency on target 'FirebaseAuth' in project 'Firebase'
        ➜ Explicit dependency on target 'Firebase_FirebaseAuth' in project 'Firebase'
        ➜ Explicit dependency on target 'FirebaseAppCheckInterop' in project 'Firebase'
        ➜ Explicit dependency on target 'FirebaseAuthInterop' in project 'Firebase'
        ➜ Explicit dependency on target 'FirebaseAuthInternal' in project 'Firebase'
        ➜ Explicit dependency on target 'Firebase' in project 'Firebase'
        ➜ Explicit dependency on target 'FirebaseCoreInternal' in project 'Firebase'
        ➜ Explicit dependency on target 'FirebaseCore' in project 'Firebase'
        ➜ Explicit dependency on target 'FirebaseCoreExtension' in project 'Firebase'
        ➜ Explicit dependency on target 'RecaptchaInterop' in project 'InteropForGoogle'
        ➜ Explicit dependency on target 'GULNSData' in project 'GoogleUtilities'
        ➜ Explicit dependency on target 'GULEnvironment' in project 'GoogleUtilities'
        ➜ Explicit dependency on target 'GULLogger' in project 'GoogleUtilities'
        ➜ Explicit dependency on target 'GULAppDelegateSwizzler' in project 'GoogleUtilities'
        ➜ Explicit dependency on target 'GTMSessionFetcherCore' in project 'GTMSessionFetcher'
    Target 'FirebaseAuth' in project 'Firebase'
        ➜ Explicit dependency on target 'Firebase_FirebaseAuth' in project 'Firebase'
        ➜ Explicit dependency on target 'FirebaseAppCheckInterop' in project 'Firebase'
        ➜ Explicit dependency on target 'FirebaseAuthInterop' in project 'Firebase'
        ➜ Explicit dependency on target 'FirebaseAuthInternal' in project 'Firebase'
        ➜ Explicit dependency on target 'Firebase' in project 'Firebase'
        ➜ Explicit dependency on target 'FirebaseCoreInternal' in project 'Firebase'
        ➜ Explicit dependency on target 'FirebaseCore' in project 'Firebase'
        ➜ Explicit dependency on target 'FirebaseCoreExtension' in project 'Firebase'
        ➜ Explicit dependency on target 'RecaptchaInterop' in project 'InteropForGoogle'
        ➜ Explicit dependency on target 'GULNSData' in project 'GoogleUtilities'
        ➜ Explicit dependency on target 'GULEnvironment' in project 'GoogleUtilities'
        ➜ Explicit dependency on target 'GULLogger' in project 'GoogleUtilities'
        ➜ Explicit dependency on target 'GULAppDelegateSwizzler' in project 'GoogleUtilities'
        ➜ Explicit dependency on target 'GTMSessionFetcherCore' in project 'GTMSessionFetcher'
    Target 'GULAppDelegateSwizzler' in project 'GoogleUtilities'
        ➜ Explicit dependency on target 'GoogleUtilities-AppDelegateSwizzler' in project 'GoogleUtilities'
        ➜ Explicit dependency on target 'GoogleUtilities_GoogleUtilities-AppDelegateSwizzler' in project 'GoogleUtilities'
        ➜ Explicit dependency on target 'third-party-IsAppEncrypted' in project 'GoogleUtilities'
        ➜ Explicit dependency on target 'GoogleUtilities-Environment' in project 'GoogleUtilities'
        ➜ Explicit dependency on target 'GoogleUtilities-Logger' in project 'GoogleUtilities'
        ➜ Explicit dependency on target 'GoogleUtilities-NSData' in project 'GoogleUtilities'
        ➜ Explicit dependency on target 'GoogleUtilities-Reachability' in project 'GoogleUtilities'
        ➜ Explicit dependency on target 'GoogleUtilities-Network' in project 'GoogleUtilities'
    Target 'GoogleUtilities-AppDelegateSwizzler' in project 'GoogleUtilities'
        ➜ Explicit dependency on target 'GoogleUtilities_GoogleUtilities-AppDelegateSwizzler' in project 'GoogleUtilities'
        ➜ Explicit dependency on target 'third-party-IsAppEncrypted' in project 'GoogleUtilities'
        ➜ Explicit dependency on target 'GoogleUtilities-Environment' in project 'GoogleUtilities'
        ➜ Explicit dependency on target 'GoogleUtilities-Logger' in project 'GoogleUtilities'
        ➜ Explicit dependency on target 'GoogleUtilities-NSData' in project 'GoogleUtilities'
        ➜ Explicit dependency on target 'GoogleUtilities-Reachability' in project 'GoogleUtilities'
        ➜ Explicit dependency on target 'GoogleUtilities-Network' in project 'GoogleUtilities'
    Target 'GoogleUtilities-Network' in project 'GoogleUtilities'
        ➜ Explicit dependency on target 'GoogleUtilities_GoogleUtilities-Network' in project 'GoogleUtilities'
        ➜ Explicit dependency on target 'third-party-IsAppEncrypted' in project 'GoogleUtilities'
        ➜ Explicit dependency on target 'GoogleUtilities-Environment' in project 'GoogleUtilities'
        ➜ Explicit dependency on target 'GoogleUtilities-Logger' in project 'GoogleUtilities'
        ➜ Explicit dependency on target 'GoogleUtilities-NSData' in project 'GoogleUtilities'
        ➜ Explicit dependency on target 'GoogleUtilities-Reachability' in project 'GoogleUtilities'
    Target 'GoogleUtilities_GoogleUtilities-Network' in project 'GoogleUtilities' (no dependencies)
    Target 'GoogleUtilities-Reachability' in project 'GoogleUtilities'
        ➜ Explicit dependency on target 'GoogleUtilities_GoogleUtilities-Reachability' in project 'GoogleUtilities'
        ➜ Explicit dependency on target 'third-party-IsAppEncrypted' in project 'GoogleUtilities'
        ➜ Explicit dependency on target 'GoogleUtilities-Environment' in project 'GoogleUtilities'
        ➜ Explicit dependency on target 'GoogleUtilities-Logger' in project 'GoogleUtilities'
    Target 'GoogleUtilities_GoogleUtilities-Reachability' in project 'GoogleUtilities' (no dependencies)
    Target 'GoogleUtilities_GoogleUtilities-AppDelegateSwizzler' in project 'GoogleUtilities' (no dependencies)
    Target 'FirebaseAuthInternal' in project 'Firebase'
        ➜ Explicit dependency on target 'RecaptchaInterop' in project 'InteropForGoogle'
    Target 'Firebase_FirebaseAuth' in project 'Firebase' (no dependencies)
    Target 'GoogleSignIn' in project 'GoogleSignIn'
        ➜ Explicit dependency on target 'GoogleSignIn' in project 'GoogleSignIn'
        ➜ Explicit dependency on target 'GoogleSignIn_GoogleSignIn' in project 'GoogleSignIn'
        ➜ Explicit dependency on target 'AppAuth' in project 'AppAuth'
        ➜ Explicit dependency on target 'AppAuthCore' in project 'AppAuth'
        ➜ Explicit dependency on target 'AppCheckCore' in project 'AppCheck'
        ➜ Explicit dependency on target 'GTMAppAuth' in project 'GTMAppAuth'
        ➜ Explicit dependency on target 'GTMSessionFetcherCore' in project 'GTMSessionFetcher'
    Target 'Swinject' in project 'Swinject'
        ➜ Explicit dependency on target 'Swinject' in project 'Swinject'
        ➜ Explicit dependency on target 'Swinject_Swinject' in project 'Swinject'
    Target 'Swinject' in project 'Swinject'
        ➜ Explicit dependency on target 'Swinject_Swinject' in project 'Swinject'
    Target 'Swinject_Swinject' in project 'Swinject' (no dependencies)
    Target 'GoogleSignInSwift' in project 'GoogleSignIn'
        ➜ Explicit dependency on target 'GoogleSignInSwift' in project 'GoogleSignIn'
        ➜ Explicit dependency on target 'GoogleSignIn_GoogleSignInSwift' in project 'GoogleSignIn'
        ➜ Explicit dependency on target 'GoogleSignIn' in project 'GoogleSignIn'
        ➜ Explicit dependency on target 'AppAuth' in project 'AppAuth'
        ➜ Explicit dependency on target 'AppAuthCore' in project 'AppAuth'
        ➜ Explicit dependency on target 'AppCheckCore' in project 'AppCheck'
        ➜ Explicit dependency on target 'GTMAppAuth' in project 'GTMAppAuth'
        ➜ Explicit dependency on target 'GTMSessionFetcherCore' in project 'GTMSessionFetcher'
    Target 'GoogleSignInSwift' in project 'GoogleSignIn'
        ➜ Explicit dependency on target 'GoogleSignIn_GoogleSignInSwift' in project 'GoogleSignIn'
        ➜ Explicit dependency on target 'GoogleSignIn' in project 'GoogleSignIn'
        ➜ Explicit dependency on target 'AppAuth' in project 'AppAuth'
        ➜ Explicit dependency on target 'AppAuthCore' in project 'AppAuth'
        ➜ Explicit dependency on target 'AppCheckCore' in project 'AppCheck'
        ➜ Explicit dependency on target 'GTMAppAuth' in project 'GTMAppAuth'
        ➜ Explicit dependency on target 'GTMSessionFetcherCore' in project 'GTMSessionFetcher'
    Target 'GoogleSignIn' in project 'GoogleSignIn'
        ➜ Explicit dependency on target 'GoogleSignIn_GoogleSignIn' in project 'GoogleSignIn'
        ➜ Explicit dependency on target 'AppAuth' in project 'AppAuth'
        ➜ Explicit dependency on target 'AppAuthCore' in project 'AppAuth'
        ➜ Explicit dependency on target 'AppCheckCore' in project 'AppCheck'
        ➜ Explicit dependency on target 'GTMAppAuth' in project 'GTMAppAuth'
        ➜ Explicit dependency on target 'GTMSessionFetcherCore' in project 'GTMSessionFetcher'
    Target 'GTMAppAuth' in project 'GTMAppAuth'
        ➜ Explicit dependency on target 'GTMAppAuth' in project 'GTMAppAuth'
        ➜ Explicit dependency on target 'GTMAppAuth_GTMAppAuth' in project 'GTMAppAuth'
        ➜ Explicit dependency on target 'GTMSessionFetcherCore' in project 'GTMSessionFetcher'
        ➜ Explicit dependency on target 'AppAuthCore' in project 'AppAuth'
    Target 'GTMAppAuth' in project 'GTMAppAuth'
        ➜ Explicit dependency on target 'GTMAppAuth_GTMAppAuth' in project 'GTMAppAuth'
        ➜ Explicit dependency on target 'GTMSessionFetcherCore' in project 'GTMSessionFetcher'
        ➜ Explicit dependency on target 'AppAuthCore' in project 'AppAuth'
    Target 'GTMSessionFetcherCore' in project 'GTMSessionFetcher'
        ➜ Explicit dependency on target 'GTMSessionFetcherCore' in project 'GTMSessionFetcher'
        ➜ Explicit dependency on target 'GTMSessionFetcher_GTMSessionFetcherCore' in project 'GTMSessionFetcher'
    Target 'GTMSessionFetcherCore' in project 'GTMSessionFetcher'
        ➜ Explicit dependency on target 'GTMSessionFetcher_GTMSessionFetcherCore' in project 'GTMSessionFetcher'
    Target 'GTMSessionFetcher_GTMSessionFetcherCore' in project 'GTMSessionFetcher' (no dependencies)
    Target 'GTMAppAuth_GTMAppAuth' in project 'GTMAppAuth' (no dependencies)
    Target 'AppAuthCore' in project 'AppAuth'
        ➜ Explicit dependency on target 'AppAuthCore' in project 'AppAuth'
        ➜ Explicit dependency on target 'AppAuth_AppAuthCore' in project 'AppAuth'
    Target 'AppAuth' in project 'AppAuth'
        ➜ Explicit dependency on target 'AppAuth' in project 'AppAuth'
        ➜ Explicit dependency on target 'AppAuth_AppAuth' in project 'AppAuth'
        ➜ Explicit dependency on target 'AppAuthCore' in project 'AppAuth'
    Target 'AppAuth' in project 'AppAuth'
        ➜ Explicit dependency on target 'AppAuth_AppAuth' in project 'AppAuth'
        ➜ Explicit dependency on target 'AppAuthCore' in project 'AppAuth'
    Target 'AppAuthCore' in project 'AppAuth'
        ➜ Explicit dependency on target 'AppAuth_AppAuthCore' in project 'AppAuth'
    Target 'AppAuth_AppAuthCore' in project 'AppAuth' (no dependencies)
    Target 'AppAuth_AppAuth' in project 'AppAuth' (no dependencies)
    Target 'GoogleSignIn_GoogleSignIn' in project 'GoogleSignIn' (no dependencies)
    Target 'GoogleSignIn_GoogleSignInSwift' in project 'GoogleSignIn' (no dependencies)
    Target 'FirebaseFirestore' in project 'Firebase'
        ➜ Explicit dependency on target 'FirebaseFirestoreTarget' in project 'Firebase'
        ➜ Explicit dependency on target 'FirebaseFirestoreInternalWrapper' in project 'Firebase'
        ➜ Explicit dependency on target 'FirebaseAppCheckInterop' in project 'Firebase'
        ➜ Explicit dependency on target 'Firebase' in project 'Firebase'
        ➜ Explicit dependency on target 'FirebaseCoreInternal' in project 'Firebase'
        ➜ Explicit dependency on target 'FirebaseCore' in project 'Firebase'
        ➜ Explicit dependency on target 'FirebaseCoreExtension' in project 'Firebase'
        ➜ Explicit dependency on target 'FirebaseSharedSwift' in project 'Firebase'
        ➜ Explicit dependency on target 'FirebaseFirestore' in project 'Firebase'
        ➜ Explicit dependency on target 'GULNSData' in project 'GoogleUtilities'
        ➜ Explicit dependency on target 'GULEnvironment' in project 'GoogleUtilities'
        ➜ Explicit dependency on target 'GULLogger' in project 'GoogleUtilities'
        ➜ Explicit dependency on target 'abseil' in project 'abseil'
        ➜ Explicit dependency on target 'gRPC-C++' in project 'gRPC'
        ➜ Explicit dependency on target 'nanopb' in project 'nanopb'
        ➜ Explicit dependency on target 'leveldb' in project 'leveldb'
    Target 'FirebaseFirestoreTarget' in project 'Firebase'
        ➜ Explicit dependency on target 'FirebaseFirestoreInternalWrapper' in project 'Firebase'
        ➜ Explicit dependency on target 'FirebaseAppCheckInterop' in project 'Firebase'
        ➜ Explicit dependency on target 'Firebase' in project 'Firebase'
        ➜ Explicit dependency on target 'FirebaseCoreInternal' in project 'Firebase'
        ➜ Explicit dependency on target 'FirebaseCore' in project 'Firebase'
        ➜ Explicit dependency on target 'FirebaseCoreExtension' in project 'Firebase'
        ➜ Explicit dependency on target 'FirebaseSharedSwift' in project 'Firebase'
        ➜ Explicit dependency on target 'FirebaseFirestore' in project 'Firebase'
        ➜ Explicit dependency on target 'GULNSData' in project 'GoogleUtilities'
        ➜ Explicit dependency on target 'GULEnvironment' in project 'GoogleUtilities'
        ➜ Explicit dependency on target 'GULLogger' in project 'GoogleUtilities'
        ➜ Explicit dependency on target 'abseil' in project 'abseil'
        ➜ Explicit dependency on target 'gRPC-C++' in project 'gRPC'
        ➜ Explicit dependency on target 'nanopb' in project 'nanopb'
        ➜ Explicit dependency on target 'leveldb' in project 'leveldb'
    Target 'FirebaseFirestore' in project 'Firebase'
        ➜ Explicit dependency on target 'Firebase_FirebaseFirestore' in project 'Firebase'
        ➜ Explicit dependency on target 'FirebaseFirestoreInternalWrapper' in project 'Firebase'
        ➜ Explicit dependency on target 'FirebaseAppCheckInterop' in project 'Firebase'
        ➜ Explicit dependency on target 'Firebase' in project 'Firebase'
        ➜ Explicit dependency on target 'FirebaseCoreInternal' in project 'Firebase'
        ➜ Explicit dependency on target 'FirebaseCore' in project 'Firebase'
        ➜ Explicit dependency on target 'FirebaseCoreExtension' in project 'Firebase'
        ➜ Explicit dependency on target 'FirebaseSharedSwift' in project 'Firebase'
        ➜ Explicit dependency on target 'GULNSData' in project 'GoogleUtilities'
        ➜ Explicit dependency on target 'GULEnvironment' in project 'GoogleUtilities'
        ➜ Explicit dependency on target 'GULLogger' in project 'GoogleUtilities'
        ➜ Explicit dependency on target 'abseil' in project 'abseil'
        ➜ Explicit dependency on target 'gRPC-C++' in project 'gRPC'
        ➜ Explicit dependency on target 'nanopb' in project 'nanopb'
        ➜ Explicit dependency on target 'leveldb' in project 'leveldb'
    Target 'leveldb' in project 'leveldb'
        ➜ Explicit dependency on target 'leveldb' in project 'leveldb'
        ➜ Explicit dependency on target 'leveldb_leveldb' in project 'leveldb'
    Target 'leveldb' in project 'leveldb'
        ➜ Explicit dependency on target 'leveldb_leveldb' in project 'leveldb'
    Target 'leveldb_leveldb' in project 'leveldb' (no dependencies)
    Target 'nanopb' in project 'nanopb'
        ➜ Explicit dependency on target 'nanopb' in project 'nanopb'
        ➜ Explicit dependency on target 'nanopb_nanopb' in project 'nanopb'
    Target 'nanopb' in project 'nanopb'
        ➜ Explicit dependency on target 'nanopb_nanopb' in project 'nanopb'
    Target 'nanopb_nanopb' in project 'nanopb' (no dependencies)
    Target 'gRPC-C++' in project 'gRPC'
        ➜ Explicit dependency on target 'grpcppWrapper' in project 'gRPC'
        ➜ Explicit dependency on target 'gRPC_grpcppWrapper' in project 'gRPC'
        ➜ Explicit dependency on target 'grpcWrapper' in project 'gRPC'
        ➜ Explicit dependency on target 'opensslWrapper' in project 'gRPC'
        ➜ Explicit dependency on target 'abseil' in project 'abseil'
    Target 'grpcppWrapper' in project 'gRPC'
        ➜ Explicit dependency on target 'gRPC_grpcppWrapper' in project 'gRPC'
        ➜ Explicit dependency on target 'grpcWrapper' in project 'gRPC'
        ➜ Explicit dependency on target 'opensslWrapper' in project 'gRPC'
        ➜ Explicit dependency on target 'abseil' in project 'abseil'
    Target 'opensslWrapper' in project 'gRPC'
        ➜ Explicit dependency on target 'gRPC_opensslWrapper' in project 'gRPC'
    Target 'gRPC_opensslWrapper' in project 'gRPC' (no dependencies)
    Target 'grpcWrapper' in project 'gRPC'
        ➜ Explicit dependency on target 'gRPC_grpcWrapper' in project 'gRPC'
    Target 'gRPC_grpcWrapper' in project 'gRPC' (no dependencies)
    Target 'gRPC_grpcppWrapper' in project 'gRPC' (no dependencies)
    Target 'abseil' in project 'abseil'
        ➜ Explicit dependency on target 'abslWrapper' in project 'abseil'
        ➜ Explicit dependency on target 'abseil_abslWrapper' in project 'abseil'
    Target 'abslWrapper' in project 'abseil'
        ➜ Explicit dependency on target 'abseil_abslWrapper' in project 'abseil'
    Target 'abseil_abslWrapper' in project 'abseil' (no dependencies)
    Target 'Firebase_FirebaseFirestore' in project 'Firebase' (no dependencies)
    Target 'FirebaseSharedSwift' in project 'Firebase' (no dependencies)
    Target 'FirebaseFirestoreInternalWrapper' in project 'Firebase' (no dependencies)
    Target 'FirebaseAILogic' in project 'Firebase'
        ➜ Explicit dependency on target 'FirebaseAILogic' in project 'Firebase'
        ➜ Explicit dependency on target 'FirebaseAppCheckInterop' in project 'Firebase'
        ➜ Explicit dependency on target 'Firebase' in project 'Firebase'
        ➜ Explicit dependency on target 'FirebaseCoreInternal' in project 'Firebase'
        ➜ Explicit dependency on target 'FirebaseCore' in project 'Firebase'
        ➜ Explicit dependency on target 'FirebaseAppCheck' in project 'Firebase'
        ➜ Explicit dependency on target 'FirebaseAuthInterop' in project 'Firebase'
        ➜ Explicit dependency on target 'FirebaseCoreExtension' in project 'Firebase'
        ➜ Explicit dependency on target 'GULNSData' in project 'GoogleUtilities'
        ➜ Explicit dependency on target 'GULEnvironment' in project 'GoogleUtilities'
        ➜ Explicit dependency on target 'GULLogger' in project 'GoogleUtilities'
        ➜ Explicit dependency on target 'AppCheckCore' in project 'AppCheck'
        ➜ Explicit dependency on target 'AppCheckRecaptchaProvider' in project 'AppCheck'
        ➜ Explicit dependency on target 'GULUserDefaults' in project 'GoogleUtilities'
    Target 'FirebaseAILogic' in project 'Firebase'
        ➜ Explicit dependency on target 'FirebaseAppCheckInterop' in project 'Firebase'
        ➜ Explicit dependency on target 'Firebase' in project 'Firebase'
        ➜ Explicit dependency on target 'FirebaseCoreInternal' in project 'Firebase'
        ➜ Explicit dependency on target 'FirebaseCore' in project 'Firebase'
        ➜ Explicit dependency on target 'FirebaseAppCheck' in project 'Firebase'
        ➜ Explicit dependency on target 'FirebaseAuthInterop' in project 'Firebase'
        ➜ Explicit dependency on target 'FirebaseCoreExtension' in project 'Firebase'
        ➜ Explicit dependency on target 'GULNSData' in project 'GoogleUtilities'
        ➜ Explicit dependency on target 'GULEnvironment' in project 'GoogleUtilities'
        ➜ Explicit dependency on target 'GULLogger' in project 'GoogleUtilities'
        ➜ Explicit dependency on target 'AppCheckCore' in project 'AppCheck'
        ➜ Explicit dependency on target 'AppCheckRecaptchaProvider' in project 'AppCheck'
        ➜ Explicit dependency on target 'GULUserDefaults' in project 'GoogleUtilities'
    Target 'FirebaseCoreExtension' in project 'Firebase'
        ➜ Explicit dependency on target 'Firebase_FirebaseCoreExtension' in project 'Firebase'
    Target 'Firebase_FirebaseCoreExtension' in project 'Firebase' (no dependencies)
    Target 'FirebaseAuthInterop' in project 'Firebase' (no dependencies)
    Target 'FirebaseAppCheck' in project 'Firebase'
        ➜ Explicit dependency on target 'FirebaseAppCheckInterop' in project 'Firebase'
        ➜ Explicit dependency on target 'Firebase' in project 'Firebase'
        ➜ Explicit dependency on target 'FirebaseCoreInternal' in project 'Firebase'
        ➜ Explicit dependency on target 'FirebaseCore' in project 'Firebase'
        ➜ Explicit dependency on target 'GULNSData' in project 'GoogleUtilities'
        ➜ Explicit dependency on target 'GULEnvironment' in project 'GoogleUtilities'
        ➜ Explicit dependency on target 'GULLogger' in project 'GoogleUtilities'
        ➜ Explicit dependency on target 'AppCheckCore' in project 'AppCheck'
        ➜ Explicit dependency on target 'AppCheckRecaptchaProvider' in project 'AppCheck'
        ➜ Explicit dependency on target 'GULUserDefaults' in project 'GoogleUtilities'
    Target 'AppCheckRecaptchaProvider' in project 'AppCheck'
        ➜ Explicit dependency on target 'AppCheckRecaptchaProvider' in project 'AppCheck'
        ➜ Explicit dependency on target 'AppCheckCore' in project 'AppCheck'
        ➜ Explicit dependency on target 'FBLPromises' in project 'Promises'
        ➜ Explicit dependency on target 'GULEnvironment' in project 'GoogleUtilities'
        ➜ Explicit dependency on target 'GULUserDefaults' in project 'GoogleUtilities'
        ➜ Explicit dependency on target 'RecaptchaInterop' in project 'InteropForGoogle'
        ➜ Explicit dependency on target 'Promises' in project 'Promises'
    Target 'AppCheckRecaptchaProvider' in project 'AppCheck'
        ➜ Explicit dependency on target 'AppCheckCore' in project 'AppCheck'
        ➜ Explicit dependency on target 'FBLPromises' in project 'Promises'
        ➜ Explicit dependency on target 'GULEnvironment' in project 'GoogleUtilities'
        ➜ Explicit dependency on target 'GULUserDefaults' in project 'GoogleUtilities'
        ➜ Explicit dependency on target 'RecaptchaInterop' in project 'InteropForGoogle'
        ➜ Explicit dependency on target 'Promises' in project 'Promises'
    Target 'Promises' in project 'Promises'
        ➜ Explicit dependency on target 'Promises' in project 'Promises'
        ➜ Explicit dependency on target 'Promises_Promises' in project 'Promises'
        ➜ Explicit dependency on target 'FBLPromises' in project 'Promises'
    Target 'Promises' in project 'Promises'
        ➜ Explicit dependency on target 'Promises_Promises' in project 'Promises'
        ➜ Explicit dependency on target 'FBLPromises' in project 'Promises'
    Target 'Promises_Promises' in project 'Promises' (no dependencies)
    Target 'RecaptchaInterop' in project 'InteropForGoogle'
        ➜ Explicit dependency on target 'RecaptchaInterop' in project 'InteropForGoogle'
    Target 'RecaptchaInterop' in project 'InteropForGoogle' (no dependencies)
    Target 'AppCheckCore' in project 'AppCheck'
        ➜ Explicit dependency on target 'AppCheckCore' in project 'AppCheck'
        ➜ Explicit dependency on target 'FBLPromises' in project 'Promises'
        ➜ Explicit dependency on target 'GULEnvironment' in project 'GoogleUtilities'
        ➜ Explicit dependency on target 'GULUserDefaults' in project 'GoogleUtilities'
    Target 'AppCheckCore' in project 'AppCheck'
        ➜ Explicit dependency on target 'FBLPromises' in project 'Promises'
        ➜ Explicit dependency on target 'GULEnvironment' in project 'GoogleUtilities'
        ➜ Explicit dependency on target 'GULUserDefaults' in project 'GoogleUtilities'
    Target 'GULUserDefaults' in project 'GoogleUtilities'
        ➜ Explicit dependency on target 'GoogleUtilities-UserDefaults' in project 'GoogleUtilities'
        ➜ Explicit dependency on target 'GoogleUtilities_GoogleUtilities-UserDefaults' in project 'GoogleUtilities'
        ➜ Explicit dependency on target 'third-party-IsAppEncrypted' in project 'GoogleUtilities'
        ➜ Explicit dependency on target 'GoogleUtilities-Environment' in project 'GoogleUtilities'
        ➜ Explicit dependency on target 'GoogleUtilities-Logger' in project 'GoogleUtilities'
    Target 'GoogleUtilities-UserDefaults' in project 'GoogleUtilities'
        ➜ Explicit dependency on target 'GoogleUtilities_GoogleUtilities-UserDefaults' in project 'GoogleUtilities'
        ➜ Explicit dependency on target 'third-party-IsAppEncrypted' in project 'GoogleUtilities'
        ➜ Explicit dependency on target 'GoogleUtilities-Environment' in project 'GoogleUtilities'
        ➜ Explicit dependency on target 'GoogleUtilities-Logger' in project 'GoogleUtilities'
    Target 'GoogleUtilities_GoogleUtilities-UserDefaults' in project 'GoogleUtilities' (no dependencies)
    Target 'FBLPromises' in project 'Promises'
        ➜ Explicit dependency on target 'FBLPromises' in project 'Promises'
        ➜ Explicit dependency on target 'Promises_FBLPromises' in project 'Promises'
    Target 'FBLPromises' in project 'Promises'
        ➜ Explicit dependency on target 'Promises_FBLPromises' in project 'Promises'
    Target 'Promises_FBLPromises' in project 'Promises' (no dependencies)
    Target 'FirebaseCore' in project 'Firebase'
        ➜ Explicit dependency on target 'Firebase_FirebaseCore' in project 'Firebase'
        ➜ Explicit dependency on target 'Firebase' in project 'Firebase'
        ➜ Explicit dependency on target 'FirebaseCoreInternal' in project 'Firebase'
        ➜ Explicit dependency on target 'GULNSData' in project 'GoogleUtilities'
        ➜ Explicit dependency on target 'GULEnvironment' in project 'GoogleUtilities'
        ➜ Explicit dependency on target 'GULLogger' in project 'GoogleUtilities'
    Target 'GULLogger' in project 'GoogleUtilities'
        ➜ Explicit dependency on target 'GoogleUtilities-Logger' in project 'GoogleUtilities'
        ➜ Explicit dependency on target 'GoogleUtilities_GoogleUtilities-Logger' in project 'GoogleUtilities'
        ➜ Explicit dependency on target 'third-party-IsAppEncrypted' in project 'GoogleUtilities'
        ➜ Explicit dependency on target 'GoogleUtilities-Environment' in project 'GoogleUtilities'
    Target 'GoogleUtilities-Logger' in project 'GoogleUtilities'
        ➜ Explicit dependency on target 'GoogleUtilities_GoogleUtilities-Logger' in project 'GoogleUtilities'
        ➜ Explicit dependency on target 'third-party-IsAppEncrypted' in project 'GoogleUtilities'
        ➜ Explicit dependency on target 'GoogleUtilities-Environment' in project 'GoogleUtilities'
    Target 'GoogleUtilities_GoogleUtilities-Logger' in project 'GoogleUtilities' (no dependencies)
    Target 'GULEnvironment' in project 'GoogleUtilities'
        ➜ Explicit dependency on target 'GoogleUtilities-Environment' in project 'GoogleUtilities'
        ➜ Explicit dependency on target 'GoogleUtilities_GoogleUtilities-Environment' in project 'GoogleUtilities'
        ➜ Explicit dependency on target 'third-party-IsAppEncrypted' in project 'GoogleUtilities'
    Target 'GoogleUtilities-Environment' in project 'GoogleUtilities'
        ➜ Explicit dependency on target 'GoogleUtilities_GoogleUtilities-Environment' in project 'GoogleUtilities'
        ➜ Explicit dependency on target 'third-party-IsAppEncrypted' in project 'GoogleUtilities'
    Target 'third-party-IsAppEncrypted' in project 'GoogleUtilities' (no dependencies)
    Target 'GoogleUtilities_GoogleUtilities-Environment' in project 'GoogleUtilities' (no dependencies)
    Target 'Firebase_FirebaseCore' in project 'Firebase' (no dependencies)
    Target 'FirebaseCoreInternal' in project 'Firebase'
        ➜ Explicit dependency on target 'Firebase_FirebaseCoreInternal' in project 'Firebase'
        ➜ Explicit dependency on target 'GULNSData' in project 'GoogleUtilities'
    Target 'GULNSData' in project 'GoogleUtilities'
        ➜ Explicit dependency on target 'GoogleUtilities-NSData' in project 'GoogleUtilities'
        ➜ Explicit dependency on target 'GoogleUtilities_GoogleUtilities-NSData' in project 'GoogleUtilities'
    Target 'GoogleUtilities-NSData' in project 'GoogleUtilities'
        ➜ Explicit dependency on target 'GoogleUtilities_GoogleUtilities-NSData' in project 'GoogleUtilities'
    Target 'GoogleUtilities_GoogleUtilities-NSData' in project 'GoogleUtilities' (no dependencies)
    Target 'Firebase_FirebaseCoreInternal' in project 'Firebase' (no dependencies)
    Target 'Firebase' in project 'Firebase' (no dependencies)
    Target 'FirebaseAppCheckInterop' in project 'Firebase' (no dependencies)

GatherProvisioningInputs

CreateBuildDescription

ExecuteExternalTool /Applications/Xcode.app/Contents/Developer/Toolchains/XcodeDefault.xctoolchain/usr/bin/clang -v -E -dM -arch arm64 -isysroot /Applications/Xcode.app/Contents/Developer/Platforms/iPhoneSimulator.platform/Developer/SDKs/iPhoneSimulator26.0.sdk -x objective-c -c /dev/null

ExecuteExternalTool /Applications/Xcode.app/Contents/Developer/Toolchains/XcodeDefault.xctoolchain/usr/bin/swiftc --version

ExecuteExternalTool /Applications/Xcode.app/Contents/Developer/Toolchains/XcodeDefault.xctoolchain/usr/bin/clang -v -E -dM -isysroot /Applications/Xcode.app/Contents/Developer/Platforms/iPhoneSimulator.platform/Developer/SDKs/iPhoneSimulator26.0.sdk -x c -c /dev/null

ExecuteExternalTool /Applications/Xcode.app/Contents/Developer/usr/bin/ibtool --version --output-format xml1

ExecuteExternalTool /Applications/Xcode.app/Contents/Developer/Toolchains/XcodeDefault.xctoolchain/usr/bin/clang -v -E -dM -arch arm64 -isysroot /Applications/Xcode.app/Contents/Developer/Platforms/iPhoneSimulator.platform/Developer/SDKs/iPhoneSimulator26.0.sdk -x c -c /dev/null

ExecuteExternalTool /Applications/Xcode.app/Contents/Developer/Toolchains/XcodeDefault.xctoolchain/usr/bin/ld -version_details

ExecuteExternalTool /Applications/Xcode.app/Contents/Developer/usr/bin/actool --print-asset-tag-combinations --output-format xml1 /Users/siam/Desktop/Lingua Quest/Lingua Quest/App/Resources/Assets.xcassets /Users/siam/Desktop/Lingua Quest/Lingua Quest/App/Resources/Colors.xcassets

ExecuteExternalTool /Applications/Xcode.app/Contents/Developer/Toolchains/XcodeDefault.xctoolchain/usr/bin/clang -v -E -dM -arch arm64 -isysroot /Applications/Xcode.app/Contents/Developer/Platforms/iPhoneSimulator.platform/Developer/SDKs/iPhoneSimulator26.0.sdk -x c++ -c /dev/null

ExecuteExternalTool /Applications/Xcode.app/Contents/Developer/usr/bin/actool --version --output-format xml1

ExecuteExternalTool /Applications/Xcode.app/Contents/Developer/Toolchains/XcodeDefault.xctoolchain/usr/bin/clang -v -E -dM -arch x86_64 -isysroot /Applications/Xcode.app/Contents/Developer/Platforms/iPhoneSimulator.platform/Developer/SDKs/iPhoneSimulator26.0.sdk -x objective-c -c /dev/null

ExecuteExternalTool /Applications/Xcode.app/Contents/Developer/Toolchains/XcodeDefault.xctoolchain/usr/bin/clang -v -E -dM -arch x86_64 -isysroot /Applications/Xcode.app/Contents/Developer/Platforms/iPhoneSimulator.platform/Developer/SDKs/iPhoneSimulator26.0.sdk -x c -c /dev/null

ExecuteExternalTool /Applications/Xcode.app/Contents/Developer/Toolchains/XcodeDefault.xctoolchain/usr/bin/clang -v -E -dM -arch x86_64 -isysroot /Applications/Xcode.app/Contents/Developer/Platforms/iPhoneSimulator.platform/Developer/SDKs/iPhoneSimulator26.0.sdk -x c++ -c /dev/null

Build description signature: 3299566d6e84177acbee2fb8ce437cfb
Build description path: /Users/siam/Library/Developer/Xcode/DerivedData/Lingua_Quest-gvpckrqxtbgyprbgppjfqmimmmfw/Build/Intermediates.noindex/XCBuildData/3299566d6e84177acbee2fb8ce437cfb.xcbuilddata
ClangStatCache /Applications/Xcode.app/Contents/Developer/Toolchains/XcodeDefault.xctoolchain/usr/bin/clang-stat-cache /Applications/Xcode.app/Contents/Developer/Platforms/iPhoneSimulator.platform/Developer/SDKs/iPhoneSimulator26.0.sdk /Users/siam/Library/Developer/Xcode/DerivedData/SDKStatCaches.noindex/iphonesimulator26.0-23A339-26257891a6c027eb51374368541b8346.sdkstatcache
    cd /Users/siam/Desktop/Lingua\ Quest/Lingua\ Quest.xcodeproj
    /Applications/Xcode.app/Contents/Developer/Toolchains/XcodeDefault.xctoolchain/usr/bin/clang-stat-cache /Applications/Xcode.app/Contents/Developer/Platforms/iPhoneSimulator.platform/Developer/SDKs/iPhoneSimulator26.0.sdk -o /Users/siam/Library/Developer/Xcode/DerivedData/SDKStatCaches.noindex/iphonesimulator26.0-23A339-26257891a6c027eb51374368541b8346.sdkstatcache

Copy /Users/siam/Library/Developer/Xcode/DerivedData/Lingua_Quest-gvpckrqxtbgyprbgppjfqmimmmfw/Build/Intermediates.noindex/GeneratedModuleMaps-iphonesimulator/grpcWrapper.modulemap /Users/siam/Library/Developer/Xcode/DerivedData/Lingua_Quest-gvpckrqxtbgyprbgppjfqmimmmfw/Build/Intermediates.noindex/gRPC.build/Debug-iphonesimulator/grpcWrapper.build/grpcWrapper.modulemap (in target 'grpcWrapper' from project 'gRPC')
    cd /Users/siam/Library/Developer/Xcode/DerivedData/Lingua_Quest-gvpckrqxtbgyprbgppjfqmimmmfw/SourcePackages/checkouts/grpc-binary
    builtin-copy -exclude .DS_Store -exclude CVS -exclude .svn -exclude .git -exclude .hg -resolve-src-symlinks /Users/siam/Library/Developer/Xcode/DerivedData/Lingua_Quest-gvpckrqxtbgyprbgppjfqmimmmfw/Build/Intermediates.noindex/gRPC.build/Debug-iphonesimulator/grpcWrapper.build/grpcWrapper.modulemap /Users/siam/Library/Developer/Xcode/DerivedData/Lingua_Quest-gvpckrqxtbgyprbgppjfqmimmmfw/Build/Intermediates.noindex/GeneratedModuleMaps-iphonesimulator

WriteAuxiliaryFile /Users/siam/Library/Developer/Xcode/DerivedData/Lingua_Quest-gvpckrqxtbgyprbgppjfqmimmmfw/Build/Intermediates.noindex/gRPC.build/Debug-iphonesimulator/grpcWrapper.build/Objects-normal/arm64/e6072d4f65d7061329687fe24e3d63a7-common-args.resp (in target 'grpcWrapper' from project 'gRPC')
    cd /Users/siam/Library/Developer/Xcode/DerivedData/Lingua_Quest-gvpckrqxtbgyprbgppjfqmimmmfw/SourcePackages/checkouts/grpc-binary
    write-file /Users/siam/Library/Developer/Xcode/DerivedData/Lingua_Quest-gvpckrqxtbgyprbgppjfqmimmmfw/Build/Intermediates.noindex/gRPC.build/Debug-iphonesimulator/grpcWrapper.build/Objects-normal/arm64/e6072d4f65d7061329687fe24e3d63a7-common-args.resp
-target arm64-apple-ios12.0-simulator -fobjc-arc -fmodules -gmodules '-fmodules-cache-path=/Users/siam/Library/Developer/Xcode/DerivedData/ModuleCache.noindex' '-fmodule-name=grpcWrapper' -fpascal-strings -O0 -DSWIFT_PACKAGE '-DDEBUG=1' '-DOBJC_OLD_DISPATCH_PROTOTYPES=1' -isysroot /Applications/Xcode.app/Contents/Developer/Platforms/iPhoneSimulator.platform/Developer/SDKs/iPhoneSimulator26.0.sdk -g '-fobjc-abi-version=2' -fobjc-legacy-dispatch -fprofile-instr-generate -fcoverage-mapping -I/Users/siam/Library/Developer/Xcode/DerivedData/Lingua_Quest-gvpckrqxtbgyprbgppjfqmimmmfw/Build/Products/Debug-iphonesimulator/include -I/Users/siam/Library/Developer/Xcode/DerivedData/Lingua_Quest-gvpckrqxtbgyprbgppjfqmimmmfw/SourcePackages/checkouts/grpc-binary/grpc-Wrapper/include -I/Users/siam/Library/Developer/Xcode/DerivedData/Lingua_Quest-gvpckrqxtbgyprbgppjfqmimmmfw/Build/Intermediates.noindex/gRPC.build/Debug-iphonesimulator/grpcWrapper.build/DerivedSources-normal/arm64 -I/Users/siam/Library/Developer/Xcode/DerivedData/Lingua_Quest-gvpckrqxtbgyprbgppjfqmimmmfw/Build/Intermediates.noindex/gRPC.build/Debug-iphonesimulator/grpcWrapper.build/DerivedSources/arm64 -I/Users/siam/Library/Developer/Xcode/DerivedData/Lingua_Quest-gvpckrqxtbgyprbgppjfqmimmmfw/Build/Intermediates.noindex/gRPC.build/Debug-iphonesimulator/grpcWrapper.build/DerivedSources -F/Users/siam/Library/Developer/Xcode/DerivedData/Lingua_Quest-gvpckrqxtbgyprbgppjfqmimmmfw/Build/Products/Debug-iphonesimulator -iframework /Applications/Xcode.app/Contents/Developer/Platforms/iPhoneSimulator.platform/Developer/Library/Frameworks -iframework /Applications/Xcode.app/Contents/Developer/Platforms/iPhoneSimulator.platform/Developer/SDKs/iPhoneSimulator26.0.sdk/Developer/Library/Frameworks -DXcode

WriteAuxiliaryFile /Users/siam/Library/Developer/Xcode/DerivedData/Lingua_Quest-gvpckrqxtbgyprbgppjfqmimmmfw/Build/Intermediates.noindex/gRPC.build/Debug-iphonesimulator/opensslWrapper.build/Objects-normal/arm64/opensslWrapper.LinkFileList (in target 'opensslWrapper' from project 'gRPC')
    cd /Users/siam/Library/Developer/Xcode/DerivedData/Lingua_Quest-gvpckrqxtbgyprbgppjfqmimmmfw/SourcePackages/checkouts/grpc-binary
    write-file /Users/siam/Library/Developer/Xcode/DerivedData/Lingua_Quest-gvpckrqxtbgyprbgppjfqmimmmfw/Build/Intermediates.noindex/gRPC.build/Debug-iphonesimulator/opensslWrapper.build/Objects-normal/arm64/opensslWrapper.LinkFileList

Copy /Users/siam/Library/Developer/Xcode/DerivedData/Lingua_Quest-gvpckrqxtbgyprbgppjfqmimmmfw/Build/Intermediates.noindex/GeneratedModuleMaps-iphonesimulator/opensslWrapper.modulemap /Users/siam/Library/Developer/Xcode/DerivedData/Lingua_Quest-gvpckrqxtbgyprbgppjfqmimmmfw/Build/Intermediates.noindex/gRPC.build/Debug-iphonesimulator/opensslWrapper.build/opensslWrapper.modulemap (in target 'opensslWrapper' from project 'gRPC')
    cd /Users/siam/Library/Developer/Xcode/DerivedData/Lingua_Quest-gvpckrqxtbgyprbgppjfqmimmmfw/SourcePackages/checkouts/grpc-binary
    builtin-copy -exclude .DS_Store -exclude CVS -exclude .svn -exclude .git -exclude .hg -resolve-src-symlinks /Users/siam/Library/Developer/Xcode/DerivedData/Lingua_Quest-gvpckrqxtbgyprbgppjfqmimmmfw/Build/Intermediates.noindex/gRPC.build/Debug-iphonesimulator/opensslWrapper.build/opensslWrapper.modulemap /Users/siam/Library/Developer/Xcode/DerivedData/Lingua_Quest-gvpckrqxtbgyprbgppjfqmimmmfw/Build/Intermediates.noindex/GeneratedModuleMaps-iphonesimulator

WriteAuxiliaryFile /Users/siam/Library/Developer/Xcode/DerivedData/Lingua_Quest-gvpckrqxtbgyprbgppjfqmimmmfw/Build/Intermediates.noindex/InteropForGoogle.build/Debug-iphonesimulator/RecaptchaInterop.build/Objects-normal/arm64/e6072d4f65d7061329687fe24e3d63a7-common-args.resp (in target 'RecaptchaInterop' from project 'InteropForGoogle')
    cd /Users/siam/Library/Developer/Xcode/DerivedData/Lingua_Quest-gvpckrqxtbgyprbgppjfqmimmmfw/SourcePackages/checkouts/interop-ios-for-google-sdks
    write-file /Users/siam/Library/Developer/Xcode/DerivedData/Lingua_Quest-gvpckrqxtbgyprbgppjfqmimmmfw/Build/Intermediates.noindex/InteropForGoogle.build/Debug-iphonesimulator/RecaptchaInterop.build/Objects-normal/arm64/e6072d4f65d7061329687fe24e3d63a7-common-args.resp
-target arm64-apple-ios12.0-simulator -fobjc-arc -fmodules -gmodules '-fmodules-cache-path=/Users/siam/Library/Developer/Xcode/DerivedData/ModuleCache.noindex' '-fmodule-name=RecaptchaInterop' -fpascal-strings -O0 -DSWIFT_PACKAGE '-DDEBUG=1' '-DOBJC_OLD_DISPATCH_PROTOTYPES=1' -isysroot /Applications/Xcode.app/Contents/Developer/Platforms/iPhoneSimulator.platform/Developer/SDKs/iPhoneSimulator26.0.sdk -g '-fobjc-abi-version=2' -fobjc-legacy-dispatch -fprofile-instr-generate -fcoverage-mapping -I/Users/siam/Library/Developer/Xcode/DerivedData/Lingua_Quest-gvpckrqxtbgyprbgppjfqmimmmfw/Build/Products/Debug-iphonesimulator/include -I/Users/siam/Library/Developer/Xcode/DerivedData/Lingua_Quest-gvpckrqxtbgyprbgppjfqmimmmfw/SourcePackages/checkouts/interop-ios-for-google-sdks/RecaptchaEnterprise/RecaptchaInterop/Public -I/Users/siam/Library/Developer/Xcode/DerivedData/Lingua_Quest-gvpckrqxtbgyprbgppjfqmimmmfw/Build/Intermediates.noindex/InteropForGoogle.build/Debug-iphonesimulator/RecaptchaInterop.build/DerivedSources-normal/arm64 -I/Users/siam/Library/Developer/Xcode/DerivedData/Lingua_Quest-gvpckrqxtbgyprbgppjfqmimmmfw/Build/Intermediates.noindex/InteropForGoogle.build/Debug-iphonesimulator/RecaptchaInterop.build/DerivedSources/arm64 -I/Users/siam/Library/Developer/Xcode/DerivedData/Lingua_Quest-gvpckrqxtbgyprbgppjfqmimmmfw/Build/Intermediates.noindex/InteropForGoogle.build/Debug-iphonesimulator/RecaptchaInterop.build/DerivedSources -F/Users/siam/Library/Developer/Xcode/DerivedData/Lingua_Quest-gvpckrqxtbgyprbgppjfqmimmmfw/Build/Products/Debug-iphonesimulator -iframework /Applications/Xcode.app/Contents/Developer/Platforms/iPhoneSimulator.platform/Developer/Library/Frameworks -iframework /Applications/Xcode.app/Contents/Developer/Platforms/iPhoneSimulator.platform/Developer/SDKs/iPhoneSimulator26.0.sdk/Developer/Library/Frameworks -DXcode

WriteAuxiliaryFile /Users/siam/Library/Developer/Xcode/DerivedData/Lingua_Quest-gvpckrqxtbgyprbgppjfqmimmmfw/Build/Intermediates.noindex/gRPC.build/Debug-iphonesimulator/grpcWrapper.build/Objects-normal/arm64/grpcWrapper.LinkFileList (in target 'grpcWrapper' from project 'gRPC')
    cd /Users/siam/Library/Developer/Xcode/DerivedData/Lingua_Quest-gvpckrqxtbgyprbgppjfqmimmmfw/SourcePackages/checkouts/grpc-binary
    write-file /Users/siam/Library/Developer/Xcode/DerivedData/Lingua_Quest-gvpckrqxtbgyprbgppjfqmimmmfw/Build/Intermediates.noindex/gRPC.build/Debug-iphonesimulator/grpcWrapper.build/Objects-normal/arm64/grpcWrapper.LinkFileList

WriteAuxiliaryFile /Users/siam/Library/Developer/Xcode/DerivedData/Lingua_Quest-gvpckrqxtbgyprbgppjfqmimmmfw/Build/Intermediates.noindex/InteropForGoogle.build/Debug-iphonesimulator/RecaptchaInterop.build/Objects-normal/arm64/RecaptchaInterop.LinkFileList (in target 'RecaptchaInterop' from project 'InteropForGoogle')
    cd /Users/siam/Library/Developer/Xcode/DerivedData/Lingua_Quest-gvpckrqxtbgyprbgppjfqmimmmfw/SourcePackages/checkouts/interop-ios-for-google-sdks
    write-file /Users/siam/Library/Developer/Xcode/DerivedData/Lingua_Quest-gvpckrqxtbgyprbgppjfqmimmmfw/Build/Intermediates.noindex/InteropForGoogle.build/Debug-iphonesimulator/RecaptchaInterop.build/Objects-normal/arm64/RecaptchaInterop.LinkFileList

WriteAuxiliaryFile /Users/siam/Library/Developer/Xcode/DerivedData/Lingua_Quest-gvpckrqxtbgyprbgppjfqmimmmfw/Build/Intermediates.noindex/gRPC.build/Debug-iphonesimulator/opensslWrapper.build/Objects-normal/arm64/e6072d4f65d7061329687fe24e3d63a7-common-args.resp (in target 'opensslWrapper' from project 'gRPC')
    cd /Users/siam/Library/Developer/Xcode/DerivedData/Lingua_Quest-gvpckrqxtbgyprbgppjfqmimmmfw/SourcePackages/checkouts/grpc-binary
    write-file /Users/siam/Library/Developer/Xcode/DerivedData/Lingua_Quest-gvpckrqxtbgyprbgppjfqmimmmfw/Build/Intermediates.noindex/gRPC.build/Debug-iphonesimulator/opensslWrapper.build/Objects-normal/arm64/e6072d4f65d7061329687fe24e3d63a7-common-args.resp
-target arm64-apple-ios12.0-simulator -fobjc-arc -fmodules -gmodules '-fmodules-cache-path=/Users/siam/Library/Developer/Xcode/DerivedData/ModuleCache.noindex' '-fmodule-name=opensslWrapper' -fpascal-strings -O0 -DSWIFT_PACKAGE '-DDEBUG=1' '-DOBJC_OLD_DISPATCH_PROTOTYPES=1' -isysroot /Applications/Xcode.app/Contents/Developer/Platforms/iPhoneSimulator.platform/Developer/SDKs/iPhoneSimulator26.0.sdk -g '-fobjc-abi-version=2' -fobjc-legacy-dispatch -fprofile-instr-generate -fcoverage-mapping -I/Users/siam/Library/Developer/Xcode/DerivedData/Lingua_Quest-gvpckrqxtbgyprbgppjfqmimmmfw/Build/Products/Debug-iphonesimulator/include -I/Users/siam/Library/Developer/Xcode/DerivedData/Lingua_Quest-gvpckrqxtbgyprbgppjfqmimmmfw/SourcePackages/checkouts/grpc-binary/openssl-grpc-Wrapper/include -I/Users/siam/Library/Developer/Xcode/DerivedData/Lingua_Quest-gvpckrqxtbgyprbgppjfqmimmmfw/Build/Intermediates.noindex/gRPC.build/Debug-iphonesimulator/opensslWrapper.build/DerivedSources-normal/arm64 -I/Users/siam/Library/Developer/Xcode/DerivedData/Lingua_Quest-gvpckrqxtbgyprbgppjfqmimmmfw/Build/Intermediates.noindex/gRPC.build/Debug-iphonesimulator/opensslWrapper.build/DerivedSources/arm64 -I/Users/siam/Library/Developer/Xcode/DerivedData/Lingua_Quest-gvpckrqxtbgyprbgppjfqmimmmfw/Build/Intermediates.noindex/gRPC.build/Debug-iphonesimulator/opensslWrapper.build/DerivedSources -F/Users/siam/Library/Developer/Xcode/DerivedData/Lingua_Quest-gvpckrqxtbgyprbgppjfqmimmmfw/Build/Products/Debug-iphonesimulator -iframework /Applications/Xcode.app/Contents/Developer/Platforms/iPhoneSimulator.platform/Developer/Library/Frameworks -iframework /Applications/Xcode.app/Contents/Developer/Platforms/iPhoneSimulator.platform/Developer/SDKs/iPhoneSimulator26.0.sdk/Developer/Library/Frameworks -DXcode

Copy /Users/siam/Library/Developer/Xcode/DerivedData/Lingua_Quest-gvpckrqxtbgyprbgppjfqmimmmfw/Build/Intermediates.noindex/GeneratedModuleMaps-iphonesimulator/RecaptchaInterop.modulemap /Users/siam/Library/Developer/Xcode/DerivedData/Lingua_Quest-gvpckrqxtbgyprbgppjfqmimmmfw/Build/Intermediates.noindex/InteropForGoogle.build/Debug-iphonesimulator/RecaptchaInterop.build/RecaptchaInterop.modulemap (in target 'RecaptchaInterop' from project 'InteropForGoogle')
    cd /Users/siam/Library/Developer/Xcode/DerivedData/Lingua_Quest-gvpckrqxtbgyprbgppjfqmimmmfw/SourcePackages/checkouts/interop-ios-for-google-sdks
    builtin-copy -exclude .DS_Store -exclude CVS -exclude .svn -exclude .git -exclude .hg -resolve-src-symlinks /Users/siam/Library/Developer/Xcode/DerivedData/Lingua_Quest-gvpckrqxtbgyprbgppjfqmimmmfw/Build/Intermediates.noindex/InteropForGoogle.build/Debug-iphonesimulator/RecaptchaInterop.build/RecaptchaInterop.modulemap /Users/siam/Library/Developer/Xcode/DerivedData/Lingua_Quest-gvpckrqxtbgyprbgppjfqmimmmfw/Build/Intermediates.noindex/GeneratedModuleMaps-iphonesimulator

WriteAuxiliaryFile /Users/siam/Library/Developer/Xcode/DerivedData/Lingua_Quest-gvpckrqxtbgyprbgppjfqmimmmfw/Build/Intermediates.noindex/Swinject.build/Debug-iphonesimulator/Swinject.build/Objects-normal/x86_64/Swinject.SwiftConstValuesFileList (in target 'Swinject' from project 'Swinject')
    cd /Users/siam/Library/Developer/Xcode/DerivedData/Lingua_Quest-gvpckrqxtbgyprbgppjfqmimmmfw/SourcePackages/checkouts/Swinject
    write-file /Users/siam/Library/Developer/Xcode/DerivedData/Lingua_Quest-gvpckrqxtbgyprbgppjfqmimmmfw/Build/Intermediates.noindex/Swinject.build/Debug-iphonesimulator/Swinject.build/Objects-normal/x86_64/Swinject.SwiftConstValuesFileList

WriteAuxiliaryFile /Users/siam/Library/Developer/Xcode/DerivedData/Lingua_Quest-gvpckrqxtbgyprbgppjfqmimmmfw/Build/Intermediates.noindex/GoogleUtilities.build/Debug-iphonesimulator/third-party-IsAppEncrypted.build/Objects-normal/arm64/third-party-IsAppEncrypted.LinkFileList (in target 'third-party-IsAppEncrypted' from project 'GoogleUtilities')
    cd /Users/siam/Library/Developer/Xcode/DerivedData/Lingua_Quest-gvpckrqxtbgyprbgppjfqmimmmfw/SourcePackages/checkouts/GoogleUtilities
    write-file /Users/siam/Library/Developer/Xcode/DerivedData/Lingua_Quest-gvpckrqxtbgyprbgppjfqmimmmfw/Build/Intermediates.noindex/GoogleUtilities.build/Debug-iphonesimulator/third-party-IsAppEncrypted.build/Objects-normal/arm64/third-party-IsAppEncrypted.LinkFileList

WriteAuxiliaryFile /Users/siam/Library/Developer/Xcode/DerivedData/Lingua_Quest-gvpckrqxtbgyprbgppjfqmimmmfw/Build/Intermediates.noindex/GoogleUtilities.build/Debug-iphonesimulator/third-party-IsAppEncrypted.build/Objects-normal/arm64/e6072d4f65d7061329687fe24e3d63a7-common-args.resp (in target 'third-party-IsAppEncrypted' from project 'GoogleUtilities')
    cd /Users/siam/Library/Developer/Xcode/DerivedData/Lingua_Quest-gvpckrqxtbgyprbgppjfqmimmmfw/SourcePackages/checkouts/GoogleUtilities
    write-file /Users/siam/Library/Developer/Xcode/DerivedData/Lingua_Quest-gvpckrqxtbgyprbgppjfqmimmmfw/Build/Intermediates.noindex/GoogleUtilities.build/Debug-iphonesimulator/third-party-IsAppEncrypted.build/Objects-normal/arm64/e6072d4f65d7061329687fe24e3d63a7-common-args.resp
-target arm64-apple-ios12.0-simulator '-std=c99' -fobjc-arc -fmodules -gmodules '-fmodules-cache-path=/Users/siam/Library/Developer/Xcode/DerivedData/ModuleCache.noindex' '-fmodule-name=third_party_IsAppEncrypted' -fpascal-strings -O0 -DSWIFT_PACKAGE '-DDEBUG=1' '-DOBJC_OLD_DISPATCH_PROTOTYPES=1' -isysroot /Applications/Xcode.app/Contents/Developer/Platforms/iPhoneSimulator.platform/Developer/SDKs/iPhoneSimulator26.0.sdk -g '-fobjc-abi-version=2' -fobjc-legacy-dispatch -fprofile-instr-generate -fcoverage-mapping -I/Users/siam/Library/Developer/Xcode/DerivedData/Lingua_Quest-gvpckrqxtbgyprbgppjfqmimmmfw/Build/Products/Debug-iphonesimulator/include -I/Users/siam/Library/Developer/Xcode/DerivedData/Lingua_Quest-gvpckrqxtbgyprbgppjfqmimmmfw/SourcePackages/checkouts/GoogleUtilities/third_party/IsAppEncrypted/Public -I/Users/siam/Library/Developer/Xcode/DerivedData/Lingua_Quest-gvpckrqxtbgyprbgppjfqmimmmfw/SourcePackages/checkouts/GoogleUtilities -I/Users/siam/Library/Developer/Xcode/DerivedData/Lingua_Quest-gvpckrqxtbgyprbgppjfqmimmmfw/Build/Intermediates.noindex/GoogleUtilities.build/Debug-iphonesimulator/third-party-IsAppEncrypted.build/DerivedSources-normal/arm64 -I/Users/siam/Library/Developer/Xcode/DerivedData/Lingua_Quest-gvpckrqxtbgyprbgppjfqmimmmfw/Build/Intermediates.noindex/GoogleUtilities.build/Debug-iphonesimulator/third-party-IsAppEncrypted.build/DerivedSources/arm64 -I/Users/siam/Library/Developer/Xcode/DerivedData/Lingua_Quest-gvpckrqxtbgyprbgppjfqmimmmfw/Build/Intermediates.noindex/GoogleUtilities.build/Debug-iphonesimulator/third-party-IsAppEncrypted.build/DerivedSources -F/Users/siam/Library/Developer/Xcode/DerivedData/Lingua_Quest-gvpckrqxtbgyprbgppjfqmimmmfw/Build/Products/Debug-iphonesimulator -iframework /Applications/Xcode.app/Contents/Developer/Platforms/iPhoneSimulator.platform/Developer/Library/Frameworks -iframework /Applications/Xcode.app/Contents/Developer/Platforms/iPhoneSimulator.platform/Developer/SDKs/iPhoneSimulator26.0.sdk/Developer/Library/Frameworks -DXcode

WriteAuxiliaryFile /Users/siam/Library/Developer/Xcode/DerivedData/Lingua_Quest-gvpckrqxtbgyprbgppjfqmimmmfw/Build/Intermediates.noindex/nanopb.build/Debug-iphonesimulator/nanopb.build/Objects-normal/arm64/nanopb.LinkFileList (in target 'nanopb' from project 'nanopb')
    cd /Users/siam/Library/Developer/Xcode/DerivedData/Lingua_Quest-gvpckrqxtbgyprbgppjfqmimmmfw/SourcePackages/checkouts/nanopb
    write-file /Users/siam/Library/Developer/Xcode/DerivedData/Lingua_Quest-gvpckrqxtbgyprbgppjfqmimmmfw/Build/Intermediates.noindex/nanopb.build/Debug-iphonesimulator/nanopb.build/Objects-normal/arm64/nanopb.LinkFileList

Copy /Users/siam/Library/Developer/Xcode/DerivedData/Lingua_Quest-gvpckrqxtbgyprbgppjfqmimmmfw/Build/Intermediates.noindex/GeneratedModuleMaps-iphonesimulator/third-party-IsAppEncrypted.modulemap /Users/siam/Library/Developer/Xcode/DerivedData/Lingua_Quest-gvpckrqxtbgyprbgppjfqmimmmfw/Build/Intermediates.noindex/GoogleUtilities.build/Debug-iphonesimulator/third-party-IsAppEncrypted.build/third-party-IsAppEncrypted.modulemap (in target 'third-party-IsAppEncrypted' from project 'GoogleUtilities')
    cd /Users/siam/Library/Developer/Xcode/DerivedData/Lingua_Quest-gvpckrqxtbgyprbgppjfqmimmmfw/SourcePackages/checkouts/GoogleUtilities
    builtin-copy -exclude .DS_Store -exclude CVS -exclude .svn -exclude .git -exclude .hg -resolve-src-symlinks /Users/siam/Library/Developer/Xcode/DerivedData/Lingua_Quest-gvpckrqxtbgyprbgppjfqmimmmfw/Build/Intermediates.noindex/GoogleUtilities.build/Debug-iphonesimulator/third-party-IsAppEncrypted.build/third-party-IsAppEncrypted.modulemap /Users/siam/Library/Developer/Xcode/DerivedData/Lingua_Quest-gvpckrqxtbgyprbgppjfqmimmmfw/Build/Intermediates.noindex/GeneratedModuleMaps-iphonesimulator

WriteAuxiliaryFile /Users/siam/Library/Developer/Xcode/DerivedData/Lingua_Quest-gvpckrqxtbgyprbgppjfqmimmmfw/Build/Intermediates.noindex/nanopb.build/Debug-iphonesimulator/nanopb.build/Objects-normal/arm64/7187679823f38a2a940e0043cdf9d637-common-args.resp (in target 'nanopb' from project 'nanopb')
    cd /Users/siam/Library/Developer/Xcode/DerivedData/Lingua_Quest-gvpckrqxtbgyprbgppjfqmimmmfw/SourcePackages/checkouts/nanopb
    write-file /Users/siam/Library/Developer/Xcode/DerivedData/Lingua_Quest-gvpckrqxtbgyprbgppjfqmimmmfw/Build/Intermediates.noindex/nanopb.build/Debug-iphonesimulator/nanopb.build/Objects-normal/arm64/7187679823f38a2a940e0043cdf9d637-common-args.resp
-target arm64-apple-ios12.0-simulator -fmodules -gmodules '-fmodules-cache-path=/Users/siam/Library/Developer/Xcode/DerivedData/ModuleCache.noindex' '-fmodule-name=nanopb' -fpascal-strings -O0 -DSWIFT_PACKAGE '-DDEBUG=1' '-DPB_FIELD_32BIT=1' '-DPB_NO_PACKED_STRUCTS=1' '-DPB_ENABLE_MALLOC=1' -isysroot /Applications/Xcode.app/Contents/Developer/Platforms/iPhoneSimulator.platform/Developer/SDKs/iPhoneSimulator26.0.sdk -g -fprofile-instr-generate -fcoverage-mapping -I/Users/siam/Library/Developer/Xcode/DerivedData/Lingua_Quest-gvpckrqxtbgyprbgppjfqmimmmfw/Build/Products/Debug-iphonesimulator/include -I/Users/siam/Library/Developer/Xcode/DerivedData/Lingua_Quest-gvpckrqxtbgyprbgppjfqmimmmfw/SourcePackages/checkouts/nanopb/spm_headers -I/Users/siam/Library/Developer/Xcode/DerivedData/Lingua_Quest-gvpckrqxtbgyprbgppjfqmimmmfw/Build/Intermediates.noindex/nanopb.build/Debug-iphonesimulator/nanopb.build/DerivedSources-normal/arm64 -I/Users/siam/Library/Developer/Xcode/DerivedData/Lingua_Quest-gvpckrqxtbgyprbgppjfqmimmmfw/Build/Intermediates.noindex/nanopb.build/Debug-iphonesimulator/nanopb.build/DerivedSources/arm64 -I/Users/siam/Library/Developer/Xcode/DerivedData/Lingua_Quest-gvpckrqxtbgyprbgppjfqmimmmfw/Build/Intermediates.noindex/nanopb.build/Debug-iphonesimulator/nanopb.build/DerivedSources -F/Users/siam/Library/Developer/Xcode/DerivedData/Lingua_Quest-gvpckrqxtbgyprbgppjfqmimmmfw/Build/Products/Debug-iphonesimulator -iframework /Applications/Xcode.app/Contents/Developer/Platforms/iPhoneSimulator.platform/Developer/Library/Frameworks -iframework /Applications/Xcode.app/Contents/Developer/Platforms/iPhoneSimulator.platform/Developer/SDKs/iPhoneSimulator26.0.sdk/Developer/Library/Frameworks -DXcode

WriteAuxiliaryFile /Users/siam/Library/Developer/Xcode/DerivedData/Lingua_Quest-gvpckrqxtbgyprbgppjfqmimmmfw/Build/Intermediates.noindex/nanopb.build/Debug-iphonesimulator/nanopb.build/Objects-normal/arm64/e6072d4f65d7061329687fe24e3d63a7-common-args.resp (in target 'nanopb' from project 'nanopb')
    cd /Users/siam/Library/Developer/Xcode/DerivedData/Lingua_Quest-gvpckrqxtbgyprbgppjfqmimmmfw/SourcePackages/checkouts/nanopb
    write-file /Users/siam/Library/Developer/Xcode/DerivedData/Lingua_Quest-gvpckrqxtbgyprbgppjfqmimmmfw/Build/Intermediates.noindex/nanopb.build/Debug-iphonesimulator/nanopb.build/Objects-normal/arm64/e6072d4f65d7061329687fe24e3d63a7-common-args.resp
-target arm64-apple-ios12.0-simulator -fobjc-arc -fmodules -gmodules '-fmodules-cache-path=/Users/siam/Library/Developer/Xcode/DerivedData/ModuleCache.noindex' '-fmodule-name=nanopb' -fpascal-strings -O0 -DSWIFT_PACKAGE '-DDEBUG=1' '-DPB_FIELD_32BIT=1' '-DPB_NO_PACKED_STRUCTS=1' '-DPB_ENABLE_MALLOC=1' '-DOBJC_OLD_DISPATCH_PROTOTYPES=1' -isysroot /Applications/Xcode.app/Contents/Developer/Platforms/iPhoneSimulator.platform/Developer/SDKs/iPhoneSimulator26.0.sdk -g '-fobjc-abi-version=2' -fobjc-legacy-dispatch -fprofile-instr-generate -fcoverage-mapping -I/Users/siam/Library/Developer/Xcode/DerivedData/Lingua_Quest-gvpckrqxtbgyprbgppjfqmimmmfw/Build/Products/Debug-iphonesimulator/include -I/Users/siam/Library/Developer/Xcode/DerivedData/Lingua_Quest-gvpckrqxtbgyprbgppjfqmimmmfw/SourcePackages/checkouts/nanopb/spm_headers -I/Users/siam/Library/Developer/Xcode/DerivedData/Lingua_Quest-gvpckrqxtbgyprbgppjfqmimmmfw/Build/Intermediates.noindex/nanopb.build/Debug-iphonesimulator/nanopb.build/DerivedSources-normal/arm64 -I/Users/siam/Library/Developer/Xcode/DerivedData/Lingua_Quest-gvpckrqxtbgyprbgppjfqmimmmfw/Build/Intermediates.noindex/nanopb.build/Debug-iphonesimulator/nanopb.build/DerivedSources/arm64 -I/Users/siam/Library/Developer/Xcode/DerivedData/Lingua_Quest-gvpckrqxtbgyprbgppjfqmimmmfw/Build/Intermediates.noindex/nanopb.build/Debug-iphonesimulator/nanopb.build/DerivedSources -F/Users/siam/Library/Developer/Xcode/DerivedData/Lingua_Quest-gvpckrqxtbgyprbgppjfqmimmmfw/Build/Products/Debug-iphonesimulator -iframework /Applications/Xcode.app/Contents/Developer/Platforms/iPhoneSimulator.platform/Developer/Library/Frameworks -iframework /Applications/Xcode.app/Contents/Developer/Platforms/iPhoneSimulator.platform/Developer/SDKs/iPhoneSimulator26.0.sdk/Developer/Library/Frameworks -DXcode

Copy /Users/siam/Library/Developer/Xcode/DerivedData/Lingua_Quest-gvpckrqxtbgyprbgppjfqmimmmfw/Build/Intermediates.noindex/GeneratedModuleMaps-iphonesimulator/nanopb.modulemap /Users/siam/Library/Developer/Xcode/DerivedData/Lingua_Quest-gvpckrqxtbgyprbgppjfqmimmmfw/Build/Intermediates.noindex/nanopb.build/Debug-iphonesimulator/nanopb.build/nanopb.modulemap (in target 'nanopb' from project 'nanopb')
    cd /Users/siam/Library/Developer/Xcode/DerivedData/Lingua_Quest-gvpckrqxtbgyprbgppjfqmimmmfw/SourcePackages/checkouts/nanopb
    builtin-copy -exclude .DS_Store -exclude CVS -exclude .svn -exclude .git -exclude .hg -resolve-src-symlinks /Users/siam/Library/Developer/Xcode/DerivedData/Lingua_Quest-gvpckrqxtbgyprbgppjfqmimmmfw/Build/Intermediates.noindex/nanopb.build/Debug-iphonesimulator/nanopb.build/nanopb.modulemap /Users/siam/Library/Developer/Xcode/DerivedData/Lingua_Quest-gvpckrqxtbgyprbgppjfqmimmmfw/Build/Intermediates.noindex/GeneratedModuleMaps-iphonesimulator

WriteAuxiliaryFile /Users/siam/Library/Developer/Xcode/DerivedData/Lingua_Quest-gvpckrqxtbgyprbgppjfqmimmmfw/Build/Intermediates.noindex/leveldb.build/Debug-iphonesimulator/leveldb.build/Objects-normal/arm64/leveldb.LinkFileList (in target 'leveldb' from project 'leveldb')
    cd /Users/siam/Library/Developer/Xcode/DerivedData/Lingua_Quest-gvpckrqxtbgyprbgppjfqmimmmfw/SourcePackages/checkouts/leveldb
    write-file /Users/siam/Library/Developer/Xcode/DerivedData/Lingua_Quest-gvpckrqxtbgyprbgppjfqmimmmfw/Build/Intermediates.noindex/leveldb.build/Debug-iphonesimulator/leveldb.build/Objects-normal/arm64/leveldb.LinkFileList

WriteAuxiliaryFile /Users/siam/Library/Developer/Xcode/DerivedData/Lingua_Quest-gvpckrqxtbgyprbgppjfqmimmmfw/Build/Intermediates.noindex/leveldb.build/Debug-iphonesimulator/leveldb.build/Objects-normal/arm64/e6072d4f65d7061329687fe24e3d63a7-common-args.resp (in target 'leveldb' from project 'leveldb')
    cd /Users/siam/Library/Developer/Xcode/DerivedData/Lingua_Quest-gvpckrqxtbgyprbgppjfqmimmmfw/SourcePackages/checkouts/leveldb
    write-file /Users/siam/Library/Developer/Xcode/DerivedData/Lingua_Quest-gvpckrqxtbgyprbgppjfqmimmmfw/Build/Intermediates.noindex/leveldb.build/Debug-iphonesimulator/leveldb.build/Objects-normal/arm64/e6072d4f65d7061329687fe24e3d63a7-common-args.resp
-target arm64-apple-ios12.0-simulator -fobjc-arc -fmodules -gmodules '-fmodules-cache-path=/Users/siam/Library/Developer/Xcode/DerivedData/ModuleCache.noindex' '-fmodule-name=leveldb' -fpascal-strings -O0 -DSWIFT_PACKAGE '-DDEBUG=1' '-DLEVELDB_IS_BIG_ENDIAN=0' '-DLEVELDB_PLATFORM_POSIX=1' '-DHAVE_FULLFSYNC=1' '-DOBJC_OLD_DISPATCH_PROTOTYPES=1' -isysroot /Applications/Xcode.app/Contents/Developer/Platforms/iPhoneSimulator.platform/Developer/SDKs/iPhoneSimulator26.0.sdk -g '-fobjc-abi-version=2' -fobjc-legacy-dispatch -fprofile-instr-generate -fcoverage-mapping -I/Users/siam/Library/Developer/Xcode/DerivedData/Lingua_Quest-gvpckrqxtbgyprbgppjfqmimmmfw/Build/Products/Debug-iphonesimulator/include -I/Users/siam/Library/Developer/Xcode/DerivedData/Lingua_Quest-gvpckrqxtbgyprbgppjfqmimmmfw/SourcePackages/checkouts/leveldb/include -I/Users/siam/Library/Developer/Xcode/DerivedData/Lingua_Quest-gvpckrqxtbgyprbgppjfqmimmmfw/SourcePackages/checkouts/leveldb -I/Users/siam/Library/Developer/Xcode/DerivedData/Lingua_Quest-gvpckrqxtbgyprbgppjfqmimmmfw/SourcePackages/checkouts/leveldb/include -I/Users/siam/Library/Developer/Xcode/DerivedData/Lingua_Quest-gvpckrqxtbgyprbgppjfqmimmmfw/Build/Intermediates.noindex/leveldb.build/Debug-iphonesimulator/leveldb.build/DerivedSources-normal/arm64 -I/Users/siam/Library/Developer/Xcode/DerivedData/Lingua_Quest-gvpckrqxtbgyprbgppjfqmimmmfw/Build/Intermediates.noindex/leveldb.build/Debug-iphonesimulator/leveldb.build/DerivedSources/arm64 -I/Users/siam/Library/Developer/Xcode/DerivedData/Lingua_Quest-gvpckrqxtbgyprbgppjfqmimmmfw/Build/Intermediates.noindex/leveldb.build/Debug-iphonesimulator/leveldb.build/DerivedSources -F/Users/siam/Library/Developer/Xcode/DerivedData/Lingua_Quest-gvpckrqxtbgyprbgppjfqmimmmfw/Build/Products/Debug-iphonesimulator -iframework /Applications/Xcode.app/Contents/Developer/Platforms/iPhoneSimulator.platform/Developer/Library/Frameworks -iframework /Applications/Xcode.app/Contents/Developer/Platforms/iPhoneSimulator.platform/Developer/SDKs/iPhoneSimulator26.0.sdk/Developer/Library/Frameworks -DXcode

WriteAuxiliaryFile /Users/siam/Library/Developer/Xcode/DerivedData/Lingua_Quest-gvpckrqxtbgyprbgppjfqmimmmfw/Build/Intermediates.noindex/leveldb.build/Debug-iphonesimulator/leveldb.build/Objects-normal/arm64/82b82416624d2658e5098eb0a28c15c5-common-args.resp (in target 'leveldb' from project 'leveldb')
    cd /Users/siam/Library/Developer/Xcode/DerivedData/Lingua_Quest-gvpckrqxtbgyprbgppjfqmimmmfw/SourcePackages/checkouts/leveldb
    write-file /Users/siam/Library/Developer/Xcode/DerivedData/Lingua_Quest-gvpckrqxtbgyprbgppjfqmimmmfw/Build/Intermediates.noindex/leveldb.build/Debug-iphonesimulator/leveldb.build/Objects-normal/arm64/82b82416624d2658e5098eb0a28c15c5-common-args.resp
-target arm64-apple-ios12.0-simulator '-std=gnu++14' -fmodules -fno-cxx-modules -gmodules '-fmodules-cache-path=/Users/siam/Library/Developer/Xcode/DerivedData/ModuleCache.noindex' '-fmodule-name=leveldb' '-D_LIBCPP_HARDENING_MODE=_LIBCPP_HARDENING_MODE_DEBUG' -fpascal-strings -O0 -DSWIFT_PACKAGE '-DDEBUG=1' '-DLEVELDB_IS_BIG_ENDIAN=0' '-DLEVELDB_PLATFORM_POSIX=1' '-DHAVE_FULLFSYNC=1' -isysroot /Applications/Xcode.app/Contents/Developer/Platforms/iPhoneSimulator.platform/Developer/SDKs/iPhoneSimulator26.0.sdk -g -fvisibility-inlines-hidden -fprofile-instr-generate -fcoverage-mapping -I/Users/siam/Library/Developer/Xcode/DerivedData/Lingua_Quest-gvpckrqxtbgyprbgppjfqmimmmfw/Build/Products/Debug-iphonesimulator/include -I/Users/siam/Library/Developer/Xcode/DerivedData/Lingua_Quest-gvpckrqxtbgyprbgppjfqmimmmfw/SourcePackages/checkouts/leveldb/include -I/Users/siam/Library/Developer/Xcode/DerivedData/Lingua_Quest-gvpckrqxtbgyprbgppjfqmimmmfw/SourcePackages/checkouts/leveldb -I/Users/siam/Library/Developer/Xcode/DerivedData/Lingua_Quest-gvpckrqxtbgyprbgppjfqmimmmfw/SourcePackages/checkouts/leveldb/include -I/Users/siam/Library/Developer/Xcode/DerivedData/Lingua_Quest-gvpckrqxtbgyprbgppjfqmimmmfw/Build/Intermediates.noindex/leveldb.build/Debug-iphonesimulator/leveldb.build/DerivedSources-normal/arm64 -I/Users/siam/Library/Developer/Xcode/DerivedData/Lingua_Quest-gvpckrqxtbgyprbgppjfqmimmmfw/Build/Intermediates.noindex/leveldb.build/Debug-iphonesimulator/leveldb.build/DerivedSources/arm64 -I/Users/siam/Library/Developer/Xcode/DerivedData/Lingua_Quest-gvpckrqxtbgyprbgppjfqmimmmfw/Build/Intermediates.noindex/leveldb.build/Debug-iphonesimulator/leveldb.build/DerivedSources -F/Users/siam/Library/Developer/Xcode/DerivedData/Lingua_Quest-gvpckrqxtbgyprbgppjfqmimmmfw/Build/Products/Debug-iphonesimulator -iframework /Applications/Xcode.app/Contents/Developer/Platforms/iPhoneSimulator.platform/Developer/Library/Frameworks -iframework /Applications/Xcode.app/Contents/Developer/Platforms/iPhoneSimulator.platform/Developer/SDKs/iPhoneSimulator26.0.sdk/Developer/Library/Frameworks -DXcode

Copy /Users/siam/Library/Developer/Xcode/DerivedData/Lingua_Quest-gvpckrqxtbgyprbgppjfqmimmmfw/Build/Intermediates.noindex/GeneratedModuleMaps-iphonesimulator/leveldb.modulemap /Users/siam/Library/Developer/Xcode/DerivedData/Lingua_Quest-gvpckrqxtbgyprbgppjfqmimmmfw/Build/Intermediates.noindex/leveldb.build/Debug-iphonesimulator/leveldb.build/leveldb.modulemap (in target 'leveldb' from project 'leveldb')
    cd /Users/siam/Library/Developer/Xcode/DerivedData/Lingua_Quest-gvpckrqxtbgyprbgppjfqmimmmfw/SourcePackages/checkouts/leveldb
    builtin-copy -exclude .DS_Store -exclude CVS -exclude .svn -exclude .git -exclude .hg -resolve-src-symlinks /Users/siam/Library/Developer/Xcode/DerivedData/Lingua_Quest-gvpckrqxtbgyprbgppjfqmimmmfw/Build/Intermediates.noindex/leveldb.build/Debug-iphonesimulator/leveldb.build/leveldb.modulemap /Users/siam/Library/Developer/Xcode/DerivedData/Lingua_Quest-gvpckrqxtbgyprbgppjfqmimmmfw/Build/Intermediates.noindex/GeneratedModuleMaps-iphonesimulator

WriteAuxiliaryFile /Users/siam/Library/Developer/Xcode/DerivedData/Lingua_Quest-gvpckrqxtbgyprbgppjfqmimmmfw/Build/Intermediates.noindex/gRPC.build/Debug-iphonesimulator/grpcppWrapper.build/Objects-normal/arm64/grpcppWrapper.LinkFileList (in target 'grpcppWrapper' from project 'gRPC')
    cd /Users/siam/Library/Developer/Xcode/DerivedData/Lingua_Quest-gvpckrqxtbgyprbgppjfqmimmmfw/SourcePackages/checkouts/grpc-binary
    write-file /Users/siam/Library/Developer/Xcode/DerivedData/Lingua_Quest-gvpckrqxtbgyprbgppjfqmimmmfw/Build/Intermediates.noindex/gRPC.build/Debug-iphonesimulator/grpcppWrapper.build/Objects-normal/arm64/grpcppWrapper.LinkFileList

Copy /Users/siam/Library/Developer/Xcode/DerivedData/Lingua_Quest-gvpckrqxtbgyprbgppjfqmimmmfw/Build/Intermediates.noindex/GeneratedModuleMaps-iphonesimulator/grpcppWrapper.modulemap /Users/siam/Library/Developer/Xcode/DerivedData/Lingua_Quest-gvpckrqxtbgyprbgppjfqmimmmfw/Build/Intermediates.noindex/gRPC.build/Debug-iphonesimulator/grpcppWrapper.build/grpcppWrapper.modulemap (in target 'grpcppWrapper' from project 'gRPC')
    cd /Users/siam/Library/Developer/Xcode/DerivedData/Lingua_Quest-gvpckrqxtbgyprbgppjfqmimmmfw/SourcePackages/checkouts/grpc-binary
    builtin-copy -exclude .DS_Store -exclude CVS -exclude .svn -exclude .git -exclude .hg -resolve-src-symlinks /Users/siam/Library/Developer/Xcode/DerivedData/Lingua_Quest-gvpckrqxtbgyprbgppjfqmimmmfw/Build/Intermediates.noindex/gRPC.build/Debug-iphonesimulator/grpcppWrapper.build/grpcppWrapper.modulemap /Users/siam/Library/Developer/Xcode/DerivedData/Lingua_Quest-gvpckrqxtbgyprbgppjfqmimmmfw/Build/Intermediates.noindex/GeneratedModuleMaps-iphonesimulator

WriteAuxiliaryFile /Users/siam/Library/Developer/Xcode/DerivedData/Lingua_Quest-gvpckrqxtbgyprbgppjfqmimmmfw/Build/Intermediates.noindex/gRPC.build/Debug-iphonesimulator/grpcppWrapper.build/Objects-normal/arm64/e6072d4f65d7061329687fe24e3d63a7-common-args.resp (in target 'grpcppWrapper' from project 'gRPC')
    cd /Users/siam/Library/Developer/Xcode/DerivedData/Lingua_Quest-gvpckrqxtbgyprbgppjfqmimmmfw/SourcePackages/checkouts/grpc-binary
    write-file /Users/siam/Library/Developer/Xcode/DerivedData/Lingua_Quest-gvpckrqxtbgyprbgppjfqmimmmfw/Build/Intermediates.noindex/gRPC.build/Debug-iphonesimulator/grpcppWrapper.build/Objects-normal/arm64/e6072d4f65d7061329687fe24e3d63a7-common-args.resp
-target arm64-apple-ios12.0-simulator -fobjc-arc -fmodules -gmodules '-fmodules-cache-path=/Users/siam/Library/Developer/Xcode/DerivedData/ModuleCache.noindex' '-fmodule-name=grpcppWrapper' -fpascal-strings -O0 -DSWIFT_PACKAGE '-DDEBUG=1' '-DOBJC_OLD_DISPATCH_PROTOTYPES=1' -isysroot /Applications/Xcode.app/Contents/Developer/Platforms/iPhoneSimulator.platform/Developer/SDKs/iPhoneSimulator26.0.sdk -g '-fobjc-abi-version=2' -fobjc-legacy-dispatch -fprofile-instr-generate -fcoverage-mapping -I/Users/siam/Library/Developer/Xcode/DerivedData/Lingua_Quest-gvpckrqxtbgyprbgppjfqmimmmfw/SourcePackages/checkouts/abseil-cpp-binary/absl-Wrapper/include -I/Users/siam/Library/Developer/Xcode/DerivedData/Lingua_Quest-gvpckrqxtbgyprbgppjfqmimmmfw/SourcePackages/checkouts/grpc-binary/openssl-grpc-Wrapper/include -I/Users/siam/Library/Developer/Xcode/DerivedData/Lingua_Quest-gvpckrqxtbgyprbgppjfqmimmmfw/SourcePackages/checkouts/grpc-binary/grpc-Wrapper/include -I/Users/siam/Library/Developer/Xcode/DerivedData/Lingua_Quest-gvpckrqxtbgyprbgppjfqmimmmfw/Build/Products/Debug-iphonesimulator/include -I/Users/siam/Library/Developer/Xcode/DerivedData/Lingua_Quest-gvpckrqxtbgyprbgppjfqmimmmfw/SourcePackages/checkouts/grpc-binary/grpcpp-Wrapper/include -I/Users/siam/Library/Developer/Xcode/DerivedData/Lingua_Quest-gvpckrqxtbgyprbgppjfqmimmmfw/Build/Intermediates.noindex/gRPC.build/Debug-iphonesimulator/grpcppWrapper.build/DerivedSources-normal/arm64 -I/Users/siam/Library/Developer/Xcode/DerivedData/Lingua_Quest-gvpckrqxtbgyprbgppjfqmimmmfw/Build/Intermediates.noindex/gRPC.build/Debug-iphonesimulator/grpcppWrapper.build/DerivedSources/arm64 -I/Users/siam/Library/Developer/Xcode/DerivedData/Lingua_Quest-gvpckrqxtbgyprbgppjfqmimmmfw/Build/Intermediates.noindex/gRPC.build/Debug-iphonesimulator/grpcppWrapper.build/DerivedSources -F/Users/siam/Library/Developer/Xcode/DerivedData/Lingua_Quest-gvpckrqxtbgyprbgppjfqmimmmfw/Build/Products/Debug-iphonesimulator/PackageFrameworks -F/Users/siam/Library/Developer/Xcode/DerivedData/Lingua_Quest-gvpckrqxtbgyprbgppjfqmimmmfw/Build/Products/Debug-iphonesimulator/PackageFrameworks -F/Users/siam/Library/Developer/Xcode/DerivedData/Lingua_Quest-gvpckrqxtbgyprbgppjfqmimmmfw/Build/Products/Debug-iphonesimulator/PackageFrameworks -F/Users/siam/Library/Developer/Xcode/DerivedData/Lingua_Quest-gvpckrqxtbgyprbgppjfqmimmmfw/Build/Products/Debug-iphonesimulator -iframework /Applications/Xcode.app/Contents/Developer/Platforms/iPhoneSimulator.platform/Developer/Library/Frameworks -iframework /Applications/Xcode.app/Contents/Developer/Platforms/iPhoneSimulator.platform/Developer/SDKs/iPhoneSimulator26.0.sdk/Developer/Library/Frameworks '-fmodule-map-file=/Users/siam/Library/Developer/Xcode/DerivedData/Lingua_Quest-gvpckrqxtbgyprbgppjfqmimmmfw/Build/Intermediates.noindex/GeneratedModuleMaps-iphonesimulator/abslWrapper.modulemap' '-fmodule-map-file=/Users/siam/Library/Developer/Xcode/DerivedData/Lingua_Quest-gvpckrqxtbgyprbgppjfqmimmmfw/Build/Intermediates.noindex/GeneratedModuleMaps-iphonesimulator/opensslWrapper.modulemap' '-fmodule-map-file=/Users/siam/Library/Developer/Xcode/DerivedData/Lingua_Quest-gvpckrqxtbgyprbgppjfqmimmmfw/Build/Intermediates.noindex/GeneratedModuleMaps-iphonesimulator/grpcWrapper.modulemap' -DXcode

WriteAuxiliaryFile /Users/siam/Library/Developer/Xcode/DerivedData/Lingua_Quest-gvpckrqxtbgyprbgppjfqmimmmfw/Build/Intermediates.noindex/abseil.build/Debug-iphonesimulator/abslWrapper.build/Objects-normal/arm64/e6072d4f65d7061329687fe24e3d63a7-common-args.resp (in target 'abslWrapper' from project 'abseil')
    cd /Users/siam/Library/Developer/Xcode/DerivedData/Lingua_Quest-gvpckrqxtbgyprbgppjfqmimmmfw/SourcePackages/checkouts/abseil-cpp-binary
    write-file /Users/siam/Library/Developer/Xcode/DerivedData/Lingua_Quest-gvpckrqxtbgyprbgppjfqmimmmfw/Build/Intermediates.noindex/abseil.build/Debug-iphonesimulator/abslWrapper.build/Objects-normal/arm64/e6072d4f65d7061329687fe24e3d63a7-common-args.resp
-target arm64-apple-ios12.0-simulator -fobjc-arc -fmodules -gmodules '-fmodules-cache-path=/Users/siam/Library/Developer/Xcode/DerivedData/ModuleCache.noindex' '-fmodule-name=abslWrapper' -fpascal-strings -O0 -DSWIFT_PACKAGE '-DDEBUG=1' '-DOBJC_OLD_DISPATCH_PROTOTYPES=1' -isysroot /Applications/Xcode.app/Contents/Developer/Platforms/iPhoneSimulator.platform/Developer/SDKs/iPhoneSimulator26.0.sdk -g '-fobjc-abi-version=2' -fobjc-legacy-dispatch -fprofile-instr-generate -fcoverage-mapping -I/Users/siam/Library/Developer/Xcode/DerivedData/Lingua_Quest-gvpckrqxtbgyprbgppjfqmimmmfw/Build/Products/Debug-iphonesimulator/include -I/Users/siam/Library/Developer/Xcode/DerivedData/Lingua_Quest-gvpckrqxtbgyprbgppjfqmimmmfw/SourcePackages/checkouts/abseil-cpp-binary/absl-Wrapper/include -I/Users/siam/Library/Developer/Xcode/DerivedData/Lingua_Quest-gvpckrqxtbgyprbgppjfqmimmmfw/Build/Intermediates.noindex/abseil.build/Debug-iphonesimulator/abslWrapper.build/DerivedSources-normal/arm64 -I/Users/siam/Library/Developer/Xcode/DerivedData/Lingua_Quest-gvpckrqxtbgyprbgppjfqmimmmfw/Build/Intermediates.noindex/abseil.build/Debug-iphonesimulator/abslWrapper.build/DerivedSources/arm64 -I/Users/siam/Library/Developer/Xcode/DerivedData/Lingua_Quest-gvpckrqxtbgyprbgppjfqmimmmfw/Build/Intermediates.noindex/abseil.build/Debug-iphonesimulator/abslWrapper.build/DerivedSources -F/Users/siam/Library/Developer/Xcode/DerivedData/Lingua_Quest-gvpckrqxtbgyprbgppjfqmimmmfw/Build/Products/Debug-iphonesimulator -iframework /Applications/Xcode.app/Contents/Developer/Platforms/iPhoneSimulator.platform/Developer/Library/Frameworks -iframework /Applications/Xcode.app/Contents/Developer/Platforms/iPhoneSimulator.platform/Developer/SDKs/iPhoneSimulator26.0.sdk/Developer/Library/Frameworks -DXcode

WriteAuxiliaryFile /Users/siam/Library/Developer/Xcode/DerivedData/Lingua_Quest-gvpckrqxtbgyprbgppjfqmimmmfw/Build/Intermediates.noindex/abseil.build/Debug-iphonesimulator/abslWrapper.build/Objects-normal/arm64/abslWrapper.LinkFileList (in target 'abslWrapper' from project 'abseil')
    cd /Users/siam/Library/Developer/Xcode/DerivedData/Lingua_Quest-gvpckrqxtbgyprbgppjfqmimmmfw/SourcePackages/checkouts/abseil-cpp-binary
    write-file /Users/siam/Library/Developer/Xcode/DerivedData/Lingua_Quest-gvpckrqxtbgyprbgppjfqmimmmfw/Build/Intermediates.noindex/abseil.build/Debug-iphonesimulator/abslWrapper.build/Objects-normal/arm64/abslWrapper.LinkFileList

Copy /Users/siam/Library/Developer/Xcode/DerivedData/Lingua_Quest-gvpckrqxtbgyprbgppjfqmimmmfw/Build/Intermediates.noindex/GeneratedModuleMaps-iphonesimulator/abslWrapper.modulemap /Users/siam/Library/Developer/Xcode/DerivedData/Lingua_Quest-gvpckrqxtbgyprbgppjfqmimmmfw/Build/Intermediates.noindex/abseil.build/Debug-iphonesimulator/abslWrapper.build/abslWrapper.modulemap (in target 'abslWrapper' from project 'abseil')
    cd /Users/siam/Library/Developer/Xcode/DerivedData/Lingua_Quest-gvpckrqxtbgyprbgppjfqmimmmfw/SourcePackages/checkouts/abseil-cpp-binary
    builtin-copy -exclude .DS_Store -exclude CVS -exclude .svn -exclude .git -exclude .hg -resolve-src-symlinks /Users/siam/Library/Developer/Xcode/DerivedData/Lingua_Quest-gvpckrqxtbgyprbgppjfqmimmmfw/Build/Intermediates.noindex/abseil.build/Debug-iphonesimulator/abslWrapper.build/abslWrapper.modulemap /Users/siam/Library/Developer/Xcode/DerivedData/Lingua_Quest-gvpckrqxtbgyprbgppjfqmimmmfw/Build/Intermediates.noindex/GeneratedModuleMaps-iphonesimulator

WriteAuxiliaryFile /Users/siam/Library/Developer/Xcode/DerivedData/Lingua_Quest-gvpckrqxtbgyprbgppjfqmimmmfw/Build/Intermediates.noindex/Swinject.build/Debug-iphonesimulator/Swinject.build/Objects-normal/arm64/Swinject_const_extract_protocols.json (in target 'Swinject' from project 'Swinject')
    cd /Users/siam/Library/Developer/Xcode/DerivedData/Lingua_Quest-gvpckrqxtbgyprbgppjfqmimmmfw/SourcePackages/checkouts/Swinject
    write-file /Users/siam/Library/Developer/Xcode/DerivedData/Lingua_Quest-gvpckrqxtbgyprbgppjfqmimmmfw/Build/Intermediates.noindex/Swinject.build/Debug-iphonesimulator/Swinject.build/Objects-normal/arm64/Swinject_const_extract_protocols.json

WriteAuxiliaryFile /Users/siam/Library/Developer/Xcode/DerivedData/Lingua_Quest-gvpckrqxtbgyprbgppjfqmimmmfw/Build/Intermediates.noindex/Swinject.build/Debug-iphonesimulator/Swinject.build/Objects-normal/arm64/Swinject.SwiftFileList (in target 'Swinject' from project 'Swinject')
    cd /Users/siam/Library/Developer/Xcode/DerivedData/Lingua_Quest-gvpckrqxtbgyprbgppjfqmimmmfw/SourcePackages/checkouts/Swinject
    write-file /Users/siam/Library/Developer/Xcode/DerivedData/Lingua_Quest-gvpckrqxtbgyprbgppjfqmimmmfw/Build/Intermediates.noindex/Swinject.build/Debug-iphonesimulator/Swinject.build/Objects-normal/arm64/Swinject.SwiftFileList

WriteAuxiliaryFile /Users/siam/Library/Developer/Xcode/DerivedData/Lingua_Quest-gvpckrqxtbgyprbgppjfqmimmmfw/Build/Intermediates.noindex/Swinject.build/Debug-iphonesimulator/Swinject.build/Objects-normal/arm64/Swinject.SwiftConstValuesFileList (in target 'Swinject' from project 'Swinject')
    cd /Users/siam/Library/Developer/Xcode/DerivedData/Lingua_Quest-gvpckrqxtbgyprbgppjfqmimmmfw/SourcePackages/checkouts/Swinject
    write-file /Users/siam/Library/Developer/Xcode/DerivedData/Lingua_Quest-gvpckrqxtbgyprbgppjfqmimmmfw/Build/Intermediates.noindex/Swinject.build/Debug-iphonesimulator/Swinject.build/Objects-normal/arm64/Swinject.SwiftConstValuesFileList

WriteAuxiliaryFile /Users/siam/Library/Developer/Xcode/DerivedData/Lingua_Quest-gvpckrqxtbgyprbgppjfqmimmmfw/Build/Intermediates.noindex/Swinject.build/Debug-iphonesimulator/Swinject.build/Objects-normal/arm64/Swinject.LinkFileList (in target 'Swinject' from project 'Swinject')
    cd /Users/siam/Library/Developer/Xcode/DerivedData/Lingua_Quest-gvpckrqxtbgyprbgppjfqmimmmfw/SourcePackages/checkouts/Swinject
    write-file /Users/siam/Library/Developer/Xcode/DerivedData/Lingua_Quest-gvpckrqxtbgyprbgppjfqmimmmfw/Build/Intermediates.noindex/Swinject.build/Debug-iphonesimulator/Swinject.build/Objects-normal/arm64/Swinject.LinkFileList

WriteAuxiliaryFile /Users/siam/Library/Developer/Xcode/DerivedData/Lingua_Quest-gvpckrqxtbgyprbgppjfqmimmmfw/Build/Intermediates.noindex/Swinject.build/Debug-iphonesimulator/Swinject.build/Objects-normal/arm64/Swinject-OutputFileMap.json (in target 'Swinject' from project 'Swinject')
    cd /Users/siam/Library/Developer/Xcode/DerivedData/Lingua_Quest-gvpckrqxtbgyprbgppjfqmimmmfw/SourcePackages/checkouts/Swinject
    write-file /Users/siam/Library/Developer/Xcode/DerivedData/Lingua_Quest-gvpckrqxtbgyprbgppjfqmimmmfw/Build/Intermediates.noindex/Swinject.build/Debug-iphonesimulator/Swinject.build/Objects-normal/arm64/Swinject-OutputFileMap.json

Copy /Users/siam/Library/Developer/Xcode/DerivedData/Lingua_Quest-gvpckrqxtbgyprbgppjfqmimmmfw/Build/Intermediates.noindex/GeneratedModuleMaps-iphonesimulator/Swinject.modulemap /Users/siam/Library/Developer/Xcode/DerivedData/Lingua_Quest-gvpckrqxtbgyprbgppjfqmimmmfw/Build/Intermediates.noindex/Swinject.build/Debug-iphonesimulator/Swinject.build/Swinject.modulemap (in target 'Swinject' from project 'Swinject')
    cd /Users/siam/Library/Developer/Xcode/DerivedData/Lingua_Quest-gvpckrqxtbgyprbgppjfqmimmmfw/SourcePackages/checkouts/Swinject
    builtin-copy -exclude .DS_Store -exclude CVS -exclude .svn -exclude .git -exclude .hg -resolve-src-symlinks /Users/siam/Library/Developer/Xcode/DerivedData/Lingua_Quest-gvpckrqxtbgyprbgppjfqmimmmfw/Build/Intermediates.noindex/Swinject.build/Debug-iphonesimulator/Swinject.build/Swinject.modulemap /Users/siam/Library/Developer/Xcode/DerivedData/Lingua_Quest-gvpckrqxtbgyprbgppjfqmimmmfw/Build/Intermediates.noindex/GeneratedModuleMaps-iphonesimulator

WriteAuxiliaryFile /Users/siam/Library/Developer/Xcode/DerivedData/Lingua_Quest-gvpckrqxtbgyprbgppjfqmimmmfw/Build/Intermediates.noindex/Promises.build/Debug-iphonesimulator/Promises.build/Objects-normal/x86_64/Promises.SwiftConstValuesFileList (in target 'Promises' from project 'Promises')
    cd /Users/siam/Library/Developer/Xcode/DerivedData/Lingua_Quest-gvpckrqxtbgyprbgppjfqmimmmfw/SourcePackages/checkouts/promises
    write-file /Users/siam/Library/Developer/Xcode/DerivedData/Lingua_Quest-gvpckrqxtbgyprbgppjfqmimmmfw/Build/Intermediates.noindex/Promises.build/Debug-iphonesimulator/Promises.build/Objects-normal/x86_64/Promises.SwiftConstValuesFileList

WriteAuxiliaryFile /Users/siam/Library/Developer/Xcode/DerivedData/Lingua_Quest-gvpckrqxtbgyprbgppjfqmimmmfw/Build/Intermediates.noindex/Promises.build/Debug-iphonesimulator/Promises.build/Objects-normal/arm64/Promises_const_extract_protocols.json (in target 'Promises' from project 'Promises')
    cd /Users/siam/Library/Developer/Xcode/DerivedData/Lingua_Quest-gvpckrqxtbgyprbgppjfqmimmmfw/SourcePackages/checkouts/promises
    write-file /Users/siam/Library/Developer/Xcode/DerivedData/Lingua_Quest-gvpckrqxtbgyprbgppjfqmimmmfw/Build/Intermediates.noindex/Promises.build/Debug-iphonesimulator/Promises.build/Objects-normal/arm64/Promises_const_extract_protocols.json

WriteAuxiliaryFile /Users/siam/Library/Developer/Xcode/DerivedData/Lingua_Quest-gvpckrqxtbgyprbgppjfqmimmmfw/Build/Intermediates.noindex/Promises.build/Debug-iphonesimulator/Promises.build/Objects-normal/arm64/Promises.SwiftFileList (in target 'Promises' from project 'Promises')
    cd /Users/siam/Library/Developer/Xcode/DerivedData/Lingua_Quest-gvpckrqxtbgyprbgppjfqmimmmfw/SourcePackages/checkouts/promises
    write-file /Users/siam/Library/Developer/Xcode/DerivedData/Lingua_Quest-gvpckrqxtbgyprbgppjfqmimmmfw/Build/Intermediates.noindex/Promises.build/Debug-iphonesimulator/Promises.build/Objects-normal/arm64/Promises.SwiftFileList

WriteAuxiliaryFile /Users/siam/Library/Developer/Xcode/DerivedData/Lingua_Quest-gvpckrqxtbgyprbgppjfqmimmmfw/Build/Intermediates.noindex/Promises.build/Debug-iphonesimulator/Promises.build/Objects-normal/arm64/Promises.SwiftConstValuesFileList (in target 'Promises' from project 'Promises')
    cd /Users/siam/Library/Developer/Xcode/DerivedData/Lingua_Quest-gvpckrqxtbgyprbgppjfqmimmmfw/SourcePackages/checkouts/promises
    write-file /Users/siam/Library/Developer/Xcode/DerivedData/Lingua_Quest-gvpckrqxtbgyprbgppjfqmimmmfw/Build/Intermediates.noindex/Promises.build/Debug-iphonesimulator/Promises.build/Objects-normal/arm64/Promises.SwiftConstValuesFileList

WriteAuxiliaryFile /Users/siam/Library/Developer/Xcode/DerivedData/Lingua_Quest-gvpckrqxtbgyprbgppjfqmimmmfw/Build/Intermediates.noindex/Promises.build/Debug-iphonesimulator/Promises.build/Objects-normal/arm64/Promises.LinkFileList (in target 'Promises' from project 'Promises')
    cd /Users/siam/Library/Developer/Xcode/DerivedData/Lingua_Quest-gvpckrqxtbgyprbgppjfqmimmmfw/SourcePackages/checkouts/promises
    write-file /Users/siam/Library/Developer/Xcode/DerivedData/Lingua_Quest-gvpckrqxtbgyprbgppjfqmimmmfw/Build/Intermediates.noindex/Promises.build/Debug-iphonesimulator/Promises.build/Objects-normal/arm64/Promises.LinkFileList

WriteAuxiliaryFile /Users/siam/Library/Developer/Xcode/DerivedData/Lingua_Quest-gvpckrqxtbgyprbgppjfqmimmmfw/Build/Intermediates.noindex/Promises.build/Debug-iphonesimulator/Promises.build/Objects-normal/arm64/Promises-OutputFileMap.json (in target 'Promises' from project 'Promises')
    cd /Users/siam/Library/Developer/Xcode/DerivedData/Lingua_Quest-gvpckrqxtbgyprbgppjfqmimmmfw/SourcePackages/checkouts/promises
    write-file /Users/siam/Library/Developer/Xcode/DerivedData/Lingua_Quest-gvpckrqxtbgyprbgppjfqmimmmfw/Build/Intermediates.noindex/Promises.build/Debug-iphonesimulator/Promises.build/Objects-normal/arm64/Promises-OutputFileMap.json

Copy /Users/siam/Library/Developer/Xcode/DerivedData/Lingua_Quest-gvpckrqxtbgyprbgppjfqmimmmfw/Build/Intermediates.noindex/GeneratedModuleMaps-iphonesimulator/Promises.modulemap /Users/siam/Library/Developer/Xcode/DerivedData/Lingua_Quest-gvpckrqxtbgyprbgppjfqmimmmfw/Build/Intermediates.noindex/Promises.build/Debug-iphonesimulator/Promises.build/Promises.modulemap (in target 'Promises' from project 'Promises')
    cd /Users/siam/Library/Developer/Xcode/DerivedData/Lingua_Quest-gvpckrqxtbgyprbgppjfqmimmmfw/SourcePackages/checkouts/promises
    builtin-copy -exclude .DS_Store -exclude CVS -exclude .svn -exclude .git -exclude .hg -resolve-src-symlinks /Users/siam/Library/Developer/Xcode/DerivedData/Lingua_Quest-gvpckrqxtbgyprbgppjfqmimmmfw/Build/Intermediates.noindex/Promises.build/Debug-iphonesimulator/Promises.build/Promises.modulemap /Users/siam/Library/Developer/Xcode/DerivedData/Lingua_Quest-gvpckrqxtbgyprbgppjfqmimmmfw/Build/Intermediates.noindex/GeneratedModuleMaps-iphonesimulator

WriteAuxiliaryFile /Users/siam/Library/Developer/Xcode/DerivedData/Lingua_Quest-gvpckrqxtbgyprbgppjfqmimmmfw/Build/Intermediates.noindex/Lingua\ Quest.build/Debug-iphonesimulator/Lingua\ Quest.build/Objects-normal/x86_64/Lingua\ Quest.SwiftFileList (in target 'Lingua Quest' from project 'Lingua Quest')
    cd /Users/siam/Desktop/Lingua\ Quest
    write-file /Users/siam/Library/Developer/Xcode/DerivedData/Lingua_Quest-gvpckrqxtbgyprbgppjfqmimmmfw/Build/Intermediates.noindex/Lingua\ Quest.build/Debug-iphonesimulator/Lingua\ Quest.build/Objects-normal/x86_64/Lingua\ Quest.SwiftFileList

WriteAuxiliaryFile /Users/siam/Library/Developer/Xcode/DerivedData/Lingua_Quest-gvpckrqxtbgyprbgppjfqmimmmfw/Build/Intermediates.noindex/Lingua\ Quest.build/Debug-iphonesimulator/Lingua\ Quest.build/Objects-normal/x86_64/Lingua\ Quest.SwiftConstValuesFileList (in target 'Lingua Quest' from project 'Lingua Quest')
    cd /Users/siam/Desktop/Lingua\ Quest
    write-file /Users/siam/Library/Developer/Xcode/DerivedData/Lingua_Quest-gvpckrqxtbgyprbgppjfqmimmmfw/Build/Intermediates.noindex/Lingua\ Quest.build/Debug-iphonesimulator/Lingua\ Quest.build/Objects-normal/x86_64/Lingua\ Quest.SwiftConstValuesFileList

WriteAuxiliaryFile /Users/siam/Library/Developer/Xcode/DerivedData/Lingua_Quest-gvpckrqxtbgyprbgppjfqmimmmfw/Build/Intermediates.noindex/Lingua\ Quest.build/Debug-iphonesimulator/Lingua\ Quest.build/Objects-normal/x86_64/Lingua\ Quest.LinkFileList (in target 'Lingua Quest' from project 'Lingua Quest')
    cd /Users/siam/Desktop/Lingua\ Quest
    write-file /Users/siam/Library/Developer/Xcode/DerivedData/Lingua_Quest-gvpckrqxtbgyprbgppjfqmimmmfw/Build/Intermediates.noindex/Lingua\ Quest.build/Debug-iphonesimulator/Lingua\ Quest.build/Objects-normal/x86_64/Lingua\ Quest.LinkFileList

WriteAuxiliaryFile /Users/siam/Library/Developer/Xcode/DerivedData/Lingua_Quest-gvpckrqxtbgyprbgppjfqmimmmfw/Build/Intermediates.noindex/Lingua\ Quest.build/Debug-iphonesimulator/Lingua\ Quest.build/Objects-normal/arm64/Lingua\ Quest_const_extract_protocols.json (in target 'Lingua Quest' from project 'Lingua Quest')
    cd /Users/siam/Desktop/Lingua\ Quest
    write-file /Users/siam/Library/Developer/Xcode/DerivedData/Lingua_Quest-gvpckrqxtbgyprbgppjfqmimmmfw/Build/Intermediates.noindex/Lingua\ Quest.build/Debug-iphonesimulator/Lingua\ Quest.build/Objects-normal/arm64/Lingua\ Quest_const_extract_protocols.json

WriteAuxiliaryFile /Users/siam/Library/Developer/Xcode/DerivedData/Lingua_Quest-gvpckrqxtbgyprbgppjfqmimmmfw/Build/Intermediates.noindex/Lingua\ Quest.build/Debug-iphonesimulator/Lingua\ Quest.build/Objects-normal/arm64/Lingua\ Quest.SwiftFileList (in target 'Lingua Quest' from project 'Lingua Quest')
    cd /Users/siam/Desktop/Lingua\ Quest
    write-file /Users/siam/Library/Developer/Xcode/DerivedData/Lingua_Quest-gvpckrqxtbgyprbgppjfqmimmmfw/Build/Intermediates.noindex/Lingua\ Quest.build/Debug-iphonesimulator/Lingua\ Quest.build/Objects-normal/arm64/Lingua\ Quest.SwiftFileList

WriteAuxiliaryFile /Users/siam/Library/Developer/Xcode/DerivedData/Lingua_Quest-gvpckrqxtbgyprbgppjfqmimmmfw/Build/Intermediates.noindex/Lingua\ Quest.build/Debug-iphonesimulator/Lingua\ Quest.build/Objects-normal/arm64/Lingua\ Quest.SwiftConstValuesFileList (in target 'Lingua Quest' from project 'Lingua Quest')
    cd /Users/siam/Desktop/Lingua\ Quest
    write-file /Users/siam/Library/Developer/Xcode/DerivedData/Lingua_Quest-gvpckrqxtbgyprbgppjfqmimmmfw/Build/Intermediates.noindex/Lingua\ Quest.build/Debug-iphonesimulator/Lingua\ Quest.build/Objects-normal/arm64/Lingua\ Quest.SwiftConstValuesFileList

WriteAuxiliaryFile /Users/siam/Library/Developer/Xcode/DerivedData/Lingua_Quest-gvpckrqxtbgyprbgppjfqmimmmfw/Build/Intermediates.noindex/Lingua\ Quest.build/Debug-iphonesimulator/Lingua\ Quest.build/Objects-normal/arm64/Lingua\ Quest.LinkFileList (in target 'Lingua Quest' from project 'Lingua Quest')
    cd /Users/siam/Desktop/Lingua\ Quest
    write-file /Users/siam/Library/Developer/Xcode/DerivedData/Lingua_Quest-gvpckrqxtbgyprbgppjfqmimmmfw/Build/Intermediates.noindex/Lingua\ Quest.build/Debug-iphonesimulator/Lingua\ Quest.build/Objects-normal/arm64/Lingua\ Quest.LinkFileList

WriteAuxiliaryFile /Users/siam/Library/Developer/Xcode/DerivedData/Lingua_Quest-gvpckrqxtbgyprbgppjfqmimmmfw/Build/Intermediates.noindex/Lingua\ Quest.build/Debug-iphonesimulator/Lingua\ Quest.build/Lingua\ Quest-DebugDylibPath-normal-arm64.txt (in target 'Lingua Quest' from project 'Lingua Quest')
    cd /Users/siam/Desktop/Lingua\ Quest
    write-file /Users/siam/Library/Developer/Xcode/DerivedData/Lingua_Quest-gvpckrqxtbgyprbgppjfqmimmmfw/Build/Intermediates.noindex/Lingua\ Quest.build/Debug-iphonesimulator/Lingua\ Quest.build/Lingua\ Quest-DebugDylibPath-normal-arm64.txt

WriteAuxiliaryFile /Users/siam/Library/Developer/Xcode/DerivedData/Lingua_Quest-gvpckrqxtbgyprbgppjfqmimmmfw/Build/Intermediates.noindex/Lingua\ Quest.build/Debug-iphonesimulator/Lingua\ Quest.build/Objects-normal/arm64/Lingua\ Quest-OutputFileMap.json (in target 'Lingua Quest' from project 'Lingua Quest')
    cd /Users/siam/Desktop/Lingua\ Quest
    write-file /Users/siam/Library/Developer/Xcode/DerivedData/Lingua_Quest-gvpckrqxtbgyprbgppjfqmimmmfw/Build/Intermediates.noindex/Lingua\ Quest.build/Debug-iphonesimulator/Lingua\ Quest.build/Objects-normal/arm64/Lingua\ Quest-OutputFileMap.json

WriteAuxiliaryFile /Users/siam/Library/Developer/Xcode/DerivedData/Lingua_Quest-gvpckrqxtbgyprbgppjfqmimmmfw/Build/Intermediates.noindex/Lingua\ Quest.build/Debug-iphonesimulator/Lingua\ Quest.build/Lingua\ Quest-DebugDylibInstallName-normal-arm64.txt (in target 'Lingua Quest' from project 'Lingua Quest')
    cd /Users/siam/Desktop/Lingua\ Quest
    write-file /Users/siam/Library/Developer/Xcode/DerivedData/Lingua_Quest-gvpckrqxtbgyprbgppjfqmimmmfw/Build/Intermediates.noindex/Lingua\ Quest.build/Debug-iphonesimulator/Lingua\ Quest.build/Lingua\ Quest-DebugDylibInstallName-normal-arm64.txt

WriteAuxiliaryFile /Users/siam/Library/Developer/Xcode/DerivedData/Lingua_Quest-gvpckrqxtbgyprbgppjfqmimmmfw/Build/Intermediates.noindex/GoogleUtilities.build/Debug-iphonesimulator/GoogleUtilities-UserDefaults.build/Objects-normal/arm64/e6072d4f65d7061329687fe24e3d63a7-common-args.resp (in target 'GoogleUtilities-UserDefaults' from project 'GoogleUtilities')
    cd /Users/siam/Library/Developer/Xcode/DerivedData/Lingua_Quest-gvpckrqxtbgyprbgppjfqmimmmfw/SourcePackages/checkouts/GoogleUtilities
    write-file /Users/siam/Library/Developer/Xcode/DerivedData/Lingua_Quest-gvpckrqxtbgyprbgppjfqmimmmfw/Build/Intermediates.noindex/GoogleUtilities.build/Debug-iphonesimulator/GoogleUtilities-UserDefaults.build/Objects-normal/arm64/e6072d4f65d7061329687fe24e3d63a7-common-args.resp
-target arm64-apple-ios12.0-simulator '-std=c99' -fobjc-arc -fmodules -gmodules '-fmodules-cache-path=/Users/siam/Library/Developer/Xcode/DerivedData/ModuleCache.noindex' '-fmodule-name=GoogleUtilities_UserDefaults' -fpascal-strings -O0 -DSWIFT_PACKAGE '-DDEBUG=1' '-DOBJC_OLD_DISPATCH_PROTOTYPES=1' -isysroot /Applications/Xcode.app/Contents/Developer/Platforms/iPhoneSimulator.platform/Developer/SDKs/iPhoneSimulator26.0.sdk -g '-fobjc-abi-version=2' -fobjc-legacy-dispatch -fprofile-instr-generate -fcoverage-mapping -I/Users/siam/Library/Developer/Xcode/DerivedData/Lingua_Quest-gvpckrqxtbgyprbgppjfqmimmmfw/SourcePackages/checkouts/GoogleUtilities/GoogleUtilities/Logger/Public -I/Users/siam/Library/Developer/Xcode/DerivedData/Lingua_Quest-gvpckrqxtbgyprbgppjfqmimmmfw/SourcePackages/checkouts/GoogleUtilities/GoogleUtilities/Environment/Public -I/Users/siam/Library/Developer/Xcode/DerivedData/Lingua_Quest-gvpckrqxtbgyprbgppjfqmimmmfw/SourcePackages/checkouts/GoogleUtilities/third_party/IsAppEncrypted/Public -I/Users/siam/Library/Developer/Xcode/DerivedData/Lingua_Quest-gvpckrqxtbgyprbgppjfqmimmmfw/Build/Products/Debug-iphonesimulator/include -I/Users/siam/Library/Developer/Xcode/DerivedData/Lingua_Quest-gvpckrqxtbgyprbgppjfqmimmmfw/SourcePackages/checkouts/GoogleUtilities/GoogleUtilities/UserDefaults/Public -I/Users/siam/Library/Developer/Xcode/DerivedData/Lingua_Quest-gvpckrqxtbgyprbgppjfqmimmmfw/SourcePackages/checkouts/GoogleUtilities -I/Users/siam/Library/Developer/Xcode/DerivedData/Lingua_Quest-gvpckrqxtbgyprbgppjfqmimmmfw/Build/Intermediates.noindex/GoogleUtilities.build/Debug-iphonesimulator/GoogleUtilities-UserDefaults.build/DerivedSources-normal/arm64 -I/Users/siam/Library/Developer/Xcode/DerivedData/Lingua_Quest-gvpckrqxtbgyprbgppjfqmimmmfw/Build/Intermediates.noindex/GoogleUtilities.build/Debug-iphonesimulator/GoogleUtilities-UserDefaults.build/DerivedSources/arm64 -I/Users/siam/Library/Developer/Xcode/DerivedData/Lingua_Quest-gvpckrqxtbgyprbgppjfqmimmmfw/Build/Intermediates.noindex/GoogleUtilities.build/Debug-iphonesimulator/GoogleUtilities-UserDefaults.build/DerivedSources -F/Users/siam/Library/Developer/Xcode/DerivedData/Lingua_Quest-gvpckrqxtbgyprbgppjfqmimmmfw/Build/Products/Debug-iphonesimulator/PackageFrameworks -F/Users/siam/Library/Developer/Xcode/DerivedData/Lingua_Quest-gvpckrqxtbgyprbgppjfqmimmmfw/Build/Products/Debug-iphonesimulator/PackageFrameworks -F/Users/siam/Library/Developer/Xcode/DerivedData/Lingua_Quest-gvpckrqxtbgyprbgppjfqmimmmfw/Build/Products/Debug-iphonesimulator/PackageFrameworks -F/Users/siam/Library/Developer/Xcode/DerivedData/Lingua_Quest-gvpckrqxtbgyprbgppjfqmimmmfw/Build/Products/Debug-iphonesimulator -iframework /Applications/Xcode.app/Contents/Developer/Platforms/iPhoneSimulator.platform/Developer/Library/Frameworks -iframework /Applications/Xcode.app/Contents/Developer/Platforms/iPhoneSimulator.platform/Developer/SDKs/iPhoneSimulator26.0.sdk/Developer/Library/Frameworks '-fmodule-map-file=/Users/siam/Library/Developer/Xcode/DerivedData/Lingua_Quest-gvpckrqxtbgyprbgppjfqmimmmfw/Build/Intermediates.noindex/GeneratedModuleMaps-iphonesimulator/GoogleUtilities-Logger.modulemap' '-fmodule-map-file=/Users/siam/Library/Developer/Xcode/DerivedData/Lingua_Quest-gvpckrqxtbgyprbgppjfqmimmmfw/Build/Intermediates.noindex/GeneratedModuleMaps-iphonesimulator/GoogleUtilities-Environment.modulemap' '-fmodule-map-file=/Users/siam/Library/Developer/Xcode/DerivedData/Lingua_Quest-gvpckrqxtbgyprbgppjfqmimmmfw/Build/Intermediates.noindex/GeneratedModuleMaps-iphonesimulator/third-party-IsAppEncrypted.modulemap' -DXcode

WriteAuxiliaryFile /Users/siam/Library/Developer/Xcode/DerivedData/Lingua_Quest-gvpckrqxtbgyprbgppjfqmimmmfw/Build/Intermediates.noindex/GoogleUtilities.build/Debug-iphonesimulator/GoogleUtilities-UserDefaults.build/Objects-normal/arm64/GoogleUtilities-UserDefaults.LinkFileList (in target 'GoogleUtilities-UserDefaults' from project 'GoogleUtilities')
    cd /Users/siam/Library/Developer/Xcode/DerivedData/Lingua_Quest-gvpckrqxtbgyprbgppjfqmimmmfw/SourcePackages/checkouts/GoogleUtilities
    write-file /Users/siam/Library/Developer/Xcode/DerivedData/Lingua_Quest-gvpckrqxtbgyprbgppjfqmimmmfw/Build/Intermediates.noindex/GoogleUtilities.build/Debug-iphonesimulator/GoogleUtilities-UserDefaults.build/Objects-normal/arm64/GoogleUtilities-UserDefaults.LinkFileList

Copy /Users/siam/Library/Developer/Xcode/DerivedData/Lingua_Quest-gvpckrqxtbgyprbgppjfqmimmmfw/Build/Intermediates.noindex/GeneratedModuleMaps-iphonesimulator/GoogleUtilities-UserDefaults.modulemap /Users/siam/Library/Developer/Xcode/DerivedData/Lingua_Quest-gvpckrqxtbgyprbgppjfqmimmmfw/Build/Intermediates.noindex/GoogleUtilities.build/Debug-iphonesimulator/GoogleUtilities-UserDefaults.build/GoogleUtilities-UserDefaults.modulemap (in target 'GoogleUtilities-UserDefaults' from project 'GoogleUtilities')
    cd /Users/siam/Library/Developer/Xcode/DerivedData/Lingua_Quest-gvpckrqxtbgyprbgppjfqmimmmfw/SourcePackages/checkouts/GoogleUtilities
    builtin-copy -exclude .DS_Store -exclude CVS -exclude .svn -exclude .git -exclude .hg -resolve-src-symlinks /Users/siam/Library/Developer/Xcode/DerivedData/Lingua_Quest-gvpckrqxtbgyprbgppjfqmimmmfw/Build/Intermediates.noindex/GoogleUtilities.build/Debug-iphonesimulator/GoogleUtilities-UserDefaults.build/GoogleUtilities-UserDefaults.modulemap /Users/siam/Library/Developer/Xcode/DerivedData/Lingua_Quest-gvpckrqxtbgyprbgppjfqmimmmfw/Build/Intermediates.noindex/GeneratedModuleMaps-iphonesimulator

WriteAuxiliaryFile /Users/siam/Library/Developer/Xcode/DerivedData/Lingua_Quest-gvpckrqxtbgyprbgppjfqmimmmfw/Build/Intermediates.noindex/GoogleUtilities.build/Debug-iphonesimulator/GoogleUtilities-Reachability.build/Objects-normal/arm64/e6072d4f65d7061329687fe24e3d63a7-common-args.resp (in target 'GoogleUtilities-Reachability' from project 'GoogleUtilities')
    cd /Users/siam/Library/Developer/Xcode/DerivedData/Lingua_Quest-gvpckrqxtbgyprbgppjfqmimmmfw/SourcePackages/checkouts/GoogleUtilities
    write-file /Users/siam/Library/Developer/Xcode/DerivedData/Lingua_Quest-gvpckrqxtbgyprbgppjfqmimmmfw/Build/Intermediates.noindex/GoogleUtilities.build/Debug-iphonesimulator/GoogleUtilities-Reachability.build/Objects-normal/arm64/e6072d4f65d7061329687fe24e3d63a7-common-args.resp
-target arm64-apple-ios12.0-simulator '-std=c99' -fobjc-arc -fmodules -gmodules '-fmodules-cache-path=/Users/siam/Library/Developer/Xcode/DerivedData/ModuleCache.noindex' '-fmodule-name=GoogleUtilities_Reachability' -fpascal-strings -O0 -DSWIFT_PACKAGE '-DDEBUG=1' '-DOBJC_OLD_DISPATCH_PROTOTYPES=1' -isysroot /Applications/Xcode.app/Contents/Developer/Platforms/iPhoneSimulator.platform/Developer/SDKs/iPhoneSimulator26.0.sdk -g '-fobjc-abi-version=2' -fobjc-legacy-dispatch -fprofile-instr-generate -fcoverage-mapping -I/Users/siam/Library/Developer/Xcode/DerivedData/Lingua_Quest-gvpckrqxtbgyprbgppjfqmimmmfw/SourcePackages/checkouts/GoogleUtilities/GoogleUtilities/Logger/Public -I/Users/siam/Library/Developer/Xcode/DerivedData/Lingua_Quest-gvpckrqxtbgyprbgppjfqmimmmfw/SourcePackages/checkouts/GoogleUtilities/GoogleUtilities/Environment/Public -I/Users/siam/Library/Developer/Xcode/DerivedData/Lingua_Quest-gvpckrqxtbgyprbgppjfqmimmmfw/SourcePackages/checkouts/GoogleUtilities/third_party/IsAppEncrypted/Public -I/Users/siam/Library/Developer/Xcode/DerivedData/Lingua_Quest-gvpckrqxtbgyprbgppjfqmimmmfw/Build/Products/Debug-iphonesimulator/include -I/Users/siam/Library/Developer/Xcode/DerivedData/Lingua_Quest-gvpckrqxtbgyprbgppjfqmimmmfw/SourcePackages/checkouts/GoogleUtilities/GoogleUtilities/Reachability/Public -I/Users/siam/Library/Developer/Xcode/DerivedData/Lingua_Quest-gvpckrqxtbgyprbgppjfqmimmmfw/SourcePackages/checkouts/GoogleUtilities -I/Users/siam/Library/Developer/Xcode/DerivedData/Lingua_Quest-gvpckrqxtbgyprbgppjfqmimmmfw/Build/Intermediates.noindex/GoogleUtilities.build/Debug-iphonesimulator/GoogleUtilities-Reachability.build/DerivedSources-normal/arm64 -I/Users/siam/Library/Developer/Xcode/DerivedData/Lingua_Quest-gvpckrqxtbgyprbgppjfqmimmmfw/Build/Intermediates.noindex/GoogleUtilities.build/Debug-iphonesimulator/GoogleUtilities-Reachability.build/DerivedSources/arm64 -I/Users/siam/Library/Developer/Xcode/DerivedData/Lingua_Quest-gvpckrqxtbgyprbgppjfqmimmmfw/Build/Intermediates.noindex/GoogleUtilities.build/Debug-iphonesimulator/GoogleUtilities-Reachability.build/DerivedSources -F/Users/siam/Library/Developer/Xcode/DerivedData/Lingua_Quest-gvpckrqxtbgyprbgppjfqmimmmfw/Build/Products/Debug-iphonesimulator/PackageFrameworks -F/Users/siam/Library/Developer/Xcode/DerivedData/Lingua_Quest-gvpckrqxtbgyprbgppjfqmimmmfw/Build/Products/Debug-iphonesimulator/PackageFrameworks -F/Users/siam/Library/Developer/Xcode/DerivedData/Lingua_Quest-gvpckrqxtbgyprbgppjfqmimmmfw/Build/Products/Debug-iphonesimulator/PackageFrameworks -F/Users/siam/Library/Developer/Xcode/DerivedData/Lingua_Quest-gvpckrqxtbgyprbgppjfqmimmmfw/Build/Products/Debug-iphonesimulator -iframework /Applications/Xcode.app/Contents/Developer/Platforms/iPhoneSimulator.platform/Developer/Library/Frameworks -iframework /Applications/Xcode.app/Contents/Developer/Platforms/iPhoneSimulator.platform/Developer/SDKs/iPhoneSimulator26.0.sdk/Developer/Library/Frameworks '-fmodule-map-file=/Users/siam/Library/Developer/Xcode/DerivedData/Lingua_Quest-gvpckrqxtbgyprbgppjfqmimmmfw/Build/Intermediates.noindex/GeneratedModuleMaps-iphonesimulator/GoogleUtilities-Logger.modulemap' '-fmodule-map-file=/Users/siam/Library/Developer/Xcode/DerivedData/Lingua_Quest-gvpckrqxtbgyprbgppjfqmimmmfw/Build/Intermediates.noindex/GeneratedModuleMaps-iphonesimulator/GoogleUtilities-Environment.modulemap' '-fmodule-map-file=/Users/siam/Library/Developer/Xcode/DerivedData/Lingua_Quest-gvpckrqxtbgyprbgppjfqmimmmfw/Build/Intermediates.noindex/GeneratedModuleMaps-iphonesimulator/third-party-IsAppEncrypted.modulemap' -DXcode

Copy /Users/siam/Library/Developer/Xcode/DerivedData/Lingua_Quest-gvpckrqxtbgyprbgppjfqmimmmfw/Build/Intermediates.noindex/GeneratedModuleMaps-iphonesimulator/GoogleUtilities-Reachability.modulemap /Users/siam/Library/Developer/Xcode/DerivedData/Lingua_Quest-gvpckrqxtbgyprbgppjfqmimmmfw/Build/Intermediates.noindex/GoogleUtilities.build/Debug-iphonesimulator/GoogleUtilities-Reachability.build/GoogleUtilities-Reachability.modulemap (in target 'GoogleUtilities-Reachability' from project 'GoogleUtilities')
    cd /Users/siam/Library/Developer/Xcode/DerivedData/Lingua_Quest-gvpckrqxtbgyprbgppjfqmimmmfw/SourcePackages/checkouts/GoogleUtilities
    builtin-copy -exclude .DS_Store -exclude CVS -exclude .svn -exclude .git -exclude .hg -resolve-src-symlinks /Users/siam/Library/Developer/Xcode/DerivedData/Lingua_Quest-gvpckrqxtbgyprbgppjfqmimmmfw/Build/Intermediates.noindex/GoogleUtilities.build/Debug-iphonesimulator/GoogleUtilities-Reachability.build/GoogleUtilities-Reachability.modulemap /Users/siam/Library/Developer/Xcode/DerivedData/Lingua_Quest-gvpckrqxtbgyprbgppjfqmimmmfw/Build/Intermediates.noindex/GeneratedModuleMaps-iphonesimulator

WriteAuxiliaryFile /Users/siam/Library/Developer/Xcode/DerivedData/Lingua_Quest-gvpckrqxtbgyprbgppjfqmimmmfw/Build/Intermediates.noindex/GoogleUtilities.build/Debug-iphonesimulator/GoogleUtilities-Reachability.build/Objects-normal/arm64/GoogleUtilities-Reachability.LinkFileList (in target 'GoogleUtilities-Reachability' from project 'GoogleUtilities')
    cd /Users/siam/Library/Developer/Xcode/DerivedData/Lingua_Quest-gvpckrqxtbgyprbgppjfqmimmmfw/SourcePackages/checkouts/GoogleUtilities
    write-file /Users/siam/Library/Developer/Xcode/DerivedData/Lingua_Quest-gvpckrqxtbgyprbgppjfqmimmmfw/Build/Intermediates.noindex/GoogleUtilities.build/Debug-iphonesimulator/GoogleUtilities-Reachability.build/Objects-normal/arm64/GoogleUtilities-Reachability.LinkFileList

WriteAuxiliaryFile /Users/siam/Library/Developer/Xcode/DerivedData/Lingua_Quest-gvpckrqxtbgyprbgppjfqmimmmfw/Build/Intermediates.noindex/GoogleUtilities.build/Debug-iphonesimulator/GoogleUtilities-Network.build/Objects-normal/arm64/e6072d4f65d7061329687fe24e3d63a7-common-args.resp (in target 'GoogleUtilities-Network' from project 'GoogleUtilities')
    cd /Users/siam/Library/Developer/Xcode/DerivedData/Lingua_Quest-gvpckrqxtbgyprbgppjfqmimmmfw/SourcePackages/checkouts/GoogleUtilities
    write-file /Users/siam/Library/Developer/Xcode/DerivedData/Lingua_Quest-gvpckrqxtbgyprbgppjfqmimmmfw/Build/Intermediates.noindex/GoogleUtilities.build/Debug-iphonesimulator/GoogleUtilities-Network.build/Objects-normal/arm64/e6072d4f65d7061329687fe24e3d63a7-common-args.resp
-target arm64-apple-ios12.0-simulator '-std=c99' -fobjc-arc -fmodules -gmodules '-fmodules-cache-path=/Users/siam/Library/Developer/Xcode/DerivedData/ModuleCache.noindex' '-fmodule-name=GoogleUtilities_Network' -fpascal-strings -O0 -DSWIFT_PACKAGE '-DDEBUG=1' '-DOBJC_OLD_DISPATCH_PROTOTYPES=1' -isysroot /Applications/Xcode.app/Contents/Developer/Platforms/iPhoneSimulator.platform/Developer/SDKs/iPhoneSimulator26.0.sdk -g '-fobjc-abi-version=2' -fobjc-legacy-dispatch -fprofile-instr-generate -fcoverage-mapping -I/Users/siam/Library/Developer/Xcode/DerivedData/Lingua_Quest-gvpckrqxtbgyprbgppjfqmimmmfw/SourcePackages/checkouts/GoogleUtilities/GoogleUtilities/Reachability/Public -I/Users/siam/Library/Developer/Xcode/DerivedData/Lingua_Quest-gvpckrqxtbgyprbgppjfqmimmmfw/SourcePackages/checkouts/GoogleUtilities/GoogleUtilities/NSData+zlib/Public -I/Users/siam/Library/Developer/Xcode/DerivedData/Lingua_Quest-gvpckrqxtbgyprbgppjfqmimmmfw/SourcePackages/checkouts/GoogleUtilities/GoogleUtilities/Logger/Public -I/Users/siam/Library/Developer/Xcode/DerivedData/Lingua_Quest-gvpckrqxtbgyprbgppjfqmimmmfw/SourcePackages/checkouts/GoogleUtilities/GoogleUtilities/Environment/Public -I/Users/siam/Library/Developer/Xcode/DerivedData/Lingua_Quest-gvpckrqxtbgyprbgppjfqmimmmfw/SourcePackages/checkouts/GoogleUtilities/third_party/IsAppEncrypted/Public -I/Users/siam/Library/Developer/Xcode/DerivedData/Lingua_Quest-gvpckrqxtbgyprbgppjfqmimmmfw/Build/Products/Debug-iphonesimulator/include -I/Users/siam/Library/Developer/Xcode/DerivedData/Lingua_Quest-gvpckrqxtbgyprbgppjfqmimmmfw/SourcePackages/checkouts/GoogleUtilities/GoogleUtilities/Network/Public -I/Users/siam/Library/Developer/Xcode/DerivedData/Lingua_Quest-gvpckrqxtbgyprbgppjfqmimmmfw/SourcePackages/checkouts/GoogleUtilities -I/Users/siam/Library/Developer/Xcode/DerivedData/Lingua_Quest-gvpckrqxtbgyprbgppjfqmimmmfw/Build/Intermediates.noindex/GoogleUtilities.build/Debug-iphonesimulator/GoogleUtilities-Network.build/DerivedSources-normal/arm64 -I/Users/siam/Library/Developer/Xcode/DerivedData/Lingua_Quest-gvpckrqxtbgyprbgppjfqmimmmfw/Build/Intermediates.noindex/GoogleUtilities.build/Debug-iphonesimulator/GoogleUtilities-Network.build/DerivedSources/arm64 -I/Users/siam/Library/Developer/Xcode/DerivedData/Lingua_Quest-gvpckrqxtbgyprbgppjfqmimmmfw/Build/Intermediates.noindex/GoogleUtilities.build/Debug-iphonesimulator/GoogleUtilities-Network.build/DerivedSources -F/Users/siam/Library/Developer/Xcode/DerivedData/Lingua_Quest-gvpckrqxtbgyprbgppjfqmimmmfw/Build/Products/Debug-iphonesimulator/PackageFrameworks -F/Users/siam/Library/Developer/Xcode/DerivedData/Lingua_Quest-gvpckrqxtbgyprbgppjfqmimmmfw/Build/Products/Debug-iphonesimulator/PackageFrameworks -F/Users/siam/Library/Developer/Xcode/DerivedData/Lingua_Quest-gvpckrqxtbgyprbgppjfqmimmmfw/Build/Products/Debug-iphonesimulator/PackageFrameworks -F/Users/siam/Library/Developer/Xcode/DerivedData/Lingua_Quest-gvpckrqxtbgyprbgppjfqmimmmfw/Build/Products/Debug-iphonesimulator/PackageFrameworks -F/Users/siam/Library/Developer/Xcode/DerivedData/Lingua_Quest-gvpckrqxtbgyprbgppjfqmimmmfw/Build/Products/Debug-iphonesimulator/PackageFrameworks -F/Users/siam/Library/Developer/Xcode/DerivedData/Lingua_Quest-gvpckrqxtbgyprbgppjfqmimmmfw/Build/Products/Debug-iphonesimulator -iframework /Applications/Xcode.app/Contents/Developer/Platforms/iPhoneSimulator.platform/Developer/Library/Frameworks -iframework /Applications/Xcode.app/Contents/Developer/Platforms/iPhoneSimulator.platform/Developer/SDKs/iPhoneSimulator26.0.sdk/Developer/Library/Frameworks '-fmodule-map-file=/Users/siam/Library/Developer/Xcode/DerivedData/Lingua_Quest-gvpckrqxtbgyprbgppjfqmimmmfw/Build/Intermediates.noindex/GeneratedModuleMaps-iphonesimulator/GoogleUtilities-Reachability.modulemap' '-fmodule-map-file=/Users/siam/Library/Developer/Xcode/DerivedData/Lingua_Quest-gvpckrqxtbgyprbgppjfqmimmmfw/Build/Intermediates.noindex/GeneratedModuleMaps-iphonesimulator/GoogleUtilities-NSData.modulemap' '-fmodule-map-file=/Users/siam/Library/Developer/Xcode/DerivedData/Lingua_Quest-gvpckrqxtbgyprbgppjfqmimmmfw/Build/Intermediates.noindex/GeneratedModuleMaps-iphonesimulator/GoogleUtilities-Logger.modulemap' '-fmodule-map-file=/Users/siam/Library/Developer/Xcode/DerivedData/Lingua_Quest-gvpckrqxtbgyprbgppjfqmimmmfw/Build/Intermediates.noindex/GeneratedModuleMaps-iphonesimulator/GoogleUtilities-Environment.modulemap' '-fmodule-map-file=/Users/siam/Library/Developer/Xcode/DerivedData/Lingua_Quest-gvpckrqxtbgyprbgppjfqmimmmfw/Build/Intermediates.noindex/GeneratedModuleMaps-iphonesimulator/third-party-IsAppEncrypted.modulemap' -DXcode

Copy /Users/siam/Library/Developer/Xcode/DerivedData/Lingua_Quest-gvpckrqxtbgyprbgppjfqmimmmfw/Build/Intermediates.noindex/GeneratedModuleMaps-iphonesimulator/GoogleUtilities-Network.modulemap /Users/siam/Library/Developer/Xcode/DerivedData/Lingua_Quest-gvpckrqxtbgyprbgppjfqmimmmfw/Build/Intermediates.noindex/GoogleUtilities.build/Debug-iphonesimulator/GoogleUtilities-Network.build/GoogleUtilities-Network.modulemap (in target 'GoogleUtilities-Network' from project 'GoogleUtilities')
    cd /Users/siam/Library/Developer/Xcode/DerivedData/Lingua_Quest-gvpckrqxtbgyprbgppjfqmimmmfw/SourcePackages/checkouts/GoogleUtilities
    builtin-copy -exclude .DS_Store -exclude CVS -exclude .svn -exclude .git -exclude .hg -resolve-src-symlinks /Users/siam/Library/Developer/Xcode/DerivedData/Lingua_Quest-gvpckrqxtbgyprbgppjfqmimmmfw/Build/Intermediates.noindex/GoogleUtilities.build/Debug-iphonesimulator/GoogleUtilities-Network.build/GoogleUtilities-Network.modulemap /Users/siam/Library/Developer/Xcode/DerivedData/Lingua_Quest-gvpckrqxtbgyprbgppjfqmimmmfw/Build/Intermediates.noindex/GeneratedModuleMaps-iphonesimulator

WriteAuxiliaryFile /Users/siam/Library/Developer/Xcode/DerivedData/Lingua_Quest-gvpckrqxtbgyprbgppjfqmimmmfw/Build/Intermediates.noindex/GoogleUtilities.build/Debug-iphonesimulator/GoogleUtilities-Network.build/Objects-normal/arm64/GoogleUtilities-Network.LinkFileList (in target 'GoogleUtilities-Network' from project 'GoogleUtilities')
    cd /Users/siam/Library/Developer/Xcode/DerivedData/Lingua_Quest-gvpckrqxtbgyprbgppjfqmimmmfw/SourcePackages/checkouts/GoogleUtilities
    write-file /Users/siam/Library/Developer/Xcode/DerivedData/Lingua_Quest-gvpckrqxtbgyprbgppjfqmimmmfw/Build/Intermediates.noindex/GoogleUtilities.build/Debug-iphonesimulator/GoogleUtilities-Network.build/Objects-normal/arm64/GoogleUtilities-Network.LinkFileList

WriteAuxiliaryFile /Users/siam/Library/Developer/Xcode/DerivedData/Lingua_Quest-gvpckrqxtbgyprbgppjfqmimmmfw/Build/Intermediates.noindex/GoogleUtilities.build/Debug-iphonesimulator/GoogleUtilities-NSData.build/Objects-normal/arm64/e6072d4f65d7061329687fe24e3d63a7-common-args.resp (in target 'GoogleUtilities-NSData' from project 'GoogleUtilities')
    cd /Users/siam/Library/Developer/Xcode/DerivedData/Lingua_Quest-gvpckrqxtbgyprbgppjfqmimmmfw/SourcePackages/checkouts/GoogleUtilities
    write-file /Users/siam/Library/Developer/Xcode/DerivedData/Lingua_Quest-gvpckrqxtbgyprbgppjfqmimmmfw/Build/Intermediates.noindex/GoogleUtilities.build/Debug-iphonesimulator/GoogleUtilities-NSData.build/Objects-normal/arm64/e6072d4f65d7061329687fe24e3d63a7-common-args.resp
-target arm64-apple-ios12.0-simulator '-std=c99' -fobjc-arc -fmodules -gmodules '-fmodules-cache-path=/Users/siam/Library/Developer/Xcode/DerivedData/ModuleCache.noindex' '-fmodule-name=GoogleUtilities_NSData' -fpascal-strings -O0 -DSWIFT_PACKAGE '-DDEBUG=1' '-DOBJC_OLD_DISPATCH_PROTOTYPES=1' -isysroot /Applications/Xcode.app/Contents/Developer/Platforms/iPhoneSimulator.platform/Developer/SDKs/iPhoneSimulator26.0.sdk -g '-fobjc-abi-version=2' -fobjc-legacy-dispatch -fprofile-instr-generate -fcoverage-mapping -I/Users/siam/Library/Developer/Xcode/DerivedData/Lingua_Quest-gvpckrqxtbgyprbgppjfqmimmmfw/Build/Products/Debug-iphonesimulator/include -I/Users/siam/Library/Developer/Xcode/DerivedData/Lingua_Quest-gvpckrqxtbgyprbgppjfqmimmmfw/SourcePackages/checkouts/GoogleUtilities/GoogleUtilities/NSData+zlib/Public -I/Users/siam/Library/Developer/Xcode/DerivedData/Lingua_Quest-gvpckrqxtbgyprbgppjfqmimmmfw/SourcePackages/checkouts/GoogleUtilities -I/Users/siam/Library/Developer/Xcode/DerivedData/Lingua_Quest-gvpckrqxtbgyprbgppjfqmimmmfw/Build/Intermediates.noindex/GoogleUtilities.build/Debug-iphonesimulator/GoogleUtilities-NSData.build/DerivedSources-normal/arm64 -I/Users/siam/Library/Developer/Xcode/DerivedData/Lingua_Quest-gvpckrqxtbgyprbgppjfqmimmmfw/Build/Intermediates.noindex/GoogleUtilities.build/Debug-iphonesimulator/GoogleUtilities-NSData.build/DerivedSources/arm64 -I/Users/siam/Library/Developer/Xcode/DerivedData/Lingua_Quest-gvpckrqxtbgyprbgppjfqmimmmfw/Build/Intermediates.noindex/GoogleUtilities.build/Debug-iphonesimulator/GoogleUtilities-NSData.build/DerivedSources -F/Users/siam/Library/Developer/Xcode/DerivedData/Lingua_Quest-gvpckrqxtbgyprbgppjfqmimmmfw/Build/Products/Debug-iphonesimulator -iframework /Applications/Xcode.app/Contents/Developer/Platforms/iPhoneSimulator.platform/Developer/Library/Frameworks -iframework /Applications/Xcode.app/Contents/Developer/Platforms/iPhoneSimulator.platform/Developer/SDKs/iPhoneSimulator26.0.sdk/Developer/Library/Frameworks -DXcode

WriteAuxiliaryFile /Users/siam/Library/Developer/Xcode/DerivedData/Lingua_Quest-gvpckrqxtbgyprbgppjfqmimmmfw/Build/Intermediates.noindex/GoogleUtilities.build/Debug-iphonesimulator/GoogleUtilities-NSData.build/Objects-normal/arm64/GoogleUtilities-NSData.LinkFileList (in target 'GoogleUtilities-NSData' from project 'GoogleUtilities')
    cd /Users/siam/Library/Developer/Xcode/DerivedData/Lingua_Quest-gvpckrqxtbgyprbgppjfqmimmmfw/SourcePackages/checkouts/GoogleUtilities
    write-file /Users/siam/Library/Developer/Xcode/DerivedData/Lingua_Quest-gvpckrqxtbgyprbgppjfqmimmmfw/Build/Intermediates.noindex/GoogleUtilities.build/Debug-iphonesimulator/GoogleUtilities-NSData.build/Objects-normal/arm64/GoogleUtilities-NSData.LinkFileList

Copy /Users/siam/Library/Developer/Xcode/DerivedData/Lingua_Quest-gvpckrqxtbgyprbgppjfqmimmmfw/Build/Intermediates.noindex/GeneratedModuleMaps-iphonesimulator/GoogleUtilities-NSData.modulemap /Users/siam/Library/Developer/Xcode/DerivedData/Lingua_Quest-gvpckrqxtbgyprbgppjfqmimmmfw/Build/Intermediates.noindex/GoogleUtilities.build/Debug-iphonesimulator/GoogleUtilities-NSData.build/GoogleUtilities-NSData.modulemap (in target 'GoogleUtilities-NSData' from project 'GoogleUtilities')
    cd /Users/siam/Library/Developer/Xcode/DerivedData/Lingua_Quest-gvpckrqxtbgyprbgppjfqmimmmfw/SourcePackages/checkouts/GoogleUtilities
    builtin-copy -exclude .DS_Store -exclude CVS -exclude .svn -exclude .git -exclude .hg -resolve-src-symlinks /Users/siam/Library/Developer/Xcode/DerivedData/Lingua_Quest-gvpckrqxtbgyprbgppjfqmimmmfw/Build/Intermediates.noindex/GoogleUtilities.build/Debug-iphonesimulator/GoogleUtilities-NSData.build/GoogleUtilities-NSData.modulemap /Users/siam/Library/Developer/Xcode/DerivedData/Lingua_Quest-gvpckrqxtbgyprbgppjfqmimmmfw/Build/Intermediates.noindex/GeneratedModuleMaps-iphonesimulator

WriteAuxiliaryFile /Users/siam/Library/Developer/Xcode/DerivedData/Lingua_Quest-gvpckrqxtbgyprbgppjfqmimmmfw/Build/Intermediates.noindex/GoogleUtilities.build/Debug-iphonesimulator/GoogleUtilities-Logger.build/Objects-normal/arm64/e6072d4f65d7061329687fe24e3d63a7-common-args.resp (in target 'GoogleUtilities-Logger' from project 'GoogleUtilities')
    cd /Users/siam/Library/Developer/Xcode/DerivedData/Lingua_Quest-gvpckrqxtbgyprbgppjfqmimmmfw/SourcePackages/checkouts/GoogleUtilities
    write-file /Users/siam/Library/Developer/Xcode/DerivedData/Lingua_Quest-gvpckrqxtbgyprbgppjfqmimmmfw/Build/Intermediates.noindex/GoogleUtilities.build/Debug-iphonesimulator/GoogleUtilities-Logger.build/Objects-normal/arm64/e6072d4f65d7061329687fe24e3d63a7-common-args.resp
-target arm64-apple-ios12.0-simulator '-std=c99' -fobjc-arc -fmodules -gmodules '-fmodules-cache-path=/Users/siam/Library/Developer/Xcode/DerivedData/ModuleCache.noindex' '-fmodule-name=GoogleUtilities_Logger' -fpascal-strings -O0 -DSWIFT_PACKAGE '-DDEBUG=1' '-DOBJC_OLD_DISPATCH_PROTOTYPES=1' -isysroot /Applications/Xcode.app/Contents/Developer/Platforms/iPhoneSimulator.platform/Developer/SDKs/iPhoneSimulator26.0.sdk -g '-fobjc-abi-version=2' -fobjc-legacy-dispatch -fprofile-instr-generate -fcoverage-mapping -I/Users/siam/Library/Developer/Xcode/DerivedData/Lingua_Quest-gvpckrqxtbgyprbgppjfqmimmmfw/SourcePackages/checkouts/GoogleUtilities/GoogleUtilities/Environment/Public -I/Users/siam/Library/Developer/Xcode/DerivedData/Lingua_Quest-gvpckrqxtbgyprbgppjfqmimmmfw/SourcePackages/checkouts/GoogleUtilities/third_party/IsAppEncrypted/Public -I/Users/siam/Library/Developer/Xcode/DerivedData/Lingua_Quest-gvpckrqxtbgyprbgppjfqmimmmfw/Build/Products/Debug-iphonesimulator/include -I/Users/siam/Library/Developer/Xcode/DerivedData/Lingua_Quest-gvpckrqxtbgyprbgppjfqmimmmfw/SourcePackages/checkouts/GoogleUtilities/GoogleUtilities/Logger/Public -I/Users/siam/Library/Developer/Xcode/DerivedData/Lingua_Quest-gvpckrqxtbgyprbgppjfqmimmmfw/SourcePackages/checkouts/GoogleUtilities -I/Users/siam/Library/Developer/Xcode/DerivedData/Lingua_Quest-gvpckrqxtbgyprbgppjfqmimmmfw/Build/Intermediates.noindex/GoogleUtilities.build/Debug-iphonesimulator/GoogleUtilities-Logger.build/DerivedSources-normal/arm64 -I/Users/siam/Library/Developer/Xcode/DerivedData/Lingua_Quest-gvpckrqxtbgyprbgppjfqmimmmfw/Build/Intermediates.noindex/GoogleUtilities.build/Debug-iphonesimulator/GoogleUtilities-Logger.build/DerivedSources/arm64 -I/Users/siam/Library/Developer/Xcode/DerivedData/Lingua_Quest-gvpckrqxtbgyprbgppjfqmimmmfw/Build/Intermediates.noindex/GoogleUtilities.build/Debug-iphonesimulator/GoogleUtilities-Logger.build/DerivedSources -F/Users/siam/Library/Developer/Xcode/DerivedData/Lingua_Quest-gvpckrqxtbgyprbgppjfqmimmmfw/Build/Products/Debug-iphonesimulator/PackageFrameworks -F/Users/siam/Library/Developer/Xcode/DerivedData/Lingua_Quest-gvpckrqxtbgyprbgppjfqmimmmfw/Build/Products/Debug-iphonesimulator/PackageFrameworks -F/Users/siam/Library/Developer/Xcode/DerivedData/Lingua_Quest-gvpckrqxtbgyprbgppjfqmimmmfw/Build/Products/Debug-iphonesimulator -iframework /Applications/Xcode.app/Contents/Developer/Platforms/iPhoneSimulator.platform/Developer/Library/Frameworks -iframework /Applications/Xcode.app/Contents/Developer/Platforms/iPhoneSimulator.platform/Developer/SDKs/iPhoneSimulator26.0.sdk/Developer/Library/Frameworks '-fmodule-map-file=/Users/siam/Library/Developer/Xcode/DerivedData/Lingua_Quest-gvpckrqxtbgyprbgppjfqmimmmfw/Build/Intermediates.noindex/GeneratedModuleMaps-iphonesimulator/GoogleUtilities-Environment.modulemap' '-fmodule-map-file=/Users/siam/Library/Developer/Xcode/DerivedData/Lingua_Quest-gvpckrqxtbgyprbgppjfqmimmmfw/Build/Intermediates.noindex/GeneratedModuleMaps-iphonesimulator/third-party-IsAppEncrypted.modulemap' -DXcode

WriteAuxiliaryFile /Users/siam/Library/Developer/Xcode/DerivedData/Lingua_Quest-gvpckrqxtbgyprbgppjfqmimmmfw/Build/Intermediates.noindex/GoogleUtilities.build/Debug-iphonesimulator/GoogleUtilities-Logger.build/Objects-normal/arm64/GoogleUtilities-Logger.LinkFileList (in target 'GoogleUtilities-Logger' from project 'GoogleUtilities')
    cd /Users/siam/Library/Developer/Xcode/DerivedData/Lingua_Quest-gvpckrqxtbgyprbgppjfqmimmmfw/SourcePackages/checkouts/GoogleUtilities
    write-file /Users/siam/Library/Developer/Xcode/DerivedData/Lingua_Quest-gvpckrqxtbgyprbgppjfqmimmmfw/Build/Intermediates.noindex/GoogleUtilities.build/Debug-iphonesimulator/GoogleUtilities-Logger.build/Objects-normal/arm64/GoogleUtilities-Logger.LinkFileList

Copy /Users/siam/Library/Developer/Xcode/DerivedData/Lingua_Quest-gvpckrqxtbgyprbgppjfqmimmmfw/Build/Intermediates.noindex/GeneratedModuleMaps-iphonesimulator/GoogleUtilities-Logger.modulemap /Users/siam/Library/Developer/Xcode/DerivedData/Lingua_Quest-gvpckrqxtbgyprbgppjfqmimmmfw/Build/Intermediates.noindex/GoogleUtilities.build/Debug-iphonesimulator/GoogleUtilities-Logger.build/GoogleUtilities-Logger.modulemap (in target 'GoogleUtilities-Logger' from project 'GoogleUtilities')
    cd /Users/siam/Library/Developer/Xcode/DerivedData/Lingua_Quest-gvpckrqxtbgyprbgppjfqmimmmfw/SourcePackages/checkouts/GoogleUtilities
    builtin-copy -exclude .DS_Store -exclude CVS -exclude .svn -exclude .git -exclude .hg -resolve-src-symlinks /Users/siam/Library/Developer/Xcode/DerivedData/Lingua_Quest-gvpckrqxtbgyprbgppjfqmimmmfw/Build/Intermediates.noindex/GoogleUtilities.build/Debug-iphonesimulator/GoogleUtilities-Logger.build/GoogleUtilities-Logger.modulemap /Users/siam/Library/Developer/Xcode/DerivedData/Lingua_Quest-gvpckrqxtbgyprbgppjfqmimmmfw/Build/Intermediates.noindex/GeneratedModuleMaps-iphonesimulator

WriteAuxiliaryFile /Users/siam/Library/Developer/Xcode/DerivedData/Lingua_Quest-gvpckrqxtbgyprbgppjfqmimmmfw/Build/Intermediates.noindex/GoogleUtilities.build/Debug-iphonesimulator/GoogleUtilities-Environment.build/Objects-normal/arm64/e6072d4f65d7061329687fe24e3d63a7-common-args.resp (in target 'GoogleUtilities-Environment' from project 'GoogleUtilities')
    cd /Users/siam/Library/Developer/Xcode/DerivedData/Lingua_Quest-gvpckrqxtbgyprbgppjfqmimmmfw/SourcePackages/checkouts/GoogleUtilities
    write-file /Users/siam/Library/Developer/Xcode/DerivedData/Lingua_Quest-gvpckrqxtbgyprbgppjfqmimmmfw/Build/Intermediates.noindex/GoogleUtilities.build/Debug-iphonesimulator/GoogleUtilities-Environment.build/Objects-normal/arm64/e6072d4f65d7061329687fe24e3d63a7-common-args.resp
-target arm64-apple-ios12.0-simulator '-std=c99' -fobjc-arc -fmodules -gmodules '-fmodules-cache-path=/Users/siam/Library/Developer/Xcode/DerivedData/ModuleCache.noindex' '-fmodule-name=GoogleUtilities_Environment' -fpascal-strings -O0 -DSWIFT_PACKAGE '-DDEBUG=1' '-DOBJC_OLD_DISPATCH_PROTOTYPES=1' -isysroot /Applications/Xcode.app/Contents/Developer/Platforms/iPhoneSimulator.platform/Developer/SDKs/iPhoneSimulator26.0.sdk -g '-fobjc-abi-version=2' -fobjc-legacy-dispatch -fprofile-instr-generate -fcoverage-mapping -I/Users/siam/Library/Developer/Xcode/DerivedData/Lingua_Quest-gvpckrqxtbgyprbgppjfqmimmmfw/SourcePackages/checkouts/GoogleUtilities/third_party/IsAppEncrypted/Public -I/Users/siam/Library/Developer/Xcode/DerivedData/Lingua_Quest-gvpckrqxtbgyprbgppjfqmimmmfw/Build/Products/Debug-iphonesimulator/include -I/Users/siam/Library/Developer/Xcode/DerivedData/Lingua_Quest-gvpckrqxtbgyprbgppjfqmimmmfw/SourcePackages/checkouts/GoogleUtilities/GoogleUtilities/Environment/Public -I/Users/siam/Library/Developer/Xcode/DerivedData/Lingua_Quest-gvpckrqxtbgyprbgppjfqmimmmfw/SourcePackages/checkouts/GoogleUtilities -I/Users/siam/Library/Developer/Xcode/DerivedData/Lingua_Quest-gvpckrqxtbgyprbgppjfqmimmmfw/Build/Intermediates.noindex/GoogleUtilities.build/Debug-iphonesimulator/GoogleUtilities-Environment.build/DerivedSources-normal/arm64 -I/Users/siam/Library/Developer/Xcode/DerivedData/Lingua_Quest-gvpckrqxtbgyprbgppjfqmimmmfw/Build/Intermediates.noindex/GoogleUtilities.build/Debug-iphonesimulator/GoogleUtilities-Environment.build/DerivedSources/arm64 -I/Users/siam/Library/Developer/Xcode/DerivedData/Lingua_Quest-gvpckrqxtbgyprbgppjfqmimmmfw/Build/Intermediates.noindex/GoogleUtilities.build/Debug-iphonesimulator/GoogleUtilities-Environment.build/DerivedSources -F/Users/siam/Library/Developer/Xcode/DerivedData/Lingua_Quest-gvpckrqxtbgyprbgppjfqmimmmfw/Build/Products/Debug-iphonesimulator/PackageFrameworks -F/Users/siam/Library/Developer/Xcode/DerivedData/Lingua_Quest-gvpckrqxtbgyprbgppjfqmimmmfw/Build/Products/Debug-iphonesimulator -iframework /Applications/Xcode.app/Contents/Developer/Platforms/iPhoneSimulator.platform/Developer/Library/Frameworks -iframework /Applications/Xcode.app/Contents/Developer/Platforms/iPhoneSimulator.platform/Developer/SDKs/iPhoneSimulator26.0.sdk/Developer/Library/Frameworks '-fmodule-map-file=/Users/siam/Library/Developer/Xcode/DerivedData/Lingua_Quest-gvpckrqxtbgyprbgppjfqmimmmfw/Build/Intermediates.noindex/GeneratedModuleMaps-iphonesimulator/third-party-IsAppEncrypted.modulemap' -DXcode

WriteAuxiliaryFile /Users/siam/Library/Developer/Xcode/DerivedData/Lingua_Quest-gvpckrqxtbgyprbgppjfqmimmmfw/Build/Intermediates.noindex/GoogleUtilities.build/Debug-iphonesimulator/GoogleUtilities-Environment.build/Objects-normal/arm64/GoogleUtilities-Environment.LinkFileList (in target 'GoogleUtilities-Environment' from project 'GoogleUtilities')
    cd /Users/siam/Library/Developer/Xcode/DerivedData/Lingua_Quest-gvpckrqxtbgyprbgppjfqmimmmfw/SourcePackages/checkouts/GoogleUtilities
    write-file /Users/siam/Library/Developer/Xcode/DerivedData/Lingua_Quest-gvpckrqxtbgyprbgppjfqmimmmfw/Build/Intermediates.noindex/GoogleUtilities.build/Debug-iphonesimulator/GoogleUtilities-Environment.build/Objects-normal/arm64/GoogleUtilities-Environment.LinkFileList

Copy /Users/siam/Library/Developer/Xcode/DerivedData/Lingua_Quest-gvpckrqxtbgyprbgppjfqmimmmfw/Build/Intermediates.noindex/GeneratedModuleMaps-iphonesimulator/GoogleUtilities-Environment.modulemap /Users/siam/Library/Developer/Xcode/DerivedData/Lingua_Quest-gvpckrqxtbgyprbgppjfqmimmmfw/Build/Intermediates.noindex/GoogleUtilities.build/Debug-iphonesimulator/GoogleUtilities-Environment.build/GoogleUtilities-Environment.modulemap (in target 'GoogleUtilities-Environment' from project 'GoogleUtilities')
    cd /Users/siam/Library/Developer/Xcode/DerivedData/Lingua_Quest-gvpckrqxtbgyprbgppjfqmimmmfw/SourcePackages/checkouts/GoogleUtilities
    builtin-copy -exclude .DS_Store -exclude CVS -exclude .svn -exclude .git -exclude .hg -resolve-src-symlinks /Users/siam/Library/Developer/Xcode/DerivedData/Lingua_Quest-gvpckrqxtbgyprbgppjfqmimmmfw/Build/Intermediates.noindex/GoogleUtilities.build/Debug-iphonesimulator/GoogleUtilities-Environment.build/GoogleUtilities-Environment.modulemap /Users/siam/Library/Developer/Xcode/DerivedData/Lingua_Quest-gvpckrqxtbgyprbgppjfqmimmmfw/Build/Intermediates.noindex/GeneratedModuleMaps-iphonesimulator

WriteAuxiliaryFile /Users/siam/Library/Developer/Xcode/DerivedData/Lingua_Quest-gvpckrqxtbgyprbgppjfqmimmmfw/Build/Intermediates.noindex/GoogleUtilities.build/Debug-iphonesimulator/GoogleUtilities-AppDelegateSwizzler.build/Objects-normal/arm64/e6072d4f65d7061329687fe24e3d63a7-common-args.resp (in target 'GoogleUtilities-AppDelegateSwizzler' from project 'GoogleUtilities')
    cd /Users/siam/Library/Developer/Xcode/DerivedData/Lingua_Quest-gvpckrqxtbgyprbgppjfqmimmmfw/SourcePackages/checkouts/GoogleUtilities
    write-file /Users/siam/Library/Developer/Xcode/DerivedData/Lingua_Quest-gvpckrqxtbgyprbgppjfqmimmmfw/Build/Intermediates.noindex/GoogleUtilities.build/Debug-iphonesimulator/GoogleUtilities-AppDelegateSwizzler.build/Objects-normal/arm64/e6072d4f65d7061329687fe24e3d63a7-common-args.resp
-target arm64-apple-ios12.0-simulator '-std=c99' -fobjc-arc -fmodules -gmodules '-fmodules-cache-path=/Users/siam/Library/Developer/Xcode/DerivedData/ModuleCache.noindex' '-fmodule-name=GoogleUtilities_AppDelegateSwizzler' -fpascal-strings -O0 -DSWIFT_PACKAGE '-DDEBUG=1' '-DOBJC_OLD_DISPATCH_PROTOTYPES=1' -isysroot /Applications/Xcode.app/Contents/Developer/Platforms/iPhoneSimulator.platform/Developer/SDKs/iPhoneSimulator26.0.sdk -g '-fobjc-abi-version=2' -fobjc-legacy-dispatch -fprofile-instr-generate -fcoverage-mapping -I/Users/siam/Library/Developer/Xcode/DerivedData/Lingua_Quest-gvpckrqxtbgyprbgppjfqmimmmfw/SourcePackages/checkouts/GoogleUtilities/GoogleUtilities/Network/Public -I/Users/siam/Library/Developer/Xcode/DerivedData/Lingua_Quest-gvpckrqxtbgyprbgppjfqmimmmfw/SourcePackages/checkouts/GoogleUtilities/GoogleUtilities/Reachability/Public -I/Users/siam/Library/Developer/Xcode/DerivedData/Lingua_Quest-gvpckrqxtbgyprbgppjfqmimmmfw/SourcePackages/checkouts/GoogleUtilities/GoogleUtilities/NSData+zlib/Public -I/Users/siam/Library/Developer/Xcode/DerivedData/Lingua_Quest-gvpckrqxtbgyprbgppjfqmimmmfw/SourcePackages/checkouts/GoogleUtilities/GoogleUtilities/Logger/Public -I/Users/siam/Library/Developer/Xcode/DerivedData/Lingua_Quest-gvpckrqxtbgyprbgppjfqmimmmfw/SourcePackages/checkouts/GoogleUtilities/GoogleUtilities/Environment/Public -I/Users/siam/Library/Developer/Xcode/DerivedData/Lingua_Quest-gvpckrqxtbgyprbgppjfqmimmmfw/SourcePackages/checkouts/GoogleUtilities/third_party/IsAppEncrypted/Public -I/Users/siam/Library/Developer/Xcode/DerivedData/Lingua_Quest-gvpckrqxtbgyprbgppjfqmimmmfw/Build/Products/Debug-iphonesimulator/include -I/Users/siam/Library/Developer/Xcode/DerivedData/Lingua_Quest-gvpckrqxtbgyprbgppjfqmimmmfw/SourcePackages/checkouts/GoogleUtilities/GoogleUtilities/AppDelegateSwizzler/Public -I/Users/siam/Library/Developer/Xcode/DerivedData/Lingua_Quest-gvpckrqxtbgyprbgppjfqmimmmfw/SourcePackages/checkouts/GoogleUtilities -I/Users/siam/Library/Developer/Xcode/DerivedData/Lingua_Quest-gvpckrqxtbgyprbgppjfqmimmmfw/Build/Intermediates.noindex/GoogleUtilities.build/Debug-iphonesimulator/GoogleUtilities-AppDelegateSwizzler.build/DerivedSources-normal/arm64 -I/Users/siam/Library/Developer/Xcode/DerivedData/Lingua_Quest-gvpckrqxtbgyprbgppjfqmimmmfw/Build/Intermediates.noindex/GoogleUtilities.build/Debug-iphonesimulator/GoogleUtilities-AppDelegateSwizzler.build/DerivedSources/arm64 -I/Users/siam/Library/Developer/Xcode/DerivedData/Lingua_Quest-gvpckrqxtbgyprbgppjfqmimmmfw/Build/Intermediates.noindex/GoogleUtilities.build/Debug-iphonesimulator/GoogleUtilities-AppDelegateSwizzler.build/DerivedSources -F/Users/siam/Library/Developer/Xcode/DerivedData/Lingua_Quest-gvpckrqxtbgyprbgppjfqmimmmfw/Build/Products/Debug-iphonesimulator/PackageFrameworks -F/Users/siam/Library/Developer/Xcode/DerivedData/Lingua_Quest-gvpckrqxtbgyprbgppjfqmimmmfw/Build/Products/Debug-iphonesimulator/PackageFrameworks -F/Users/siam/Library/Developer/Xcode/DerivedData/Lingua_Quest-gvpckrqxtbgyprbgppjfqmimmmfw/Build/Products/Debug-iphonesimulator/PackageFrameworks -F/Users/siam/Library/Developer/Xcode/DerivedData/Lingua_Quest-gvpckrqxtbgyprbgppjfqmimmmfw/Build/Products/Debug-iphonesimulator/PackageFrameworks -F/Users/siam/Library/Developer/Xcode/DerivedData/Lingua_Quest-gvpckrqxtbgyprbgppjfqmimmmfw/Build/Products/Debug-iphonesimulator/PackageFrameworks -F/Users/siam/Library/Developer/Xcode/DerivedData/Lingua_Quest-gvpckrqxtbgyprbgppjfqmimmmfw/Build/Products/Debug-iphonesimulator/PackageFrameworks -F/Users/siam/Library/Developer/Xcode/DerivedData/Lingua_Quest-gvpckrqxtbgyprbgppjfqmimmmfw/Build/Products/Debug-iphonesimulator -iframework /Applications/Xcode.app/Contents/Developer/Platforms/iPhoneSimulator.platform/Developer/Library/Frameworks -iframework /Applications/Xcode.app/Contents/Developer/Platforms/iPhoneSimulator.platform/Developer/SDKs/iPhoneSimulator26.0.sdk/Developer/Library/Frameworks '-fmodule-map-file=/Users/siam/Library/Developer/Xcode/DerivedData/Lingua_Quest-gvpckrqxtbgyprbgppjfqmimmmfw/Build/Intermediates.noindex/GeneratedModuleMaps-iphonesimulator/GoogleUtilities-Network.modulemap' '-fmodule-map-file=/Users/siam/Library/Developer/Xcode/DerivedData/Lingua_Quest-gvpckrqxtbgyprbgppjfqmimmmfw/Build/Intermediates.noindex/GeneratedModuleMaps-iphonesimulator/GoogleUtilities-Reachability.modulemap' '-fmodule-map-file=/Users/siam/Library/Developer/Xcode/DerivedData/Lingua_Quest-gvpckrqxtbgyprbgppjfqmimmmfw/Build/Intermediates.noindex/GeneratedModuleMaps-iphonesimulator/GoogleUtilities-NSData.modulemap' '-fmodule-map-file=/Users/siam/Library/Developer/Xcode/DerivedData/Lingua_Quest-gvpckrqxtbgyprbgppjfqmimmmfw/Build/Intermediates.noindex/GeneratedModuleMaps-iphonesimulator/GoogleUtilities-Logger.modulemap' '-fmodule-map-file=/Users/siam/Library/Developer/Xcode/DerivedData/Lingua_Quest-gvpckrqxtbgyprbgppjfqmimmmfw/Build/Intermediates.noindex/GeneratedModuleMaps-iphonesimulator/GoogleUtilities-Environment.modulemap' '-fmodule-map-file=/Users/siam/Library/Developer/Xcode/DerivedData/Lingua_Quest-gvpckrqxtbgyprbgppjfqmimmmfw/Build/Intermediates.noindex/GeneratedModuleMaps-iphonesimulator/third-party-IsAppEncrypted.modulemap' -DXcode

WriteAuxiliaryFile /Users/siam/Library/Developer/Xcode/DerivedData/Lingua_Quest-gvpckrqxtbgyprbgppjfqmimmmfw/Build/Intermediates.noindex/GoogleUtilities.build/Debug-iphonesimulator/GoogleUtilities-AppDelegateSwizzler.build/Objects-normal/arm64/GoogleUtilities-AppDelegateSwizzler.LinkFileList (in target 'GoogleUtilities-AppDelegateSwizzler' from project 'GoogleUtilities')
    cd /Users/siam/Library/Developer/Xcode/DerivedData/Lingua_Quest-gvpckrqxtbgyprbgppjfqmimmmfw/SourcePackages/checkouts/GoogleUtilities
    write-file /Users/siam/Library/Developer/Xcode/DerivedData/Lingua_Quest-gvpckrqxtbgyprbgppjfqmimmmfw/Build/Intermediates.noindex/GoogleUtilities.build/Debug-iphonesimulator/GoogleUtilities-AppDelegateSwizzler.build/Objects-normal/arm64/GoogleUtilities-AppDelegateSwizzler.LinkFileList

Copy /Users/siam/Library/Developer/Xcode/DerivedData/Lingua_Quest-gvpckrqxtbgyprbgppjfqmimmmfw/Build/Intermediates.noindex/GeneratedModuleMaps-iphonesimulator/GoogleUtilities-AppDelegateSwizzler.modulemap /Users/siam/Library/Developer/Xcode/DerivedData/Lingua_Quest-gvpckrqxtbgyprbgppjfqmimmmfw/Build/Intermediates.noindex/GoogleUtilities.build/Debug-iphonesimulator/GoogleUtilities-AppDelegateSwizzler.build/GoogleUtilities-AppDelegateSwizzler.modulemap (in target 'GoogleUtilities-AppDelegateSwizzler' from project 'GoogleUtilities')
    cd /Users/siam/Library/Developer/Xcode/DerivedData/Lingua_Quest-gvpckrqxtbgyprbgppjfqmimmmfw/SourcePackages/checkouts/GoogleUtilities
    builtin-copy -exclude .DS_Store -exclude CVS -exclude .svn -exclude .git -exclude .hg -resolve-src-symlinks /Users/siam/Library/Developer/Xcode/DerivedData/Lingua_Quest-gvpckrqxtbgyprbgppjfqmimmmfw/Build/Intermediates.noindex/GoogleUtilities.build/Debug-iphonesimulator/GoogleUtilities-AppDelegateSwizzler.build/GoogleUtilities-AppDelegateSwizzler.modulemap /Users/siam/Library/Developer/Xcode/DerivedData/Lingua_Quest-gvpckrqxtbgyprbgppjfqmimmmfw/Build/Intermediates.noindex/GeneratedModuleMaps-iphonesimulator

WriteAuxiliaryFile /Users/siam/Library/Developer/Xcode/DerivedData/Lingua_Quest-gvpckrqxtbgyprbgppjfqmimmmfw/Build/Intermediates.noindex/GoogleSignIn.build/Debug-iphonesimulator/GoogleSignInSwift.build/Objects-normal/x86_64/GoogleSignInSwift.SwiftConstValuesFileList (in target 'GoogleSignInSwift' from project 'GoogleSignIn')
    cd /Users/siam/Library/Developer/Xcode/DerivedData/Lingua_Quest-gvpckrqxtbgyprbgppjfqmimmmfw/SourcePackages/checkouts/GoogleSignIn-iOS
    write-file /Users/siam/Library/Developer/Xcode/DerivedData/Lingua_Quest-gvpckrqxtbgyprbgppjfqmimmmfw/Build/Intermediates.noindex/GoogleSignIn.build/Debug-iphonesimulator/GoogleSignInSwift.build/Objects-normal/x86_64/GoogleSignInSwift.SwiftConstValuesFileList

WriteAuxiliaryFile /Users/siam/Library/Developer/Xcode/DerivedData/Lingua_Quest-gvpckrqxtbgyprbgppjfqmimmmfw/Build/Intermediates.noindex/GoogleSignIn.build/Debug-iphonesimulator/GoogleSignInSwift.build/Objects-normal/arm64/GoogleSignInSwift_const_extract_protocols.json (in target 'GoogleSignInSwift' from project 'GoogleSignIn')
    cd /Users/siam/Library/Developer/Xcode/DerivedData/Lingua_Quest-gvpckrqxtbgyprbgppjfqmimmmfw/SourcePackages/checkouts/GoogleSignIn-iOS
    write-file /Users/siam/Library/Developer/Xcode/DerivedData/Lingua_Quest-gvpckrqxtbgyprbgppjfqmimmmfw/Build/Intermediates.noindex/GoogleSignIn.build/Debug-iphonesimulator/GoogleSignInSwift.build/Objects-normal/arm64/GoogleSignInSwift_const_extract_protocols.json

WriteAuxiliaryFile /Users/siam/Library/Developer/Xcode/DerivedData/Lingua_Quest-gvpckrqxtbgyprbgppjfqmimmmfw/Build/Intermediates.noindex/GoogleSignIn.build/Debug-iphonesimulator/GoogleSignInSwift.build/Objects-normal/arm64/GoogleSignInSwift.LinkFileList (in target 'GoogleSignInSwift' from project 'GoogleSignIn')
    cd /Users/siam/Library/Developer/Xcode/DerivedData/Lingua_Quest-gvpckrqxtbgyprbgppjfqmimmmfw/SourcePackages/checkouts/GoogleSignIn-iOS
    write-file /Users/siam/Library/Developer/Xcode/DerivedData/Lingua_Quest-gvpckrqxtbgyprbgppjfqmimmmfw/Build/Intermediates.noindex/GoogleSignIn.build/Debug-iphonesimulator/GoogleSignInSwift.build/Objects-normal/arm64/GoogleSignInSwift.LinkFileList

WriteAuxiliaryFile /Users/siam/Library/Developer/Xcode/DerivedData/Lingua_Quest-gvpckrqxtbgyprbgppjfqmimmmfw/Build/Intermediates.noindex/GoogleSignIn.build/Debug-iphonesimulator/GoogleSignInSwift.build/Objects-normal/arm64/GoogleSignInSwift.SwiftConstValuesFileList (in target 'GoogleSignInSwift' from project 'GoogleSignIn')
    cd /Users/siam/Library/Developer/Xcode/DerivedData/Lingua_Quest-gvpckrqxtbgyprbgppjfqmimmmfw/SourcePackages/checkouts/GoogleSignIn-iOS
    write-file /Users/siam/Library/Developer/Xcode/DerivedData/Lingua_Quest-gvpckrqxtbgyprbgppjfqmimmmfw/Build/Intermediates.noindex/GoogleSignIn.build/Debug-iphonesimulator/GoogleSignInSwift.build/Objects-normal/arm64/GoogleSignInSwift.SwiftConstValuesFileList

WriteAuxiliaryFile /Users/siam/Library/Developer/Xcode/DerivedData/Lingua_Quest-gvpckrqxtbgyprbgppjfqmimmmfw/Build/Intermediates.noindex/GoogleSignIn.build/Debug-iphonesimulator/GoogleSignInSwift.build/Objects-normal/arm64/GoogleSignInSwift-OutputFileMap.json (in target 'GoogleSignInSwift' from project 'GoogleSignIn')
    cd /Users/siam/Library/Developer/Xcode/DerivedData/Lingua_Quest-gvpckrqxtbgyprbgppjfqmimmmfw/SourcePackages/checkouts/GoogleSignIn-iOS
    write-file /Users/siam/Library/Developer/Xcode/DerivedData/Lingua_Quest-gvpckrqxtbgyprbgppjfqmimmmfw/Build/Intermediates.noindex/GoogleSignIn.build/Debug-iphonesimulator/GoogleSignInSwift.build/Objects-normal/arm64/GoogleSignInSwift-OutputFileMap.json

WriteAuxiliaryFile /Users/siam/Library/Developer/Xcode/DerivedData/Lingua_Quest-gvpckrqxtbgyprbgppjfqmimmmfw/Build/Intermediates.noindex/GoogleSignIn.build/Debug-iphonesimulator/GoogleSignInSwift.build/Objects-normal/arm64/GoogleSignInSwift.SwiftFileList (in target 'GoogleSignInSwift' from project 'GoogleSignIn')
    cd /Users/siam/Library/Developer/Xcode/DerivedData/Lingua_Quest-gvpckrqxtbgyprbgppjfqmimmmfw/SourcePackages/checkouts/GoogleSignIn-iOS
    write-file /Users/siam/Library/Developer/Xcode/DerivedData/Lingua_Quest-gvpckrqxtbgyprbgppjfqmimmmfw/Build/Intermediates.noindex/GoogleSignIn.build/Debug-iphonesimulator/GoogleSignInSwift.build/Objects-normal/arm64/GoogleSignInSwift.SwiftFileList

Copy /Users/siam/Library/Developer/Xcode/DerivedData/Lingua_Quest-gvpckrqxtbgyprbgppjfqmimmmfw/Build/Intermediates.noindex/GeneratedModuleMaps-iphonesimulator/GoogleSignInSwift.modulemap /Users/siam/Library/Developer/Xcode/DerivedData/Lingua_Quest-gvpckrqxtbgyprbgppjfqmimmmfw/Build/Intermediates.noindex/GoogleSignIn.build/Debug-iphonesimulator/GoogleSignInSwift.build/GoogleSignInSwift.modulemap (in target 'GoogleSignInSwift' from project 'GoogleSignIn')
    cd /Users/siam/Library/Developer/Xcode/DerivedData/Lingua_Quest-gvpckrqxtbgyprbgppjfqmimmmfw/SourcePackages/checkouts/GoogleSignIn-iOS
    builtin-copy -exclude .DS_Store -exclude CVS -exclude .svn -exclude .git -exclude .hg -resolve-src-symlinks /Users/siam/Library/Developer/Xcode/DerivedData/Lingua_Quest-gvpckrqxtbgyprbgppjfqmimmmfw/Build/Intermediates.noindex/GoogleSignIn.build/Debug-iphonesimulator/GoogleSignInSwift.build/GoogleSignInSwift.modulemap /Users/siam/Library/Developer/Xcode/DerivedData/Lingua_Quest-gvpckrqxtbgyprbgppjfqmimmmfw/Build/Intermediates.noindex/GeneratedModuleMaps-iphonesimulator

WriteAuxiliaryFile /Users/siam/Library/Developer/Xcode/DerivedData/Lingua_Quest-gvpckrqxtbgyprbgppjfqmimmmfw/Build/Intermediates.noindex/GoogleSignIn.build/Debug-iphonesimulator/GoogleSignIn.build/Objects-normal/arm64/e6072d4f65d7061329687fe24e3d63a7-common-args.resp (in target 'GoogleSignIn' from project 'GoogleSignIn')
    cd /Users/siam/Library/Developer/Xcode/DerivedData/Lingua_Quest-gvpckrqxtbgyprbgppjfqmimmmfw/SourcePackages/checkouts/GoogleSignIn-iOS
    write-file /Users/siam/Library/Developer/Xcode/DerivedData/Lingua_Quest-gvpckrqxtbgyprbgppjfqmimmmfw/Build/Intermediates.noindex/GoogleSignIn.build/Debug-iphonesimulator/GoogleSignIn.build/Objects-normal/arm64/e6072d4f65d7061329687fe24e3d63a7-common-args.resp
-target arm64-apple-ios12.0-simulator -fobjc-arc -fmodules -gmodules '-fmodules-cache-path=/Users/siam/Library/Developer/Xcode/DerivedData/ModuleCache.noindex' '-fmodule-name=GoogleSignIn' -fpascal-strings -O0 -DSWIFT_PACKAGE '-DDEBUG=1' '-DGID_SDK_VERSION=9.2.0' '-DOBJC_OLD_DISPATCH_PROTOTYPES=1' -isysroot /Applications/Xcode.app/Contents/Developer/Platforms/iPhoneSimulator.platform/Developer/SDKs/iPhoneSimulator26.0.sdk -g '-fobjc-abi-version=2' -fobjc-legacy-dispatch -fprofile-instr-generate -fcoverage-mapping -I/Users/siam/Library/Developer/Xcode/DerivedData/Lingua_Quest-gvpckrqxtbgyprbgppjfqmimmmfw/SourcePackages/checkouts/AppAuth-iOS/Sources/AppAuth -I/Users/siam/Library/Developer/Xcode/DerivedData/Lingua_Quest-gvpckrqxtbgyprbgppjfqmimmmfw/SourcePackages/checkouts/AppAuth-iOS/Sources/AppAuthCore -I/Users/siam/Library/Developer/Xcode/DerivedData/Lingua_Quest-gvpckrqxtbgyprbgppjfqmimmmfw/SourcePackages/checkouts/promises/Sources/FBLPromises/include -I/Users/siam/Library/Developer/Xcode/DerivedData/Lingua_Quest-gvpckrqxtbgyprbgppjfqmimmmfw/SourcePackages/checkouts/GoogleUtilities/GoogleUtilities/Logger/Public -I/Users/siam/Library/Developer/Xcode/DerivedData/Lingua_Quest-gvpckrqxtbgyprbgppjfqmimmmfw/SourcePackages/checkouts/GoogleUtilities/GoogleUtilities/Environment/Public -I/Users/siam/Library/Developer/Xcode/DerivedData/Lingua_Quest-gvpckrqxtbgyprbgppjfqmimmmfw/SourcePackages/checkouts/GoogleUtilities/third_party/IsAppEncrypted/Public -I/Users/siam/Library/Developer/Xcode/DerivedData/Lingua_Quest-gvpckrqxtbgyprbgppjfqmimmmfw/SourcePackages/checkouts/GoogleUtilities/GoogleUtilities/UserDefaults/Public -I/Users/siam/Library/Developer/Xcode/DerivedData/Lingua_Quest-gvpckrqxtbgyprbgppjfqmimmmfw/SourcePackages/checkouts/app-check/AppCheckCore/Sources/Public -I/Users/siam/Library/Developer/Xcode/DerivedData/Lingua_Quest-gvpckrqxtbgyprbgppjfqmimmmfw/SourcePackages/checkouts/gtm-session-fetcher/Sources/Core/Public -I/Users/siam/Library/Developer/Xcode/DerivedData/Lingua_Quest-gvpckrqxtbgyprbgppjfqmimmmfw/Build/Products/Debug-iphonesimulator/include -I/Users/siam/Library/Developer/Xcode/DerivedData/Lingua_Quest-gvpckrqxtbgyprbgppjfqmimmmfw/SourcePackages/checkouts/GoogleSignIn-iOS/GoogleSignIn/Sources/Public -I/Users/siam/Library/Developer/Xcode/DerivedData/Lingua_Quest-gvpckrqxtbgyprbgppjfqmimmmfw/SourcePackages/checkouts/GoogleSignIn-iOS -I/Users/siam/Library/Developer/Xcode/DerivedData/Lingua_Quest-gvpckrqxtbgyprbgppjfqmimmmfw/Build/Intermediates.noindex/GoogleSignIn.build/Debug-iphonesimulator/GoogleSignIn.build/DerivedSources-normal/arm64 -I/Users/siam/Library/Developer/Xcode/DerivedData/Lingua_Quest-gvpckrqxtbgyprbgppjfqmimmmfw/Build/Intermediates.noindex/GoogleSignIn.build/Debug-iphonesimulator/GoogleSignIn.build/DerivedSources/arm64 -I/Users/siam/Library/Developer/Xcode/DerivedData/Lingua_Quest-gvpckrqxtbgyprbgppjfqmimmmfw/Build/Intermediates.noindex/GoogleSignIn.build/Debug-iphonesimulator/GoogleSignIn.build/DerivedSources -F/Users/siam/Library/Developer/Xcode/DerivedData/Lingua_Quest-gvpckrqxtbgyprbgppjfqmimmmfw/Build/Products/Debug-iphonesimulator/PackageFrameworks -F/Users/siam/Library/Developer/Xcode/DerivedData/Lingua_Quest-gvpckrqxtbgyprbgppjfqmimmmfw/Build/Products/Debug-iphonesimulator/PackageFrameworks -F/Users/siam/Library/Developer/Xcode/DerivedData/Lingua_Quest-gvpckrqxtbgyprbgppjfqmimmmfw/Build/Products/Debug-iphonesimulator/PackageFrameworks -F/Users/siam/Library/Developer/Xcode/DerivedData/Lingua_Quest-gvpckrqxtbgyprbgppjfqmimmmfw/Build/Products/Debug-iphonesimulator/PackageFrameworks -F/Users/siam/Library/Developer/Xcode/DerivedData/Lingua_Quest-gvpckrqxtbgyprbgppjfqmimmmfw/Build/Products/Debug-iphonesimulator/PackageFrameworks -F/Users/siam/Library/Developer/Xcode/DerivedData/Lingua_Quest-gvpckrqxtbgyprbgppjfqmimmmfw/Build/Products/Debug-iphonesimulator/PackageFrameworks -F/Users/siam/Library/Developer/Xcode/DerivedData/Lingua_Quest-gvpckrqxtbgyprbgppjfqmimmmfw/Build/Products/Debug-iphonesimulator/PackageFrameworks -F/Users/siam/Library/Developer/Xcode/DerivedData/Lingua_Quest-gvpckrqxtbgyprbgppjfqmimmmfw/Build/Products/Debug-iphonesimulator/PackageFrameworks -F/Users/siam/Library/Developer/Xcode/DerivedData/Lingua_Quest-gvpckrqxtbgyprbgppjfqmimmmfw/Build/Products/Debug-iphonesimulator/PackageFrameworks -F/Users/siam/Library/Developer/Xcode/DerivedData/Lingua_Quest-gvpckrqxtbgyprbgppjfqmimmmfw/Build/Products/Debug-iphonesimulator/PackageFrameworks -F/Users/siam/Library/Developer/Xcode/DerivedData/Lingua_Quest-gvpckrqxtbgyprbgppjfqmimmmfw/Build/Products/Debug-iphonesimulator -iframework /Applications/Xcode.app/Contents/Developer/Platforms/iPhoneSimulator.platform/Developer/Library/Frameworks -iframework /Applications/Xcode.app/Contents/Developer/Platforms/iPhoneSimulator.platform/Developer/SDKs/iPhoneSimulator26.0.sdk/Developer/Library/Frameworks '-fmodule-map-file=/Users/siam/Library/Developer/Xcode/DerivedData/Lingua_Quest-gvpckrqxtbgyprbgppjfqmimmmfw/Build/Intermediates.noindex/GeneratedModuleMaps-iphonesimulator/AppAuth.modulemap' '-fmodule-map-file=/Users/siam/Library/Developer/Xcode/DerivedData/Lingua_Quest-gvpckrqxtbgyprbgppjfqmimmmfw/Build/Intermediates.noindex/GeneratedModuleMaps-iphonesimulator/AppAuthCore.modulemap' '-fmodule-map-file=/Users/siam/Library/Developer/Xcode/DerivedData/Lingua_Quest-gvpckrqxtbgyprbgppjfqmimmmfw/Build/Intermediates.noindex/GeneratedModuleMaps-iphonesimulator/GoogleUtilities-Logger.modulemap' '-fmodule-map-file=/Users/siam/Library/Developer/Xcode/DerivedData/Lingua_Quest-gvpckrqxtbgyprbgppjfqmimmmfw/Build/Intermediates.noindex/GeneratedModuleMaps-iphonesimulator/GoogleUtilities-Environment.modulemap' '-fmodule-map-file=/Users/siam/Library/Developer/Xcode/DerivedData/Lingua_Quest-gvpckrqxtbgyprbgppjfqmimmmfw/Build/Intermediates.noindex/GeneratedModuleMaps-iphonesimulator/third-party-IsAppEncrypted.modulemap' '-fmodule-map-file=/Users/siam/Library/Developer/Xcode/DerivedData/Lingua_Quest-gvpckrqxtbgyprbgppjfqmimmmfw/Build/Intermediates.noindex/GeneratedModuleMaps-iphonesimulator/GoogleUtilities-UserDefaults.modulemap' '-fmodule-map-file=/Users/siam/Library/Developer/Xcode/DerivedData/Lingua_Quest-gvpckrqxtbgyprbgppjfqmimmmfw/Build/Intermediates.noindex/GeneratedModuleMaps-iphonesimulator/AppCheckCore.modulemap' '-fmodule-map-file=/Users/siam/Library/Developer/Xcode/DerivedData/Lingua_Quest-gvpckrqxtbgyprbgppjfqmimmmfw/Build/Intermediates.noindex/GeneratedModuleMaps-iphonesimulator/GTMAppAuth.modulemap' '-fmodule-map-file=/Users/siam/Library/Developer/Xcode/DerivedData/Lingua_Quest-gvpckrqxtbgyprbgppjfqmimmmfw/Build/Intermediates.noindex/GeneratedModuleMaps-iphonesimulator/GTMSessionFetcherCore.modulemap' -DXcode

WriteAuxiliaryFile /Users/siam/Library/Developer/Xcode/DerivedData/Lingua_Quest-gvpckrqxtbgyprbgppjfqmimmmfw/Build/Intermediates.noindex/GoogleSignIn.build/Debug-iphonesimulator/GoogleSignIn.build/Objects-normal/arm64/GoogleSignIn.LinkFileList (in target 'GoogleSignIn' from project 'GoogleSignIn')
    cd /Users/siam/Library/Developer/Xcode/DerivedData/Lingua_Quest-gvpckrqxtbgyprbgppjfqmimmmfw/SourcePackages/checkouts/GoogleSignIn-iOS
    write-file /Users/siam/Library/Developer/Xcode/DerivedData/Lingua_Quest-gvpckrqxtbgyprbgppjfqmimmmfw/Build/Intermediates.noindex/GoogleSignIn.build/Debug-iphonesimulator/GoogleSignIn.build/Objects-normal/arm64/GoogleSignIn.LinkFileList

Copy /Users/siam/Library/Developer/Xcode/DerivedData/Lingua_Quest-gvpckrqxtbgyprbgppjfqmimmmfw/Build/Intermediates.noindex/GeneratedModuleMaps-iphonesimulator/GoogleSignIn.modulemap /Users/siam/Library/Developer/Xcode/DerivedData/Lingua_Quest-gvpckrqxtbgyprbgppjfqmimmmfw/Build/Intermediates.noindex/GoogleSignIn.build/Debug-iphonesimulator/GoogleSignIn.build/GoogleSignIn.modulemap (in target 'GoogleSignIn' from project 'GoogleSignIn')
    cd /Users/siam/Library/Developer/Xcode/DerivedData/Lingua_Quest-gvpckrqxtbgyprbgppjfqmimmmfw/SourcePackages/checkouts/GoogleSignIn-iOS
    builtin-copy -exclude .DS_Store -exclude CVS -exclude .svn -exclude .git -exclude .hg -resolve-src-symlinks /Users/siam/Library/Developer/Xcode/DerivedData/Lingua_Quest-gvpckrqxtbgyprbgppjfqmimmmfw/Build/Intermediates.noindex/GoogleSignIn.build/Debug-iphonesimulator/GoogleSignIn.build/GoogleSignIn.modulemap /Users/siam/Library/Developer/Xcode/DerivedData/Lingua_Quest-gvpckrqxtbgyprbgppjfqmimmmfw/Build/Intermediates.noindex/GeneratedModuleMaps-iphonesimulator

WriteAuxiliaryFile /Users/siam/Library/Developer/Xcode/DerivedData/Lingua_Quest-gvpckrqxtbgyprbgppjfqmimmmfw/Build/Intermediates.noindex/GTMSessionFetcher.build/Debug-iphonesimulator/GTMSessionFetcherCore.build/Objects-normal/arm64/e6072d4f65d7061329687fe24e3d63a7-common-args.resp (in target 'GTMSessionFetcherCore' from project 'GTMSessionFetcher')
    cd /Users/siam/Library/Developer/Xcode/DerivedData/Lingua_Quest-gvpckrqxtbgyprbgppjfqmimmmfw/SourcePackages/checkouts/gtm-session-fetcher
    write-file /Users/siam/Library/Developer/Xcode/DerivedData/Lingua_Quest-gvpckrqxtbgyprbgppjfqmimmmfw/Build/Intermediates.noindex/GTMSessionFetcher.build/Debug-iphonesimulator/GTMSessionFetcherCore.build/Objects-normal/arm64/e6072d4f65d7061329687fe24e3d63a7-common-args.resp
-target arm64-apple-ios12.0-simulator -fobjc-arc -fmodules -gmodules '-fmodules-cache-path=/Users/siam/Library/Developer/Xcode/DerivedData/ModuleCache.noindex' '-fmodule-name=GTMSessionFetcherCore' -fpascal-strings -O0 -DSWIFT_PACKAGE '-DDEBUG=1' '-DOBJC_OLD_DISPATCH_PROTOTYPES=1' -isysroot /Applications/Xcode.app/Contents/Developer/Platforms/iPhoneSimulator.platform/Developer/SDKs/iPhoneSimulator26.0.sdk -g '-fobjc-abi-version=2' -fobjc-legacy-dispatch -fprofile-instr-generate -fcoverage-mapping -I/Users/siam/Library/Developer/Xcode/DerivedData/Lingua_Quest-gvpckrqxtbgyprbgppjfqmimmmfw/Build/Products/Debug-iphonesimulator/include -I/Users/siam/Library/Developer/Xcode/DerivedData/Lingua_Quest-gvpckrqxtbgyprbgppjfqmimmmfw/SourcePackages/checkouts/gtm-session-fetcher/Sources/Core/Public -I/Users/siam/Library/Developer/Xcode/DerivedData/Lingua_Quest-gvpckrqxtbgyprbgppjfqmimmmfw/Build/Intermediates.noindex/GTMSessionFetcher.build/Debug-iphonesimulator/GTMSessionFetcherCore.build/DerivedSources-normal/arm64 -I/Users/siam/Library/Developer/Xcode/DerivedData/Lingua_Quest-gvpckrqxtbgyprbgppjfqmimmmfw/Build/Intermediates.noindex/GTMSessionFetcher.build/Debug-iphonesimulator/GTMSessionFetcherCore.build/DerivedSources/arm64 -I/Users/siam/Library/Developer/Xcode/DerivedData/Lingua_Quest-gvpckrqxtbgyprbgppjfqmimmmfw/Build/Intermediates.noindex/GTMSessionFetcher.build/Debug-iphonesimulator/GTMSessionFetcherCore.build/DerivedSources -F/Users/siam/Library/Developer/Xcode/DerivedData/Lingua_Quest-gvpckrqxtbgyprbgppjfqmimmmfw/Build/Products/Debug-iphonesimulator -iframework /Applications/Xcode.app/Contents/Developer/Platforms/iPhoneSimulator.platform/Developer/Library/Frameworks -iframework /Applications/Xcode.app/Contents/Developer/Platforms/iPhoneSimulator.platform/Developer/SDKs/iPhoneSimulator26.0.sdk/Developer/Library/Frameworks -DXcode

WriteAuxiliaryFile /Users/siam/Library/Developer/Xcode/DerivedData/Lingua_Quest-gvpckrqxtbgyprbgppjfqmimmmfw/Build/Intermediates.noindex/GTMSessionFetcher.build/Debug-iphonesimulator/GTMSessionFetcherCore.build/Objects-normal/arm64/GTMSessionFetcherCore.LinkFileList (in target 'GTMSessionFetcherCore' from project 'GTMSessionFetcher')
    cd /Users/siam/Library/Developer/Xcode/DerivedData/Lingua_Quest-gvpckrqxtbgyprbgppjfqmimmmfw/SourcePackages/checkouts/gtm-session-fetcher
    write-file /Users/siam/Library/Developer/Xcode/DerivedData/Lingua_Quest-gvpckrqxtbgyprbgppjfqmimmmfw/Build/Intermediates.noindex/GTMSessionFetcher.build/Debug-iphonesimulator/GTMSessionFetcherCore.build/Objects-normal/arm64/GTMSessionFetcherCore.LinkFileList

Copy /Users/siam/Library/Developer/Xcode/DerivedData/Lingua_Quest-gvpckrqxtbgyprbgppjfqmimmmfw/Build/Intermediates.noindex/GeneratedModuleMaps-iphonesimulator/GTMSessionFetcherCore.modulemap /Users/siam/Library/Developer/Xcode/DerivedData/Lingua_Quest-gvpckrqxtbgyprbgppjfqmimmmfw/Build/Intermediates.noindex/GTMSessionFetcher.build/Debug-iphonesimulator/GTMSessionFetcherCore.build/GTMSessionFetcherCore.modulemap (in target 'GTMSessionFetcherCore' from project 'GTMSessionFetcher')
    cd /Users/siam/Library/Developer/Xcode/DerivedData/Lingua_Quest-gvpckrqxtbgyprbgppjfqmimmmfw/SourcePackages/checkouts/gtm-session-fetcher
    builtin-copy -exclude .DS_Store -exclude CVS -exclude .svn -exclude .git -exclude .hg -resolve-src-symlinks /Users/siam/Library/Developer/Xcode/DerivedData/Lingua_Quest-gvpckrqxtbgyprbgppjfqmimmmfw/Build/Intermediates.noindex/GTMSessionFetcher.build/Debug-iphonesimulator/GTMSessionFetcherCore.build/GTMSessionFetcherCore.modulemap /Users/siam/Library/Developer/Xcode/DerivedData/Lingua_Quest-gvpckrqxtbgyprbgppjfqmimmmfw/Build/Intermediates.noindex/GeneratedModuleMaps-iphonesimulator

WriteAuxiliaryFile /Users/siam/Library/Developer/Xcode/DerivedData/Lingua_Quest-gvpckrqxtbgyprbgppjfqmimmmfw/Build/Intermediates.noindex/GTMAppAuth.build/Debug-iphonesimulator/GTMAppAuth.build/Objects-normal/x86_64/GTMAppAuth.SwiftConstValuesFileList (in target 'GTMAppAuth' from project 'GTMAppAuth')
    cd /Users/siam/Library/Developer/Xcode/DerivedData/Lingua_Quest-gvpckrqxtbgyprbgppjfqmimmmfw/SourcePackages/checkouts/GTMAppAuth
    write-file /Users/siam/Library/Developer/Xcode/DerivedData/Lingua_Quest-gvpckrqxtbgyprbgppjfqmimmmfw/Build/Intermediates.noindex/GTMAppAuth.build/Debug-iphonesimulator/GTMAppAuth.build/Objects-normal/x86_64/GTMAppAuth.SwiftConstValuesFileList

WriteAuxiliaryFile /Users/siam/Library/Developer/Xcode/DerivedData/Lingua_Quest-gvpckrqxtbgyprbgppjfqmimmmfw/Build/Intermediates.noindex/GTMAppAuth.build/Debug-iphonesimulator/GTMAppAuth.build/Objects-normal/arm64/GTMAppAuth_const_extract_protocols.json (in target 'GTMAppAuth' from project 'GTMAppAuth')
    cd /Users/siam/Library/Developer/Xcode/DerivedData/Lingua_Quest-gvpckrqxtbgyprbgppjfqmimmmfw/SourcePackages/checkouts/GTMAppAuth
    write-file /Users/siam/Library/Developer/Xcode/DerivedData/Lingua_Quest-gvpckrqxtbgyprbgppjfqmimmmfw/Build/Intermediates.noindex/GTMAppAuth.build/Debug-iphonesimulator/GTMAppAuth.build/Objects-normal/arm64/GTMAppAuth_const_extract_protocols.json

WriteAuxiliaryFile /Users/siam/Library/Developer/Xcode/DerivedData/Lingua_Quest-gvpckrqxtbgyprbgppjfqmimmmfw/Build/Intermediates.noindex/GTMAppAuth.build/Debug-iphonesimulator/GTMAppAuth.build/Objects-normal/arm64/GTMAppAuth.SwiftFileList (in target 'GTMAppAuth' from project 'GTMAppAuth')
    cd /Users/siam/Library/Developer/Xcode/DerivedData/Lingua_Quest-gvpckrqxtbgyprbgppjfqmimmmfw/SourcePackages/checkouts/GTMAppAuth
    write-file /Users/siam/Library/Developer/Xcode/DerivedData/Lingua_Quest-gvpckrqxtbgyprbgppjfqmimmmfw/Build/Intermediates.noindex/GTMAppAuth.build/Debug-iphonesimulator/GTMAppAuth.build/Objects-normal/arm64/GTMAppAuth.SwiftFileList

WriteAuxiliaryFile /Users/siam/Library/Developer/Xcode/DerivedData/Lingua_Quest-gvpckrqxtbgyprbgppjfqmimmmfw/Build/Intermediates.noindex/GTMAppAuth.build/Debug-iphonesimulator/GTMAppAuth.build/Objects-normal/arm64/GTMAppAuth.SwiftConstValuesFileList (in target 'GTMAppAuth' from project 'GTMAppAuth')
    cd /Users/siam/Library/Developer/Xcode/DerivedData/Lingua_Quest-gvpckrqxtbgyprbgppjfqmimmmfw/SourcePackages/checkouts/GTMAppAuth
    write-file /Users/siam/Library/Developer/Xcode/DerivedData/Lingua_Quest-gvpckrqxtbgyprbgppjfqmimmmfw/Build/Intermediates.noindex/GTMAppAuth.build/Debug-iphonesimulator/GTMAppAuth.build/Objects-normal/arm64/GTMAppAuth.SwiftConstValuesFileList

WriteAuxiliaryFile /Users/siam/Library/Developer/Xcode/DerivedData/Lingua_Quest-gvpckrqxtbgyprbgppjfqmimmmfw/Build/Intermediates.noindex/GTMAppAuth.build/Debug-iphonesimulator/GTMAppAuth.build/Objects-normal/arm64/GTMAppAuth.LinkFileList (in target 'GTMAppAuth' from project 'GTMAppAuth')
    cd /Users/siam/Library/Developer/Xcode/DerivedData/Lingua_Quest-gvpckrqxtbgyprbgppjfqmimmmfw/SourcePackages/checkouts/GTMAppAuth
    write-file /Users/siam/Library/Developer/Xcode/DerivedData/Lingua_Quest-gvpckrqxtbgyprbgppjfqmimmmfw/Build/Intermediates.noindex/GTMAppAuth.build/Debug-iphonesimulator/GTMAppAuth.build/Objects-normal/arm64/GTMAppAuth.LinkFileList

WriteAuxiliaryFile /Users/siam/Library/Developer/Xcode/DerivedData/Lingua_Quest-gvpckrqxtbgyprbgppjfqmimmmfw/Build/Intermediates.noindex/GTMAppAuth.build/Debug-iphonesimulator/GTMAppAuth.build/Objects-normal/arm64/GTMAppAuth-OutputFileMap.json (in target 'GTMAppAuth' from project 'GTMAppAuth')
    cd /Users/siam/Library/Developer/Xcode/DerivedData/Lingua_Quest-gvpckrqxtbgyprbgppjfqmimmmfw/SourcePackages/checkouts/GTMAppAuth
    write-file /Users/siam/Library/Developer/Xcode/DerivedData/Lingua_Quest-gvpckrqxtbgyprbgppjfqmimmmfw/Build/Intermediates.noindex/GTMAppAuth.build/Debug-iphonesimulator/GTMAppAuth.build/Objects-normal/arm64/GTMAppAuth-OutputFileMap.json

Copy /Users/siam/Library/Developer/Xcode/DerivedData/Lingua_Quest-gvpckrqxtbgyprbgppjfqmimmmfw/Build/Intermediates.noindex/GeneratedModuleMaps-iphonesimulator/GTMAppAuth.modulemap /Users/siam/Library/Developer/Xcode/DerivedData/Lingua_Quest-gvpckrqxtbgyprbgppjfqmimmmfw/Build/Intermediates.noindex/GTMAppAuth.build/Debug-iphonesimulator/GTMAppAuth.build/GTMAppAuth.modulemap (in target 'GTMAppAuth' from project 'GTMAppAuth')
    cd /Users/siam/Library/Developer/Xcode/DerivedData/Lingua_Quest-gvpckrqxtbgyprbgppjfqmimmmfw/SourcePackages/checkouts/GTMAppAuth
    builtin-copy -exclude .DS_Store -exclude CVS -exclude .svn -exclude .git -exclude .hg -resolve-src-symlinks /Users/siam/Library/Developer/Xcode/DerivedData/Lingua_Quest-gvpckrqxtbgyprbgppjfqmimmmfw/Build/Intermediates.noindex/GTMAppAuth.build/Debug-iphonesimulator/GTMAppAuth.build/GTMAppAuth.modulemap /Users/siam/Library/Developer/Xcode/DerivedData/Lingua_Quest-gvpckrqxtbgyprbgppjfqmimmmfw/Build/Intermediates.noindex/GeneratedModuleMaps-iphonesimulator

WriteAuxiliaryFile /Users/siam/Library/Developer/Xcode/DerivedData/Lingua_Quest-gvpckrqxtbgyprbgppjfqmimmmfw/Build/Intermediates.noindex/Firebase.build/Debug-iphonesimulator/FirebaseSharedSwift.build/Objects-normal/x86_64/FirebaseSharedSwift.SwiftConstValuesFileList (in target 'FirebaseSharedSwift' from project 'Firebase')
    cd /Users/siam/Library/Developer/Xcode/DerivedData/Lingua_Quest-gvpckrqxtbgyprbgppjfqmimmmfw/SourcePackages/checkouts/firebase-ios-sdk
    write-file /Users/siam/Library/Developer/Xcode/DerivedData/Lingua_Quest-gvpckrqxtbgyprbgppjfqmimmmfw/Build/Intermediates.noindex/Firebase.build/Debug-iphonesimulator/FirebaseSharedSwift.build/Objects-normal/x86_64/FirebaseSharedSwift.SwiftConstValuesFileList

WriteAuxiliaryFile /Users/siam/Library/Developer/Xcode/DerivedData/Lingua_Quest-gvpckrqxtbgyprbgppjfqmimmmfw/Build/Intermediates.noindex/Firebase.build/Debug-iphonesimulator/FirebaseSharedSwift.build/Objects-normal/arm64/FirebaseSharedSwift_const_extract_protocols.json (in target 'FirebaseSharedSwift' from project 'Firebase')
    cd /Users/siam/Library/Developer/Xcode/DerivedData/Lingua_Quest-gvpckrqxtbgyprbgppjfqmimmmfw/SourcePackages/checkouts/firebase-ios-sdk
    write-file /Users/siam/Library/Developer/Xcode/DerivedData/Lingua_Quest-gvpckrqxtbgyprbgppjfqmimmmfw/Build/Intermediates.noindex/Firebase.build/Debug-iphonesimulator/FirebaseSharedSwift.build/Objects-normal/arm64/FirebaseSharedSwift_const_extract_protocols.json

WriteAuxiliaryFile /Users/siam/Library/Developer/Xcode/DerivedData/Lingua_Quest-gvpckrqxtbgyprbgppjfqmimmmfw/Build/Intermediates.noindex/Firebase.build/Debug-iphonesimulator/FirebaseSharedSwift.build/Objects-normal/arm64/FirebaseSharedSwift.SwiftFileList (in target 'FirebaseSharedSwift' from project 'Firebase')
    cd /Users/siam/Library/Developer/Xcode/DerivedData/Lingua_Quest-gvpckrqxtbgyprbgppjfqmimmmfw/SourcePackages/checkouts/firebase-ios-sdk
    write-file /Users/siam/Library/Developer/Xcode/DerivedData/Lingua_Quest-gvpckrqxtbgyprbgppjfqmimmmfw/Build/Intermediates.noindex/Firebase.build/Debug-iphonesimulator/FirebaseSharedSwift.build/Objects-normal/arm64/FirebaseSharedSwift.SwiftFileList

WriteAuxiliaryFile /Users/siam/Library/Developer/Xcode/DerivedData/Lingua_Quest-gvpckrqxtbgyprbgppjfqmimmmfw/Build/Intermediates.noindex/Firebase.build/Debug-iphonesimulator/FirebaseSharedSwift.build/Objects-normal/arm64/FirebaseSharedSwift.SwiftConstValuesFileList (in target 'FirebaseSharedSwift' from project 'Firebase')
    cd /Users/siam/Library/Developer/Xcode/DerivedData/Lingua_Quest-gvpckrqxtbgyprbgppjfqmimmmfw/SourcePackages/checkouts/firebase-ios-sdk
    write-file /Users/siam/Library/Developer/Xcode/DerivedData/Lingua_Quest-gvpckrqxtbgyprbgppjfqmimmmfw/Build/Intermediates.noindex/Firebase.build/Debug-iphonesimulator/FirebaseSharedSwift.build/Objects-normal/arm64/FirebaseSharedSwift.SwiftConstValuesFileList

WriteAuxiliaryFile /Users/siam/Library/Developer/Xcode/DerivedData/Lingua_Quest-gvpckrqxtbgyprbgppjfqmimmmfw/Build/Intermediates.noindex/Firebase.build/Debug-iphonesimulator/FirebaseSharedSwift.build/Objects-normal/arm64/FirebaseSharedSwift.LinkFileList (in target 'FirebaseSharedSwift' from project 'Firebase')
    cd /Users/siam/Library/Developer/Xcode/DerivedData/Lingua_Quest-gvpckrqxtbgyprbgppjfqmimmmfw/SourcePackages/checkouts/firebase-ios-sdk
    write-file /Users/siam/Library/Developer/Xcode/DerivedData/Lingua_Quest-gvpckrqxtbgyprbgppjfqmimmmfw/Build/Intermediates.noindex/Firebase.build/Debug-iphonesimulator/FirebaseSharedSwift.build/Objects-normal/arm64/FirebaseSharedSwift.LinkFileList

WriteAuxiliaryFile /Users/siam/Library/Developer/Xcode/DerivedData/Lingua_Quest-gvpckrqxtbgyprbgppjfqmimmmfw/Build/Intermediates.noindex/Firebase.build/Debug-iphonesimulator/FirebaseSharedSwift.build/Objects-normal/arm64/FirebaseSharedSwift-OutputFileMap.json (in target 'FirebaseSharedSwift' from project 'Firebase')
    cd /Users/siam/Library/Developer/Xcode/DerivedData/Lingua_Quest-gvpckrqxtbgyprbgppjfqmimmmfw/SourcePackages/checkouts/firebase-ios-sdk
    write-file /Users/siam/Library/Developer/Xcode/DerivedData/Lingua_Quest-gvpckrqxtbgyprbgppjfqmimmmfw/Build/Intermediates.noindex/Firebase.build/Debug-iphonesimulator/FirebaseSharedSwift.build/Objects-normal/arm64/FirebaseSharedSwift-OutputFileMap.json

Copy /Users/siam/Library/Developer/Xcode/DerivedData/Lingua_Quest-gvpckrqxtbgyprbgppjfqmimmmfw/Build/Intermediates.noindex/GeneratedModuleMaps-iphonesimulator/FirebaseSharedSwift.modulemap /Users/siam/Library/Developer/Xcode/DerivedData/Lingua_Quest-gvpckrqxtbgyprbgppjfqmimmmfw/Build/Intermediates.noindex/Firebase.build/Debug-iphonesimulator/FirebaseSharedSwift.build/FirebaseSharedSwift.modulemap (in target 'FirebaseSharedSwift' from project 'Firebase')
    cd /Users/siam/Library/Developer/Xcode/DerivedData/Lingua_Quest-gvpckrqxtbgyprbgppjfqmimmmfw/SourcePackages/checkouts/firebase-ios-sdk
    builtin-copy -exclude .DS_Store -exclude CVS -exclude .svn -exclude .git -exclude .hg -resolve-src-symlinks /Users/siam/Library/Developer/Xcode/DerivedData/Lingua_Quest-gvpckrqxtbgyprbgppjfqmimmmfw/Build/Intermediates.noindex/Firebase.build/Debug-iphonesimulator/FirebaseSharedSwift.build/FirebaseSharedSwift.modulemap /Users/siam/Library/Developer/Xcode/DerivedData/Lingua_Quest-gvpckrqxtbgyprbgppjfqmimmmfw/Build/Intermediates.noindex/GeneratedModuleMaps-iphonesimulator

WriteAuxiliaryFile /Users/siam/Library/Developer/Xcode/DerivedData/Lingua_Quest-gvpckrqxtbgyprbgppjfqmimmmfw/Build/Intermediates.noindex/Firebase.build/Debug-iphonesimulator/FirebaseFirestoreTarget.build/Objects-normal/arm64/e6072d4f65d7061329687fe24e3d63a7-common-args.resp (in target 'FirebaseFirestoreTarget' from project 'Firebase')
    cd /Users/siam/Library/Developer/Xcode/DerivedData/Lingua_Quest-gvpckrqxtbgyprbgppjfqmimmmfw/SourcePackages/checkouts/firebase-ios-sdk
    write-file /Users/siam/Library/Developer/Xcode/DerivedData/Lingua_Quest-gvpckrqxtbgyprbgppjfqmimmmfw/Build/Intermediates.noindex/Firebase.build/Debug-iphonesimulator/FirebaseFirestoreTarget.build/Objects-normal/arm64/e6072d4f65d7061329687fe24e3d63a7-common-args.resp
-target arm64-apple-ios15.0-simulator -fobjc-arc -fmodules -gmodules '-fmodules-cache-path=/Users/siam/Library/Developer/Xcode/DerivedData/ModuleCache.noindex' '-fmodule-name=FirebaseFirestoreTarget' -fpascal-strings -O0 -DSWIFT_PACKAGE '-DDEBUG=1' '-DFIREBASE_BINARY_FIRESTORE=1' '-DOBJC_OLD_DISPATCH_PROTOTYPES=1' -isysroot /Applications/Xcode.app/Contents/Developer/Platforms/iPhoneSimulator.platform/Developer/SDKs/iPhoneSimulator26.0.sdk -g '-fobjc-abi-version=2' -fobjc-legacy-dispatch -fprofile-instr-generate -fcoverage-mapping -I/Users/siam/Library/Developer/Xcode/DerivedData/Lingua_Quest-gvpckrqxtbgyprbgppjfqmimmmfw/SourcePackages/checkouts/GoogleUtilities/GoogleUtilities/NSData+zlib/Public -I/Users/siam/Library/Developer/Xcode/DerivedData/Lingua_Quest-gvpckrqxtbgyprbgppjfqmimmmfw/SourcePackages/checkouts/GoogleUtilities/GoogleUtilities/Environment/Public -I/Users/siam/Library/Developer/Xcode/DerivedData/Lingua_Quest-gvpckrqxtbgyprbgppjfqmimmmfw/SourcePackages/checkouts/GoogleUtilities/third_party/IsAppEncrypted/Public -I/Users/siam/Library/Developer/Xcode/DerivedData/Lingua_Quest-gvpckrqxtbgyprbgppjfqmimmmfw/SourcePackages/checkouts/GoogleUtilities/GoogleUtilities/Logger/Public -I/Users/siam/Library/Developer/Xcode/DerivedData/Lingua_Quest-gvpckrqxtbgyprbgppjfqmimmmfw/SourcePackages/checkouts/abseil-cpp-binary/absl-Wrapper/include -I/Users/siam/Library/Developer/Xcode/DerivedData/Lingua_Quest-gvpckrqxtbgyprbgppjfqmimmmfw/SourcePackages/checkouts/grpc-binary/openssl-grpc-Wrapper/include -I/Users/siam/Library/Developer/Xcode/DerivedData/Lingua_Quest-gvpckrqxtbgyprbgppjfqmimmmfw/SourcePackages/checkouts/grpc-binary/grpc-Wrapper/include -I/Users/siam/Library/Developer/Xcode/DerivedData/Lingua_Quest-gvpckrqxtbgyprbgppjfqmimmmfw/SourcePackages/checkouts/grpc-binary/grpcpp-Wrapper/include -I/Users/siam/Library/Developer/Xcode/DerivedData/Lingua_Quest-gvpckrqxtbgyprbgppjfqmimmmfw/SourcePackages/checkouts/nanopb/spm_headers -I/Users/siam/Library/Developer/Xcode/DerivedData/Lingua_Quest-gvpckrqxtbgyprbgppjfqmimmmfw/SourcePackages/checkouts/leveldb/include -I/Users/siam/Library/Developer/Xcode/DerivedData/Lingua_Quest-gvpckrqxtbgyprbgppjfqmimmmfw/SourcePackages/checkouts/firebase-ios-sdk/FirebaseCore/Extension -I/Users/siam/Library/Developer/Xcode/DerivedData/Lingua_Quest-gvpckrqxtbgyprbgppjfqmimmmfw/SourcePackages/checkouts/firebase-ios-sdk/FirebaseCore/Sources/Public -I/Users/siam/Library/Developer/Xcode/DerivedData/Lingua_Quest-gvpckrqxtbgyprbgppjfqmimmmfw/SourcePackages/checkouts/firebase-ios-sdk/CoreOnly/Sources -I/Users/siam/Library/Developer/Xcode/DerivedData/Lingua_Quest-gvpckrqxtbgyprbgppjfqmimmmfw/SourcePackages/checkouts/firebase-ios-sdk/FirebaseAppCheck/Interop/Public -I/Users/siam/Library/Developer/Xcode/DerivedData/Lingua_Quest-gvpckrqxtbgyprbgppjfqmimmmfw/SourcePackages/checkouts/firebase-ios-sdk/FirebaseFirestoreInternal -I/Users/siam/Library/Developer/Xcode/DerivedData/Lingua_Quest-gvpckrqxtbgyprbgppjfqmimmmfw/Build/Products/Debug-iphonesimulator/include -I/Users/siam/Library/Developer/Xcode/DerivedData/Lingua_Quest-gvpckrqxtbgyprbgppjfqmimmmfw/SourcePackages/checkouts/firebase-ios-sdk/SwiftPM-PlatformExclude/FirebaseFirestoreWrap/include -I/Users/siam/Library/Developer/Xcode/DerivedData/Lingua_Quest-gvpckrqxtbgyprbgppjfqmimmmfw/Build/Intermediates.noindex/Firebase.build/Debug-iphonesimulator/FirebaseFirestoreTarget.build/DerivedSources-normal/arm64 -I/Users/siam/Library/Developer/Xcode/DerivedData/Lingua_Quest-gvpckrqxtbgyprbgppjfqmimmmfw/Build/Intermediates.noindex/Firebase.build/Debug-iphonesimulator/FirebaseFirestoreTarget.build/DerivedSources/arm64 -I/Users/siam/Library/Developer/Xcode/DerivedData/Lingua_Quest-gvpckrqxtbgyprbgppjfqmimmmfw/Build/Intermediates.noindex/Firebase.build/Debug-iphonesimulator/FirebaseFirestoreTarget.build/DerivedSources -F/Users/siam/Library/Developer/Xcode/DerivedData/Lingua_Quest-gvpckrqxtbgyprbgppjfqmimmmfw/Build/Products/Debug-iphonesimulator/PackageFrameworks -F/Users/siam/Library/Developer/Xcode/DerivedData/Lingua_Quest-gvpckrqxtbgyprbgppjfqmimmmfw/Build/Products/Debug-iphonesimulator/PackageFrameworks -F/Users/siam/Library/Developer/Xcode/DerivedData/Lingua_Quest-gvpckrqxtbgyprbgppjfqmimmmfw/Build/Products/Debug-iphonesimulator/PackageFrameworks -F/Users/siam/Library/Developer/Xcode/DerivedData/Lingua_Quest-gvpckrqxtbgyprbgppjfqmimmmfw/Build/Products/Debug-iphonesimulator/PackageFrameworks -F/Users/siam/Library/Developer/Xcode/DerivedData/Lingua_Quest-gvpckrqxtbgyprbgppjfqmimmmfw/Build/Products/Debug-iphonesimulator/PackageFrameworks -F/Users/siam/Library/Developer/Xcode/DerivedData/Lingua_Quest-gvpckrqxtbgyprbgppjfqmimmmfw/Build/Products/Debug-iphonesimulator/PackageFrameworks -F/Users/siam/Library/Developer/Xcode/DerivedData/Lingua_Quest-gvpckrqxtbgyprbgppjfqmimmmfw/Build/Products/Debug-iphonesimulator/PackageFrameworks -F/Users/siam/Library/Developer/Xcode/DerivedData/Lingua_Quest-gvpckrqxtbgyprbgppjfqmimmmfw/Build/Products/Debug-iphonesimulator/PackageFrameworks -F/Users/siam/Library/Developer/Xcode/DerivedData/Lingua_Quest-gvpckrqxtbgyprbgppjfqmimmmfw/Build/Products/Debug-iphonesimulator/PackageFrameworks -F/Users/siam/Library/Developer/Xcode/DerivedData/Lingua_Quest-gvpckrqxtbgyprbgppjfqmimmmfw/Build/Products/Debug-iphonesimulator/PackageFrameworks -F/Users/siam/Library/Developer/Xcode/DerivedData/Lingua_Quest-gvpckrqxtbgyprbgppjfqmimmmfw/Build/Products/Debug-iphonesimulator/PackageFrameworks -F/Users/siam/Library/Developer/Xcode/DerivedData/Lingua_Quest-gvpckrqxtbgyprbgppjfqmimmmfw/Build/Products/Debug-iphonesimulator/PackageFrameworks -F/Users/siam/Library/Developer/Xcode/DerivedData/Lingua_Quest-gvpckrqxtbgyprbgppjfqmimmmfw/Build/Products/Debug-iphonesimulator/PackageFrameworks -F/Users/siam/Library/Developer/Xcode/DerivedData/Lingua_Quest-gvpckrqxtbgyprbgppjfqmimmmfw/Build/Products/Debug-iphonesimulator/PackageFrameworks -F/Users/siam/Library/Developer/Xcode/DerivedData/Lingua_Quest-gvpckrqxtbgyprbgppjfqmimmmfw/Build/Products/Debug-iphonesimulator/PackageFrameworks -F/Users/siam/Library/Developer/Xcode/DerivedData/Lingua_Quest-gvpckrqxtbgyprbgppjfqmimmmfw/Build/Products/Debug-iphonesimulator/PackageFrameworks -F/Users/siam/Library/Developer/Xcode/DerivedData/Lingua_Quest-gvpckrqxtbgyprbgppjfqmimmmfw/Build/Products/Debug-iphonesimulator/PackageFrameworks -F/Users/siam/Library/Developer/Xcode/DerivedData/Lingua_Quest-gvpckrqxtbgyprbgppjfqmimmmfw/Build/Products/Debug-iphonesimulator/PackageFrameworks -F/Users/siam/Library/Developer/Xcode/DerivedData/Lingua_Quest-gvpckrqxtbgyprbgppjfqmimmmfw/Build/Products/Debug-iphonesimulator -iframework /Applications/Xcode.app/Contents/Developer/Platforms/iPhoneSimulator.platform/Developer/Library/Frameworks -iframework /Applications/Xcode.app/Contents/Developer/Platforms/iPhoneSimulator.platform/Developer/SDKs/iPhoneSimulator26.0.sdk/Developer/Library/Frameworks '-fmodule-map-file=/Users/siam/Library/Developer/Xcode/DerivedData/Lingua_Quest-gvpckrqxtbgyprbgppjfqmimmmfw/Build/Intermediates.noindex/GeneratedModuleMaps-iphonesimulator/GoogleUtilities-NSData.modulemap' '-fmodule-map-file=/Users/siam/Library/Developer/Xcode/DerivedData/Lingua_Quest-gvpckrqxtbgyprbgppjfqmimmmfw/Build/Intermediates.noindex/GeneratedModuleMaps-iphonesimulator/GoogleUtilities-Environment.modulemap' '-fmodule-map-file=/Users/siam/Library/Developer/Xcode/DerivedData/Lingua_Quest-gvpckrqxtbgyprbgppjfqmimmmfw/Build/Intermediates.noindex/GeneratedModuleMaps-iphonesimulator/third-party-IsAppEncrypted.modulemap' '-fmodule-map-file=/Users/siam/Library/Developer/Xcode/DerivedData/Lingua_Quest-gvpckrqxtbgyprbgppjfqmimmmfw/Build/Intermediates.noindex/GeneratedModuleMaps-iphonesimulator/GoogleUtilities-Logger.modulemap' '-fmodule-map-file=/Users/siam/Library/Developer/Xcode/DerivedData/Lingua_Quest-gvpckrqxtbgyprbgppjfqmimmmfw/Build/Intermediates.noindex/GeneratedModuleMaps-iphonesimulator/abslWrapper.modulemap' '-fmodule-map-file=/Users/siam/Library/Developer/Xcode/DerivedData/Lingua_Quest-gvpckrqxtbgyprbgppjfqmimmmfw/Build/Intermediates.noindex/GeneratedModuleMaps-iphonesimulator/opensslWrapper.modulemap' '-fmodule-map-file=/Users/siam/Library/Developer/Xcode/DerivedData/Lingua_Quest-gvpckrqxtbgyprbgppjfqmimmmfw/Build/Intermediates.noindex/GeneratedModuleMaps-iphonesimulator/grpcWrapper.modulemap' '-fmodule-map-file=/Users/siam/Library/Developer/Xcode/DerivedData/Lingua_Quest-gvpckrqxtbgyprbgppjfqmimmmfw/Build/Intermediates.noindex/GeneratedModuleMaps-iphonesimulator/grpcppWrapper.modulemap' '-fmodule-map-file=/Users/siam/Library/Developer/Xcode/DerivedData/Lingua_Quest-gvpckrqxtbgyprbgppjfqmimmmfw/Build/Intermediates.noindex/GeneratedModuleMaps-iphonesimulator/nanopb.modulemap' '-fmodule-map-file=/Users/siam/Library/Developer/Xcode/DerivedData/Lingua_Quest-gvpckrqxtbgyprbgppjfqmimmmfw/Build/Intermediates.noindex/GeneratedModuleMaps-iphonesimulator/leveldb.modulemap' '-fmodule-map-file=/Users/siam/Library/Developer/Xcode/DerivedData/Lingua_Quest-gvpckrqxtbgyprbgppjfqmimmmfw/Build/Intermediates.noindex/GeneratedModuleMaps-iphonesimulator/FirebaseFirestore.modulemap' '-fmodule-map-file=/Users/siam/Library/Developer/Xcode/DerivedData/Lingua_Quest-gvpckrqxtbgyprbgppjfqmimmmfw/Build/Intermediates.noindex/GeneratedModuleMaps-iphonesimulator/FirebaseSharedSwift.modulemap' '-fmodule-map-file=/Users/siam/Library/Developer/Xcode/DerivedData/Lingua_Quest-gvpckrqxtbgyprbgppjfqmimmmfw/Build/Intermediates.noindex/GeneratedModuleMaps-iphonesimulator/FirebaseCoreExtension.modulemap' '-fmodule-map-file=/Users/siam/Library/Developer/Xcode/DerivedData/Lingua_Quest-gvpckrqxtbgyprbgppjfqmimmmfw/Build/Intermediates.noindex/GeneratedModuleMaps-iphonesimulator/FirebaseCore.modulemap' '-fmodule-map-file=/Users/siam/Library/Developer/Xcode/DerivedData/Lingua_Quest-gvpckrqxtbgyprbgppjfqmimmmfw/Build/Intermediates.noindex/GeneratedModuleMaps-iphonesimulator/FirebaseCoreInternal.modulemap' '-fmodule-map-file=/Users/siam/Library/Developer/Xcode/DerivedData/Lingua_Quest-gvpckrqxtbgyprbgppjfqmimmmfw/Build/Intermediates.noindex/GeneratedModuleMaps-iphonesimulator/FirebaseAppCheckInterop.modulemap' '-fmodule-map-file=/Users/siam/Library/Developer/Xcode/DerivedData/Lingua_Quest-gvpckrqxtbgyprbgppjfqmimmmfw/Build/Intermediates.noindex/GeneratedModuleMaps-iphonesimulator/FirebaseFirestoreInternalWrapper.modulemap' -DXcode

WriteAuxiliaryFile /Users/siam/Library/Developer/Xcode/DerivedData/Lingua_Quest-gvpckrqxtbgyprbgppjfqmimmmfw/Build/Intermediates.noindex/Firebase.build/Debug-iphonesimulator/FirebaseFirestoreTarget.build/Objects-normal/arm64/FirebaseFirestoreTarget.LinkFileList (in target 'FirebaseFirestoreTarget' from project 'Firebase')
    cd /Users/siam/Library/Developer/Xcode/DerivedData/Lingua_Quest-gvpckrqxtbgyprbgppjfqmimmmfw/SourcePackages/checkouts/firebase-ios-sdk
    write-file /Users/siam/Library/Developer/Xcode/DerivedData/Lingua_Quest-gvpckrqxtbgyprbgppjfqmimmmfw/Build/Intermediates.noindex/Firebase.build/Debug-iphonesimulator/FirebaseFirestoreTarget.build/Objects-normal/arm64/FirebaseFirestoreTarget.LinkFileList

Copy /Users/siam/Library/Developer/Xcode/DerivedData/Lingua_Quest-gvpckrqxtbgyprbgppjfqmimmmfw/Build/Intermediates.noindex/GeneratedModuleMaps-iphonesimulator/FirebaseFirestoreTarget.modulemap /Users/siam/Library/Developer/Xcode/DerivedData/Lingua_Quest-gvpckrqxtbgyprbgppjfqmimmmfw/Build/Intermediates.noindex/Firebase.build/Debug-iphonesimulator/FirebaseFirestoreTarget.build/FirebaseFirestoreTarget.modulemap (in target 'FirebaseFirestoreTarget' from project 'Firebase')
    cd /Users/siam/Library/Developer/Xcode/DerivedData/Lingua_Quest-gvpckrqxtbgyprbgppjfqmimmmfw/SourcePackages/checkouts/firebase-ios-sdk
    builtin-copy -exclude .DS_Store -exclude CVS -exclude .svn -exclude .git -exclude .hg -resolve-src-symlinks /Users/siam/Library/Developer/Xcode/DerivedData/Lingua_Quest-gvpckrqxtbgyprbgppjfqmimmmfw/Build/Intermediates.noindex/Firebase.build/Debug-iphonesimulator/FirebaseFirestoreTarget.build/FirebaseFirestoreTarget.modulemap /Users/siam/Library/Developer/Xcode/DerivedData/Lingua_Quest-gvpckrqxtbgyprbgppjfqmimmmfw/Build/Intermediates.noindex/GeneratedModuleMaps-iphonesimulator

WriteAuxiliaryFile /Users/siam/Library/Developer/Xcode/DerivedData/Lingua_Quest-gvpckrqxtbgyprbgppjfqmimmmfw/Build/Intermediates.noindex/Firebase.build/Debug-iphonesimulator/FirebaseFirestoreInternalWrapper.build/Objects-normal/arm64/e6072d4f65d7061329687fe24e3d63a7-common-args.resp (in target 'FirebaseFirestoreInternalWrapper' from project 'Firebase')
    cd /Users/siam/Library/Developer/Xcode/DerivedData/Lingua_Quest-gvpckrqxtbgyprbgppjfqmimmmfw/SourcePackages/checkouts/firebase-ios-sdk
    write-file /Users/siam/Library/Developer/Xcode/DerivedData/Lingua_Quest-gvpckrqxtbgyprbgppjfqmimmmfw/Build/Intermediates.noindex/Firebase.build/Debug-iphonesimulator/FirebaseFirestoreInternalWrapper.build/Objects-normal/arm64/e6072d4f65d7061329687fe24e3d63a7-common-args.resp
-target arm64-apple-ios15.0-simulator -fobjc-arc -fmodules -gmodules '-fmodules-cache-path=/Users/siam/Library/Developer/Xcode/DerivedData/ModuleCache.noindex' '-fmodule-name=FirebaseFirestoreInternalWrapper' -fpascal-strings -O0 -DSWIFT_PACKAGE '-DDEBUG=1' '-DOBJC_OLD_DISPATCH_PROTOTYPES=1' -isysroot /Applications/Xcode.app/Contents/Developer/Platforms/iPhoneSimulator.platform/Developer/SDKs/iPhoneSimulator26.0.sdk -g '-fobjc-abi-version=2' -fobjc-legacy-dispatch -fprofile-instr-generate -fcoverage-mapping -I/Users/siam/Library/Developer/Xcode/DerivedData/Lingua_Quest-gvpckrqxtbgyprbgppjfqmimmmfw/Build/Products/Debug-iphonesimulator/include -I/Users/siam/Library/Developer/Xcode/DerivedData/Lingua_Quest-gvpckrqxtbgyprbgppjfqmimmmfw/SourcePackages/checkouts/firebase-ios-sdk/FirebaseFirestoreInternal -I/Users/siam/Library/Developer/Xcode/DerivedData/Lingua_Quest-gvpckrqxtbgyprbgppjfqmimmmfw/Build/Intermediates.noindex/Firebase.build/Debug-iphonesimulator/FirebaseFirestoreInternalWrapper.build/DerivedSources-normal/arm64 -I/Users/siam/Library/Developer/Xcode/DerivedData/Lingua_Quest-gvpckrqxtbgyprbgppjfqmimmmfw/Build/Intermediates.noindex/Firebase.build/Debug-iphonesimulator/FirebaseFirestoreInternalWrapper.build/DerivedSources/arm64 -I/Users/siam/Library/Developer/Xcode/DerivedData/Lingua_Quest-gvpckrqxtbgyprbgppjfqmimmmfw/Build/Intermediates.noindex/Firebase.build/Debug-iphonesimulator/FirebaseFirestoreInternalWrapper.build/DerivedSources -F/Users/siam/Library/Developer/Xcode/DerivedData/Lingua_Quest-gvpckrqxtbgyprbgppjfqmimmmfw/Build/Products/Debug-iphonesimulator -iframework /Applications/Xcode.app/Contents/Developer/Platforms/iPhoneSimulator.platform/Developer/Library/Frameworks -iframework /Applications/Xcode.app/Contents/Developer/Platforms/iPhoneSimulator.platform/Developer/SDKs/iPhoneSimulator26.0.sdk/Developer/Library/Frameworks -DXcode

WriteAuxiliaryFile /Users/siam/Library/Developer/Xcode/DerivedData/Lingua_Quest-gvpckrqxtbgyprbgppjfqmimmmfw/Build/Intermediates.noindex/Firebase.build/Debug-iphonesimulator/FirebaseFirestoreInternalWrapper.build/Objects-normal/arm64/FirebaseFirestoreInternalWrapper.LinkFileList (in target 'FirebaseFirestoreInternalWrapper' from project 'Firebase')
    cd /Users/siam/Library/Developer/Xcode/DerivedData/Lingua_Quest-gvpckrqxtbgyprbgppjfqmimmmfw/SourcePackages/checkouts/firebase-ios-sdk
    write-file /Users/siam/Library/Developer/Xcode/DerivedData/Lingua_Quest-gvpckrqxtbgyprbgppjfqmimmmfw/Build/Intermediates.noindex/Firebase.build/Debug-iphonesimulator/FirebaseFirestoreInternalWrapper.build/Objects-normal/arm64/FirebaseFirestoreInternalWrapper.LinkFileList

Copy /Users/siam/Library/Developer/Xcode/DerivedData/Lingua_Quest-gvpckrqxtbgyprbgppjfqmimmmfw/Build/Intermediates.noindex/GeneratedModuleMaps-iphonesimulator/FirebaseFirestoreInternalWrapper.modulemap /Users/siam/Library/Developer/Xcode/DerivedData/Lingua_Quest-gvpckrqxtbgyprbgppjfqmimmmfw/Build/Intermediates.noindex/Firebase.build/Debug-iphonesimulator/FirebaseFirestoreInternalWrapper.build/FirebaseFirestoreInternalWrapper.modulemap (in target 'FirebaseFirestoreInternalWrapper' from project 'Firebase')
    cd /Users/siam/Library/Developer/Xcode/DerivedData/Lingua_Quest-gvpckrqxtbgyprbgppjfqmimmmfw/SourcePackages/checkouts/firebase-ios-sdk
    builtin-copy -exclude .DS_Store -exclude CVS -exclude .svn -exclude .git -exclude .hg -resolve-src-symlinks /Users/siam/Library/Developer/Xcode/DerivedData/Lingua_Quest-gvpckrqxtbgyprbgppjfqmimmmfw/Build/Intermediates.noindex/Firebase.build/Debug-iphonesimulator/FirebaseFirestoreInternalWrapper.build/FirebaseFirestoreInternalWrapper.modulemap /Users/siam/Library/Developer/Xcode/DerivedData/Lingua_Quest-gvpckrqxtbgyprbgppjfqmimmmfw/Build/Intermediates.noindex/GeneratedModuleMaps-iphonesimulator

WriteAuxiliaryFile /Users/siam/Library/Developer/Xcode/DerivedData/Lingua_Quest-gvpckrqxtbgyprbgppjfqmimmmfw/Build/Intermediates.noindex/Firebase.build/Debug-iphonesimulator/FirebaseFirestore.build/Objects-normal/x86_64/FirebaseFirestore.SwiftConstValuesFileList (in target 'FirebaseFirestore' from project 'Firebase')
    cd /Users/siam/Library/Developer/Xcode/DerivedData/Lingua_Quest-gvpckrqxtbgyprbgppjfqmimmmfw/SourcePackages/checkouts/firebase-ios-sdk
    write-file /Users/siam/Library/Developer/Xcode/DerivedData/Lingua_Quest-gvpckrqxtbgyprbgppjfqmimmmfw/Build/Intermediates.noindex/Firebase.build/Debug-iphonesimulator/FirebaseFirestore.build/Objects-normal/x86_64/FirebaseFirestore.SwiftConstValuesFileList

WriteAuxiliaryFile /Users/siam/Library/Developer/Xcode/DerivedData/Lingua_Quest-gvpckrqxtbgyprbgppjfqmimmmfw/Build/Intermediates.noindex/Firebase.build/Debug-iphonesimulator/FirebaseFirestore.build/Objects-normal/arm64/FirebaseFirestore.SwiftFileList (in target 'FirebaseFirestore' from project 'Firebase')
    cd /Users/siam/Library/Developer/Xcode/DerivedData/Lingua_Quest-gvpckrqxtbgyprbgppjfqmimmmfw/SourcePackages/checkouts/firebase-ios-sdk
    write-file /Users/siam/Library/Developer/Xcode/DerivedData/Lingua_Quest-gvpckrqxtbgyprbgppjfqmimmmfw/Build/Intermediates.noindex/Firebase.build/Debug-iphonesimulator/FirebaseFirestore.build/Objects-normal/arm64/FirebaseFirestore.SwiftFileList

WriteAuxiliaryFile /Users/siam/Library/Developer/Xcode/DerivedData/Lingua_Quest-gvpckrqxtbgyprbgppjfqmimmmfw/Build/Intermediates.noindex/Firebase.build/Debug-iphonesimulator/FirebaseFirestore.build/Objects-normal/arm64/FirebaseFirestore_const_extract_protocols.json (in target 'FirebaseFirestore' from project 'Firebase')
    cd /Users/siam/Library/Developer/Xcode/DerivedData/Lingua_Quest-gvpckrqxtbgyprbgppjfqmimmmfw/SourcePackages/checkouts/firebase-ios-sdk
    write-file /Users/siam/Library/Developer/Xcode/DerivedData/Lingua_Quest-gvpckrqxtbgyprbgppjfqmimmmfw/Build/Intermediates.noindex/Firebase.build/Debug-iphonesimulator/FirebaseFirestore.build/Objects-normal/arm64/FirebaseFirestore_const_extract_protocols.json

WriteAuxiliaryFile /Users/siam/Library/Developer/Xcode/DerivedData/Lingua_Quest-gvpckrqxtbgyprbgppjfqmimmmfw/Build/Intermediates.noindex/Firebase.build/Debug-iphonesimulator/FirebaseFirestore.build/Objects-normal/arm64/FirebaseFirestore.SwiftConstValuesFileList (in target 'FirebaseFirestore' from project 'Firebase')
    cd /Users/siam/Library/Developer/Xcode/DerivedData/Lingua_Quest-gvpckrqxtbgyprbgppjfqmimmmfw/SourcePackages/checkouts/firebase-ios-sdk
    write-file /Users/siam/Library/Developer/Xcode/DerivedData/Lingua_Quest-gvpckrqxtbgyprbgppjfqmimmmfw/Build/Intermediates.noindex/Firebase.build/Debug-iphonesimulator/FirebaseFirestore.build/Objects-normal/arm64/FirebaseFirestore.SwiftConstValuesFileList

WriteAuxiliaryFile /Users/siam/Library/Developer/Xcode/DerivedData/Lingua_Quest-gvpckrqxtbgyprbgppjfqmimmmfw/Build/Intermediates.noindex/Firebase.build/Debug-iphonesimulator/FirebaseFirestore.build/Objects-normal/arm64/FirebaseFirestore.LinkFileList (in target 'FirebaseFirestore' from project 'Firebase')
    cd /Users/siam/Library/Developer/Xcode/DerivedData/Lingua_Quest-gvpckrqxtbgyprbgppjfqmimmmfw/SourcePackages/checkouts/firebase-ios-sdk
    write-file /Users/siam/Library/Developer/Xcode/DerivedData/Lingua_Quest-gvpckrqxtbgyprbgppjfqmimmmfw/Build/Intermediates.noindex/Firebase.build/Debug-iphonesimulator/FirebaseFirestore.build/Objects-normal/arm64/FirebaseFirestore.LinkFileList

WriteAuxiliaryFile /Users/siam/Library/Developer/Xcode/DerivedData/Lingua_Quest-gvpckrqxtbgyprbgppjfqmimmmfw/Build/Intermediates.noindex/Firebase.build/Debug-iphonesimulator/FirebaseFirestore.build/Objects-normal/arm64/FirebaseFirestore-OutputFileMap.json (in target 'FirebaseFirestore' from project 'Firebase')
    cd /Users/siam/Library/Developer/Xcode/DerivedData/Lingua_Quest-gvpckrqxtbgyprbgppjfqmimmmfw/SourcePackages/checkouts/firebase-ios-sdk
    write-file /Users/siam/Library/Developer/Xcode/DerivedData/Lingua_Quest-gvpckrqxtbgyprbgppjfqmimmmfw/Build/Intermediates.noindex/Firebase.build/Debug-iphonesimulator/FirebaseFirestore.build/Objects-normal/arm64/FirebaseFirestore-OutputFileMap.json

Copy /Users/siam/Library/Developer/Xcode/DerivedData/Lingua_Quest-gvpckrqxtbgyprbgppjfqmimmmfw/Build/Intermediates.noindex/GeneratedModuleMaps-iphonesimulator/FirebaseFirestore.modulemap /Users/siam/Library/Developer/Xcode/DerivedData/Lingua_Quest-gvpckrqxtbgyprbgppjfqmimmmfw/Build/Intermediates.noindex/Firebase.build/Debug-iphonesimulator/FirebaseFirestore.build/FirebaseFirestore.modulemap (in target 'FirebaseFirestore' from project 'Firebase')
    cd /Users/siam/Library/Developer/Xcode/DerivedData/Lingua_Quest-gvpckrqxtbgyprbgppjfqmimmmfw/SourcePackages/checkouts/firebase-ios-sdk
    builtin-copy -exclude .DS_Store -exclude CVS -exclude .svn -exclude .git -exclude .hg -resolve-src-symlinks /Users/siam/Library/Developer/Xcode/DerivedData/Lingua_Quest-gvpckrqxtbgyprbgppjfqmimmmfw/Build/Intermediates.noindex/Firebase.build/Debug-iphonesimulator/FirebaseFirestore.build/FirebaseFirestore.modulemap /Users/siam/Library/Developer/Xcode/DerivedData/Lingua_Quest-gvpckrqxtbgyprbgppjfqmimmmfw/Build/Intermediates.noindex/GeneratedModuleMaps-iphonesimulator

WriteAuxiliaryFile /Users/siam/Library/Developer/Xcode/DerivedData/Lingua_Quest-gvpckrqxtbgyprbgppjfqmimmmfw/Build/Intermediates.noindex/Firebase.build/Debug-iphonesimulator/FirebaseCoreInternal.build/Objects-normal/x86_64/FirebaseCoreInternal.SwiftConstValuesFileList (in target 'FirebaseCoreInternal' from project 'Firebase')
    cd /Users/siam/Library/Developer/Xcode/DerivedData/Lingua_Quest-gvpckrqxtbgyprbgppjfqmimmmfw/SourcePackages/checkouts/firebase-ios-sdk
    write-file /Users/siam/Library/Developer/Xcode/DerivedData/Lingua_Quest-gvpckrqxtbgyprbgppjfqmimmmfw/Build/Intermediates.noindex/Firebase.build/Debug-iphonesimulator/FirebaseCoreInternal.build/Objects-normal/x86_64/FirebaseCoreInternal.SwiftConstValuesFileList

WriteAuxiliaryFile /Users/siam/Library/Developer/Xcode/DerivedData/Lingua_Quest-gvpckrqxtbgyprbgppjfqmimmmfw/Build/Intermediates.noindex/Firebase.build/Debug-iphonesimulator/FirebaseCoreInternal.build/Objects-normal/arm64/FirebaseCoreInternal.SwiftFileList (in target 'FirebaseCoreInternal' from project 'Firebase')
    cd /Users/siam/Library/Developer/Xcode/DerivedData/Lingua_Quest-gvpckrqxtbgyprbgppjfqmimmmfw/SourcePackages/checkouts/firebase-ios-sdk
    write-file /Users/siam/Library/Developer/Xcode/DerivedData/Lingua_Quest-gvpckrqxtbgyprbgppjfqmimmmfw/Build/Intermediates.noindex/Firebase.build/Debug-iphonesimulator/FirebaseCoreInternal.build/Objects-normal/arm64/FirebaseCoreInternal.SwiftFileList

WriteAuxiliaryFile /Users/siam/Library/Developer/Xcode/DerivedData/Lingua_Quest-gvpckrqxtbgyprbgppjfqmimmmfw/Build/Intermediates.noindex/Firebase.build/Debug-iphonesimulator/FirebaseCoreInternal.build/Objects-normal/arm64/FirebaseCoreInternal_const_extract_protocols.json (in target 'FirebaseCoreInternal' from project 'Firebase')
    cd /Users/siam/Library/Developer/Xcode/DerivedData/Lingua_Quest-gvpckrqxtbgyprbgppjfqmimmmfw/SourcePackages/checkouts/firebase-ios-sdk
    write-file /Users/siam/Library/Developer/Xcode/DerivedData/Lingua_Quest-gvpckrqxtbgyprbgppjfqmimmmfw/Build/Intermediates.noindex/Firebase.build/Debug-iphonesimulator/FirebaseCoreInternal.build/Objects-normal/arm64/FirebaseCoreInternal_const_extract_protocols.json

WriteAuxiliaryFile /Users/siam/Library/Developer/Xcode/DerivedData/Lingua_Quest-gvpckrqxtbgyprbgppjfqmimmmfw/Build/Intermediates.noindex/Firebase.build/Debug-iphonesimulator/FirebaseCoreInternal.build/Objects-normal/arm64/FirebaseCoreInternal.LinkFileList (in target 'FirebaseCoreInternal' from project 'Firebase')
    cd /Users/siam/Library/Developer/Xcode/DerivedData/Lingua_Quest-gvpckrqxtbgyprbgppjfqmimmmfw/SourcePackages/checkouts/firebase-ios-sdk
    write-file /Users/siam/Library/Developer/Xcode/DerivedData/Lingua_Quest-gvpckrqxtbgyprbgppjfqmimmmfw/Build/Intermediates.noindex/Firebase.build/Debug-iphonesimulator/FirebaseCoreInternal.build/Objects-normal/arm64/FirebaseCoreInternal.LinkFileList

WriteAuxiliaryFile /Users/siam/Library/Developer/Xcode/DerivedData/Lingua_Quest-gvpckrqxtbgyprbgppjfqmimmmfw/Build/Intermediates.noindex/Firebase.build/Debug-iphonesimulator/FirebaseCoreInternal.build/Objects-normal/arm64/FirebaseCoreInternal.SwiftConstValuesFileList (in target 'FirebaseCoreInternal' from project 'Firebase')
    cd /Users/siam/Library/Developer/Xcode/DerivedData/Lingua_Quest-gvpckrqxtbgyprbgppjfqmimmmfw/SourcePackages/checkouts/firebase-ios-sdk
    write-file /Users/siam/Library/Developer/Xcode/DerivedData/Lingua_Quest-gvpckrqxtbgyprbgppjfqmimmmfw/Build/Intermediates.noindex/Firebase.build/Debug-iphonesimulator/FirebaseCoreInternal.build/Objects-normal/arm64/FirebaseCoreInternal.SwiftConstValuesFileList

WriteAuxiliaryFile /Users/siam/Library/Developer/Xcode/DerivedData/Lingua_Quest-gvpckrqxtbgyprbgppjfqmimmmfw/Build/Intermediates.noindex/Firebase.build/Debug-iphonesimulator/FirebaseCoreInternal.build/Objects-normal/arm64/FirebaseCoreInternal-OutputFileMap.json (in target 'FirebaseCoreInternal' from project 'Firebase')
    cd /Users/siam/Library/Developer/Xcode/DerivedData/Lingua_Quest-gvpckrqxtbgyprbgppjfqmimmmfw/SourcePackages/checkouts/firebase-ios-sdk
    write-file /Users/siam/Library/Developer/Xcode/DerivedData/Lingua_Quest-gvpckrqxtbgyprbgppjfqmimmmfw/Build/Intermediates.noindex/Firebase.build/Debug-iphonesimulator/FirebaseCoreInternal.build/Objects-normal/arm64/FirebaseCoreInternal-OutputFileMap.json

Copy /Users/siam/Library/Developer/Xcode/DerivedData/Lingua_Quest-gvpckrqxtbgyprbgppjfqmimmmfw/Build/Intermediates.noindex/GeneratedModuleMaps-iphonesimulator/FirebaseCoreInternal.modulemap /Users/siam/Library/Developer/Xcode/DerivedData/Lingua_Quest-gvpckrqxtbgyprbgppjfqmimmmfw/Build/Intermediates.noindex/Firebase.build/Debug-iphonesimulator/FirebaseCoreInternal.build/FirebaseCoreInternal.modulemap (in target 'FirebaseCoreInternal' from project 'Firebase')
    cd /Users/siam/Library/Developer/Xcode/DerivedData/Lingua_Quest-gvpckrqxtbgyprbgppjfqmimmmfw/SourcePackages/checkouts/firebase-ios-sdk
    builtin-copy -exclude .DS_Store -exclude CVS -exclude .svn -exclude .git -exclude .hg -resolve-src-symlinks /Users/siam/Library/Developer/Xcode/DerivedData/Lingua_Quest-gvpckrqxtbgyprbgppjfqmimmmfw/Build/Intermediates.noindex/Firebase.build/Debug-iphonesimulator/FirebaseCoreInternal.build/FirebaseCoreInternal.modulemap /Users/siam/Library/Developer/Xcode/DerivedData/Lingua_Quest-gvpckrqxtbgyprbgppjfqmimmmfw/Build/Intermediates.noindex/GeneratedModuleMaps-iphonesimulator

WriteAuxiliaryFile /Users/siam/Library/Developer/Xcode/DerivedData/Lingua_Quest-gvpckrqxtbgyprbgppjfqmimmmfw/Build/Intermediates.noindex/Firebase.build/Debug-iphonesimulator/FirebaseCoreExtension.build/Objects-normal/arm64/e6072d4f65d7061329687fe24e3d63a7-common-args.resp (in target 'FirebaseCoreExtension' from project 'Firebase')
    cd /Users/siam/Library/Developer/Xcode/DerivedData/Lingua_Quest-gvpckrqxtbgyprbgppjfqmimmmfw/SourcePackages/checkouts/firebase-ios-sdk
    write-file /Users/siam/Library/Developer/Xcode/DerivedData/Lingua_Quest-gvpckrqxtbgyprbgppjfqmimmmfw/Build/Intermediates.noindex/Firebase.build/Debug-iphonesimulator/FirebaseCoreExtension.build/Objects-normal/arm64/e6072d4f65d7061329687fe24e3d63a7-common-args.resp
-target arm64-apple-ios15.0-simulator -fobjc-arc -fmodules -gmodules '-fmodules-cache-path=/Users/siam/Library/Developer/Xcode/DerivedData/ModuleCache.noindex' '-fmodule-name=FirebaseCoreExtension' -fpascal-strings -O0 -DSWIFT_PACKAGE '-DDEBUG=1' '-DOBJC_OLD_DISPATCH_PROTOTYPES=1' -isysroot /Applications/Xcode.app/Contents/Developer/Platforms/iPhoneSimulator.platform/Developer/SDKs/iPhoneSimulator26.0.sdk -g '-fobjc-abi-version=2' -fobjc-legacy-dispatch -fprofile-instr-generate -fcoverage-mapping -I/Users/siam/Library/Developer/Xcode/DerivedData/Lingua_Quest-gvpckrqxtbgyprbgppjfqmimmmfw/Build/Products/Debug-iphonesimulator/include -I/Users/siam/Library/Developer/Xcode/DerivedData/Lingua_Quest-gvpckrqxtbgyprbgppjfqmimmmfw/SourcePackages/checkouts/firebase-ios-sdk/FirebaseCore/Extension -I/Users/siam/Library/Developer/Xcode/DerivedData/Lingua_Quest-gvpckrqxtbgyprbgppjfqmimmmfw/SourcePackages/checkouts/firebase-ios-sdk -I/Users/siam/Library/Developer/Xcode/DerivedData/Lingua_Quest-gvpckrqxtbgyprbgppjfqmimmmfw/Build/Intermediates.noindex/Firebase.build/Debug-iphonesimulator/FirebaseCoreExtension.build/DerivedSources-normal/arm64 -I/Users/siam/Library/Developer/Xcode/DerivedData/Lingua_Quest-gvpckrqxtbgyprbgppjfqmimmmfw/Build/Intermediates.noindex/Firebase.build/Debug-iphonesimulator/FirebaseCoreExtension.build/DerivedSources/arm64 -I/Users/siam/Library/Developer/Xcode/DerivedData/Lingua_Quest-gvpckrqxtbgyprbgppjfqmimmmfw/Build/Intermediates.noindex/Firebase.build/Debug-iphonesimulator/FirebaseCoreExtension.build/DerivedSources -F/Users/siam/Library/Developer/Xcode/DerivedData/Lingua_Quest-gvpckrqxtbgyprbgppjfqmimmmfw/Build/Products/Debug-iphonesimulator -iframework /Applications/Xcode.app/Contents/Developer/Platforms/iPhoneSimulator.platform/Developer/Library/Frameworks -iframework /Applications/Xcode.app/Contents/Developer/Platforms/iPhoneSimulator.platform/Developer/SDKs/iPhoneSimulator26.0.sdk/Developer/Library/Frameworks -DXcode

WriteAuxiliaryFile /Users/siam/Library/Developer/Xcode/DerivedData/Lingua_Quest-gvpckrqxtbgyprbgppjfqmimmmfw/Build/Intermediates.noindex/Firebase.build/Debug-iphonesimulator/FirebaseCoreExtension.build/Objects-normal/arm64/FirebaseCoreExtension.LinkFileList (in target 'FirebaseCoreExtension' from project 'Firebase')
    cd /Users/siam/Library/Developer/Xcode/DerivedData/Lingua_Quest-gvpckrqxtbgyprbgppjfqmimmmfw/SourcePackages/checkouts/firebase-ios-sdk
    write-file /Users/siam/Library/Developer/Xcode/DerivedData/Lingua_Quest-gvpckrqxtbgyprbgppjfqmimmmfw/Build/Intermediates.noindex/Firebase.build/Debug-iphonesimulator/FirebaseCoreExtension.build/Objects-normal/arm64/FirebaseCoreExtension.LinkFileList

Copy /Users/siam/Library/Developer/Xcode/DerivedData/Lingua_Quest-gvpckrqxtbgyprbgppjfqmimmmfw/Build/Intermediates.noindex/GeneratedModuleMaps-iphonesimulator/FirebaseCoreExtension.modulemap /Users/siam/Library/Developer/Xcode/DerivedData/Lingua_Quest-gvpckrqxtbgyprbgppjfqmimmmfw/Build/Intermediates.noindex/Firebase.build/Debug-iphonesimulator/FirebaseCoreExtension.build/FirebaseCoreExtension.modulemap (in target 'FirebaseCoreExtension' from project 'Firebase')
    cd /Users/siam/Library/Developer/Xcode/DerivedData/Lingua_Quest-gvpckrqxtbgyprbgppjfqmimmmfw/SourcePackages/checkouts/firebase-ios-sdk
    builtin-copy -exclude .DS_Store -exclude CVS -exclude .svn -exclude .git -exclude .hg -resolve-src-symlinks /Users/siam/Library/Developer/Xcode/DerivedData/Lingua_Quest-gvpckrqxtbgyprbgppjfqmimmmfw/Build/Intermediates.noindex/Firebase.build/Debug-iphonesimulator/FirebaseCoreExtension.build/FirebaseCoreExtension.modulemap /Users/siam/Library/Developer/Xcode/DerivedData/Lingua_Quest-gvpckrqxtbgyprbgppjfqmimmmfw/Build/Intermediates.noindex/GeneratedModuleMaps-iphonesimulator

WriteAuxiliaryFile /Users/siam/Library/Developer/Xcode/DerivedData/Lingua_Quest-gvpckrqxtbgyprbgppjfqmimmmfw/Build/Intermediates.noindex/Firebase.build/Debug-iphonesimulator/FirebaseCore.build/Objects-normal/arm64/e6072d4f65d7061329687fe24e3d63a7-common-args.resp (in target 'FirebaseCore' from project 'Firebase')
    cd /Users/siam/Library/Developer/Xcode/DerivedData/Lingua_Quest-gvpckrqxtbgyprbgppjfqmimmmfw/SourcePackages/checkouts/firebase-ios-sdk
    write-file /Users/siam/Library/Developer/Xcode/DerivedData/Lingua_Quest-gvpckrqxtbgyprbgppjfqmimmmfw/Build/Intermediates.noindex/Firebase.build/Debug-iphonesimulator/FirebaseCore.build/Objects-normal/arm64/e6072d4f65d7061329687fe24e3d63a7-common-args.resp
-target arm64-apple-ios15.0-simulator -fobjc-arc -fmodules -gmodules '-fmodules-cache-path=/Users/siam/Library/Developer/Xcode/DerivedData/ModuleCache.noindex' '-fmodule-name=FirebaseCore' -fpascal-strings -O0 -DSWIFT_PACKAGE '-DDEBUG=1' '-DFirebase_VERSION=12.16.0' '-DOBJC_OLD_DISPATCH_PROTOTYPES=1' -isysroot /Applications/Xcode.app/Contents/Developer/Platforms/iPhoneSimulator.platform/Developer/SDKs/iPhoneSimulator26.0.sdk -g '-fobjc-abi-version=2' -fobjc-legacy-dispatch -fprofile-instr-generate -fcoverage-mapping -I/Users/siam/Library/Developer/Xcode/DerivedData/Lingua_Quest-gvpckrqxtbgyprbgppjfqmimmmfw/SourcePackages/checkouts/GoogleUtilities/GoogleUtilities/NSData+zlib/Public -I/Users/siam/Library/Developer/Xcode/DerivedData/Lingua_Quest-gvpckrqxtbgyprbgppjfqmimmmfw/SourcePackages/checkouts/GoogleUtilities/GoogleUtilities/Environment/Public -I/Users/siam/Library/Developer/Xcode/DerivedData/Lingua_Quest-gvpckrqxtbgyprbgppjfqmimmmfw/SourcePackages/checkouts/GoogleUtilities/third_party/IsAppEncrypted/Public -I/Users/siam/Library/Developer/Xcode/DerivedData/Lingua_Quest-gvpckrqxtbgyprbgppjfqmimmmfw/SourcePackages/checkouts/GoogleUtilities/GoogleUtilities/Logger/Public -I/Users/siam/Library/Developer/Xcode/DerivedData/Lingua_Quest-gvpckrqxtbgyprbgppjfqmimmmfw/SourcePackages/checkouts/firebase-ios-sdk/CoreOnly/Sources -I/Users/siam/Library/Developer/Xcode/DerivedData/Lingua_Quest-gvpckrqxtbgyprbgppjfqmimmmfw/Build/Products/Debug-iphonesimulator/include -I/Users/siam/Library/Developer/Xcode/DerivedData/Lingua_Quest-gvpckrqxtbgyprbgppjfqmimmmfw/SourcePackages/checkouts/firebase-ios-sdk/FirebaseCore/Sources/Public -I/Users/siam/Library/Developer/Xcode/DerivedData/Lingua_Quest-gvpckrqxtbgyprbgppjfqmimmmfw/SourcePackages/checkouts/firebase-ios-sdk -I/Users/siam/Library/Developer/Xcode/DerivedData/Lingua_Quest-gvpckrqxtbgyprbgppjfqmimmmfw/Build/Intermediates.noindex/Firebase.build/Debug-iphonesimulator/FirebaseCore.build/DerivedSources-normal/arm64 -I/Users/siam/Library/Developer/Xcode/DerivedData/Lingua_Quest-gvpckrqxtbgyprbgppjfqmimmmfw/Build/Intermediates.noindex/Firebase.build/Debug-iphonesimulator/FirebaseCore.build/DerivedSources/arm64 -I/Users/siam/Library/Developer/Xcode/DerivedData/Lingua_Quest-gvpckrqxtbgyprbgppjfqmimmmfw/Build/Intermediates.noindex/Firebase.build/Debug-iphonesimulator/FirebaseCore.build/DerivedSources -F/Users/siam/Library/Developer/Xcode/DerivedData/Lingua_Quest-gvpckrqxtbgyprbgppjfqmimmmfw/Build/Products/Debug-iphonesimulator/PackageFrameworks -F/Users/siam/Library/Developer/Xcode/DerivedData/Lingua_Quest-gvpckrqxtbgyprbgppjfqmimmmfw/Build/Products/Debug-iphonesimulator/PackageFrameworks -F/Users/siam/Library/Developer/Xcode/DerivedData/Lingua_Quest-gvpckrqxtbgyprbgppjfqmimmmfw/Build/Products/Debug-iphonesimulator/PackageFrameworks -F/Users/siam/Library/Developer/Xcode/DerivedData/Lingua_Quest-gvpckrqxtbgyprbgppjfqmimmmfw/Build/Products/Debug-iphonesimulator/PackageFrameworks -F/Users/siam/Library/Developer/Xcode/DerivedData/Lingua_Quest-gvpckrqxtbgyprbgppjfqmimmmfw/Build/Products/Debug-iphonesimulator/PackageFrameworks -F/Users/siam/Library/Developer/Xcode/DerivedData/Lingua_Quest-gvpckrqxtbgyprbgppjfqmimmmfw/Build/Products/Debug-iphonesimulator/PackageFrameworks -F/Users/siam/Library/Developer/Xcode/DerivedData/Lingua_Quest-gvpckrqxtbgyprbgppjfqmimmmfw/Build/Products/Debug-iphonesimulator -iframework /Applications/Xcode.app/Contents/Developer/Platforms/iPhoneSimulator.platform/Developer/Library/Frameworks -iframework /Applications/Xcode.app/Contents/Developer/Platforms/iPhoneSimulator.platform/Developer/SDKs/iPhoneSimulator26.0.sdk/Developer/Library/Frameworks '-fmodule-map-file=/Users/siam/Library/Developer/Xcode/DerivedData/Lingua_Quest-gvpckrqxtbgyprbgppjfqmimmmfw/Build/Intermediates.noindex/GeneratedModuleMaps-iphonesimulator/GoogleUtilities-NSData.modulemap' '-fmodule-map-file=/Users/siam/Library/Developer/Xcode/DerivedData/Lingua_Quest-gvpckrqxtbgyprbgppjfqmimmmfw/Build/Intermediates.noindex/GeneratedModuleMaps-iphonesimulator/GoogleUtilities-Environment.modulemap' '-fmodule-map-file=/Users/siam/Library/Developer/Xcode/DerivedData/Lingua_Quest-gvpckrqxtbgyprbgppjfqmimmmfw/Build/Intermediates.noindex/GeneratedModuleMaps-iphonesimulator/third-party-IsAppEncrypted.modulemap' '-fmodule-map-file=/Users/siam/Library/Developer/Xcode/DerivedData/Lingua_Quest-gvpckrqxtbgyprbgppjfqmimmmfw/Build/Intermediates.noindex/GeneratedModuleMaps-iphonesimulator/GoogleUtilities-Logger.modulemap' '-fmodule-map-file=/Users/siam/Library/Developer/Xcode/DerivedData/Lingua_Quest-gvpckrqxtbgyprbgppjfqmimmmfw/Build/Intermediates.noindex/GeneratedModuleMaps-iphonesimulator/FirebaseCoreInternal.modulemap' -DXcode

WriteAuxiliaryFile /Users/siam/Library/Developer/Xcode/DerivedData/Lingua_Quest-gvpckrqxtbgyprbgppjfqmimmmfw/Build/Intermediates.noindex/Firebase.build/Debug-iphonesimulator/FirebaseCore.build/Objects-normal/arm64/FirebaseCore.LinkFileList (in target 'FirebaseCore' from project 'Firebase')
    cd /Users/siam/Library/Developer/Xcode/DerivedData/Lingua_Quest-gvpckrqxtbgyprbgppjfqmimmmfw/SourcePackages/checkouts/firebase-ios-sdk
    write-file /Users/siam/Library/Developer/Xcode/DerivedData/Lingua_Quest-gvpckrqxtbgyprbgppjfqmimmmfw/Build/Intermediates.noindex/Firebase.build/Debug-iphonesimulator/FirebaseCore.build/Objects-normal/arm64/FirebaseCore.LinkFileList

Copy /Users/siam/Library/Developer/Xcode/DerivedData/Lingua_Quest-gvpckrqxtbgyprbgppjfqmimmmfw/Build/Intermediates.noindex/GeneratedModuleMaps-iphonesimulator/FirebaseCore.modulemap /Users/siam/Library/Developer/Xcode/DerivedData/Lingua_Quest-gvpckrqxtbgyprbgppjfqmimmmfw/Build/Intermediates.noindex/Firebase.build/Debug-iphonesimulator/FirebaseCore.build/FirebaseCore.modulemap (in target 'FirebaseCore' from project 'Firebase')
    cd /Users/siam/Library/Developer/Xcode/DerivedData/Lingua_Quest-gvpckrqxtbgyprbgppjfqmimmmfw/SourcePackages/checkouts/firebase-ios-sdk
    builtin-copy -exclude .DS_Store -exclude CVS -exclude .svn -exclude .git -exclude .hg -resolve-src-symlinks /Users/siam/Library/Developer/Xcode/DerivedData/Lingua_Quest-gvpckrqxtbgyprbgppjfqmimmmfw/Build/Intermediates.noindex/Firebase.build/Debug-iphonesimulator/FirebaseCore.build/FirebaseCore.modulemap /Users/siam/Library/Developer/Xcode/DerivedData/Lingua_Quest-gvpckrqxtbgyprbgppjfqmimmmfw/Build/Intermediates.noindex/GeneratedModuleMaps-iphonesimulator

WriteAuxiliaryFile /Users/siam/Library/Developer/Xcode/DerivedData/Lingua_Quest-gvpckrqxtbgyprbgppjfqmimmmfw/Build/Intermediates.noindex/Firebase.build/Debug-iphonesimulator/FirebaseAuthInterop.build/Objects-normal/arm64/e6072d4f65d7061329687fe24e3d63a7-common-args.resp (in target 'FirebaseAuthInterop' from project 'Firebase')
    cd /Users/siam/Library/Developer/Xcode/DerivedData/Lingua_Quest-gvpckrqxtbgyprbgppjfqmimmmfw/SourcePackages/checkouts/firebase-ios-sdk
    write-file /Users/siam/Library/Developer/Xcode/DerivedData/Lingua_Quest-gvpckrqxtbgyprbgppjfqmimmmfw/Build/Intermediates.noindex/Firebase.build/Debug-iphonesimulator/FirebaseAuthInterop.build/Objects-normal/arm64/e6072d4f65d7061329687fe24e3d63a7-common-args.resp
-target arm64-apple-ios15.0-simulator -fobjc-arc -fmodules -gmodules '-fmodules-cache-path=/Users/siam/Library/Developer/Xcode/DerivedData/ModuleCache.noindex' '-fmodule-name=FirebaseAuthInterop' -fpascal-strings -O0 -DSWIFT_PACKAGE '-DDEBUG=1' '-DOBJC_OLD_DISPATCH_PROTOTYPES=1' -isysroot /Applications/Xcode.app/Contents/Developer/Platforms/iPhoneSimulator.platform/Developer/SDKs/iPhoneSimulator26.0.sdk -g '-fobjc-abi-version=2' -fobjc-legacy-dispatch -fprofile-instr-generate -fcoverage-mapping -I/Users/siam/Library/Developer/Xcode/DerivedData/Lingua_Quest-gvpckrqxtbgyprbgppjfqmimmmfw/Build/Products/Debug-iphonesimulator/include -I/Users/siam/Library/Developer/Xcode/DerivedData/Lingua_Quest-gvpckrqxtbgyprbgppjfqmimmmfw/SourcePackages/checkouts/firebase-ios-sdk/FirebaseAuth/Interop/Public -I/Users/siam/Library/Developer/Xcode/DerivedData/Lingua_Quest-gvpckrqxtbgyprbgppjfqmimmmfw/SourcePackages/checkouts/firebase-ios-sdk -I/Users/siam/Library/Developer/Xcode/DerivedData/Lingua_Quest-gvpckrqxtbgyprbgppjfqmimmmfw/Build/Intermediates.noindex/Firebase.build/Debug-iphonesimulator/FirebaseAuthInterop.build/DerivedSources-normal/arm64 -I/Users/siam/Library/Developer/Xcode/DerivedData/Lingua_Quest-gvpckrqxtbgyprbgppjfqmimmmfw/Build/Intermediates.noindex/Firebase.build/Debug-iphonesimulator/FirebaseAuthInterop.build/DerivedSources/arm64 -I/Users/siam/Library/Developer/Xcode/DerivedData/Lingua_Quest-gvpckrqxtbgyprbgppjfqmimmmfw/Build/Intermediates.noindex/Firebase.build/Debug-iphonesimulator/FirebaseAuthInterop.build/DerivedSources -F/Users/siam/Library/Developer/Xcode/DerivedData/Lingua_Quest-gvpckrqxtbgyprbgppjfqmimmmfw/Build/Products/Debug-iphonesimulator -iframework /Applications/Xcode.app/Contents/Developer/Platforms/iPhoneSimulator.platform/Developer/Library/Frameworks -iframework /Applications/Xcode.app/Contents/Developer/Platforms/iPhoneSimulator.platform/Developer/SDKs/iPhoneSimulator26.0.sdk/Developer/Library/Frameworks -DXcode

WriteAuxiliaryFile /Users/siam/Library/Developer/Xcode/DerivedData/Lingua_Quest-gvpckrqxtbgyprbgppjfqmimmmfw/Build/Intermediates.noindex/Firebase.build/Debug-iphonesimulator/FirebaseAuthInterop.build/Objects-normal/arm64/FirebaseAuthInterop.LinkFileList (in target 'FirebaseAuthInterop' from project 'Firebase')
    cd /Users/siam/Library/Developer/Xcode/DerivedData/Lingua_Quest-gvpckrqxtbgyprbgppjfqmimmmfw/SourcePackages/checkouts/firebase-ios-sdk
    write-file /Users/siam/Library/Developer/Xcode/DerivedData/Lingua_Quest-gvpckrqxtbgyprbgppjfqmimmmfw/Build/Intermediates.noindex/Firebase.build/Debug-iphonesimulator/FirebaseAuthInterop.build/Objects-normal/arm64/FirebaseAuthInterop.LinkFileList

WriteAuxiliaryFile /Users/siam/Library/Developer/Xcode/DerivedData/Lingua_Quest-gvpckrqxtbgyprbgppjfqmimmmfw/Build/Intermediates.noindex/Firebase.build/Debug-iphonesimulator/FirebaseAuthInternal.build/Objects-normal/arm64/e6072d4f65d7061329687fe24e3d63a7-common-args.resp (in target 'FirebaseAuthInternal' from project 'Firebase')
    cd /Users/siam/Library/Developer/Xcode/DerivedData/Lingua_Quest-gvpckrqxtbgyprbgppjfqmimmmfw/SourcePackages/checkouts/firebase-ios-sdk
    write-file /Users/siam/Library/Developer/Xcode/DerivedData/Lingua_Quest-gvpckrqxtbgyprbgppjfqmimmmfw/Build/Intermediates.noindex/Firebase.build/Debug-iphonesimulator/FirebaseAuthInternal.build/Objects-normal/arm64/e6072d4f65d7061329687fe24e3d63a7-common-args.resp
-target arm64-apple-ios15.0-simulator -fobjc-arc -fmodules -gmodules '-fmodules-cache-path=/Users/siam/Library/Developer/Xcode/DerivedData/ModuleCache.noindex' '-fmodule-name=FirebaseAuthInternal' -fpascal-strings -O0 -DSWIFT_PACKAGE '-DDEBUG=1' '-DOBJC_OLD_DISPATCH_PROTOTYPES=1' -isysroot /Applications/Xcode.app/Contents/Developer/Platforms/iPhoneSimulator.platform/Developer/SDKs/iPhoneSimulator26.0.sdk -g '-fobjc-abi-version=2' -fobjc-legacy-dispatch -fprofile-instr-generate -fcoverage-mapping -I/Users/siam/Library/Developer/Xcode/DerivedData/Lingua_Quest-gvpckrqxtbgyprbgppjfqmimmmfw/SourcePackages/checkouts/interop-ios-for-google-sdks/RecaptchaEnterprise/RecaptchaInterop/Public -I/Users/siam/Library/Developer/Xcode/DerivedData/Lingua_Quest-gvpckrqxtbgyprbgppjfqmimmmfw/Build/Products/Debug-iphonesimulator/include -I/Users/siam/Library/Developer/Xcode/DerivedData/Lingua_Quest-gvpckrqxtbgyprbgppjfqmimmmfw/SourcePackages/checkouts/firebase-ios-sdk/FirebaseAuth/Sources/Public -I/Users/siam/Library/Developer/Xcode/DerivedData/Lingua_Quest-gvpckrqxtbgyprbgppjfqmimmmfw/SourcePackages/checkouts/firebase-ios-sdk -I/Users/siam/Library/Developer/Xcode/DerivedData/Lingua_Quest-gvpckrqxtbgyprbgppjfqmimmmfw/Build/Intermediates.noindex/Firebase.build/Debug-iphonesimulator/FirebaseAuthInternal.build/DerivedSources-normal/arm64 -I/Users/siam/Library/Developer/Xcode/DerivedData/Lingua_Quest-gvpckrqxtbgyprbgppjfqmimmmfw/Build/Intermediates.noindex/Firebase.build/Debug-iphonesimulator/FirebaseAuthInternal.build/DerivedSources/arm64 -I/Users/siam/Library/Developer/Xcode/DerivedData/Lingua_Quest-gvpckrqxtbgyprbgppjfqmimmmfw/Build/Intermediates.noindex/Firebase.build/Debug-iphonesimulator/FirebaseAuthInternal.build/DerivedSources -F/Users/siam/Library/Developer/Xcode/DerivedData/Lingua_Quest-gvpckrqxtbgyprbgppjfqmimmmfw/Build/Products/Debug-iphonesimulator/PackageFrameworks -F/Users/siam/Library/Developer/Xcode/DerivedData/Lingua_Quest-gvpckrqxtbgyprbgppjfqmimmmfw/Build/Products/Debug-iphonesimulator -iframework /Applications/Xcode.app/Contents/Developer/Platforms/iPhoneSimulator.platform/Developer/Library/Frameworks -iframework /Applications/Xcode.app/Contents/Developer/Platforms/iPhoneSimulator.platform/Developer/SDKs/iPhoneSimulator26.0.sdk/Developer/Library/Frameworks '-fmodule-map-file=/Users/siam/Library/Developer/Xcode/DerivedData/Lingua_Quest-gvpckrqxtbgyprbgppjfqmimmmfw/Build/Intermediates.noindex/GeneratedModuleMaps-iphonesimulator/RecaptchaInterop.modulemap' -DXcode

Copy /Users/siam/Library/Developer/Xcode/DerivedData/Lingua_Quest-gvpckrqxtbgyprbgppjfqmimmmfw/Build/Intermediates.noindex/GeneratedModuleMaps-iphonesimulator/FirebaseAuthInterop.modulemap /Users/siam/Library/Developer/Xcode/DerivedData/Lingua_Quest-gvpckrqxtbgyprbgppjfqmimmmfw/Build/Intermediates.noindex/Firebase.build/Debug-iphonesimulator/FirebaseAuthInterop.build/FirebaseAuthInterop.modulemap (in target 'FirebaseAuthInterop' from project 'Firebase')
    cd /Users/siam/Library/Developer/Xcode/DerivedData/Lingua_Quest-gvpckrqxtbgyprbgppjfqmimmmfw/SourcePackages/checkouts/firebase-ios-sdk
    builtin-copy -exclude .DS_Store -exclude CVS -exclude .svn -exclude .git -exclude .hg -resolve-src-symlinks /Users/siam/Library/Developer/Xcode/DerivedData/Lingua_Quest-gvpckrqxtbgyprbgppjfqmimmmfw/Build/Intermediates.noindex/Firebase.build/Debug-iphonesimulator/FirebaseAuthInterop.build/FirebaseAuthInterop.modulemap /Users/siam/Library/Developer/Xcode/DerivedData/Lingua_Quest-gvpckrqxtbgyprbgppjfqmimmmfw/Build/Intermediates.noindex/GeneratedModuleMaps-iphonesimulator

WriteAuxiliaryFile /Users/siam/Library/Developer/Xcode/DerivedData/Lingua_Quest-gvpckrqxtbgyprbgppjfqmimmmfw/Build/Intermediates.noindex/Firebase.build/Debug-iphonesimulator/FirebaseAuthInternal.build/Objects-normal/arm64/FirebaseAuthInternal.LinkFileList (in target 'FirebaseAuthInternal' from project 'Firebase')
    cd /Users/siam/Library/Developer/Xcode/DerivedData/Lingua_Quest-gvpckrqxtbgyprbgppjfqmimmmfw/SourcePackages/checkouts/firebase-ios-sdk
    write-file /Users/siam/Library/Developer/Xcode/DerivedData/Lingua_Quest-gvpckrqxtbgyprbgppjfqmimmmfw/Build/Intermediates.noindex/Firebase.build/Debug-iphonesimulator/FirebaseAuthInternal.build/Objects-normal/arm64/FirebaseAuthInternal.LinkFileList

Copy /Users/siam/Library/Developer/Xcode/DerivedData/Lingua_Quest-gvpckrqxtbgyprbgppjfqmimmmfw/Build/Intermediates.noindex/GeneratedModuleMaps-iphonesimulator/FirebaseAuthInternal.modulemap /Users/siam/Library/Developer/Xcode/DerivedData/Lingua_Quest-gvpckrqxtbgyprbgppjfqmimmmfw/Build/Intermediates.noindex/Firebase.build/Debug-iphonesimulator/FirebaseAuthInternal.build/FirebaseAuthInternal.modulemap (in target 'FirebaseAuthInternal' from project 'Firebase')
    cd /Users/siam/Library/Developer/Xcode/DerivedData/Lingua_Quest-gvpckrqxtbgyprbgppjfqmimmmfw/SourcePackages/checkouts/firebase-ios-sdk
    builtin-copy -exclude .DS_Store -exclude CVS -exclude .svn -exclude .git -exclude .hg -resolve-src-symlinks /Users/siam/Library/Developer/Xcode/DerivedData/Lingua_Quest-gvpckrqxtbgyprbgppjfqmimmmfw/Build/Intermediates.noindex/Firebase.build/Debug-iphonesimulator/FirebaseAuthInternal.build/FirebaseAuthInternal.modulemap /Users/siam/Library/Developer/Xcode/DerivedData/Lingua_Quest-gvpckrqxtbgyprbgppjfqmimmmfw/Build/Intermediates.noindex/GeneratedModuleMaps-iphonesimulator

WriteAuxiliaryFile /Users/siam/Library/Developer/Xcode/DerivedData/Lingua_Quest-gvpckrqxtbgyprbgppjfqmimmmfw/Build/Intermediates.noindex/Firebase.build/Debug-iphonesimulator/FirebaseAuth.build/Objects-normal/x86_64/FirebaseAuth.SwiftConstValuesFileList (in target 'FirebaseAuth' from project 'Firebase')
    cd /Users/siam/Library/Developer/Xcode/DerivedData/Lingua_Quest-gvpckrqxtbgyprbgppjfqmimmmfw/SourcePackages/checkouts/firebase-ios-sdk
    write-file /Users/siam/Library/Developer/Xcode/DerivedData/Lingua_Quest-gvpckrqxtbgyprbgppjfqmimmmfw/Build/Intermediates.noindex/Firebase.build/Debug-iphonesimulator/FirebaseAuth.build/Objects-normal/x86_64/FirebaseAuth.SwiftConstValuesFileList

WriteAuxiliaryFile /Users/siam/Library/Developer/Xcode/DerivedData/Lingua_Quest-gvpckrqxtbgyprbgppjfqmimmmfw/Build/Intermediates.noindex/Firebase.build/Debug-iphonesimulator/FirebaseAuth.build/Objects-normal/arm64/FirebaseAuth_const_extract_protocols.json (in target 'FirebaseAuth' from project 'Firebase')
    cd /Users/siam/Library/Developer/Xcode/DerivedData/Lingua_Quest-gvpckrqxtbgyprbgppjfqmimmmfw/SourcePackages/checkouts/firebase-ios-sdk
    write-file /Users/siam/Library/Developer/Xcode/DerivedData/Lingua_Quest-gvpckrqxtbgyprbgppjfqmimmmfw/Build/Intermediates.noindex/Firebase.build/Debug-iphonesimulator/FirebaseAuth.build/Objects-normal/arm64/FirebaseAuth_const_extract_protocols.json

WriteAuxiliaryFile /Users/siam/Library/Developer/Xcode/DerivedData/Lingua_Quest-gvpckrqxtbgyprbgppjfqmimmmfw/Build/Intermediates.noindex/Firebase.build/Debug-iphonesimulator/FirebaseAuth.build/Objects-normal/arm64/FirebaseAuth.SwiftFileList (in target 'FirebaseAuth' from project 'Firebase')
    cd /Users/siam/Library/Developer/Xcode/DerivedData/Lingua_Quest-gvpckrqxtbgyprbgppjfqmimmmfw/SourcePackages/checkouts/firebase-ios-sdk
    write-file /Users/siam/Library/Developer/Xcode/DerivedData/Lingua_Quest-gvpckrqxtbgyprbgppjfqmimmmfw/Build/Intermediates.noindex/Firebase.build/Debug-iphonesimulator/FirebaseAuth.build/Objects-normal/arm64/FirebaseAuth.SwiftFileList

WriteAuxiliaryFile /Users/siam/Library/Developer/Xcode/DerivedData/Lingua_Quest-gvpckrqxtbgyprbgppjfqmimmmfw/Build/Intermediates.noindex/Firebase.build/Debug-iphonesimulator/FirebaseAuth.build/Objects-normal/arm64/FirebaseAuth.SwiftConstValuesFileList (in target 'FirebaseAuth' from project 'Firebase')
    cd /Users/siam/Library/Developer/Xcode/DerivedData/Lingua_Quest-gvpckrqxtbgyprbgppjfqmimmmfw/SourcePackages/checkouts/firebase-ios-sdk
    write-file /Users/siam/Library/Developer/Xcode/DerivedData/Lingua_Quest-gvpckrqxtbgyprbgppjfqmimmmfw/Build/Intermediates.noindex/Firebase.build/Debug-iphonesimulator/FirebaseAuth.build/Objects-normal/arm64/FirebaseAuth.SwiftConstValuesFileList

WriteAuxiliaryFile /Users/siam/Library/Developer/Xcode/DerivedData/Lingua_Quest-gvpckrqxtbgyprbgppjfqmimmmfw/Build/Intermediates.noindex/Firebase.build/Debug-iphonesimulator/FirebaseAuth.build/Objects-normal/arm64/FirebaseAuth.LinkFileList (in target 'FirebaseAuth' from project 'Firebase')
    cd /Users/siam/Library/Developer/Xcode/DerivedData/Lingua_Quest-gvpckrqxtbgyprbgppjfqmimmmfw/SourcePackages/checkouts/firebase-ios-sdk
    write-file /Users/siam/Library/Developer/Xcode/DerivedData/Lingua_Quest-gvpckrqxtbgyprbgppjfqmimmmfw/Build/Intermediates.noindex/Firebase.build/Debug-iphonesimulator/FirebaseAuth.build/Objects-normal/arm64/FirebaseAuth.LinkFileList

WriteAuxiliaryFile /Users/siam/Library/Developer/Xcode/DerivedData/Lingua_Quest-gvpckrqxtbgyprbgppjfqmimmmfw/Build/Intermediates.noindex/Firebase.build/Debug-iphonesimulator/FirebaseAuth.build/Objects-normal/arm64/FirebaseAuth-OutputFileMap.json (in target 'FirebaseAuth' from project 'Firebase')
    cd /Users/siam/Library/Developer/Xcode/DerivedData/Lingua_Quest-gvpckrqxtbgyprbgppjfqmimmmfw/SourcePackages/checkouts/firebase-ios-sdk
    write-file /Users/siam/Library/Developer/Xcode/DerivedData/Lingua_Quest-gvpckrqxtbgyprbgppjfqmimmmfw/Build/Intermediates.noindex/Firebase.build/Debug-iphonesimulator/FirebaseAuth.build/Objects-normal/arm64/FirebaseAuth-OutputFileMap.json

Copy /Users/siam/Library/Developer/Xcode/DerivedData/Lingua_Quest-gvpckrqxtbgyprbgppjfqmimmmfw/Build/Intermediates.noindex/GeneratedModuleMaps-iphonesimulator/FirebaseAuth.modulemap /Users/siam/Library/Developer/Xcode/DerivedData/Lingua_Quest-gvpckrqxtbgyprbgppjfqmimmmfw/Build/Intermediates.noindex/Firebase.build/Debug-iphonesimulator/FirebaseAuth.build/FirebaseAuth.modulemap (in target 'FirebaseAuth' from project 'Firebase')
    cd /Users/siam/Library/Developer/Xcode/DerivedData/Lingua_Quest-gvpckrqxtbgyprbgppjfqmimmmfw/SourcePackages/checkouts/firebase-ios-sdk
    builtin-copy -exclude .DS_Store -exclude CVS -exclude .svn -exclude .git -exclude .hg -resolve-src-symlinks /Users/siam/Library/Developer/Xcode/DerivedData/Lingua_Quest-gvpckrqxtbgyprbgppjfqmimmmfw/Build/Intermediates.noindex/Firebase.build/Debug-iphonesimulator/FirebaseAuth.build/FirebaseAuth.modulemap /Users/siam/Library/Developer/Xcode/DerivedData/Lingua_Quest-gvpckrqxtbgyprbgppjfqmimmmfw/Build/Intermediates.noindex/GeneratedModuleMaps-iphonesimulator

WriteAuxiliaryFile /Users/siam/Library/Developer/Xcode/DerivedData/Lingua_Quest-gvpckrqxtbgyprbgppjfqmimmmfw/Build/Intermediates.noindex/Firebase.build/Debug-iphonesimulator/FirebaseAppCheckInterop.build/Objects-normal/arm64/e6072d4f65d7061329687fe24e3d63a7-common-args.resp (in target 'FirebaseAppCheckInterop' from project 'Firebase')
    cd /Users/siam/Library/Developer/Xcode/DerivedData/Lingua_Quest-gvpckrqxtbgyprbgppjfqmimmmfw/SourcePackages/checkouts/firebase-ios-sdk
    write-file /Users/siam/Library/Developer/Xcode/DerivedData/Lingua_Quest-gvpckrqxtbgyprbgppjfqmimmmfw/Build/Intermediates.noindex/Firebase.build/Debug-iphonesimulator/FirebaseAppCheckInterop.build/Objects-normal/arm64/e6072d4f65d7061329687fe24e3d63a7-common-args.resp
-target arm64-apple-ios15.0-simulator -fobjc-arc -fmodules -gmodules '-fmodules-cache-path=/Users/siam/Library/Developer/Xcode/DerivedData/ModuleCache.noindex' '-fmodule-name=FirebaseAppCheckInterop' -fpascal-strings -O0 -DSWIFT_PACKAGE '-DDEBUG=1' '-DOBJC_OLD_DISPATCH_PROTOTYPES=1' -isysroot /Applications/Xcode.app/Contents/Developer/Platforms/iPhoneSimulator.platform/Developer/SDKs/iPhoneSimulator26.0.sdk -g '-fobjc-abi-version=2' -fobjc-legacy-dispatch -fprofile-instr-generate -fcoverage-mapping -I/Users/siam/Library/Developer/Xcode/DerivedData/Lingua_Quest-gvpckrqxtbgyprbgppjfqmimmmfw/Build/Products/Debug-iphonesimulator/include -I/Users/siam/Library/Developer/Xcode/DerivedData/Lingua_Quest-gvpckrqxtbgyprbgppjfqmimmmfw/SourcePackages/checkouts/firebase-ios-sdk/FirebaseAppCheck/Interop/Public -I/Users/siam/Library/Developer/Xcode/DerivedData/Lingua_Quest-gvpckrqxtbgyprbgppjfqmimmmfw/SourcePackages/checkouts/firebase-ios-sdk -I/Users/siam/Library/Developer/Xcode/DerivedData/Lingua_Quest-gvpckrqxtbgyprbgppjfqmimmmfw/Build/Intermediates.noindex/Firebase.build/Debug-iphonesimulator/FirebaseAppCheckInterop.build/DerivedSources-normal/arm64 -I/Users/siam/Library/Developer/Xcode/DerivedData/Lingua_Quest-gvpckrqxtbgyprbgppjfqmimmmfw/Build/Intermediates.noindex/Firebase.build/Debug-iphonesimulator/FirebaseAppCheckInterop.build/DerivedSources/arm64 -I/Users/siam/Library/Developer/Xcode/DerivedData/Lingua_Quest-gvpckrqxtbgyprbgppjfqmimmmfw/Build/Intermediates.noindex/Firebase.build/Debug-iphonesimulator/FirebaseAppCheckInterop.build/DerivedSources -F/Users/siam/Library/Developer/Xcode/DerivedData/Lingua_Quest-gvpckrqxtbgyprbgppjfqmimmmfw/Build/Products/Debug-iphonesimulator -iframework /Applications/Xcode.app/Contents/Developer/Platforms/iPhoneSimulator.platform/Developer/Library/Frameworks -iframework /Applications/Xcode.app/Contents/Developer/Platforms/iPhoneSimulator.platform/Developer/SDKs/iPhoneSimulator26.0.sdk/Developer/Library/Frameworks -DXcode

WriteAuxiliaryFile /Users/siam/Library/Developer/Xcode/DerivedData/Lingua_Quest-gvpckrqxtbgyprbgppjfqmimmmfw/Build/Intermediates.noindex/Firebase.build/Debug-iphonesimulator/FirebaseAppCheckInterop.build/Objects-normal/arm64/FirebaseAppCheckInterop.LinkFileList (in target 'FirebaseAppCheckInterop' from project 'Firebase')
    cd /Users/siam/Library/Developer/Xcode/DerivedData/Lingua_Quest-gvpckrqxtbgyprbgppjfqmimmmfw/SourcePackages/checkouts/firebase-ios-sdk
    write-file /Users/siam/Library/Developer/Xcode/DerivedData/Lingua_Quest-gvpckrqxtbgyprbgppjfqmimmmfw/Build/Intermediates.noindex/Firebase.build/Debug-iphonesimulator/FirebaseAppCheckInterop.build/Objects-normal/arm64/FirebaseAppCheckInterop.LinkFileList

Copy /Users/siam/Library/Developer/Xcode/DerivedData/Lingua_Quest-gvpckrqxtbgyprbgppjfqmimmmfw/Build/Intermediates.noindex/GeneratedModuleMaps-iphonesimulator/FirebaseAppCheckInterop.modulemap /Users/siam/Library/Developer/Xcode/DerivedData/Lingua_Quest-gvpckrqxtbgyprbgppjfqmimmmfw/Build/Intermediates.noindex/Firebase.build/Debug-iphonesimulator/FirebaseAppCheckInterop.build/FirebaseAppCheckInterop.modulemap (in target 'FirebaseAppCheckInterop' from project 'Firebase')
    cd /Users/siam/Library/Developer/Xcode/DerivedData/Lingua_Quest-gvpckrqxtbgyprbgppjfqmimmmfw/SourcePackages/checkouts/firebase-ios-sdk
    builtin-copy -exclude .DS_Store -exclude CVS -exclude .svn -exclude .git -exclude .hg -resolve-src-symlinks /Users/siam/Library/Developer/Xcode/DerivedData/Lingua_Quest-gvpckrqxtbgyprbgppjfqmimmmfw/Build/Intermediates.noindex/Firebase.build/Debug-iphonesimulator/FirebaseAppCheckInterop.build/FirebaseAppCheckInterop.modulemap /Users/siam/Library/Developer/Xcode/DerivedData/Lingua_Quest-gvpckrqxtbgyprbgppjfqmimmmfw/Build/Intermediates.noindex/GeneratedModuleMaps-iphonesimulator

WriteAuxiliaryFile /Users/siam/Library/Developer/Xcode/DerivedData/Lingua_Quest-gvpckrqxtbgyprbgppjfqmimmmfw/Build/Intermediates.noindex/Firebase.build/Debug-iphonesimulator/FirebaseAppCheck.build/Objects-normal/arm64/e6072d4f65d7061329687fe24e3d63a7-common-args.resp (in target 'FirebaseAppCheck' from project 'Firebase')
    cd /Users/siam/Library/Developer/Xcode/DerivedData/Lingua_Quest-gvpckrqxtbgyprbgppjfqmimmmfw/SourcePackages/checkouts/firebase-ios-sdk
    write-file /Users/siam/Library/Developer/Xcode/DerivedData/Lingua_Quest-gvpckrqxtbgyprbgppjfqmimmmfw/Build/Intermediates.noindex/Firebase.build/Debug-iphonesimulator/FirebaseAppCheck.build/Objects-normal/arm64/e6072d4f65d7061329687fe24e3d63a7-common-args.resp
-target arm64-apple-ios15.0-simulator -fobjc-arc -fmodules -gmodules '-fmodules-cache-path=/Users/siam/Library/Developer/Xcode/DerivedData/ModuleCache.noindex' '-fmodule-name=FirebaseAppCheck' -fpascal-strings -O0 -DSWIFT_PACKAGE '-DDEBUG=1' '-DOBJC_OLD_DISPATCH_PROTOTYPES=1' -isysroot /Applications/Xcode.app/Contents/Developer/Platforms/iPhoneSimulator.platform/Developer/SDKs/iPhoneSimulator26.0.sdk -g '-fobjc-abi-version=2' -fobjc-legacy-dispatch -fprofile-instr-generate -fcoverage-mapping -I/Users/siam/Library/Developer/Xcode/DerivedData/Lingua_Quest-gvpckrqxtbgyprbgppjfqmimmmfw/SourcePackages/checkouts/GoogleUtilities/GoogleUtilities/NSData+zlib/Public -I/Users/siam/Library/Developer/Xcode/DerivedData/Lingua_Quest-gvpckrqxtbgyprbgppjfqmimmmfw/SourcePackages/checkouts/interop-ios-for-google-sdks/RecaptchaEnterprise/RecaptchaInterop/Public -I/Users/siam/Library/Developer/Xcode/DerivedData/Lingua_Quest-gvpckrqxtbgyprbgppjfqmimmmfw/SourcePackages/checkouts/promises/Sources/FBLPromises/include -I/Users/siam/Library/Developer/Xcode/DerivedData/Lingua_Quest-gvpckrqxtbgyprbgppjfqmimmmfw/SourcePackages/checkouts/app-check/AppCheckCore/Sources/Public -I/Users/siam/Library/Developer/Xcode/DerivedData/Lingua_Quest-gvpckrqxtbgyprbgppjfqmimmmfw/SourcePackages/checkouts/GoogleUtilities/GoogleUtilities/Logger/Public -I/Users/siam/Library/Developer/Xcode/DerivedData/Lingua_Quest-gvpckrqxtbgyprbgppjfqmimmmfw/SourcePackages/checkouts/GoogleUtilities/GoogleUtilities/Environment/Public -I/Users/siam/Library/Developer/Xcode/DerivedData/Lingua_Quest-gvpckrqxtbgyprbgppjfqmimmmfw/SourcePackages/checkouts/GoogleUtilities/third_party/IsAppEncrypted/Public -I/Users/siam/Library/Developer/Xcode/DerivedData/Lingua_Quest-gvpckrqxtbgyprbgppjfqmimmmfw/SourcePackages/checkouts/GoogleUtilities/GoogleUtilities/UserDefaults/Public -I/Users/siam/Library/Developer/Xcode/DerivedData/Lingua_Quest-gvpckrqxtbgyprbgppjfqmimmmfw/SourcePackages/checkouts/firebase-ios-sdk/FirebaseCore/Sources/Public -I/Users/siam/Library/Developer/Xcode/DerivedData/Lingua_Quest-gvpckrqxtbgyprbgppjfqmimmmfw/SourcePackages/checkouts/firebase-ios-sdk/CoreOnly/Sources -I/Users/siam/Library/Developer/Xcode/DerivedData/Lingua_Quest-gvpckrqxtbgyprbgppjfqmimmmfw/SourcePackages/checkouts/firebase-ios-sdk/FirebaseAppCheck/Interop/Public -I/Users/siam/Library/Developer/Xcode/DerivedData/Lingua_Quest-gvpckrqxtbgyprbgppjfqmimmmfw/Build/Products/Debug-iphonesimulator/include -I/Users/siam/Library/Developer/Xcode/DerivedData/Lingua_Quest-gvpckrqxtbgyprbgppjfqmimmmfw/SourcePackages/checkouts/firebase-ios-sdk/FirebaseAppCheck/Sources/Public -I/Users/siam/Library/Developer/Xcode/DerivedData/Lingua_Quest-gvpckrqxtbgyprbgppjfqmimmmfw/SourcePackages/checkouts/firebase-ios-sdk -I/Users/siam/Library/Developer/Xcode/DerivedData/Lingua_Quest-gvpckrqxtbgyprbgppjfqmimmmfw/Build/Intermediates.noindex/Firebase.build/Debug-iphonesimulator/FirebaseAppCheck.build/DerivedSources-normal/arm64 -I/Users/siam/Library/Developer/Xcode/DerivedData/Lingua_Quest-gvpckrqxtbgyprbgppjfqmimmmfw/Build/Intermediates.noindex/Firebase.build/Debug-iphonesimulator/FirebaseAppCheck.build/DerivedSources/arm64 -I/Users/siam/Library/Developer/Xcode/DerivedData/Lingua_Quest-gvpckrqxtbgyprbgppjfqmimmmfw/Build/Intermediates.noindex/Firebase.build/Debug-iphonesimulator/FirebaseAppCheck.build/DerivedSources -F/Users/siam/Library/Developer/Xcode/DerivedData/Lingua_Quest-gvpckrqxtbgyprbgppjfqmimmmfw/Build/Products/Debug-iphonesimulator/PackageFrameworks -F/Users/siam/Library/Developer/Xcode/DerivedData/Lingua_Quest-gvpckrqxtbgyprbgppjfqmimmmfw/Build/Products/Debug-iphonesimulator/PackageFrameworks -F/Users/siam/Library/Developer/Xcode/DerivedData/Lingua_Quest-gvpckrqxtbgyprbgppjfqmimmmfw/Build/Products/Debug-iphonesimulator/PackageFrameworks -F/Users/siam/Library/Developer/Xcode/DerivedData/Lingua_Quest-gvpckrqxtbgyprbgppjfqmimmmfw/Build/Products/Debug-iphonesimulator/PackageFrameworks -F/Users/siam/Library/Developer/Xcode/DerivedData/Lingua_Quest-gvpckrqxtbgyprbgppjfqmimmmfw/Build/Products/Debug-iphonesimulator/PackageFrameworks -F/Users/siam/Library/Developer/Xcode/DerivedData/Lingua_Quest-gvpckrqxtbgyprbgppjfqmimmmfw/Build/Products/Debug-iphonesimulator/PackageFrameworks -F/Users/siam/Library/Developer/Xcode/DerivedData/Lingua_Quest-gvpckrqxtbgyprbgppjfqmimmmfw/Build/Products/Debug-iphonesimulator/PackageFrameworks -F/Users/siam/Library/Developer/Xcode/DerivedData/Lingua_Quest-gvpckrqxtbgyprbgppjfqmimmmfw/Build/Products/Debug-iphonesimulator/PackageFrameworks -F/Users/siam/Library/Developer/Xcode/DerivedData/Lingua_Quest-gvpckrqxtbgyprbgppjfqmimmmfw/Build/Products/Debug-iphonesimulator/PackageFrameworks -F/Users/siam/Library/Developer/Xcode/DerivedData/Lingua_Quest-gvpckrqxtbgyprbgppjfqmimmmfw/Build/Products/Debug-iphonesimulator/PackageFrameworks -F/Users/siam/Library/Developer/Xcode/DerivedData/Lingua_Quest-gvpckrqxtbgyprbgppjfqmimmmfw/Build/Products/Debug-iphonesimulator/PackageFrameworks -F/Users/siam/Library/Developer/Xcode/DerivedData/Lingua_Quest-gvpckrqxtbgyprbgppjfqmimmmfw/Build/Products/Debug-iphonesimulator/PackageFrameworks -F/Users/siam/Library/Developer/Xcode/DerivedData/Lingua_Quest-gvpckrqxtbgyprbgppjfqmimmmfw/Build/Products/Debug-iphonesimulator/PackageFrameworks -F/Users/siam/Library/Developer/Xcode/DerivedData/Lingua_Quest-gvpckrqxtbgyprbgppjfqmimmmfw/Build/Products/Debug-iphonesimulator/PackageFrameworks -F/Users/siam/Library/Developer/Xcode/DerivedData/Lingua_Quest-gvpckrqxtbgyprbgppjfqmimmmfw/Build/Products/Debug-iphonesimulator -iframework /Applications/Xcode.app/Contents/Developer/Platforms/iPhoneSimulator.platform/Developer/Library/Frameworks -iframework /Applications/Xcode.app/Contents/Developer/Platforms/iPhoneSimulator.platform/Developer/SDKs/iPhoneSimulator26.0.sdk/Developer/Library/Frameworks '-fmodule-map-file=/Users/siam/Library/Developer/Xcode/DerivedData/Lingua_Quest-gvpckrqxtbgyprbgppjfqmimmmfw/Build/Intermediates.noindex/GeneratedModuleMaps-iphonesimulator/GoogleUtilities-NSData.modulemap' '-fmodule-map-file=/Users/siam/Library/Developer/Xcode/DerivedData/Lingua_Quest-gvpckrqxtbgyprbgppjfqmimmmfw/Build/Intermediates.noindex/GeneratedModuleMaps-iphonesimulator/RecaptchaInterop.modulemap' '-fmodule-map-file=/Users/siam/Library/Developer/Xcode/DerivedData/Lingua_Quest-gvpckrqxtbgyprbgppjfqmimmmfw/Build/Intermediates.noindex/GeneratedModuleMaps-iphonesimulator/Promises.modulemap' '-fmodule-map-file=/Users/siam/Library/Developer/Xcode/DerivedData/Lingua_Quest-gvpckrqxtbgyprbgppjfqmimmmfw/Build/Intermediates.noindex/GeneratedModuleMaps-iphonesimulator/AppCheckCore.modulemap' '-fmodule-map-file=/Users/siam/Library/Developer/Xcode/DerivedData/Lingua_Quest-gvpckrqxtbgyprbgppjfqmimmmfw/Build/Intermediates.noindex/GeneratedModuleMaps-iphonesimulator/AppCheckRecaptchaProvider.modulemap' '-fmodule-map-file=/Users/siam/Library/Developer/Xcode/DerivedData/Lingua_Quest-gvpckrqxtbgyprbgppjfqmimmmfw/Build/Intermediates.noindex/GeneratedModuleMaps-iphonesimulator/GoogleUtilities-Logger.modulemap' '-fmodule-map-file=/Users/siam/Library/Developer/Xcode/DerivedData/Lingua_Quest-gvpckrqxtbgyprbgppjfqmimmmfw/Build/Intermediates.noindex/GeneratedModuleMaps-iphonesimulator/GoogleUtilities-Environment.modulemap' '-fmodule-map-file=/Users/siam/Library/Developer/Xcode/DerivedData/Lingua_Quest-gvpckrqxtbgyprbgppjfqmimmmfw/Build/Intermediates.noindex/GeneratedModuleMaps-iphonesimulator/third-party-IsAppEncrypted.modulemap' '-fmodule-map-file=/Users/siam/Library/Developer/Xcode/DerivedData/Lingua_Quest-gvpckrqxtbgyprbgppjfqmimmmfw/Build/Intermediates.noindex/GeneratedModuleMaps-iphonesimulator/GoogleUtilities-UserDefaults.modulemap' '-fmodule-map-file=/Users/siam/Library/Developer/Xcode/DerivedData/Lingua_Quest-gvpckrqxtbgyprbgppjfqmimmmfw/Build/Intermediates.noindex/GeneratedModuleMaps-iphonesimulator/FirebaseCore.modulemap' '-fmodule-map-file=/Users/siam/Library/Developer/Xcode/DerivedData/Lingua_Quest-gvpckrqxtbgyprbgppjfqmimmmfw/Build/Intermediates.noindex/GeneratedModuleMaps-iphonesimulator/FirebaseCoreInternal.modulemap' '-fmodule-map-file=/Users/siam/Library/Developer/Xcode/DerivedData/Lingua_Quest-gvpckrqxtbgyprbgppjfqmimmmfw/Build/Intermediates.noindex/GeneratedModuleMaps-iphonesimulator/FirebaseAppCheckInterop.modulemap' -DXcode

WriteAuxiliaryFile /Users/siam/Library/Developer/Xcode/DerivedData/Lingua_Quest-gvpckrqxtbgyprbgppjfqmimmmfw/Build/Intermediates.noindex/Firebase.build/Debug-iphonesimulator/FirebaseAppCheck.build/Objects-normal/arm64/FirebaseAppCheck.LinkFileList (in target 'FirebaseAppCheck' from project 'Firebase')
    cd /Users/siam/Library/Developer/Xcode/DerivedData/Lingua_Quest-gvpckrqxtbgyprbgppjfqmimmmfw/SourcePackages/checkouts/firebase-ios-sdk
    write-file /Users/siam/Library/Developer/Xcode/DerivedData/Lingua_Quest-gvpckrqxtbgyprbgppjfqmimmmfw/Build/Intermediates.noindex/Firebase.build/Debug-iphonesimulator/FirebaseAppCheck.build/Objects-normal/arm64/FirebaseAppCheck.LinkFileList

Copy /Users/siam/Library/Developer/Xcode/DerivedData/Lingua_Quest-gvpckrqxtbgyprbgppjfqmimmmfw/Build/Intermediates.noindex/GeneratedModuleMaps-iphonesimulator/FirebaseAppCheck.modulemap /Users/siam/Library/Developer/Xcode/DerivedData/Lingua_Quest-gvpckrqxtbgyprbgppjfqmimmmfw/Build/Intermediates.noindex/Firebase.build/Debug-iphonesimulator/FirebaseAppCheck.build/FirebaseAppCheck.modulemap (in target 'FirebaseAppCheck' from project 'Firebase')
    cd /Users/siam/Library/Developer/Xcode/DerivedData/Lingua_Quest-gvpckrqxtbgyprbgppjfqmimmmfw/SourcePackages/checkouts/firebase-ios-sdk
    builtin-copy -exclude .DS_Store -exclude CVS -exclude .svn -exclude .git -exclude .hg -resolve-src-symlinks /Users/siam/Library/Developer/Xcode/DerivedData/Lingua_Quest-gvpckrqxtbgyprbgppjfqmimmmfw/Build/Intermediates.noindex/Firebase.build/Debug-iphonesimulator/FirebaseAppCheck.build/FirebaseAppCheck.modulemap /Users/siam/Library/Developer/Xcode/DerivedData/Lingua_Quest-gvpckrqxtbgyprbgppjfqmimmmfw/Build/Intermediates.noindex/GeneratedModuleMaps-iphonesimulator

WriteAuxiliaryFile /Users/siam/Library/Developer/Xcode/DerivedData/Lingua_Quest-gvpckrqxtbgyprbgppjfqmimmmfw/Build/Intermediates.noindex/Firebase.build/Debug-iphonesimulator/FirebaseAILogic.build/Objects-normal/x86_64/FirebaseAILogic.SwiftConstValuesFileList (in target 'FirebaseAILogic' from project 'Firebase')
    cd /Users/siam/Library/Developer/Xcode/DerivedData/Lingua_Quest-gvpckrqxtbgyprbgppjfqmimmmfw/SourcePackages/checkouts/firebase-ios-sdk
    write-file /Users/siam/Library/Developer/Xcode/DerivedData/Lingua_Quest-gvpckrqxtbgyprbgppjfqmimmmfw/Build/Intermediates.noindex/Firebase.build/Debug-iphonesimulator/FirebaseAILogic.build/Objects-normal/x86_64/FirebaseAILogic.SwiftConstValuesFileList

WriteAuxiliaryFile /Users/siam/Library/Developer/Xcode/DerivedData/Lingua_Quest-gvpckrqxtbgyprbgppjfqmimmmfw/Build/Intermediates.noindex/Firebase.build/Debug-iphonesimulator/FirebaseAILogic.build/Objects-normal/arm64/FirebaseAILogic_const_extract_protocols.json (in target 'FirebaseAILogic' from project 'Firebase')
    cd /Users/siam/Library/Developer/Xcode/DerivedData/Lingua_Quest-gvpckrqxtbgyprbgppjfqmimmmfw/SourcePackages/checkouts/firebase-ios-sdk
    write-file /Users/siam/Library/Developer/Xcode/DerivedData/Lingua_Quest-gvpckrqxtbgyprbgppjfqmimmmfw/Build/Intermediates.noindex/Firebase.build/Debug-iphonesimulator/FirebaseAILogic.build/Objects-normal/arm64/FirebaseAILogic_const_extract_protocols.json

WriteAuxiliaryFile /Users/siam/Library/Developer/Xcode/DerivedData/Lingua_Quest-gvpckrqxtbgyprbgppjfqmimmmfw/Build/Intermediates.noindex/Firebase.build/Debug-iphonesimulator/FirebaseAILogic.build/Objects-normal/arm64/FirebaseAILogic.SwiftFileList (in target 'FirebaseAILogic' from project 'Firebase')
    cd /Users/siam/Library/Developer/Xcode/DerivedData/Lingua_Quest-gvpckrqxtbgyprbgppjfqmimmmfw/SourcePackages/checkouts/firebase-ios-sdk
    write-file /Users/siam/Library/Developer/Xcode/DerivedData/Lingua_Quest-gvpckrqxtbgyprbgppjfqmimmmfw/Build/Intermediates.noindex/Firebase.build/Debug-iphonesimulator/FirebaseAILogic.build/Objects-normal/arm64/FirebaseAILogic.SwiftFileList

WriteAuxiliaryFile /Users/siam/Library/Developer/Xcode/DerivedData/Lingua_Quest-gvpckrqxtbgyprbgppjfqmimmmfw/Build/Intermediates.noindex/Firebase.build/Debug-iphonesimulator/FirebaseAILogic.build/Objects-normal/arm64/FirebaseAILogic.SwiftConstValuesFileList (in target 'FirebaseAILogic' from project 'Firebase')
    cd /Users/siam/Library/Developer/Xcode/DerivedData/Lingua_Quest-gvpckrqxtbgyprbgppjfqmimmmfw/SourcePackages/checkouts/firebase-ios-sdk
    write-file /Users/siam/Library/Developer/Xcode/DerivedData/Lingua_Quest-gvpckrqxtbgyprbgppjfqmimmmfw/Build/Intermediates.noindex/Firebase.build/Debug-iphonesimulator/FirebaseAILogic.build/Objects-normal/arm64/FirebaseAILogic.SwiftConstValuesFileList

WriteAuxiliaryFile /Users/siam/Library/Developer/Xcode/DerivedData/Lingua_Quest-gvpckrqxtbgyprbgppjfqmimmmfw/Build/Intermediates.noindex/Firebase.build/Debug-iphonesimulator/FirebaseAILogic.build/Objects-normal/arm64/FirebaseAILogic.LinkFileList (in target 'FirebaseAILogic' from project 'Firebase')
    cd /Users/siam/Library/Developer/Xcode/DerivedData/Lingua_Quest-gvpckrqxtbgyprbgppjfqmimmmfw/SourcePackages/checkouts/firebase-ios-sdk
    write-file /Users/siam/Library/Developer/Xcode/DerivedData/Lingua_Quest-gvpckrqxtbgyprbgppjfqmimmmfw/Build/Intermediates.noindex/Firebase.build/Debug-iphonesimulator/FirebaseAILogic.build/Objects-normal/arm64/FirebaseAILogic.LinkFileList

WriteAuxiliaryFile /Users/siam/Library/Developer/Xcode/DerivedData/Lingua_Quest-gvpckrqxtbgyprbgppjfqmimmmfw/Build/Intermediates.noindex/Firebase.build/Debug-iphonesimulator/FirebaseAILogic.build/Objects-normal/arm64/FirebaseAILogic-OutputFileMap.json (in target 'FirebaseAILogic' from project 'Firebase')
    cd /Users/siam/Library/Developer/Xcode/DerivedData/Lingua_Quest-gvpckrqxtbgyprbgppjfqmimmmfw/SourcePackages/checkouts/firebase-ios-sdk
    write-file /Users/siam/Library/Developer/Xcode/DerivedData/Lingua_Quest-gvpckrqxtbgyprbgppjfqmimmmfw/Build/Intermediates.noindex/Firebase.build/Debug-iphonesimulator/FirebaseAILogic.build/Objects-normal/arm64/FirebaseAILogic-OutputFileMap.json

Copy /Users/siam/Library/Developer/Xcode/DerivedData/Lingua_Quest-gvpckrqxtbgyprbgppjfqmimmmfw/Build/Intermediates.noindex/GeneratedModuleMaps-iphonesimulator/FirebaseAILogic.modulemap /Users/siam/Library/Developer/Xcode/DerivedData/Lingua_Quest-gvpckrqxtbgyprbgppjfqmimmmfw/Build/Intermediates.noindex/Firebase.build/Debug-iphonesimulator/FirebaseAILogic.build/FirebaseAILogic.modulemap (in target 'FirebaseAILogic' from project 'Firebase')
    cd /Users/siam/Library/Developer/Xcode/DerivedData/Lingua_Quest-gvpckrqxtbgyprbgppjfqmimmmfw/SourcePackages/checkouts/firebase-ios-sdk
    builtin-copy -exclude .DS_Store -exclude CVS -exclude .svn -exclude .git -exclude .hg -resolve-src-symlinks /Users/siam/Library/Developer/Xcode/DerivedData/Lingua_Quest-gvpckrqxtbgyprbgppjfqmimmmfw/Build/Intermediates.noindex/Firebase.build/Debug-iphonesimulator/FirebaseAILogic.build/FirebaseAILogic.modulemap /Users/siam/Library/Developer/Xcode/DerivedData/Lingua_Quest-gvpckrqxtbgyprbgppjfqmimmmfw/Build/Intermediates.noindex/GeneratedModuleMaps-iphonesimulator

WriteAuxiliaryFile /Users/siam/Library/Developer/Xcode/DerivedData/Lingua_Quest-gvpckrqxtbgyprbgppjfqmimmmfw/Build/Intermediates.noindex/Firebase.build/Debug-iphonesimulator/FirebaseAI.build/Objects-normal/x86_64/FirebaseAI.SwiftConstValuesFileList (in target 'FirebaseAI' from project 'Firebase')
    cd /Users/siam/Library/Developer/Xcode/DerivedData/Lingua_Quest-gvpckrqxtbgyprbgppjfqmimmmfw/SourcePackages/checkouts/firebase-ios-sdk
    write-file /Users/siam/Library/Developer/Xcode/DerivedData/Lingua_Quest-gvpckrqxtbgyprbgppjfqmimmmfw/Build/Intermediates.noindex/Firebase.build/Debug-iphonesimulator/FirebaseAI.build/Objects-normal/x86_64/FirebaseAI.SwiftConstValuesFileList

WriteAuxiliaryFile /Users/siam/Library/Developer/Xcode/DerivedData/Lingua_Quest-gvpckrqxtbgyprbgppjfqmimmmfw/Build/Intermediates.noindex/Firebase.build/Debug-iphonesimulator/FirebaseAI.build/Objects-normal/arm64/FirebaseAI_const_extract_protocols.json (in target 'FirebaseAI' from project 'Firebase')
    cd /Users/siam/Library/Developer/Xcode/DerivedData/Lingua_Quest-gvpckrqxtbgyprbgppjfqmimmmfw/SourcePackages/checkouts/firebase-ios-sdk
    write-file /Users/siam/Library/Developer/Xcode/DerivedData/Lingua_Quest-gvpckrqxtbgyprbgppjfqmimmmfw/Build/Intermediates.noindex/Firebase.build/Debug-iphonesimulator/FirebaseAI.build/Objects-normal/arm64/FirebaseAI_const_extract_protocols.json

WriteAuxiliaryFile /Users/siam/Library/Developer/Xcode/DerivedData/Lingua_Quest-gvpckrqxtbgyprbgppjfqmimmmfw/Build/Intermediates.noindex/Firebase.build/Debug-iphonesimulator/FirebaseAI.build/Objects-normal/arm64/FirebaseAI.SwiftFileList (in target 'FirebaseAI' from project 'Firebase')
    cd /Users/siam/Library/Developer/Xcode/DerivedData/Lingua_Quest-gvpckrqxtbgyprbgppjfqmimmmfw/SourcePackages/checkouts/firebase-ios-sdk
    write-file /Users/siam/Library/Developer/Xcode/DerivedData/Lingua_Quest-gvpckrqxtbgyprbgppjfqmimmmfw/Build/Intermediates.noindex/Firebase.build/Debug-iphonesimulator/FirebaseAI.build/Objects-normal/arm64/FirebaseAI.SwiftFileList

WriteAuxiliaryFile /Users/siam/Library/Developer/Xcode/DerivedData/Lingua_Quest-gvpckrqxtbgyprbgppjfqmimmmfw/Build/Intermediates.noindex/Firebase.build/Debug-iphonesimulator/FirebaseAI.build/Objects-normal/arm64/FirebaseAI.SwiftConstValuesFileList (in target 'FirebaseAI' from project 'Firebase')
    cd /Users/siam/Library/Developer/Xcode/DerivedData/Lingua_Quest-gvpckrqxtbgyprbgppjfqmimmmfw/SourcePackages/checkouts/firebase-ios-sdk
    write-file /Users/siam/Library/Developer/Xcode/DerivedData/Lingua_Quest-gvpckrqxtbgyprbgppjfqmimmmfw/Build/Intermediates.noindex/Firebase.build/Debug-iphonesimulator/FirebaseAI.build/Objects-normal/arm64/FirebaseAI.SwiftConstValuesFileList

WriteAuxiliaryFile /Users/siam/Library/Developer/Xcode/DerivedData/Lingua_Quest-gvpckrqxtbgyprbgppjfqmimmmfw/Build/Intermediates.noindex/Firebase.build/Debug-iphonesimulator/FirebaseAI.build/Objects-normal/arm64/FirebaseAI.LinkFileList (in target 'FirebaseAI' from project 'Firebase')
    cd /Users/siam/Library/Developer/Xcode/DerivedData/Lingua_Quest-gvpckrqxtbgyprbgppjfqmimmmfw/SourcePackages/checkouts/firebase-ios-sdk
    write-file /Users/siam/Library/Developer/Xcode/DerivedData/Lingua_Quest-gvpckrqxtbgyprbgppjfqmimmmfw/Build/Intermediates.noindex/Firebase.build/Debug-iphonesimulator/FirebaseAI.build/Objects-normal/arm64/FirebaseAI.LinkFileList

WriteAuxiliaryFile /Users/siam/Library/Developer/Xcode/DerivedData/Lingua_Quest-gvpckrqxtbgyprbgppjfqmimmmfw/Build/Intermediates.noindex/Firebase.build/Debug-iphonesimulator/FirebaseAI.build/Objects-normal/arm64/FirebaseAI-OutputFileMap.json (in target 'FirebaseAI' from project 'Firebase')
    cd /Users/siam/Library/Developer/Xcode/DerivedData/Lingua_Quest-gvpckrqxtbgyprbgppjfqmimmmfw/SourcePackages/checkouts/firebase-ios-sdk
    write-file /Users/siam/Library/Developer/Xcode/DerivedData/Lingua_Quest-gvpckrqxtbgyprbgppjfqmimmmfw/Build/Intermediates.noindex/Firebase.build/Debug-iphonesimulator/FirebaseAI.build/Objects-normal/arm64/FirebaseAI-OutputFileMap.json

Copy /Users/siam/Library/Developer/Xcode/DerivedData/Lingua_Quest-gvpckrqxtbgyprbgppjfqmimmmfw/Build/Intermediates.noindex/GeneratedModuleMaps-iphonesimulator/FirebaseAI.modulemap /Users/siam/Library/Developer/Xcode/DerivedData/Lingua_Quest-gvpckrqxtbgyprbgppjfqmimmmfw/Build/Intermediates.noindex/Firebase.build/Debug-iphonesimulator/FirebaseAI.build/FirebaseAI.modulemap (in target 'FirebaseAI' from project 'Firebase')
    cd /Users/siam/Library/Developer/Xcode/DerivedData/Lingua_Quest-gvpckrqxtbgyprbgppjfqmimmmfw/SourcePackages/checkouts/firebase-ios-sdk
    builtin-copy -exclude .DS_Store -exclude CVS -exclude .svn -exclude .git -exclude .hg -resolve-src-symlinks /Users/siam/Library/Developer/Xcode/DerivedData/Lingua_Quest-gvpckrqxtbgyprbgppjfqmimmmfw/Build/Intermediates.noindex/Firebase.build/Debug-iphonesimulator/FirebaseAI.build/FirebaseAI.modulemap /Users/siam/Library/Developer/Xcode/DerivedData/Lingua_Quest-gvpckrqxtbgyprbgppjfqmimmmfw/Build/Intermediates.noindex/GeneratedModuleMaps-iphonesimulator

WriteAuxiliaryFile /Users/siam/Library/Developer/Xcode/DerivedData/Lingua_Quest-gvpckrqxtbgyprbgppjfqmimmmfw/Build/Intermediates.noindex/Firebase.build/Debug-iphonesimulator/Firebase.build/Objects-normal/arm64/e6072d4f65d7061329687fe24e3d63a7-common-args.resp (in target 'Firebase' from project 'Firebase')
    cd /Users/siam/Library/Developer/Xcode/DerivedData/Lingua_Quest-gvpckrqxtbgyprbgppjfqmimmmfw/SourcePackages/checkouts/firebase-ios-sdk
    write-file /Users/siam/Library/Developer/Xcode/DerivedData/Lingua_Quest-gvpckrqxtbgyprbgppjfqmimmmfw/Build/Intermediates.noindex/Firebase.build/Debug-iphonesimulator/Firebase.build/Objects-normal/arm64/e6072d4f65d7061329687fe24e3d63a7-common-args.resp
-target arm64-apple-ios15.0-simulator -fobjc-arc -fmodules -gmodules '-fmodules-cache-path=/Users/siam/Library/Developer/Xcode/DerivedData/ModuleCache.noindex' '-fmodule-name=Firebase' -fpascal-strings -O0 -DSWIFT_PACKAGE '-DDEBUG=1' '-DOBJC_OLD_DISPATCH_PROTOTYPES=1' -isysroot /Applications/Xcode.app/Contents/Developer/Platforms/iPhoneSimulator.platform/Developer/SDKs/iPhoneSimulator26.0.sdk -g '-fobjc-abi-version=2' -fobjc-legacy-dispatch -fprofile-instr-generate -fcoverage-mapping -I/Users/siam/Library/Developer/Xcode/DerivedData/Lingua_Quest-gvpckrqxtbgyprbgppjfqmimmmfw/Build/Products/Debug-iphonesimulator/include -I/Users/siam/Library/Developer/Xcode/DerivedData/Lingua_Quest-gvpckrqxtbgyprbgppjfqmimmmfw/SourcePackages/checkouts/firebase-ios-sdk/CoreOnly/Sources -I/Users/siam/Library/Developer/Xcode/DerivedData/Lingua_Quest-gvpckrqxtbgyprbgppjfqmimmmfw/Build/Intermediates.noindex/Firebase.build/Debug-iphonesimulator/Firebase.build/DerivedSources-normal/arm64 -I/Users/siam/Library/Developer/Xcode/DerivedData/Lingua_Quest-gvpckrqxtbgyprbgppjfqmimmmfw/Build/Intermediates.noindex/Firebase.build/Debug-iphonesimulator/Firebase.build/DerivedSources/arm64 -I/Users/siam/Library/Developer/Xcode/DerivedData/Lingua_Quest-gvpckrqxtbgyprbgppjfqmimmmfw/Build/Intermediates.noindex/Firebase.build/Debug-iphonesimulator/Firebase.build/DerivedSources -F/Users/siam/Library/Developer/Xcode/DerivedData/Lingua_Quest-gvpckrqxtbgyprbgppjfqmimmmfw/Build/Products/Debug-iphonesimulator -iframework /Applications/Xcode.app/Contents/Developer/Platforms/iPhoneSimulator.platform/Developer/Library/Frameworks -iframework /Applications/Xcode.app/Contents/Developer/Platforms/iPhoneSimulator.platform/Developer/SDKs/iPhoneSimulator26.0.sdk/Developer/Library/Frameworks -DXcode

WriteAuxiliaryFile /Users/siam/Library/Developer/Xcode/DerivedData/Lingua_Quest-gvpckrqxtbgyprbgppjfqmimmmfw/Build/Intermediates.noindex/Firebase.build/Debug-iphonesimulator/Firebase.build/Objects-normal/arm64/Firebase.LinkFileList (in target 'Firebase' from project 'Firebase')
    cd /Users/siam/Library/Developer/Xcode/DerivedData/Lingua_Quest-gvpckrqxtbgyprbgppjfqmimmmfw/SourcePackages/checkouts/firebase-ios-sdk
    write-file /Users/siam/Library/Developer/Xcode/DerivedData/Lingua_Quest-gvpckrqxtbgyprbgppjfqmimmmfw/Build/Intermediates.noindex/Firebase.build/Debug-iphonesimulator/Firebase.build/Objects-normal/arm64/Firebase.LinkFileList

Ld /Users/siam/Library/Developer/Xcode/DerivedData/Lingua_Quest-gvpckrqxtbgyprbgppjfqmimmmfw/Build/Intermediates.noindex/Firebase.build/Debug-iphonesimulator/Firebase.build/Objects-normal/x86_64/Binary/Firebase.o normal x86_64 (in target 'Firebase' from project 'Firebase')
    cd /Users/siam/Library/Developer/Xcode/DerivedData/Lingua_Quest-gvpckrqxtbgyprbgppjfqmimmmfw/SourcePackages/checkouts/firebase-ios-sdk
    /Applications/Xcode.app/Contents/Developer/Toolchains/XcodeDefault.xctoolchain/usr/bin/clang -Xlinker -reproducible -target x86_64-apple-ios15.0-simulator -r -isysroot /Applications/Xcode.app/Contents/Developer/Platforms/iPhoneSimulator.platform/Developer/SDKs/iPhoneSimulator26.0.sdk -O0 -w -L/Users/siam/Library/Developer/Xcode/DerivedData/Lingua_Quest-gvpckrqxtbgyprbgppjfqmimmmfw/Build/Intermediates.noindex/EagerLinkingTBDs/Debug-iphonesimulator -L/Users/siam/Library/Developer/Xcode/DerivedData/Lingua_Quest-gvpckrqxtbgyprbgppjfqmimmmfw/Build/Products/Debug-iphonesimulator -L/Applications/Xcode.app/Contents/Developer/Platforms/iPhoneSimulator.platform/Developer/usr/lib -F/Users/siam/Library/Developer/Xcode/DerivedData/Lingua_Quest-gvpckrqxtbgyprbgppjfqmimmmfw/Build/Intermediates.noindex/EagerLinkingTBDs/Debug-iphonesimulator -F/Users/siam/Library/Developer/Xcode/DerivedData/Lingua_Quest-gvpckrqxtbgyprbgppjfqmimmmfw/Build/Products/Debug-iphonesimulator -iframework /Applications/Xcode.app/Contents/Developer/Platforms/iPhoneSimulator.platform/Developer/Library/Frameworks -iframework /Applications/Xcode.app/Contents/Developer/Platforms/iPhoneSimulator.platform/Developer/SDKs/iPhoneSimulator26.0.sdk/Developer/Library/Frameworks -filelist /Users/siam/Library/Developer/Xcode/DerivedData/Lingua_Quest-gvpckrqxtbgyprbgppjfqmimmmfw/Build/Intermediates.noindex/Firebase.build/Debug-iphonesimulator/Firebase.build/Objects-normal/x86_64/Firebase.LinkFileList -nostdlib -Xlinker -object_path_lto -Xlinker /Users/siam/Library/Developer/Xcode/DerivedData/Lingua_Quest-gvpckrqxtbgyprbgppjfqmimmmfw/Build/Intermediates.noindex/Firebase.build/Debug-iphonesimulator/Firebase.build/Objects-normal/x86_64/Firebase_lto.o -rdynamic -Xlinker -no_deduplicate -Xlinker -objc_abi_version -Xlinker 2 -Xlinker -debug_variant -Xlinker -dependency_info -Xlinker /Users/siam/Library/Developer/Xcode/DerivedData/Lingua_Quest-gvpckrqxtbgyprbgppjfqmimmmfw/Build/Intermediates.noindex/Firebase.build/Debug-iphonesimulator/Firebase.build/Objects-normal/x86_64/Firebase_dependency_info.dat -fobjc-arc -fobjc-link-runtime -o /Users/siam/Library/Developer/Xcode/DerivedData/Lingua_Quest-gvpckrqxtbgyprbgppjfqmimmmfw/Build/Intermediates.noindex/Firebase.build/Debug-iphonesimulator/Firebase.build/Objects-normal/x86_64/Binary/Firebase.o

WriteAuxiliaryFile /Users/siam/Library/Developer/Xcode/DerivedData/Lingua_Quest-gvpckrqxtbgyprbgppjfqmimmmfw/Build/Intermediates.noindex/Promises.build/Debug-iphonesimulator/FBLPromises.build/Objects-normal/arm64/FBLPromises.LinkFileList (in target 'FBLPromises' from project 'Promises')
    cd /Users/siam/Library/Developer/Xcode/DerivedData/Lingua_Quest-gvpckrqxtbgyprbgppjfqmimmmfw/SourcePackages/checkouts/promises
    write-file /Users/siam/Library/Developer/Xcode/DerivedData/Lingua_Quest-gvpckrqxtbgyprbgppjfqmimmmfw/Build/Intermediates.noindex/Promises.build/Debug-iphonesimulator/FBLPromises.build/Objects-normal/arm64/FBLPromises.LinkFileList

WriteAuxiliaryFile /Users/siam/Library/Developer/Xcode/DerivedData/Lingua_Quest-gvpckrqxtbgyprbgppjfqmimmmfw/Build/Intermediates.noindex/Promises.build/Debug-iphonesimulator/FBLPromises.build/Objects-normal/arm64/e6072d4f65d7061329687fe24e3d63a7-common-args.resp (in target 'FBLPromises' from project 'Promises')
    cd /Users/siam/Library/Developer/Xcode/DerivedData/Lingua_Quest-gvpckrqxtbgyprbgppjfqmimmmfw/SourcePackages/checkouts/promises
    write-file /Users/siam/Library/Developer/Xcode/DerivedData/Lingua_Quest-gvpckrqxtbgyprbgppjfqmimmmfw/Build/Intermediates.noindex/Promises.build/Debug-iphonesimulator/FBLPromises.build/Objects-normal/arm64/e6072d4f65d7061329687fe24e3d63a7-common-args.resp
-target arm64-apple-ios12.0-simulator -fobjc-arc -fmodules -gmodules '-fmodules-cache-path=/Users/siam/Library/Developer/Xcode/DerivedData/ModuleCache.noindex' '-fmodule-name=FBLPromises' -fpascal-strings -O0 -DSWIFT_PACKAGE '-DDEBUG=1' '-DOBJC_OLD_DISPATCH_PROTOTYPES=1' -isysroot /Applications/Xcode.app/Contents/Developer/Platforms/iPhoneSimulator.platform/Developer/SDKs/iPhoneSimulator26.0.sdk -g '-fobjc-abi-version=2' -fobjc-legacy-dispatch -fprofile-instr-generate -fcoverage-mapping -I/Users/siam/Library/Developer/Xcode/DerivedData/Lingua_Quest-gvpckrqxtbgyprbgppjfqmimmmfw/Build/Products/Debug-iphonesimulator/include -I/Users/siam/Library/Developer/Xcode/DerivedData/Lingua_Quest-gvpckrqxtbgyprbgppjfqmimmmfw/SourcePackages/checkouts/promises/Sources/FBLPromises/include -I/Users/siam/Library/Developer/Xcode/DerivedData/Lingua_Quest-gvpckrqxtbgyprbgppjfqmimmmfw/Build/Intermediates.noindex/Promises.build/Debug-iphonesimulator/FBLPromises.build/DerivedSources-normal/arm64 -I/Users/siam/Library/Developer/Xcode/DerivedData/Lingua_Quest-gvpckrqxtbgyprbgppjfqmimmmfw/Build/Intermediates.noindex/Promises.build/Debug-iphonesimulator/FBLPromises.build/DerivedSources/arm64 -I/Users/siam/Library/Developer/Xcode/DerivedData/Lingua_Quest-gvpckrqxtbgyprbgppjfqmimmmfw/Build/Intermediates.noindex/Promises.build/Debug-iphonesimulator/FBLPromises.build/DerivedSources -F/Users/siam/Library/Developer/Xcode/DerivedData/Lingua_Quest-gvpckrqxtbgyprbgppjfqmimmmfw/Build/Products/Debug-iphonesimulator -iframework /Applications/Xcode.app/Contents/Developer/Platforms/iPhoneSimulator.platform/Developer/Library/Frameworks -iframework /Applications/Xcode.app/Contents/Developer/Platforms/iPhoneSimulator.platform/Developer/SDKs/iPhoneSimulator26.0.sdk/Developer/Library/Frameworks -DXcode

WriteAuxiliaryFile /Users/siam/Library/Developer/Xcode/DerivedData/Lingua_Quest-gvpckrqxtbgyprbgppjfqmimmmfw/Build/Intermediates.noindex/AppCheck.build/Debug-iphonesimulator/AppCheckRecaptchaProvider.build/Objects-normal/x86_64/AppCheckRecaptchaProvider.SwiftConstValuesFileList (in target 'AppCheckRecaptchaProvider' from project 'AppCheck')
    cd /Users/siam/Library/Developer/Xcode/DerivedData/Lingua_Quest-gvpckrqxtbgyprbgppjfqmimmmfw/SourcePackages/checkouts/app-check
    write-file /Users/siam/Library/Developer/Xcode/DerivedData/Lingua_Quest-gvpckrqxtbgyprbgppjfqmimmmfw/Build/Intermediates.noindex/AppCheck.build/Debug-iphonesimulator/AppCheckRecaptchaProvider.build/Objects-normal/x86_64/AppCheckRecaptchaProvider.SwiftConstValuesFileList

WriteAuxiliaryFile /Users/siam/Library/Developer/Xcode/DerivedData/Lingua_Quest-gvpckrqxtbgyprbgppjfqmimmmfw/Build/Intermediates.noindex/AppCheck.build/Debug-iphonesimulator/AppCheckRecaptchaProvider.build/Objects-normal/arm64/AppCheckRecaptchaProvider.SwiftFileList (in target 'AppCheckRecaptchaProvider' from project 'AppCheck')
    cd /Users/siam/Library/Developer/Xcode/DerivedData/Lingua_Quest-gvpckrqxtbgyprbgppjfqmimmmfw/SourcePackages/checkouts/app-check
    write-file /Users/siam/Library/Developer/Xcode/DerivedData/Lingua_Quest-gvpckrqxtbgyprbgppjfqmimmmfw/Build/Intermediates.noindex/AppCheck.build/Debug-iphonesimulator/AppCheckRecaptchaProvider.build/Objects-normal/arm64/AppCheckRecaptchaProvider.SwiftFileList

WriteAuxiliaryFile /Users/siam/Library/Developer/Xcode/DerivedData/Lingua_Quest-gvpckrqxtbgyprbgppjfqmimmmfw/Build/Intermediates.noindex/AppCheck.build/Debug-iphonesimulator/AppCheckRecaptchaProvider.build/Objects-normal/arm64/AppCheckRecaptchaProvider_const_extract_protocols.json (in target 'AppCheckRecaptchaProvider' from project 'AppCheck')
    cd /Users/siam/Library/Developer/Xcode/DerivedData/Lingua_Quest-gvpckrqxtbgyprbgppjfqmimmmfw/SourcePackages/checkouts/app-check
    write-file /Users/siam/Library/Developer/Xcode/DerivedData/Lingua_Quest-gvpckrqxtbgyprbgppjfqmimmmfw/Build/Intermediates.noindex/AppCheck.build/Debug-iphonesimulator/AppCheckRecaptchaProvider.build/Objects-normal/arm64/AppCheckRecaptchaProvider_const_extract_protocols.json

WriteAuxiliaryFile /Users/siam/Library/Developer/Xcode/DerivedData/Lingua_Quest-gvpckrqxtbgyprbgppjfqmimmmfw/Build/Intermediates.noindex/AppCheck.build/Debug-iphonesimulator/AppCheckRecaptchaProvider.build/Objects-normal/arm64/AppCheckRecaptchaProvider.SwiftConstValuesFileList (in target 'AppCheckRecaptchaProvider' from project 'AppCheck')
    cd /Users/siam/Library/Developer/Xcode/DerivedData/Lingua_Quest-gvpckrqxtbgyprbgppjfqmimmmfw/SourcePackages/checkouts/app-check
    write-file /Users/siam/Library/Developer/Xcode/DerivedData/Lingua_Quest-gvpckrqxtbgyprbgppjfqmimmmfw/Build/Intermediates.noindex/AppCheck.build/Debug-iphonesimulator/AppCheckRecaptchaProvider.build/Objects-normal/arm64/AppCheckRecaptchaProvider.SwiftConstValuesFileList

WriteAuxiliaryFile /Users/siam/Library/Developer/Xcode/DerivedData/Lingua_Quest-gvpckrqxtbgyprbgppjfqmimmmfw/Build/Intermediates.noindex/AppCheck.build/Debug-iphonesimulator/AppCheckRecaptchaProvider.build/Objects-normal/arm64/AppCheckRecaptchaProvider.LinkFileList (in target 'AppCheckRecaptchaProvider' from project 'AppCheck')
    cd /Users/siam/Library/Developer/Xcode/DerivedData/Lingua_Quest-gvpckrqxtbgyprbgppjfqmimmmfw/SourcePackages/checkouts/app-check
    write-file /Users/siam/Library/Developer/Xcode/DerivedData/Lingua_Quest-gvpckrqxtbgyprbgppjfqmimmmfw/Build/Intermediates.noindex/AppCheck.build/Debug-iphonesimulator/AppCheckRecaptchaProvider.build/Objects-normal/arm64/AppCheckRecaptchaProvider.LinkFileList

WriteAuxiliaryFile /Users/siam/Library/Developer/Xcode/DerivedData/Lingua_Quest-gvpckrqxtbgyprbgppjfqmimmmfw/Build/Intermediates.noindex/AppCheck.build/Debug-iphonesimulator/AppCheckRecaptchaProvider.build/Objects-normal/arm64/AppCheckRecaptchaProvider-OutputFileMap.json (in target 'AppCheckRecaptchaProvider' from project 'AppCheck')
    cd /Users/siam/Library/Developer/Xcode/DerivedData/Lingua_Quest-gvpckrqxtbgyprbgppjfqmimmmfw/SourcePackages/checkouts/app-check
    write-file /Users/siam/Library/Developer/Xcode/DerivedData/Lingua_Quest-gvpckrqxtbgyprbgppjfqmimmmfw/Build/Intermediates.noindex/AppCheck.build/Debug-iphonesimulator/AppCheckRecaptchaProvider.build/Objects-normal/arm64/AppCheckRecaptchaProvider-OutputFileMap.json

Copy /Users/siam/Library/Developer/Xcode/DerivedData/Lingua_Quest-gvpckrqxtbgyprbgppjfqmimmmfw/Build/Intermediates.noindex/GeneratedModuleMaps-iphonesimulator/AppCheckRecaptchaProvider.modulemap /Users/siam/Library/Developer/Xcode/DerivedData/Lingua_Quest-gvpckrqxtbgyprbgppjfqmimmmfw/Build/Intermediates.noindex/AppCheck.build/Debug-iphonesimulator/AppCheckRecaptchaProvider.build/AppCheckRecaptchaProvider.modulemap (in target 'AppCheckRecaptchaProvider' from project 'AppCheck')
    cd /Users/siam/Library/Developer/Xcode/DerivedData/Lingua_Quest-gvpckrqxtbgyprbgppjfqmimmmfw/SourcePackages/checkouts/app-check
    builtin-copy -exclude .DS_Store -exclude CVS -exclude .svn -exclude .git -exclude .hg -resolve-src-symlinks /Users/siam/Library/Developer/Xcode/DerivedData/Lingua_Quest-gvpckrqxtbgyprbgppjfqmimmmfw/Build/Intermediates.noindex/AppCheck.build/Debug-iphonesimulator/AppCheckRecaptchaProvider.build/AppCheckRecaptchaProvider.modulemap /Users/siam/Library/Developer/Xcode/DerivedData/Lingua_Quest-gvpckrqxtbgyprbgppjfqmimmmfw/Build/Intermediates.noindex/GeneratedModuleMaps-iphonesimulator

WriteAuxiliaryFile /Users/siam/Library/Developer/Xcode/DerivedData/Lingua_Quest-gvpckrqxtbgyprbgppjfqmimmmfw/Build/Intermediates.noindex/AppCheck.build/Debug-iphonesimulator/AppCheckCore.build/Objects-normal/arm64/e6072d4f65d7061329687fe24e3d63a7-common-args.resp (in target 'AppCheckCore' from project 'AppCheck')
    cd /Users/siam/Library/Developer/Xcode/DerivedData/Lingua_Quest-gvpckrqxtbgyprbgppjfqmimmmfw/SourcePackages/checkouts/app-check
    write-file /Users/siam/Library/Developer/Xcode/DerivedData/Lingua_Quest-gvpckrqxtbgyprbgppjfqmimmmfw/Build/Intermediates.noindex/AppCheck.build/Debug-iphonesimulator/AppCheckCore.build/Objects-normal/arm64/e6072d4f65d7061329687fe24e3d63a7-common-args.resp
-target arm64-apple-ios12.0-simulator -fobjc-arc -fmodules -gmodules '-fmodules-cache-path=/Users/siam/Library/Developer/Xcode/DerivedData/ModuleCache.noindex' '-fmodule-name=AppCheckCore' -fpascal-strings -O0 -DSWIFT_PACKAGE '-DDEBUG=1' '-DOBJC_OLD_DISPATCH_PROTOTYPES=1' -isysroot /Applications/Xcode.app/Contents/Developer/Platforms/iPhoneSimulator.platform/Developer/SDKs/iPhoneSimulator26.0.sdk -g '-fobjc-abi-version=2' -fobjc-legacy-dispatch -fprofile-instr-generate -fcoverage-mapping -I/Users/siam/Library/Developer/Xcode/DerivedData/Lingua_Quest-gvpckrqxtbgyprbgppjfqmimmmfw/SourcePackages/checkouts/promises/Sources/FBLPromises/include -I/Users/siam/Library/Developer/Xcode/DerivedData/Lingua_Quest-gvpckrqxtbgyprbgppjfqmimmmfw/SourcePackages/checkouts/GoogleUtilities/GoogleUtilities/Logger/Public -I/Users/siam/Library/Developer/Xcode/DerivedData/Lingua_Quest-gvpckrqxtbgyprbgppjfqmimmmfw/SourcePackages/checkouts/GoogleUtilities/GoogleUtilities/Environment/Public -I/Users/siam/Library/Developer/Xcode/DerivedData/Lingua_Quest-gvpckrqxtbgyprbgppjfqmimmmfw/SourcePackages/checkouts/GoogleUtilities/third_party/IsAppEncrypted/Public -I/Users/siam/Library/Developer/Xcode/DerivedData/Lingua_Quest-gvpckrqxtbgyprbgppjfqmimmmfw/SourcePackages/checkouts/GoogleUtilities/GoogleUtilities/UserDefaults/Public -I/Users/siam/Library/Developer/Xcode/DerivedData/Lingua_Quest-gvpckrqxtbgyprbgppjfqmimmmfw/Build/Products/Debug-iphonesimulator/include -I/Users/siam/Library/Developer/Xcode/DerivedData/Lingua_Quest-gvpckrqxtbgyprbgppjfqmimmmfw/SourcePackages/checkouts/app-check/AppCheckCore/Sources/Public -I/Users/siam/Library/Developer/Xcode/DerivedData/Lingua_Quest-gvpckrqxtbgyprbgppjfqmimmmfw/SourcePackages/checkouts/app-check -I/Users/siam/Library/Developer/Xcode/DerivedData/Lingua_Quest-gvpckrqxtbgyprbgppjfqmimmmfw/Build/Intermediates.noindex/AppCheck.build/Debug-iphonesimulator/AppCheckCore.build/DerivedSources-normal/arm64 -I/Users/siam/Library/Developer/Xcode/DerivedData/Lingua_Quest-gvpckrqxtbgyprbgppjfqmimmmfw/Build/Intermediates.noindex/AppCheck.build/Debug-iphonesimulator/AppCheckCore.build/DerivedSources/arm64 -I/Users/siam/Library/Developer/Xcode/DerivedData/Lingua_Quest-gvpckrqxtbgyprbgppjfqmimmmfw/Build/Intermediates.noindex/AppCheck.build/Debug-iphonesimulator/AppCheckCore.build/DerivedSources -F/Users/siam/Library/Developer/Xcode/DerivedData/Lingua_Quest-gvpckrqxtbgyprbgppjfqmimmmfw/Build/Products/Debug-iphonesimulator/PackageFrameworks -F/Users/siam/Library/Developer/Xcode/DerivedData/Lingua_Quest-gvpckrqxtbgyprbgppjfqmimmmfw/Build/Products/Debug-iphonesimulator/PackageFrameworks -F/Users/siam/Library/Developer/Xcode/DerivedData/Lingua_Quest-gvpckrqxtbgyprbgppjfqmimmmfw/Build/Products/Debug-iphonesimulator/PackageFrameworks -F/Users/siam/Library/Developer/Xcode/DerivedData/Lingua_Quest-gvpckrqxtbgyprbgppjfqmimmmfw/Build/Products/Debug-iphonesimulator/PackageFrameworks -F/Users/siam/Library/Developer/Xcode/DerivedData/Lingua_Quest-gvpckrqxtbgyprbgppjfqmimmmfw/Build/Products/Debug-iphonesimulator/PackageFrameworks -F/Users/siam/Library/Developer/Xcode/DerivedData/Lingua_Quest-gvpckrqxtbgyprbgppjfqmimmmfw/Build/Products/Debug-iphonesimulator -iframework /Applications/Xcode.app/Contents/Developer/Platforms/iPhoneSimulator.platform/Developer/Library/Frameworks -iframework /Applications/Xcode.app/Contents/Developer/Platforms/iPhoneSimulator.platform/Developer/SDKs/iPhoneSimulator26.0.sdk/Developer/Library/Frameworks '-fmodule-map-file=/Users/siam/Library/Developer/Xcode/DerivedData/Lingua_Quest-gvpckrqxtbgyprbgppjfqmimmmfw/Build/Intermediates.noindex/GeneratedModuleMaps-iphonesimulator/GoogleUtilities-Logger.modulemap' '-fmodule-map-file=/Users/siam/Library/Developer/Xcode/DerivedData/Lingua_Quest-gvpckrqxtbgyprbgppjfqmimmmfw/Build/Intermediates.noindex/GeneratedModuleMaps-iphonesimulator/GoogleUtilities-Environment.modulemap' '-fmodule-map-file=/Users/siam/Library/Developer/Xcode/DerivedData/Lingua_Quest-gvpckrqxtbgyprbgppjfqmimmmfw/Build/Intermediates.noindex/GeneratedModuleMaps-iphonesimulator/third-party-IsAppEncrypted.modulemap' '-fmodule-map-file=/Users/siam/Library/Developer/Xcode/DerivedData/Lingua_Quest-gvpckrqxtbgyprbgppjfqmimmmfw/Build/Intermediates.noindex/GeneratedModuleMaps-iphonesimulator/GoogleUtilities-UserDefaults.modulemap' -DXcode

WriteAuxiliaryFile /Users/siam/Library/Developer/Xcode/DerivedData/Lingua_Quest-gvpckrqxtbgyprbgppjfqmimmmfw/Build/Intermediates.noindex/AppCheck.build/Debug-iphonesimulator/AppCheckCore.build/Objects-normal/arm64/AppCheckCore.LinkFileList (in target 'AppCheckCore' from project 'AppCheck')
    cd /Users/siam/Library/Developer/Xcode/DerivedData/Lingua_Quest-gvpckrqxtbgyprbgppjfqmimmmfw/SourcePackages/checkouts/app-check
    write-file /Users/siam/Library/Developer/Xcode/DerivedData/Lingua_Quest-gvpckrqxtbgyprbgppjfqmimmmfw/Build/Intermediates.noindex/AppCheck.build/Debug-iphonesimulator/AppCheckCore.build/Objects-normal/arm64/AppCheckCore.LinkFileList

Copy /Users/siam/Library/Developer/Xcode/DerivedData/Lingua_Quest-gvpckrqxtbgyprbgppjfqmimmmfw/Build/Intermediates.noindex/GeneratedModuleMaps-iphonesimulator/AppCheckCore.modulemap /Users/siam/Library/Developer/Xcode/DerivedData/Lingua_Quest-gvpckrqxtbgyprbgppjfqmimmmfw/Build/Intermediates.noindex/AppCheck.build/Debug-iphonesimulator/AppCheckCore.build/AppCheckCore.modulemap (in target 'AppCheckCore' from project 'AppCheck')
    cd /Users/siam/Library/Developer/Xcode/DerivedData/Lingua_Quest-gvpckrqxtbgyprbgppjfqmimmmfw/SourcePackages/checkouts/app-check
    builtin-copy -exclude .DS_Store -exclude CVS -exclude .svn -exclude .git -exclude .hg -resolve-src-symlinks /Users/siam/Library/Developer/Xcode/DerivedData/Lingua_Quest-gvpckrqxtbgyprbgppjfqmimmmfw/Build/Intermediates.noindex/AppCheck.build/Debug-iphonesimulator/AppCheckCore.build/AppCheckCore.modulemap /Users/siam/Library/Developer/Xcode/DerivedData/Lingua_Quest-gvpckrqxtbgyprbgppjfqmimmmfw/Build/Intermediates.noindex/GeneratedModuleMaps-iphonesimulator

WriteAuxiliaryFile /Users/siam/Library/Developer/Xcode/DerivedData/Lingua_Quest-gvpckrqxtbgyprbgppjfqmimmmfw/Build/Intermediates.noindex/AppAuth.build/Debug-iphonesimulator/AppAuthCore.build/Objects-normal/arm64/AppAuthCore.LinkFileList (in target 'AppAuthCore' from project 'AppAuth')
    cd /Users/siam/Library/Developer/Xcode/DerivedData/Lingua_Quest-gvpckrqxtbgyprbgppjfqmimmmfw/SourcePackages/checkouts/AppAuth-iOS
    write-file /Users/siam/Library/Developer/Xcode/DerivedData/Lingua_Quest-gvpckrqxtbgyprbgppjfqmimmmfw/Build/Intermediates.noindex/AppAuth.build/Debug-iphonesimulator/AppAuthCore.build/Objects-normal/arm64/AppAuthCore.LinkFileList

WriteAuxiliaryFile /Users/siam/Library/Developer/Xcode/DerivedData/Lingua_Quest-gvpckrqxtbgyprbgppjfqmimmmfw/Build/Intermediates.noindex/AppAuth.build/Debug-iphonesimulator/AppAuthCore.build/Objects-normal/arm64/e6072d4f65d7061329687fe24e3d63a7-common-args.resp (in target 'AppAuthCore' from project 'AppAuth')
    cd /Users/siam/Library/Developer/Xcode/DerivedData/Lingua_Quest-gvpckrqxtbgyprbgppjfqmimmmfw/SourcePackages/checkouts/AppAuth-iOS
    write-file /Users/siam/Library/Developer/Xcode/DerivedData/Lingua_Quest-gvpckrqxtbgyprbgppjfqmimmmfw/Build/Intermediates.noindex/AppAuth.build/Debug-iphonesimulator/AppAuthCore.build/Objects-normal/arm64/e6072d4f65d7061329687fe24e3d63a7-common-args.resp
-target arm64-apple-ios12.0-simulator -fobjc-arc -fmodules -gmodules '-fmodules-cache-path=/Users/siam/Library/Developer/Xcode/DerivedData/ModuleCache.noindex' '-fmodule-name=AppAuthCore' -fpascal-strings -O0 -DSWIFT_PACKAGE '-DDEBUG=1' '-DOBJC_OLD_DISPATCH_PROTOTYPES=1' -isysroot /Applications/Xcode.app/Contents/Developer/Platforms/iPhoneSimulator.platform/Developer/SDKs/iPhoneSimulator26.0.sdk -g '-fobjc-abi-version=2' -fobjc-legacy-dispatch -fprofile-instr-generate -fcoverage-mapping -I/Users/siam/Library/Developer/Xcode/DerivedData/Lingua_Quest-gvpckrqxtbgyprbgppjfqmimmmfw/Build/Products/Debug-iphonesimulator/include -I/Users/siam/Library/Developer/Xcode/DerivedData/Lingua_Quest-gvpckrqxtbgyprbgppjfqmimmmfw/SourcePackages/checkouts/AppAuth-iOS/Sources/AppAuthCore -I/Users/siam/Library/Developer/Xcode/DerivedData/Lingua_Quest-gvpckrqxtbgyprbgppjfqmimmmfw/Build/Intermediates.noindex/AppAuth.build/Debug-iphonesimulator/AppAuthCore.build/DerivedSources-normal/arm64 -I/Users/siam/Library/Developer/Xcode/DerivedData/Lingua_Quest-gvpckrqxtbgyprbgppjfqmimmmfw/Build/Intermediates.noindex/AppAuth.build/Debug-iphonesimulator/AppAuthCore.build/DerivedSources/arm64 -I/Users/siam/Library/Developer/Xcode/DerivedData/Lingua_Quest-gvpckrqxtbgyprbgppjfqmimmmfw/Build/Intermediates.noindex/AppAuth.build/Debug-iphonesimulator/AppAuthCore.build/DerivedSources -F/Users/siam/Library/Developer/Xcode/DerivedData/Lingua_Quest-gvpckrqxtbgyprbgppjfqmimmmfw/Build/Products/Debug-iphonesimulator -iframework /Applications/Xcode.app/Contents/Developer/Platforms/iPhoneSimulator.platform/Developer/Library/Frameworks -iframework /Applications/Xcode.app/Contents/Developer/Platforms/iPhoneSimulator.platform/Developer/SDKs/iPhoneSimulator26.0.sdk/Developer/Library/Frameworks -DXcode

Copy /Users/siam/Library/Developer/Xcode/DerivedData/Lingua_Quest-gvpckrqxtbgyprbgppjfqmimmmfw/Build/Intermediates.noindex/GeneratedModuleMaps-iphonesimulator/AppAuthCore.modulemap /Users/siam/Library/Developer/Xcode/DerivedData/Lingua_Quest-gvpckrqxtbgyprbgppjfqmimmmfw/Build/Intermediates.noindex/AppAuth.build/Debug-iphonesimulator/AppAuthCore.build/AppAuthCore.modulemap (in target 'AppAuthCore' from project 'AppAuth')
    cd /Users/siam/Library/Developer/Xcode/DerivedData/Lingua_Quest-gvpckrqxtbgyprbgppjfqmimmmfw/SourcePackages/checkouts/AppAuth-iOS
    builtin-copy -exclude .DS_Store -exclude CVS -exclude .svn -exclude .git -exclude .hg -resolve-src-symlinks /Users/siam/Library/Developer/Xcode/DerivedData/Lingua_Quest-gvpckrqxtbgyprbgppjfqmimmmfw/Build/Intermediates.noindex/AppAuth.build/Debug-iphonesimulator/AppAuthCore.build/AppAuthCore.modulemap /Users/siam/Library/Developer/Xcode/DerivedData/Lingua_Quest-gvpckrqxtbgyprbgppjfqmimmmfw/Build/Intermediates.noindex/GeneratedModuleMaps-iphonesimulator

WriteAuxiliaryFile /Users/siam/Library/Developer/Xcode/DerivedData/Lingua_Quest-gvpckrqxtbgyprbgppjfqmimmmfw/Build/Intermediates.noindex/AppAuth.build/Debug-iphonesimulator/AppAuth.build/Objects-normal/arm64/e6072d4f65d7061329687fe24e3d63a7-common-args.resp (in target 'AppAuth' from project 'AppAuth')
    cd /Users/siam/Library/Developer/Xcode/DerivedData/Lingua_Quest-gvpckrqxtbgyprbgppjfqmimmmfw/SourcePackages/checkouts/AppAuth-iOS
    write-file /Users/siam/Library/Developer/Xcode/DerivedData/Lingua_Quest-gvpckrqxtbgyprbgppjfqmimmmfw/Build/Intermediates.noindex/AppAuth.build/Debug-iphonesimulator/AppAuth.build/Objects-normal/arm64/e6072d4f65d7061329687fe24e3d63a7-common-args.resp
-target arm64-apple-ios12.0-simulator -fobjc-arc -fmodules -gmodules '-fmodules-cache-path=/Users/siam/Library/Developer/Xcode/DerivedData/ModuleCache.noindex' '-fmodule-name=AppAuth' -fpascal-strings -O0 -DSWIFT_PACKAGE '-DDEBUG=1' '-DOBJC_OLD_DISPATCH_PROTOTYPES=1' -isysroot /Applications/Xcode.app/Contents/Developer/Platforms/iPhoneSimulator.platform/Developer/SDKs/iPhoneSimulator26.0.sdk -g '-fobjc-abi-version=2' -fobjc-legacy-dispatch -fprofile-instr-generate -fcoverage-mapping -I/Users/siam/Library/Developer/Xcode/DerivedData/Lingua_Quest-gvpckrqxtbgyprbgppjfqmimmmfw/SourcePackages/checkouts/AppAuth-iOS/Sources/AppAuthCore -I/Users/siam/Library/Developer/Xcode/DerivedData/Lingua_Quest-gvpckrqxtbgyprbgppjfqmimmmfw/Build/Products/Debug-iphonesimulator/include -I/Users/siam/Library/Developer/Xcode/DerivedData/Lingua_Quest-gvpckrqxtbgyprbgppjfqmimmmfw/SourcePackages/checkouts/AppAuth-iOS/Sources/AppAuth -I/Users/siam/Library/Developer/Xcode/DerivedData/Lingua_Quest-gvpckrqxtbgyprbgppjfqmimmmfw/SourcePackages/checkouts/AppAuth-iOS/Sources/AppAuth/iOS -I/Users/siam/Library/Developer/Xcode/DerivedData/Lingua_Quest-gvpckrqxtbgyprbgppjfqmimmmfw/SourcePackages/checkouts/AppAuth-iOS/Sources/AppAuth/macOS -I/Users/siam/Library/Developer/Xcode/DerivedData/Lingua_Quest-gvpckrqxtbgyprbgppjfqmimmmfw/SourcePackages/checkouts/AppAuth-iOS/Sources/AppAuth/macOS/LoopbackHTTPServer -I/Users/siam/Library/Developer/Xcode/DerivedData/Lingua_Quest-gvpckrqxtbgyprbgppjfqmimmmfw/Build/Intermediates.noindex/AppAuth.build/Debug-iphonesimulator/AppAuth.build/DerivedSources-normal/arm64 -I/Users/siam/Library/Developer/Xcode/DerivedData/Lingua_Quest-gvpckrqxtbgyprbgppjfqmimmmfw/Build/Intermediates.noindex/AppAuth.build/Debug-iphonesimulator/AppAuth.build/DerivedSources/arm64 -I/Users/siam/Library/Developer/Xcode/DerivedData/Lingua_Quest-gvpckrqxtbgyprbgppjfqmimmmfw/Build/Intermediates.noindex/AppAuth.build/Debug-iphonesimulator/AppAuth.build/DerivedSources -F/Users/siam/Library/Developer/Xcode/DerivedData/Lingua_Quest-gvpckrqxtbgyprbgppjfqmimmmfw/Build/Products/Debug-iphonesimulator/PackageFrameworks -F/Users/siam/Library/Developer/Xcode/DerivedData/Lingua_Quest-gvpckrqxtbgyprbgppjfqmimmmfw/Build/Products/Debug-iphonesimulator -iframework /Applications/Xcode.app/Contents/Developer/Platforms/iPhoneSimulator.platform/Developer/Library/Frameworks -iframework /Applications/Xcode.app/Contents/Developer/Platforms/iPhoneSimulator.platform/Developer/SDKs/iPhoneSimulator26.0.sdk/Developer/Library/Frameworks '-fmodule-map-file=/Users/siam/Library/Developer/Xcode/DerivedData/Lingua_Quest-gvpckrqxtbgyprbgppjfqmimmmfw/Build/Intermediates.noindex/GeneratedModuleMaps-iphonesimulator/AppAuthCore.modulemap' -DXcode

WriteAuxiliaryFile /Users/siam/Library/Developer/Xcode/DerivedData/Lingua_Quest-gvpckrqxtbgyprbgppjfqmimmmfw/Build/Intermediates.noindex/AppAuth.build/Debug-iphonesimulator/AppAuth.build/Objects-normal/arm64/AppAuth.LinkFileList (in target 'AppAuth' from project 'AppAuth')
    cd /Users/siam/Library/Developer/Xcode/DerivedData/Lingua_Quest-gvpckrqxtbgyprbgppjfqmimmmfw/SourcePackages/checkouts/AppAuth-iOS
    write-file /Users/siam/Library/Developer/Xcode/DerivedData/Lingua_Quest-gvpckrqxtbgyprbgppjfqmimmmfw/Build/Intermediates.noindex/AppAuth.build/Debug-iphonesimulator/AppAuth.build/Objects-normal/arm64/AppAuth.LinkFileList

Copy /Users/siam/Library/Developer/Xcode/DerivedData/Lingua_Quest-gvpckrqxtbgyprbgppjfqmimmmfw/Build/Intermediates.noindex/GeneratedModuleMaps-iphonesimulator/AppAuth.modulemap /Users/siam/Library/Developer/Xcode/DerivedData/Lingua_Quest-gvpckrqxtbgyprbgppjfqmimmmfw/Build/Intermediates.noindex/AppAuth.build/Debug-iphonesimulator/AppAuth.build/AppAuth.modulemap (in target 'AppAuth' from project 'AppAuth')
    cd /Users/siam/Library/Developer/Xcode/DerivedData/Lingua_Quest-gvpckrqxtbgyprbgppjfqmimmmfw/SourcePackages/checkouts/AppAuth-iOS
    builtin-copy -exclude .DS_Store -exclude CVS -exclude .svn -exclude .git -exclude .hg -resolve-src-symlinks /Users/siam/Library/Developer/Xcode/DerivedData/Lingua_Quest-gvpckrqxtbgyprbgppjfqmimmmfw/Build/Intermediates.noindex/AppAuth.build/Debug-iphonesimulator/AppAuth.build/AppAuth.modulemap /Users/siam/Library/Developer/Xcode/DerivedData/Lingua_Quest-gvpckrqxtbgyprbgppjfqmimmmfw/Build/Intermediates.noindex/GeneratedModuleMaps-iphonesimulator

ScanDependencies /Users/siam/Library/Developer/Xcode/DerivedData/Lingua_Quest-gvpckrqxtbgyprbgppjfqmimmmfw/Build/Intermediates.noindex/GoogleUtilities.build/Debug-iphonesimulator/third-party-IsAppEncrypted.build/Objects-normal/x86_64/IsAppEncrypted.o /Users/siam/Library/Developer/Xcode/DerivedData/Lingua_Quest-gvpckrqxtbgyprbgppjfqmimmmfw/SourcePackages/checkouts/GoogleUtilities/third_party/IsAppEncrypted/IsAppEncrypted.m normal x86_64 objective-c com.apple.compilers.llvm.clang.1_0.compiler (in target 'third-party-IsAppEncrypted' from project 'GoogleUtilities')
    cd /Users/siam/Desktop/Lingua\ Quest/Lingua\ Quest.xcodeproj
    
    Using response file: /Users/siam/Library/Developer/Xcode/DerivedData/Lingua_Quest-gvpckrqxtbgyprbgppjfqmimmmfw/Build/Intermediates.noindex/GoogleUtilities.build/Debug-iphonesimulator/third-party-IsAppEncrypted.build/Objects-normal/x86_64/e6072d4f65d7061329687fe24e3d63a7-common-args.resp
    
    builtin-ScanDependencies -o /Users/siam/Library/Developer/Xcode/DerivedData/Lingua_Quest-gvpckrqxtbgyprbgppjfqmimmmfw/Build/Intermediates.noindex/GoogleUtilities.build/Debug-iphonesimulator/third-party-IsAppEncrypted.build/Objects-normal/x86_64/IsAppEncrypted.o.scan -- /Applications/Xcode.app/Contents/Developer/Toolchains/XcodeDefault.xctoolchain/usr/bin/clang -x objective-c -ivfsstatcache /Users/siam/Library/Developer/Xcode/DerivedData/SDKStatCaches.noindex/iphonesimulator26.0-23A339-26257891a6c027eb51374368541b8346.sdkstatcache -fmessage-length\=0 -fdiagnostics-show-note-include-stack -fmacro-backtrace-limit\=0 -fno-color-diagnostics -fmodules-prune-interval\=86400 -fmodules-prune-after\=345600 -fbuild-session-file\=/Users/siam/Library/Developer/Xcode/DerivedData/ModuleCache.noindex/Session.modulevalidation -fmodules-validate-once-per-build-session -Wnon-modular-include-in-framework-module -Werror\=non-modular-include-in-framework-module -Wno-trigraphs -Wno-missing-field-initializers -Wno-missing-prototypes -Wno-return-type -Wno-implicit-atomic-properties -Wno-objc-interface-ivars -Wno-arc-repeated-use-of-weak -Wno-missing-braces -Wparentheses -Wswitch -Wno-unused-function -Wno-unused-label -Wno-unused-parameter -Wno-unused-variable -Wunused-value -Wno-empty-body -Wno-uninitialized -Wno-unknown-pragmas -w -Wno-shadow -Wno-four-char-constants -Wno-conversion -Wno-constant-conversion -Wno-int-conversion -Wno-bool-conversion -Wno-enum-conversion -Wno-float-conversion -Wno-non-literal-null-conversion -Wno-objc-literal-conversion -Wshorten-64-to-32 -Wpointer-sign -Wno-newline-eof -Wno-selector -Wno-strict-selector-match -Wno-undeclared-selector -Wno-deprecated-implementations -Wno-implicit-fallthrough -fstrict-aliasing -Wprotocol -Wdeprecated-declarations -Wno-sign-conversion -Wno-infinite-recursion -Wno-comma -Wno-block-capture-autoreleasing -Wno-strict-prototypes -Wno-semicolon-before-method-body -index-store-path /Users/siam/Library/Developer/Xcode/DerivedData/Lingua_Quest-gvpckrqxtbgyprbgppjfqmimmmfw/Index.noindex/DataStore @/Users/siam/Library/Developer/Xcode/DerivedData/Lingua_Quest-gvpckrqxtbgyprbgppjfqmimmmfw/Build/Intermediates.noindex/GoogleUtilities.build/Debug-iphonesimulator/third-party-IsAppEncrypted.build/Objects-normal/x86_64/e6072d4f65d7061329687fe24e3d63a7-common-args.resp -MMD -MT dependencies -MF /Users/siam/Library/Developer/Xcode/DerivedData/Lingua_Quest-gvpckrqxtbgyprbgppjfqmimmmfw/Build/Intermediates.noindex/GoogleUtilities.build/Debug-iphonesimulator/third-party-IsAppEncrypted.build/Objects-normal/x86_64/IsAppEncrypted.d --serialize-diagnostics /Users/siam/Library/Developer/Xcode/DerivedData/Lingua_Quest-gvpckrqxtbgyprbgppjfqmimmmfw/Build/Intermediates.noindex/GoogleUtilities.build/Debug-iphonesimulator/third-party-IsAppEncrypted.build/Objects-normal/x86_64/IsAppEncrypted.dia -c /Users/siam/Library/Developer/Xcode/DerivedData/Lingua_Quest-gvpckrqxtbgyprbgppjfqmimmmfw/SourcePackages/checkouts/GoogleUtilities/third_party/IsAppEncrypted/IsAppEncrypted.m -o /Users/siam/Library/Developer/Xcode/DerivedData/Lingua_Quest-gvpckrqxtbgyprbgppjfqmimmmfw/Build/Intermediates.noindex/GoogleUtilities.build/Debug-iphonesimulator/third-party-IsAppEncrypted.build/Objects-normal/x86_64/IsAppEncrypted.o -index-unit-output-path /GoogleUtilities.build/Debug-iphonesimulator/third-party-IsAppEncrypted.build/Objects-normal/x86_64/IsAppEncrypted.o

ScanDependencies /Users/siam/Library/Developer/Xcode/DerivedData/Lingua_Quest-gvpckrqxtbgyprbgppjfqmimmmfw/Build/Intermediates.noindex/GoogleUtilities.build/Debug-iphonesimulator/third-party-IsAppEncrypted.build/Objects-normal/arm64/IsAppEncrypted.o /Users/siam/Library/Developer/Xcode/DerivedData/Lingua_Quest-gvpckrqxtbgyprbgppjfqmimmmfw/SourcePackages/checkouts/GoogleUtilities/third_party/IsAppEncrypted/IsAppEncrypted.m normal arm64 objective-c com.apple.compilers.llvm.clang.1_0.compiler (in target 'third-party-IsAppEncrypted' from project 'GoogleUtilities')
    cd /Users/siam/Desktop/Lingua\ Quest/Lingua\ Quest.xcodeproj
    
    Using response file: /Users/siam/Library/Developer/Xcode/DerivedData/Lingua_Quest-gvpckrqxtbgyprbgppjfqmimmmfw/Build/Intermediates.noindex/GoogleUtilities.build/Debug-iphonesimulator/third-party-IsAppEncrypted.build/Objects-normal/arm64/e6072d4f65d7061329687fe24e3d63a7-common-args.resp
    
    builtin-ScanDependencies -o /Users/siam/Library/Developer/Xcode/DerivedData/Lingua_Quest-gvpckrqxtbgyprbgppjfqmimmmfw/Build/Intermediates.noindex/GoogleUtilities.build/Debug-iphonesimulator/third-party-IsAppEncrypted.build/Objects-normal/arm64/IsAppEncrypted.o.scan -- /Applications/Xcode.app/Contents/Developer/Toolchains/XcodeDefault.xctoolchain/usr/bin/clang -x objective-c -ivfsstatcache /Users/siam/Library/Developer/Xcode/DerivedData/SDKStatCaches.noindex/iphonesimulator26.0-23A339-26257891a6c027eb51374368541b8346.sdkstatcache -fmessage-length\=0 -fdiagnostics-show-note-include-stack -fmacro-backtrace-limit\=0 -fno-color-diagnostics -fmodules-prune-interval\=86400 -fmodules-prune-after\=345600 -fbuild-session-file\=/Users/siam/Library/Developer/Xcode/DerivedData/ModuleCache.noindex/Session.modulevalidation -fmodules-validate-once-per-build-session -Wnon-modular-include-in-framework-module -Werror\=non-modular-include-in-framework-module -Wno-trigraphs -Wno-missing-field-initializers -Wno-missing-prototypes -Wno-return-type -Wno-implicit-atomic-properties -Wno-objc-interface-ivars -Wno-arc-repeated-use-of-weak -Wno-missing-braces -Wparentheses -Wswitch -Wno-unused-function -Wno-unused-label -Wno-unused-parameter -Wno-unused-variable -Wunused-value -Wno-empty-body -Wno-uninitialized -Wno-unknown-pragmas -w -Wno-shadow -Wno-four-char-constants -Wno-conversion -Wno-constant-conversion -Wno-int-conversion -Wno-bool-conversion -Wno-enum-conversion -Wno-float-conversion -Wno-non-literal-null-conversion -Wno-objc-literal-conversion -Wshorten-64-to-32 -Wpointer-sign -Wno-newline-eof -Wno-selector -Wno-strict-selector-match -Wno-undeclared-selector -Wno-deprecated-implementations -Wno-implicit-fallthrough -fstrict-aliasing -Wprotocol -Wdeprecated-declarations -Wno-sign-conversion -Wno-infinite-recursion -Wno-comma -Wno-block-capture-autoreleasing -Wno-strict-prototypes -Wno-semicolon-before-method-body -index-store-path /Users/siam/Library/Developer/Xcode/DerivedData/Lingua_Quest-gvpckrqxtbgyprbgppjfqmimmmfw/Index.noindex/DataStore @/Users/siam/Library/Developer/Xcode/DerivedData/Lingua_Quest-gvpckrqxtbgyprbgppjfqmimmmfw/Build/Intermediates.noindex/GoogleUtilities.build/Debug-iphonesimulator/third-party-IsAppEncrypted.build/Objects-normal/arm64/e6072d4f65d7061329687fe24e3d63a7-common-args.resp -MMD -MT dependencies -MF /Users/siam/Library/Developer/Xcode/DerivedData/Lingua_Quest-gvpckrqxtbgyprbgppjfqmimmmfw/Build/Intermediates.noindex/GoogleUtilities.build/Debug-iphonesimulator/third-party-IsAppEncrypted.build/Objects-normal/arm64/IsAppEncrypted.d --serialize-diagnostics /Users/siam/Library/Developer/Xcode/DerivedData/Lingua_Quest-gvpckrqxtbgyprbgppjfqmimmmfw/Build/Intermediates.noindex/GoogleUtilities.build/Debug-iphonesimulator/third-party-IsAppEncrypted.build/Objects-normal/arm64/IsAppEncrypted.dia -c /Users/siam/Library/Developer/Xcode/DerivedData/Lingua_Quest-gvpckrqxtbgyprbgppjfqmimmmfw/SourcePackages/checkouts/GoogleUtilities/third_party/IsAppEncrypted/IsAppEncrypted.m -o /Users/siam/Library/Developer/Xcode/DerivedData/Lingua_Quest-gvpckrqxtbgyprbgppjfqmimmmfw/Build/Intermediates.noindex/GoogleUtilities.build/Debug-iphonesimulator/third-party-IsAppEncrypted.build/Objects-normal/arm64/IsAppEncrypted.o -index-unit-output-path /GoogleUtilities.build/Debug-iphonesimulator/third-party-IsAppEncrypted.build/Objects-normal/arm64/IsAppEncrypted.o

ProcessInfoPlistFile /Users/siam/Library/Developer/Xcode/DerivedData/Lingua_Quest-gvpckrqxtbgyprbgppjfqmimmmfw/Build/Products/Debug-iphonesimulator/leveldb_leveldb.bundle/Info.plist /Users/siam/Library/Developer/Xcode/DerivedData/Lingua_Quest-gvpckrqxtbgyprbgppjfqmimmmfw/Build/Intermediates.noindex/leveldb.build/Debug-iphonesimulator/leveldb_leveldb.build/empty-leveldb_leveldb.plist (in target 'leveldb_leveldb' from project 'leveldb')
    cd /Users/siam/Library/Developer/Xcode/DerivedData/Lingua_Quest-gvpckrqxtbgyprbgppjfqmimmmfw/SourcePackages/checkouts/leveldb
    builtin-infoPlistUtility /Users/siam/Library/Developer/Xcode/DerivedData/Lingua_Quest-gvpckrqxtbgyprbgppjfqmimmmfw/Build/Intermediates.noindex/leveldb.build/Debug-iphonesimulator/leveldb_leveldb.build/empty-leveldb_leveldb.plist -producttype com.apple.product-type.bundle -expandbuildsettings -format binary -platform iphonesimulator -o /Users/siam/Library/Developer/Xcode/DerivedData/Lingua_Quest-gvpckrqxtbgyprbgppjfqmimmmfw/Build/Products/Debug-iphonesimulator/leveldb_leveldb.bundle/Info.plist

ScanDependencies /Users/siam/Library/Developer/Xcode/DerivedData/Lingua_Quest-gvpckrqxtbgyprbgppjfqmimmmfw/Build/Intermediates.noindex/gRPC.build/Debug-iphonesimulator/opensslWrapper.build/Objects-normal/x86_64/resource_bundle_accessor.o /Users/siam/Library/Developer/Xcode/DerivedData/Lingua_Quest-gvpckrqxtbgyprbgppjfqmimmmfw/Build/Intermediates.noindex/gRPC.build/Debug-iphonesimulator/opensslWrapper.build/DerivedSources/resource_bundle_accessor.m normal x86_64 objective-c com.apple.compilers.llvm.clang.1_0.compiler (in target 'opensslWrapper' from project 'gRPC')
    cd /Users/siam/Desktop/Lingua\ Quest/Lingua\ Quest.xcodeproj
    
    Using response file: /Users/siam/Library/Developer/Xcode/DerivedData/Lingua_Quest-gvpckrqxtbgyprbgppjfqmimmmfw/Build/Intermediates.noindex/gRPC.build/Debug-iphonesimulator/opensslWrapper.build/Objects-normal/x86_64/e6072d4f65d7061329687fe24e3d63a7-common-args.resp
    
    builtin-ScanDependencies -o /Users/siam/Library/Developer/Xcode/DerivedData/Lingua_Quest-gvpckrqxtbgyprbgppjfqmimmmfw/Build/Intermediates.noindex/gRPC.build/Debug-iphonesimulator/opensslWrapper.build/Objects-normal/x86_64/resource_bundle_accessor.o.scan -- /Applications/Xcode.app/Contents/Developer/Toolchains/XcodeDefault.xctoolchain/usr/bin/clang -x objective-c -ivfsstatcache /Users/siam/Library/Developer/Xcode/DerivedData/SDKStatCaches.noindex/iphonesimulator26.0-23A339-26257891a6c027eb51374368541b8346.sdkstatcache -fmessage-length\=0 -fdiagnostics-show-note-include-stack -fmacro-backtrace-limit\=0 -fno-color-diagnostics -fmodules-prune-interval\=86400 -fmodules-prune-after\=345600 -fbuild-session-file\=/Users/siam/Library/Developer/Xcode/DerivedData/ModuleCache.noindex/Session.modulevalidation -fmodules-validate-once-per-build-session -Wnon-modular-include-in-framework-module -Werror\=non-modular-include-in-framework-module -Wno-trigraphs -Wno-missing-field-initializers -Wno-missing-prototypes -Wno-return-type -Wno-implicit-atomic-properties -Wno-objc-interface-ivars -Wno-arc-repeated-use-of-weak -Wno-missing-braces -Wparentheses -Wswitch -Wno-unused-function -Wno-unused-label -Wno-unused-parameter -Wno-unused-variable -Wunused-value -Wno-empty-body -Wno-uninitialized -Wno-unknown-pragmas -w -Wno-shadow -Wno-four-char-constants -Wno-conversion -Wno-constant-conversion -Wno-int-conversion -Wno-bool-conversion -Wno-enum-conversion -Wno-float-conversion -Wno-non-literal-null-conversion -Wno-objc-literal-conversion -Wshorten-64-to-32 -Wpointer-sign -Wno-newline-eof -Wno-selector -Wno-strict-selector-match -Wno-undeclared-selector -Wno-deprecated-implementations -Wno-implicit-fallthrough -fstrict-aliasing -Wprotocol -Wdeprecated-declarations -Wno-sign-conversion -Wno-infinite-recursion -Wno-comma -Wno-block-capture-autoreleasing -Wno-strict-prototypes -Wno-semicolon-before-method-body -index-store-path /Users/siam/Library/Developer/Xcode/DerivedData/Lingua_Quest-gvpckrqxtbgyprbgppjfqmimmmfw/Index.noindex/DataStore @/Users/siam/Library/Developer/Xcode/DerivedData/Lingua_Quest-gvpckrqxtbgyprbgppjfqmimmmfw/Build/Intermediates.noindex/gRPC.build/Debug-iphonesimulator/opensslWrapper.build/Objects-normal/x86_64/e6072d4f65d7061329687fe24e3d63a7-common-args.resp -include /Users/siam/Library/Developer/Xcode/DerivedData/Lingua_Quest-gvpckrqxtbgyprbgppjfqmimmmfw/Build/Intermediates.noindex/gRPC.build/Debug-iphonesimulator/opensslWrapper.build/DerivedSources/resource_bundle_accessor.h -MMD -MT dependencies -MF /Users/siam/Library/Developer/Xcode/DerivedData/Lingua_Quest-gvpckrqxtbgyprbgppjfqmimmmfw/Build/Intermediates.noindex/gRPC.build/Debug-iphonesimulator/opensslWrapper.build/Objects-normal/x86_64/resource_bundle_accessor.d --serialize-diagnostics /Users/siam/Library/Developer/Xcode/DerivedData/Lingua_Quest-gvpckrqxtbgyprbgppjfqmimmmfw/Build/Intermediates.noindex/gRPC.build/Debug-iphonesimulator/opensslWrapper.build/Objects-normal/x86_64/resource_bundle_accessor.dia -c /Users/siam/Library/Developer/Xcode/DerivedData/Lingua_Quest-gvpckrqxtbgyprbgppjfqmimmmfw/Build/Intermediates.noindex/gRPC.build/Debug-iphonesimulator/opensslWrapper.build/DerivedSources/resource_bundle_accessor.m -o /Users/siam/Library/Developer/Xcode/DerivedData/Lingua_Quest-gvpckrqxtbgyprbgppjfqmimmmfw/Build/Intermediates.noindex/gRPC.build/Debug-iphonesimulator/opensslWrapper.build/Objects-normal/x86_64/resource_bundle_accessor.o -index-unit-output-path /gRPC.build/Debug-iphonesimulator/opensslWrapper.build/Objects-normal/x86_64/resource_bundle_accessor.o

ScanDependencies /Users/siam/Library/Developer/Xcode/DerivedData/Lingua_Quest-gvpckrqxtbgyprbgppjfqmimmmfw/Build/Intermediates.noindex/gRPC.build/Debug-iphonesimulator/opensslWrapper.build/Objects-normal/x86_64/empty.o /Users/siam/Library/Developer/Xcode/DerivedData/Lingua_Quest-gvpckrqxtbgyprbgppjfqmimmmfw/SourcePackages/checkouts/grpc-binary/openssl-grpc-Wrapper/empty.m normal x86_64 objective-c com.apple.compilers.llvm.clang.1_0.compiler (in target 'opensslWrapper' from project 'gRPC')
    cd /Users/siam/Desktop/Lingua\ Quest/Lingua\ Quest.xcodeproj
    
    Using response file: /Users/siam/Library/Developer/Xcode/DerivedData/Lingua_Quest-gvpckrqxtbgyprbgppjfqmimmmfw/Build/Intermediates.noindex/gRPC.build/Debug-iphonesimulator/opensslWrapper.build/Objects-normal/x86_64/e6072d4f65d7061329687fe24e3d63a7-common-args.resp
    
    builtin-ScanDependencies -o /Users/siam/Library/Developer/Xcode/DerivedData/Lingua_Quest-gvpckrqxtbgyprbgppjfqmimmmfw/Build/Intermediates.noindex/gRPC.build/Debug-iphonesimulator/opensslWrapper.build/Objects-normal/x86_64/empty.o.scan -- /Applications/Xcode.app/Contents/Developer/Toolchains/XcodeDefault.xctoolchain/usr/bin/clang -x objective-c -ivfsstatcache /Users/siam/Library/Developer/Xcode/DerivedData/SDKStatCaches.noindex/iphonesimulator26.0-23A339-26257891a6c027eb51374368541b8346.sdkstatcache -fmessage-length\=0 -fdiagnostics-show-note-include-stack -fmacro-backtrace-limit\=0 -fno-color-diagnostics -fmodules-prune-interval\=86400 -fmodules-prune-after\=345600 -fbuild-session-file\=/Users/siam/Library/Developer/Xcode/DerivedData/ModuleCache.noindex/Session.modulevalidation -fmodules-validate-once-per-build-session -Wnon-modular-include-in-framework-module -Werror\=non-modular-include-in-framework-module -Wno-trigraphs -Wno-missing-field-initializers -Wno-missing-prototypes -Wno-return-type -Wno-implicit-atomic-properties -Wno-objc-interface-ivars -Wno-arc-repeated-use-of-weak -Wno-missing-braces -Wparentheses -Wswitch -Wno-unused-function -Wno-unused-label -Wno-unused-parameter -Wno-unused-variable -Wunused-value -Wno-empty-body -Wno-uninitialized -Wno-unknown-pragmas -w -Wno-shadow -Wno-four-char-constants -Wno-conversion -Wno-constant-conversion -Wno-int-conversion -Wno-bool-conversion -Wno-enum-conversion -Wno-float-conversion -Wno-non-literal-null-conversion -Wno-objc-literal-conversion -Wshorten-64-to-32 -Wpointer-sign -Wno-newline-eof -Wno-selector -Wno-strict-selector-match -Wno-undeclared-selector -Wno-deprecated-implementations -Wno-implicit-fallthrough -fstrict-aliasing -Wprotocol -Wdeprecated-declarations -Wno-sign-conversion -Wno-infinite-recursion -Wno-comma -Wno-block-capture-autoreleasing -Wno-strict-prototypes -Wno-semicolon-before-method-body -index-store-path /Users/siam/Library/Developer/Xcode/DerivedData/Lingua_Quest-gvpckrqxtbgyprbgppjfqmimmmfw/Index.noindex/DataStore @/Users/siam/Library/Developer/Xcode/DerivedData/Lingua_Quest-gvpckrqxtbgyprbgppjfqmimmmfw/Build/Intermediates.noindex/gRPC.build/Debug-iphonesimulator/opensslWrapper.build/Objects-normal/x86_64/e6072d4f65d7061329687fe24e3d63a7-common-args.resp -include /Users/siam/Library/Developer/Xcode/DerivedData/Lingua_Quest-gvpckrqxtbgyprbgppjfqmimmmfw/Build/Intermediates.noindex/gRPC.build/Debug-iphonesimulator/opensslWrapper.build/DerivedSources/resource_bundle_accessor.h -MMD -MT dependencies -MF /Users/siam/Library/Developer/Xcode/DerivedData/Lingua_Quest-gvpckrqxtbgyprbgppjfqmimmmfw/Build/Intermediates.noindex/gRPC.build/Debug-iphonesimulator/opensslWrapper.build/Objects-normal/x86_64/empty.d --serialize-diagnostics /Users/siam/Library/Developer/Xcode/DerivedData/Lingua_Quest-gvpckrqxtbgyprbgppjfqmimmmfw/Build/Intermediates.noindex/gRPC.build/Debug-iphonesimulator/opensslWrapper.build/Objects-normal/x86_64/empty.dia -c /Users/siam/Library/Developer/Xcode/DerivedData/Lingua_Quest-gvpckrqxtbgyprbgppjfqmimmmfw/SourcePackages/checkouts/grpc-binary/openssl-grpc-Wrapper/empty.m -o /Users/siam/Library/Developer/Xcode/DerivedData/Lingua_Quest-gvpckrqxtbgyprbgppjfqmimmmfw/Build/Intermediates.noindex/gRPC.build/Debug-iphonesimulator/opensslWrapper.build/Objects-normal/x86_64/empty.o -index-unit-output-path /gRPC.build/Debug-iphonesimulator/opensslWrapper.build/Objects-normal/x86_64/empty.o

ScanDependencies /Users/siam/Library/Developer/Xcode/DerivedData/Lingua_Quest-gvpckrqxtbgyprbgppjfqmimmmfw/Build/Intermediates.noindex/gRPC.build/Debug-iphonesimulator/opensslWrapper.build/Objects-normal/arm64/resource_bundle_accessor.o /Users/siam/Library/Developer/Xcode/DerivedData/Lingua_Quest-gvpckrqxtbgyprbgppjfqmimmmfw/Build/Intermediates.noindex/gRPC.build/Debug-iphonesimulator/opensslWrapper.build/DerivedSources/resource_bundle_accessor.m normal arm64 objective-c com.apple.compilers.llvm.clang.1_0.compiler (in target 'opensslWrapper' from project 'gRPC')
    cd /Users/siam/Desktop/Lingua\ Quest/Lingua\ Quest.xcodeproj
    
    Using response file: /Users/siam/Library/Developer/Xcode/DerivedData/Lingua_Quest-gvpckrqxtbgyprbgppjfqmimmmfw/Build/Intermediates.noindex/gRPC.build/Debug-iphonesimulator/opensslWrapper.build/Objects-normal/arm64/e6072d4f65d7061329687fe24e3d63a7-common-args.resp
    
    builtin-ScanDependencies -o /Users/siam/Library/Developer/Xcode/DerivedData/Lingua_Quest-gvpckrqxtbgyprbgppjfqmimmmfw/Build/Intermediates.noindex/gRPC.build/Debug-iphonesimulator/opensslWrapper.build/Objects-normal/arm64/resource_bundle_accessor.o.scan -- /Applications/Xcode.app/Contents/Developer/Toolchains/XcodeDefault.xctoolchain/usr/bin/clang -x objective-c -ivfsstatcache /Users/siam/Library/Developer/Xcode/DerivedData/SDKStatCaches.noindex/iphonesimulator26.0-23A339-26257891a6c027eb51374368541b8346.sdkstatcache -fmessage-length\=0 -fdiagnostics-show-note-include-stack -fmacro-backtrace-limit\=0 -fno-color-diagnostics -fmodules-prune-interval\=86400 -fmodules-prune-after\=345600 -fbuild-session-file\=/Users/siam/Library/Developer/Xcode/DerivedData/ModuleCache.noindex/Session.modulevalidation -fmodules-validate-once-per-build-session -Wnon-modular-include-in-framework-module -Werror\=non-modular-include-in-framework-module -Wno-trigraphs -Wno-missing-field-initializers -Wno-missing-prototypes -Wno-return-type -Wno-implicit-atomic-properties -Wno-objc-interface-ivars -Wno-arc-repeated-use-of-weak -Wno-missing-braces -Wparentheses -Wswitch -Wno-unused-function -Wno-unused-label -Wno-unused-parameter -Wno-unused-variable -Wunused-value -Wno-empty-body -Wno-uninitialized -Wno-unknown-pragmas -w -Wno-shadow -Wno-four-char-constants -Wno-conversion -Wno-constant-conversion -Wno-int-conversion -Wno-bool-conversion -Wno-enum-conversion -Wno-float-conversion -Wno-non-literal-null-conversion -Wno-objc-literal-conversion -Wshorten-64-to-32 -Wpointer-sign -Wno-newline-eof -Wno-selector -Wno-strict-selector-match -Wno-undeclared-selector -Wno-deprecated-implementations -Wno-implicit-fallthrough -fstrict-aliasing -Wprotocol -Wdeprecated-declarations -Wno-sign-conversion -Wno-infinite-recursion -Wno-comma -Wno-block-capture-autoreleasing -Wno-strict-prototypes -Wno-semicolon-before-method-body -index-store-path /Users/siam/Library/Developer/Xcode/DerivedData/Lingua_Quest-gvpckrqxtbgyprbgppjfqmimmmfw/Index.noindex/DataStore @/Users/siam/Library/Developer/Xcode/DerivedData/Lingua_Quest-gvpckrqxtbgyprbgppjfqmimmmfw/Build/Intermediates.noindex/gRPC.build/Debug-iphonesimulator/opensslWrapper.build/Objects-normal/arm64/e6072d4f65d7061329687fe24e3d63a7-common-args.resp -include /Users/siam/Library/Developer/Xcode/DerivedData/Lingua_Quest-gvpckrqxtbgyprbgppjfqmimmmfw/Build/Intermediates.noindex/gRPC.build/Debug-iphonesimulator/opensslWrapper.build/DerivedSources/resource_bundle_accessor.h -MMD -MT dependencies -MF /Users/siam/Library/Developer/Xcode/DerivedData/Lingua_Quest-gvpckrqxtbgyprbgppjfqmimmmfw/Build/Intermediates.noindex/gRPC.build/Debug-iphonesimulator/opensslWrapper.build/Objects-normal/arm64/resource_bundle_accessor.d --serialize-diagnostics /Users/siam/Library/Developer/Xcode/DerivedData/Lingua_Quest-gvpckrqxtbgyprbgppjfqmimmmfw/Build/Intermediates.noindex/gRPC.build/Debug-iphonesimulator/opensslWrapper.build/Objects-normal/arm64/resource_bundle_accessor.dia -c /Users/siam/Library/Developer/Xcode/DerivedData/Lingua_Quest-gvpckrqxtbgyprbgppjfqmimmmfw/Build/Intermediates.noindex/gRPC.build/Debug-iphonesimulator/opensslWrapper.build/DerivedSources/resource_bundle_accessor.m -o /Users/siam/Library/Developer/Xcode/DerivedData/Lingua_Quest-gvpckrqxtbgyprbgppjfqmimmmfw/Build/Intermediates.noindex/gRPC.build/Debug-iphonesimulator/opensslWrapper.build/Objects-normal/arm64/resource_bundle_accessor.o -index-unit-output-path /gRPC.build/Debug-iphonesimulator/opensslWrapper.build/Objects-normal/arm64/resource_bundle_accessor.o

ScanDependencies /Users/siam/Library/Developer/Xcode/DerivedData/Lingua_Quest-gvpckrqxtbgyprbgppjfqmimmmfw/Build/Intermediates.noindex/gRPC.build/Debug-iphonesimulator/opensslWrapper.build/Objects-normal/arm64/empty.o /Users/siam/Library/Developer/Xcode/DerivedData/Lingua_Quest-gvpckrqxtbgyprbgppjfqmimmmfw/SourcePackages/checkouts/grpc-binary/openssl-grpc-Wrapper/empty.m normal arm64 objective-c com.apple.compilers.llvm.clang.1_0.compiler (in target 'opensslWrapper' from project 'gRPC')
    cd /Users/siam/Desktop/Lingua\ Quest/Lingua\ Quest.xcodeproj
    
    Using response file: /Users/siam/Library/Developer/Xcode/DerivedData/Lingua_Quest-gvpckrqxtbgyprbgppjfqmimmmfw/Build/Intermediates.noindex/gRPC.build/Debug-iphonesimulator/opensslWrapper.build/Objects-normal/arm64/e6072d4f65d7061329687fe24e3d63a7-common-args.resp
    
    builtin-ScanDependencies -o /Users/siam/Library/Developer/Xcode/DerivedData/Lingua_Quest-gvpckrqxtbgyprbgppjfqmimmmfw/Build/Intermediates.noindex/gRPC.build/Debug-iphonesimulator/opensslWrapper.build/Objects-normal/arm64/empty.o.scan -- /Applications/Xcode.app/Contents/Developer/Toolchains/XcodeDefault.xctoolchain/usr/bin/clang -x objective-c -ivfsstatcache /Users/siam/Library/Developer/Xcode/DerivedData/SDKStatCaches.noindex/iphonesimulator26.0-23A339-26257891a6c027eb51374368541b8346.sdkstatcache -fmessage-length\=0 -fdiagnostics-show-note-include-stack -fmacro-backtrace-limit\=0 -fno-color-diagnostics -fmodules-prune-interval\=86400 -fmodules-prune-after\=345600 -fbuild-session-file\=/Users/siam/Library/Developer/Xcode/DerivedData/ModuleCache.noindex/Session.modulevalidation -fmodules-validate-once-per-build-session -Wnon-modular-include-in-framework-module -Werror\=non-modular-include-in-framework-module -Wno-trigraphs -Wno-missing-field-initializers -Wno-missing-prototypes -Wno-return-type -Wno-implicit-atomic-properties -Wno-objc-interface-ivars -Wno-arc-repeated-use-of-weak -Wno-missing-braces -Wparentheses -Wswitch -Wno-unused-function -Wno-unused-label -Wno-unused-parameter -Wno-unused-variable -Wunused-value -Wno-empty-body -Wno-uninitialized -Wno-unknown-pragmas -w -Wno-shadow -Wno-four-char-constants -Wno-conversion -Wno-constant-conversion -Wno-int-conversion -Wno-bool-conversion -Wno-enum-conversion -Wno-float-conversion -Wno-non-literal-null-conversion -Wno-objc-literal-conversion -Wshorten-64-to-32 -Wpointer-sign -Wno-newline-eof -Wno-selector -Wno-strict-selector-match -Wno-undeclared-selector -Wno-deprecated-implementations -Wno-implicit-fallthrough -fstrict-aliasing -Wprotocol -Wdeprecated-declarations -Wno-sign-conversion -Wno-infinite-recursion -Wno-comma -Wno-block-capture-autoreleasing -Wno-strict-prototypes -Wno-semicolon-before-method-body -index-store-path /Users/siam/Library/Developer/Xcode/DerivedData/Lingua_Quest-gvpckrqxtbgyprbgppjfqmimmmfw/Index.noindex/DataStore @/Users/siam/Library/Developer/Xcode/DerivedData/Lingua_Quest-gvpckrqxtbgyprbgppjfqmimmmfw/Build/Intermediates.noindex/gRPC.build/Debug-iphonesimulator/opensslWrapper.build/Objects-normal/arm64/e6072d4f65d7061329687fe24e3d63a7-common-args.resp -include /Users/siam/Library/Developer/Xcode/DerivedData/Lingua_Quest-gvpckrqxtbgyprbgppjfqmimmmfw/Build/Intermediates.noindex/gRPC.build/Debug-iphonesimulator/opensslWrapper.build/DerivedSources/resource_bundle_accessor.h -MMD -MT dependencies -MF /Users/siam/Library/Developer/Xcode/DerivedData/Lingua_Quest-gvpckrqxtbgyprbgppjfqmimmmfw/Build/Intermediates.noindex/gRPC.build/Debug-iphonesimulator/opensslWrapper.build/Objects-normal/arm64/empty.d --serialize-diagnostics /Users/siam/Library/Developer/Xcode/DerivedData/Lingua_Quest-gvpckrqxtbgyprbgppjfqmimmmfw/Build/Intermediates.noindex/gRPC.build/Debug-iphonesimulator/opensslWrapper.build/Objects-normal/arm64/empty.dia -c /Users/siam/Library/Developer/Xcode/DerivedData/Lingua_Quest-gvpckrqxtbgyprbgppjfqmimmmfw/SourcePackages/checkouts/grpc-binary/openssl-grpc-Wrapper/empty.m -o /Users/siam/Library/Developer/Xcode/DerivedData/Lingua_Quest-gvpckrqxtbgyprbgppjfqmimmmfw/Build/Intermediates.noindex/gRPC.build/Debug-iphonesimulator/opensslWrapper.build/Objects-normal/arm64/empty.o -index-unit-output-path /gRPC.build/Debug-iphonesimulator/opensslWrapper.build/Objects-normal/arm64/empty.o

CompileC /Users/siam/Library/Developer/Xcode/DerivedData/Lingua_Quest-gvpckrqxtbgyprbgppjfqmimmmfw/Build/Intermediates.noindex/leveldb.build/Debug-iphonesimulator/leveldb.build/Objects-normal/x86_64/write_batch.o /Users/siam/Library/Developer/Xcode/DerivedData/Lingua_Quest-gvpckrqxtbgyprbgppjfqmimmmfw/SourcePackages/checkouts/leveldb/db/write_batch.cc normal x86_64 c++ com.apple.compilers.llvm.clang.1_0.compiler (in target 'leveldb' from project 'leveldb')
    cd /Users/siam/Desktop/Lingua\ Quest/Lingua\ Quest.xcodeproj
    
    Using response file: /Users/siam/Library/Developer/Xcode/DerivedData/Lingua_Quest-gvpckrqxtbgyprbgppjfqmimmmfw/Build/Intermediates.noindex/leveldb.build/Debug-iphonesimulator/leveldb.build/Objects-normal/x86_64/82b82416624d2658e5098eb0a28c15c5-common-args.resp
    
    /Applications/Xcode.app/Contents/Developer/Toolchains/XcodeDefault.xctoolchain/usr/bin/clang -x c++ -ivfsstatcache /Users/siam/Library/Developer/Xcode/DerivedData/SDKStatCaches.noindex/iphonesimulator26.0-23A339-26257891a6c027eb51374368541b8346.sdkstatcache -fmessage-length\=0 -fdiagnostics-show-note-include-stack -fmacro-backtrace-limit\=0 -fno-color-diagnostics -fmodules-prune-interval\=86400 -fmodules-prune-after\=345600 -fbuild-session-file\=/Users/siam/Library/Developer/Xcode/DerivedData/ModuleCache.noindex/Session.modulevalidation -fmodules-validate-once-per-build-session -Wnon-modular-include-in-framework-module -Werror\=non-modular-include-in-framework-module -Wno-trigraphs -Wno-missing-field-initializers -Wno-missing-prototypes -Wno-return-type -Wno-non-virtual-dtor -Wno-overloaded-virtual -Wno-exit-time-destructors -Wno-missing-braces -Wparentheses -Wswitch -Wno-unused-function -Wno-unused-label -Wno-unused-parameter -Wno-unused-variable -Wunused-value -Wno-empty-body -Wno-uninitialized -Wno-unknown-pragmas -w -Wno-shadow -Wno-four-char-constants -Wno-conversion -Wno-constant-conversion -Wno-int-conversion -Wno-bool-conversion -Wno-enum-conversion -Wno-float-conversion -Wno-non-literal-null-conversion -Wno-objc-literal-conversion -Wshorten-64-to-32 -Wno-newline-eof -Wno-c++11-extensions -Wno-implicit-fallthrough -fstrict-aliasing -Wdeprecated-declarations -Winvalid-offsetof -Wno-sign-conversion -Wno-infinite-recursion -Wno-move -Wno-comma -Wno-block-capture-autoreleasing -Wno-strict-prototypes -Wno-range-loop-analysis -Wno-semicolon-before-method-body -index-store-path /Users/siam/Library/Developer/Xcode/DerivedData/Lingua_Quest-gvpckrqxtbgyprbgppjfqmimmmfw/Index.noindex/DataStore @/Users/siam/Library/Developer/Xcode/DerivedData/Lingua_Quest-gvpckrqxtbgyprbgppjfqmimmmfw/Build/Intermediates.noindex/leveldb.build/Debug-iphonesimulator/leveldb.build/Objects-normal/x86_64/82b82416624d2658e5098eb0a28c15c5-common-args.resp -MMD -MT dependencies -MF /Users/siam/Library/Developer/Xcode/DerivedData/Lingua_Quest-gvpckrqxtbgyprbgppjfqmimmmfw/Build/Intermediates.noindex/leveldb.build/Debug-iphonesimulator/leveldb.build/Objects-normal/x86_64/write_batch.d --serialize-diagnostics /Users/siam/Library/Developer/Xcode/DerivedData/Lingua_Quest-gvpckrqxtbgyprbgppjfqmimmmfw/Build/Intermediates.noindex/leveldb.build/Debug-iphonesimulator/leveldb.build/Objects-normal/x86_64/write_batch.dia -c /Users/siam/Library/Developer/Xcode/DerivedData/Lingua_Quest-gvpckrqxtbgyprbgppjfqmimmmfw/SourcePackages/checkouts/leveldb/db/write_batch.cc -o /Users/siam/Library/Developer/Xcode/DerivedData/Lingua_Quest-gvpckrqxtbgyprbgppjfqmimmmfw/Build/Intermediates.noindex/leveldb.build/Debug-iphonesimulator/leveldb.build/Objects-normal/x86_64/write_batch.o -index-unit-output-path /leveldb.build/Debug-iphonesimulator/leveldb.build/Objects-normal/x86_64/write_batch.o

CompileC /Users/siam/Library/Developer/Xcode/DerivedData/Lingua_Quest-gvpckrqxtbgyprbgppjfqmimmmfw/Build/Intermediates.noindex/leveldb.build/Debug-iphonesimulator/leveldb.build/Objects-normal/x86_64/version_set.o /Users/siam/Library/Developer/Xcode/DerivedData/Lingua_Quest-gvpckrqxtbgyprbgppjfqmimmmfw/SourcePackages/checkouts/leveldb/db/version_set.cc normal x86_64 c++ com.apple.compilers.llvm.clang.1_0.compiler (in target 'leveldb' from project 'leveldb')
    cd /Users/siam/Desktop/Lingua\ Quest/Lingua\ Quest.xcodeproj
    
    Using response file: /Users/siam/Library/Developer/Xcode/DerivedData/Lingua_Quest-gvpckrqxtbgyprbgppjfqmimmmfw/Build/Intermediates.noindex/leveldb.build/Debug-iphonesimulator/leveldb.build/Objects-normal/x86_64/82b82416624d2658e5098eb0a28c15c5-common-args.resp
    
    /Applications/Xcode.app/Contents/Developer/Toolchains/XcodeDefault.xctoolchain/usr/bin/clang -x c++ -ivfsstatcache /Users/siam/Library/Developer/Xcode/DerivedData/SDKStatCaches.noindex/iphonesimulator26.0-23A339-26257891a6c027eb51374368541b8346.sdkstatcache -fmessage-length\=0 -fdiagnostics-show-note-include-stack -fmacro-backtrace-limit\=0 -fno-color-diagnostics -fmodules-prune-interval\=86400 -fmodules-prune-after\=345600 -fbuild-session-file\=/Users/siam/Library/Developer/Xcode/DerivedData/ModuleCache.noindex/Session.modulevalidation -fmodules-validate-once-per-build-session -Wnon-modular-include-in-framework-module -Werror\=non-modular-include-in-framework-module -Wno-trigraphs -Wno-missing-field-initializers -Wno-missing-prototypes -Wno-return-type -Wno-non-virtual-dtor -Wno-overloaded-virtual -Wno-exit-time-destructors -Wno-missing-braces -Wparentheses -Wswitch -Wno-unused-function -Wno-unused-label -Wno-unused-parameter -Wno-unused-variable -Wunused-value -Wno-empty-body -Wno-uninitialized -Wno-unknown-pragmas -w -Wno-shadow -Wno-four-char-constants -Wno-conversion -Wno-constant-conversion -Wno-int-conversion -Wno-bool-conversion -Wno-enum-conversion -Wno-float-conversion -Wno-non-literal-null-conversion -Wno-objc-literal-conversion -Wshorten-64-to-32 -Wno-newline-eof -Wno-c++11-extensions -Wno-implicit-fallthrough -fstrict-aliasing -Wdeprecated-declarations -Winvalid-offsetof -Wno-sign-conversion -Wno-infinite-recursion -Wno-move -Wno-comma -Wno-block-capture-autoreleasing -Wno-strict-prototypes -Wno-range-loop-analysis -Wno-semicolon-before-method-body -index-store-path /Users/siam/Library/Developer/Xcode/DerivedData/Lingua_Quest-gvpckrqxtbgyprbgppjfqmimmmfw/Index.noindex/DataStore @/Users/siam/Library/Developer/Xcode/DerivedData/Lingua_Quest-gvpckrqxtbgyprbgppjfqmimmmfw/Build/Intermediates.noindex/leveldb.build/Debug-iphonesimulator/leveldb.build/Objects-normal/x86_64/82b82416624d2658e5098eb0a28c15c5-common-args.resp -MMD -MT dependencies -MF /Users/siam/Library/Developer/Xcode/DerivedData/Lingua_Quest-gvpckrqxtbgyprbgppjfqmimmmfw/Build/Intermediates.noindex/leveldb.build/Debug-iphonesimulator/leveldb.build/Objects-normal/x86_64/version_set.d --serialize-diagnostics /Users/siam/Library/Developer/Xcode/DerivedData/Lingua_Quest-gvpckrqxtbgyprbgppjfqmimmmfw/Build/Intermediates.noindex/leveldb.build/Debug-iphonesimulator/leveldb.build/Objects-normal/x86_64/version_set.dia -c /Users/siam/Library/Developer/Xcode/DerivedData/Lingua_Quest-gvpckrqxtbgyprbgppjfqmimmmfw/SourcePackages/checkouts/leveldb/db/version_set.cc -o /Users/siam/Library/Developer/Xcode/DerivedData/Lingua_Quest-gvpckrqxtbgyprbgppjfqmimmmfw/Build/Intermediates.noindex/leveldb.build/Debug-iphonesimulator/leveldb.build/Objects-normal/x86_64/version_set.o -index-unit-output-path /leveldb.build/Debug-iphonesimulator/leveldb.build/Objects-normal/x86_64/version_set.o

CompileC /Users/siam/Library/Developer/Xcode/DerivedData/Lingua_Quest-gvpckrqxtbgyprbgppjfqmimmmfw/Build/Intermediates.noindex/leveldb.build/Debug-iphonesimulator/leveldb.build/Objects-normal/x86_64/version_edit.o /Users/siam/Library/Developer/Xcode/DerivedData/Lingua_Quest-gvpckrqxtbgyprbgppjfqmimmmfw/SourcePackages/checkouts/leveldb/db/version_edit.cc normal x86_64 c++ com.apple.compilers.llvm.clang.1_0.compiler (in target 'leveldb' from project 'leveldb')
    cd /Users/siam/Desktop/Lingua\ Quest/Lingua\ Quest.xcodeproj
    
    Using response file: /Users/siam/Library/Developer/Xcode/DerivedData/Lingua_Quest-gvpckrqxtbgyprbgppjfqmimmmfw/Build/Intermediates.noindex/leveldb.build/Debug-iphonesimulator/leveldb.build/Objects-normal/x86_64/82b82416624d2658e5098eb0a28c15c5-common-args.resp
    
    /Applications/Xcode.app/Contents/Developer/Toolchains/XcodeDefault.xctoolchain/usr/bin/clang -x c++ -ivfsstatcache /Users/siam/Library/Developer/Xcode/DerivedData/SDKStatCaches.noindex/iphonesimulator26.0-23A339-26257891a6c027eb51374368541b8346.sdkstatcache -fmessage-length\=0 -fdiagnostics-show-note-include-stack -fmacro-backtrace-limit\=0 -fno-color-diagnostics -fmodules-prune-interval\=86400 -fmodules-prune-after\=345600 -fbuild-session-file\=/Users/siam/Library/Developer/Xcode/DerivedData/ModuleCache.noindex/Session.modulevalidation -fmodules-validate-once-per-build-session -Wnon-modular-include-in-framework-module -Werror\=non-modular-include-in-framework-module -Wno-trigraphs -Wno-missing-field-initializers -Wno-missing-prototypes -Wno-return-type -Wno-non-virtual-dtor -Wno-overloaded-virtual -Wno-exit-time-destructors -Wno-missing-braces -Wparentheses -Wswitch -Wno-unused-function -Wno-unused-label -Wno-unused-parameter -Wno-unused-variable -Wunused-value -Wno-empty-body -Wno-uninitialized -Wno-unknown-pragmas -w -Wno-shadow -Wno-four-char-constants -Wno-conversion -Wno-constant-conversion -Wno-int-conversion -Wno-bool-conversion -Wno-enum-conversion -Wno-float-conversion -Wno-non-literal-null-conversion -Wno-objc-literal-conversion -Wshorten-64-to-32 -Wno-newline-eof -Wno-c++11-extensions -Wno-implicit-fallthrough -fstrict-aliasing -Wdeprecated-declarations -Winvalid-offsetof -Wno-sign-conversion -Wno-infinite-recursion -Wno-move -Wno-comma -Wno-block-capture-autoreleasing -Wno-strict-prototypes -Wno-range-loop-analysis -Wno-semicolon-before-method-body -index-store-path /Users/siam/Library/Developer/Xcode/DerivedData/Lingua_Quest-gvpckrqxtbgyprbgppjfqmimmmfw/Index.noindex/DataStore @/Users/siam/Library/Developer/Xcode/DerivedData/Lingua_Quest-gvpckrqxtbgyprbgppjfqmimmmfw/Build/Intermediates.noindex/leveldb.build/Debug-iphonesimulator/leveldb.build/Objects-normal/x86_64/82b82416624d2658e5098eb0a28c15c5-common-args.resp -MMD -MT dependencies -MF /Users/siam/Library/Developer/Xcode/DerivedData/Lingua_Quest-gvpckrqxtbgyprbgppjfqmimmmfw/Build/Intermediates.noindex/leveldb.build/Debug-iphonesimulator/leveldb.build/Objects-normal/x86_64/version_edit.d --serialize-diagnostics /Users/siam/Library/Developer/Xcode/DerivedData/Lingua_Quest-gvpckrqxtbgyprbgppjfqmimmmfw/Build/Intermediates.noindex/leveldb.build/Debug-iphonesimulator/leveldb.build/Objects-normal/x86_64/version_edit.dia -c /Users/siam/Library/Developer/Xcode/DerivedData/Lingua_Quest-gvpckrqxtbgyprbgppjfqmimmmfw/SourcePackages/checkouts/leveldb/db/version_edit.cc -o /Users/siam/Library/Developer/Xcode/DerivedData/Lingua_Quest-gvpckrqxtbgyprbgppjfqmimmmfw/Build/Intermediates.noindex/leveldb.build/Debug-iphonesimulator/leveldb.build/Objects-normal/x86_64/version_edit.o -index-unit-output-path /leveldb.build/Debug-iphonesimulator/leveldb.build/Objects-normal/x86_64/version_edit.o

CompileC /Users/siam/Library/Developer/Xcode/DerivedData/Lingua_Quest-gvpckrqxtbgyprbgppjfqmimmmfw/Build/Intermediates.noindex/leveldb.build/Debug-iphonesimulator/leveldb.build/Objects-normal/x86_64/two_level_iterator.o /Users/siam/Library/Developer/Xcode/DerivedData/Lingua_Quest-gvpckrqxtbgyprbgppjfqmimmmfw/SourcePackages/checkouts/leveldb/table/two_level_iterator.cc normal x86_64 c++ com.apple.compilers.llvm.clang.1_0.compiler (in target 'leveldb' from project 'leveldb')
    cd /Users/siam/Desktop/Lingua\ Quest/Lingua\ Quest.xcodeproj
    
    Using response file: /Users/siam/Library/Developer/Xcode/DerivedData/Lingua_Quest-gvpckrqxtbgyprbgppjfqmimmmfw/Build/Intermediates.noindex/leveldb.build/Debug-iphonesimulator/leveldb.build/Objects-normal/x86_64/82b82416624d2658e5098eb0a28c15c5-common-args.resp
    
    /Applications/Xcode.app/Contents/Developer/Toolchains/XcodeDefault.xctoolchain/usr/bin/clang -x c++ -ivfsstatcache /Users/siam/Library/Developer/Xcode/DerivedData/SDKStatCaches.noindex/iphonesimulator26.0-23A339-26257891a6c027eb51374368541b8346.sdkstatcache -fmessage-length\=0 -fdiagnostics-show-note-include-stack -fmacro-backtrace-limit\=0 -fno-color-diagnostics -fmodules-prune-interval\=86400 -fmodules-prune-after\=345600 -fbuild-session-file\=/Users/siam/Library/Developer/Xcode/DerivedData/ModuleCache.noindex/Session.modulevalidation -fmodules-validate-once-per-build-session -Wnon-modular-include-in-framework-module -Werror\=non-modular-include-in-framework-module -Wno-trigraphs -Wno-missing-field-initializers -Wno-missing-prototypes -Wno-return-type -Wno-non-virtual-dtor -Wno-overloaded-virtual -Wno-exit-time-destructors -Wno-missing-braces -Wparentheses -Wswitch -Wno-unused-function -Wno-unused-label -Wno-unused-parameter -Wno-unused-variable -Wunused-value -Wno-empty-body -Wno-uninitialized -Wno-unknown-pragmas -w -Wno-shadow -Wno-four-char-constants -Wno-conversion -Wno-constant-conversion -Wno-int-conversion -Wno-bool-conversion -Wno-enum-conversion -Wno-float-conversion -Wno-non-literal-null-conversion -Wno-objc-literal-conversion -Wshorten-64-to-32 -Wno-newline-eof -Wno-c++11-extensions -Wno-implicit-fallthrough -fstrict-aliasing -Wdeprecated-declarations -Winvalid-offsetof -Wno-sign-conversion -Wno-infinite-recursion -Wno-move -Wno-comma -Wno-block-capture-autoreleasing -Wno-strict-prototypes -Wno-range-loop-analysis -Wno-semicolon-before-method-body -index-store-path /Users/siam/Library/Developer/Xcode/DerivedData/Lingua_Quest-gvpckrqxtbgyprbgppjfqmimmmfw/Index.noindex/DataStore @/Users/siam/Library/Developer/Xcode/DerivedData/Lingua_Quest-gvpckrqxtbgyprbgppjfqmimmmfw/Build/Intermediates.noindex/leveldb.build/Debug-iphonesimulator/leveldb.build/Objects-normal/x86_64/82b82416624d2658e5098eb0a28c15c5-common-args.resp -MMD -MT dependencies -MF /Users/siam/Library/Developer/Xcode/DerivedData/Lingua_Quest-gvpckrqxtbgyprbgppjfqmimmmfw/Build/Intermediates.noindex/leveldb.build/Debug-iphonesimulator/leveldb.build/Objects-normal/x86_64/two_level_iterator.d --serialize-diagnostics /Users/siam/Library/Developer/Xcode/DerivedData/Lingua_Quest-gvpckrqxtbgyprbgppjfqmimmmfw/Build/Intermediates.noindex/leveldb.build/Debug-iphonesimulator/leveldb.build/Objects-normal/x86_64/two_level_iterator.dia -c /Users/siam/Library/Developer/Xcode/DerivedData/Lingua_Quest-gvpckrqxtbgyprbgppjfqmimmmfw/SourcePackages/checkouts/leveldb/table/two_level_iterator.cc -o /Users/siam/Library/Developer/Xcode/DerivedData/Lingua_Quest-gvpckrqxtbgyprbgppjfqmimmmfw/Build/Intermediates.noindex/leveldb.build/Debug-iphonesimulator/leveldb.build/Objects-normal/x86_64/two_level_iterator.o -index-unit-output-path /leveldb.build/Debug-iphonesimulator/leveldb.build/Objects-normal/x86_64/two_level_iterator.o

CompileC /Users/siam/Library/Developer/Xcode/DerivedData/Lingua_Quest-gvpckrqxtbgyprbgppjfqmimmmfw/Build/Intermediates.noindex/leveldb.build/Debug-iphonesimulator/leveldb.build/Objects-normal/x86_64/table_cache.o /Users/siam/Library/Developer/Xcode/DerivedData/Lingua_Quest-gvpckrqxtbgyprbgppjfqmimmmfw/SourcePackages/checkouts/leveldb/db/table_cache.cc normal x86_64 c++ com.apple.compilers.llvm.clang.1_0.compiler (in target 'leveldb' from project 'leveldb')
    cd /Users/siam/Desktop/Lingua\ Quest/Lingua\ Quest.xcodeproj
    
    Using response file: /Users/siam/Library/Developer/Xcode/DerivedData/Lingua_Quest-gvpckrqxtbgyprbgppjfqmimmmfw/Build/Intermediates.noindex/leveldb.build/Debug-iphonesimulator/leveldb.build/Objects-normal/x86_64/82b82416624d2658e5098eb0a28c15c5-common-args.resp
    
    /Applications/Xcode.app/Contents/Developer/Toolchains/XcodeDefault.xctoolchain/usr/bin/clang -x c++ -ivfsstatcache /Users/siam/Library/Developer/Xcode/DerivedData/SDKStatCaches.noindex/iphonesimulator26.0-23A339-26257891a6c027eb51374368541b8346.sdkstatcache -fmessage-length\=0 -fdiagnostics-show-note-include-stack -fmacro-backtrace-limit\=0 -fno-color-diagnostics -fmodules-prune-interval\=86400 -fmodules-prune-after\=345600 -fbuild-session-file\=/Users/siam/Library/Developer/Xcode/DerivedData/ModuleCache.noindex/Session.modulevalidation -fmodules-validate-once-per-build-session -Wnon-modular-include-in-framework-module -Werror\=non-modular-include-in-framework-module -Wno-trigraphs -Wno-missing-field-initializers -Wno-missing-prototypes -Wno-return-type -Wno-non-virtual-dtor -Wno-overloaded-virtual -Wno-exit-time-destructors -Wno-missing-braces -Wparentheses -Wswitch -Wno-unused-function -Wno-unused-label -Wno-unused-parameter -Wno-unused-variable -Wunused-value -Wno-empty-body -Wno-uninitialized -Wno-unknown-pragmas -w -Wno-shadow -Wno-four-char-constants -Wno-conversion -Wno-constant-conversion -Wno-int-conversion -Wno-bool-conversion -Wno-enum-conversion -Wno-float-conversion -Wno-non-literal-null-conversion -Wno-objc-literal-conversion -Wshorten-64-to-32 -Wno-newline-eof -Wno-c++11-extensions -Wno-implicit-fallthrough -fstrict-aliasing -Wdeprecated-declarations -Winvalid-offsetof -Wno-sign-conversion -Wno-infinite-recursion -Wno-move -Wno-comma -Wno-block-capture-autoreleasing -Wno-strict-prototypes -Wno-range-loop-analysis -Wno-semicolon-before-method-body -index-store-path /Users/siam/Library/Developer/Xcode/DerivedData/Lingua_Quest-gvpckrqxtbgyprbgppjfqmimmmfw/Index.noindex/DataStore @/Users/siam/Library/Developer/Xcode/DerivedData/Lingua_Quest-gvpckrqxtbgyprbgppjfqmimmmfw/Build/Intermediates.noindex/leveldb.build/Debug-iphonesimulator/leveldb.build/Objects-normal/x86_64/82b82416624d2658e5098eb0a28c15c5-common-args.resp -MMD -MT dependencies -MF /Users/siam/Library/Developer/Xcode/DerivedData/Lingua_Quest-gvpckrqxtbgyprbgppjfqmimmmfw/Build/Intermediates.noindex/leveldb.build/Debug-iphonesimulator/leveldb.build/Objects-normal/x86_64/table_cache.d --serialize-diagnostics /Users/siam/Library/Developer/Xcode/DerivedData/Lingua_Quest-gvpckrqxtbgyprbgppjfqmimmmfw/Build/Intermediates.noindex/leveldb.build/Debug-iphonesimulator/leveldb.build/Objects-normal/x86_64/table_cache.dia -c /Users/siam/Library/Developer/Xcode/DerivedData/Lingua_Quest-gvpckrqxtbgyprbgppjfqmimmmfw/SourcePackages/checkouts/leveldb/db/table_cache.cc -o /Users/siam/Library/Developer/Xcode/DerivedData/Lingua_Quest-gvpckrqxtbgyprbgppjfqmimmmfw/Build/Intermediates.noindex/leveldb.build/Debug-iphonesimulator/leveldb.build/Objects-normal/x86_64/table_cache.o -index-unit-output-path /leveldb.build/Debug-iphonesimulator/leveldb.build/Objects-normal/x86_64/table_cache.o

CompileC /Users/siam/Library/Developer/Xcode/DerivedData/Lingua_Quest-gvpckrqxtbgyprbgppjfqmimmmfw/Build/Intermediates.noindex/leveldb.build/Debug-iphonesimulator/leveldb.build/Objects-normal/x86_64/table_builder.o /Users/siam/Library/Developer/Xcode/DerivedData/Lingua_Quest-gvpckrqxtbgyprbgppjfqmimmmfw/SourcePackages/checkouts/leveldb/table/table_builder.cc normal x86_64 c++ com.apple.compilers.llvm.clang.1_0.compiler (in target 'leveldb' from project 'leveldb')
    cd /Users/siam/Desktop/Lingua\ Quest/Lingua\ Quest.xcodeproj
    
    Using response file: /Users/siam/Library/Developer/Xcode/DerivedData/Lingua_Quest-gvpckrqxtbgyprbgppjfqmimmmfw/Build/Intermediates.noindex/leveldb.build/Debug-iphonesimulator/leveldb.build/Objects-normal/x86_64/82b82416624d2658e5098eb0a28c15c5-common-args.resp
    
    /Applications/Xcode.app/Contents/Developer/Toolchains/XcodeDefault.xctoolchain/usr/bin/clang -x c++ -ivfsstatcache /Users/siam/Library/Developer/Xcode/DerivedData/SDKStatCaches.noindex/iphonesimulator26.0-23A339-26257891a6c027eb51374368541b8346.sdkstatcache -fmessage-length\=0 -fdiagnostics-show-note-include-stack -fmacro-backtrace-limit\=0 -fno-color-diagnostics -fmodules-prune-interval\=86400 -fmodules-prune-after\=345600 -fbuild-session-file\=/Users/siam/Library/Developer/Xcode/DerivedData/ModuleCache.noindex/Session.modulevalidation -fmodules-validate-once-per-build-session -Wnon-modular-include-in-framework-module -Werror\=non-modular-include-in-framework-module -Wno-trigraphs -Wno-missing-field-initializers -Wno-missing-prototypes -Wno-return-type -Wno-non-virtual-dtor -Wno-overloaded-virtual -Wno-exit-time-destructors -Wno-missing-braces -Wparentheses -Wswitch -Wno-unused-function -Wno-unused-label -Wno-unused-parameter -Wno-unused-variable -Wunused-value -Wno-empty-body -Wno-uninitialized -Wno-unknown-pragmas -w -Wno-shadow -Wno-four-char-constants -Wno-conversion -Wno-constant-conversion -Wno-int-conversion -Wno-bool-conversion -Wno-enum-conversion -Wno-float-conversion -Wno-non-literal-null-conversion -Wno-objc-literal-conversion -Wshorten-64-to-32 -Wno-newline-eof -Wno-c++11-extensions -Wno-implicit-fallthrough -fstrict-aliasing -Wdeprecated-declarations -Winvalid-offsetof -Wno-sign-conversion -Wno-infinite-recursion -Wno-move -Wno-comma -Wno-block-capture-autoreleasing -Wno-strict-prototypes -Wno-range-loop-analysis -Wno-semicolon-before-method-body -index-store-path /Users/siam/Library/Developer/Xcode/DerivedData/Lingua_Quest-gvpckrqxtbgyprbgppjfqmimmmfw/Index.noindex/DataStore @/Users/siam/Library/Developer/Xcode/DerivedData/Lingua_Quest-gvpckrqxtbgyprbgppjfqmimmmfw/Build/Intermediates.noindex/leveldb.build/Debug-iphonesimulator/leveldb.build/Objects-normal/x86_64/82b82416624d2658e5098eb0a28c15c5-common-args.resp -MMD -MT dependencies -MF /Users/siam/Library/Developer/Xcode/DerivedData/Lingua_Quest-gvpckrqxtbgyprbgppjfqmimmmfw/Build/Intermediates.noindex/leveldb.build/Debug-iphonesimulator/leveldb.build/Objects-normal/x86_64/table_builder.d --serialize-diagnostics /Users/siam/Library/Developer/Xcode/DerivedData/Lingua_Quest-gvpckrqxtbgyprbgppjfqmimmmfw/Build/Intermediates.noindex/leveldb.build/Debug-iphonesimulator/leveldb.build/Objects-normal/x86_64/table_builder.dia -c /Users/siam/Library/Developer/Xcode/DerivedData/Lingua_Quest-gvpckrqxtbgyprbgppjfqmimmmfw/SourcePackages/checkouts/leveldb/table/table_builder.cc -o /Users/siam/Library/Developer/Xcode/DerivedData/Lingua_Quest-gvpckrqxtbgyprbgppjfqmimmmfw/Build/Intermediates.noindex/leveldb.build/Debug-iphonesimulator/leveldb.build/Objects-normal/x86_64/table_builder.o -index-unit-output-path /leveldb.build/Debug-iphonesimulator/leveldb.build/Objects-normal/x86_64/table_builder.o

CompileC /Users/siam/Library/Developer/Xcode/DerivedData/Lingua_Quest-gvpckrqxtbgyprbgppjfqmimmmfw/Build/Intermediates.noindex/leveldb.build/Debug-iphonesimulator/leveldb.build/Objects-normal/x86_64/table.o /Users/siam/Library/Developer/Xcode/DerivedData/Lingua_Quest-gvpckrqxtbgyprbgppjfqmimmmfw/SourcePackages/checkouts/leveldb/table/table.cc normal x86_64 c++ com.apple.compilers.llvm.clang.1_0.compiler (in target 'leveldb' from project 'leveldb')
    cd /Users/siam/Desktop/Lingua\ Quest/Lingua\ Quest.xcodeproj
    
    Using response file: /Users/siam/Library/Developer/Xcode/DerivedData/Lingua_Quest-gvpckrqxtbgyprbgppjfqmimmmfw/Build/Intermediates.noindex/leveldb.build/Debug-iphonesimulator/leveldb.build/Objects-normal/x86_64/82b82416624d2658e5098eb0a28c15c5-common-args.resp
    
    /Applications/Xcode.app/Contents/Developer/Toolchains/XcodeDefault.xctoolchain/usr/bin/clang -x c++ -ivfsstatcache /Users/siam/Library/Developer/Xcode/DerivedData/SDKStatCaches.noindex/iphonesimulator26.0-23A339-26257891a6c027eb51374368541b8346.sdkstatcache -fmessage-length\=0 -fdiagnostics-show-note-include-stack -fmacro-backtrace-limit\=0 -fno-color-diagnostics -fmodules-prune-interval\=86400 -fmodules-prune-after\=345600 -fbuild-session-file\=/Users/siam/Library/Developer/Xcode/DerivedData/ModuleCache.noindex/Session.modulevalidation -fmodules-validate-once-per-build-session -Wnon-modular-include-in-framework-module -Werror\=non-modular-include-in-framework-module -Wno-trigraphs -Wno-missing-field-initializers -Wno-missing-prototypes -Wno-return-type -Wno-non-virtual-dtor -Wno-overloaded-virtual -Wno-exit-time-destructors -Wno-missing-braces -Wparentheses -Wswitch -Wno-unused-function -Wno-unused-label -Wno-unused-parameter -Wno-unused-variable -Wunused-value -Wno-empty-body -Wno-uninitialized -Wno-unknown-pragmas -w -Wno-shadow -Wno-four-char-constants -Wno-conversion -Wno-constant-conversion -Wno-int-conversion -Wno-bool-conversion -Wno-enum-conversion -Wno-float-conversion -Wno-non-literal-null-conversion -Wno-objc-literal-conversion -Wshorten-64-to-32 -Wno-newline-eof -Wno-c++11-extensions -Wno-implicit-fallthrough -fstrict-aliasing -Wdeprecated-declarations -Winvalid-offsetof -Wno-sign-conversion -Wno-infinite-recursion -Wno-move -Wno-comma -Wno-block-capture-autoreleasing -Wno-strict-prototypes -Wno-range-loop-analysis -Wno-semicolon-before-method-body -index-store-path /Users/siam/Library/Developer/Xcode/DerivedData/Lingua_Quest-gvpckrqxtbgyprbgppjfqmimmmfw/Index.noindex/DataStore @/Users/siam/Library/Developer/Xcode/DerivedData/Lingua_Quest-gvpckrqxtbgyprbgppjfqmimmmfw/Build/Intermediates.noindex/leveldb.build/Debug-iphonesimulator/leveldb.build/Objects-normal/x86_64/82b82416624d2658e5098eb0a28c15c5-common-args.resp -MMD -MT dependencies -MF /Users/siam/Library/Developer/Xcode/DerivedData/Lingua_Quest-gvpckrqxtbgyprbgppjfqmimmmfw/Build/Intermediates.noindex/leveldb.build/Debug-iphonesimulator/leveldb.build/Objects-normal/x86_64/table.d --serialize-diagnostics /Users/siam/Library/Developer/Xcode/DerivedData/Lingua_Quest-gvpckrqxtbgyprbgppjfqmimmmfw/Build/Intermediates.noindex/leveldb.build/Debug-iphonesimulator/leveldb.build/Objects-normal/x86_64/table.dia -c /Users/siam/Library/Developer/Xcode/DerivedData/Lingua_Quest-gvpckrqxtbgyprbgppjfqmimmmfw/SourcePackages/checkouts/leveldb/table/table.cc -o /Users/siam/Library/Developer/Xcode/DerivedData/Lingua_Quest-gvpckrqxtbgyprbgppjfqmimmmfw/Build/Intermediates.noindex/leveldb.build/Debug-iphonesimulator/leveldb.build/Objects-normal/x86_64/table.o -index-unit-output-path /leveldb.build/Debug-iphonesimulator/leveldb.build/Objects-normal/x86_64/table.o

CompileC /Users/siam/Library/Developer/Xcode/DerivedData/Lingua_Quest-gvpckrqxtbgyprbgppjfqmimmmfw/Build/Intermediates.noindex/leveldb.build/Debug-iphonesimulator/leveldb.build/Objects-normal/x86_64/status.o /Users/siam/Library/Developer/Xcode/DerivedData/Lingua_Quest-gvpckrqxtbgyprbgppjfqmimmmfw/SourcePackages/checkouts/leveldb/util/status.cc normal x86_64 c++ com.apple.compilers.llvm.clang.1_0.compiler (in target 'leveldb' from project 'leveldb')
    cd /Users/siam/Desktop/Lingua\ Quest/Lingua\ Quest.xcodeproj
    
    Using response file: /Users/siam/Library/Developer/Xcode/DerivedData/Lingua_Quest-gvpckrqxtbgyprbgppjfqmimmmfw/Build/Intermediates.noindex/leveldb.build/Debug-iphonesimulator/leveldb.build/Objects-normal/x86_64/82b82416624d2658e5098eb0a28c15c5-common-args.resp
    
    /Applications/Xcode.app/Contents/Developer/Toolchains/XcodeDefault.xctoolchain/usr/bin/clang -x c++ -ivfsstatcache /Users/siam/Library/Developer/Xcode/DerivedData/SDKStatCaches.noindex/iphonesimulator26.0-23A339-26257891a6c027eb51374368541b8346.sdkstatcache -fmessage-length\=0 -fdiagnostics-show-note-include-stack -fmacro-backtrace-limit\=0 -fno-color-diagnostics -fmodules-prune-interval\=86400 -fmodules-prune-after\=345600 -fbuild-session-file\=/Users/siam/Library/Developer/Xcode/DerivedData/ModuleCache.noindex/Session.modulevalidation -fmodules-validate-once-per-build-session -Wnon-modular-include-in-framework-module -Werror\=non-modular-include-in-framework-module -Wno-trigraphs -Wno-missing-field-initializers -Wno-missing-prototypes -Wno-return-type -Wno-non-virtual-dtor -Wno-overloaded-virtual -Wno-exit-time-destructors -Wno-missing-braces -Wparentheses -Wswitch -Wno-unused-function -Wno-unused-label -Wno-unused-parameter -Wno-unused-variable -Wunused-value -Wno-empty-body -Wno-uninitialized -Wno-unknown-pragmas -w -Wno-shadow -Wno-four-char-constants -Wno-conversion -Wno-constant-conversion -Wno-int-conversion -Wno-bool-conversion -Wno-enum-conversion -Wno-float-conversion -Wno-non-literal-null-conversion -Wno-objc-literal-conversion -Wshorten-64-to-32 -Wno-newline-eof -Wno-c++11-extensions -Wno-implicit-fallthrough -fstrict-aliasing -Wdeprecated-declarations -Winvalid-offsetof -Wno-sign-conversion -Wno-infinite-recursion -Wno-move -Wno-comma -Wno-block-capture-autoreleasing -Wno-strict-prototypes -Wno-range-loop-analysis -Wno-semicolon-before-method-body -index-store-path /Users/siam/Library/Developer/Xcode/DerivedData/Lingua_Quest-gvpckrqxtbgyprbgppjfqmimmmfw/Index.noindex/DataStore @/Users/siam/Library/Developer/Xcode/DerivedData/Lingua_Quest-gvpckrqxtbgyprbgppjfqmimmmfw/Build/Intermediates.noindex/leveldb.build/Debug-iphonesimulator/leveldb.build/Objects-normal/x86_64/82b82416624d2658e5098eb0a28c15c5-common-args.resp -MMD -MT dependencies -MF /Users/siam/Library/Developer/Xcode/DerivedData/Lingua_Quest-gvpckrqxtbgyprbgppjfqmimmmfw/Build/Intermediates.noindex/leveldb.build/Debug-iphonesimulator/leveldb.build/Objects-normal/x86_64/status.d --serialize-diagnostics /Users/siam/Library/Developer/Xcode/DerivedData/Lingua_Quest-gvpckrqxtbgyprbgppjfqmimmmfw/Build/Intermediates.noindex/leveldb.build/Debug-iphonesimulator/leveldb.build/Objects-normal/x86_64/status.dia -c /Users/siam/Library/Developer/Xcode/DerivedData/Lingua_Quest-gvpckrqxtbgyprbgppjfqmimmmfw/SourcePackages/checkouts/leveldb/util/status.cc -o /Users/siam/Library/Developer/Xcode/DerivedData/Lingua_Quest-gvpckrqxtbgyprbgppjfqmimmmfw/Build/Intermediates.noindex/leveldb.build/Debug-iphonesimulator/leveldb.build/Objects-normal/x86_64/status.o -index-unit-output-path /leveldb.build/Debug-iphonesimulator/leveldb.build/Objects-normal/x86_64/status.o

CompileC /Users/siam/Library/Developer/Xcode/DerivedData/Lingua_Quest-gvpckrqxtbgyprbgppjfqmimmmfw/Build/Intermediates.noindex/leveldb.build/Debug-iphonesimulator/leveldb.build/Objects-normal/x86_64/repair.o /Users/siam/Library/Developer/Xcode/DerivedData/Lingua_Quest-gvpckrqxtbgyprbgppjfqmimmmfw/SourcePackages/checkouts/leveldb/db/repair.cc normal x86_64 c++ com.apple.compilers.llvm.clang.1_0.compiler (in target 'leveldb' from project 'leveldb')
    cd /Users/siam/Desktop/Lingua\ Quest/Lingua\ Quest.xcodeproj
    
    Using response file: /Users/siam/Library/Developer/Xcode/DerivedData/Lingua_Quest-gvpckrqxtbgyprbgppjfqmimmmfw/Build/Intermediates.noindex/leveldb.build/Debug-iphonesimulator/leveldb.build/Objects-normal/x86_64/82b82416624d2658e5098eb0a28c15c5-common-args.resp
    
    /Applications/Xcode.app/Contents/Developer/Toolchains/XcodeDefault.xctoolchain/usr/bin/clang -x c++ -ivfsstatcache /Users/siam/Library/Developer/Xcode/DerivedData/SDKStatCaches.noindex/iphonesimulator26.0-23A339-26257891a6c027eb51374368541b8346.sdkstatcache -fmessage-length\=0 -fdiagnostics-show-note-include-stack -fmacro-backtrace-limit\=0 -fno-color-diagnostics -fmodules-prune-interval\=86400 -fmodules-prune-after\=345600 -fbuild-session-file\=/Users/siam/Library/Developer/Xcode/DerivedData/ModuleCache.noindex/Session.modulevalidation -fmodules-validate-once-per-build-session -Wnon-modular-include-in-framework-module -Werror\=non-modular-include-in-framework-module -Wno-trigraphs -Wno-missing-field-initializers -Wno-missing-prototypes -Wno-return-type -Wno-non-virtual-dtor -Wno-overloaded-virtual -Wno-exit-time-destructors -Wno-missing-braces -Wparentheses -Wswitch -Wno-unused-function -Wno-unused-label -Wno-unused-parameter -Wno-unused-variable -Wunused-value -Wno-empty-body -Wno-uninitialized -Wno-unknown-pragmas -w -Wno-shadow -Wno-four-char-constants -Wno-conversion -Wno-constant-conversion -Wno-int-conversion -Wno-bool-conversion -Wno-enum-conversion -Wno-float-conversion -Wno-non-literal-null-conversion -Wno-objc-literal-conversion -Wshorten-64-to-32 -Wno-newline-eof -Wno-c++11-extensions -Wno-implicit-fallthrough -fstrict-aliasing -Wdeprecated-declarations -Winvalid-offsetof -Wno-sign-conversion -Wno-infinite-recursion -Wno-move -Wno-comma -Wno-block-capture-autoreleasing -Wno-strict-prototypes -Wno-range-loop-analysis -Wno-semicolon-before-method-body -index-store-path /Users/siam/Library/Developer/Xcode/DerivedData/Lingua_Quest-gvpckrqxtbgyprbgppjfqmimmmfw/Index.noindex/DataStore @/Users/siam/Library/Developer/Xcode/DerivedData/Lingua_Quest-gvpckrqxtbgyprbgppjfqmimmmfw/Build/Intermediates.noindex/leveldb.build/Debug-iphonesimulator/leveldb.build/Objects-normal/x86_64/82b82416624d2658e5098eb0a28c15c5-common-args.resp -MMD -MT dependencies -MF /Users/siam/Library/Developer/Xcode/DerivedData/Lingua_Quest-gvpckrqxtbgyprbgppjfqmimmmfw/Build/Intermediates.noindex/leveldb.build/Debug-iphonesimulator/leveldb.build/Objects-normal/x86_64/repair.d --serialize-diagnostics /Users/siam/Library/Developer/Xcode/DerivedData/Lingua_Quest-gvpckrqxtbgyprbgppjfqmimmmfw/Build/Intermediates.noindex/leveldb.build/Debug-iphonesimulator/leveldb.build/Objects-normal/x86_64/repair.dia -c /Users/siam/Library/Developer/Xcode/DerivedData/Lingua_Quest-gvpckrqxtbgyprbgppjfqmimmmfw/SourcePackages/checkouts/leveldb/db/repair.cc -o /Users/siam/Library/Developer/Xcode/DerivedData/Lingua_Quest-gvpckrqxtbgyprbgppjfqmimmmfw/Build/Intermediates.noindex/leveldb.build/Debug-iphonesimulator/leveldb.build/Objects-normal/x86_64/repair.o -index-unit-output-path /leveldb.build/Debug-iphonesimulator/leveldb.build/Objects-normal/x86_64/repair.o

CompileC /Users/siam/Library/Developer/Xcode/DerivedData/Lingua_Quest-gvpckrqxtbgyprbgppjfqmimmmfw/Build/Intermediates.noindex/leveldb.build/Debug-iphonesimulator/leveldb.build/Objects-normal/x86_64/options.o /Users/siam/Library/Developer/Xcode/DerivedData/Lingua_Quest-gvpckrqxtbgyprbgppjfqmimmmfw/SourcePackages/checkouts/leveldb/util/options.cc normal x86_64 c++ com.apple.compilers.llvm.clang.1_0.compiler (in target 'leveldb' from project 'leveldb')
    cd /Users/siam/Desktop/Lingua\ Quest/Lingua\ Quest.xcodeproj
    
    Using response file: /Users/siam/Library/Developer/Xcode/DerivedData/Lingua_Quest-gvpckrqxtbgyprbgppjfqmimmmfw/Build/Intermediates.noindex/leveldb.build/Debug-iphonesimulator/leveldb.build/Objects-normal/x86_64/82b82416624d2658e5098eb0a28c15c5-common-args.resp
    
    /Applications/Xcode.app/Contents/Developer/Toolchains/XcodeDefault.xctoolchain/usr/bin/clang -x c++ -ivfsstatcache /Users/siam/Library/Developer/Xcode/DerivedData/SDKStatCaches.noindex/iphonesimulator26.0-23A339-26257891a6c027eb51374368541b8346.sdkstatcache -fmessage-length\=0 -fdiagnostics-show-note-include-stack -fmacro-backtrace-limit\=0 -fno-color-diagnostics -fmodules-prune-interval\=86400 -fmodules-prune-after\=345600 -fbuild-session-file\=/Users/siam/Library/Developer/Xcode/DerivedData/ModuleCache.noindex/Session.modulevalidation -fmodules-validate-once-per-build-session -Wnon-modular-include-in-framework-module -Werror\=non-modular-include-in-framework-module -Wno-trigraphs -Wno-missing-field-initializers -Wno-missing-prototypes -Wno-return-type -Wno-non-virtual-dtor -Wno-overloaded-virtual -Wno-exit-time-destructors -Wno-missing-braces -Wparentheses -Wswitch -Wno-unused-function -Wno-unused-label -Wno-unused-parameter -Wno-unused-variable -Wunused-value -Wno-empty-body -Wno-uninitialized -Wno-unknown-pragmas -w -Wno-shadow -Wno-four-char-constants -Wno-conversion -Wno-constant-conversion -Wno-int-conversion -Wno-bool-conversion -Wno-enum-conversion -Wno-float-conversion -Wno-non-literal-null-conversion -Wno-objc-literal-conversion -Wshorten-64-to-32 -Wno-newline-eof -Wno-c++11-extensions -Wno-implicit-fallthrough -fstrict-aliasing -Wdeprecated-declarations -Winvalid-offsetof -Wno-sign-conversion -Wno-infinite-recursion -Wno-move -Wno-comma -Wno-block-capture-autoreleasing -Wno-strict-prototypes -Wno-range-loop-analysis -Wno-semicolon-before-method-body -index-store-path /Users/siam/Library/Developer/Xcode/DerivedData/Lingua_Quest-gvpckrqxtbgyprbgppjfqmimmmfw/Index.noindex/DataStore @/Users/siam/Library/Developer/Xcode/DerivedData/Lingua_Quest-gvpckrqxtbgyprbgppjfqmimmmfw/Build/Intermediates.noindex/leveldb.build/Debug-iphonesimulator/leveldb.build/Objects-normal/x86_64/82b82416624d2658e5098eb0a28c15c5-common-args.resp -MMD -MT dependencies -MF /Users/siam/Library/Developer/Xcode/DerivedData/Lingua_Quest-gvpckrqxtbgyprbgppjfqmimmmfw/Build/Intermediates.noindex/leveldb.build/Debug-iphonesimulator/leveldb.build/Objects-normal/x86_64/options.d --serialize-diagnostics /Users/siam/Library/Developer/Xcode/DerivedData/Lingua_Quest-gvpckrqxtbgyprbgppjfqmimmmfw/Build/Intermediates.noindex/leveldb.build/Debug-iphonesimulator/leveldb.build/Objects-normal/x86_64/options.dia -c /Users/siam/Library/Developer/Xcode/DerivedData/Lingua_Quest-gvpckrqxtbgyprbgppjfqmimmmfw/SourcePackages/checkouts/leveldb/util/options.cc -o /Users/siam/Library/Developer/Xcode/DerivedData/Lingua_Quest-gvpckrqxtbgyprbgppjfqmimmmfw/Build/Intermediates.noindex/leveldb.build/Debug-iphonesimulator/leveldb.build/Objects-normal/x86_64/options.o -index-unit-output-path /leveldb.build/Debug-iphonesimulator/leveldb.build/Objects-normal/x86_64/options.o

CompileC /Users/siam/Library/Developer/Xcode/DerivedData/Lingua_Quest-gvpckrqxtbgyprbgppjfqmimmmfw/Build/Intermediates.noindex/leveldb.build/Debug-iphonesimulator/leveldb.build/Objects-normal/x86_64/merger.o /Users/siam/Library/Developer/Xcode/DerivedData/Lingua_Quest-gvpckrqxtbgyprbgppjfqmimmmfw/SourcePackages/checkouts/leveldb/table/merger.cc normal x86_64 c++ com.apple.compilers.llvm.clang.1_0.compiler (in target 'leveldb' from project 'leveldb')
    cd /Users/siam/Desktop/Lingua\ Quest/Lingua\ Quest.xcodeproj
    
    Using response file: /Users/siam/Library/Developer/Xcode/DerivedData/Lingua_Quest-gvpckrqxtbgyprbgppjfqmimmmfw/Build/Intermediates.noindex/leveldb.build/Debug-iphonesimulator/leveldb.build/Objects-normal/x86_64/82b82416624d2658e5098eb0a28c15c5-common-args.resp
    
    /Applications/Xcode.app/Contents/Developer/Toolchains/XcodeDefault.xctoolchain/usr/bin/clang -x c++ -ivfsstatcache /Users/siam/Library/Developer/Xcode/DerivedData/SDKStatCaches.noindex/iphonesimulator26.0-23A339-26257891a6c027eb51374368541b8346.sdkstatcache -fmessage-length\=0 -fdiagnostics-show-note-include-stack -fmacro-backtrace-limit\=0 -fno-color-diagnostics -fmodules-prune-interval\=86400 -fmodules-prune-after\=345600 -fbuild-session-file\=/Users/siam/Library/Developer/Xcode/DerivedData/ModuleCache.noindex/Session.modulevalidation -fmodules-validate-once-per-build-session -Wnon-modular-include-in-framework-module -Werror\=non-modular-include-in-framework-module -Wno-trigraphs -Wno-missing-field-initializers -Wno-missing-prototypes -Wno-return-type -Wno-non-virtual-dtor -Wno-overloaded-virtual -Wno-exit-time-destructors -Wno-missing-braces -Wparentheses -Wswitch -Wno-unused-function -Wno-unused-label -Wno-unused-parameter -Wno-unused-variable -Wunused-value -Wno-empty-body -Wno-uninitialized -Wno-unknown-pragmas -w -Wno-shadow -Wno-four-char-constants -Wno-conversion -Wno-constant-conversion -Wno-int-conversion -Wno-bool-conversion -Wno-enum-conversion -Wno-float-conversion -Wno-non-literal-null-conversion -Wno-objc-literal-conversion -Wshorten-64-to-32 -Wno-newline-eof -Wno-c++11-extensions -Wno-implicit-fallthrough -fstrict-aliasing -Wdeprecated-declarations -Winvalid-offsetof -Wno-sign-conversion -Wno-infinite-recursion -Wno-move -Wno-comma -Wno-block-capture-autoreleasing -Wno-strict-prototypes -Wno-range-loop-analysis -Wno-semicolon-before-method-body -index-store-path /Users/siam/Library/Developer/Xcode/DerivedData/Lingua_Quest-gvpckrqxtbgyprbgppjfqmimmmfw/Index.noindex/DataStore @/Users/siam/Library/Developer/Xcode/DerivedData/Lingua_Quest-gvpckrqxtbgyprbgppjfqmimmmfw/Build/Intermediates.noindex/leveldb.build/Debug-iphonesimulator/leveldb.build/Objects-normal/x86_64/82b82416624d2658e5098eb0a28c15c5-common-args.resp -MMD -MT dependencies -MF /Users/siam/Library/Developer/Xcode/DerivedData/Lingua_Quest-gvpckrqxtbgyprbgppjfqmimmmfw/Build/Intermediates.noindex/leveldb.build/Debug-iphonesimulator/leveldb.build/Objects-normal/x86_64/merger.d --serialize-diagnostics /Users/siam/Library/Developer/Xcode/DerivedData/Lingua_Quest-gvpckrqxtbgyprbgppjfqmimmmfw/Build/Intermediates.noindex/leveldb.build/Debug-iphonesimulator/leveldb.build/Objects-normal/x86_64/merger.dia -c /Users/siam/Library/Developer/Xcode/DerivedData/Lingua_Quest-gvpckrqxtbgyprbgppjfqmimmmfw/SourcePackages/checkouts/leveldb/table/merger.cc -o /Users/siam/Library/Developer/Xcode/DerivedData/Lingua_Quest-gvpckrqxtbgyprbgppjfqmimmmfw/Build/Intermediates.noindex/leveldb.build/Debug-iphonesimulator/leveldb.build/Objects-normal/x86_64/merger.o -index-unit-output-path /leveldb.build/Debug-iphonesimulator/leveldb.build/Objects-normal/x86_64/merger.o

CompileC /Users/siam/Library/Developer/Xcode/DerivedData/Lingua_Quest-gvpckrqxtbgyprbgppjfqmimmmfw/Build/Intermediates.noindex/leveldb.build/Debug-iphonesimulator/leveldb.build/Objects-normal/x86_64/memtable.o /Users/siam/Library/Developer/Xcode/DerivedData/Lingua_Quest-gvpckrqxtbgyprbgppjfqmimmmfw/SourcePackages/checkouts/leveldb/db/memtable.cc normal x86_64 c++ com.apple.compilers.llvm.clang.1_0.compiler (in target 'leveldb' from project 'leveldb')
    cd /Users/siam/Desktop/Lingua\ Quest/Lingua\ Quest.xcodeproj
    
    Using response file: /Users/siam/Library/Developer/Xcode/DerivedData/Lingua_Quest-gvpckrqxtbgyprbgppjfqmimmmfw/Build/Intermediates.noindex/leveldb.build/Debug-iphonesimulator/leveldb.build/Objects-normal/x86_64/82b82416624d2658e5098eb0a28c15c5-common-args.resp
    
    /Applications/Xcode.app/Contents/Developer/Toolchains/XcodeDefault.xctoolchain/usr/bin/clang -x c++ -ivfsstatcache /Users/siam/Library/Developer/Xcode/DerivedData/SDKStatCaches.noindex/iphonesimulator26.0-23A339-26257891a6c027eb51374368541b8346.sdkstatcache -fmessage-length\=0 -fdiagnostics-show-note-include-stack -fmacro-backtrace-limit\=0 -fno-color-diagnostics -fmodules-prune-interval\=86400 -fmodules-prune-after\=345600 -fbuild-session-file\=/Users/siam/Library/Developer/Xcode/DerivedData/ModuleCache.noindex/Session.modulevalidation -fmodules-validate-once-per-build-session -Wnon-modular-include-in-framework-module -Werror\=non-modular-include-in-framework-module -Wno-trigraphs -Wno-missing-field-initializers -Wno-missing-prototypes -Wno-return-type -Wno-non-virtual-dtor -Wno-overloaded-virtual -Wno-exit-time-destructors -Wno-missing-braces -Wparentheses -Wswitch -Wno-unused-function -Wno-unused-label -Wno-unused-parameter -Wno-unused-variable -Wunused-value -Wno-empty-body -Wno-uninitialized -Wno-unknown-pragmas -w -Wno-shadow -Wno-four-char-constants -Wno-conversion -Wno-constant-conversion -Wno-int-conversion -Wno-bool-conversion -Wno-enum-conversion -Wno-float-conversion -Wno-non-literal-null-conversion -Wno-objc-literal-conversion -Wshorten-64-to-32 -Wno-newline-eof -Wno-c++11-extensions -Wno-implicit-fallthrough -fstrict-aliasing -Wdeprecated-declarations -Winvalid-offsetof -Wno-sign-conversion -Wno-infinite-recursion -Wno-move -Wno-comma -Wno-block-capture-autoreleasing -Wno-strict-prototypes -Wno-range-loop-analysis -Wno-semicolon-before-method-body -index-store-path /Users/siam/Library/Developer/Xcode/DerivedData/Lingua_Quest-gvpckrqxtbgyprbgppjfqmimmmfw/Index.noindex/DataStore @/Users/siam/Library/Developer/Xcode/DerivedData/Lingua_Quest-gvpckrqxtbgyprbgppjfqmimmmfw/Build/Intermediates.noindex/leveldb.build/Debug-iphonesimulator/leveldb.build/Objects-normal/x86_64/82b82416624d2658e5098eb0a28c15c5-common-args.resp -MMD -MT dependencies -MF /Users/siam/Library/Developer/Xcode/DerivedData/Lingua_Quest-gvpckrqxtbgyprbgppjfqmimmmfw/Build/Intermediates.noindex/leveldb.build/Debug-iphonesimulator/leveldb.build/Objects-normal/x86_64/memtable.d --serialize-diagnostics /Users/siam/Library/Developer/Xcode/DerivedData/Lingua_Quest-gvpckrqxtbgyprbgppjfqmimmmfw/Build/Intermediates.noindex/leveldb.build/Debug-iphonesimulator/leveldb.build/Objects-normal/x86_64/memtable.dia -c /Users/siam/Library/Developer/Xcode/DerivedData/Lingua_Quest-gvpckrqxtbgyprbgppjfqmimmmfw/SourcePackages/checkouts/leveldb/db/memtable.cc -o /Users/siam/Library/Developer/Xcode/DerivedData/Lingua_Quest-gvpckrqxtbgyprbgppjfqmimmmfw/Build/Intermediates.noindex/leveldb.build/Debug-iphonesimulator/leveldb.build/Objects-normal/x86_64/memtable.o -index-unit-output-path /leveldb.build/Debug-iphonesimulator/leveldb.build/Objects-normal/x86_64/memtable.o

CompileC /Users/siam/Library/Developer/Xcode/DerivedData/Lingua_Quest-gvpckrqxtbgyprbgppjfqmimmmfw/Build/Intermediates.noindex/GoogleUtilities.build/Debug-iphonesimulator/third-party-IsAppEncrypted.build/Objects-normal/x86_64/IsAppEncrypted.o /Users/siam/Library/Developer/Xcode/DerivedData/Lingua_Quest-gvpckrqxtbgyprbgppjfqmimmmfw/SourcePackages/checkouts/GoogleUtilities/third_party/IsAppEncrypted/IsAppEncrypted.m normal x86_64 objective-c com.apple.compilers.llvm.clang.1_0.compiler (in target 'third-party-IsAppEncrypted' from project 'GoogleUtilities')
    cd /Users/siam/Desktop/Lingua\ Quest/Lingua\ Quest.xcodeproj
    
    Using response file: /Users/siam/Library/Developer/Xcode/DerivedData/Lingua_Quest-gvpckrqxtbgyprbgppjfqmimmmfw/Build/Intermediates.noindex/GoogleUtilities.build/Debug-iphonesimulator/third-party-IsAppEncrypted.build/Objects-normal/x86_64/e6072d4f65d7061329687fe24e3d63a7-common-args.resp
    
    /Applications/Xcode.app/Contents/Developer/Toolchains/XcodeDefault.xctoolchain/usr/bin/clang -x objective-c -ivfsstatcache /Users/siam/Library/Developer/Xcode/DerivedData/SDKStatCaches.noindex/iphonesimulator26.0-23A339-26257891a6c027eb51374368541b8346.sdkstatcache -fmessage-length\=0 -fdiagnostics-show-note-include-stack -fmacro-backtrace-limit\=0 -fno-color-diagnostics -fmodules-prune-interval\=86400 -fmodules-prune-after\=345600 -fbuild-session-file\=/Users/siam/Library/Developer/Xcode/DerivedData/ModuleCache.noindex/Session.modulevalidation -fmodules-validate-once-per-build-session -Wnon-modular-include-in-framework-module -Werror\=non-modular-include-in-framework-module -Wno-trigraphs -Wno-missing-field-initializers -Wno-missing-prototypes -Wno-return-type -Wno-implicit-atomic-properties -Wno-objc-interface-ivars -Wno-arc-repeated-use-of-weak -Wno-missing-braces -Wparentheses -Wswitch -Wno-unused-function -Wno-unused-label -Wno-unused-parameter -Wno-unused-variable -Wunused-value -Wno-empty-body -Wno-uninitialized -Wno-unknown-pragmas -w -Wno-shadow -Wno-four-char-constants -Wno-conversion -Wno-constant-conversion -Wno-int-conversion -Wno-bool-conversion -Wno-enum-conversion -Wno-float-conversion -Wno-non-literal-null-conversion -Wno-objc-literal-conversion -Wshorten-64-to-32 -Wpointer-sign -Wno-newline-eof -Wno-selector -Wno-strict-selector-match -Wno-undeclared-selector -Wno-deprecated-implementations -Wno-implicit-fallthrough -fstrict-aliasing -Wprotocol -Wdeprecated-declarations -Wno-sign-conversion -Wno-infinite-recursion -Wno-comma -Wno-block-capture-autoreleasing -Wno-strict-prototypes -Wno-semicolon-before-method-body -index-store-path /Users/siam/Library/Developer/Xcode/DerivedData/Lingua_Quest-gvpckrqxtbgyprbgppjfqmimmmfw/Index.noindex/DataStore @/Users/siam/Library/Developer/Xcode/DerivedData/Lingua_Quest-gvpckrqxtbgyprbgppjfqmimmmfw/Build/Intermediates.noindex/GoogleUtilities.build/Debug-iphonesimulator/third-party-IsAppEncrypted.build/Objects-normal/x86_64/e6072d4f65d7061329687fe24e3d63a7-common-args.resp -MMD -MT dependencies -MF /Users/siam/Library/Developer/Xcode/DerivedData/Lingua_Quest-gvpckrqxtbgyprbgppjfqmimmmfw/Build/Intermediates.noindex/GoogleUtilities.build/Debug-iphonesimulator/third-party-IsAppEncrypted.build/Objects-normal/x86_64/IsAppEncrypted.d --serialize-diagnostics /Users/siam/Library/Developer/Xcode/DerivedData/Lingua_Quest-gvpckrqxtbgyprbgppjfqmimmmfw/Build/Intermediates.noindex/GoogleUtilities.build/Debug-iphonesimulator/third-party-IsAppEncrypted.build/Objects-normal/x86_64/IsAppEncrypted.dia -c /Users/siam/Library/Developer/Xcode/DerivedData/Lingua_Quest-gvpckrqxtbgyprbgppjfqmimmmfw/SourcePackages/checkouts/GoogleUtilities/third_party/IsAppEncrypted/IsAppEncrypted.m -o /Users/siam/Library/Developer/Xcode/DerivedData/Lingua_Quest-gvpckrqxtbgyprbgppjfqmimmmfw/Build/Intermediates.noindex/GoogleUtilities.build/Debug-iphonesimulator/third-party-IsAppEncrypted.build/Objects-normal/x86_64/IsAppEncrypted.o -index-unit-output-path /GoogleUtilities.build/Debug-iphonesimulator/third-party-IsAppEncrypted.build/Objects-normal/x86_64/IsAppEncrypted.o

CompileC /Users/siam/Library/Developer/Xcode/DerivedData/Lingua_Quest-gvpckrqxtbgyprbgppjfqmimmmfw/Build/Intermediates.noindex/gRPC.build/Debug-iphonesimulator/opensslWrapper.build/Objects-normal/x86_64/resource_bundle_accessor.o /Users/siam/Library/Developer/Xcode/DerivedData/Lingua_Quest-gvpckrqxtbgyprbgppjfqmimmmfw/Build/Intermediates.noindex/gRPC.build/Debug-iphonesimulator/opensslWrapper.build/DerivedSources/resource_bundle_accessor.m normal x86_64 objective-c com.apple.compilers.llvm.clang.1_0.compiler (in target 'opensslWrapper' from project 'gRPC')
    cd /Users/siam/Desktop/Lingua\ Quest/Lingua\ Quest.xcodeproj
    
    Using response file: /Users/siam/Library/Developer/Xcode/DerivedData/Lingua_Quest-gvpckrqxtbgyprbgppjfqmimmmfw/Build/Intermediates.noindex/gRPC.build/Debug-iphonesimulator/opensslWrapper.build/Objects-normal/x86_64/e6072d4f65d7061329687fe24e3d63a7-common-args.resp
    
    /Applications/Xcode.app/Contents/Developer/Toolchains/XcodeDefault.xctoolchain/usr/bin/clang -x objective-c -ivfsstatcache /Users/siam/Library/Developer/Xcode/DerivedData/SDKStatCaches.noindex/iphonesimulator26.0-23A339-26257891a6c027eb51374368541b8346.sdkstatcache -fmessage-length\=0 -fdiagnostics-show-note-include-stack -fmacro-backtrace-limit\=0 -fno-color-diagnostics -fmodules-prune-interval\=86400 -fmodules-prune-after\=345600 -fbuild-session-file\=/Users/siam/Library/Developer/Xcode/DerivedData/ModuleCache.noindex/Session.modulevalidation -fmodules-validate-once-per-build-session -Wnon-modular-include-in-framework-module -Werror\=non-modular-include-in-framework-module -Wno-trigraphs -Wno-missing-field-initializers -Wno-missing-prototypes -Wno-return-type -Wno-implicit-atomic-properties -Wno-objc-interface-ivars -Wno-arc-repeated-use-of-weak -Wno-missing-braces -Wparentheses -Wswitch -Wno-unused-function -Wno-unused-label -Wno-unused-parameter -Wno-unused-variable -Wunused-value -Wno-empty-body -Wno-uninitialized -Wno-unknown-pragmas -w -Wno-shadow -Wno-four-char-constants -Wno-conversion -Wno-constant-conversion -Wno-int-conversion -Wno-bool-conversion -Wno-enum-conversion -Wno-float-conversion -Wno-non-literal-null-conversion -Wno-objc-literal-conversion -Wshorten-64-to-32 -Wpointer-sign -Wno-newline-eof -Wno-selector -Wno-strict-selector-match -Wno-undeclared-selector -Wno-deprecated-implementations -Wno-implicit-fallthrough -fstrict-aliasing -Wprotocol -Wdeprecated-declarations -Wno-sign-conversion -Wno-infinite-recursion -Wno-comma -Wno-block-capture-autoreleasing -Wno-strict-prototypes -Wno-semicolon-before-method-body -index-store-path /Users/siam/Library/Developer/Xcode/DerivedData/Lingua_Quest-gvpckrqxtbgyprbgppjfqmimmmfw/Index.noindex/DataStore @/Users/siam/Library/Developer/Xcode/DerivedData/Lingua_Quest-gvpckrqxtbgyprbgppjfqmimmmfw/Build/Intermediates.noindex/gRPC.build/Debug-iphonesimulator/opensslWrapper.build/Objects-normal/x86_64/e6072d4f65d7061329687fe24e3d63a7-common-args.resp -include /Users/siam/Library/Developer/Xcode/DerivedData/Lingua_Quest-gvpckrqxtbgyprbgppjfqmimmmfw/Build/Intermediates.noindex/gRPC.build/Debug-iphonesimulator/opensslWrapper.build/DerivedSources/resource_bundle_accessor.h -MMD -MT dependencies -MF /Users/siam/Library/Developer/Xcode/DerivedData/Lingua_Quest-gvpckrqxtbgyprbgppjfqmimmmfw/Build/Intermediates.noindex/gRPC.build/Debug-iphonesimulator/opensslWrapper.build/Objects-normal/x86_64/resource_bundle_accessor.d --serialize-diagnostics /Users/siam/Library/Developer/Xcode/DerivedData/Lingua_Quest-gvpckrqxtbgyprbgppjfqmimmmfw/Build/Intermediates.noindex/gRPC.build/Debug-iphonesimulator/opensslWrapper.build/Objects-normal/x86_64/resource_bundle_accessor.dia -c /Users/siam/Library/Developer/Xcode/DerivedData/Lingua_Quest-gvpckrqxtbgyprbgppjfqmimmmfw/Build/Intermediates.noindex/gRPC.build/Debug-iphonesimulator/opensslWrapper.build/DerivedSources/resource_bundle_accessor.m -o /Users/siam/Library/Developer/Xcode/DerivedData/Lingua_Quest-gvpckrqxtbgyprbgppjfqmimmmfw/Build/Intermediates.noindex/gRPC.build/Debug-iphonesimulator/opensslWrapper.build/Objects-normal/x86_64/resource_bundle_accessor.o -index-unit-output-path /gRPC.build/Debug-iphonesimulator/opensslWrapper.build/Objects-normal/x86_64/resource_bundle_accessor.o

CompileC /Users/siam/Library/Developer/Xcode/DerivedData/Lingua_Quest-gvpckrqxtbgyprbgppjfqmimmmfw/Build/Intermediates.noindex/gRPC.build/Debug-iphonesimulator/opensslWrapper.build/Objects-normal/x86_64/empty.o /Users/siam/Library/Developer/Xcode/DerivedData/Lingua_Quest-gvpckrqxtbgyprbgppjfqmimmmfw/SourcePackages/checkouts/grpc-binary/openssl-grpc-Wrapper/empty.m normal x86_64 objective-c com.apple.compilers.llvm.clang.1_0.compiler (in target 'opensslWrapper' from project 'gRPC')
    cd /Users/siam/Desktop/Lingua\ Quest/Lingua\ Quest.xcodeproj
    
    Using response file: /Users/siam/Library/Developer/Xcode/DerivedData/Lingua_Quest-gvpckrqxtbgyprbgppjfqmimmmfw/Build/Intermediates.noindex/gRPC.build/Debug-iphonesimulator/opensslWrapper.build/Objects-normal/x86_64/e6072d4f65d7061329687fe24e3d63a7-common-args.resp
    
    /Applications/Xcode.app/Contents/Developer/Toolchains/XcodeDefault.xctoolchain/usr/bin/clang -x objective-c -ivfsstatcache /Users/siam/Library/Developer/Xcode/DerivedData/SDKStatCaches.noindex/iphonesimulator26.0-23A339-26257891a6c027eb51374368541b8346.sdkstatcache -fmessage-length\=0 -fdiagnostics-show-note-include-stack -fmacro-backtrace-limit\=0 -fno-color-diagnostics -fmodules-prune-interval\=86400 -fmodules-prune-after\=345600 -fbuild-session-file\=/Users/siam/Library/Developer/Xcode/DerivedData/ModuleCache.noindex/Session.modulevalidation -fmodules-validate-once-per-build-session -Wnon-modular-include-in-framework-module -Werror\=non-modular-include-in-framework-module -Wno-trigraphs -Wno-missing-field-initializers -Wno-missing-prototypes -Wno-return-type -Wno-implicit-atomic-properties -Wno-objc-interface-ivars -Wno-arc-repeated-use-of-weak -Wno-missing-braces -Wparentheses -Wswitch -Wno-unused-function -Wno-unused-label -Wno-unused-parameter -Wno-unused-variable -Wunused-value -Wno-empty-body -Wno-uninitialized -Wno-unknown-pragmas -w -Wno-shadow -Wno-four-char-constants -Wno-conversion -Wno-constant-conversion -Wno-int-conversion -Wno-bool-conversion -Wno-enum-conversion -Wno-float-conversion -Wno-non-literal-null-conversion -Wno-objc-literal-conversion -Wshorten-64-to-32 -Wpointer-sign -Wno-newline-eof -Wno-selector -Wno-strict-selector-match -Wno-undeclared-selector -Wno-deprecated-implementations -Wno-implicit-fallthrough -fstrict-aliasing -Wprotocol -Wdeprecated-declarations -Wno-sign-conversion -Wno-infinite-recursion -Wno-comma -Wno-block-capture-autoreleasing -Wno-strict-prototypes -Wno-semicolon-before-method-body -index-store-path /Users/siam/Library/Developer/Xcode/DerivedData/Lingua_Quest-gvpckrqxtbgyprbgppjfqmimmmfw/Index.noindex/DataStore @/Users/siam/Library/Developer/Xcode/DerivedData/Lingua_Quest-gvpckrqxtbgyprbgppjfqmimmmfw/Build/Intermediates.noindex/gRPC.build/Debug-iphonesimulator/opensslWrapper.build/Objects-normal/x86_64/e6072d4f65d7061329687fe24e3d63a7-common-args.resp -include /Users/siam/Library/Developer/Xcode/DerivedData/Lingua_Quest-gvpckrqxtbgyprbgppjfqmimmmfw/Build/Intermediates.noindex/gRPC.build/Debug-iphonesimulator/opensslWrapper.build/DerivedSources/resource_bundle_accessor.h -MMD -MT dependencies -MF /Users/siam/Library/Developer/Xcode/DerivedData/Lingua_Quest-gvpckrqxtbgyprbgppjfqmimmmfw/Build/Intermediates.noindex/gRPC.build/Debug-iphonesimulator/opensslWrapper.build/Objects-normal/x86_64/empty.d --serialize-diagnostics /Users/siam/Library/Developer/Xcode/DerivedData/Lingua_Quest-gvpckrqxtbgyprbgppjfqmimmmfw/Build/Intermediates.noindex/gRPC.build/Debug-iphonesimulator/opensslWrapper.build/Objects-normal/x86_64/empty.dia -c /Users/siam/Library/Developer/Xcode/DerivedData/Lingua_Quest-gvpckrqxtbgyprbgppjfqmimmmfw/SourcePackages/checkouts/grpc-binary/openssl-grpc-Wrapper/empty.m -o /Users/siam/Library/Developer/Xcode/DerivedData/Lingua_Quest-gvpckrqxtbgyprbgppjfqmimmmfw/Build/Intermediates.noindex/gRPC.build/Debug-iphonesimulator/opensslWrapper.build/Objects-normal/x86_64/empty.o -index-unit-output-path /gRPC.build/Debug-iphonesimulator/opensslWrapper.build/Objects-normal/x86_64/empty.o

CompileC /Users/siam/Library/Developer/Xcode/DerivedData/Lingua_Quest-gvpckrqxtbgyprbgppjfqmimmmfw/Build/Intermediates.noindex/leveldb.build/Debug-iphonesimulator/leveldb.build/Objects-normal/x86_64/logging.o /Users/siam/Library/Developer/Xcode/DerivedData/Lingua_Quest-gvpckrqxtbgyprbgppjfqmimmmfw/SourcePackages/checkouts/leveldb/util/logging.cc normal x86_64 c++ com.apple.compilers.llvm.clang.1_0.compiler (in target 'leveldb' from project 'leveldb')
    cd /Users/siam/Desktop/Lingua\ Quest/Lingua\ Quest.xcodeproj
    
    Using response file: /Users/siam/Library/Developer/Xcode/DerivedData/Lingua_Quest-gvpckrqxtbgyprbgppjfqmimmmfw/Build/Intermediates.noindex/leveldb.build/Debug-iphonesimulator/leveldb.build/Objects-normal/x86_64/82b82416624d2658e5098eb0a28c15c5-common-args.resp
    
    /Applications/Xcode.app/Contents/Developer/Toolchains/XcodeDefault.xctoolchain/usr/bin/clang -x c++ -ivfsstatcache /Users/siam/Library/Developer/Xcode/DerivedData/SDKStatCaches.noindex/iphonesimulator26.0-23A339-26257891a6c027eb51374368541b8346.sdkstatcache -fmessage-length\=0 -fdiagnostics-show-note-include-stack -fmacro-backtrace-limit\=0 -fno-color-diagnostics -fmodules-prune-interval\=86400 -fmodules-prune-after\=345600 -fbuild-session-file\=/Users/siam/Library/Developer/Xcode/DerivedData/ModuleCache.noindex/Session.modulevalidation -fmodules-validate-once-per-build-session -Wnon-modular-include-in-framework-module -Werror\=non-modular-include-in-framework-module -Wno-trigraphs -Wno-missing-field-initializers -Wno-missing-prototypes -Wno-return-type -Wno-non-virtual-dtor -Wno-overloaded-virtual -Wno-exit-time-destructors -Wno-missing-braces -Wparentheses -Wswitch -Wno-unused-function -Wno-unused-label -Wno-unused-parameter -Wno-unused-variable -Wunused-value -Wno-empty-body -Wno-uninitialized -Wno-unknown-pragmas -w -Wno-shadow -Wno-four-char-constants -Wno-conversion -Wno-constant-conversion -Wno-int-conversion -Wno-bool-conversion -Wno-enum-conversion -Wno-float-conversion -Wno-non-literal-null-conversion -Wno-objc-literal-conversion -Wshorten-64-to-32 -Wno-newline-eof -Wno-c++11-extensions -Wno-implicit-fallthrough -fstrict-aliasing -Wdeprecated-declarations -Winvalid-offsetof -Wno-sign-conversion -Wno-infinite-recursion -Wno-move -Wno-comma -Wno-block-capture-autoreleasing -Wno-strict-prototypes -Wno-range-loop-analysis -Wno-semicolon-before-method-body -index-store-path /Users/siam/Library/Developer/Xcode/DerivedData/Lingua_Quest-gvpckrqxtbgyprbgppjfqmimmmfw/Index.noindex/DataStore @/Users/siam/Library/Developer/Xcode/DerivedData/Lingua_Quest-gvpckrqxtbgyprbgppjfqmimmmfw/Build/Intermediates.noindex/leveldb.build/Debug-iphonesimulator/leveldb.build/Objects-normal/x86_64/82b82416624d2658e5098eb0a28c15c5-common-args.resp -MMD -MT dependencies -MF /Users/siam/Library/Developer/Xcode/DerivedData/Lingua_Quest-gvpckrqxtbgyprbgppjfqmimmmfw/Build/Intermediates.noindex/leveldb.build/Debug-iphonesimulator/leveldb.build/Objects-normal/x86_64/logging.d --serialize-diagnostics /Users/siam/Library/Developer/Xcode/DerivedData/Lingua_Quest-gvpckrqxtbgyprbgppjfqmimmmfw/Build/Intermediates.noindex/leveldb.build/Debug-iphonesimulator/leveldb.build/Objects-normal/x86_64/logging.dia -c /Users/siam/Library/Developer/Xcode/DerivedData/Lingua_Quest-gvpckrqxtbgyprbgppjfqmimmmfw/SourcePackages/checkouts/leveldb/util/logging.cc -o /Users/siam/Library/Developer/Xcode/DerivedData/Lingua_Quest-gvpckrqxtbgyprbgppjfqmimmmfw/Build/Intermediates.noindex/leveldb.build/Debug-iphonesimulator/leveldb.build/Objects-normal/x86_64/logging.o -index-unit-output-path /leveldb.build/Debug-iphonesimulator/leveldb.build/Objects-normal/x86_64/logging.o

Ld /Users/siam/Library/Developer/Xcode/DerivedData/Lingua_Quest-gvpckrqxtbgyprbgppjfqmimmmfw/Build/Intermediates.noindex/GoogleUtilities.build/Debug-iphonesimulator/third-party-IsAppEncrypted.build/Objects-normal/x86_64/Binary/third-party-IsAppEncrypted.o normal x86_64 (in target 'third-party-IsAppEncrypted' from project 'GoogleUtilities')
    cd /Users/siam/Library/Developer/Xcode/DerivedData/Lingua_Quest-gvpckrqxtbgyprbgppjfqmimmmfw/SourcePackages/checkouts/GoogleUtilities
    /Applications/Xcode.app/Contents/Developer/Toolchains/XcodeDefault.xctoolchain/usr/bin/clang -Xlinker -reproducible -target x86_64-apple-ios12.0-simulator -r -isysroot /Applications/Xcode.app/Contents/Developer/Platforms/iPhoneSimulator.platform/Developer/SDKs/iPhoneSimulator26.0.sdk -O0 -w -L/Users/siam/Library/Developer/Xcode/DerivedData/Lingua_Quest-gvpckrqxtbgyprbgppjfqmimmmfw/Build/Intermediates.noindex/EagerLinkingTBDs/Debug-iphonesimulator -L/Users/siam/Library/Developer/Xcode/DerivedData/Lingua_Quest-gvpckrqxtbgyprbgppjfqmimmmfw/Build/Products/Debug-iphonesimulator -L/Applications/Xcode.app/Contents/Developer/Platforms/iPhoneSimulator.platform/Developer/usr/lib -F/Users/siam/Library/Developer/Xcode/DerivedData/Lingua_Quest-gvpckrqxtbgyprbgppjfqmimmmfw/Build/Intermediates.noindex/EagerLinkingTBDs/Debug-iphonesimulator -F/Users/siam/Library/Developer/Xcode/DerivedData/Lingua_Quest-gvpckrqxtbgyprbgppjfqmimmmfw/Build/Products/Debug-iphonesimulator -iframework /Applications/Xcode.app/Contents/Developer/Platforms/iPhoneSimulator.platform/Developer/Library/Frameworks -iframework /Applications/Xcode.app/Contents/Developer/Platforms/iPhoneSimulator.platform/Developer/SDKs/iPhoneSimulator26.0.sdk/Developer/Library/Frameworks -filelist /Users/siam/Library/Developer/Xcode/DerivedData/Lingua_Quest-gvpckrqxtbgyprbgppjfqmimmmfw/Build/Intermediates.noindex/GoogleUtilities.build/Debug-iphonesimulator/third-party-IsAppEncrypted.build/Objects-normal/x86_64/third-party-IsAppEncrypted.LinkFileList -nostdlib -Xlinker -object_path_lto -Xlinker /Users/siam/Library/Developer/Xcode/DerivedData/Lingua_Quest-gvpckrqxtbgyprbgppjfqmimmmfw/Build/Intermediates.noindex/GoogleUtilities.build/Debug-iphonesimulator/third-party-IsAppEncrypted.build/Objects-normal/x86_64/third-party-IsAppEncrypted_lto.o -rdynamic -Xlinker -no_deduplicate -Xlinker -objc_abi_version -Xlinker 2 -Xlinker -debug_variant -Xlinker -dependency_info -Xlinker /Users/siam/Library/Developer/Xcode/DerivedData/Lingua_Quest-gvpckrqxtbgyprbgppjfqmimmmfw/Build/Intermediates.noindex/GoogleUtilities.build/Debug-iphonesimulator/third-party-IsAppEncrypted.build/Objects-normal/x86_64/third-party-IsAppEncrypted_dependency_info.dat -fobjc-arc -fobjc-link-runtime -o /Users/siam/Library/Developer/Xcode/DerivedData/Lingua_Quest-gvpckrqxtbgyprbgppjfqmimmmfw/Build/Intermediates.noindex/GoogleUtilities.build/Debug-iphonesimulator/third-party-IsAppEncrypted.build/Objects-normal/x86_64/Binary/third-party-IsAppEncrypted.o

CompileC /Users/siam/Library/Developer/Xcode/DerivedData/Lingua_Quest-gvpckrqxtbgyprbgppjfqmimmmfw/Build/Intermediates.noindex/leveldb.build/Debug-iphonesimulator/leveldb.build/Objects-normal/x86_64/log_writer.o /Users/siam/Library/Developer/Xcode/DerivedData/Lingua_Quest-gvpckrqxtbgyprbgppjfqmimmmfw/SourcePackages/checkouts/leveldb/db/log_writer.cc normal x86_64 c++ com.apple.compilers.llvm.clang.1_0.compiler (in target 'leveldb' from project 'leveldb')
    cd /Users/siam/Desktop/Lingua\ Quest/Lingua\ Quest.xcodeproj
    
    Using response file: /Users/siam/Library/Developer/Xcode/DerivedData/Lingua_Quest-gvpckrqxtbgyprbgppjfqmimmmfw/Build/Intermediates.noindex/leveldb.build/Debug-iphonesimulator/leveldb.build/Objects-normal/x86_64/82b82416624d2658e5098eb0a28c15c5-common-args.resp
    
    /Applications/Xcode.app/Contents/Developer/Toolchains/XcodeDefault.xctoolchain/usr/bin/clang -x c++ -ivfsstatcache /Users/siam/Library/Developer/Xcode/DerivedData/SDKStatCaches.noindex/iphonesimulator26.0-23A339-26257891a6c027eb51374368541b8346.sdkstatcache -fmessage-length\=0 -fdiagnostics-show-note-include-stack -fmacro-backtrace-limit\=0 -fno-color-diagnostics -fmodules-prune-interval\=86400 -fmodules-prune-after\=345600 -fbuild-session-file\=/Users/siam/Library/Developer/Xcode/DerivedData/ModuleCache.noindex/Session.modulevalidation -fmodules-validate-once-per-build-session -Wnon-modular-include-in-framework-module -Werror\=non-modular-include-in-framework-module -Wno-trigraphs -Wno-missing-field-initializers -Wno-missing-prototypes -Wno-return-type -Wno-non-virtual-dtor -Wno-overloaded-virtual -Wno-exit-time-destructors -Wno-missing-braces -Wparentheses -Wswitch -Wno-unused-function -Wno-unused-label -Wno-unused-parameter -Wno-unused-variable -Wunused-value -Wno-empty-body -Wno-uninitialized -Wno-unknown-pragmas -w -Wno-shadow -Wno-four-char-constants -Wno-conversion -Wno-constant-conversion -Wno-int-conversion -Wno-bool-conversion -Wno-enum-conversion -Wno-float-conversion -Wno-non-literal-null-conversion -Wno-objc-literal-conversion -Wshorten-64-to-32 -Wno-newline-eof -Wno-c++11-extensions -Wno-implicit-fallthrough -fstrict-aliasing -Wdeprecated-declarations -Winvalid-offsetof -Wno-sign-conversion -Wno-infinite-recursion -Wno-move -Wno-comma -Wno-block-capture-autoreleasing -Wno-strict-prototypes -Wno-range-loop-analysis -Wno-semicolon-before-method-body -index-store-path /Users/siam/Library/Developer/Xcode/DerivedData/Lingua_Quest-gvpckrqxtbgyprbgppjfqmimmmfw/Index.noindex/DataStore @/Users/siam/Library/Developer/Xcode/DerivedData/Lingua_Quest-gvpckrqxtbgyprbgppjfqmimmmfw/Build/Intermediates.noindex/leveldb.build/Debug-iphonesimulator/leveldb.build/Objects-normal/x86_64/82b82416624d2658e5098eb0a28c15c5-common-args.resp -MMD -MT dependencies -MF /Users/siam/Library/Developer/Xcode/DerivedData/Lingua_Quest-gvpckrqxtbgyprbgppjfqmimmmfw/Build/Intermediates.noindex/leveldb.build/Debug-iphonesimulator/leveldb.build/Objects-normal/x86_64/log_writer.d --serialize-diagnostics /Users/siam/Library/Developer/Xcode/DerivedData/Lingua_Quest-gvpckrqxtbgyprbgppjfqmimmmfw/Build/Intermediates.noindex/leveldb.build/Debug-iphonesimulator/leveldb.build/Objects-normal/x86_64/log_writer.dia -c /Users/siam/Library/Developer/Xcode/DerivedData/Lingua_Quest-gvpckrqxtbgyprbgppjfqmimmmfw/SourcePackages/checkouts/leveldb/db/log_writer.cc -o /Users/siam/Library/Developer/Xcode/DerivedData/Lingua_Quest-gvpckrqxtbgyprbgppjfqmimmmfw/Build/Intermediates.noindex/leveldb.build/Debug-iphonesimulator/leveldb.build/Objects-normal/x86_64/log_writer.o -index-unit-output-path /leveldb.build/Debug-iphonesimulator/leveldb.build/Objects-normal/x86_64/log_writer.o

CompileC /Users/siam/Library/Developer/Xcode/DerivedData/Lingua_Quest-gvpckrqxtbgyprbgppjfqmimmmfw/Build/Intermediates.noindex/leveldb.build/Debug-iphonesimulator/leveldb.build/Objects-normal/x86_64/log_reader.o /Users/siam/Library/Developer/Xcode/DerivedData/Lingua_Quest-gvpckrqxtbgyprbgppjfqmimmmfw/SourcePackages/checkouts/leveldb/db/log_reader.cc normal x86_64 c++ com.apple.compilers.llvm.clang.1_0.compiler (in target 'leveldb' from project 'leveldb')
    cd /Users/siam/Desktop/Lingua\ Quest/Lingua\ Quest.xcodeproj
    
    Using response file: /Users/siam/Library/Developer/Xcode/DerivedData/Lingua_Quest-gvpckrqxtbgyprbgppjfqmimmmfw/Build/Intermediates.noindex/leveldb.build/Debug-iphonesimulator/leveldb.build/Objects-normal/x86_64/82b82416624d2658e5098eb0a28c15c5-common-args.resp
    
    /Applications/Xcode.app/Contents/Developer/Toolchains/XcodeDefault.xctoolchain/usr/bin/clang -x c++ -ivfsstatcache /Users/siam/Library/Developer/Xcode/DerivedData/SDKStatCaches.noindex/iphonesimulator26.0-23A339-26257891a6c027eb51374368541b8346.sdkstatcache -fmessage-length\=0 -fdiagnostics-show-note-include-stack -fmacro-backtrace-limit\=0 -fno-color-diagnostics -fmodules-prune-interval\=86400 -fmodules-prune-after\=345600 -fbuild-session-file\=/Users/siam/Library/Developer/Xcode/DerivedData/ModuleCache.noindex/Session.modulevalidation -fmodules-validate-once-per-build-session -Wnon-modular-include-in-framework-module -Werror\=non-modular-include-in-framework-module -Wno-trigraphs -Wno-missing-field-initializers -Wno-missing-prototypes -Wno-return-type -Wno-non-virtual-dtor -Wno-overloaded-virtual -Wno-exit-time-destructors -Wno-missing-braces -Wparentheses -Wswitch -Wno-unused-function -Wno-unused-label -Wno-unused-parameter -Wno-unused-variable -Wunused-value -Wno-empty-body -Wno-uninitialized -Wno-unknown-pragmas -w -Wno-shadow -Wno-four-char-constants -Wno-conversion -Wno-constant-conversion -Wno-int-conversion -Wno-bool-conversion -Wno-enum-conversion -Wno-float-conversion -Wno-non-literal-null-conversion -Wno-objc-literal-conversion -Wshorten-64-to-32 -Wno-newline-eof -Wno-c++11-extensions -Wno-implicit-fallthrough -fstrict-aliasing -Wdeprecated-declarations -Winvalid-offsetof -Wno-sign-conversion -Wno-infinite-recursion -Wno-move -Wno-comma -Wno-block-capture-autoreleasing -Wno-strict-prototypes -Wno-range-loop-analysis -Wno-semicolon-before-method-body -index-store-path /Users/siam/Library/Developer/Xcode/DerivedData/Lingua_Quest-gvpckrqxtbgyprbgppjfqmimmmfw/Index.noindex/DataStore @/Users/siam/Library/Developer/Xcode/DerivedData/Lingua_Quest-gvpckrqxtbgyprbgppjfqmimmmfw/Build/Intermediates.noindex/leveldb.build/Debug-iphonesimulator/leveldb.build/Objects-normal/x86_64/82b82416624d2658e5098eb0a28c15c5-common-args.resp -MMD -MT dependencies -MF /Users/siam/Library/Developer/Xcode/DerivedData/Lingua_Quest-gvpckrqxtbgyprbgppjfqmimmmfw/Build/Intermediates.noindex/leveldb.build/Debug-iphonesimulator/leveldb.build/Objects-normal/x86_64/log_reader.d --serialize-diagnostics /Users/siam/Library/Developer/Xcode/DerivedData/Lingua_Quest-gvpckrqxtbgyprbgppjfqmimmmfw/Build/Intermediates.noindex/leveldb.build/Debug-iphonesimulator/leveldb.build/Objects-normal/x86_64/log_reader.dia -c /Users/siam/Library/Developer/Xcode/DerivedData/Lingua_Quest-gvpckrqxtbgyprbgppjfqmimmmfw/SourcePackages/checkouts/leveldb/db/log_reader.cc -o /Users/siam/Library/Developer/Xcode/DerivedData/Lingua_Quest-gvpckrqxtbgyprbgppjfqmimmmfw/Build/Intermediates.noindex/leveldb.build/Debug-iphonesimulator/leveldb.build/Objects-normal/x86_64/log_reader.o -index-unit-output-path /leveldb.build/Debug-iphonesimulator/leveldb.build/Objects-normal/x86_64/log_reader.o

CompileC /Users/siam/Library/Developer/Xcode/DerivedData/Lingua_Quest-gvpckrqxtbgyprbgppjfqmimmmfw/Build/Intermediates.noindex/leveldb.build/Debug-iphonesimulator/leveldb.build/Objects-normal/x86_64/iterator.o /Users/siam/Library/Developer/Xcode/DerivedData/Lingua_Quest-gvpckrqxtbgyprbgppjfqmimmmfw/SourcePackages/checkouts/leveldb/table/iterator.cc normal x86_64 c++ com.apple.compilers.llvm.clang.1_0.compiler (in target 'leveldb' from project 'leveldb')
    cd /Users/siam/Desktop/Lingua\ Quest/Lingua\ Quest.xcodeproj
    
    Using response file: /Users/siam/Library/Developer/Xcode/DerivedData/Lingua_Quest-gvpckrqxtbgyprbgppjfqmimmmfw/Build/Intermediates.noindex/leveldb.build/Debug-iphonesimulator/leveldb.build/Objects-normal/x86_64/82b82416624d2658e5098eb0a28c15c5-common-args.resp
    
    /Applications/Xcode.app/Contents/Developer/Toolchains/XcodeDefault.xctoolchain/usr/bin/clang -x c++ -ivfsstatcache /Users/siam/Library/Developer/Xcode/DerivedData/SDKStatCaches.noindex/iphonesimulator26.0-23A339-26257891a6c027eb51374368541b8346.sdkstatcache -fmessage-length\=0 -fdiagnostics-show-note-include-stack -fmacro-backtrace-limit\=0 -fno-color-diagnostics -fmodules-prune-interval\=86400 -fmodules-prune-after\=345600 -fbuild-session-file\=/Users/siam/Library/Developer/Xcode/DerivedData/ModuleCache.noindex/Session.modulevalidation -fmodules-validate-once-per-build-session -Wnon-modular-include-in-framework-module -Werror\=non-modular-include-in-framework-module -Wno-trigraphs -Wno-missing-field-initializers -Wno-missing-prototypes -Wno-return-type -Wno-non-virtual-dtor -Wno-overloaded-virtual -Wno-exit-time-destructors -Wno-missing-braces -Wparentheses -Wswitch -Wno-unused-function -Wno-unused-label -Wno-unused-parameter -Wno-unused-variable -Wunused-value -Wno-empty-body -Wno-uninitialized -Wno-unknown-pragmas -w -Wno-shadow -Wno-four-char-constants -Wno-conversion -Wno-constant-conversion -Wno-int-conversion -Wno-bool-conversion -Wno-enum-conversion -Wno-float-conversion -Wno-non-literal-null-conversion -Wno-objc-literal-conversion -Wshorten-64-to-32 -Wno-newline-eof -Wno-c++11-extensions -Wno-implicit-fallthrough -fstrict-aliasing -Wdeprecated-declarations -Winvalid-offsetof -Wno-sign-conversion -Wno-infinite-recursion -Wno-move -Wno-comma -Wno-block-capture-autoreleasing -Wno-strict-prototypes -Wno-range-loop-analysis -Wno-semicolon-before-method-body -index-store-path /Users/siam/Library/Developer/Xcode/DerivedData/Lingua_Quest-gvpckrqxtbgyprbgppjfqmimmmfw/Index.noindex/DataStore @/Users/siam/Library/Developer/Xcode/DerivedData/Lingua_Quest-gvpckrqxtbgyprbgppjfqmimmmfw/Build/Intermediates.noindex/leveldb.build/Debug-iphonesimulator/leveldb.build/Objects-normal/x86_64/82b82416624d2658e5098eb0a28c15c5-common-args.resp -MMD -MT dependencies -MF /Users/siam/Library/Developer/Xcode/DerivedData/Lingua_Quest-gvpckrqxtbgyprbgppjfqmimmmfw/Build/Intermediates.noindex/leveldb.build/Debug-iphonesimulator/leveldb.build/Objects-normal/x86_64/iterator.d --serialize-diagnostics /Users/siam/Library/Developer/Xcode/DerivedData/Lingua_Quest-gvpckrqxtbgyprbgppjfqmimmmfw/Build/Intermediates.noindex/leveldb.build/Debug-iphonesimulator/leveldb.build/Objects-normal/x86_64/iterator.dia -c /Users/siam/Library/Developer/Xcode/DerivedData/Lingua_Quest-gvpckrqxtbgyprbgppjfqmimmmfw/SourcePackages/checkouts/leveldb/table/iterator.cc -o /Users/siam/Library/Developer/Xcode/DerivedData/Lingua_Quest-gvpckrqxtbgyprbgppjfqmimmmfw/Build/Intermediates.noindex/leveldb.build/Debug-iphonesimulator/leveldb.build/Objects-normal/x86_64/iterator.o -index-unit-output-path /leveldb.build/Debug-iphonesimulator/leveldb.build/Objects-normal/x86_64/iterator.o

CompileC /Users/siam/Library/Developer/Xcode/DerivedData/Lingua_Quest-gvpckrqxtbgyprbgppjfqmimmmfw/Build/Intermediates.noindex/leveldb.build/Debug-iphonesimulator/leveldb.build/Objects-normal/x86_64/histogram.o /Users/siam/Library/Developer/Xcode/DerivedData/Lingua_Quest-gvpckrqxtbgyprbgppjfqmimmmfw/SourcePackages/checkouts/leveldb/util/histogram.cc normal x86_64 c++ com.apple.compilers.llvm.clang.1_0.compiler (in target 'leveldb' from project 'leveldb')
    cd /Users/siam/Desktop/Lingua\ Quest/Lingua\ Quest.xcodeproj
    
    Using response file: /Users/siam/Library/Developer/Xcode/DerivedData/Lingua_Quest-gvpckrqxtbgyprbgppjfqmimmmfw/Build/Intermediates.noindex/leveldb.build/Debug-iphonesimulator/leveldb.build/Objects-normal/x86_64/82b82416624d2658e5098eb0a28c15c5-common-args.resp
    
    /Applications/Xcode.app/Contents/Developer/Toolchains/XcodeDefault.xctoolchain/usr/bin/clang -x c++ -ivfsstatcache /Users/siam/Library/Developer/Xcode/DerivedData/SDKStatCaches.noindex/iphonesimulator26.0-23A339-26257891a6c027eb51374368541b8346.sdkstatcache -fmessage-length\=0 -fdiagnostics-show-note-include-stack -fmacro-backtrace-limit\=0 -fno-color-diagnostics -fmodules-prune-interval\=86400 -fmodules-prune-after\=345600 -fbuild-session-file\=/Users/siam/Library/Developer/Xcode/DerivedData/ModuleCache.noindex/Session.modulevalidation -fmodules-validate-once-per-build-session -Wnon-modular-include-in-framework-module -Werror\=non-modular-include-in-framework-module -Wno-trigraphs -Wno-missing-field-initializers -Wno-missing-prototypes -Wno-return-type -Wno-non-virtual-dtor -Wno-overloaded-virtual -Wno-exit-time-destructors -Wno-missing-braces -Wparentheses -Wswitch -Wno-unused-function -Wno-unused-label -Wno-unused-parameter -Wno-unused-variable -Wunused-value -Wno-empty-body -Wno-uninitialized -Wno-unknown-pragmas -w -Wno-shadow -Wno-four-char-constants -Wno-conversion -Wno-constant-conversion -Wno-int-conversion -Wno-bool-conversion -Wno-enum-conversion -Wno-float-conversion -Wno-non-literal-null-conversion -Wno-objc-literal-conversion -Wshorten-64-to-32 -Wno-newline-eof -Wno-c++11-extensions -Wno-implicit-fallthrough -fstrict-aliasing -Wdeprecated-declarations -Winvalid-offsetof -Wno-sign-conversion -Wno-infinite-recursion -Wno-move -Wno-comma -Wno-block-capture-autoreleasing -Wno-strict-prototypes -Wno-range-loop-analysis -Wno-semicolon-before-method-body -index-store-path /Users/siam/Library/Developer/Xcode/DerivedData/Lingua_Quest-gvpckrqxtbgyprbgppjfqmimmmfw/Index.noindex/DataStore @/Users/siam/Library/Developer/Xcode/DerivedData/Lingua_Quest-gvpckrqxtbgyprbgppjfqmimmmfw/Build/Intermediates.noindex/leveldb.build/Debug-iphonesimulator/leveldb.build/Objects-normal/x86_64/82b82416624d2658e5098eb0a28c15c5-common-args.resp -MMD -MT dependencies -MF /Users/siam/Library/Developer/Xcode/DerivedData/Lingua_Quest-gvpckrqxtbgyprbgppjfqmimmmfw/Build/Intermediates.noindex/leveldb.build/Debug-iphonesimulator/leveldb.build/Objects-normal/x86_64/histogram.d --serialize-diagnostics /Users/siam/Library/Developer/Xcode/DerivedData/Lingua_Quest-gvpckrqxtbgyprbgppjfqmimmmfw/Build/Intermediates.noindex/leveldb.build/Debug-iphonesimulator/leveldb.build/Objects-normal/x86_64/histogram.dia -c /Users/siam/Library/Developer/Xcode/DerivedData/Lingua_Quest-gvpckrqxtbgyprbgppjfqmimmmfw/SourcePackages/checkouts/leveldb/util/histogram.cc -o /Users/siam/Library/Developer/Xcode/DerivedData/Lingua_Quest-gvpckrqxtbgyprbgppjfqmimmmfw/Build/Intermediates.noindex/leveldb.build/Debug-iphonesimulator/leveldb.build/Objects-normal/x86_64/histogram.o -index-unit-output-path /leveldb.build/Debug-iphonesimulator/leveldb.build/Objects-normal/x86_64/histogram.o

CompileC /Users/siam/Library/Developer/Xcode/DerivedData/Lingua_Quest-gvpckrqxtbgyprbgppjfqmimmmfw/Build/Intermediates.noindex/leveldb.build/Debug-iphonesimulator/leveldb.build/Objects-normal/x86_64/hash.o /Users/siam/Library/Developer/Xcode/DerivedData/Lingua_Quest-gvpckrqxtbgyprbgppjfqmimmmfw/SourcePackages/checkouts/leveldb/util/hash.cc normal x86_64 c++ com.apple.compilers.llvm.clang.1_0.compiler (in target 'leveldb' from project 'leveldb')
    cd /Users/siam/Desktop/Lingua\ Quest/Lingua\ Quest.xcodeproj
    
    Using response file: /Users/siam/Library/Developer/Xcode/DerivedData/Lingua_Quest-gvpckrqxtbgyprbgppjfqmimmmfw/Build/Intermediates.noindex/leveldb.build/Debug-iphonesimulator/leveldb.build/Objects-normal/x86_64/82b82416624d2658e5098eb0a28c15c5-common-args.resp
    
    /Applications/Xcode.app/Contents/Developer/Toolchains/XcodeDefault.xctoolchain/usr/bin/clang -x c++ -ivfsstatcache /Users/siam/Library/Developer/Xcode/DerivedData/SDKStatCaches.noindex/iphonesimulator26.0-23A339-26257891a6c027eb51374368541b8346.sdkstatcache -fmessage-length\=0 -fdiagnostics-show-note-include-stack -fmacro-backtrace-limit\=0 -fno-color-diagnostics -fmodules-prune-interval\=86400 -fmodules-prune-after\=345600 -fbuild-session-file\=/Users/siam/Library/Developer/Xcode/DerivedData/ModuleCache.noindex/Session.modulevalidation -fmodules-validate-once-per-build-session -Wnon-modular-include-in-framework-module -Werror\=non-modular-include-in-framework-module -Wno-trigraphs -Wno-missing-field-initializers -Wno-missing-prototypes -Wno-return-type -Wno-non-virtual-dtor -Wno-overloaded-virtual -Wno-exit-time-destructors -Wno-missing-braces -Wparentheses -Wswitch -Wno-unused-function -Wno-unused-label -Wno-unused-parameter -Wno-unused-variable -Wunused-value -Wno-empty-body -Wno-uninitialized -Wno-unknown-pragmas -w -Wno-shadow -Wno-four-char-constants -Wno-conversion -Wno-constant-conversion -Wno-int-conversion -Wno-bool-conversion -Wno-enum-conversion -Wno-float-conversion -Wno-non-literal-null-conversion -Wno-objc-literal-conversion -Wshorten-64-to-32 -Wno-newline-eof -Wno-c++11-extensions -Wno-implicit-fallthrough -fstrict-aliasing -Wdeprecated-declarations -Winvalid-offsetof -Wno-sign-conversion -Wno-infinite-recursion -Wno-move -Wno-comma -Wno-block-capture-autoreleasing -Wno-strict-prototypes -Wno-range-loop-analysis -Wno-semicolon-before-method-body -index-store-path /Users/siam/Library/Developer/Xcode/DerivedData/Lingua_Quest-gvpckrqxtbgyprbgppjfqmimmmfw/Index.noindex/DataStore @/Users/siam/Library/Developer/Xcode/DerivedData/Lingua_Quest-gvpckrqxtbgyprbgppjfqmimmmfw/Build/Intermediates.noindex/leveldb.build/Debug-iphonesimulator/leveldb.build/Objects-normal/x86_64/82b82416624d2658e5098eb0a28c15c5-common-args.resp -MMD -MT dependencies -MF /Users/siam/Library/Developer/Xcode/DerivedData/Lingua_Quest-gvpckrqxtbgyprbgppjfqmimmmfw/Build/Intermediates.noindex/leveldb.build/Debug-iphonesimulator/leveldb.build/Objects-normal/x86_64/hash.d --serialize-diagnostics /Users/siam/Library/Developer/Xcode/DerivedData/Lingua_Quest-gvpckrqxtbgyprbgppjfqmimmmfw/Build/Intermediates.noindex/leveldb.build/Debug-iphonesimulator/leveldb.build/Objects-normal/x86_64/hash.dia -c /Users/siam/Library/Developer/Xcode/DerivedData/Lingua_Quest-gvpckrqxtbgyprbgppjfqmimmmfw/SourcePackages/checkouts/leveldb/util/hash.cc -o /Users/siam/Library/Developer/Xcode/DerivedData/Lingua_Quest-gvpckrqxtbgyprbgppjfqmimmmfw/Build/Intermediates.noindex/leveldb.build/Debug-iphonesimulator/leveldb.build/Objects-normal/x86_64/hash.o -index-unit-output-path /leveldb.build/Debug-iphonesimulator/leveldb.build/Objects-normal/x86_64/hash.o

CompileC /Users/siam/Library/Developer/Xcode/DerivedData/Lingua_Quest-gvpckrqxtbgyprbgppjfqmimmmfw/Build/Intermediates.noindex/leveldb.build/Debug-iphonesimulator/leveldb.build/Objects-normal/x86_64/format.o /Users/siam/Library/Developer/Xcode/DerivedData/Lingua_Quest-gvpckrqxtbgyprbgppjfqmimmmfw/SourcePackages/checkouts/leveldb/table/format.cc normal x86_64 c++ com.apple.compilers.llvm.clang.1_0.compiler (in target 'leveldb' from project 'leveldb')
    cd /Users/siam/Desktop/Lingua\ Quest/Lingua\ Quest.xcodeproj
    
    Using response file: /Users/siam/Library/Developer/Xcode/DerivedData/Lingua_Quest-gvpckrqxtbgyprbgppjfqmimmmfw/Build/Intermediates.noindex/leveldb.build/Debug-iphonesimulator/leveldb.build/Objects-normal/x86_64/82b82416624d2658e5098eb0a28c15c5-common-args.resp
    
    /Applications/Xcode.app/Contents/Developer/Toolchains/XcodeDefault.xctoolchain/usr/bin/clang -x c++ -ivfsstatcache /Users/siam/Library/Developer/Xcode/DerivedData/SDKStatCaches.noindex/iphonesimulator26.0-23A339-26257891a6c027eb51374368541b8346.sdkstatcache -fmessage-length\=0 -fdiagnostics-show-note-include-stack -fmacro-backtrace-limit\=0 -fno-color-diagnostics -fmodules-prune-interval\=86400 -fmodules-prune-after\=345600 -fbuild-session-file\=/Users/siam/Library/Developer/Xcode/DerivedData/ModuleCache.noindex/Session.modulevalidation -fmodules-validate-once-per-build-session -Wnon-modular-include-in-framework-module -Werror\=non-modular-include-in-framework-module -Wno-trigraphs -Wno-missing-field-initializers -Wno-missing-prototypes -Wno-return-type -Wno-non-virtual-dtor -Wno-overloaded-virtual -Wno-exit-time-destructors -Wno-missing-braces -Wparentheses -Wswitch -Wno-unused-function -Wno-unused-label -Wno-unused-parameter -Wno-unused-variable -Wunused-value -Wno-empty-body -Wno-uninitialized -Wno-unknown-pragmas -w -Wno-shadow -Wno-four-char-constants -Wno-conversion -Wno-constant-conversion -Wno-int-conversion -Wno-bool-conversion -Wno-enum-conversion -Wno-float-conversion -Wno-non-literal-null-conversion -Wno-objc-literal-conversion -Wshorten-64-to-32 -Wno-newline-eof -Wno-c++11-extensions -Wno-implicit-fallthrough -fstrict-aliasing -Wdeprecated-declarations -Winvalid-offsetof -Wno-sign-conversion -Wno-infinite-recursion -Wno-move -Wno-comma -Wno-block-capture-autoreleasing -Wno-strict-prototypes -Wno-range-loop-analysis -Wno-semicolon-before-method-body -index-store-path /Users/siam/Library/Developer/Xcode/DerivedData/Lingua_Quest-gvpckrqxtbgyprbgppjfqmimmmfw/Index.noindex/DataStore @/Users/siam/Library/Developer/Xcode/DerivedData/Lingua_Quest-gvpckrqxtbgyprbgppjfqmimmmfw/Build/Intermediates.noindex/leveldb.build/Debug-iphonesimulator/leveldb.build/Objects-normal/x86_64/82b82416624d2658e5098eb0a28c15c5-common-args.resp -MMD -MT dependencies -MF /Users/siam/Library/Developer/Xcode/DerivedData/Lingua_Quest-gvpckrqxtbgyprbgppjfqmimmmfw/Build/Intermediates.noindex/leveldb.build/Debug-iphonesimulator/leveldb.build/Objects-normal/x86_64/format.d --serialize-diagnostics /Users/siam/Library/Developer/Xcode/DerivedData/Lingua_Quest-gvpckrqxtbgyprbgppjfqmimmmfw/Build/Intermediates.noindex/leveldb.build/Debug-iphonesimulator/leveldb.build/Objects-normal/x86_64/format.dia -c /Users/siam/Library/Developer/Xcode/DerivedData/Lingua_Quest-gvpckrqxtbgyprbgppjfqmimmmfw/SourcePackages/checkouts/leveldb/table/format.cc -o /Users/siam/Library/Developer/Xcode/DerivedData/Lingua_Quest-gvpckrqxtbgyprbgppjfqmimmmfw/Build/Intermediates.noindex/leveldb.build/Debug-iphonesimulator/leveldb.build/Objects-normal/x86_64/format.o -index-unit-output-path /leveldb.build/Debug-iphonesimulator/leveldb.build/Objects-normal/x86_64/format.o

CompileC /Users/siam/Library/Developer/Xcode/DerivedData/Lingua_Quest-gvpckrqxtbgyprbgppjfqmimmmfw/Build/Intermediates.noindex/leveldb.build/Debug-iphonesimulator/leveldb.build/Objects-normal/x86_64/filter_policy.o /Users/siam/Library/Developer/Xcode/DerivedData/Lingua_Quest-gvpckrqxtbgyprbgppjfqmimmmfw/SourcePackages/checkouts/leveldb/util/filter_policy.cc normal x86_64 c++ com.apple.compilers.llvm.clang.1_0.compiler (in target 'leveldb' from project 'leveldb')
    cd /Users/siam/Desktop/Lingua\ Quest/Lingua\ Quest.xcodeproj
    
    Using response file: /Users/siam/Library/Developer/Xcode/DerivedData/Lingua_Quest-gvpckrqxtbgyprbgppjfqmimmmfw/Build/Intermediates.noindex/leveldb.build/Debug-iphonesimulator/leveldb.build/Objects-normal/x86_64/82b82416624d2658e5098eb0a28c15c5-common-args.resp
    
    /Applications/Xcode.app/Contents/Developer/Toolchains/XcodeDefault.xctoolchain/usr/bin/clang -x c++ -ivfsstatcache /Users/siam/Library/Developer/Xcode/DerivedData/SDKStatCaches.noindex/iphonesimulator26.0-23A339-26257891a6c027eb51374368541b8346.sdkstatcache -fmessage-length\=0 -fdiagnostics-show-note-include-stack -fmacro-backtrace-limit\=0 -fno-color-diagnostics -fmodules-prune-interval\=86400 -fmodules-prune-after\=345600 -fbuild-session-file\=/Users/siam/Library/Developer/Xcode/DerivedData/ModuleCache.noindex/Session.modulevalidation -fmodules-validate-once-per-build-session -Wnon-modular-include-in-framework-module -Werror\=non-modular-include-in-framework-module -Wno-trigraphs -Wno-missing-field-initializers -Wno-missing-prototypes -Wno-return-type -Wno-non-virtual-dtor -Wno-overloaded-virtual -Wno-exit-time-destructors -Wno-missing-braces -Wparentheses -Wswitch -Wno-unused-function -Wno-unused-label -Wno-unused-parameter -Wno-unused-variable -Wunused-value -Wno-empty-body -Wno-uninitialized -Wno-unknown-pragmas -w -Wno-shadow -Wno-four-char-constants -Wno-conversion -Wno-constant-conversion -Wno-int-conversion -Wno-bool-conversion -Wno-enum-conversion -Wno-float-conversion -Wno-non-literal-null-conversion -Wno-objc-literal-conversion -Wshorten-64-to-32 -Wno-newline-eof -Wno-c++11-extensions -Wno-implicit-fallthrough -fstrict-aliasing -Wdeprecated-declarations -Winvalid-offsetof -Wno-sign-conversion -Wno-infinite-recursion -Wno-move -Wno-comma -Wno-block-capture-autoreleasing -Wno-strict-prototypes -Wno-range-loop-analysis -Wno-semicolon-before-method-body -index-store-path /Users/siam/Library/Developer/Xcode/DerivedData/Lingua_Quest-gvpckrqxtbgyprbgppjfqmimmmfw/Index.noindex/DataStore @/Users/siam/Library/Developer/Xcode/DerivedData/Lingua_Quest-gvpckrqxtbgyprbgppjfqmimmmfw/Build/Intermediates.noindex/leveldb.build/Debug-iphonesimulator/leveldb.build/Objects-normal/x86_64/82b82416624d2658e5098eb0a28c15c5-common-args.resp -MMD -MT dependencies -MF /Users/siam/Library/Developer/Xcode/DerivedData/Lingua_Quest-gvpckrqxtbgyprbgppjfqmimmmfw/Build/Intermediates.noindex/leveldb.build/Debug-iphonesimulator/leveldb.build/Objects-normal/x86_64/filter_policy.d --serialize-diagnostics /Users/siam/Library/Developer/Xcode/DerivedData/Lingua_Quest-gvpckrqxtbgyprbgppjfqmimmmfw/Build/Intermediates.noindex/leveldb.build/Debug-iphonesimulator/leveldb.build/Objects-normal/x86_64/filter_policy.dia -c /Users/siam/Library/Developer/Xcode/DerivedData/Lingua_Quest-gvpckrqxtbgyprbgppjfqmimmmfw/SourcePackages/checkouts/leveldb/util/filter_policy.cc -o /Users/siam/Library/Developer/Xcode/DerivedData/Lingua_Quest-gvpckrqxtbgyprbgppjfqmimmmfw/Build/Intermediates.noindex/leveldb.build/Debug-iphonesimulator/leveldb.build/Objects-normal/x86_64/filter_policy.o -index-unit-output-path /leveldb.build/Debug-iphonesimulator/leveldb.build/Objects-normal/x86_64/filter_policy.o

CompileC /Users/siam/Library/Developer/Xcode/DerivedData/Lingua_Quest-gvpckrqxtbgyprbgppjfqmimmmfw/Build/Intermediates.noindex/leveldb.build/Debug-iphonesimulator/leveldb.build/Objects-normal/x86_64/filter_block.o /Users/siam/Library/Developer/Xcode/DerivedData/Lingua_Quest-gvpckrqxtbgyprbgppjfqmimmmfw/SourcePackages/checkouts/leveldb/table/filter_block.cc normal x86_64 c++ com.apple.compilers.llvm.clang.1_0.compiler (in target 'leveldb' from project 'leveldb')
    cd /Users/siam/Desktop/Lingua\ Quest/Lingua\ Quest.xcodeproj
    
    Using response file: /Users/siam/Library/Developer/Xcode/DerivedData/Lingua_Quest-gvpckrqxtbgyprbgppjfqmimmmfw/Build/Intermediates.noindex/leveldb.build/Debug-iphonesimulator/leveldb.build/Objects-normal/x86_64/82b82416624d2658e5098eb0a28c15c5-common-args.resp
    
    /Applications/Xcode.app/Contents/Developer/Toolchains/XcodeDefault.xctoolchain/usr/bin/clang -x c++ -ivfsstatcache /Users/siam/Library/Developer/Xcode/DerivedData/SDKStatCaches.noindex/iphonesimulator26.0-23A339-26257891a6c027eb51374368541b8346.sdkstatcache -fmessage-length\=0 -fdiagnostics-show-note-include-stack -fmacro-backtrace-limit\=0 -fno-color-diagnostics -fmodules-prune-interval\=86400 -fmodules-prune-after\=345600 -fbuild-session-file\=/Users/siam/Library/Developer/Xcode/DerivedData/ModuleCache.noindex/Session.modulevalidation -fmodules-validate-once-per-build-session -Wnon-modular-include-in-framework-module -Werror\=non-modular-include-in-framework-module -Wno-trigraphs -Wno-missing-field-initializers -Wno-missing-prototypes -Wno-return-type -Wno-non-virtual-dtor -Wno-overloaded-virtual -Wno-exit-time-destructors -Wno-missing-braces -Wparentheses -Wswitch -Wno-unused-function -Wno-unused-label -Wno-unused-parameter -Wno-unused-variable -Wunused-value -Wno-empty-body -Wno-uninitialized -Wno-unknown-pragmas -w -Wno-shadow -Wno-four-char-constants -Wno-conversion -Wno-constant-conversion -Wno-int-conversion -Wno-bool-conversion -Wno-enum-conversion -Wno-float-conversion -Wno-non-literal-null-conversion -Wno-objc-literal-conversion -Wshorten-64-to-32 -Wno-newline-eof -Wno-c++11-extensions -Wno-implicit-fallthrough -fstrict-aliasing -Wdeprecated-declarations -Winvalid-offsetof -Wno-sign-conversion -Wno-infinite-recursion -Wno-move -Wno-comma -Wno-block-capture-autoreleasing -Wno-strict-prototypes -Wno-range-loop-analysis -Wno-semicolon-before-method-body -index-store-path /Users/siam/Library/Developer/Xcode/DerivedData/Lingua_Quest-gvpckrqxtbgyprbgppjfqmimmmfw/Index.noindex/DataStore @/Users/siam/Library/Developer/Xcode/DerivedData/Lingua_Quest-gvpckrqxtbgyprbgppjfqmimmmfw/Build/Intermediates.noindex/leveldb.build/Debug-iphonesimulator/leveldb.build/Objects-normal/x86_64/82b82416624d2658e5098eb0a28c15c5-common-args.resp -MMD -MT dependencies -MF /Users/siam/Library/Developer/Xcode/DerivedData/Lingua_Quest-gvpckrqxtbgyprbgppjfqmimmmfw/Build/Intermediates.noindex/leveldb.build/Debug-iphonesimulator/leveldb.build/Objects-normal/x86_64/filter_block.d --serialize-diagnostics /Users/siam/Library/Developer/Xcode/DerivedData/Lingua_Quest-gvpckrqxtbgyprbgppjfqmimmmfw/Build/Intermediates.noindex/leveldb.build/Debug-iphonesimulator/leveldb.build/Objects-normal/x86_64/filter_block.dia -c /Users/siam/Library/Developer/Xcode/DerivedData/Lingua_Quest-gvpckrqxtbgyprbgppjfqmimmmfw/SourcePackages/checkouts/leveldb/table/filter_block.cc -o /Users/siam/Library/Developer/Xcode/DerivedData/Lingua_Quest-gvpckrqxtbgyprbgppjfqmimmmfw/Build/Intermediates.noindex/leveldb.build/Debug-iphonesimulator/leveldb.build/Objects-normal/x86_64/filter_block.o -index-unit-output-path /leveldb.build/Debug-iphonesimulator/leveldb.build/Objects-normal/x86_64/filter_block.o

CompileC /Users/siam/Library/Developer/Xcode/DerivedData/Lingua_Quest-gvpckrqxtbgyprbgppjfqmimmmfw/Build/Intermediates.noindex/leveldb.build/Debug-iphonesimulator/leveldb.build/Objects-normal/x86_64/filename.o /Users/siam/Library/Developer/Xcode/DerivedData/Lingua_Quest-gvpckrqxtbgyprbgppjfqmimmmfw/SourcePackages/checkouts/leveldb/db/filename.cc normal x86_64 c++ com.apple.compilers.llvm.clang.1_0.compiler (in target 'leveldb' from project 'leveldb')
    cd /Users/siam/Desktop/Lingua\ Quest/Lingua\ Quest.xcodeproj
    
    Using response file: /Users/siam/Library/Developer/Xcode/DerivedData/Lingua_Quest-gvpckrqxtbgyprbgppjfqmimmmfw/Build/Intermediates.noindex/leveldb.build/Debug-iphonesimulator/leveldb.build/Objects-normal/x86_64/82b82416624d2658e5098eb0a28c15c5-common-args.resp
    
    /Applications/Xcode.app/Contents/Developer/Toolchains/XcodeDefault.xctoolchain/usr/bin/clang -x c++ -ivfsstatcache /Users/siam/Library/Developer/Xcode/DerivedData/SDKStatCaches.noindex/iphonesimulator26.0-23A339-26257891a6c027eb51374368541b8346.sdkstatcache -fmessage-length\=0 -fdiagnostics-show-note-include-stack -fmacro-backtrace-limit\=0 -fno-color-diagnostics -fmodules-prune-interval\=86400 -fmodules-prune-after\=345600 -fbuild-session-file\=/Users/siam/Library/Developer/Xcode/DerivedData/ModuleCache.noindex/Session.modulevalidation -fmodules-validate-once-per-build-session -Wnon-modular-include-in-framework-module -Werror\=non-modular-include-in-framework-module -Wno-trigraphs -Wno-missing-field-initializers -Wno-missing-prototypes -Wno-return-type -Wno-non-virtual-dtor -Wno-overloaded-virtual -Wno-exit-time-destructors -Wno-missing-braces -Wparentheses -Wswitch -Wno-unused-function -Wno-unused-label -Wno-unused-parameter -Wno-unused-variable -Wunused-value -Wno-empty-body -Wno-uninitialized -Wno-unknown-pragmas -w -Wno-shadow -Wno-four-char-constants -Wno-conversion -Wno-constant-conversion -Wno-int-conversion -Wno-bool-conversion -Wno-enum-conversion -Wno-float-conversion -Wno-non-literal-null-conversion -Wno-objc-literal-conversion -Wshorten-64-to-32 -Wno-newline-eof -Wno-c++11-extensions -Wno-implicit-fallthrough -fstrict-aliasing -Wdeprecated-declarations -Winvalid-offsetof -Wno-sign-conversion -Wno-infinite-recursion -Wno-move -Wno-comma -Wno-block-capture-autoreleasing -Wno-strict-prototypes -Wno-range-loop-analysis -Wno-semicolon-before-method-body -index-store-path /Users/siam/Library/Developer/Xcode/DerivedData/Lingua_Quest-gvpckrqxtbgyprbgppjfqmimmmfw/Index.noindex/DataStore @/Users/siam/Library/Developer/Xcode/DerivedData/Lingua_Quest-gvpckrqxtbgyprbgppjfqmimmmfw/Build/Intermediates.noindex/leveldb.build/Debug-iphonesimulator/leveldb.build/Objects-normal/x86_64/82b82416624d2658e5098eb0a28c15c5-common-args.resp -MMD -MT dependencies -MF /Users/siam/Library/Developer/Xcode/DerivedData/Lingua_Quest-gvpckrqxtbgyprbgppjfqmimmmfw/Build/Intermediates.noindex/leveldb.build/Debug-iphonesimulator/leveldb.build/Objects-normal/x86_64/filename.d --serialize-diagnostics /Users/siam/Library/Developer/Xcode/DerivedData/Lingua_Quest-gvpckrqxtbgyprbgppjfqmimmmfw/Build/Intermediates.noindex/leveldb.build/Debug-iphonesimulator/leveldb.build/Objects-normal/x86_64/filename.dia -c /Users/siam/Library/Developer/Xcode/DerivedData/Lingua_Quest-gvpckrqxtbgyprbgppjfqmimmmfw/SourcePackages/checkouts/leveldb/db/filename.cc -o /Users/siam/Library/Developer/Xcode/DerivedData/Lingua_Quest-gvpckrqxtbgyprbgppjfqmimmmfw/Build/Intermediates.noindex/leveldb.build/Debug-iphonesimulator/leveldb.build/Objects-normal/x86_64/filename.o -index-unit-output-path /leveldb.build/Debug-iphonesimulator/leveldb.build/Objects-normal/x86_64/filename.o

CompileC /Users/siam/Library/Developer/Xcode/DerivedData/Lingua_Quest-gvpckrqxtbgyprbgppjfqmimmmfw/Build/Intermediates.noindex/leveldb.build/Debug-iphonesimulator/leveldb.build/Objects-normal/x86_64/env_posix.o /Users/siam/Library/Developer/Xcode/DerivedData/Lingua_Quest-gvpckrqxtbgyprbgppjfqmimmmfw/SourcePackages/checkouts/leveldb/util/env_posix.cc normal x86_64 c++ com.apple.compilers.llvm.clang.1_0.compiler (in target 'leveldb' from project 'leveldb')
    cd /Users/siam/Desktop/Lingua\ Quest/Lingua\ Quest.xcodeproj
    
    Using response file: /Users/siam/Library/Developer/Xcode/DerivedData/Lingua_Quest-gvpckrqxtbgyprbgppjfqmimmmfw/Build/Intermediates.noindex/leveldb.build/Debug-iphonesimulator/leveldb.build/Objects-normal/x86_64/82b82416624d2658e5098eb0a28c15c5-common-args.resp
    
    /Applications/Xcode.app/Contents/Developer/Toolchains/XcodeDefault.xctoolchain/usr/bin/clang -x c++ -ivfsstatcache /Users/siam/Library/Developer/Xcode/DerivedData/SDKStatCaches.noindex/iphonesimulator26.0-23A339-26257891a6c027eb51374368541b8346.sdkstatcache -fmessage-length\=0 -fdiagnostics-show-note-include-stack -fmacro-backtrace-limit\=0 -fno-color-diagnostics -fmodules-prune-interval\=86400 -fmodules-prune-after\=345600 -fbuild-session-file\=/Users/siam/Library/Developer/Xcode/DerivedData/ModuleCache.noindex/Session.modulevalidation -fmodules-validate-once-per-build-session -Wnon-modular-include-in-framework-module -Werror\=non-modular-include-in-framework-module -Wno-trigraphs -Wno-missing-field-initializers -Wno-missing-prototypes -Wno-return-type -Wno-non-virtual-dtor -Wno-overloaded-virtual -Wno-exit-time-destructors -Wno-missing-braces -Wparentheses -Wswitch -Wno-unused-function -Wno-unused-label -Wno-unused-parameter -Wno-unused-variable -Wunused-value -Wno-empty-body -Wno-uninitialized -Wno-unknown-pragmas -w -Wno-shadow -Wno-four-char-constants -Wno-conversion -Wno-constant-conversion -Wno-int-conversion -Wno-bool-conversion -Wno-enum-conversion -Wno-float-conversion -Wno-non-literal-null-conversion -Wno-objc-literal-conversion -Wshorten-64-to-32 -Wno-newline-eof -Wno-c++11-extensions -Wno-implicit-fallthrough -fstrict-aliasing -Wdeprecated-declarations -Winvalid-offsetof -Wno-sign-conversion -Wno-infinite-recursion -Wno-move -Wno-comma -Wno-block-capture-autoreleasing -Wno-strict-prototypes -Wno-range-loop-analysis -Wno-semicolon-before-method-body -index-store-path /Users/siam/Library/Developer/Xcode/DerivedData/Lingua_Quest-gvpckrqxtbgyprbgppjfqmimmmfw/Index.noindex/DataStore @/Users/siam/Library/Developer/Xcode/DerivedData/Lingua_Quest-gvpckrqxtbgyprbgppjfqmimmmfw/Build/Intermediates.noindex/leveldb.build/Debug-iphonesimulator/leveldb.build/Objects-normal/x86_64/82b82416624d2658e5098eb0a28c15c5-common-args.resp -MMD -MT dependencies -MF /Users/siam/Library/Developer/Xcode/DerivedData/Lingua_Quest-gvpckrqxtbgyprbgppjfqmimmmfw/Build/Intermediates.noindex/leveldb.build/Debug-iphonesimulator/leveldb.build/Objects-normal/x86_64/env_posix.d --serialize-diagnostics /Users/siam/Library/Developer/Xcode/DerivedData/Lingua_Quest-gvpckrqxtbgyprbgppjfqmimmmfw/Build/Intermediates.noindex/leveldb.build/Debug-iphonesimulator/leveldb.build/Objects-normal/x86_64/env_posix.dia -c /Users/siam/Library/Developer/Xcode/DerivedData/Lingua_Quest-gvpckrqxtbgyprbgppjfqmimmmfw/SourcePackages/checkouts/leveldb/util/env_posix.cc -o /Users/siam/Library/Developer/Xcode/DerivedData/Lingua_Quest-gvpckrqxtbgyprbgppjfqmimmmfw/Build/Intermediates.noindex/leveldb.build/Debug-iphonesimulator/leveldb.build/Objects-normal/x86_64/env_posix.o -index-unit-output-path /leveldb.build/Debug-iphonesimulator/leveldb.build/Objects-normal/x86_64/env_posix.o

CompileC /Users/siam/Library/Developer/Xcode/DerivedData/Lingua_Quest-gvpckrqxtbgyprbgppjfqmimmmfw/Build/Intermediates.noindex/leveldb.build/Debug-iphonesimulator/leveldb.build/Objects-normal/x86_64/env.o /Users/siam/Library/Developer/Xcode/DerivedData/Lingua_Quest-gvpckrqxtbgyprbgppjfqmimmmfw/SourcePackages/checkouts/leveldb/util/env.cc normal x86_64 c++ com.apple.compilers.llvm.clang.1_0.compiler (in target 'leveldb' from project 'leveldb')
    cd /Users/siam/Desktop/Lingua\ Quest/Lingua\ Quest.xcodeproj
    
    Using response file: /Users/siam/Library/Developer/Xcode/DerivedData/Lingua_Quest-gvpckrqxtbgyprbgppjfqmimmmfw/Build/Intermediates.noindex/leveldb.build/Debug-iphonesimulator/leveldb.build/Objects-normal/x86_64/82b82416624d2658e5098eb0a28c15c5-common-args.resp
    
    /Applications/Xcode.app/Contents/Developer/Toolchains/XcodeDefault.xctoolchain/usr/bin/clang -x c++ -ivfsstatcache /Users/siam/Library/Developer/Xcode/DerivedData/SDKStatCaches.noindex/iphonesimulator26.0-23A339-26257891a6c027eb51374368541b8346.sdkstatcache -fmessage-length\=0 -fdiagnostics-show-note-include-stack -fmacro-backtrace-limit\=0 -fno-color-diagnostics -fmodules-prune-interval\=86400 -fmodules-prune-after\=345600 -fbuild-session-file\=/Users/siam/Library/Developer/Xcode/DerivedData/ModuleCache.noindex/Session.modulevalidation -fmodules-validate-once-per-build-session -Wnon-modular-include-in-framework-module -Werror\=non-modular-include-in-framework-module -Wno-trigraphs -Wno-missing-field-initializers -Wno-missing-prototypes -Wno-return-type -Wno-non-virtual-dtor -Wno-overloaded-virtual -Wno-exit-time-destructors -Wno-missing-braces -Wparentheses -Wswitch -Wno-unused-function -Wno-unused-label -Wno-unused-parameter -Wno-unused-variable -Wunused-value -Wno-empty-body -Wno-uninitialized -Wno-unknown-pragmas -w -Wno-shadow -Wno-four-char-constants -Wno-conversion -Wno-constant-conversion -Wno-int-conversion -Wno-bool-conversion -Wno-enum-conversion -Wno-float-conversion -Wno-non-literal-null-conversion -Wno-objc-literal-conversion -Wshorten-64-to-32 -Wno-newline-eof -Wno-c++11-extensions -Wno-implicit-fallthrough -fstrict-aliasing -Wdeprecated-declarations -Winvalid-offsetof -Wno-sign-conversion -Wno-infinite-recursion -Wno-move -Wno-comma -Wno-block-capture-autoreleasing -Wno-strict-prototypes -Wno-range-loop-analysis -Wno-semicolon-before-method-body -index-store-path /Users/siam/Library/Developer/Xcode/DerivedData/Lingua_Quest-gvpckrqxtbgyprbgppjfqmimmmfw/Index.noindex/DataStore @/Users/siam/Library/Developer/Xcode/DerivedData/Lingua_Quest-gvpckrqxtbgyprbgppjfqmimmmfw/Build/Intermediates.noindex/leveldb.build/Debug-iphonesimulator/leveldb.build/Objects-normal/x86_64/82b82416624d2658e5098eb0a28c15c5-common-args.resp -MMD -MT dependencies -MF /Users/siam/Library/Developer/Xcode/DerivedData/Lingua_Quest-gvpckrqxtbgyprbgppjfqmimmmfw/Build/Intermediates.noindex/leveldb.build/Debug-iphonesimulator/leveldb.build/Objects-normal/x86_64/env.d --serialize-diagnostics /Users/siam/Library/Developer/Xcode/DerivedData/Lingua_Quest-gvpckrqxtbgyprbgppjfqmimmmfw/Build/Intermediates.noindex/leveldb.build/Debug-iphonesimulator/leveldb.build/Objects-normal/x86_64/env.dia -c /Users/siam/Library/Developer/Xcode/DerivedData/Lingua_Quest-gvpckrqxtbgyprbgppjfqmimmmfw/SourcePackages/checkouts/leveldb/util/env.cc -o /Users/siam/Library/Developer/Xcode/DerivedData/Lingua_Quest-gvpckrqxtbgyprbgppjfqmimmmfw/Build/Intermediates.noindex/leveldb.build/Debug-iphonesimulator/leveldb.build/Objects-normal/x86_64/env.o -index-unit-output-path /leveldb.build/Debug-iphonesimulator/leveldb.build/Objects-normal/x86_64/env.o

CompileC /Users/siam/Library/Developer/Xcode/DerivedData/Lingua_Quest-gvpckrqxtbgyprbgppjfqmimmmfw/Build/Intermediates.noindex/leveldb.build/Debug-iphonesimulator/leveldb.build/Objects-normal/x86_64/dumpfile.o /Users/siam/Library/Developer/Xcode/DerivedData/Lingua_Quest-gvpckrqxtbgyprbgppjfqmimmmfw/SourcePackages/checkouts/leveldb/db/dumpfile.cc normal x86_64 c++ com.apple.compilers.llvm.clang.1_0.compiler (in target 'leveldb' from project 'leveldb')
    cd /Users/siam/Desktop/Lingua\ Quest/Lingua\ Quest.xcodeproj
    
    Using response file: /Users/siam/Library/Developer/Xcode/DerivedData/Lingua_Quest-gvpckrqxtbgyprbgppjfqmimmmfw/Build/Intermediates.noindex/leveldb.build/Debug-iphonesimulator/leveldb.build/Objects-normal/x86_64/82b82416624d2658e5098eb0a28c15c5-common-args.resp
    
    /Applications/Xcode.app/Contents/Developer/Toolchains/XcodeDefault.xctoolchain/usr/bin/clang -x c++ -ivfsstatcache /Users/siam/Library/Developer/Xcode/DerivedData/SDKStatCaches.noindex/iphonesimulator26.0-23A339-26257891a6c027eb51374368541b8346.sdkstatcache -fmessage-length\=0 -fdiagnostics-show-note-include-stack -fmacro-backtrace-limit\=0 -fno-color-diagnostics -fmodules-prune-interval\=86400 -fmodules-prune-after\=345600 -fbuild-session-file\=/Users/siam/Library/Developer/Xcode/DerivedData/ModuleCache.noindex/Session.modulevalidation -fmodules-validate-once-per-build-session -Wnon-modular-include-in-framework-module -Werror\=non-modular-include-in-framework-module -Wno-trigraphs -Wno-missing-field-initializers -Wno-missing-prototypes -Wno-return-type -Wno-non-virtual-dtor -Wno-overloaded-virtual -Wno-exit-time-destructors -Wno-missing-braces -Wparentheses -Wswitch -Wno-unused-function -Wno-unused-label -Wno-unused-parameter -Wno-unused-variable -Wunused-value -Wno-empty-body -Wno-uninitialized -Wno-unknown-pragmas -w -Wno-shadow -Wno-four-char-constants -Wno-conversion -Wno-constant-conversion -Wno-int-conversion -Wno-bool-conversion -Wno-enum-conversion -Wno-float-conversion -Wno-non-literal-null-conversion -Wno-objc-literal-conversion -Wshorten-64-to-32 -Wno-newline-eof -Wno-c++11-extensions -Wno-implicit-fallthrough -fstrict-aliasing -Wdeprecated-declarations -Winvalid-offsetof -Wno-sign-conversion -Wno-infinite-recursion -Wno-move -Wno-comma -Wno-block-capture-autoreleasing -Wno-strict-prototypes -Wno-range-loop-analysis -Wno-semicolon-before-method-body -index-store-path /Users/siam/Library/Developer/Xcode/DerivedData/Lingua_Quest-gvpckrqxtbgyprbgppjfqmimmmfw/Index.noindex/DataStore @/Users/siam/Library/Developer/Xcode/DerivedData/Lingua_Quest-gvpckrqxtbgyprbgppjfqmimmmfw/Build/Intermediates.noindex/leveldb.build/Debug-iphonesimulator/leveldb.build/Objects-normal/x86_64/82b82416624d2658e5098eb0a28c15c5-common-args.resp -MMD -MT dependencies -MF /Users/siam/Library/Developer/Xcode/DerivedData/Lingua_Quest-gvpckrqxtbgyprbgppjfqmimmmfw/Build/Intermediates.noindex/leveldb.build/Debug-iphonesimulator/leveldb.build/Objects-normal/x86_64/dumpfile.d --serialize-diagnostics /Users/siam/Library/Developer/Xcode/DerivedData/Lingua_Quest-gvpckrqxtbgyprbgppjfqmimmmfw/Build/Intermediates.noindex/leveldb.build/Debug-iphonesimulator/leveldb.build/Objects-normal/x86_64/dumpfile.dia -c /Users/siam/Library/Developer/Xcode/DerivedData/Lingua_Quest-gvpckrqxtbgyprbgppjfqmimmmfw/SourcePackages/checkouts/leveldb/db/dumpfile.cc -o /Users/siam/Library/Developer/Xcode/DerivedData/Lingua_Quest-gvpckrqxtbgyprbgppjfqmimmmfw/Build/Intermediates.noindex/leveldb.build/Debug-iphonesimulator/leveldb.build/Objects-normal/x86_64/dumpfile.o -index-unit-output-path /leveldb.build/Debug-iphonesimulator/leveldb.build/Objects-normal/x86_64/dumpfile.o

CompileC /Users/siam/Library/Developer/Xcode/DerivedData/Lingua_Quest-gvpckrqxtbgyprbgppjfqmimmmfw/Build/Intermediates.noindex/leveldb.build/Debug-iphonesimulator/leveldb.build/Objects-normal/x86_64/dbformat.o /Users/siam/Library/Developer/Xcode/DerivedData/Lingua_Quest-gvpckrqxtbgyprbgppjfqmimmmfw/SourcePackages/checkouts/leveldb/db/dbformat.cc normal x86_64 c++ com.apple.compilers.llvm.clang.1_0.compiler (in target 'leveldb' from project 'leveldb')
    cd /Users/siam/Desktop/Lingua\ Quest/Lingua\ Quest.xcodeproj
    
    Using response file: /Users/siam/Library/Developer/Xcode/DerivedData/Lingua_Quest-gvpckrqxtbgyprbgppjfqmimmmfw/Build/Intermediates.noindex/leveldb.build/Debug-iphonesimulator/leveldb.build/Objects-normal/x86_64/82b82416624d2658e5098eb0a28c15c5-common-args.resp
    
    /Applications/Xcode.app/Contents/Developer/Toolchains/XcodeDefault.xctoolchain/usr/bin/clang -x c++ -ivfsstatcache /Users/siam/Library/Developer/Xcode/DerivedData/SDKStatCaches.noindex/iphonesimulator26.0-23A339-26257891a6c027eb51374368541b8346.sdkstatcache -fmessage-length\=0 -fdiagnostics-show-note-include-stack -fmacro-backtrace-limit\=0 -fno-color-diagnostics -fmodules-prune-interval\=86400 -fmodules-prune-after\=345600 -fbuild-session-file\=/Users/siam/Library/Developer/Xcode/DerivedData/ModuleCache.noindex/Session.modulevalidation -fmodules-validate-once-per-build-session -Wnon-modular-include-in-framework-module -Werror\=non-modular-include-in-framework-module -Wno-trigraphs -Wno-missing-field-initializers -Wno-missing-prototypes -Wno-return-type -Wno-non-virtual-dtor -Wno-overloaded-virtual -Wno-exit-time-destructors -Wno-missing-braces -Wparentheses -Wswitch -Wno-unused-function -Wno-unused-label -Wno-unused-parameter -Wno-unused-variable -Wunused-value -Wno-empty-body -Wno-uninitialized -Wno-unknown-pragmas -w -Wno-shadow -Wno-four-char-constants -Wno-conversion -Wno-constant-conversion -Wno-int-conversion -Wno-bool-conversion -Wno-enum-conversion -Wno-float-conversion -Wno-non-literal-null-conversion -Wno-objc-literal-conversion -Wshorten-64-to-32 -Wno-newline-eof -Wno-c++11-extensions -Wno-implicit-fallthrough -fstrict-aliasing -Wdeprecated-declarations -Winvalid-offsetof -Wno-sign-conversion -Wno-infinite-recursion -Wno-move -Wno-comma -Wno-block-capture-autoreleasing -Wno-strict-prototypes -Wno-range-loop-analysis -Wno-semicolon-before-method-body -index-store-path /Users/siam/Library/Developer/Xcode/DerivedData/Lingua_Quest-gvpckrqxtbgyprbgppjfqmimmmfw/Index.noindex/DataStore @/Users/siam/Library/Developer/Xcode/DerivedData/Lingua_Quest-gvpckrqxtbgyprbgppjfqmimmmfw/Build/Intermediates.noindex/leveldb.build/Debug-iphonesimulator/leveldb.build/Objects-normal/x86_64/82b82416624d2658e5098eb0a28c15c5-common-args.resp -MMD -MT dependencies -MF /Users/siam/Library/Developer/Xcode/DerivedData/Lingua_Quest-gvpckrqxtbgyprbgppjfqmimmmfw/Build/Intermediates.noindex/leveldb.build/Debug-iphonesimulator/leveldb.build/Objects-normal/x86_64/dbformat.d --serialize-diagnostics /Users/siam/Library/Developer/Xcode/DerivedData/Lingua_Quest-gvpckrqxtbgyprbgppjfqmimmmfw/Build/Intermediates.noindex/leveldb.build/Debug-iphonesimulator/leveldb.build/Objects-normal/x86_64/dbformat.dia -c /Users/siam/Library/Developer/Xcode/DerivedData/Lingua_Quest-gvpckrqxtbgyprbgppjfqmimmmfw/SourcePackages/checkouts/leveldb/db/dbformat.cc -o /Users/siam/Library/Developer/Xcode/DerivedData/Lingua_Quest-gvpckrqxtbgyprbgppjfqmimmmfw/Build/Intermediates.noindex/leveldb.build/Debug-iphonesimulator/leveldb.build/Objects-normal/x86_64/dbformat.o -index-unit-output-path /leveldb.build/Debug-iphonesimulator/leveldb.build/Objects-normal/x86_64/dbformat.o

CompileC /Users/siam/Library/Developer/Xcode/DerivedData/Lingua_Quest-gvpckrqxtbgyprbgppjfqmimmmfw/Build/Intermediates.noindex/leveldb.build/Debug-iphonesimulator/leveldb.build/Objects-normal/x86_64/db_iter.o /Users/siam/Library/Developer/Xcode/DerivedData/Lingua_Quest-gvpckrqxtbgyprbgppjfqmimmmfw/SourcePackages/checkouts/leveldb/db/db_iter.cc normal x86_64 c++ com.apple.compilers.llvm.clang.1_0.compiler (in target 'leveldb' from project 'leveldb')
    cd /Users/siam/Desktop/Lingua\ Quest/Lingua\ Quest.xcodeproj
    
    Using response file: /Users/siam/Library/Developer/Xcode/DerivedData/Lingua_Quest-gvpckrqxtbgyprbgppjfqmimmmfw/Build/Intermediates.noindex/leveldb.build/Debug-iphonesimulator/leveldb.build/Objects-normal/x86_64/82b82416624d2658e5098eb0a28c15c5-common-args.resp
    
    /Applications/Xcode.app/Contents/Developer/Toolchains/XcodeDefault.xctoolchain/usr/bin/clang -x c++ -ivfsstatcache /Users/siam/Library/Developer/Xcode/DerivedData/SDKStatCaches.noindex/iphonesimulator26.0-23A339-26257891a6c027eb51374368541b8346.sdkstatcache -fmessage-length\=0 -fdiagnostics-show-note-include-stack -fmacro-backtrace-limit\=0 -fno-color-diagnostics -fmodules-prune-interval\=86400 -fmodules-prune-after\=345600 -fbuild-session-file\=/Users/siam/Library/Developer/Xcode/DerivedData/ModuleCache.noindex/Session.modulevalidation -fmodules-validate-once-per-build-session -Wnon-modular-include-in-framework-module -Werror\=non-modular-include-in-framework-module -Wno-trigraphs -Wno-missing-field-initializers -Wno-missing-prototypes -Wno-return-type -Wno-non-virtual-dtor -Wno-overloaded-virtual -Wno-exit-time-destructors -Wno-missing-braces -Wparentheses -Wswitch -Wno-unused-function -Wno-unused-label -Wno-unused-parameter -Wno-unused-variable -Wunused-value -Wno-empty-body -Wno-uninitialized -Wno-unknown-pragmas -w -Wno-shadow -Wno-four-char-constants -Wno-conversion -Wno-constant-conversion -Wno-int-conversion -Wno-bool-conversion -Wno-enum-conversion -Wno-float-conversion -Wno-non-literal-null-conversion -Wno-objc-literal-conversion -Wshorten-64-to-32 -Wno-newline-eof -Wno-c++11-extensions -Wno-implicit-fallthrough -fstrict-aliasing -Wdeprecated-declarations -Winvalid-offsetof -Wno-sign-conversion -Wno-infinite-recursion -Wno-move -Wno-comma -Wno-block-capture-autoreleasing -Wno-strict-prototypes -Wno-range-loop-analysis -Wno-semicolon-before-method-body -index-store-path /Users/siam/Library/Developer/Xcode/DerivedData/Lingua_Quest-gvpckrqxtbgyprbgppjfqmimmmfw/Index.noindex/DataStore @/Users/siam/Library/Developer/Xcode/DerivedData/Lingua_Quest-gvpckrqxtbgyprbgppjfqmimmmfw/Build/Intermediates.noindex/leveldb.build/Debug-iphonesimulator/leveldb.build/Objects-normal/x86_64/82b82416624d2658e5098eb0a28c15c5-common-args.resp -MMD -MT dependencies -MF /Users/siam/Library/Developer/Xcode/DerivedData/Lingua_Quest-gvpckrqxtbgyprbgppjfqmimmmfw/Build/Intermediates.noindex/leveldb.build/Debug-iphonesimulator/leveldb.build/Objects-normal/x86_64/db_iter.d --serialize-diagnostics /Users/siam/Library/Developer/Xcode/DerivedData/Lingua_Quest-gvpckrqxtbgyprbgppjfqmimmmfw/Build/Intermediates.noindex/leveldb.build/Debug-iphonesimulator/leveldb.build/Objects-normal/x86_64/db_iter.dia -c /Users/siam/Library/Developer/Xcode/DerivedData/Lingua_Quest-gvpckrqxtbgyprbgppjfqmimmmfw/SourcePackages/checkouts/leveldb/db/db_iter.cc -o /Users/siam/Library/Developer/Xcode/DerivedData/Lingua_Quest-gvpckrqxtbgyprbgppjfqmimmmfw/Build/Intermediates.noindex/leveldb.build/Debug-iphonesimulator/leveldb.build/Objects-normal/x86_64/db_iter.o -index-unit-output-path /leveldb.build/Debug-iphonesimulator/leveldb.build/Objects-normal/x86_64/db_iter.o

CompileC /Users/siam/Library/Developer/Xcode/DerivedData/Lingua_Quest-gvpckrqxtbgyprbgppjfqmimmmfw/Build/Intermediates.noindex/leveldb.build/Debug-iphonesimulator/leveldb.build/Objects-normal/x86_64/db_impl.o /Users/siam/Library/Developer/Xcode/DerivedData/Lingua_Quest-gvpckrqxtbgyprbgppjfqmimmmfw/SourcePackages/checkouts/leveldb/db/db_impl.cc normal x86_64 c++ com.apple.compilers.llvm.clang.1_0.compiler (in target 'leveldb' from project 'leveldb')
    cd /Users/siam/Desktop/Lingua\ Quest/Lingua\ Quest.xcodeproj
    
    Using response file: /Users/siam/Library/Developer/Xcode/DerivedData/Lingua_Quest-gvpckrqxtbgyprbgppjfqmimmmfw/Build/Intermediates.noindex/leveldb.build/Debug-iphonesimulator/leveldb.build/Objects-normal/x86_64/82b82416624d2658e5098eb0a28c15c5-common-args.resp
    
    /Applications/Xcode.app/Contents/Developer/Toolchains/XcodeDefault.xctoolchain/usr/bin/clang -x c++ -ivfsstatcache /Users/siam/Library/Developer/Xcode/DerivedData/SDKStatCaches.noindex/iphonesimulator26.0-23A339-26257891a6c027eb51374368541b8346.sdkstatcache -fmessage-length\=0 -fdiagnostics-show-note-include-stack -fmacro-backtrace-limit\=0 -fno-color-diagnostics -fmodules-prune-interval\=86400 -fmodules-prune-after\=345600 -fbuild-session-file\=/Users/siam/Library/Developer/Xcode/DerivedData/ModuleCache.noindex/Session.modulevalidation -fmodules-validate-once-per-build-session -Wnon-modular-include-in-framework-module -Werror\=non-modular-include-in-framework-module -Wno-trigraphs -Wno-missing-field-initializers -Wno-missing-prototypes -Wno-return-type -Wno-non-virtual-dtor -Wno-overloaded-virtual -Wno-exit-time-destructors -Wno-missing-braces -Wparentheses -Wswitch -Wno-unused-function -Wno-unused-label -Wno-unused-parameter -Wno-unused-variable -Wunused-value -Wno-empty-body -Wno-uninitialized -Wno-unknown-pragmas -w -Wno-shadow -Wno-four-char-constants -Wno-conversion -Wno-constant-conversion -Wno-int-conversion -Wno-bool-conversion -Wno-enum-conversion -Wno-float-conversion -Wno-non-literal-null-conversion -Wno-objc-literal-conversion -Wshorten-64-to-32 -Wno-newline-eof -Wno-c++11-extensions -Wno-implicit-fallthrough -fstrict-aliasing -Wdeprecated-declarations -Winvalid-offsetof -Wno-sign-conversion -Wno-infinite-recursion -Wno-move -Wno-comma -Wno-block-capture-autoreleasing -Wno-strict-prototypes -Wno-range-loop-analysis -Wno-semicolon-before-method-body -index-store-path /Users/siam/Library/Developer/Xcode/DerivedData/Lingua_Quest-gvpckrqxtbgyprbgppjfqmimmmfw/Index.noindex/DataStore @/Users/siam/Library/Developer/Xcode/DerivedData/Lingua_Quest-gvpckrqxtbgyprbgppjfqmimmmfw/Build/Intermediates.noindex/leveldb.build/Debug-iphonesimulator/leveldb.build/Objects-normal/x86_64/82b82416624d2658e5098eb0a28c15c5-common-args.resp -MMD -MT dependencies -MF /Users/siam/Library/Developer/Xcode/DerivedData/Lingua_Quest-gvpckrqxtbgyprbgppjfqmimmmfw/Build/Intermediates.noindex/leveldb.build/Debug-iphonesimulator/leveldb.build/Objects-normal/x86_64/db_impl.d --serialize-diagnostics /Users/siam/Library/Developer/Xcode/DerivedData/Lingua_Quest-gvpckrqxtbgyprbgppjfqmimmmfw/Build/Intermediates.noindex/leveldb.build/Debug-iphonesimulator/leveldb.build/Objects-normal/x86_64/db_impl.dia -c /Users/siam/Library/Developer/Xcode/DerivedData/Lingua_Quest-gvpckrqxtbgyprbgppjfqmimmmfw/SourcePackages/checkouts/leveldb/db/db_impl.cc -o /Users/siam/Library/Developer/Xcode/DerivedData/Lingua_Quest-gvpckrqxtbgyprbgppjfqmimmmfw/Build/Intermediates.noindex/leveldb.build/Debug-iphonesimulator/leveldb.build/Objects-normal/x86_64/db_impl.o -index-unit-output-path /leveldb.build/Debug-iphonesimulator/leveldb.build/Objects-normal/x86_64/db_impl.o

CompileC /Users/siam/Library/Developer/Xcode/DerivedData/Lingua_Quest-gvpckrqxtbgyprbgppjfqmimmmfw/Build/Intermediates.noindex/leveldb.build/Debug-iphonesimulator/leveldb.build/Objects-normal/x86_64/crc32c.o /Users/siam/Library/Developer/Xcode/DerivedData/Lingua_Quest-gvpckrqxtbgyprbgppjfqmimmmfw/SourcePackages/checkouts/leveldb/util/crc32c.cc normal x86_64 c++ com.apple.compilers.llvm.clang.1_0.compiler (in target 'leveldb' from project 'leveldb')
    cd /Users/siam/Desktop/Lingua\ Quest/Lingua\ Quest.xcodeproj
    
    Using response file: /Users/siam/Library/Developer/Xcode/DerivedData/Lingua_Quest-gvpckrqxtbgyprbgppjfqmimmmfw/Build/Intermediates.noindex/leveldb.build/Debug-iphonesimulator/leveldb.build/Objects-normal/x86_64/82b82416624d2658e5098eb0a28c15c5-common-args.resp
    
    /Applications/Xcode.app/Contents/Developer/Toolchains/XcodeDefault.xctoolchain/usr/bin/clang -x c++ -ivfsstatcache /Users/siam/Library/Developer/Xcode/DerivedData/SDKStatCaches.noindex/iphonesimulator26.0-23A339-26257891a6c027eb51374368541b8346.sdkstatcache -fmessage-length\=0 -fdiagnostics-show-note-include-stack -fmacro-backtrace-limit\=0 -fno-color-diagnostics -fmodules-prune-interval\=86400 -fmodules-prune-after\=345600 -fbuild-session-file\=/Users/siam/Library/Developer/Xcode/DerivedData/ModuleCache.noindex/Session.modulevalidation -fmodules-validate-once-per-build-session -Wnon-modular-include-in-framework-module -Werror\=non-modular-include-in-framework-module -Wno-trigraphs -Wno-missing-field-initializers -Wno-missing-prototypes -Wno-return-type -Wno-non-virtual-dtor -Wno-overloaded-virtual -Wno-exit-time-destructors -Wno-missing-braces -Wparentheses -Wswitch -Wno-unused-function -Wno-unused-label -Wno-unused-parameter -Wno-unused-variable -Wunused-value -Wno-empty-body -Wno-uninitialized -Wno-unknown-pragmas -w -Wno-shadow -Wno-four-char-constants -Wno-conversion -Wno-constant-conversion -Wno-int-conversion -Wno-bool-conversion -Wno-enum-conversion -Wno-float-conversion -Wno-non-literal-null-conversion -Wno-objc-literal-conversion -Wshorten-64-to-32 -Wno-newline-eof -Wno-c++11-extensions -Wno-implicit-fallthrough -fstrict-aliasing -Wdeprecated-declarations -Winvalid-offsetof -Wno-sign-conversion -Wno-infinite-recursion -Wno-move -Wno-comma -Wno-block-capture-autoreleasing -Wno-strict-prototypes -Wno-range-loop-analysis -Wno-semicolon-before-method-body -index-store-path /Users/siam/Library/Developer/Xcode/DerivedData/Lingua_Quest-gvpckrqxtbgyprbgppjfqmimmmfw/Index.noindex/DataStore @/Users/siam/Library/Developer/Xcode/DerivedData/Lingua_Quest-gvpckrqxtbgyprbgppjfqmimmmfw/Build/Intermediates.noindex/leveldb.build/Debug-iphonesimulator/leveldb.build/Objects-normal/x86_64/82b82416624d2658e5098eb0a28c15c5-common-args.resp -MMD -MT dependencies -MF /Users/siam/Library/Developer/Xcode/DerivedData/Lingua_Quest-gvpckrqxtbgyprbgppjfqmimmmfw/Build/Intermediates.noindex/leveldb.build/Debug-iphonesimulator/leveldb.build/Objects-normal/x86_64/crc32c.d --serialize-diagnostics /Users/siam/Library/Developer/Xcode/DerivedData/Lingua_Quest-gvpckrqxtbgyprbgppjfqmimmmfw/Build/Intermediates.noindex/leveldb.build/Debug-iphonesimulator/leveldb.build/Objects-normal/x86_64/crc32c.dia -c /Users/siam/Library/Developer/Xcode/DerivedData/Lingua_Quest-gvpckrqxtbgyprbgppjfqmimmmfw/SourcePackages/checkouts/leveldb/util/crc32c.cc -o /Users/siam/Library/Developer/Xcode/DerivedData/Lingua_Quest-gvpckrqxtbgyprbgppjfqmimmmfw/Build/Intermediates.noindex/leveldb.build/Debug-iphonesimulator/leveldb.build/Objects-normal/x86_64/crc32c.o -index-unit-output-path /leveldb.build/Debug-iphonesimulator/leveldb.build/Objects-normal/x86_64/crc32c.o

CompileC /Users/siam/Library/Developer/Xcode/DerivedData/Lingua_Quest-gvpckrqxtbgyprbgppjfqmimmmfw/Build/Intermediates.noindex/leveldb.build/Debug-iphonesimulator/leveldb.build/Objects-normal/x86_64/comparator.o /Users/siam/Library/Developer/Xcode/DerivedData/Lingua_Quest-gvpckrqxtbgyprbgppjfqmimmmfw/SourcePackages/checkouts/leveldb/util/comparator.cc normal x86_64 c++ com.apple.compilers.llvm.clang.1_0.compiler (in target 'leveldb' from project 'leveldb')
    cd /Users/siam/Desktop/Lingua\ Quest/Lingua\ Quest.xcodeproj
    
    Using response file: /Users/siam/Library/Developer/Xcode/DerivedData/Lingua_Quest-gvpckrqxtbgyprbgppjfqmimmmfw/Build/Intermediates.noindex/leveldb.build/Debug-iphonesimulator/leveldb.build/Objects-normal/x86_64/82b82416624d2658e5098eb0a28c15c5-common-args.resp
    
    /Applications/Xcode.app/Contents/Developer/Toolchains/XcodeDefault.xctoolchain/usr/bin/clang -x c++ -ivfsstatcache /Users/siam/Library/Developer/Xcode/DerivedData/SDKStatCaches.noindex/iphonesimulator26.0-23A339-26257891a6c027eb51374368541b8346.sdkstatcache -fmessage-length\=0 -fdiagnostics-show-note-include-stack -fmacro-backtrace-limit\=0 -fno-color-diagnostics -fmodules-prune-interval\=86400 -fmodules-prune-after\=345600 -fbuild-session-file\=/Users/siam/Library/Developer/Xcode/DerivedData/ModuleCache.noindex/Session.modulevalidation -fmodules-validate-once-per-build-session -Wnon-modular-include-in-framework-module -Werror\=non-modular-include-in-framework-module -Wno-trigraphs -Wno-missing-field-initializers -Wno-missing-prototypes -Wno-return-type -Wno-non-virtual-dtor -Wno-overloaded-virtual -Wno-exit-time-destructors -Wno-missing-braces -Wparentheses -Wswitch -Wno-unused-function -Wno-unused-label -Wno-unused-parameter -Wno-unused-variable -Wunused-value -Wno-empty-body -Wno-uninitialized -Wno-unknown-pragmas -w -Wno-shadow -Wno-four-char-constants -Wno-conversion -Wno-constant-conversion -Wno-int-conversion -Wno-bool-conversion -Wno-enum-conversion -Wno-float-conversion -Wno-non-literal-null-conversion -Wno-objc-literal-conversion -Wshorten-64-to-32 -Wno-newline-eof -Wno-c++11-extensions -Wno-implicit-fallthrough -fstrict-aliasing -Wdeprecated-declarations -Winvalid-offsetof -Wno-sign-conversion -Wno-infinite-recursion -Wno-move -Wno-comma -Wno-block-capture-autoreleasing -Wno-strict-prototypes -Wno-range-loop-analysis -Wno-semicolon-before-method-body -index-store-path /Users/siam/Library/Developer/Xcode/DerivedData/Lingua_Quest-gvpckrqxtbgyprbgppjfqmimmmfw/Index.noindex/DataStore @/Users/siam/Library/Developer/Xcode/DerivedData/Lingua_Quest-gvpckrqxtbgyprbgppjfqmimmmfw/Build/Intermediates.noindex/leveldb.build/Debug-iphonesimulator/leveldb.build/Objects-normal/x86_64/82b82416624d2658e5098eb0a28c15c5-common-args.resp -MMD -MT dependencies -MF /Users/siam/Library/Developer/Xcode/DerivedData/Lingua_Quest-gvpckrqxtbgyprbgppjfqmimmmfw/Build/Intermediates.noindex/leveldb.build/Debug-iphonesimulator/leveldb.build/Objects-normal/x86_64/comparator.d --serialize-diagnostics /Users/siam/Library/Developer/Xcode/DerivedData/Lingua_Quest-gvpckrqxtbgyprbgppjfqmimmmfw/Build/Intermediates.noindex/leveldb.build/Debug-iphonesimulator/leveldb.build/Objects-normal/x86_64/comparator.dia -c /Users/siam/Library/Developer/Xcode/DerivedData/Lingua_Quest-gvpckrqxtbgyprbgppjfqmimmmfw/SourcePackages/checkouts/leveldb/util/comparator.cc -o /Users/siam/Library/Developer/Xcode/DerivedData/Lingua_Quest-gvpckrqxtbgyprbgppjfqmimmmfw/Build/Intermediates.noindex/leveldb.build/Debug-iphonesimulator/leveldb.build/Objects-normal/x86_64/comparator.o -index-unit-output-path /leveldb.build/Debug-iphonesimulator/leveldb.build/Objects-normal/x86_64/comparator.o

CompileC /Users/siam/Library/Developer/Xcode/DerivedData/Lingua_Quest-gvpckrqxtbgyprbgppjfqmimmmfw/Build/Intermediates.noindex/leveldb.build/Debug-iphonesimulator/leveldb.build/Objects-normal/x86_64/coding.o /Users/siam/Library/Developer/Xcode/DerivedData/Lingua_Quest-gvpckrqxtbgyprbgppjfqmimmmfw/SourcePackages/checkouts/leveldb/util/coding.cc normal x86_64 c++ com.apple.compilers.llvm.clang.1_0.compiler (in target 'leveldb' from project 'leveldb')
    cd /Users/siam/Desktop/Lingua\ Quest/Lingua\ Quest.xcodeproj
    
    Using response file: /Users/siam/Library/Developer/Xcode/DerivedData/Lingua_Quest-gvpckrqxtbgyprbgppjfqmimmmfw/Build/Intermediates.noindex/leveldb.build/Debug-iphonesimulator/leveldb.build/Objects-normal/x86_64/82b82416624d2658e5098eb0a28c15c5-common-args.resp
    
    /Applications/Xcode.app/Contents/Developer/Toolchains/XcodeDefault.xctoolchain/usr/bin/clang -x c++ -ivfsstatcache /Users/siam/Library/Developer/Xcode/DerivedData/SDKStatCaches.noindex/iphonesimulator26.0-23A339-26257891a6c027eb51374368541b8346.sdkstatcache -fmessage-length\=0 -fdiagnostics-show-note-include-stack -fmacro-backtrace-limit\=0 -fno-color-diagnostics -fmodules-prune-interval\=86400 -fmodules-prune-after\=345600 -fbuild-session-file\=/Users/siam/Library/Developer/Xcode/DerivedData/ModuleCache.noindex/Session.modulevalidation -fmodules-validate-once-per-build-session -Wnon-modular-include-in-framework-module -Werror\=non-modular-include-in-framework-module -Wno-trigraphs -Wno-missing-field-initializers -Wno-missing-prototypes -Wno-return-type -Wno-non-virtual-dtor -Wno-overloaded-virtual -Wno-exit-time-destructors -Wno-missing-braces -Wparentheses -Wswitch -Wno-unused-function -Wno-unused-label -Wno-unused-parameter -Wno-unused-variable -Wunused-value -Wno-empty-body -Wno-uninitialized -Wno-unknown-pragmas -w -Wno-shadow -Wno-four-char-constants -Wno-conversion -Wno-constant-conversion -Wno-int-conversion -Wno-bool-conversion -Wno-enum-conversion -Wno-float-conversion -Wno-non-literal-null-conversion -Wno-objc-literal-conversion -Wshorten-64-to-32 -Wno-newline-eof -Wno-c++11-extensions -Wno-implicit-fallthrough -fstrict-aliasing -Wdeprecated-declarations -Winvalid-offsetof -Wno-sign-conversion -Wno-infinite-recursion -Wno-move -Wno-comma -Wno-block-capture-autoreleasing -Wno-strict-prototypes -Wno-range-loop-analysis -Wno-semicolon-before-method-body -index-store-path /Users/siam/Library/Developer/Xcode/DerivedData/Lingua_Quest-gvpckrqxtbgyprbgppjfqmimmmfw/Index.noindex/DataStore @/Users/siam/Library/Developer/Xcode/DerivedData/Lingua_Quest-gvpckrqxtbgyprbgppjfqmimmmfw/Build/Intermediates.noindex/leveldb.build/Debug-iphonesimulator/leveldb.build/Objects-normal/x86_64/82b82416624d2658e5098eb0a28c15c5-common-args.resp -MMD -MT dependencies -MF /Users/siam/Library/Developer/Xcode/DerivedData/Lingua_Quest-gvpckrqxtbgyprbgppjfqmimmmfw/Build/Intermediates.noindex/leveldb.build/Debug-iphonesimulator/leveldb.build/Objects-normal/x86_64/coding.d --serialize-diagnostics /Users/siam/Library/Developer/Xcode/DerivedData/Lingua_Quest-gvpckrqxtbgyprbgppjfqmimmmfw/Build/Intermediates.noindex/leveldb.build/Debug-iphonesimulator/leveldb.build/Objects-normal/x86_64/coding.dia -c /Users/siam/Library/Developer/Xcode/DerivedData/Lingua_Quest-gvpckrqxtbgyprbgppjfqmimmmfw/SourcePackages/checkouts/leveldb/util/coding.cc -o /Users/siam/Library/Developer/Xcode/DerivedData/Lingua_Quest-gvpckrqxtbgyprbgppjfqmimmmfw/Build/Intermediates.noindex/leveldb.build/Debug-iphonesimulator/leveldb.build/Objects-normal/x86_64/coding.o -index-unit-output-path /leveldb.build/Debug-iphonesimulator/leveldb.build/Objects-normal/x86_64/coding.o

CompileC /Users/siam/Library/Developer/Xcode/DerivedData/Lingua_Quest-gvpckrqxtbgyprbgppjfqmimmmfw/Build/Intermediates.noindex/leveldb.build/Debug-iphonesimulator/leveldb.build/Objects-normal/x86_64/cache.o /Users/siam/Library/Developer/Xcode/DerivedData/Lingua_Quest-gvpckrqxtbgyprbgppjfqmimmmfw/SourcePackages/checkouts/leveldb/util/cache.cc normal x86_64 c++ com.apple.compilers.llvm.clang.1_0.compiler (in target 'leveldb' from project 'leveldb')
    cd /Users/siam/Desktop/Lingua\ Quest/Lingua\ Quest.xcodeproj
    
    Using response file: /Users/siam/Library/Developer/Xcode/DerivedData/Lingua_Quest-gvpckrqxtbgyprbgppjfqmimmmfw/Build/Intermediates.noindex/leveldb.build/Debug-iphonesimulator/leveldb.build/Objects-normal/x86_64/82b82416624d2658e5098eb0a28c15c5-common-args.resp
    
    /Applications/Xcode.app/Contents/Developer/Toolchains/XcodeDefault.xctoolchain/usr/bin/clang -x c++ -ivfsstatcache /Users/siam/Library/Developer/Xcode/DerivedData/SDKStatCaches.noindex/iphonesimulator26.0-23A339-26257891a6c027eb51374368541b8346.sdkstatcache -fmessage-length\=0 -fdiagnostics-show-note-include-stack -fmacro-backtrace-limit\=0 -fno-color-diagnostics -fmodules-prune-interval\=86400 -fmodules-prune-after\=345600 -fbuild-session-file\=/Users/siam/Library/Developer/Xcode/DerivedData/ModuleCache.noindex/Session.modulevalidation -fmodules-validate-once-per-build-session -Wnon-modular-include-in-framework-module -Werror\=non-modular-include-in-framework-module -Wno-trigraphs -Wno-missing-field-initializers -Wno-missing-prototypes -Wno-return-type -Wno-non-virtual-dtor -Wno-overloaded-virtual -Wno-exit-time-destructors -Wno-missing-braces -Wparentheses -Wswitch -Wno-unused-function -Wno-unused-label -Wno-unused-parameter -Wno-unused-variable -Wunused-value -Wno-empty-body -Wno-uninitialized -Wno-unknown-pragmas -w -Wno-shadow -Wno-four-char-constants -Wno-conversion -Wno-constant-conversion -Wno-int-conversion -Wno-bool-conversion -Wno-enum-conversion -Wno-float-conversion -Wno-non-literal-null-conversion -Wno-objc-literal-conversion -Wshorten-64-to-32 -Wno-newline-eof -Wno-c++11-extensions -Wno-implicit-fallthrough -fstrict-aliasing -Wdeprecated-declarations -Winvalid-offsetof -Wno-sign-conversion -Wno-infinite-recursion -Wno-move -Wno-comma -Wno-block-capture-autoreleasing -Wno-strict-prototypes -Wno-range-loop-analysis -Wno-semicolon-before-method-body -index-store-path /Users/siam/Library/Developer/Xcode/DerivedData/Lingua_Quest-gvpckrqxtbgyprbgppjfqmimmmfw/Index.noindex/DataStore @/Users/siam/Library/Developer/Xcode/DerivedData/Lingua_Quest-gvpckrqxtbgyprbgppjfqmimmmfw/Build/Intermediates.noindex/leveldb.build/Debug-iphonesimulator/leveldb.build/Objects-normal/x86_64/82b82416624d2658e5098eb0a28c15c5-common-args.resp -MMD -MT dependencies -MF /Users/siam/Library/Developer/Xcode/DerivedData/Lingua_Quest-gvpckrqxtbgyprbgppjfqmimmmfw/Build/Intermediates.noindex/leveldb.build/Debug-iphonesimulator/leveldb.build/Objects-normal/x86_64/cache.d --serialize-diagnostics /Users/siam/Library/Developer/Xcode/DerivedData/Lingua_Quest-gvpckrqxtbgyprbgppjfqmimmmfw/Build/Intermediates.noindex/leveldb.build/Debug-iphonesimulator/leveldb.build/Objects-normal/x86_64/cache.dia -c /Users/siam/Library/Developer/Xcode/DerivedData/Lingua_Quest-gvpckrqxtbgyprbgppjfqmimmmfw/SourcePackages/checkouts/leveldb/util/cache.cc -o /Users/siam/Library/Developer/Xcode/DerivedData/Lingua_Quest-gvpckrqxtbgyprbgppjfqmimmmfw/Build/Intermediates.noindex/leveldb.build/Debug-iphonesimulator/leveldb.build/Objects-normal/x86_64/cache.o -index-unit-output-path /leveldb.build/Debug-iphonesimulator/leveldb.build/Objects-normal/x86_64/cache.o

CompileC /Users/siam/Library/Developer/Xcode/DerivedData/Lingua_Quest-gvpckrqxtbgyprbgppjfqmimmmfw/Build/Intermediates.noindex/leveldb.build/Debug-iphonesimulator/leveldb.build/Objects-normal/x86_64/c.o /Users/siam/Library/Developer/Xcode/DerivedData/Lingua_Quest-gvpckrqxtbgyprbgppjfqmimmmfw/SourcePackages/checkouts/leveldb/db/c.cc normal x86_64 c++ com.apple.compilers.llvm.clang.1_0.compiler (in target 'leveldb' from project 'leveldb')
    cd /Users/siam/Desktop/Lingua\ Quest/Lingua\ Quest.xcodeproj
    
    Using response file: /Users/siam/Library/Developer/Xcode/DerivedData/Lingua_Quest-gvpckrqxtbgyprbgppjfqmimmmfw/Build/Intermediates.noindex/leveldb.build/Debug-iphonesimulator/leveldb.build/Objects-normal/x86_64/82b82416624d2658e5098eb0a28c15c5-common-args.resp
    
    /Applications/Xcode.app/Contents/Developer/Toolchains/XcodeDefault.xctoolchain/usr/bin/clang -x c++ -ivfsstatcache /Users/siam/Library/Developer/Xcode/DerivedData/SDKStatCaches.noindex/iphonesimulator26.0-23A339-26257891a6c027eb51374368541b8346.sdkstatcache -fmessage-length\=0 -fdiagnostics-show-note-include-stack -fmacro-backtrace-limit\=0 -fno-color-diagnostics -fmodules-prune-interval\=86400 -fmodules-prune-after\=345600 -fbuild-session-file\=/Users/siam/Library/Developer/Xcode/DerivedData/ModuleCache.noindex/Session.modulevalidation -fmodules-validate-once-per-build-session -Wnon-modular-include-in-framework-module -Werror\=non-modular-include-in-framework-module -Wno-trigraphs -Wno-missing-field-initializers -Wno-missing-prototypes -Wno-return-type -Wno-non-virtual-dtor -Wno-overloaded-virtual -Wno-exit-time-destructors -Wno-missing-braces -Wparentheses -Wswitch -Wno-unused-function -Wno-unused-label -Wno-unused-parameter -Wno-unused-variable -Wunused-value -Wno-empty-body -Wno-uninitialized -Wno-unknown-pragmas -w -Wno-shadow -Wno-four-char-constants -Wno-conversion -Wno-constant-conversion -Wno-int-conversion -Wno-bool-conversion -Wno-enum-conversion -Wno-float-conversion -Wno-non-literal-null-conversion -Wno-objc-literal-conversion -Wshorten-64-to-32 -Wno-newline-eof -Wno-c++11-extensions -Wno-implicit-fallthrough -fstrict-aliasing -Wdeprecated-declarations -Winvalid-offsetof -Wno-sign-conversion -Wno-infinite-recursion -Wno-move -Wno-comma -Wno-block-capture-autoreleasing -Wno-strict-prototypes -Wno-range-loop-analysis -Wno-semicolon-before-method-body -index-store-path /Users/siam/Library/Developer/Xcode/DerivedData/Lingua_Quest-gvpckrqxtbgyprbgppjfqmimmmfw/Index.noindex/DataStore @/Users/siam/Library/Developer/Xcode/DerivedData/Lingua_Quest-gvpckrqxtbgyprbgppjfqmimmmfw/Build/Intermediates.noindex/leveldb.build/Debug-iphonesimulator/leveldb.build/Objects-normal/x86_64/82b82416624d2658e5098eb0a28c15c5-common-args.resp -MMD -MT dependencies -MF /Users/siam/Library/Developer/Xcode/DerivedData/Lingua_Quest-gvpckrqxtbgyprbgppjfqmimmmfw/Build/Intermediates.noindex/leveldb.build/Debug-iphonesimulator/leveldb.build/Objects-normal/x86_64/c.d --serialize-diagnostics /Users/siam/Library/Developer/Xcode/DerivedData/Lingua_Quest-gvpckrqxtbgyprbgppjfqmimmmfw/Build/Intermediates.noindex/leveldb.build/Debug-iphonesimulator/leveldb.build/Objects-normal/x86_64/c.dia -c /Users/siam/Library/Developer/Xcode/DerivedData/Lingua_Quest-gvpckrqxtbgyprbgppjfqmimmmfw/SourcePackages/checkouts/leveldb/db/c.cc -o /Users/siam/Library/Developer/Xcode/DerivedData/Lingua_Quest-gvpckrqxtbgyprbgppjfqmimmmfw/Build/Intermediates.noindex/leveldb.build/Debug-iphonesimulator/leveldb.build/Objects-normal/x86_64/c.o -index-unit-output-path /leveldb.build/Debug-iphonesimulator/leveldb.build/Objects-normal/x86_64/c.o

CompileC /Users/siam/Library/Developer/Xcode/DerivedData/Lingua_Quest-gvpckrqxtbgyprbgppjfqmimmmfw/Build/Intermediates.noindex/leveldb.build/Debug-iphonesimulator/leveldb.build/Objects-normal/x86_64/builder.o /Users/siam/Library/Developer/Xcode/DerivedData/Lingua_Quest-gvpckrqxtbgyprbgppjfqmimmmfw/SourcePackages/checkouts/leveldb/db/builder.cc normal x86_64 c++ com.apple.compilers.llvm.clang.1_0.compiler (in target 'leveldb' from project 'leveldb')
    cd /Users/siam/Desktop/Lingua\ Quest/Lingua\ Quest.xcodeproj
    
    Using response file: /Users/siam/Library/Developer/Xcode/DerivedData/Lingua_Quest-gvpckrqxtbgyprbgppjfqmimmmfw/Build/Intermediates.noindex/leveldb.build/Debug-iphonesimulator/leveldb.build/Objects-normal/x86_64/82b82416624d2658e5098eb0a28c15c5-common-args.resp
    
    /Applications/Xcode.app/Contents/Developer/Toolchains/XcodeDefault.xctoolchain/usr/bin/clang -x c++ -ivfsstatcache /Users/siam/Library/Developer/Xcode/DerivedData/SDKStatCaches.noindex/iphonesimulator26.0-23A339-26257891a6c027eb51374368541b8346.sdkstatcache -fmessage-length\=0 -fdiagnostics-show-note-include-stack -fmacro-backtrace-limit\=0 -fno-color-diagnostics -fmodules-prune-interval\=86400 -fmodules-prune-after\=345600 -fbuild-session-file\=/Users/siam/Library/Developer/Xcode/DerivedData/ModuleCache.noindex/Session.modulevalidation -fmodules-validate-once-per-build-session -Wnon-modular-include-in-framework-module -Werror\=non-modular-include-in-framework-module -Wno-trigraphs -Wno-missing-field-initializers -Wno-missing-prototypes -Wno-return-type -Wno-non-virtual-dtor -Wno-overloaded-virtual -Wno-exit-time-destructors -Wno-missing-braces -Wparentheses -Wswitch -Wno-unused-function -Wno-unused-label -Wno-unused-parameter -Wno-unused-variable -Wunused-value -Wno-empty-body -Wno-uninitialized -Wno-unknown-pragmas -w -Wno-shadow -Wno-four-char-constants -Wno-conversion -Wno-constant-conversion -Wno-int-conversion -Wno-bool-conversion -Wno-enum-conversion -Wno-float-conversion -Wno-non-literal-null-conversion -Wno-objc-literal-conversion -Wshorten-64-to-32 -Wno-newline-eof -Wno-c++11-extensions -Wno-implicit-fallthrough -fstrict-aliasing -Wdeprecated-declarations -Winvalid-offsetof -Wno-sign-conversion -Wno-infinite-recursion -Wno-move -Wno-comma -Wno-block-capture-autoreleasing -Wno-strict-prototypes -Wno-range-loop-analysis -Wno-semicolon-before-method-body -index-store-path /Users/siam/Library/Developer/Xcode/DerivedData/Lingua_Quest-gvpckrqxtbgyprbgppjfqmimmmfw/Index.noindex/DataStore @/Users/siam/Library/Developer/Xcode/DerivedData/Lingua_Quest-gvpckrqxtbgyprbgppjfqmimmmfw/Build/Intermediates.noindex/leveldb.build/Debug-iphonesimulator/leveldb.build/Objects-normal/x86_64/82b82416624d2658e5098eb0a28c15c5-common-args.resp -MMD -MT dependencies -MF /Users/siam/Library/Developer/Xcode/DerivedData/Lingua_Quest-gvpckrqxtbgyprbgppjfqmimmmfw/Build/Intermediates.noindex/leveldb.build/Debug-iphonesimulator/leveldb.build/Objects-normal/x86_64/builder.d --serialize-diagnostics /Users/siam/Library/Developer/Xcode/DerivedData/Lingua_Quest-gvpckrqxtbgyprbgppjfqmimmmfw/Build/Intermediates.noindex/leveldb.build/Debug-iphonesimulator/leveldb.build/Objects-normal/x86_64/builder.dia -c /Users/siam/Library/Developer/Xcode/DerivedData/Lingua_Quest-gvpckrqxtbgyprbgppjfqmimmmfw/SourcePackages/checkouts/leveldb/db/builder.cc -o /Users/siam/Library/Developer/Xcode/DerivedData/Lingua_Quest-gvpckrqxtbgyprbgppjfqmimmmfw/Build/Intermediates.noindex/leveldb.build/Debug-iphonesimulator/leveldb.build/Objects-normal/x86_64/builder.o -index-unit-output-path /leveldb.build/Debug-iphonesimulator/leveldb.build/Objects-normal/x86_64/builder.o

CompileC /Users/siam/Library/Developer/Xcode/DerivedData/Lingua_Quest-gvpckrqxtbgyprbgppjfqmimmmfw/Build/Intermediates.noindex/leveldb.build/Debug-iphonesimulator/leveldb.build/Objects-normal/x86_64/bloom.o /Users/siam/Library/Developer/Xcode/DerivedData/Lingua_Quest-gvpckrqxtbgyprbgppjfqmimmmfw/SourcePackages/checkouts/leveldb/util/bloom.cc normal x86_64 c++ com.apple.compilers.llvm.clang.1_0.compiler (in target 'leveldb' from project 'leveldb')
    cd /Users/siam/Desktop/Lingua\ Quest/Lingua\ Quest.xcodeproj
    
    Using response file: /Users/siam/Library/Developer/Xcode/DerivedData/Lingua_Quest-gvpckrqxtbgyprbgppjfqmimmmfw/Build/Intermediates.noindex/leveldb.build/Debug-iphonesimulator/leveldb.build/Objects-normal/x86_64/82b82416624d2658e5098eb0a28c15c5-common-args.resp
    
    /Applications/Xcode.app/Contents/Developer/Toolchains/XcodeDefault.xctoolchain/usr/bin/clang -x c++ -ivfsstatcache /Users/siam/Library/Developer/Xcode/DerivedData/SDKStatCaches.noindex/iphonesimulator26.0-23A339-26257891a6c027eb51374368541b8346.sdkstatcache -fmessage-length\=0 -fdiagnostics-show-note-include-stack -fmacro-backtrace-limit\=0 -fno-color-diagnostics -fmodules-prune-interval\=86400 -fmodules-prune-after\=345600 -fbuild-session-file\=/Users/siam/Library/Developer/Xcode/DerivedData/ModuleCache.noindex/Session.modulevalidation -fmodules-validate-once-per-build-session -Wnon-modular-include-in-framework-module -Werror\=non-modular-include-in-framework-module -Wno-trigraphs -Wno-missing-field-initializers -Wno-missing-prototypes -Wno-return-type -Wno-non-virtual-dtor -Wno-overloaded-virtual -Wno-exit-time-destructors -Wno-missing-braces -Wparentheses -Wswitch -Wno-unused-function -Wno-unused-label -Wno-unused-parameter -Wno-unused-variable -Wunused-value -Wno-empty-body -Wno-uninitialized -Wno-unknown-pragmas -w -Wno-shadow -Wno-four-char-constants -Wno-conversion -Wno-constant-conversion -Wno-int-conversion -Wno-bool-conversion -Wno-enum-conversion -Wno-float-conversion -Wno-non-literal-null-conversion -Wno-objc-literal-conversion -Wshorten-64-to-32 -Wno-newline-eof -Wno-c++11-extensions -Wno-implicit-fallthrough -fstrict-aliasing -Wdeprecated-declarations -Winvalid-offsetof -Wno-sign-conversion -Wno-infinite-recursion -Wno-move -Wno-comma -Wno-block-capture-autoreleasing -Wno-strict-prototypes -Wno-range-loop-analysis -Wno-semicolon-before-method-body -index-store-path /Users/siam/Library/Developer/Xcode/DerivedData/Lingua_Quest-gvpckrqxtbgyprbgppjfqmimmmfw/Index.noindex/DataStore @/Users/siam/Library/Developer/Xcode/DerivedData/Lingua_Quest-gvpckrqxtbgyprbgppjfqmimmmfw/Build/Intermediates.noindex/leveldb.build/Debug-iphonesimulator/leveldb.build/Objects-normal/x86_64/82b82416624d2658e5098eb0a28c15c5-common-args.resp -MMD -MT dependencies -MF /Users/siam/Library/Developer/Xcode/DerivedData/Lingua_Quest-gvpckrqxtbgyprbgppjfqmimmmfw/Build/Intermediates.noindex/leveldb.build/Debug-iphonesimulator/leveldb.build/Objects-normal/x86_64/bloom.d --serialize-diagnostics /Users/siam/Library/Developer/Xcode/DerivedData/Lingua_Quest-gvpckrqxtbgyprbgppjfqmimmmfw/Build/Intermediates.noindex/leveldb.build/Debug-iphonesimulator/leveldb.build/Objects-normal/x86_64/bloom.dia -c /Users/siam/Library/Developer/Xcode/DerivedData/Lingua_Quest-gvpckrqxtbgyprbgppjfqmimmmfw/SourcePackages/checkouts/leveldb/util/bloom.cc -o /Users/siam/Library/Developer/Xcode/DerivedData/Lingua_Quest-gvpckrqxtbgyprbgppjfqmimmmfw/Build/Intermediates.noindex/leveldb.build/Debug-iphonesimulator/leveldb.build/Objects-normal/x86_64/bloom.o -index-unit-output-path /leveldb.build/Debug-iphonesimulator/leveldb.build/Objects-normal/x86_64/bloom.o

CompileC /Users/siam/Library/Developer/Xcode/DerivedData/Lingua_Quest-gvpckrqxtbgyprbgppjfqmimmmfw/Build/Intermediates.noindex/leveldb.build/Debug-iphonesimulator/leveldb.build/Objects-normal/x86_64/block_builder.o /Users/siam/Library/Developer/Xcode/DerivedData/Lingua_Quest-gvpckrqxtbgyprbgppjfqmimmmfw/SourcePackages/checkouts/leveldb/table/block_builder.cc normal x86_64 c++ com.apple.compilers.llvm.clang.1_0.compiler (in target 'leveldb' from project 'leveldb')
    cd /Users/siam/Desktop/Lingua\ Quest/Lingua\ Quest.xcodeproj
    
    Using response file: /Users/siam/Library/Developer/Xcode/DerivedData/Lingua_Quest-gvpckrqxtbgyprbgppjfqmimmmfw/Build/Intermediates.noindex/leveldb.build/Debug-iphonesimulator/leveldb.build/Objects-normal/x86_64/82b82416624d2658e5098eb0a28c15c5-common-args.resp
    
    /Applications/Xcode.app/Contents/Developer/Toolchains/XcodeDefault.xctoolchain/usr/bin/clang -x c++ -ivfsstatcache /Users/siam/Library/Developer/Xcode/DerivedData/SDKStatCaches.noindex/iphonesimulator26.0-23A339-26257891a6c027eb51374368541b8346.sdkstatcache -fmessage-length\=0 -fdiagnostics-show-note-include-stack -fmacro-backtrace-limit\=0 -fno-color-diagnostics -fmodules-prune-interval\=86400 -fmodules-prune-after\=345600 -fbuild-session-file\=/Users/siam/Library/Developer/Xcode/DerivedData/ModuleCache.noindex/Session.modulevalidation -fmodules-validate-once-per-build-session -Wnon-modular-include-in-framework-module -Werror\=non-modular-include-in-framework-module -Wno-trigraphs -Wno-missing-field-initializers -Wno-missing-prototypes -Wno-return-type -Wno-non-virtual-dtor -Wno-overloaded-virtual -Wno-exit-time-destructors -Wno-missing-braces -Wparentheses -Wswitch -Wno-unused-function -Wno-unused-label -Wno-unused-parameter -Wno-unused-variable -Wunused-value -Wno-empty-body -Wno-uninitialized -Wno-unknown-pragmas -w -Wno-shadow -Wno-four-char-constants -Wno-conversion -Wno-constant-conversion -Wno-int-conversion -Wno-bool-conversion -Wno-enum-conversion -Wno-float-conversion -Wno-non-literal-null-conversion -Wno-objc-literal-conversion -Wshorten-64-to-32 -Wno-newline-eof -Wno-c++11-extensions -Wno-implicit-fallthrough -fstrict-aliasing -Wdeprecated-declarations -Winvalid-offsetof -Wno-sign-conversion -Wno-infinite-recursion -Wno-move -Wno-comma -Wno-block-capture-autoreleasing -Wno-strict-prototypes -Wno-range-loop-analysis -Wno-semicolon-before-method-body -index-store-path /Users/siam/Library/Developer/Xcode/DerivedData/Lingua_Quest-gvpckrqxtbgyprbgppjfqmimmmfw/Index.noindex/DataStore @/Users/siam/Library/Developer/Xcode/DerivedData/Lingua_Quest-gvpckrqxtbgyprbgppjfqmimmmfw/Build/Intermediates.noindex/leveldb.build/Debug-iphonesimulator/leveldb.build/Objects-normal/x86_64/82b82416624d2658e5098eb0a28c15c5-common-args.resp -MMD -MT dependencies -MF /Users/siam/Library/Developer/Xcode/DerivedData/Lingua_Quest-gvpckrqxtbgyprbgppjfqmimmmfw/Build/Intermediates.noindex/leveldb.build/Debug-iphonesimulator/leveldb.build/Objects-normal/x86_64/block_builder.d --serialize-diagnostics /Users/siam/Library/Developer/Xcode/DerivedData/Lingua_Quest-gvpckrqxtbgyprbgppjfqmimmmfw/Build/Intermediates.noindex/leveldb.build/Debug-iphonesimulator/leveldb.build/Objects-normal/x86_64/block_builder.dia -c /Users/siam/Library/Developer/Xcode/DerivedData/Lingua_Quest-gvpckrqxtbgyprbgppjfqmimmmfw/SourcePackages/checkouts/leveldb/table/block_builder.cc -o /Users/siam/Library/Developer/Xcode/DerivedData/Lingua_Quest-gvpckrqxtbgyprbgppjfqmimmmfw/Build/Intermediates.noindex/leveldb.build/Debug-iphonesimulator/leveldb.build/Objects-normal/x86_64/block_builder.o -index-unit-output-path /leveldb.build/Debug-iphonesimulator/leveldb.build/Objects-normal/x86_64/block_builder.o

CompileC /Users/siam/Library/Developer/Xcode/DerivedData/Lingua_Quest-gvpckrqxtbgyprbgppjfqmimmmfw/Build/Intermediates.noindex/leveldb.build/Debug-iphonesimulator/leveldb.build/Objects-normal/x86_64/block.o /Users/siam/Library/Developer/Xcode/DerivedData/Lingua_Quest-gvpckrqxtbgyprbgppjfqmimmmfw/SourcePackages/checkouts/leveldb/table/block.cc normal x86_64 c++ com.apple.compilers.llvm.clang.1_0.compiler (in target 'leveldb' from project 'leveldb')
    cd /Users/siam/Desktop/Lingua\ Quest/Lingua\ Quest.xcodeproj
    
    Using response file: /Users/siam/Library/Developer/Xcode/DerivedData/Lingua_Quest-gvpckrqxtbgyprbgppjfqmimmmfw/Build/Intermediates.noindex/leveldb.build/Debug-iphonesimulator/leveldb.build/Objects-normal/x86_64/82b82416624d2658e5098eb0a28c15c5-common-args.resp
    
    /Applications/Xcode.app/Contents/Developer/Toolchains/XcodeDefault.xctoolchain/usr/bin/clang -x c++ -ivfsstatcache /Users/siam/Library/Developer/Xcode/DerivedData/SDKStatCaches.noindex/iphonesimulator26.0-23A339-26257891a6c027eb51374368541b8346.sdkstatcache -fmessage-length\=0 -fdiagnostics-show-note-include-stack -fmacro-backtrace-limit\=0 -fno-color-diagnostics -fmodules-prune-interval\=86400 -fmodules-prune-after\=345600 -fbuild-session-file\=/Users/siam/Library/Developer/Xcode/DerivedData/ModuleCache.noindex/Session.modulevalidation -fmodules-validate-once-per-build-session -Wnon-modular-include-in-framework-module -Werror\=non-modular-include-in-framework-module -Wno-trigraphs -Wno-missing-field-initializers -Wno-missing-prototypes -Wno-return-type -Wno-non-virtual-dtor -Wno-overloaded-virtual -Wno-exit-time-destructors -Wno-missing-braces -Wparentheses -Wswitch -Wno-unused-function -Wno-unused-label -Wno-unused-parameter -Wno-unused-variable -Wunused-value -Wno-empty-body -Wno-uninitialized -Wno-unknown-pragmas -w -Wno-shadow -Wno-four-char-constants -Wno-conversion -Wno-constant-conversion -Wno-int-conversion -Wno-bool-conversion -Wno-enum-conversion -Wno-float-conversion -Wno-non-literal-null-conversion -Wno-objc-literal-conversion -Wshorten-64-to-32 -Wno-newline-eof -Wno-c++11-extensions -Wno-implicit-fallthrough -fstrict-aliasing -Wdeprecated-declarations -Winvalid-offsetof -Wno-sign-conversion -Wno-infinite-recursion -Wno-move -Wno-comma -Wno-block-capture-autoreleasing -Wno-strict-prototypes -Wno-range-loop-analysis -Wno-semicolon-before-method-body -index-store-path /Users/siam/Library/Developer/Xcode/DerivedData/Lingua_Quest-gvpckrqxtbgyprbgppjfqmimmmfw/Index.noindex/DataStore @/Users/siam/Library/Developer/Xcode/DerivedData/Lingua_Quest-gvpckrqxtbgyprbgppjfqmimmmfw/Build/Intermediates.noindex/leveldb.build/Debug-iphonesimulator/leveldb.build/Objects-normal/x86_64/82b82416624d2658e5098eb0a28c15c5-common-args.resp -MMD -MT dependencies -MF /Users/siam/Library/Developer/Xcode/DerivedData/Lingua_Quest-gvpckrqxtbgyprbgppjfqmimmmfw/Build/Intermediates.noindex/leveldb.build/Debug-iphonesimulator/leveldb.build/Objects-normal/x86_64/block.d --serialize-diagnostics /Users/siam/Library/Developer/Xcode/DerivedData/Lingua_Quest-gvpckrqxtbgyprbgppjfqmimmmfw/Build/Intermediates.noindex/leveldb.build/Debug-iphonesimulator/leveldb.build/Objects-normal/x86_64/block.dia -c /Users/siam/Library/Developer/Xcode/DerivedData/Lingua_Quest-gvpckrqxtbgyprbgppjfqmimmmfw/SourcePackages/checkouts/leveldb/table/block.cc -o /Users/siam/Library/Developer/Xcode/DerivedData/Lingua_Quest-gvpckrqxtbgyprbgppjfqmimmmfw/Build/Intermediates.noindex/leveldb.build/Debug-iphonesimulator/leveldb.build/Objects-normal/x86_64/block.o -index-unit-output-path /leveldb.build/Debug-iphonesimulator/leveldb.build/Objects-normal/x86_64/block.o

CompileC /Users/siam/Library/Developer/Xcode/DerivedData/Lingua_Quest-gvpckrqxtbgyprbgppjfqmimmmfw/Build/Intermediates.noindex/leveldb.build/Debug-iphonesimulator/leveldb.build/Objects-normal/x86_64/arena.o /Users/siam/Library/Developer/Xcode/DerivedData/Lingua_Quest-gvpckrqxtbgyprbgppjfqmimmmfw/SourcePackages/checkouts/leveldb/util/arena.cc normal x86_64 c++ com.apple.compilers.llvm.clang.1_0.compiler (in target 'leveldb' from project 'leveldb')
    cd /Users/siam/Desktop/Lingua\ Quest/Lingua\ Quest.xcodeproj
    
    Using response file: /Users/siam/Library/Developer/Xcode/DerivedData/Lingua_Quest-gvpckrqxtbgyprbgppjfqmimmmfw/Build/Intermediates.noindex/leveldb.build/Debug-iphonesimulator/leveldb.build/Objects-normal/x86_64/82b82416624d2658e5098eb0a28c15c5-common-args.resp
    
    /Applications/Xcode.app/Contents/Developer/Toolchains/XcodeDefault.xctoolchain/usr/bin/clang -x c++ -ivfsstatcache /Users/siam/Library/Developer/Xcode/DerivedData/SDKStatCaches.noindex/iphonesimulator26.0-23A339-26257891a6c027eb51374368541b8346.sdkstatcache -fmessage-length\=0 -fdiagnostics-show-note-include-stack -fmacro-backtrace-limit\=0 -fno-color-diagnostics -fmodules-prune-interval\=86400 -fmodules-prune-after\=345600 -fbuild-session-file\=/Users/siam/Library/Developer/Xcode/DerivedData/ModuleCache.noindex/Session.modulevalidation -fmodules-validate-once-per-build-session -Wnon-modular-include-in-framework-module -Werror\=non-modular-include-in-framework-module -Wno-trigraphs -Wno-missing-field-initializers -Wno-missing-prototypes -Wno-return-type -Wno-non-virtual-dtor -Wno-overloaded-virtual -Wno-exit-time-destructors -Wno-missing-braces -Wparentheses -Wswitch -Wno-unused-function -Wno-unused-label -Wno-unused-parameter -Wno-unused-variable -Wunused-value -Wno-empty-body -Wno-uninitialized -Wno-unknown-pragmas -w -Wno-shadow -Wno-four-char-constants -Wno-conversion -Wno-constant-conversion -Wno-int-conversion -Wno-bool-conversion -Wno-enum-conversion -Wno-float-conversion -Wno-non-literal-null-conversion -Wno-objc-literal-conversion -Wshorten-64-to-32 -Wno-newline-eof -Wno-c++11-extensions -Wno-implicit-fallthrough -fstrict-aliasing -Wdeprecated-declarations -Winvalid-offsetof -Wno-sign-conversion -Wno-infinite-recursion -Wno-move -Wno-comma -Wno-block-capture-autoreleasing -Wno-strict-prototypes -Wno-range-loop-analysis -Wno-semicolon-before-method-body -index-store-path /Users/siam/Library/Developer/Xcode/DerivedData/Lingua_Quest-gvpckrqxtbgyprbgppjfqmimmmfw/Index.noindex/DataStore @/Users/siam/Library/Developer/Xcode/DerivedData/Lingua_Quest-gvpckrqxtbgyprbgppjfqmimmmfw/Build/Intermediates.noindex/leveldb.build/Debug-iphonesimulator/leveldb.build/Objects-normal/x86_64/82b82416624d2658e5098eb0a28c15c5-common-args.resp -MMD -MT dependencies -MF /Users/siam/Library/Developer/Xcode/DerivedData/Lingua_Quest-gvpckrqxtbgyprbgppjfqmimmmfw/Build/Intermediates.noindex/leveldb.build/Debug-iphonesimulator/leveldb.build/Objects-normal/x86_64/arena.d --serialize-diagnostics /Users/siam/Library/Developer/Xcode/DerivedData/Lingua_Quest-gvpckrqxtbgyprbgppjfqmimmmfw/Build/Intermediates.noindex/leveldb.build/Debug-iphonesimulator/leveldb.build/Objects-normal/x86_64/arena.dia -c /Users/siam/Library/Developer/Xcode/DerivedData/Lingua_Quest-gvpckrqxtbgyprbgppjfqmimmmfw/SourcePackages/checkouts/leveldb/util/arena.cc -o /Users/siam/Library/Developer/Xcode/DerivedData/Lingua_Quest-gvpckrqxtbgyprbgppjfqmimmmfw/Build/Intermediates.noindex/leveldb.build/Debug-iphonesimulator/leveldb.build/Objects-normal/x86_64/arena.o -index-unit-output-path /leveldb.build/Debug-iphonesimulator/leveldb.build/Objects-normal/x86_64/arena.o

CompileC /Users/siam/Library/Developer/Xcode/DerivedData/Lingua_Quest-gvpckrqxtbgyprbgppjfqmimmmfw/Build/Intermediates.noindex/leveldb.build/Debug-iphonesimulator/leveldb.build/Objects-normal/arm64/write_batch.o /Users/siam/Library/Developer/Xcode/DerivedData/Lingua_Quest-gvpckrqxtbgyprbgppjfqmimmmfw/SourcePackages/checkouts/leveldb/db/write_batch.cc normal arm64 c++ com.apple.compilers.llvm.clang.1_0.compiler (in target 'leveldb' from project 'leveldb')
    cd /Users/siam/Desktop/Lingua\ Quest/Lingua\ Quest.xcodeproj
    
    Using response file: /Users/siam/Library/Developer/Xcode/DerivedData/Lingua_Quest-gvpckrqxtbgyprbgppjfqmimmmfw/Build/Intermediates.noindex/leveldb.build/Debug-iphonesimulator/leveldb.build/Objects-normal/arm64/82b82416624d2658e5098eb0a28c15c5-common-args.resp
    
    /Applications/Xcode.app/Contents/Developer/Toolchains/XcodeDefault.xctoolchain/usr/bin/clang -x c++ -ivfsstatcache /Users/siam/Library/Developer/Xcode/DerivedData/SDKStatCaches.noindex/iphonesimulator26.0-23A339-26257891a6c027eb51374368541b8346.sdkstatcache -fmessage-length\=0 -fdiagnostics-show-note-include-stack -fmacro-backtrace-limit\=0 -fno-color-diagnostics -fmodules-prune-interval\=86400 -fmodules-prune-after\=345600 -fbuild-session-file\=/Users/siam/Library/Developer/Xcode/DerivedData/ModuleCache.noindex/Session.modulevalidation -fmodules-validate-once-per-build-session -Wnon-modular-include-in-framework-module -Werror\=non-modular-include-in-framework-module -Wno-trigraphs -Wno-missing-field-initializers -Wno-missing-prototypes -Wno-return-type -Wno-non-virtual-dtor -Wno-overloaded-virtual -Wno-exit-time-destructors -Wno-missing-braces -Wparentheses -Wswitch -Wno-unused-function -Wno-unused-label -Wno-unused-parameter -Wno-unused-variable -Wunused-value -Wno-empty-body -Wno-uninitialized -Wno-unknown-pragmas -w -Wno-shadow -Wno-four-char-constants -Wno-conversion -Wno-constant-conversion -Wno-int-conversion -Wno-bool-conversion -Wno-enum-conversion -Wno-float-conversion -Wno-non-literal-null-conversion -Wno-objc-literal-conversion -Wshorten-64-to-32 -Wno-newline-eof -Wno-c++11-extensions -Wno-implicit-fallthrough -fstrict-aliasing -Wdeprecated-declarations -Winvalid-offsetof -Wno-sign-conversion -Wno-infinite-recursion -Wno-move -Wno-comma -Wno-block-capture-autoreleasing -Wno-strict-prototypes -Wno-range-loop-analysis -Wno-semicolon-before-method-body -index-store-path /Users/siam/Library/Developer/Xcode/DerivedData/Lingua_Quest-gvpckrqxtbgyprbgppjfqmimmmfw/Index.noindex/DataStore @/Users/siam/Library/Developer/Xcode/DerivedData/Lingua_Quest-gvpckrqxtbgyprbgppjfqmimmmfw/Build/Intermediates.noindex/leveldb.build/Debug-iphonesimulator/leveldb.build/Objects-normal/arm64/82b82416624d2658e5098eb0a28c15c5-common-args.resp -MMD -MT dependencies -MF /Users/siam/Library/Developer/Xcode/DerivedData/Lingua_Quest-gvpckrqxtbgyprbgppjfqmimmmfw/Build/Intermediates.noindex/leveldb.build/Debug-iphonesimulator/leveldb.build/Objects-normal/arm64/write_batch.d --serialize-diagnostics /Users/siam/Library/Developer/Xcode/DerivedData/Lingua_Quest-gvpckrqxtbgyprbgppjfqmimmmfw/Build/Intermediates.noindex/leveldb.build/Debug-iphonesimulator/leveldb.build/Objects-normal/arm64/write_batch.dia -c /Users/siam/Library/Developer/Xcode/DerivedData/Lingua_Quest-gvpckrqxtbgyprbgppjfqmimmmfw/SourcePackages/checkouts/leveldb/db/write_batch.cc -o /Users/siam/Library/Developer/Xcode/DerivedData/Lingua_Quest-gvpckrqxtbgyprbgppjfqmimmmfw/Build/Intermediates.noindex/leveldb.build/Debug-iphonesimulator/leveldb.build/Objects-normal/arm64/write_batch.o -index-unit-output-path /leveldb.build/Debug-iphonesimulator/leveldb.build/Objects-normal/arm64/write_batch.o

CompileC /Users/siam/Library/Developer/Xcode/DerivedData/Lingua_Quest-gvpckrqxtbgyprbgppjfqmimmmfw/Build/Intermediates.noindex/leveldb.build/Debug-iphonesimulator/leveldb.build/Objects-normal/arm64/version_set.o /Users/siam/Library/Developer/Xcode/DerivedData/Lingua_Quest-gvpckrqxtbgyprbgppjfqmimmmfw/SourcePackages/checkouts/leveldb/db/version_set.cc normal arm64 c++ com.apple.compilers.llvm.clang.1_0.compiler (in target 'leveldb' from project 'leveldb')
    cd /Users/siam/Desktop/Lingua\ Quest/Lingua\ Quest.xcodeproj
    
    Using response file: /Users/siam/Library/Developer/Xcode/DerivedData/Lingua_Quest-gvpckrqxtbgyprbgppjfqmimmmfw/Build/Intermediates.noindex/leveldb.build/Debug-iphonesimulator/leveldb.build/Objects-normal/arm64/82b82416624d2658e5098eb0a28c15c5-common-args.resp
    
    /Applications/Xcode.app/Contents/Developer/Toolchains/XcodeDefault.xctoolchain/usr/bin/clang -x c++ -ivfsstatcache /Users/siam/Library/Developer/Xcode/DerivedData/SDKStatCaches.noindex/iphonesimulator26.0-23A339-26257891a6c027eb51374368541b8346.sdkstatcache -fmessage-length\=0 -fdiagnostics-show-note-include-stack -fmacro-backtrace-limit\=0 -fno-color-diagnostics -fmodules-prune-interval\=86400 -fmodules-prune-after\=345600 -fbuild-session-file\=/Users/siam/Library/Developer/Xcode/DerivedData/ModuleCache.noindex/Session.modulevalidation -fmodules-validate-once-per-build-session -Wnon-modular-include-in-framework-module -Werror\=non-modular-include-in-framework-module -Wno-trigraphs -Wno-missing-field-initializers -Wno-missing-prototypes -Wno-return-type -Wno-non-virtual-dtor -Wno-overloaded-virtual -Wno-exit-time-destructors -Wno-missing-braces -Wparentheses -Wswitch -Wno-unused-function -Wno-unused-label -Wno-unused-parameter -Wno-unused-variable -Wunused-value -Wno-empty-body -Wno-uninitialized -Wno-unknown-pragmas -w -Wno-shadow -Wno-four-char-constants -Wno-conversion -Wno-constant-conversion -Wno-int-conversion -Wno-bool-conversion -Wno-enum-conversion -Wno-float-conversion -Wno-non-literal-null-conversion -Wno-objc-literal-conversion -Wshorten-64-to-32 -Wno-newline-eof -Wno-c++11-extensions -Wno-implicit-fallthrough -fstrict-aliasing -Wdeprecated-declarations -Winvalid-offsetof -Wno-sign-conversion -Wno-infinite-recursion -Wno-move -Wno-comma -Wno-block-capture-autoreleasing -Wno-strict-prototypes -Wno-range-loop-analysis -Wno-semicolon-before-method-body -index-store-path /Users/siam/Library/Developer/Xcode/DerivedData/Lingua_Quest-gvpckrqxtbgyprbgppjfqmimmmfw/Index.noindex/DataStore @/Users/siam/Library/Developer/Xcode/DerivedData/Lingua_Quest-gvpckrqxtbgyprbgppjfqmimmmfw/Build/Intermediates.noindex/leveldb.build/Debug-iphonesimulator/leveldb.build/Objects-normal/arm64/82b82416624d2658e5098eb0a28c15c5-common-args.resp -MMD -MT dependencies -MF /Users/siam/Library/Developer/Xcode/DerivedData/Lingua_Quest-gvpckrqxtbgyprbgppjfqmimmmfw/Build/Intermediates.noindex/leveldb.build/Debug-iphonesimulator/leveldb.build/Objects-normal/arm64/version_set.d --serialize-diagnostics /Users/siam/Library/Developer/Xcode/DerivedData/Lingua_Quest-gvpckrqxtbgyprbgppjfqmimmmfw/Build/Intermediates.noindex/leveldb.build/Debug-iphonesimulator/leveldb.build/Objects-normal/arm64/version_set.dia -c /Users/siam/Library/Developer/Xcode/DerivedData/Lingua_Quest-gvpckrqxtbgyprbgppjfqmimmmfw/SourcePackages/checkouts/leveldb/db/version_set.cc -o /Users/siam/Library/Developer/Xcode/DerivedData/Lingua_Quest-gvpckrqxtbgyprbgppjfqmimmmfw/Build/Intermediates.noindex/leveldb.build/Debug-iphonesimulator/leveldb.build/Objects-normal/arm64/version_set.o -index-unit-output-path /leveldb.build/Debug-iphonesimulator/leveldb.build/Objects-normal/arm64/version_set.o

CompileC /Users/siam/Library/Developer/Xcode/DerivedData/Lingua_Quest-gvpckrqxtbgyprbgppjfqmimmmfw/Build/Intermediates.noindex/leveldb.build/Debug-iphonesimulator/leveldb.build/Objects-normal/arm64/version_edit.o /Users/siam/Library/Developer/Xcode/DerivedData/Lingua_Quest-gvpckrqxtbgyprbgppjfqmimmmfw/SourcePackages/checkouts/leveldb/db/version_edit.cc normal arm64 c++ com.apple.compilers.llvm.clang.1_0.compiler (in target 'leveldb' from project 'leveldb')
    cd /Users/siam/Desktop/Lingua\ Quest/Lingua\ Quest.xcodeproj
    
    Using response file: /Users/siam/Library/Developer/Xcode/DerivedData/Lingua_Quest-gvpckrqxtbgyprbgppjfqmimmmfw/Build/Intermediates.noindex/leveldb.build/Debug-iphonesimulator/leveldb.build/Objects-normal/arm64/82b82416624d2658e5098eb0a28c15c5-common-args.resp
    
    /Applications/Xcode.app/Contents/Developer/Toolchains/XcodeDefault.xctoolchain/usr/bin/clang -x c++ -ivfsstatcache /Users/siam/Library/Developer/Xcode/DerivedData/SDKStatCaches.noindex/iphonesimulator26.0-23A339-26257891a6c027eb51374368541b8346.sdkstatcache -fmessage-length\=0 -fdiagnostics-show-note-include-stack -fmacro-backtrace-limit\=0 -fno-color-diagnostics -fmodules-prune-interval\=86400 -fmodules-prune-after\=345600 -fbuild-session-file\=/Users/siam/Library/Developer/Xcode/DerivedData/ModuleCache.noindex/Session.modulevalidation -fmodules-validate-once-per-build-session -Wnon-modular-include-in-framework-module -Werror\=non-modular-include-in-framework-module -Wno-trigraphs -Wno-missing-field-initializers -Wno-missing-prototypes -Wno-return-type -Wno-non-virtual-dtor -Wno-overloaded-virtual -Wno-exit-time-destructors -Wno-missing-braces -Wparentheses -Wswitch -Wno-unused-function -Wno-unused-label -Wno-unused-parameter -Wno-unused-variable -Wunused-value -Wno-empty-body -Wno-uninitialized -Wno-unknown-pragmas -w -Wno-shadow -Wno-four-char-constants -Wno-conversion -Wno-constant-conversion -Wno-int-conversion -Wno-bool-conversion -Wno-enum-conversion -Wno-float-conversion -Wno-non-literal-null-conversion -Wno-objc-literal-conversion -Wshorten-64-to-32 -Wno-newline-eof -Wno-c++11-extensions -Wno-implicit-fallthrough -fstrict-aliasing -Wdeprecated-declarations -Winvalid-offsetof -Wno-sign-conversion -Wno-infinite-recursion -Wno-move -Wno-comma -Wno-block-capture-autoreleasing -Wno-strict-prototypes -Wno-range-loop-analysis -Wno-semicolon-before-method-body -index-store-path /Users/siam/Library/Developer/Xcode/DerivedData/Lingua_Quest-gvpckrqxtbgyprbgppjfqmimmmfw/Index.noindex/DataStore @/Users/siam/Library/Developer/Xcode/DerivedData/Lingua_Quest-gvpckrqxtbgyprbgppjfqmimmmfw/Build/Intermediates.noindex/leveldb.build/Debug-iphonesimulator/leveldb.build/Objects-normal/arm64/82b82416624d2658e5098eb0a28c15c5-common-args.resp -MMD -MT dependencies -MF /Users/siam/Library/Developer/Xcode/DerivedData/Lingua_Quest-gvpckrqxtbgyprbgppjfqmimmmfw/Build/Intermediates.noindex/leveldb.build/Debug-iphonesimulator/leveldb.build/Objects-normal/arm64/version_edit.d --serialize-diagnostics /Users/siam/Library/Developer/Xcode/DerivedData/Lingua_Quest-gvpckrqxtbgyprbgppjfqmimmmfw/Build/Intermediates.noindex/leveldb.build/Debug-iphonesimulator/leveldb.build/Objects-normal/arm64/version_edit.dia -c /Users/siam/Library/Developer/Xcode/DerivedData/Lingua_Quest-gvpckrqxtbgyprbgppjfqmimmmfw/SourcePackages/checkouts/leveldb/db/version_edit.cc -o /Users/siam/Library/Developer/Xcode/DerivedData/Lingua_Quest-gvpckrqxtbgyprbgppjfqmimmmfw/Build/Intermediates.noindex/leveldb.build/Debug-iphonesimulator/leveldb.build/Objects-normal/arm64/version_edit.o -index-unit-output-path /leveldb.build/Debug-iphonesimulator/leveldb.build/Objects-normal/arm64/version_edit.o

CompileC /Users/siam/Library/Developer/Xcode/DerivedData/Lingua_Quest-gvpckrqxtbgyprbgppjfqmimmmfw/Build/Intermediates.noindex/leveldb.build/Debug-iphonesimulator/leveldb.build/Objects-normal/arm64/two_level_iterator.o /Users/siam/Library/Developer/Xcode/DerivedData/Lingua_Quest-gvpckrqxtbgyprbgppjfqmimmmfw/SourcePackages/checkouts/leveldb/table/two_level_iterator.cc normal arm64 c++ com.apple.compilers.llvm.clang.1_0.compiler (in target 'leveldb' from project 'leveldb')
    cd /Users/siam/Desktop/Lingua\ Quest/Lingua\ Quest.xcodeproj
    
    Using response file: /Users/siam/Library/Developer/Xcode/DerivedData/Lingua_Quest-gvpckrqxtbgyprbgppjfqmimmmfw/Build/Intermediates.noindex/leveldb.build/Debug-iphonesimulator/leveldb.build/Objects-normal/arm64/82b82416624d2658e5098eb0a28c15c5-common-args.resp
    
    /Applications/Xcode.app/Contents/Developer/Toolchains/XcodeDefault.xctoolchain/usr/bin/clang -x c++ -ivfsstatcache /Users/siam/Library/Developer/Xcode/DerivedData/SDKStatCaches.noindex/iphonesimulator26.0-23A339-26257891a6c027eb51374368541b8346.sdkstatcache -fmessage-length\=0 -fdiagnostics-show-note-include-stack -fmacro-backtrace-limit\=0 -fno-color-diagnostics -fmodules-prune-interval\=86400 -fmodules-prune-after\=345600 -fbuild-session-file\=/Users/siam/Library/Developer/Xcode/DerivedData/ModuleCache.noindex/Session.modulevalidation -fmodules-validate-once-per-build-session -Wnon-modular-include-in-framework-module -Werror\=non-modular-include-in-framework-module -Wno-trigraphs -Wno-missing-field-initializers -Wno-missing-prototypes -Wno-return-type -Wno-non-virtual-dtor -Wno-overloaded-virtual -Wno-exit-time-destructors -Wno-missing-braces -Wparentheses -Wswitch -Wno-unused-function -Wno-unused-label -Wno-unused-parameter -Wno-unused-variable -Wunused-value -Wno-empty-body -Wno-uninitialized -Wno-unknown-pragmas -w -Wno-shadow -Wno-four-char-constants -Wno-conversion -Wno-constant-conversion -Wno-int-conversion -Wno-bool-conversion -Wno-enum-conversion -Wno-float-conversion -Wno-non-literal-null-conversion -Wno-objc-literal-conversion -Wshorten-64-to-32 -Wno-newline-eof -Wno-c++11-extensions -Wno-implicit-fallthrough -fstrict-aliasing -Wdeprecated-declarations -Winvalid-offsetof -Wno-sign-conversion -Wno-infinite-recursion -Wno-move -Wno-comma -Wno-block-capture-autoreleasing -Wno-strict-prototypes -Wno-range-loop-analysis -Wno-semicolon-before-method-body -index-store-path /Users/siam/Library/Developer/Xcode/DerivedData/Lingua_Quest-gvpckrqxtbgyprbgppjfqmimmmfw/Index.noindex/DataStore @/Users/siam/Library/Developer/Xcode/DerivedData/Lingua_Quest-gvpckrqxtbgyprbgppjfqmimmmfw/Build/Intermediates.noindex/leveldb.build/Debug-iphonesimulator/leveldb.build/Objects-normal/arm64/82b82416624d2658e5098eb0a28c15c5-common-args.resp -MMD -MT dependencies -MF /Users/siam/Library/Developer/Xcode/DerivedData/Lingua_Quest-gvpckrqxtbgyprbgppjfqmimmmfw/Build/Intermediates.noindex/leveldb.build/Debug-iphonesimulator/leveldb.build/Objects-normal/arm64/two_level_iterator.d --serialize-diagnostics /Users/siam/Library/Developer/Xcode/DerivedData/Lingua_Quest-gvpckrqxtbgyprbgppjfqmimmmfw/Build/Intermediates.noindex/leveldb.build/Debug-iphonesimulator/leveldb.build/Objects-normal/arm64/two_level_iterator.dia -c /Users/siam/Library/Developer/Xcode/DerivedData/Lingua_Quest-gvpckrqxtbgyprbgppjfqmimmmfw/SourcePackages/checkouts/leveldb/table/two_level_iterator.cc -o /Users/siam/Library/Developer/Xcode/DerivedData/Lingua_Quest-gvpckrqxtbgyprbgppjfqmimmmfw/Build/Intermediates.noindex/leveldb.build/Debug-iphonesimulator/leveldb.build/Objects-normal/arm64/two_level_iterator.o -index-unit-output-path /leveldb.build/Debug-iphonesimulator/leveldb.build/Objects-normal/arm64/two_level_iterator.o

CompileC /Users/siam/Library/Developer/Xcode/DerivedData/Lingua_Quest-gvpckrqxtbgyprbgppjfqmimmmfw/Build/Intermediates.noindex/leveldb.build/Debug-iphonesimulator/leveldb.build/Objects-normal/arm64/table_cache.o /Users/siam/Library/Developer/Xcode/DerivedData/Lingua_Quest-gvpckrqxtbgyprbgppjfqmimmmfw/SourcePackages/checkouts/leveldb/db/table_cache.cc normal arm64 c++ com.apple.compilers.llvm.clang.1_0.compiler (in target 'leveldb' from project 'leveldb')
    cd /Users/siam/Desktop/Lingua\ Quest/Lingua\ Quest.xcodeproj
    
    Using response file: /Users/siam/Library/Developer/Xcode/DerivedData/Lingua_Quest-gvpckrqxtbgyprbgppjfqmimmmfw/Build/Intermediates.noindex/leveldb.build/Debug-iphonesimulator/leveldb.build/Objects-normal/arm64/82b82416624d2658e5098eb0a28c15c5-common-args.resp
    
    /Applications/Xcode.app/Contents/Developer/Toolchains/XcodeDefault.xctoolchain/usr/bin/clang -x c++ -ivfsstatcache /Users/siam/Library/Developer/Xcode/DerivedData/SDKStatCaches.noindex/iphonesimulator26.0-23A339-26257891a6c027eb51374368541b8346.sdkstatcache -fmessage-length\=0 -fdiagnostics-show-note-include-stack -fmacro-backtrace-limit\=0 -fno-color-diagnostics -fmodules-prune-interval\=86400 -fmodules-prune-after\=345600 -fbuild-session-file\=/Users/siam/Library/Developer/Xcode/DerivedData/ModuleCache.noindex/Session.modulevalidation -fmodules-validate-once-per-build-session -Wnon-modular-include-in-framework-module -Werror\=non-modular-include-in-framework-module -Wno-trigraphs -Wno-missing-field-initializers -Wno-missing-prototypes -Wno-return-type -Wno-non-virtual-dtor -Wno-overloaded-virtual -Wno-exit-time-destructors -Wno-missing-braces -Wparentheses -Wswitch -Wno-unused-function -Wno-unused-label -Wno-unused-parameter -Wno-unused-variable -Wunused-value -Wno-empty-body -Wno-uninitialized -Wno-unknown-pragmas -w -Wno-shadow -Wno-four-char-constants -Wno-conversion -Wno-constant-conversion -Wno-int-conversion -Wno-bool-conversion -Wno-enum-conversion -Wno-float-conversion -Wno-non-literal-null-conversion -Wno-objc-literal-conversion -Wshorten-64-to-32 -Wno-newline-eof -Wno-c++11-extensions -Wno-implicit-fallthrough -fstrict-aliasing -Wdeprecated-declarations -Winvalid-offsetof -Wno-sign-conversion -Wno-infinite-recursion -Wno-move -Wno-comma -Wno-block-capture-autoreleasing -Wno-strict-prototypes -Wno-range-loop-analysis -Wno-semicolon-before-method-body -index-store-path /Users/siam/Library/Developer/Xcode/DerivedData/Lingua_Quest-gvpckrqxtbgyprbgppjfqmimmmfw/Index.noindex/DataStore @/Users/siam/Library/Developer/Xcode/DerivedData/Lingua_Quest-gvpckrqxtbgyprbgppjfqmimmmfw/Build/Intermediates.noindex/leveldb.build/Debug-iphonesimulator/leveldb.build/Objects-normal/arm64/82b82416624d2658e5098eb0a28c15c5-common-args.resp -MMD -MT dependencies -MF /Users/siam/Library/Developer/Xcode/DerivedData/Lingua_Quest-gvpckrqxtbgyprbgppjfqmimmmfw/Build/Intermediates.noindex/leveldb.build/Debug-iphonesimulator/leveldb.build/Objects-normal/arm64/table_cache.d --serialize-diagnostics /Users/siam/Library/Developer/Xcode/DerivedData/Lingua_Quest-gvpckrqxtbgyprbgppjfqmimmmfw/Build/Intermediates.noindex/leveldb.build/Debug-iphonesimulator/leveldb.build/Objects-normal/arm64/table_cache.dia -c /Users/siam/Library/Developer/Xcode/DerivedData/Lingua_Quest-gvpckrqxtbgyprbgppjfqmimmmfw/SourcePackages/checkouts/leveldb/db/table_cache.cc -o /Users/siam/Library/Developer/Xcode/DerivedData/Lingua_Quest-gvpckrqxtbgyprbgppjfqmimmmfw/Build/Intermediates.noindex/leveldb.build/Debug-iphonesimulator/leveldb.build/Objects-normal/arm64/table_cache.o -index-unit-output-path /leveldb.build/Debug-iphonesimulator/leveldb.build/Objects-normal/arm64/table_cache.o

CompileC /Users/siam/Library/Developer/Xcode/DerivedData/Lingua_Quest-gvpckrqxtbgyprbgppjfqmimmmfw/Build/Intermediates.noindex/leveldb.build/Debug-iphonesimulator/leveldb.build/Objects-normal/arm64/table_builder.o /Users/siam/Library/Developer/Xcode/DerivedData/Lingua_Quest-gvpckrqxtbgyprbgppjfqmimmmfw/SourcePackages/checkouts/leveldb/table/table_builder.cc normal arm64 c++ com.apple.compilers.llvm.clang.1_0.compiler (in target 'leveldb' from project 'leveldb')
    cd /Users/siam/Desktop/Lingua\ Quest/Lingua\ Quest.xcodeproj
    
    Using response file: /Users/siam/Library/Developer/Xcode/DerivedData/Lingua_Quest-gvpckrqxtbgyprbgppjfqmimmmfw/Build/Intermediates.noindex/leveldb.build/Debug-iphonesimulator/leveldb.build/Objects-normal/arm64/82b82416624d2658e5098eb0a28c15c5-common-args.resp
    
    /Applications/Xcode.app/Contents/Developer/Toolchains/XcodeDefault.xctoolchain/usr/bin/clang -x c++ -ivfsstatcache /Users/siam/Library/Developer/Xcode/DerivedData/SDKStatCaches.noindex/iphonesimulator26.0-23A339-26257891a6c027eb51374368541b8346.sdkstatcache -fmessage-length\=0 -fdiagnostics-show-note-include-stack -fmacro-backtrace-limit\=0 -fno-color-diagnostics -fmodules-prune-interval\=86400 -fmodules-prune-after\=345600 -fbuild-session-file\=/Users/siam/Library/Developer/Xcode/DerivedData/ModuleCache.noindex/Session.modulevalidation -fmodules-validate-once-per-build-session -Wnon-modular-include-in-framework-module -Werror\=non-modular-include-in-framework-module -Wno-trigraphs -Wno-missing-field-initializers -Wno-missing-prototypes -Wno-return-type -Wno-non-virtual-dtor -Wno-overloaded-virtual -Wno-exit-time-destructors -Wno-missing-braces -Wparentheses -Wswitch -Wno-unused-function -Wno-unused-label -Wno-unused-parameter -Wno-unused-variable -Wunused-value -Wno-empty-body -Wno-uninitialized -Wno-unknown-pragmas -w -Wno-shadow -Wno-four-char-constants -Wno-conversion -Wno-constant-conversion -Wno-int-conversion -Wno-bool-conversion -Wno-enum-conversion -Wno-float-conversion -Wno-non-literal-null-conversion -Wno-objc-literal-conversion -Wshorten-64-to-32 -Wno-newline-eof -Wno-c++11-extensions -Wno-implicit-fallthrough -fstrict-aliasing -Wdeprecated-declarations -Winvalid-offsetof -Wno-sign-conversion -Wno-infinite-recursion -Wno-move -Wno-comma -Wno-block-capture-autoreleasing -Wno-strict-prototypes -Wno-range-loop-analysis -Wno-semicolon-before-method-body -index-store-path /Users/siam/Library/Developer/Xcode/DerivedData/Lingua_Quest-gvpckrqxtbgyprbgppjfqmimmmfw/Index.noindex/DataStore @/Users/siam/Library/Developer/Xcode/DerivedData/Lingua_Quest-gvpckrqxtbgyprbgppjfqmimmmfw/Build/Intermediates.noindex/leveldb.build/Debug-iphonesimulator/leveldb.build/Objects-normal/arm64/82b82416624d2658e5098eb0a28c15c5-common-args.resp -MMD -MT dependencies -MF /Users/siam/Library/Developer/Xcode/DerivedData/Lingua_Quest-gvpckrqxtbgyprbgppjfqmimmmfw/Build/Intermediates.noindex/leveldb.build/Debug-iphonesimulator/leveldb.build/Objects-normal/arm64/table_builder.d --serialize-diagnostics /Users/siam/Library/Developer/Xcode/DerivedData/Lingua_Quest-gvpckrqxtbgyprbgppjfqmimmmfw/Build/Intermediates.noindex/leveldb.build/Debug-iphonesimulator/leveldb.build/Objects-normal/arm64/table_builder.dia -c /Users/siam/Library/Developer/Xcode/DerivedData/Lingua_Quest-gvpckrqxtbgyprbgppjfqmimmmfw/SourcePackages/checkouts/leveldb/table/table_builder.cc -o /Users/siam/Library/Developer/Xcode/DerivedData/Lingua_Quest-gvpckrqxtbgyprbgppjfqmimmmfw/Build/Intermediates.noindex/leveldb.build/Debug-iphonesimulator/leveldb.build/Objects-normal/arm64/table_builder.o -index-unit-output-path /leveldb.build/Debug-iphonesimulator/leveldb.build/Objects-normal/arm64/table_builder.o

CompileC /Users/siam/Library/Developer/Xcode/DerivedData/Lingua_Quest-gvpckrqxtbgyprbgppjfqmimmmfw/Build/Intermediates.noindex/leveldb.build/Debug-iphonesimulator/leveldb.build/Objects-normal/arm64/table.o /Users/siam/Library/Developer/Xcode/DerivedData/Lingua_Quest-gvpckrqxtbgyprbgppjfqmimmmfw/SourcePackages/checkouts/leveldb/table/table.cc normal arm64 c++ com.apple.compilers.llvm.clang.1_0.compiler (in target 'leveldb' from project 'leveldb')
    cd /Users/siam/Desktop/Lingua\ Quest/Lingua\ Quest.xcodeproj
    
    Using response file: /Users/siam/Library/Developer/Xcode/DerivedData/Lingua_Quest-gvpckrqxtbgyprbgppjfqmimmmfw/Build/Intermediates.noindex/leveldb.build/Debug-iphonesimulator/leveldb.build/Objects-normal/arm64/82b82416624d2658e5098eb0a28c15c5-common-args.resp
    
    /Applications/Xcode.app/Contents/Developer/Toolchains/XcodeDefault.xctoolchain/usr/bin/clang -x c++ -ivfsstatcache /Users/siam/Library/Developer/Xcode/DerivedData/SDKStatCaches.noindex/iphonesimulator26.0-23A339-26257891a6c027eb51374368541b8346.sdkstatcache -fmessage-length\=0 -fdiagnostics-show-note-include-stack -fmacro-backtrace-limit\=0 -fno-color-diagnostics -fmodules-prune-interval\=86400 -fmodules-prune-after\=345600 -fbuild-session-file\=/Users/siam/Library/Developer/Xcode/DerivedData/ModuleCache.noindex/Session.modulevalidation -fmodules-validate-once-per-build-session -Wnon-modular-include-in-framework-module -Werror\=non-modular-include-in-framework-module -Wno-trigraphs -Wno-missing-field-initializers -Wno-missing-prototypes -Wno-return-type -Wno-non-virtual-dtor -Wno-overloaded-virtual -Wno-exit-time-destructors -Wno-missing-braces -Wparentheses -Wswitch -Wno-unused-function -Wno-unused-label -Wno-unused-parameter -Wno-unused-variable -Wunused-value -Wno-empty-body -Wno-uninitialized -Wno-unknown-pragmas -w -Wno-shadow -Wno-four-char-constants -Wno-conversion -Wno-constant-conversion -Wno-int-conversion -Wno-bool-conversion -Wno-enum-conversion -Wno-float-conversion -Wno-non-literal-null-conversion -Wno-objc-literal-conversion -Wshorten-64-to-32 -Wno-newline-eof -Wno-c++11-extensions -Wno-implicit-fallthrough -fstrict-aliasing -Wdeprecated-declarations -Winvalid-offsetof -Wno-sign-conversion -Wno-infinite-recursion -Wno-move -Wno-comma -Wno-block-capture-autoreleasing -Wno-strict-prototypes -Wno-range-loop-analysis -Wno-semicolon-before-method-body -index-store-path /Users/siam/Library/Developer/Xcode/DerivedData/Lingua_Quest-gvpckrqxtbgyprbgppjfqmimmmfw/Index.noindex/DataStore @/Users/siam/Library/Developer/Xcode/DerivedData/Lingua_Quest-gvpckrqxtbgyprbgppjfqmimmmfw/Build/Intermediates.noindex/leveldb.build/Debug-iphonesimulator/leveldb.build/Objects-normal/arm64/82b82416624d2658e5098eb0a28c15c5-common-args.resp -MMD -MT dependencies -MF /Users/siam/Library/Developer/Xcode/DerivedData/Lingua_Quest-gvpckrqxtbgyprbgppjfqmimmmfw/Build/Intermediates.noindex/leveldb.build/Debug-iphonesimulator/leveldb.build/Objects-normal/arm64/table.d --serialize-diagnostics /Users/siam/Library/Developer/Xcode/DerivedData/Lingua_Quest-gvpckrqxtbgyprbgppjfqmimmmfw/Build/Intermediates.noindex/leveldb.build/Debug-iphonesimulator/leveldb.build/Objects-normal/arm64/table.dia -c /Users/siam/Library/Developer/Xcode/DerivedData/Lingua_Quest-gvpckrqxtbgyprbgppjfqmimmmfw/SourcePackages/checkouts/leveldb/table/table.cc -o /Users/siam/Library/Developer/Xcode/DerivedData/Lingua_Quest-gvpckrqxtbgyprbgppjfqmimmmfw/Build/Intermediates.noindex/leveldb.build/Debug-iphonesimulator/leveldb.build/Objects-normal/arm64/table.o -index-unit-output-path /leveldb.build/Debug-iphonesimulator/leveldb.build/Objects-normal/arm64/table.o

CompileC /Users/siam/Library/Developer/Xcode/DerivedData/Lingua_Quest-gvpckrqxtbgyprbgppjfqmimmmfw/Build/Intermediates.noindex/leveldb.build/Debug-iphonesimulator/leveldb.build/Objects-normal/arm64/status.o /Users/siam/Library/Developer/Xcode/DerivedData/Lingua_Quest-gvpckrqxtbgyprbgppjfqmimmmfw/SourcePackages/checkouts/leveldb/util/status.cc normal arm64 c++ com.apple.compilers.llvm.clang.1_0.compiler (in target 'leveldb' from project 'leveldb')
    cd /Users/siam/Desktop/Lingua\ Quest/Lingua\ Quest.xcodeproj
    
    Using response file: /Users/siam/Library/Developer/Xcode/DerivedData/Lingua_Quest-gvpckrqxtbgyprbgppjfqmimmmfw/Build/Intermediates.noindex/leveldb.build/Debug-iphonesimulator/leveldb.build/Objects-normal/arm64/82b82416624d2658e5098eb0a28c15c5-common-args.resp
    
    /Applications/Xcode.app/Contents/Developer/Toolchains/XcodeDefault.xctoolchain/usr/bin/clang -x c++ -ivfsstatcache /Users/siam/Library/Developer/Xcode/DerivedData/SDKStatCaches.noindex/iphonesimulator26.0-23A339-26257891a6c027eb51374368541b8346.sdkstatcache -fmessage-length\=0 -fdiagnostics-show-note-include-stack -fmacro-backtrace-limit\=0 -fno-color-diagnostics -fmodules-prune-interval\=86400 -fmodules-prune-after\=345600 -fbuild-session-file\=/Users/siam/Library/Developer/Xcode/DerivedData/ModuleCache.noindex/Session.modulevalidation -fmodules-validate-once-per-build-session -Wnon-modular-include-in-framework-module -Werror\=non-modular-include-in-framework-module -Wno-trigraphs -Wno-missing-field-initializers -Wno-missing-prototypes -Wno-return-type -Wno-non-virtual-dtor -Wno-overloaded-virtual -Wno-exit-time-destructors -Wno-missing-braces -Wparentheses -Wswitch -Wno-unused-function -Wno-unused-label -Wno-unused-parameter -Wno-unused-variable -Wunused-value -Wno-empty-body -Wno-uninitialized -Wno-unknown-pragmas -w -Wno-shadow -Wno-four-char-constants -Wno-conversion -Wno-constant-conversion -Wno-int-conversion -Wno-bool-conversion -Wno-enum-conversion -Wno-float-conversion -Wno-non-literal-null-conversion -Wno-objc-literal-conversion -Wshorten-64-to-32 -Wno-newline-eof -Wno-c++11-extensions -Wno-implicit-fallthrough -fstrict-aliasing -Wdeprecated-declarations -Winvalid-offsetof -Wno-sign-conversion -Wno-infinite-recursion -Wno-move -Wno-comma -Wno-block-capture-autoreleasing -Wno-strict-prototypes -Wno-range-loop-analysis -Wno-semicolon-before-method-body -index-store-path /Users/siam/Library/Developer/Xcode/DerivedData/Lingua_Quest-gvpckrqxtbgyprbgppjfqmimmmfw/Index.noindex/DataStore @/Users/siam/Library/Developer/Xcode/DerivedData/Lingua_Quest-gvpckrqxtbgyprbgppjfqmimmmfw/Build/Intermediates.noindex/leveldb.build/Debug-iphonesimulator/leveldb.build/Objects-normal/arm64/82b82416624d2658e5098eb0a28c15c5-common-args.resp -MMD -MT dependencies -MF /Users/siam/Library/Developer/Xcode/DerivedData/Lingua_Quest-gvpckrqxtbgyprbgppjfqmimmmfw/Build/Intermediates.noindex/leveldb.build/Debug-iphonesimulator/leveldb.build/Objects-normal/arm64/status.d --serialize-diagnostics /Users/siam/Library/Developer/Xcode/DerivedData/Lingua_Quest-gvpckrqxtbgyprbgppjfqmimmmfw/Build/Intermediates.noindex/leveldb.build/Debug-iphonesimulator/leveldb.build/Objects-normal/arm64/status.dia -c /Users/siam/Library/Developer/Xcode/DerivedData/Lingua_Quest-gvpckrqxtbgyprbgppjfqmimmmfw/SourcePackages/checkouts/leveldb/util/status.cc -o /Users/siam/Library/Developer/Xcode/DerivedData/Lingua_Quest-gvpckrqxtbgyprbgppjfqmimmmfw/Build/Intermediates.noindex/leveldb.build/Debug-iphonesimulator/leveldb.build/Objects-normal/arm64/status.o -index-unit-output-path /leveldb.build/Debug-iphonesimulator/leveldb.build/Objects-normal/arm64/status.o

CompileC /Users/siam/Library/Developer/Xcode/DerivedData/Lingua_Quest-gvpckrqxtbgyprbgppjfqmimmmfw/Build/Intermediates.noindex/leveldb.build/Debug-iphonesimulator/leveldb.build/Objects-normal/arm64/repair.o /Users/siam/Library/Developer/Xcode/DerivedData/Lingua_Quest-gvpckrqxtbgyprbgppjfqmimmmfw/SourcePackages/checkouts/leveldb/db/repair.cc normal arm64 c++ com.apple.compilers.llvm.clang.1_0.compiler (in target 'leveldb' from project 'leveldb')
    cd /Users/siam/Desktop/Lingua\ Quest/Lingua\ Quest.xcodeproj
    
    Using response file: /Users/siam/Library/Developer/Xcode/DerivedData/Lingua_Quest-gvpckrqxtbgyprbgppjfqmimmmfw/Build/Intermediates.noindex/leveldb.build/Debug-iphonesimulator/leveldb.build/Objects-normal/arm64/82b82416624d2658e5098eb0a28c15c5-common-args.resp
    
    /Applications/Xcode.app/Contents/Developer/Toolchains/XcodeDefault.xctoolchain/usr/bin/clang -x c++ -ivfsstatcache /Users/siam/Library/Developer/Xcode/DerivedData/SDKStatCaches.noindex/iphonesimulator26.0-23A339-26257891a6c027eb51374368541b8346.sdkstatcache -fmessage-length\=0 -fdiagnostics-show-note-include-stack -fmacro-backtrace-limit\=0 -fno-color-diagnostics -fmodules-prune-interval\=86400 -fmodules-prune-after\=345600 -fbuild-session-file\=/Users/siam/Library/Developer/Xcode/DerivedData/ModuleCache.noindex/Session.modulevalidation -fmodules-validate-once-per-build-session -Wnon-modular-include-in-framework-module -Werror\=non-modular-include-in-framework-module -Wno-trigraphs -Wno-missing-field-initializers -Wno-missing-prototypes -Wno-return-type -Wno-non-virtual-dtor -Wno-overloaded-virtual -Wno-exit-time-destructors -Wno-missing-braces -Wparentheses -Wswitch -Wno-unused-function -Wno-unused-label -Wno-unused-parameter -Wno-unused-variable -Wunused-value -Wno-empty-body -Wno-uninitialized -Wno-unknown-pragmas -w -Wno-shadow -Wno-four-char-constants -Wno-conversion -Wno-constant-conversion -Wno-int-conversion -Wno-bool-conversion -Wno-enum-conversion -Wno-float-conversion -Wno-non-literal-null-conversion -Wno-objc-literal-conversion -Wshorten-64-to-32 -Wno-newline-eof -Wno-c++11-extensions -Wno-implicit-fallthrough -fstrict-aliasing -Wdeprecated-declarations -Winvalid-offsetof -Wno-sign-conversion -Wno-infinite-recursion -Wno-move -Wno-comma -Wno-block-capture-autoreleasing -Wno-strict-prototypes -Wno-range-loop-analysis -Wno-semicolon-before-method-body -index-store-path /Users/siam/Library/Developer/Xcode/DerivedData/Lingua_Quest-gvpckrqxtbgyprbgppjfqmimmmfw/Index.noindex/DataStore @/Users/siam/Library/Developer/Xcode/DerivedData/Lingua_Quest-gvpckrqxtbgyprbgppjfqmimmmfw/Build/Intermediates.noindex/leveldb.build/Debug-iphonesimulator/leveldb.build/Objects-normal/arm64/82b82416624d2658e5098eb0a28c15c5-common-args.resp -MMD -MT dependencies -MF /Users/siam/Library/Developer/Xcode/DerivedData/Lingua_Quest-gvpckrqxtbgyprbgppjfqmimmmfw/Build/Intermediates.noindex/leveldb.build/Debug-iphonesimulator/leveldb.build/Objects-normal/arm64/repair.d --serialize-diagnostics /Users/siam/Library/Developer/Xcode/DerivedData/Lingua_Quest-gvpckrqxtbgyprbgppjfqmimmmfw/Build/Intermediates.noindex/leveldb.build/Debug-iphonesimulator/leveldb.build/Objects-normal/arm64/repair.dia -c /Users/siam/Library/Developer/Xcode/DerivedData/Lingua_Quest-gvpckrqxtbgyprbgppjfqmimmmfw/SourcePackages/checkouts/leveldb/db/repair.cc -o /Users/siam/Library/Developer/Xcode/DerivedData/Lingua_Quest-gvpckrqxtbgyprbgppjfqmimmmfw/Build/Intermediates.noindex/leveldb.build/Debug-iphonesimulator/leveldb.build/Objects-normal/arm64/repair.o -index-unit-output-path /leveldb.build/Debug-iphonesimulator/leveldb.build/Objects-normal/arm64/repair.o

CompileC /Users/siam/Library/Developer/Xcode/DerivedData/Lingua_Quest-gvpckrqxtbgyprbgppjfqmimmmfw/Build/Intermediates.noindex/leveldb.build/Debug-iphonesimulator/leveldb.build/Objects-normal/arm64/options.o /Users/siam/Library/Developer/Xcode/DerivedData/Lingua_Quest-gvpckrqxtbgyprbgppjfqmimmmfw/SourcePackages/checkouts/leveldb/util/options.cc normal arm64 c++ com.apple.compilers.llvm.clang.1_0.compiler (in target 'leveldb' from project 'leveldb')
    cd /Users/siam/Desktop/Lingua\ Quest/Lingua\ Quest.xcodeproj
    
    Using response file: /Users/siam/Library/Developer/Xcode/DerivedData/Lingua_Quest-gvpckrqxtbgyprbgppjfqmimmmfw/Build/Intermediates.noindex/leveldb.build/Debug-iphonesimulator/leveldb.build/Objects-normal/arm64/82b82416624d2658e5098eb0a28c15c5-common-args.resp
    
    /Applications/Xcode.app/Contents/Developer/Toolchains/XcodeDefault.xctoolchain/usr/bin/clang -x c++ -ivfsstatcache /Users/siam/Library/Developer/Xcode/DerivedData/SDKStatCaches.noindex/iphonesimulator26.0-23A339-26257891a6c027eb51374368541b8346.sdkstatcache -fmessage-length\=0 -fdiagnostics-show-note-include-stack -fmacro-backtrace-limit\=0 -fno-color-diagnostics -fmodules-prune-interval\=86400 -fmodules-prune-after\=345600 -fbuild-session-file\=/Users/siam/Library/Developer/Xcode/DerivedData/ModuleCache.noindex/Session.modulevalidation -fmodules-validate-once-per-build-session -Wnon-modular-include-in-framework-module -Werror\=non-modular-include-in-framework-module -Wno-trigraphs -Wno-missing-field-initializers -Wno-missing-prototypes -Wno-return-type -Wno-non-virtual-dtor -Wno-overloaded-virtual -Wno-exit-time-destructors -Wno-missing-braces -Wparentheses -Wswitch -Wno-unused-function -Wno-unused-label -Wno-unused-parameter -Wno-unused-variable -Wunused-value -Wno-empty-body -Wno-uninitialized -Wno-unknown-pragmas -w -Wno-shadow -Wno-four-char-constants -Wno-conversion -Wno-constant-conversion -Wno-int-conversion -Wno-bool-conversion -Wno-enum-conversion -Wno-float-conversion -Wno-non-literal-null-conversion -Wno-objc-literal-conversion -Wshorten-64-to-32 -Wno-newline-eof -Wno-c++11-extensions -Wno-implicit-fallthrough -fstrict-aliasing -Wdeprecated-declarations -Winvalid-offsetof -Wno-sign-conversion -Wno-infinite-recursion -Wno-move -Wno-comma -Wno-block-capture-autoreleasing -Wno-strict-prototypes -Wno-range-loop-analysis -Wno-semicolon-before-method-body -index-store-path /Users/siam/Library/Developer/Xcode/DerivedData/Lingua_Quest-gvpckrqxtbgyprbgppjfqmimmmfw/Index.noindex/DataStore @/Users/siam/Library/Developer/Xcode/DerivedData/Lingua_Quest-gvpckrqxtbgyprbgppjfqmimmmfw/Build/Intermediates.noindex/leveldb.build/Debug-iphonesimulator/leveldb.build/Objects-normal/arm64/82b82416624d2658e5098eb0a28c15c5-common-args.resp -MMD -MT dependencies -MF /Users/siam/Library/Developer/Xcode/DerivedData/Lingua_Quest-gvpckrqxtbgyprbgppjfqmimmmfw/Build/Intermediates.noindex/leveldb.build/Debug-iphonesimulator/leveldb.build/Objects-normal/arm64/options.d --serialize-diagnostics /Users/siam/Library/Developer/Xcode/DerivedData/Lingua_Quest-gvpckrqxtbgyprbgppjfqmimmmfw/Build/Intermediates.noindex/leveldb.build/Debug-iphonesimulator/leveldb.build/Objects-normal/arm64/options.dia -c /Users/siam/Library/Developer/Xcode/DerivedData/Lingua_Quest-gvpckrqxtbgyprbgppjfqmimmmfw/SourcePackages/checkouts/leveldb/util/options.cc -o /Users/siam/Library/Developer/Xcode/DerivedData/Lingua_Quest-gvpckrqxtbgyprbgppjfqmimmmfw/Build/Intermediates.noindex/leveldb.build/Debug-iphonesimulator/leveldb.build/Objects-normal/arm64/options.o -index-unit-output-path /leveldb.build/Debug-iphonesimulator/leveldb.build/Objects-normal/arm64/options.o

CompileC /Users/siam/Library/Developer/Xcode/DerivedData/Lingua_Quest-gvpckrqxtbgyprbgppjfqmimmmfw/Build/Intermediates.noindex/leveldb.build/Debug-iphonesimulator/leveldb.build/Objects-normal/arm64/merger.o /Users/siam/Library/Developer/Xcode/DerivedData/Lingua_Quest-gvpckrqxtbgyprbgppjfqmimmmfw/SourcePackages/checkouts/leveldb/table/merger.cc normal arm64 c++ com.apple.compilers.llvm.clang.1_0.compiler (in target 'leveldb' from project 'leveldb')
    cd /Users/siam/Desktop/Lingua\ Quest/Lingua\ Quest.xcodeproj
    
    Using response file: /Users/siam/Library/Developer/Xcode/DerivedData/Lingua_Quest-gvpckrqxtbgyprbgppjfqmimmmfw/Build/Intermediates.noindex/leveldb.build/Debug-iphonesimulator/leveldb.build/Objects-normal/arm64/82b82416624d2658e5098eb0a28c15c5-common-args.resp
    
    /Applications/Xcode.app/Contents/Developer/Toolchains/XcodeDefault.xctoolchain/usr/bin/clang -x c++ -ivfsstatcache /Users/siam/Library/Developer/Xcode/DerivedData/SDKStatCaches.noindex/iphonesimulator26.0-23A339-26257891a6c027eb51374368541b8346.sdkstatcache -fmessage-length\=0 -fdiagnostics-show-note-include-stack -fmacro-backtrace-limit\=0 -fno-color-diagnostics -fmodules-prune-interval\=86400 -fmodules-prune-after\=345600 -fbuild-session-file\=/Users/siam/Library/Developer/Xcode/DerivedData/ModuleCache.noindex/Session.modulevalidation -fmodules-validate-once-per-build-session -Wnon-modular-include-in-framework-module -Werror\=non-modular-include-in-framework-module -Wno-trigraphs -Wno-missing-field-initializers -Wno-missing-prototypes -Wno-return-type -Wno-non-virtual-dtor -Wno-overloaded-virtual -Wno-exit-time-destructors -Wno-missing-braces -Wparentheses -Wswitch -Wno-unused-function -Wno-unused-label -Wno-unused-parameter -Wno-unused-variable -Wunused-value -Wno-empty-body -Wno-uninitialized -Wno-unknown-pragmas -w -Wno-shadow -Wno-four-char-constants -Wno-conversion -Wno-constant-conversion -Wno-int-conversion -Wno-bool-conversion -Wno-enum-conversion -Wno-float-conversion -Wno-non-literal-null-conversion -Wno-objc-literal-conversion -Wshorten-64-to-32 -Wno-newline-eof -Wno-c++11-extensions -Wno-implicit-fallthrough -fstrict-aliasing -Wdeprecated-declarations -Winvalid-offsetof -Wno-sign-conversion -Wno-infinite-recursion -Wno-move -Wno-comma -Wno-block-capture-autoreleasing -Wno-strict-prototypes -Wno-range-loop-analysis -Wno-semicolon-before-method-body -index-store-path /Users/siam/Library/Developer/Xcode/DerivedData/Lingua_Quest-gvpckrqxtbgyprbgppjfqmimmmfw/Index.noindex/DataStore @/Users/siam/Library/Developer/Xcode/DerivedData/Lingua_Quest-gvpckrqxtbgyprbgppjfqmimmmfw/Build/Intermediates.noindex/leveldb.build/Debug-iphonesimulator/leveldb.build/Objects-normal/arm64/82b82416624d2658e5098eb0a28c15c5-common-args.resp -MMD -MT dependencies -MF /Users/siam/Library/Developer/Xcode/DerivedData/Lingua_Quest-gvpckrqxtbgyprbgppjfqmimmmfw/Build/Intermediates.noindex/leveldb.build/Debug-iphonesimulator/leveldb.build/Objects-normal/arm64/merger.d --serialize-diagnostics /Users/siam/Library/Developer/Xcode/DerivedData/Lingua_Quest-gvpckrqxtbgyprbgppjfqmimmmfw/Build/Intermediates.noindex/leveldb.build/Debug-iphonesimulator/leveldb.build/Objects-normal/arm64/merger.dia -c /Users/siam/Library/Developer/Xcode/DerivedData/Lingua_Quest-gvpckrqxtbgyprbgppjfqmimmmfw/SourcePackages/checkouts/leveldb/table/merger.cc -o /Users/siam/Library/Developer/Xcode/DerivedData/Lingua_Quest-gvpckrqxtbgyprbgppjfqmimmmfw/Build/Intermediates.noindex/leveldb.build/Debug-iphonesimulator/leveldb.build/Objects-normal/arm64/merger.o -index-unit-output-path /leveldb.build/Debug-iphonesimulator/leveldb.build/Objects-normal/arm64/merger.o

CompileC /Users/siam/Library/Developer/Xcode/DerivedData/Lingua_Quest-gvpckrqxtbgyprbgppjfqmimmmfw/Build/Intermediates.noindex/leveldb.build/Debug-iphonesimulator/leveldb.build/Objects-normal/arm64/memtable.o /Users/siam/Library/Developer/Xcode/DerivedData/Lingua_Quest-gvpckrqxtbgyprbgppjfqmimmmfw/SourcePackages/checkouts/leveldb/db/memtable.cc normal arm64 c++ com.apple.compilers.llvm.clang.1_0.compiler (in target 'leveldb' from project 'leveldb')
    cd /Users/siam/Desktop/Lingua\ Quest/Lingua\ Quest.xcodeproj
    
    Using response file: /Users/siam/Library/Developer/Xcode/DerivedData/Lingua_Quest-gvpckrqxtbgyprbgppjfqmimmmfw/Build/Intermediates.noindex/leveldb.build/Debug-iphonesimulator/leveldb.build/Objects-normal/arm64/82b82416624d2658e5098eb0a28c15c5-common-args.resp
    
    /Applications/Xcode.app/Contents/Developer/Toolchains/XcodeDefault.xctoolchain/usr/bin/clang -x c++ -ivfsstatcache /Users/siam/Library/Developer/Xcode/DerivedData/SDKStatCaches.noindex/iphonesimulator26.0-23A339-26257891a6c027eb51374368541b8346.sdkstatcache -fmessage-length\=0 -fdiagnostics-show-note-include-stack -fmacro-backtrace-limit\=0 -fno-color-diagnostics -fmodules-prune-interval\=86400 -fmodules-prune-after\=345600 -fbuild-session-file\=/Users/siam/Library/Developer/Xcode/DerivedData/ModuleCache.noindex/Session.modulevalidation -fmodules-validate-once-per-build-session -Wnon-modular-include-in-framework-module -Werror\=non-modular-include-in-framework-module -Wno-trigraphs -Wno-missing-field-initializers -Wno-missing-prototypes -Wno-return-type -Wno-non-virtual-dtor -Wno-overloaded-virtual -Wno-exit-time-destructors -Wno-missing-braces -Wparentheses -Wswitch -Wno-unused-function -Wno-unused-label -Wno-unused-parameter -Wno-unused-variable -Wunused-value -Wno-empty-body -Wno-uninitialized -Wno-unknown-pragmas -w -Wno-shadow -Wno-four-char-constants -Wno-conversion -Wno-constant-conversion -Wno-int-conversion -Wno-bool-conversion -Wno-enum-conversion -Wno-float-conversion -Wno-non-literal-null-conversion -Wno-objc-literal-conversion -Wshorten-64-to-32 -Wno-newline-eof -Wno-c++11-extensions -Wno-implicit-fallthrough -fstrict-aliasing -Wdeprecated-declarations -Winvalid-offsetof -Wno-sign-conversion -Wno-infinite-recursion -Wno-move -Wno-comma -Wno-block-capture-autoreleasing -Wno-strict-prototypes -Wno-range-loop-analysis -Wno-semicolon-before-method-body -index-store-path /Users/siam/Library/Developer/Xcode/DerivedData/Lingua_Quest-gvpckrqxtbgyprbgppjfqmimmmfw/Index.noindex/DataStore @/Users/siam/Library/Developer/Xcode/DerivedData/Lingua_Quest-gvpckrqxtbgyprbgppjfqmimmmfw/Build/Intermediates.noindex/leveldb.build/Debug-iphonesimulator/leveldb.build/Objects-normal/arm64/82b82416624d2658e5098eb0a28c15c5-common-args.resp -MMD -MT dependencies -MF /Users/siam/Library/Developer/Xcode/DerivedData/Lingua_Quest-gvpckrqxtbgyprbgppjfqmimmmfw/Build/Intermediates.noindex/leveldb.build/Debug-iphonesimulator/leveldb.build/Objects-normal/arm64/memtable.d --serialize-diagnostics /Users/siam/Library/Developer/Xcode/DerivedData/Lingua_Quest-gvpckrqxtbgyprbgppjfqmimmmfw/Build/Intermediates.noindex/leveldb.build/Debug-iphonesimulator/leveldb.build/Objects-normal/arm64/memtable.dia -c /Users/siam/Library/Developer/Xcode/DerivedData/Lingua_Quest-gvpckrqxtbgyprbgppjfqmimmmfw/SourcePackages/checkouts/leveldb/db/memtable.cc -o /Users/siam/Library/Developer/Xcode/DerivedData/Lingua_Quest-gvpckrqxtbgyprbgppjfqmimmmfw/Build/Intermediates.noindex/leveldb.build/Debug-iphonesimulator/leveldb.build/Objects-normal/arm64/memtable.o -index-unit-output-path /leveldb.build/Debug-iphonesimulator/leveldb.build/Objects-normal/arm64/memtable.o

CompileC /Users/siam/Library/Developer/Xcode/DerivedData/Lingua_Quest-gvpckrqxtbgyprbgppjfqmimmmfw/Build/Intermediates.noindex/leveldb.build/Debug-iphonesimulator/leveldb.build/Objects-normal/arm64/logging.o /Users/siam/Library/Developer/Xcode/DerivedData/Lingua_Quest-gvpckrqxtbgyprbgppjfqmimmmfw/SourcePackages/checkouts/leveldb/util/logging.cc normal arm64 c++ com.apple.compilers.llvm.clang.1_0.compiler (in target 'leveldb' from project 'leveldb')
    cd /Users/siam/Desktop/Lingua\ Quest/Lingua\ Quest.xcodeproj
    
    Using response file: /Users/siam/Library/Developer/Xcode/DerivedData/Lingua_Quest-gvpckrqxtbgyprbgppjfqmimmmfw/Build/Intermediates.noindex/leveldb.build/Debug-iphonesimulator/leveldb.build/Objects-normal/arm64/82b82416624d2658e5098eb0a28c15c5-common-args.resp
    
    /Applications/Xcode.app/Contents/Developer/Toolchains/XcodeDefault.xctoolchain/usr/bin/clang -x c++ -ivfsstatcache /Users/siam/Library/Developer/Xcode/DerivedData/SDKStatCaches.noindex/iphonesimulator26.0-23A339-26257891a6c027eb51374368541b8346.sdkstatcache -fmessage-length\=0 -fdiagnostics-show-note-include-stack -fmacro-backtrace-limit\=0 -fno-color-diagnostics -fmodules-prune-interval\=86400 -fmodules-prune-after\=345600 -fbuild-session-file\=/Users/siam/Library/Developer/Xcode/DerivedData/ModuleCache.noindex/Session.modulevalidation -fmodules-validate-once-per-build-session -Wnon-modular-include-in-framework-module -Werror\=non-modular-include-in-framework-module -Wno-trigraphs -Wno-missing-field-initializers -Wno-missing-prototypes -Wno-return-type -Wno-non-virtual-dtor -Wno-overloaded-virtual -Wno-exit-time-destructors -Wno-missing-braces -Wparentheses -Wswitch -Wno-unused-function -Wno-unused-label -Wno-unused-parameter -Wno-unused-variable -Wunused-value -Wno-empty-body -Wno-uninitialized -Wno-unknown-pragmas -w -Wno-shadow -Wno-four-char-constants -Wno-conversion -Wno-constant-conversion -Wno-int-conversion -Wno-bool-conversion -Wno-enum-conversion -Wno-float-conversion -Wno-non-literal-null-conversion -Wno-objc-literal-conversion -Wshorten-64-to-32 -Wno-newline-eof -Wno-c++11-extensions -Wno-implicit-fallthrough -fstrict-aliasing -Wdeprecated-declarations -Winvalid-offsetof -Wno-sign-conversion -Wno-infinite-recursion -Wno-move -Wno-comma -Wno-block-capture-autoreleasing -Wno-strict-prototypes -Wno-range-loop-analysis -Wno-semicolon-before-method-body -index-store-path /Users/siam/Library/Developer/Xcode/DerivedData/Lingua_Quest-gvpckrqxtbgyprbgppjfqmimmmfw/Index.noindex/DataStore @/Users/siam/Library/Developer/Xcode/DerivedData/Lingua_Quest-gvpckrqxtbgyprbgppjfqmimmmfw/Build/Intermediates.noindex/leveldb.build/Debug-iphonesimulator/leveldb.build/Objects-normal/arm64/82b82416624d2658e5098eb0a28c15c5-common-args.resp -MMD -MT dependencies -MF /Users/siam/Library/Developer/Xcode/DerivedData/Lingua_Quest-gvpckrqxtbgyprbgppjfqmimmmfw/Build/Intermediates.noindex/leveldb.build/Debug-iphonesimulator/leveldb.build/Objects-normal/arm64/logging.d --serialize-diagnostics /Users/siam/Library/Developer/Xcode/DerivedData/Lingua_Quest-gvpckrqxtbgyprbgppjfqmimmmfw/Build/Intermediates.noindex/leveldb.build/Debug-iphonesimulator/leveldb.build/Objects-normal/arm64/logging.dia -c /Users/siam/Library/Developer/Xcode/DerivedData/Lingua_Quest-gvpckrqxtbgyprbgppjfqmimmmfw/SourcePackages/checkouts/leveldb/util/logging.cc -o /Users/siam/Library/Developer/Xcode/DerivedData/Lingua_Quest-gvpckrqxtbgyprbgppjfqmimmmfw/Build/Intermediates.noindex/leveldb.build/Debug-iphonesimulator/leveldb.build/Objects-normal/arm64/logging.o -index-unit-output-path /leveldb.build/Debug-iphonesimulator/leveldb.build/Objects-normal/arm64/logging.o

CompileC /Users/siam/Library/Developer/Xcode/DerivedData/Lingua_Quest-gvpckrqxtbgyprbgppjfqmimmmfw/Build/Intermediates.noindex/leveldb.build/Debug-iphonesimulator/leveldb.build/Objects-normal/arm64/log_writer.o /Users/siam/Library/Developer/Xcode/DerivedData/Lingua_Quest-gvpckrqxtbgyprbgppjfqmimmmfw/SourcePackages/checkouts/leveldb/db/log_writer.cc normal arm64 c++ com.apple.compilers.llvm.clang.1_0.compiler (in target 'leveldb' from project 'leveldb')
    cd /Users/siam/Desktop/Lingua\ Quest/Lingua\ Quest.xcodeproj
    
    Using response file: /Users/siam/Library/Developer/Xcode/DerivedData/Lingua_Quest-gvpckrqxtbgyprbgppjfqmimmmfw/Build/Intermediates.noindex/leveldb.build/Debug-iphonesimulator/leveldb.build/Objects-normal/arm64/82b82416624d2658e5098eb0a28c15c5-common-args.resp
    
    /Applications/Xcode.app/Contents/Developer/Toolchains/XcodeDefault.xctoolchain/usr/bin/clang -x c++ -ivfsstatcache /Users/siam/Library/Developer/Xcode/DerivedData/SDKStatCaches.noindex/iphonesimulator26.0-23A339-26257891a6c027eb51374368541b8346.sdkstatcache -fmessage-length\=0 -fdiagnostics-show-note-include-stack -fmacro-backtrace-limit\=0 -fno-color-diagnostics -fmodules-prune-interval\=86400 -fmodules-prune-after\=345600 -fbuild-session-file\=/Users/siam/Library/Developer/Xcode/DerivedData/ModuleCache.noindex/Session.modulevalidation -fmodules-validate-once-per-build-session -Wnon-modular-include-in-framework-module -Werror\=non-modular-include-in-framework-module -Wno-trigraphs -Wno-missing-field-initializers -Wno-missing-prototypes -Wno-return-type -Wno-non-virtual-dtor -Wno-overloaded-virtual -Wno-exit-time-destructors -Wno-missing-braces -Wparentheses -Wswitch -Wno-unused-function -Wno-unused-label -Wno-unused-parameter -Wno-unused-variable -Wunused-value -Wno-empty-body -Wno-uninitialized -Wno-unknown-pragmas -w -Wno-shadow -Wno-four-char-constants -Wno-conversion -Wno-constant-conversion -Wno-int-conversion -Wno-bool-conversion -Wno-enum-conversion -Wno-float-conversion -Wno-non-literal-null-conversion -Wno-objc-literal-conversion -Wshorten-64-to-32 -Wno-newline-eof -Wno-c++11-extensions -Wno-implicit-fallthrough -fstrict-aliasing -Wdeprecated-declarations -Winvalid-offsetof -Wno-sign-conversion -Wno-infinite-recursion -Wno-move -Wno-comma -Wno-block-capture-autoreleasing -Wno-strict-prototypes -Wno-range-loop-analysis -Wno-semicolon-before-method-body -index-store-path /Users/siam/Library/Developer/Xcode/DerivedData/Lingua_Quest-gvpckrqxtbgyprbgppjfqmimmmfw/Index.noindex/DataStore @/Users/siam/Library/Developer/Xcode/DerivedData/Lingua_Quest-gvpckrqxtbgyprbgppjfqmimmmfw/Build/Intermediates.noindex/leveldb.build/Debug-iphonesimulator/leveldb.build/Objects-normal/arm64/82b82416624d2658e5098eb0a28c15c5-common-args.resp -MMD -MT dependencies -MF /Users/siam/Library/Developer/Xcode/DerivedData/Lingua_Quest-gvpckrqxtbgyprbgppjfqmimmmfw/Build/Intermediates.noindex/leveldb.build/Debug-iphonesimulator/leveldb.build/Objects-normal/arm64/log_writer.d --serialize-diagnostics /Users/siam/Library/Developer/Xcode/DerivedData/Lingua_Quest-gvpckrqxtbgyprbgppjfqmimmmfw/Build/Intermediates.noindex/leveldb.build/Debug-iphonesimulator/leveldb.build/Objects-normal/arm64/log_writer.dia -c /Users/siam/Library/Developer/Xcode/DerivedData/Lingua_Quest-gvpckrqxtbgyprbgppjfqmimmmfw/SourcePackages/checkouts/leveldb/db/log_writer.cc -o /Users/siam/Library/Developer/Xcode/DerivedData/Lingua_Quest-gvpckrqxtbgyprbgppjfqmimmmfw/Build/Intermediates.noindex/leveldb.build/Debug-iphonesimulator/leveldb.build/Objects-normal/arm64/log_writer.o -index-unit-output-path /leveldb.build/Debug-iphonesimulator/leveldb.build/Objects-normal/arm64/log_writer.o

CompileC /Users/siam/Library/Developer/Xcode/DerivedData/Lingua_Quest-gvpckrqxtbgyprbgppjfqmimmmfw/Build/Intermediates.noindex/leveldb.build/Debug-iphonesimulator/leveldb.build/Objects-normal/arm64/log_reader.o /Users/siam/Library/Developer/Xcode/DerivedData/Lingua_Quest-gvpckrqxtbgyprbgppjfqmimmmfw/SourcePackages/checkouts/leveldb/db/log_reader.cc normal arm64 c++ com.apple.compilers.llvm.clang.1_0.compiler (in target 'leveldb' from project 'leveldb')
    cd /Users/siam/Desktop/Lingua\ Quest/Lingua\ Quest.xcodeproj
    
    Using response file: /Users/siam/Library/Developer/Xcode/DerivedData/Lingua_Quest-gvpckrqxtbgyprbgppjfqmimmmfw/Build/Intermediates.noindex/leveldb.build/Debug-iphonesimulator/leveldb.build/Objects-normal/arm64/82b82416624d2658e5098eb0a28c15c5-common-args.resp
    
    /Applications/Xcode.app/Contents/Developer/Toolchains/XcodeDefault.xctoolchain/usr/bin/clang -x c++ -ivfsstatcache /Users/siam/Library/Developer/Xcode/DerivedData/SDKStatCaches.noindex/iphonesimulator26.0-23A339-26257891a6c027eb51374368541b8346.sdkstatcache -fmessage-length\=0 -fdiagnostics-show-note-include-stack -fmacro-backtrace-limit\=0 -fno-color-diagnostics -fmodules-prune-interval\=86400 -fmodules-prune-after\=345600 -fbuild-session-file\=/Users/siam/Library/Developer/Xcode/DerivedData/ModuleCache.noindex/Session.modulevalidation -fmodules-validate-once-per-build-session -Wnon-modular-include-in-framework-module -Werror\=non-modular-include-in-framework-module -Wno-trigraphs -Wno-missing-field-initializers -Wno-missing-prototypes -Wno-return-type -Wno-non-virtual-dtor -Wno-overloaded-virtual -Wno-exit-time-destructors -Wno-missing-braces -Wparentheses -Wswitch -Wno-unused-function -Wno-unused-label -Wno-unused-parameter -Wno-unused-variable -Wunused-value -Wno-empty-body -Wno-uninitialized -Wno-unknown-pragmas -w -Wno-shadow -Wno-four-char-constants -Wno-conversion -Wno-constant-conversion -Wno-int-conversion -Wno-bool-conversion -Wno-enum-conversion -Wno-float-conversion -Wno-non-literal-null-conversion -Wno-objc-literal-conversion -Wshorten-64-to-32 -Wno-newline-eof -Wno-c++11-extensions -Wno-implicit-fallthrough -fstrict-aliasing -Wdeprecated-declarations -Winvalid-offsetof -Wno-sign-conversion -Wno-infinite-recursion -Wno-move -Wno-comma -Wno-block-capture-autoreleasing -Wno-strict-prototypes -Wno-range-loop-analysis -Wno-semicolon-before-method-body -index-store-path /Users/siam/Library/Developer/Xcode/DerivedData/Lingua_Quest-gvpckrqxtbgyprbgppjfqmimmmfw/Index.noindex/DataStore @/Users/siam/Library/Developer/Xcode/DerivedData/Lingua_Quest-gvpckrqxtbgyprbgppjfqmimmmfw/Build/Intermediates.noindex/leveldb.build/Debug-iphonesimulator/leveldb.build/Objects-normal/arm64/82b82416624d2658e5098eb0a28c15c5-common-args.resp -MMD -MT dependencies -MF /Users/siam/Library/Developer/Xcode/DerivedData/Lingua_Quest-gvpckrqxtbgyprbgppjfqmimmmfw/Build/Intermediates.noindex/leveldb.build/Debug-iphonesimulator/leveldb.build/Objects-normal/arm64/log_reader.d --serialize-diagnostics /Users/siam/Library/Developer/Xcode/DerivedData/Lingua_Quest-gvpckrqxtbgyprbgppjfqmimmmfw/Build/Intermediates.noindex/leveldb.build/Debug-iphonesimulator/leveldb.build/Objects-normal/arm64/log_reader.dia -c /Users/siam/Library/Developer/Xcode/DerivedData/Lingua_Quest-gvpckrqxtbgyprbgppjfqmimmmfw/SourcePackages/checkouts/leveldb/db/log_reader.cc -o /Users/siam/Library/Developer/Xcode/DerivedData/Lingua_Quest-gvpckrqxtbgyprbgppjfqmimmmfw/Build/Intermediates.noindex/leveldb.build/Debug-iphonesimulator/leveldb.build/Objects-normal/arm64/log_reader.o -index-unit-output-path /leveldb.build/Debug-iphonesimulator/leveldb.build/Objects-normal/arm64/log_reader.o

CompileC /Users/siam/Library/Developer/Xcode/DerivedData/Lingua_Quest-gvpckrqxtbgyprbgppjfqmimmmfw/Build/Intermediates.noindex/leveldb.build/Debug-iphonesimulator/leveldb.build/Objects-normal/arm64/iterator.o /Users/siam/Library/Developer/Xcode/DerivedData/Lingua_Quest-gvpckrqxtbgyprbgppjfqmimmmfw/SourcePackages/checkouts/leveldb/table/iterator.cc normal arm64 c++ com.apple.compilers.llvm.clang.1_0.compiler (in target 'leveldb' from project 'leveldb')
    cd /Users/siam/Desktop/Lingua\ Quest/Lingua\ Quest.xcodeproj
    
    Using response file: /Users/siam/Library/Developer/Xcode/DerivedData/Lingua_Quest-gvpckrqxtbgyprbgppjfqmimmmfw/Build/Intermediates.noindex/leveldb.build/Debug-iphonesimulator/leveldb.build/Objects-normal/arm64/82b82416624d2658e5098eb0a28c15c5-common-args.resp
    
    /Applications/Xcode.app/Contents/Developer/Toolchains/XcodeDefault.xctoolchain/usr/bin/clang -x c++ -ivfsstatcache /Users/siam/Library/Developer/Xcode/DerivedData/SDKStatCaches.noindex/iphonesimulator26.0-23A339-26257891a6c027eb51374368541b8346.sdkstatcache -fmessage-length\=0 -fdiagnostics-show-note-include-stack -fmacro-backtrace-limit\=0 -fno-color-diagnostics -fmodules-prune-interval\=86400 -fmodules-prune-after\=345600 -fbuild-session-file\=/Users/siam/Library/Developer/Xcode/DerivedData/ModuleCache.noindex/Session.modulevalidation -fmodules-validate-once-per-build-session -Wnon-modular-include-in-framework-module -Werror\=non-modular-include-in-framework-module -Wno-trigraphs -Wno-missing-field-initializers -Wno-missing-prototypes -Wno-return-type -Wno-non-virtual-dtor -Wno-overloaded-virtual -Wno-exit-time-destructors -Wno-missing-braces -Wparentheses -Wswitch -Wno-unused-function -Wno-unused-label -Wno-unused-parameter -Wno-unused-variable -Wunused-value -Wno-empty-body -Wno-uninitialized -Wno-unknown-pragmas -w -Wno-shadow -Wno-four-char-constants -Wno-conversion -Wno-constant-conversion -Wno-int-conversion -Wno-bool-conversion -Wno-enum-conversion -Wno-float-conversion -Wno-non-literal-null-conversion -Wno-objc-literal-conversion -Wshorten-64-to-32 -Wno-newline-eof -Wno-c++11-extensions -Wno-implicit-fallthrough -fstrict-aliasing -Wdeprecated-declarations -Winvalid-offsetof -Wno-sign-conversion -Wno-infinite-recursion -Wno-move -Wno-comma -Wno-block-capture-autoreleasing -Wno-strict-prototypes -Wno-range-loop-analysis -Wno-semicolon-before-method-body -index-store-path /Users/siam/Library/Developer/Xcode/DerivedData/Lingua_Quest-gvpckrqxtbgyprbgppjfqmimmmfw/Index.noindex/DataStore @/Users/siam/Library/Developer/Xcode/DerivedData/Lingua_Quest-gvpckrqxtbgyprbgppjfqmimmmfw/Build/Intermediates.noindex/leveldb.build/Debug-iphonesimulator/leveldb.build/Objects-normal/arm64/82b82416624d2658e5098eb0a28c15c5-common-args.resp -MMD -MT dependencies -MF /Users/siam/Library/Developer/Xcode/DerivedData/Lingua_Quest-gvpckrqxtbgyprbgppjfqmimmmfw/Build/Intermediates.noindex/leveldb.build/Debug-iphonesimulator/leveldb.build/Objects-normal/arm64/iterator.d --serialize-diagnostics /Users/siam/Library/Developer/Xcode/DerivedData/Lingua_Quest-gvpckrqxtbgyprbgppjfqmimmmfw/Build/Intermediates.noindex/leveldb.build/Debug-iphonesimulator/leveldb.build/Objects-normal/arm64/iterator.dia -c /Users/siam/Library/Developer/Xcode/DerivedData/Lingua_Quest-gvpckrqxtbgyprbgppjfqmimmmfw/SourcePackages/checkouts/leveldb/table/iterator.cc -o /Users/siam/Library/Developer/Xcode/DerivedData/Lingua_Quest-gvpckrqxtbgyprbgppjfqmimmmfw/Build/Intermediates.noindex/leveldb.build/Debug-iphonesimulator/leveldb.build/Objects-normal/arm64/iterator.o -index-unit-output-path /leveldb.build/Debug-iphonesimulator/leveldb.build/Objects-normal/arm64/iterator.o

CompileC /Users/siam/Library/Developer/Xcode/DerivedData/Lingua_Quest-gvpckrqxtbgyprbgppjfqmimmmfw/Build/Intermediates.noindex/leveldb.build/Debug-iphonesimulator/leveldb.build/Objects-normal/arm64/histogram.o /Users/siam/Library/Developer/Xcode/DerivedData/Lingua_Quest-gvpckrqxtbgyprbgppjfqmimmmfw/SourcePackages/checkouts/leveldb/util/histogram.cc normal arm64 c++ com.apple.compilers.llvm.clang.1_0.compiler (in target 'leveldb' from project 'leveldb')
    cd /Users/siam/Desktop/Lingua\ Quest/Lingua\ Quest.xcodeproj
    
    Using response file: /Users/siam/Library/Developer/Xcode/DerivedData/Lingua_Quest-gvpckrqxtbgyprbgppjfqmimmmfw/Build/Intermediates.noindex/leveldb.build/Debug-iphonesimulator/leveldb.build/Objects-normal/arm64/82b82416624d2658e5098eb0a28c15c5-common-args.resp
    
    /Applications/Xcode.app/Contents/Developer/Toolchains/XcodeDefault.xctoolchain/usr/bin/clang -x c++ -ivfsstatcache /Users/siam/Library/Developer/Xcode/DerivedData/SDKStatCaches.noindex/iphonesimulator26.0-23A339-26257891a6c027eb51374368541b8346.sdkstatcache -fmessage-length\=0 -fdiagnostics-show-note-include-stack -fmacro-backtrace-limit\=0 -fno-color-diagnostics -fmodules-prune-interval\=86400 -fmodules-prune-after\=345600 -fbuild-session-file\=/Users/siam/Library/Developer/Xcode/DerivedData/ModuleCache.noindex/Session.modulevalidation -fmodules-validate-once-per-build-session -Wnon-modular-include-in-framework-module -Werror\=non-modular-include-in-framework-module -Wno-trigraphs -Wno-missing-field-initializers -Wno-missing-prototypes -Wno-return-type -Wno-non-virtual-dtor -Wno-overloaded-virtual -Wno-exit-time-destructors -Wno-missing-braces -Wparentheses -Wswitch -Wno-unused-function -Wno-unused-label -Wno-unused-parameter -Wno-unused-variable -Wunused-value -Wno-empty-body -Wno-uninitialized -Wno-unknown-pragmas -w -Wno-shadow -Wno-four-char-constants -Wno-conversion -Wno-constant-conversion -Wno-int-conversion -Wno-bool-conversion -Wno-enum-conversion -Wno-float-conversion -Wno-non-literal-null-conversion -Wno-objc-literal-conversion -Wshorten-64-to-32 -Wno-newline-eof -Wno-c++11-extensions -Wno-implicit-fallthrough -fstrict-aliasing -Wdeprecated-declarations -Winvalid-offsetof -Wno-sign-conversion -Wno-infinite-recursion -Wno-move -Wno-comma -Wno-block-capture-autoreleasing -Wno-strict-prototypes -Wno-range-loop-analysis -Wno-semicolon-before-method-body -index-store-path /Users/siam/Library/Developer/Xcode/DerivedData/Lingua_Quest-gvpckrqxtbgyprbgppjfqmimmmfw/Index.noindex/DataStore @/Users/siam/Library/Developer/Xcode/DerivedData/Lingua_Quest-gvpckrqxtbgyprbgppjfqmimmmfw/Build/Intermediates.noindex/leveldb.build/Debug-iphonesimulator/leveldb.build/Objects-normal/arm64/82b82416624d2658e5098eb0a28c15c5-common-args.resp -MMD -MT dependencies -MF /Users/siam/Library/Developer/Xcode/DerivedData/Lingua_Quest-gvpckrqxtbgyprbgppjfqmimmmfw/Build/Intermediates.noindex/leveldb.build/Debug-iphonesimulator/leveldb.build/Objects-normal/arm64/histogram.d --serialize-diagnostics /Users/siam/Library/Developer/Xcode/DerivedData/Lingua_Quest-gvpckrqxtbgyprbgppjfqmimmmfw/Build/Intermediates.noindex/leveldb.build/Debug-iphonesimulator/leveldb.build/Objects-normal/arm64/histogram.dia -c /Users/siam/Library/Developer/Xcode/DerivedData/Lingua_Quest-gvpckrqxtbgyprbgppjfqmimmmfw/SourcePackages/checkouts/leveldb/util/histogram.cc -o /Users/siam/Library/Developer/Xcode/DerivedData/Lingua_Quest-gvpckrqxtbgyprbgppjfqmimmmfw/Build/Intermediates.noindex/leveldb.build/Debug-iphonesimulator/leveldb.build/Objects-normal/arm64/histogram.o -index-unit-output-path /leveldb.build/Debug-iphonesimulator/leveldb.build/Objects-normal/arm64/histogram.o

CompileC /Users/siam/Library/Developer/Xcode/DerivedData/Lingua_Quest-gvpckrqxtbgyprbgppjfqmimmmfw/Build/Intermediates.noindex/leveldb.build/Debug-iphonesimulator/leveldb.build/Objects-normal/arm64/hash.o /Users/siam/Library/Developer/Xcode/DerivedData/Lingua_Quest-gvpckrqxtbgyprbgppjfqmimmmfw/SourcePackages/checkouts/leveldb/util/hash.cc normal arm64 c++ com.apple.compilers.llvm.clang.1_0.compiler (in target 'leveldb' from project 'leveldb')
    cd /Users/siam/Desktop/Lingua\ Quest/Lingua\ Quest.xcodeproj
    
    Using response file: /Users/siam/Library/Developer/Xcode/DerivedData/Lingua_Quest-gvpckrqxtbgyprbgppjfqmimmmfw/Build/Intermediates.noindex/leveldb.build/Debug-iphonesimulator/leveldb.build/Objects-normal/arm64/82b82416624d2658e5098eb0a28c15c5-common-args.resp
    
    /Applications/Xcode.app/Contents/Developer/Toolchains/XcodeDefault.xctoolchain/usr/bin/clang -x c++ -ivfsstatcache /Users/siam/Library/Developer/Xcode/DerivedData/SDKStatCaches.noindex/iphonesimulator26.0-23A339-26257891a6c027eb51374368541b8346.sdkstatcache -fmessage-length\=0 -fdiagnostics-show-note-include-stack -fmacro-backtrace-limit\=0 -fno-color-diagnostics -fmodules-prune-interval\=86400 -fmodules-prune-after\=345600 -fbuild-session-file\=/Users/siam/Library/Developer/Xcode/DerivedData/ModuleCache.noindex/Session.modulevalidation -fmodules-validate-once-per-build-session -Wnon-modular-include-in-framework-module -Werror\=non-modular-include-in-framework-module -Wno-trigraphs -Wno-missing-field-initializers -Wno-missing-prototypes -Wno-return-type -Wno-non-virtual-dtor -Wno-overloaded-virtual -Wno-exit-time-destructors -Wno-missing-braces -Wparentheses -Wswitch -Wno-unused-function -Wno-unused-label -Wno-unused-parameter -Wno-unused-variable -Wunused-value -Wno-empty-body -Wno-uninitialized -Wno-unknown-pragmas -w -Wno-shadow -Wno-four-char-constants -Wno-conversion -Wno-constant-conversion -Wno-int-conversion -Wno-bool-conversion -Wno-enum-conversion -Wno-float-conversion -Wno-non-literal-null-conversion -Wno-objc-literal-conversion -Wshorten-64-to-32 -Wno-newline-eof -Wno-c++11-extensions -Wno-implicit-fallthrough -fstrict-aliasing -Wdeprecated-declarations -Winvalid-offsetof -Wno-sign-conversion -Wno-infinite-recursion -Wno-move -Wno-comma -Wno-block-capture-autoreleasing -Wno-strict-prototypes -Wno-range-loop-analysis -Wno-semicolon-before-method-body -index-store-path /Users/siam/Library/Developer/Xcode/DerivedData/Lingua_Quest-gvpckrqxtbgyprbgppjfqmimmmfw/Index.noindex/DataStore @/Users/siam/Library/Developer/Xcode/DerivedData/Lingua_Quest-gvpckrqxtbgyprbgppjfqmimmmfw/Build/Intermediates.noindex/leveldb.build/Debug-iphonesimulator/leveldb.build/Objects-normal/arm64/82b82416624d2658e5098eb0a28c15c5-common-args.resp -MMD -MT dependencies -MF /Users/siam/Library/Developer/Xcode/DerivedData/Lingua_Quest-gvpckrqxtbgyprbgppjfqmimmmfw/Build/Intermediates.noindex/leveldb.build/Debug-iphonesimulator/leveldb.build/Objects-normal/arm64/hash.d --serialize-diagnostics /Users/siam/Library/Developer/Xcode/DerivedData/Lingua_Quest-gvpckrqxtbgyprbgppjfqmimmmfw/Build/Intermediates.noindex/leveldb.build/Debug-iphonesimulator/leveldb.build/Objects-normal/arm64/hash.dia -c /Users/siam/Library/Developer/Xcode/DerivedData/Lingua_Quest-gvpckrqxtbgyprbgppjfqmimmmfw/SourcePackages/checkouts/leveldb/util/hash.cc -o /Users/siam/Library/Developer/Xcode/DerivedData/Lingua_Quest-gvpckrqxtbgyprbgppjfqmimmmfw/Build/Intermediates.noindex/leveldb.build/Debug-iphonesimulator/leveldb.build/Objects-normal/arm64/hash.o -index-unit-output-path /leveldb.build/Debug-iphonesimulator/leveldb.build/Objects-normal/arm64/hash.o

CompileC /Users/siam/Library/Developer/Xcode/DerivedData/Lingua_Quest-gvpckrqxtbgyprbgppjfqmimmmfw/Build/Intermediates.noindex/leveldb.build/Debug-iphonesimulator/leveldb.build/Objects-normal/arm64/format.o /Users/siam/Library/Developer/Xcode/DerivedData/Lingua_Quest-gvpckrqxtbgyprbgppjfqmimmmfw/SourcePackages/checkouts/leveldb/table/format.cc normal arm64 c++ com.apple.compilers.llvm.clang.1_0.compiler (in target 'leveldb' from project 'leveldb')
    cd /Users/siam/Desktop/Lingua\ Quest/Lingua\ Quest.xcodeproj
    
    Using response file: /Users/siam/Library/Developer/Xcode/DerivedData/Lingua_Quest-gvpckrqxtbgyprbgppjfqmimmmfw/Build/Intermediates.noindex/leveldb.build/Debug-iphonesimulator/leveldb.build/Objects-normal/arm64/82b82416624d2658e5098eb0a28c15c5-common-args.resp
    
    /Applications/Xcode.app/Contents/Developer/Toolchains/XcodeDefault.xctoolchain/usr/bin/clang -x c++ -ivfsstatcache /Users/siam/Library/Developer/Xcode/DerivedData/SDKStatCaches.noindex/iphonesimulator26.0-23A339-26257891a6c027eb51374368541b8346.sdkstatcache -fmessage-length\=0 -fdiagnostics-show-note-include-stack -fmacro-backtrace-limit\=0 -fno-color-diagnostics -fmodules-prune-interval\=86400 -fmodules-prune-after\=345600 -fbuild-session-file\=/Users/siam/Library/Developer/Xcode/DerivedData/ModuleCache.noindex/Session.modulevalidation -fmodules-validate-once-per-build-session -Wnon-modular-include-in-framework-module -Werror\=non-modular-include-in-framework-module -Wno-trigraphs -Wno-missing-field-initializers -Wno-missing-prototypes -Wno-return-type -Wno-non-virtual-dtor -Wno-overloaded-virtual -Wno-exit-time-destructors -Wno-missing-braces -Wparentheses -Wswitch -Wno-unused-function -Wno-unused-label -Wno-unused-parameter -Wno-unused-variable -Wunused-value -Wno-empty-body -Wno-uninitialized -Wno-unknown-pragmas -w -Wno-shadow -Wno-four-char-constants -Wno-conversion -Wno-constant-conversion -Wno-int-conversion -Wno-bool-conversion -Wno-enum-conversion -Wno-float-conversion -Wno-non-literal-null-conversion -Wno-objc-literal-conversion -Wshorten-64-to-32 -Wno-newline-eof -Wno-c++11-extensions -Wno-implicit-fallthrough -fstrict-aliasing -Wdeprecated-declarations -Winvalid-offsetof -Wno-sign-conversion -Wno-infinite-recursion -Wno-move -Wno-comma -Wno-block-capture-autoreleasing -Wno-strict-prototypes -Wno-range-loop-analysis -Wno-semicolon-before-method-body -index-store-path /Users/siam/Library/Developer/Xcode/DerivedData/Lingua_Quest-gvpckrqxtbgyprbgppjfqmimmmfw/Index.noindex/DataStore @/Users/siam/Library/Developer/Xcode/DerivedData/Lingua_Quest-gvpckrqxtbgyprbgppjfqmimmmfw/Build/Intermediates.noindex/leveldb.build/Debug-iphonesimulator/leveldb.build/Objects-normal/arm64/82b82416624d2658e5098eb0a28c15c5-common-args.resp -MMD -MT dependencies -MF /Users/siam/Library/Developer/Xcode/DerivedData/Lingua_Quest-gvpckrqxtbgyprbgppjfqmimmmfw/Build/Intermediates.noindex/leveldb.build/Debug-iphonesimulator/leveldb.build/Objects-normal/arm64/format.d --serialize-diagnostics /Users/siam/Library/Developer/Xcode/DerivedData/Lingua_Quest-gvpckrqxtbgyprbgppjfqmimmmfw/Build/Intermediates.noindex/leveldb.build/Debug-iphonesimulator/leveldb.build/Objects-normal/arm64/format.dia -c /Users/siam/Library/Developer/Xcode/DerivedData/Lingua_Quest-gvpckrqxtbgyprbgppjfqmimmmfw/SourcePackages/checkouts/leveldb/table/format.cc -o /Users/siam/Library/Developer/Xcode/DerivedData/Lingua_Quest-gvpckrqxtbgyprbgppjfqmimmmfw/Build/Intermediates.noindex/leveldb.build/Debug-iphonesimulator/leveldb.build/Objects-normal/arm64/format.o -index-unit-output-path /leveldb.build/Debug-iphonesimulator/leveldb.build/Objects-normal/arm64/format.o

CompileC /Users/siam/Library/Developer/Xcode/DerivedData/Lingua_Quest-gvpckrqxtbgyprbgppjfqmimmmfw/Build/Intermediates.noindex/leveldb.build/Debug-iphonesimulator/leveldb.build/Objects-normal/arm64/filter_policy.o /Users/siam/Library/Developer/Xcode/DerivedData/Lingua_Quest-gvpckrqxtbgyprbgppjfqmimmmfw/SourcePackages/checkouts/leveldb/util/filter_policy.cc normal arm64 c++ com.apple.compilers.llvm.clang.1_0.compiler (in target 'leveldb' from project 'leveldb')
    cd /Users/siam/Desktop/Lingua\ Quest/Lingua\ Quest.xcodeproj
    
    Using response file: /Users/siam/Library/Developer/Xcode/DerivedData/Lingua_Quest-gvpckrqxtbgyprbgppjfqmimmmfw/Build/Intermediates.noindex/leveldb.build/Debug-iphonesimulator/leveldb.build/Objects-normal/arm64/82b82416624d2658e5098eb0a28c15c5-common-args.resp
    
    /Applications/Xcode.app/Contents/Developer/Toolchains/XcodeDefault.xctoolchain/usr/bin/clang -x c++ -ivfsstatcache /Users/siam/Library/Developer/Xcode/DerivedData/SDKStatCaches.noindex/iphonesimulator26.0-23A339-26257891a6c027eb51374368541b8346.sdkstatcache -fmessage-length\=0 -fdiagnostics-show-note-include-stack -fmacro-backtrace-limit\=0 -fno-color-diagnostics -fmodules-prune-interval\=86400 -fmodules-prune-after\=345600 -fbuild-session-file\=/Users/siam/Library/Developer/Xcode/DerivedData/ModuleCache.noindex/Session.modulevalidation -fmodules-validate-once-per-build-session -Wnon-modular-include-in-framework-module -Werror\=non-modular-include-in-framework-module -Wno-trigraphs -Wno-missing-field-initializers -Wno-missing-prototypes -Wno-return-type -Wno-non-virtual-dtor -Wno-overloaded-virtual -Wno-exit-time-destructors -Wno-missing-braces -Wparentheses -Wswitch -Wno-unused-function -Wno-unused-label -Wno-unused-parameter -Wno-unused-variable -Wunused-value -Wno-empty-body -Wno-uninitialized -Wno-unknown-pragmas -w -Wno-shadow -Wno-four-char-constants -Wno-conversion -Wno-constant-conversion -Wno-int-conversion -Wno-bool-conversion -Wno-enum-conversion -Wno-float-conversion -Wno-non-literal-null-conversion -Wno-objc-literal-conversion -Wshorten-64-to-32 -Wno-newline-eof -Wno-c++11-extensions -Wno-implicit-fallthrough -fstrict-aliasing -Wdeprecated-declarations -Winvalid-offsetof -Wno-sign-conversion -Wno-infinite-recursion -Wno-move -Wno-comma -Wno-block-capture-autoreleasing -Wno-strict-prototypes -Wno-range-loop-analysis -Wno-semicolon-before-method-body -index-store-path /Users/siam/Library/Developer/Xcode/DerivedData/Lingua_Quest-gvpckrqxtbgyprbgppjfqmimmmfw/Index.noindex/DataStore @/Users/siam/Library/Developer/Xcode/DerivedData/Lingua_Quest-gvpckrqxtbgyprbgppjfqmimmmfw/Build/Intermediates.noindex/leveldb.build/Debug-iphonesimulator/leveldb.build/Objects-normal/arm64/82b82416624d2658e5098eb0a28c15c5-common-args.resp -MMD -MT dependencies -MF /Users/siam/Library/Developer/Xcode/DerivedData/Lingua_Quest-gvpckrqxtbgyprbgppjfqmimmmfw/Build/Intermediates.noindex/leveldb.build/Debug-iphonesimulator/leveldb.build/Objects-normal/arm64/filter_policy.d --serialize-diagnostics /Users/siam/Library/Developer/Xcode/DerivedData/Lingua_Quest-gvpckrqxtbgyprbgppjfqmimmmfw/Build/Intermediates.noindex/leveldb.build/Debug-iphonesimulator/leveldb.build/Objects-normal/arm64/filter_policy.dia -c /Users/siam/Library/Developer/Xcode/DerivedData/Lingua_Quest-gvpckrqxtbgyprbgppjfqmimmmfw/SourcePackages/checkouts/leveldb/util/filter_policy.cc -o /Users/siam/Library/Developer/Xcode/DerivedData/Lingua_Quest-gvpckrqxtbgyprbgppjfqmimmmfw/Build/Intermediates.noindex/leveldb.build/Debug-iphonesimulator/leveldb.build/Objects-normal/arm64/filter_policy.o -index-unit-output-path /leveldb.build/Debug-iphonesimulator/leveldb.build/Objects-normal/arm64/filter_policy.o

CompileC /Users/siam/Library/Developer/Xcode/DerivedData/Lingua_Quest-gvpckrqxtbgyprbgppjfqmimmmfw/Build/Intermediates.noindex/leveldb.build/Debug-iphonesimulator/leveldb.build/Objects-normal/arm64/filter_block.o /Users/siam/Library/Developer/Xcode/DerivedData/Lingua_Quest-gvpckrqxtbgyprbgppjfqmimmmfw/SourcePackages/checkouts/leveldb/table/filter_block.cc normal arm64 c++ com.apple.compilers.llvm.clang.1_0.compiler (in target 'leveldb' from project 'leveldb')
    cd /Users/siam/Desktop/Lingua\ Quest/Lingua\ Quest.xcodeproj
    
    Using response file: /Users/siam/Library/Developer/Xcode/DerivedData/Lingua_Quest-gvpckrqxtbgyprbgppjfqmimmmfw/Build/Intermediates.noindex/leveldb.build/Debug-iphonesimulator/leveldb.build/Objects-normal/arm64/82b82416624d2658e5098eb0a28c15c5-common-args.resp
    
    /Applications/Xcode.app/Contents/Developer/Toolchains/XcodeDefault.xctoolchain/usr/bin/clang -x c++ -ivfsstatcache /Users/siam/Library/Developer/Xcode/DerivedData/SDKStatCaches.noindex/iphonesimulator26.0-23A339-26257891a6c027eb51374368541b8346.sdkstatcache -fmessage-length\=0 -fdiagnostics-show-note-include-stack -fmacro-backtrace-limit\=0 -fno-color-diagnostics -fmodules-prune-interval\=86400 -fmodules-prune-after\=345600 -fbuild-session-file\=/Users/siam/Library/Developer/Xcode/DerivedData/ModuleCache.noindex/Session.modulevalidation -fmodules-validate-once-per-build-session -Wnon-modular-include-in-framework-module -Werror\=non-modular-include-in-framework-module -Wno-trigraphs -Wno-missing-field-initializers -Wno-missing-prototypes -Wno-return-type -Wno-non-virtual-dtor -Wno-overloaded-virtual -Wno-exit-time-destructors -Wno-missing-braces -Wparentheses -Wswitch -Wno-unused-function -Wno-unused-label -Wno-unused-parameter -Wno-unused-variable -Wunused-value -Wno-empty-body -Wno-uninitialized -Wno-unknown-pragmas -w -Wno-shadow -Wno-four-char-constants -Wno-conversion -Wno-constant-conversion -Wno-int-conversion -Wno-bool-conversion -Wno-enum-conversion -Wno-float-conversion -Wno-non-literal-null-conversion -Wno-objc-literal-conversion -Wshorten-64-to-32 -Wno-newline-eof -Wno-c++11-extensions -Wno-implicit-fallthrough -fstrict-aliasing -Wdeprecated-declarations -Winvalid-offsetof -Wno-sign-conversion -Wno-infinite-recursion -Wno-move -Wno-comma -Wno-block-capture-autoreleasing -Wno-strict-prototypes -Wno-range-loop-analysis -Wno-semicolon-before-method-body -index-store-path /Users/siam/Library/Developer/Xcode/DerivedData/Lingua_Quest-gvpckrqxtbgyprbgppjfqmimmmfw/Index.noindex/DataStore @/Users/siam/Library/Developer/Xcode/DerivedData/Lingua_Quest-gvpckrqxtbgyprbgppjfqmimmmfw/Build/Intermediates.noindex/leveldb.build/Debug-iphonesimulator/leveldb.build/Objects-normal/arm64/82b82416624d2658e5098eb0a28c15c5-common-args.resp -MMD -MT dependencies -MF /Users/siam/Library/Developer/Xcode/DerivedData/Lingua_Quest-gvpckrqxtbgyprbgppjfqmimmmfw/Build/Intermediates.noindex/leveldb.build/Debug-iphonesimulator/leveldb.build/Objects-normal/arm64/filter_block.d --serialize-diagnostics /Users/siam/Library/Developer/Xcode/DerivedData/Lingua_Quest-gvpckrqxtbgyprbgppjfqmimmmfw/Build/Intermediates.noindex/leveldb.build/Debug-iphonesimulator/leveldb.build/Objects-normal/arm64/filter_block.dia -c /Users/siam/Library/Developer/Xcode/DerivedData/Lingua_Quest-gvpckrqxtbgyprbgppjfqmimmmfw/SourcePackages/checkouts/leveldb/table/filter_block.cc -o /Users/siam/Library/Developer/Xcode/DerivedData/Lingua_Quest-gvpckrqxtbgyprbgppjfqmimmmfw/Build/Intermediates.noindex/leveldb.build/Debug-iphonesimulator/leveldb.build/Objects-normal/arm64/filter_block.o -index-unit-output-path /leveldb.build/Debug-iphonesimulator/leveldb.build/Objects-normal/arm64/filter_block.o

CompileC /Users/siam/Library/Developer/Xcode/DerivedData/Lingua_Quest-gvpckrqxtbgyprbgppjfqmimmmfw/Build/Intermediates.noindex/leveldb.build/Debug-iphonesimulator/leveldb.build/Objects-normal/arm64/filename.o /Users/siam/Library/Developer/Xcode/DerivedData/Lingua_Quest-gvpckrqxtbgyprbgppjfqmimmmfw/SourcePackages/checkouts/leveldb/db/filename.cc normal arm64 c++ com.apple.compilers.llvm.clang.1_0.compiler (in target 'leveldb' from project 'leveldb')
    cd /Users/siam/Desktop/Lingua\ Quest/Lingua\ Quest.xcodeproj
    
    Using response file: /Users/siam/Library/Developer/Xcode/DerivedData/Lingua_Quest-gvpckrqxtbgyprbgppjfqmimmmfw/Build/Intermediates.noindex/leveldb.build/Debug-iphonesimulator/leveldb.build/Objects-normal/arm64/82b82416624d2658e5098eb0a28c15c5-common-args.resp
    
    /Applications/Xcode.app/Contents/Developer/Toolchains/XcodeDefault.xctoolchain/usr/bin/clang -x c++ -ivfsstatcache /Users/siam/Library/Developer/Xcode/DerivedData/SDKStatCaches.noindex/iphonesimulator26.0-23A339-26257891a6c027eb51374368541b8346.sdkstatcache -fmessage-length\=0 -fdiagnostics-show-note-include-stack -fmacro-backtrace-limit\=0 -fno-color-diagnostics -fmodules-prune-interval\=86400 -fmodules-prune-after\=345600 -fbuild-session-file\=/Users/siam/Library/Developer/Xcode/DerivedData/ModuleCache.noindex/Session.modulevalidation -fmodules-validate-once-per-build-session -Wnon-modular-include-in-framework-module -Werror\=non-modular-include-in-framework-module -Wno-trigraphs -Wno-missing-field-initializers -Wno-missing-prototypes -Wno-return-type -Wno-non-virtual-dtor -Wno-overloaded-virtual -Wno-exit-time-destructors -Wno-missing-braces -Wparentheses -Wswitch -Wno-unused-function -Wno-unused-label -Wno-unused-parameter -Wno-unused-variable -Wunused-value -Wno-empty-body -Wno-uninitialized -Wno-unknown-pragmas -w -Wno-shadow -Wno-four-char-constants -Wno-conversion -Wno-constant-conversion -Wno-int-conversion -Wno-bool-conversion -Wno-enum-conversion -Wno-float-conversion -Wno-non-literal-null-conversion -Wno-objc-literal-conversion -Wshorten-64-to-32 -Wno-newline-eof -Wno-c++11-extensions -Wno-implicit-fallthrough -fstrict-aliasing -Wdeprecated-declarations -Winvalid-offsetof -Wno-sign-conversion -Wno-infinite-recursion -Wno-move -Wno-comma -Wno-block-capture-autoreleasing -Wno-strict-prototypes -Wno-range-loop-analysis -Wno-semicolon-before-method-body -index-store-path /Users/siam/Library/Developer/Xcode/DerivedData/Lingua_Quest-gvpckrqxtbgyprbgppjfqmimmmfw/Index.noindex/DataStore @/Users/siam/Library/Developer/Xcode/DerivedData/Lingua_Quest-gvpckrqxtbgyprbgppjfqmimmmfw/Build/Intermediates.noindex/leveldb.build/Debug-iphonesimulator/leveldb.build/Objects-normal/arm64/82b82416624d2658e5098eb0a28c15c5-common-args.resp -MMD -MT dependencies -MF /Users/siam/Library/Developer/Xcode/DerivedData/Lingua_Quest-gvpckrqxtbgyprbgppjfqmimmmfw/Build/Intermediates.noindex/leveldb.build/Debug-iphonesimulator/leveldb.build/Objects-normal/arm64/filename.d --serialize-diagnostics /Users/siam/Library/Developer/Xcode/DerivedData/Lingua_Quest-gvpckrqxtbgyprbgppjfqmimmmfw/Build/Intermediates.noindex/leveldb.build/Debug-iphonesimulator/leveldb.build/Objects-normal/arm64/filename.dia -c /Users/siam/Library/Developer/Xcode/DerivedData/Lingua_Quest-gvpckrqxtbgyprbgppjfqmimmmfw/SourcePackages/checkouts/leveldb/db/filename.cc -o /Users/siam/Library/Developer/Xcode/DerivedData/Lingua_Quest-gvpckrqxtbgyprbgppjfqmimmmfw/Build/Intermediates.noindex/leveldb.build/Debug-iphonesimulator/leveldb.build/Objects-normal/arm64/filename.o -index-unit-output-path /leveldb.build/Debug-iphonesimulator/leveldb.build/Objects-normal/arm64/filename.o

CompileC /Users/siam/Library/Developer/Xcode/DerivedData/Lingua_Quest-gvpckrqxtbgyprbgppjfqmimmmfw/Build/Intermediates.noindex/leveldb.build/Debug-iphonesimulator/leveldb.build/Objects-normal/arm64/env_posix.o /Users/siam/Library/Developer/Xcode/DerivedData/Lingua_Quest-gvpckrqxtbgyprbgppjfqmimmmfw/SourcePackages/checkouts/leveldb/util/env_posix.cc normal arm64 c++ com.apple.compilers.llvm.clang.1_0.compiler (in target 'leveldb' from project 'leveldb')
    cd /Users/siam/Desktop/Lingua\ Quest/Lingua\ Quest.xcodeproj
    
    Using response file: /Users/siam/Library/Developer/Xcode/DerivedData/Lingua_Quest-gvpckrqxtbgyprbgppjfqmimmmfw/Build/Intermediates.noindex/leveldb.build/Debug-iphonesimulator/leveldb.build/Objects-normal/arm64/82b82416624d2658e5098eb0a28c15c5-common-args.resp
    
    /Applications/Xcode.app/Contents/Developer/Toolchains/XcodeDefault.xctoolchain/usr/bin/clang -x c++ -ivfsstatcache /Users/siam/Library/Developer/Xcode/DerivedData/SDKStatCaches.noindex/iphonesimulator26.0-23A339-26257891a6c027eb51374368541b8346.sdkstatcache -fmessage-length\=0 -fdiagnostics-show-note-include-stack -fmacro-backtrace-limit\=0 -fno-color-diagnostics -fmodules-prune-interval\=86400 -fmodules-prune-after\=345600 -fbuild-session-file\=/Users/siam/Library/Developer/Xcode/DerivedData/ModuleCache.noindex/Session.modulevalidation -fmodules-validate-once-per-build-session -Wnon-modular-include-in-framework-module -Werror\=non-modular-include-in-framework-module -Wno-trigraphs -Wno-missing-field-initializers -Wno-missing-prototypes -Wno-return-type -Wno-non-virtual-dtor -Wno-overloaded-virtual -Wno-exit-time-destructors -Wno-missing-braces -Wparentheses -Wswitch -Wno-unused-function -Wno-unused-label -Wno-unused-parameter -Wno-unused-variable -Wunused-value -Wno-empty-body -Wno-uninitialized -Wno-unknown-pragmas -w -Wno-shadow -Wno-four-char-constants -Wno-conversion -Wno-constant-conversion -Wno-int-conversion -Wno-bool-conversion -Wno-enum-conversion -Wno-float-conversion -Wno-non-literal-null-conversion -Wno-objc-literal-conversion -Wshorten-64-to-32 -Wno-newline-eof -Wno-c++11-extensions -Wno-implicit-fallthrough -fstrict-aliasing -Wdeprecated-declarations -Winvalid-offsetof -Wno-sign-conversion -Wno-infinite-recursion -Wno-move -Wno-comma -Wno-block-capture-autoreleasing -Wno-strict-prototypes -Wno-range-loop-analysis -Wno-semicolon-before-method-body -index-store-path /Users/siam/Library/Developer/Xcode/DerivedData/Lingua_Quest-gvpckrqxtbgyprbgppjfqmimmmfw/Index.noindex/DataStore @/Users/siam/Library/Developer/Xcode/DerivedData/Lingua_Quest-gvpckrqxtbgyprbgppjfqmimmmfw/Build/Intermediates.noindex/leveldb.build/Debug-iphonesimulator/leveldb.build/Objects-normal/arm64/82b82416624d2658e5098eb0a28c15c5-common-args.resp -MMD -MT dependencies -MF /Users/siam/Library/Developer/Xcode/DerivedData/Lingua_Quest-gvpckrqxtbgyprbgppjfqmimmmfw/Build/Intermediates.noindex/leveldb.build/Debug-iphonesimulator/leveldb.build/Objects-normal/arm64/env_posix.d --serialize-diagnostics /Users/siam/Library/Developer/Xcode/DerivedData/Lingua_Quest-gvpckrqxtbgyprbgppjfqmimmmfw/Build/Intermediates.noindex/leveldb.build/Debug-iphonesimulator/leveldb.build/Objects-normal/arm64/env_posix.dia -c /Users/siam/Library/Developer/Xcode/DerivedData/Lingua_Quest-gvpckrqxtbgyprbgppjfqmimmmfw/SourcePackages/checkouts/leveldb/util/env_posix.cc -o /Users/siam/Library/Developer/Xcode/DerivedData/Lingua_Quest-gvpckrqxtbgyprbgppjfqmimmmfw/Build/Intermediates.noindex/leveldb.build/Debug-iphonesimulator/leveldb.build/Objects-normal/arm64/env_posix.o -index-unit-output-path /leveldb.build/Debug-iphonesimulator/leveldb.build/Objects-normal/arm64/env_posix.o

CompileC /Users/siam/Library/Developer/Xcode/DerivedData/Lingua_Quest-gvpckrqxtbgyprbgppjfqmimmmfw/Build/Intermediates.noindex/leveldb.build/Debug-iphonesimulator/leveldb.build/Objects-normal/arm64/env.o /Users/siam/Library/Developer/Xcode/DerivedData/Lingua_Quest-gvpckrqxtbgyprbgppjfqmimmmfw/SourcePackages/checkouts/leveldb/util/env.cc normal arm64 c++ com.apple.compilers.llvm.clang.1_0.compiler (in target 'leveldb' from project 'leveldb')
    cd /Users/siam/Desktop/Lingua\ Quest/Lingua\ Quest.xcodeproj
    
    Using response file: /Users/siam/Library/Developer/Xcode/DerivedData/Lingua_Quest-gvpckrqxtbgyprbgppjfqmimmmfw/Build/Intermediates.noindex/leveldb.build/Debug-iphonesimulator/leveldb.build/Objects-normal/arm64/82b82416624d2658e5098eb0a28c15c5-common-args.resp
    
    /Applications/Xcode.app/Contents/Developer/Toolchains/XcodeDefault.xctoolchain/usr/bin/clang -x c++ -ivfsstatcache /Users/siam/Library/Developer/Xcode/DerivedData/SDKStatCaches.noindex/iphonesimulator26.0-23A339-26257891a6c027eb51374368541b8346.sdkstatcache -fmessage-length\=0 -fdiagnostics-show-note-include-stack -fmacro-backtrace-limit\=0 -fno-color-diagnostics -fmodules-prune-interval\=86400 -fmodules-prune-after\=345600 -fbuild-session-file\=/Users/siam/Library/Developer/Xcode/DerivedData/ModuleCache.noindex/Session.modulevalidation -fmodules-validate-once-per-build-session -Wnon-modular-include-in-framework-module -Werror\=non-modular-include-in-framework-module -Wno-trigraphs -Wno-missing-field-initializers -Wno-missing-prototypes -Wno-return-type -Wno-non-virtual-dtor -Wno-overloaded-virtual -Wno-exit-time-destructors -Wno-missing-braces -Wparentheses -Wswitch -Wno-unused-function -Wno-unused-label -Wno-unused-parameter -Wno-unused-variable -Wunused-value -Wno-empty-body -Wno-uninitialized -Wno-unknown-pragmas -w -Wno-shadow -Wno-four-char-constants -Wno-conversion -Wno-constant-conversion -Wno-int-conversion -Wno-bool-conversion -Wno-enum-conversion -Wno-float-conversion -Wno-non-literal-null-conversion -Wno-objc-literal-conversion -Wshorten-64-to-32 -Wno-newline-eof -Wno-c++11-extensions -Wno-implicit-fallthrough -fstrict-aliasing -Wdeprecated-declarations -Winvalid-offsetof -Wno-sign-conversion -Wno-infinite-recursion -Wno-move -Wno-comma -Wno-block-capture-autoreleasing -Wno-strict-prototypes -Wno-range-loop-analysis -Wno-semicolon-before-method-body -index-store-path /Users/siam/Library/Developer/Xcode/DerivedData/Lingua_Quest-gvpckrqxtbgyprbgppjfqmimmmfw/Index.noindex/DataStore @/Users/siam/Library/Developer/Xcode/DerivedData/Lingua_Quest-gvpckrqxtbgyprbgppjfqmimmmfw/Build/Intermediates.noindex/leveldb.build/Debug-iphonesimulator/leveldb.build/Objects-normal/arm64/82b82416624d2658e5098eb0a28c15c5-common-args.resp -MMD -MT dependencies -MF /Users/siam/Library/Developer/Xcode/DerivedData/Lingua_Quest-gvpckrqxtbgyprbgppjfqmimmmfw/Build/Intermediates.noindex/leveldb.build/Debug-iphonesimulator/leveldb.build/Objects-normal/arm64/env.d --serialize-diagnostics /Users/siam/Library/Developer/Xcode/DerivedData/Lingua_Quest-gvpckrqxtbgyprbgppjfqmimmmfw/Build/Intermediates.noindex/leveldb.build/Debug-iphonesimulator/leveldb.build/Objects-normal/arm64/env.dia -c /Users/siam/Library/Developer/Xcode/DerivedData/Lingua_Quest-gvpckrqxtbgyprbgppjfqmimmmfw/SourcePackages/checkouts/leveldb/util/env.cc -o /Users/siam/Library/Developer/Xcode/DerivedData/Lingua_Quest-gvpckrqxtbgyprbgppjfqmimmmfw/Build/Intermediates.noindex/leveldb.build/Debug-iphonesimulator/leveldb.build/Objects-normal/arm64/env.o -index-unit-output-path /leveldb.build/Debug-iphonesimulator/leveldb.build/Objects-normal/arm64/env.o

CompileC /Users/siam/Library/Developer/Xcode/DerivedData/Lingua_Quest-gvpckrqxtbgyprbgppjfqmimmmfw/Build/Intermediates.noindex/leveldb.build/Debug-iphonesimulator/leveldb.build/Objects-normal/arm64/dumpfile.o /Users/siam/Library/Developer/Xcode/DerivedData/Lingua_Quest-gvpckrqxtbgyprbgppjfqmimmmfw/SourcePackages/checkouts/leveldb/db/dumpfile.cc normal arm64 c++ com.apple.compilers.llvm.clang.1_0.compiler (in target 'leveldb' from project 'leveldb')
    cd /Users/siam/Desktop/Lingua\ Quest/Lingua\ Quest.xcodeproj
    
    Using response file: /Users/siam/Library/Developer/Xcode/DerivedData/Lingua_Quest-gvpckrqxtbgyprbgppjfqmimmmfw/Build/Intermediates.noindex/leveldb.build/Debug-iphonesimulator/leveldb.build/Objects-normal/arm64/82b82416624d2658e5098eb0a28c15c5-common-args.resp
    
    /Applications/Xcode.app/Contents/Developer/Toolchains/XcodeDefault.xctoolchain/usr/bin/clang -x c++ -ivfsstatcache /Users/siam/Library/Developer/Xcode/DerivedData/SDKStatCaches.noindex/iphonesimulator26.0-23A339-26257891a6c027eb51374368541b8346.sdkstatcache -fmessage-length\=0 -fdiagnostics-show-note-include-stack -fmacro-backtrace-limit\=0 -fno-color-diagnostics -fmodules-prune-interval\=86400 -fmodules-prune-after\=345600 -fbuild-session-file\=/Users/siam/Library/Developer/Xcode/DerivedData/ModuleCache.noindex/Session.modulevalidation -fmodules-validate-once-per-build-session -Wnon-modular-include-in-framework-module -Werror\=non-modular-include-in-framework-module -Wno-trigraphs -Wno-missing-field-initializers -Wno-missing-prototypes -Wno-return-type -Wno-non-virtual-dtor -Wno-overloaded-virtual -Wno-exit-time-destructors -Wno-missing-braces -Wparentheses -Wswitch -Wno-unused-function -Wno-unused-label -Wno-unused-parameter -Wno-unused-variable -Wunused-value -Wno-empty-body -Wno-uninitialized -Wno-unknown-pragmas -w -Wno-shadow -Wno-four-char-constants -Wno-conversion -Wno-constant-conversion -Wno-int-conversion -Wno-bool-conversion -Wno-enum-conversion -Wno-float-conversion -Wno-non-literal-null-conversion -Wno-objc-literal-conversion -Wshorten-64-to-32 -Wno-newline-eof -Wno-c++11-extensions -Wno-implicit-fallthrough -fstrict-aliasing -Wdeprecated-declarations -Winvalid-offsetof -Wno-sign-conversion -Wno-infinite-recursion -Wno-move -Wno-comma -Wno-block-capture-autoreleasing -Wno-strict-prototypes -Wno-range-loop-analysis -Wno-semicolon-before-method-body -index-store-path /Users/siam/Library/Developer/Xcode/DerivedData/Lingua_Quest-gvpckrqxtbgyprbgppjfqmimmmfw/Index.noindex/DataStore @/Users/siam/Library/Developer/Xcode/DerivedData/Lingua_Quest-gvpckrqxtbgyprbgppjfqmimmmfw/Build/Intermediates.noindex/leveldb.build/Debug-iphonesimulator/leveldb.build/Objects-normal/arm64/82b82416624d2658e5098eb0a28c15c5-common-args.resp -MMD -MT dependencies -MF /Users/siam/Library/Developer/Xcode/DerivedData/Lingua_Quest-gvpckrqxtbgyprbgppjfqmimmmfw/Build/Intermediates.noindex/leveldb.build/Debug-iphonesimulator/leveldb.build/Objects-normal/arm64/dumpfile.d --serialize-diagnostics /Users/siam/Library/Developer/Xcode/DerivedData/Lingua_Quest-gvpckrqxtbgyprbgppjfqmimmmfw/Build/Intermediates.noindex/leveldb.build/Debug-iphonesimulator/leveldb.build/Objects-normal/arm64/dumpfile.dia -c /Users/siam/Library/Developer/Xcode/DerivedData/Lingua_Quest-gvpckrqxtbgyprbgppjfqmimmmfw/SourcePackages/checkouts/leveldb/db/dumpfile.cc -o /Users/siam/Library/Developer/Xcode/DerivedData/Lingua_Quest-gvpckrqxtbgyprbgppjfqmimmmfw/Build/Intermediates.noindex/leveldb.build/Debug-iphonesimulator/leveldb.build/Objects-normal/arm64/dumpfile.o -index-unit-output-path /leveldb.build/Debug-iphonesimulator/leveldb.build/Objects-normal/arm64/dumpfile.o

CompileC /Users/siam/Library/Developer/Xcode/DerivedData/Lingua_Quest-gvpckrqxtbgyprbgppjfqmimmmfw/Build/Intermediates.noindex/leveldb.build/Debug-iphonesimulator/leveldb.build/Objects-normal/arm64/dbformat.o /Users/siam/Library/Developer/Xcode/DerivedData/Lingua_Quest-gvpckrqxtbgyprbgppjfqmimmmfw/SourcePackages/checkouts/leveldb/db/dbformat.cc normal arm64 c++ com.apple.compilers.llvm.clang.1_0.compiler (in target 'leveldb' from project 'leveldb')
    cd /Users/siam/Desktop/Lingua\ Quest/Lingua\ Quest.xcodeproj
    
    Using response file: /Users/siam/Library/Developer/Xcode/DerivedData/Lingua_Quest-gvpckrqxtbgyprbgppjfqmimmmfw/Build/Intermediates.noindex/leveldb.build/Debug-iphonesimulator/leveldb.build/Objects-normal/arm64/82b82416624d2658e5098eb0a28c15c5-common-args.resp
    
    /Applications/Xcode.app/Contents/Developer/Toolchains/XcodeDefault.xctoolchain/usr/bin/clang -x c++ -ivfsstatcache /Users/siam/Library/Developer/Xcode/DerivedData/SDKStatCaches.noindex/iphonesimulator26.0-23A339-26257891a6c027eb51374368541b8346.sdkstatcache -fmessage-length\=0 -fdiagnostics-show-note-include-stack -fmacro-backtrace-limit\=0 -fno-color-diagnostics -fmodules-prune-interval\=86400 -fmodules-prune-after\=345600 -fbuild-session-file\=/Users/siam/Library/Developer/Xcode/DerivedData/ModuleCache.noindex/Session.modulevalidation -fmodules-validate-once-per-build-session -Wnon-modular-include-in-framework-module -Werror\=non-modular-include-in-framework-module -Wno-trigraphs -Wno-missing-field-initializers -Wno-missing-prototypes -Wno-return-type -Wno-non-virtual-dtor -Wno-overloaded-virtual -Wno-exit-time-destructors -Wno-missing-braces -Wparentheses -Wswitch -Wno-unused-function -Wno-unused-label -Wno-unused-parameter -Wno-unused-variable -Wunused-value -Wno-empty-body -Wno-uninitialized -Wno-unknown-pragmas -w -Wno-shadow -Wno-four-char-constants -Wno-conversion -Wno-constant-conversion -Wno-int-conversion -Wno-bool-conversion -Wno-enum-conversion -Wno-float-conversion -Wno-non-literal-null-conversion -Wno-objc-literal-conversion -Wshorten-64-to-32 -Wno-newline-eof -Wno-c++11-extensions -Wno-implicit-fallthrough -fstrict-aliasing -Wdeprecated-declarations -Winvalid-offsetof -Wno-sign-conversion -Wno-infinite-recursion -Wno-move -Wno-comma -Wno-block-capture-autoreleasing -Wno-strict-prototypes -Wno-range-loop-analysis -Wno-semicolon-before-method-body -index-store-path /Users/siam/Library/Developer/Xcode/DerivedData/Lingua_Quest-gvpckrqxtbgyprbgppjfqmimmmfw/Index.noindex/DataStore @/Users/siam/Library/Developer/Xcode/DerivedData/Lingua_Quest-gvpckrqxtbgyprbgppjfqmimmmfw/Build/Intermediates.noindex/leveldb.build/Debug-iphonesimulator/leveldb.build/Objects-normal/arm64/82b82416624d2658e5098eb0a28c15c5-common-args.resp -MMD -MT dependencies -MF /Users/siam/Library/Developer/Xcode/DerivedData/Lingua_Quest-gvpckrqxtbgyprbgppjfqmimmmfw/Build/Intermediates.noindex/leveldb.build/Debug-iphonesimulator/leveldb.build/Objects-normal/arm64/dbformat.d --serialize-diagnostics /Users/siam/Library/Developer/Xcode/DerivedData/Lingua_Quest-gvpckrqxtbgyprbgppjfqmimmmfw/Build/Intermediates.noindex/leveldb.build/Debug-iphonesimulator/leveldb.build/Objects-normal/arm64/dbformat.dia -c /Users/siam/Library/Developer/Xcode/DerivedData/Lingua_Quest-gvpckrqxtbgyprbgppjfqmimmmfw/SourcePackages/checkouts/leveldb/db/dbformat.cc -o /Users/siam/Library/Developer/Xcode/DerivedData/Lingua_Quest-gvpckrqxtbgyprbgppjfqmimmmfw/Build/Intermediates.noindex/leveldb.build/Debug-iphonesimulator/leveldb.build/Objects-normal/arm64/dbformat.o -index-unit-output-path /leveldb.build/Debug-iphonesimulator/leveldb.build/Objects-normal/arm64/dbformat.o

CompileC /Users/siam/Library/Developer/Xcode/DerivedData/Lingua_Quest-gvpckrqxtbgyprbgppjfqmimmmfw/Build/Intermediates.noindex/leveldb.build/Debug-iphonesimulator/leveldb.build/Objects-normal/arm64/db_iter.o /Users/siam/Library/Developer/Xcode/DerivedData/Lingua_Quest-gvpckrqxtbgyprbgppjfqmimmmfw/SourcePackages/checkouts/leveldb/db/db_iter.cc normal arm64 c++ com.apple.compilers.llvm.clang.1_0.compiler (in target 'leveldb' from project 'leveldb')
    cd /Users/siam/Desktop/Lingua\ Quest/Lingua\ Quest.xcodeproj
    
    Using response file: /Users/siam/Library/Developer/Xcode/DerivedData/Lingua_Quest-gvpckrqxtbgyprbgppjfqmimmmfw/Build/Intermediates.noindex/leveldb.build/Debug-iphonesimulator/leveldb.build/Objects-normal/arm64/82b82416624d2658e5098eb0a28c15c5-common-args.resp
    
    /Applications/Xcode.app/Contents/Developer/Toolchains/XcodeDefault.xctoolchain/usr/bin/clang -x c++ -ivfsstatcache /Users/siam/Library/Developer/Xcode/DerivedData/SDKStatCaches.noindex/iphonesimulator26.0-23A339-26257891a6c027eb51374368541b8346.sdkstatcache -fmessage-length\=0 -fdiagnostics-show-note-include-stack -fmacro-backtrace-limit\=0 -fno-color-diagnostics -fmodules-prune-interval\=86400 -fmodules-prune-after\=345600 -fbuild-session-file\=/Users/siam/Library/Developer/Xcode/DerivedData/ModuleCache.noindex/Session.modulevalidation -fmodules-validate-once-per-build-session -Wnon-modular-include-in-framework-module -Werror\=non-modular-include-in-framework-module -Wno-trigraphs -Wno-missing-field-initializers -Wno-missing-prototypes -Wno-return-type -Wno-non-virtual-dtor -Wno-overloaded-virtual -Wno-exit-time-destructors -Wno-missing-braces -Wparentheses -Wswitch -Wno-unused-function -Wno-unused-label -Wno-unused-parameter -Wno-unused-variable -Wunused-value -Wno-empty-body -Wno-uninitialized -Wno-unknown-pragmas -w -Wno-shadow -Wno-four-char-constants -Wno-conversion -Wno-constant-conversion -Wno-int-conversion -Wno-bool-conversion -Wno-enum-conversion -Wno-float-conversion -Wno-non-literal-null-conversion -Wno-objc-literal-conversion -Wshorten-64-to-32 -Wno-newline-eof -Wno-c++11-extensions -Wno-implicit-fallthrough -fstrict-aliasing -Wdeprecated-declarations -Winvalid-offsetof -Wno-sign-conversion -Wno-infinite-recursion -Wno-move -Wno-comma -Wno-block-capture-autoreleasing -Wno-strict-prototypes -Wno-range-loop-analysis -Wno-semicolon-before-method-body -index-store-path /Users/siam/Library/Developer/Xcode/DerivedData/Lingua_Quest-gvpckrqxtbgyprbgppjfqmimmmfw/Index.noindex/DataStore @/Users/siam/Library/Developer/Xcode/DerivedData/Lingua_Quest-gvpckrqxtbgyprbgppjfqmimmmfw/Build/Intermediates.noindex/leveldb.build/Debug-iphonesimulator/leveldb.build/Objects-normal/arm64/82b82416624d2658e5098eb0a28c15c5-common-args.resp -MMD -MT dependencies -MF /Users/siam/Library/Developer/Xcode/DerivedData/Lingua_Quest-gvpckrqxtbgyprbgppjfqmimmmfw/Build/Intermediates.noindex/leveldb.build/Debug-iphonesimulator/leveldb.build/Objects-normal/arm64/db_iter.d --serialize-diagnostics /Users/siam/Library/Developer/Xcode/DerivedData/Lingua_Quest-gvpckrqxtbgyprbgppjfqmimmmfw/Build/Intermediates.noindex/leveldb.build/Debug-iphonesimulator/leveldb.build/Objects-normal/arm64/db_iter.dia -c /Users/siam/Library/Developer/Xcode/DerivedData/Lingua_Quest-gvpckrqxtbgyprbgppjfqmimmmfw/SourcePackages/checkouts/leveldb/db/db_iter.cc -o /Users/siam/Library/Developer/Xcode/DerivedData/Lingua_Quest-gvpckrqxtbgyprbgppjfqmimmmfw/Build/Intermediates.noindex/leveldb.build/Debug-iphonesimulator/leveldb.build/Objects-normal/arm64/db_iter.o -index-unit-output-path /leveldb.build/Debug-iphonesimulator/leveldb.build/Objects-normal/arm64/db_iter.o

CompileC /Users/siam/Library/Developer/Xcode/DerivedData/Lingua_Quest-gvpckrqxtbgyprbgppjfqmimmmfw/Build/Intermediates.noindex/leveldb.build/Debug-iphonesimulator/leveldb.build/Objects-normal/arm64/db_impl.o /Users/siam/Library/Developer/Xcode/DerivedData/Lingua_Quest-gvpckrqxtbgyprbgppjfqmimmmfw/SourcePackages/checkouts/leveldb/db/db_impl.cc normal arm64 c++ com.apple.compilers.llvm.clang.1_0.compiler (in target 'leveldb' from project 'leveldb')
    cd /Users/siam/Desktop/Lingua\ Quest/Lingua\ Quest.xcodeproj
    
    Using response file: /Users/siam/Library/Developer/Xcode/DerivedData/Lingua_Quest-gvpckrqxtbgyprbgppjfqmimmmfw/Build/Intermediates.noindex/leveldb.build/Debug-iphonesimulator/leveldb.build/Objects-normal/arm64/82b82416624d2658e5098eb0a28c15c5-common-args.resp
    
    /Applications/Xcode.app/Contents/Developer/Toolchains/XcodeDefault.xctoolchain/usr/bin/clang -x c++ -ivfsstatcache /Users/siam/Library/Developer/Xcode/DerivedData/SDKStatCaches.noindex/iphonesimulator26.0-23A339-26257891a6c027eb51374368541b8346.sdkstatcache -fmessage-length\=0 -fdiagnostics-show-note-include-stack -fmacro-backtrace-limit\=0 -fno-color-diagnostics -fmodules-prune-interval\=86400 -fmodules-prune-after\=345600 -fbuild-session-file\=/Users/siam/Library/Developer/Xcode/DerivedData/ModuleCache.noindex/Session.modulevalidation -fmodules-validate-once-per-build-session -Wnon-modular-include-in-framework-module -Werror\=non-modular-include-in-framework-module -Wno-trigraphs -Wno-missing-field-initializers -Wno-missing-prototypes -Wno-return-type -Wno-non-virtual-dtor -Wno-overloaded-virtual -Wno-exit-time-destructors -Wno-missing-braces -Wparentheses -Wswitch -Wno-unused-function -Wno-unused-label -Wno-unused-parameter -Wno-unused-variable -Wunused-value -Wno-empty-body -Wno-uninitialized -Wno-unknown-pragmas -w -Wno-shadow -Wno-four-char-constants -Wno-conversion -Wno-constant-conversion -Wno-int-conversion -Wno-bool-conversion -Wno-enum-conversion -Wno-float-conversion -Wno-non-literal-null-conversion -Wno-objc-literal-conversion -Wshorten-64-to-32 -Wno-newline-eof -Wno-c++11-extensions -Wno-implicit-fallthrough -fstrict-aliasing -Wdeprecated-declarations -Winvalid-offsetof -Wno-sign-conversion -Wno-infinite-recursion -Wno-move -Wno-comma -Wno-block-capture-autoreleasing -Wno-strict-prototypes -Wno-range-loop-analysis -Wno-semicolon-before-method-body -index-store-path /Users/siam/Library/Developer/Xcode/DerivedData/Lingua_Quest-gvpckrqxtbgyprbgppjfqmimmmfw/Index.noindex/DataStore @/Users/siam/Library/Developer/Xcode/DerivedData/Lingua_Quest-gvpckrqxtbgyprbgppjfqmimmmfw/Build/Intermediates.noindex/leveldb.build/Debug-iphonesimulator/leveldb.build/Objects-normal/arm64/82b82416624d2658e5098eb0a28c15c5-common-args.resp -MMD -MT dependencies -MF /Users/siam/Library/Developer/Xcode/DerivedData/Lingua_Quest-gvpckrqxtbgyprbgppjfqmimmmfw/Build/Intermediates.noindex/leveldb.build/Debug-iphonesimulator/leveldb.build/Objects-normal/arm64/db_impl.d --serialize-diagnostics /Users/siam/Library/Developer/Xcode/DerivedData/Lingua_Quest-gvpckrqxtbgyprbgppjfqmimmmfw/Build/Intermediates.noindex/leveldb.build/Debug-iphonesimulator/leveldb.build/Objects-normal/arm64/db_impl.dia -c /Users/siam/Library/Developer/Xcode/DerivedData/Lingua_Quest-gvpckrqxtbgyprbgppjfqmimmmfw/SourcePackages/checkouts/leveldb/db/db_impl.cc -o /Users/siam/Library/Developer/Xcode/DerivedData/Lingua_Quest-gvpckrqxtbgyprbgppjfqmimmmfw/Build/Intermediates.noindex/leveldb.build/Debug-iphonesimulator/leveldb.build/Objects-normal/arm64/db_impl.o -index-unit-output-path /leveldb.build/Debug-iphonesimulator/leveldb.build/Objects-normal/arm64/db_impl.o

CompileC /Users/siam/Library/Developer/Xcode/DerivedData/Lingua_Quest-gvpckrqxtbgyprbgppjfqmimmmfw/Build/Intermediates.noindex/leveldb.build/Debug-iphonesimulator/leveldb.build/Objects-normal/arm64/crc32c.o /Users/siam/Library/Developer/Xcode/DerivedData/Lingua_Quest-gvpckrqxtbgyprbgppjfqmimmmfw/SourcePackages/checkouts/leveldb/util/crc32c.cc normal arm64 c++ com.apple.compilers.llvm.clang.1_0.compiler (in target 'leveldb' from project 'leveldb')
    cd /Users/siam/Desktop/Lingua\ Quest/Lingua\ Quest.xcodeproj
    
    Using response file: /Users/siam/Library/Developer/Xcode/DerivedData/Lingua_Quest-gvpckrqxtbgyprbgppjfqmimmmfw/Build/Intermediates.noindex/leveldb.build/Debug-iphonesimulator/leveldb.build/Objects-normal/arm64/82b82416624d2658e5098eb0a28c15c5-common-args.resp
    
    /Applications/Xcode.app/Contents/Developer/Toolchains/XcodeDefault.xctoolchain/usr/bin/clang -x c++ -ivfsstatcache /Users/siam/Library/Developer/Xcode/DerivedData/SDKStatCaches.noindex/iphonesimulator26.0-23A339-26257891a6c027eb51374368541b8346.sdkstatcache -fmessage-length\=0 -fdiagnostics-show-note-include-stack -fmacro-backtrace-limit\=0 -fno-color-diagnostics -fmodules-prune-interval\=86400 -fmodules-prune-after\=345600 -fbuild-session-file\=/Users/siam/Library/Developer/Xcode/DerivedData/ModuleCache.noindex/Session.modulevalidation -fmodules-validate-once-per-build-session -Wnon-modular-include-in-framework-module -Werror\=non-modular-include-in-framework-module -Wno-trigraphs -Wno-missing-field-initializers -Wno-missing-prototypes -Wno-return-type -Wno-non-virtual-dtor -Wno-overloaded-virtual -Wno-exit-time-destructors -Wno-missing-braces -Wparentheses -Wswitch -Wno-unused-function -Wno-unused-label -Wno-unused-parameter -Wno-unused-variable -Wunused-value -Wno-empty-body -Wno-uninitialized -Wno-unknown-pragmas -w -Wno-shadow -Wno-four-char-constants -Wno-conversion -Wno-constant-conversion -Wno-int-conversion -Wno-bool-conversion -Wno-enum-conversion -Wno-float-conversion -Wno-non-literal-null-conversion -Wno-objc-literal-conversion -Wshorten-64-to-32 -Wno-newline-eof -Wno-c++11-extensions -Wno-implicit-fallthrough -fstrict-aliasing -Wdeprecated-declarations -Winvalid-offsetof -Wno-sign-conversion -Wno-infinite-recursion -Wno-move -Wno-comma -Wno-block-capture-autoreleasing -Wno-strict-prototypes -Wno-range-loop-analysis -Wno-semicolon-before-method-body -index-store-path /Users/siam/Library/Developer/Xcode/DerivedData/Lingua_Quest-gvpckrqxtbgyprbgppjfqmimmmfw/Index.noindex/DataStore @/Users/siam/Library/Developer/Xcode/DerivedData/Lingua_Quest-gvpckrqxtbgyprbgppjfqmimmmfw/Build/Intermediates.noindex/leveldb.build/Debug-iphonesimulator/leveldb.build/Objects-normal/arm64/82b82416624d2658e5098eb0a28c15c5-common-args.resp -MMD -MT dependencies -MF /Users/siam/Library/Developer/Xcode/DerivedData/Lingua_Quest-gvpckrqxtbgyprbgppjfqmimmmfw/Build/Intermediates.noindex/leveldb.build/Debug-iphonesimulator/leveldb.build/Objects-normal/arm64/crc32c.d --serialize-diagnostics /Users/siam/Library/Developer/Xcode/DerivedData/Lingua_Quest-gvpckrqxtbgyprbgppjfqmimmmfw/Build/Intermediates.noindex/leveldb.build/Debug-iphonesimulator/leveldb.build/Objects-normal/arm64/crc32c.dia -c /Users/siam/Library/Developer/Xcode/DerivedData/Lingua_Quest-gvpckrqxtbgyprbgppjfqmimmmfw/SourcePackages/checkouts/leveldb/util/crc32c.cc -o /Users/siam/Library/Developer/Xcode/DerivedData/Lingua_Quest-gvpckrqxtbgyprbgppjfqmimmmfw/Build/Intermediates.noindex/leveldb.build/Debug-iphonesimulator/leveldb.build/Objects-normal/arm64/crc32c.o -index-unit-output-path /leveldb.build/Debug-iphonesimulator/leveldb.build/Objects-normal/arm64/crc32c.o

CompileC /Users/siam/Library/Developer/Xcode/DerivedData/Lingua_Quest-gvpckrqxtbgyprbgppjfqmimmmfw/Build/Intermediates.noindex/leveldb.build/Debug-iphonesimulator/leveldb.build/Objects-normal/arm64/comparator.o /Users/siam/Library/Developer/Xcode/DerivedData/Lingua_Quest-gvpckrqxtbgyprbgppjfqmimmmfw/SourcePackages/checkouts/leveldb/util/comparator.cc normal arm64 c++ com.apple.compilers.llvm.clang.1_0.compiler (in target 'leveldb' from project 'leveldb')
    cd /Users/siam/Desktop/Lingua\ Quest/Lingua\ Quest.xcodeproj
    
    Using response file: /Users/siam/Library/Developer/Xcode/DerivedData/Lingua_Quest-gvpckrqxtbgyprbgppjfqmimmmfw/Build/Intermediates.noindex/leveldb.build/Debug-iphonesimulator/leveldb.build/Objects-normal/arm64/82b82416624d2658e5098eb0a28c15c5-common-args.resp
    
    /Applications/Xcode.app/Contents/Developer/Toolchains/XcodeDefault.xctoolchain/usr/bin/clang -x c++ -ivfsstatcache /Users/siam/Library/Developer/Xcode/DerivedData/SDKStatCaches.noindex/iphonesimulator26.0-23A339-26257891a6c027eb51374368541b8346.sdkstatcache -fmessage-length\=0 -fdiagnostics-show-note-include-stack -fmacro-backtrace-limit\=0 -fno-color-diagnostics -fmodules-prune-interval\=86400 -fmodules-prune-after\=345600 -fbuild-session-file\=/Users/siam/Library/Developer/Xcode/DerivedData/ModuleCache.noindex/Session.modulevalidation -fmodules-validate-once-per-build-session -Wnon-modular-include-in-framework-module -Werror\=non-modular-include-in-framework-module -Wno-trigraphs -Wno-missing-field-initializers -Wno-missing-prototypes -Wno-return-type -Wno-non-virtual-dtor -Wno-overloaded-virtual -Wno-exit-time-destructors -Wno-missing-braces -Wparentheses -Wswitch -Wno-unused-function -Wno-unused-label -Wno-unused-parameter -Wno-unused-variable -Wunused-value -Wno-empty-body -Wno-uninitialized -Wno-unknown-pragmas -w -Wno-shadow -Wno-four-char-constants -Wno-conversion -Wno-constant-conversion -Wno-int-conversion -Wno-bool-conversion -Wno-enum-conversion -Wno-float-conversion -Wno-non-literal-null-conversion -Wno-objc-literal-conversion -Wshorten-64-to-32 -Wno-newline-eof -Wno-c++11-extensions -Wno-implicit-fallthrough -fstrict-aliasing -Wdeprecated-declarations -Winvalid-offsetof -Wno-sign-conversion -Wno-infinite-recursion -Wno-move -Wno-comma -Wno-block-capture-autoreleasing -Wno-strict-prototypes -Wno-range-loop-analysis -Wno-semicolon-before-method-body -index-store-path /Users/siam/Library/Developer/Xcode/DerivedData/Lingua_Quest-gvpckrqxtbgyprbgppjfqmimmmfw/Index.noindex/DataStore @/Users/siam/Library/Developer/Xcode/DerivedData/Lingua_Quest-gvpckrqxtbgyprbgppjfqmimmmfw/Build/Intermediates.noindex/leveldb.build/Debug-iphonesimulator/leveldb.build/Objects-normal/arm64/82b82416624d2658e5098eb0a28c15c5-common-args.resp -MMD -MT dependencies -MF /Users/siam/Library/Developer/Xcode/DerivedData/Lingua_Quest-gvpckrqxtbgyprbgppjfqmimmmfw/Build/Intermediates.noindex/leveldb.build/Debug-iphonesimulator/leveldb.build/Objects-normal/arm64/comparator.d --serialize-diagnostics /Users/siam/Library/Developer/Xcode/DerivedData/Lingua_Quest-gvpckrqxtbgyprbgppjfqmimmmfw/Build/Intermediates.noindex/leveldb.build/Debug-iphonesimulator/leveldb.build/Objects-normal/arm64/comparator.dia -c /Users/siam/Library/Developer/Xcode/DerivedData/Lingua_Quest-gvpckrqxtbgyprbgppjfqmimmmfw/SourcePackages/checkouts/leveldb/util/comparator.cc -o /Users/siam/Library/Developer/Xcode/DerivedData/Lingua_Quest-gvpckrqxtbgyprbgppjfqmimmmfw/Build/Intermediates.noindex/leveldb.build/Debug-iphonesimulator/leveldb.build/Objects-normal/arm64/comparator.o -index-unit-output-path /leveldb.build/Debug-iphonesimulator/leveldb.build/Objects-normal/arm64/comparator.o

CompileC /Users/siam/Library/Developer/Xcode/DerivedData/Lingua_Quest-gvpckrqxtbgyprbgppjfqmimmmfw/Build/Intermediates.noindex/leveldb.build/Debug-iphonesimulator/leveldb.build/Objects-normal/arm64/coding.o /Users/siam/Library/Developer/Xcode/DerivedData/Lingua_Quest-gvpckrqxtbgyprbgppjfqmimmmfw/SourcePackages/checkouts/leveldb/util/coding.cc normal arm64 c++ com.apple.compilers.llvm.clang.1_0.compiler (in target 'leveldb' from project 'leveldb')
    cd /Users/siam/Desktop/Lingua\ Quest/Lingua\ Quest.xcodeproj
    
    Using response file: /Users/siam/Library/Developer/Xcode/DerivedData/Lingua_Quest-gvpckrqxtbgyprbgppjfqmimmmfw/Build/Intermediates.noindex/leveldb.build/Debug-iphonesimulator/leveldb.build/Objects-normal/arm64/82b82416624d2658e5098eb0a28c15c5-common-args.resp
    
    /Applications/Xcode.app/Contents/Developer/Toolchains/XcodeDefault.xctoolchain/usr/bin/clang -x c++ -ivfsstatcache /Users/siam/Library/Developer/Xcode/DerivedData/SDKStatCaches.noindex/iphonesimulator26.0-23A339-26257891a6c027eb51374368541b8346.sdkstatcache -fmessage-length\=0 -fdiagnostics-show-note-include-stack -fmacro-backtrace-limit\=0 -fno-color-diagnostics -fmodules-prune-interval\=86400 -fmodules-prune-after\=345600 -fbuild-session-file\=/Users/siam/Library/Developer/Xcode/DerivedData/ModuleCache.noindex/Session.modulevalidation -fmodules-validate-once-per-build-session -Wnon-modular-include-in-framework-module -Werror\=non-modular-include-in-framework-module -Wno-trigraphs -Wno-missing-field-initializers -Wno-missing-prototypes -Wno-return-type -Wno-non-virtual-dtor -Wno-overloaded-virtual -Wno-exit-time-destructors -Wno-missing-braces -Wparentheses -Wswitch -Wno-unused-function -Wno-unused-label -Wno-unused-parameter -Wno-unused-variable -Wunused-value -Wno-empty-body -Wno-uninitialized -Wno-unknown-pragmas -w -Wno-shadow -Wno-four-char-constants -Wno-conversion -Wno-constant-conversion -Wno-int-conversion -Wno-bool-conversion -Wno-enum-conversion -Wno-float-conversion -Wno-non-literal-null-conversion -Wno-objc-literal-conversion -Wshorten-64-to-32 -Wno-newline-eof -Wno-c++11-extensions -Wno-implicit-fallthrough -fstrict-aliasing -Wdeprecated-declarations -Winvalid-offsetof -Wno-sign-conversion -Wno-infinite-recursion -Wno-move -Wno-comma -Wno-block-capture-autoreleasing -Wno-strict-prototypes -Wno-range-loop-analysis -Wno-semicolon-before-method-body -index-store-path /Users/siam/Library/Developer/Xcode/DerivedData/Lingua_Quest-gvpckrqxtbgyprbgppjfqmimmmfw/Index.noindex/DataStore @/Users/siam/Library/Developer/Xcode/DerivedData/Lingua_Quest-gvpckrqxtbgyprbgppjfqmimmmfw/Build/Intermediates.noindex/leveldb.build/Debug-iphonesimulator/leveldb.build/Objects-normal/arm64/82b82416624d2658e5098eb0a28c15c5-common-args.resp -MMD -MT dependencies -MF /Users/siam/Library/Developer/Xcode/DerivedData/Lingua_Quest-gvpckrqxtbgyprbgppjfqmimmmfw/Build/Intermediates.noindex/leveldb.build/Debug-iphonesimulator/leveldb.build/Objects-normal/arm64/coding.d --serialize-diagnostics /Users/siam/Library/Developer/Xcode/DerivedData/Lingua_Quest-gvpckrqxtbgyprbgppjfqmimmmfw/Build/Intermediates.noindex/leveldb.build/Debug-iphonesimulator/leveldb.build/Objects-normal/arm64/coding.dia -c /Users/siam/Library/Developer/Xcode/DerivedData/Lingua_Quest-gvpckrqxtbgyprbgppjfqmimmmfw/SourcePackages/checkouts/leveldb/util/coding.cc -o /Users/siam/Library/Developer/Xcode/DerivedData/Lingua_Quest-gvpckrqxtbgyprbgppjfqmimmmfw/Build/Intermediates.noindex/leveldb.build/Debug-iphonesimulator/leveldb.build/Objects-normal/arm64/coding.o -index-unit-output-path /leveldb.build/Debug-iphonesimulator/leveldb.build/Objects-normal/arm64/coding.o

CompileC /Users/siam/Library/Developer/Xcode/DerivedData/Lingua_Quest-gvpckrqxtbgyprbgppjfqmimmmfw/Build/Intermediates.noindex/leveldb.build/Debug-iphonesimulator/leveldb.build/Objects-normal/arm64/cache.o /Users/siam/Library/Developer/Xcode/DerivedData/Lingua_Quest-gvpckrqxtbgyprbgppjfqmimmmfw/SourcePackages/checkouts/leveldb/util/cache.cc normal arm64 c++ com.apple.compilers.llvm.clang.1_0.compiler (in target 'leveldb' from project 'leveldb')
    cd /Users/siam/Desktop/Lingua\ Quest/Lingua\ Quest.xcodeproj
    
    Using response file: /Users/siam/Library/Developer/Xcode/DerivedData/Lingua_Quest-gvpckrqxtbgyprbgppjfqmimmmfw/Build/Intermediates.noindex/leveldb.build/Debug-iphonesimulator/leveldb.build/Objects-normal/arm64/82b82416624d2658e5098eb0a28c15c5-common-args.resp
    
    /Applications/Xcode.app/Contents/Developer/Toolchains/XcodeDefault.xctoolchain/usr/bin/clang -x c++ -ivfsstatcache /Users/siam/Library/Developer/Xcode/DerivedData/SDKStatCaches.noindex/iphonesimulator26.0-23A339-26257891a6c027eb51374368541b8346.sdkstatcache -fmessage-length\=0 -fdiagnostics-show-note-include-stack -fmacro-backtrace-limit\=0 -fno-color-diagnostics -fmodules-prune-interval\=86400 -fmodules-prune-after\=345600 -fbuild-session-file\=/Users/siam/Library/Developer/Xcode/DerivedData/ModuleCache.noindex/Session.modulevalidation -fmodules-validate-once-per-build-session -Wnon-modular-include-in-framework-module -Werror\=non-modular-include-in-framework-module -Wno-trigraphs -Wno-missing-field-initializers -Wno-missing-prototypes -Wno-return-type -Wno-non-virtual-dtor -Wno-overloaded-virtual -Wno-exit-time-destructors -Wno-missing-braces -Wparentheses -Wswitch -Wno-unused-function -Wno-unused-label -Wno-unused-parameter -Wno-unused-variable -Wunused-value -Wno-empty-body -Wno-uninitialized -Wno-unknown-pragmas -w -Wno-shadow -Wno-four-char-constants -Wno-conversion -Wno-constant-conversion -Wno-int-conversion -Wno-bool-conversion -Wno-enum-conversion -Wno-float-conversion -Wno-non-literal-null-conversion -Wno-objc-literal-conversion -Wshorten-64-to-32 -Wno-newline-eof -Wno-c++11-extensions -Wno-implicit-fallthrough -fstrict-aliasing -Wdeprecated-declarations -Winvalid-offsetof -Wno-sign-conversion -Wno-infinite-recursion -Wno-move -Wno-comma -Wno-block-capture-autoreleasing -Wno-strict-prototypes -Wno-range-loop-analysis -Wno-semicolon-before-method-body -index-store-path /Users/siam/Library/Developer/Xcode/DerivedData/Lingua_Quest-gvpckrqxtbgyprbgppjfqmimmmfw/Index.noindex/DataStore @/Users/siam/Library/Developer/Xcode/DerivedData/Lingua_Quest-gvpckrqxtbgyprbgppjfqmimmmfw/Build/Intermediates.noindex/leveldb.build/Debug-iphonesimulator/leveldb.build/Objects-normal/arm64/82b82416624d2658e5098eb0a28c15c5-common-args.resp -MMD -MT dependencies -MF /Users/siam/Library/Developer/Xcode/DerivedData/Lingua_Quest-gvpckrqxtbgyprbgppjfqmimmmfw/Build/Intermediates.noindex/leveldb.build/Debug-iphonesimulator/leveldb.build/Objects-normal/arm64/cache.d --serialize-diagnostics /Users/siam/Library/Developer/Xcode/DerivedData/Lingua_Quest-gvpckrqxtbgyprbgppjfqmimmmfw/Build/Intermediates.noindex/leveldb.build/Debug-iphonesimulator/leveldb.build/Objects-normal/arm64/cache.dia -c /Users/siam/Library/Developer/Xcode/DerivedData/Lingua_Quest-gvpckrqxtbgyprbgppjfqmimmmfw/SourcePackages/checkouts/leveldb/util/cache.cc -o /Users/siam/Library/Developer/Xcode/DerivedData/Lingua_Quest-gvpckrqxtbgyprbgppjfqmimmmfw/Build/Intermediates.noindex/leveldb.build/Debug-iphonesimulator/leveldb.build/Objects-normal/arm64/cache.o -index-unit-output-path /leveldb.build/Debug-iphonesimulator/leveldb.build/Objects-normal/arm64/cache.o

CompileC /Users/siam/Library/Developer/Xcode/DerivedData/Lingua_Quest-gvpckrqxtbgyprbgppjfqmimmmfw/Build/Intermediates.noindex/leveldb.build/Debug-iphonesimulator/leveldb.build/Objects-normal/arm64/c.o /Users/siam/Library/Developer/Xcode/DerivedData/Lingua_Quest-gvpckrqxtbgyprbgppjfqmimmmfw/SourcePackages/checkouts/leveldb/db/c.cc normal arm64 c++ com.apple.compilers.llvm.clang.1_0.compiler (in target 'leveldb' from project 'leveldb')
    cd /Users/siam/Desktop/Lingua\ Quest/Lingua\ Quest.xcodeproj
    
    Using response file: /Users/siam/Library/Developer/Xcode/DerivedData/Lingua_Quest-gvpckrqxtbgyprbgppjfqmimmmfw/Build/Intermediates.noindex/leveldb.build/Debug-iphonesimulator/leveldb.build/Objects-normal/arm64/82b82416624d2658e5098eb0a28c15c5-common-args.resp
    
    /Applications/Xcode.app/Contents/Developer/Toolchains/XcodeDefault.xctoolchain/usr/bin/clang -x c++ -ivfsstatcache /Users/siam/Library/Developer/Xcode/DerivedData/SDKStatCaches.noindex/iphonesimulator26.0-23A339-26257891a6c027eb51374368541b8346.sdkstatcache -fmessage-length\=0 -fdiagnostics-show-note-include-stack -fmacro-backtrace-limit\=0 -fno-color-diagnostics -fmodules-prune-interval\=86400 -fmodules-prune-after\=345600 -fbuild-session-file\=/Users/siam/Library/Developer/Xcode/DerivedData/ModuleCache.noindex/Session.modulevalidation -fmodules-validate-once-per-build-session -Wnon-modular-include-in-framework-module -Werror\=non-modular-include-in-framework-module -Wno-trigraphs -Wno-missing-field-initializers -Wno-missing-prototypes -Wno-return-type -Wno-non-virtual-dtor -Wno-overloaded-virtual -Wno-exit-time-destructors -Wno-missing-braces -Wparentheses -Wswitch -Wno-unused-function -Wno-unused-label -Wno-unused-parameter -Wno-unused-variable -Wunused-value -Wno-empty-body -Wno-uninitialized -Wno-unknown-pragmas -w -Wno-shadow -Wno-four-char-constants -Wno-conversion -Wno-constant-conversion -Wno-int-conversion -Wno-bool-conversion -Wno-enum-conversion -Wno-float-conversion -Wno-non-literal-null-conversion -Wno-objc-literal-conversion -Wshorten-64-to-32 -Wno-newline-eof -Wno-c++11-extensions -Wno-implicit-fallthrough -fstrict-aliasing -Wdeprecated-declarations -Winvalid-offsetof -Wno-sign-conversion -Wno-infinite-recursion -Wno-move -Wno-comma -Wno-block-capture-autoreleasing -Wno-strict-prototypes -Wno-range-loop-analysis -Wno-semicolon-before-method-body -index-store-path /Users/siam/Library/Developer/Xcode/DerivedData/Lingua_Quest-gvpckrqxtbgyprbgppjfqmimmmfw/Index.noindex/DataStore @/Users/siam/Library/Developer/Xcode/DerivedData/Lingua_Quest-gvpckrqxtbgyprbgppjfqmimmmfw/Build/Intermediates.noindex/leveldb.build/Debug-iphonesimulator/leveldb.build/Objects-normal/arm64/82b82416624d2658e5098eb0a28c15c5-common-args.resp -MMD -MT dependencies -MF /Users/siam/Library/Developer/Xcode/DerivedData/Lingua_Quest-gvpckrqxtbgyprbgppjfqmimmmfw/Build/Intermediates.noindex/leveldb.build/Debug-iphonesimulator/leveldb.build/Objects-normal/arm64/c.d --serialize-diagnostics /Users/siam/Library/Developer/Xcode/DerivedData/Lingua_Quest-gvpckrqxtbgyprbgppjfqmimmmfw/Build/Intermediates.noindex/leveldb.build/Debug-iphonesimulator/leveldb.build/Objects-normal/arm64/c.dia -c /Users/siam/Library/Developer/Xcode/DerivedData/Lingua_Quest-gvpckrqxtbgyprbgppjfqmimmmfw/SourcePackages/checkouts/leveldb/db/c.cc -o /Users/siam/Library/Developer/Xcode/DerivedData/Lingua_Quest-gvpckrqxtbgyprbgppjfqmimmmfw/Build/Intermediates.noindex/leveldb.build/Debug-iphonesimulator/leveldb.build/Objects-normal/arm64/c.o -index-unit-output-path /leveldb.build/Debug-iphonesimulator/leveldb.build/Objects-normal/arm64/c.o

CompileC /Users/siam/Library/Developer/Xcode/DerivedData/Lingua_Quest-gvpckrqxtbgyprbgppjfqmimmmfw/Build/Intermediates.noindex/leveldb.build/Debug-iphonesimulator/leveldb.build/Objects-normal/arm64/builder.o /Users/siam/Library/Developer/Xcode/DerivedData/Lingua_Quest-gvpckrqxtbgyprbgppjfqmimmmfw/SourcePackages/checkouts/leveldb/db/builder.cc normal arm64 c++ com.apple.compilers.llvm.clang.1_0.compiler (in target 'leveldb' from project 'leveldb')
    cd /Users/siam/Desktop/Lingua\ Quest/Lingua\ Quest.xcodeproj
    
    Using response file: /Users/siam/Library/Developer/Xcode/DerivedData/Lingua_Quest-gvpckrqxtbgyprbgppjfqmimmmfw/Build/Intermediates.noindex/leveldb.build/Debug-iphonesimulator/leveldb.build/Objects-normal/arm64/82b82416624d2658e5098eb0a28c15c5-common-args.resp
    
    /Applications/Xcode.app/Contents/Developer/Toolchains/XcodeDefault.xctoolchain/usr/bin/clang -x c++ -ivfsstatcache /Users/siam/Library/Developer/Xcode/DerivedData/SDKStatCaches.noindex/iphonesimulator26.0-23A339-26257891a6c027eb51374368541b8346.sdkstatcache -fmessage-length\=0 -fdiagnostics-show-note-include-stack -fmacro-backtrace-limit\=0 -fno-color-diagnostics -fmodules-prune-interval\=86400 -fmodules-prune-after\=345600 -fbuild-session-file\=/Users/siam/Library/Developer/Xcode/DerivedData/ModuleCache.noindex/Session.modulevalidation -fmodules-validate-once-per-build-session -Wnon-modular-include-in-framework-module -Werror\=non-modular-include-in-framework-module -Wno-trigraphs -Wno-missing-field-initializers -Wno-missing-prototypes -Wno-return-type -Wno-non-virtual-dtor -Wno-overloaded-virtual -Wno-exit-time-destructors -Wno-missing-braces -Wparentheses -Wswitch -Wno-unused-function -Wno-unused-label -Wno-unused-parameter -Wno-unused-variable -Wunused-value -Wno-empty-body -Wno-uninitialized -Wno-unknown-pragmas -w -Wno-shadow -Wno-four-char-constants -Wno-conversion -Wno-constant-conversion -Wno-int-conversion -Wno-bool-conversion -Wno-enum-conversion -Wno-float-conversion -Wno-non-literal-null-conversion -Wno-objc-literal-conversion -Wshorten-64-to-32 -Wno-newline-eof -Wno-c++11-extensions -Wno-implicit-fallthrough -fstrict-aliasing -Wdeprecated-declarations -Winvalid-offsetof -Wno-sign-conversion -Wno-infinite-recursion -Wno-move -Wno-comma -Wno-block-capture-autoreleasing -Wno-strict-prototypes -Wno-range-loop-analysis -Wno-semicolon-before-method-body -index-store-path /Users/siam/Library/Developer/Xcode/DerivedData/Lingua_Quest-gvpckrqxtbgyprbgppjfqmimmmfw/Index.noindex/DataStore @/Users/siam/Library/Developer/Xcode/DerivedData/Lingua_Quest-gvpckrqxtbgyprbgppjfqmimmmfw/Build/Intermediates.noindex/leveldb.build/Debug-iphonesimulator/leveldb.build/Objects-normal/arm64/82b82416624d2658e5098eb0a28c15c5-common-args.resp -MMD -MT dependencies -MF /Users/siam/Library/Developer/Xcode/DerivedData/Lingua_Quest-gvpckrqxtbgyprbgppjfqmimmmfw/Build/Intermediates.noindex/leveldb.build/Debug-iphonesimulator/leveldb.build/Objects-normal/arm64/builder.d --serialize-diagnostics /Users/siam/Library/Developer/Xcode/DerivedData/Lingua_Quest-gvpckrqxtbgyprbgppjfqmimmmfw/Build/Intermediates.noindex/leveldb.build/Debug-iphonesimulator/leveldb.build/Objects-normal/arm64/builder.dia -c /Users/siam/Library/Developer/Xcode/DerivedData/Lingua_Quest-gvpckrqxtbgyprbgppjfqmimmmfw/SourcePackages/checkouts/leveldb/db/builder.cc -o /Users/siam/Library/Developer/Xcode/DerivedData/Lingua_Quest-gvpckrqxtbgyprbgppjfqmimmmfw/Build/Intermediates.noindex/leveldb.build/Debug-iphonesimulator/leveldb.build/Objects-normal/arm64/builder.o -index-unit-output-path /leveldb.build/Debug-iphonesimulator/leveldb.build/Objects-normal/arm64/builder.o

CompileC /Users/siam/Library/Developer/Xcode/DerivedData/Lingua_Quest-gvpckrqxtbgyprbgppjfqmimmmfw/Build/Intermediates.noindex/leveldb.build/Debug-iphonesimulator/leveldb.build/Objects-normal/arm64/bloom.o /Users/siam/Library/Developer/Xcode/DerivedData/Lingua_Quest-gvpckrqxtbgyprbgppjfqmimmmfw/SourcePackages/checkouts/leveldb/util/bloom.cc normal arm64 c++ com.apple.compilers.llvm.clang.1_0.compiler (in target 'leveldb' from project 'leveldb')
    cd /Users/siam/Desktop/Lingua\ Quest/Lingua\ Quest.xcodeproj
    
    Using response file: /Users/siam/Library/Developer/Xcode/DerivedData/Lingua_Quest-gvpckrqxtbgyprbgppjfqmimmmfw/Build/Intermediates.noindex/leveldb.build/Debug-iphonesimulator/leveldb.build/Objects-normal/arm64/82b82416624d2658e5098eb0a28c15c5-common-args.resp
    
    /Applications/Xcode.app/Contents/Developer/Toolchains/XcodeDefault.xctoolchain/usr/bin/clang -x c++ -ivfsstatcache /Users/siam/Library/Developer/Xcode/DerivedData/SDKStatCaches.noindex/iphonesimulator26.0-23A339-26257891a6c027eb51374368541b8346.sdkstatcache -fmessage-length\=0 -fdiagnostics-show-note-include-stack -fmacro-backtrace-limit\=0 -fno-color-diagnostics -fmodules-prune-interval\=86400 -fmodules-prune-after\=345600 -fbuild-session-file\=/Users/siam/Library/Developer/Xcode/DerivedData/ModuleCache.noindex/Session.modulevalidation -fmodules-validate-once-per-build-session -Wnon-modular-include-in-framework-module -Werror\=non-modular-include-in-framework-module -Wno-trigraphs -Wno-missing-field-initializers -Wno-missing-prototypes -Wno-return-type -Wno-non-virtual-dtor -Wno-overloaded-virtual -Wno-exit-time-destructors -Wno-missing-braces -Wparentheses -Wswitch -Wno-unused-function -Wno-unused-label -Wno-unused-parameter -Wno-unused-variable -Wunused-value -Wno-empty-body -Wno-uninitialized -Wno-unknown-pragmas -w -Wno-shadow -Wno-four-char-constants -Wno-conversion -Wno-constant-conversion -Wno-int-conversion -Wno-bool-conversion -Wno-enum-conversion -Wno-float-conversion -Wno-non-literal-null-conversion -Wno-objc-literal-conversion -Wshorten-64-to-32 -Wno-newline-eof -Wno-c++11-extensions -Wno-implicit-fallthrough -fstrict-aliasing -Wdeprecated-declarations -Winvalid-offsetof -Wno-sign-conversion -Wno-infinite-recursion -Wno-move -Wno-comma -Wno-block-capture-autoreleasing -Wno-strict-prototypes -Wno-range-loop-analysis -Wno-semicolon-before-method-body -index-store-path /Users/siam/Library/Developer/Xcode/DerivedData/Lingua_Quest-gvpckrqxtbgyprbgppjfqmimmmfw/Index.noindex/DataStore @/Users/siam/Library/Developer/Xcode/DerivedData/Lingua_Quest-gvpckrqxtbgyprbgppjfqmimmmfw/Build/Intermediates.noindex/leveldb.build/Debug-iphonesimulator/leveldb.build/Objects-normal/arm64/82b82416624d2658e5098eb0a28c15c5-common-args.resp -MMD -MT dependencies -MF /Users/siam/Library/Developer/Xcode/DerivedData/Lingua_Quest-gvpckrqxtbgyprbgppjfqmimmmfw/Build/Intermediates.noindex/leveldb.build/Debug-iphonesimulator/leveldb.build/Objects-normal/arm64/bloom.d --serialize-diagnostics /Users/siam/Library/Developer/Xcode/DerivedData/Lingua_Quest-gvpckrqxtbgyprbgppjfqmimmmfw/Build/Intermediates.noindex/leveldb.build/Debug-iphonesimulator/leveldb.build/Objects-normal/arm64/bloom.dia -c /Users/siam/Library/Developer/Xcode/DerivedData/Lingua_Quest-gvpckrqxtbgyprbgppjfqmimmmfw/SourcePackages/checkouts/leveldb/util/bloom.cc -o /Users/siam/Library/Developer/Xcode/DerivedData/Lingua_Quest-gvpckrqxtbgyprbgppjfqmimmmfw/Build/Intermediates.noindex/leveldb.build/Debug-iphonesimulator/leveldb.build/Objects-normal/arm64/bloom.o -index-unit-output-path /leveldb.build/Debug-iphonesimulator/leveldb.build/Objects-normal/arm64/bloom.o

CompileC /Users/siam/Library/Developer/Xcode/DerivedData/Lingua_Quest-gvpckrqxtbgyprbgppjfqmimmmfw/Build/Intermediates.noindex/leveldb.build/Debug-iphonesimulator/leveldb.build/Objects-normal/arm64/block_builder.o /Users/siam/Library/Developer/Xcode/DerivedData/Lingua_Quest-gvpckrqxtbgyprbgppjfqmimmmfw/SourcePackages/checkouts/leveldb/table/block_builder.cc normal arm64 c++ com.apple.compilers.llvm.clang.1_0.compiler (in target 'leveldb' from project 'leveldb')
    cd /Users/siam/Desktop/Lingua\ Quest/Lingua\ Quest.xcodeproj
    
    Using response file: /Users/siam/Library/Developer/Xcode/DerivedData/Lingua_Quest-gvpckrqxtbgyprbgppjfqmimmmfw/Build/Intermediates.noindex/leveldb.build/Debug-iphonesimulator/leveldb.build/Objects-normal/arm64/82b82416624d2658e5098eb0a28c15c5-common-args.resp
    
    /Applications/Xcode.app/Contents/Developer/Toolchains/XcodeDefault.xctoolchain/usr/bin/clang -x c++ -ivfsstatcache /Users/siam/Library/Developer/Xcode/DerivedData/SDKStatCaches.noindex/iphonesimulator26.0-23A339-26257891a6c027eb51374368541b8346.sdkstatcache -fmessage-length\=0 -fdiagnostics-show-note-include-stack -fmacro-backtrace-limit\=0 -fno-color-diagnostics -fmodules-prune-interval\=86400 -fmodules-prune-after\=345600 -fbuild-session-file\=/Users/siam/Library/Developer/Xcode/DerivedData/ModuleCache.noindex/Session.modulevalidation -fmodules-validate-once-per-build-session -Wnon-modular-include-in-framework-module -Werror\=non-modular-include-in-framework-module -Wno-trigraphs -Wno-missing-field-initializers -Wno-missing-prototypes -Wno-return-type -Wno-non-virtual-dtor -Wno-overloaded-virtual -Wno-exit-time-destructors -Wno-missing-braces -Wparentheses -Wswitch -Wno-unused-function -Wno-unused-label -Wno-unused-parameter -Wno-unused-variable -Wunused-value -Wno-empty-body -Wno-uninitialized -Wno-unknown-pragmas -w -Wno-shadow -Wno-four-char-constants -Wno-conversion -Wno-constant-conversion -Wno-int-conversion -Wno-bool-conversion -Wno-enum-conversion -Wno-float-conversion -Wno-non-literal-null-conversion -Wno-objc-literal-conversion -Wshorten-64-to-32 -Wno-newline-eof -Wno-c++11-extensions -Wno-implicit-fallthrough -fstrict-aliasing -Wdeprecated-declarations -Winvalid-offsetof -Wno-sign-conversion -Wno-infinite-recursion -Wno-move -Wno-comma -Wno-block-capture-autoreleasing -Wno-strict-prototypes -Wno-range-loop-analysis -Wno-semicolon-before-method-body -index-store-path /Users/siam/Library/Developer/Xcode/DerivedData/Lingua_Quest-gvpckrqxtbgyprbgppjfqmimmmfw/Index.noindex/DataStore @/Users/siam/Library/Developer/Xcode/DerivedData/Lingua_Quest-gvpckrqxtbgyprbgppjfqmimmmfw/Build/Intermediates.noindex/leveldb.build/Debug-iphonesimulator/leveldb.build/Objects-normal/arm64/82b82416624d2658e5098eb0a28c15c5-common-args.resp -MMD -MT dependencies -MF /Users/siam/Library/Developer/Xcode/DerivedData/Lingua_Quest-gvpckrqxtbgyprbgppjfqmimmmfw/Build/Intermediates.noindex/leveldb.build/Debug-iphonesimulator/leveldb.build/Objects-normal/arm64/block_builder.d --serialize-diagnostics /Users/siam/Library/Developer/Xcode/DerivedData/Lingua_Quest-gvpckrqxtbgyprbgppjfqmimmmfw/Build/Intermediates.noindex/leveldb.build/Debug-iphonesimulator/leveldb.build/Objects-normal/arm64/block_builder.dia -c /Users/siam/Library/Developer/Xcode/DerivedData/Lingua_Quest-gvpckrqxtbgyprbgppjfqmimmmfw/SourcePackages/checkouts/leveldb/table/block_builder.cc -o /Users/siam/Library/Developer/Xcode/DerivedData/Lingua_Quest-gvpckrqxtbgyprbgppjfqmimmmfw/Build/Intermediates.noindex/leveldb.build/Debug-iphonesimulator/leveldb.build/Objects-normal/arm64/block_builder.o -index-unit-output-path /leveldb.build/Debug-iphonesimulator/leveldb.build/Objects-normal/arm64/block_builder.o

CompileC /Users/siam/Library/Developer/Xcode/DerivedData/Lingua_Quest-gvpckrqxtbgyprbgppjfqmimmmfw/Build/Intermediates.noindex/leveldb.build/Debug-iphonesimulator/leveldb.build/Objects-normal/arm64/block.o /Users/siam/Library/Developer/Xcode/DerivedData/Lingua_Quest-gvpckrqxtbgyprbgppjfqmimmmfw/SourcePackages/checkouts/leveldb/table/block.cc normal arm64 c++ com.apple.compilers.llvm.clang.1_0.compiler (in target 'leveldb' from project 'leveldb')
    cd /Users/siam/Desktop/Lingua\ Quest/Lingua\ Quest.xcodeproj
    
    Using response file: /Users/siam/Library/Developer/Xcode/DerivedData/Lingua_Quest-gvpckrqxtbgyprbgppjfqmimmmfw/Build/Intermediates.noindex/leveldb.build/Debug-iphonesimulator/leveldb.build/Objects-normal/arm64/82b82416624d2658e5098eb0a28c15c5-common-args.resp
    
    /Applications/Xcode.app/Contents/Developer/Toolchains/XcodeDefault.xctoolchain/usr/bin/clang -x c++ -ivfsstatcache /Users/siam/Library/Developer/Xcode/DerivedData/SDKStatCaches.noindex/iphonesimulator26.0-23A339-26257891a6c027eb51374368541b8346.sdkstatcache -fmessage-length\=0 -fdiagnostics-show-note-include-stack -fmacro-backtrace-limit\=0 -fno-color-diagnostics -fmodules-prune-interval\=86400 -fmodules-prune-after\=345600 -fbuild-session-file\=/Users/siam/Library/Developer/Xcode/DerivedData/ModuleCache.noindex/Session.modulevalidation -fmodules-validate-once-per-build-session -Wnon-modular-include-in-framework-module -Werror\=non-modular-include-in-framework-module -Wno-trigraphs -Wno-missing-field-initializers -Wno-missing-prototypes -Wno-return-type -Wno-non-virtual-dtor -Wno-overloaded-virtual -Wno-exit-time-destructors -Wno-missing-braces -Wparentheses -Wswitch -Wno-unused-function -Wno-unused-label -Wno-unused-parameter -Wno-unused-variable -Wunused-value -Wno-empty-body -Wno-uninitialized -Wno-unknown-pragmas -w -Wno-shadow -Wno-four-char-constants -Wno-conversion -Wno-constant-conversion -Wno-int-conversion -Wno-bool-conversion -Wno-enum-conversion -Wno-float-conversion -Wno-non-literal-null-conversion -Wno-objc-literal-conversion -Wshorten-64-to-32 -Wno-newline-eof -Wno-c++11-extensions -Wno-implicit-fallthrough -fstrict-aliasing -Wdeprecated-declarations -Winvalid-offsetof -Wno-sign-conversion -Wno-infinite-recursion -Wno-move -Wno-comma -Wno-block-capture-autoreleasing -Wno-strict-prototypes -Wno-range-loop-analysis -Wno-semicolon-before-method-body -index-store-path /Users/siam/Library/Developer/Xcode/DerivedData/Lingua_Quest-gvpckrqxtbgyprbgppjfqmimmmfw/Index.noindex/DataStore @/Users/siam/Library/Developer/Xcode/DerivedData/Lingua_Quest-gvpckrqxtbgyprbgppjfqmimmmfw/Build/Intermediates.noindex/leveldb.build/Debug-iphonesimulator/leveldb.build/Objects-normal/arm64/82b82416624d2658e5098eb0a28c15c5-common-args.resp -MMD -MT dependencies -MF /Users/siam/Library/Developer/Xcode/DerivedData/Lingua_Quest-gvpckrqxtbgyprbgppjfqmimmmfw/Build/Intermediates.noindex/leveldb.build/Debug-iphonesimulator/leveldb.build/Objects-normal/arm64/block.d --serialize-diagnostics /Users/siam/Library/Developer/Xcode/DerivedData/Lingua_Quest-gvpckrqxtbgyprbgppjfqmimmmfw/Build/Intermediates.noindex/leveldb.build/Debug-iphonesimulator/leveldb.build/Objects-normal/arm64/block.dia -c /Users/siam/Library/Developer/Xcode/DerivedData/Lingua_Quest-gvpckrqxtbgyprbgppjfqmimmmfw/SourcePackages/checkouts/leveldb/table/block.cc -o /Users/siam/Library/Developer/Xcode/DerivedData/Lingua_Quest-gvpckrqxtbgyprbgppjfqmimmmfw/Build/Intermediates.noindex/leveldb.build/Debug-iphonesimulator/leveldb.build/Objects-normal/arm64/block.o -index-unit-output-path /leveldb.build/Debug-iphonesimulator/leveldb.build/Objects-normal/arm64/block.o

CompileC /Users/siam/Library/Developer/Xcode/DerivedData/Lingua_Quest-gvpckrqxtbgyprbgppjfqmimmmfw/Build/Intermediates.noindex/leveldb.build/Debug-iphonesimulator/leveldb.build/Objects-normal/arm64/arena.o /Users/siam/Library/Developer/Xcode/DerivedData/Lingua_Quest-gvpckrqxtbgyprbgppjfqmimmmfw/SourcePackages/checkouts/leveldb/util/arena.cc normal arm64 c++ com.apple.compilers.llvm.clang.1_0.compiler (in target 'leveldb' from project 'leveldb')
    cd /Users/siam/Desktop/Lingua\ Quest/Lingua\ Quest.xcodeproj
    
    Using response file: /Users/siam/Library/Developer/Xcode/DerivedData/Lingua_Quest-gvpckrqxtbgyprbgppjfqmimmmfw/Build/Intermediates.noindex/leveldb.build/Debug-iphonesimulator/leveldb.build/Objects-normal/arm64/82b82416624d2658e5098eb0a28c15c5-common-args.resp
    
    /Applications/Xcode.app/Contents/Developer/Toolchains/XcodeDefault.xctoolchain/usr/bin/clang -x c++ -ivfsstatcache /Users/siam/Library/Developer/Xcode/DerivedData/SDKStatCaches.noindex/iphonesimulator26.0-23A339-26257891a6c027eb51374368541b8346.sdkstatcache -fmessage-length\=0 -fdiagnostics-show-note-include-stack -fmacro-backtrace-limit\=0 -fno-color-diagnostics -fmodules-prune-interval\=86400 -fmodules-prune-after\=345600 -fbuild-session-file\=/Users/siam/Library/Developer/Xcode/DerivedData/ModuleCache.noindex/Session.modulevalidation -fmodules-validate-once-per-build-session -Wnon-modular-include-in-framework-module -Werror\=non-modular-include-in-framework-module -Wno-trigraphs -Wno-missing-field-initializers -Wno-missing-prototypes -Wno-return-type -Wno-non-virtual-dtor -Wno-overloaded-virtual -Wno-exit-time-destructors -Wno-missing-braces -Wparentheses -Wswitch -Wno-unused-function -Wno-unused-label -Wno-unused-parameter -Wno-unused-variable -Wunused-value -Wno-empty-body -Wno-uninitialized -Wno-unknown-pragmas -w -Wno-shadow -Wno-four-char-constants -Wno-conversion -Wno-constant-conversion -Wno-int-conversion -Wno-bool-conversion -Wno-enum-conversion -Wno-float-conversion -Wno-non-literal-null-conversion -Wno-objc-literal-conversion -Wshorten-64-to-32 -Wno-newline-eof -Wno-c++11-extensions -Wno-implicit-fallthrough -fstrict-aliasing -Wdeprecated-declarations -Winvalid-offsetof -Wno-sign-conversion -Wno-infinite-recursion -Wno-move -Wno-comma -Wno-block-capture-autoreleasing -Wno-strict-prototypes -Wno-range-loop-analysis -Wno-semicolon-before-method-body -index-store-path /Users/siam/Library/Developer/Xcode/DerivedData/Lingua_Quest-gvpckrqxtbgyprbgppjfqmimmmfw/Index.noindex/DataStore @/Users/siam/Library/Developer/Xcode/DerivedData/Lingua_Quest-gvpckrqxtbgyprbgppjfqmimmmfw/Build/Intermediates.noindex/leveldb.build/Debug-iphonesimulator/leveldb.build/Objects-normal/arm64/82b82416624d2658e5098eb0a28c15c5-common-args.resp -MMD -MT dependencies -MF /Users/siam/Library/Developer/Xcode/DerivedData/Lingua_Quest-gvpckrqxtbgyprbgppjfqmimmmfw/Build/Intermediates.noindex/leveldb.build/Debug-iphonesimulator/leveldb.build/Objects-normal/arm64/arena.d --serialize-diagnostics /Users/siam/Library/Developer/Xcode/DerivedData/Lingua_Quest-gvpckrqxtbgyprbgppjfqmimmmfw/Build/Intermediates.noindex/leveldb.build/Debug-iphonesimulator/leveldb.build/Objects-normal/arm64/arena.dia -c /Users/siam/Library/Developer/Xcode/DerivedData/Lingua_Quest-gvpckrqxtbgyprbgppjfqmimmmfw/SourcePackages/checkouts/leveldb/util/arena.cc -o /Users/siam/Library/Developer/Xcode/DerivedData/Lingua_Quest-gvpckrqxtbgyprbgppjfqmimmmfw/Build/Intermediates.noindex/leveldb.build/Debug-iphonesimulator/leveldb.build/Objects-normal/arm64/arena.o -index-unit-output-path /leveldb.build/Debug-iphonesimulator/leveldb.build/Objects-normal/arm64/arena.o

PrecompileModule /Users/siam/Library/Developer/Xcode/DerivedData/Lingua_Quest-gvpckrqxtbgyprbgppjfqmimmmfw/Build/Intermediates.noindex/ExplicitPrecompiledModules/_Builtin_stdbool-66IGYMZNQZP9BONFSQW3JSVN3.scan
    cd /
    builtin-precompileModule /Users/siam/Library/Developer/Xcode/DerivedData/Lingua_Quest-gvpckrqxtbgyprbgppjfqmimmmfw/Build/Intermediates.noindex/ExplicitPrecompiledModules/_Builtin_stdbool-66IGYMZNQZP9BONFSQW3JSVN3.scan

PrecompileModule /Users/siam/Library/Developer/Xcode/DerivedData/Lingua_Quest-gvpckrqxtbgyprbgppjfqmimmmfw/Build/Intermediates.noindex/ExplicitPrecompiledModules/_Builtin_stdarg-F2QMP6MQLWXDY5RNVRYO4ZCMA.scan
    cd /
    builtin-precompileModule /Users/siam/Library/Developer/Xcode/DerivedData/Lingua_Quest-gvpckrqxtbgyprbgppjfqmimmmfw/Build/Intermediates.noindex/ExplicitPrecompiledModules/_Builtin_stdarg-F2QMP6MQLWXDY5RNVRYO4ZCMA.scan

PrecompileModule /Users/siam/Library/Developer/Xcode/DerivedData/Lingua_Quest-gvpckrqxtbgyprbgppjfqmimmmfw/Build/Intermediates.noindex/ExplicitPrecompiledModules/_Builtin_stdarg-2Z5G1QLB9KAMWP41JGBPRRW44.scan
    cd /
    builtin-precompileModule /Users/siam/Library/Developer/Xcode/DerivedData/Lingua_Quest-gvpckrqxtbgyprbgppjfqmimmmfw/Build/Intermediates.noindex/ExplicitPrecompiledModules/_Builtin_stdarg-2Z5G1QLB9KAMWP41JGBPRRW44.scan

PrecompileModule /Users/siam/Library/Developer/Xcode/DerivedData/Lingua_Quest-gvpckrqxtbgyprbgppjfqmimmmfw/Build/Intermediates.noindex/ExplicitPrecompiledModules/_Builtin_stddef-NX6FL7Z0DR5I82OXU85Y6FWT.scan
    cd /
    builtin-precompileModule /Users/siam/Library/Developer/Xcode/DerivedData/Lingua_Quest-gvpckrqxtbgyprbgppjfqmimmmfw/Build/Intermediates.noindex/ExplicitPrecompiledModules/_Builtin_stddef-NX6FL7Z0DR5I82OXU85Y6FWT.scan

PrecompileModule /Users/siam/Library/Developer/Xcode/DerivedData/Lingua_Quest-gvpckrqxtbgyprbgppjfqmimmmfw/Build/Intermediates.noindex/ExplicitPrecompiledModules/_Builtin_stdbool-8C74AXIXZX53GL4WODWRCQS20.scan
    cd /
    builtin-precompileModule /Users/siam/Library/Developer/Xcode/DerivedData/Lingua_Quest-gvpckrqxtbgyprbgppjfqmimmmfw/Build/Intermediates.noindex/ExplicitPrecompiledModules/_Builtin_stdbool-8C74AXIXZX53GL4WODWRCQS20.scan

PrecompileModule /Users/siam/Library/Developer/Xcode/DerivedData/Lingua_Quest-gvpckrqxtbgyprbgppjfqmimmmfw/Build/Intermediates.noindex/ExplicitPrecompiledModules/_Builtin_stddef-4ATR7YXRSQ80CYKO6UE42J8I0.scan
    cd /
    builtin-precompileModule /Users/siam/Library/Developer/Xcode/DerivedData/Lingua_Quest-gvpckrqxtbgyprbgppjfqmimmmfw/Build/Intermediates.noindex/ExplicitPrecompiledModules/_Builtin_stddef-4ATR7YXRSQ80CYKO6UE42J8I0.scan

PrecompileModule /Users/siam/Library/Developer/Xcode/DerivedData/Lingua_Quest-gvpckrqxtbgyprbgppjfqmimmmfw/Build/Intermediates.noindex/ExplicitPrecompiledModules/ptrcheck-AWMHL1C1IYL8YVRQ5TTJSXI2F.scan
    cd /
    builtin-precompileModule /Users/siam/Library/Developer/Xcode/DerivedData/Lingua_Quest-gvpckrqxtbgyprbgppjfqmimmmfw/Build/Intermediates.noindex/ExplicitPrecompiledModules/ptrcheck-AWMHL1C1IYL8YVRQ5TTJSXI2F.scan

PrecompileModule /Users/siam/Library/Developer/Xcode/DerivedData/Lingua_Quest-gvpckrqxtbgyprbgppjfqmimmmfw/Build/Intermediates.noindex/ExplicitPrecompiledModules/_AvailabilityInternal-38FBFZXKPKLDA2JRRKLRMDBGU.scan
    cd /
    builtin-precompileModule /Users/siam/Library/Developer/Xcode/DerivedData/Lingua_Quest-gvpckrqxtbgyprbgppjfqmimmmfw/Build/Intermediates.noindex/ExplicitPrecompiledModules/_AvailabilityInternal-38FBFZXKPKLDA2JRRKLRMDBGU.scan

PrecompileModule /Users/siam/Library/Developer/Xcode/DerivedData/Lingua_Quest-gvpckrqxtbgyprbgppjfqmimmmfw/Build/Intermediates.noindex/ExplicitPrecompiledModules/ptrcheck-APFCGW1VVLHKYXMXIGDYKWBJC.scan
    cd /
    builtin-precompileModule /Users/siam/Library/Developer/Xcode/DerivedData/Lingua_Quest-gvpckrqxtbgyprbgppjfqmimmmfw/Build/Intermediates.noindex/ExplicitPrecompiledModules/ptrcheck-APFCGW1VVLHKYXMXIGDYKWBJC.scan

PrecompileModule /Users/siam/Library/Developer/Xcode/DerivedData/Lingua_Quest-gvpckrqxtbgyprbgppjfqmimmmfw/Build/Intermediates.noindex/ExplicitPrecompiledModules/ptrauth-E56HQRJ95BJV88BUHJTSY5O1N.scan
    cd /
    builtin-precompileModule /Users/siam/Library/Developer/Xcode/DerivedData/Lingua_Quest-gvpckrqxtbgyprbgppjfqmimmmfw/Build/Intermediates.noindex/ExplicitPrecompiledModules/ptrauth-E56HQRJ95BJV88BUHJTSY5O1N.scan

PrecompileModule /Users/siam/Library/Developer/Xcode/DerivedData/Lingua_Quest-gvpckrqxtbgyprbgppjfqmimmmfw/Build/Intermediates.noindex/ExplicitPrecompiledModules/_Builtin_float-4OXLPIFTYHPPKMABZMKU7PWCJ.scan
    cd /
    builtin-precompileModule /Users/siam/Library/Developer/Xcode/DerivedData/Lingua_Quest-gvpckrqxtbgyprbgppjfqmimmmfw/Build/Intermediates.noindex/ExplicitPrecompiledModules/_Builtin_float-4OXLPIFTYHPPKMABZMKU7PWCJ.scan

PrecompileModule /Users/siam/Library/Developer/Xcode/DerivedData/Lingua_Quest-gvpckrqxtbgyprbgppjfqmimmmfw/Build/Intermediates.noindex/ExplicitPrecompiledModules/_AvailabilityInternal-8LP9RP448DK8MTBKT406P35WC.scan
    cd /
    builtin-precompileModule /Users/siam/Library/Developer/Xcode/DerivedData/Lingua_Quest-gvpckrqxtbgyprbgppjfqmimmmfw/Build/Intermediates.noindex/ExplicitPrecompiledModules/_AvailabilityInternal-8LP9RP448DK8MTBKT406P35WC.scan

ProcessInfoPlistFile /Users/siam/Library/Developer/Xcode/DerivedData/Lingua_Quest-gvpckrqxtbgyprbgppjfqmimmmfw/Build/Products/Debug-iphonesimulator/nanopb_nanopb.bundle/Info.plist /Users/siam/Library/Developer/Xcode/DerivedData/Lingua_Quest-gvpckrqxtbgyprbgppjfqmimmmfw/Build/Intermediates.noindex/nanopb.build/Debug-iphonesimulator/nanopb_nanopb.build/empty-nanopb_nanopb.plist (in target 'nanopb_nanopb' from project 'nanopb')
    cd /Users/siam/Library/Developer/Xcode/DerivedData/Lingua_Quest-gvpckrqxtbgyprbgppjfqmimmmfw/SourcePackages/checkouts/nanopb
    builtin-infoPlistUtility /Users/siam/Library/Developer/Xcode/DerivedData/Lingua_Quest-gvpckrqxtbgyprbgppjfqmimmmfw/Build/Intermediates.noindex/nanopb.build/Debug-iphonesimulator/nanopb_nanopb.build/empty-nanopb_nanopb.plist -producttype com.apple.product-type.bundle -expandbuildsettings -format binary -platform iphonesimulator -o /Users/siam/Library/Developer/Xcode/DerivedData/Lingua_Quest-gvpckrqxtbgyprbgppjfqmimmmfw/Build/Products/Debug-iphonesimulator/nanopb_nanopb.bundle/Info.plist

ScanDependencies /Users/siam/Library/Developer/Xcode/DerivedData/Lingua_Quest-gvpckrqxtbgyprbgppjfqmimmmfw/Build/Intermediates.noindex/nanopb.build/Debug-iphonesimulator/nanopb.build/Objects-normal/x86_64/resource_bundle_accessor.o /Users/siam/Library/Developer/Xcode/DerivedData/Lingua_Quest-gvpckrqxtbgyprbgppjfqmimmmfw/Build/Intermediates.noindex/nanopb.build/Debug-iphonesimulator/nanopb.build/DerivedSources/resource_bundle_accessor.m normal x86_64 objective-c com.apple.compilers.llvm.clang.1_0.compiler (in target 'nanopb' from project 'nanopb')
    cd /Users/siam/Desktop/Lingua\ Quest/Lingua\ Quest.xcodeproj
    
    Using response file: /Users/siam/Library/Developer/Xcode/DerivedData/Lingua_Quest-gvpckrqxtbgyprbgppjfqmimmmfw/Build/Intermediates.noindex/nanopb.build/Debug-iphonesimulator/nanopb.build/Objects-normal/x86_64/e6072d4f65d7061329687fe24e3d63a7-common-args.resp
    
    builtin-ScanDependencies -o /Users/siam/Library/Developer/Xcode/DerivedData/Lingua_Quest-gvpckrqxtbgyprbgppjfqmimmmfw/Build/Intermediates.noindex/nanopb.build/Debug-iphonesimulator/nanopb.build/Objects-normal/x86_64/resource_bundle_accessor.o.scan -- /Applications/Xcode.app/Contents/Developer/Toolchains/XcodeDefault.xctoolchain/usr/bin/clang -x objective-c -ivfsstatcache /Users/siam/Library/Developer/Xcode/DerivedData/SDKStatCaches.noindex/iphonesimulator26.0-23A339-26257891a6c027eb51374368541b8346.sdkstatcache -fmessage-length\=0 -fdiagnostics-show-note-include-stack -fmacro-backtrace-limit\=0 -fno-color-diagnostics -fmodules-prune-interval\=86400 -fmodules-prune-after\=345600 -fbuild-session-file\=/Users/siam/Library/Developer/Xcode/DerivedData/ModuleCache.noindex/Session.modulevalidation -fmodules-validate-once-per-build-session -Wnon-modular-include-in-framework-module -Werror\=non-modular-include-in-framework-module -Wno-trigraphs -Wno-missing-field-initializers -Wno-missing-prototypes -Wno-return-type -Wno-implicit-atomic-properties -Wno-objc-interface-ivars -Wno-arc-repeated-use-of-weak -Wno-missing-braces -Wparentheses -Wswitch -Wno-unused-function -Wno-unused-label -Wno-unused-parameter -Wno-unused-variable -Wunused-value -Wno-empty-body -Wno-uninitialized -Wno-unknown-pragmas -w -Wno-shadow -Wno-four-char-constants -Wno-conversion -Wno-constant-conversion -Wno-int-conversion -Wno-bool-conversion -Wno-enum-conversion -Wno-float-conversion -Wno-non-literal-null-conversion -Wno-objc-literal-conversion -Wshorten-64-to-32 -Wpointer-sign -Wno-newline-eof -Wno-selector -Wno-strict-selector-match -Wno-undeclared-selector -Wno-deprecated-implementations -Wno-implicit-fallthrough -fstrict-aliasing -Wprotocol -Wdeprecated-declarations -Wno-sign-conversion -Wno-infinite-recursion -Wno-comma -Wno-block-capture-autoreleasing -Wno-strict-prototypes -Wno-semicolon-before-method-body -index-store-path /Users/siam/Library/Developer/Xcode/DerivedData/Lingua_Quest-gvpckrqxtbgyprbgppjfqmimmmfw/Index.noindex/DataStore @/Users/siam/Library/Developer/Xcode/DerivedData/Lingua_Quest-gvpckrqxtbgyprbgppjfqmimmmfw/Build/Intermediates.noindex/nanopb.build/Debug-iphonesimulator/nanopb.build/Objects-normal/x86_64/e6072d4f65d7061329687fe24e3d63a7-common-args.resp -include /Users/siam/Library/Developer/Xcode/DerivedData/Lingua_Quest-gvpckrqxtbgyprbgppjfqmimmmfw/Build/Intermediates.noindex/nanopb.build/Debug-iphonesimulator/nanopb.build/DerivedSources/resource_bundle_accessor.h -MMD -MT dependencies -MF /Users/siam/Library/Developer/Xcode/DerivedData/Lingua_Quest-gvpckrqxtbgyprbgppjfqmimmmfw/Build/Intermediates.noindex/nanopb.build/Debug-iphonesimulator/nanopb.build/Objects-normal/x86_64/resource_bundle_accessor.d --serialize-diagnostics /Users/siam/Library/Developer/Xcode/DerivedData/Lingua_Quest-gvpckrqxtbgyprbgppjfqmimmmfw/Build/Intermediates.noindex/nanopb.build/Debug-iphonesimulator/nanopb.build/Objects-normal/x86_64/resource_bundle_accessor.dia -c /Users/siam/Library/Developer/Xcode/DerivedData/Lingua_Quest-gvpckrqxtbgyprbgppjfqmimmmfw/Build/Intermediates.noindex/nanopb.build/Debug-iphonesimulator/nanopb.build/DerivedSources/resource_bundle_accessor.m -o /Users/siam/Library/Developer/Xcode/DerivedData/Lingua_Quest-gvpckrqxtbgyprbgppjfqmimmmfw/Build/Intermediates.noindex/nanopb.build/Debug-iphonesimulator/nanopb.build/Objects-normal/x86_64/resource_bundle_accessor.o -index-unit-output-path /nanopb.build/Debug-iphonesimulator/nanopb.build/Objects-normal/x86_64/resource_bundle_accessor.o

PrecompileModule /Users/siam/Library/Developer/Xcode/DerivedData/Lingua_Quest-gvpckrqxtbgyprbgppjfqmimmmfw/Build/Intermediates.noindex/ExplicitPrecompiledModules/_DarwinFoundation1-A3S1BXEKLJIYOCBQKDNYFM9NU.scan
    cd /
    builtin-precompileModule /Users/siam/Library/Developer/Xcode/DerivedData/Lingua_Quest-gvpckrqxtbgyprbgppjfqmimmmfw/Build/Intermediates.noindex/ExplicitPrecompiledModules/_DarwinFoundation1-A3S1BXEKLJIYOCBQKDNYFM9NU.scan

ScanDependencies /Users/siam/Library/Developer/Xcode/DerivedData/Lingua_Quest-gvpckrqxtbgyprbgppjfqmimmmfw/Build/Intermediates.noindex/nanopb.build/Debug-iphonesimulator/nanopb.build/Objects-normal/x86_64/pb_encode.o /Users/siam/Library/Developer/Xcode/DerivedData/Lingua_Quest-gvpckrqxtbgyprbgppjfqmimmmfw/SourcePackages/checkouts/nanopb/pb_encode.c normal x86_64 c com.apple.compilers.llvm.clang.1_0.compiler (in target 'nanopb' from project 'nanopb')
    cd /Users/siam/Desktop/Lingua\ Quest/Lingua\ Quest.xcodeproj
    
    Using response file: /Users/siam/Library/Developer/Xcode/DerivedData/Lingua_Quest-gvpckrqxtbgyprbgppjfqmimmmfw/Build/Intermediates.noindex/nanopb.build/Debug-iphonesimulator/nanopb.build/Objects-normal/x86_64/7187679823f38a2a940e0043cdf9d637-common-args.resp
    
    builtin-ScanDependencies -o /Users/siam/Library/Developer/Xcode/DerivedData/Lingua_Quest-gvpckrqxtbgyprbgppjfqmimmmfw/Build/Intermediates.noindex/nanopb.build/Debug-iphonesimulator/nanopb.build/Objects-normal/x86_64/pb_encode.o.scan -- /Applications/Xcode.app/Contents/Developer/Toolchains/XcodeDefault.xctoolchain/usr/bin/clang -x c -ivfsstatcache /Users/siam/Library/Developer/Xcode/DerivedData/SDKStatCaches.noindex/iphonesimulator26.0-23A339-26257891a6c027eb51374368541b8346.sdkstatcache -fmessage-length\=0 -fdiagnostics-show-note-include-stack -fmacro-backtrace-limit\=0 -fno-color-diagnostics -fmodules-prune-interval\=86400 -fmodules-prune-after\=345600 -fbuild-session-file\=/Users/siam/Library/Developer/Xcode/DerivedData/ModuleCache.noindex/Session.modulevalidation -fmodules-validate-once-per-build-session -Wnon-modular-include-in-framework-module -Werror\=non-modular-include-in-framework-module -Wno-trigraphs -Wno-missing-field-initializers -Wno-missing-prototypes -Wno-return-type -Wno-missing-braces -Wparentheses -Wswitch -Wno-unused-function -Wno-unused-label -Wno-unused-parameter -Wno-unused-variable -Wunused-value -Wno-empty-body -Wno-uninitialized -Wno-unknown-pragmas -w -Wno-shadow -Wno-four-char-constants -Wno-conversion -Wno-constant-conversion -Wno-int-conversion -Wno-bool-conversion -Wno-enum-conversion -Wno-float-conversion -Wno-non-literal-null-conversion -Wno-objc-literal-conversion -Wshorten-64-to-32 -Wpointer-sign -Wno-newline-eof -Wno-implicit-fallthrough -fstrict-aliasing -Wdeprecated-declarations -Wno-sign-conversion -Wno-infinite-recursion -Wno-comma -Wno-block-capture-autoreleasing -Wno-strict-prototypes -Wno-semicolon-before-method-body -index-store-path /Users/siam/Library/Developer/Xcode/DerivedData/Lingua_Quest-gvpckrqxtbgyprbgppjfqmimmmfw/Index.noindex/DataStore @/Users/siam/Library/Developer/Xcode/DerivedData/Lingua_Quest-gvpckrqxtbgyprbgppjfqmimmmfw/Build/Intermediates.noindex/nanopb.build/Debug-iphonesimulator/nanopb.build/Objects-normal/x86_64/7187679823f38a2a940e0043cdf9d637-common-args.resp -MMD -MT dependencies -MF /Users/siam/Library/Developer/Xcode/DerivedData/Lingua_Quest-gvpckrqxtbgyprbgppjfqmimmmfw/Build/Intermediates.noindex/nanopb.build/Debug-iphonesimulator/nanopb.build/Objects-normal/x86_64/pb_encode.d --serialize-diagnostics /Users/siam/Library/Developer/Xcode/DerivedData/Lingua_Quest-gvpckrqxtbgyprbgppjfqmimmmfw/Build/Intermediates.noindex/nanopb.build/Debug-iphonesimulator/nanopb.build/Objects-normal/x86_64/pb_encode.dia -c /Users/siam/Library/Developer/Xcode/DerivedData/Lingua_Quest-gvpckrqxtbgyprbgppjfqmimmmfw/SourcePackages/checkouts/nanopb/pb_encode.c -o /Users/siam/Library/Developer/Xcode/DerivedData/Lingua_Quest-gvpckrqxtbgyprbgppjfqmimmmfw/Build/Intermediates.noindex/nanopb.build/Debug-iphonesimulator/nanopb.build/Objects-normal/x86_64/pb_encode.o -index-unit-output-path /nanopb.build/Debug-iphonesimulator/nanopb.build/Objects-normal/x86_64/pb_encode.o

CpResource /Users/siam/Library/Developer/Xcode/DerivedData/Lingua_Quest-gvpckrqxtbgyprbgppjfqmimmmfw/Build/Products/Debug-iphonesimulator/nanopb_nanopb.bundle/PrivacyInfo.xcprivacy /Users/siam/Library/Developer/Xcode/DerivedData/Lingua_Quest-gvpckrqxtbgyprbgppjfqmimmmfw/SourcePackages/checkouts/nanopb/spm_resources/PrivacyInfo.xcprivacy (in target 'nanopb_nanopb' from project 'nanopb')
    cd /Users/siam/Library/Developer/Xcode/DerivedData/Lingua_Quest-gvpckrqxtbgyprbgppjfqmimmmfw/SourcePackages/checkouts/nanopb
    builtin-copy -exclude .DS_Store -exclude CVS -exclude .svn -exclude .git -exclude .hg -resolve-src-symlinks /Users/siam/Library/Developer/Xcode/DerivedData/Lingua_Quest-gvpckrqxtbgyprbgppjfqmimmmfw/SourcePackages/checkouts/nanopb/spm_resources/PrivacyInfo.xcprivacy /Users/siam/Library/Developer/Xcode/DerivedData/Lingua_Quest-gvpckrqxtbgyprbgppjfqmimmmfw/Build/Products/Debug-iphonesimulator/nanopb_nanopb.bundle

PrecompileModule /Users/siam/Library/Developer/Xcode/DerivedData/Lingua_Quest-gvpckrqxtbgyprbgppjfqmimmmfw/Build/Intermediates.noindex/ExplicitPrecompiledModules/_DarwinFoundation1-6G2SWSWOTO2L1UGF9S7JAIIN2.scan
    cd /
    builtin-precompileModule /Users/siam/Library/Developer/Xcode/DerivedData/Lingua_Quest-gvpckrqxtbgyprbgppjfqmimmmfw/Build/Intermediates.noindex/ExplicitPrecompiledModules/_DarwinFoundation1-6G2SWSWOTO2L1UGF9S7JAIIN2.scan

ScanDependencies /Users/siam/Library/Developer/Xcode/DerivedData/Lingua_Quest-gvpckrqxtbgyprbgppjfqmimmmfw/Build/Intermediates.noindex/nanopb.build/Debug-iphonesimulator/nanopb.build/Objects-normal/x86_64/pb_decode.o /Users/siam/Library/Developer/Xcode/DerivedData/Lingua_Quest-gvpckrqxtbgyprbgppjfqmimmmfw/SourcePackages/checkouts/nanopb/pb_decode.c normal x86_64 c com.apple.compilers.llvm.clang.1_0.compiler (in target 'nanopb' from project 'nanopb')
    cd /Users/siam/Desktop/Lingua\ Quest/Lingua\ Quest.xcodeproj
    
    Using response file: /Users/siam/Library/Developer/Xcode/DerivedData/Lingua_Quest-gvpckrqxtbgyprbgppjfqmimmmfw/Build/Intermediates.noindex/nanopb.build/Debug-iphonesimulator/nanopb.build/Objects-normal/x86_64/7187679823f38a2a940e0043cdf9d637-common-args.resp
    
    builtin-ScanDependencies -o /Users/siam/Library/Developer/Xcode/DerivedData/Lingua_Quest-gvpckrqxtbgyprbgppjfqmimmmfw/Build/Intermediates.noindex/nanopb.build/Debug-iphonesimulator/nanopb.build/Objects-normal/x86_64/pb_decode.o.scan -- /Applications/Xcode.app/Contents/Developer/Toolchains/XcodeDefault.xctoolchain/usr/bin/clang -x c -ivfsstatcache /Users/siam/Library/Developer/Xcode/DerivedData/SDKStatCaches.noindex/iphonesimulator26.0-23A339-26257891a6c027eb51374368541b8346.sdkstatcache -fmessage-length\=0 -fdiagnostics-show-note-include-stack -fmacro-backtrace-limit\=0 -fno-color-diagnostics -fmodules-prune-interval\=86400 -fmodules-prune-after\=345600 -fbuild-session-file\=/Users/siam/Library/Developer/Xcode/DerivedData/ModuleCache.noindex/Session.modulevalidation -fmodules-validate-once-per-build-session -Wnon-modular-include-in-framework-module -Werror\=non-modular-include-in-framework-module -Wno-trigraphs -Wno-missing-field-initializers -Wno-missing-prototypes -Wno-return-type -Wno-missing-braces -Wparentheses -Wswitch -Wno-unused-function -Wno-unused-label -Wno-unused-parameter -Wno-unused-variable -Wunused-value -Wno-empty-body -Wno-uninitialized -Wno-unknown-pragmas -w -Wno-shadow -Wno-four-char-constants -Wno-conversion -Wno-constant-conversion -Wno-int-conversion -Wno-bool-conversion -Wno-enum-conversion -Wno-float-conversion -Wno-non-literal-null-conversion -Wno-objc-literal-conversion -Wshorten-64-to-32 -Wpointer-sign -Wno-newline-eof -Wno-implicit-fallthrough -fstrict-aliasing -Wdeprecated-declarations -Wno-sign-conversion -Wno-infinite-recursion -Wno-comma -Wno-block-capture-autoreleasing -Wno-strict-prototypes -Wno-semicolon-before-method-body -index-store-path /Users/siam/Library/Developer/Xcode/DerivedData/Lingua_Quest-gvpckrqxtbgyprbgppjfqmimmmfw/Index.noindex/DataStore @/Users/siam/Library/Developer/Xcode/DerivedData/Lingua_Quest-gvpckrqxtbgyprbgppjfqmimmmfw/Build/Intermediates.noindex/nanopb.build/Debug-iphonesimulator/nanopb.build/Objects-normal/x86_64/7187679823f38a2a940e0043cdf9d637-common-args.resp -MMD -MT dependencies -MF /Users/siam/Library/Developer/Xcode/DerivedData/Lingua_Quest-gvpckrqxtbgyprbgppjfqmimmmfw/Build/Intermediates.noindex/nanopb.build/Debug-iphonesimulator/nanopb.build/Objects-normal/x86_64/pb_decode.d --serialize-diagnostics /Users/siam/Library/Developer/Xcode/DerivedData/Lingua_Quest-gvpckrqxtbgyprbgppjfqmimmmfw/Build/Intermediates.noindex/nanopb.build/Debug-iphonesimulator/nanopb.build/Objects-normal/x86_64/pb_decode.dia -c /Users/siam/Library/Developer/Xcode/DerivedData/Lingua_Quest-gvpckrqxtbgyprbgppjfqmimmmfw/SourcePackages/checkouts/nanopb/pb_decode.c -o /Users/siam/Library/Developer/Xcode/DerivedData/Lingua_Quest-gvpckrqxtbgyprbgppjfqmimmmfw/Build/Intermediates.noindex/nanopb.build/Debug-iphonesimulator/nanopb.build/Objects-normal/x86_64/pb_decode.o -index-unit-output-path /nanopb.build/Debug-iphonesimulator/nanopb.build/Objects-normal/x86_64/pb_decode.o

CompileC /Users/siam/Library/Developer/Xcode/DerivedData/Lingua_Quest-gvpckrqxtbgyprbgppjfqmimmmfw/Build/Intermediates.noindex/nanopb.build/Debug-iphonesimulator/nanopb.build/Objects-normal/x86_64/pb_encode.o /Users/siam/Library/Developer/Xcode/DerivedData/Lingua_Quest-gvpckrqxtbgyprbgppjfqmimmmfw/SourcePackages/checkouts/nanopb/pb_encode.c normal x86_64 c com.apple.compilers.llvm.clang.1_0.compiler (in target 'nanopb' from project 'nanopb')
    cd /Users/siam/Desktop/Lingua\ Quest/Lingua\ Quest.xcodeproj
    
    Using response file: /Users/siam/Library/Developer/Xcode/DerivedData/Lingua_Quest-gvpckrqxtbgyprbgppjfqmimmmfw/Build/Intermediates.noindex/nanopb.build/Debug-iphonesimulator/nanopb.build/Objects-normal/x86_64/7187679823f38a2a940e0043cdf9d637-common-args.resp
    
    /Applications/Xcode.app/Contents/Developer/Toolchains/XcodeDefault.xctoolchain/usr/bin/clang -x c -ivfsstatcache /Users/siam/Library/Developer/Xcode/DerivedData/SDKStatCaches.noindex/iphonesimulator26.0-23A339-26257891a6c027eb51374368541b8346.sdkstatcache -fmessage-length\=0 -fdiagnostics-show-note-include-stack -fmacro-backtrace-limit\=0 -fno-color-diagnostics -fmodules-prune-interval\=86400 -fmodules-prune-after\=345600 -fbuild-session-file\=/Users/siam/Library/Developer/Xcode/DerivedData/ModuleCache.noindex/Session.modulevalidation -fmodules-validate-once-per-build-session -Wnon-modular-include-in-framework-module -Werror\=non-modular-include-in-framework-module -Wno-trigraphs -Wno-missing-field-initializers -Wno-missing-prototypes -Wno-return-type -Wno-missing-braces -Wparentheses -Wswitch -Wno-unused-function -Wno-unused-label -Wno-unused-parameter -Wno-unused-variable -Wunused-value -Wno-empty-body -Wno-uninitialized -Wno-unknown-pragmas -w -Wno-shadow -Wno-four-char-constants -Wno-conversion -Wno-constant-conversion -Wno-int-conversion -Wno-bool-conversion -Wno-enum-conversion -Wno-float-conversion -Wno-non-literal-null-conversion -Wno-objc-literal-conversion -Wshorten-64-to-32 -Wpointer-sign -Wno-newline-eof -Wno-implicit-fallthrough -fstrict-aliasing -Wdeprecated-declarations -Wno-sign-conversion -Wno-infinite-recursion -Wno-comma -Wno-block-capture-autoreleasing -Wno-strict-prototypes -Wno-semicolon-before-method-body -index-store-path /Users/siam/Library/Developer/Xcode/DerivedData/Lingua_Quest-gvpckrqxtbgyprbgppjfqmimmmfw/Index.noindex/DataStore @/Users/siam/Library/Developer/Xcode/DerivedData/Lingua_Quest-gvpckrqxtbgyprbgppjfqmimmmfw/Build/Intermediates.noindex/nanopb.build/Debug-iphonesimulator/nanopb.build/Objects-normal/x86_64/7187679823f38a2a940e0043cdf9d637-common-args.resp -MMD -MT dependencies -MF /Users/siam/Library/Developer/Xcode/DerivedData/Lingua_Quest-gvpckrqxtbgyprbgppjfqmimmmfw/Build/Intermediates.noindex/nanopb.build/Debug-iphonesimulator/nanopb.build/Objects-normal/x86_64/pb_encode.d --serialize-diagnostics /Users/siam/Library/Developer/Xcode/DerivedData/Lingua_Quest-gvpckrqxtbgyprbgppjfqmimmmfw/Build/Intermediates.noindex/nanopb.build/Debug-iphonesimulator/nanopb.build/Objects-normal/x86_64/pb_encode.dia -c /Users/siam/Library/Developer/Xcode/DerivedData/Lingua_Quest-gvpckrqxtbgyprbgppjfqmimmmfw/SourcePackages/checkouts/nanopb/pb_encode.c -o /Users/siam/Library/Developer/Xcode/DerivedData/Lingua_Quest-gvpckrqxtbgyprbgppjfqmimmmfw/Build/Intermediates.noindex/nanopb.build/Debug-iphonesimulator/nanopb.build/Objects-normal/x86_64/pb_encode.o -index-unit-output-path /nanopb.build/Debug-iphonesimulator/nanopb.build/Objects-normal/x86_64/pb_encode.o

CompileC /Users/siam/Library/Developer/Xcode/DerivedData/Lingua_Quest-gvpckrqxtbgyprbgppjfqmimmmfw/Build/Intermediates.noindex/nanopb.build/Debug-iphonesimulator/nanopb.build/Objects-normal/x86_64/pb_decode.o /Users/siam/Library/Developer/Xcode/DerivedData/Lingua_Quest-gvpckrqxtbgyprbgppjfqmimmmfw/SourcePackages/checkouts/nanopb/pb_decode.c normal x86_64 c com.apple.compilers.llvm.clang.1_0.compiler (in target 'nanopb' from project 'nanopb')
    cd /Users/siam/Desktop/Lingua\ Quest/Lingua\ Quest.xcodeproj
    
    Using response file: /Users/siam/Library/Developer/Xcode/DerivedData/Lingua_Quest-gvpckrqxtbgyprbgppjfqmimmmfw/Build/Intermediates.noindex/nanopb.build/Debug-iphonesimulator/nanopb.build/Objects-normal/x86_64/7187679823f38a2a940e0043cdf9d637-common-args.resp
    
    /Applications/Xcode.app/Contents/Developer/Toolchains/XcodeDefault.xctoolchain/usr/bin/clang -x c -ivfsstatcache /Users/siam/Library/Developer/Xcode/DerivedData/SDKStatCaches.noindex/iphonesimulator26.0-23A339-26257891a6c027eb51374368541b8346.sdkstatcache -fmessage-length\=0 -fdiagnostics-show-note-include-stack -fmacro-backtrace-limit\=0 -fno-color-diagnostics -fmodules-prune-interval\=86400 -fmodules-prune-after\=345600 -fbuild-session-file\=/Users/siam/Library/Developer/Xcode/DerivedData/ModuleCache.noindex/Session.modulevalidation -fmodules-validate-once-per-build-session -Wnon-modular-include-in-framework-module -Werror\=non-modular-include-in-framework-module -Wno-trigraphs -Wno-missing-field-initializers -Wno-missing-prototypes -Wno-return-type -Wno-missing-braces -Wparentheses -Wswitch -Wno-unused-function -Wno-unused-label -Wno-unused-parameter -Wno-unused-variable -Wunused-value -Wno-empty-body -Wno-uninitialized -Wno-unknown-pragmas -w -Wno-shadow -Wno-four-char-constants -Wno-conversion -Wno-constant-conversion -Wno-int-conversion -Wno-bool-conversion -Wno-enum-conversion -Wno-float-conversion -Wno-non-literal-null-conversion -Wno-objc-literal-conversion -Wshorten-64-to-32 -Wpointer-sign -Wno-newline-eof -Wno-implicit-fallthrough -fstrict-aliasing -Wdeprecated-declarations -Wno-sign-conversion -Wno-infinite-recursion -Wno-comma -Wno-block-capture-autoreleasing -Wno-strict-prototypes -Wno-semicolon-before-method-body -index-store-path /Users/siam/Library/Developer/Xcode/DerivedData/Lingua_Quest-gvpckrqxtbgyprbgppjfqmimmmfw/Index.noindex/DataStore @/Users/siam/Library/Developer/Xcode/DerivedData/Lingua_Quest-gvpckrqxtbgyprbgppjfqmimmmfw/Build/Intermediates.noindex/nanopb.build/Debug-iphonesimulator/nanopb.build/Objects-normal/x86_64/7187679823f38a2a940e0043cdf9d637-common-args.resp -MMD -MT dependencies -MF /Users/siam/Library/Developer/Xcode/DerivedData/Lingua_Quest-gvpckrqxtbgyprbgppjfqmimmmfw/Build/Intermediates.noindex/nanopb.build/Debug-iphonesimulator/nanopb.build/Objects-normal/x86_64/pb_decode.d --serialize-diagnostics /Users/siam/Library/Developer/Xcode/DerivedData/Lingua_Quest-gvpckrqxtbgyprbgppjfqmimmmfw/Build/Intermediates.noindex/nanopb.build/Debug-iphonesimulator/nanopb.build/Objects-normal/x86_64/pb_decode.dia -c /Users/siam/Library/Developer/Xcode/DerivedData/Lingua_Quest-gvpckrqxtbgyprbgppjfqmimmmfw/SourcePackages/checkouts/nanopb/pb_decode.c -o /Users/siam/Library/Developer/Xcode/DerivedData/Lingua_Quest-gvpckrqxtbgyprbgppjfqmimmmfw/Build/Intermediates.noindex/nanopb.build/Debug-iphonesimulator/nanopb.build/Objects-normal/x86_64/pb_decode.o -index-unit-output-path /nanopb.build/Debug-iphonesimulator/nanopb.build/Objects-normal/x86_64/pb_decode.o

CompileC /Users/siam/Library/Developer/Xcode/DerivedData/Lingua_Quest-gvpckrqxtbgyprbgppjfqmimmmfw/Build/Intermediates.noindex/nanopb.build/Debug-iphonesimulator/nanopb.build/Objects-normal/x86_64/resource_bundle_accessor.o /Users/siam/Library/Developer/Xcode/DerivedData/Lingua_Quest-gvpckrqxtbgyprbgppjfqmimmmfw/Build/Intermediates.noindex/nanopb.build/Debug-iphonesimulator/nanopb.build/DerivedSources/resource_bundle_accessor.m normal x86_64 objective-c com.apple.compilers.llvm.clang.1_0.compiler (in target 'nanopb' from project 'nanopb')
    cd /Users/siam/Desktop/Lingua\ Quest/Lingua\ Quest.xcodeproj
    
    Using response file: /Users/siam/Library/Developer/Xcode/DerivedData/Lingua_Quest-gvpckrqxtbgyprbgppjfqmimmmfw/Build/Intermediates.noindex/nanopb.build/Debug-iphonesimulator/nanopb.build/Objects-normal/x86_64/e6072d4f65d7061329687fe24e3d63a7-common-args.resp
    
    /Applications/Xcode.app/Contents/Developer/Toolchains/XcodeDefault.xctoolchain/usr/bin/clang -x objective-c -ivfsstatcache /Users/siam/Library/Developer/Xcode/DerivedData/SDKStatCaches.noindex/iphonesimulator26.0-23A339-26257891a6c027eb51374368541b8346.sdkstatcache -fmessage-length\=0 -fdiagnostics-show-note-include-stack -fmacro-backtrace-limit\=0 -fno-color-diagnostics -fmodules-prune-interval\=86400 -fmodules-prune-after\=345600 -fbuild-session-file\=/Users/siam/Library/Developer/Xcode/DerivedData/ModuleCache.noindex/Session.modulevalidation -fmodules-validate-once-per-build-session -Wnon-modular-include-in-framework-module -Werror\=non-modular-include-in-framework-module -Wno-trigraphs -Wno-missing-field-initializers -Wno-missing-prototypes -Wno-return-type -Wno-implicit-atomic-properties -Wno-objc-interface-ivars -Wno-arc-repeated-use-of-weak -Wno-missing-braces -Wparentheses -Wswitch -Wno-unused-function -Wno-unused-label -Wno-unused-parameter -Wno-unused-variable -Wunused-value -Wno-empty-body -Wno-uninitialized -Wno-unknown-pragmas -w -Wno-shadow -Wno-four-char-constants -Wno-conversion -Wno-constant-conversion -Wno-int-conversion -Wno-bool-conversion -Wno-enum-conversion -Wno-float-conversion -Wno-non-literal-null-conversion -Wno-objc-literal-conversion -Wshorten-64-to-32 -Wpointer-sign -Wno-newline-eof -Wno-selector -Wno-strict-selector-match -Wno-undeclared-selector -Wno-deprecated-implementations -Wno-implicit-fallthrough -fstrict-aliasing -Wprotocol -Wdeprecated-declarations -Wno-sign-conversion -Wno-infinite-recursion -Wno-comma -Wno-block-capture-autoreleasing -Wno-strict-prototypes -Wno-semicolon-before-method-body -index-store-path /Users/siam/Library/Developer/Xcode/DerivedData/Lingua_Quest-gvpckrqxtbgyprbgppjfqmimmmfw/Index.noindex/DataStore @/Users/siam/Library/Developer/Xcode/DerivedData/Lingua_Quest-gvpckrqxtbgyprbgppjfqmimmmfw/Build/Intermediates.noindex/nanopb.build/Debug-iphonesimulator/nanopb.build/Objects-normal/x86_64/e6072d4f65d7061329687fe24e3d63a7-common-args.resp -include /Users/siam/Library/Developer/Xcode/DerivedData/Lingua_Quest-gvpckrqxtbgyprbgppjfqmimmmfw/Build/Intermediates.noindex/nanopb.build/Debug-iphonesimulator/nanopb.build/DerivedSources/resource_bundle_accessor.h -MMD -MT dependencies -MF /Users/siam/Library/Developer/Xcode/DerivedData/Lingua_Quest-gvpckrqxtbgyprbgppjfqmimmmfw/Build/Intermediates.noindex/nanopb.build/Debug-iphonesimulator/nanopb.build/Objects-normal/x86_64/resource_bundle_accessor.d --serialize-diagnostics /Users/siam/Library/Developer/Xcode/DerivedData/Lingua_Quest-gvpckrqxtbgyprbgppjfqmimmmfw/Build/Intermediates.noindex/nanopb.build/Debug-iphonesimulator/nanopb.build/Objects-normal/x86_64/resource_bundle_accessor.dia -c /Users/siam/Library/Developer/Xcode/DerivedData/Lingua_Quest-gvpckrqxtbgyprbgppjfqmimmmfw/Build/Intermediates.noindex/nanopb.build/Debug-iphonesimulator/nanopb.build/DerivedSources/resource_bundle_accessor.m -o /Users/siam/Library/Developer/Xcode/DerivedData/Lingua_Quest-gvpckrqxtbgyprbgppjfqmimmmfw/Build/Intermediates.noindex/nanopb.build/Debug-iphonesimulator/nanopb.build/Objects-normal/x86_64/resource_bundle_accessor.o -index-unit-output-path /nanopb.build/Debug-iphonesimulator/nanopb.build/Objects-normal/x86_64/resource_bundle_accessor.o

PrecompileModule /Users/siam/Library/Developer/Xcode/DerivedData/Lingua_Quest-gvpckrqxtbgyprbgppjfqmimmmfw/Build/Intermediates.noindex/ExplicitPrecompiledModules/_DarwinFoundation2-DBE2E2XX6ZRSXY4M6BP2V09HL.scan
    cd /
    builtin-precompileModule /Users/siam/Library/Developer/Xcode/DerivedData/Lingua_Quest-gvpckrqxtbgyprbgppjfqmimmmfw/Build/Intermediates.noindex/ExplicitPrecompiledModules/_DarwinFoundation2-DBE2E2XX6ZRSXY4M6BP2V09HL.scan

PrecompileModule /Users/siam/Library/Developer/Xcode/DerivedData/Lingua_Quest-gvpckrqxtbgyprbgppjfqmimmmfw/Build/Intermediates.noindex/ExplicitPrecompiledModules/_Builtin_limits-2KMWX4ZNWZUZQXHAZLI76NSRK.scan
    cd /
    builtin-precompileModule /Users/siam/Library/Developer/Xcode/DerivedData/Lingua_Quest-gvpckrqxtbgyprbgppjfqmimmmfw/Build/Intermediates.noindex/ExplicitPrecompiledModules/_Builtin_limits-2KMWX4ZNWZUZQXHAZLI76NSRK.scan

PrecompileModule /Users/siam/Library/Developer/Xcode/DerivedData/Lingua_Quest-gvpckrqxtbgyprbgppjfqmimmmfw/Build/Intermediates.noindex/ExplicitPrecompiledModules/_DarwinFoundation2-E911HEE91D9PRH0Y8F061UAER.scan
    cd /
    builtin-precompileModule /Users/siam/Library/Developer/Xcode/DerivedData/Lingua_Quest-gvpckrqxtbgyprbgppjfqmimmmfw/Build/Intermediates.noindex/ExplicitPrecompiledModules/_DarwinFoundation2-E911HEE91D9PRH0Y8F061UAER.scan

PrecompileModule /Users/siam/Library/Developer/Xcode/DerivedData/Lingua_Quest-gvpckrqxtbgyprbgppjfqmimmmfw/Build/Intermediates.noindex/ExplicitPrecompiledModules/_Builtin_limits-50SH43AO9HNNMAEABPIIYB3C7.scan
    cd /
    builtin-precompileModule /Users/siam/Library/Developer/Xcode/DerivedData/Lingua_Quest-gvpckrqxtbgyprbgppjfqmimmmfw/Build/Intermediates.noindex/ExplicitPrecompiledModules/_Builtin_limits-50SH43AO9HNNMAEABPIIYB3C7.scan

ScanDependencies /Users/siam/Library/Developer/Xcode/DerivedData/Lingua_Quest-gvpckrqxtbgyprbgppjfqmimmmfw/Build/Intermediates.noindex/nanopb.build/Debug-iphonesimulator/nanopb.build/Objects-normal/x86_64/pb_common.o /Users/siam/Library/Developer/Xcode/DerivedData/Lingua_Quest-gvpckrqxtbgyprbgppjfqmimmmfw/SourcePackages/checkouts/nanopb/pb_common.c normal x86_64 c com.apple.compilers.llvm.clang.1_0.compiler (in target 'nanopb' from project 'nanopb')
    cd /Users/siam/Desktop/Lingua\ Quest/Lingua\ Quest.xcodeproj
    
    Using response file: /Users/siam/Library/Developer/Xcode/DerivedData/Lingua_Quest-gvpckrqxtbgyprbgppjfqmimmmfw/Build/Intermediates.noindex/nanopb.build/Debug-iphonesimulator/nanopb.build/Objects-normal/x86_64/7187679823f38a2a940e0043cdf9d637-common-args.resp
    
    builtin-ScanDependencies -o /Users/siam/Library/Developer/Xcode/DerivedData/Lingua_Quest-gvpckrqxtbgyprbgppjfqmimmmfw/Build/Intermediates.noindex/nanopb.build/Debug-iphonesimulator/nanopb.build/Objects-normal/x86_64/pb_common.o.scan -- /Applications/Xcode.app/Contents/Developer/Toolchains/XcodeDefault.xctoolchain/usr/bin/clang -x c -ivfsstatcache /Users/siam/Library/Developer/Xcode/DerivedData/SDKStatCaches.noindex/iphonesimulator26.0-23A339-26257891a6c027eb51374368541b8346.sdkstatcache -fmessage-length\=0 -fdiagnostics-show-note-include-stack -fmacro-backtrace-limit\=0 -fno-color-diagnostics -fmodules-prune-interval\=86400 -fmodules-prune-after\=345600 -fbuild-session-file\=/Users/siam/Library/Developer/Xcode/DerivedData/ModuleCache.noindex/Session.modulevalidation -fmodules-validate-once-per-build-session -Wnon-modular-include-in-framework-module -Werror\=non-modular-include-in-framework-module -Wno-trigraphs -Wno-missing-field-initializers -Wno-missing-prototypes -Wno-return-type -Wno-missing-braces -Wparentheses -Wswitch -Wno-unused-function -Wno-unused-label -Wno-unused-parameter -Wno-unused-variable -Wunused-value -Wno-empty-body -Wno-uninitialized -Wno-unknown-pragmas -w -Wno-shadow -Wno-four-char-constants -Wno-conversion -Wno-constant-conversion -Wno-int-conversion -Wno-bool-conversion -Wno-enum-conversion -Wno-float-conversion -Wno-non-literal-null-conversion -Wno-objc-literal-conversion -Wshorten-64-to-32 -Wpointer-sign -Wno-newline-eof -Wno-implicit-fallthrough -fstrict-aliasing -Wdeprecated-declarations -Wno-sign-conversion -Wno-infinite-recursion -Wno-comma -Wno-block-capture-autoreleasing -Wno-strict-prototypes -Wno-semicolon-before-method-body -index-store-path /Users/siam/Library/Developer/Xcode/DerivedData/Lingua_Quest-gvpckrqxtbgyprbgppjfqmimmmfw/Index.noindex/DataStore @/Users/siam/Library/Developer/Xcode/DerivedData/Lingua_Quest-gvpckrqxtbgyprbgppjfqmimmmfw/Build/Intermediates.noindex/nanopb.build/Debug-iphonesimulator/nanopb.build/Objects-normal/x86_64/7187679823f38a2a940e0043cdf9d637-common-args.resp -MMD -MT dependencies -MF /Users/siam/Library/Developer/Xcode/DerivedData/Lingua_Quest-gvpckrqxtbgyprbgppjfqmimmmfw/Build/Intermediates.noindex/nanopb.build/Debug-iphonesimulator/nanopb.build/Objects-normal/x86_64/pb_common.d --serialize-diagnostics /Users/siam/Library/Developer/Xcode/DerivedData/Lingua_Quest-gvpckrqxtbgyprbgppjfqmimmmfw/Build/Intermediates.noindex/nanopb.build/Debug-iphonesimulator/nanopb.build/Objects-normal/x86_64/pb_common.dia -c /Users/siam/Library/Developer/Xcode/DerivedData/Lingua_Quest-gvpckrqxtbgyprbgppjfqmimmmfw/SourcePackages/checkouts/nanopb/pb_common.c -o /Users/siam/Library/Developer/Xcode/DerivedData/Lingua_Quest-gvpckrqxtbgyprbgppjfqmimmmfw/Build/Intermediates.noindex/nanopb.build/Debug-iphonesimulator/nanopb.build/Objects-normal/x86_64/pb_common.o -index-unit-output-path /nanopb.build/Debug-iphonesimulator/nanopb.build/Objects-normal/x86_64/pb_common.o

ScanDependencies /Users/siam/Library/Developer/Xcode/DerivedData/Lingua_Quest-gvpckrqxtbgyprbgppjfqmimmmfw/Build/Intermediates.noindex/nanopb.build/Debug-iphonesimulator/nanopb.build/Objects-normal/arm64/resource_bundle_accessor.o /Users/siam/Library/Developer/Xcode/DerivedData/Lingua_Quest-gvpckrqxtbgyprbgppjfqmimmmfw/Build/Intermediates.noindex/nanopb.build/Debug-iphonesimulator/nanopb.build/DerivedSources/resource_bundle_accessor.m normal arm64 objective-c com.apple.compilers.llvm.clang.1_0.compiler (in target 'nanopb' from project 'nanopb')
    cd /Users/siam/Desktop/Lingua\ Quest/Lingua\ Quest.xcodeproj
    
    Using response file: /Users/siam/Library/Developer/Xcode/DerivedData/Lingua_Quest-gvpckrqxtbgyprbgppjfqmimmmfw/Build/Intermediates.noindex/nanopb.build/Debug-iphonesimulator/nanopb.build/Objects-normal/arm64/e6072d4f65d7061329687fe24e3d63a7-common-args.resp
    
    builtin-ScanDependencies -o /Users/siam/Library/Developer/Xcode/DerivedData/Lingua_Quest-gvpckrqxtbgyprbgppjfqmimmmfw/Build/Intermediates.noindex/nanopb.build/Debug-iphonesimulator/nanopb.build/Objects-normal/arm64/resource_bundle_accessor.o.scan -- /Applications/Xcode.app/Contents/Developer/Toolchains/XcodeDefault.xctoolchain/usr/bin/clang -x objective-c -ivfsstatcache /Users/siam/Library/Developer/Xcode/DerivedData/SDKStatCaches.noindex/iphonesimulator26.0-23A339-26257891a6c027eb51374368541b8346.sdkstatcache -fmessage-length\=0 -fdiagnostics-show-note-include-stack -fmacro-backtrace-limit\=0 -fno-color-diagnostics -fmodules-prune-interval\=86400 -fmodules-prune-after\=345600 -fbuild-session-file\=/Users/siam/Library/Developer/Xcode/DerivedData/ModuleCache.noindex/Session.modulevalidation -fmodules-validate-once-per-build-session -Wnon-modular-include-in-framework-module -Werror\=non-modular-include-in-framework-module -Wno-trigraphs -Wno-missing-field-initializers -Wno-missing-prototypes -Wno-return-type -Wno-implicit-atomic-properties -Wno-objc-interface-ivars -Wno-arc-repeated-use-of-weak -Wno-missing-braces -Wparentheses -Wswitch -Wno-unused-function -Wno-unused-label -Wno-unused-parameter -Wno-unused-variable -Wunused-value -Wno-empty-body -Wno-uninitialized -Wno-unknown-pragmas -w -Wno-shadow -Wno-four-char-constants -Wno-conversion -Wno-constant-conversion -Wno-int-conversion -Wno-bool-conversion -Wno-enum-conversion -Wno-float-conversion -Wno-non-literal-null-conversion -Wno-objc-literal-conversion -Wshorten-64-to-32 -Wpointer-sign -Wno-newline-eof -Wno-selector -Wno-strict-selector-match -Wno-undeclared-selector -Wno-deprecated-implementations -Wno-implicit-fallthrough -fstrict-aliasing -Wprotocol -Wdeprecated-declarations -Wno-sign-conversion -Wno-infinite-recursion -Wno-comma -Wno-block-capture-autoreleasing -Wno-strict-prototypes -Wno-semicolon-before-method-body -index-store-path /Users/siam/Library/Developer/Xcode/DerivedData/Lingua_Quest-gvpckrqxtbgyprbgppjfqmimmmfw/Index.noindex/DataStore @/Users/siam/Library/Developer/Xcode/DerivedData/Lingua_Quest-gvpckrqxtbgyprbgppjfqmimmmfw/Build/Intermediates.noindex/nanopb.build/Debug-iphonesimulator/nanopb.build/Objects-normal/arm64/e6072d4f65d7061329687fe24e3d63a7-common-args.resp -include /Users/siam/Library/Developer/Xcode/DerivedData/Lingua_Quest-gvpckrqxtbgyprbgppjfqmimmmfw/Build/Intermediates.noindex/nanopb.build/Debug-iphonesimulator/nanopb.build/DerivedSources/resource_bundle_accessor.h -MMD -MT dependencies -MF /Users/siam/Library/Developer/Xcode/DerivedData/Lingua_Quest-gvpckrqxtbgyprbgppjfqmimmmfw/Build/Intermediates.noindex/nanopb.build/Debug-iphonesimulator/nanopb.build/Objects-normal/arm64/resource_bundle_accessor.d --serialize-diagnostics /Users/siam/Library/Developer/Xcode/DerivedData/Lingua_Quest-gvpckrqxtbgyprbgppjfqmimmmfw/Build/Intermediates.noindex/nanopb.build/Debug-iphonesimulator/nanopb.build/Objects-normal/arm64/resource_bundle_accessor.dia -c /Users/siam/Library/Developer/Xcode/DerivedData/Lingua_Quest-gvpckrqxtbgyprbgppjfqmimmmfw/Build/Intermediates.noindex/nanopb.build/Debug-iphonesimulator/nanopb.build/DerivedSources/resource_bundle_accessor.m -o /Users/siam/Library/Developer/Xcode/DerivedData/Lingua_Quest-gvpckrqxtbgyprbgppjfqmimmmfw/Build/Intermediates.noindex/nanopb.build/Debug-iphonesimulator/nanopb.build/Objects-normal/arm64/resource_bundle_accessor.o -index-unit-output-path /nanopb.build/Debug-iphonesimulator/nanopb.build/Objects-normal/arm64/resource_bundle_accessor.o

ScanDependencies /Users/siam/Library/Developer/Xcode/DerivedData/Lingua_Quest-gvpckrqxtbgyprbgppjfqmimmmfw/Build/Intermediates.noindex/nanopb.build/Debug-iphonesimulator/nanopb.build/Objects-normal/arm64/pb_encode.o /Users/siam/Library/Developer/Xcode/DerivedData/Lingua_Quest-gvpckrqxtbgyprbgppjfqmimmmfw/SourcePackages/checkouts/nanopb/pb_encode.c normal arm64 c com.apple.compilers.llvm.clang.1_0.compiler (in target 'nanopb' from project 'nanopb')
    cd /Users/siam/Desktop/Lingua\ Quest/Lingua\ Quest.xcodeproj
    
    Using response file: /Users/siam/Library/Developer/Xcode/DerivedData/Lingua_Quest-gvpckrqxtbgyprbgppjfqmimmmfw/Build/Intermediates.noindex/nanopb.build/Debug-iphonesimulator/nanopb.build/Objects-normal/arm64/7187679823f38a2a940e0043cdf9d637-common-args.resp
    
    builtin-ScanDependencies -o /Users/siam/Library/Developer/Xcode/DerivedData/Lingua_Quest-gvpckrqxtbgyprbgppjfqmimmmfw/Build/Intermediates.noindex/nanopb.build/Debug-iphonesimulator/nanopb.build/Objects-normal/arm64/pb_encode.o.scan -- /Applications/Xcode.app/Contents/Developer/Toolchains/XcodeDefault.xctoolchain/usr/bin/clang -x c -ivfsstatcache /Users/siam/Library/Developer/Xcode/DerivedData/SDKStatCaches.noindex/iphonesimulator26.0-23A339-26257891a6c027eb51374368541b8346.sdkstatcache -fmessage-length\=0 -fdiagnostics-show-note-include-stack -fmacro-backtrace-limit\=0 -fno-color-diagnostics -fmodules-prune-interval\=86400 -fmodules-prune-after\=345600 -fbuild-session-file\=/Users/siam/Library/Developer/Xcode/DerivedData/ModuleCache.noindex/Session.modulevalidation -fmodules-validate-once-per-build-session -Wnon-modular-include-in-framework-module -Werror\=non-modular-include-in-framework-module -Wno-trigraphs -Wno-missing-field-initializers -Wno-missing-prototypes -Wno-return-type -Wno-missing-braces -Wparentheses -Wswitch -Wno-unused-function -Wno-unused-label -Wno-unused-parameter -Wno-unused-variable -Wunused-value -Wno-empty-body -Wno-uninitialized -Wno-unknown-pragmas -w -Wno-shadow -Wno-four-char-constants -Wno-conversion -Wno-constant-conversion -Wno-int-conversion -Wno-bool-conversion -Wno-enum-conversion -Wno-float-conversion -Wno-non-literal-null-conversion -Wno-objc-literal-conversion -Wshorten-64-to-32 -Wpointer-sign -Wno-newline-eof -Wno-implicit-fallthrough -fstrict-aliasing -Wdeprecated-declarations -Wno-sign-conversion -Wno-infinite-recursion -Wno-comma -Wno-block-capture-autoreleasing -Wno-strict-prototypes -Wno-semicolon-before-method-body -index-store-path /Users/siam/Library/Developer/Xcode/DerivedData/Lingua_Quest-gvpckrqxtbgyprbgppjfqmimmmfw/Index.noindex/DataStore @/Users/siam/Library/Developer/Xcode/DerivedData/Lingua_Quest-gvpckrqxtbgyprbgppjfqmimmmfw/Build/Intermediates.noindex/nanopb.build/Debug-iphonesimulator/nanopb.build/Objects-normal/arm64/7187679823f38a2a940e0043cdf9d637-common-args.resp -MMD -MT dependencies -MF /Users/siam/Library/Developer/Xcode/DerivedData/Lingua_Quest-gvpckrqxtbgyprbgppjfqmimmmfw/Build/Intermediates.noindex/nanopb.build/Debug-iphonesimulator/nanopb.build/Objects-normal/arm64/pb_encode.d --serialize-diagnostics /Users/siam/Library/Developer/Xcode/DerivedData/Lingua_Quest-gvpckrqxtbgyprbgppjfqmimmmfw/Build/Intermediates.noindex/nanopb.build/Debug-iphonesimulator/nanopb.build/Objects-normal/arm64/pb_encode.dia -c /Users/siam/Library/Developer/Xcode/DerivedData/Lingua_Quest-gvpckrqxtbgyprbgppjfqmimmmfw/SourcePackages/checkouts/nanopb/pb_encode.c -o /Users/siam/Library/Developer/Xcode/DerivedData/Lingua_Quest-gvpckrqxtbgyprbgppjfqmimmmfw/Build/Intermediates.noindex/nanopb.build/Debug-iphonesimulator/nanopb.build/Objects-normal/arm64/pb_encode.o -index-unit-output-path /nanopb.build/Debug-iphonesimulator/nanopb.build/Objects-normal/arm64/pb_encode.o

CompileC /Users/siam/Library/Developer/Xcode/DerivedData/Lingua_Quest-gvpckrqxtbgyprbgppjfqmimmmfw/Build/Intermediates.noindex/nanopb.build/Debug-iphonesimulator/nanopb.build/Objects-normal/x86_64/pb_common.o /Users/siam/Library/Developer/Xcode/DerivedData/Lingua_Quest-gvpckrqxtbgyprbgppjfqmimmmfw/SourcePackages/checkouts/nanopb/pb_common.c normal x86_64 c com.apple.compilers.llvm.clang.1_0.compiler (in target 'nanopb' from project 'nanopb')
    cd /Users/siam/Desktop/Lingua\ Quest/Lingua\ Quest.xcodeproj
    
    Using response file: /Users/siam/Library/Developer/Xcode/DerivedData/Lingua_Quest-gvpckrqxtbgyprbgppjfqmimmmfw/Build/Intermediates.noindex/nanopb.build/Debug-iphonesimulator/nanopb.build/Objects-normal/x86_64/7187679823f38a2a940e0043cdf9d637-common-args.resp
    
    /Applications/Xcode.app/Contents/Developer/Toolchains/XcodeDefault.xctoolchain/usr/bin/clang -x c -ivfsstatcache /Users/siam/Library/Developer/Xcode/DerivedData/SDKStatCaches.noindex/iphonesimulator26.0-23A339-26257891a6c027eb51374368541b8346.sdkstatcache -fmessage-length\=0 -fdiagnostics-show-note-include-stack -fmacro-backtrace-limit\=0 -fno-color-diagnostics -fmodules-prune-interval\=86400 -fmodules-prune-after\=345600 -fbuild-session-file\=/Users/siam/Library/Developer/Xcode/DerivedData/ModuleCache.noindex/Session.modulevalidation -fmodules-validate-once-per-build-session -Wnon-modular-include-in-framework-module -Werror\=non-modular-include-in-framework-module -Wno-trigraphs -Wno-missing-field-initializers -Wno-missing-prototypes -Wno-return-type -Wno-missing-braces -Wparentheses -Wswitch -Wno-unused-function -Wno-unused-label -Wno-unused-parameter -Wno-unused-variable -Wunused-value -Wno-empty-body -Wno-uninitialized -Wno-unknown-pragmas -w -Wno-shadow -Wno-four-char-constants -Wno-conversion -Wno-constant-conversion -Wno-int-conversion -Wno-bool-conversion -Wno-enum-conversion -Wno-float-conversion -Wno-non-literal-null-conversion -Wno-objc-literal-conversion -Wshorten-64-to-32 -Wpointer-sign -Wno-newline-eof -Wno-implicit-fallthrough -fstrict-aliasing -Wdeprecated-declarations -Wno-sign-conversion -Wno-infinite-recursion -Wno-comma -Wno-block-capture-autoreleasing -Wno-strict-prototypes -Wno-semicolon-before-method-body -index-store-path /Users/siam/Library/Developer/Xcode/DerivedData/Lingua_Quest-gvpckrqxtbgyprbgppjfqmimmmfw/Index.noindex/DataStore @/Users/siam/Library/Developer/Xcode/DerivedData/Lingua_Quest-gvpckrqxtbgyprbgppjfqmimmmfw/Build/Intermediates.noindex/nanopb.build/Debug-iphonesimulator/nanopb.build/Objects-normal/x86_64/7187679823f38a2a940e0043cdf9d637-common-args.resp -MMD -MT dependencies -MF /Users/siam/Library/Developer/Xcode/DerivedData/Lingua_Quest-gvpckrqxtbgyprbgppjfqmimmmfw/Build/Intermediates.noindex/nanopb.build/Debug-iphonesimulator/nanopb.build/Objects-normal/x86_64/pb_common.d --serialize-diagnostics /Users/siam/Library/Developer/Xcode/DerivedData/Lingua_Quest-gvpckrqxtbgyprbgppjfqmimmmfw/Build/Intermediates.noindex/nanopb.build/Debug-iphonesimulator/nanopb.build/Objects-normal/x86_64/pb_common.dia -c /Users/siam/Library/Developer/Xcode/DerivedData/Lingua_Quest-gvpckrqxtbgyprbgppjfqmimmmfw/SourcePackages/checkouts/nanopb/pb_common.c -o /Users/siam/Library/Developer/Xcode/DerivedData/Lingua_Quest-gvpckrqxtbgyprbgppjfqmimmmfw/Build/Intermediates.noindex/nanopb.build/Debug-iphonesimulator/nanopb.build/Objects-normal/x86_64/pb_common.o -index-unit-output-path /nanopb.build/Debug-iphonesimulator/nanopb.build/Objects-normal/x86_64/pb_common.o

ScanDependencies /Users/siam/Library/Developer/Xcode/DerivedData/Lingua_Quest-gvpckrqxtbgyprbgppjfqmimmmfw/Build/Intermediates.noindex/nanopb.build/Debug-iphonesimulator/nanopb.build/Objects-normal/arm64/pb_decode.o /Users/siam/Library/Developer/Xcode/DerivedData/Lingua_Quest-gvpckrqxtbgyprbgppjfqmimmmfw/SourcePackages/checkouts/nanopb/pb_decode.c normal arm64 c com.apple.compilers.llvm.clang.1_0.compiler (in target 'nanopb' from project 'nanopb')
    cd /Users/siam/Desktop/Lingua\ Quest/Lingua\ Quest.xcodeproj
    
    Using response file: /Users/siam/Library/Developer/Xcode/DerivedData/Lingua_Quest-gvpckrqxtbgyprbgppjfqmimmmfw/Build/Intermediates.noindex/nanopb.build/Debug-iphonesimulator/nanopb.build/Objects-normal/arm64/7187679823f38a2a940e0043cdf9d637-common-args.resp
    
    builtin-ScanDependencies -o /Users/siam/Library/Developer/Xcode/DerivedData/Lingua_Quest-gvpckrqxtbgyprbgppjfqmimmmfw/Build/Intermediates.noindex/nanopb.build/Debug-iphonesimulator/nanopb.build/Objects-normal/arm64/pb_decode.o.scan -- /Applications/Xcode.app/Contents/Developer/Toolchains/XcodeDefault.xctoolchain/usr/bin/clang -x c -ivfsstatcache /Users/siam/Library/Developer/Xcode/DerivedData/SDKStatCaches.noindex/iphonesimulator26.0-23A339-26257891a6c027eb51374368541b8346.sdkstatcache -fmessage-length\=0 -fdiagnostics-show-note-include-stack -fmacro-backtrace-limit\=0 -fno-color-diagnostics -fmodules-prune-interval\=86400 -fmodules-prune-after\=345600 -fbuild-session-file\=/Users/siam/Library/Developer/Xcode/DerivedData/ModuleCache.noindex/Session.modulevalidation -fmodules-validate-once-per-build-session -Wnon-modular-include-in-framework-module -Werror\=non-modular-include-in-framework-module -Wno-trigraphs -Wno-missing-field-initializers -Wno-missing-prototypes -Wno-return-type -Wno-missing-braces -Wparentheses -Wswitch -Wno-unused-function -Wno-unused-label -Wno-unused-parameter -Wno-unused-variable -Wunused-value -Wno-empty-body -Wno-uninitialized -Wno-unknown-pragmas -w -Wno-shadow -Wno-four-char-constants -Wno-conversion -Wno-constant-conversion -Wno-int-conversion -Wno-bool-conversion -Wno-enum-conversion -Wno-float-conversion -Wno-non-literal-null-conversion -Wno-objc-literal-conversion -Wshorten-64-to-32 -Wpointer-sign -Wno-newline-eof -Wno-implicit-fallthrough -fstrict-aliasing -Wdeprecated-declarations -Wno-sign-conversion -Wno-infinite-recursion -Wno-comma -Wno-block-capture-autoreleasing -Wno-strict-prototypes -Wno-semicolon-before-method-body -index-store-path /Users/siam/Library/Developer/Xcode/DerivedData/Lingua_Quest-gvpckrqxtbgyprbgppjfqmimmmfw/Index.noindex/DataStore @/Users/siam/Library/Developer/Xcode/DerivedData/Lingua_Quest-gvpckrqxtbgyprbgppjfqmimmmfw/Build/Intermediates.noindex/nanopb.build/Debug-iphonesimulator/nanopb.build/Objects-normal/arm64/7187679823f38a2a940e0043cdf9d637-common-args.resp -MMD -MT dependencies -MF /Users/siam/Library/Developer/Xcode/DerivedData/Lingua_Quest-gvpckrqxtbgyprbgppjfqmimmmfw/Build/Intermediates.noindex/nanopb.build/Debug-iphonesimulator/nanopb.build/Objects-normal/arm64/pb_decode.d --serialize-diagnostics /Users/siam/Library/Developer/Xcode/DerivedData/Lingua_Quest-gvpckrqxtbgyprbgppjfqmimmmfw/Build/Intermediates.noindex/nanopb.build/Debug-iphonesimulator/nanopb.build/Objects-normal/arm64/pb_decode.dia -c /Users/siam/Library/Developer/Xcode/DerivedData/Lingua_Quest-gvpckrqxtbgyprbgppjfqmimmmfw/SourcePackages/checkouts/nanopb/pb_decode.c -o /Users/siam/Library/Developer/Xcode/DerivedData/Lingua_Quest-gvpckrqxtbgyprbgppjfqmimmmfw/Build/Intermediates.noindex/nanopb.build/Debug-iphonesimulator/nanopb.build/Objects-normal/arm64/pb_decode.o -index-unit-output-path /nanopb.build/Debug-iphonesimulator/nanopb.build/Objects-normal/arm64/pb_decode.o

PrecompileModule /Users/siam/Library/Developer/Xcode/DerivedData/Lingua_Quest-gvpckrqxtbgyprbgppjfqmimmmfw/Build/Intermediates.noindex/ExplicitPrecompiledModules/_Builtin_stdarg-BAXQUCNSIUGE0IDJRLQ6F6KN2.scan
    cd /
    builtin-precompileModule /Users/siam/Library/Developer/Xcode/DerivedData/Lingua_Quest-gvpckrqxtbgyprbgppjfqmimmmfw/Build/Intermediates.noindex/ExplicitPrecompiledModules/_Builtin_stdarg-BAXQUCNSIUGE0IDJRLQ6F6KN2.scan

PrecompileModule /Users/siam/Library/Developer/Xcode/DerivedData/Lingua_Quest-gvpckrqxtbgyprbgppjfqmimmmfw/Build/Intermediates.noindex/ExplicitPrecompiledModules/_AvailabilityInternal-4QA752I6UYQEORX5SAX6AQST.scan
    cd /
    builtin-precompileModule /Users/siam/Library/Developer/Xcode/DerivedData/Lingua_Quest-gvpckrqxtbgyprbgppjfqmimmmfw/Build/Intermediates.noindex/ExplicitPrecompiledModules/_AvailabilityInternal-4QA752I6UYQEORX5SAX6AQST.scan

PrecompileModule /Users/siam/Library/Developer/Xcode/DerivedData/Lingua_Quest-gvpckrqxtbgyprbgppjfqmimmmfw/Build/Intermediates.noindex/ExplicitPrecompiledModules/_Builtin_stddef-8F759O9V9PJ1XGT4ZV8HQ3UQZ.scan
    cd /
    builtin-precompileModule /Users/siam/Library/Developer/Xcode/DerivedData/Lingua_Quest-gvpckrqxtbgyprbgppjfqmimmmfw/Build/Intermediates.noindex/ExplicitPrecompiledModules/_Builtin_stddef-8F759O9V9PJ1XGT4ZV8HQ3UQZ.scan

PrecompileModule /Users/siam/Library/Developer/Xcode/DerivedData/Lingua_Quest-gvpckrqxtbgyprbgppjfqmimmmfw/Build/Intermediates.noindex/ExplicitPrecompiledModules/_Builtin_stdbool-9UN61PDE44KJBZS8CU3BRP8SO.scan
    cd /
    builtin-precompileModule /Users/siam/Library/Developer/Xcode/DerivedData/Lingua_Quest-gvpckrqxtbgyprbgppjfqmimmmfw/Build/Intermediates.noindex/ExplicitPrecompiledModules/_Builtin_stdbool-9UN61PDE44KJBZS8CU3BRP8SO.scan

PrecompileModule /Users/siam/Library/Developer/Xcode/DerivedData/Lingua_Quest-gvpckrqxtbgyprbgppjfqmimmmfw/Build/Intermediates.noindex/ExplicitPrecompiledModules/_Builtin_stddef-B8LZCDL778QOC1JDSGS2XDW8O.scan
    cd /
    builtin-precompileModule /Users/siam/Library/Developer/Xcode/DerivedData/Lingua_Quest-gvpckrqxtbgyprbgppjfqmimmmfw/Build/Intermediates.noindex/ExplicitPrecompiledModules/_Builtin_stddef-B8LZCDL778QOC1JDSGS2XDW8O.scan

PrecompileModule /Users/siam/Library/Developer/Xcode/DerivedData/Lingua_Quest-gvpckrqxtbgyprbgppjfqmimmmfw/Build/Intermediates.noindex/ExplicitPrecompiledModules/_Builtin_float-D0H67PUNZAYAV00L8UQGPDRPW.scan
    cd /
    builtin-precompileModule /Users/siam/Library/Developer/Xcode/DerivedData/Lingua_Quest-gvpckrqxtbgyprbgppjfqmimmmfw/Build/Intermediates.noindex/ExplicitPrecompiledModules/_Builtin_float-D0H67PUNZAYAV00L8UQGPDRPW.scan

PrecompileModule /Users/siam/Library/Developer/Xcode/DerivedData/Lingua_Quest-gvpckrqxtbgyprbgppjfqmimmmfw/Build/Intermediates.noindex/ExplicitPrecompiledModules/ptrauth-8ZNFJVP51B401704YC9C6Y5RK.scan
    cd /
    builtin-precompileModule /Users/siam/Library/Developer/Xcode/DerivedData/Lingua_Quest-gvpckrqxtbgyprbgppjfqmimmmfw/Build/Intermediates.noindex/ExplicitPrecompiledModules/ptrauth-8ZNFJVP51B401704YC9C6Y5RK.scan

PrecompileModule /Users/siam/Library/Developer/Xcode/DerivedData/Lingua_Quest-gvpckrqxtbgyprbgppjfqmimmmfw/Build/Intermediates.noindex/ExplicitPrecompiledModules/_Builtin_stdarg-CG3F92R5PUQG3B3KYVQ0IVCWV.scan
    cd /
    builtin-precompileModule /Users/siam/Library/Developer/Xcode/DerivedData/Lingua_Quest-gvpckrqxtbgyprbgppjfqmimmmfw/Build/Intermediates.noindex/ExplicitPrecompiledModules/_Builtin_stdarg-CG3F92R5PUQG3B3KYVQ0IVCWV.scan

PrecompileModule /Users/siam/Library/Developer/Xcode/DerivedData/Lingua_Quest-gvpckrqxtbgyprbgppjfqmimmmfw/Build/Intermediates.noindex/ExplicitPrecompiledModules/_AvailabilityInternal-AD1ENU577PFVTKLPFMC66P368.scan
    cd /
    builtin-precompileModule /Users/siam/Library/Developer/Xcode/DerivedData/Lingua_Quest-gvpckrqxtbgyprbgppjfqmimmmfw/Build/Intermediates.noindex/ExplicitPrecompiledModules/_AvailabilityInternal-AD1ENU577PFVTKLPFMC66P368.scan

PrecompileModule /Users/siam/Library/Developer/Xcode/DerivedData/Lingua_Quest-gvpckrqxtbgyprbgppjfqmimmmfw/Build/Intermediates.noindex/ExplicitPrecompiledModules/_Builtin_stdbool-F0C3ZTRDYBIONCYANLVGA314N.scan
    cd /
    builtin-precompileModule /Users/siam/Library/Developer/Xcode/DerivedData/Lingua_Quest-gvpckrqxtbgyprbgppjfqmimmmfw/Build/Intermediates.noindex/ExplicitPrecompiledModules/_Builtin_stdbool-F0C3ZTRDYBIONCYANLVGA314N.scan

PrecompileModule /Users/siam/Library/Developer/Xcode/DerivedData/Lingua_Quest-gvpckrqxtbgyprbgppjfqmimmmfw/Build/Intermediates.noindex/ExplicitPrecompiledModules/_Builtin_stdint-6R5G04HWW5WVD0HS243LXS71I.scan
    cd /
    builtin-precompileModule /Users/siam/Library/Developer/Xcode/DerivedData/Lingua_Quest-gvpckrqxtbgyprbgppjfqmimmmfw/Build/Intermediates.noindex/ExplicitPrecompiledModules/_Builtin_stdint-6R5G04HWW5WVD0HS243LXS71I.scan

PrecompileModule /Users/siam/Library/Developer/Xcode/DerivedData/Lingua_Quest-gvpckrqxtbgyprbgppjfqmimmmfw/Build/Intermediates.noindex/ExplicitPrecompiledModules/ptrcheck-C2BQ3C6NVKCYAT7P1PUZOY5I6.scan
    cd /
    builtin-precompileModule /Users/siam/Library/Developer/Xcode/DerivedData/Lingua_Quest-gvpckrqxtbgyprbgppjfqmimmmfw/Build/Intermediates.noindex/ExplicitPrecompiledModules/ptrcheck-C2BQ3C6NVKCYAT7P1PUZOY5I6.scan

PrecompileModule /Users/siam/Library/Developer/Xcode/DerivedData/Lingua_Quest-gvpckrqxtbgyprbgppjfqmimmmfw/Build/Intermediates.noindex/ExplicitPrecompiledModules/ptrcheck-62FAUXINGC6O3GUX307QW52XX.scan
    cd /
    builtin-precompileModule /Users/siam/Library/Developer/Xcode/DerivedData/Lingua_Quest-gvpckrqxtbgyprbgppjfqmimmmfw/Build/Intermediates.noindex/ExplicitPrecompiledModules/ptrcheck-62FAUXINGC6O3GUX307QW52XX.scan

PrecompileModule /Users/siam/Library/Developer/Xcode/DerivedData/Lingua_Quest-gvpckrqxtbgyprbgppjfqmimmmfw/Build/Intermediates.noindex/ExplicitPrecompiledModules/_Builtin_stdint-C95J7KOUDIKP8WGZDXJ1ER1FY.scan
    cd /
    builtin-precompileModule /Users/siam/Library/Developer/Xcode/DerivedData/Lingua_Quest-gvpckrqxtbgyprbgppjfqmimmmfw/Build/Intermediates.noindex/ExplicitPrecompiledModules/_Builtin_stdint-C95J7KOUDIKP8WGZDXJ1ER1FY.scan

ScanDependencies /Users/siam/Library/Developer/Xcode/DerivedData/Lingua_Quest-gvpckrqxtbgyprbgppjfqmimmmfw/Build/Intermediates.noindex/nanopb.build/Debug-iphonesimulator/nanopb.build/Objects-normal/arm64/pb_common.o /Users/siam/Library/Developer/Xcode/DerivedData/Lingua_Quest-gvpckrqxtbgyprbgppjfqmimmmfw/SourcePackages/checkouts/nanopb/pb_common.c normal arm64 c com.apple.compilers.llvm.clang.1_0.compiler (in target 'nanopb' from project 'nanopb')
    cd /Users/siam/Desktop/Lingua\ Quest/Lingua\ Quest.xcodeproj
    
    Using response file: /Users/siam/Library/Developer/Xcode/DerivedData/Lingua_Quest-gvpckrqxtbgyprbgppjfqmimmmfw/Build/Intermediates.noindex/nanopb.build/Debug-iphonesimulator/nanopb.build/Objects-normal/arm64/7187679823f38a2a940e0043cdf9d637-common-args.resp
    
    builtin-ScanDependencies -o /Users/siam/Library/Developer/Xcode/DerivedData/Lingua_Quest-gvpckrqxtbgyprbgppjfqmimmmfw/Build/Intermediates.noindex/nanopb.build/Debug-iphonesimulator/nanopb.build/Objects-normal/arm64/pb_common.o.scan -- /Applications/Xcode.app/Contents/Developer/Toolchains/XcodeDefault.xctoolchain/usr/bin/clang -x c -ivfsstatcache /Users/siam/Library/Developer/Xcode/DerivedData/SDKStatCaches.noindex/iphonesimulator26.0-23A339-26257891a6c027eb51374368541b8346.sdkstatcache -fmessage-length\=0 -fdiagnostics-show-note-include-stack -fmacro-backtrace-limit\=0 -fno-color-diagnostics -fmodules-prune-interval\=86400 -fmodules-prune-after\=345600 -fbuild-session-file\=/Users/siam/Library/Developer/Xcode/DerivedData/ModuleCache.noindex/Session.modulevalidation -fmodules-validate-once-per-build-session -Wnon-modular-include-in-framework-module -Werror\=non-modular-include-in-framework-module -Wno-trigraphs -Wno-missing-field-initializers -Wno-missing-prototypes -Wno-return-type -Wno-missing-braces -Wparentheses -Wswitch -Wno-unused-function -Wno-unused-label -Wno-unused-parameter -Wno-unused-variable -Wunused-value -Wno-empty-body -Wno-uninitialized -Wno-unknown-pragmas -w -Wno-shadow -Wno-four-char-constants -Wno-conversion -Wno-constant-conversion -Wno-int-conversion -Wno-bool-conversion -Wno-enum-conversion -Wno-float-conversion -Wno-non-literal-null-conversion -Wno-objc-literal-conversion -Wshorten-64-to-32 -Wpointer-sign -Wno-newline-eof -Wno-implicit-fallthrough -fstrict-aliasing -Wdeprecated-declarations -Wno-sign-conversion -Wno-infinite-recursion -Wno-comma -Wno-block-capture-autoreleasing -Wno-strict-prototypes -Wno-semicolon-before-method-body -index-store-path /Users/siam/Library/Developer/Xcode/DerivedData/Lingua_Quest-gvpckrqxtbgyprbgppjfqmimmmfw/Index.noindex/DataStore @/Users/siam/Library/Developer/Xcode/DerivedData/Lingua_Quest-gvpckrqxtbgyprbgppjfqmimmmfw/Build/Intermediates.noindex/nanopb.build/Debug-iphonesimulator/nanopb.build/Objects-normal/arm64/7187679823f38a2a940e0043cdf9d637-common-args.resp -MMD -MT dependencies -MF /Users/siam/Library/Developer/Xcode/DerivedData/Lingua_Quest-gvpckrqxtbgyprbgppjfqmimmmfw/Build/Intermediates.noindex/nanopb.build/Debug-iphonesimulator/nanopb.build/Objects-normal/arm64/pb_common.d --serialize-diagnostics /Users/siam/Library/Developer/Xcode/DerivedData/Lingua_Quest-gvpckrqxtbgyprbgppjfqmimmmfw/Build/Intermediates.noindex/nanopb.build/Debug-iphonesimulator/nanopb.build/Objects-normal/arm64/pb_common.dia -c /Users/siam/Library/Developer/Xcode/DerivedData/Lingua_Quest-gvpckrqxtbgyprbgppjfqmimmmfw/SourcePackages/checkouts/nanopb/pb_common.c -o /Users/siam/Library/Developer/Xcode/DerivedData/Lingua_Quest-gvpckrqxtbgyprbgppjfqmimmmfw/Build/Intermediates.noindex/nanopb.build/Debug-iphonesimulator/nanopb.build/Objects-normal/arm64/pb_common.o -index-unit-output-path /nanopb.build/Debug-iphonesimulator/nanopb.build/Objects-normal/arm64/pb_common.o

PrecompileModule /Users/siam/Library/Developer/Xcode/DerivedData/Lingua_Quest-gvpckrqxtbgyprbgppjfqmimmmfw/Build/Intermediates.noindex/ExplicitPrecompiledModules/_DarwinFoundation3-768QCMQRBRH53V1IJBVB5T90P.scan
    cd /
    builtin-precompileModule /Users/siam/Library/Developer/Xcode/DerivedData/Lingua_Quest-gvpckrqxtbgyprbgppjfqmimmmfw/Build/Intermediates.noindex/ExplicitPrecompiledModules/_DarwinFoundation3-768QCMQRBRH53V1IJBVB5T90P.scan

PrecompileModule /Users/siam/Library/Developer/Xcode/DerivedData/Lingua_Quest-gvpckrqxtbgyprbgppjfqmimmmfw/Build/Intermediates.noindex/ExplicitPrecompiledModules/_DarwinFoundation1-BZ1YEQYP5VC5BJGRY3HKAP58W.scan
    cd /
    builtin-precompileModule /Users/siam/Library/Developer/Xcode/DerivedData/Lingua_Quest-gvpckrqxtbgyprbgppjfqmimmmfw/Build/Intermediates.noindex/ExplicitPrecompiledModules/_DarwinFoundation1-BZ1YEQYP5VC5BJGRY3HKAP58W.scan

PrecompileModule /Users/siam/Library/Developer/Xcode/DerivedData/Lingua_Quest-gvpckrqxtbgyprbgppjfqmimmmfw/Build/Intermediates.noindex/ExplicitPrecompiledModules/_DarwinFoundation1-9MMGAK8LX73YNBDKE6Y36084H.scan
    cd /
    builtin-precompileModule /Users/siam/Library/Developer/Xcode/DerivedData/Lingua_Quest-gvpckrqxtbgyprbgppjfqmimmmfw/Build/Intermediates.noindex/ExplicitPrecompiledModules/_DarwinFoundation1-9MMGAK8LX73YNBDKE6Y36084H.scan

CpResource /Users/siam/Library/Developer/Xcode/DerivedData/Lingua_Quest-gvpckrqxtbgyprbgppjfqmimmmfw/Build/Products/Debug-iphonesimulator/leveldb_leveldb.bundle/PrivacyInfo.xcprivacy /Users/siam/Library/Developer/Xcode/DerivedData/Lingua_Quest-gvpckrqxtbgyprbgppjfqmimmmfw/SourcePackages/checkouts/leveldb/Resources/PrivacyInfo.xcprivacy (in target 'leveldb_leveldb' from project 'leveldb')
    cd /Users/siam/Library/Developer/Xcode/DerivedData/Lingua_Quest-gvpckrqxtbgyprbgppjfqmimmmfw/SourcePackages/checkouts/leveldb
    builtin-copy -exclude .DS_Store -exclude CVS -exclude .svn -exclude .git -exclude .hg -resolve-src-symlinks /Users/siam/Library/Developer/Xcode/DerivedData/Lingua_Quest-gvpckrqxtbgyprbgppjfqmimmmfw/SourcePackages/checkouts/leveldb/Resources/PrivacyInfo.xcprivacy /Users/siam/Library/Developer/Xcode/DerivedData/Lingua_Quest-gvpckrqxtbgyprbgppjfqmimmmfw/Build/Products/Debug-iphonesimulator/leveldb_leveldb.bundle

PrecompileModule /Users/siam/Library/Developer/Xcode/DerivedData/Lingua_Quest-gvpckrqxtbgyprbgppjfqmimmmfw/Build/Intermediates.noindex/ExplicitPrecompiledModules/_DarwinFoundation3-C3PAFFV705GZB1QYVQTO8LU24.scan
    cd /
    builtin-precompileModule /Users/siam/Library/Developer/Xcode/DerivedData/Lingua_Quest-gvpckrqxtbgyprbgppjfqmimmmfw/Build/Intermediates.noindex/ExplicitPrecompiledModules/_DarwinFoundation3-C3PAFFV705GZB1QYVQTO8LU24.scan

PrecompileModule /Users/siam/Library/Developer/Xcode/DerivedData/Lingua_Quest-gvpckrqxtbgyprbgppjfqmimmmfw/Build/Intermediates.noindex/ExplicitPrecompiledModules/_DarwinFoundation2-5PIPK8JJNWU0ZLS8GDYTWOV2I.scan
    cd /
    builtin-precompileModule /Users/siam/Library/Developer/Xcode/DerivedData/Lingua_Quest-gvpckrqxtbgyprbgppjfqmimmmfw/Build/Intermediates.noindex/ExplicitPrecompiledModules/_DarwinFoundation2-5PIPK8JJNWU0ZLS8GDYTWOV2I.scan

PrecompileModule /Users/siam/Library/Developer/Xcode/DerivedData/Lingua_Quest-gvpckrqxtbgyprbgppjfqmimmmfw/Build/Intermediates.noindex/ExplicitPrecompiledModules/_Builtin_limits-5Q993EA2C6K185I2CHFCZHC53.scan
    cd /
    builtin-precompileModule /Users/siam/Library/Developer/Xcode/DerivedData/Lingua_Quest-gvpckrqxtbgyprbgppjfqmimmmfw/Build/Intermediates.noindex/ExplicitPrecompiledModules/_Builtin_limits-5Q993EA2C6K185I2CHFCZHC53.scan

PrecompileModule /Users/siam/Library/Developer/Xcode/DerivedData/Lingua_Quest-gvpckrqxtbgyprbgppjfqmimmmfw/Build/Intermediates.noindex/ExplicitPrecompiledModules/_DarwinFoundation2-5BT2CM60XUOQG0U83LBRWE9ZV.scan
    cd /
    builtin-precompileModule /Users/siam/Library/Developer/Xcode/DerivedData/Lingua_Quest-gvpckrqxtbgyprbgppjfqmimmmfw/Build/Intermediates.noindex/ExplicitPrecompiledModules/_DarwinFoundation2-5BT2CM60XUOQG0U83LBRWE9ZV.scan

ScanDependencies /Users/siam/Library/Developer/Xcode/DerivedData/Lingua_Quest-gvpckrqxtbgyprbgppjfqmimmmfw/Build/Intermediates.noindex/leveldb.build/Debug-iphonesimulator/leveldb.build/Objects-normal/x86_64/resource_bundle_accessor.o /Users/siam/Library/Developer/Xcode/DerivedData/Lingua_Quest-gvpckrqxtbgyprbgppjfqmimmmfw/Build/Intermediates.noindex/leveldb.build/Debug-iphonesimulator/leveldb.build/DerivedSources/resource_bundle_accessor.m normal x86_64 objective-c com.apple.compilers.llvm.clang.1_0.compiler (in target 'leveldb' from project 'leveldb')
    cd /Users/siam/Desktop/Lingua\ Quest/Lingua\ Quest.xcodeproj
    
    Using response file: /Users/siam/Library/Developer/Xcode/DerivedData/Lingua_Quest-gvpckrqxtbgyprbgppjfqmimmmfw/Build/Intermediates.noindex/leveldb.build/Debug-iphonesimulator/leveldb.build/Objects-normal/x86_64/e6072d4f65d7061329687fe24e3d63a7-common-args.resp
    
    builtin-ScanDependencies -o /Users/siam/Library/Developer/Xcode/DerivedData/Lingua_Quest-gvpckrqxtbgyprbgppjfqmimmmfw/Build/Intermediates.noindex/leveldb.build/Debug-iphonesimulator/leveldb.build/Objects-normal/x86_64/resource_bundle_accessor.o.scan -- /Applications/Xcode.app/Contents/Developer/Toolchains/XcodeDefault.xctoolchain/usr/bin/clang -x objective-c -ivfsstatcache /Users/siam/Library/Developer/Xcode/DerivedData/SDKStatCaches.noindex/iphonesimulator26.0-23A339-26257891a6c027eb51374368541b8346.sdkstatcache -fmessage-length\=0 -fdiagnostics-show-note-include-stack -fmacro-backtrace-limit\=0 -fno-color-diagnostics -fmodules-prune-interval\=86400 -fmodules-prune-after\=345600 -fbuild-session-file\=/Users/siam/Library/Developer/Xcode/DerivedData/ModuleCache.noindex/Session.modulevalidation -fmodules-validate-once-per-build-session -Wnon-modular-include-in-framework-module -Werror\=non-modular-include-in-framework-module -Wno-trigraphs -Wno-missing-field-initializers -Wno-missing-prototypes -Wno-return-type -Wno-implicit-atomic-properties -Wno-objc-interface-ivars -Wno-arc-repeated-use-of-weak -Wno-missing-braces -Wparentheses -Wswitch -Wno-unused-function -Wno-unused-label -Wno-unused-parameter -Wno-unused-variable -Wunused-value -Wno-empty-body -Wno-uninitialized -Wno-unknown-pragmas -w -Wno-shadow -Wno-four-char-constants -Wno-conversion -Wno-constant-conversion -Wno-int-conversion -Wno-bool-conversion -Wno-enum-conversion -Wno-float-conversion -Wno-non-literal-null-conversion -Wno-objc-literal-conversion -Wshorten-64-to-32 -Wpointer-sign -Wno-newline-eof -Wno-selector -Wno-strict-selector-match -Wno-undeclared-selector -Wno-deprecated-implementations -Wno-implicit-fallthrough -fstrict-aliasing -Wprotocol -Wdeprecated-declarations -Wno-sign-conversion -Wno-infinite-recursion -Wno-comma -Wno-block-capture-autoreleasing -Wno-strict-prototypes -Wno-semicolon-before-method-body -index-store-path /Users/siam/Library/Developer/Xcode/DerivedData/Lingua_Quest-gvpckrqxtbgyprbgppjfqmimmmfw/Index.noindex/DataStore @/Users/siam/Library/Developer/Xcode/DerivedData/Lingua_Quest-gvpckrqxtbgyprbgppjfqmimmmfw/Build/Intermediates.noindex/leveldb.build/Debug-iphonesimulator/leveldb.build/Objects-normal/x86_64/e6072d4f65d7061329687fe24e3d63a7-common-args.resp -include /Users/siam/Library/Developer/Xcode/DerivedData/Lingua_Quest-gvpckrqxtbgyprbgppjfqmimmmfw/Build/Intermediates.noindex/leveldb.build/Debug-iphonesimulator/leveldb.build/DerivedSources/resource_bundle_accessor.h -MMD -MT dependencies -MF /Users/siam/Library/Developer/Xcode/DerivedData/Lingua_Quest-gvpckrqxtbgyprbgppjfqmimmmfw/Build/Intermediates.noindex/leveldb.build/Debug-iphonesimulator/leveldb.build/Objects-normal/x86_64/resource_bundle_accessor.d --serialize-diagnostics /Users/siam/Library/Developer/Xcode/DerivedData/Lingua_Quest-gvpckrqxtbgyprbgppjfqmimmmfw/Build/Intermediates.noindex/leveldb.build/Debug-iphonesimulator/leveldb.build/Objects-normal/x86_64/resource_bundle_accessor.dia -c /Users/siam/Library/Developer/Xcode/DerivedData/Lingua_Quest-gvpckrqxtbgyprbgppjfqmimmmfw/Build/Intermediates.noindex/leveldb.build/Debug-iphonesimulator/leveldb.build/DerivedSources/resource_bundle_accessor.m -o /Users/siam/Library/Developer/Xcode/DerivedData/Lingua_Quest-gvpckrqxtbgyprbgppjfqmimmmfw/Build/Intermediates.noindex/leveldb.build/Debug-iphonesimulator/leveldb.build/Objects-normal/x86_64/resource_bundle_accessor.o -index-unit-output-path /leveldb.build/Debug-iphonesimulator/leveldb.build/Objects-normal/x86_64/resource_bundle_accessor.o

ScanDependencies /Users/siam/Library/Developer/Xcode/DerivedData/Lingua_Quest-gvpckrqxtbgyprbgppjfqmimmmfw/Build/Intermediates.noindex/leveldb.build/Debug-iphonesimulator/leveldb.build/Objects-normal/arm64/resource_bundle_accessor.o /Users/siam/Library/Developer/Xcode/DerivedData/Lingua_Quest-gvpckrqxtbgyprbgppjfqmimmmfw/Build/Intermediates.noindex/leveldb.build/Debug-iphonesimulator/leveldb.build/DerivedSources/resource_bundle_accessor.m normal arm64 objective-c com.apple.compilers.llvm.clang.1_0.compiler (in target 'leveldb' from project 'leveldb')
    cd /Users/siam/Desktop/Lingua\ Quest/Lingua\ Quest.xcodeproj
    
    Using response file: /Users/siam/Library/Developer/Xcode/DerivedData/Lingua_Quest-gvpckrqxtbgyprbgppjfqmimmmfw/Build/Intermediates.noindex/leveldb.build/Debug-iphonesimulator/leveldb.build/Objects-normal/arm64/e6072d4f65d7061329687fe24e3d63a7-common-args.resp
    
    builtin-ScanDependencies -o /Users/siam/Library/Developer/Xcode/DerivedData/Lingua_Quest-gvpckrqxtbgyprbgppjfqmimmmfw/Build/Intermediates.noindex/leveldb.build/Debug-iphonesimulator/leveldb.build/Objects-normal/arm64/resource_bundle_accessor.o.scan -- /Applications/Xcode.app/Contents/Developer/Toolchains/XcodeDefault.xctoolchain/usr/bin/clang -x objective-c -ivfsstatcache /Users/siam/Library/Developer/Xcode/DerivedData/SDKStatCaches.noindex/iphonesimulator26.0-23A339-26257891a6c027eb51374368541b8346.sdkstatcache -fmessage-length\=0 -fdiagnostics-show-note-include-stack -fmacro-backtrace-limit\=0 -fno-color-diagnostics -fmodules-prune-interval\=86400 -fmodules-prune-after\=345600 -fbuild-session-file\=/Users/siam/Library/Developer/Xcode/DerivedData/ModuleCache.noindex/Session.modulevalidation -fmodules-validate-once-per-build-session -Wnon-modular-include-in-framework-module -Werror\=non-modular-include-in-framework-module -Wno-trigraphs -Wno-missing-field-initializers -Wno-missing-prototypes -Wno-return-type -Wno-implicit-atomic-properties -Wno-objc-interface-ivars -Wno-arc-repeated-use-of-weak -Wno-missing-braces -Wparentheses -Wswitch -Wno-unused-function -Wno-unused-label -Wno-unused-parameter -Wno-unused-variable -Wunused-value -Wno-empty-body -Wno-uninitialized -Wno-unknown-pragmas -w -Wno-shadow -Wno-four-char-constants -Wno-conversion -Wno-constant-conversion -Wno-int-conversion -Wno-bool-conversion -Wno-enum-conversion -Wno-float-conversion -Wno-non-literal-null-conversion -Wno-objc-literal-conversion -Wshorten-64-to-32 -Wpointer-sign -Wno-newline-eof -Wno-selector -Wno-strict-selector-match -Wno-undeclared-selector -Wno-deprecated-implementations -Wno-implicit-fallthrough -fstrict-aliasing -Wprotocol -Wdeprecated-declarations -Wno-sign-conversion -Wno-infinite-recursion -Wno-comma -Wno-block-capture-autoreleasing -Wno-strict-prototypes -Wno-semicolon-before-method-body -index-store-path /Users/siam/Library/Developer/Xcode/DerivedData/Lingua_Quest-gvpckrqxtbgyprbgppjfqmimmmfw/Index.noindex/DataStore @/Users/siam/Library/Developer/Xcode/DerivedData/Lingua_Quest-gvpckrqxtbgyprbgppjfqmimmmfw/Build/Intermediates.noindex/leveldb.build/Debug-iphonesimulator/leveldb.build/Objects-normal/arm64/e6072d4f65d7061329687fe24e3d63a7-common-args.resp -include /Users/siam/Library/Developer/Xcode/DerivedData/Lingua_Quest-gvpckrqxtbgyprbgppjfqmimmmfw/Build/Intermediates.noindex/leveldb.build/Debug-iphonesimulator/leveldb.build/DerivedSources/resource_bundle_accessor.h -MMD -MT dependencies -MF /Users/siam/Library/Developer/Xcode/DerivedData/Lingua_Quest-gvpckrqxtbgyprbgppjfqmimmmfw/Build/Intermediates.noindex/leveldb.build/Debug-iphonesimulator/leveldb.build/Objects-normal/arm64/resource_bundle_accessor.d --serialize-diagnostics /Users/siam/Library/Developer/Xcode/DerivedData/Lingua_Quest-gvpckrqxtbgyprbgppjfqmimmmfw/Build/Intermediates.noindex/leveldb.build/Debug-iphonesimulator/leveldb.build/Objects-normal/arm64/resource_bundle_accessor.dia -c /Users/siam/Library/Developer/Xcode/DerivedData/Lingua_Quest-gvpckrqxtbgyprbgppjfqmimmmfw/Build/Intermediates.noindex/leveldb.build/Debug-iphonesimulator/leveldb.build/DerivedSources/resource_bundle_accessor.m -o /Users/siam/Library/Developer/Xcode/DerivedData/Lingua_Quest-gvpckrqxtbgyprbgppjfqmimmmfw/Build/Intermediates.noindex/leveldb.build/Debug-iphonesimulator/leveldb.build/Objects-normal/arm64/resource_bundle_accessor.o -index-unit-output-path /leveldb.build/Debug-iphonesimulator/leveldb.build/Objects-normal/arm64/resource_bundle_accessor.o

PrecompileModule /Users/siam/Library/Developer/Xcode/DerivedData/Lingua_Quest-gvpckrqxtbgyprbgppjfqmimmmfw/Build/Intermediates.noindex/ExplicitPrecompiledModules/_Builtin_inttypes-5KR04N9GD5YP09YWSN6HK1HZY.scan
    cd /
    builtin-precompileModule /Users/siam/Library/Developer/Xcode/DerivedData/Lingua_Quest-gvpckrqxtbgyprbgppjfqmimmmfw/Build/Intermediates.noindex/ExplicitPrecompiledModules/_Builtin_inttypes-5KR04N9GD5YP09YWSN6HK1HZY.scan

PrecompileModule /Users/siam/Library/Developer/Xcode/DerivedData/Lingua_Quest-gvpckrqxtbgyprbgppjfqmimmmfw/Build/Intermediates.noindex/ExplicitPrecompiledModules/_Builtin_inttypes-8C3DAP3XDCAIEM901ZHTG45GV.scan
    cd /
    builtin-precompileModule /Users/siam/Library/Developer/Xcode/DerivedData/Lingua_Quest-gvpckrqxtbgyprbgppjfqmimmmfw/Build/Intermediates.noindex/ExplicitPrecompiledModules/_Builtin_inttypes-8C3DAP3XDCAIEM901ZHTG45GV.scan

PrecompileModule /Users/siam/Library/Developer/Xcode/DerivedData/Lingua_Quest-gvpckrqxtbgyprbgppjfqmimmmfw/Build/Intermediates.noindex/ExplicitPrecompiledModules/Darwin-2P49UEWS5Z27TQWWPZICQIJUB.scan
    cd /
    builtin-precompileModule /Users/siam/Library/Developer/Xcode/DerivedData/Lingua_Quest-gvpckrqxtbgyprbgppjfqmimmmfw/Build/Intermediates.noindex/ExplicitPrecompiledModules/Darwin-2P49UEWS5Z27TQWWPZICQIJUB.scan

CompileC /Users/siam/Library/Developer/Xcode/DerivedData/Lingua_Quest-gvpckrqxtbgyprbgppjfqmimmmfw/Build/Intermediates.noindex/leveldb.build/Debug-iphonesimulator/leveldb.build/Objects-normal/x86_64/resource_bundle_accessor.o /Users/siam/Library/Developer/Xcode/DerivedData/Lingua_Quest-gvpckrqxtbgyprbgppjfqmimmmfw/Build/Intermediates.noindex/leveldb.build/Debug-iphonesimulator/leveldb.build/DerivedSources/resource_bundle_accessor.m normal x86_64 objective-c com.apple.compilers.llvm.clang.1_0.compiler (in target 'leveldb' from project 'leveldb')
    cd /Users/siam/Desktop/Lingua\ Quest/Lingua\ Quest.xcodeproj
    
    Using response file: /Users/siam/Library/Developer/Xcode/DerivedData/Lingua_Quest-gvpckrqxtbgyprbgppjfqmimmmfw/Build/Intermediates.noindex/leveldb.build/Debug-iphonesimulator/leveldb.build/Objects-normal/x86_64/e6072d4f65d7061329687fe24e3d63a7-common-args.resp
    
    /Applications/Xcode.app/Contents/Developer/Toolchains/XcodeDefault.xctoolchain/usr/bin/clang -x objective-c -ivfsstatcache /Users/siam/Library/Developer/Xcode/DerivedData/SDKStatCaches.noindex/iphonesimulator26.0-23A339-26257891a6c027eb51374368541b8346.sdkstatcache -fmessage-length\=0 -fdiagnostics-show-note-include-stack -fmacro-backtrace-limit\=0 -fno-color-diagnostics -fmodules-prune-interval\=86400 -fmodules-prune-after\=345600 -fbuild-session-file\=/Users/siam/Library/Developer/Xcode/DerivedData/ModuleCache.noindex/Session.modulevalidation -fmodules-validate-once-per-build-session -Wnon-modular-include-in-framework-module -Werror\=non-modular-include-in-framework-module -Wno-trigraphs -Wno-missing-field-initializers -Wno-missing-prototypes -Wno-return-type -Wno-implicit-atomic-properties -Wno-objc-interface-ivars -Wno-arc-repeated-use-of-weak -Wno-missing-braces -Wparentheses -Wswitch -Wno-unused-function -Wno-unused-label -Wno-unused-parameter -Wno-unused-variable -Wunused-value -Wno-empty-body -Wno-uninitialized -Wno-unknown-pragmas -w -Wno-shadow -Wno-four-char-constants -Wno-conversion -Wno-constant-conversion -Wno-int-conversion -Wno-bool-conversion -Wno-enum-conversion -Wno-float-conversion -Wno-non-literal-null-conversion -Wno-objc-literal-conversion -Wshorten-64-to-32 -Wpointer-sign -Wno-newline-eof -Wno-selector -Wno-strict-selector-match -Wno-undeclared-selector -Wno-deprecated-implementations -Wno-implicit-fallthrough -fstrict-aliasing -Wprotocol -Wdeprecated-declarations -Wno-sign-conversion -Wno-infinite-recursion -Wno-comma -Wno-block-capture-autoreleasing -Wno-strict-prototypes -Wno-semicolon-before-method-body -index-store-path /Users/siam/Library/Developer/Xcode/DerivedData/Lingua_Quest-gvpckrqxtbgyprbgppjfqmimmmfw/Index.noindex/DataStore @/Users/siam/Library/Developer/Xcode/DerivedData/Lingua_Quest-gvpckrqxtbgyprbgppjfqmimmmfw/Build/Intermediates.noindex/leveldb.build/Debug-iphonesimulator/leveldb.build/Objects-normal/x86_64/e6072d4f65d7061329687fe24e3d63a7-common-args.resp -include /Users/siam/Library/Developer/Xcode/DerivedData/Lingua_Quest-gvpckrqxtbgyprbgppjfqmimmmfw/Build/Intermediates.noindex/leveldb.build/Debug-iphonesimulator/leveldb.build/DerivedSources/resource_bundle_accessor.h -MMD -MT dependencies -MF /Users/siam/Library/Developer/Xcode/DerivedData/Lingua_Quest-gvpckrqxtbgyprbgppjfqmimmmfw/Build/Intermediates.noindex/leveldb.build/Debug-iphonesimulator/leveldb.build/Objects-normal/x86_64/resource_bundle_accessor.d --serialize-diagnostics /Users/siam/Library/Developer/Xcode/DerivedData/Lingua_Quest-gvpckrqxtbgyprbgppjfqmimmmfw/Build/Intermediates.noindex/leveldb.build/Debug-iphonesimulator/leveldb.build/Objects-normal/x86_64/resource_bundle_accessor.dia -c /Users/siam/Library/Developer/Xcode/DerivedData/Lingua_Quest-gvpckrqxtbgyprbgppjfqmimmmfw/Build/Intermediates.noindex/leveldb.build/Debug-iphonesimulator/leveldb.build/DerivedSources/resource_bundle_accessor.m -o /Users/siam/Library/Developer/Xcode/DerivedData/Lingua_Quest-gvpckrqxtbgyprbgppjfqmimmmfw/Build/Intermediates.noindex/leveldb.build/Debug-iphonesimulator/leveldb.build/Objects-normal/x86_64/resource_bundle_accessor.o -index-unit-output-path /leveldb.build/Debug-iphonesimulator/leveldb.build/Objects-normal/x86_64/resource_bundle_accessor.o

PrecompileModule /Users/siam/Library/Developer/Xcode/DerivedData/Lingua_Quest-gvpckrqxtbgyprbgppjfqmimmmfw/Build/Intermediates.noindex/ExplicitPrecompiledModules/_Builtin_stdbool-VH5PTSW2M82WTQEA6QEZ0F9G.scan
    cd /
    builtin-precompileModule /Users/siam/Library/Developer/Xcode/DerivedData/Lingua_Quest-gvpckrqxtbgyprbgppjfqmimmmfw/Build/Intermediates.noindex/ExplicitPrecompiledModules/_Builtin_stdbool-VH5PTSW2M82WTQEA6QEZ0F9G.scan

PrecompileModule /Users/siam/Library/Developer/Xcode/DerivedData/Lingua_Quest-gvpckrqxtbgyprbgppjfqmimmmfw/Build/Intermediates.noindex/ExplicitPrecompiledModules/_Builtin_stdarg-9HHXUWYA9S21QOYARKKI94I3X.scan
    cd /
    builtin-precompileModule /Users/siam/Library/Developer/Xcode/DerivedData/Lingua_Quest-gvpckrqxtbgyprbgppjfqmimmmfw/Build/Intermediates.noindex/ExplicitPrecompiledModules/_Builtin_stdarg-9HHXUWYA9S21QOYARKKI94I3X.scan

PrecompileModule /Users/siam/Library/Developer/Xcode/DerivedData/Lingua_Quest-gvpckrqxtbgyprbgppjfqmimmmfw/Build/Intermediates.noindex/ExplicitPrecompiledModules/_Builtin_float-99BFIN13OJSISCJUY73T1DUOA.scan
    cd /
    builtin-precompileModule /Users/siam/Library/Developer/Xcode/DerivedData/Lingua_Quest-gvpckrqxtbgyprbgppjfqmimmmfw/Build/Intermediates.noindex/ExplicitPrecompiledModules/_Builtin_float-99BFIN13OJSISCJUY73T1DUOA.scan

PrecompileModule /Users/siam/Library/Developer/Xcode/DerivedData/Lingua_Quest-gvpckrqxtbgyprbgppjfqmimmmfw/Build/Intermediates.noindex/ExplicitPrecompiledModules/Darwin-723IJFQU78FPS4ZIR5CLUAVLL.scan
    cd /
    builtin-precompileModule /Users/siam/Library/Developer/Xcode/DerivedData/Lingua_Quest-gvpckrqxtbgyprbgppjfqmimmmfw/Build/Intermediates.noindex/ExplicitPrecompiledModules/Darwin-723IJFQU78FPS4ZIR5CLUAVLL.scan

PrecompileModule /Users/siam/Library/Developer/Xcode/DerivedData/Lingua_Quest-gvpckrqxtbgyprbgppjfqmimmmfw/Build/Intermediates.noindex/ExplicitPrecompiledModules/_Builtin_stdint-BJJ0PYB8DSKL9DCZTTKIYSMT6.scan
    cd /
    builtin-precompileModule /Users/siam/Library/Developer/Xcode/DerivedData/Lingua_Quest-gvpckrqxtbgyprbgppjfqmimmmfw/Build/Intermediates.noindex/ExplicitPrecompiledModules/_Builtin_stdint-BJJ0PYB8DSKL9DCZTTKIYSMT6.scan

PrecompileModule /Users/siam/Library/Developer/Xcode/DerivedData/Lingua_Quest-gvpckrqxtbgyprbgppjfqmimmmfw/Build/Intermediates.noindex/ExplicitPrecompiledModules/_Builtin_stddef-441QL8THA7V55VPLQLULTZBZN.scan
    cd /
    builtin-precompileModule /Users/siam/Library/Developer/Xcode/DerivedData/Lingua_Quest-gvpckrqxtbgyprbgppjfqmimmmfw/Build/Intermediates.noindex/ExplicitPrecompiledModules/_Builtin_stddef-441QL8THA7V55VPLQLULTZBZN.scan

PrecompileModule /Users/siam/Library/Developer/Xcode/DerivedData/Lingua_Quest-gvpckrqxtbgyprbgppjfqmimmmfw/Build/Intermediates.noindex/ExplicitPrecompiledModules/_Builtin_stdint-7OKIMOZAR230P5Z9SE4GO8H7C.scan
    cd /
    builtin-precompileModule /Users/siam/Library/Developer/Xcode/DerivedData/Lingua_Quest-gvpckrqxtbgyprbgppjfqmimmmfw/Build/Intermediates.noindex/ExplicitPrecompiledModules/_Builtin_stdint-7OKIMOZAR230P5Z9SE4GO8H7C.scan

PrecompileModule /Users/siam/Library/Developer/Xcode/DerivedData/Lingua_Quest-gvpckrqxtbgyprbgppjfqmimmmfw/Build/Intermediates.noindex/ExplicitPrecompiledModules/ptrcheck-YBWD48K64MYMXVIR8AOU396S.scan
    cd /
    builtin-precompileModule /Users/siam/Library/Developer/Xcode/DerivedData/Lingua_Quest-gvpckrqxtbgyprbgppjfqmimmmfw/Build/Intermediates.noindex/ExplicitPrecompiledModules/ptrcheck-YBWD48K64MYMXVIR8AOU396S.scan

PrecompileModule /Users/siam/Library/Developer/Xcode/DerivedData/Lingua_Quest-gvpckrqxtbgyprbgppjfqmimmmfw/Build/Intermediates.noindex/ExplicitPrecompiledModules/_DarwinFoundation3-AMG6D2QNJ6L3KM54FX1IY9I3.scan
    cd /
    builtin-precompileModule /Users/siam/Library/Developer/Xcode/DerivedData/Lingua_Quest-gvpckrqxtbgyprbgppjfqmimmmfw/Build/Intermediates.noindex/ExplicitPrecompiledModules/_DarwinFoundation3-AMG6D2QNJ6L3KM54FX1IY9I3.scan

PrecompileModule /Users/siam/Library/Developer/Xcode/DerivedData/Lingua_Quest-gvpckrqxtbgyprbgppjfqmimmmfw/Build/Intermediates.noindex/ExplicitPrecompiledModules/_AvailabilityInternal-F4O3NAZDAHM0KTNW0VYLBGLB3.scan
    cd /
    builtin-precompileModule /Users/siam/Library/Developer/Xcode/DerivedData/Lingua_Quest-gvpckrqxtbgyprbgppjfqmimmmfw/Build/Intermediates.noindex/ExplicitPrecompiledModules/_AvailabilityInternal-F4O3NAZDAHM0KTNW0VYLBGLB3.scan

PrecompileModule /Users/siam/Library/Developer/Xcode/DerivedData/Lingua_Quest-gvpckrqxtbgyprbgppjfqmimmmfw/Build/Intermediates.noindex/ExplicitPrecompiledModules/_DarwinFoundation3-3R6SCA08MR4BH5381SMV1SHE4.scan
    cd /
    builtin-precompileModule /Users/siam/Library/Developer/Xcode/DerivedData/Lingua_Quest-gvpckrqxtbgyprbgppjfqmimmmfw/Build/Intermediates.noindex/ExplicitPrecompiledModules/_DarwinFoundation3-3R6SCA08MR4BH5381SMV1SHE4.scan

PrecompileModule /Users/siam/Library/Developer/Xcode/DerivedData/Lingua_Quest-gvpckrqxtbgyprbgppjfqmimmmfw/Build/Intermediates.noindex/ExplicitPrecompiledModules/ptrauth-CT038NKIDWZ52ZE4KS858CMOK.scan
    cd /
    builtin-precompileModule /Users/siam/Library/Developer/Xcode/DerivedData/Lingua_Quest-gvpckrqxtbgyprbgppjfqmimmmfw/Build/Intermediates.noindex/ExplicitPrecompiledModules/ptrauth-CT038NKIDWZ52ZE4KS858CMOK.scan

PrecompileModule /Users/siam/Library/Developer/Xcode/DerivedData/Lingua_Quest-gvpckrqxtbgyprbgppjfqmimmmfw/Build/Intermediates.noindex/ExplicitPrecompiledModules/_DarwinFoundation1-9V5B1PT5E3J6KLACKONJE2VYW.scan
    cd /
    builtin-precompileModule /Users/siam/Library/Developer/Xcode/DerivedData/Lingua_Quest-gvpckrqxtbgyprbgppjfqmimmmfw/Build/Intermediates.noindex/ExplicitPrecompiledModules/_DarwinFoundation1-9V5B1PT5E3J6KLACKONJE2VYW.scan

ScanDependencies /Users/siam/Library/Developer/Xcode/DerivedData/Lingua_Quest-gvpckrqxtbgyprbgppjfqmimmmfw/Build/Intermediates.noindex/gRPC.build/Debug-iphonesimulator/grpcWrapper.build/Objects-normal/x86_64/resource_bundle_accessor.o /Users/siam/Library/Developer/Xcode/DerivedData/Lingua_Quest-gvpckrqxtbgyprbgppjfqmimmmfw/Build/Intermediates.noindex/gRPC.build/Debug-iphonesimulator/grpcWrapper.build/DerivedSources/resource_bundle_accessor.m normal x86_64 objective-c com.apple.compilers.llvm.clang.1_0.compiler (in target 'grpcWrapper' from project 'gRPC')
    cd /Users/siam/Desktop/Lingua\ Quest/Lingua\ Quest.xcodeproj
    
    Using response file: /Users/siam/Library/Developer/Xcode/DerivedData/Lingua_Quest-gvpckrqxtbgyprbgppjfqmimmmfw/Build/Intermediates.noindex/gRPC.build/Debug-iphonesimulator/grpcWrapper.build/Objects-normal/x86_64/e6072d4f65d7061329687fe24e3d63a7-common-args.resp
    
    builtin-ScanDependencies -o /Users/siam/Library/Developer/Xcode/DerivedData/Lingua_Quest-gvpckrqxtbgyprbgppjfqmimmmfw/Build/Intermediates.noindex/gRPC.build/Debug-iphonesimulator/grpcWrapper.build/Objects-normal/x86_64/resource_bundle_accessor.o.scan -- /Applications/Xcode.app/Contents/Developer/Toolchains/XcodeDefault.xctoolchain/usr/bin/clang -x objective-c -ivfsstatcache /Users/siam/Library/Developer/Xcode/DerivedData/SDKStatCaches.noindex/iphonesimulator26.0-23A339-26257891a6c027eb51374368541b8346.sdkstatcache -fmessage-length\=0 -fdiagnostics-show-note-include-stack -fmacro-backtrace-limit\=0 -fno-color-diagnostics -fmodules-prune-interval\=86400 -fmodules-prune-after\=345600 -fbuild-session-file\=/Users/siam/Library/Developer/Xcode/DerivedData/ModuleCache.noindex/Session.modulevalidation -fmodules-validate-once-per-build-session -Wnon-modular-include-in-framework-module -Werror\=non-modular-include-in-framework-module -Wno-trigraphs -Wno-missing-field-initializers -Wno-missing-prototypes -Wno-return-type -Wno-implicit-atomic-properties -Wno-objc-interface-ivars -Wno-arc-repeated-use-of-weak -Wno-missing-braces -Wparentheses -Wswitch -Wno-unused-function -Wno-unused-label -Wno-unused-parameter -Wno-unused-variable -Wunused-value -Wno-empty-body -Wno-uninitialized -Wno-unknown-pragmas -w -Wno-shadow -Wno-four-char-constants -Wno-conversion -Wno-constant-conversion -Wno-int-conversion -Wno-bool-conversion -Wno-enum-conversion -Wno-float-conversion -Wno-non-literal-null-conversion -Wno-objc-literal-conversion -Wshorten-64-to-32 -Wpointer-sign -Wno-newline-eof -Wno-selector -Wno-strict-selector-match -Wno-undeclared-selector -Wno-deprecated-implementations -Wno-implicit-fallthrough -fstrict-aliasing -Wprotocol -Wdeprecated-declarations -Wno-sign-conversion -Wno-infinite-recursion -Wno-comma -Wno-block-capture-autoreleasing -Wno-strict-prototypes -Wno-semicolon-before-method-body -index-store-path /Users/siam/Library/Developer/Xcode/DerivedData/Lingua_Quest-gvpckrqxtbgyprbgppjfqmimmmfw/Index.noindex/DataStore @/Users/siam/Library/Developer/Xcode/DerivedData/Lingua_Quest-gvpckrqxtbgyprbgppjfqmimmmfw/Build/Intermediates.noindex/gRPC.build/Debug-iphonesimulator/grpcWrapper.build/Objects-normal/x86_64/e6072d4f65d7061329687fe24e3d63a7-common-args.resp -include /Users/siam/Library/Developer/Xcode/DerivedData/Lingua_Quest-gvpckrqxtbgyprbgppjfqmimmmfw/Build/Intermediates.noindex/gRPC.build/Debug-iphonesimulator/grpcWrapper.build/DerivedSources/resource_bundle_accessor.h -MMD -MT dependencies -MF /Users/siam/Library/Developer/Xcode/DerivedData/Lingua_Quest-gvpckrqxtbgyprbgppjfqmimmmfw/Build/Intermediates.noindex/gRPC.build/Debug-iphonesimulator/grpcWrapper.build/Objects-normal/x86_64/resource_bundle_accessor.d --serialize-diagnostics /Users/siam/Library/Developer/Xcode/DerivedData/Lingua_Quest-gvpckrqxtbgyprbgppjfqmimmmfw/Build/Intermediates.noindex/gRPC.build/Debug-iphonesimulator/grpcWrapper.build/Objects-normal/x86_64/resource_bundle_accessor.dia -c /Users/siam/Library/Developer/Xcode/DerivedData/Lingua_Quest-gvpckrqxtbgyprbgppjfqmimmmfw/Build/Intermediates.noindex/gRPC.build/Debug-iphonesimulator/grpcWrapper.build/DerivedSources/resource_bundle_accessor.m -o /Users/siam/Library/Developer/Xcode/DerivedData/Lingua_Quest-gvpckrqxtbgyprbgppjfqmimmmfw/Build/Intermediates.noindex/gRPC.build/Debug-iphonesimulator/grpcWrapper.build/Objects-normal/x86_64/resource_bundle_accessor.o -index-unit-output-path /gRPC.build/Debug-iphonesimulator/grpcWrapper.build/Objects-normal/x86_64/resource_bundle_accessor.o

PrecompileModule /Users/siam/Library/Developer/Xcode/DerivedData/Lingua_Quest-gvpckrqxtbgyprbgppjfqmimmmfw/Build/Intermediates.noindex/ExplicitPrecompiledModules/_Builtin_inttypes-9ZUPZYKCSISU13YOP9177FW32.scan
    cd /
    builtin-precompileModule /Users/siam/Library/Developer/Xcode/DerivedData/Lingua_Quest-gvpckrqxtbgyprbgppjfqmimmmfw/Build/Intermediates.noindex/ExplicitPrecompiledModules/_Builtin_inttypes-9ZUPZYKCSISU13YOP9177FW32.scan

ScanDependencies /Users/siam/Library/Developer/Xcode/DerivedData/Lingua_Quest-gvpckrqxtbgyprbgppjfqmimmmfw/Build/Intermediates.noindex/gRPC.build/Debug-iphonesimulator/grpcWrapper.build/Objects-normal/x86_64/empty.o /Users/siam/Library/Developer/Xcode/DerivedData/Lingua_Quest-gvpckrqxtbgyprbgppjfqmimmmfw/SourcePackages/checkouts/grpc-binary/grpc-Wrapper/empty.m normal x86_64 objective-c com.apple.compilers.llvm.clang.1_0.compiler (in target 'grpcWrapper' from project 'gRPC')
    cd /Users/siam/Desktop/Lingua\ Quest/Lingua\ Quest.xcodeproj
    
    Using response file: /Users/siam/Library/Developer/Xcode/DerivedData/Lingua_Quest-gvpckrqxtbgyprbgppjfqmimmmfw/Build/Intermediates.noindex/gRPC.build/Debug-iphonesimulator/grpcWrapper.build/Objects-normal/x86_64/e6072d4f65d7061329687fe24e3d63a7-common-args.resp
    
    builtin-ScanDependencies -o /Users/siam/Library/Developer/Xcode/DerivedData/Lingua_Quest-gvpckrqxtbgyprbgppjfqmimmmfw/Build/Intermediates.noindex/gRPC.build/Debug-iphonesimulator/grpcWrapper.build/Objects-normal/x86_64/empty.o.scan -- /Applications/Xcode.app/Contents/Developer/Toolchains/XcodeDefault.xctoolchain/usr/bin/clang -x objective-c -ivfsstatcache /Users/siam/Library/Developer/Xcode/DerivedData/SDKStatCaches.noindex/iphonesimulator26.0-23A339-26257891a6c027eb51374368541b8346.sdkstatcache -fmessage-length\=0 -fdiagnostics-show-note-include-stack -fmacro-backtrace-limit\=0 -fno-color-diagnostics -fmodules-prune-interval\=86400 -fmodules-prune-after\=345600 -fbuild-session-file\=/Users/siam/Library/Developer/Xcode/DerivedData/ModuleCache.noindex/Session.modulevalidation -fmodules-validate-once-per-build-session -Wnon-modular-include-in-framework-module -Werror\=non-modular-include-in-framework-module -Wno-trigraphs -Wno-missing-field-initializers -Wno-missing-prototypes -Wno-return-type -Wno-implicit-atomic-properties -Wno-objc-interface-ivars -Wno-arc-repeated-use-of-weak -Wno-missing-braces -Wparentheses -Wswitch -Wno-unused-function -Wno-unused-label -Wno-unused-parameter -Wno-unused-variable -Wunused-value -Wno-empty-body -Wno-uninitialized -Wno-unknown-pragmas -w -Wno-shadow -Wno-four-char-constants -Wno-conversion -Wno-constant-conversion -Wno-int-conversion -Wno-bool-conversion -Wno-enum-conversion -Wno-float-conversion -Wno-non-literal-null-conversion -Wno-objc-literal-conversion -Wshorten-64-to-32 -Wpointer-sign -Wno-newline-eof -Wno-selector -Wno-strict-selector-match -Wno-undeclared-selector -Wno-deprecated-implementations -Wno-implicit-fallthrough -fstrict-aliasing -Wprotocol -Wdeprecated-declarations -Wno-sign-conversion -Wno-infinite-recursion -Wno-comma -Wno-block-capture-autoreleasing -Wno-strict-prototypes -Wno-semicolon-before-method-body -index-store-path /Users/siam/Library/Developer/Xcode/DerivedData/Lingua_Quest-gvpckrqxtbgyprbgppjfqmimmmfw/Index.noindex/DataStore @/Users/siam/Library/Developer/Xcode/DerivedData/Lingua_Quest-gvpckrqxtbgyprbgppjfqmimmmfw/Build/Intermediates.noindex/gRPC.build/Debug-iphonesimulator/grpcWrapper.build/Objects-normal/x86_64/e6072d4f65d7061329687fe24e3d63a7-common-args.resp -include /Users/siam/Library/Developer/Xcode/DerivedData/Lingua_Quest-gvpckrqxtbgyprbgppjfqmimmmfw/Build/Intermediates.noindex/gRPC.build/Debug-iphonesimulator/grpcWrapper.build/DerivedSources/resource_bundle_accessor.h -MMD -MT dependencies -MF /Users/siam/Library/Developer/Xcode/DerivedData/Lingua_Quest-gvpckrqxtbgyprbgppjfqmimmmfw/Build/Intermediates.noindex/gRPC.build/Debug-iphonesimulator/grpcWrapper.build/Objects-normal/x86_64/empty.d --serialize-diagnostics /Users/siam/Library/Developer/Xcode/DerivedData/Lingua_Quest-gvpckrqxtbgyprbgppjfqmimmmfw/Build/Intermediates.noindex/gRPC.build/Debug-iphonesimulator/grpcWrapper.build/Objects-normal/x86_64/empty.dia -c /Users/siam/Library/Developer/Xcode/DerivedData/Lingua_Quest-gvpckrqxtbgyprbgppjfqmimmmfw/SourcePackages/checkouts/grpc-binary/grpc-Wrapper/empty.m -o /Users/siam/Library/Developer/Xcode/DerivedData/Lingua_Quest-gvpckrqxtbgyprbgppjfqmimmmfw/Build/Intermediates.noindex/gRPC.build/Debug-iphonesimulator/grpcWrapper.build/Objects-normal/x86_64/empty.o -index-unit-output-path /gRPC.build/Debug-iphonesimulator/grpcWrapper.build/Objects-normal/x86_64/empty.o

CompileC /Users/siam/Library/Developer/Xcode/DerivedData/Lingua_Quest-gvpckrqxtbgyprbgppjfqmimmmfw/Build/Intermediates.noindex/gRPC.build/Debug-iphonesimulator/grpcWrapper.build/Objects-normal/x86_64/resource_bundle_accessor.o /Users/siam/Library/Developer/Xcode/DerivedData/Lingua_Quest-gvpckrqxtbgyprbgppjfqmimmmfw/Build/Intermediates.noindex/gRPC.build/Debug-iphonesimulator/grpcWrapper.build/DerivedSources/resource_bundle_accessor.m normal x86_64 objective-c com.apple.compilers.llvm.clang.1_0.compiler (in target 'grpcWrapper' from project 'gRPC')
    cd /Users/siam/Desktop/Lingua\ Quest/Lingua\ Quest.xcodeproj
    
    Using response file: /Users/siam/Library/Developer/Xcode/DerivedData/Lingua_Quest-gvpckrqxtbgyprbgppjfqmimmmfw/Build/Intermediates.noindex/gRPC.build/Debug-iphonesimulator/grpcWrapper.build/Objects-normal/x86_64/e6072d4f65d7061329687fe24e3d63a7-common-args.resp
    
    /Applications/Xcode.app/Contents/Developer/Toolchains/XcodeDefault.xctoolchain/usr/bin/clang -x objective-c -ivfsstatcache /Users/siam/Library/Developer/Xcode/DerivedData/SDKStatCaches.noindex/iphonesimulator26.0-23A339-26257891a6c027eb51374368541b8346.sdkstatcache -fmessage-length\=0 -fdiagnostics-show-note-include-stack -fmacro-backtrace-limit\=0 -fno-color-diagnostics -fmodules-prune-interval\=86400 -fmodules-prune-after\=345600 -fbuild-session-file\=/Users/siam/Library/Developer/Xcode/DerivedData/ModuleCache.noindex/Session.modulevalidation -fmodules-validate-once-per-build-session -Wnon-modular-include-in-framework-module -Werror\=non-modular-include-in-framework-module -Wno-trigraphs -Wno-missing-field-initializers -Wno-missing-prototypes -Wno-return-type -Wno-implicit-atomic-properties -Wno-objc-interface-ivars -Wno-arc-repeated-use-of-weak -Wno-missing-braces -Wparentheses -Wswitch -Wno-unused-function -Wno-unused-label -Wno-unused-parameter -Wno-unused-variable -Wunused-value -Wno-empty-body -Wno-uninitialized -Wno-unknown-pragmas -w -Wno-shadow -Wno-four-char-constants -Wno-conversion -Wno-constant-conversion -Wno-int-conversion -Wno-bool-conversion -Wno-enum-conversion -Wno-float-conversion -Wno-non-literal-null-conversion -Wno-objc-literal-conversion -Wshorten-64-to-32 -Wpointer-sign -Wno-newline-eof -Wno-selector -Wno-strict-selector-match -Wno-undeclared-selector -Wno-deprecated-implementations -Wno-implicit-fallthrough -fstrict-aliasing -Wprotocol -Wdeprecated-declarations -Wno-sign-conversion -Wno-infinite-recursion -Wno-comma -Wno-block-capture-autoreleasing -Wno-strict-prototypes -Wno-semicolon-before-method-body -index-store-path /Users/siam/Library/Developer/Xcode/DerivedData/Lingua_Quest-gvpckrqxtbgyprbgppjfqmimmmfw/Index.noindex/DataStore @/Users/siam/Library/Developer/Xcode/DerivedData/Lingua_Quest-gvpckrqxtbgyprbgppjfqmimmmfw/Build/Intermediates.noindex/gRPC.build/Debug-iphonesimulator/grpcWrapper.build/Objects-normal/x86_64/e6072d4f65d7061329687fe24e3d63a7-common-args.resp -include /Users/siam/Library/Developer/Xcode/DerivedData/Lingua_Quest-gvpckrqxtbgyprbgppjfqmimmmfw/Build/Intermediates.noindex/gRPC.build/Debug-iphonesimulator/grpcWrapper.build/DerivedSources/resource_bundle_accessor.h -MMD -MT dependencies -MF /Users/siam/Library/Developer/Xcode/DerivedData/Lingua_Quest-gvpckrqxtbgyprbgppjfqmimmmfw/Build/Intermediates.noindex/gRPC.build/Debug-iphonesimulator/grpcWrapper.build/Objects-normal/x86_64/resource_bundle_accessor.d --serialize-diagnostics /Users/siam/Library/Developer/Xcode/DerivedData/Lingua_Quest-gvpckrqxtbgyprbgppjfqmimmmfw/Build/Intermediates.noindex/gRPC.build/Debug-iphonesimulator/grpcWrapper.build/Objects-normal/x86_64/resource_bundle_accessor.dia -c /Users/siam/Library/Developer/Xcode/DerivedData/Lingua_Quest-gvpckrqxtbgyprbgppjfqmimmmfw/Build/Intermediates.noindex/gRPC.build/Debug-iphonesimulator/grpcWrapper.build/DerivedSources/resource_bundle_accessor.m -o /Users/siam/Library/Developer/Xcode/DerivedData/Lingua_Quest-gvpckrqxtbgyprbgppjfqmimmmfw/Build/Intermediates.noindex/gRPC.build/Debug-iphonesimulator/grpcWrapper.build/Objects-normal/x86_64/resource_bundle_accessor.o -index-unit-output-path /gRPC.build/Debug-iphonesimulator/grpcWrapper.build/Objects-normal/x86_64/resource_bundle_accessor.o

CompileC /Users/siam/Library/Developer/Xcode/DerivedData/Lingua_Quest-gvpckrqxtbgyprbgppjfqmimmmfw/Build/Intermediates.noindex/nanopb.build/Debug-iphonesimulator/nanopb.build/Objects-normal/arm64/pb_encode.o /Users/siam/Library/Developer/Xcode/DerivedData/Lingua_Quest-gvpckrqxtbgyprbgppjfqmimmmfw/SourcePackages/checkouts/nanopb/pb_encode.c normal arm64 c com.apple.compilers.llvm.clang.1_0.compiler (in target 'nanopb' from project 'nanopb')
    cd /Users/siam/Desktop/Lingua\ Quest/Lingua\ Quest.xcodeproj
    
    Using response file: /Users/siam/Library/Developer/Xcode/DerivedData/Lingua_Quest-gvpckrqxtbgyprbgppjfqmimmmfw/Build/Intermediates.noindex/nanopb.build/Debug-iphonesimulator/nanopb.build/Objects-normal/arm64/7187679823f38a2a940e0043cdf9d637-common-args.resp
    
    /Applications/Xcode.app/Contents/Developer/Toolchains/XcodeDefault.xctoolchain/usr/bin/clang -x c -ivfsstatcache /Users/siam/Library/Developer/Xcode/DerivedData/SDKStatCaches.noindex/iphonesimulator26.0-23A339-26257891a6c027eb51374368541b8346.sdkstatcache -fmessage-length\=0 -fdiagnostics-show-note-include-stack -fmacro-backtrace-limit\=0 -fno-color-diagnostics -fmodules-prune-interval\=86400 -fmodules-prune-after\=345600 -fbuild-session-file\=/Users/siam/Library/Developer/Xcode/DerivedData/ModuleCache.noindex/Session.modulevalidation -fmodules-validate-once-per-build-session -Wnon-modular-include-in-framework-module -Werror\=non-modular-include-in-framework-module -Wno-trigraphs -Wno-missing-field-initializers -Wno-missing-prototypes -Wno-return-type -Wno-missing-braces -Wparentheses -Wswitch -Wno-unused-function -Wno-unused-label -Wno-unused-parameter -Wno-unused-variable -Wunused-value -Wno-empty-body -Wno-uninitialized -Wno-unknown-pragmas -w -Wno-shadow -Wno-four-char-constants -Wno-conversion -Wno-constant-conversion -Wno-int-conversion -Wno-bool-conversion -Wno-enum-conversion -Wno-float-conversion -Wno-non-literal-null-conversion -Wno-objc-literal-conversion -Wshorten-64-to-32 -Wpointer-sign -Wno-newline-eof -Wno-implicit-fallthrough -fstrict-aliasing -Wdeprecated-declarations -Wno-sign-conversion -Wno-infinite-recursion -Wno-comma -Wno-block-capture-autoreleasing -Wno-strict-prototypes -Wno-semicolon-before-method-body -index-store-path /Users/siam/Library/Developer/Xcode/DerivedData/Lingua_Quest-gvpckrqxtbgyprbgppjfqmimmmfw/Index.noindex/DataStore @/Users/siam/Library/Developer/Xcode/DerivedData/Lingua_Quest-gvpckrqxtbgyprbgppjfqmimmmfw/Build/Intermediates.noindex/nanopb.build/Debug-iphonesimulator/nanopb.build/Objects-normal/arm64/7187679823f38a2a940e0043cdf9d637-common-args.resp -MMD -MT dependencies -MF /Users/siam/Library/Developer/Xcode/DerivedData/Lingua_Quest-gvpckrqxtbgyprbgppjfqmimmmfw/Build/Intermediates.noindex/nanopb.build/Debug-iphonesimulator/nanopb.build/Objects-normal/arm64/pb_encode.d --serialize-diagnostics /Users/siam/Library/Developer/Xcode/DerivedData/Lingua_Quest-gvpckrqxtbgyprbgppjfqmimmmfw/Build/Intermediates.noindex/nanopb.build/Debug-iphonesimulator/nanopb.build/Objects-normal/arm64/pb_encode.dia -c /Users/siam/Library/Developer/Xcode/DerivedData/Lingua_Quest-gvpckrqxtbgyprbgppjfqmimmmfw/SourcePackages/checkouts/nanopb/pb_encode.c -o /Users/siam/Library/Developer/Xcode/DerivedData/Lingua_Quest-gvpckrqxtbgyprbgppjfqmimmmfw/Build/Intermediates.noindex/nanopb.build/Debug-iphonesimulator/nanopb.build/Objects-normal/arm64/pb_encode.o -index-unit-output-path /nanopb.build/Debug-iphonesimulator/nanopb.build/Objects-normal/arm64/pb_encode.o

CompileC /Users/siam/Library/Developer/Xcode/DerivedData/Lingua_Quest-gvpckrqxtbgyprbgppjfqmimmmfw/Build/Intermediates.noindex/nanopb.build/Debug-iphonesimulator/nanopb.build/Objects-normal/arm64/pb_decode.o /Users/siam/Library/Developer/Xcode/DerivedData/Lingua_Quest-gvpckrqxtbgyprbgppjfqmimmmfw/SourcePackages/checkouts/nanopb/pb_decode.c normal arm64 c com.apple.compilers.llvm.clang.1_0.compiler (in target 'nanopb' from project 'nanopb')
    cd /Users/siam/Desktop/Lingua\ Quest/Lingua\ Quest.xcodeproj
    
    Using response file: /Users/siam/Library/Developer/Xcode/DerivedData/Lingua_Quest-gvpckrqxtbgyprbgppjfqmimmmfw/Build/Intermediates.noindex/nanopb.build/Debug-iphonesimulator/nanopb.build/Objects-normal/arm64/7187679823f38a2a940e0043cdf9d637-common-args.resp
    
    /Applications/Xcode.app/Contents/Developer/Toolchains/XcodeDefault.xctoolchain/usr/bin/clang -x c -ivfsstatcache /Users/siam/Library/Developer/Xcode/DerivedData/SDKStatCaches.noindex/iphonesimulator26.0-23A339-26257891a6c027eb51374368541b8346.sdkstatcache -fmessage-length\=0 -fdiagnostics-show-note-include-stack -fmacro-backtrace-limit\=0 -fno-color-diagnostics -fmodules-prune-interval\=86400 -fmodules-prune-after\=345600 -fbuild-session-file\=/Users/siam/Library/Developer/Xcode/DerivedData/ModuleCache.noindex/Session.modulevalidation -fmodules-validate-once-per-build-session -Wnon-modular-include-in-framework-module -Werror\=non-modular-include-in-framework-module -Wno-trigraphs -Wno-missing-field-initializers -Wno-missing-prototypes -Wno-return-type -Wno-missing-braces -Wparentheses -Wswitch -Wno-unused-function -Wno-unused-label -Wno-unused-parameter -Wno-unused-variable -Wunused-value -Wno-empty-body -Wno-uninitialized -Wno-unknown-pragmas -w -Wno-shadow -Wno-four-char-constants -Wno-conversion -Wno-constant-conversion -Wno-int-conversion -Wno-bool-conversion -Wno-enum-conversion -Wno-float-conversion -Wno-non-literal-null-conversion -Wno-objc-literal-conversion -Wshorten-64-to-32 -Wpointer-sign -Wno-newline-eof -Wno-implicit-fallthrough -fstrict-aliasing -Wdeprecated-declarations -Wno-sign-conversion -Wno-infinite-recursion -Wno-comma -Wno-block-capture-autoreleasing -Wno-strict-prototypes -Wno-semicolon-before-method-body -index-store-path /Users/siam/Library/Developer/Xcode/DerivedData/Lingua_Quest-gvpckrqxtbgyprbgppjfqmimmmfw/Index.noindex/DataStore @/Users/siam/Library/Developer/Xcode/DerivedData/Lingua_Quest-gvpckrqxtbgyprbgppjfqmimmmfw/Build/Intermediates.noindex/nanopb.build/Debug-iphonesimulator/nanopb.build/Objects-normal/arm64/7187679823f38a2a940e0043cdf9d637-common-args.resp -MMD -MT dependencies -MF /Users/siam/Library/Developer/Xcode/DerivedData/Lingua_Quest-gvpckrqxtbgyprbgppjfqmimmmfw/Build/Intermediates.noindex/nanopb.build/Debug-iphonesimulator/nanopb.build/Objects-normal/arm64/pb_decode.d --serialize-diagnostics /Users/siam/Library/Developer/Xcode/DerivedData/Lingua_Quest-gvpckrqxtbgyprbgppjfqmimmmfw/Build/Intermediates.noindex/nanopb.build/Debug-iphonesimulator/nanopb.build/Objects-normal/arm64/pb_decode.dia -c /Users/siam/Library/Developer/Xcode/DerivedData/Lingua_Quest-gvpckrqxtbgyprbgppjfqmimmmfw/SourcePackages/checkouts/nanopb/pb_decode.c -o /Users/siam/Library/Developer/Xcode/DerivedData/Lingua_Quest-gvpckrqxtbgyprbgppjfqmimmmfw/Build/Intermediates.noindex/nanopb.build/Debug-iphonesimulator/nanopb.build/Objects-normal/arm64/pb_decode.o -index-unit-output-path /nanopb.build/Debug-iphonesimulator/nanopb.build/Objects-normal/arm64/pb_decode.o

CompileC /Users/siam/Library/Developer/Xcode/DerivedData/Lingua_Quest-gvpckrqxtbgyprbgppjfqmimmmfw/Build/Intermediates.noindex/nanopb.build/Debug-iphonesimulator/nanopb.build/Objects-normal/arm64/pb_common.o /Users/siam/Library/Developer/Xcode/DerivedData/Lingua_Quest-gvpckrqxtbgyprbgppjfqmimmmfw/SourcePackages/checkouts/nanopb/pb_common.c normal arm64 c com.apple.compilers.llvm.clang.1_0.compiler (in target 'nanopb' from project 'nanopb')
    cd /Users/siam/Desktop/Lingua\ Quest/Lingua\ Quest.xcodeproj
    
    Using response file: /Users/siam/Library/Developer/Xcode/DerivedData/Lingua_Quest-gvpckrqxtbgyprbgppjfqmimmmfw/Build/Intermediates.noindex/nanopb.build/Debug-iphonesimulator/nanopb.build/Objects-normal/arm64/7187679823f38a2a940e0043cdf9d637-common-args.resp
    
    /Applications/Xcode.app/Contents/Developer/Toolchains/XcodeDefault.xctoolchain/usr/bin/clang -x c -ivfsstatcache /Users/siam/Library/Developer/Xcode/DerivedData/SDKStatCaches.noindex/iphonesimulator26.0-23A339-26257891a6c027eb51374368541b8346.sdkstatcache -fmessage-length\=0 -fdiagnostics-show-note-include-stack -fmacro-backtrace-limit\=0 -fno-color-diagnostics -fmodules-prune-interval\=86400 -fmodules-prune-after\=345600 -fbuild-session-file\=/Users/siam/Library/Developer/Xcode/DerivedData/ModuleCache.noindex/Session.modulevalidation -fmodules-validate-once-per-build-session -Wnon-modular-include-in-framework-module -Werror\=non-modular-include-in-framework-module -Wno-trigraphs -Wno-missing-field-initializers -Wno-missing-prototypes -Wno-return-type -Wno-missing-braces -Wparentheses -Wswitch -Wno-unused-function -Wno-unused-label -Wno-unused-parameter -Wno-unused-variable -Wunused-value -Wno-empty-body -Wno-uninitialized -Wno-unknown-pragmas -w -Wno-shadow -Wno-four-char-constants -Wno-conversion -Wno-constant-conversion -Wno-int-conversion -Wno-bool-conversion -Wno-enum-conversion -Wno-float-conversion -Wno-non-literal-null-conversion -Wno-objc-literal-conversion -Wshorten-64-to-32 -Wpointer-sign -Wno-newline-eof -Wno-implicit-fallthrough -fstrict-aliasing -Wdeprecated-declarations -Wno-sign-conversion -Wno-infinite-recursion -Wno-comma -Wno-block-capture-autoreleasing -Wno-strict-prototypes -Wno-semicolon-before-method-body -index-store-path /Users/siam/Library/Developer/Xcode/DerivedData/Lingua_Quest-gvpckrqxtbgyprbgppjfqmimmmfw/Index.noindex/DataStore @/Users/siam/Library/Developer/Xcode/DerivedData/Lingua_Quest-gvpckrqxtbgyprbgppjfqmimmmfw/Build/Intermediates.noindex/nanopb.build/Debug-iphonesimulator/nanopb.build/Objects-normal/arm64/7187679823f38a2a940e0043cdf9d637-common-args.resp -MMD -MT dependencies -MF /Users/siam/Library/Developer/Xcode/DerivedData/Lingua_Quest-gvpckrqxtbgyprbgppjfqmimmmfw/Build/Intermediates.noindex/nanopb.build/Debug-iphonesimulator/nanopb.build/Objects-normal/arm64/pb_common.d --serialize-diagnostics /Users/siam/Library/Developer/Xcode/DerivedData/Lingua_Quest-gvpckrqxtbgyprbgppjfqmimmmfw/Build/Intermediates.noindex/nanopb.build/Debug-iphonesimulator/nanopb.build/Objects-normal/arm64/pb_common.dia -c /Users/siam/Library/Developer/Xcode/DerivedData/Lingua_Quest-gvpckrqxtbgyprbgppjfqmimmmfw/SourcePackages/checkouts/nanopb/pb_common.c -o /Users/siam/Library/Developer/Xcode/DerivedData/Lingua_Quest-gvpckrqxtbgyprbgppjfqmimmmfw/Build/Intermediates.noindex/nanopb.build/Debug-iphonesimulator/nanopb.build/Objects-normal/arm64/pb_common.o -index-unit-output-path /nanopb.build/Debug-iphonesimulator/nanopb.build/Objects-normal/arm64/pb_common.o

CompileC /Users/siam/Library/Developer/Xcode/DerivedData/Lingua_Quest-gvpckrqxtbgyprbgppjfqmimmmfw/Build/Intermediates.noindex/gRPC.build/Debug-iphonesimulator/grpcWrapper.build/Objects-normal/x86_64/empty.o /Users/siam/Library/Developer/Xcode/DerivedData/Lingua_Quest-gvpckrqxtbgyprbgppjfqmimmmfw/SourcePackages/checkouts/grpc-binary/grpc-Wrapper/empty.m normal x86_64 objective-c com.apple.compilers.llvm.clang.1_0.compiler (in target 'grpcWrapper' from project 'gRPC')
    cd /Users/siam/Desktop/Lingua\ Quest/Lingua\ Quest.xcodeproj
    
    Using response file: /Users/siam/Library/Developer/Xcode/DerivedData/Lingua_Quest-gvpckrqxtbgyprbgppjfqmimmmfw/Build/Intermediates.noindex/gRPC.build/Debug-iphonesimulator/grpcWrapper.build/Objects-normal/x86_64/e6072d4f65d7061329687fe24e3d63a7-common-args.resp
    
    /Applications/Xcode.app/Contents/Developer/Toolchains/XcodeDefault.xctoolchain/usr/bin/clang -x objective-c -ivfsstatcache /Users/siam/Library/Developer/Xcode/DerivedData/SDKStatCaches.noindex/iphonesimulator26.0-23A339-26257891a6c027eb51374368541b8346.sdkstatcache -fmessage-length\=0 -fdiagnostics-show-note-include-stack -fmacro-backtrace-limit\=0 -fno-color-diagnostics -fmodules-prune-interval\=86400 -fmodules-prune-after\=345600 -fbuild-session-file\=/Users/siam/Library/Developer/Xcode/DerivedData/ModuleCache.noindex/Session.modulevalidation -fmodules-validate-once-per-build-session -Wnon-modular-include-in-framework-module -Werror\=non-modular-include-in-framework-module -Wno-trigraphs -Wno-missing-field-initializers -Wno-missing-prototypes -Wno-return-type -Wno-implicit-atomic-properties -Wno-objc-interface-ivars -Wno-arc-repeated-use-of-weak -Wno-missing-braces -Wparentheses -Wswitch -Wno-unused-function -Wno-unused-label -Wno-unused-parameter -Wno-unused-variable -Wunused-value -Wno-empty-body -Wno-uninitialized -Wno-unknown-pragmas -w -Wno-shadow -Wno-four-char-constants -Wno-conversion -Wno-constant-conversion -Wno-int-conversion -Wno-bool-conversion -Wno-enum-conversion -Wno-float-conversion -Wno-non-literal-null-conversion -Wno-objc-literal-conversion -Wshorten-64-to-32 -Wpointer-sign -Wno-newline-eof -Wno-selector -Wno-strict-selector-match -Wno-undeclared-selector -Wno-deprecated-implementations -Wno-implicit-fallthrough -fstrict-aliasing -Wprotocol -Wdeprecated-declarations -Wno-sign-conversion -Wno-infinite-recursion -Wno-comma -Wno-block-capture-autoreleasing -Wno-strict-prototypes -Wno-semicolon-before-method-body -index-store-path /Users/siam/Library/Developer/Xcode/DerivedData/Lingua_Quest-gvpckrqxtbgyprbgppjfqmimmmfw/Index.noindex/DataStore @/Users/siam/Library/Developer/Xcode/DerivedData/Lingua_Quest-gvpckrqxtbgyprbgppjfqmimmmfw/Build/Intermediates.noindex/gRPC.build/Debug-iphonesimulator/grpcWrapper.build/Objects-normal/x86_64/e6072d4f65d7061329687fe24e3d63a7-common-args.resp -include /Users/siam/Library/Developer/Xcode/DerivedData/Lingua_Quest-gvpckrqxtbgyprbgppjfqmimmmfw/Build/Intermediates.noindex/gRPC.build/Debug-iphonesimulator/grpcWrapper.build/DerivedSources/resource_bundle_accessor.h -MMD -MT dependencies -MF /Users/siam/Library/Developer/Xcode/DerivedData/Lingua_Quest-gvpckrqxtbgyprbgppjfqmimmmfw/Build/Intermediates.noindex/gRPC.build/Debug-iphonesimulator/grpcWrapper.build/Objects-normal/x86_64/empty.d --serialize-diagnostics /Users/siam/Library/Developer/Xcode/DerivedData/Lingua_Quest-gvpckrqxtbgyprbgppjfqmimmmfw/Build/Intermediates.noindex/gRPC.build/Debug-iphonesimulator/grpcWrapper.build/Objects-normal/x86_64/empty.dia -c /Users/siam/Library/Developer/Xcode/DerivedData/Lingua_Quest-gvpckrqxtbgyprbgppjfqmimmmfw/SourcePackages/checkouts/grpc-binary/grpc-Wrapper/empty.m -o /Users/siam/Library/Developer/Xcode/DerivedData/Lingua_Quest-gvpckrqxtbgyprbgppjfqmimmmfw/Build/Intermediates.noindex/gRPC.build/Debug-iphonesimulator/grpcWrapper.build/Objects-normal/x86_64/empty.o -index-unit-output-path /gRPC.build/Debug-iphonesimulator/grpcWrapper.build/Objects-normal/x86_64/empty.o

PrecompileModule /Users/siam/Library/Developer/Xcode/DerivedData/Lingua_Quest-gvpckrqxtbgyprbgppjfqmimmmfw/Build/Intermediates.noindex/ExplicitPrecompiledModules/_DarwinFoundation2-800NHIACVN2V2IZ90RBZY8HZT.scan
    cd /
    builtin-precompileModule /Users/siam/Library/Developer/Xcode/DerivedData/Lingua_Quest-gvpckrqxtbgyprbgppjfqmimmmfw/Build/Intermediates.noindex/ExplicitPrecompiledModules/_DarwinFoundation2-800NHIACVN2V2IZ90RBZY8HZT.scan

PrecompileModule /Users/siam/Library/Developer/Xcode/DerivedData/Lingua_Quest-gvpckrqxtbgyprbgppjfqmimmmfw/Build/Intermediates.noindex/ExplicitPrecompiledModules/Darwin-O6UUE80HTE5X4PPWRDG9JUFB.scan
    cd /
    builtin-precompileModule /Users/siam/Library/Developer/Xcode/DerivedData/Lingua_Quest-gvpckrqxtbgyprbgppjfqmimmmfw/Build/Intermediates.noindex/ExplicitPrecompiledModules/Darwin-O6UUE80HTE5X4PPWRDG9JUFB.scan

PrecompileModule /Users/siam/Library/Developer/Xcode/DerivedData/Lingua_Quest-gvpckrqxtbgyprbgppjfqmimmmfw/Build/Intermediates.noindex/ExplicitPrecompiledModules/_Builtin_limits-7875Z84RICT6Y042BL8NWTH8B.scan
    cd /
    builtin-precompileModule /Users/siam/Library/Developer/Xcode/DerivedData/Lingua_Quest-gvpckrqxtbgyprbgppjfqmimmmfw/Build/Intermediates.noindex/ExplicitPrecompiledModules/_Builtin_limits-7875Z84RICT6Y042BL8NWTH8B.scan

ScanDependencies /Users/siam/Library/Developer/Xcode/DerivedData/Lingua_Quest-gvpckrqxtbgyprbgppjfqmimmmfw/Build/Intermediates.noindex/gRPC.build/Debug-iphonesimulator/grpcWrapper.build/Objects-normal/arm64/resource_bundle_accessor.o /Users/siam/Library/Developer/Xcode/DerivedData/Lingua_Quest-gvpckrqxtbgyprbgppjfqmimmmfw/Build/Intermediates.noindex/gRPC.build/Debug-iphonesimulator/grpcWrapper.build/DerivedSources/resource_bundle_accessor.m normal arm64 objective-c com.apple.compilers.llvm.clang.1_0.compiler (in target 'grpcWrapper' from project 'gRPC')
    cd /Users/siam/Desktop/Lingua\ Quest/Lingua\ Quest.xcodeproj
    
    Using response file: /Users/siam/Library/Developer/Xcode/DerivedData/Lingua_Quest-gvpckrqxtbgyprbgppjfqmimmmfw/Build/Intermediates.noindex/gRPC.build/Debug-iphonesimulator/grpcWrapper.build/Objects-normal/arm64/e6072d4f65d7061329687fe24e3d63a7-common-args.resp
    
    builtin-ScanDependencies -o /Users/siam/Library/Developer/Xcode/DerivedData/Lingua_Quest-gvpckrqxtbgyprbgppjfqmimmmfw/Build/Intermediates.noindex/gRPC.build/Debug-iphonesimulator/grpcWrapper.build/Objects-normal/arm64/resource_bundle_accessor.o.scan -- /Applications/Xcode.app/Contents/Developer/Toolchains/XcodeDefault.xctoolchain/usr/bin/clang -x objective-c -ivfsstatcache /Users/siam/Library/Developer/Xcode/DerivedData/SDKStatCaches.noindex/iphonesimulator26.0-23A339-26257891a6c027eb51374368541b8346.sdkstatcache -fmessage-length\=0 -fdiagnostics-show-note-include-stack -fmacro-backtrace-limit\=0 -fno-color-diagnostics -fmodules-prune-interval\=86400 -fmodules-prune-after\=345600 -fbuild-session-file\=/Users/siam/Library/Developer/Xcode/DerivedData/ModuleCache.noindex/Session.modulevalidation -fmodules-validate-once-per-build-session -Wnon-modular-include-in-framework-module -Werror\=non-modular-include-in-framework-module -Wno-trigraphs -Wno-missing-field-initializers -Wno-missing-prototypes -Wno-return-type -Wno-implicit-atomic-properties -Wno-objc-interface-ivars -Wno-arc-repeated-use-of-weak -Wno-missing-braces -Wparentheses -Wswitch -Wno-unused-function -Wno-unused-label -Wno-unused-parameter -Wno-unused-variable -Wunused-value -Wno-empty-body -Wno-uninitialized -Wno-unknown-pragmas -w -Wno-shadow -Wno-four-char-constants -Wno-conversion -Wno-constant-conversion -Wno-int-conversion -Wno-bool-conversion -Wno-enum-conversion -Wno-float-conversion -Wno-non-literal-null-conversion -Wno-objc-literal-conversion -Wshorten-64-to-32 -Wpointer-sign -Wno-newline-eof -Wno-selector -Wno-strict-selector-match -Wno-undeclared-selector -Wno-deprecated-implementations -Wno-implicit-fallthrough -fstrict-aliasing -Wprotocol -Wdeprecated-declarations -Wno-sign-conversion -Wno-infinite-recursion -Wno-comma -Wno-block-capture-autoreleasing -Wno-strict-prototypes -Wno-semicolon-before-method-body -index-store-path /Users/siam/Library/Developer/Xcode/DerivedData/Lingua_Quest-gvpckrqxtbgyprbgppjfqmimmmfw/Index.noindex/DataStore @/Users/siam/Library/Developer/Xcode/DerivedData/Lingua_Quest-gvpckrqxtbgyprbgppjfqmimmmfw/Build/Intermediates.noindex/gRPC.build/Debug-iphonesimulator/grpcWrapper.build/Objects-normal/arm64/e6072d4f65d7061329687fe24e3d63a7-common-args.resp -include /Users/siam/Library/Developer/Xcode/DerivedData/Lingua_Quest-gvpckrqxtbgyprbgppjfqmimmmfw/Build/Intermediates.noindex/gRPC.build/Debug-iphonesimulator/grpcWrapper.build/DerivedSources/resource_bundle_accessor.h -MMD -MT dependencies -MF /Users/siam/Library/Developer/Xcode/DerivedData/Lingua_Quest-gvpckrqxtbgyprbgppjfqmimmmfw/Build/Intermediates.noindex/gRPC.build/Debug-iphonesimulator/grpcWrapper.build/Objects-normal/arm64/resource_bundle_accessor.d --serialize-diagnostics /Users/siam/Library/Developer/Xcode/DerivedData/Lingua_Quest-gvpckrqxtbgyprbgppjfqmimmmfw/Build/Intermediates.noindex/gRPC.build/Debug-iphonesimulator/grpcWrapper.build/Objects-normal/arm64/resource_bundle_accessor.dia -c /Users/siam/Library/Developer/Xcode/DerivedData/Lingua_Quest-gvpckrqxtbgyprbgppjfqmimmmfw/Build/Intermediates.noindex/gRPC.build/Debug-iphonesimulator/grpcWrapper.build/DerivedSources/resource_bundle_accessor.m -o /Users/siam/Library/Developer/Xcode/DerivedData/Lingua_Quest-gvpckrqxtbgyprbgppjfqmimmmfw/Build/Intermediates.noindex/gRPC.build/Debug-iphonesimulator/grpcWrapper.build/Objects-normal/arm64/resource_bundle_accessor.o -index-unit-output-path /gRPC.build/Debug-iphonesimulator/grpcWrapper.build/Objects-normal/arm64/resource_bundle_accessor.o

ScanDependencies /Users/siam/Library/Developer/Xcode/DerivedData/Lingua_Quest-gvpckrqxtbgyprbgppjfqmimmmfw/Build/Intermediates.noindex/gRPC.build/Debug-iphonesimulator/grpcWrapper.build/Objects-normal/arm64/empty.o /Users/siam/Library/Developer/Xcode/DerivedData/Lingua_Quest-gvpckrqxtbgyprbgppjfqmimmmfw/SourcePackages/checkouts/grpc-binary/grpc-Wrapper/empty.m normal arm64 objective-c com.apple.compilers.llvm.clang.1_0.compiler (in target 'grpcWrapper' from project 'gRPC')
    cd /Users/siam/Desktop/Lingua\ Quest/Lingua\ Quest.xcodeproj
    
    Using response file: /Users/siam/Library/Developer/Xcode/DerivedData/Lingua_Quest-gvpckrqxtbgyprbgppjfqmimmmfw/Build/Intermediates.noindex/gRPC.build/Debug-iphonesimulator/grpcWrapper.build/Objects-normal/arm64/e6072d4f65d7061329687fe24e3d63a7-common-args.resp
    
    builtin-ScanDependencies -o /Users/siam/Library/Developer/Xcode/DerivedData/Lingua_Quest-gvpckrqxtbgyprbgppjfqmimmmfw/Build/Intermediates.noindex/gRPC.build/Debug-iphonesimulator/grpcWrapper.build/Objects-normal/arm64/empty.o.scan -- /Applications/Xcode.app/Contents/Developer/Toolchains/XcodeDefault.xctoolchain/usr/bin/clang -x objective-c -ivfsstatcache /Users/siam/Library/Developer/Xcode/DerivedData/SDKStatCaches.noindex/iphonesimulator26.0-23A339-26257891a6c027eb51374368541b8346.sdkstatcache -fmessage-length\=0 -fdiagnostics-show-note-include-stack -fmacro-backtrace-limit\=0 -fno-color-diagnostics -fmodules-prune-interval\=86400 -fmodules-prune-after\=345600 -fbuild-session-file\=/Users/siam/Library/Developer/Xcode/DerivedData/ModuleCache.noindex/Session.modulevalidation -fmodules-validate-once-per-build-session -Wnon-modular-include-in-framework-module -Werror\=non-modular-include-in-framework-module -Wno-trigraphs -Wno-missing-field-initializers -Wno-missing-prototypes -Wno-return-type -Wno-implicit-atomic-properties -Wno-objc-interface-ivars -Wno-arc-repeated-use-of-weak -Wno-missing-braces -Wparentheses -Wswitch -Wno-unused-function -Wno-unused-label -Wno-unused-parameter -Wno-unused-variable -Wunused-value -Wno-empty-body -Wno-uninitialized -Wno-unknown-pragmas -w -Wno-shadow -Wno-four-char-constants -Wno-conversion -Wno-constant-conversion -Wno-int-conversion -Wno-bool-conversion -Wno-enum-conversion -Wno-float-conversion -Wno-non-literal-null-conversion -Wno-objc-literal-conversion -Wshorten-64-to-32 -Wpointer-sign -Wno-newline-eof -Wno-selector -Wno-strict-selector-match -Wno-undeclared-selector -Wno-deprecated-implementations -Wno-implicit-fallthrough -fstrict-aliasing -Wprotocol -Wdeprecated-declarations -Wno-sign-conversion -Wno-infinite-recursion -Wno-comma -Wno-block-capture-autoreleasing -Wno-strict-prototypes -Wno-semicolon-before-method-body -index-store-path /Users/siam/Library/Developer/Xcode/DerivedData/Lingua_Quest-gvpckrqxtbgyprbgppjfqmimmmfw/Index.noindex/DataStore @/Users/siam/Library/Developer/Xcode/DerivedData/Lingua_Quest-gvpckrqxtbgyprbgppjfqmimmmfw/Build/Intermediates.noindex/gRPC.build/Debug-iphonesimulator/grpcWrapper.build/Objects-normal/arm64/e6072d4f65d7061329687fe24e3d63a7-common-args.resp -include /Users/siam/Library/Developer/Xcode/DerivedData/Lingua_Quest-gvpckrqxtbgyprbgppjfqmimmmfw/Build/Intermediates.noindex/gRPC.build/Debug-iphonesimulator/grpcWrapper.build/DerivedSources/resource_bundle_accessor.h -MMD -MT dependencies -MF /Users/siam/Library/Developer/Xcode/DerivedData/Lingua_Quest-gvpckrqxtbgyprbgppjfqmimmmfw/Build/Intermediates.noindex/gRPC.build/Debug-iphonesimulator/grpcWrapper.build/Objects-normal/arm64/empty.d --serialize-diagnostics /Users/siam/Library/Developer/Xcode/DerivedData/Lingua_Quest-gvpckrqxtbgyprbgppjfqmimmmfw/Build/Intermediates.noindex/gRPC.build/Debug-iphonesimulator/grpcWrapper.build/Objects-normal/arm64/empty.dia -c /Users/siam/Library/Developer/Xcode/DerivedData/Lingua_Quest-gvpckrqxtbgyprbgppjfqmimmmfw/SourcePackages/checkouts/grpc-binary/grpc-Wrapper/empty.m -o /Users/siam/Library/Developer/Xcode/DerivedData/Lingua_Quest-gvpckrqxtbgyprbgppjfqmimmmfw/Build/Intermediates.noindex/gRPC.build/Debug-iphonesimulator/grpcWrapper.build/Objects-normal/arm64/empty.o -index-unit-output-path /gRPC.build/Debug-iphonesimulator/grpcWrapper.build/Objects-normal/arm64/empty.o

ProcessInfoPlistFile /Users/siam/Library/Developer/Xcode/DerivedData/Lingua_Quest-gvpckrqxtbgyprbgppjfqmimmmfw/Build/Products/Debug-iphonesimulator/gRPC_opensslWrapper.bundle/Info.plist /Users/siam/Library/Developer/Xcode/DerivedData/Lingua_Quest-gvpckrqxtbgyprbgppjfqmimmmfw/Build/Intermediates.noindex/gRPC.build/Debug-iphonesimulator/gRPC_opensslWrapper.build/empty-gRPC_opensslWrapper.plist (in target 'gRPC_opensslWrapper' from project 'gRPC')
    cd /Users/siam/Library/Developer/Xcode/DerivedData/Lingua_Quest-gvpckrqxtbgyprbgppjfqmimmmfw/SourcePackages/checkouts/grpc-binary
    builtin-infoPlistUtility /Users/siam/Library/Developer/Xcode/DerivedData/Lingua_Quest-gvpckrqxtbgyprbgppjfqmimmmfw/Build/Intermediates.noindex/gRPC.build/Debug-iphonesimulator/gRPC_opensslWrapper.build/empty-gRPC_opensslWrapper.plist -producttype com.apple.product-type.bundle -expandbuildsettings -format binary -platform iphonesimulator -o /Users/siam/Library/Developer/Xcode/DerivedData/Lingua_Quest-gvpckrqxtbgyprbgppjfqmimmmfw/Build/Products/Debug-iphonesimulator/gRPC_opensslWrapper.bundle/Info.plist

ProcessInfoPlistFile /Users/siam/Library/Developer/Xcode/DerivedData/Lingua_Quest-gvpckrqxtbgyprbgppjfqmimmmfw/Build/Products/Debug-iphonesimulator/gRPC_grpcppWrapper.bundle/Info.plist /Users/siam/Library/Developer/Xcode/DerivedData/Lingua_Quest-gvpckrqxtbgyprbgppjfqmimmmfw/Build/Intermediates.noindex/gRPC.build/Debug-iphonesimulator/gRPC_grpcppWrapper.build/empty-gRPC_grpcppWrapper.plist (in target 'gRPC_grpcppWrapper' from project 'gRPC')
    cd /Users/siam/Library/Developer/Xcode/DerivedData/Lingua_Quest-gvpckrqxtbgyprbgppjfqmimmmfw/SourcePackages/checkouts/grpc-binary
    builtin-infoPlistUtility /Users/siam/Library/Developer/Xcode/DerivedData/Lingua_Quest-gvpckrqxtbgyprbgppjfqmimmmfw/Build/Intermediates.noindex/gRPC.build/Debug-iphonesimulator/gRPC_grpcppWrapper.build/empty-gRPC_grpcppWrapper.plist -producttype com.apple.product-type.bundle -expandbuildsettings -format binary -platform iphonesimulator -o /Users/siam/Library/Developer/Xcode/DerivedData/Lingua_Quest-gvpckrqxtbgyprbgppjfqmimmmfw/Build/Products/Debug-iphonesimulator/gRPC_grpcppWrapper.bundle/Info.plist

PrecompileModule /Users/siam/Library/Developer/Xcode/DerivedData/Lingua_Quest-gvpckrqxtbgyprbgppjfqmimmmfw/Build/Intermediates.noindex/ExplicitPrecompiledModules/_Builtin_stdint-9G66PRNL6LFYFNKNMSR1T4HRJ.scan
    cd /
    builtin-precompileModule /Users/siam/Library/Developer/Xcode/DerivedData/Lingua_Quest-gvpckrqxtbgyprbgppjfqmimmmfw/Build/Intermediates.noindex/ExplicitPrecompiledModules/_Builtin_stdint-9G66PRNL6LFYFNKNMSR1T4HRJ.scan

CpResource /Users/siam/Library/Developer/Xcode/DerivedData/Lingua_Quest-gvpckrqxtbgyprbgppjfqmimmmfw/Build/Products/Debug-iphonesimulator/gRPC_opensslWrapper.bundle/PrivacyInfo.xcprivacy /Users/siam/Library/Developer/Xcode/DerivedData/Lingua_Quest-gvpckrqxtbgyprbgppjfqmimmmfw/SourcePackages/checkouts/grpc-binary/openssl-grpc-Wrapper/Resources/PrivacyInfo.xcprivacy (in target 'gRPC_opensslWrapper' from project 'gRPC')
    cd /Users/siam/Library/Developer/Xcode/DerivedData/Lingua_Quest-gvpckrqxtbgyprbgppjfqmimmmfw/SourcePackages/checkouts/grpc-binary
    builtin-copy -exclude .DS_Store -exclude CVS -exclude .svn -exclude .git -exclude .hg -resolve-src-symlinks /Users/siam/Library/Developer/Xcode/DerivedData/Lingua_Quest-gvpckrqxtbgyprbgppjfqmimmmfw/SourcePackages/checkouts/grpc-binary/openssl-grpc-Wrapper/Resources/PrivacyInfo.xcprivacy /Users/siam/Library/Developer/Xcode/DerivedData/Lingua_Quest-gvpckrqxtbgyprbgppjfqmimmmfw/Build/Products/Debug-iphonesimulator/gRPC_opensslWrapper.bundle

ProcessInfoPlistFile /Users/siam/Library/Developer/Xcode/DerivedData/Lingua_Quest-gvpckrqxtbgyprbgppjfqmimmmfw/Build/Products/Debug-iphonesimulator/gRPC_grpcWrapper.bundle/Info.plist /Users/siam/Library/Developer/Xcode/DerivedData/Lingua_Quest-gvpckrqxtbgyprbgppjfqmimmmfw/Build/Intermediates.noindex/gRPC.build/Debug-iphonesimulator/gRPC_grpcWrapper.build/empty-gRPC_grpcWrapper.plist (in target 'gRPC_grpcWrapper' from project 'gRPC')
    cd /Users/siam/Library/Developer/Xcode/DerivedData/Lingua_Quest-gvpckrqxtbgyprbgppjfqmimmmfw/SourcePackages/checkouts/grpc-binary
    builtin-infoPlistUtility /Users/siam/Library/Developer/Xcode/DerivedData/Lingua_Quest-gvpckrqxtbgyprbgppjfqmimmmfw/Build/Intermediates.noindex/gRPC.build/Debug-iphonesimulator/gRPC_grpcWrapper.build/empty-gRPC_grpcWrapper.plist -producttype com.apple.product-type.bundle -expandbuildsettings -format binary -platform iphonesimulator -o /Users/siam/Library/Developer/Xcode/DerivedData/Lingua_Quest-gvpckrqxtbgyprbgppjfqmimmmfw/Build/Products/Debug-iphonesimulator/gRPC_grpcWrapper.bundle/Info.plist

CpResource /Users/siam/Library/Developer/Xcode/DerivedData/Lingua_Quest-gvpckrqxtbgyprbgppjfqmimmmfw/Build/Products/Debug-iphonesimulator/gRPC_grpcppWrapper.bundle/PrivacyInfo.xcprivacy /Users/siam/Library/Developer/Xcode/DerivedData/Lingua_Quest-gvpckrqxtbgyprbgppjfqmimmmfw/SourcePackages/checkouts/grpc-binary/grpcpp-Wrapper/Resources/PrivacyInfo.xcprivacy (in target 'gRPC_grpcppWrapper' from project 'gRPC')
    cd /Users/siam/Library/Developer/Xcode/DerivedData/Lingua_Quest-gvpckrqxtbgyprbgppjfqmimmmfw/SourcePackages/checkouts/grpc-binary
    builtin-copy -exclude .DS_Store -exclude CVS -exclude .svn -exclude .git -exclude .hg -resolve-src-symlinks /Users/siam/Library/Developer/Xcode/DerivedData/Lingua_Quest-gvpckrqxtbgyprbgppjfqmimmmfw/SourcePackages/checkouts/grpc-binary/grpcpp-Wrapper/Resources/PrivacyInfo.xcprivacy /Users/siam/Library/Developer/Xcode/DerivedData/Lingua_Quest-gvpckrqxtbgyprbgppjfqmimmmfw/Build/Products/Debug-iphonesimulator/gRPC_grpcppWrapper.bundle

ScanDependencies /Users/siam/Library/Developer/Xcode/DerivedData/Lingua_Quest-gvpckrqxtbgyprbgppjfqmimmmfw/Build/Intermediates.noindex/abseil.build/Debug-iphonesimulator/abslWrapper.build/Objects-normal/x86_64/resource_bundle_accessor.o /Users/siam/Library/Developer/Xcode/DerivedData/Lingua_Quest-gvpckrqxtbgyprbgppjfqmimmmfw/Build/Intermediates.noindex/abseil.build/Debug-iphonesimulator/abslWrapper.build/DerivedSources/resource_bundle_accessor.m normal x86_64 objective-c com.apple.compilers.llvm.clang.1_0.compiler (in target 'abslWrapper' from project 'abseil')
    cd /Users/siam/Desktop/Lingua\ Quest/Lingua\ Quest.xcodeproj
    
    Using response file: /Users/siam/Library/Developer/Xcode/DerivedData/Lingua_Quest-gvpckrqxtbgyprbgppjfqmimmmfw/Build/Intermediates.noindex/abseil.build/Debug-iphonesimulator/abslWrapper.build/Objects-normal/x86_64/e6072d4f65d7061329687fe24e3d63a7-common-args.resp
    
    builtin-ScanDependencies -o /Users/siam/Library/Developer/Xcode/DerivedData/Lingua_Quest-gvpckrqxtbgyprbgppjfqmimmmfw/Build/Intermediates.noindex/abseil.build/Debug-iphonesimulator/abslWrapper.build/Objects-normal/x86_64/resource_bundle_accessor.o.scan -- /Applications/Xcode.app/Contents/Developer/Toolchains/XcodeDefault.xctoolchain/usr/bin/clang -x objective-c -ivfsstatcache /Users/siam/Library/Developer/Xcode/DerivedData/SDKStatCaches.noindex/iphonesimulator26.0-23A339-26257891a6c027eb51374368541b8346.sdkstatcache -fmessage-length\=0 -fdiagnostics-show-note-include-stack -fmacro-backtrace-limit\=0 -fno-color-diagnostics -fmodules-prune-interval\=86400 -fmodules-prune-after\=345600 -fbuild-session-file\=/Users/siam/Library/Developer/Xcode/DerivedData/ModuleCache.noindex/Session.modulevalidation -fmodules-validate-once-per-build-session -Wnon-modular-include-in-framework-module -Werror\=non-modular-include-in-framework-module -Wno-trigraphs -Wno-missing-field-initializers -Wno-missing-prototypes -Wno-return-type -Wno-implicit-atomic-properties -Wno-objc-interface-ivars -Wno-arc-repeated-use-of-weak -Wno-missing-braces -Wparentheses -Wswitch -Wno-unused-function -Wno-unused-label -Wno-unused-parameter -Wno-unused-variable -Wunused-value -Wno-empty-body -Wno-uninitialized -Wno-unknown-pragmas -w -Wno-shadow -Wno-four-char-constants -Wno-conversion -Wno-constant-conversion -Wno-int-conversion -Wno-bool-conversion -Wno-enum-conversion -Wno-float-conversion -Wno-non-literal-null-conversion -Wno-objc-literal-conversion -Wshorten-64-to-32 -Wpointer-sign -Wno-newline-eof -Wno-selector -Wno-strict-selector-match -Wno-undeclared-selector -Wno-deprecated-implementations -Wno-implicit-fallthrough -fstrict-aliasing -Wprotocol -Wdeprecated-declarations -Wno-sign-conversion -Wno-infinite-recursion -Wno-comma -Wno-block-capture-autoreleasing -Wno-strict-prototypes -Wno-semicolon-before-method-body -index-store-path /Users/siam/Library/Developer/Xcode/DerivedData/Lingua_Quest-gvpckrqxtbgyprbgppjfqmimmmfw/Index.noindex/DataStore @/Users/siam/Library/Developer/Xcode/DerivedData/Lingua_Quest-gvpckrqxtbgyprbgppjfqmimmmfw/Build/Intermediates.noindex/abseil.build/Debug-iphonesimulator/abslWrapper.build/Objects-normal/x86_64/e6072d4f65d7061329687fe24e3d63a7-common-args.resp -include /Users/siam/Library/Developer/Xcode/DerivedData/Lingua_Quest-gvpckrqxtbgyprbgppjfqmimmmfw/Build/Intermediates.noindex/abseil.build/Debug-iphonesimulator/abslWrapper.build/DerivedSources/resource_bundle_accessor.h -MMD -MT dependencies -MF /Users/siam/Library/Developer/Xcode/DerivedData/Lingua_Quest-gvpckrqxtbgyprbgppjfqmimmmfw/Build/Intermediates.noindex/abseil.build/Debug-iphonesimulator/abslWrapper.build/Objects-normal/x86_64/resource_bundle_accessor.d --serialize-diagnostics /Users/siam/Library/Developer/Xcode/DerivedData/Lingua_Quest-gvpckrqxtbgyprbgppjfqmimmmfw/Build/Intermediates.noindex/abseil.build/Debug-iphonesimulator/abslWrapper.build/Objects-normal/x86_64/resource_bundle_accessor.dia -c /Users/siam/Library/Developer/Xcode/DerivedData/Lingua_Quest-gvpckrqxtbgyprbgppjfqmimmmfw/Build/Intermediates.noindex/abseil.build/Debug-iphonesimulator/abslWrapper.build/DerivedSources/resource_bundle_accessor.m -o /Users/siam/Library/Developer/Xcode/DerivedData/Lingua_Quest-gvpckrqxtbgyprbgppjfqmimmmfw/Build/Intermediates.noindex/abseil.build/Debug-iphonesimulator/abslWrapper.build/Objects-normal/x86_64/resource_bundle_accessor.o -index-unit-output-path /abseil.build/Debug-iphonesimulator/abslWrapper.build/Objects-normal/x86_64/resource_bundle_accessor.o

ScanDependencies /Users/siam/Library/Developer/Xcode/DerivedData/Lingua_Quest-gvpckrqxtbgyprbgppjfqmimmmfw/Build/Intermediates.noindex/abseil.build/Debug-iphonesimulator/abslWrapper.build/Objects-normal/x86_64/empty.o /Users/siam/Library/Developer/Xcode/DerivedData/Lingua_Quest-gvpckrqxtbgyprbgppjfqmimmmfw/SourcePackages/checkouts/abseil-cpp-binary/absl-Wrapper/empty.m normal x86_64 objective-c com.apple.compilers.llvm.clang.1_0.compiler (in target 'abslWrapper' from project 'abseil')
    cd /Users/siam/Desktop/Lingua\ Quest/Lingua\ Quest.xcodeproj
    
    Using response file: /Users/siam/Library/Developer/Xcode/DerivedData/Lingua_Quest-gvpckrqxtbgyprbgppjfqmimmmfw/Build/Intermediates.noindex/abseil.build/Debug-iphonesimulator/abslWrapper.build/Objects-normal/x86_64/e6072d4f65d7061329687fe24e3d63a7-common-args.resp
    
    builtin-ScanDependencies -o /Users/siam/Library/Developer/Xcode/DerivedData/Lingua_Quest-gvpckrqxtbgyprbgppjfqmimmmfw/Build/Intermediates.noindex/abseil.build/Debug-iphonesimulator/abslWrapper.build/Objects-normal/x86_64/empty.o.scan -- /Applications/Xcode.app/Contents/Developer/Toolchains/XcodeDefault.xctoolchain/usr/bin/clang -x objective-c -ivfsstatcache /Users/siam/Library/Developer/Xcode/DerivedData/SDKStatCaches.noindex/iphonesimulator26.0-23A339-26257891a6c027eb51374368541b8346.sdkstatcache -fmessage-length\=0 -fdiagnostics-show-note-include-stack -fmacro-backtrace-limit\=0 -fno-color-diagnostics -fmodules-prune-interval\=86400 -fmodules-prune-after\=345600 -fbuild-session-file\=/Users/siam/Library/Developer/Xcode/DerivedData/ModuleCache.noindex/Session.modulevalidation -fmodules-validate-once-per-build-session -Wnon-modular-include-in-framework-module -Werror\=non-modular-include-in-framework-module -Wno-trigraphs -Wno-missing-field-initializers -Wno-missing-prototypes -Wno-return-type -Wno-implicit-atomic-properties -Wno-objc-interface-ivars -Wno-arc-repeated-use-of-weak -Wno-missing-braces -Wparentheses -Wswitch -Wno-unused-function -Wno-unused-label -Wno-unused-parameter -Wno-unused-variable -Wunused-value -Wno-empty-body -Wno-uninitialized -Wno-unknown-pragmas -w -Wno-shadow -Wno-four-char-constants -Wno-conversion -Wno-constant-conversion -Wno-int-conversion -Wno-bool-conversion -Wno-enum-conversion -Wno-float-conversion -Wno-non-literal-null-conversion -Wno-objc-literal-conversion -Wshorten-64-to-32 -Wpointer-sign -Wno-newline-eof -Wno-selector -Wno-strict-selector-match -Wno-undeclared-selector -Wno-deprecated-implementations -Wno-implicit-fallthrough -fstrict-aliasing -Wprotocol -Wdeprecated-declarations -Wno-sign-conversion -Wno-infinite-recursion -Wno-comma -Wno-block-capture-autoreleasing -Wno-strict-prototypes -Wno-semicolon-before-method-body -index-store-path /Users/siam/Library/Developer/Xcode/DerivedData/Lingua_Quest-gvpckrqxtbgyprbgppjfqmimmmfw/Index.noindex/DataStore @/Users/siam/Library/Developer/Xcode/DerivedData/Lingua_Quest-gvpckrqxtbgyprbgppjfqmimmmfw/Build/Intermediates.noindex/abseil.build/Debug-iphonesimulator/abslWrapper.build/Objects-normal/x86_64/e6072d4f65d7061329687fe24e3d63a7-common-args.resp -include /Users/siam/Library/Developer/Xcode/DerivedData/Lingua_Quest-gvpckrqxtbgyprbgppjfqmimmmfw/Build/Intermediates.noindex/abseil.build/Debug-iphonesimulator/abslWrapper.build/DerivedSources/resource_bundle_accessor.h -MMD -MT dependencies -MF /Users/siam/Library/Developer/Xcode/DerivedData/Lingua_Quest-gvpckrqxtbgyprbgppjfqmimmmfw/Build/Intermediates.noindex/abseil.build/Debug-iphonesimulator/abslWrapper.build/Objects-normal/x86_64/empty.d --serialize-diagnostics /Users/siam/Library/Developer/Xcode/DerivedData/Lingua_Quest-gvpckrqxtbgyprbgppjfqmimmmfw/Build/Intermediates.noindex/abseil.build/Debug-iphonesimulator/abslWrapper.build/Objects-normal/x86_64/empty.dia -c /Users/siam/Library/Developer/Xcode/DerivedData/Lingua_Quest-gvpckrqxtbgyprbgppjfqmimmmfw/SourcePackages/checkouts/abseil-cpp-binary/absl-Wrapper/empty.m -o /Users/siam/Library/Developer/Xcode/DerivedData/Lingua_Quest-gvpckrqxtbgyprbgppjfqmimmmfw/Build/Intermediates.noindex/abseil.build/Debug-iphonesimulator/abslWrapper.build/Objects-normal/x86_64/empty.o -index-unit-output-path /abseil.build/Debug-iphonesimulator/abslWrapper.build/Objects-normal/x86_64/empty.o

ScanDependencies /Users/siam/Library/Developer/Xcode/DerivedData/Lingua_Quest-gvpckrqxtbgyprbgppjfqmimmmfw/Build/Intermediates.noindex/abseil.build/Debug-iphonesimulator/abslWrapper.build/Objects-normal/arm64/resource_bundle_accessor.o /Users/siam/Library/Developer/Xcode/DerivedData/Lingua_Quest-gvpckrqxtbgyprbgppjfqmimmmfw/Build/Intermediates.noindex/abseil.build/Debug-iphonesimulator/abslWrapper.build/DerivedSources/resource_bundle_accessor.m normal arm64 objective-c com.apple.compilers.llvm.clang.1_0.compiler (in target 'abslWrapper' from project 'abseil')
    cd /Users/siam/Desktop/Lingua\ Quest/Lingua\ Quest.xcodeproj
    
    Using response file: /Users/siam/Library/Developer/Xcode/DerivedData/Lingua_Quest-gvpckrqxtbgyprbgppjfqmimmmfw/Build/Intermediates.noindex/abseil.build/Debug-iphonesimulator/abslWrapper.build/Objects-normal/arm64/e6072d4f65d7061329687fe24e3d63a7-common-args.resp
    
    builtin-ScanDependencies -o /Users/siam/Library/Developer/Xcode/DerivedData/Lingua_Quest-gvpckrqxtbgyprbgppjfqmimmmfw/Build/Intermediates.noindex/abseil.build/Debug-iphonesimulator/abslWrapper.build/Objects-normal/arm64/resource_bundle_accessor.o.scan -- /Applications/Xcode.app/Contents/Developer/Toolchains/XcodeDefault.xctoolchain/usr/bin/clang -x objective-c -ivfsstatcache /Users/siam/Library/Developer/Xcode/DerivedData/SDKStatCaches.noindex/iphonesimulator26.0-23A339-26257891a6c027eb51374368541b8346.sdkstatcache -fmessage-length\=0 -fdiagnostics-show-note-include-stack -fmacro-backtrace-limit\=0 -fno-color-diagnostics -fmodules-prune-interval\=86400 -fmodules-prune-after\=345600 -fbuild-session-file\=/Users/siam/Library/Developer/Xcode/DerivedData/ModuleCache.noindex/Session.modulevalidation -fmodules-validate-once-per-build-session -Wnon-modular-include-in-framework-module -Werror\=non-modular-include-in-framework-module -Wno-trigraphs -Wno-missing-field-initializers -Wno-missing-prototypes -Wno-return-type -Wno-implicit-atomic-properties -Wno-objc-interface-ivars -Wno-arc-repeated-use-of-weak -Wno-missing-braces -Wparentheses -Wswitch -Wno-unused-function -Wno-unused-label -Wno-unused-parameter -Wno-unused-variable -Wunused-value -Wno-empty-body -Wno-uninitialized -Wno-unknown-pragmas -w -Wno-shadow -Wno-four-char-constants -Wno-conversion -Wno-constant-conversion -Wno-int-conversion -Wno-bool-conversion -Wno-enum-conversion -Wno-float-conversion -Wno-non-literal-null-conversion -Wno-objc-literal-conversion -Wshorten-64-to-32 -Wpointer-sign -Wno-newline-eof -Wno-selector -Wno-strict-selector-match -Wno-undeclared-selector -Wno-deprecated-implementations -Wno-implicit-fallthrough -fstrict-aliasing -Wprotocol -Wdeprecated-declarations -Wno-sign-conversion -Wno-infinite-recursion -Wno-comma -Wno-block-capture-autoreleasing -Wno-strict-prototypes -Wno-semicolon-before-method-body -index-store-path /Users/siam/Library/Developer/Xcode/DerivedData/Lingua_Quest-gvpckrqxtbgyprbgppjfqmimmmfw/Index.noindex/DataStore @/Users/siam/Library/Developer/Xcode/DerivedData/Lingua_Quest-gvpckrqxtbgyprbgppjfqmimmmfw/Build/Intermediates.noindex/abseil.build/Debug-iphonesimulator/abslWrapper.build/Objects-normal/arm64/e6072d4f65d7061329687fe24e3d63a7-common-args.resp -include /Users/siam/Library/Developer/Xcode/DerivedData/Lingua_Quest-gvpckrqxtbgyprbgppjfqmimmmfw/Build/Intermediates.noindex/abseil.build/Debug-iphonesimulator/abslWrapper.build/DerivedSources/resource_bundle_accessor.h -MMD -MT dependencies -MF /Users/siam/Library/Developer/Xcode/DerivedData/Lingua_Quest-gvpckrqxtbgyprbgppjfqmimmmfw/Build/Intermediates.noindex/abseil.build/Debug-iphonesimulator/abslWrapper.build/Objects-normal/arm64/resource_bundle_accessor.d --serialize-diagnostics /Users/siam/Library/Developer/Xcode/DerivedData/Lingua_Quest-gvpckrqxtbgyprbgppjfqmimmmfw/Build/Intermediates.noindex/abseil.build/Debug-iphonesimulator/abslWrapper.build/Objects-normal/arm64/resource_bundle_accessor.dia -c /Users/siam/Library/Developer/Xcode/DerivedData/Lingua_Quest-gvpckrqxtbgyprbgppjfqmimmmfw/Build/Intermediates.noindex/abseil.build/Debug-iphonesimulator/abslWrapper.build/DerivedSources/resource_bundle_accessor.m -o /Users/siam/Library/Developer/Xcode/DerivedData/Lingua_Quest-gvpckrqxtbgyprbgppjfqmimmmfw/Build/Intermediates.noindex/abseil.build/Debug-iphonesimulator/abslWrapper.build/Objects-normal/arm64/resource_bundle_accessor.o -index-unit-output-path /abseil.build/Debug-iphonesimulator/abslWrapper.build/Objects-normal/arm64/resource_bundle_accessor.o

CpResource /Users/siam/Library/Developer/Xcode/DerivedData/Lingua_Quest-gvpckrqxtbgyprbgppjfqmimmmfw/Build/Products/Debug-iphonesimulator/gRPC_grpcWrapper.bundle/PrivacyInfo.xcprivacy /Users/siam/Library/Developer/Xcode/DerivedData/Lingua_Quest-gvpckrqxtbgyprbgppjfqmimmmfw/SourcePackages/checkouts/grpc-binary/grpc-Wrapper/Resources/PrivacyInfo.xcprivacy (in target 'gRPC_grpcWrapper' from project 'gRPC')
    cd /Users/siam/Library/Developer/Xcode/DerivedData/Lingua_Quest-gvpckrqxtbgyprbgppjfqmimmmfw/SourcePackages/checkouts/grpc-binary
    builtin-copy -exclude .DS_Store -exclude CVS -exclude .svn -exclude .git -exclude .hg -resolve-src-symlinks /Users/siam/Library/Developer/Xcode/DerivedData/Lingua_Quest-gvpckrqxtbgyprbgppjfqmimmmfw/SourcePackages/checkouts/grpc-binary/grpc-Wrapper/Resources/PrivacyInfo.xcprivacy /Users/siam/Library/Developer/Xcode/DerivedData/Lingua_Quest-gvpckrqxtbgyprbgppjfqmimmmfw/Build/Products/Debug-iphonesimulator/gRPC_grpcWrapper.bundle

PrecompileModule /Users/siam/Library/Developer/Xcode/DerivedData/Lingua_Quest-gvpckrqxtbgyprbgppjfqmimmmfw/Build/Intermediates.noindex/ExplicitPrecompiledModules/_DarwinFoundation3-ADF69HLKWF28SWZCMJ0CX5V7B.scan
    cd /
    builtin-precompileModule /Users/siam/Library/Developer/Xcode/DerivedData/Lingua_Quest-gvpckrqxtbgyprbgppjfqmimmmfw/Build/Intermediates.noindex/ExplicitPrecompiledModules/_DarwinFoundation3-ADF69HLKWF28SWZCMJ0CX5V7B.scan

ScanDependencies /Users/siam/Library/Developer/Xcode/DerivedData/Lingua_Quest-gvpckrqxtbgyprbgppjfqmimmmfw/Build/Intermediates.noindex/abseil.build/Debug-iphonesimulator/abslWrapper.build/Objects-normal/arm64/empty.o /Users/siam/Library/Developer/Xcode/DerivedData/Lingua_Quest-gvpckrqxtbgyprbgppjfqmimmmfw/SourcePackages/checkouts/abseil-cpp-binary/absl-Wrapper/empty.m normal arm64 objective-c com.apple.compilers.llvm.clang.1_0.compiler (in target 'abslWrapper' from project 'abseil')
    cd /Users/siam/Desktop/Lingua\ Quest/Lingua\ Quest.xcodeproj
    
    Using response file: /Users/siam/Library/Developer/Xcode/DerivedData/Lingua_Quest-gvpckrqxtbgyprbgppjfqmimmmfw/Build/Intermediates.noindex/abseil.build/Debug-iphonesimulator/abslWrapper.build/Objects-normal/arm64/e6072d4f65d7061329687fe24e3d63a7-common-args.resp
    
    builtin-ScanDependencies -o /Users/siam/Library/Developer/Xcode/DerivedData/Lingua_Quest-gvpckrqxtbgyprbgppjfqmimmmfw/Build/Intermediates.noindex/abseil.build/Debug-iphonesimulator/abslWrapper.build/Objects-normal/arm64/empty.o.scan -- /Applications/Xcode.app/Contents/Developer/Toolchains/XcodeDefault.xctoolchain/usr/bin/clang -x objective-c -ivfsstatcache /Users/siam/Library/Developer/Xcode/DerivedData/SDKStatCaches.noindex/iphonesimulator26.0-23A339-26257891a6c027eb51374368541b8346.sdkstatcache -fmessage-length\=0 -fdiagnostics-show-note-include-stack -fmacro-backtrace-limit\=0 -fno-color-diagnostics -fmodules-prune-interval\=86400 -fmodules-prune-after\=345600 -fbuild-session-file\=/Users/siam/Library/Developer/Xcode/DerivedData/ModuleCache.noindex/Session.modulevalidation -fmodules-validate-once-per-build-session -Wnon-modular-include-in-framework-module -Werror\=non-modular-include-in-framework-module -Wno-trigraphs -Wno-missing-field-initializers -Wno-missing-prototypes -Wno-return-type -Wno-implicit-atomic-properties -Wno-objc-interface-ivars -Wno-arc-repeated-use-of-weak -Wno-missing-braces -Wparentheses -Wswitch -Wno-unused-function -Wno-unused-label -Wno-unused-parameter -Wno-unused-variable -Wunused-value -Wno-empty-body -Wno-uninitialized -Wno-unknown-pragmas -w -Wno-shadow -Wno-four-char-constants -Wno-conversion -Wno-constant-conversion -Wno-int-conversion -Wno-bool-conversion -Wno-enum-conversion -Wno-float-conversion -Wno-non-literal-null-conversion -Wno-objc-literal-conversion -Wshorten-64-to-32 -Wpointer-sign -Wno-newline-eof -Wno-selector -Wno-strict-selector-match -Wno-undeclared-selector -Wno-deprecated-implementations -Wno-implicit-fallthrough -fstrict-aliasing -Wprotocol -Wdeprecated-declarations -Wno-sign-conversion -Wno-infinite-recursion -Wno-comma -Wno-block-capture-autoreleasing -Wno-strict-prototypes -Wno-semicolon-before-method-body -index-store-path /Users/siam/Library/Developer/Xcode/DerivedData/Lingua_Quest-gvpckrqxtbgyprbgppjfqmimmmfw/Index.noindex/DataStore @/Users/siam/Library/Developer/Xcode/DerivedData/Lingua_Quest-gvpckrqxtbgyprbgppjfqmimmmfw/Build/Intermediates.noindex/abseil.build/Debug-iphonesimulator/abslWrapper.build/Objects-normal/arm64/e6072d4f65d7061329687fe24e3d63a7-common-args.resp -include /Users/siam/Library/Developer/Xcode/DerivedData/Lingua_Quest-gvpckrqxtbgyprbgppjfqmimmmfw/Build/Intermediates.noindex/abseil.build/Debug-iphonesimulator/abslWrapper.build/DerivedSources/resource_bundle_accessor.h -MMD -MT dependencies -MF /Users/siam/Library/Developer/Xcode/DerivedData/Lingua_Quest-gvpckrqxtbgyprbgppjfqmimmmfw/Build/Intermediates.noindex/abseil.build/Debug-iphonesimulator/abslWrapper.build/Objects-normal/arm64/empty.d --serialize-diagnostics /Users/siam/Library/Developer/Xcode/DerivedData/Lingua_Quest-gvpckrqxtbgyprbgppjfqmimmmfw/Build/Intermediates.noindex/abseil.build/Debug-iphonesimulator/abslWrapper.build/Objects-normal/arm64/empty.dia -c /Users/siam/Library/Developer/Xcode/DerivedData/Lingua_Quest-gvpckrqxtbgyprbgppjfqmimmmfw/SourcePackages/checkouts/abseil-cpp-binary/absl-Wrapper/empty.m -o /Users/siam/Library/Developer/Xcode/DerivedData/Lingua_Quest-gvpckrqxtbgyprbgppjfqmimmmfw/Build/Intermediates.noindex/abseil.build/Debug-iphonesimulator/abslWrapper.build/Objects-normal/arm64/empty.o -index-unit-output-path /abseil.build/Debug-iphonesimulator/abslWrapper.build/Objects-normal/arm64/empty.o

CompileC /Users/siam/Library/Developer/Xcode/DerivedData/Lingua_Quest-gvpckrqxtbgyprbgppjfqmimmmfw/Build/Intermediates.noindex/abseil.build/Debug-iphonesimulator/abslWrapper.build/Objects-normal/x86_64/resource_bundle_accessor.o /Users/siam/Library/Developer/Xcode/DerivedData/Lingua_Quest-gvpckrqxtbgyprbgppjfqmimmmfw/Build/Intermediates.noindex/abseil.build/Debug-iphonesimulator/abslWrapper.build/DerivedSources/resource_bundle_accessor.m normal x86_64 objective-c com.apple.compilers.llvm.clang.1_0.compiler (in target 'abslWrapper' from project 'abseil')
    cd /Users/siam/Desktop/Lingua\ Quest/Lingua\ Quest.xcodeproj
    
    Using response file: /Users/siam/Library/Developer/Xcode/DerivedData/Lingua_Quest-gvpckrqxtbgyprbgppjfqmimmmfw/Build/Intermediates.noindex/abseil.build/Debug-iphonesimulator/abslWrapper.build/Objects-normal/x86_64/e6072d4f65d7061329687fe24e3d63a7-common-args.resp
    
    /Applications/Xcode.app/Contents/Developer/Toolchains/XcodeDefault.xctoolchain/usr/bin/clang -x objective-c -ivfsstatcache /Users/siam/Library/Developer/Xcode/DerivedData/SDKStatCaches.noindex/iphonesimulator26.0-23A339-26257891a6c027eb51374368541b8346.sdkstatcache -fmessage-length\=0 -fdiagnostics-show-note-include-stack -fmacro-backtrace-limit\=0 -fno-color-diagnostics -fmodules-prune-interval\=86400 -fmodules-prune-after\=345600 -fbuild-session-file\=/Users/siam/Library/Developer/Xcode/DerivedData/ModuleCache.noindex/Session.modulevalidation -fmodules-validate-once-per-build-session -Wnon-modular-include-in-framework-module -Werror\=non-modular-include-in-framework-module -Wno-trigraphs -Wno-missing-field-initializers -Wno-missing-prototypes -Wno-return-type -Wno-implicit-atomic-properties -Wno-objc-interface-ivars -Wno-arc-repeated-use-of-weak -Wno-missing-braces -Wparentheses -Wswitch -Wno-unused-function -Wno-unused-label -Wno-unused-parameter -Wno-unused-variable -Wunused-value -Wno-empty-body -Wno-uninitialized -Wno-unknown-pragmas -w -Wno-shadow -Wno-four-char-constants -Wno-conversion -Wno-constant-conversion -Wno-int-conversion -Wno-bool-conversion -Wno-enum-conversion -Wno-float-conversion -Wno-non-literal-null-conversion -Wno-objc-literal-conversion -Wshorten-64-to-32 -Wpointer-sign -Wno-newline-eof -Wno-selector -Wno-strict-selector-match -Wno-undeclared-selector -Wno-deprecated-implementations -Wno-implicit-fallthrough -fstrict-aliasing -Wprotocol -Wdeprecated-declarations -Wno-sign-conversion -Wno-infinite-recursion -Wno-comma -Wno-block-capture-autoreleasing -Wno-strict-prototypes -Wno-semicolon-before-method-body -index-store-path /Users/siam/Library/Developer/Xcode/DerivedData/Lingua_Quest-gvpckrqxtbgyprbgppjfqmimmmfw/Index.noindex/DataStore @/Users/siam/Library/Developer/Xcode/DerivedData/Lingua_Quest-gvpckrqxtbgyprbgppjfqmimmmfw/Build/Intermediates.noindex/abseil.build/Debug-iphonesimulator/abslWrapper.build/Objects-normal/x86_64/e6072d4f65d7061329687fe24e3d63a7-common-args.resp -include /Users/siam/Library/Developer/Xcode/DerivedData/Lingua_Quest-gvpckrqxtbgyprbgppjfqmimmmfw/Build/Intermediates.noindex/abseil.build/Debug-iphonesimulator/abslWrapper.build/DerivedSources/resource_bundle_accessor.h -MMD -MT dependencies -MF /Users/siam/Library/Developer/Xcode/DerivedData/Lingua_Quest-gvpckrqxtbgyprbgppjfqmimmmfw/Build/Intermediates.noindex/abseil.build/Debug-iphonesimulator/abslWrapper.build/Objects-normal/x86_64/resource_bundle_accessor.d --serialize-diagnostics /Users/siam/Library/Developer/Xcode/DerivedData/Lingua_Quest-gvpckrqxtbgyprbgppjfqmimmmfw/Build/Intermediates.noindex/abseil.build/Debug-iphonesimulator/abslWrapper.build/Objects-normal/x86_64/resource_bundle_accessor.dia -c /Users/siam/Library/Developer/Xcode/DerivedData/Lingua_Quest-gvpckrqxtbgyprbgppjfqmimmmfw/Build/Intermediates.noindex/abseil.build/Debug-iphonesimulator/abslWrapper.build/DerivedSources/resource_bundle_accessor.m -o /Users/siam/Library/Developer/Xcode/DerivedData/Lingua_Quest-gvpckrqxtbgyprbgppjfqmimmmfw/Build/Intermediates.noindex/abseil.build/Debug-iphonesimulator/abslWrapper.build/Objects-normal/x86_64/resource_bundle_accessor.o -index-unit-output-path /abseil.build/Debug-iphonesimulator/abslWrapper.build/Objects-normal/x86_64/resource_bundle_accessor.o

CompileC /Users/siam/Library/Developer/Xcode/DerivedData/Lingua_Quest-gvpckrqxtbgyprbgppjfqmimmmfw/Build/Intermediates.noindex/abseil.build/Debug-iphonesimulator/abslWrapper.build/Objects-normal/x86_64/empty.o /Users/siam/Library/Developer/Xcode/DerivedData/Lingua_Quest-gvpckrqxtbgyprbgppjfqmimmmfw/SourcePackages/checkouts/abseil-cpp-binary/absl-Wrapper/empty.m normal x86_64 objective-c com.apple.compilers.llvm.clang.1_0.compiler (in target 'abslWrapper' from project 'abseil')
    cd /Users/siam/Desktop/Lingua\ Quest/Lingua\ Quest.xcodeproj
    
    Using response file: /Users/siam/Library/Developer/Xcode/DerivedData/Lingua_Quest-gvpckrqxtbgyprbgppjfqmimmmfw/Build/Intermediates.noindex/abseil.build/Debug-iphonesimulator/abslWrapper.build/Objects-normal/x86_64/e6072d4f65d7061329687fe24e3d63a7-common-args.resp
    
    /Applications/Xcode.app/Contents/Developer/Toolchains/XcodeDefault.xctoolchain/usr/bin/clang -x objective-c -ivfsstatcache /Users/siam/Library/Developer/Xcode/DerivedData/SDKStatCaches.noindex/iphonesimulator26.0-23A339-26257891a6c027eb51374368541b8346.sdkstatcache -fmessage-length\=0 -fdiagnostics-show-note-include-stack -fmacro-backtrace-limit\=0 -fno-color-diagnostics -fmodules-prune-interval\=86400 -fmodules-prune-after\=345600 -fbuild-session-file\=/Users/siam/Library/Developer/Xcode/DerivedData/ModuleCache.noindex/Session.modulevalidation -fmodules-validate-once-per-build-session -Wnon-modular-include-in-framework-module -Werror\=non-modular-include-in-framework-module -Wno-trigraphs -Wno-missing-field-initializers -Wno-missing-prototypes -Wno-return-type -Wno-implicit-atomic-properties -Wno-objc-interface-ivars -Wno-arc-repeated-use-of-weak -Wno-missing-braces -Wparentheses -Wswitch -Wno-unused-function -Wno-unused-label -Wno-unused-parameter -Wno-unused-variable -Wunused-value -Wno-empty-body -Wno-uninitialized -Wno-unknown-pragmas -w -Wno-shadow -Wno-four-char-constants -Wno-conversion -Wno-constant-conversion -Wno-int-conversion -Wno-bool-conversion -Wno-enum-conversion -Wno-float-conversion -Wno-non-literal-null-conversion -Wno-objc-literal-conversion -Wshorten-64-to-32 -Wpointer-sign -Wno-newline-eof -Wno-selector -Wno-strict-selector-match -Wno-undeclared-selector -Wno-deprecated-implementations -Wno-implicit-fallthrough -fstrict-aliasing -Wprotocol -Wdeprecated-declarations -Wno-sign-conversion -Wno-infinite-recursion -Wno-comma -Wno-block-capture-autoreleasing -Wno-strict-prototypes -Wno-semicolon-before-method-body -index-store-path /Users/siam/Library/Developer/Xcode/DerivedData/Lingua_Quest-gvpckrqxtbgyprbgppjfqmimmmfw/Index.noindex/DataStore @/Users/siam/Library/Developer/Xcode/DerivedData/Lingua_Quest-gvpckrqxtbgyprbgppjfqmimmmfw/Build/Intermediates.noindex/abseil.build/Debug-iphonesimulator/abslWrapper.build/Objects-normal/x86_64/e6072d4f65d7061329687fe24e3d63a7-common-args.resp -include /Users/siam/Library/Developer/Xcode/DerivedData/Lingua_Quest-gvpckrqxtbgyprbgppjfqmimmmfw/Build/Intermediates.noindex/abseil.build/Debug-iphonesimulator/abslWrapper.build/DerivedSources/resource_bundle_accessor.h -MMD -MT dependencies -MF /Users/siam/Library/Developer/Xcode/DerivedData/Lingua_Quest-gvpckrqxtbgyprbgppjfqmimmmfw/Build/Intermediates.noindex/abseil.build/Debug-iphonesimulator/abslWrapper.build/Objects-normal/x86_64/empty.d --serialize-diagnostics /Users/siam/Library/Developer/Xcode/DerivedData/Lingua_Quest-gvpckrqxtbgyprbgppjfqmimmmfw/Build/Intermediates.noindex/abseil.build/Debug-iphonesimulator/abslWrapper.build/Objects-normal/x86_64/empty.dia -c /Users/siam/Library/Developer/Xcode/DerivedData/Lingua_Quest-gvpckrqxtbgyprbgppjfqmimmmfw/SourcePackages/checkouts/abseil-cpp-binary/absl-Wrapper/empty.m -o /Users/siam/Library/Developer/Xcode/DerivedData/Lingua_Quest-gvpckrqxtbgyprbgppjfqmimmmfw/Build/Intermediates.noindex/abseil.build/Debug-iphonesimulator/abslWrapper.build/Objects-normal/x86_64/empty.o -index-unit-output-path /abseil.build/Debug-iphonesimulator/abslWrapper.build/Objects-normal/x86_64/empty.o

ScanDependencies /Users/siam/Library/Developer/Xcode/DerivedData/Lingua_Quest-gvpckrqxtbgyprbgppjfqmimmmfw/Build/Intermediates.noindex/InteropForGoogle.build/Debug-iphonesimulator/RecaptchaInterop.build/Objects-normal/x86_64/placeholder.o /Users/siam/Library/Developer/Xcode/DerivedData/Lingua_Quest-gvpckrqxtbgyprbgppjfqmimmmfw/SourcePackages/checkouts/interop-ios-for-google-sdks/RecaptchaEnterprise/RecaptchaInterop/placeholder.m normal x86_64 objective-c com.apple.compilers.llvm.clang.1_0.compiler (in target 'RecaptchaInterop' from project 'InteropForGoogle')
    cd /Users/siam/Desktop/Lingua\ Quest/Lingua\ Quest.xcodeproj
    
    Using response file: /Users/siam/Library/Developer/Xcode/DerivedData/Lingua_Quest-gvpckrqxtbgyprbgppjfqmimmmfw/Build/Intermediates.noindex/InteropForGoogle.build/Debug-iphonesimulator/RecaptchaInterop.build/Objects-normal/x86_64/e6072d4f65d7061329687fe24e3d63a7-common-args.resp
    
    builtin-ScanDependencies -o /Users/siam/Library/Developer/Xcode/DerivedData/Lingua_Quest-gvpckrqxtbgyprbgppjfqmimmmfw/Build/Intermediates.noindex/InteropForGoogle.build/Debug-iphonesimulator/RecaptchaInterop.build/Objects-normal/x86_64/placeholder.o.scan -- /Applications/Xcode.app/Contents/Developer/Toolchains/XcodeDefault.xctoolchain/usr/bin/clang -x objective-c -ivfsstatcache /Users/siam/Library/Developer/Xcode/DerivedData/SDKStatCaches.noindex/iphonesimulator26.0-23A339-26257891a6c027eb51374368541b8346.sdkstatcache -fmessage-length\=0 -fdiagnostics-show-note-include-stack -fmacro-backtrace-limit\=0 -fno-color-diagnostics -fmodules-prune-interval\=86400 -fmodules-prune-after\=345600 -fbuild-session-file\=/Users/siam/Library/Developer/Xcode/DerivedData/ModuleCache.noindex/Session.modulevalidation -fmodules-validate-once-per-build-session -Wnon-modular-include-in-framework-module -Werror\=non-modular-include-in-framework-module -Wno-trigraphs -Wno-missing-field-initializers -Wno-missing-prototypes -Wno-return-type -Wno-implicit-atomic-properties -Wno-objc-interface-ivars -Wno-arc-repeated-use-of-weak -Wno-missing-braces -Wparentheses -Wswitch -Wno-unused-function -Wno-unused-label -Wno-unused-parameter -Wno-unused-variable -Wunused-value -Wno-empty-body -Wno-uninitialized -Wno-unknown-pragmas -w -Wno-shadow -Wno-four-char-constants -Wno-conversion -Wno-constant-conversion -Wno-int-conversion -Wno-bool-conversion -Wno-enum-conversion -Wno-float-conversion -Wno-non-literal-null-conversion -Wno-objc-literal-conversion -Wshorten-64-to-32 -Wpointer-sign -Wno-newline-eof -Wno-selector -Wno-strict-selector-match -Wno-undeclared-selector -Wno-deprecated-implementations -Wno-implicit-fallthrough -fstrict-aliasing -Wprotocol -Wdeprecated-declarations -Wno-sign-conversion -Wno-infinite-recursion -Wno-comma -Wno-block-capture-autoreleasing -Wno-strict-prototypes -Wno-semicolon-before-method-body -index-store-path /Users/siam/Library/Developer/Xcode/DerivedData/Lingua_Quest-gvpckrqxtbgyprbgppjfqmimmmfw/Index.noindex/DataStore @/Users/siam/Library/Developer/Xcode/DerivedData/Lingua_Quest-gvpckrqxtbgyprbgppjfqmimmmfw/Build/Intermediates.noindex/InteropForGoogle.build/Debug-iphonesimulator/RecaptchaInterop.build/Objects-normal/x86_64/e6072d4f65d7061329687fe24e3d63a7-common-args.resp -MMD -MT dependencies -MF /Users/siam/Library/Developer/Xcode/DerivedData/Lingua_Quest-gvpckrqxtbgyprbgppjfqmimmmfw/Build/Intermediates.noindex/InteropForGoogle.build/Debug-iphonesimulator/RecaptchaInterop.build/Objects-normal/x86_64/placeholder.d --serialize-diagnostics /Users/siam/Library/Developer/Xcode/DerivedData/Lingua_Quest-gvpckrqxtbgyprbgppjfqmimmmfw/Build/Intermediates.noindex/InteropForGoogle.build/Debug-iphonesimulator/RecaptchaInterop.build/Objects-normal/x86_64/placeholder.dia -c /Users/siam/Library/Developer/Xcode/DerivedData/Lingua_Quest-gvpckrqxtbgyprbgppjfqmimmmfw/SourcePackages/checkouts/interop-ios-for-google-sdks/RecaptchaEnterprise/RecaptchaInterop/placeholder.m -o /Users/siam/Library/Developer/Xcode/DerivedData/Lingua_Quest-gvpckrqxtbgyprbgppjfqmimmmfw/Build/Intermediates.noindex/InteropForGoogle.build/Debug-iphonesimulator/RecaptchaInterop.build/Objects-normal/x86_64/placeholder.o -index-unit-output-path /InteropForGoogle.build/Debug-iphonesimulator/RecaptchaInterop.build/Objects-normal/x86_64/placeholder.o

ProcessInfoPlistFile /Users/siam/Library/Developer/Xcode/DerivedData/Lingua_Quest-gvpckrqxtbgyprbgppjfqmimmmfw/Build/Products/Debug-iphonesimulator/abseil_abslWrapper.bundle/Info.plist /Users/siam/Library/Developer/Xcode/DerivedData/Lingua_Quest-gvpckrqxtbgyprbgppjfqmimmmfw/Build/Intermediates.noindex/abseil.build/Debug-iphonesimulator/abseil_abslWrapper.build/empty-abseil_abslWrapper.plist (in target 'abseil_abslWrapper' from project 'abseil')
    cd /Users/siam/Library/Developer/Xcode/DerivedData/Lingua_Quest-gvpckrqxtbgyprbgppjfqmimmmfw/SourcePackages/checkouts/abseil-cpp-binary
    builtin-infoPlistUtility /Users/siam/Library/Developer/Xcode/DerivedData/Lingua_Quest-gvpckrqxtbgyprbgppjfqmimmmfw/Build/Intermediates.noindex/abseil.build/Debug-iphonesimulator/abseil_abslWrapper.build/empty-abseil_abslWrapper.plist -producttype com.apple.product-type.bundle -expandbuildsettings -format binary -platform iphonesimulator -o /Users/siam/Library/Developer/Xcode/DerivedData/Lingua_Quest-gvpckrqxtbgyprbgppjfqmimmmfw/Build/Products/Debug-iphonesimulator/abseil_abslWrapper.bundle/Info.plist

CompileC /Users/siam/Library/Developer/Xcode/DerivedData/Lingua_Quest-gvpckrqxtbgyprbgppjfqmimmmfw/Build/Intermediates.noindex/InteropForGoogle.build/Debug-iphonesimulator/RecaptchaInterop.build/Objects-normal/x86_64/placeholder.o /Users/siam/Library/Developer/Xcode/DerivedData/Lingua_Quest-gvpckrqxtbgyprbgppjfqmimmmfw/SourcePackages/checkouts/interop-ios-for-google-sdks/RecaptchaEnterprise/RecaptchaInterop/placeholder.m normal x86_64 objective-c com.apple.compilers.llvm.clang.1_0.compiler (in target 'RecaptchaInterop' from project 'InteropForGoogle')
    cd /Users/siam/Desktop/Lingua\ Quest/Lingua\ Quest.xcodeproj
    
    Using response file: /Users/siam/Library/Developer/Xcode/DerivedData/Lingua_Quest-gvpckrqxtbgyprbgppjfqmimmmfw/Build/Intermediates.noindex/InteropForGoogle.build/Debug-iphonesimulator/RecaptchaInterop.build/Objects-normal/x86_64/e6072d4f65d7061329687fe24e3d63a7-common-args.resp
    
    /Applications/Xcode.app/Contents/Developer/Toolchains/XcodeDefault.xctoolchain/usr/bin/clang -x objective-c -ivfsstatcache /Users/siam/Library/Developer/Xcode/DerivedData/SDKStatCaches.noindex/iphonesimulator26.0-23A339-26257891a6c027eb51374368541b8346.sdkstatcache -fmessage-length\=0 -fdiagnostics-show-note-include-stack -fmacro-backtrace-limit\=0 -fno-color-diagnostics -fmodules-prune-interval\=86400 -fmodules-prune-after\=345600 -fbuild-session-file\=/Users/siam/Library/Developer/Xcode/DerivedData/ModuleCache.noindex/Session.modulevalidation -fmodules-validate-once-per-build-session -Wnon-modular-include-in-framework-module -Werror\=non-modular-include-in-framework-module -Wno-trigraphs -Wno-missing-field-initializers -Wno-missing-prototypes -Wno-return-type -Wno-implicit-atomic-properties -Wno-objc-interface-ivars -Wno-arc-repeated-use-of-weak -Wno-missing-braces -Wparentheses -Wswitch -Wno-unused-function -Wno-unused-label -Wno-unused-parameter -Wno-unused-variable -Wunused-value -Wno-empty-body -Wno-uninitialized -Wno-unknown-pragmas -w -Wno-shadow -Wno-four-char-constants -Wno-conversion -Wno-constant-conversion -Wno-int-conversion -Wno-bool-conversion -Wno-enum-conversion -Wno-float-conversion -Wno-non-literal-null-conversion -Wno-objc-literal-conversion -Wshorten-64-to-32 -Wpointer-sign -Wno-newline-eof -Wno-selector -Wno-strict-selector-match -Wno-undeclared-selector -Wno-deprecated-implementations -Wno-implicit-fallthrough -fstrict-aliasing -Wprotocol -Wdeprecated-declarations -Wno-sign-conversion -Wno-infinite-recursion -Wno-comma -Wno-block-capture-autoreleasing -Wno-strict-prototypes -Wno-semicolon-before-method-body -index-store-path /Users/siam/Library/Developer/Xcode/DerivedData/Lingua_Quest-gvpckrqxtbgyprbgppjfqmimmmfw/Index.noindex/DataStore @/Users/siam/Library/Developer/Xcode/DerivedData/Lingua_Quest-gvpckrqxtbgyprbgppjfqmimmmfw/Build/Intermediates.noindex/InteropForGoogle.build/Debug-iphonesimulator/RecaptchaInterop.build/Objects-normal/x86_64/e6072d4f65d7061329687fe24e3d63a7-common-args.resp -MMD -MT dependencies -MF /Users/siam/Library/Developer/Xcode/DerivedData/Lingua_Quest-gvpckrqxtbgyprbgppjfqmimmmfw/Build/Intermediates.noindex/InteropForGoogle.build/Debug-iphonesimulator/RecaptchaInterop.build/Objects-normal/x86_64/placeholder.d --serialize-diagnostics /Users/siam/Library/Developer/Xcode/DerivedData/Lingua_Quest-gvpckrqxtbgyprbgppjfqmimmmfw/Build/Intermediates.noindex/InteropForGoogle.build/Debug-iphonesimulator/RecaptchaInterop.build/Objects-normal/x86_64/placeholder.dia -c /Users/siam/Library/Developer/Xcode/DerivedData/Lingua_Quest-gvpckrqxtbgyprbgppjfqmimmmfw/SourcePackages/checkouts/interop-ios-for-google-sdks/RecaptchaEnterprise/RecaptchaInterop/placeholder.m -o /Users/siam/Library/Developer/Xcode/DerivedData/Lingua_Quest-gvpckrqxtbgyprbgppjfqmimmmfw/Build/Intermediates.noindex/InteropForGoogle.build/Debug-iphonesimulator/RecaptchaInterop.build/Objects-normal/x86_64/placeholder.o -index-unit-output-path /InteropForGoogle.build/Debug-iphonesimulator/RecaptchaInterop.build/Objects-normal/x86_64/placeholder.o

ProcessInfoPlistFile /Users/siam/Library/Developer/Xcode/DerivedData/Lingua_Quest-gvpckrqxtbgyprbgppjfqmimmmfw/Build/Products/Debug-iphonesimulator/Swinject_Swinject.bundle/Info.plist /Users/siam/Library/Developer/Xcode/DerivedData/Lingua_Quest-gvpckrqxtbgyprbgppjfqmimmmfw/Build/Intermediates.noindex/Swinject.build/Debug-iphonesimulator/Swinject_Swinject.build/empty-Swinject_Swinject.plist (in target 'Swinject_Swinject' from project 'Swinject')
    cd /Users/siam/Library/Developer/Xcode/DerivedData/Lingua_Quest-gvpckrqxtbgyprbgppjfqmimmmfw/SourcePackages/checkouts/Swinject
    builtin-infoPlistUtility /Users/siam/Library/Developer/Xcode/DerivedData/Lingua_Quest-gvpckrqxtbgyprbgppjfqmimmmfw/Build/Intermediates.noindex/Swinject.build/Debug-iphonesimulator/Swinject_Swinject.build/empty-Swinject_Swinject.plist -producttype com.apple.product-type.bundle -expandbuildsettings -format binary -platform iphonesimulator -o /Users/siam/Library/Developer/Xcode/DerivedData/Lingua_Quest-gvpckrqxtbgyprbgppjfqmimmmfw/Build/Products/Debug-iphonesimulator/Swinject_Swinject.bundle/Info.plist

ScanDependencies /Users/siam/Library/Developer/Xcode/DerivedData/Lingua_Quest-gvpckrqxtbgyprbgppjfqmimmmfw/Build/Intermediates.noindex/InteropForGoogle.build/Debug-iphonesimulator/RecaptchaInterop.build/Objects-normal/arm64/placeholder.o /Users/siam/Library/Developer/Xcode/DerivedData/Lingua_Quest-gvpckrqxtbgyprbgppjfqmimmmfw/SourcePackages/checkouts/interop-ios-for-google-sdks/RecaptchaEnterprise/RecaptchaInterop/placeholder.m normal arm64 objective-c com.apple.compilers.llvm.clang.1_0.compiler (in target 'RecaptchaInterop' from project 'InteropForGoogle')
    cd /Users/siam/Desktop/Lingua\ Quest/Lingua\ Quest.xcodeproj
    
    Using response file: /Users/siam/Library/Developer/Xcode/DerivedData/Lingua_Quest-gvpckrqxtbgyprbgppjfqmimmmfw/Build/Intermediates.noindex/InteropForGoogle.build/Debug-iphonesimulator/RecaptchaInterop.build/Objects-normal/arm64/e6072d4f65d7061329687fe24e3d63a7-common-args.resp
    
    builtin-ScanDependencies -o /Users/siam/Library/Developer/Xcode/DerivedData/Lingua_Quest-gvpckrqxtbgyprbgppjfqmimmmfw/Build/Intermediates.noindex/InteropForGoogle.build/Debug-iphonesimulator/RecaptchaInterop.build/Objects-normal/arm64/placeholder.o.scan -- /Applications/Xcode.app/Contents/Developer/Toolchains/XcodeDefault.xctoolchain/usr/bin/clang -x objective-c -ivfsstatcache /Users/siam/Library/Developer/Xcode/DerivedData/SDKStatCaches.noindex/iphonesimulator26.0-23A339-26257891a6c027eb51374368541b8346.sdkstatcache -fmessage-length\=0 -fdiagnostics-show-note-include-stack -fmacro-backtrace-limit\=0 -fno-color-diagnostics -fmodules-prune-interval\=86400 -fmodules-prune-after\=345600 -fbuild-session-file\=/Users/siam/Library/Developer/Xcode/DerivedData/ModuleCache.noindex/Session.modulevalidation -fmodules-validate-once-per-build-session -Wnon-modular-include-in-framework-module -Werror\=non-modular-include-in-framework-module -Wno-trigraphs -Wno-missing-field-initializers -Wno-missing-prototypes -Wno-return-type -Wno-implicit-atomic-properties -Wno-objc-interface-ivars -Wno-arc-repeated-use-of-weak -Wno-missing-braces -Wparentheses -Wswitch -Wno-unused-function -Wno-unused-label -Wno-unused-parameter -Wno-unused-variable -Wunused-value -Wno-empty-body -Wno-uninitialized -Wno-unknown-pragmas -w -Wno-shadow -Wno-four-char-constants -Wno-conversion -Wno-constant-conversion -Wno-int-conversion -Wno-bool-conversion -Wno-enum-conversion -Wno-float-conversion -Wno-non-literal-null-conversion -Wno-objc-literal-conversion -Wshorten-64-to-32 -Wpointer-sign -Wno-newline-eof -Wno-selector -Wno-strict-selector-match -Wno-undeclared-selector -Wno-deprecated-implementations -Wno-implicit-fallthrough -fstrict-aliasing -Wprotocol -Wdeprecated-declarations -Wno-sign-conversion -Wno-infinite-recursion -Wno-comma -Wno-block-capture-autoreleasing -Wno-strict-prototypes -Wno-semicolon-before-method-body -index-store-path /Users/siam/Library/Developer/Xcode/DerivedData/Lingua_Quest-gvpckrqxtbgyprbgppjfqmimmmfw/Index.noindex/DataStore @/Users/siam/Library/Developer/Xcode/DerivedData/Lingua_Quest-gvpckrqxtbgyprbgppjfqmimmmfw/Build/Intermediates.noindex/InteropForGoogle.build/Debug-iphonesimulator/RecaptchaInterop.build/Objects-normal/arm64/e6072d4f65d7061329687fe24e3d63a7-common-args.resp -MMD -MT dependencies -MF /Users/siam/Library/Developer/Xcode/DerivedData/Lingua_Quest-gvpckrqxtbgyprbgppjfqmimmmfw/Build/Intermediates.noindex/InteropForGoogle.build/Debug-iphonesimulator/RecaptchaInterop.build/Objects-normal/arm64/placeholder.d --serialize-diagnostics /Users/siam/Library/Developer/Xcode/DerivedData/Lingua_Quest-gvpckrqxtbgyprbgppjfqmimmmfw/Build/Intermediates.noindex/InteropForGoogle.build/Debug-iphonesimulator/RecaptchaInterop.build/Objects-normal/arm64/placeholder.dia -c /Users/siam/Library/Developer/Xcode/DerivedData/Lingua_Quest-gvpckrqxtbgyprbgppjfqmimmmfw/SourcePackages/checkouts/interop-ios-for-google-sdks/RecaptchaEnterprise/RecaptchaInterop/placeholder.m -o /Users/siam/Library/Developer/Xcode/DerivedData/Lingua_Quest-gvpckrqxtbgyprbgppjfqmimmmfw/Build/Intermediates.noindex/InteropForGoogle.build/Debug-iphonesimulator/RecaptchaInterop.build/Objects-normal/arm64/placeholder.o -index-unit-output-path /InteropForGoogle.build/Debug-iphonesimulator/RecaptchaInterop.build/Objects-normal/arm64/placeholder.o

ScanDependencies /Users/siam/Library/Developer/Xcode/DerivedData/Lingua_Quest-gvpckrqxtbgyprbgppjfqmimmmfw/Build/Intermediates.noindex/gRPC.build/Debug-iphonesimulator/grpcppWrapper.build/Objects-normal/x86_64/resource_bundle_accessor.o /Users/siam/Library/Developer/Xcode/DerivedData/Lingua_Quest-gvpckrqxtbgyprbgppjfqmimmmfw/Build/Intermediates.noindex/gRPC.build/Debug-iphonesimulator/grpcppWrapper.build/DerivedSources/resource_bundle_accessor.m normal x86_64 objective-c com.apple.compilers.llvm.clang.1_0.compiler (in target 'grpcppWrapper' from project 'gRPC')
    cd /Users/siam/Desktop/Lingua\ Quest/Lingua\ Quest.xcodeproj
    
    Using response file: /Users/siam/Library/Developer/Xcode/DerivedData/Lingua_Quest-gvpckrqxtbgyprbgppjfqmimmmfw/Build/Intermediates.noindex/gRPC.build/Debug-iphonesimulator/grpcppWrapper.build/Objects-normal/x86_64/e6072d4f65d7061329687fe24e3d63a7-common-args.resp
    
    builtin-ScanDependencies -o /Users/siam/Library/Developer/Xcode/DerivedData/Lingua_Quest-gvpckrqxtbgyprbgppjfqmimmmfw/Build/Intermediates.noindex/gRPC.build/Debug-iphonesimulator/grpcppWrapper.build/Objects-normal/x86_64/resource_bundle_accessor.o.scan -- /Applications/Xcode.app/Contents/Developer/Toolchains/XcodeDefault.xctoolchain/usr/bin/clang -x objective-c -ivfsstatcache /Users/siam/Library/Developer/Xcode/DerivedData/SDKStatCaches.noindex/iphonesimulator26.0-23A339-26257891a6c027eb51374368541b8346.sdkstatcache -fmessage-length\=0 -fdiagnostics-show-note-include-stack -fmacro-backtrace-limit\=0 -fno-color-diagnostics -fmodules-prune-interval\=86400 -fmodules-prune-after\=345600 -fbuild-session-file\=/Users/siam/Library/Developer/Xcode/DerivedData/ModuleCache.noindex/Session.modulevalidation -fmodules-validate-once-per-build-session -Wnon-modular-include-in-framework-module -Werror\=non-modular-include-in-framework-module -Wno-trigraphs -Wno-missing-field-initializers -Wno-missing-prototypes -Wno-return-type -Wno-implicit-atomic-properties -Wno-objc-interface-ivars -Wno-arc-repeated-use-of-weak -Wno-missing-braces -Wparentheses -Wswitch -Wno-unused-function -Wno-unused-label -Wno-unused-parameter -Wno-unused-variable -Wunused-value -Wno-empty-body -Wno-uninitialized -Wno-unknown-pragmas -w -Wno-shadow -Wno-four-char-constants -Wno-conversion -Wno-constant-conversion -Wno-int-conversion -Wno-bool-conversion -Wno-enum-conversion -Wno-float-conversion -Wno-non-literal-null-conversion -Wno-objc-literal-conversion -Wshorten-64-to-32 -Wpointer-sign -Wno-newline-eof -Wno-selector -Wno-strict-selector-match -Wno-undeclared-selector -Wno-deprecated-implementations -Wno-implicit-fallthrough -fstrict-aliasing -Wprotocol -Wdeprecated-declarations -Wno-sign-conversion -Wno-infinite-recursion -Wno-comma -Wno-block-capture-autoreleasing -Wno-strict-prototypes -Wno-semicolon-before-method-body -index-store-path /Users/siam/Library/Developer/Xcode/DerivedData/Lingua_Quest-gvpckrqxtbgyprbgppjfqmimmmfw/Index.noindex/DataStore @/Users/siam/Library/Developer/Xcode/DerivedData/Lingua_Quest-gvpckrqxtbgyprbgppjfqmimmmfw/Build/Intermediates.noindex/gRPC.build/Debug-iphonesimulator/grpcppWrapper.build/Objects-normal/x86_64/e6072d4f65d7061329687fe24e3d63a7-common-args.resp -include /Users/siam/Library/Developer/Xcode/DerivedData/Lingua_Quest-gvpckrqxtbgyprbgppjfqmimmmfw/Build/Intermediates.noindex/gRPC.build/Debug-iphonesimulator/grpcppWrapper.build/DerivedSources/resource_bundle_accessor.h -MMD -MT dependencies -MF /Users/siam/Library/Developer/Xcode/DerivedData/Lingua_Quest-gvpckrqxtbgyprbgppjfqmimmmfw/Build/Intermediates.noindex/gRPC.build/Debug-iphonesimulator/grpcppWrapper.build/Objects-normal/x86_64/resource_bundle_accessor.d --serialize-diagnostics /Users/siam/Library/Developer/Xcode/DerivedData/Lingua_Quest-gvpckrqxtbgyprbgppjfqmimmmfw/Build/Intermediates.noindex/gRPC.build/Debug-iphonesimulator/grpcppWrapper.build/Objects-normal/x86_64/resource_bundle_accessor.dia -c /Users/siam/Library/Developer/Xcode/DerivedData/Lingua_Quest-gvpckrqxtbgyprbgppjfqmimmmfw/Build/Intermediates.noindex/gRPC.build/Debug-iphonesimulator/grpcppWrapper.build/DerivedSources/resource_bundle_accessor.m -o /Users/siam/Library/Developer/Xcode/DerivedData/Lingua_Quest-gvpckrqxtbgyprbgppjfqmimmmfw/Build/Intermediates.noindex/gRPC.build/Debug-iphonesimulator/grpcppWrapper.build/Objects-normal/x86_64/resource_bundle_accessor.o -index-unit-output-path /gRPC.build/Debug-iphonesimulator/grpcppWrapper.build/Objects-normal/x86_64/resource_bundle_accessor.o

ScanDependencies /Users/siam/Library/Developer/Xcode/DerivedData/Lingua_Quest-gvpckrqxtbgyprbgppjfqmimmmfw/Build/Intermediates.noindex/gRPC.build/Debug-iphonesimulator/grpcppWrapper.build/Objects-normal/x86_64/empty.o /Users/siam/Library/Developer/Xcode/DerivedData/Lingua_Quest-gvpckrqxtbgyprbgppjfqmimmmfw/SourcePackages/checkouts/grpc-binary/grpcpp-Wrapper/empty.m normal x86_64 objective-c com.apple.compilers.llvm.clang.1_0.compiler (in target 'grpcppWrapper' from project 'gRPC')
    cd /Users/siam/Desktop/Lingua\ Quest/Lingua\ Quest.xcodeproj
    
    Using response file: /Users/siam/Library/Developer/Xcode/DerivedData/Lingua_Quest-gvpckrqxtbgyprbgppjfqmimmmfw/Build/Intermediates.noindex/gRPC.build/Debug-iphonesimulator/grpcppWrapper.build/Objects-normal/x86_64/e6072d4f65d7061329687fe24e3d63a7-common-args.resp
    
    builtin-ScanDependencies -o /Users/siam/Library/Developer/Xcode/DerivedData/Lingua_Quest-gvpckrqxtbgyprbgppjfqmimmmfw/Build/Intermediates.noindex/gRPC.build/Debug-iphonesimulator/grpcppWrapper.build/Objects-normal/x86_64/empty.o.scan -- /Applications/Xcode.app/Contents/Developer/Toolchains/XcodeDefault.xctoolchain/usr/bin/clang -x objective-c -ivfsstatcache /Users/siam/Library/Developer/Xcode/DerivedData/SDKStatCaches.noindex/iphonesimulator26.0-23A339-26257891a6c027eb51374368541b8346.sdkstatcache -fmessage-length\=0 -fdiagnostics-show-note-include-stack -fmacro-backtrace-limit\=0 -fno-color-diagnostics -fmodules-prune-interval\=86400 -fmodules-prune-after\=345600 -fbuild-session-file\=/Users/siam/Library/Developer/Xcode/DerivedData/ModuleCache.noindex/Session.modulevalidation -fmodules-validate-once-per-build-session -Wnon-modular-include-in-framework-module -Werror\=non-modular-include-in-framework-module -Wno-trigraphs -Wno-missing-field-initializers -Wno-missing-prototypes -Wno-return-type -Wno-implicit-atomic-properties -Wno-objc-interface-ivars -Wno-arc-repeated-use-of-weak -Wno-missing-braces -Wparentheses -Wswitch -Wno-unused-function -Wno-unused-label -Wno-unused-parameter -Wno-unused-variable -Wunused-value -Wno-empty-body -Wno-uninitialized -Wno-unknown-pragmas -w -Wno-shadow -Wno-four-char-constants -Wno-conversion -Wno-constant-conversion -Wno-int-conversion -Wno-bool-conversion -Wno-enum-conversion -Wno-float-conversion -Wno-non-literal-null-conversion -Wno-objc-literal-conversion -Wshorten-64-to-32 -Wpointer-sign -Wno-newline-eof -Wno-selector -Wno-strict-selector-match -Wno-undeclared-selector -Wno-deprecated-implementations -Wno-implicit-fallthrough -fstrict-aliasing -Wprotocol -Wdeprecated-declarations -Wno-sign-conversion -Wno-infinite-recursion -Wno-comma -Wno-block-capture-autoreleasing -Wno-strict-prototypes -Wno-semicolon-before-method-body -index-store-path /Users/siam/Library/Developer/Xcode/DerivedData/Lingua_Quest-gvpckrqxtbgyprbgppjfqmimmmfw/Index.noindex/DataStore @/Users/siam/Library/Developer/Xcode/DerivedData/Lingua_Quest-gvpckrqxtbgyprbgppjfqmimmmfw/Build/Intermediates.noindex/gRPC.build/Debug-iphonesimulator/grpcppWrapper.build/Objects-normal/x86_64/e6072d4f65d7061329687fe24e3d63a7-common-args.resp -include /Users/siam/Library/Developer/Xcode/DerivedData/Lingua_Quest-gvpckrqxtbgyprbgppjfqmimmmfw/Build/Intermediates.noindex/gRPC.build/Debug-iphonesimulator/grpcppWrapper.build/DerivedSources/resource_bundle_accessor.h -MMD -MT dependencies -MF /Users/siam/Library/Developer/Xcode/DerivedData/Lingua_Quest-gvpckrqxtbgyprbgppjfqmimmmfw/Build/Intermediates.noindex/gRPC.build/Debug-iphonesimulator/grpcppWrapper.build/Objects-normal/x86_64/empty.d --serialize-diagnostics /Users/siam/Library/Developer/Xcode/DerivedData/Lingua_Quest-gvpckrqxtbgyprbgppjfqmimmmfw/Build/Intermediates.noindex/gRPC.build/Debug-iphonesimulator/grpcppWrapper.build/Objects-normal/x86_64/empty.dia -c /Users/siam/Library/Developer/Xcode/DerivedData/Lingua_Quest-gvpckrqxtbgyprbgppjfqmimmmfw/SourcePackages/checkouts/grpc-binary/grpcpp-Wrapper/empty.m -o /Users/siam/Library/Developer/Xcode/DerivedData/Lingua_Quest-gvpckrqxtbgyprbgppjfqmimmmfw/Build/Intermediates.noindex/gRPC.build/Debug-iphonesimulator/grpcppWrapper.build/Objects-normal/x86_64/empty.o -index-unit-output-path /gRPC.build/Debug-iphonesimulator/grpcppWrapper.build/Objects-normal/x86_64/empty.o

CompileC /Users/siam/Library/Developer/Xcode/DerivedData/Lingua_Quest-gvpckrqxtbgyprbgppjfqmimmmfw/Build/Intermediates.noindex/InteropForGoogle.build/Debug-iphonesimulator/RecaptchaInterop.build/Objects-normal/arm64/placeholder.o /Users/siam/Library/Developer/Xcode/DerivedData/Lingua_Quest-gvpckrqxtbgyprbgppjfqmimmmfw/SourcePackages/checkouts/interop-ios-for-google-sdks/RecaptchaEnterprise/RecaptchaInterop/placeholder.m normal arm64 objective-c com.apple.compilers.llvm.clang.1_0.compiler (in target 'RecaptchaInterop' from project 'InteropForGoogle')
    cd /Users/siam/Desktop/Lingua\ Quest/Lingua\ Quest.xcodeproj
    
    Using response file: /Users/siam/Library/Developer/Xcode/DerivedData/Lingua_Quest-gvpckrqxtbgyprbgppjfqmimmmfw/Build/Intermediates.noindex/InteropForGoogle.build/Debug-iphonesimulator/RecaptchaInterop.build/Objects-normal/arm64/e6072d4f65d7061329687fe24e3d63a7-common-args.resp
    
    /Applications/Xcode.app/Contents/Developer/Toolchains/XcodeDefault.xctoolchain/usr/bin/clang -x objective-c -ivfsstatcache /Users/siam/Library/Developer/Xcode/DerivedData/SDKStatCaches.noindex/iphonesimulator26.0-23A339-26257891a6c027eb51374368541b8346.sdkstatcache -fmessage-length\=0 -fdiagnostics-show-note-include-stack -fmacro-backtrace-limit\=0 -fno-color-diagnostics -fmodules-prune-interval\=86400 -fmodules-prune-after\=345600 -fbuild-session-file\=/Users/siam/Library/Developer/Xcode/DerivedData/ModuleCache.noindex/Session.modulevalidation -fmodules-validate-once-per-build-session -Wnon-modular-include-in-framework-module -Werror\=non-modular-include-in-framework-module -Wno-trigraphs -Wno-missing-field-initializers -Wno-missing-prototypes -Wno-return-type -Wno-implicit-atomic-properties -Wno-objc-interface-ivars -Wno-arc-repeated-use-of-weak -Wno-missing-braces -Wparentheses -Wswitch -Wno-unused-function -Wno-unused-label -Wno-unused-parameter -Wno-unused-variable -Wunused-value -Wno-empty-body -Wno-uninitialized -Wno-unknown-pragmas -w -Wno-shadow -Wno-four-char-constants -Wno-conversion -Wno-constant-conversion -Wno-int-conversion -Wno-bool-conversion -Wno-enum-conversion -Wno-float-conversion -Wno-non-literal-null-conversion -Wno-objc-literal-conversion -Wshorten-64-to-32 -Wpointer-sign -Wno-newline-eof -Wno-selector -Wno-strict-selector-match -Wno-undeclared-selector -Wno-deprecated-implementations -Wno-implicit-fallthrough -fstrict-aliasing -Wprotocol -Wdeprecated-declarations -Wno-sign-conversion -Wno-infinite-recursion -Wno-comma -Wno-block-capture-autoreleasing -Wno-strict-prototypes -Wno-semicolon-before-method-body -index-store-path /Users/siam/Library/Developer/Xcode/DerivedData/Lingua_Quest-gvpckrqxtbgyprbgppjfqmimmmfw/Index.noindex/DataStore @/Users/siam/Library/Developer/Xcode/DerivedData/Lingua_Quest-gvpckrqxtbgyprbgppjfqmimmmfw/Build/Intermediates.noindex/InteropForGoogle.build/Debug-iphonesimulator/RecaptchaInterop.build/Objects-normal/arm64/e6072d4f65d7061329687fe24e3d63a7-common-args.resp -MMD -MT dependencies -MF /Users/siam/Library/Developer/Xcode/DerivedData/Lingua_Quest-gvpckrqxtbgyprbgppjfqmimmmfw/Build/Intermediates.noindex/InteropForGoogle.build/Debug-iphonesimulator/RecaptchaInterop.build/Objects-normal/arm64/placeholder.d --serialize-diagnostics /Users/siam/Library/Developer/Xcode/DerivedData/Lingua_Quest-gvpckrqxtbgyprbgppjfqmimmmfw/Build/Intermediates.noindex/InteropForGoogle.build/Debug-iphonesimulator/RecaptchaInterop.build/Objects-normal/arm64/placeholder.dia -c /Users/siam/Library/Developer/Xcode/DerivedData/Lingua_Quest-gvpckrqxtbgyprbgppjfqmimmmfw/SourcePackages/checkouts/interop-ios-for-google-sdks/RecaptchaEnterprise/RecaptchaInterop/placeholder.m -o /Users/siam/Library/Developer/Xcode/DerivedData/Lingua_Quest-gvpckrqxtbgyprbgppjfqmimmmfw/Build/Intermediates.noindex/InteropForGoogle.build/Debug-iphonesimulator/RecaptchaInterop.build/Objects-normal/arm64/placeholder.o -index-unit-output-path /InteropForGoogle.build/Debug-iphonesimulator/RecaptchaInterop.build/Objects-normal/arm64/placeholder.o

Ld /Users/siam/Library/Developer/Xcode/DerivedData/Lingua_Quest-gvpckrqxtbgyprbgppjfqmimmmfw/Build/Intermediates.noindex/InteropForGoogle.build/Debug-iphonesimulator/RecaptchaInterop.build/Objects-normal/x86_64/Binary/RecaptchaInterop.o normal x86_64 (in target 'RecaptchaInterop' from project 'InteropForGoogle')
    cd /Users/siam/Library/Developer/Xcode/DerivedData/Lingua_Quest-gvpckrqxtbgyprbgppjfqmimmmfw/SourcePackages/checkouts/interop-ios-for-google-sdks
    /Applications/Xcode.app/Contents/Developer/Toolchains/XcodeDefault.xctoolchain/usr/bin/clang -Xlinker -reproducible -target x86_64-apple-ios12.0-simulator -r -isysroot /Applications/Xcode.app/Contents/Developer/Platforms/iPhoneSimulator.platform/Developer/SDKs/iPhoneSimulator26.0.sdk -O0 -w -L/Users/siam/Library/Developer/Xcode/DerivedData/Lingua_Quest-gvpckrqxtbgyprbgppjfqmimmmfw/Build/Intermediates.noindex/EagerLinkingTBDs/Debug-iphonesimulator -L/Users/siam/Library/Developer/Xcode/DerivedData/Lingua_Quest-gvpckrqxtbgyprbgppjfqmimmmfw/Build/Products/Debug-iphonesimulator -L/Applications/Xcode.app/Contents/Developer/Platforms/iPhoneSimulator.platform/Developer/usr/lib -F/Users/siam/Library/Developer/Xcode/DerivedData/Lingua_Quest-gvpckrqxtbgyprbgppjfqmimmmfw/Build/Intermediates.noindex/EagerLinkingTBDs/Debug-iphonesimulator -F/Users/siam/Library/Developer/Xcode/DerivedData/Lingua_Quest-gvpckrqxtbgyprbgppjfqmimmmfw/Build/Products/Debug-iphonesimulator -iframework /Applications/Xcode.app/Contents/Developer/Platforms/iPhoneSimulator.platform/Developer/Library/Frameworks -iframework /Applications/Xcode.app/Contents/Developer/Platforms/iPhoneSimulator.platform/Developer/SDKs/iPhoneSimulator26.0.sdk/Developer/Library/Frameworks -filelist /Users/siam/Library/Developer/Xcode/DerivedData/Lingua_Quest-gvpckrqxtbgyprbgppjfqmimmmfw/Build/Intermediates.noindex/InteropForGoogle.build/Debug-iphonesimulator/RecaptchaInterop.build/Objects-normal/x86_64/RecaptchaInterop.LinkFileList -nostdlib -Xlinker -object_path_lto -Xlinker /Users/siam/Library/Developer/Xcode/DerivedData/Lingua_Quest-gvpckrqxtbgyprbgppjfqmimmmfw/Build/Intermediates.noindex/InteropForGoogle.build/Debug-iphonesimulator/RecaptchaInterop.build/Objects-normal/x86_64/RecaptchaInterop_lto.o -rdynamic -Xlinker -no_deduplicate -Xlinker -objc_abi_version -Xlinker 2 -Xlinker -debug_variant -Xlinker -dependency_info -Xlinker /Users/siam/Library/Developer/Xcode/DerivedData/Lingua_Quest-gvpckrqxtbgyprbgppjfqmimmmfw/Build/Intermediates.noindex/InteropForGoogle.build/Debug-iphonesimulator/RecaptchaInterop.build/Objects-normal/x86_64/RecaptchaInterop_dependency_info.dat -fobjc-arc -fobjc-link-runtime -o /Users/siam/Library/Developer/Xcode/DerivedData/Lingua_Quest-gvpckrqxtbgyprbgppjfqmimmmfw/Build/Intermediates.noindex/InteropForGoogle.build/Debug-iphonesimulator/RecaptchaInterop.build/Objects-normal/x86_64/Binary/RecaptchaInterop.o

Ld /Users/siam/Library/Developer/Xcode/DerivedData/Lingua_Quest-gvpckrqxtbgyprbgppjfqmimmmfw/Build/Intermediates.noindex/InteropForGoogle.build/Debug-iphonesimulator/RecaptchaInterop.build/Objects-normal/arm64/Binary/RecaptchaInterop.o normal arm64 (in target 'RecaptchaInterop' from project 'InteropForGoogle')
    cd /Users/siam/Library/Developer/Xcode/DerivedData/Lingua_Quest-gvpckrqxtbgyprbgppjfqmimmmfw/SourcePackages/checkouts/interop-ios-for-google-sdks
    /Applications/Xcode.app/Contents/Developer/Toolchains/XcodeDefault.xctoolchain/usr/bin/clang -Xlinker -reproducible -target arm64-apple-ios12.0-simulator -r -isysroot /Applications/Xcode.app/Contents/Developer/Platforms/iPhoneSimulator.platform/Developer/SDKs/iPhoneSimulator26.0.sdk -O0 -w -L/Users/siam/Library/Developer/Xcode/DerivedData/Lingua_Quest-gvpckrqxtbgyprbgppjfqmimmmfw/Build/Intermediates.noindex/EagerLinkingTBDs/Debug-iphonesimulator -L/Users/siam/Library/Developer/Xcode/DerivedData/Lingua_Quest-gvpckrqxtbgyprbgppjfqmimmmfw/Build/Products/Debug-iphonesimulator -L/Applications/Xcode.app/Contents/Developer/Platforms/iPhoneSimulator.platform/Developer/usr/lib -F/Users/siam/Library/Developer/Xcode/DerivedData/Lingua_Quest-gvpckrqxtbgyprbgppjfqmimmmfw/Build/Intermediates.noindex/EagerLinkingTBDs/Debug-iphonesimulator -F/Users/siam/Library/Developer/Xcode/DerivedData/Lingua_Quest-gvpckrqxtbgyprbgppjfqmimmmfw/Build/Products/Debug-iphonesimulator -iframework /Applications/Xcode.app/Contents/Developer/Platforms/iPhoneSimulator.platform/Developer/Library/Frameworks -iframework /Applications/Xcode.app/Contents/Developer/Platforms/iPhoneSimulator.platform/Developer/SDKs/iPhoneSimulator26.0.sdk/Developer/Library/Frameworks -filelist /Users/siam/Library/Developer/Xcode/DerivedData/Lingua_Quest-gvpckrqxtbgyprbgppjfqmimmmfw/Build/Intermediates.noindex/InteropForGoogle.build/Debug-iphonesimulator/RecaptchaInterop.build/Objects-normal/arm64/RecaptchaInterop.LinkFileList -nostdlib -Xlinker -object_path_lto -Xlinker /Users/siam/Library/Developer/Xcode/DerivedData/Lingua_Quest-gvpckrqxtbgyprbgppjfqmimmmfw/Build/Intermediates.noindex/InteropForGoogle.build/Debug-iphonesimulator/RecaptchaInterop.build/Objects-normal/arm64/RecaptchaInterop_lto.o -rdynamic -Xlinker -no_deduplicate -Xlinker -objc_abi_version -Xlinker 2 -Xlinker -debug_variant -Xlinker -dependency_info -Xlinker /Users/siam/Library/Developer/Xcode/DerivedData/Lingua_Quest-gvpckrqxtbgyprbgppjfqmimmmfw/Build/Intermediates.noindex/InteropForGoogle.build/Debug-iphonesimulator/RecaptchaInterop.build/Objects-normal/arm64/RecaptchaInterop_dependency_info.dat -fobjc-arc -fobjc-link-runtime -o /Users/siam/Library/Developer/Xcode/DerivedData/Lingua_Quest-gvpckrqxtbgyprbgppjfqmimmmfw/Build/Intermediates.noindex/InteropForGoogle.build/Debug-iphonesimulator/RecaptchaInterop.build/Objects-normal/arm64/Binary/RecaptchaInterop.o

CompileC /Users/siam/Library/Developer/Xcode/DerivedData/Lingua_Quest-gvpckrqxtbgyprbgppjfqmimmmfw/Build/Intermediates.noindex/gRPC.build/Debug-iphonesimulator/grpcppWrapper.build/Objects-normal/x86_64/resource_bundle_accessor.o /Users/siam/Library/Developer/Xcode/DerivedData/Lingua_Quest-gvpckrqxtbgyprbgppjfqmimmmfw/Build/Intermediates.noindex/gRPC.build/Debug-iphonesimulator/grpcppWrapper.build/DerivedSources/resource_bundle_accessor.m normal x86_64 objective-c com.apple.compilers.llvm.clang.1_0.compiler (in target 'grpcppWrapper' from project 'gRPC')
    cd /Users/siam/Desktop/Lingua\ Quest/Lingua\ Quest.xcodeproj
    
    Using response file: /Users/siam/Library/Developer/Xcode/DerivedData/Lingua_Quest-gvpckrqxtbgyprbgppjfqmimmmfw/Build/Intermediates.noindex/gRPC.build/Debug-iphonesimulator/grpcppWrapper.build/Objects-normal/x86_64/e6072d4f65d7061329687fe24e3d63a7-common-args.resp
    
    /Applications/Xcode.app/Contents/Developer/Toolchains/XcodeDefault.xctoolchain/usr/bin/clang -x objective-c -ivfsstatcache /Users/siam/Library/Developer/Xcode/DerivedData/SDKStatCaches.noindex/iphonesimulator26.0-23A339-26257891a6c027eb51374368541b8346.sdkstatcache -fmessage-length\=0 -fdiagnostics-show-note-include-stack -fmacro-backtrace-limit\=0 -fno-color-diagnostics -fmodules-prune-interval\=86400 -fmodules-prune-after\=345600 -fbuild-session-file\=/Users/siam/Library/Developer/Xcode/DerivedData/ModuleCache.noindex/Session.modulevalidation -fmodules-validate-once-per-build-session -Wnon-modular-include-in-framework-module -Werror\=non-modular-include-in-framework-module -Wno-trigraphs -Wno-missing-field-initializers -Wno-missing-prototypes -Wno-return-type -Wno-implicit-atomic-properties -Wno-objc-interface-ivars -Wno-arc-repeated-use-of-weak -Wno-missing-braces -Wparentheses -Wswitch -Wno-unused-function -Wno-unused-label -Wno-unused-parameter -Wno-unused-variable -Wunused-value -Wno-empty-body -Wno-uninitialized -Wno-unknown-pragmas -w -Wno-shadow -Wno-four-char-constants -Wno-conversion -Wno-constant-conversion -Wno-int-conversion -Wno-bool-conversion -Wno-enum-conversion -Wno-float-conversion -Wno-non-literal-null-conversion -Wno-objc-literal-conversion -Wshorten-64-to-32 -Wpointer-sign -Wno-newline-eof -Wno-selector -Wno-strict-selector-match -Wno-undeclared-selector -Wno-deprecated-implementations -Wno-implicit-fallthrough -fstrict-aliasing -Wprotocol -Wdeprecated-declarations -Wno-sign-conversion -Wno-infinite-recursion -Wno-comma -Wno-block-capture-autoreleasing -Wno-strict-prototypes -Wno-semicolon-before-method-body -index-store-path /Users/siam/Library/Developer/Xcode/DerivedData/Lingua_Quest-gvpckrqxtbgyprbgppjfqmimmmfw/Index.noindex/DataStore @/Users/siam/Library/Developer/Xcode/DerivedData/Lingua_Quest-gvpckrqxtbgyprbgppjfqmimmmfw/Build/Intermediates.noindex/gRPC.build/Debug-iphonesimulator/grpcppWrapper.build/Objects-normal/x86_64/e6072d4f65d7061329687fe24e3d63a7-common-args.resp -include /Users/siam/Library/Developer/Xcode/DerivedData/Lingua_Quest-gvpckrqxtbgyprbgppjfqmimmmfw/Build/Intermediates.noindex/gRPC.build/Debug-iphonesimulator/grpcppWrapper.build/DerivedSources/resource_bundle_accessor.h -MMD -MT dependencies -MF /Users/siam/Library/Developer/Xcode/DerivedData/Lingua_Quest-gvpckrqxtbgyprbgppjfqmimmmfw/Build/Intermediates.noindex/gRPC.build/Debug-iphonesimulator/grpcppWrapper.build/Objects-normal/x86_64/resource_bundle_accessor.d --serialize-diagnostics /Users/siam/Library/Developer/Xcode/DerivedData/Lingua_Quest-gvpckrqxtbgyprbgppjfqmimmmfw/Build/Intermediates.noindex/gRPC.build/Debug-iphonesimulator/grpcppWrapper.build/Objects-normal/x86_64/resource_bundle_accessor.dia -c /Users/siam/Library/Developer/Xcode/DerivedData/Lingua_Quest-gvpckrqxtbgyprbgppjfqmimmmfw/Build/Intermediates.noindex/gRPC.build/Debug-iphonesimulator/grpcppWrapper.build/DerivedSources/resource_bundle_accessor.m -o /Users/siam/Library/Developer/Xcode/DerivedData/Lingua_Quest-gvpckrqxtbgyprbgppjfqmimmmfw/Build/Intermediates.noindex/gRPC.build/Debug-iphonesimulator/grpcppWrapper.build/Objects-normal/x86_64/resource_bundle_accessor.o -index-unit-output-path /gRPC.build/Debug-iphonesimulator/grpcppWrapper.build/Objects-normal/x86_64/resource_bundle_accessor.o

CompileC /Users/siam/Library/Developer/Xcode/DerivedData/Lingua_Quest-gvpckrqxtbgyprbgppjfqmimmmfw/Build/Intermediates.noindex/gRPC.build/Debug-iphonesimulator/grpcppWrapper.build/Objects-normal/x86_64/empty.o /Users/siam/Library/Developer/Xcode/DerivedData/Lingua_Quest-gvpckrqxtbgyprbgppjfqmimmmfw/SourcePackages/checkouts/grpc-binary/grpcpp-Wrapper/empty.m normal x86_64 objective-c com.apple.compilers.llvm.clang.1_0.compiler (in target 'grpcppWrapper' from project 'gRPC')
    cd /Users/siam/Desktop/Lingua\ Quest/Lingua\ Quest.xcodeproj
    
    Using response file: /Users/siam/Library/Developer/Xcode/DerivedData/Lingua_Quest-gvpckrqxtbgyprbgppjfqmimmmfw/Build/Intermediates.noindex/gRPC.build/Debug-iphonesimulator/grpcppWrapper.build/Objects-normal/x86_64/e6072d4f65d7061329687fe24e3d63a7-common-args.resp
    
    /Applications/Xcode.app/Contents/Developer/Toolchains/XcodeDefault.xctoolchain/usr/bin/clang -x objective-c -ivfsstatcache /Users/siam/Library/Developer/Xcode/DerivedData/SDKStatCaches.noindex/iphonesimulator26.0-23A339-26257891a6c027eb51374368541b8346.sdkstatcache -fmessage-length\=0 -fdiagnostics-show-note-include-stack -fmacro-backtrace-limit\=0 -fno-color-diagnostics -fmodules-prune-interval\=86400 -fmodules-prune-after\=345600 -fbuild-session-file\=/Users/siam/Library/Developer/Xcode/DerivedData/ModuleCache.noindex/Session.modulevalidation -fmodules-validate-once-per-build-session -Wnon-modular-include-in-framework-module -Werror\=non-modular-include-in-framework-module -Wno-trigraphs -Wno-missing-field-initializers -Wno-missing-prototypes -Wno-return-type -Wno-implicit-atomic-properties -Wno-objc-interface-ivars -Wno-arc-repeated-use-of-weak -Wno-missing-braces -Wparentheses -Wswitch -Wno-unused-function -Wno-unused-label -Wno-unused-parameter -Wno-unused-variable -Wunused-value -Wno-empty-body -Wno-uninitialized -Wno-unknown-pragmas -w -Wno-shadow -Wno-four-char-constants -Wno-conversion -Wno-constant-conversion -Wno-int-conversion -Wno-bool-conversion -Wno-enum-conversion -Wno-float-conversion -Wno-non-literal-null-conversion -Wno-objc-literal-conversion -Wshorten-64-to-32 -Wpointer-sign -Wno-newline-eof -Wno-selector -Wno-strict-selector-match -Wno-undeclared-selector -Wno-deprecated-implementations -Wno-implicit-fallthrough -fstrict-aliasing -Wprotocol -Wdeprecated-declarations -Wno-sign-conversion -Wno-infinite-recursion -Wno-comma -Wno-block-capture-autoreleasing -Wno-strict-prototypes -Wno-semicolon-before-method-body -index-store-path /Users/siam/Library/Developer/Xcode/DerivedData/Lingua_Quest-gvpckrqxtbgyprbgppjfqmimmmfw/Index.noindex/DataStore @/Users/siam/Library/Developer/Xcode/DerivedData/Lingua_Quest-gvpckrqxtbgyprbgppjfqmimmmfw/Build/Intermediates.noindex/gRPC.build/Debug-iphonesimulator/grpcppWrapper.build/Objects-normal/x86_64/e6072d4f65d7061329687fe24e3d63a7-common-args.resp -include /Users/siam/Library/Developer/Xcode/DerivedData/Lingua_Quest-gvpckrqxtbgyprbgppjfqmimmmfw/Build/Intermediates.noindex/gRPC.build/Debug-iphonesimulator/grpcppWrapper.build/DerivedSources/resource_bundle_accessor.h -MMD -MT dependencies -MF /Users/siam/Library/Developer/Xcode/DerivedData/Lingua_Quest-gvpckrqxtbgyprbgppjfqmimmmfw/Build/Intermediates.noindex/gRPC.build/Debug-iphonesimulator/grpcppWrapper.build/Objects-normal/x86_64/empty.d --serialize-diagnostics /Users/siam/Library/Developer/Xcode/DerivedData/Lingua_Quest-gvpckrqxtbgyprbgppjfqmimmmfw/Build/Intermediates.noindex/gRPC.build/Debug-iphonesimulator/grpcppWrapper.build/Objects-normal/x86_64/empty.dia -c /Users/siam/Library/Developer/Xcode/DerivedData/Lingua_Quest-gvpckrqxtbgyprbgppjfqmimmmfw/SourcePackages/checkouts/grpc-binary/grpcpp-Wrapper/empty.m -o /Users/siam/Library/Developer/Xcode/DerivedData/Lingua_Quest-gvpckrqxtbgyprbgppjfqmimmmfw/Build/Intermediates.noindex/gRPC.build/Debug-iphonesimulator/grpcppWrapper.build/Objects-normal/x86_64/empty.o -index-unit-output-path /gRPC.build/Debug-iphonesimulator/grpcppWrapper.build/Objects-normal/x86_64/empty.o

ScanDependencies /Users/siam/Library/Developer/Xcode/DerivedData/Lingua_Quest-gvpckrqxtbgyprbgppjfqmimmmfw/Build/Intermediates.noindex/gRPC.build/Debug-iphonesimulator/grpcppWrapper.build/Objects-normal/arm64/resource_bundle_accessor.o /Users/siam/Library/Developer/Xcode/DerivedData/Lingua_Quest-gvpckrqxtbgyprbgppjfqmimmmfw/Build/Intermediates.noindex/gRPC.build/Debug-iphonesimulator/grpcppWrapper.build/DerivedSources/resource_bundle_accessor.m normal arm64 objective-c com.apple.compilers.llvm.clang.1_0.compiler (in target 'grpcppWrapper' from project 'gRPC')
    cd /Users/siam/Desktop/Lingua\ Quest/Lingua\ Quest.xcodeproj
    
    Using response file: /Users/siam/Library/Developer/Xcode/DerivedData/Lingua_Quest-gvpckrqxtbgyprbgppjfqmimmmfw/Build/Intermediates.noindex/gRPC.build/Debug-iphonesimulator/grpcppWrapper.build/Objects-normal/arm64/e6072d4f65d7061329687fe24e3d63a7-common-args.resp
    
    builtin-ScanDependencies -o /Users/siam/Library/Developer/Xcode/DerivedData/Lingua_Quest-gvpckrqxtbgyprbgppjfqmimmmfw/Build/Intermediates.noindex/gRPC.build/Debug-iphonesimulator/grpcppWrapper.build/Objects-normal/arm64/resource_bundle_accessor.o.scan -- /Applications/Xcode.app/Contents/Developer/Toolchains/XcodeDefault.xctoolchain/usr/bin/clang -x objective-c -ivfsstatcache /Users/siam/Library/Developer/Xcode/DerivedData/SDKStatCaches.noindex/iphonesimulator26.0-23A339-26257891a6c027eb51374368541b8346.sdkstatcache -fmessage-length\=0 -fdiagnostics-show-note-include-stack -fmacro-backtrace-limit\=0 -fno-color-diagnostics -fmodules-prune-interval\=86400 -fmodules-prune-after\=345600 -fbuild-session-file\=/Users/siam/Library/Developer/Xcode/DerivedData/ModuleCache.noindex/Session.modulevalidation -fmodules-validate-once-per-build-session -Wnon-modular-include-in-framework-module -Werror\=non-modular-include-in-framework-module -Wno-trigraphs -Wno-missing-field-initializers -Wno-missing-prototypes -Wno-return-type -Wno-implicit-atomic-properties -Wno-objc-interface-ivars -Wno-arc-repeated-use-of-weak -Wno-missing-braces -Wparentheses -Wswitch -Wno-unused-function -Wno-unused-label -Wno-unused-parameter -Wno-unused-variable -Wunused-value -Wno-empty-body -Wno-uninitialized -Wno-unknown-pragmas -w -Wno-shadow -Wno-four-char-constants -Wno-conversion -Wno-constant-conversion -Wno-int-conversion -Wno-bool-conversion -Wno-enum-conversion -Wno-float-conversion -Wno-non-literal-null-conversion -Wno-objc-literal-conversion -Wshorten-64-to-32 -Wpointer-sign -Wno-newline-eof -Wno-selector -Wno-strict-selector-match -Wno-undeclared-selector -Wno-deprecated-implementations -Wno-implicit-fallthrough -fstrict-aliasing -Wprotocol -Wdeprecated-declarations -Wno-sign-conversion -Wno-infinite-recursion -Wno-comma -Wno-block-capture-autoreleasing -Wno-strict-prototypes -Wno-semicolon-before-method-body -index-store-path /Users/siam/Library/Developer/Xcode/DerivedData/Lingua_Quest-gvpckrqxtbgyprbgppjfqmimmmfw/Index.noindex/DataStore @/Users/siam/Library/Developer/Xcode/DerivedData/Lingua_Quest-gvpckrqxtbgyprbgppjfqmimmmfw/Build/Intermediates.noindex/gRPC.build/Debug-iphonesimulator/grpcppWrapper.build/Objects-normal/arm64/e6072d4f65d7061329687fe24e3d63a7-common-args.resp -include /Users/siam/Library/Developer/Xcode/DerivedData/Lingua_Quest-gvpckrqxtbgyprbgppjfqmimmmfw/Build/Intermediates.noindex/gRPC.build/Debug-iphonesimulator/grpcppWrapper.build/DerivedSources/resource_bundle_accessor.h -MMD -MT dependencies -MF /Users/siam/Library/Developer/Xcode/DerivedData/Lingua_Quest-gvpckrqxtbgyprbgppjfqmimmmfw/Build/Intermediates.noindex/gRPC.build/Debug-iphonesimulator/grpcppWrapper.build/Objects-normal/arm64/resource_bundle_accessor.d --serialize-diagnostics /Users/siam/Library/Developer/Xcode/DerivedData/Lingua_Quest-gvpckrqxtbgyprbgppjfqmimmmfw/Build/Intermediates.noindex/gRPC.build/Debug-iphonesimulator/grpcppWrapper.build/Objects-normal/arm64/resource_bundle_accessor.dia -c /Users/siam/Library/Developer/Xcode/DerivedData/Lingua_Quest-gvpckrqxtbgyprbgppjfqmimmmfw/Build/Intermediates.noindex/gRPC.build/Debug-iphonesimulator/grpcppWrapper.build/DerivedSources/resource_bundle_accessor.m -o /Users/siam/Library/Developer/Xcode/DerivedData/Lingua_Quest-gvpckrqxtbgyprbgppjfqmimmmfw/Build/Intermediates.noindex/gRPC.build/Debug-iphonesimulator/grpcppWrapper.build/Objects-normal/arm64/resource_bundle_accessor.o -index-unit-output-path /gRPC.build/Debug-iphonesimulator/grpcppWrapper.build/Objects-normal/arm64/resource_bundle_accessor.o

PrecompileModule /Users/siam/Library/Developer/Xcode/DerivedData/Lingua_Quest-gvpckrqxtbgyprbgppjfqmimmmfw/Build/Intermediates.noindex/ExplicitPrecompiledModules/_Builtin_inttypes-1VFLC12ASHGK3R8U5HUUHKPCI.scan
    cd /
    builtin-precompileModule /Users/siam/Library/Developer/Xcode/DerivedData/Lingua_Quest-gvpckrqxtbgyprbgppjfqmimmmfw/Build/Intermediates.noindex/ExplicitPrecompiledModules/_Builtin_inttypes-1VFLC12ASHGK3R8U5HUUHKPCI.scan

ScanDependencies /Users/siam/Library/Developer/Xcode/DerivedData/Lingua_Quest-gvpckrqxtbgyprbgppjfqmimmmfw/Build/Intermediates.noindex/gRPC.build/Debug-iphonesimulator/grpcppWrapper.build/Objects-normal/arm64/empty.o /Users/siam/Library/Developer/Xcode/DerivedData/Lingua_Quest-gvpckrqxtbgyprbgppjfqmimmmfw/SourcePackages/checkouts/grpc-binary/grpcpp-Wrapper/empty.m normal arm64 objective-c com.apple.compilers.llvm.clang.1_0.compiler (in target 'grpcppWrapper' from project 'gRPC')
    cd /Users/siam/Desktop/Lingua\ Quest/Lingua\ Quest.xcodeproj
    
    Using response file: /Users/siam/Library/Developer/Xcode/DerivedData/Lingua_Quest-gvpckrqxtbgyprbgppjfqmimmmfw/Build/Intermediates.noindex/gRPC.build/Debug-iphonesimulator/grpcppWrapper.build/Objects-normal/arm64/e6072d4f65d7061329687fe24e3d63a7-common-args.resp
    
    builtin-ScanDependencies -o /Users/siam/Library/Developer/Xcode/DerivedData/Lingua_Quest-gvpckrqxtbgyprbgppjfqmimmmfw/Build/Intermediates.noindex/gRPC.build/Debug-iphonesimulator/grpcppWrapper.build/Objects-normal/arm64/empty.o.scan -- /Applications/Xcode.app/Contents/Developer/Toolchains/XcodeDefault.xctoolchain/usr/bin/clang -x objective-c -ivfsstatcache /Users/siam/Library/Developer/Xcode/DerivedData/SDKStatCaches.noindex/iphonesimulator26.0-23A339-26257891a6c027eb51374368541b8346.sdkstatcache -fmessage-length\=0 -fdiagnostics-show-note-include-stack -fmacro-backtrace-limit\=0 -fno-color-diagnostics -fmodules-prune-interval\=86400 -fmodules-prune-after\=345600 -fbuild-session-file\=/Users/siam/Library/Developer/Xcode/DerivedData/ModuleCache.noindex/Session.modulevalidation -fmodules-validate-once-per-build-session -Wnon-modular-include-in-framework-module -Werror\=non-modular-include-in-framework-module -Wno-trigraphs -Wno-missing-field-initializers -Wno-missing-prototypes -Wno-return-type -Wno-implicit-atomic-properties -Wno-objc-interface-ivars -Wno-arc-repeated-use-of-weak -Wno-missing-braces -Wparentheses -Wswitch -Wno-unused-function -Wno-unused-label -Wno-unused-parameter -Wno-unused-variable -Wunused-value -Wno-empty-body -Wno-uninitialized -Wno-unknown-pragmas -w -Wno-shadow -Wno-four-char-constants -Wno-conversion -Wno-constant-conversion -Wno-int-conversion -Wno-bool-conversion -Wno-enum-conversion -Wno-float-conversion -Wno-non-literal-null-conversion -Wno-objc-literal-conversion -Wshorten-64-to-32 -Wpointer-sign -Wno-newline-eof -Wno-selector -Wno-strict-selector-match -Wno-undeclared-selector -Wno-deprecated-implementations -Wno-implicit-fallthrough -fstrict-aliasing -Wprotocol -Wdeprecated-declarations -Wno-sign-conversion -Wno-infinite-recursion -Wno-comma -Wno-block-capture-autoreleasing -Wno-strict-prototypes -Wno-semicolon-before-method-body -index-store-path /Users/siam/Library/Developer/Xcode/DerivedData/Lingua_Quest-gvpckrqxtbgyprbgppjfqmimmmfw/Index.noindex/DataStore @/Users/siam/Library/Developer/Xcode/DerivedData/Lingua_Quest-gvpckrqxtbgyprbgppjfqmimmmfw/Build/Intermediates.noindex/gRPC.build/Debug-iphonesimulator/grpcppWrapper.build/Objects-normal/arm64/e6072d4f65d7061329687fe24e3d63a7-common-args.resp -include /Users/siam/Library/Developer/Xcode/DerivedData/Lingua_Quest-gvpckrqxtbgyprbgppjfqmimmmfw/Build/Intermediates.noindex/gRPC.build/Debug-iphonesimulator/grpcppWrapper.build/DerivedSources/resource_bundle_accessor.h -MMD -MT dependencies -MF /Users/siam/Library/Developer/Xcode/DerivedData/Lingua_Quest-gvpckrqxtbgyprbgppjfqmimmmfw/Build/Intermediates.noindex/gRPC.build/Debug-iphonesimulator/grpcppWrapper.build/Objects-normal/arm64/empty.d --serialize-diagnostics /Users/siam/Library/Developer/Xcode/DerivedData/Lingua_Quest-gvpckrqxtbgyprbgppjfqmimmmfw/Build/Intermediates.noindex/gRPC.build/Debug-iphonesimulator/grpcppWrapper.build/Objects-normal/arm64/empty.dia -c /Users/siam/Library/Developer/Xcode/DerivedData/Lingua_Quest-gvpckrqxtbgyprbgppjfqmimmmfw/SourcePackages/checkouts/grpc-binary/grpcpp-Wrapper/empty.m -o /Users/siam/Library/Developer/Xcode/DerivedData/Lingua_Quest-gvpckrqxtbgyprbgppjfqmimmmfw/Build/Intermediates.noindex/gRPC.build/Debug-iphonesimulator/grpcppWrapper.build/Objects-normal/arm64/empty.o -index-unit-output-path /gRPC.build/Debug-iphonesimulator/grpcppWrapper.build/Objects-normal/arm64/empty.o

CreateUniversalBinary /Users/siam/Library/Developer/Xcode/DerivedData/Lingua_Quest-gvpckrqxtbgyprbgppjfqmimmmfw/Build/Products/Debug-iphonesimulator/RecaptchaInterop.o normal arm64\ x86_64 (in target 'RecaptchaInterop' from project 'InteropForGoogle')
    cd /Users/siam/Library/Developer/Xcode/DerivedData/Lingua_Quest-gvpckrqxtbgyprbgppjfqmimmmfw/SourcePackages/checkouts/interop-ios-for-google-sdks
    /Applications/Xcode.app/Contents/Developer/Toolchains/XcodeDefault.xctoolchain/usr/bin/lipo -create /Users/siam/Library/Developer/Xcode/DerivedData/Lingua_Quest-gvpckrqxtbgyprbgppjfqmimmmfw/Build/Intermediates.noindex/InteropForGoogle.build/Debug-iphonesimulator/RecaptchaInterop.build/Objects-normal/arm64/Binary/RecaptchaInterop.o /Users/siam/Library/Developer/Xcode/DerivedData/Lingua_Quest-gvpckrqxtbgyprbgppjfqmimmmfw/Build/Intermediates.noindex/InteropForGoogle.build/Debug-iphonesimulator/RecaptchaInterop.build/Objects-normal/x86_64/Binary/RecaptchaInterop.o -output /Users/siam/Library/Developer/Xcode/DerivedData/Lingua_Quest-gvpckrqxtbgyprbgppjfqmimmmfw/Build/Products/Debug-iphonesimulator/RecaptchaInterop.o

CpResource /Users/siam/Library/Developer/Xcode/DerivedData/Lingua_Quest-gvpckrqxtbgyprbgppjfqmimmmfw/Build/Products/Debug-iphonesimulator/abseil_abslWrapper.bundle/PrivacyInfo.xcprivacy /Users/siam/Library/Developer/Xcode/DerivedData/Lingua_Quest-gvpckrqxtbgyprbgppjfqmimmmfw/SourcePackages/checkouts/abseil-cpp-binary/absl-Wrapper/Resources/PrivacyInfo.xcprivacy (in target 'abseil_abslWrapper' from project 'abseil')
    cd /Users/siam/Library/Developer/Xcode/DerivedData/Lingua_Quest-gvpckrqxtbgyprbgppjfqmimmmfw/SourcePackages/checkouts/abseil-cpp-binary
    builtin-copy -exclude .DS_Store -exclude CVS -exclude .svn -exclude .git -exclude .hg -resolve-src-symlinks /Users/siam/Library/Developer/Xcode/DerivedData/Lingua_Quest-gvpckrqxtbgyprbgppjfqmimmmfw/SourcePackages/checkouts/abseil-cpp-binary/absl-Wrapper/Resources/PrivacyInfo.xcprivacy /Users/siam/Library/Developer/Xcode/DerivedData/Lingua_Quest-gvpckrqxtbgyprbgppjfqmimmmfw/Build/Products/Debug-iphonesimulator/abseil_abslWrapper.bundle

CpResource /Users/siam/Library/Developer/Xcode/DerivedData/Lingua_Quest-gvpckrqxtbgyprbgppjfqmimmmfw/Build/Products/Debug-iphonesimulator/Swinject_Swinject.bundle/PrivacyInfo.xcprivacy /Users/siam/Library/Developer/Xcode/DerivedData/Lingua_Quest-gvpckrqxtbgyprbgppjfqmimmmfw/SourcePackages/checkouts/Swinject/Sources/PrivacyInfo.xcprivacy (in target 'Swinject_Swinject' from project 'Swinject')
    cd /Users/siam/Library/Developer/Xcode/DerivedData/Lingua_Quest-gvpckrqxtbgyprbgppjfqmimmmfw/SourcePackages/checkouts/Swinject
    builtin-copy -exclude .DS_Store -exclude CVS -exclude .svn -exclude .git -exclude .hg -resolve-src-symlinks /Users/siam/Library/Developer/Xcode/DerivedData/Lingua_Quest-gvpckrqxtbgyprbgppjfqmimmmfw/SourcePackages/checkouts/Swinject/Sources/PrivacyInfo.xcprivacy /Users/siam/Library/Developer/Xcode/DerivedData/Lingua_Quest-gvpckrqxtbgyprbgppjfqmimmmfw/Build/Products/Debug-iphonesimulator/Swinject_Swinject.bundle

ProcessInfoPlistFile /Users/siam/Library/Developer/Xcode/DerivedData/Lingua_Quest-gvpckrqxtbgyprbgppjfqmimmmfw/Build/Products/Debug-iphonesimulator/Promises_Promises.bundle/Info.plist /Users/siam/Library/Developer/Xcode/DerivedData/Lingua_Quest-gvpckrqxtbgyprbgppjfqmimmmfw/Build/Intermediates.noindex/Promises.build/Debug-iphonesimulator/Promises_Promises.build/empty-Promises_Promises.plist (in target 'Promises_Promises' from project 'Promises')
    cd /Users/siam/Library/Developer/Xcode/DerivedData/Lingua_Quest-gvpckrqxtbgyprbgppjfqmimmmfw/SourcePackages/checkouts/promises
    builtin-infoPlistUtility /Users/siam/Library/Developer/Xcode/DerivedData/Lingua_Quest-gvpckrqxtbgyprbgppjfqmimmmfw/Build/Intermediates.noindex/Promises.build/Debug-iphonesimulator/Promises_Promises.build/empty-Promises_Promises.plist -producttype com.apple.product-type.bundle -expandbuildsettings -format binary -platform iphonesimulator -o /Users/siam/Library/Developer/Xcode/DerivedData/Lingua_Quest-gvpckrqxtbgyprbgppjfqmimmmfw/Build/Products/Debug-iphonesimulator/Promises_Promises.bundle/Info.plist

ProcessInfoPlistFile /Users/siam/Library/Developer/Xcode/DerivedData/Lingua_Quest-gvpckrqxtbgyprbgppjfqmimmmfw/Build/Products/Debug-iphonesimulator/Promises_FBLPromises.bundle/Info.plist /Users/siam/Library/Developer/Xcode/DerivedData/Lingua_Quest-gvpckrqxtbgyprbgppjfqmimmmfw/Build/Intermediates.noindex/Promises.build/Debug-iphonesimulator/Promises_FBLPromises.build/empty-Promises_FBLPromises.plist (in target 'Promises_FBLPromises' from project 'Promises')
    cd /Users/siam/Library/Developer/Xcode/DerivedData/Lingua_Quest-gvpckrqxtbgyprbgppjfqmimmmfw/SourcePackages/checkouts/promises
    builtin-infoPlistUtility /Users/siam/Library/Developer/Xcode/DerivedData/Lingua_Quest-gvpckrqxtbgyprbgppjfqmimmmfw/Build/Intermediates.noindex/Promises.build/Debug-iphonesimulator/Promises_FBLPromises.build/empty-Promises_FBLPromises.plist -producttype com.apple.product-type.bundle -expandbuildsettings -format binary -platform iphonesimulator -o /Users/siam/Library/Developer/Xcode/DerivedData/Lingua_Quest-gvpckrqxtbgyprbgppjfqmimmmfw/Build/Products/Debug-iphonesimulator/Promises_FBLPromises.bundle/Info.plist

ScanDependencies /Users/siam/Library/Developer/Xcode/DerivedData/Lingua_Quest-gvpckrqxtbgyprbgppjfqmimmmfw/Build/Intermediates.noindex/Firebase.build/Debug-iphonesimulator/FirebaseFirestoreInternalWrapper.build/Objects-normal/arm64/dummy.o /Users/siam/Library/Developer/Xcode/DerivedData/Lingua_Quest-gvpckrqxtbgyprbgppjfqmimmmfw/SourcePackages/checkouts/firebase-ios-sdk/FirebaseFirestoreInternal/dummy.m normal arm64 objective-c com.apple.compilers.llvm.clang.1_0.compiler (in target 'FirebaseFirestoreInternalWrapper' from project 'Firebase')
    cd /Users/siam/Desktop/Lingua\ Quest/Lingua\ Quest.xcodeproj
    
    Using response file: /Users/siam/Library/Developer/Xcode/DerivedData/Lingua_Quest-gvpckrqxtbgyprbgppjfqmimmmfw/Build/Intermediates.noindex/Firebase.build/Debug-iphonesimulator/FirebaseFirestoreInternalWrapper.build/Objects-normal/arm64/e6072d4f65d7061329687fe24e3d63a7-common-args.resp
    
    builtin-ScanDependencies -o /Users/siam/Library/Developer/Xcode/DerivedData/Lingua_Quest-gvpckrqxtbgyprbgppjfqmimmmfw/Build/Intermediates.noindex/Firebase.build/Debug-iphonesimulator/FirebaseFirestoreInternalWrapper.build/Objects-normal/arm64/dummy.o.scan -- /Applications/Xcode.app/Contents/Developer/Toolchains/XcodeDefault.xctoolchain/usr/bin/clang -x objective-c -ivfsstatcache /Users/siam/Library/Developer/Xcode/DerivedData/SDKStatCaches.noindex/iphonesimulator26.0-23A339-26257891a6c027eb51374368541b8346.sdkstatcache -fmessage-length\=0 -fdiagnostics-show-note-include-stack -fmacro-backtrace-limit\=0 -fno-color-diagnostics -fmodules-prune-interval\=86400 -fmodules-prune-after\=345600 -fbuild-session-file\=/Users/siam/Library/Developer/Xcode/DerivedData/ModuleCache.noindex/Session.modulevalidation -fmodules-validate-once-per-build-session -Wnon-modular-include-in-framework-module -Werror\=non-modular-include-in-framework-module -Wno-trigraphs -Wno-missing-field-initializers -Wno-missing-prototypes -Wno-return-type -Wno-implicit-atomic-properties -Wno-objc-interface-ivars -Wno-arc-repeated-use-of-weak -Wno-missing-braces -Wparentheses -Wswitch -Wno-unused-function -Wno-unused-label -Wno-unused-parameter -Wno-unused-variable -Wunused-value -Wno-empty-body -Wno-uninitialized -Wno-unknown-pragmas -w -Wno-shadow -Wno-four-char-constants -Wno-conversion -Wno-constant-conversion -Wno-int-conversion -Wno-bool-conversion -Wno-enum-conversion -Wno-float-conversion -Wno-non-literal-null-conversion -Wno-objc-literal-conversion -Wshorten-64-to-32 -Wpointer-sign -Wno-newline-eof -Wno-selector -Wno-strict-selector-match -Wno-undeclared-selector -Wno-deprecated-implementations -Wno-implicit-fallthrough -fstrict-aliasing -Wprotocol -Wdeprecated-declarations -Wno-sign-conversion -Wno-infinite-recursion -Wno-comma -Wno-block-capture-autoreleasing -Wno-strict-prototypes -Wno-semicolon-before-method-body -index-store-path /Users/siam/Library/Developer/Xcode/DerivedData/Lingua_Quest-gvpckrqxtbgyprbgppjfqmimmmfw/Index.noindex/DataStore @/Users/siam/Library/Developer/Xcode/DerivedData/Lingua_Quest-gvpckrqxtbgyprbgppjfqmimmmfw/Build/Intermediates.noindex/Firebase.build/Debug-iphonesimulator/FirebaseFirestoreInternalWrapper.build/Objects-normal/arm64/e6072d4f65d7061329687fe24e3d63a7-common-args.resp -MMD -MT dependencies -MF /Users/siam/Library/Developer/Xcode/DerivedData/Lingua_Quest-gvpckrqxtbgyprbgppjfqmimmmfw/Build/Intermediates.noindex/Firebase.build/Debug-iphonesimulator/FirebaseFirestoreInternalWrapper.build/Objects-normal/arm64/dummy.d --serialize-diagnostics /Users/siam/Library/Developer/Xcode/DerivedData/Lingua_Quest-gvpckrqxtbgyprbgppjfqmimmmfw/Build/Intermediates.noindex/Firebase.build/Debug-iphonesimulator/FirebaseFirestoreInternalWrapper.build/Objects-normal/arm64/dummy.dia -c /Users/siam/Library/Developer/Xcode/DerivedData/Lingua_Quest-gvpckrqxtbgyprbgppjfqmimmmfw/SourcePackages/checkouts/firebase-ios-sdk/FirebaseFirestoreInternal/dummy.m -o /Users/siam/Library/Developer/Xcode/DerivedData/Lingua_Quest-gvpckrqxtbgyprbgppjfqmimmmfw/Build/Intermediates.noindex/Firebase.build/Debug-iphonesimulator/FirebaseFirestoreInternalWrapper.build/Objects-normal/arm64/dummy.o -index-unit-output-path /Firebase.build/Debug-iphonesimulator/FirebaseFirestoreInternalWrapper.build/Objects-normal/arm64/dummy.o

ScanDependencies /Users/siam/Library/Developer/Xcode/DerivedData/Lingua_Quest-gvpckrqxtbgyprbgppjfqmimmmfw/Build/Intermediates.noindex/Firebase.build/Debug-iphonesimulator/FirebaseFirestoreInternalWrapper.build/Objects-normal/x86_64/dummy.o /Users/siam/Library/Developer/Xcode/DerivedData/Lingua_Quest-gvpckrqxtbgyprbgppjfqmimmmfw/SourcePackages/checkouts/firebase-ios-sdk/FirebaseFirestoreInternal/dummy.m normal x86_64 objective-c com.apple.compilers.llvm.clang.1_0.compiler (in target 'FirebaseFirestoreInternalWrapper' from project 'Firebase')
    cd /Users/siam/Desktop/Lingua\ Quest/Lingua\ Quest.xcodeproj
    
    Using response file: /Users/siam/Library/Developer/Xcode/DerivedData/Lingua_Quest-gvpckrqxtbgyprbgppjfqmimmmfw/Build/Intermediates.noindex/Firebase.build/Debug-iphonesimulator/FirebaseFirestoreInternalWrapper.build/Objects-normal/x86_64/e6072d4f65d7061329687fe24e3d63a7-common-args.resp
    
    builtin-ScanDependencies -o /Users/siam/Library/Developer/Xcode/DerivedData/Lingua_Quest-gvpckrqxtbgyprbgppjfqmimmmfw/Build/Intermediates.noindex/Firebase.build/Debug-iphonesimulator/FirebaseFirestoreInternalWrapper.build/Objects-normal/x86_64/dummy.o.scan -- /Applications/Xcode.app/Contents/Developer/Toolchains/XcodeDefault.xctoolchain/usr/bin/clang -x objective-c -ivfsstatcache /Users/siam/Library/Developer/Xcode/DerivedData/SDKStatCaches.noindex/iphonesimulator26.0-23A339-26257891a6c027eb51374368541b8346.sdkstatcache -fmessage-length\=0 -fdiagnostics-show-note-include-stack -fmacro-backtrace-limit\=0 -fno-color-diagnostics -fmodules-prune-interval\=86400 -fmodules-prune-after\=345600 -fbuild-session-file\=/Users/siam/Library/Developer/Xcode/DerivedData/ModuleCache.noindex/Session.modulevalidation -fmodules-validate-once-per-build-session -Wnon-modular-include-in-framework-module -Werror\=non-modular-include-in-framework-module -Wno-trigraphs -Wno-missing-field-initializers -Wno-missing-prototypes -Wno-return-type -Wno-implicit-atomic-properties -Wno-objc-interface-ivars -Wno-arc-repeated-use-of-weak -Wno-missing-braces -Wparentheses -Wswitch -Wno-unused-function -Wno-unused-label -Wno-unused-parameter -Wno-unused-variable -Wunused-value -Wno-empty-body -Wno-uninitialized -Wno-unknown-pragmas -w -Wno-shadow -Wno-four-char-constants -Wno-conversion -Wno-constant-conversion -Wno-int-conversion -Wno-bool-conversion -Wno-enum-conversion -Wno-float-conversion -Wno-non-literal-null-conversion -Wno-objc-literal-conversion -Wshorten-64-to-32 -Wpointer-sign -Wno-newline-eof -Wno-selector -Wno-strict-selector-match -Wno-undeclared-selector -Wno-deprecated-implementations -Wno-implicit-fallthrough -fstrict-aliasing -Wprotocol -Wdeprecated-declarations -Wno-sign-conversion -Wno-infinite-recursion -Wno-comma -Wno-block-capture-autoreleasing -Wno-strict-prototypes -Wno-semicolon-before-method-body -index-store-path /Users/siam/Library/Developer/Xcode/DerivedData/Lingua_Quest-gvpckrqxtbgyprbgppjfqmimmmfw/Index.noindex/DataStore @/Users/siam/Library/Developer/Xcode/DerivedData/Lingua_Quest-gvpckrqxtbgyprbgppjfqmimmmfw/Build/Intermediates.noindex/Firebase.build/Debug-iphonesimulator/FirebaseFirestoreInternalWrapper.build/Objects-normal/x86_64/e6072d4f65d7061329687fe24e3d63a7-common-args.resp -MMD -MT dependencies -MF /Users/siam/Library/Developer/Xcode/DerivedData/Lingua_Quest-gvpckrqxtbgyprbgppjfqmimmmfw/Build/Intermediates.noindex/Firebase.build/Debug-iphonesimulator/FirebaseFirestoreInternalWrapper.build/Objects-normal/x86_64/dummy.d --serialize-diagnostics /Users/siam/Library/Developer/Xcode/DerivedData/Lingua_Quest-gvpckrqxtbgyprbgppjfqmimmmfw/Build/Intermediates.noindex/Firebase.build/Debug-iphonesimulator/FirebaseFirestoreInternalWrapper.build/Objects-normal/x86_64/dummy.dia -c /Users/siam/Library/Developer/Xcode/DerivedData/Lingua_Quest-gvpckrqxtbgyprbgppjfqmimmmfw/SourcePackages/checkouts/firebase-ios-sdk/FirebaseFirestoreInternal/dummy.m -o /Users/siam/Library/Developer/Xcode/DerivedData/Lingua_Quest-gvpckrqxtbgyprbgppjfqmimmmfw/Build/Intermediates.noindex/Firebase.build/Debug-iphonesimulator/FirebaseFirestoreInternalWrapper.build/Objects-normal/x86_64/dummy.o -index-unit-output-path /Firebase.build/Debug-iphonesimulator/FirebaseFirestoreInternalWrapper.build/Objects-normal/x86_64/dummy.o

PrecompileModule /Users/siam/Library/Developer/Xcode/DerivedData/Lingua_Quest-gvpckrqxtbgyprbgppjfqmimmmfw/Build/Intermediates.noindex/ExplicitPrecompiledModules/ObjectiveC-3HCX62F2V9T2TILB81LEUMRHA.scan
    cd /
    builtin-precompileModule /Users/siam/Library/Developer/Xcode/DerivedData/Lingua_Quest-gvpckrqxtbgyprbgppjfqmimmmfw/Build/Intermediates.noindex/ExplicitPrecompiledModules/ObjectiveC-3HCX62F2V9T2TILB81LEUMRHA.scan

ProcessInfoPlistFile /Users/siam/Library/Developer/Xcode/DerivedData/Lingua_Quest-gvpckrqxtbgyprbgppjfqmimmmfw/Build/Products/Debug-iphonesimulator/GoogleUtilities_GoogleUtilities-UserDefaults.bundle/Info.plist /Users/siam/Library/Developer/Xcode/DerivedData/Lingua_Quest-gvpckrqxtbgyprbgppjfqmimmmfw/Build/Intermediates.noindex/GoogleUtilities.build/Debug-iphonesimulator/GoogleUtilities_GoogleUtilities-UserDefaults.build/empty-GoogleUtilities_GoogleUtilities-UserDefaults.plist (in target 'GoogleUtilities_GoogleUtilities-UserDefaults' from project 'GoogleUtilities')
    cd /Users/siam/Library/Developer/Xcode/DerivedData/Lingua_Quest-gvpckrqxtbgyprbgppjfqmimmmfw/SourcePackages/checkouts/GoogleUtilities
    builtin-infoPlistUtility /Users/siam/Library/Developer/Xcode/DerivedData/Lingua_Quest-gvpckrqxtbgyprbgppjfqmimmmfw/Build/Intermediates.noindex/GoogleUtilities.build/Debug-iphonesimulator/GoogleUtilities_GoogleUtilities-UserDefaults.build/empty-GoogleUtilities_GoogleUtilities-UserDefaults.plist -producttype com.apple.product-type.bundle -expandbuildsettings -format binary -platform iphonesimulator -o /Users/siam/Library/Developer/Xcode/DerivedData/Lingua_Quest-gvpckrqxtbgyprbgppjfqmimmmfw/Build/Products/Debug-iphonesimulator/GoogleUtilities_GoogleUtilities-UserDefaults.bundle/Info.plist

CpResource /Users/siam/Library/Developer/Xcode/DerivedData/Lingua_Quest-gvpckrqxtbgyprbgppjfqmimmmfw/Build/Products/Debug-iphonesimulator/Promises_Promises.bundle/PrivacyInfo.xcprivacy /Users/siam/Library/Developer/Xcode/DerivedData/Lingua_Quest-gvpckrqxtbgyprbgppjfqmimmmfw/SourcePackages/checkouts/promises/Sources/Promises/Resources/PrivacyInfo.xcprivacy (in target 'Promises_Promises' from project 'Promises')
    cd /Users/siam/Library/Developer/Xcode/DerivedData/Lingua_Quest-gvpckrqxtbgyprbgppjfqmimmmfw/SourcePackages/checkouts/promises
    builtin-copy -exclude .DS_Store -exclude CVS -exclude .svn -exclude .git -exclude .hg -resolve-src-symlinks /Users/siam/Library/Developer/Xcode/DerivedData/Lingua_Quest-gvpckrqxtbgyprbgppjfqmimmmfw/SourcePackages/checkouts/promises/Sources/Promises/Resources/PrivacyInfo.xcprivacy /Users/siam/Library/Developer/Xcode/DerivedData/Lingua_Quest-gvpckrqxtbgyprbgppjfqmimmmfw/Build/Products/Debug-iphonesimulator/Promises_Promises.bundle

PrecompileModule /Users/siam/Library/Developer/Xcode/DerivedData/Lingua_Quest-gvpckrqxtbgyprbgppjfqmimmmfw/Build/Intermediates.noindex/ExplicitPrecompiledModules/Darwin-DL9J7IJLUF9FGWS16T3UUYOMU.scan
    cd /
    builtin-precompileModule /Users/siam/Library/Developer/Xcode/DerivedData/Lingua_Quest-gvpckrqxtbgyprbgppjfqmimmmfw/Build/Intermediates.noindex/ExplicitPrecompiledModules/Darwin-DL9J7IJLUF9FGWS16T3UUYOMU.scan

CpResource /Users/siam/Library/Developer/Xcode/DerivedData/Lingua_Quest-gvpckrqxtbgyprbgppjfqmimmmfw/Build/Products/Debug-iphonesimulator/Promises_FBLPromises.bundle/PrivacyInfo.xcprivacy /Users/siam/Library/Developer/Xcode/DerivedData/Lingua_Quest-gvpckrqxtbgyprbgppjfqmimmmfw/SourcePackages/checkouts/promises/Sources/FBLPromises/Resources/PrivacyInfo.xcprivacy (in target 'Promises_FBLPromises' from project 'Promises')
    cd /Users/siam/Library/Developer/Xcode/DerivedData/Lingua_Quest-gvpckrqxtbgyprbgppjfqmimmmfw/SourcePackages/checkouts/promises
    builtin-copy -exclude .DS_Store -exclude CVS -exclude .svn -exclude .git -exclude .hg -resolve-src-symlinks /Users/siam/Library/Developer/Xcode/DerivedData/Lingua_Quest-gvpckrqxtbgyprbgppjfqmimmmfw/SourcePackages/checkouts/promises/Sources/FBLPromises/Resources/PrivacyInfo.xcprivacy /Users/siam/Library/Developer/Xcode/DerivedData/Lingua_Quest-gvpckrqxtbgyprbgppjfqmimmmfw/Build/Products/Debug-iphonesimulator/Promises_FBLPromises.bundle

ProcessInfoPlistFile /Users/siam/Library/Developer/Xcode/DerivedData/Lingua_Quest-gvpckrqxtbgyprbgppjfqmimmmfw/Build/Products/Debug-iphonesimulator/GoogleUtilities_GoogleUtilities-Reachability.bundle/Info.plist /Users/siam/Library/Developer/Xcode/DerivedData/Lingua_Quest-gvpckrqxtbgyprbgppjfqmimmmfw/Build/Intermediates.noindex/GoogleUtilities.build/Debug-iphonesimulator/GoogleUtilities_GoogleUtilities-Reachability.build/empty-GoogleUtilities_GoogleUtilities-Reachability.plist (in target 'GoogleUtilities_GoogleUtilities-Reachability' from project 'GoogleUtilities')
    cd /Users/siam/Library/Developer/Xcode/DerivedData/Lingua_Quest-gvpckrqxtbgyprbgppjfqmimmmfw/SourcePackages/checkouts/GoogleUtilities
    builtin-infoPlistUtility /Users/siam/Library/Developer/Xcode/DerivedData/Lingua_Quest-gvpckrqxtbgyprbgppjfqmimmmfw/Build/Intermediates.noindex/GoogleUtilities.build/Debug-iphonesimulator/GoogleUtilities_GoogleUtilities-Reachability.build/empty-GoogleUtilities_GoogleUtilities-Reachability.plist -producttype com.apple.product-type.bundle -expandbuildsettings -format binary -platform iphonesimulator -o /Users/siam/Library/Developer/Xcode/DerivedData/Lingua_Quest-gvpckrqxtbgyprbgppjfqmimmmfw/Build/Products/Debug-iphonesimulator/GoogleUtilities_GoogleUtilities-Reachability.bundle/Info.plist

CompileC /Users/siam/Library/Developer/Xcode/DerivedData/Lingua_Quest-gvpckrqxtbgyprbgppjfqmimmmfw/Build/Intermediates.noindex/Firebase.build/Debug-iphonesimulator/FirebaseFirestoreInternalWrapper.build/Objects-normal/x86_64/dummy.o /Users/siam/Library/Developer/Xcode/DerivedData/Lingua_Quest-gvpckrqxtbgyprbgppjfqmimmmfw/SourcePackages/checkouts/firebase-ios-sdk/FirebaseFirestoreInternal/dummy.m normal x86_64 objective-c com.apple.compilers.llvm.clang.1_0.compiler (in target 'FirebaseFirestoreInternalWrapper' from project 'Firebase')
    cd /Users/siam/Desktop/Lingua\ Quest/Lingua\ Quest.xcodeproj
    
    Using response file: /Users/siam/Library/Developer/Xcode/DerivedData/Lingua_Quest-gvpckrqxtbgyprbgppjfqmimmmfw/Build/Intermediates.noindex/Firebase.build/Debug-iphonesimulator/FirebaseFirestoreInternalWrapper.build/Objects-normal/x86_64/e6072d4f65d7061329687fe24e3d63a7-common-args.resp
    
    /Applications/Xcode.app/Contents/Developer/Toolchains/XcodeDefault.xctoolchain/usr/bin/clang -x objective-c -ivfsstatcache /Users/siam/Library/Developer/Xcode/DerivedData/SDKStatCaches.noindex/iphonesimulator26.0-23A339-26257891a6c027eb51374368541b8346.sdkstatcache -fmessage-length\=0 -fdiagnostics-show-note-include-stack -fmacro-backtrace-limit\=0 -fno-color-diagnostics -fmodules-prune-interval\=86400 -fmodules-prune-after\=345600 -fbuild-session-file\=/Users/siam/Library/Developer/Xcode/DerivedData/ModuleCache.noindex/Session.modulevalidation -fmodules-validate-once-per-build-session -Wnon-modular-include-in-framework-module -Werror\=non-modular-include-in-framework-module -Wno-trigraphs -Wno-missing-field-initializers -Wno-missing-prototypes -Wno-return-type -Wno-implicit-atomic-properties -Wno-objc-interface-ivars -Wno-arc-repeated-use-of-weak -Wno-missing-braces -Wparentheses -Wswitch -Wno-unused-function -Wno-unused-label -Wno-unused-parameter -Wno-unused-variable -Wunused-value -Wno-empty-body -Wno-uninitialized -Wno-unknown-pragmas -w -Wno-shadow -Wno-four-char-constants -Wno-conversion -Wno-constant-conversion -Wno-int-conversion -Wno-bool-conversion -Wno-enum-conversion -Wno-float-conversion -Wno-non-literal-null-conversion -Wno-objc-literal-conversion -Wshorten-64-to-32 -Wpointer-sign -Wno-newline-eof -Wno-selector -Wno-strict-selector-match -Wno-undeclared-selector -Wno-deprecated-implementations -Wno-implicit-fallthrough -fstrict-aliasing -Wprotocol -Wdeprecated-declarations -Wno-sign-conversion -Wno-infinite-recursion -Wno-comma -Wno-block-capture-autoreleasing -Wno-strict-prototypes -Wno-semicolon-before-method-body -index-store-path /Users/siam/Library/Developer/Xcode/DerivedData/Lingua_Quest-gvpckrqxtbgyprbgppjfqmimmmfw/Index.noindex/DataStore @/Users/siam/Library/Developer/Xcode/DerivedData/Lingua_Quest-gvpckrqxtbgyprbgppjfqmimmmfw/Build/Intermediates.noindex/Firebase.build/Debug-iphonesimulator/FirebaseFirestoreInternalWrapper.build/Objects-normal/x86_64/e6072d4f65d7061329687fe24e3d63a7-common-args.resp -MMD -MT dependencies -MF /Users/siam/Library/Developer/Xcode/DerivedData/Lingua_Quest-gvpckrqxtbgyprbgppjfqmimmmfw/Build/Intermediates.noindex/Firebase.build/Debug-iphonesimulator/FirebaseFirestoreInternalWrapper.build/Objects-normal/x86_64/dummy.d --serialize-diagnostics /Users/siam/Library/Developer/Xcode/DerivedData/Lingua_Quest-gvpckrqxtbgyprbgppjfqmimmmfw/Build/Intermediates.noindex/Firebase.build/Debug-iphonesimulator/FirebaseFirestoreInternalWrapper.build/Objects-normal/x86_64/dummy.dia -c /Users/siam/Library/Developer/Xcode/DerivedData/Lingua_Quest-gvpckrqxtbgyprbgppjfqmimmmfw/SourcePackages/checkouts/firebase-ios-sdk/FirebaseFirestoreInternal/dummy.m -o /Users/siam/Library/Developer/Xcode/DerivedData/Lingua_Quest-gvpckrqxtbgyprbgppjfqmimmmfw/Build/Intermediates.noindex/Firebase.build/Debug-iphonesimulator/FirebaseFirestoreInternalWrapper.build/Objects-normal/x86_64/dummy.o -index-unit-output-path /Firebase.build/Debug-iphonesimulator/FirebaseFirestoreInternalWrapper.build/Objects-normal/x86_64/dummy.o

CompileC /Users/siam/Library/Developer/Xcode/DerivedData/Lingua_Quest-gvpckrqxtbgyprbgppjfqmimmmfw/Build/Intermediates.noindex/Firebase.build/Debug-iphonesimulator/FirebaseFirestoreInternalWrapper.build/Objects-normal/arm64/dummy.o /Users/siam/Library/Developer/Xcode/DerivedData/Lingua_Quest-gvpckrqxtbgyprbgppjfqmimmmfw/SourcePackages/checkouts/firebase-ios-sdk/FirebaseFirestoreInternal/dummy.m normal arm64 objective-c com.apple.compilers.llvm.clang.1_0.compiler (in target 'FirebaseFirestoreInternalWrapper' from project 'Firebase')
    cd /Users/siam/Desktop/Lingua\ Quest/Lingua\ Quest.xcodeproj
    
    Using response file: /Users/siam/Library/Developer/Xcode/DerivedData/Lingua_Quest-gvpckrqxtbgyprbgppjfqmimmmfw/Build/Intermediates.noindex/Firebase.build/Debug-iphonesimulator/FirebaseFirestoreInternalWrapper.build/Objects-normal/arm64/e6072d4f65d7061329687fe24e3d63a7-common-args.resp
    
    /Applications/Xcode.app/Contents/Developer/Toolchains/XcodeDefault.xctoolchain/usr/bin/clang -x objective-c -ivfsstatcache /Users/siam/Library/Developer/Xcode/DerivedData/SDKStatCaches.noindex/iphonesimulator26.0-23A339-26257891a6c027eb51374368541b8346.sdkstatcache -fmessage-length\=0 -fdiagnostics-show-note-include-stack -fmacro-backtrace-limit\=0 -fno-color-diagnostics -fmodules-prune-interval\=86400 -fmodules-prune-after\=345600 -fbuild-session-file\=/Users/siam/Library/Developer/Xcode/DerivedData/ModuleCache.noindex/Session.modulevalidation -fmodules-validate-once-per-build-session -Wnon-modular-include-in-framework-module -Werror\=non-modular-include-in-framework-module -Wno-trigraphs -Wno-missing-field-initializers -Wno-missing-prototypes -Wno-return-type -Wno-implicit-atomic-properties -Wno-objc-interface-ivars -Wno-arc-repeated-use-of-weak -Wno-missing-braces -Wparentheses -Wswitch -Wno-unused-function -Wno-unused-label -Wno-unused-parameter -Wno-unused-variable -Wunused-value -Wno-empty-body -Wno-uninitialized -Wno-unknown-pragmas -w -Wno-shadow -Wno-four-char-constants -Wno-conversion -Wno-constant-conversion -Wno-int-conversion -Wno-bool-conversion -Wno-enum-conversion -Wno-float-conversion -Wno-non-literal-null-conversion -Wno-objc-literal-conversion -Wshorten-64-to-32 -Wpointer-sign -Wno-newline-eof -Wno-selector -Wno-strict-selector-match -Wno-undeclared-selector -Wno-deprecated-implementations -Wno-implicit-fallthrough -fstrict-aliasing -Wprotocol -Wdeprecated-declarations -Wno-sign-conversion -Wno-infinite-recursion -Wno-comma -Wno-block-capture-autoreleasing -Wno-strict-prototypes -Wno-semicolon-before-method-body -index-store-path /Users/siam/Library/Developer/Xcode/DerivedData/Lingua_Quest-gvpckrqxtbgyprbgppjfqmimmmfw/Index.noindex/DataStore @/Users/siam/Library/Developer/Xcode/DerivedData/Lingua_Quest-gvpckrqxtbgyprbgppjfqmimmmfw/Build/Intermediates.noindex/Firebase.build/Debug-iphonesimulator/FirebaseFirestoreInternalWrapper.build/Objects-normal/arm64/e6072d4f65d7061329687fe24e3d63a7-common-args.resp -MMD -MT dependencies -MF /Users/siam/Library/Developer/Xcode/DerivedData/Lingua_Quest-gvpckrqxtbgyprbgppjfqmimmmfw/Build/Intermediates.noindex/Firebase.build/Debug-iphonesimulator/FirebaseFirestoreInternalWrapper.build/Objects-normal/arm64/dummy.d --serialize-diagnostics /Users/siam/Library/Developer/Xcode/DerivedData/Lingua_Quest-gvpckrqxtbgyprbgppjfqmimmmfw/Build/Intermediates.noindex/Firebase.build/Debug-iphonesimulator/FirebaseFirestoreInternalWrapper.build/Objects-normal/arm64/dummy.dia -c /Users/siam/Library/Developer/Xcode/DerivedData/Lingua_Quest-gvpckrqxtbgyprbgppjfqmimmmfw/SourcePackages/checkouts/firebase-ios-sdk/FirebaseFirestoreInternal/dummy.m -o /Users/siam/Library/Developer/Xcode/DerivedData/Lingua_Quest-gvpckrqxtbgyprbgppjfqmimmmfw/Build/Intermediates.noindex/Firebase.build/Debug-iphonesimulator/FirebaseFirestoreInternalWrapper.build/Objects-normal/arm64/dummy.o -index-unit-output-path /Firebase.build/Debug-iphonesimulator/FirebaseFirestoreInternalWrapper.build/Objects-normal/arm64/dummy.o

ProcessInfoPlistFile /Users/siam/Library/Developer/Xcode/DerivedData/Lingua_Quest-gvpckrqxtbgyprbgppjfqmimmmfw/Build/Products/Debug-iphonesimulator/GoogleUtilities_GoogleUtilities-Network.bundle/Info.plist /Users/siam/Library/Developer/Xcode/DerivedData/Lingua_Quest-gvpckrqxtbgyprbgppjfqmimmmfw/Build/Intermediates.noindex/GoogleUtilities.build/Debug-iphonesimulator/GoogleUtilities_GoogleUtilities-Network.build/empty-GoogleUtilities_GoogleUtilities-Network.plist (in target 'GoogleUtilities_GoogleUtilities-Network' from project 'GoogleUtilities')
    cd /Users/siam/Library/Developer/Xcode/DerivedData/Lingua_Quest-gvpckrqxtbgyprbgppjfqmimmmfw/SourcePackages/checkouts/GoogleUtilities
    builtin-infoPlistUtility /Users/siam/Library/Developer/Xcode/DerivedData/Lingua_Quest-gvpckrqxtbgyprbgppjfqmimmmfw/Build/Intermediates.noindex/GoogleUtilities.build/Debug-iphonesimulator/GoogleUtilities_GoogleUtilities-Network.build/empty-GoogleUtilities_GoogleUtilities-Network.plist -producttype com.apple.product-type.bundle -expandbuildsettings -format binary -platform iphonesimulator -o /Users/siam/Library/Developer/Xcode/DerivedData/Lingua_Quest-gvpckrqxtbgyprbgppjfqmimmmfw/Build/Products/Debug-iphonesimulator/GoogleUtilities_GoogleUtilities-Network.bundle/Info.plist

CpResource /Users/siam/Library/Developer/Xcode/DerivedData/Lingua_Quest-gvpckrqxtbgyprbgppjfqmimmmfw/Build/Products/Debug-iphonesimulator/GoogleUtilities_GoogleUtilities-UserDefaults.bundle/PrivacyInfo.xcprivacy /Users/siam/Library/Developer/Xcode/DerivedData/Lingua_Quest-gvpckrqxtbgyprbgppjfqmimmmfw/SourcePackages/checkouts/GoogleUtilities/GoogleUtilities/UserDefaults/Resources/PrivacyInfo.xcprivacy (in target 'GoogleUtilities_GoogleUtilities-UserDefaults' from project 'GoogleUtilities')
    cd /Users/siam/Library/Developer/Xcode/DerivedData/Lingua_Quest-gvpckrqxtbgyprbgppjfqmimmmfw/SourcePackages/checkouts/GoogleUtilities
    builtin-copy -exclude .DS_Store -exclude CVS -exclude .svn -exclude .git -exclude .hg -resolve-src-symlinks /Users/siam/Library/Developer/Xcode/DerivedData/Lingua_Quest-gvpckrqxtbgyprbgppjfqmimmmfw/SourcePackages/checkouts/GoogleUtilities/GoogleUtilities/UserDefaults/Resources/PrivacyInfo.xcprivacy /Users/siam/Library/Developer/Xcode/DerivedData/Lingua_Quest-gvpckrqxtbgyprbgppjfqmimmmfw/Build/Products/Debug-iphonesimulator/GoogleUtilities_GoogleUtilities-UserDefaults.bundle

ProcessInfoPlistFile /Users/siam/Library/Developer/Xcode/DerivedData/Lingua_Quest-gvpckrqxtbgyprbgppjfqmimmmfw/Build/Products/Debug-iphonesimulator/GoogleUtilities_GoogleUtilities-NSData.bundle/Info.plist /Users/siam/Library/Developer/Xcode/DerivedData/Lingua_Quest-gvpckrqxtbgyprbgppjfqmimmmfw/Build/Intermediates.noindex/GoogleUtilities.build/Debug-iphonesimulator/GoogleUtilities_GoogleUtilities-NSData.build/empty-GoogleUtilities_GoogleUtilities-NSData.plist (in target 'GoogleUtilities_GoogleUtilities-NSData' from project 'GoogleUtilities')
    cd /Users/siam/Library/Developer/Xcode/DerivedData/Lingua_Quest-gvpckrqxtbgyprbgppjfqmimmmfw/SourcePackages/checkouts/GoogleUtilities
    builtin-infoPlistUtility /Users/siam/Library/Developer/Xcode/DerivedData/Lingua_Quest-gvpckrqxtbgyprbgppjfqmimmmfw/Build/Intermediates.noindex/GoogleUtilities.build/Debug-iphonesimulator/GoogleUtilities_GoogleUtilities-NSData.build/empty-GoogleUtilities_GoogleUtilities-NSData.plist -producttype com.apple.product-type.bundle -expandbuildsettings -format binary -platform iphonesimulator -o /Users/siam/Library/Developer/Xcode/DerivedData/Lingua_Quest-gvpckrqxtbgyprbgppjfqmimmmfw/Build/Products/Debug-iphonesimulator/GoogleUtilities_GoogleUtilities-NSData.bundle/Info.plist

ProcessInfoPlistFile /Users/siam/Library/Developer/Xcode/DerivedData/Lingua_Quest-gvpckrqxtbgyprbgppjfqmimmmfw/Build/Products/Debug-iphonesimulator/GoogleUtilities_GoogleUtilities-Logger.bundle/Info.plist /Users/siam/Library/Developer/Xcode/DerivedData/Lingua_Quest-gvpckrqxtbgyprbgppjfqmimmmfw/Build/Intermediates.noindex/GoogleUtilities.build/Debug-iphonesimulator/GoogleUtilities_GoogleUtilities-Logger.build/empty-GoogleUtilities_GoogleUtilities-Logger.plist (in target 'GoogleUtilities_GoogleUtilities-Logger' from project 'GoogleUtilities')
    cd /Users/siam/Library/Developer/Xcode/DerivedData/Lingua_Quest-gvpckrqxtbgyprbgppjfqmimmmfw/SourcePackages/checkouts/GoogleUtilities
    builtin-infoPlistUtility /Users/siam/Library/Developer/Xcode/DerivedData/Lingua_Quest-gvpckrqxtbgyprbgppjfqmimmmfw/Build/Intermediates.noindex/GoogleUtilities.build/Debug-iphonesimulator/GoogleUtilities_GoogleUtilities-Logger.build/empty-GoogleUtilities_GoogleUtilities-Logger.plist -producttype com.apple.product-type.bundle -expandbuildsettings -format binary -platform iphonesimulator -o /Users/siam/Library/Developer/Xcode/DerivedData/Lingua_Quest-gvpckrqxtbgyprbgppjfqmimmmfw/Build/Products/Debug-iphonesimulator/GoogleUtilities_GoogleUtilities-Logger.bundle/Info.plist

ProcessInfoPlistFile /Users/siam/Library/Developer/Xcode/DerivedData/Lingua_Quest-gvpckrqxtbgyprbgppjfqmimmmfw/Build/Products/Debug-iphonesimulator/GoogleUtilities_GoogleUtilities-Environment.bundle/Info.plist /Users/siam/Library/Developer/Xcode/DerivedData/Lingua_Quest-gvpckrqxtbgyprbgppjfqmimmmfw/Build/Intermediates.noindex/GoogleUtilities.build/Debug-iphonesimulator/GoogleUtilities_GoogleUtilities-Environment.build/empty-GoogleUtilities_GoogleUtilities-Environment.plist (in target 'GoogleUtilities_GoogleUtilities-Environment' from project 'GoogleUtilities')
    cd /Users/siam/Library/Developer/Xcode/DerivedData/Lingua_Quest-gvpckrqxtbgyprbgppjfqmimmmfw/SourcePackages/checkouts/GoogleUtilities
    builtin-infoPlistUtility /Users/siam/Library/Developer/Xcode/DerivedData/Lingua_Quest-gvpckrqxtbgyprbgppjfqmimmmfw/Build/Intermediates.noindex/GoogleUtilities.build/Debug-iphonesimulator/GoogleUtilities_GoogleUtilities-Environment.build/empty-GoogleUtilities_GoogleUtilities-Environment.plist -producttype com.apple.product-type.bundle -expandbuildsettings -format binary -platform iphonesimulator -o /Users/siam/Library/Developer/Xcode/DerivedData/Lingua_Quest-gvpckrqxtbgyprbgppjfqmimmmfw/Build/Products/Debug-iphonesimulator/GoogleUtilities_GoogleUtilities-Environment.bundle/Info.plist

ProcessInfoPlistFile /Users/siam/Library/Developer/Xcode/DerivedData/Lingua_Quest-gvpckrqxtbgyprbgppjfqmimmmfw/Build/Products/Debug-iphonesimulator/GoogleUtilities_GoogleUtilities-AppDelegateSwizzler.bundle/Info.plist /Users/siam/Library/Developer/Xcode/DerivedData/Lingua_Quest-gvpckrqxtbgyprbgppjfqmimmmfw/Build/Intermediates.noindex/GoogleUtilities.build/Debug-iphonesimulator/GoogleUtilities_GoogleUtilities-AppDelegateSwizzler.build/empty-GoogleUtilities_GoogleUtilities-AppDelegateSwizzler.plist (in target 'GoogleUtilities_GoogleUtilities-AppDelegateSwizzler' from project 'GoogleUtilities')
    cd /Users/siam/Library/Developer/Xcode/DerivedData/Lingua_Quest-gvpckrqxtbgyprbgppjfqmimmmfw/SourcePackages/checkouts/GoogleUtilities
    builtin-infoPlistUtility /Users/siam/Library/Developer/Xcode/DerivedData/Lingua_Quest-gvpckrqxtbgyprbgppjfqmimmmfw/Build/Intermediates.noindex/GoogleUtilities.build/Debug-iphonesimulator/GoogleUtilities_GoogleUtilities-AppDelegateSwizzler.build/empty-GoogleUtilities_GoogleUtilities-AppDelegateSwizzler.plist -producttype com.apple.product-type.bundle -expandbuildsettings -format binary -platform iphonesimulator -o /Users/siam/Library/Developer/Xcode/DerivedData/Lingua_Quest-gvpckrqxtbgyprbgppjfqmimmmfw/Build/Products/Debug-iphonesimulator/GoogleUtilities_GoogleUtilities-AppDelegateSwizzler.bundle/Info.plist

CpResource /Users/siam/Library/Developer/Xcode/DerivedData/Lingua_Quest-gvpckrqxtbgyprbgppjfqmimmmfw/Build/Products/Debug-iphonesimulator/GoogleUtilities_GoogleUtilities-Network.bundle/PrivacyInfo.xcprivacy /Users/siam/Library/Developer/Xcode/DerivedData/Lingua_Quest-gvpckrqxtbgyprbgppjfqmimmmfw/SourcePackages/checkouts/GoogleUtilities/GoogleUtilities/Network/Resources/PrivacyInfo.xcprivacy (in target 'GoogleUtilities_GoogleUtilities-Network' from project 'GoogleUtilities')
    cd /Users/siam/Library/Developer/Xcode/DerivedData/Lingua_Quest-gvpckrqxtbgyprbgppjfqmimmmfw/SourcePackages/checkouts/GoogleUtilities
    builtin-copy -exclude .DS_Store -exclude CVS -exclude .svn -exclude .git -exclude .hg -resolve-src-symlinks /Users/siam/Library/Developer/Xcode/DerivedData/Lingua_Quest-gvpckrqxtbgyprbgppjfqmimmmfw/SourcePackages/checkouts/GoogleUtilities/GoogleUtilities/Network/Resources/PrivacyInfo.xcprivacy /Users/siam/Library/Developer/Xcode/DerivedData/Lingua_Quest-gvpckrqxtbgyprbgppjfqmimmmfw/Build/Products/Debug-iphonesimulator/GoogleUtilities_GoogleUtilities-Network.bundle

Ld /Users/siam/Library/Developer/Xcode/DerivedData/Lingua_Quest-gvpckrqxtbgyprbgppjfqmimmmfw/Build/Intermediates.noindex/Firebase.build/Debug-iphonesimulator/FirebaseFirestoreInternalWrapper.build/Objects-normal/x86_64/Binary/FirebaseFirestoreInternalWrapper.o normal x86_64 (in target 'FirebaseFirestoreInternalWrapper' from project 'Firebase')
    cd /Users/siam/Library/Developer/Xcode/DerivedData/Lingua_Quest-gvpckrqxtbgyprbgppjfqmimmmfw/SourcePackages/checkouts/firebase-ios-sdk
    /Applications/Xcode.app/Contents/Developer/Toolchains/XcodeDefault.xctoolchain/usr/bin/clang -Xlinker -reproducible -target x86_64-apple-ios15.0-simulator -r -isysroot /Applications/Xcode.app/Contents/Developer/Platforms/iPhoneSimulator.platform/Developer/SDKs/iPhoneSimulator26.0.sdk -O0 -w -L/Users/siam/Library/Developer/Xcode/DerivedData/Lingua_Quest-gvpckrqxtbgyprbgppjfqmimmmfw/Build/Intermediates.noindex/EagerLinkingTBDs/Debug-iphonesimulator -L/Users/siam/Library/Developer/Xcode/DerivedData/Lingua_Quest-gvpckrqxtbgyprbgppjfqmimmmfw/Build/Products/Debug-iphonesimulator -L/Applications/Xcode.app/Contents/Developer/Platforms/iPhoneSimulator.platform/Developer/usr/lib -F/Users/siam/Library/Developer/Xcode/DerivedData/Lingua_Quest-gvpckrqxtbgyprbgppjfqmimmmfw/Build/Intermediates.noindex/EagerLinkingTBDs/Debug-iphonesimulator -F/Users/siam/Library/Developer/Xcode/DerivedData/Lingua_Quest-gvpckrqxtbgyprbgppjfqmimmmfw/Build/Products/Debug-iphonesimulator -iframework /Applications/Xcode.app/Contents/Developer/Platforms/iPhoneSimulator.platform/Developer/Library/Frameworks -iframework /Applications/Xcode.app/Contents/Developer/Platforms/iPhoneSimulator.platform/Developer/SDKs/iPhoneSimulator26.0.sdk/Developer/Library/Frameworks -filelist /Users/siam/Library/Developer/Xcode/DerivedData/Lingua_Quest-gvpckrqxtbgyprbgppjfqmimmmfw/Build/Intermediates.noindex/Firebase.build/Debug-iphonesimulator/FirebaseFirestoreInternalWrapper.build/Objects-normal/x86_64/FirebaseFirestoreInternalWrapper.LinkFileList -nostdlib -Xlinker -object_path_lto -Xlinker /Users/siam/Library/Developer/Xcode/DerivedData/Lingua_Quest-gvpckrqxtbgyprbgppjfqmimmmfw/Build/Intermediates.noindex/Firebase.build/Debug-iphonesimulator/FirebaseFirestoreInternalWrapper.build/Objects-normal/x86_64/FirebaseFirestoreInternalWrapper_lto.o -rdynamic -Xlinker -no_deduplicate -Xlinker -objc_abi_version -Xlinker 2 -Xlinker -debug_variant -Xlinker -dependency_info -Xlinker /Users/siam/Library/Developer/Xcode/DerivedData/Lingua_Quest-gvpckrqxtbgyprbgppjfqmimmmfw/Build/Intermediates.noindex/Firebase.build/Debug-iphonesimulator/FirebaseFirestoreInternalWrapper.build/Objects-normal/x86_64/FirebaseFirestoreInternalWrapper_dependency_info.dat -fobjc-arc -fobjc-link-runtime -o /Users/siam/Library/Developer/Xcode/DerivedData/Lingua_Quest-gvpckrqxtbgyprbgppjfqmimmmfw/Build/Intermediates.noindex/Firebase.build/Debug-iphonesimulator/FirebaseFirestoreInternalWrapper.build/Objects-normal/x86_64/Binary/FirebaseFirestoreInternalWrapper.o

CpResource /Users/siam/Library/Developer/Xcode/DerivedData/Lingua_Quest-gvpckrqxtbgyprbgppjfqmimmmfw/Build/Products/Debug-iphonesimulator/GoogleUtilities_GoogleUtilities-NSData.bundle/PrivacyInfo.xcprivacy /Users/siam/Library/Developer/Xcode/DerivedData/Lingua_Quest-gvpckrqxtbgyprbgppjfqmimmmfw/SourcePackages/checkouts/GoogleUtilities/GoogleUtilities/NSData+zlib/Resources/PrivacyInfo.xcprivacy (in target 'GoogleUtilities_GoogleUtilities-NSData' from project 'GoogleUtilities')
    cd /Users/siam/Library/Developer/Xcode/DerivedData/Lingua_Quest-gvpckrqxtbgyprbgppjfqmimmmfw/SourcePackages/checkouts/GoogleUtilities
    builtin-copy -exclude .DS_Store -exclude CVS -exclude .svn -exclude .git -exclude .hg -resolve-src-symlinks /Users/siam/Library/Developer/Xcode/DerivedData/Lingua_Quest-gvpckrqxtbgyprbgppjfqmimmmfw/SourcePackages/checkouts/GoogleUtilities/GoogleUtilities/NSData+zlib/Resources/PrivacyInfo.xcprivacy /Users/siam/Library/Developer/Xcode/DerivedData/Lingua_Quest-gvpckrqxtbgyprbgppjfqmimmmfw/Build/Products/Debug-iphonesimulator/GoogleUtilities_GoogleUtilities-NSData.bundle

ScanDependencies /Users/siam/Library/Developer/Xcode/DerivedData/Lingua_Quest-gvpckrqxtbgyprbgppjfqmimmmfw/Build/Intermediates.noindex/GoogleUtilities.build/Debug-iphonesimulator/GoogleUtilities-NSData.build/Objects-normal/x86_64/resource_bundle_accessor.o /Users/siam/Library/Developer/Xcode/DerivedData/Lingua_Quest-gvpckrqxtbgyprbgppjfqmimmmfw/Build/Intermediates.noindex/GoogleUtilities.build/Debug-iphonesimulator/GoogleUtilities-NSData.build/DerivedSources/resource_bundle_accessor.m normal x86_64 objective-c com.apple.compilers.llvm.clang.1_0.compiler (in target 'GoogleUtilities-NSData' from project 'GoogleUtilities')
    cd /Users/siam/Desktop/Lingua\ Quest/Lingua\ Quest.xcodeproj
    
    Using response file: /Users/siam/Library/Developer/Xcode/DerivedData/Lingua_Quest-gvpckrqxtbgyprbgppjfqmimmmfw/Build/Intermediates.noindex/GoogleUtilities.build/Debug-iphonesimulator/GoogleUtilities-NSData.build/Objects-normal/x86_64/e6072d4f65d7061329687fe24e3d63a7-common-args.resp
    
    builtin-ScanDependencies -o /Users/siam/Library/Developer/Xcode/DerivedData/Lingua_Quest-gvpckrqxtbgyprbgppjfqmimmmfw/Build/Intermediates.noindex/GoogleUtilities.build/Debug-iphonesimulator/GoogleUtilities-NSData.build/Objects-normal/x86_64/resource_bundle_accessor.o.scan -- /Applications/Xcode.app/Contents/Developer/Toolchains/XcodeDefault.xctoolchain/usr/bin/clang -x objective-c -ivfsstatcache /Users/siam/Library/Developer/Xcode/DerivedData/SDKStatCaches.noindex/iphonesimulator26.0-23A339-26257891a6c027eb51374368541b8346.sdkstatcache -fmessage-length\=0 -fdiagnostics-show-note-include-stack -fmacro-backtrace-limit\=0 -fno-color-diagnostics -fmodules-prune-interval\=86400 -fmodules-prune-after\=345600 -fbuild-session-file\=/Users/siam/Library/Developer/Xcode/DerivedData/ModuleCache.noindex/Session.modulevalidation -fmodules-validate-once-per-build-session -Wnon-modular-include-in-framework-module -Werror\=non-modular-include-in-framework-module -Wno-trigraphs -Wno-missing-field-initializers -Wno-missing-prototypes -Wno-return-type -Wno-implicit-atomic-properties -Wno-objc-interface-ivars -Wno-arc-repeated-use-of-weak -Wno-missing-braces -Wparentheses -Wswitch -Wno-unused-function -Wno-unused-label -Wno-unused-parameter -Wno-unused-variable -Wunused-value -Wno-empty-body -Wno-uninitialized -Wno-unknown-pragmas -w -Wno-shadow -Wno-four-char-constants -Wno-conversion -Wno-constant-conversion -Wno-int-conversion -Wno-bool-conversion -Wno-enum-conversion -Wno-float-conversion -Wno-non-literal-null-conversion -Wno-objc-literal-conversion -Wshorten-64-to-32 -Wpointer-sign -Wno-newline-eof -Wno-selector -Wno-strict-selector-match -Wno-undeclared-selector -Wno-deprecated-implementations -Wno-implicit-fallthrough -fstrict-aliasing -Wprotocol -Wdeprecated-declarations -Wno-sign-conversion -Wno-infinite-recursion -Wno-comma -Wno-block-capture-autoreleasing -Wno-strict-prototypes -Wno-semicolon-before-method-body -index-store-path /Users/siam/Library/Developer/Xcode/DerivedData/Lingua_Quest-gvpckrqxtbgyprbgppjfqmimmmfw/Index.noindex/DataStore @/Users/siam/Library/Developer/Xcode/DerivedData/Lingua_Quest-gvpckrqxtbgyprbgppjfqmimmmfw/Build/Intermediates.noindex/GoogleUtilities.build/Debug-iphonesimulator/GoogleUtilities-NSData.build/Objects-normal/x86_64/e6072d4f65d7061329687fe24e3d63a7-common-args.resp -include /Users/siam/Library/Developer/Xcode/DerivedData/Lingua_Quest-gvpckrqxtbgyprbgppjfqmimmmfw/Build/Intermediates.noindex/GoogleUtilities.build/Debug-iphonesimulator/GoogleUtilities-NSData.build/DerivedSources/resource_bundle_accessor.h -MMD -MT dependencies -MF /Users/siam/Library/Developer/Xcode/DerivedData/Lingua_Quest-gvpckrqxtbgyprbgppjfqmimmmfw/Build/Intermediates.noindex/GoogleUtilities.build/Debug-iphonesimulator/GoogleUtilities-NSData.build/Objects-normal/x86_64/resource_bundle_accessor.d --serialize-diagnostics /Users/siam/Library/Developer/Xcode/DerivedData/Lingua_Quest-gvpckrqxtbgyprbgppjfqmimmmfw/Build/Intermediates.noindex/GoogleUtilities.build/Debug-iphonesimulator/GoogleUtilities-NSData.build/Objects-normal/x86_64/resource_bundle_accessor.dia -c /Users/siam/Library/Developer/Xcode/DerivedData/Lingua_Quest-gvpckrqxtbgyprbgppjfqmimmmfw/Build/Intermediates.noindex/GoogleUtilities.build/Debug-iphonesimulator/GoogleUtilities-NSData.build/DerivedSources/resource_bundle_accessor.m -o /Users/siam/Library/Developer/Xcode/DerivedData/Lingua_Quest-gvpckrqxtbgyprbgppjfqmimmmfw/Build/Intermediates.noindex/GoogleUtilities.build/Debug-iphonesimulator/GoogleUtilities-NSData.build/Objects-normal/x86_64/resource_bundle_accessor.o -index-unit-output-path /GoogleUtilities.build/Debug-iphonesimulator/GoogleUtilities-NSData.build/Objects-normal/x86_64/resource_bundle_accessor.o

Ld /Users/siam/Library/Developer/Xcode/DerivedData/Lingua_Quest-gvpckrqxtbgyprbgppjfqmimmmfw/Build/Intermediates.noindex/Firebase.build/Debug-iphonesimulator/FirebaseFirestoreInternalWrapper.build/Objects-normal/arm64/Binary/FirebaseFirestoreInternalWrapper.o normal arm64 (in target 'FirebaseFirestoreInternalWrapper' from project 'Firebase')
    cd /Users/siam/Library/Developer/Xcode/DerivedData/Lingua_Quest-gvpckrqxtbgyprbgppjfqmimmmfw/SourcePackages/checkouts/firebase-ios-sdk
    /Applications/Xcode.app/Contents/Developer/Toolchains/XcodeDefault.xctoolchain/usr/bin/clang -Xlinker -reproducible -target arm64-apple-ios15.0-simulator -r -isysroot /Applications/Xcode.app/Contents/Developer/Platforms/iPhoneSimulator.platform/Developer/SDKs/iPhoneSimulator26.0.sdk -O0 -w -L/Users/siam/Library/Developer/Xcode/DerivedData/Lingua_Quest-gvpckrqxtbgyprbgppjfqmimmmfw/Build/Intermediates.noindex/EagerLinkingTBDs/Debug-iphonesimulator -L/Users/siam/Library/Developer/Xcode/DerivedData/Lingua_Quest-gvpckrqxtbgyprbgppjfqmimmmfw/Build/Products/Debug-iphonesimulator -L/Applications/Xcode.app/Contents/Developer/Platforms/iPhoneSimulator.platform/Developer/usr/lib -F/Users/siam/Library/Developer/Xcode/DerivedData/Lingua_Quest-gvpckrqxtbgyprbgppjfqmimmmfw/Build/Intermediates.noindex/EagerLinkingTBDs/Debug-iphonesimulator -F/Users/siam/Library/Developer/Xcode/DerivedData/Lingua_Quest-gvpckrqxtbgyprbgppjfqmimmmfw/Build/Products/Debug-iphonesimulator -iframework /Applications/Xcode.app/Contents/Developer/Platforms/iPhoneSimulator.platform/Developer/Library/Frameworks -iframework /Applications/Xcode.app/Contents/Developer/Platforms/iPhoneSimulator.platform/Developer/SDKs/iPhoneSimulator26.0.sdk/Developer/Library/Frameworks -filelist /Users/siam/Library/Developer/Xcode/DerivedData/Lingua_Quest-gvpckrqxtbgyprbgppjfqmimmmfw/Build/Intermediates.noindex/Firebase.build/Debug-iphonesimulator/FirebaseFirestoreInternalWrapper.build/Objects-normal/arm64/FirebaseFirestoreInternalWrapper.LinkFileList -nostdlib -Xlinker -object_path_lto -Xlinker /Users/siam/Library/Developer/Xcode/DerivedData/Lingua_Quest-gvpckrqxtbgyprbgppjfqmimmmfw/Build/Intermediates.noindex/Firebase.build/Debug-iphonesimulator/FirebaseFirestoreInternalWrapper.build/Objects-normal/arm64/FirebaseFirestoreInternalWrapper_lto.o -rdynamic -Xlinker -no_deduplicate -Xlinker -objc_abi_version -Xlinker 2 -Xlinker -debug_variant -Xlinker -dependency_info -Xlinker /Users/siam/Library/Developer/Xcode/DerivedData/Lingua_Quest-gvpckrqxtbgyprbgppjfqmimmmfw/Build/Intermediates.noindex/Firebase.build/Debug-iphonesimulator/FirebaseFirestoreInternalWrapper.build/Objects-normal/arm64/FirebaseFirestoreInternalWrapper_dependency_info.dat -fobjc-arc -fobjc-link-runtime -o /Users/siam/Library/Developer/Xcode/DerivedData/Lingua_Quest-gvpckrqxtbgyprbgppjfqmimmmfw/Build/Intermediates.noindex/Firebase.build/Debug-iphonesimulator/FirebaseFirestoreInternalWrapper.build/Objects-normal/arm64/Binary/FirebaseFirestoreInternalWrapper.o

CpResource /Users/siam/Library/Developer/Xcode/DerivedData/Lingua_Quest-gvpckrqxtbgyprbgppjfqmimmmfw/Build/Products/Debug-iphonesimulator/GoogleUtilities_GoogleUtilities-Reachability.bundle/PrivacyInfo.xcprivacy /Users/siam/Library/Developer/Xcode/DerivedData/Lingua_Quest-gvpckrqxtbgyprbgppjfqmimmmfw/SourcePackages/checkouts/GoogleUtilities/GoogleUtilities/Reachability/Resources/PrivacyInfo.xcprivacy (in target 'GoogleUtilities_GoogleUtilities-Reachability' from project 'GoogleUtilities')
    cd /Users/siam/Library/Developer/Xcode/DerivedData/Lingua_Quest-gvpckrqxtbgyprbgppjfqmimmmfw/SourcePackages/checkouts/GoogleUtilities
    builtin-copy -exclude .DS_Store -exclude CVS -exclude .svn -exclude .git -exclude .hg -resolve-src-symlinks /Users/siam/Library/Developer/Xcode/DerivedData/Lingua_Quest-gvpckrqxtbgyprbgppjfqmimmmfw/SourcePackages/checkouts/GoogleUtilities/GoogleUtilities/Reachability/Resources/PrivacyInfo.xcprivacy /Users/siam/Library/Developer/Xcode/DerivedData/Lingua_Quest-gvpckrqxtbgyprbgppjfqmimmmfw/Build/Products/Debug-iphonesimulator/GoogleUtilities_GoogleUtilities-Reachability.bundle

ScanDependencies /Users/siam/Library/Developer/Xcode/DerivedData/Lingua_Quest-gvpckrqxtbgyprbgppjfqmimmmfw/Build/Intermediates.noindex/GoogleUtilities.build/Debug-iphonesimulator/GoogleUtilities-NSData.build/Objects-normal/x86_64/GULNSData+zlib.o /Users/siam/Library/Developer/Xcode/DerivedData/Lingua_Quest-gvpckrqxtbgyprbgppjfqmimmmfw/SourcePackages/checkouts/GoogleUtilities/GoogleUtilities/NSData+zlib/GULNSData+zlib.m normal x86_64 objective-c com.apple.compilers.llvm.clang.1_0.compiler (in target 'GoogleUtilities-NSData' from project 'GoogleUtilities')
    cd /Users/siam/Desktop/Lingua\ Quest/Lingua\ Quest.xcodeproj
    
    Using response file: /Users/siam/Library/Developer/Xcode/DerivedData/Lingua_Quest-gvpckrqxtbgyprbgppjfqmimmmfw/Build/Intermediates.noindex/GoogleUtilities.build/Debug-iphonesimulator/GoogleUtilities-NSData.build/Objects-normal/x86_64/e6072d4f65d7061329687fe24e3d63a7-common-args.resp
    
    builtin-ScanDependencies -o /Users/siam/Library/Developer/Xcode/DerivedData/Lingua_Quest-gvpckrqxtbgyprbgppjfqmimmmfw/Build/Intermediates.noindex/GoogleUtilities.build/Debug-iphonesimulator/GoogleUtilities-NSData.build/Objects-normal/x86_64/GULNSData+zlib.o.scan -- /Applications/Xcode.app/Contents/Developer/Toolchains/XcodeDefault.xctoolchain/usr/bin/clang -x objective-c -ivfsstatcache /Users/siam/Library/Developer/Xcode/DerivedData/SDKStatCaches.noindex/iphonesimulator26.0-23A339-26257891a6c027eb51374368541b8346.sdkstatcache -fmessage-length\=0 -fdiagnostics-show-note-include-stack -fmacro-backtrace-limit\=0 -fno-color-diagnostics -fmodules-prune-interval\=86400 -fmodules-prune-after\=345600 -fbuild-session-file\=/Users/siam/Library/Developer/Xcode/DerivedData/ModuleCache.noindex/Session.modulevalidation -fmodules-validate-once-per-build-session -Wnon-modular-include-in-framework-module -Werror\=non-modular-include-in-framework-module -Wno-trigraphs -Wno-missing-field-initializers -Wno-missing-prototypes -Wno-return-type -Wno-implicit-atomic-properties -Wno-objc-interface-ivars -Wno-arc-repeated-use-of-weak -Wno-missing-braces -Wparentheses -Wswitch -Wno-unused-function -Wno-unused-label -Wno-unused-parameter -Wno-unused-variable -Wunused-value -Wno-empty-body -Wno-uninitialized -Wno-unknown-pragmas -w -Wno-shadow -Wno-four-char-constants -Wno-conversion -Wno-constant-conversion -Wno-int-conversion -Wno-bool-conversion -Wno-enum-conversion -Wno-float-conversion -Wno-non-literal-null-conversion -Wno-objc-literal-conversion -Wshorten-64-to-32 -Wpointer-sign -Wno-newline-eof -Wno-selector -Wno-strict-selector-match -Wno-undeclared-selector -Wno-deprecated-implementations -Wno-implicit-fallthrough -fstrict-aliasing -Wprotocol -Wdeprecated-declarations -Wno-sign-conversion -Wno-infinite-recursion -Wno-comma -Wno-block-capture-autoreleasing -Wno-strict-prototypes -Wno-semicolon-before-method-body -index-store-path /Users/siam/Library/Developer/Xcode/DerivedData/Lingua_Quest-gvpckrqxtbgyprbgppjfqmimmmfw/Index.noindex/DataStore @/Users/siam/Library/Developer/Xcode/DerivedData/Lingua_Quest-gvpckrqxtbgyprbgppjfqmimmmfw/Build/Intermediates.noindex/GoogleUtilities.build/Debug-iphonesimulator/GoogleUtilities-NSData.build/Objects-normal/x86_64/e6072d4f65d7061329687fe24e3d63a7-common-args.resp -include /Users/siam/Library/Developer/Xcode/DerivedData/Lingua_Quest-gvpckrqxtbgyprbgppjfqmimmmfw/Build/Intermediates.noindex/GoogleUtilities.build/Debug-iphonesimulator/GoogleUtilities-NSData.build/DerivedSources/resource_bundle_accessor.h -MMD -MT dependencies -MF /Users/siam/Library/Developer/Xcode/DerivedData/Lingua_Quest-gvpckrqxtbgyprbgppjfqmimmmfw/Build/Intermediates.noindex/GoogleUtilities.build/Debug-iphonesimulator/GoogleUtilities-NSData.build/Objects-normal/x86_64/GULNSData+zlib.d --serialize-diagnostics /Users/siam/Library/Developer/Xcode/DerivedData/Lingua_Quest-gvpckrqxtbgyprbgppjfqmimmmfw/Build/Intermediates.noindex/GoogleUtilities.build/Debug-iphonesimulator/GoogleUtilities-NSData.build/Objects-normal/x86_64/GULNSData+zlib.dia -c /Users/siam/Library/Developer/Xcode/DerivedData/Lingua_Quest-gvpckrqxtbgyprbgppjfqmimmmfw/SourcePackages/checkouts/GoogleUtilities/GoogleUtilities/NSData+zlib/GULNSData+zlib.m -o /Users/siam/Library/Developer/Xcode/DerivedData/Lingua_Quest-gvpckrqxtbgyprbgppjfqmimmmfw/Build/Intermediates.noindex/GoogleUtilities.build/Debug-iphonesimulator/GoogleUtilities-NSData.build/Objects-normal/x86_64/GULNSData+zlib.o -index-unit-output-path /GoogleUtilities.build/Debug-iphonesimulator/GoogleUtilities-NSData.build/Objects-normal/x86_64/GULNSData+zlib.o

ScanDependencies /Users/siam/Library/Developer/Xcode/DerivedData/Lingua_Quest-gvpckrqxtbgyprbgppjfqmimmmfw/Build/Intermediates.noindex/GoogleUtilities.build/Debug-iphonesimulator/GoogleUtilities-NSData.build/Objects-normal/arm64/resource_bundle_accessor.o /Users/siam/Library/Developer/Xcode/DerivedData/Lingua_Quest-gvpckrqxtbgyprbgppjfqmimmmfw/Build/Intermediates.noindex/GoogleUtilities.build/Debug-iphonesimulator/GoogleUtilities-NSData.build/DerivedSources/resource_bundle_accessor.m normal arm64 objective-c com.apple.compilers.llvm.clang.1_0.compiler (in target 'GoogleUtilities-NSData' from project 'GoogleUtilities')
    cd /Users/siam/Desktop/Lingua\ Quest/Lingua\ Quest.xcodeproj
    
    Using response file: /Users/siam/Library/Developer/Xcode/DerivedData/Lingua_Quest-gvpckrqxtbgyprbgppjfqmimmmfw/Build/Intermediates.noindex/GoogleUtilities.build/Debug-iphonesimulator/GoogleUtilities-NSData.build/Objects-normal/arm64/e6072d4f65d7061329687fe24e3d63a7-common-args.resp
    
    builtin-ScanDependencies -o /Users/siam/Library/Developer/Xcode/DerivedData/Lingua_Quest-gvpckrqxtbgyprbgppjfqmimmmfw/Build/Intermediates.noindex/GoogleUtilities.build/Debug-iphonesimulator/GoogleUtilities-NSData.build/Objects-normal/arm64/resource_bundle_accessor.o.scan -- /Applications/Xcode.app/Contents/Developer/Toolchains/XcodeDefault.xctoolchain/usr/bin/clang -x objective-c -ivfsstatcache /Users/siam/Library/Developer/Xcode/DerivedData/SDKStatCaches.noindex/iphonesimulator26.0-23A339-26257891a6c027eb51374368541b8346.sdkstatcache -fmessage-length\=0 -fdiagnostics-show-note-include-stack -fmacro-backtrace-limit\=0 -fno-color-diagnostics -fmodules-prune-interval\=86400 -fmodules-prune-after\=345600 -fbuild-session-file\=/Users/siam/Library/Developer/Xcode/DerivedData/ModuleCache.noindex/Session.modulevalidation -fmodules-validate-once-per-build-session -Wnon-modular-include-in-framework-module -Werror\=non-modular-include-in-framework-module -Wno-trigraphs -Wno-missing-field-initializers -Wno-missing-prototypes -Wno-return-type -Wno-implicit-atomic-properties -Wno-objc-interface-ivars -Wno-arc-repeated-use-of-weak -Wno-missing-braces -Wparentheses -Wswitch -Wno-unused-function -Wno-unused-label -Wno-unused-parameter -Wno-unused-variable -Wunused-value -Wno-empty-body -Wno-uninitialized -Wno-unknown-pragmas -w -Wno-shadow -Wno-four-char-constants -Wno-conversion -Wno-constant-conversion -Wno-int-conversion -Wno-bool-conversion -Wno-enum-conversion -Wno-float-conversion -Wno-non-literal-null-conversion -Wno-objc-literal-conversion -Wshorten-64-to-32 -Wpointer-sign -Wno-newline-eof -Wno-selector -Wno-strict-selector-match -Wno-undeclared-selector -Wno-deprecated-implementations -Wno-implicit-fallthrough -fstrict-aliasing -Wprotocol -Wdeprecated-declarations -Wno-sign-conversion -Wno-infinite-recursion -Wno-comma -Wno-block-capture-autoreleasing -Wno-strict-prototypes -Wno-semicolon-before-method-body -index-store-path /Users/siam/Library/Developer/Xcode/DerivedData/Lingua_Quest-gvpckrqxtbgyprbgppjfqmimmmfw/Index.noindex/DataStore @/Users/siam/Library/Developer/Xcode/DerivedData/Lingua_Quest-gvpckrqxtbgyprbgppjfqmimmmfw/Build/Intermediates.noindex/GoogleUtilities.build/Debug-iphonesimulator/GoogleUtilities-NSData.build/Objects-normal/arm64/e6072d4f65d7061329687fe24e3d63a7-common-args.resp -include /Users/siam/Library/Developer/Xcode/DerivedData/Lingua_Quest-gvpckrqxtbgyprbgppjfqmimmmfw/Build/Intermediates.noindex/GoogleUtilities.build/Debug-iphonesimulator/GoogleUtilities-NSData.build/DerivedSources/resource_bundle_accessor.h -MMD -MT dependencies -MF /Users/siam/Library/Developer/Xcode/DerivedData/Lingua_Quest-gvpckrqxtbgyprbgppjfqmimmmfw/Build/Intermediates.noindex/GoogleUtilities.build/Debug-iphonesimulator/GoogleUtilities-NSData.build/Objects-normal/arm64/resource_bundle_accessor.d --serialize-diagnostics /Users/siam/Library/Developer/Xcode/DerivedData/Lingua_Quest-gvpckrqxtbgyprbgppjfqmimmmfw/Build/Intermediates.noindex/GoogleUtilities.build/Debug-iphonesimulator/GoogleUtilities-NSData.build/Objects-normal/arm64/resource_bundle_accessor.dia -c /Users/siam/Library/Developer/Xcode/DerivedData/Lingua_Quest-gvpckrqxtbgyprbgppjfqmimmmfw/Build/Intermediates.noindex/GoogleUtilities.build/Debug-iphonesimulator/GoogleUtilities-NSData.build/DerivedSources/resource_bundle_accessor.m -o /Users/siam/Library/Developer/Xcode/DerivedData/Lingua_Quest-gvpckrqxtbgyprbgppjfqmimmmfw/Build/Intermediates.noindex/GoogleUtilities.build/Debug-iphonesimulator/GoogleUtilities-NSData.build/Objects-normal/arm64/resource_bundle_accessor.o -index-unit-output-path /GoogleUtilities.build/Debug-iphonesimulator/GoogleUtilities-NSData.build/Objects-normal/arm64/resource_bundle_accessor.o

CpResource /Users/siam/Library/Developer/Xcode/DerivedData/Lingua_Quest-gvpckrqxtbgyprbgppjfqmimmmfw/Build/Products/Debug-iphonesimulator/GoogleUtilities_GoogleUtilities-Environment.bundle/PrivacyInfo.xcprivacy /Users/siam/Library/Developer/Xcode/DerivedData/Lingua_Quest-gvpckrqxtbgyprbgppjfqmimmmfw/SourcePackages/checkouts/GoogleUtilities/GoogleUtilities/Environment/Resources/PrivacyInfo.xcprivacy (in target 'GoogleUtilities_GoogleUtilities-Environment' from project 'GoogleUtilities')
    cd /Users/siam/Library/Developer/Xcode/DerivedData/Lingua_Quest-gvpckrqxtbgyprbgppjfqmimmmfw/SourcePackages/checkouts/GoogleUtilities
    builtin-copy -exclude .DS_Store -exclude CVS -exclude .svn -exclude .git -exclude .hg -resolve-src-symlinks /Users/siam/Library/Developer/Xcode/DerivedData/Lingua_Quest-gvpckrqxtbgyprbgppjfqmimmmfw/SourcePackages/checkouts/GoogleUtilities/GoogleUtilities/Environment/Resources/PrivacyInfo.xcprivacy /Users/siam/Library/Developer/Xcode/DerivedData/Lingua_Quest-gvpckrqxtbgyprbgppjfqmimmmfw/Build/Products/Debug-iphonesimulator/GoogleUtilities_GoogleUtilities-Environment.bundle

CpResource /Users/siam/Library/Developer/Xcode/DerivedData/Lingua_Quest-gvpckrqxtbgyprbgppjfqmimmmfw/Build/Products/Debug-iphonesimulator/GoogleUtilities_GoogleUtilities-Logger.bundle/PrivacyInfo.xcprivacy /Users/siam/Library/Developer/Xcode/DerivedData/Lingua_Quest-gvpckrqxtbgyprbgppjfqmimmmfw/SourcePackages/checkouts/GoogleUtilities/GoogleUtilities/Logger/Resources/PrivacyInfo.xcprivacy (in target 'GoogleUtilities_GoogleUtilities-Logger' from project 'GoogleUtilities')
    cd /Users/siam/Library/Developer/Xcode/DerivedData/Lingua_Quest-gvpckrqxtbgyprbgppjfqmimmmfw/SourcePackages/checkouts/GoogleUtilities
    builtin-copy -exclude .DS_Store -exclude CVS -exclude .svn -exclude .git -exclude .hg -resolve-src-symlinks /Users/siam/Library/Developer/Xcode/DerivedData/Lingua_Quest-gvpckrqxtbgyprbgppjfqmimmmfw/SourcePackages/checkouts/GoogleUtilities/GoogleUtilities/Logger/Resources/PrivacyInfo.xcprivacy /Users/siam/Library/Developer/Xcode/DerivedData/Lingua_Quest-gvpckrqxtbgyprbgppjfqmimmmfw/Build/Products/Debug-iphonesimulator/GoogleUtilities_GoogleUtilities-Logger.bundle

PrecompileModule /Users/siam/Library/Developer/Xcode/DerivedData/Lingua_Quest-gvpckrqxtbgyprbgppjfqmimmmfw/Build/Intermediates.noindex/ExplicitPrecompiledModules/MachO-4AOXG6CS7IOMJB3CMUPJ67HQ9.scan
    cd /
    builtin-precompileModule /Users/siam/Library/Developer/Xcode/DerivedData/Lingua_Quest-gvpckrqxtbgyprbgppjfqmimmmfw/Build/Intermediates.noindex/ExplicitPrecompiledModules/MachO-4AOXG6CS7IOMJB3CMUPJ67HQ9.scan

PrecompileModule /Users/siam/Library/Developer/Xcode/DerivedData/Lingua_Quest-gvpckrqxtbgyprbgppjfqmimmmfw/Build/Intermediates.noindex/ExplicitPrecompiledModules/ObjectiveC-EC9YMK2RMENN03ZYQCPWOZH9Z.scan
    cd /
    builtin-precompileModule /Users/siam/Library/Developer/Xcode/DerivedData/Lingua_Quest-gvpckrqxtbgyprbgppjfqmimmmfw/Build/Intermediates.noindex/ExplicitPrecompiledModules/ObjectiveC-EC9YMK2RMENN03ZYQCPWOZH9Z.scan

ScanDependencies /Users/siam/Library/Developer/Xcode/DerivedData/Lingua_Quest-gvpckrqxtbgyprbgppjfqmimmmfw/Build/Intermediates.noindex/GoogleUtilities.build/Debug-iphonesimulator/GoogleUtilities-NSData.build/Objects-normal/arm64/GULNSData+zlib.o /Users/siam/Library/Developer/Xcode/DerivedData/Lingua_Quest-gvpckrqxtbgyprbgppjfqmimmmfw/SourcePackages/checkouts/GoogleUtilities/GoogleUtilities/NSData+zlib/GULNSData+zlib.m normal arm64 objective-c com.apple.compilers.llvm.clang.1_0.compiler (in target 'GoogleUtilities-NSData' from project 'GoogleUtilities')
    cd /Users/siam/Desktop/Lingua\ Quest/Lingua\ Quest.xcodeproj
    
    Using response file: /Users/siam/Library/Developer/Xcode/DerivedData/Lingua_Quest-gvpckrqxtbgyprbgppjfqmimmmfw/Build/Intermediates.noindex/GoogleUtilities.build/Debug-iphonesimulator/GoogleUtilities-NSData.build/Objects-normal/arm64/e6072d4f65d7061329687fe24e3d63a7-common-args.resp
    
    builtin-ScanDependencies -o /Users/siam/Library/Developer/Xcode/DerivedData/Lingua_Quest-gvpckrqxtbgyprbgppjfqmimmmfw/Build/Intermediates.noindex/GoogleUtilities.build/Debug-iphonesimulator/GoogleUtilities-NSData.build/Objects-normal/arm64/GULNSData+zlib.o.scan -- /Applications/Xcode.app/Contents/Developer/Toolchains/XcodeDefault.xctoolchain/usr/bin/clang -x objective-c -ivfsstatcache /Users/siam/Library/Developer/Xcode/DerivedData/SDKStatCaches.noindex/iphonesimulator26.0-23A339-26257891a6c027eb51374368541b8346.sdkstatcache -fmessage-length\=0 -fdiagnostics-show-note-include-stack -fmacro-backtrace-limit\=0 -fno-color-diagnostics -fmodules-prune-interval\=86400 -fmodules-prune-after\=345600 -fbuild-session-file\=/Users/siam/Library/Developer/Xcode/DerivedData/ModuleCache.noindex/Session.modulevalidation -fmodules-validate-once-per-build-session -Wnon-modular-include-in-framework-module -Werror\=non-modular-include-in-framework-module -Wno-trigraphs -Wno-missing-field-initializers -Wno-missing-prototypes -Wno-return-type -Wno-implicit-atomic-properties -Wno-objc-interface-ivars -Wno-arc-repeated-use-of-weak -Wno-missing-braces -Wparentheses -Wswitch -Wno-unused-function -Wno-unused-label -Wno-unused-parameter -Wno-unused-variable -Wunused-value -Wno-empty-body -Wno-uninitialized -Wno-unknown-pragmas -w -Wno-shadow -Wno-four-char-constants -Wno-conversion -Wno-constant-conversion -Wno-int-conversion -Wno-bool-conversion -Wno-enum-conversion -Wno-float-conversion -Wno-non-literal-null-conversion -Wno-objc-literal-conversion -Wshorten-64-to-32 -Wpointer-sign -Wno-newline-eof -Wno-selector -Wno-strict-selector-match -Wno-undeclared-selector -Wno-deprecated-implementations -Wno-implicit-fallthrough -fstrict-aliasing -Wprotocol -Wdeprecated-declarations -Wno-sign-conversion -Wno-infinite-recursion -Wno-comma -Wno-block-capture-autoreleasing -Wno-strict-prototypes -Wno-semicolon-before-method-body -index-store-path /Users/siam/Library/Developer/Xcode/DerivedData/Lingua_Quest-gvpckrqxtbgyprbgppjfqmimmmfw/Index.noindex/DataStore @/Users/siam/Library/Developer/Xcode/DerivedData/Lingua_Quest-gvpckrqxtbgyprbgppjfqmimmmfw/Build/Intermediates.noindex/GoogleUtilities.build/Debug-iphonesimulator/GoogleUtilities-NSData.build/Objects-normal/arm64/e6072d4f65d7061329687fe24e3d63a7-common-args.resp -include /Users/siam/Library/Developer/Xcode/DerivedData/Lingua_Quest-gvpckrqxtbgyprbgppjfqmimmmfw/Build/Intermediates.noindex/GoogleUtilities.build/Debug-iphonesimulator/GoogleUtilities-NSData.build/DerivedSources/resource_bundle_accessor.h -MMD -MT dependencies -MF /Users/siam/Library/Developer/Xcode/DerivedData/Lingua_Quest-gvpckrqxtbgyprbgppjfqmimmmfw/Build/Intermediates.noindex/GoogleUtilities.build/Debug-iphonesimulator/GoogleUtilities-NSData.build/Objects-normal/arm64/GULNSData+zlib.d --serialize-diagnostics /Users/siam/Library/Developer/Xcode/DerivedData/Lingua_Quest-gvpckrqxtbgyprbgppjfqmimmmfw/Build/Intermediates.noindex/GoogleUtilities.build/Debug-iphonesimulator/GoogleUtilities-NSData.build/Objects-normal/arm64/GULNSData+zlib.dia -c /Users/siam/Library/Developer/Xcode/DerivedData/Lingua_Quest-gvpckrqxtbgyprbgppjfqmimmmfw/SourcePackages/checkouts/GoogleUtilities/GoogleUtilities/NSData+zlib/GULNSData+zlib.m -o /Users/siam/Library/Developer/Xcode/DerivedData/Lingua_Quest-gvpckrqxtbgyprbgppjfqmimmmfw/Build/Intermediates.noindex/GoogleUtilities.build/Debug-iphonesimulator/GoogleUtilities-NSData.build/Objects-normal/arm64/GULNSData+zlib.o -index-unit-output-path /GoogleUtilities.build/Debug-iphonesimulator/GoogleUtilities-NSData.build/Objects-normal/arm64/GULNSData+zlib.o

CpResource /Users/siam/Library/Developer/Xcode/DerivedData/Lingua_Quest-gvpckrqxtbgyprbgppjfqmimmmfw/Build/Products/Debug-iphonesimulator/GoogleUtilities_GoogleUtilities-AppDelegateSwizzler.bundle/PrivacyInfo.xcprivacy /Users/siam/Library/Developer/Xcode/DerivedData/Lingua_Quest-gvpckrqxtbgyprbgppjfqmimmmfw/SourcePackages/checkouts/GoogleUtilities/GoogleUtilities/AppDelegateSwizzler/Resources/PrivacyInfo.xcprivacy (in target 'GoogleUtilities_GoogleUtilities-AppDelegateSwizzler' from project 'GoogleUtilities')
    cd /Users/siam/Library/Developer/Xcode/DerivedData/Lingua_Quest-gvpckrqxtbgyprbgppjfqmimmmfw/SourcePackages/checkouts/GoogleUtilities
    builtin-copy -exclude .DS_Store -exclude CVS -exclude .svn -exclude .git -exclude .hg -resolve-src-symlinks /Users/siam/Library/Developer/Xcode/DerivedData/Lingua_Quest-gvpckrqxtbgyprbgppjfqmimmmfw/SourcePackages/checkouts/GoogleUtilities/GoogleUtilities/AppDelegateSwizzler/Resources/PrivacyInfo.xcprivacy /Users/siam/Library/Developer/Xcode/DerivedData/Lingua_Quest-gvpckrqxtbgyprbgppjfqmimmmfw/Build/Products/Debug-iphonesimulator/GoogleUtilities_GoogleUtilities-AppDelegateSwizzler.bundle

CreateUniversalBinary /Users/siam/Library/Developer/Xcode/DerivedData/Lingua_Quest-gvpckrqxtbgyprbgppjfqmimmmfw/Build/Products/Debug-iphonesimulator/FirebaseFirestoreInternalWrapper.o normal arm64\ x86_64 (in target 'FirebaseFirestoreInternalWrapper' from project 'Firebase')
    cd /Users/siam/Library/Developer/Xcode/DerivedData/Lingua_Quest-gvpckrqxtbgyprbgppjfqmimmmfw/SourcePackages/checkouts/firebase-ios-sdk
    /Applications/Xcode.app/Contents/Developer/Toolchains/XcodeDefault.xctoolchain/usr/bin/lipo -create /Users/siam/Library/Developer/Xcode/DerivedData/Lingua_Quest-gvpckrqxtbgyprbgppjfqmimmmfw/Build/Intermediates.noindex/Firebase.build/Debug-iphonesimulator/FirebaseFirestoreInternalWrapper.build/Objects-normal/arm64/Binary/FirebaseFirestoreInternalWrapper.o /Users/siam/Library/Developer/Xcode/DerivedData/Lingua_Quest-gvpckrqxtbgyprbgppjfqmimmmfw/Build/Intermediates.noindex/Firebase.build/Debug-iphonesimulator/FirebaseFirestoreInternalWrapper.build/Objects-normal/x86_64/Binary/FirebaseFirestoreInternalWrapper.o -output /Users/siam/Library/Developer/Xcode/DerivedData/Lingua_Quest-gvpckrqxtbgyprbgppjfqmimmmfw/Build/Products/Debug-iphonesimulator/FirebaseFirestoreInternalWrapper.o

ScanDependencies /Users/siam/Library/Developer/Xcode/DerivedData/Lingua_Quest-gvpckrqxtbgyprbgppjfqmimmmfw/Build/Intermediates.noindex/GoogleUtilities.build/Debug-iphonesimulator/GoogleUtilities-Environment.build/Objects-normal/x86_64/resource_bundle_accessor.o /Users/siam/Library/Developer/Xcode/DerivedData/Lingua_Quest-gvpckrqxtbgyprbgppjfqmimmmfw/Build/Intermediates.noindex/GoogleUtilities.build/Debug-iphonesimulator/GoogleUtilities-Environment.build/DerivedSources/resource_bundle_accessor.m normal x86_64 objective-c com.apple.compilers.llvm.clang.1_0.compiler (in target 'GoogleUtilities-Environment' from project 'GoogleUtilities')
    cd /Users/siam/Desktop/Lingua\ Quest/Lingua\ Quest.xcodeproj
    
    Using response file: /Users/siam/Library/Developer/Xcode/DerivedData/Lingua_Quest-gvpckrqxtbgyprbgppjfqmimmmfw/Build/Intermediates.noindex/GoogleUtilities.build/Debug-iphonesimulator/GoogleUtilities-Environment.build/Objects-normal/x86_64/e6072d4f65d7061329687fe24e3d63a7-common-args.resp
    
    builtin-ScanDependencies -o /Users/siam/Library/Developer/Xcode/DerivedData/Lingua_Quest-gvpckrqxtbgyprbgppjfqmimmmfw/Build/Intermediates.noindex/GoogleUtilities.build/Debug-iphonesimulator/GoogleUtilities-Environment.build/Objects-normal/x86_64/resource_bundle_accessor.o.scan -- /Applications/Xcode.app/Contents/Developer/Toolchains/XcodeDefault.xctoolchain/usr/bin/clang -x objective-c -ivfsstatcache /Users/siam/Library/Developer/Xcode/DerivedData/SDKStatCaches.noindex/iphonesimulator26.0-23A339-26257891a6c027eb51374368541b8346.sdkstatcache -fmessage-length\=0 -fdiagnostics-show-note-include-stack -fmacro-backtrace-limit\=0 -fno-color-diagnostics -fmodules-prune-interval\=86400 -fmodules-prune-after\=345600 -fbuild-session-file\=/Users/siam/Library/Developer/Xcode/DerivedData/ModuleCache.noindex/Session.modulevalidation -fmodules-validate-once-per-build-session -Wnon-modular-include-in-framework-module -Werror\=non-modular-include-in-framework-module -Wno-trigraphs -Wno-missing-field-initializers -Wno-missing-prototypes -Wno-return-type -Wno-implicit-atomic-properties -Wno-objc-interface-ivars -Wno-arc-repeated-use-of-weak -Wno-missing-braces -Wparentheses -Wswitch -Wno-unused-function -Wno-unused-label -Wno-unused-parameter -Wno-unused-variable -Wunused-value -Wno-empty-body -Wno-uninitialized -Wno-unknown-pragmas -w -Wno-shadow -Wno-four-char-constants -Wno-conversion -Wno-constant-conversion -Wno-int-conversion -Wno-bool-conversion -Wno-enum-conversion -Wno-float-conversion -Wno-non-literal-null-conversion -Wno-objc-literal-conversion -Wshorten-64-to-32 -Wpointer-sign -Wno-newline-eof -Wno-selector -Wno-strict-selector-match -Wno-undeclared-selector -Wno-deprecated-implementations -Wno-implicit-fallthrough -fstrict-aliasing -Wprotocol -Wdeprecated-declarations -Wno-sign-conversion -Wno-infinite-recursion -Wno-comma -Wno-block-capture-autoreleasing -Wno-strict-prototypes -Wno-semicolon-before-method-body -index-store-path /Users/siam/Library/Developer/Xcode/DerivedData/Lingua_Quest-gvpckrqxtbgyprbgppjfqmimmmfw/Index.noindex/DataStore @/Users/siam/Library/Developer/Xcode/DerivedData/Lingua_Quest-gvpckrqxtbgyprbgppjfqmimmmfw/Build/Intermediates.noindex/GoogleUtilities.build/Debug-iphonesimulator/GoogleUtilities-Environment.build/Objects-normal/x86_64/e6072d4f65d7061329687fe24e3d63a7-common-args.resp -include /Users/siam/Library/Developer/Xcode/DerivedData/Lingua_Quest-gvpckrqxtbgyprbgppjfqmimmmfw/Build/Intermediates.noindex/GoogleUtilities.build/Debug-iphonesimulator/GoogleUtilities-Environment.build/DerivedSources/resource_bundle_accessor.h -MMD -MT dependencies -MF /Users/siam/Library/Developer/Xcode/DerivedData/Lingua_Quest-gvpckrqxtbgyprbgppjfqmimmmfw/Build/Intermediates.noindex/GoogleUtilities.build/Debug-iphonesimulator/GoogleUtilities-Environment.build/Objects-normal/x86_64/resource_bundle_accessor.d --serialize-diagnostics /Users/siam/Library/Developer/Xcode/DerivedData/Lingua_Quest-gvpckrqxtbgyprbgppjfqmimmmfw/Build/Intermediates.noindex/GoogleUtilities.build/Debug-iphonesimulator/GoogleUtilities-Environment.build/Objects-normal/x86_64/resource_bundle_accessor.dia -c /Users/siam/Library/Developer/Xcode/DerivedData/Lingua_Quest-gvpckrqxtbgyprbgppjfqmimmmfw/Build/Intermediates.noindex/GoogleUtilities.build/Debug-iphonesimulator/GoogleUtilities-Environment.build/DerivedSources/resource_bundle_accessor.m -o /Users/siam/Library/Developer/Xcode/DerivedData/Lingua_Quest-gvpckrqxtbgyprbgppjfqmimmmfw/Build/Intermediates.noindex/GoogleUtilities.build/Debug-iphonesimulator/GoogleUtilities-Environment.build/Objects-normal/x86_64/resource_bundle_accessor.o -index-unit-output-path /GoogleUtilities.build/Debug-iphonesimulator/GoogleUtilities-Environment.build/Objects-normal/x86_64/resource_bundle_accessor.o

ScanDependencies /Users/siam/Library/Developer/Xcode/DerivedData/Lingua_Quest-gvpckrqxtbgyprbgppjfqmimmmfw/Build/Intermediates.noindex/GoogleUtilities.build/Debug-iphonesimulator/GoogleUtilities-Environment.build/Objects-normal/x86_64/GULNetworkInfo.o /Users/siam/Library/Developer/Xcode/DerivedData/Lingua_Quest-gvpckrqxtbgyprbgppjfqmimmmfw/SourcePackages/checkouts/GoogleUtilities/GoogleUtilities/Environment/NetworkInfo/GULNetworkInfo.m normal x86_64 objective-c com.apple.compilers.llvm.clang.1_0.compiler (in target 'GoogleUtilities-Environment' from project 'GoogleUtilities')
    cd /Users/siam/Desktop/Lingua\ Quest/Lingua\ Quest.xcodeproj
    
    Using response file: /Users/siam/Library/Developer/Xcode/DerivedData/Lingua_Quest-gvpckrqxtbgyprbgppjfqmimmmfw/Build/Intermediates.noindex/GoogleUtilities.build/Debug-iphonesimulator/GoogleUtilities-Environment.build/Objects-normal/x86_64/e6072d4f65d7061329687fe24e3d63a7-common-args.resp
    
    builtin-ScanDependencies -o /Users/siam/Library/Developer/Xcode/DerivedData/Lingua_Quest-gvpckrqxtbgyprbgppjfqmimmmfw/Build/Intermediates.noindex/GoogleUtilities.build/Debug-iphonesimulator/GoogleUtilities-Environment.build/Objects-normal/x86_64/GULNetworkInfo.o.scan -- /Applications/Xcode.app/Contents/Developer/Toolchains/XcodeDefault.xctoolchain/usr/bin/clang -x objective-c -ivfsstatcache /Users/siam/Library/Developer/Xcode/DerivedData/SDKStatCaches.noindex/iphonesimulator26.0-23A339-26257891a6c027eb51374368541b8346.sdkstatcache -fmessage-length\=0 -fdiagnostics-show-note-include-stack -fmacro-backtrace-limit\=0 -fno-color-diagnostics -fmodules-prune-interval\=86400 -fmodules-prune-after\=345600 -fbuild-session-file\=/Users/siam/Library/Developer/Xcode/DerivedData/ModuleCache.noindex/Session.modulevalidation -fmodules-validate-once-per-build-session -Wnon-modular-include-in-framework-module -Werror\=non-modular-include-in-framework-module -Wno-trigraphs -Wno-missing-field-initializers -Wno-missing-prototypes -Wno-return-type -Wno-implicit-atomic-properties -Wno-objc-interface-ivars -Wno-arc-repeated-use-of-weak -Wno-missing-braces -Wparentheses -Wswitch -Wno-unused-function -Wno-unused-label -Wno-unused-parameter -Wno-unused-variable -Wunused-value -Wno-empty-body -Wno-uninitialized -Wno-unknown-pragmas -w -Wno-shadow -Wno-four-char-constants -Wno-conversion -Wno-constant-conversion -Wno-int-conversion -Wno-bool-conversion -Wno-enum-conversion -Wno-float-conversion -Wno-non-literal-null-conversion -Wno-objc-literal-conversion -Wshorten-64-to-32 -Wpointer-sign -Wno-newline-eof -Wno-selector -Wno-strict-selector-match -Wno-undeclared-selector -Wno-deprecated-implementations -Wno-implicit-fallthrough -fstrict-aliasing -Wprotocol -Wdeprecated-declarations -Wno-sign-conversion -Wno-infinite-recursion -Wno-comma -Wno-block-capture-autoreleasing -Wno-strict-prototypes -Wno-semicolon-before-method-body -index-store-path /Users/siam/Library/Developer/Xcode/DerivedData/Lingua_Quest-gvpckrqxtbgyprbgppjfqmimmmfw/Index.noindex/DataStore @/Users/siam/Library/Developer/Xcode/DerivedData/Lingua_Quest-gvpckrqxtbgyprbgppjfqmimmmfw/Build/Intermediates.noindex/GoogleUtilities.build/Debug-iphonesimulator/GoogleUtilities-Environment.build/Objects-normal/x86_64/e6072d4f65d7061329687fe24e3d63a7-common-args.resp -include /Users/siam/Library/Developer/Xcode/DerivedData/Lingua_Quest-gvpckrqxtbgyprbgppjfqmimmmfw/Build/Intermediates.noindex/GoogleUtilities.build/Debug-iphonesimulator/GoogleUtilities-Environment.build/DerivedSources/resource_bundle_accessor.h -MMD -MT dependencies -MF /Users/siam/Library/Developer/Xcode/DerivedData/Lingua_Quest-gvpckrqxtbgyprbgppjfqmimmmfw/Build/Intermediates.noindex/GoogleUtilities.build/Debug-iphonesimulator/GoogleUtilities-Environment.build/Objects-normal/x86_64/GULNetworkInfo.d --serialize-diagnostics /Users/siam/Library/Developer/Xcode/DerivedData/Lingua_Quest-gvpckrqxtbgyprbgppjfqmimmmfw/Build/Intermediates.noindex/GoogleUtilities.build/Debug-iphonesimulator/GoogleUtilities-Environment.build/Objects-normal/x86_64/GULNetworkInfo.dia -c /Users/siam/Library/Developer/Xcode/DerivedData/Lingua_Quest-gvpckrqxtbgyprbgppjfqmimmmfw/SourcePackages/checkouts/GoogleUtilities/GoogleUtilities/Environment/NetworkInfo/GULNetworkInfo.m -o /Users/siam/Library/Developer/Xcode/DerivedData/Lingua_Quest-gvpckrqxtbgyprbgppjfqmimmmfw/Build/Intermediates.noindex/GoogleUtilities.build/Debug-iphonesimulator/GoogleUtilities-Environment.build/Objects-normal/x86_64/GULNetworkInfo.o -index-unit-output-path /GoogleUtilities.build/Debug-iphonesimulator/GoogleUtilities-Environment.build/Objects-normal/x86_64/GULNetworkInfo.o

ScanDependencies /Users/siam/Library/Developer/Xcode/DerivedData/Lingua_Quest-gvpckrqxtbgyprbgppjfqmimmmfw/Build/Intermediates.noindex/GoogleUtilities.build/Debug-iphonesimulator/GoogleUtilities-Environment.build/Objects-normal/x86_64/GULKeychainUtils.o /Users/siam/Library/Developer/Xcode/DerivedData/Lingua_Quest-gvpckrqxtbgyprbgppjfqmimmmfw/SourcePackages/checkouts/GoogleUtilities/GoogleUtilities/Environment/SecureStorage/GULKeychainUtils.m normal x86_64 objective-c com.apple.compilers.llvm.clang.1_0.compiler (in target 'GoogleUtilities-Environment' from project 'GoogleUtilities')
    cd /Users/siam/Desktop/Lingua\ Quest/Lingua\ Quest.xcodeproj
    
    Using response file: /Users/siam/Library/Developer/Xcode/DerivedData/Lingua_Quest-gvpckrqxtbgyprbgppjfqmimmmfw/Build/Intermediates.noindex/GoogleUtilities.build/Debug-iphonesimulator/GoogleUtilities-Environment.build/Objects-normal/x86_64/e6072d4f65d7061329687fe24e3d63a7-common-args.resp
    
    builtin-ScanDependencies -o /Users/siam/Library/Developer/Xcode/DerivedData/Lingua_Quest-gvpckrqxtbgyprbgppjfqmimmmfw/Build/Intermediates.noindex/GoogleUtilities.build/Debug-iphonesimulator/GoogleUtilities-Environment.build/Objects-normal/x86_64/GULKeychainUtils.o.scan -- /Applications/Xcode.app/Contents/Developer/Toolchains/XcodeDefault.xctoolchain/usr/bin/clang -x objective-c -ivfsstatcache /Users/siam/Library/Developer/Xcode/DerivedData/SDKStatCaches.noindex/iphonesimulator26.0-23A339-26257891a6c027eb51374368541b8346.sdkstatcache -fmessage-length\=0 -fdiagnostics-show-note-include-stack -fmacro-backtrace-limit\=0 -fno-color-diagnostics -fmodules-prune-interval\=86400 -fmodules-prune-after\=345600 -fbuild-session-file\=/Users/siam/Library/Developer/Xcode/DerivedData/ModuleCache.noindex/Session.modulevalidation -fmodules-validate-once-per-build-session -Wnon-modular-include-in-framework-module -Werror\=non-modular-include-in-framework-module -Wno-trigraphs -Wno-missing-field-initializers -Wno-missing-prototypes -Wno-return-type -Wno-implicit-atomic-properties -Wno-objc-interface-ivars -Wno-arc-repeated-use-of-weak -Wno-missing-braces -Wparentheses -Wswitch -Wno-unused-function -Wno-unused-label -Wno-unused-parameter -Wno-unused-variable -Wunused-value -Wno-empty-body -Wno-uninitialized -Wno-unknown-pragmas -w -Wno-shadow -Wno-four-char-constants -Wno-conversion -Wno-constant-conversion -Wno-int-conversion -Wno-bool-conversion -Wno-enum-conversion -Wno-float-conversion -Wno-non-literal-null-conversion -Wno-objc-literal-conversion -Wshorten-64-to-32 -Wpointer-sign -Wno-newline-eof -Wno-selector -Wno-strict-selector-match -Wno-undeclared-selector -Wno-deprecated-implementations -Wno-implicit-fallthrough -fstrict-aliasing -Wprotocol -Wdeprecated-declarations -Wno-sign-conversion -Wno-infinite-recursion -Wno-comma -Wno-block-capture-autoreleasing -Wno-strict-prototypes -Wno-semicolon-before-method-body -index-store-path /Users/siam/Library/Developer/Xcode/DerivedData/Lingua_Quest-gvpckrqxtbgyprbgppjfqmimmmfw/Index.noindex/DataStore @/Users/siam/Library/Developer/Xcode/DerivedData/Lingua_Quest-gvpckrqxtbgyprbgppjfqmimmmfw/Build/Intermediates.noindex/GoogleUtilities.build/Debug-iphonesimulator/GoogleUtilities-Environment.build/Objects-normal/x86_64/e6072d4f65d7061329687fe24e3d63a7-common-args.resp -include /Users/siam/Library/Developer/Xcode/DerivedData/Lingua_Quest-gvpckrqxtbgyprbgppjfqmimmmfw/Build/Intermediates.noindex/GoogleUtilities.build/Debug-iphonesimulator/GoogleUtilities-Environment.build/DerivedSources/resource_bundle_accessor.h -MMD -MT dependencies -MF /Users/siam/Library/Developer/Xcode/DerivedData/Lingua_Quest-gvpckrqxtbgyprbgppjfqmimmmfw/Build/Intermediates.noindex/GoogleUtilities.build/Debug-iphonesimulator/GoogleUtilities-Environment.build/Objects-normal/x86_64/GULKeychainUtils.d --serialize-diagnostics /Users/siam/Library/Developer/Xcode/DerivedData/Lingua_Quest-gvpckrqxtbgyprbgppjfqmimmmfw/Build/Intermediates.noindex/GoogleUtilities.build/Debug-iphonesimulator/GoogleUtilities-Environment.build/Objects-normal/x86_64/GULKeychainUtils.dia -c /Users/siam/Library/Developer/Xcode/DerivedData/Lingua_Quest-gvpckrqxtbgyprbgppjfqmimmmfw/SourcePackages/checkouts/GoogleUtilities/GoogleUtilities/Environment/SecureStorage/GULKeychainUtils.m -o /Users/siam/Library/Developer/Xcode/DerivedData/Lingua_Quest-gvpckrqxtbgyprbgppjfqmimmmfw/Build/Intermediates.noindex/GoogleUtilities.build/Debug-iphonesimulator/GoogleUtilities-Environment.build/Objects-normal/x86_64/GULKeychainUtils.o -index-unit-output-path /GoogleUtilities.build/Debug-iphonesimulator/GoogleUtilities-Environment.build/Objects-normal/x86_64/GULKeychainUtils.o

CompileC /Users/siam/Library/Developer/Xcode/DerivedData/Lingua_Quest-gvpckrqxtbgyprbgppjfqmimmmfw/Build/Intermediates.noindex/GoogleUtilities.build/Debug-iphonesimulator/GoogleUtilities-NSData.build/Objects-normal/x86_64/resource_bundle_accessor.o /Users/siam/Library/Developer/Xcode/DerivedData/Lingua_Quest-gvpckrqxtbgyprbgppjfqmimmmfw/Build/Intermediates.noindex/GoogleUtilities.build/Debug-iphonesimulator/GoogleUtilities-NSData.build/DerivedSources/resource_bundle_accessor.m normal x86_64 objective-c com.apple.compilers.llvm.clang.1_0.compiler (in target 'GoogleUtilities-NSData' from project 'GoogleUtilities')
    cd /Users/siam/Desktop/Lingua\ Quest/Lingua\ Quest.xcodeproj
    
    Using response file: /Users/siam/Library/Developer/Xcode/DerivedData/Lingua_Quest-gvpckrqxtbgyprbgppjfqmimmmfw/Build/Intermediates.noindex/GoogleUtilities.build/Debug-iphonesimulator/GoogleUtilities-NSData.build/Objects-normal/x86_64/e6072d4f65d7061329687fe24e3d63a7-common-args.resp
    
    /Applications/Xcode.app/Contents/Developer/Toolchains/XcodeDefault.xctoolchain/usr/bin/clang -x objective-c -ivfsstatcache /Users/siam/Library/Developer/Xcode/DerivedData/SDKStatCaches.noindex/iphonesimulator26.0-23A339-26257891a6c027eb51374368541b8346.sdkstatcache -fmessage-length\=0 -fdiagnostics-show-note-include-stack -fmacro-backtrace-limit\=0 -fno-color-diagnostics -fmodules-prune-interval\=86400 -fmodules-prune-after\=345600 -fbuild-session-file\=/Users/siam/Library/Developer/Xcode/DerivedData/ModuleCache.noindex/Session.modulevalidation -fmodules-validate-once-per-build-session -Wnon-modular-include-in-framework-module -Werror\=non-modular-include-in-framework-module -Wno-trigraphs -Wno-missing-field-initializers -Wno-missing-prototypes -Wno-return-type -Wno-implicit-atomic-properties -Wno-objc-interface-ivars -Wno-arc-repeated-use-of-weak -Wno-missing-braces -Wparentheses -Wswitch -Wno-unused-function -Wno-unused-label -Wno-unused-parameter -Wno-unused-variable -Wunused-value -Wno-empty-body -Wno-uninitialized -Wno-unknown-pragmas -w -Wno-shadow -Wno-four-char-constants -Wno-conversion -Wno-constant-conversion -Wno-int-conversion -Wno-bool-conversion -Wno-enum-conversion -Wno-float-conversion -Wno-non-literal-null-conversion -Wno-objc-literal-conversion -Wshorten-64-to-32 -Wpointer-sign -Wno-newline-eof -Wno-selector -Wno-strict-selector-match -Wno-undeclared-selector -Wno-deprecated-implementations -Wno-implicit-fallthrough -fstrict-aliasing -Wprotocol -Wdeprecated-declarations -Wno-sign-conversion -Wno-infinite-recursion -Wno-comma -Wno-block-capture-autoreleasing -Wno-strict-prototypes -Wno-semicolon-before-method-body -index-store-path /Users/siam/Library/Developer/Xcode/DerivedData/Lingua_Quest-gvpckrqxtbgyprbgppjfqmimmmfw/Index.noindex/DataStore @/Users/siam/Library/Developer/Xcode/DerivedData/Lingua_Quest-gvpckrqxtbgyprbgppjfqmimmmfw/Build/Intermediates.noindex/GoogleUtilities.build/Debug-iphonesimulator/GoogleUtilities-NSData.build/Objects-normal/x86_64/e6072d4f65d7061329687fe24e3d63a7-common-args.resp -include /Users/siam/Library/Developer/Xcode/DerivedData/Lingua_Quest-gvpckrqxtbgyprbgppjfqmimmmfw/Build/Intermediates.noindex/GoogleUtilities.build/Debug-iphonesimulator/GoogleUtilities-NSData.build/DerivedSources/resource_bundle_accessor.h -MMD -MT dependencies -MF /Users/siam/Library/Developer/Xcode/DerivedData/Lingua_Quest-gvpckrqxtbgyprbgppjfqmimmmfw/Build/Intermediates.noindex/GoogleUtilities.build/Debug-iphonesimulator/GoogleUtilities-NSData.build/Objects-normal/x86_64/resource_bundle_accessor.d --serialize-diagnostics /Users/siam/Library/Developer/Xcode/DerivedData/Lingua_Quest-gvpckrqxtbgyprbgppjfqmimmmfw/Build/Intermediates.noindex/GoogleUtilities.build/Debug-iphonesimulator/GoogleUtilities-NSData.build/Objects-normal/x86_64/resource_bundle_accessor.dia -c /Users/siam/Library/Developer/Xcode/DerivedData/Lingua_Quest-gvpckrqxtbgyprbgppjfqmimmmfw/Build/Intermediates.noindex/GoogleUtilities.build/Debug-iphonesimulator/GoogleUtilities-NSData.build/DerivedSources/resource_bundle_accessor.m -o /Users/siam/Library/Developer/Xcode/DerivedData/Lingua_Quest-gvpckrqxtbgyprbgppjfqmimmmfw/Build/Intermediates.noindex/GoogleUtilities.build/Debug-iphonesimulator/GoogleUtilities-NSData.build/Objects-normal/x86_64/resource_bundle_accessor.o -index-unit-output-path /GoogleUtilities.build/Debug-iphonesimulator/GoogleUtilities-NSData.build/Objects-normal/x86_64/resource_bundle_accessor.o

PrecompileModule /Users/siam/Library/Developer/Xcode/DerivedData/Lingua_Quest-gvpckrqxtbgyprbgppjfqmimmmfw/Build/Intermediates.noindex/ExplicitPrecompiledModules/os_object-36011IBSXZKE8ZLQHBYNTIYAT.scan
    cd /
    builtin-precompileModule /Users/siam/Library/Developer/Xcode/DerivedData/Lingua_Quest-gvpckrqxtbgyprbgppjfqmimmmfw/Build/Intermediates.noindex/ExplicitPrecompiledModules/os_object-36011IBSXZKE8ZLQHBYNTIYAT.scan

PrecompileModule /Users/siam/Library/Developer/Xcode/DerivedData/Lingua_Quest-gvpckrqxtbgyprbgppjfqmimmmfw/Build/Intermediates.noindex/ExplicitPrecompiledModules/ptrauth-4L0HHT7GVQYE1LV689JD76GNC.scan
    cd /
    builtin-precompileModule /Users/siam/Library/Developer/Xcode/DerivedData/Lingua_Quest-gvpckrqxtbgyprbgppjfqmimmmfw/Build/Intermediates.noindex/ExplicitPrecompiledModules/ptrauth-4L0HHT7GVQYE1LV689JD76GNC.scan

PrecompileModule /Users/siam/Library/Developer/Xcode/DerivedData/Lingua_Quest-gvpckrqxtbgyprbgppjfqmimmmfw/Build/Intermediates.noindex/ExplicitPrecompiledModules/_Builtin_float-CZ8REWGPZDHJBF4CFVJWXQ6JU.scan
    cd /
    builtin-precompileModule /Users/siam/Library/Developer/Xcode/DerivedData/Lingua_Quest-gvpckrqxtbgyprbgppjfqmimmmfw/Build/Intermediates.noindex/ExplicitPrecompiledModules/_Builtin_float-CZ8REWGPZDHJBF4CFVJWXQ6JU.scan

PrecompileModule /Users/siam/Library/Developer/Xcode/DerivedData/Lingua_Quest-gvpckrqxtbgyprbgppjfqmimmmfw/Build/Intermediates.noindex/ExplicitPrecompiledModules/zlib-89YOMQBUSACCZDBUQP0FTOANO.scan
    cd /
    builtin-precompileModule /Users/siam/Library/Developer/Xcode/DerivedData/Lingua_Quest-gvpckrqxtbgyprbgppjfqmimmmfw/Build/Intermediates.noindex/ExplicitPrecompiledModules/zlib-89YOMQBUSACCZDBUQP0FTOANO.scan

CompileC /Users/siam/Library/Developer/Xcode/DerivedData/Lingua_Quest-gvpckrqxtbgyprbgppjfqmimmmfw/Build/Intermediates.noindex/GoogleUtilities.build/Debug-iphonesimulator/GoogleUtilities-NSData.build/Objects-normal/x86_64/GULNSData+zlib.o /Users/siam/Library/Developer/Xcode/DerivedData/Lingua_Quest-gvpckrqxtbgyprbgppjfqmimmmfw/SourcePackages/checkouts/GoogleUtilities/GoogleUtilities/NSData+zlib/GULNSData+zlib.m normal x86_64 objective-c com.apple.compilers.llvm.clang.1_0.compiler (in target 'GoogleUtilities-NSData' from project 'GoogleUtilities')
    cd /Users/siam/Desktop/Lingua\ Quest/Lingua\ Quest.xcodeproj
    
    Using response file: /Users/siam/Library/Developer/Xcode/DerivedData/Lingua_Quest-gvpckrqxtbgyprbgppjfqmimmmfw/Build/Intermediates.noindex/GoogleUtilities.build/Debug-iphonesimulator/GoogleUtilities-NSData.build/Objects-normal/x86_64/e6072d4f65d7061329687fe24e3d63a7-common-args.resp
    
    /Applications/Xcode.app/Contents/Developer/Toolchains/XcodeDefault.xctoolchain/usr/bin/clang -x objective-c -ivfsstatcache /Users/siam/Library/Developer/Xcode/DerivedData/SDKStatCaches.noindex/iphonesimulator26.0-23A339-26257891a6c027eb51374368541b8346.sdkstatcache -fmessage-length\=0 -fdiagnostics-show-note-include-stack -fmacro-backtrace-limit\=0 -fno-color-diagnostics -fmodules-prune-interval\=86400 -fmodules-prune-after\=345600 -fbuild-session-file\=/Users/siam/Library/Developer/Xcode/DerivedData/ModuleCache.noindex/Session.modulevalidation -fmodules-validate-once-per-build-session -Wnon-modular-include-in-framework-module -Werror\=non-modular-include-in-framework-module -Wno-trigraphs -Wno-missing-field-initializers -Wno-missing-prototypes -Wno-return-type -Wno-implicit-atomic-properties -Wno-objc-interface-ivars -Wno-arc-repeated-use-of-weak -Wno-missing-braces -Wparentheses -Wswitch -Wno-unused-function -Wno-unused-label -Wno-unused-parameter -Wno-unused-variable -Wunused-value -Wno-empty-body -Wno-uninitialized -Wno-unknown-pragmas -w -Wno-shadow -Wno-four-char-constants -Wno-conversion -Wno-constant-conversion -Wno-int-conversion -Wno-bool-conversion -Wno-enum-conversion -Wno-float-conversion -Wno-non-literal-null-conversion -Wno-objc-literal-conversion -Wshorten-64-to-32 -Wpointer-sign -Wno-newline-eof -Wno-selector -Wno-strict-selector-match -Wno-undeclared-selector -Wno-deprecated-implementations -Wno-implicit-fallthrough -fstrict-aliasing -Wprotocol -Wdeprecated-declarations -Wno-sign-conversion -Wno-infinite-recursion -Wno-comma -Wno-block-capture-autoreleasing -Wno-strict-prototypes -Wno-semicolon-before-method-body -index-store-path /Users/siam/Library/Developer/Xcode/DerivedData/Lingua_Quest-gvpckrqxtbgyprbgppjfqmimmmfw/Index.noindex/DataStore @/Users/siam/Library/Developer/Xcode/DerivedData/Lingua_Quest-gvpckrqxtbgyprbgppjfqmimmmfw/Build/Intermediates.noindex/GoogleUtilities.build/Debug-iphonesimulator/GoogleUtilities-NSData.build/Objects-normal/x86_64/e6072d4f65d7061329687fe24e3d63a7-common-args.resp -include /Users/siam/Library/Developer/Xcode/DerivedData/Lingua_Quest-gvpckrqxtbgyprbgppjfqmimmmfw/Build/Intermediates.noindex/GoogleUtilities.build/Debug-iphonesimulator/GoogleUtilities-NSData.build/DerivedSources/resource_bundle_accessor.h -MMD -MT dependencies -MF /Users/siam/Library/Developer/Xcode/DerivedData/Lingua_Quest-gvpckrqxtbgyprbgppjfqmimmmfw/Build/Intermediates.noindex/GoogleUtilities.build/Debug-iphonesimulator/GoogleUtilities-NSData.build/Objects-normal/x86_64/GULNSData+zlib.d --serialize-diagnostics /Users/siam/Library/Developer/Xcode/DerivedData/Lingua_Quest-gvpckrqxtbgyprbgppjfqmimmmfw/Build/Intermediates.noindex/GoogleUtilities.build/Debug-iphonesimulator/GoogleUtilities-NSData.build/Objects-normal/x86_64/GULNSData+zlib.dia -c /Users/siam/Library/Developer/Xcode/DerivedData/Lingua_Quest-gvpckrqxtbgyprbgppjfqmimmmfw/SourcePackages/checkouts/GoogleUtilities/GoogleUtilities/NSData+zlib/GULNSData+zlib.m -o /Users/siam/Library/Developer/Xcode/DerivedData/Lingua_Quest-gvpckrqxtbgyprbgppjfqmimmmfw/Build/Intermediates.noindex/GoogleUtilities.build/Debug-iphonesimulator/GoogleUtilities-NSData.build/Objects-normal/x86_64/GULNSData+zlib.o -index-unit-output-path /GoogleUtilities.build/Debug-iphonesimulator/GoogleUtilities-NSData.build/Objects-normal/x86_64/GULNSData+zlib.o

CompileC /Users/siam/Library/Developer/Xcode/DerivedData/Lingua_Quest-gvpckrqxtbgyprbgppjfqmimmmfw/Build/Intermediates.noindex/GoogleUtilities.build/Debug-iphonesimulator/GoogleUtilities-Environment.build/Objects-normal/x86_64/GULNetworkInfo.o /Users/siam/Library/Developer/Xcode/DerivedData/Lingua_Quest-gvpckrqxtbgyprbgppjfqmimmmfw/SourcePackages/checkouts/GoogleUtilities/GoogleUtilities/Environment/NetworkInfo/GULNetworkInfo.m normal x86_64 objective-c com.apple.compilers.llvm.clang.1_0.compiler (in target 'GoogleUtilities-Environment' from project 'GoogleUtilities')
    cd /Users/siam/Desktop/Lingua\ Quest/Lingua\ Quest.xcodeproj
    
    Using response file: /Users/siam/Library/Developer/Xcode/DerivedData/Lingua_Quest-gvpckrqxtbgyprbgppjfqmimmmfw/Build/Intermediates.noindex/GoogleUtilities.build/Debug-iphonesimulator/GoogleUtilities-Environment.build/Objects-normal/x86_64/e6072d4f65d7061329687fe24e3d63a7-common-args.resp
    
    /Applications/Xcode.app/Contents/Developer/Toolchains/XcodeDefault.xctoolchain/usr/bin/clang -x objective-c -ivfsstatcache /Users/siam/Library/Developer/Xcode/DerivedData/SDKStatCaches.noindex/iphonesimulator26.0-23A339-26257891a6c027eb51374368541b8346.sdkstatcache -fmessage-length\=0 -fdiagnostics-show-note-include-stack -fmacro-backtrace-limit\=0 -fno-color-diagnostics -fmodules-prune-interval\=86400 -fmodules-prune-after\=345600 -fbuild-session-file\=/Users/siam/Library/Developer/Xcode/DerivedData/ModuleCache.noindex/Session.modulevalidation -fmodules-validate-once-per-build-session -Wnon-modular-include-in-framework-module -Werror\=non-modular-include-in-framework-module -Wno-trigraphs -Wno-missing-field-initializers -Wno-missing-prototypes -Wno-return-type -Wno-implicit-atomic-properties -Wno-objc-interface-ivars -Wno-arc-repeated-use-of-weak -Wno-missing-braces -Wparentheses -Wswitch -Wno-unused-function -Wno-unused-label -Wno-unused-parameter -Wno-unused-variable -Wunused-value -Wno-empty-body -Wno-uninitialized -Wno-unknown-pragmas -w -Wno-shadow -Wno-four-char-constants -Wno-conversion -Wno-constant-conversion -Wno-int-conversion -Wno-bool-conversion -Wno-enum-conversion -Wno-float-conversion -Wno-non-literal-null-conversion -Wno-objc-literal-conversion -Wshorten-64-to-32 -Wpointer-sign -Wno-newline-eof -Wno-selector -Wno-strict-selector-match -Wno-undeclared-selector -Wno-deprecated-implementations -Wno-implicit-fallthrough -fstrict-aliasing -Wprotocol -Wdeprecated-declarations -Wno-sign-conversion -Wno-infinite-recursion -Wno-comma -Wno-block-capture-autoreleasing -Wno-strict-prototypes -Wno-semicolon-before-method-body -index-store-path /Users/siam/Library/Developer/Xcode/DerivedData/Lingua_Quest-gvpckrqxtbgyprbgppjfqmimmmfw/Index.noindex/DataStore @/Users/siam/Library/Developer/Xcode/DerivedData/Lingua_Quest-gvpckrqxtbgyprbgppjfqmimmmfw/Build/Intermediates.noindex/GoogleUtilities.build/Debug-iphonesimulator/GoogleUtilities-Environment.build/Objects-normal/x86_64/e6072d4f65d7061329687fe24e3d63a7-common-args.resp -include /Users/siam/Library/Developer/Xcode/DerivedData/Lingua_Quest-gvpckrqxtbgyprbgppjfqmimmmfw/Build/Intermediates.noindex/GoogleUtilities.build/Debug-iphonesimulator/GoogleUtilities-Environment.build/DerivedSources/resource_bundle_accessor.h -MMD -MT dependencies -MF /Users/siam/Library/Developer/Xcode/DerivedData/Lingua_Quest-gvpckrqxtbgyprbgppjfqmimmmfw/Build/Intermediates.noindex/GoogleUtilities.build/Debug-iphonesimulator/GoogleUtilities-Environment.build/Objects-normal/x86_64/GULNetworkInfo.d --serialize-diagnostics /Users/siam/Library/Developer/Xcode/DerivedData/Lingua_Quest-gvpckrqxtbgyprbgppjfqmimmmfw/Build/Intermediates.noindex/GoogleUtilities.build/Debug-iphonesimulator/GoogleUtilities-Environment.build/Objects-normal/x86_64/GULNetworkInfo.dia -c /Users/siam/Library/Developer/Xcode/DerivedData/Lingua_Quest-gvpckrqxtbgyprbgppjfqmimmmfw/SourcePackages/checkouts/GoogleUtilities/GoogleUtilities/Environment/NetworkInfo/GULNetworkInfo.m -o /Users/siam/Library/Developer/Xcode/DerivedData/Lingua_Quest-gvpckrqxtbgyprbgppjfqmimmmfw/Build/Intermediates.noindex/GoogleUtilities.build/Debug-iphonesimulator/GoogleUtilities-Environment.build/Objects-normal/x86_64/GULNetworkInfo.o -index-unit-output-path /GoogleUtilities.build/Debug-iphonesimulator/GoogleUtilities-Environment.build/Objects-normal/x86_64/GULNetworkInfo.o

CompileC /Users/siam/Library/Developer/Xcode/DerivedData/Lingua_Quest-gvpckrqxtbgyprbgppjfqmimmmfw/Build/Intermediates.noindex/GoogleUtilities.build/Debug-iphonesimulator/GoogleUtilities-Environment.build/Objects-normal/x86_64/resource_bundle_accessor.o /Users/siam/Library/Developer/Xcode/DerivedData/Lingua_Quest-gvpckrqxtbgyprbgppjfqmimmmfw/Build/Intermediates.noindex/GoogleUtilities.build/Debug-iphonesimulator/GoogleUtilities-Environment.build/DerivedSources/resource_bundle_accessor.m normal x86_64 objective-c com.apple.compilers.llvm.clang.1_0.compiler (in target 'GoogleUtilities-Environment' from project 'GoogleUtilities')
    cd /Users/siam/Desktop/Lingua\ Quest/Lingua\ Quest.xcodeproj
    
    Using response file: /Users/siam/Library/Developer/Xcode/DerivedData/Lingua_Quest-gvpckrqxtbgyprbgppjfqmimmmfw/Build/Intermediates.noindex/GoogleUtilities.build/Debug-iphonesimulator/GoogleUtilities-Environment.build/Objects-normal/x86_64/e6072d4f65d7061329687fe24e3d63a7-common-args.resp
    
    /Applications/Xcode.app/Contents/Developer/Toolchains/XcodeDefault.xctoolchain/usr/bin/clang -x objective-c -ivfsstatcache /Users/siam/Library/Developer/Xcode/DerivedData/SDKStatCaches.noindex/iphonesimulator26.0-23A339-26257891a6c027eb51374368541b8346.sdkstatcache -fmessage-length\=0 -fdiagnostics-show-note-include-stack -fmacro-backtrace-limit\=0 -fno-color-diagnostics -fmodules-prune-interval\=86400 -fmodules-prune-after\=345600 -fbuild-session-file\=/Users/siam/Library/Developer/Xcode/DerivedData/ModuleCache.noindex/Session.modulevalidation -fmodules-validate-once-per-build-session -Wnon-modular-include-in-framework-module -Werror\=non-modular-include-in-framework-module -Wno-trigraphs -Wno-missing-field-initializers -Wno-missing-prototypes -Wno-return-type -Wno-implicit-atomic-properties -Wno-objc-interface-ivars -Wno-arc-repeated-use-of-weak -Wno-missing-braces -Wparentheses -Wswitch -Wno-unused-function -Wno-unused-label -Wno-unused-parameter -Wno-unused-variable -Wunused-value -Wno-empty-body -Wno-uninitialized -Wno-unknown-pragmas -w -Wno-shadow -Wno-four-char-constants -Wno-conversion -Wno-constant-conversion -Wno-int-conversion -Wno-bool-conversion -Wno-enum-conversion -Wno-float-conversion -Wno-non-literal-null-conversion -Wno-objc-literal-conversion -Wshorten-64-to-32 -Wpointer-sign -Wno-newline-eof -Wno-selector -Wno-strict-selector-match -Wno-undeclared-selector -Wno-deprecated-implementations -Wno-implicit-fallthrough -fstrict-aliasing -Wprotocol -Wdeprecated-declarations -Wno-sign-conversion -Wno-infinite-recursion -Wno-comma -Wno-block-capture-autoreleasing -Wno-strict-prototypes -Wno-semicolon-before-method-body -index-store-path /Users/siam/Library/Developer/Xcode/DerivedData/Lingua_Quest-gvpckrqxtbgyprbgppjfqmimmmfw/Index.noindex/DataStore @/Users/siam/Library/Developer/Xcode/DerivedData/Lingua_Quest-gvpckrqxtbgyprbgppjfqmimmmfw/Build/Intermediates.noindex/GoogleUtilities.build/Debug-iphonesimulator/GoogleUtilities-Environment.build/Objects-normal/x86_64/e6072d4f65d7061329687fe24e3d63a7-common-args.resp -include /Users/siam/Library/Developer/Xcode/DerivedData/Lingua_Quest-gvpckrqxtbgyprbgppjfqmimmmfw/Build/Intermediates.noindex/GoogleUtilities.build/Debug-iphonesimulator/GoogleUtilities-Environment.build/DerivedSources/resource_bundle_accessor.h -MMD -MT dependencies -MF /Users/siam/Library/Developer/Xcode/DerivedData/Lingua_Quest-gvpckrqxtbgyprbgppjfqmimmmfw/Build/Intermediates.noindex/GoogleUtilities.build/Debug-iphonesimulator/GoogleUtilities-Environment.build/Objects-normal/x86_64/resource_bundle_accessor.d --serialize-diagnostics /Users/siam/Library/Developer/Xcode/DerivedData/Lingua_Quest-gvpckrqxtbgyprbgppjfqmimmmfw/Build/Intermediates.noindex/GoogleUtilities.build/Debug-iphonesimulator/GoogleUtilities-Environment.build/Objects-normal/x86_64/resource_bundle_accessor.dia -c /Users/siam/Library/Developer/Xcode/DerivedData/Lingua_Quest-gvpckrqxtbgyprbgppjfqmimmmfw/Build/Intermediates.noindex/GoogleUtilities.build/Debug-iphonesimulator/GoogleUtilities-Environment.build/DerivedSources/resource_bundle_accessor.m -o /Users/siam/Library/Developer/Xcode/DerivedData/Lingua_Quest-gvpckrqxtbgyprbgppjfqmimmmfw/Build/Intermediates.noindex/GoogleUtilities.build/Debug-iphonesimulator/GoogleUtilities-Environment.build/Objects-normal/x86_64/resource_bundle_accessor.o -index-unit-output-path /GoogleUtilities.build/Debug-iphonesimulator/GoogleUtilities-Environment.build/Objects-normal/x86_64/resource_bundle_accessor.o

CompileC /Users/siam/Library/Developer/Xcode/DerivedData/Lingua_Quest-gvpckrqxtbgyprbgppjfqmimmmfw/Build/Intermediates.noindex/GoogleUtilities.build/Debug-iphonesimulator/GoogleUtilities-Environment.build/Objects-normal/x86_64/GULKeychainUtils.o /Users/siam/Library/Developer/Xcode/DerivedData/Lingua_Quest-gvpckrqxtbgyprbgppjfqmimmmfw/SourcePackages/checkouts/GoogleUtilities/GoogleUtilities/Environment/SecureStorage/GULKeychainUtils.m normal x86_64 objective-c com.apple.compilers.llvm.clang.1_0.compiler (in target 'GoogleUtilities-Environment' from project 'GoogleUtilities')
    cd /Users/siam/Desktop/Lingua\ Quest/Lingua\ Quest.xcodeproj
    
    Using response file: /Users/siam/Library/Developer/Xcode/DerivedData/Lingua_Quest-gvpckrqxtbgyprbgppjfqmimmmfw/Build/Intermediates.noindex/GoogleUtilities.build/Debug-iphonesimulator/GoogleUtilities-Environment.build/Objects-normal/x86_64/e6072d4f65d7061329687fe24e3d63a7-common-args.resp
    
    /Applications/Xcode.app/Contents/Developer/Toolchains/XcodeDefault.xctoolchain/usr/bin/clang -x objective-c -ivfsstatcache /Users/siam/Library/Developer/Xcode/DerivedData/SDKStatCaches.noindex/iphonesimulator26.0-23A339-26257891a6c027eb51374368541b8346.sdkstatcache -fmessage-length\=0 -fdiagnostics-show-note-include-stack -fmacro-backtrace-limit\=0 -fno-color-diagnostics -fmodules-prune-interval\=86400 -fmodules-prune-after\=345600 -fbuild-session-file\=/Users/siam/Library/Developer/Xcode/DerivedData/ModuleCache.noindex/Session.modulevalidation -fmodules-validate-once-per-build-session -Wnon-modular-include-in-framework-module -Werror\=non-modular-include-in-framework-module -Wno-trigraphs -Wno-missing-field-initializers -Wno-missing-prototypes -Wno-return-type -Wno-implicit-atomic-properties -Wno-objc-interface-ivars -Wno-arc-repeated-use-of-weak -Wno-missing-braces -Wparentheses -Wswitch -Wno-unused-function -Wno-unused-label -Wno-unused-parameter -Wno-unused-variable -Wunused-value -Wno-empty-body -Wno-uninitialized -Wno-unknown-pragmas -w -Wno-shadow -Wno-four-char-constants -Wno-conversion -Wno-constant-conversion -Wno-int-conversion -Wno-bool-conversion -Wno-enum-conversion -Wno-float-conversion -Wno-non-literal-null-conversion -Wno-objc-literal-conversion -Wshorten-64-to-32 -Wpointer-sign -Wno-newline-eof -Wno-selector -Wno-strict-selector-match -Wno-undeclared-selector -Wno-deprecated-implementations -Wno-implicit-fallthrough -fstrict-aliasing -Wprotocol -Wdeprecated-declarations -Wno-sign-conversion -Wno-infinite-recursion -Wno-comma -Wno-block-capture-autoreleasing -Wno-strict-prototypes -Wno-semicolon-before-method-body -index-store-path /Users/siam/Library/Developer/Xcode/DerivedData/Lingua_Quest-gvpckrqxtbgyprbgppjfqmimmmfw/Index.noindex/DataStore @/Users/siam/Library/Developer/Xcode/DerivedData/Lingua_Quest-gvpckrqxtbgyprbgppjfqmimmmfw/Build/Intermediates.noindex/GoogleUtilities.build/Debug-iphonesimulator/GoogleUtilities-Environment.build/Objects-normal/x86_64/e6072d4f65d7061329687fe24e3d63a7-common-args.resp -include /Users/siam/Library/Developer/Xcode/DerivedData/Lingua_Quest-gvpckrqxtbgyprbgppjfqmimmmfw/Build/Intermediates.noindex/GoogleUtilities.build/Debug-iphonesimulator/GoogleUtilities-Environment.build/DerivedSources/resource_bundle_accessor.h -MMD -MT dependencies -MF /Users/siam/Library/Developer/Xcode/DerivedData/Lingua_Quest-gvpckrqxtbgyprbgppjfqmimmmfw/Build/Intermediates.noindex/GoogleUtilities.build/Debug-iphonesimulator/GoogleUtilities-Environment.build/Objects-normal/x86_64/GULKeychainUtils.d --serialize-diagnostics /Users/siam/Library/Developer/Xcode/DerivedData/Lingua_Quest-gvpckrqxtbgyprbgppjfqmimmmfw/Build/Intermediates.noindex/GoogleUtilities.build/Debug-iphonesimulator/GoogleUtilities-Environment.build/Objects-normal/x86_64/GULKeychainUtils.dia -c /Users/siam/Library/Developer/Xcode/DerivedData/Lingua_Quest-gvpckrqxtbgyprbgppjfqmimmmfw/SourcePackages/checkouts/GoogleUtilities/GoogleUtilities/Environment/SecureStorage/GULKeychainUtils.m -o /Users/siam/Library/Developer/Xcode/DerivedData/Lingua_Quest-gvpckrqxtbgyprbgppjfqmimmmfw/Build/Intermediates.noindex/GoogleUtilities.build/Debug-iphonesimulator/GoogleUtilities-Environment.build/Objects-normal/x86_64/GULKeychainUtils.o -index-unit-output-path /GoogleUtilities.build/Debug-iphonesimulator/GoogleUtilities-Environment.build/Objects-normal/x86_64/GULKeychainUtils.o

PrecompileModule /Users/siam/Library/Developer/Xcode/DerivedData/Lingua_Quest-gvpckrqxtbgyprbgppjfqmimmmfw/Build/Intermediates.noindex/ExplicitPrecompiledModules/os_object-9IUTJK9T0C1CA2COPF1OJOYO5.scan
    cd /
    builtin-precompileModule /Users/siam/Library/Developer/Xcode/DerivedData/Lingua_Quest-gvpckrqxtbgyprbgppjfqmimmmfw/Build/Intermediates.noindex/ExplicitPrecompiledModules/os_object-9IUTJK9T0C1CA2COPF1OJOYO5.scan

ScanDependencies /Users/siam/Library/Developer/Xcode/DerivedData/Lingua_Quest-gvpckrqxtbgyprbgppjfqmimmmfw/Build/Intermediates.noindex/GoogleUtilities.build/Debug-iphonesimulator/GoogleUtilities-Environment.build/Objects-normal/x86_64/GULKeychainStorage.o /Users/siam/Library/Developer/Xcode/DerivedData/Lingua_Quest-gvpckrqxtbgyprbgppjfqmimmmfw/SourcePackages/checkouts/GoogleUtilities/GoogleUtilities/Environment/SecureStorage/GULKeychainStorage.m normal x86_64 objective-c com.apple.compilers.llvm.clang.1_0.compiler (in target 'GoogleUtilities-Environment' from project 'GoogleUtilities')
    cd /Users/siam/Desktop/Lingua\ Quest/Lingua\ Quest.xcodeproj
    
    Using response file: /Users/siam/Library/Developer/Xcode/DerivedData/Lingua_Quest-gvpckrqxtbgyprbgppjfqmimmmfw/Build/Intermediates.noindex/GoogleUtilities.build/Debug-iphonesimulator/GoogleUtilities-Environment.build/Objects-normal/x86_64/e6072d4f65d7061329687fe24e3d63a7-common-args.resp
    
    builtin-ScanDependencies -o /Users/siam/Library/Developer/Xcode/DerivedData/Lingua_Quest-gvpckrqxtbgyprbgppjfqmimmmfw/Build/Intermediates.noindex/GoogleUtilities.build/Debug-iphonesimulator/GoogleUtilities-Environment.build/Objects-normal/x86_64/GULKeychainStorage.o.scan -- /Applications/Xcode.app/Contents/Developer/Toolchains/XcodeDefault.xctoolchain/usr/bin/clang -x objective-c -ivfsstatcache /Users/siam/Library/Developer/Xcode/DerivedData/SDKStatCaches.noindex/iphonesimulator26.0-23A339-26257891a6c027eb51374368541b8346.sdkstatcache -fmessage-length\=0 -fdiagnostics-show-note-include-stack -fmacro-backtrace-limit\=0 -fno-color-diagnostics -fmodules-prune-interval\=86400 -fmodules-prune-after\=345600 -fbuild-session-file\=/Users/siam/Library/Developer/Xcode/DerivedData/ModuleCache.noindex/Session.modulevalidation -fmodules-validate-once-per-build-session -Wnon-modular-include-in-framework-module -Werror\=non-modular-include-in-framework-module -Wno-trigraphs -Wno-missing-field-initializers -Wno-missing-prototypes -Wno-return-type -Wno-implicit-atomic-properties -Wno-objc-interface-ivars -Wno-arc-repeated-use-of-weak -Wno-missing-braces -Wparentheses -Wswitch -Wno-unused-function -Wno-unused-label -Wno-unused-parameter -Wno-unused-variable -Wunused-value -Wno-empty-body -Wno-uninitialized -Wno-unknown-pragmas -w -Wno-shadow -Wno-four-char-constants -Wno-conversion -Wno-constant-conversion -Wno-int-conversion -Wno-bool-conversion -Wno-enum-conversion -Wno-float-conversion -Wno-non-literal-null-conversion -Wno-objc-literal-conversion -Wshorten-64-to-32 -Wpointer-sign -Wno-newline-eof -Wno-selector -Wno-strict-selector-match -Wno-undeclared-selector -Wno-deprecated-implementations -Wno-implicit-fallthrough -fstrict-aliasing -Wprotocol -Wdeprecated-declarations -Wno-sign-conversion -Wno-infinite-recursion -Wno-comma -Wno-block-capture-autoreleasing -Wno-strict-prototypes -Wno-semicolon-before-method-body -index-store-path /Users/siam/Library/Developer/Xcode/DerivedData/Lingua_Quest-gvpckrqxtbgyprbgppjfqmimmmfw/Index.noindex/DataStore @/Users/siam/Library/Developer/Xcode/DerivedData/Lingua_Quest-gvpckrqxtbgyprbgppjfqmimmmfw/Build/Intermediates.noindex/GoogleUtilities.build/Debug-iphonesimulator/GoogleUtilities-Environment.build/Objects-normal/x86_64/e6072d4f65d7061329687fe24e3d63a7-common-args.resp -include /Users/siam/Library/Developer/Xcode/DerivedData/Lingua_Quest-gvpckrqxtbgyprbgppjfqmimmmfw/Build/Intermediates.noindex/GoogleUtilities.build/Debug-iphonesimulator/GoogleUtilities-Environment.build/DerivedSources/resource_bundle_accessor.h -MMD -MT dependencies -MF /Users/siam/Library/Developer/Xcode/DerivedData/Lingua_Quest-gvpckrqxtbgyprbgppjfqmimmmfw/Build/Intermediates.noindex/GoogleUtilities.build/Debug-iphonesimulator/GoogleUtilities-Environment.build/Objects-normal/x86_64/GULKeychainStorage.d --serialize-diagnostics /Users/siam/Library/Developer/Xcode/DerivedData/Lingua_Quest-gvpckrqxtbgyprbgppjfqmimmmfw/Build/Intermediates.noindex/GoogleUtilities.build/Debug-iphonesimulator/GoogleUtilities-Environment.build/Objects-normal/x86_64/GULKeychainStorage.dia -c /Users/siam/Library/Developer/Xcode/DerivedData/Lingua_Quest-gvpckrqxtbgyprbgppjfqmimmmfw/SourcePackages/checkouts/GoogleUtilities/GoogleUtilities/Environment/SecureStorage/GULKeychainStorage.m -o /Users/siam/Library/Developer/Xcode/DerivedData/Lingua_Quest-gvpckrqxtbgyprbgppjfqmimmmfw/Build/Intermediates.noindex/GoogleUtilities.build/Debug-iphonesimulator/GoogleUtilities-Environment.build/Objects-normal/x86_64/GULKeychainStorage.o -index-unit-output-path /GoogleUtilities.build/Debug-iphonesimulator/GoogleUtilities-Environment.build/Objects-normal/x86_64/GULKeychainStorage.o

ScanDependencies /Users/siam/Library/Developer/Xcode/DerivedData/Lingua_Quest-gvpckrqxtbgyprbgppjfqmimmmfw/Build/Intermediates.noindex/GoogleUtilities.build/Debug-iphonesimulator/GoogleUtilities-Environment.build/Objects-normal/x86_64/GULAppEnvironmentUtil.o /Users/siam/Library/Developer/Xcode/DerivedData/Lingua_Quest-gvpckrqxtbgyprbgppjfqmimmmfw/SourcePackages/checkouts/GoogleUtilities/GoogleUtilities/Environment/GULAppEnvironmentUtil.m normal x86_64 objective-c com.apple.compilers.llvm.clang.1_0.compiler (in target 'GoogleUtilities-Environment' from project 'GoogleUtilities')
    cd /Users/siam/Desktop/Lingua\ Quest/Lingua\ Quest.xcodeproj
    
    Using response file: /Users/siam/Library/Developer/Xcode/DerivedData/Lingua_Quest-gvpckrqxtbgyprbgppjfqmimmmfw/Build/Intermediates.noindex/GoogleUtilities.build/Debug-iphonesimulator/GoogleUtilities-Environment.build/Objects-normal/x86_64/e6072d4f65d7061329687fe24e3d63a7-common-args.resp
    
    builtin-ScanDependencies -o /Users/siam/Library/Developer/Xcode/DerivedData/Lingua_Quest-gvpckrqxtbgyprbgppjfqmimmmfw/Build/Intermediates.noindex/GoogleUtilities.build/Debug-iphonesimulator/GoogleUtilities-Environment.build/Objects-normal/x86_64/GULAppEnvironmentUtil.o.scan -- /Applications/Xcode.app/Contents/Developer/Toolchains/XcodeDefault.xctoolchain/usr/bin/clang -x objective-c -ivfsstatcache /Users/siam/Library/Developer/Xcode/DerivedData/SDKStatCaches.noindex/iphonesimulator26.0-23A339-26257891a6c027eb51374368541b8346.sdkstatcache -fmessage-length\=0 -fdiagnostics-show-note-include-stack -fmacro-backtrace-limit\=0 -fno-color-diagnostics -fmodules-prune-interval\=86400 -fmodules-prune-after\=345600 -fbuild-session-file\=/Users/siam/Library/Developer/Xcode/DerivedData/ModuleCache.noindex/Session.modulevalidation -fmodules-validate-once-per-build-session -Wnon-modular-include-in-framework-module -Werror\=non-modular-include-in-framework-module -Wno-trigraphs -Wno-missing-field-initializers -Wno-missing-prototypes -Wno-return-type -Wno-implicit-atomic-properties -Wno-objc-interface-ivars -Wno-arc-repeated-use-of-weak -Wno-missing-braces -Wparentheses -Wswitch -Wno-unused-function -Wno-unused-label -Wno-unused-parameter -Wno-unused-variable -Wunused-value -Wno-empty-body -Wno-uninitialized -Wno-unknown-pragmas -w -Wno-shadow -Wno-four-char-constants -Wno-conversion -Wno-constant-conversion -Wno-int-conversion -Wno-bool-conversion -Wno-enum-conversion -Wno-float-conversion -Wno-non-literal-null-conversion -Wno-objc-literal-conversion -Wshorten-64-to-32 -Wpointer-sign -Wno-newline-eof -Wno-selector -Wno-strict-selector-match -Wno-undeclared-selector -Wno-deprecated-implementations -Wno-implicit-fallthrough -fstrict-aliasing -Wprotocol -Wdeprecated-declarations -Wno-sign-conversion -Wno-infinite-recursion -Wno-comma -Wno-block-capture-autoreleasing -Wno-strict-prototypes -Wno-semicolon-before-method-body -index-store-path /Users/siam/Library/Developer/Xcode/DerivedData/Lingua_Quest-gvpckrqxtbgyprbgppjfqmimmmfw/Index.noindex/DataStore @/Users/siam/Library/Developer/Xcode/DerivedData/Lingua_Quest-gvpckrqxtbgyprbgppjfqmimmmfw/Build/Intermediates.noindex/GoogleUtilities.build/Debug-iphonesimulator/GoogleUtilities-Environment.build/Objects-normal/x86_64/e6072d4f65d7061329687fe24e3d63a7-common-args.resp -include /Users/siam/Library/Developer/Xcode/DerivedData/Lingua_Quest-gvpckrqxtbgyprbgppjfqmimmmfw/Build/Intermediates.noindex/GoogleUtilities.build/Debug-iphonesimulator/GoogleUtilities-Environment.build/DerivedSources/resource_bundle_accessor.h -MMD -MT dependencies -MF /Users/siam/Library/Developer/Xcode/DerivedData/Lingua_Quest-gvpckrqxtbgyprbgppjfqmimmmfw/Build/Intermediates.noindex/GoogleUtilities.build/Debug-iphonesimulator/GoogleUtilities-Environment.build/Objects-normal/x86_64/GULAppEnvironmentUtil.d --serialize-diagnostics /Users/siam/Library/Developer/Xcode/DerivedData/Lingua_Quest-gvpckrqxtbgyprbgppjfqmimmmfw/Build/Intermediates.noindex/GoogleUtilities.build/Debug-iphonesimulator/GoogleUtilities-Environment.build/Objects-normal/x86_64/GULAppEnvironmentUtil.dia -c /Users/siam/Library/Developer/Xcode/DerivedData/Lingua_Quest-gvpckrqxtbgyprbgppjfqmimmmfw/SourcePackages/checkouts/GoogleUtilities/GoogleUtilities/Environment/GULAppEnvironmentUtil.m -o /Users/siam/Library/Developer/Xcode/DerivedData/Lingua_Quest-gvpckrqxtbgyprbgppjfqmimmmfw/Build/Intermediates.noindex/GoogleUtilities.build/Debug-iphonesimulator/GoogleUtilities-Environment.build/Objects-normal/x86_64/GULAppEnvironmentUtil.o -index-unit-output-path /GoogleUtilities.build/Debug-iphonesimulator/GoogleUtilities-Environment.build/Objects-normal/x86_64/GULAppEnvironmentUtil.o

PrecompileModule /Users/siam/Library/Developer/Xcode/DerivedData/Lingua_Quest-gvpckrqxtbgyprbgppjfqmimmmfw/Build/Intermediates.noindex/ExplicitPrecompiledModules/os_workgroup-DKXBDJ4K2KPSHQEGFN7MC6RHB.scan
    cd /
    builtin-precompileModule /Users/siam/Library/Developer/Xcode/DerivedData/Lingua_Quest-gvpckrqxtbgyprbgppjfqmimmmfw/Build/Intermediates.noindex/ExplicitPrecompiledModules/os_workgroup-DKXBDJ4K2KPSHQEGFN7MC6RHB.scan

CompileC /Users/siam/Library/Developer/Xcode/DerivedData/Lingua_Quest-gvpckrqxtbgyprbgppjfqmimmmfw/Build/Intermediates.noindex/GoogleUtilities.build/Debug-iphonesimulator/third-party-IsAppEncrypted.build/Objects-normal/arm64/IsAppEncrypted.o /Users/siam/Library/Developer/Xcode/DerivedData/Lingua_Quest-gvpckrqxtbgyprbgppjfqmimmmfw/SourcePackages/checkouts/GoogleUtilities/third_party/IsAppEncrypted/IsAppEncrypted.m normal arm64 objective-c com.apple.compilers.llvm.clang.1_0.compiler (in target 'third-party-IsAppEncrypted' from project 'GoogleUtilities')
    cd /Users/siam/Desktop/Lingua\ Quest/Lingua\ Quest.xcodeproj
    
    Using response file: /Users/siam/Library/Developer/Xcode/DerivedData/Lingua_Quest-gvpckrqxtbgyprbgppjfqmimmmfw/Build/Intermediates.noindex/GoogleUtilities.build/Debug-iphonesimulator/third-party-IsAppEncrypted.build/Objects-normal/arm64/e6072d4f65d7061329687fe24e3d63a7-common-args.resp
    
    /Applications/Xcode.app/Contents/Developer/Toolchains/XcodeDefault.xctoolchain/usr/bin/clang -x objective-c -ivfsstatcache /Users/siam/Library/Developer/Xcode/DerivedData/SDKStatCaches.noindex/iphonesimulator26.0-23A339-26257891a6c027eb51374368541b8346.sdkstatcache -fmessage-length\=0 -fdiagnostics-show-note-include-stack -fmacro-backtrace-limit\=0 -fno-color-diagnostics -fmodules-prune-interval\=86400 -fmodules-prune-after\=345600 -fbuild-session-file\=/Users/siam/Library/Developer/Xcode/DerivedData/ModuleCache.noindex/Session.modulevalidation -fmodules-validate-once-per-build-session -Wnon-modular-include-in-framework-module -Werror\=non-modular-include-in-framework-module -Wno-trigraphs -Wno-missing-field-initializers -Wno-missing-prototypes -Wno-return-type -Wno-implicit-atomic-properties -Wno-objc-interface-ivars -Wno-arc-repeated-use-of-weak -Wno-missing-braces -Wparentheses -Wswitch -Wno-unused-function -Wno-unused-label -Wno-unused-parameter -Wno-unused-variable -Wunused-value -Wno-empty-body -Wno-uninitialized -Wno-unknown-pragmas -w -Wno-shadow -Wno-four-char-constants -Wno-conversion -Wno-constant-conversion -Wno-int-conversion -Wno-bool-conversion -Wno-enum-conversion -Wno-float-conversion -Wno-non-literal-null-conversion -Wno-objc-literal-conversion -Wshorten-64-to-32 -Wpointer-sign -Wno-newline-eof -Wno-selector -Wno-strict-selector-match -Wno-undeclared-selector -Wno-deprecated-implementations -Wno-implicit-fallthrough -fstrict-aliasing -Wprotocol -Wdeprecated-declarations -Wno-sign-conversion -Wno-infinite-recursion -Wno-comma -Wno-block-capture-autoreleasing -Wno-strict-prototypes -Wno-semicolon-before-method-body -index-store-path /Users/siam/Library/Developer/Xcode/DerivedData/Lingua_Quest-gvpckrqxtbgyprbgppjfqmimmmfw/Index.noindex/DataStore @/Users/siam/Library/Developer/Xcode/DerivedData/Lingua_Quest-gvpckrqxtbgyprbgppjfqmimmmfw/Build/Intermediates.noindex/GoogleUtilities.build/Debug-iphonesimulator/third-party-IsAppEncrypted.build/Objects-normal/arm64/e6072d4f65d7061329687fe24e3d63a7-common-args.resp -MMD -MT dependencies -MF /Users/siam/Library/Developer/Xcode/DerivedData/Lingua_Quest-gvpckrqxtbgyprbgppjfqmimmmfw/Build/Intermediates.noindex/GoogleUtilities.build/Debug-iphonesimulator/third-party-IsAppEncrypted.build/Objects-normal/arm64/IsAppEncrypted.d --serialize-diagnostics /Users/siam/Library/Developer/Xcode/DerivedData/Lingua_Quest-gvpckrqxtbgyprbgppjfqmimmmfw/Build/Intermediates.noindex/GoogleUtilities.build/Debug-iphonesimulator/third-party-IsAppEncrypted.build/Objects-normal/arm64/IsAppEncrypted.dia -c /Users/siam/Library/Developer/Xcode/DerivedData/Lingua_Quest-gvpckrqxtbgyprbgppjfqmimmmfw/SourcePackages/checkouts/GoogleUtilities/third_party/IsAppEncrypted/IsAppEncrypted.m -o /Users/siam/Library/Developer/Xcode/DerivedData/Lingua_Quest-gvpckrqxtbgyprbgppjfqmimmmfw/Build/Intermediates.noindex/GoogleUtilities.build/Debug-iphonesimulator/third-party-IsAppEncrypted.build/Objects-normal/arm64/IsAppEncrypted.o -index-unit-output-path /GoogleUtilities.build/Debug-iphonesimulator/third-party-IsAppEncrypted.build/Objects-normal/arm64/IsAppEncrypted.o

ScanDependencies /Users/siam/Library/Developer/Xcode/DerivedData/Lingua_Quest-gvpckrqxtbgyprbgppjfqmimmmfw/Build/Intermediates.noindex/GoogleUtilities.build/Debug-iphonesimulator/GoogleUtilities-Environment.build/Objects-normal/arm64/resource_bundle_accessor.o /Users/siam/Library/Developer/Xcode/DerivedData/Lingua_Quest-gvpckrqxtbgyprbgppjfqmimmmfw/Build/Intermediates.noindex/GoogleUtilities.build/Debug-iphonesimulator/GoogleUtilities-Environment.build/DerivedSources/resource_bundle_accessor.m normal arm64 objective-c com.apple.compilers.llvm.clang.1_0.compiler (in target 'GoogleUtilities-Environment' from project 'GoogleUtilities')
    cd /Users/siam/Desktop/Lingua\ Quest/Lingua\ Quest.xcodeproj
    
    Using response file: /Users/siam/Library/Developer/Xcode/DerivedData/Lingua_Quest-gvpckrqxtbgyprbgppjfqmimmmfw/Build/Intermediates.noindex/GoogleUtilities.build/Debug-iphonesimulator/GoogleUtilities-Environment.build/Objects-normal/arm64/e6072d4f65d7061329687fe24e3d63a7-common-args.resp
    
    builtin-ScanDependencies -o /Users/siam/Library/Developer/Xcode/DerivedData/Lingua_Quest-gvpckrqxtbgyprbgppjfqmimmmfw/Build/Intermediates.noindex/GoogleUtilities.build/Debug-iphonesimulator/GoogleUtilities-Environment.build/Objects-normal/arm64/resource_bundle_accessor.o.scan -- /Applications/Xcode.app/Contents/Developer/Toolchains/XcodeDefault.xctoolchain/usr/bin/clang -x objective-c -ivfsstatcache /Users/siam/Library/Developer/Xcode/DerivedData/SDKStatCaches.noindex/iphonesimulator26.0-23A339-26257891a6c027eb51374368541b8346.sdkstatcache -fmessage-length\=0 -fdiagnostics-show-note-include-stack -fmacro-backtrace-limit\=0 -fno-color-diagnostics -fmodules-prune-interval\=86400 -fmodules-prune-after\=345600 -fbuild-session-file\=/Users/siam/Library/Developer/Xcode/DerivedData/ModuleCache.noindex/Session.modulevalidation -fmodules-validate-once-per-build-session -Wnon-modular-include-in-framework-module -Werror\=non-modular-include-in-framework-module -Wno-trigraphs -Wno-missing-field-initializers -Wno-missing-prototypes -Wno-return-type -Wno-implicit-atomic-properties -Wno-objc-interface-ivars -Wno-arc-repeated-use-of-weak -Wno-missing-braces -Wparentheses -Wswitch -Wno-unused-function -Wno-unused-label -Wno-unused-parameter -Wno-unused-variable -Wunused-value -Wno-empty-body -Wno-uninitialized -Wno-unknown-pragmas -w -Wno-shadow -Wno-four-char-constants -Wno-conversion -Wno-constant-conversion -Wno-int-conversion -Wno-bool-conversion -Wno-enum-conversion -Wno-float-conversion -Wno-non-literal-null-conversion -Wno-objc-literal-conversion -Wshorten-64-to-32 -Wpointer-sign -Wno-newline-eof -Wno-selector -Wno-strict-selector-match -Wno-undeclared-selector -Wno-deprecated-implementations -Wno-implicit-fallthrough -fstrict-aliasing -Wprotocol -Wdeprecated-declarations -Wno-sign-conversion -Wno-infinite-recursion -Wno-comma -Wno-block-capture-autoreleasing -Wno-strict-prototypes -Wno-semicolon-before-method-body -index-store-path /Users/siam/Library/Developer/Xcode/DerivedData/Lingua_Quest-gvpckrqxtbgyprbgppjfqmimmmfw/Index.noindex/DataStore @/Users/siam/Library/Developer/Xcode/DerivedData/Lingua_Quest-gvpckrqxtbgyprbgppjfqmimmmfw/Build/Intermediates.noindex/GoogleUtilities.build/Debug-iphonesimulator/GoogleUtilities-Environment.build/Objects-normal/arm64/e6072d4f65d7061329687fe24e3d63a7-common-args.resp -include /Users/siam/Library/Developer/Xcode/DerivedData/Lingua_Quest-gvpckrqxtbgyprbgppjfqmimmmfw/Build/Intermediates.noindex/GoogleUtilities.build/Debug-iphonesimulator/GoogleUtilities-Environment.build/DerivedSources/resource_bundle_accessor.h -MMD -MT dependencies -MF /Users/siam/Library/Developer/Xcode/DerivedData/Lingua_Quest-gvpckrqxtbgyprbgppjfqmimmmfw/Build/Intermediates.noindex/GoogleUtilities.build/Debug-iphonesimulator/GoogleUtilities-Environment.build/Objects-normal/arm64/resource_bundle_accessor.d --serialize-diagnostics /Users/siam/Library/Developer/Xcode/DerivedData/Lingua_Quest-gvpckrqxtbgyprbgppjfqmimmmfw/Build/Intermediates.noindex/GoogleUtilities.build/Debug-iphonesimulator/GoogleUtilities-Environment.build/Objects-normal/arm64/resource_bundle_accessor.dia -c /Users/siam/Library/Developer/Xcode/DerivedData/Lingua_Quest-gvpckrqxtbgyprbgppjfqmimmmfw/Build/Intermediates.noindex/GoogleUtilities.build/Debug-iphonesimulator/GoogleUtilities-Environment.build/DerivedSources/resource_bundle_accessor.m -o /Users/siam/Library/Developer/Xcode/DerivedData/Lingua_Quest-gvpckrqxtbgyprbgppjfqmimmmfw/Build/Intermediates.noindex/GoogleUtilities.build/Debug-iphonesimulator/GoogleUtilities-Environment.build/Objects-normal/arm64/resource_bundle_accessor.o -index-unit-output-path /GoogleUtilities.build/Debug-iphonesimulator/GoogleUtilities-Environment.build/Objects-normal/arm64/resource_bundle_accessor.o

ScanDependencies /Users/siam/Library/Developer/Xcode/DerivedData/Lingua_Quest-gvpckrqxtbgyprbgppjfqmimmmfw/Build/Intermediates.noindex/GoogleUtilities.build/Debug-iphonesimulator/GoogleUtilities-Environment.build/Objects-normal/arm64/GULNetworkInfo.o /Users/siam/Library/Developer/Xcode/DerivedData/Lingua_Quest-gvpckrqxtbgyprbgppjfqmimmmfw/SourcePackages/checkouts/GoogleUtilities/GoogleUtilities/Environment/NetworkInfo/GULNetworkInfo.m normal arm64 objective-c com.apple.compilers.llvm.clang.1_0.compiler (in target 'GoogleUtilities-Environment' from project 'GoogleUtilities')
    cd /Users/siam/Desktop/Lingua\ Quest/Lingua\ Quest.xcodeproj
    
    Using response file: /Users/siam/Library/Developer/Xcode/DerivedData/Lingua_Quest-gvpckrqxtbgyprbgppjfqmimmmfw/Build/Intermediates.noindex/GoogleUtilities.build/Debug-iphonesimulator/GoogleUtilities-Environment.build/Objects-normal/arm64/e6072d4f65d7061329687fe24e3d63a7-common-args.resp
    
    builtin-ScanDependencies -o /Users/siam/Library/Developer/Xcode/DerivedData/Lingua_Quest-gvpckrqxtbgyprbgppjfqmimmmfw/Build/Intermediates.noindex/GoogleUtilities.build/Debug-iphonesimulator/GoogleUtilities-Environment.build/Objects-normal/arm64/GULNetworkInfo.o.scan -- /Applications/Xcode.app/Contents/Developer/Toolchains/XcodeDefault.xctoolchain/usr/bin/clang -x objective-c -ivfsstatcache /Users/siam/Library/Developer/Xcode/DerivedData/SDKStatCaches.noindex/iphonesimulator26.0-23A339-26257891a6c027eb51374368541b8346.sdkstatcache -fmessage-length\=0 -fdiagnostics-show-note-include-stack -fmacro-backtrace-limit\=0 -fno-color-diagnostics -fmodules-prune-interval\=86400 -fmodules-prune-after\=345600 -fbuild-session-file\=/Users/siam/Library/Developer/Xcode/DerivedData/ModuleCache.noindex/Session.modulevalidation -fmodules-validate-once-per-build-session -Wnon-modular-include-in-framework-module -Werror\=non-modular-include-in-framework-module -Wno-trigraphs -Wno-missing-field-initializers -Wno-missing-prototypes -Wno-return-type -Wno-implicit-atomic-properties -Wno-objc-interface-ivars -Wno-arc-repeated-use-of-weak -Wno-missing-braces -Wparentheses -Wswitch -Wno-unused-function -Wno-unused-label -Wno-unused-parameter -Wno-unused-variable -Wunused-value -Wno-empty-body -Wno-uninitialized -Wno-unknown-pragmas -w -Wno-shadow -Wno-four-char-constants -Wno-conversion -Wno-constant-conversion -Wno-int-conversion -Wno-bool-conversion -Wno-enum-conversion -Wno-float-conversion -Wno-non-literal-null-conversion -Wno-objc-literal-conversion -Wshorten-64-to-32 -Wpointer-sign -Wno-newline-eof -Wno-selector -Wno-strict-selector-match -Wno-undeclared-selector -Wno-deprecated-implementations -Wno-implicit-fallthrough -fstrict-aliasing -Wprotocol -Wdeprecated-declarations -Wno-sign-conversion -Wno-infinite-recursion -Wno-comma -Wno-block-capture-autoreleasing -Wno-strict-prototypes -Wno-semicolon-before-method-body -index-store-path /Users/siam/Library/Developer/Xcode/DerivedData/Lingua_Quest-gvpckrqxtbgyprbgppjfqmimmmfw/Index.noindex/DataStore @/Users/siam/Library/Developer/Xcode/DerivedData/Lingua_Quest-gvpckrqxtbgyprbgppjfqmimmmfw/Build/Intermediates.noindex/GoogleUtilities.build/Debug-iphonesimulator/GoogleUtilities-Environment.build/Objects-normal/arm64/e6072d4f65d7061329687fe24e3d63a7-common-args.resp -include /Users/siam/Library/Developer/Xcode/DerivedData/Lingua_Quest-gvpckrqxtbgyprbgppjfqmimmmfw/Build/Intermediates.noindex/GoogleUtilities.build/Debug-iphonesimulator/GoogleUtilities-Environment.build/DerivedSources/resource_bundle_accessor.h -MMD -MT dependencies -MF /Users/siam/Library/Developer/Xcode/DerivedData/Lingua_Quest-gvpckrqxtbgyprbgppjfqmimmmfw/Build/Intermediates.noindex/GoogleUtilities.build/Debug-iphonesimulator/GoogleUtilities-Environment.build/Objects-normal/arm64/GULNetworkInfo.d --serialize-diagnostics /Users/siam/Library/Developer/Xcode/DerivedData/Lingua_Quest-gvpckrqxtbgyprbgppjfqmimmmfw/Build/Intermediates.noindex/GoogleUtilities.build/Debug-iphonesimulator/GoogleUtilities-Environment.build/Objects-normal/arm64/GULNetworkInfo.dia -c /Users/siam/Library/Developer/Xcode/DerivedData/Lingua_Quest-gvpckrqxtbgyprbgppjfqmimmmfw/SourcePackages/checkouts/GoogleUtilities/GoogleUtilities/Environment/NetworkInfo/GULNetworkInfo.m -o /Users/siam/Library/Developer/Xcode/DerivedData/Lingua_Quest-gvpckrqxtbgyprbgppjfqmimmmfw/Build/Intermediates.noindex/GoogleUtilities.build/Debug-iphonesimulator/GoogleUtilities-Environment.build/Objects-normal/arm64/GULNetworkInfo.o -index-unit-output-path /GoogleUtilities.build/Debug-iphonesimulator/GoogleUtilities-Environment.build/Objects-normal/arm64/GULNetworkInfo.o

CompileC /Users/siam/Library/Developer/Xcode/DerivedData/Lingua_Quest-gvpckrqxtbgyprbgppjfqmimmmfw/Build/Intermediates.noindex/GoogleUtilities.build/Debug-iphonesimulator/GoogleUtilities-Environment.build/Objects-normal/x86_64/GULKeychainStorage.o /Users/siam/Library/Developer/Xcode/DerivedData/Lingua_Quest-gvpckrqxtbgyprbgppjfqmimmmfw/SourcePackages/checkouts/GoogleUtilities/GoogleUtilities/Environment/SecureStorage/GULKeychainStorage.m normal x86_64 objective-c com.apple.compilers.llvm.clang.1_0.compiler (in target 'GoogleUtilities-Environment' from project 'GoogleUtilities')
    cd /Users/siam/Desktop/Lingua\ Quest/Lingua\ Quest.xcodeproj
    
    Using response file: /Users/siam/Library/Developer/Xcode/DerivedData/Lingua_Quest-gvpckrqxtbgyprbgppjfqmimmmfw/Build/Intermediates.noindex/GoogleUtilities.build/Debug-iphonesimulator/GoogleUtilities-Environment.build/Objects-normal/x86_64/e6072d4f65d7061329687fe24e3d63a7-common-args.resp
    
    /Applications/Xcode.app/Contents/Developer/Toolchains/XcodeDefault.xctoolchain/usr/bin/clang -x objective-c -ivfsstatcache /Users/siam/Library/Developer/Xcode/DerivedData/SDKStatCaches.noindex/iphonesimulator26.0-23A339-26257891a6c027eb51374368541b8346.sdkstatcache -fmessage-length\=0 -fdiagnostics-show-note-include-stack -fmacro-backtrace-limit\=0 -fno-color-diagnostics -fmodules-prune-interval\=86400 -fmodules-prune-after\=345600 -fbuild-session-file\=/Users/siam/Library/Developer/Xcode/DerivedData/ModuleCache.noindex/Session.modulevalidation -fmodules-validate-once-per-build-session -Wnon-modular-include-in-framework-module -Werror\=non-modular-include-in-framework-module -Wno-trigraphs -Wno-missing-field-initializers -Wno-missing-prototypes -Wno-return-type -Wno-implicit-atomic-properties -Wno-objc-interface-ivars -Wno-arc-repeated-use-of-weak -Wno-missing-braces -Wparentheses -Wswitch -Wno-unused-function -Wno-unused-label -Wno-unused-parameter -Wno-unused-variable -Wunused-value -Wno-empty-body -Wno-uninitialized -Wno-unknown-pragmas -w -Wno-shadow -Wno-four-char-constants -Wno-conversion -Wno-constant-conversion -Wno-int-conversion -Wno-bool-conversion -Wno-enum-conversion -Wno-float-conversion -Wno-non-literal-null-conversion -Wno-objc-literal-conversion -Wshorten-64-to-32 -Wpointer-sign -Wno-newline-eof -Wno-selector -Wno-strict-selector-match -Wno-undeclared-selector -Wno-deprecated-implementations -Wno-implicit-fallthrough -fstrict-aliasing -Wprotocol -Wdeprecated-declarations -Wno-sign-conversion -Wno-infinite-recursion -Wno-comma -Wno-block-capture-autoreleasing -Wno-strict-prototypes -Wno-semicolon-before-method-body -index-store-path /Users/siam/Library/Developer/Xcode/DerivedData/Lingua_Quest-gvpckrqxtbgyprbgppjfqmimmmfw/Index.noindex/DataStore @/Users/siam/Library/Developer/Xcode/DerivedData/Lingua_Quest-gvpckrqxtbgyprbgppjfqmimmmfw/Build/Intermediates.noindex/GoogleUtilities.build/Debug-iphonesimulator/GoogleUtilities-Environment.build/Objects-normal/x86_64/e6072d4f65d7061329687fe24e3d63a7-common-args.resp -include /Users/siam/Library/Developer/Xcode/DerivedData/Lingua_Quest-gvpckrqxtbgyprbgppjfqmimmmfw/Build/Intermediates.noindex/GoogleUtilities.build/Debug-iphonesimulator/GoogleUtilities-Environment.build/DerivedSources/resource_bundle_accessor.h -MMD -MT dependencies -MF /Users/siam/Library/Developer/Xcode/DerivedData/Lingua_Quest-gvpckrqxtbgyprbgppjfqmimmmfw/Build/Intermediates.noindex/GoogleUtilities.build/Debug-iphonesimulator/GoogleUtilities-Environment.build/Objects-normal/x86_64/GULKeychainStorage.d --serialize-diagnostics /Users/siam/Library/Developer/Xcode/DerivedData/Lingua_Quest-gvpckrqxtbgyprbgppjfqmimmmfw/Build/Intermediates.noindex/GoogleUtilities.build/Debug-iphonesimulator/GoogleUtilities-Environment.build/Objects-normal/x86_64/GULKeychainStorage.dia -c /Users/siam/Library/Developer/Xcode/DerivedData/Lingua_Quest-gvpckrqxtbgyprbgppjfqmimmmfw/SourcePackages/checkouts/GoogleUtilities/GoogleUtilities/Environment/SecureStorage/GULKeychainStorage.m -o /Users/siam/Library/Developer/Xcode/DerivedData/Lingua_Quest-gvpckrqxtbgyprbgppjfqmimmmfw/Build/Intermediates.noindex/GoogleUtilities.build/Debug-iphonesimulator/GoogleUtilities-Environment.build/Objects-normal/x86_64/GULKeychainStorage.o -index-unit-output-path /GoogleUtilities.build/Debug-iphonesimulator/GoogleUtilities-Environment.build/Objects-normal/x86_64/GULKeychainStorage.o

ScanDependencies /Users/siam/Library/Developer/Xcode/DerivedData/Lingua_Quest-gvpckrqxtbgyprbgppjfqmimmmfw/Build/Intermediates.noindex/GoogleUtilities.build/Debug-iphonesimulator/GoogleUtilities-Environment.build/Objects-normal/arm64/GULKeychainUtils.o /Users/siam/Library/Developer/Xcode/DerivedData/Lingua_Quest-gvpckrqxtbgyprbgppjfqmimmmfw/SourcePackages/checkouts/GoogleUtilities/GoogleUtilities/Environment/SecureStorage/GULKeychainUtils.m normal arm64 objective-c com.apple.compilers.llvm.clang.1_0.compiler (in target 'GoogleUtilities-Environment' from project 'GoogleUtilities')
    cd /Users/siam/Desktop/Lingua\ Quest/Lingua\ Quest.xcodeproj
    
    Using response file: /Users/siam/Library/Developer/Xcode/DerivedData/Lingua_Quest-gvpckrqxtbgyprbgppjfqmimmmfw/Build/Intermediates.noindex/GoogleUtilities.build/Debug-iphonesimulator/GoogleUtilities-Environment.build/Objects-normal/arm64/e6072d4f65d7061329687fe24e3d63a7-common-args.resp
    
    builtin-ScanDependencies -o /Users/siam/Library/Developer/Xcode/DerivedData/Lingua_Quest-gvpckrqxtbgyprbgppjfqmimmmfw/Build/Intermediates.noindex/GoogleUtilities.build/Debug-iphonesimulator/GoogleUtilities-Environment.build/Objects-normal/arm64/GULKeychainUtils.o.scan -- /Applications/Xcode.app/Contents/Developer/Toolchains/XcodeDefault.xctoolchain/usr/bin/clang -x objective-c -ivfsstatcache /Users/siam/Library/Developer/Xcode/DerivedData/SDKStatCaches.noindex/iphonesimulator26.0-23A339-26257891a6c027eb51374368541b8346.sdkstatcache -fmessage-length\=0 -fdiagnostics-show-note-include-stack -fmacro-backtrace-limit\=0 -fno-color-diagnostics -fmodules-prune-interval\=86400 -fmodules-prune-after\=345600 -fbuild-session-file\=/Users/siam/Library/Developer/Xcode/DerivedData/ModuleCache.noindex/Session.modulevalidation -fmodules-validate-once-per-build-session -Wnon-modular-include-in-framework-module -Werror\=non-modular-include-in-framework-module -Wno-trigraphs -Wno-missing-field-initializers -Wno-missing-prototypes -Wno-return-type -Wno-implicit-atomic-properties -Wno-objc-interface-ivars -Wno-arc-repeated-use-of-weak -Wno-missing-braces -Wparentheses -Wswitch -Wno-unused-function -Wno-unused-label -Wno-unused-parameter -Wno-unused-variable -Wunused-value -Wno-empty-body -Wno-uninitialized -Wno-unknown-pragmas -w -Wno-shadow -Wno-four-char-constants -Wno-conversion -Wno-constant-conversion -Wno-int-conversion -Wno-bool-conversion -Wno-enum-conversion -Wno-float-conversion -Wno-non-literal-null-conversion -Wno-objc-literal-conversion -Wshorten-64-to-32 -Wpointer-sign -Wno-newline-eof -Wno-selector -Wno-strict-selector-match -Wno-undeclared-selector -Wno-deprecated-implementations -Wno-implicit-fallthrough -fstrict-aliasing -Wprotocol -Wdeprecated-declarations -Wno-sign-conversion -Wno-infinite-recursion -Wno-comma -Wno-block-capture-autoreleasing -Wno-strict-prototypes -Wno-semicolon-before-method-body -index-store-path /Users/siam/Library/Developer/Xcode/DerivedData/Lingua_Quest-gvpckrqxtbgyprbgppjfqmimmmfw/Index.noindex/DataStore @/Users/siam/Library/Developer/Xcode/DerivedData/Lingua_Quest-gvpckrqxtbgyprbgppjfqmimmmfw/Build/Intermediates.noindex/GoogleUtilities.build/Debug-iphonesimulator/GoogleUtilities-Environment.build/Objects-normal/arm64/e6072d4f65d7061329687fe24e3d63a7-common-args.resp -include /Users/siam/Library/Developer/Xcode/DerivedData/Lingua_Quest-gvpckrqxtbgyprbgppjfqmimmmfw/Build/Intermediates.noindex/GoogleUtilities.build/Debug-iphonesimulator/GoogleUtilities-Environment.build/DerivedSources/resource_bundle_accessor.h -MMD -MT dependencies -MF /Users/siam/Library/Developer/Xcode/DerivedData/Lingua_Quest-gvpckrqxtbgyprbgppjfqmimmmfw/Build/Intermediates.noindex/GoogleUtilities.build/Debug-iphonesimulator/GoogleUtilities-Environment.build/Objects-normal/arm64/GULKeychainUtils.d --serialize-diagnostics /Users/siam/Library/Developer/Xcode/DerivedData/Lingua_Quest-gvpckrqxtbgyprbgppjfqmimmmfw/Build/Intermediates.noindex/GoogleUtilities.build/Debug-iphonesimulator/GoogleUtilities-Environment.build/Objects-normal/arm64/GULKeychainUtils.dia -c /Users/siam/Library/Developer/Xcode/DerivedData/Lingua_Quest-gvpckrqxtbgyprbgppjfqmimmmfw/SourcePackages/checkouts/GoogleUtilities/GoogleUtilities/Environment/SecureStorage/GULKeychainUtils.m -o /Users/siam/Library/Developer/Xcode/DerivedData/Lingua_Quest-gvpckrqxtbgyprbgppjfqmimmmfw/Build/Intermediates.noindex/GoogleUtilities.build/Debug-iphonesimulator/GoogleUtilities-Environment.build/Objects-normal/arm64/GULKeychainUtils.o -index-unit-output-path /GoogleUtilities.build/Debug-iphonesimulator/GoogleUtilities-Environment.build/Objects-normal/arm64/GULKeychainUtils.o

PrecompileModule /Users/siam/Library/Developer/Xcode/DerivedData/Lingua_Quest-gvpckrqxtbgyprbgppjfqmimmmfw/Build/Intermediates.noindex/ExplicitPrecompiledModules/os_workgroup-877V47G5OER3YC76VEFCOZ60G.scan
    cd /
    builtin-precompileModule /Users/siam/Library/Developer/Xcode/DerivedData/Lingua_Quest-gvpckrqxtbgyprbgppjfqmimmmfw/Build/Intermediates.noindex/ExplicitPrecompiledModules/os_workgroup-877V47G5OER3YC76VEFCOZ60G.scan

ScanDependencies /Users/siam/Library/Developer/Xcode/DerivedData/Lingua_Quest-gvpckrqxtbgyprbgppjfqmimmmfw/Build/Intermediates.noindex/GoogleUtilities.build/Debug-iphonesimulator/GoogleUtilities-Environment.build/Objects-normal/arm64/GULKeychainStorage.o /Users/siam/Library/Developer/Xcode/DerivedData/Lingua_Quest-gvpckrqxtbgyprbgppjfqmimmmfw/SourcePackages/checkouts/GoogleUtilities/GoogleUtilities/Environment/SecureStorage/GULKeychainStorage.m normal arm64 objective-c com.apple.compilers.llvm.clang.1_0.compiler (in target 'GoogleUtilities-Environment' from project 'GoogleUtilities')
    cd /Users/siam/Desktop/Lingua\ Quest/Lingua\ Quest.xcodeproj
    
    Using response file: /Users/siam/Library/Developer/Xcode/DerivedData/Lingua_Quest-gvpckrqxtbgyprbgppjfqmimmmfw/Build/Intermediates.noindex/GoogleUtilities.build/Debug-iphonesimulator/GoogleUtilities-Environment.build/Objects-normal/arm64/e6072d4f65d7061329687fe24e3d63a7-common-args.resp
    
    builtin-ScanDependencies -o /Users/siam/Library/Developer/Xcode/DerivedData/Lingua_Quest-gvpckrqxtbgyprbgppjfqmimmmfw/Build/Intermediates.noindex/GoogleUtilities.build/Debug-iphonesimulator/GoogleUtilities-Environment.build/Objects-normal/arm64/GULKeychainStorage.o.scan -- /Applications/Xcode.app/Contents/Developer/Toolchains/XcodeDefault.xctoolchain/usr/bin/clang -x objective-c -ivfsstatcache /Users/siam/Library/Developer/Xcode/DerivedData/SDKStatCaches.noindex/iphonesimulator26.0-23A339-26257891a6c027eb51374368541b8346.sdkstatcache -fmessage-length\=0 -fdiagnostics-show-note-include-stack -fmacro-backtrace-limit\=0 -fno-color-diagnostics -fmodules-prune-interval\=86400 -fmodules-prune-after\=345600 -fbuild-session-file\=/Users/siam/Library/Developer/Xcode/DerivedData/ModuleCache.noindex/Session.modulevalidation -fmodules-validate-once-per-build-session -Wnon-modular-include-in-framework-module -Werror\=non-modular-include-in-framework-module -Wno-trigraphs -Wno-missing-field-initializers -Wno-missing-prototypes -Wno-return-type -Wno-implicit-atomic-properties -Wno-objc-interface-ivars -Wno-arc-repeated-use-of-weak -Wno-missing-braces -Wparentheses -Wswitch -Wno-unused-function -Wno-unused-label -Wno-unused-parameter -Wno-unused-variable -Wunused-value -Wno-empty-body -Wno-uninitialized -Wno-unknown-pragmas -w -Wno-shadow -Wno-four-char-constants -Wno-conversion -Wno-constant-conversion -Wno-int-conversion -Wno-bool-conversion -Wno-enum-conversion -Wno-float-conversion -Wno-non-literal-null-conversion -Wno-objc-literal-conversion -Wshorten-64-to-32 -Wpointer-sign -Wno-newline-eof -Wno-selector -Wno-strict-selector-match -Wno-undeclared-selector -Wno-deprecated-implementations -Wno-implicit-fallthrough -fstrict-aliasing -Wprotocol -Wdeprecated-declarations -Wno-sign-conversion -Wno-infinite-recursion -Wno-comma -Wno-block-capture-autoreleasing -Wno-strict-prototypes -Wno-semicolon-before-method-body -index-store-path /Users/siam/Library/Developer/Xcode/DerivedData/Lingua_Quest-gvpckrqxtbgyprbgppjfqmimmmfw/Index.noindex/DataStore @/Users/siam/Library/Developer/Xcode/DerivedData/Lingua_Quest-gvpckrqxtbgyprbgppjfqmimmmfw/Build/Intermediates.noindex/GoogleUtilities.build/Debug-iphonesimulator/GoogleUtilities-Environment.build/Objects-normal/arm64/e6072d4f65d7061329687fe24e3d63a7-common-args.resp -include /Users/siam/Library/Developer/Xcode/DerivedData/Lingua_Quest-gvpckrqxtbgyprbgppjfqmimmmfw/Build/Intermediates.noindex/GoogleUtilities.build/Debug-iphonesimulator/GoogleUtilities-Environment.build/DerivedSources/resource_bundle_accessor.h -MMD -MT dependencies -MF /Users/siam/Library/Developer/Xcode/DerivedData/Lingua_Quest-gvpckrqxtbgyprbgppjfqmimmmfw/Build/Intermediates.noindex/GoogleUtilities.build/Debug-iphonesimulator/GoogleUtilities-Environment.build/Objects-normal/arm64/GULKeychainStorage.d --serialize-diagnostics /Users/siam/Library/Developer/Xcode/DerivedData/Lingua_Quest-gvpckrqxtbgyprbgppjfqmimmmfw/Build/Intermediates.noindex/GoogleUtilities.build/Debug-iphonesimulator/GoogleUtilities-Environment.build/Objects-normal/arm64/GULKeychainStorage.dia -c /Users/siam/Library/Developer/Xcode/DerivedData/Lingua_Quest-gvpckrqxtbgyprbgppjfqmimmmfw/SourcePackages/checkouts/GoogleUtilities/GoogleUtilities/Environment/SecureStorage/GULKeychainStorage.m -o /Users/siam/Library/Developer/Xcode/DerivedData/Lingua_Quest-gvpckrqxtbgyprbgppjfqmimmmfw/Build/Intermediates.noindex/GoogleUtilities.build/Debug-iphonesimulator/GoogleUtilities-Environment.build/Objects-normal/arm64/GULKeychainStorage.o -index-unit-output-path /GoogleUtilities.build/Debug-iphonesimulator/GoogleUtilities-Environment.build/Objects-normal/arm64/GULKeychainStorage.o

Ld /Users/siam/Library/Developer/Xcode/DerivedData/Lingua_Quest-gvpckrqxtbgyprbgppjfqmimmmfw/Build/Intermediates.noindex/GoogleUtilities.build/Debug-iphonesimulator/third-party-IsAppEncrypted.build/Objects-normal/arm64/Binary/third-party-IsAppEncrypted.o normal arm64 (in target 'third-party-IsAppEncrypted' from project 'GoogleUtilities')
    cd /Users/siam/Library/Developer/Xcode/DerivedData/Lingua_Quest-gvpckrqxtbgyprbgppjfqmimmmfw/SourcePackages/checkouts/GoogleUtilities
    /Applications/Xcode.app/Contents/Developer/Toolchains/XcodeDefault.xctoolchain/usr/bin/clang -Xlinker -reproducible -target arm64-apple-ios12.0-simulator -r -isysroot /Applications/Xcode.app/Contents/Developer/Platforms/iPhoneSimulator.platform/Developer/SDKs/iPhoneSimulator26.0.sdk -O0 -w -L/Users/siam/Library/Developer/Xcode/DerivedData/Lingua_Quest-gvpckrqxtbgyprbgppjfqmimmmfw/Build/Intermediates.noindex/EagerLinkingTBDs/Debug-iphonesimulator -L/Users/siam/Library/Developer/Xcode/DerivedData/Lingua_Quest-gvpckrqxtbgyprbgppjfqmimmmfw/Build/Products/Debug-iphonesimulator -L/Applications/Xcode.app/Contents/Developer/Platforms/iPhoneSimulator.platform/Developer/usr/lib -F/Users/siam/Library/Developer/Xcode/DerivedData/Lingua_Quest-gvpckrqxtbgyprbgppjfqmimmmfw/Build/Intermediates.noindex/EagerLinkingTBDs/Debug-iphonesimulator -F/Users/siam/Library/Developer/Xcode/DerivedData/Lingua_Quest-gvpckrqxtbgyprbgppjfqmimmmfw/Build/Products/Debug-iphonesimulator -iframework /Applications/Xcode.app/Contents/Developer/Platforms/iPhoneSimulator.platform/Developer/Library/Frameworks -iframework /Applications/Xcode.app/Contents/Developer/Platforms/iPhoneSimulator.platform/Developer/SDKs/iPhoneSimulator26.0.sdk/Developer/Library/Frameworks -filelist /Users/siam/Library/Developer/Xcode/DerivedData/Lingua_Quest-gvpckrqxtbgyprbgppjfqmimmmfw/Build/Intermediates.noindex/GoogleUtilities.build/Debug-iphonesimulator/third-party-IsAppEncrypted.build/Objects-normal/arm64/third-party-IsAppEncrypted.LinkFileList -nostdlib -Xlinker -object_path_lto -Xlinker /Users/siam/Library/Developer/Xcode/DerivedData/Lingua_Quest-gvpckrqxtbgyprbgppjfqmimmmfw/Build/Intermediates.noindex/GoogleUtilities.build/Debug-iphonesimulator/third-party-IsAppEncrypted.build/Objects-normal/arm64/third-party-IsAppEncrypted_lto.o -rdynamic -Xlinker -no_deduplicate -Xlinker -objc_abi_version -Xlinker 2 -Xlinker -debug_variant -Xlinker -dependency_info -Xlinker /Users/siam/Library/Developer/Xcode/DerivedData/Lingua_Quest-gvpckrqxtbgyprbgppjfqmimmmfw/Build/Intermediates.noindex/GoogleUtilities.build/Debug-iphonesimulator/third-party-IsAppEncrypted.build/Objects-normal/arm64/third-party-IsAppEncrypted_dependency_info.dat -fobjc-arc -fobjc-link-runtime -o /Users/siam/Library/Developer/Xcode/DerivedData/Lingua_Quest-gvpckrqxtbgyprbgppjfqmimmmfw/Build/Intermediates.noindex/GoogleUtilities.build/Debug-iphonesimulator/third-party-IsAppEncrypted.build/Objects-normal/arm64/Binary/third-party-IsAppEncrypted.o

ScanDependencies /Users/siam/Library/Developer/Xcode/DerivedData/Lingua_Quest-gvpckrqxtbgyprbgppjfqmimmmfw/Build/Intermediates.noindex/GoogleUtilities.build/Debug-iphonesimulator/GoogleUtilities-Environment.build/Objects-normal/arm64/GULAppEnvironmentUtil.o /Users/siam/Library/Developer/Xcode/DerivedData/Lingua_Quest-gvpckrqxtbgyprbgppjfqmimmmfw/SourcePackages/checkouts/GoogleUtilities/GoogleUtilities/Environment/GULAppEnvironmentUtil.m normal arm64 objective-c com.apple.compilers.llvm.clang.1_0.compiler (in target 'GoogleUtilities-Environment' from project 'GoogleUtilities')
    cd /Users/siam/Desktop/Lingua\ Quest/Lingua\ Quest.xcodeproj
    
    Using response file: /Users/siam/Library/Developer/Xcode/DerivedData/Lingua_Quest-gvpckrqxtbgyprbgppjfqmimmmfw/Build/Intermediates.noindex/GoogleUtilities.build/Debug-iphonesimulator/GoogleUtilities-Environment.build/Objects-normal/arm64/e6072d4f65d7061329687fe24e3d63a7-common-args.resp
    
    builtin-ScanDependencies -o /Users/siam/Library/Developer/Xcode/DerivedData/Lingua_Quest-gvpckrqxtbgyprbgppjfqmimmmfw/Build/Intermediates.noindex/GoogleUtilities.build/Debug-iphonesimulator/GoogleUtilities-Environment.build/Objects-normal/arm64/GULAppEnvironmentUtil.o.scan -- /Applications/Xcode.app/Contents/Developer/Toolchains/XcodeDefault.xctoolchain/usr/bin/clang -x objective-c -ivfsstatcache /Users/siam/Library/Developer/Xcode/DerivedData/SDKStatCaches.noindex/iphonesimulator26.0-23A339-26257891a6c027eb51374368541b8346.sdkstatcache -fmessage-length\=0 -fdiagnostics-show-note-include-stack -fmacro-backtrace-limit\=0 -fno-color-diagnostics -fmodules-prune-interval\=86400 -fmodules-prune-after\=345600 -fbuild-session-file\=/Users/siam/Library/Developer/Xcode/DerivedData/ModuleCache.noindex/Session.modulevalidation -fmodules-validate-once-per-build-session -Wnon-modular-include-in-framework-module -Werror\=non-modular-include-in-framework-module -Wno-trigraphs -Wno-missing-field-initializers -Wno-missing-prototypes -Wno-return-type -Wno-implicit-atomic-properties -Wno-objc-interface-ivars -Wno-arc-repeated-use-of-weak -Wno-missing-braces -Wparentheses -Wswitch -Wno-unused-function -Wno-unused-label -Wno-unused-parameter -Wno-unused-variable -Wunused-value -Wno-empty-body -Wno-uninitialized -Wno-unknown-pragmas -w -Wno-shadow -Wno-four-char-constants -Wno-conversion -Wno-constant-conversion -Wno-int-conversion -Wno-bool-conversion -Wno-enum-conversion -Wno-float-conversion -Wno-non-literal-null-conversion -Wno-objc-literal-conversion -Wshorten-64-to-32 -Wpointer-sign -Wno-newline-eof -Wno-selector -Wno-strict-selector-match -Wno-undeclared-selector -Wno-deprecated-implementations -Wno-implicit-fallthrough -fstrict-aliasing -Wprotocol -Wdeprecated-declarations -Wno-sign-conversion -Wno-infinite-recursion -Wno-comma -Wno-block-capture-autoreleasing -Wno-strict-prototypes -Wno-semicolon-before-method-body -index-store-path /Users/siam/Library/Developer/Xcode/DerivedData/Lingua_Quest-gvpckrqxtbgyprbgppjfqmimmmfw/Index.noindex/DataStore @/Users/siam/Library/Developer/Xcode/DerivedData/Lingua_Quest-gvpckrqxtbgyprbgppjfqmimmmfw/Build/Intermediates.noindex/GoogleUtilities.build/Debug-iphonesimulator/GoogleUtilities-Environment.build/Objects-normal/arm64/e6072d4f65d7061329687fe24e3d63a7-common-args.resp -include /Users/siam/Library/Developer/Xcode/DerivedData/Lingua_Quest-gvpckrqxtbgyprbgppjfqmimmmfw/Build/Intermediates.noindex/GoogleUtilities.build/Debug-iphonesimulator/GoogleUtilities-Environment.build/DerivedSources/resource_bundle_accessor.h -MMD -MT dependencies -MF /Users/siam/Library/Developer/Xcode/DerivedData/Lingua_Quest-gvpckrqxtbgyprbgppjfqmimmmfw/Build/Intermediates.noindex/GoogleUtilities.build/Debug-iphonesimulator/GoogleUtilities-Environment.build/Objects-normal/arm64/GULAppEnvironmentUtil.d --serialize-diagnostics /Users/siam/Library/Developer/Xcode/DerivedData/Lingua_Quest-gvpckrqxtbgyprbgppjfqmimmmfw/Build/Intermediates.noindex/GoogleUtilities.build/Debug-iphonesimulator/GoogleUtilities-Environment.build/Objects-normal/arm64/GULAppEnvironmentUtil.dia -c /Users/siam/Library/Developer/Xcode/DerivedData/Lingua_Quest-gvpckrqxtbgyprbgppjfqmimmmfw/SourcePackages/checkouts/GoogleUtilities/GoogleUtilities/Environment/GULAppEnvironmentUtil.m -o /Users/siam/Library/Developer/Xcode/DerivedData/Lingua_Quest-gvpckrqxtbgyprbgppjfqmimmmfw/Build/Intermediates.noindex/GoogleUtilities.build/Debug-iphonesimulator/GoogleUtilities-Environment.build/Objects-normal/arm64/GULAppEnvironmentUtil.o -index-unit-output-path /GoogleUtilities.build/Debug-iphonesimulator/GoogleUtilities-Environment.build/Objects-normal/arm64/GULAppEnvironmentUtil.o

PrecompileModule /Users/siam/Library/Developer/Xcode/DerivedData/Lingua_Quest-gvpckrqxtbgyprbgppjfqmimmmfw/Build/Intermediates.noindex/ExplicitPrecompiledModules/Dispatch-8U36VF3LND7DBDC2HB88LG1OM.scan
    cd /
    builtin-precompileModule /Users/siam/Library/Developer/Xcode/DerivedData/Lingua_Quest-gvpckrqxtbgyprbgppjfqmimmmfw/Build/Intermediates.noindex/ExplicitPrecompiledModules/Dispatch-8U36VF3LND7DBDC2HB88LG1OM.scan

ProcessInfoPlistFile /Users/siam/Library/Developer/Xcode/DerivedData/Lingua_Quest-gvpckrqxtbgyprbgppjfqmimmmfw/Build/Products/Debug-iphonesimulator/GoogleSignIn_GoogleSignInSwift.bundle/Info.plist /Users/siam/Library/Developer/Xcode/DerivedData/Lingua_Quest-gvpckrqxtbgyprbgppjfqmimmmfw/Build/Intermediates.noindex/GoogleSignIn.build/Debug-iphonesimulator/GoogleSignIn_GoogleSignInSwift.build/empty-GoogleSignIn_GoogleSignInSwift.plist (in target 'GoogleSignIn_GoogleSignInSwift' from project 'GoogleSignIn')
    cd /Users/siam/Library/Developer/Xcode/DerivedData/Lingua_Quest-gvpckrqxtbgyprbgppjfqmimmmfw/SourcePackages/checkouts/GoogleSignIn-iOS
    builtin-infoPlistUtility /Users/siam/Library/Developer/Xcode/DerivedData/Lingua_Quest-gvpckrqxtbgyprbgppjfqmimmmfw/Build/Intermediates.noindex/GoogleSignIn.build/Debug-iphonesimulator/GoogleSignIn_GoogleSignInSwift.build/empty-GoogleSignIn_GoogleSignInSwift.plist -producttype com.apple.product-type.bundle -expandbuildsettings -format binary -platform iphonesimulator -o /Users/siam/Library/Developer/Xcode/DerivedData/Lingua_Quest-gvpckrqxtbgyprbgppjfqmimmmfw/Build/Products/Debug-iphonesimulator/GoogleSignIn_GoogleSignInSwift.bundle/Info.plist

ProcessInfoPlistFile /Users/siam/Library/Developer/Xcode/DerivedData/Lingua_Quest-gvpckrqxtbgyprbgppjfqmimmmfw/Build/Products/Debug-iphonesimulator/GoogleSignIn_GoogleSignIn.bundle/Info.plist /Users/siam/Library/Developer/Xcode/DerivedData/Lingua_Quest-gvpckrqxtbgyprbgppjfqmimmmfw/Build/Intermediates.noindex/GoogleSignIn.build/Debug-iphonesimulator/GoogleSignIn_GoogleSignIn.build/empty-GoogleSignIn_GoogleSignIn.plist (in target 'GoogleSignIn_GoogleSignIn' from project 'GoogleSignIn')
    cd /Users/siam/Library/Developer/Xcode/DerivedData/Lingua_Quest-gvpckrqxtbgyprbgppjfqmimmmfw/SourcePackages/checkouts/GoogleSignIn-iOS
    builtin-infoPlistUtility /Users/siam/Library/Developer/Xcode/DerivedData/Lingua_Quest-gvpckrqxtbgyprbgppjfqmimmmfw/Build/Intermediates.noindex/GoogleSignIn.build/Debug-iphonesimulator/GoogleSignIn_GoogleSignIn.build/empty-GoogleSignIn_GoogleSignIn.plist -producttype com.apple.product-type.bundle -expandbuildsettings -format binary -platform iphonesimulator -o /Users/siam/Library/Developer/Xcode/DerivedData/Lingua_Quest-gvpckrqxtbgyprbgppjfqmimmmfw/Build/Products/Debug-iphonesimulator/GoogleSignIn_GoogleSignIn.bundle/Info.plist

ScanDependencies /Users/siam/Library/Developer/Xcode/DerivedData/Lingua_Quest-gvpckrqxtbgyprbgppjfqmimmmfw/Build/Intermediates.noindex/GoogleUtilities.build/Debug-iphonesimulator/GoogleUtilities-Logger.build/Objects-normal/x86_64/resource_bundle_accessor.o /Users/siam/Library/Developer/Xcode/DerivedData/Lingua_Quest-gvpckrqxtbgyprbgppjfqmimmmfw/Build/Intermediates.noindex/GoogleUtilities.build/Debug-iphonesimulator/GoogleUtilities-Logger.build/DerivedSources/resource_bundle_accessor.m normal x86_64 objective-c com.apple.compilers.llvm.clang.1_0.compiler (in target 'GoogleUtilities-Logger' from project 'GoogleUtilities')
    cd /Users/siam/Desktop/Lingua\ Quest/Lingua\ Quest.xcodeproj
    
    Using response file: /Users/siam/Library/Developer/Xcode/DerivedData/Lingua_Quest-gvpckrqxtbgyprbgppjfqmimmmfw/Build/Intermediates.noindex/GoogleUtilities.build/Debug-iphonesimulator/GoogleUtilities-Logger.build/Objects-normal/x86_64/e6072d4f65d7061329687fe24e3d63a7-common-args.resp
    
    builtin-ScanDependencies -o /Users/siam/Library/Developer/Xcode/DerivedData/Lingua_Quest-gvpckrqxtbgyprbgppjfqmimmmfw/Build/Intermediates.noindex/GoogleUtilities.build/Debug-iphonesimulator/GoogleUtilities-Logger.build/Objects-normal/x86_64/resource_bundle_accessor.o.scan -- /Applications/Xcode.app/Contents/Developer/Toolchains/XcodeDefault.xctoolchain/usr/bin/clang -x objective-c -ivfsstatcache /Users/siam/Library/Developer/Xcode/DerivedData/SDKStatCaches.noindex/iphonesimulator26.0-23A339-26257891a6c027eb51374368541b8346.sdkstatcache -fmessage-length\=0 -fdiagnostics-show-note-include-stack -fmacro-backtrace-limit\=0 -fno-color-diagnostics -fmodules-prune-interval\=86400 -fmodules-prune-after\=345600 -fbuild-session-file\=/Users/siam/Library/Developer/Xcode/DerivedData/ModuleCache.noindex/Session.modulevalidation -fmodules-validate-once-per-build-session -Wnon-modular-include-in-framework-module -Werror\=non-modular-include-in-framework-module -Wno-trigraphs -Wno-missing-field-initializers -Wno-missing-prototypes -Wno-return-type -Wno-implicit-atomic-properties -Wno-objc-interface-ivars -Wno-arc-repeated-use-of-weak -Wno-missing-braces -Wparentheses -Wswitch -Wno-unused-function -Wno-unused-label -Wno-unused-parameter -Wno-unused-variable -Wunused-value -Wno-empty-body -Wno-uninitialized -Wno-unknown-pragmas -w -Wno-shadow -Wno-four-char-constants -Wno-conversion -Wno-constant-conversion -Wno-int-conversion -Wno-bool-conversion -Wno-enum-conversion -Wno-float-conversion -Wno-non-literal-null-conversion -Wno-objc-literal-conversion -Wshorten-64-to-32 -Wpointer-sign -Wno-newline-eof -Wno-selector -Wno-strict-selector-match -Wno-undeclared-selector -Wno-deprecated-implementations -Wno-implicit-fallthrough -fstrict-aliasing -Wprotocol -Wdeprecated-declarations -Wno-sign-conversion -Wno-infinite-recursion -Wno-comma -Wno-block-capture-autoreleasing -Wno-strict-prototypes -Wno-semicolon-before-method-body -index-store-path /Users/siam/Library/Developer/Xcode/DerivedData/Lingua_Quest-gvpckrqxtbgyprbgppjfqmimmmfw/Index.noindex/DataStore @/Users/siam/Library/Developer/Xcode/DerivedData/Lingua_Quest-gvpckrqxtbgyprbgppjfqmimmmfw/Build/Intermediates.noindex/GoogleUtilities.build/Debug-iphonesimulator/GoogleUtilities-Logger.build/Objects-normal/x86_64/e6072d4f65d7061329687fe24e3d63a7-common-args.resp -include /Users/siam/Library/Developer/Xcode/DerivedData/Lingua_Quest-gvpckrqxtbgyprbgppjfqmimmmfw/Build/Intermediates.noindex/GoogleUtilities.build/Debug-iphonesimulator/GoogleUtilities-Logger.build/DerivedSources/resource_bundle_accessor.h -MMD -MT dependencies -MF /Users/siam/Library/Developer/Xcode/DerivedData/Lingua_Quest-gvpckrqxtbgyprbgppjfqmimmmfw/Build/Intermediates.noindex/GoogleUtilities.build/Debug-iphonesimulator/GoogleUtilities-Logger.build/Objects-normal/x86_64/resource_bundle_accessor.d --serialize-diagnostics /Users/siam/Library/Developer/Xcode/DerivedData/Lingua_Quest-gvpckrqxtbgyprbgppjfqmimmmfw/Build/Intermediates.noindex/GoogleUtilities.build/Debug-iphonesimulator/GoogleUtilities-Logger.build/Objects-normal/x86_64/resource_bundle_accessor.dia -c /Users/siam/Library/Developer/Xcode/DerivedData/Lingua_Quest-gvpckrqxtbgyprbgppjfqmimmmfw/Build/Intermediates.noindex/GoogleUtilities.build/Debug-iphonesimulator/GoogleUtilities-Logger.build/DerivedSources/resource_bundle_accessor.m -o /Users/siam/Library/Developer/Xcode/DerivedData/Lingua_Quest-gvpckrqxtbgyprbgppjfqmimmmfw/Build/Intermediates.noindex/GoogleUtilities.build/Debug-iphonesimulator/GoogleUtilities-Logger.build/Objects-normal/x86_64/resource_bundle_accessor.o -index-unit-output-path /GoogleUtilities.build/Debug-iphonesimulator/GoogleUtilities-Logger.build/Objects-normal/x86_64/resource_bundle_accessor.o

CreateUniversalBinary /Users/siam/Library/Developer/Xcode/DerivedData/Lingua_Quest-gvpckrqxtbgyprbgppjfqmimmmfw/Build/Products/Debug-iphonesimulator/third-party-IsAppEncrypted.o normal arm64\ x86_64 (in target 'third-party-IsAppEncrypted' from project 'GoogleUtilities')
    cd /Users/siam/Library/Developer/Xcode/DerivedData/Lingua_Quest-gvpckrqxtbgyprbgppjfqmimmmfw/SourcePackages/checkouts/GoogleUtilities
    /Applications/Xcode.app/Contents/Developer/Toolchains/XcodeDefault.xctoolchain/usr/bin/lipo -create /Users/siam/Library/Developer/Xcode/DerivedData/Lingua_Quest-gvpckrqxtbgyprbgppjfqmimmmfw/Build/Intermediates.noindex/GoogleUtilities.build/Debug-iphonesimulator/third-party-IsAppEncrypted.build/Objects-normal/arm64/Binary/third-party-IsAppEncrypted.o /Users/siam/Library/Developer/Xcode/DerivedData/Lingua_Quest-gvpckrqxtbgyprbgppjfqmimmmfw/Build/Intermediates.noindex/GoogleUtilities.build/Debug-iphonesimulator/third-party-IsAppEncrypted.build/Objects-normal/x86_64/Binary/third-party-IsAppEncrypted.o -output /Users/siam/Library/Developer/Xcode/DerivedData/Lingua_Quest-gvpckrqxtbgyprbgppjfqmimmmfw/Build/Products/Debug-iphonesimulator/third-party-IsAppEncrypted.o

ScanDependencies /Users/siam/Library/Developer/Xcode/DerivedData/Lingua_Quest-gvpckrqxtbgyprbgppjfqmimmmfw/Build/Intermediates.noindex/GoogleUtilities.build/Debug-iphonesimulator/GoogleUtilities-Logger.build/Objects-normal/x86_64/GULLogger.o /Users/siam/Library/Developer/Xcode/DerivedData/Lingua_Quest-gvpckrqxtbgyprbgppjfqmimmmfw/SourcePackages/checkouts/GoogleUtilities/GoogleUtilities/Logger/GULLogger.m normal x86_64 objective-c com.apple.compilers.llvm.clang.1_0.compiler (in target 'GoogleUtilities-Logger' from project 'GoogleUtilities')
    cd /Users/siam/Desktop/Lingua\ Quest/Lingua\ Quest.xcodeproj
    
    Using response file: /Users/siam/Library/Developer/Xcode/DerivedData/Lingua_Quest-gvpckrqxtbgyprbgppjfqmimmmfw/Build/Intermediates.noindex/GoogleUtilities.build/Debug-iphonesimulator/GoogleUtilities-Logger.build/Objects-normal/x86_64/e6072d4f65d7061329687fe24e3d63a7-common-args.resp
    
    builtin-ScanDependencies -o /Users/siam/Library/Developer/Xcode/DerivedData/Lingua_Quest-gvpckrqxtbgyprbgppjfqmimmmfw/Build/Intermediates.noindex/GoogleUtilities.build/Debug-iphonesimulator/GoogleUtilities-Logger.build/Objects-normal/x86_64/GULLogger.o.scan -- /Applications/Xcode.app/Contents/Developer/Toolchains/XcodeDefault.xctoolchain/usr/bin/clang -x objective-c -ivfsstatcache /Users/siam/Library/Developer/Xcode/DerivedData/SDKStatCaches.noindex/iphonesimulator26.0-23A339-26257891a6c027eb51374368541b8346.sdkstatcache -fmessage-length\=0 -fdiagnostics-show-note-include-stack -fmacro-backtrace-limit\=0 -fno-color-diagnostics -fmodules-prune-interval\=86400 -fmodules-prune-after\=345600 -fbuild-session-file\=/Users/siam/Library/Developer/Xcode/DerivedData/ModuleCache.noindex/Session.modulevalidation -fmodules-validate-once-per-build-session -Wnon-modular-include-in-framework-module -Werror\=non-modular-include-in-framework-module -Wno-trigraphs -Wno-missing-field-initializers -Wno-missing-prototypes -Wno-return-type -Wno-implicit-atomic-properties -Wno-objc-interface-ivars -Wno-arc-repeated-use-of-weak -Wno-missing-braces -Wparentheses -Wswitch -Wno-unused-function -Wno-unused-label -Wno-unused-parameter -Wno-unused-variable -Wunused-value -Wno-empty-body -Wno-uninitialized -Wno-unknown-pragmas -w -Wno-shadow -Wno-four-char-constants -Wno-conversion -Wno-constant-conversion -Wno-int-conversion -Wno-bool-conversion -Wno-enum-conversion -Wno-float-conversion -Wno-non-literal-null-conversion -Wno-objc-literal-conversion -Wshorten-64-to-32 -Wpointer-sign -Wno-newline-eof -Wno-selector -Wno-strict-selector-match -Wno-undeclared-selector -Wno-deprecated-implementations -Wno-implicit-fallthrough -fstrict-aliasing -Wprotocol -Wdeprecated-declarations -Wno-sign-conversion -Wno-infinite-recursion -Wno-comma -Wno-block-capture-autoreleasing -Wno-strict-prototypes -Wno-semicolon-before-method-body -index-store-path /Users/siam/Library/Developer/Xcode/DerivedData/Lingua_Quest-gvpckrqxtbgyprbgppjfqmimmmfw/Index.noindex/DataStore @/Users/siam/Library/Developer/Xcode/DerivedData/Lingua_Quest-gvpckrqxtbgyprbgppjfqmimmmfw/Build/Intermediates.noindex/GoogleUtilities.build/Debug-iphonesimulator/GoogleUtilities-Logger.build/Objects-normal/x86_64/e6072d4f65d7061329687fe24e3d63a7-common-args.resp -include /Users/siam/Library/Developer/Xcode/DerivedData/Lingua_Quest-gvpckrqxtbgyprbgppjfqmimmmfw/Build/Intermediates.noindex/GoogleUtilities.build/Debug-iphonesimulator/GoogleUtilities-Logger.build/DerivedSources/resource_bundle_accessor.h -MMD -MT dependencies -MF /Users/siam/Library/Developer/Xcode/DerivedData/Lingua_Quest-gvpckrqxtbgyprbgppjfqmimmmfw/Build/Intermediates.noindex/GoogleUtilities.build/Debug-iphonesimulator/GoogleUtilities-Logger.build/Objects-normal/x86_64/GULLogger.d --serialize-diagnostics /Users/siam/Library/Developer/Xcode/DerivedData/Lingua_Quest-gvpckrqxtbgyprbgppjfqmimmmfw/Build/Intermediates.noindex/GoogleUtilities.build/Debug-iphonesimulator/GoogleUtilities-Logger.build/Objects-normal/x86_64/GULLogger.dia -c /Users/siam/Library/Developer/Xcode/DerivedData/Lingua_Quest-gvpckrqxtbgyprbgppjfqmimmmfw/SourcePackages/checkouts/GoogleUtilities/GoogleUtilities/Logger/GULLogger.m -o /Users/siam/Library/Developer/Xcode/DerivedData/Lingua_Quest-gvpckrqxtbgyprbgppjfqmimmmfw/Build/Intermediates.noindex/GoogleUtilities.build/Debug-iphonesimulator/GoogleUtilities-Logger.build/Objects-normal/x86_64/GULLogger.o -index-unit-output-path /GoogleUtilities.build/Debug-iphonesimulator/GoogleUtilities-Logger.build/Objects-normal/x86_64/GULLogger.o

ScanDependencies /Users/siam/Library/Developer/Xcode/DerivedData/Lingua_Quest-gvpckrqxtbgyprbgppjfqmimmmfw/Build/Intermediates.noindex/GoogleUtilities.build/Debug-iphonesimulator/GoogleUtilities-Logger.build/Objects-normal/arm64/resource_bundle_accessor.o /Users/siam/Library/Developer/Xcode/DerivedData/Lingua_Quest-gvpckrqxtbgyprbgppjfqmimmmfw/Build/Intermediates.noindex/GoogleUtilities.build/Debug-iphonesimulator/GoogleUtilities-Logger.build/DerivedSources/resource_bundle_accessor.m normal arm64 objective-c com.apple.compilers.llvm.clang.1_0.compiler (in target 'GoogleUtilities-Logger' from project 'GoogleUtilities')
    cd /Users/siam/Desktop/Lingua\ Quest/Lingua\ Quest.xcodeproj
    
    Using response file: /Users/siam/Library/Developer/Xcode/DerivedData/Lingua_Quest-gvpckrqxtbgyprbgppjfqmimmmfw/Build/Intermediates.noindex/GoogleUtilities.build/Debug-iphonesimulator/GoogleUtilities-Logger.build/Objects-normal/arm64/e6072d4f65d7061329687fe24e3d63a7-common-args.resp
    
    builtin-ScanDependencies -o /Users/siam/Library/Developer/Xcode/DerivedData/Lingua_Quest-gvpckrqxtbgyprbgppjfqmimmmfw/Build/Intermediates.noindex/GoogleUtilities.build/Debug-iphonesimulator/GoogleUtilities-Logger.build/Objects-normal/arm64/resource_bundle_accessor.o.scan -- /Applications/Xcode.app/Contents/Developer/Toolchains/XcodeDefault.xctoolchain/usr/bin/clang -x objective-c -ivfsstatcache /Users/siam/Library/Developer/Xcode/DerivedData/SDKStatCaches.noindex/iphonesimulator26.0-23A339-26257891a6c027eb51374368541b8346.sdkstatcache -fmessage-length\=0 -fdiagnostics-show-note-include-stack -fmacro-backtrace-limit\=0 -fno-color-diagnostics -fmodules-prune-interval\=86400 -fmodules-prune-after\=345600 -fbuild-session-file\=/Users/siam/Library/Developer/Xcode/DerivedData/ModuleCache.noindex/Session.modulevalidation -fmodules-validate-once-per-build-session -Wnon-modular-include-in-framework-module -Werror\=non-modular-include-in-framework-module -Wno-trigraphs -Wno-missing-field-initializers -Wno-missing-prototypes -Wno-return-type -Wno-implicit-atomic-properties -Wno-objc-interface-ivars -Wno-arc-repeated-use-of-weak -Wno-missing-braces -Wparentheses -Wswitch -Wno-unused-function -Wno-unused-label -Wno-unused-parameter -Wno-unused-variable -Wunused-value -Wno-empty-body -Wno-uninitialized -Wno-unknown-pragmas -w -Wno-shadow -Wno-four-char-constants -Wno-conversion -Wno-constant-conversion -Wno-int-conversion -Wno-bool-conversion -Wno-enum-conversion -Wno-float-conversion -Wno-non-literal-null-conversion -Wno-objc-literal-conversion -Wshorten-64-to-32 -Wpointer-sign -Wno-newline-eof -Wno-selector -Wno-strict-selector-match -Wno-undeclared-selector -Wno-deprecated-implementations -Wno-implicit-fallthrough -fstrict-aliasing -Wprotocol -Wdeprecated-declarations -Wno-sign-conversion -Wno-infinite-recursion -Wno-comma -Wno-block-capture-autoreleasing -Wno-strict-prototypes -Wno-semicolon-before-method-body -index-store-path /Users/siam/Library/Developer/Xcode/DerivedData/Lingua_Quest-gvpckrqxtbgyprbgppjfqmimmmfw/Index.noindex/DataStore @/Users/siam/Library/Developer/Xcode/DerivedData/Lingua_Quest-gvpckrqxtbgyprbgppjfqmimmmfw/Build/Intermediates.noindex/GoogleUtilities.build/Debug-iphonesimulator/GoogleUtilities-Logger.build/Objects-normal/arm64/e6072d4f65d7061329687fe24e3d63a7-common-args.resp -include /Users/siam/Library/Developer/Xcode/DerivedData/Lingua_Quest-gvpckrqxtbgyprbgppjfqmimmmfw/Build/Intermediates.noindex/GoogleUtilities.build/Debug-iphonesimulator/GoogleUtilities-Logger.build/DerivedSources/resource_bundle_accessor.h -MMD -MT dependencies -MF /Users/siam/Library/Developer/Xcode/DerivedData/Lingua_Quest-gvpckrqxtbgyprbgppjfqmimmmfw/Build/Intermediates.noindex/GoogleUtilities.build/Debug-iphonesimulator/GoogleUtilities-Logger.build/Objects-normal/arm64/resource_bundle_accessor.d --serialize-diagnostics /Users/siam/Library/Developer/Xcode/DerivedData/Lingua_Quest-gvpckrqxtbgyprbgppjfqmimmmfw/Build/Intermediates.noindex/GoogleUtilities.build/Debug-iphonesimulator/GoogleUtilities-Logger.build/Objects-normal/arm64/resource_bundle_accessor.dia -c /Users/siam/Library/Developer/Xcode/DerivedData/Lingua_Quest-gvpckrqxtbgyprbgppjfqmimmmfw/Build/Intermediates.noindex/GoogleUtilities.build/Debug-iphonesimulator/GoogleUtilities-Logger.build/DerivedSources/resource_bundle_accessor.m -o /Users/siam/Library/Developer/Xcode/DerivedData/Lingua_Quest-gvpckrqxtbgyprbgppjfqmimmmfw/Build/Intermediates.noindex/GoogleUtilities.build/Debug-iphonesimulator/GoogleUtilities-Logger.build/Objects-normal/arm64/resource_bundle_accessor.o -index-unit-output-path /GoogleUtilities.build/Debug-iphonesimulator/GoogleUtilities-Logger.build/Objects-normal/arm64/resource_bundle_accessor.o

ScanDependencies /Users/siam/Library/Developer/Xcode/DerivedData/Lingua_Quest-gvpckrqxtbgyprbgppjfqmimmmfw/Build/Intermediates.noindex/GoogleUtilities.build/Debug-iphonesimulator/GoogleUtilities-Logger.build/Objects-normal/arm64/GULLogger.o /Users/siam/Library/Developer/Xcode/DerivedData/Lingua_Quest-gvpckrqxtbgyprbgppjfqmimmmfw/SourcePackages/checkouts/GoogleUtilities/GoogleUtilities/Logger/GULLogger.m normal arm64 objective-c com.apple.compilers.llvm.clang.1_0.compiler (in target 'GoogleUtilities-Logger' from project 'GoogleUtilities')
    cd /Users/siam/Desktop/Lingua\ Quest/Lingua\ Quest.xcodeproj
    
    Using response file: /Users/siam/Library/Developer/Xcode/DerivedData/Lingua_Quest-gvpckrqxtbgyprbgppjfqmimmmfw/Build/Intermediates.noindex/GoogleUtilities.build/Debug-iphonesimulator/GoogleUtilities-Logger.build/Objects-normal/arm64/e6072d4f65d7061329687fe24e3d63a7-common-args.resp
    
    builtin-ScanDependencies -o /Users/siam/Library/Developer/Xcode/DerivedData/Lingua_Quest-gvpckrqxtbgyprbgppjfqmimmmfw/Build/Intermediates.noindex/GoogleUtilities.build/Debug-iphonesimulator/GoogleUtilities-Logger.build/Objects-normal/arm64/GULLogger.o.scan -- /Applications/Xcode.app/Contents/Developer/Toolchains/XcodeDefault.xctoolchain/usr/bin/clang -x objective-c -ivfsstatcache /Users/siam/Library/Developer/Xcode/DerivedData/SDKStatCaches.noindex/iphonesimulator26.0-23A339-26257891a6c027eb51374368541b8346.sdkstatcache -fmessage-length\=0 -fdiagnostics-show-note-include-stack -fmacro-backtrace-limit\=0 -fno-color-diagnostics -fmodules-prune-interval\=86400 -fmodules-prune-after\=345600 -fbuild-session-file\=/Users/siam/Library/Developer/Xcode/DerivedData/ModuleCache.noindex/Session.modulevalidation -fmodules-validate-once-per-build-session -Wnon-modular-include-in-framework-module -Werror\=non-modular-include-in-framework-module -Wno-trigraphs -Wno-missing-field-initializers -Wno-missing-prototypes -Wno-return-type -Wno-implicit-atomic-properties -Wno-objc-interface-ivars -Wno-arc-repeated-use-of-weak -Wno-missing-braces -Wparentheses -Wswitch -Wno-unused-function -Wno-unused-label -Wno-unused-parameter -Wno-unused-variable -Wunused-value -Wno-empty-body -Wno-uninitialized -Wno-unknown-pragmas -w -Wno-shadow -Wno-four-char-constants -Wno-conversion -Wno-constant-conversion -Wno-int-conversion -Wno-bool-conversion -Wno-enum-conversion -Wno-float-conversion -Wno-non-literal-null-conversion -Wno-objc-literal-conversion -Wshorten-64-to-32 -Wpointer-sign -Wno-newline-eof -Wno-selector -Wno-strict-selector-match -Wno-undeclared-selector -Wno-deprecated-implementations -Wno-implicit-fallthrough -fstrict-aliasing -Wprotocol -Wdeprecated-declarations -Wno-sign-conversion -Wno-infinite-recursion -Wno-comma -Wno-block-capture-autoreleasing -Wno-strict-prototypes -Wno-semicolon-before-method-body -index-store-path /Users/siam/Library/Developer/Xcode/DerivedData/Lingua_Quest-gvpckrqxtbgyprbgppjfqmimmmfw/Index.noindex/DataStore @/Users/siam/Library/Developer/Xcode/DerivedData/Lingua_Quest-gvpckrqxtbgyprbgppjfqmimmmfw/Build/Intermediates.noindex/GoogleUtilities.build/Debug-iphonesimulator/GoogleUtilities-Logger.build/Objects-normal/arm64/e6072d4f65d7061329687fe24e3d63a7-common-args.resp -include /Users/siam/Library/Developer/Xcode/DerivedData/Lingua_Quest-gvpckrqxtbgyprbgppjfqmimmmfw/Build/Intermediates.noindex/GoogleUtilities.build/Debug-iphonesimulator/GoogleUtilities-Logger.build/DerivedSources/resource_bundle_accessor.h -MMD -MT dependencies -MF /Users/siam/Library/Developer/Xcode/DerivedData/Lingua_Quest-gvpckrqxtbgyprbgppjfqmimmmfw/Build/Intermediates.noindex/GoogleUtilities.build/Debug-iphonesimulator/GoogleUtilities-Logger.build/Objects-normal/arm64/GULLogger.d --serialize-diagnostics /Users/siam/Library/Developer/Xcode/DerivedData/Lingua_Quest-gvpckrqxtbgyprbgppjfqmimmmfw/Build/Intermediates.noindex/GoogleUtilities.build/Debug-iphonesimulator/GoogleUtilities-Logger.build/Objects-normal/arm64/GULLogger.dia -c /Users/siam/Library/Developer/Xcode/DerivedData/Lingua_Quest-gvpckrqxtbgyprbgppjfqmimmmfw/SourcePackages/checkouts/GoogleUtilities/GoogleUtilities/Logger/GULLogger.m -o /Users/siam/Library/Developer/Xcode/DerivedData/Lingua_Quest-gvpckrqxtbgyprbgppjfqmimmmfw/Build/Intermediates.noindex/GoogleUtilities.build/Debug-iphonesimulator/GoogleUtilities-Logger.build/Objects-normal/arm64/GULLogger.o -index-unit-output-path /GoogleUtilities.build/Debug-iphonesimulator/GoogleUtilities-Logger.build/Objects-normal/arm64/GULLogger.o

PrecompileModule /Users/siam/Library/Developer/Xcode/DerivedData/Lingua_Quest-gvpckrqxtbgyprbgppjfqmimmmfw/Build/Intermediates.noindex/ExplicitPrecompiledModules/Dispatch-3M2BG5HE81K80NDWRO5H017A5.scan
    cd /
    builtin-precompileModule /Users/siam/Library/Developer/Xcode/DerivedData/Lingua_Quest-gvpckrqxtbgyprbgppjfqmimmmfw/Build/Intermediates.noindex/ExplicitPrecompiledModules/Dispatch-3M2BG5HE81K80NDWRO5H017A5.scan

CpResource /Users/siam/Library/Developer/Xcode/DerivedData/Lingua_Quest-gvpckrqxtbgyprbgppjfqmimmmfw/Build/Products/Debug-iphonesimulator/GoogleSignIn_GoogleSignInSwift.bundle/PrivacyInfo.xcprivacy /Users/siam/Library/Developer/Xcode/DerivedData/Lingua_Quest-gvpckrqxtbgyprbgppjfqmimmmfw/SourcePackages/checkouts/GoogleSignIn-iOS/GoogleSignInSwift/Sources/Resources/PrivacyInfo.xcprivacy (in target 'GoogleSignIn_GoogleSignInSwift' from project 'GoogleSignIn')
    cd /Users/siam/Library/Developer/Xcode/DerivedData/Lingua_Quest-gvpckrqxtbgyprbgppjfqmimmmfw/SourcePackages/checkouts/GoogleSignIn-iOS
    builtin-copy -exclude .DS_Store -exclude CVS -exclude .svn -exclude .git -exclude .hg -resolve-src-symlinks /Users/siam/Library/Developer/Xcode/DerivedData/Lingua_Quest-gvpckrqxtbgyprbgppjfqmimmmfw/SourcePackages/checkouts/GoogleSignIn-iOS/GoogleSignInSwift/Sources/Resources/PrivacyInfo.xcprivacy /Users/siam/Library/Developer/Xcode/DerivedData/Lingua_Quest-gvpckrqxtbgyprbgppjfqmimmmfw/Build/Products/Debug-iphonesimulator/GoogleSignIn_GoogleSignInSwift.bundle

ScanDependencies /Users/siam/Library/Developer/Xcode/DerivedData/Lingua_Quest-gvpckrqxtbgyprbgppjfqmimmmfw/Build/Intermediates.noindex/GoogleUtilities.build/Debug-iphonesimulator/GoogleUtilities-UserDefaults.build/Objects-normal/x86_64/resource_bundle_accessor.o /Users/siam/Library/Developer/Xcode/DerivedData/Lingua_Quest-gvpckrqxtbgyprbgppjfqmimmmfw/Build/Intermediates.noindex/GoogleUtilities.build/Debug-iphonesimulator/GoogleUtilities-UserDefaults.build/DerivedSources/resource_bundle_accessor.m normal x86_64 objective-c com.apple.compilers.llvm.clang.1_0.compiler (in target 'GoogleUtilities-UserDefaults' from project 'GoogleUtilities')
    cd /Users/siam/Desktop/Lingua\ Quest/Lingua\ Quest.xcodeproj
    
    Using response file: /Users/siam/Library/Developer/Xcode/DerivedData/Lingua_Quest-gvpckrqxtbgyprbgppjfqmimmmfw/Build/Intermediates.noindex/GoogleUtilities.build/Debug-iphonesimulator/GoogleUtilities-UserDefaults.build/Objects-normal/x86_64/e6072d4f65d7061329687fe24e3d63a7-common-args.resp
    
    builtin-ScanDependencies -o /Users/siam/Library/Developer/Xcode/DerivedData/Lingua_Quest-gvpckrqxtbgyprbgppjfqmimmmfw/Build/Intermediates.noindex/GoogleUtilities.build/Debug-iphonesimulator/GoogleUtilities-UserDefaults.build/Objects-normal/x86_64/resource_bundle_accessor.o.scan -- /Applications/Xcode.app/Contents/Developer/Toolchains/XcodeDefault.xctoolchain/usr/bin/clang -x objective-c -ivfsstatcache /Users/siam/Library/Developer/Xcode/DerivedData/SDKStatCaches.noindex/iphonesimulator26.0-23A339-26257891a6c027eb51374368541b8346.sdkstatcache -fmessage-length\=0 -fdiagnostics-show-note-include-stack -fmacro-backtrace-limit\=0 -fno-color-diagnostics -fmodules-prune-interval\=86400 -fmodules-prune-after\=345600 -fbuild-session-file\=/Users/siam/Library/Developer/Xcode/DerivedData/ModuleCache.noindex/Session.modulevalidation -fmodules-validate-once-per-build-session -Wnon-modular-include-in-framework-module -Werror\=non-modular-include-in-framework-module -Wno-trigraphs -Wno-missing-field-initializers -Wno-missing-prototypes -Wno-return-type -Wno-implicit-atomic-properties -Wno-objc-interface-ivars -Wno-arc-repeated-use-of-weak -Wno-missing-braces -Wparentheses -Wswitch -Wno-unused-function -Wno-unused-label -Wno-unused-parameter -Wno-unused-variable -Wunused-value -Wno-empty-body -Wno-uninitialized -Wno-unknown-pragmas -w -Wno-shadow -Wno-four-char-constants -Wno-conversion -Wno-constant-conversion -Wno-int-conversion -Wno-bool-conversion -Wno-enum-conversion -Wno-float-conversion -Wno-non-literal-null-conversion -Wno-objc-literal-conversion -Wshorten-64-to-32 -Wpointer-sign -Wno-newline-eof -Wno-selector -Wno-strict-selector-match -Wno-undeclared-selector -Wno-deprecated-implementations -Wno-implicit-fallthrough -fstrict-aliasing -Wprotocol -Wdeprecated-declarations -Wno-sign-conversion -Wno-infinite-recursion -Wno-comma -Wno-block-capture-autoreleasing -Wno-strict-prototypes -Wno-semicolon-before-method-body -index-store-path /Users/siam/Library/Developer/Xcode/DerivedData/Lingua_Quest-gvpckrqxtbgyprbgppjfqmimmmfw/Index.noindex/DataStore @/Users/siam/Library/Developer/Xcode/DerivedData/Lingua_Quest-gvpckrqxtbgyprbgppjfqmimmmfw/Build/Intermediates.noindex/GoogleUtilities.build/Debug-iphonesimulator/GoogleUtilities-UserDefaults.build/Objects-normal/x86_64/e6072d4f65d7061329687fe24e3d63a7-common-args.resp -include /Users/siam/Library/Developer/Xcode/DerivedData/Lingua_Quest-gvpckrqxtbgyprbgppjfqmimmmfw/Build/Intermediates.noindex/GoogleUtilities.build/Debug-iphonesimulator/GoogleUtilities-UserDefaults.build/DerivedSources/resource_bundle_accessor.h -MMD -MT dependencies -MF /Users/siam/Library/Developer/Xcode/DerivedData/Lingua_Quest-gvpckrqxtbgyprbgppjfqmimmmfw/Build/Intermediates.noindex/GoogleUtilities.build/Debug-iphonesimulator/GoogleUtilities-UserDefaults.build/Objects-normal/x86_64/resource_bundle_accessor.d --serialize-diagnostics /Users/siam/Library/Developer/Xcode/DerivedData/Lingua_Quest-gvpckrqxtbgyprbgppjfqmimmmfw/Build/Intermediates.noindex/GoogleUtilities.build/Debug-iphonesimulator/GoogleUtilities-UserDefaults.build/Objects-normal/x86_64/resource_bundle_accessor.dia -c /Users/siam/Library/Developer/Xcode/DerivedData/Lingua_Quest-gvpckrqxtbgyprbgppjfqmimmmfw/Build/Intermediates.noindex/GoogleUtilities.build/Debug-iphonesimulator/GoogleUtilities-UserDefaults.build/DerivedSources/resource_bundle_accessor.m -o /Users/siam/Library/Developer/Xcode/DerivedData/Lingua_Quest-gvpckrqxtbgyprbgppjfqmimmmfw/Build/Intermediates.noindex/GoogleUtilities.build/Debug-iphonesimulator/GoogleUtilities-UserDefaults.build/Objects-normal/x86_64/resource_bundle_accessor.o -index-unit-output-path /GoogleUtilities.build/Debug-iphonesimulator/GoogleUtilities-UserDefaults.build/Objects-normal/x86_64/resource_bundle_accessor.o

CompileC /Users/siam/Library/Developer/Xcode/DerivedData/Lingua_Quest-gvpckrqxtbgyprbgppjfqmimmmfw/Build/Intermediates.noindex/GoogleUtilities.build/Debug-iphonesimulator/GoogleUtilities-Logger.build/Objects-normal/x86_64/resource_bundle_accessor.o /Users/siam/Library/Developer/Xcode/DerivedData/Lingua_Quest-gvpckrqxtbgyprbgppjfqmimmmfw/Build/Intermediates.noindex/GoogleUtilities.build/Debug-iphonesimulator/GoogleUtilities-Logger.build/DerivedSources/resource_bundle_accessor.m normal x86_64 objective-c com.apple.compilers.llvm.clang.1_0.compiler (in target 'GoogleUtilities-Logger' from project 'GoogleUtilities')
    cd /Users/siam/Desktop/Lingua\ Quest/Lingua\ Quest.xcodeproj
    
    Using response file: /Users/siam/Library/Developer/Xcode/DerivedData/Lingua_Quest-gvpckrqxtbgyprbgppjfqmimmmfw/Build/Intermediates.noindex/GoogleUtilities.build/Debug-iphonesimulator/GoogleUtilities-Logger.build/Objects-normal/x86_64/e6072d4f65d7061329687fe24e3d63a7-common-args.resp
    
    /Applications/Xcode.app/Contents/Developer/Toolchains/XcodeDefault.xctoolchain/usr/bin/clang -x objective-c -ivfsstatcache /Users/siam/Library/Developer/Xcode/DerivedData/SDKStatCaches.noindex/iphonesimulator26.0-23A339-26257891a6c027eb51374368541b8346.sdkstatcache -fmessage-length\=0 -fdiagnostics-show-note-include-stack -fmacro-backtrace-limit\=0 -fno-color-diagnostics -fmodules-prune-interval\=86400 -fmodules-prune-after\=345600 -fbuild-session-file\=/Users/siam/Library/Developer/Xcode/DerivedData/ModuleCache.noindex/Session.modulevalidation -fmodules-validate-once-per-build-session -Wnon-modular-include-in-framework-module -Werror\=non-modular-include-in-framework-module -Wno-trigraphs -Wno-missing-field-initializers -Wno-missing-prototypes -Wno-return-type -Wno-implicit-atomic-properties -Wno-objc-interface-ivars -Wno-arc-repeated-use-of-weak -Wno-missing-braces -Wparentheses -Wswitch -Wno-unused-function -Wno-unused-label -Wno-unused-parameter -Wno-unused-variable -Wunused-value -Wno-empty-body -Wno-uninitialized -Wno-unknown-pragmas -w -Wno-shadow -Wno-four-char-constants -Wno-conversion -Wno-constant-conversion -Wno-int-conversion -Wno-bool-conversion -Wno-enum-conversion -Wno-float-conversion -Wno-non-literal-null-conversion -Wno-objc-literal-conversion -Wshorten-64-to-32 -Wpointer-sign -Wno-newline-eof -Wno-selector -Wno-strict-selector-match -Wno-undeclared-selector -Wno-deprecated-implementations -Wno-implicit-fallthrough -fstrict-aliasing -Wprotocol -Wdeprecated-declarations -Wno-sign-conversion -Wno-infinite-recursion -Wno-comma -Wno-block-capture-autoreleasing -Wno-strict-prototypes -Wno-semicolon-before-method-body -index-store-path /Users/siam/Library/Developer/Xcode/DerivedData/Lingua_Quest-gvpckrqxtbgyprbgppjfqmimmmfw/Index.noindex/DataStore @/Users/siam/Library/Developer/Xcode/DerivedData/Lingua_Quest-gvpckrqxtbgyprbgppjfqmimmmfw/Build/Intermediates.noindex/GoogleUtilities.build/Debug-iphonesimulator/GoogleUtilities-Logger.build/Objects-normal/x86_64/e6072d4f65d7061329687fe24e3d63a7-common-args.resp -include /Users/siam/Library/Developer/Xcode/DerivedData/Lingua_Quest-gvpckrqxtbgyprbgppjfqmimmmfw/Build/Intermediates.noindex/GoogleUtilities.build/Debug-iphonesimulator/GoogleUtilities-Logger.build/DerivedSources/resource_bundle_accessor.h -MMD -MT dependencies -MF /Users/siam/Library/Developer/Xcode/DerivedData/Lingua_Quest-gvpckrqxtbgyprbgppjfqmimmmfw/Build/Intermediates.noindex/GoogleUtilities.build/Debug-iphonesimulator/GoogleUtilities-Logger.build/Objects-normal/x86_64/resource_bundle_accessor.d --serialize-diagnostics /Users/siam/Library/Developer/Xcode/DerivedData/Lingua_Quest-gvpckrqxtbgyprbgppjfqmimmmfw/Build/Intermediates.noindex/GoogleUtilities.build/Debug-iphonesimulator/GoogleUtilities-Logger.build/Objects-normal/x86_64/resource_bundle_accessor.dia -c /Users/siam/Library/Developer/Xcode/DerivedData/Lingua_Quest-gvpckrqxtbgyprbgppjfqmimmmfw/Build/Intermediates.noindex/GoogleUtilities.build/Debug-iphonesimulator/GoogleUtilities-Logger.build/DerivedSources/resource_bundle_accessor.m -o /Users/siam/Library/Developer/Xcode/DerivedData/Lingua_Quest-gvpckrqxtbgyprbgppjfqmimmmfw/Build/Intermediates.noindex/GoogleUtilities.build/Debug-iphonesimulator/GoogleUtilities-Logger.build/Objects-normal/x86_64/resource_bundle_accessor.o -index-unit-output-path /GoogleUtilities.build/Debug-iphonesimulator/GoogleUtilities-Logger.build/Objects-normal/x86_64/resource_bundle_accessor.o

ScanDependencies /Users/siam/Library/Developer/Xcode/DerivedData/Lingua_Quest-gvpckrqxtbgyprbgppjfqmimmmfw/Build/Intermediates.noindex/GoogleUtilities.build/Debug-iphonesimulator/GoogleUtilities-UserDefaults.build/Objects-normal/x86_64/GULUserDefaults.o /Users/siam/Library/Developer/Xcode/DerivedData/Lingua_Quest-gvpckrqxtbgyprbgppjfqmimmmfw/SourcePackages/checkouts/GoogleUtilities/GoogleUtilities/UserDefaults/GULUserDefaults.m normal x86_64 objective-c com.apple.compilers.llvm.clang.1_0.compiler (in target 'GoogleUtilities-UserDefaults' from project 'GoogleUtilities')
    cd /Users/siam/Desktop/Lingua\ Quest/Lingua\ Quest.xcodeproj
    
    Using response file: /Users/siam/Library/Developer/Xcode/DerivedData/Lingua_Quest-gvpckrqxtbgyprbgppjfqmimmmfw/Build/Intermediates.noindex/GoogleUtilities.build/Debug-iphonesimulator/GoogleUtilities-UserDefaults.build/Objects-normal/x86_64/e6072d4f65d7061329687fe24e3d63a7-common-args.resp
    
    builtin-ScanDependencies -o /Users/siam/Library/Developer/Xcode/DerivedData/Lingua_Quest-gvpckrqxtbgyprbgppjfqmimmmfw/Build/Intermediates.noindex/GoogleUtilities.build/Debug-iphonesimulator/GoogleUtilities-UserDefaults.build/Objects-normal/x86_64/GULUserDefaults.o.scan -- /Applications/Xcode.app/Contents/Developer/Toolchains/XcodeDefault.xctoolchain/usr/bin/clang -x objective-c -ivfsstatcache /Users/siam/Library/Developer/Xcode/DerivedData/SDKStatCaches.noindex/iphonesimulator26.0-23A339-26257891a6c027eb51374368541b8346.sdkstatcache -fmessage-length\=0 -fdiagnostics-show-note-include-stack -fmacro-backtrace-limit\=0 -fno-color-diagnostics -fmodules-prune-interval\=86400 -fmodules-prune-after\=345600 -fbuild-session-file\=/Users/siam/Library/Developer/Xcode/DerivedData/ModuleCache.noindex/Session.modulevalidation -fmodules-validate-once-per-build-session -Wnon-modular-include-in-framework-module -Werror\=non-modular-include-in-framework-module -Wno-trigraphs -Wno-missing-field-initializers -Wno-missing-prototypes -Wno-return-type -Wno-implicit-atomic-properties -Wno-objc-interface-ivars -Wno-arc-repeated-use-of-weak -Wno-missing-braces -Wparentheses -Wswitch -Wno-unused-function -Wno-unused-label -Wno-unused-parameter -Wno-unused-variable -Wunused-value -Wno-empty-body -Wno-uninitialized -Wno-unknown-pragmas -w -Wno-shadow -Wno-four-char-constants -Wno-conversion -Wno-constant-conversion -Wno-int-conversion -Wno-bool-conversion -Wno-enum-conversion -Wno-float-conversion -Wno-non-literal-null-conversion -Wno-objc-literal-conversion -Wshorten-64-to-32 -Wpointer-sign -Wno-newline-eof -Wno-selector -Wno-strict-selector-match -Wno-undeclared-selector -Wno-deprecated-implementations -Wno-implicit-fallthrough -fstrict-aliasing -Wprotocol -Wdeprecated-declarations -Wno-sign-conversion -Wno-infinite-recursion -Wno-comma -Wno-block-capture-autoreleasing -Wno-strict-prototypes -Wno-semicolon-before-method-body -index-store-path /Users/siam/Library/Developer/Xcode/DerivedData/Lingua_Quest-gvpckrqxtbgyprbgppjfqmimmmfw/Index.noindex/DataStore @/Users/siam/Library/Developer/Xcode/DerivedData/Lingua_Quest-gvpckrqxtbgyprbgppjfqmimmmfw/Build/Intermediates.noindex/GoogleUtilities.build/Debug-iphonesimulator/GoogleUtilities-UserDefaults.build/Objects-normal/x86_64/e6072d4f65d7061329687fe24e3d63a7-common-args.resp -include /Users/siam/Library/Developer/Xcode/DerivedData/Lingua_Quest-gvpckrqxtbgyprbgppjfqmimmmfw/Build/Intermediates.noindex/GoogleUtilities.build/Debug-iphonesimulator/GoogleUtilities-UserDefaults.build/DerivedSources/resource_bundle_accessor.h -MMD -MT dependencies -MF /Users/siam/Library/Developer/Xcode/DerivedData/Lingua_Quest-gvpckrqxtbgyprbgppjfqmimmmfw/Build/Intermediates.noindex/GoogleUtilities.build/Debug-iphonesimulator/GoogleUtilities-UserDefaults.build/Objects-normal/x86_64/GULUserDefaults.d --serialize-diagnostics /Users/siam/Library/Developer/Xcode/DerivedData/Lingua_Quest-gvpckrqxtbgyprbgppjfqmimmmfw/Build/Intermediates.noindex/GoogleUtilities.build/Debug-iphonesimulator/GoogleUtilities-UserDefaults.build/Objects-normal/x86_64/GULUserDefaults.dia -c /Users/siam/Library/Developer/Xcode/DerivedData/Lingua_Quest-gvpckrqxtbgyprbgppjfqmimmmfw/SourcePackages/checkouts/GoogleUtilities/GoogleUtilities/UserDefaults/GULUserDefaults.m -o /Users/siam/Library/Developer/Xcode/DerivedData/Lingua_Quest-gvpckrqxtbgyprbgppjfqmimmmfw/Build/Intermediates.noindex/GoogleUtilities.build/Debug-iphonesimulator/GoogleUtilities-UserDefaults.build/Objects-normal/x86_64/GULUserDefaults.o -index-unit-output-path /GoogleUtilities.build/Debug-iphonesimulator/GoogleUtilities-UserDefaults.build/Objects-normal/x86_64/GULUserDefaults.o

ScanDependencies /Users/siam/Library/Developer/Xcode/DerivedData/Lingua_Quest-gvpckrqxtbgyprbgppjfqmimmmfw/Build/Intermediates.noindex/GoogleUtilities.build/Debug-iphonesimulator/GoogleUtilities-UserDefaults.build/Objects-normal/arm64/resource_bundle_accessor.o /Users/siam/Library/Developer/Xcode/DerivedData/Lingua_Quest-gvpckrqxtbgyprbgppjfqmimmmfw/Build/Intermediates.noindex/GoogleUtilities.build/Debug-iphonesimulator/GoogleUtilities-UserDefaults.build/DerivedSources/resource_bundle_accessor.m normal arm64 objective-c com.apple.compilers.llvm.clang.1_0.compiler (in target 'GoogleUtilities-UserDefaults' from project 'GoogleUtilities')
    cd /Users/siam/Desktop/Lingua\ Quest/Lingua\ Quest.xcodeproj
    
    Using response file: /Users/siam/Library/Developer/Xcode/DerivedData/Lingua_Quest-gvpckrqxtbgyprbgppjfqmimmmfw/Build/Intermediates.noindex/GoogleUtilities.build/Debug-iphonesimulator/GoogleUtilities-UserDefaults.build/Objects-normal/arm64/e6072d4f65d7061329687fe24e3d63a7-common-args.resp
    
    builtin-ScanDependencies -o /Users/siam/Library/Developer/Xcode/DerivedData/Lingua_Quest-gvpckrqxtbgyprbgppjfqmimmmfw/Build/Intermediates.noindex/GoogleUtilities.build/Debug-iphonesimulator/GoogleUtilities-UserDefaults.build/Objects-normal/arm64/resource_bundle_accessor.o.scan -- /Applications/Xcode.app/Contents/Developer/Toolchains/XcodeDefault.xctoolchain/usr/bin/clang -x objective-c -ivfsstatcache /Users/siam/Library/Developer/Xcode/DerivedData/SDKStatCaches.noindex/iphonesimulator26.0-23A339-26257891a6c027eb51374368541b8346.sdkstatcache -fmessage-length\=0 -fdiagnostics-show-note-include-stack -fmacro-backtrace-limit\=0 -fno-color-diagnostics -fmodules-prune-interval\=86400 -fmodules-prune-after\=345600 -fbuild-session-file\=/Users/siam/Library/Developer/Xcode/DerivedData/ModuleCache.noindex/Session.modulevalidation -fmodules-validate-once-per-build-session -Wnon-modular-include-in-framework-module -Werror\=non-modular-include-in-framework-module -Wno-trigraphs -Wno-missing-field-initializers -Wno-missing-prototypes -Wno-return-type -Wno-implicit-atomic-properties -Wno-objc-interface-ivars -Wno-arc-repeated-use-of-weak -Wno-missing-braces -Wparentheses -Wswitch -Wno-unused-function -Wno-unused-label -Wno-unused-parameter -Wno-unused-variable -Wunused-value -Wno-empty-body -Wno-uninitialized -Wno-unknown-pragmas -w -Wno-shadow -Wno-four-char-constants -Wno-conversion -Wno-constant-conversion -Wno-int-conversion -Wno-bool-conversion -Wno-enum-conversion -Wno-float-conversion -Wno-non-literal-null-conversion -Wno-objc-literal-conversion -Wshorten-64-to-32 -Wpointer-sign -Wno-newline-eof -Wno-selector -Wno-strict-selector-match -Wno-undeclared-selector -Wno-deprecated-implementations -Wno-implicit-fallthrough -fstrict-aliasing -Wprotocol -Wdeprecated-declarations -Wno-sign-conversion -Wno-infinite-recursion -Wno-comma -Wno-block-capture-autoreleasing -Wno-strict-prototypes -Wno-semicolon-before-method-body -index-store-path /Users/siam/Library/Developer/Xcode/DerivedData/Lingua_Quest-gvpckrqxtbgyprbgppjfqmimmmfw/Index.noindex/DataStore @/Users/siam/Library/Developer/Xcode/DerivedData/Lingua_Quest-gvpckrqxtbgyprbgppjfqmimmmfw/Build/Intermediates.noindex/GoogleUtilities.build/Debug-iphonesimulator/GoogleUtilities-UserDefaults.build/Objects-normal/arm64/e6072d4f65d7061329687fe24e3d63a7-common-args.resp -include /Users/siam/Library/Developer/Xcode/DerivedData/Lingua_Quest-gvpckrqxtbgyprbgppjfqmimmmfw/Build/Intermediates.noindex/GoogleUtilities.build/Debug-iphonesimulator/GoogleUtilities-UserDefaults.build/DerivedSources/resource_bundle_accessor.h -MMD -MT dependencies -MF /Users/siam/Library/Developer/Xcode/DerivedData/Lingua_Quest-gvpckrqxtbgyprbgppjfqmimmmfw/Build/Intermediates.noindex/GoogleUtilities.build/Debug-iphonesimulator/GoogleUtilities-UserDefaults.build/Objects-normal/arm64/resource_bundle_accessor.d --serialize-diagnostics /Users/siam/Library/Developer/Xcode/DerivedData/Lingua_Quest-gvpckrqxtbgyprbgppjfqmimmmfw/Build/Intermediates.noindex/GoogleUtilities.build/Debug-iphonesimulator/GoogleUtilities-UserDefaults.build/Objects-normal/arm64/resource_bundle_accessor.dia -c /Users/siam/Library/Developer/Xcode/DerivedData/Lingua_Quest-gvpckrqxtbgyprbgppjfqmimmmfw/Build/Intermediates.noindex/GoogleUtilities.build/Debug-iphonesimulator/GoogleUtilities-UserDefaults.build/DerivedSources/resource_bundle_accessor.m -o /Users/siam/Library/Developer/Xcode/DerivedData/Lingua_Quest-gvpckrqxtbgyprbgppjfqmimmmfw/Build/Intermediates.noindex/GoogleUtilities.build/Debug-iphonesimulator/GoogleUtilities-UserDefaults.build/Objects-normal/arm64/resource_bundle_accessor.o -index-unit-output-path /GoogleUtilities.build/Debug-iphonesimulator/GoogleUtilities-UserDefaults.build/Objects-normal/arm64/resource_bundle_accessor.o

PrecompileModule /Users/siam/Library/Developer/Xcode/DerivedData/Lingua_Quest-gvpckrqxtbgyprbgppjfqmimmmfw/Build/Intermediates.noindex/ExplicitPrecompiledModules/third_party_IsAppEncrypted-EF76PQ7HJOESD73E6GFPXYOKC.scan
    cd /
    builtin-precompileModule /Users/siam/Library/Developer/Xcode/DerivedData/Lingua_Quest-gvpckrqxtbgyprbgppjfqmimmmfw/Build/Intermediates.noindex/ExplicitPrecompiledModules/third_party_IsAppEncrypted-EF76PQ7HJOESD73E6GFPXYOKC.scan

ScanDependencies /Users/siam/Library/Developer/Xcode/DerivedData/Lingua_Quest-gvpckrqxtbgyprbgppjfqmimmmfw/Build/Intermediates.noindex/GoogleUtilities.build/Debug-iphonesimulator/GoogleUtilities-UserDefaults.build/Objects-normal/arm64/GULUserDefaults.o /Users/siam/Library/Developer/Xcode/DerivedData/Lingua_Quest-gvpckrqxtbgyprbgppjfqmimmmfw/SourcePackages/checkouts/GoogleUtilities/GoogleUtilities/UserDefaults/GULUserDefaults.m normal arm64 objective-c com.apple.compilers.llvm.clang.1_0.compiler (in target 'GoogleUtilities-UserDefaults' from project 'GoogleUtilities')
    cd /Users/siam/Desktop/Lingua\ Quest/Lingua\ Quest.xcodeproj
    
    Using response file: /Users/siam/Library/Developer/Xcode/DerivedData/Lingua_Quest-gvpckrqxtbgyprbgppjfqmimmmfw/Build/Intermediates.noindex/GoogleUtilities.build/Debug-iphonesimulator/GoogleUtilities-UserDefaults.build/Objects-normal/arm64/e6072d4f65d7061329687fe24e3d63a7-common-args.resp
    
    builtin-ScanDependencies -o /Users/siam/Library/Developer/Xcode/DerivedData/Lingua_Quest-gvpckrqxtbgyprbgppjfqmimmmfw/Build/Intermediates.noindex/GoogleUtilities.build/Debug-iphonesimulator/GoogleUtilities-UserDefaults.build/Objects-normal/arm64/GULUserDefaults.o.scan -- /Applications/Xcode.app/Contents/Developer/Toolchains/XcodeDefault.xctoolchain/usr/bin/clang -x objective-c -ivfsstatcache /Users/siam/Library/Developer/Xcode/DerivedData/SDKStatCaches.noindex/iphonesimulator26.0-23A339-26257891a6c027eb51374368541b8346.sdkstatcache -fmessage-length\=0 -fdiagnostics-show-note-include-stack -fmacro-backtrace-limit\=0 -fno-color-diagnostics -fmodules-prune-interval\=86400 -fmodules-prune-after\=345600 -fbuild-session-file\=/Users/siam/Library/Developer/Xcode/DerivedData/ModuleCache.noindex/Session.modulevalidation -fmodules-validate-once-per-build-session -Wnon-modular-include-in-framework-module -Werror\=non-modular-include-in-framework-module -Wno-trigraphs -Wno-missing-field-initializers -Wno-missing-prototypes -Wno-return-type -Wno-implicit-atomic-properties -Wno-objc-interface-ivars -Wno-arc-repeated-use-of-weak -Wno-missing-braces -Wparentheses -Wswitch -Wno-unused-function -Wno-unused-label -Wno-unused-parameter -Wno-unused-variable -Wunused-value -Wno-empty-body -Wno-uninitialized -Wno-unknown-pragmas -w -Wno-shadow -Wno-four-char-constants -Wno-conversion -Wno-constant-conversion -Wno-int-conversion -Wno-bool-conversion -Wno-enum-conversion -Wno-float-conversion -Wno-non-literal-null-conversion -Wno-objc-literal-conversion -Wshorten-64-to-32 -Wpointer-sign -Wno-newline-eof -Wno-selector -Wno-strict-selector-match -Wno-undeclared-selector -Wno-deprecated-implementations -Wno-implicit-fallthrough -fstrict-aliasing -Wprotocol -Wdeprecated-declarations -Wno-sign-conversion -Wno-infinite-recursion -Wno-comma -Wno-block-capture-autoreleasing -Wno-strict-prototypes -Wno-semicolon-before-method-body -index-store-path /Users/siam/Library/Developer/Xcode/DerivedData/Lingua_Quest-gvpckrqxtbgyprbgppjfqmimmmfw/Index.noindex/DataStore @/Users/siam/Library/Developer/Xcode/DerivedData/Lingua_Quest-gvpckrqxtbgyprbgppjfqmimmmfw/Build/Intermediates.noindex/GoogleUtilities.build/Debug-iphonesimulator/GoogleUtilities-UserDefaults.build/Objects-normal/arm64/e6072d4f65d7061329687fe24e3d63a7-common-args.resp -include /Users/siam/Library/Developer/Xcode/DerivedData/Lingua_Quest-gvpckrqxtbgyprbgppjfqmimmmfw/Build/Intermediates.noindex/GoogleUtilities.build/Debug-iphonesimulator/GoogleUtilities-UserDefaults.build/DerivedSources/resource_bundle_accessor.h -MMD -MT dependencies -MF /Users/siam/Library/Developer/Xcode/DerivedData/Lingua_Quest-gvpckrqxtbgyprbgppjfqmimmmfw/Build/Intermediates.noindex/GoogleUtilities.build/Debug-iphonesimulator/GoogleUtilities-UserDefaults.build/Objects-normal/arm64/GULUserDefaults.d --serialize-diagnostics /Users/siam/Library/Developer/Xcode/DerivedData/Lingua_Quest-gvpckrqxtbgyprbgppjfqmimmmfw/Build/Intermediates.noindex/GoogleUtilities.build/Debug-iphonesimulator/GoogleUtilities-UserDefaults.build/Objects-normal/arm64/GULUserDefaults.dia -c /Users/siam/Library/Developer/Xcode/DerivedData/Lingua_Quest-gvpckrqxtbgyprbgppjfqmimmmfw/SourcePackages/checkouts/GoogleUtilities/GoogleUtilities/UserDefaults/GULUserDefaults.m -o /Users/siam/Library/Developer/Xcode/DerivedData/Lingua_Quest-gvpckrqxtbgyprbgppjfqmimmmfw/Build/Intermediates.noindex/GoogleUtilities.build/Debug-iphonesimulator/GoogleUtilities-UserDefaults.build/Objects-normal/arm64/GULUserDefaults.o -index-unit-output-path /GoogleUtilities.build/Debug-iphonesimulator/GoogleUtilities-UserDefaults.build/Objects-normal/arm64/GULUserDefaults.o

ScanDependencies /Users/siam/Library/Developer/Xcode/DerivedData/Lingua_Quest-gvpckrqxtbgyprbgppjfqmimmmfw/Build/Intermediates.noindex/GoogleUtilities.build/Debug-iphonesimulator/GoogleUtilities-Reachability.build/Objects-normal/x86_64/resource_bundle_accessor.o /Users/siam/Library/Developer/Xcode/DerivedData/Lingua_Quest-gvpckrqxtbgyprbgppjfqmimmmfw/Build/Intermediates.noindex/GoogleUtilities.build/Debug-iphonesimulator/GoogleUtilities-Reachability.build/DerivedSources/resource_bundle_accessor.m normal x86_64 objective-c com.apple.compilers.llvm.clang.1_0.compiler (in target 'GoogleUtilities-Reachability' from project 'GoogleUtilities')
    cd /Users/siam/Desktop/Lingua\ Quest/Lingua\ Quest.xcodeproj
    
    Using response file: /Users/siam/Library/Developer/Xcode/DerivedData/Lingua_Quest-gvpckrqxtbgyprbgppjfqmimmmfw/Build/Intermediates.noindex/GoogleUtilities.build/Debug-iphonesimulator/GoogleUtilities-Reachability.build/Objects-normal/x86_64/e6072d4f65d7061329687fe24e3d63a7-common-args.resp
    
    builtin-ScanDependencies -o /Users/siam/Library/Developer/Xcode/DerivedData/Lingua_Quest-gvpckrqxtbgyprbgppjfqmimmmfw/Build/Intermediates.noindex/GoogleUtilities.build/Debug-iphonesimulator/GoogleUtilities-Reachability.build/Objects-normal/x86_64/resource_bundle_accessor.o.scan -- /Applications/Xcode.app/Contents/Developer/Toolchains/XcodeDefault.xctoolchain/usr/bin/clang -x objective-c -ivfsstatcache /Users/siam/Library/Developer/Xcode/DerivedData/SDKStatCaches.noindex/iphonesimulator26.0-23A339-26257891a6c027eb51374368541b8346.sdkstatcache -fmessage-length\=0 -fdiagnostics-show-note-include-stack -fmacro-backtrace-limit\=0 -fno-color-diagnostics -fmodules-prune-interval\=86400 -fmodules-prune-after\=345600 -fbuild-session-file\=/Users/siam/Library/Developer/Xcode/DerivedData/ModuleCache.noindex/Session.modulevalidation -fmodules-validate-once-per-build-session -Wnon-modular-include-in-framework-module -Werror\=non-modular-include-in-framework-module -Wno-trigraphs -Wno-missing-field-initializers -Wno-missing-prototypes -Wno-return-type -Wno-implicit-atomic-properties -Wno-objc-interface-ivars -Wno-arc-repeated-use-of-weak -Wno-missing-braces -Wparentheses -Wswitch -Wno-unused-function -Wno-unused-label -Wno-unused-parameter -Wno-unused-variable -Wunused-value -Wno-empty-body -Wno-uninitialized -Wno-unknown-pragmas -w -Wno-shadow -Wno-four-char-constants -Wno-conversion -Wno-constant-conversion -Wno-int-conversion -Wno-bool-conversion -Wno-enum-conversion -Wno-float-conversion -Wno-non-literal-null-conversion -Wno-objc-literal-conversion -Wshorten-64-to-32 -Wpointer-sign -Wno-newline-eof -Wno-selector -Wno-strict-selector-match -Wno-undeclared-selector -Wno-deprecated-implementations -Wno-implicit-fallthrough -fstrict-aliasing -Wprotocol -Wdeprecated-declarations -Wno-sign-conversion -Wno-infinite-recursion -Wno-comma -Wno-block-capture-autoreleasing -Wno-strict-prototypes -Wno-semicolon-before-method-body -index-store-path /Users/siam/Library/Developer/Xcode/DerivedData/Lingua_Quest-gvpckrqxtbgyprbgppjfqmimmmfw/Index.noindex/DataStore @/Users/siam/Library/Developer/Xcode/DerivedData/Lingua_Quest-gvpckrqxtbgyprbgppjfqmimmmfw/Build/Intermediates.noindex/GoogleUtilities.build/Debug-iphonesimulator/GoogleUtilities-Reachability.build/Objects-normal/x86_64/e6072d4f65d7061329687fe24e3d63a7-common-args.resp -include /Users/siam/Library/Developer/Xcode/DerivedData/Lingua_Quest-gvpckrqxtbgyprbgppjfqmimmmfw/Build/Intermediates.noindex/GoogleUtilities.build/Debug-iphonesimulator/GoogleUtilities-Reachability.build/DerivedSources/resource_bundle_accessor.h -MMD -MT dependencies -MF /Users/siam/Library/Developer/Xcode/DerivedData/Lingua_Quest-gvpckrqxtbgyprbgppjfqmimmmfw/Build/Intermediates.noindex/GoogleUtilities.build/Debug-iphonesimulator/GoogleUtilities-Reachability.build/Objects-normal/x86_64/resource_bundle_accessor.d --serialize-diagnostics /Users/siam/Library/Developer/Xcode/DerivedData/Lingua_Quest-gvpckrqxtbgyprbgppjfqmimmmfw/Build/Intermediates.noindex/GoogleUtilities.build/Debug-iphonesimulator/GoogleUtilities-Reachability.build/Objects-normal/x86_64/resource_bundle_accessor.dia -c /Users/siam/Library/Developer/Xcode/DerivedData/Lingua_Quest-gvpckrqxtbgyprbgppjfqmimmmfw/Build/Intermediates.noindex/GoogleUtilities.build/Debug-iphonesimulator/GoogleUtilities-Reachability.build/DerivedSources/resource_bundle_accessor.m -o /Users/siam/Library/Developer/Xcode/DerivedData/Lingua_Quest-gvpckrqxtbgyprbgppjfqmimmmfw/Build/Intermediates.noindex/GoogleUtilities.build/Debug-iphonesimulator/GoogleUtilities-Reachability.build/Objects-normal/x86_64/resource_bundle_accessor.o -index-unit-output-path /GoogleUtilities.build/Debug-iphonesimulator/GoogleUtilities-Reachability.build/Objects-normal/x86_64/resource_bundle_accessor.o

PrecompileModule /Users/siam/Library/Developer/Xcode/DerivedData/Lingua_Quest-gvpckrqxtbgyprbgppjfqmimmmfw/Build/Intermediates.noindex/ExplicitPrecompiledModules/_Builtin_stdatomic-BS8J2HDFMQZ21W1YEY6D69NAS.scan
    cd /
    builtin-precompileModule /Users/siam/Library/Developer/Xcode/DerivedData/Lingua_Quest-gvpckrqxtbgyprbgppjfqmimmmfw/Build/Intermediates.noindex/ExplicitPrecompiledModules/_Builtin_stdatomic-BS8J2HDFMQZ21W1YEY6D69NAS.scan

PrecompileModule /Users/siam/Library/Developer/Xcode/DerivedData/Lingua_Quest-gvpckrqxtbgyprbgppjfqmimmmfw/Build/Intermediates.noindex/ExplicitPrecompiledModules/CoreFoundation-E9DL8X4I47LBX43S02O30M5B4.scan
    cd /
    builtin-precompileModule /Users/siam/Library/Developer/Xcode/DerivedData/Lingua_Quest-gvpckrqxtbgyprbgppjfqmimmmfw/Build/Intermediates.noindex/ExplicitPrecompiledModules/CoreFoundation-E9DL8X4I47LBX43S02O30M5B4.scan

PrecompileModule /Users/siam/Library/Developer/Xcode/DerivedData/Lingua_Quest-gvpckrqxtbgyprbgppjfqmimmmfw/Build/Intermediates.noindex/ExplicitPrecompiledModules/XPC-CVHH5HS5ISS6DXX8AFFT4EK8W.scan
    cd /
    builtin-precompileModule /Users/siam/Library/Developer/Xcode/DerivedData/Lingua_Quest-gvpckrqxtbgyprbgppjfqmimmmfw/Build/Intermediates.noindex/ExplicitPrecompiledModules/XPC-CVHH5HS5ISS6DXX8AFFT4EK8W.scan

PrecompileModule /Users/siam/Library/Developer/Xcode/DerivedData/Lingua_Quest-gvpckrqxtbgyprbgppjfqmimmmfw/Build/Intermediates.noindex/ExplicitPrecompiledModules/GoogleUtilities_Environment-1I3GYJUJC97L6PU09LY5DAF62.scan
    cd /
    builtin-precompileModule /Users/siam/Library/Developer/Xcode/DerivedData/Lingua_Quest-gvpckrqxtbgyprbgppjfqmimmmfw/Build/Intermediates.noindex/ExplicitPrecompiledModules/GoogleUtilities_Environment-1I3GYJUJC97L6PU09LY5DAF62.scan

CompileC /Users/siam/Library/Developer/Xcode/DerivedData/Lingua_Quest-gvpckrqxtbgyprbgppjfqmimmmfw/Build/Intermediates.noindex/GoogleUtilities.build/Debug-iphonesimulator/GoogleUtilities-UserDefaults.build/Objects-normal/x86_64/resource_bundle_accessor.o /Users/siam/Library/Developer/Xcode/DerivedData/Lingua_Quest-gvpckrqxtbgyprbgppjfqmimmmfw/Build/Intermediates.noindex/GoogleUtilities.build/Debug-iphonesimulator/GoogleUtilities-UserDefaults.build/DerivedSources/resource_bundle_accessor.m normal x86_64 objective-c com.apple.compilers.llvm.clang.1_0.compiler (in target 'GoogleUtilities-UserDefaults' from project 'GoogleUtilities')
    cd /Users/siam/Desktop/Lingua\ Quest/Lingua\ Quest.xcodeproj
    
    Using response file: /Users/siam/Library/Developer/Xcode/DerivedData/Lingua_Quest-gvpckrqxtbgyprbgppjfqmimmmfw/Build/Intermediates.noindex/GoogleUtilities.build/Debug-iphonesimulator/GoogleUtilities-UserDefaults.build/Objects-normal/x86_64/e6072d4f65d7061329687fe24e3d63a7-common-args.resp
    
    /Applications/Xcode.app/Contents/Developer/Toolchains/XcodeDefault.xctoolchain/usr/bin/clang -x objective-c -ivfsstatcache /Users/siam/Library/Developer/Xcode/DerivedData/SDKStatCaches.noindex/iphonesimulator26.0-23A339-26257891a6c027eb51374368541b8346.sdkstatcache -fmessage-length\=0 -fdiagnostics-show-note-include-stack -fmacro-backtrace-limit\=0 -fno-color-diagnostics -fmodules-prune-interval\=86400 -fmodules-prune-after\=345600 -fbuild-session-file\=/Users/siam/Library/Developer/Xcode/DerivedData/ModuleCache.noindex/Session.modulevalidation -fmodules-validate-once-per-build-session -Wnon-modular-include-in-framework-module -Werror\=non-modular-include-in-framework-module -Wno-trigraphs -Wno-missing-field-initializers -Wno-missing-prototypes -Wno-return-type -Wno-implicit-atomic-properties -Wno-objc-interface-ivars -Wno-arc-repeated-use-of-weak -Wno-missing-braces -Wparentheses -Wswitch -Wno-unused-function -Wno-unused-label -Wno-unused-parameter -Wno-unused-variable -Wunused-value -Wno-empty-body -Wno-uninitialized -Wno-unknown-pragmas -w -Wno-shadow -Wno-four-char-constants -Wno-conversion -Wno-constant-conversion -Wno-int-conversion -Wno-bool-conversion -Wno-enum-conversion -Wno-float-conversion -Wno-non-literal-null-conversion -Wno-objc-literal-conversion -Wshorten-64-to-32 -Wpointer-sign -Wno-newline-eof -Wno-selector -Wno-strict-selector-match -Wno-undeclared-selector -Wno-deprecated-implementations -Wno-implicit-fallthrough -fstrict-aliasing -Wprotocol -Wdeprecated-declarations -Wno-sign-conversion -Wno-infinite-recursion -Wno-comma -Wno-block-capture-autoreleasing -Wno-strict-prototypes -Wno-semicolon-before-method-body -index-store-path /Users/siam/Library/Developer/Xcode/DerivedData/Lingua_Quest-gvpckrqxtbgyprbgppjfqmimmmfw/Index.noindex/DataStore @/Users/siam/Library/Developer/Xcode/DerivedData/Lingua_Quest-gvpckrqxtbgyprbgppjfqmimmmfw/Build/Intermediates.noindex/GoogleUtilities.build/Debug-iphonesimulator/GoogleUtilities-UserDefaults.build/Objects-normal/x86_64/e6072d4f65d7061329687fe24e3d63a7-common-args.resp -include /Users/siam/Library/Developer/Xcode/DerivedData/Lingua_Quest-gvpckrqxtbgyprbgppjfqmimmmfw/Build/Intermediates.noindex/GoogleUtilities.build/Debug-iphonesimulator/GoogleUtilities-UserDefaults.build/DerivedSources/resource_bundle_accessor.h -MMD -MT dependencies -MF /Users/siam/Library/Developer/Xcode/DerivedData/Lingua_Quest-gvpckrqxtbgyprbgppjfqmimmmfw/Build/Intermediates.noindex/GoogleUtilities.build/Debug-iphonesimulator/GoogleUtilities-UserDefaults.build/Objects-normal/x86_64/resource_bundle_accessor.d --serialize-diagnostics /Users/siam/Library/Developer/Xcode/DerivedData/Lingua_Quest-gvpckrqxtbgyprbgppjfqmimmmfw/Build/Intermediates.noindex/GoogleUtilities.build/Debug-iphonesimulator/GoogleUtilities-UserDefaults.build/Objects-normal/x86_64/resource_bundle_accessor.dia -c /Users/siam/Library/Developer/Xcode/DerivedData/Lingua_Quest-gvpckrqxtbgyprbgppjfqmimmmfw/Build/Intermediates.noindex/GoogleUtilities.build/Debug-iphonesimulator/GoogleUtilities-UserDefaults.build/DerivedSources/resource_bundle_accessor.m -o /Users/siam/Library/Developer/Xcode/DerivedData/Lingua_Quest-gvpckrqxtbgyprbgppjfqmimmmfw/Build/Intermediates.noindex/GoogleUtilities.build/Debug-iphonesimulator/GoogleUtilities-UserDefaults.build/Objects-normal/x86_64/resource_bundle_accessor.o -index-unit-output-path /GoogleUtilities.build/Debug-iphonesimulator/GoogleUtilities-UserDefaults.build/Objects-normal/x86_64/resource_bundle_accessor.o

CompileC /Users/siam/Library/Developer/Xcode/DerivedData/Lingua_Quest-gvpckrqxtbgyprbgppjfqmimmmfw/Build/Intermediates.noindex/GoogleUtilities.build/Debug-iphonesimulator/GoogleUtilities-Environment.build/Objects-normal/x86_64/GULAppEnvironmentUtil.o /Users/siam/Library/Developer/Xcode/DerivedData/Lingua_Quest-gvpckrqxtbgyprbgppjfqmimmmfw/SourcePackages/checkouts/GoogleUtilities/GoogleUtilities/Environment/GULAppEnvironmentUtil.m normal x86_64 objective-c com.apple.compilers.llvm.clang.1_0.compiler (in target 'GoogleUtilities-Environment' from project 'GoogleUtilities')
    cd /Users/siam/Desktop/Lingua\ Quest/Lingua\ Quest.xcodeproj
    
    Using response file: /Users/siam/Library/Developer/Xcode/DerivedData/Lingua_Quest-gvpckrqxtbgyprbgppjfqmimmmfw/Build/Intermediates.noindex/GoogleUtilities.build/Debug-iphonesimulator/GoogleUtilities-Environment.build/Objects-normal/x86_64/e6072d4f65d7061329687fe24e3d63a7-common-args.resp
    
    /Applications/Xcode.app/Contents/Developer/Toolchains/XcodeDefault.xctoolchain/usr/bin/clang -x objective-c -ivfsstatcache /Users/siam/Library/Developer/Xcode/DerivedData/SDKStatCaches.noindex/iphonesimulator26.0-23A339-26257891a6c027eb51374368541b8346.sdkstatcache -fmessage-length\=0 -fdiagnostics-show-note-include-stack -fmacro-backtrace-limit\=0 -fno-color-diagnostics -fmodules-prune-interval\=86400 -fmodules-prune-after\=345600 -fbuild-session-file\=/Users/siam/Library/Developer/Xcode/DerivedData/ModuleCache.noindex/Session.modulevalidation -fmodules-validate-once-per-build-session -Wnon-modular-include-in-framework-module -Werror\=non-modular-include-in-framework-module -Wno-trigraphs -Wno-missing-field-initializers -Wno-missing-prototypes -Wno-return-type -Wno-implicit-atomic-properties -Wno-objc-interface-ivars -Wno-arc-repeated-use-of-weak -Wno-missing-braces -Wparentheses -Wswitch -Wno-unused-function -Wno-unused-label -Wno-unused-parameter -Wno-unused-variable -Wunused-value -Wno-empty-body -Wno-uninitialized -Wno-unknown-pragmas -w -Wno-shadow -Wno-four-char-constants -Wno-conversion -Wno-constant-conversion -Wno-int-conversion -Wno-bool-conversion -Wno-enum-conversion -Wno-float-conversion -Wno-non-literal-null-conversion -Wno-objc-literal-conversion -Wshorten-64-to-32 -Wpointer-sign -Wno-newline-eof -Wno-selector -Wno-strict-selector-match -Wno-undeclared-selector -Wno-deprecated-implementations -Wno-implicit-fallthrough -fstrict-aliasing -Wprotocol -Wdeprecated-declarations -Wno-sign-conversion -Wno-infinite-recursion -Wno-comma -Wno-block-capture-autoreleasing -Wno-strict-prototypes -Wno-semicolon-before-method-body -index-store-path /Users/siam/Library/Developer/Xcode/DerivedData/Lingua_Quest-gvpckrqxtbgyprbgppjfqmimmmfw/Index.noindex/DataStore @/Users/siam/Library/Developer/Xcode/DerivedData/Lingua_Quest-gvpckrqxtbgyprbgppjfqmimmmfw/Build/Intermediates.noindex/GoogleUtilities.build/Debug-iphonesimulator/GoogleUtilities-Environment.build/Objects-normal/x86_64/e6072d4f65d7061329687fe24e3d63a7-common-args.resp -include /Users/siam/Library/Developer/Xcode/DerivedData/Lingua_Quest-gvpckrqxtbgyprbgppjfqmimmmfw/Build/Intermediates.noindex/GoogleUtilities.build/Debug-iphonesimulator/GoogleUtilities-Environment.build/DerivedSources/resource_bundle_accessor.h -MMD -MT dependencies -MF /Users/siam/Library/Developer/Xcode/DerivedData/Lingua_Quest-gvpckrqxtbgyprbgppjfqmimmmfw/Build/Intermediates.noindex/GoogleUtilities.build/Debug-iphonesimulator/GoogleUtilities-Environment.build/Objects-normal/x86_64/GULAppEnvironmentUtil.d --serialize-diagnostics /Users/siam/Library/Developer/Xcode/DerivedData/Lingua_Quest-gvpckrqxtbgyprbgppjfqmimmmfw/Build/Intermediates.noindex/GoogleUtilities.build/Debug-iphonesimulator/GoogleUtilities-Environment.build/Objects-normal/x86_64/GULAppEnvironmentUtil.dia -c /Users/siam/Library/Developer/Xcode/DerivedData/Lingua_Quest-gvpckrqxtbgyprbgppjfqmimmmfw/SourcePackages/checkouts/GoogleUtilities/GoogleUtilities/Environment/GULAppEnvironmentUtil.m -o /Users/siam/Library/Developer/Xcode/DerivedData/Lingua_Quest-gvpckrqxtbgyprbgppjfqmimmmfw/Build/Intermediates.noindex/GoogleUtilities.build/Debug-iphonesimulator/GoogleUtilities-Environment.build/Objects-normal/x86_64/GULAppEnvironmentUtil.o -index-unit-output-path /GoogleUtilities.build/Debug-iphonesimulator/GoogleUtilities-Environment.build/Objects-normal/x86_64/GULAppEnvironmentUtil.o

PrecompileModule /Users/siam/Library/Developer/Xcode/DerivedData/Lingua_Quest-gvpckrqxtbgyprbgppjfqmimmmfw/Build/Intermediates.noindex/ExplicitPrecompiledModules/third_party_IsAppEncrypted-CRX5UQ40SA1FWU3AE26SE7GLB.scan
    cd /
    builtin-precompileModule /Users/siam/Library/Developer/Xcode/DerivedData/Lingua_Quest-gvpckrqxtbgyprbgppjfqmimmmfw/Build/Intermediates.noindex/ExplicitPrecompiledModules/third_party_IsAppEncrypted-CRX5UQ40SA1FWU3AE26SE7GLB.scan

PrecompileModule /Users/siam/Library/Developer/Xcode/DerivedData/Lingua_Quest-gvpckrqxtbgyprbgppjfqmimmmfw/Build/Intermediates.noindex/ExplicitPrecompiledModules/ObjectiveC-5M1CWDQ2X2WYNG29FKUSOR774.scan
    cd /
    builtin-precompileModule /Users/siam/Library/Developer/Xcode/DerivedData/Lingua_Quest-gvpckrqxtbgyprbgppjfqmimmmfw/Build/Intermediates.noindex/ExplicitPrecompiledModules/ObjectiveC-5M1CWDQ2X2WYNG29FKUSOR774.scan

PrecompileModule /Users/siam/Library/Developer/Xcode/DerivedData/Lingua_Quest-gvpckrqxtbgyprbgppjfqmimmmfw/Build/Intermediates.noindex/ExplicitPrecompiledModules/GoogleUtilities_Logger-3BE0DUOTIJ3UCU0A035LQT5FM.scan
    cd /
    builtin-precompileModule /Users/siam/Library/Developer/Xcode/DerivedData/Lingua_Quest-gvpckrqxtbgyprbgppjfqmimmmfw/Build/Intermediates.noindex/ExplicitPrecompiledModules/GoogleUtilities_Logger-3BE0DUOTIJ3UCU0A035LQT5FM.scan

PrecompileModule /Users/siam/Library/Developer/Xcode/DerivedData/Lingua_Quest-gvpckrqxtbgyprbgppjfqmimmmfw/Build/Intermediates.noindex/ExplicitPrecompiledModules/CoreFoundation-PJRQD4SFC542HP3E8LSTLYVS.scan
    cd /
    builtin-precompileModule /Users/siam/Library/Developer/Xcode/DerivedData/Lingua_Quest-gvpckrqxtbgyprbgppjfqmimmmfw/Build/Intermediates.noindex/ExplicitPrecompiledModules/CoreFoundation-PJRQD4SFC542HP3E8LSTLYVS.scan

CompileC /Users/siam/Library/Developer/Xcode/DerivedData/Lingua_Quest-gvpckrqxtbgyprbgppjfqmimmmfw/Build/Intermediates.noindex/GoogleUtilities.build/Debug-iphonesimulator/GoogleUtilities-Logger.build/Objects-normal/x86_64/GULLogger.o /Users/siam/Library/Developer/Xcode/DerivedData/Lingua_Quest-gvpckrqxtbgyprbgppjfqmimmmfw/SourcePackages/checkouts/GoogleUtilities/GoogleUtilities/Logger/GULLogger.m normal x86_64 objective-c com.apple.compilers.llvm.clang.1_0.compiler (in target 'GoogleUtilities-Logger' from project 'GoogleUtilities')
    cd /Users/siam/Desktop/Lingua\ Quest/Lingua\ Quest.xcodeproj
    
    Using response file: /Users/siam/Library/Developer/Xcode/DerivedData/Lingua_Quest-gvpckrqxtbgyprbgppjfqmimmmfw/Build/Intermediates.noindex/GoogleUtilities.build/Debug-iphonesimulator/GoogleUtilities-Logger.build/Objects-normal/x86_64/e6072d4f65d7061329687fe24e3d63a7-common-args.resp
    
    /Applications/Xcode.app/Contents/Developer/Toolchains/XcodeDefault.xctoolchain/usr/bin/clang -x objective-c -ivfsstatcache /Users/siam/Library/Developer/Xcode/DerivedData/SDKStatCaches.noindex/iphonesimulator26.0-23A339-26257891a6c027eb51374368541b8346.sdkstatcache -fmessage-length\=0 -fdiagnostics-show-note-include-stack -fmacro-backtrace-limit\=0 -fno-color-diagnostics -fmodules-prune-interval\=86400 -fmodules-prune-after\=345600 -fbuild-session-file\=/Users/siam/Library/Developer/Xcode/DerivedData/ModuleCache.noindex/Session.modulevalidation -fmodules-validate-once-per-build-session -Wnon-modular-include-in-framework-module -Werror\=non-modular-include-in-framework-module -Wno-trigraphs -Wno-missing-field-initializers -Wno-missing-prototypes -Wno-return-type -Wno-implicit-atomic-properties -Wno-objc-interface-ivars -Wno-arc-repeated-use-of-weak -Wno-missing-braces -Wparentheses -Wswitch -Wno-unused-function -Wno-unused-label -Wno-unused-parameter -Wno-unused-variable -Wunused-value -Wno-empty-body -Wno-uninitialized -Wno-unknown-pragmas -w -Wno-shadow -Wno-four-char-constants -Wno-conversion -Wno-constant-conversion -Wno-int-conversion -Wno-bool-conversion -Wno-enum-conversion -Wno-float-conversion -Wno-non-literal-null-conversion -Wno-objc-literal-conversion -Wshorten-64-to-32 -Wpointer-sign -Wno-newline-eof -Wno-selector -Wno-strict-selector-match -Wno-undeclared-selector -Wno-deprecated-implementations -Wno-implicit-fallthrough -fstrict-aliasing -Wprotocol -Wdeprecated-declarations -Wno-sign-conversion -Wno-infinite-recursion -Wno-comma -Wno-block-capture-autoreleasing -Wno-strict-prototypes -Wno-semicolon-before-method-body -index-store-path /Users/siam/Library/Developer/Xcode/DerivedData/Lingua_Quest-gvpckrqxtbgyprbgppjfqmimmmfw/Index.noindex/DataStore @/Users/siam/Library/Developer/Xcode/DerivedData/Lingua_Quest-gvpckrqxtbgyprbgppjfqmimmmfw/Build/Intermediates.noindex/GoogleUtilities.build/Debug-iphonesimulator/GoogleUtilities-Logger.build/Objects-normal/x86_64/e6072d4f65d7061329687fe24e3d63a7-common-args.resp -include /Users/siam/Library/Developer/Xcode/DerivedData/Lingua_Quest-gvpckrqxtbgyprbgppjfqmimmmfw/Build/Intermediates.noindex/GoogleUtilities.build/Debug-iphonesimulator/GoogleUtilities-Logger.build/DerivedSources/resource_bundle_accessor.h -MMD -MT dependencies -MF /Users/siam/Library/Developer/Xcode/DerivedData/Lingua_Quest-gvpckrqxtbgyprbgppjfqmimmmfw/Build/Intermediates.noindex/GoogleUtilities.build/Debug-iphonesimulator/GoogleUtilities-Logger.build/Objects-normal/x86_64/GULLogger.d --serialize-diagnostics /Users/siam/Library/Developer/Xcode/DerivedData/Lingua_Quest-gvpckrqxtbgyprbgppjfqmimmmfw/Build/Intermediates.noindex/GoogleUtilities.build/Debug-iphonesimulator/GoogleUtilities-Logger.build/Objects-normal/x86_64/GULLogger.dia -c /Users/siam/Library/Developer/Xcode/DerivedData/Lingua_Quest-gvpckrqxtbgyprbgppjfqmimmmfw/SourcePackages/checkouts/GoogleUtilities/GoogleUtilities/Logger/GULLogger.m -o /Users/siam/Library/Developer/Xcode/DerivedData/Lingua_Quest-gvpckrqxtbgyprbgppjfqmimmmfw/Build/Intermediates.noindex/GoogleUtilities.build/Debug-iphonesimulator/GoogleUtilities-Logger.build/Objects-normal/x86_64/GULLogger.o -index-unit-output-path /GoogleUtilities.build/Debug-iphonesimulator/GoogleUtilities-Logger.build/Objects-normal/x86_64/GULLogger.o

CompileC /Users/siam/Library/Developer/Xcode/DerivedData/Lingua_Quest-gvpckrqxtbgyprbgppjfqmimmmfw/Build/Intermediates.noindex/GoogleUtilities.build/Debug-iphonesimulator/GoogleUtilities-Reachability.build/Objects-normal/x86_64/resource_bundle_accessor.o /Users/siam/Library/Developer/Xcode/DerivedData/Lingua_Quest-gvpckrqxtbgyprbgppjfqmimmmfw/Build/Intermediates.noindex/GoogleUtilities.build/Debug-iphonesimulator/GoogleUtilities-Reachability.build/DerivedSources/resource_bundle_accessor.m normal x86_64 objective-c com.apple.compilers.llvm.clang.1_0.compiler (in target 'GoogleUtilities-Reachability' from project 'GoogleUtilities')
    cd /Users/siam/Desktop/Lingua\ Quest/Lingua\ Quest.xcodeproj
    
    Using response file: /Users/siam/Library/Developer/Xcode/DerivedData/Lingua_Quest-gvpckrqxtbgyprbgppjfqmimmmfw/Build/Intermediates.noindex/GoogleUtilities.build/Debug-iphonesimulator/GoogleUtilities-Reachability.build/Objects-normal/x86_64/e6072d4f65d7061329687fe24e3d63a7-common-args.resp
    
    /Applications/Xcode.app/Contents/Developer/Toolchains/XcodeDefault.xctoolchain/usr/bin/clang -x objective-c -ivfsstatcache /Users/siam/Library/Developer/Xcode/DerivedData/SDKStatCaches.noindex/iphonesimulator26.0-23A339-26257891a6c027eb51374368541b8346.sdkstatcache -fmessage-length\=0 -fdiagnostics-show-note-include-stack -fmacro-backtrace-limit\=0 -fno-color-diagnostics -fmodules-prune-interval\=86400 -fmodules-prune-after\=345600 -fbuild-session-file\=/Users/siam/Library/Developer/Xcode/DerivedData/ModuleCache.noindex/Session.modulevalidation -fmodules-validate-once-per-build-session -Wnon-modular-include-in-framework-module -Werror\=non-modular-include-in-framework-module -Wno-trigraphs -Wno-missing-field-initializers -Wno-missing-prototypes -Wno-return-type -Wno-implicit-atomic-properties -Wno-objc-interface-ivars -Wno-arc-repeated-use-of-weak -Wno-missing-braces -Wparentheses -Wswitch -Wno-unused-function -Wno-unused-label -Wno-unused-parameter -Wno-unused-variable -Wunused-value -Wno-empty-body -Wno-uninitialized -Wno-unknown-pragmas -w -Wno-shadow -Wno-four-char-constants -Wno-conversion -Wno-constant-conversion -Wno-int-conversion -Wno-bool-conversion -Wno-enum-conversion -Wno-float-conversion -Wno-non-literal-null-conversion -Wno-objc-literal-conversion -Wshorten-64-to-32 -Wpointer-sign -Wno-newline-eof -Wno-selector -Wno-strict-selector-match -Wno-undeclared-selector -Wno-deprecated-implementations -Wno-implicit-fallthrough -fstrict-aliasing -Wprotocol -Wdeprecated-declarations -Wno-sign-conversion -Wno-infinite-recursion -Wno-comma -Wno-block-capture-autoreleasing -Wno-strict-prototypes -Wno-semicolon-before-method-body -index-store-path /Users/siam/Library/Developer/Xcode/DerivedData/Lingua_Quest-gvpckrqxtbgyprbgppjfqmimmmfw/Index.noindex/DataStore @/Users/siam/Library/Developer/Xcode/DerivedData/Lingua_Quest-gvpckrqxtbgyprbgppjfqmimmmfw/Build/Intermediates.noindex/GoogleUtilities.build/Debug-iphonesimulator/GoogleUtilities-Reachability.build/Objects-normal/x86_64/e6072d4f65d7061329687fe24e3d63a7-common-args.resp -include /Users/siam/Library/Developer/Xcode/DerivedData/Lingua_Quest-gvpckrqxtbgyprbgppjfqmimmmfw/Build/Intermediates.noindex/GoogleUtilities.build/Debug-iphonesimulator/GoogleUtilities-Reachability.build/DerivedSources/resource_bundle_accessor.h -MMD -MT dependencies -MF /Users/siam/Library/Developer/Xcode/DerivedData/Lingua_Quest-gvpckrqxtbgyprbgppjfqmimmmfw/Build/Intermediates.noindex/GoogleUtilities.build/Debug-iphonesimulator/GoogleUtilities-Reachability.build/Objects-normal/x86_64/resource_bundle_accessor.d --serialize-diagnostics /Users/siam/Library/Developer/Xcode/DerivedData/Lingua_Quest-gvpckrqxtbgyprbgppjfqmimmmfw/Build/Intermediates.noindex/GoogleUtilities.build/Debug-iphonesimulator/GoogleUtilities-Reachability.build/Objects-normal/x86_64/resource_bundle_accessor.dia -c /Users/siam/Library/Developer/Xcode/DerivedData/Lingua_Quest-gvpckrqxtbgyprbgppjfqmimmmfw/Build/Intermediates.noindex/GoogleUtilities.build/Debug-iphonesimulator/GoogleUtilities-Reachability.build/DerivedSources/resource_bundle_accessor.m -o /Users/siam/Library/Developer/Xcode/DerivedData/Lingua_Quest-gvpckrqxtbgyprbgppjfqmimmmfw/Build/Intermediates.noindex/GoogleUtilities.build/Debug-iphonesimulator/GoogleUtilities-Reachability.build/Objects-normal/x86_64/resource_bundle_accessor.o -index-unit-output-path /GoogleUtilities.build/Debug-iphonesimulator/GoogleUtilities-Reachability.build/Objects-normal/x86_64/resource_bundle_accessor.o

PrecompileModule /Users/siam/Library/Developer/Xcode/DerivedData/Lingua_Quest-gvpckrqxtbgyprbgppjfqmimmmfw/Build/Intermediates.noindex/ExplicitPrecompiledModules/XPC-D7TB39A42FJ55CB344GJIQXK.scan
    cd /
    builtin-precompileModule /Users/siam/Library/Developer/Xcode/DerivedData/Lingua_Quest-gvpckrqxtbgyprbgppjfqmimmmfw/Build/Intermediates.noindex/ExplicitPrecompiledModules/XPC-D7TB39A42FJ55CB344GJIQXK.scan

ScanDependencies /Users/siam/Library/Developer/Xcode/DerivedData/Lingua_Quest-gvpckrqxtbgyprbgppjfqmimmmfw/Build/Intermediates.noindex/GoogleUtilities.build/Debug-iphonesimulator/GoogleUtilities-Reachability.build/Objects-normal/x86_64/GULReachabilityChecker.o /Users/siam/Library/Developer/Xcode/DerivedData/Lingua_Quest-gvpckrqxtbgyprbgppjfqmimmmfw/SourcePackages/checkouts/GoogleUtilities/GoogleUtilities/Reachability/GULReachabilityChecker.m normal x86_64 objective-c com.apple.compilers.llvm.clang.1_0.compiler (in target 'GoogleUtilities-Reachability' from project 'GoogleUtilities')
    cd /Users/siam/Desktop/Lingua\ Quest/Lingua\ Quest.xcodeproj
    
    Using response file: /Users/siam/Library/Developer/Xcode/DerivedData/Lingua_Quest-gvpckrqxtbgyprbgppjfqmimmmfw/Build/Intermediates.noindex/GoogleUtilities.build/Debug-iphonesimulator/GoogleUtilities-Reachability.build/Objects-normal/x86_64/e6072d4f65d7061329687fe24e3d63a7-common-args.resp
    
    builtin-ScanDependencies -o /Users/siam/Library/Developer/Xcode/DerivedData/Lingua_Quest-gvpckrqxtbgyprbgppjfqmimmmfw/Build/Intermediates.noindex/GoogleUtilities.build/Debug-iphonesimulator/GoogleUtilities-Reachability.build/Objects-normal/x86_64/GULReachabilityChecker.o.scan -- /Applications/Xcode.app/Contents/Developer/Toolchains/XcodeDefault.xctoolchain/usr/bin/clang -x objective-c -ivfsstatcache /Users/siam/Library/Developer/Xcode/DerivedData/SDKStatCaches.noindex/iphonesimulator26.0-23A339-26257891a6c027eb51374368541b8346.sdkstatcache -fmessage-length\=0 -fdiagnostics-show-note-include-stack -fmacro-backtrace-limit\=0 -fno-color-diagnostics -fmodules-prune-interval\=86400 -fmodules-prune-after\=345600 -fbuild-session-file\=/Users/siam/Library/Developer/Xcode/DerivedData/ModuleCache.noindex/Session.modulevalidation -fmodules-validate-once-per-build-session -Wnon-modular-include-in-framework-module -Werror\=non-modular-include-in-framework-module -Wno-trigraphs -Wno-missing-field-initializers -Wno-missing-prototypes -Wno-return-type -Wno-implicit-atomic-properties -Wno-objc-interface-ivars -Wno-arc-repeated-use-of-weak -Wno-missing-braces -Wparentheses -Wswitch -Wno-unused-function -Wno-unused-label -Wno-unused-parameter -Wno-unused-variable -Wunused-value -Wno-empty-body -Wno-uninitialized -Wno-unknown-pragmas -w -Wno-shadow -Wno-four-char-constants -Wno-conversion -Wno-constant-conversion -Wno-int-conversion -Wno-bool-conversion -Wno-enum-conversion -Wno-float-conversion -Wno-non-literal-null-conversion -Wno-objc-literal-conversion -Wshorten-64-to-32 -Wpointer-sign -Wno-newline-eof -Wno-selector -Wno-strict-selector-match -Wno-undeclared-selector -Wno-deprecated-implementations -Wno-implicit-fallthrough -fstrict-aliasing -Wprotocol -Wdeprecated-declarations -Wno-sign-conversion -Wno-infinite-recursion -Wno-comma -Wno-block-capture-autoreleasing -Wno-strict-prototypes -Wno-semicolon-before-method-body -index-store-path /Users/siam/Library/Developer/Xcode/DerivedData/Lingua_Quest-gvpckrqxtbgyprbgppjfqmimmmfw/Index.noindex/DataStore @/Users/siam/Library/Developer/Xcode/DerivedData/Lingua_Quest-gvpckrqxtbgyprbgppjfqmimmmfw/Build/Intermediates.noindex/GoogleUtilities.build/Debug-iphonesimulator/GoogleUtilities-Reachability.build/Objects-normal/x86_64/e6072d4f65d7061329687fe24e3d63a7-common-args.resp -include /Users/siam/Library/Developer/Xcode/DerivedData/Lingua_Quest-gvpckrqxtbgyprbgppjfqmimmmfw/Build/Intermediates.noindex/GoogleUtilities.build/Debug-iphonesimulator/GoogleUtilities-Reachability.build/DerivedSources/resource_bundle_accessor.h -MMD -MT dependencies -MF /Users/siam/Library/Developer/Xcode/DerivedData/Lingua_Quest-gvpckrqxtbgyprbgppjfqmimmmfw/Build/Intermediates.noindex/GoogleUtilities.build/Debug-iphonesimulator/GoogleUtilities-Reachability.build/Objects-normal/x86_64/GULReachabilityChecker.d --serialize-diagnostics /Users/siam/Library/Developer/Xcode/DerivedData/Lingua_Quest-gvpckrqxtbgyprbgppjfqmimmmfw/Build/Intermediates.noindex/GoogleUtilities.build/Debug-iphonesimulator/GoogleUtilities-Reachability.build/Objects-normal/x86_64/GULReachabilityChecker.dia -c /Users/siam/Library/Developer/Xcode/DerivedData/Lingua_Quest-gvpckrqxtbgyprbgppjfqmimmmfw/SourcePackages/checkouts/GoogleUtilities/GoogleUtilities/Reachability/GULReachabilityChecker.m -o /Users/siam/Library/Developer/Xcode/DerivedData/Lingua_Quest-gvpckrqxtbgyprbgppjfqmimmmfw/Build/Intermediates.noindex/GoogleUtilities.build/Debug-iphonesimulator/GoogleUtilities-Reachability.build/Objects-normal/x86_64/GULReachabilityChecker.o -index-unit-output-path /GoogleUtilities.build/Debug-iphonesimulator/GoogleUtilities-Reachability.build/Objects-normal/x86_64/GULReachabilityChecker.o

ScanDependencies /Users/siam/Library/Developer/Xcode/DerivedData/Lingua_Quest-gvpckrqxtbgyprbgppjfqmimmmfw/Build/Intermediates.noindex/GoogleUtilities.build/Debug-iphonesimulator/GoogleUtilities-Reachability.build/Objects-normal/arm64/resource_bundle_accessor.o /Users/siam/Library/Developer/Xcode/DerivedData/Lingua_Quest-gvpckrqxtbgyprbgppjfqmimmmfw/Build/Intermediates.noindex/GoogleUtilities.build/Debug-iphonesimulator/GoogleUtilities-Reachability.build/DerivedSources/resource_bundle_accessor.m normal arm64 objective-c com.apple.compilers.llvm.clang.1_0.compiler (in target 'GoogleUtilities-Reachability' from project 'GoogleUtilities')
    cd /Users/siam/Desktop/Lingua\ Quest/Lingua\ Quest.xcodeproj
    
    Using response file: /Users/siam/Library/Developer/Xcode/DerivedData/Lingua_Quest-gvpckrqxtbgyprbgppjfqmimmmfw/Build/Intermediates.noindex/GoogleUtilities.build/Debug-iphonesimulator/GoogleUtilities-Reachability.build/Objects-normal/arm64/e6072d4f65d7061329687fe24e3d63a7-common-args.resp
    
    builtin-ScanDependencies -o /Users/siam/Library/Developer/Xcode/DerivedData/Lingua_Quest-gvpckrqxtbgyprbgppjfqmimmmfw/Build/Intermediates.noindex/GoogleUtilities.build/Debug-iphonesimulator/GoogleUtilities-Reachability.build/Objects-normal/arm64/resource_bundle_accessor.o.scan -- /Applications/Xcode.app/Contents/Developer/Toolchains/XcodeDefault.xctoolchain/usr/bin/clang -x objective-c -ivfsstatcache /Users/siam/Library/Developer/Xcode/DerivedData/SDKStatCaches.noindex/iphonesimulator26.0-23A339-26257891a6c027eb51374368541b8346.sdkstatcache -fmessage-length\=0 -fdiagnostics-show-note-include-stack -fmacro-backtrace-limit\=0 -fno-color-diagnostics -fmodules-prune-interval\=86400 -fmodules-prune-after\=345600 -fbuild-session-file\=/Users/siam/Library/Developer/Xcode/DerivedData/ModuleCache.noindex/Session.modulevalidation -fmodules-validate-once-per-build-session -Wnon-modular-include-in-framework-module -Werror\=non-modular-include-in-framework-module -Wno-trigraphs -Wno-missing-field-initializers -Wno-missing-prototypes -Wno-return-type -Wno-implicit-atomic-properties -Wno-objc-interface-ivars -Wno-arc-repeated-use-of-weak -Wno-missing-braces -Wparentheses -Wswitch -Wno-unused-function -Wno-unused-label -Wno-unused-parameter -Wno-unused-variable -Wunused-value -Wno-empty-body -Wno-uninitialized -Wno-unknown-pragmas -w -Wno-shadow -Wno-four-char-constants -Wno-conversion -Wno-constant-conversion -Wno-int-conversion -Wno-bool-conversion -Wno-enum-conversion -Wno-float-conversion -Wno-non-literal-null-conversion -Wno-objc-literal-conversion -Wshorten-64-to-32 -Wpointer-sign -Wno-newline-eof -Wno-selector -Wno-strict-selector-match -Wno-undeclared-selector -Wno-deprecated-implementations -Wno-implicit-fallthrough -fstrict-aliasing -Wprotocol -Wdeprecated-declarations -Wno-sign-conversion -Wno-infinite-recursion -Wno-comma -Wno-block-capture-autoreleasing -Wno-strict-prototypes -Wno-semicolon-before-method-body -index-store-path /Users/siam/Library/Developer/Xcode/DerivedData/Lingua_Quest-gvpckrqxtbgyprbgppjfqmimmmfw/Index.noindex/DataStore @/Users/siam/Library/Developer/Xcode/DerivedData/Lingua_Quest-gvpckrqxtbgyprbgppjfqmimmmfw/Build/Intermediates.noindex/GoogleUtilities.build/Debug-iphonesimulator/GoogleUtilities-Reachability.build/Objects-normal/arm64/e6072d4f65d7061329687fe24e3d63a7-common-args.resp -include /Users/siam/Library/Developer/Xcode/DerivedData/Lingua_Quest-gvpckrqxtbgyprbgppjfqmimmmfw/Build/Intermediates.noindex/GoogleUtilities.build/Debug-iphonesimulator/GoogleUtilities-Reachability.build/DerivedSources/resource_bundle_accessor.h -MMD -MT dependencies -MF /Users/siam/Library/Developer/Xcode/DerivedData/Lingua_Quest-gvpckrqxtbgyprbgppjfqmimmmfw/Build/Intermediates.noindex/GoogleUtilities.build/Debug-iphonesimulator/GoogleUtilities-Reachability.build/Objects-normal/arm64/resource_bundle_accessor.d --serialize-diagnostics /Users/siam/Library/Developer/Xcode/DerivedData/Lingua_Quest-gvpckrqxtbgyprbgppjfqmimmmfw/Build/Intermediates.noindex/GoogleUtilities.build/Debug-iphonesimulator/GoogleUtilities-Reachability.build/Objects-normal/arm64/resource_bundle_accessor.dia -c /Users/siam/Library/Developer/Xcode/DerivedData/Lingua_Quest-gvpckrqxtbgyprbgppjfqmimmmfw/Build/Intermediates.noindex/GoogleUtilities.build/Debug-iphonesimulator/GoogleUtilities-Reachability.build/DerivedSources/resource_bundle_accessor.m -o /Users/siam/Library/Developer/Xcode/DerivedData/Lingua_Quest-gvpckrqxtbgyprbgppjfqmimmmfw/Build/Intermediates.noindex/GoogleUtilities.build/Debug-iphonesimulator/GoogleUtilities-Reachability.build/Objects-normal/arm64/resource_bundle_accessor.o -index-unit-output-path /GoogleUtilities.build/Debug-iphonesimulator/GoogleUtilities-Reachability.build/Objects-normal/arm64/resource_bundle_accessor.o

CompileC /Users/siam/Library/Developer/Xcode/DerivedData/Lingua_Quest-gvpckrqxtbgyprbgppjfqmimmmfw/Build/Intermediates.noindex/GoogleUtilities.build/Debug-iphonesimulator/GoogleUtilities-UserDefaults.build/Objects-normal/x86_64/GULUserDefaults.o /Users/siam/Library/Developer/Xcode/DerivedData/Lingua_Quest-gvpckrqxtbgyprbgppjfqmimmmfw/SourcePackages/checkouts/GoogleUtilities/GoogleUtilities/UserDefaults/GULUserDefaults.m normal x86_64 objective-c com.apple.compilers.llvm.clang.1_0.compiler (in target 'GoogleUtilities-UserDefaults' from project 'GoogleUtilities')
    cd /Users/siam/Desktop/Lingua\ Quest/Lingua\ Quest.xcodeproj
    
    Using response file: /Users/siam/Library/Developer/Xcode/DerivedData/Lingua_Quest-gvpckrqxtbgyprbgppjfqmimmmfw/Build/Intermediates.noindex/GoogleUtilities.build/Debug-iphonesimulator/GoogleUtilities-UserDefaults.build/Objects-normal/x86_64/e6072d4f65d7061329687fe24e3d63a7-common-args.resp
    
    /Applications/Xcode.app/Contents/Developer/Toolchains/XcodeDefault.xctoolchain/usr/bin/clang -x objective-c -ivfsstatcache /Users/siam/Library/Developer/Xcode/DerivedData/SDKStatCaches.noindex/iphonesimulator26.0-23A339-26257891a6c027eb51374368541b8346.sdkstatcache -fmessage-length\=0 -fdiagnostics-show-note-include-stack -fmacro-backtrace-limit\=0 -fno-color-diagnostics -fmodules-prune-interval\=86400 -fmodules-prune-after\=345600 -fbuild-session-file\=/Users/siam/Library/Developer/Xcode/DerivedData/ModuleCache.noindex/Session.modulevalidation -fmodules-validate-once-per-build-session -Wnon-modular-include-in-framework-module -Werror\=non-modular-include-in-framework-module -Wno-trigraphs -Wno-missing-field-initializers -Wno-missing-prototypes -Wno-return-type -Wno-implicit-atomic-properties -Wno-objc-interface-ivars -Wno-arc-repeated-use-of-weak -Wno-missing-braces -Wparentheses -Wswitch -Wno-unused-function -Wno-unused-label -Wno-unused-parameter -Wno-unused-variable -Wunused-value -Wno-empty-body -Wno-uninitialized -Wno-unknown-pragmas -w -Wno-shadow -Wno-four-char-constants -Wno-conversion -Wno-constant-conversion -Wno-int-conversion -Wno-bool-conversion -Wno-enum-conversion -Wno-float-conversion -Wno-non-literal-null-conversion -Wno-objc-literal-conversion -Wshorten-64-to-32 -Wpointer-sign -Wno-newline-eof -Wno-selector -Wno-strict-selector-match -Wno-undeclared-selector -Wno-deprecated-implementations -Wno-implicit-fallthrough -fstrict-aliasing -Wprotocol -Wdeprecated-declarations -Wno-sign-conversion -Wno-infinite-recursion -Wno-comma -Wno-block-capture-autoreleasing -Wno-strict-prototypes -Wno-semicolon-before-method-body -index-store-path /Users/siam/Library/Developer/Xcode/DerivedData/Lingua_Quest-gvpckrqxtbgyprbgppjfqmimmmfw/Index.noindex/DataStore @/Users/siam/Library/Developer/Xcode/DerivedData/Lingua_Quest-gvpckrqxtbgyprbgppjfqmimmmfw/Build/Intermediates.noindex/GoogleUtilities.build/Debug-iphonesimulator/GoogleUtilities-UserDefaults.build/Objects-normal/x86_64/e6072d4f65d7061329687fe24e3d63a7-common-args.resp -include /Users/siam/Library/Developer/Xcode/DerivedData/Lingua_Quest-gvpckrqxtbgyprbgppjfqmimmmfw/Build/Intermediates.noindex/GoogleUtilities.build/Debug-iphonesimulator/GoogleUtilities-UserDefaults.build/DerivedSources/resource_bundle_accessor.h -MMD -MT dependencies -MF /Users/siam/Library/Developer/Xcode/DerivedData/Lingua_Quest-gvpckrqxtbgyprbgppjfqmimmmfw/Build/Intermediates.noindex/GoogleUtilities.build/Debug-iphonesimulator/GoogleUtilities-UserDefaults.build/Objects-normal/x86_64/GULUserDefaults.d --serialize-diagnostics /Users/siam/Library/Developer/Xcode/DerivedData/Lingua_Quest-gvpckrqxtbgyprbgppjfqmimmmfw/Build/Intermediates.noindex/GoogleUtilities.build/Debug-iphonesimulator/GoogleUtilities-UserDefaults.build/Objects-normal/x86_64/GULUserDefaults.dia -c /Users/siam/Library/Developer/Xcode/DerivedData/Lingua_Quest-gvpckrqxtbgyprbgppjfqmimmmfw/SourcePackages/checkouts/GoogleUtilities/GoogleUtilities/UserDefaults/GULUserDefaults.m -o /Users/siam/Library/Developer/Xcode/DerivedData/Lingua_Quest-gvpckrqxtbgyprbgppjfqmimmmfw/Build/Intermediates.noindex/GoogleUtilities.build/Debug-iphonesimulator/GoogleUtilities-UserDefaults.build/Objects-normal/x86_64/GULUserDefaults.o -index-unit-output-path /GoogleUtilities.build/Debug-iphonesimulator/GoogleUtilities-UserDefaults.build/Objects-normal/x86_64/GULUserDefaults.o

ScanDependencies /Users/siam/Library/Developer/Xcode/DerivedData/Lingua_Quest-gvpckrqxtbgyprbgppjfqmimmmfw/Build/Intermediates.noindex/GoogleUtilities.build/Debug-iphonesimulator/GoogleUtilities-Reachability.build/Objects-normal/arm64/GULReachabilityChecker.o /Users/siam/Library/Developer/Xcode/DerivedData/Lingua_Quest-gvpckrqxtbgyprbgppjfqmimmmfw/SourcePackages/checkouts/GoogleUtilities/GoogleUtilities/Reachability/GULReachabilityChecker.m normal arm64 objective-c com.apple.compilers.llvm.clang.1_0.compiler (in target 'GoogleUtilities-Reachability' from project 'GoogleUtilities')
    cd /Users/siam/Desktop/Lingua\ Quest/Lingua\ Quest.xcodeproj
    
    Using response file: /Users/siam/Library/Developer/Xcode/DerivedData/Lingua_Quest-gvpckrqxtbgyprbgppjfqmimmmfw/Build/Intermediates.noindex/GoogleUtilities.build/Debug-iphonesimulator/GoogleUtilities-Reachability.build/Objects-normal/arm64/e6072d4f65d7061329687fe24e3d63a7-common-args.resp
    
    builtin-ScanDependencies -o /Users/siam/Library/Developer/Xcode/DerivedData/Lingua_Quest-gvpckrqxtbgyprbgppjfqmimmmfw/Build/Intermediates.noindex/GoogleUtilities.build/Debug-iphonesimulator/GoogleUtilities-Reachability.build/Objects-normal/arm64/GULReachabilityChecker.o.scan -- /Applications/Xcode.app/Contents/Developer/Toolchains/XcodeDefault.xctoolchain/usr/bin/clang -x objective-c -ivfsstatcache /Users/siam/Library/Developer/Xcode/DerivedData/SDKStatCaches.noindex/iphonesimulator26.0-23A339-26257891a6c027eb51374368541b8346.sdkstatcache -fmessage-length\=0 -fdiagnostics-show-note-include-stack -fmacro-backtrace-limit\=0 -fno-color-diagnostics -fmodules-prune-interval\=86400 -fmodules-prune-after\=345600 -fbuild-session-file\=/Users/siam/Library/Developer/Xcode/DerivedData/ModuleCache.noindex/Session.modulevalidation -fmodules-validate-once-per-build-session -Wnon-modular-include-in-framework-module -Werror\=non-modular-include-in-framework-module -Wno-trigraphs -Wno-missing-field-initializers -Wno-missing-prototypes -Wno-return-type -Wno-implicit-atomic-properties -Wno-objc-interface-ivars -Wno-arc-repeated-use-of-weak -Wno-missing-braces -Wparentheses -Wswitch -Wno-unused-function -Wno-unused-label -Wno-unused-parameter -Wno-unused-variable -Wunused-value -Wno-empty-body -Wno-uninitialized -Wno-unknown-pragmas -w -Wno-shadow -Wno-four-char-constants -Wno-conversion -Wno-constant-conversion -Wno-int-conversion -Wno-bool-conversion -Wno-enum-conversion -Wno-float-conversion -Wno-non-literal-null-conversion -Wno-objc-literal-conversion -Wshorten-64-to-32 -Wpointer-sign -Wno-newline-eof -Wno-selector -Wno-strict-selector-match -Wno-undeclared-selector -Wno-deprecated-implementations -Wno-implicit-fallthrough -fstrict-aliasing -Wprotocol -Wdeprecated-declarations -Wno-sign-conversion -Wno-infinite-recursion -Wno-comma -Wno-block-capture-autoreleasing -Wno-strict-prototypes -Wno-semicolon-before-method-body -index-store-path /Users/siam/Library/Developer/Xcode/DerivedData/Lingua_Quest-gvpckrqxtbgyprbgppjfqmimmmfw/Index.noindex/DataStore @/Users/siam/Library/Developer/Xcode/DerivedData/Lingua_Quest-gvpckrqxtbgyprbgppjfqmimmmfw/Build/Intermediates.noindex/GoogleUtilities.build/Debug-iphonesimulator/GoogleUtilities-Reachability.build/Objects-normal/arm64/e6072d4f65d7061329687fe24e3d63a7-common-args.resp -include /Users/siam/Library/Developer/Xcode/DerivedData/Lingua_Quest-gvpckrqxtbgyprbgppjfqmimmmfw/Build/Intermediates.noindex/GoogleUtilities.build/Debug-iphonesimulator/GoogleUtilities-Reachability.build/DerivedSources/resource_bundle_accessor.h -MMD -MT dependencies -MF /Users/siam/Library/Developer/Xcode/DerivedData/Lingua_Quest-gvpckrqxtbgyprbgppjfqmimmmfw/Build/Intermediates.noindex/GoogleUtilities.build/Debug-iphonesimulator/GoogleUtilities-Reachability.build/Objects-normal/arm64/GULReachabilityChecker.d --serialize-diagnostics /Users/siam/Library/Developer/Xcode/DerivedData/Lingua_Quest-gvpckrqxtbgyprbgppjfqmimmmfw/Build/Intermediates.noindex/GoogleUtilities.build/Debug-iphonesimulator/GoogleUtilities-Reachability.build/Objects-normal/arm64/GULReachabilityChecker.dia -c /Users/siam/Library/Developer/Xcode/DerivedData/Lingua_Quest-gvpckrqxtbgyprbgppjfqmimmmfw/SourcePackages/checkouts/GoogleUtilities/GoogleUtilities/Reachability/GULReachabilityChecker.m -o /Users/siam/Library/Developer/Xcode/DerivedData/Lingua_Quest-gvpckrqxtbgyprbgppjfqmimmmfw/Build/Intermediates.noindex/GoogleUtilities.build/Debug-iphonesimulator/GoogleUtilities-Reachability.build/Objects-normal/arm64/GULReachabilityChecker.o -index-unit-output-path /GoogleUtilities.build/Debug-iphonesimulator/GoogleUtilities-Reachability.build/Objects-normal/arm64/GULReachabilityChecker.o

CpResource /Users/siam/Library/Developer/Xcode/DerivedData/Lingua_Quest-gvpckrqxtbgyprbgppjfqmimmmfw/Build/Products/Debug-iphonesimulator/GoogleSignIn_GoogleSignIn.bundle/PrivacyInfo.xcprivacy /Users/siam/Library/Developer/Xcode/DerivedData/Lingua_Quest-gvpckrqxtbgyprbgppjfqmimmmfw/SourcePackages/checkouts/GoogleSignIn-iOS/GoogleSignIn/Sources/Resources/PrivacyInfo.xcprivacy (in target 'GoogleSignIn_GoogleSignIn' from project 'GoogleSignIn')
    cd /Users/siam/Library/Developer/Xcode/DerivedData/Lingua_Quest-gvpckrqxtbgyprbgppjfqmimmmfw/SourcePackages/checkouts/GoogleSignIn-iOS
    builtin-copy -exclude .DS_Store -exclude CVS -exclude .svn -exclude .git -exclude .hg -resolve-src-symlinks /Users/siam/Library/Developer/Xcode/DerivedData/Lingua_Quest-gvpckrqxtbgyprbgppjfqmimmmfw/SourcePackages/checkouts/GoogleSignIn-iOS/GoogleSignIn/Sources/Resources/PrivacyInfo.xcprivacy /Users/siam/Library/Developer/Xcode/DerivedData/Lingua_Quest-gvpckrqxtbgyprbgppjfqmimmmfw/Build/Products/Debug-iphonesimulator/GoogleSignIn_GoogleSignIn.bundle

ScanDependencies /Users/siam/Library/Developer/Xcode/DerivedData/Lingua_Quest-gvpckrqxtbgyprbgppjfqmimmmfw/Build/Intermediates.noindex/GoogleUtilities.build/Debug-iphonesimulator/GoogleUtilities-Network.build/Objects-normal/x86_64/resource_bundle_accessor.o /Users/siam/Library/Developer/Xcode/DerivedData/Lingua_Quest-gvpckrqxtbgyprbgppjfqmimmmfw/Build/Intermediates.noindex/GoogleUtilities.build/Debug-iphonesimulator/GoogleUtilities-Network.build/DerivedSources/resource_bundle_accessor.m normal x86_64 objective-c com.apple.compilers.llvm.clang.1_0.compiler (in target 'GoogleUtilities-Network' from project 'GoogleUtilities')
    cd /Users/siam/Desktop/Lingua\ Quest/Lingua\ Quest.xcodeproj
    
    Using response file: /Users/siam/Library/Developer/Xcode/DerivedData/Lingua_Quest-gvpckrqxtbgyprbgppjfqmimmmfw/Build/Intermediates.noindex/GoogleUtilities.build/Debug-iphonesimulator/GoogleUtilities-Network.build/Objects-normal/x86_64/e6072d4f65d7061329687fe24e3d63a7-common-args.resp
    
    builtin-ScanDependencies -o /Users/siam/Library/Developer/Xcode/DerivedData/Lingua_Quest-gvpckrqxtbgyprbgppjfqmimmmfw/Build/Intermediates.noindex/GoogleUtilities.build/Debug-iphonesimulator/GoogleUtilities-Network.build/Objects-normal/x86_64/resource_bundle_accessor.o.scan -- /Applications/Xcode.app/Contents/Developer/Toolchains/XcodeDefault.xctoolchain/usr/bin/clang -x objective-c -ivfsstatcache /Users/siam/Library/Developer/Xcode/DerivedData/SDKStatCaches.noindex/iphonesimulator26.0-23A339-26257891a6c027eb51374368541b8346.sdkstatcache -fmessage-length\=0 -fdiagnostics-show-note-include-stack -fmacro-backtrace-limit\=0 -fno-color-diagnostics -fmodules-prune-interval\=86400 -fmodules-prune-after\=345600 -fbuild-session-file\=/Users/siam/Library/Developer/Xcode/DerivedData/ModuleCache.noindex/Session.modulevalidation -fmodules-validate-once-per-build-session -Wnon-modular-include-in-framework-module -Werror\=non-modular-include-in-framework-module -Wno-trigraphs -Wno-missing-field-initializers -Wno-missing-prototypes -Wno-return-type -Wno-implicit-atomic-properties -Wno-objc-interface-ivars -Wno-arc-repeated-use-of-weak -Wno-missing-braces -Wparentheses -Wswitch -Wno-unused-function -Wno-unused-label -Wno-unused-parameter -Wno-unused-variable -Wunused-value -Wno-empty-body -Wno-uninitialized -Wno-unknown-pragmas -w -Wno-shadow -Wno-four-char-constants -Wno-conversion -Wno-constant-conversion -Wno-int-conversion -Wno-bool-conversion -Wno-enum-conversion -Wno-float-conversion -Wno-non-literal-null-conversion -Wno-objc-literal-conversion -Wshorten-64-to-32 -Wpointer-sign -Wno-newline-eof -Wno-selector -Wno-strict-selector-match -Wno-undeclared-selector -Wno-deprecated-implementations -Wno-implicit-fallthrough -fstrict-aliasing -Wprotocol -Wdeprecated-declarations -Wno-sign-conversion -Wno-infinite-recursion -Wno-comma -Wno-block-capture-autoreleasing -Wno-strict-prototypes -Wno-semicolon-before-method-body -index-store-path /Users/siam/Library/Developer/Xcode/DerivedData/Lingua_Quest-gvpckrqxtbgyprbgppjfqmimmmfw/Index.noindex/DataStore @/Users/siam/Library/Developer/Xcode/DerivedData/Lingua_Quest-gvpckrqxtbgyprbgppjfqmimmmfw/Build/Intermediates.noindex/GoogleUtilities.build/Debug-iphonesimulator/GoogleUtilities-Network.build/Objects-normal/x86_64/e6072d4f65d7061329687fe24e3d63a7-common-args.resp -include /Users/siam/Library/Developer/Xcode/DerivedData/Lingua_Quest-gvpckrqxtbgyprbgppjfqmimmmfw/Build/Intermediates.noindex/GoogleUtilities.build/Debug-iphonesimulator/GoogleUtilities-Network.build/DerivedSources/resource_bundle_accessor.h -MMD -MT dependencies -MF /Users/siam/Library/Developer/Xcode/DerivedData/Lingua_Quest-gvpckrqxtbgyprbgppjfqmimmmfw/Build/Intermediates.noindex/GoogleUtilities.build/Debug-iphonesimulator/GoogleUtilities-Network.build/Objects-normal/x86_64/resource_bundle_accessor.d --serialize-diagnostics /Users/siam/Library/Developer/Xcode/DerivedData/Lingua_Quest-gvpckrqxtbgyprbgppjfqmimmmfw/Build/Intermediates.noindex/GoogleUtilities.build/Debug-iphonesimulator/GoogleUtilities-Network.build/Objects-normal/x86_64/resource_bundle_accessor.dia -c /Users/siam/Library/Developer/Xcode/DerivedData/Lingua_Quest-gvpckrqxtbgyprbgppjfqmimmmfw/Build/Intermediates.noindex/GoogleUtilities.build/Debug-iphonesimulator/GoogleUtilities-Network.build/DerivedSources/resource_bundle_accessor.m -o /Users/siam/Library/Developer/Xcode/DerivedData/Lingua_Quest-gvpckrqxtbgyprbgppjfqmimmmfw/Build/Intermediates.noindex/GoogleUtilities.build/Debug-iphonesimulator/GoogleUtilities-Network.build/Objects-normal/x86_64/resource_bundle_accessor.o -index-unit-output-path /GoogleUtilities.build/Debug-iphonesimulator/GoogleUtilities-Network.build/Objects-normal/x86_64/resource_bundle_accessor.o

PrecompileModule /Users/siam/Library/Developer/Xcode/DerivedData/Lingua_Quest-gvpckrqxtbgyprbgppjfqmimmmfw/Build/Intermediates.noindex/ExplicitPrecompiledModules/os_object-F4LVY519A7A583786F1X46A3U.scan
    cd /
    builtin-precompileModule /Users/siam/Library/Developer/Xcode/DerivedData/Lingua_Quest-gvpckrqxtbgyprbgppjfqmimmmfw/Build/Intermediates.noindex/ExplicitPrecompiledModules/os_object-F4LVY519A7A583786F1X46A3U.scan

ScanDependencies /Users/siam/Library/Developer/Xcode/DerivedData/Lingua_Quest-gvpckrqxtbgyprbgppjfqmimmmfw/Build/Intermediates.noindex/GoogleUtilities.build/Debug-iphonesimulator/GoogleUtilities-Network.build/Objects-normal/x86_64/GULNetworkURLSession.o /Users/siam/Library/Developer/Xcode/DerivedData/Lingua_Quest-gvpckrqxtbgyprbgppjfqmimmmfw/SourcePackages/checkouts/GoogleUtilities/GoogleUtilities/Network/GULNetworkURLSession.m normal x86_64 objective-c com.apple.compilers.llvm.clang.1_0.compiler (in target 'GoogleUtilities-Network' from project 'GoogleUtilities')
    cd /Users/siam/Desktop/Lingua\ Quest/Lingua\ Quest.xcodeproj
    
    Using response file: /Users/siam/Library/Developer/Xcode/DerivedData/Lingua_Quest-gvpckrqxtbgyprbgppjfqmimmmfw/Build/Intermediates.noindex/GoogleUtilities.build/Debug-iphonesimulator/GoogleUtilities-Network.build/Objects-normal/x86_64/e6072d4f65d7061329687fe24e3d63a7-common-args.resp
    
    builtin-ScanDependencies -o /Users/siam/Library/Developer/Xcode/DerivedData/Lingua_Quest-gvpckrqxtbgyprbgppjfqmimmmfw/Build/Intermediates.noindex/GoogleUtilities.build/Debug-iphonesimulator/GoogleUtilities-Network.build/Objects-normal/x86_64/GULNetworkURLSession.o.scan -- /Applications/Xcode.app/Contents/Developer/Toolchains/XcodeDefault.xctoolchain/usr/bin/clang -x objective-c -ivfsstatcache /Users/siam/Library/Developer/Xcode/DerivedData/SDKStatCaches.noindex/iphonesimulator26.0-23A339-26257891a6c027eb51374368541b8346.sdkstatcache -fmessage-length\=0 -fdiagnostics-show-note-include-stack -fmacro-backtrace-limit\=0 -fno-color-diagnostics -fmodules-prune-interval\=86400 -fmodules-prune-after\=345600 -fbuild-session-file\=/Users/siam/Library/Developer/Xcode/DerivedData/ModuleCache.noindex/Session.modulevalidation -fmodules-validate-once-per-build-session -Wnon-modular-include-in-framework-module -Werror\=non-modular-include-in-framework-module -Wno-trigraphs -Wno-missing-field-initializers -Wno-missing-prototypes -Wno-return-type -Wno-implicit-atomic-properties -Wno-objc-interface-ivars -Wno-arc-repeated-use-of-weak -Wno-missing-braces -Wparentheses -Wswitch -Wno-unused-function -Wno-unused-label -Wno-unused-parameter -Wno-unused-variable -Wunused-value -Wno-empty-body -Wno-uninitialized -Wno-unknown-pragmas -w -Wno-shadow -Wno-four-char-constants -Wno-conversion -Wno-constant-conversion -Wno-int-conversion -Wno-bool-conversion -Wno-enum-conversion -Wno-float-conversion -Wno-non-literal-null-conversion -Wno-objc-literal-conversion -Wshorten-64-to-32 -Wpointer-sign -Wno-newline-eof -Wno-selector -Wno-strict-selector-match -Wno-undeclared-selector -Wno-deprecated-implementations -Wno-implicit-fallthrough -fstrict-aliasing -Wprotocol -Wdeprecated-declarations -Wno-sign-conversion -Wno-infinite-recursion -Wno-comma -Wno-block-capture-autoreleasing -Wno-strict-prototypes -Wno-semicolon-before-method-body -index-store-path /Users/siam/Library/Developer/Xcode/DerivedData/Lingua_Quest-gvpckrqxtbgyprbgppjfqmimmmfw/Index.noindex/DataStore @/Users/siam/Library/Developer/Xcode/DerivedData/Lingua_Quest-gvpckrqxtbgyprbgppjfqmimmmfw/Build/Intermediates.noindex/GoogleUtilities.build/Debug-iphonesimulator/GoogleUtilities-Network.build/Objects-normal/x86_64/e6072d4f65d7061329687fe24e3d63a7-common-args.resp -include /Users/siam/Library/Developer/Xcode/DerivedData/Lingua_Quest-gvpckrqxtbgyprbgppjfqmimmmfw/Build/Intermediates.noindex/GoogleUtilities.build/Debug-iphonesimulator/GoogleUtilities-Network.build/DerivedSources/resource_bundle_accessor.h -MMD -MT dependencies -MF /Users/siam/Library/Developer/Xcode/DerivedData/Lingua_Quest-gvpckrqxtbgyprbgppjfqmimmmfw/Build/Intermediates.noindex/GoogleUtilities.build/Debug-iphonesimulator/GoogleUtilities-Network.build/Objects-normal/x86_64/GULNetworkURLSession.d --serialize-diagnostics /Users/siam/Library/Developer/Xcode/DerivedData/Lingua_Quest-gvpckrqxtbgyprbgppjfqmimmmfw/Build/Intermediates.noindex/GoogleUtilities.build/Debug-iphonesimulator/GoogleUtilities-Network.build/Objects-normal/x86_64/GULNetworkURLSession.dia -c /Users/siam/Library/Developer/Xcode/DerivedData/Lingua_Quest-gvpckrqxtbgyprbgppjfqmimmmfw/SourcePackages/checkouts/GoogleUtilities/GoogleUtilities/Network/GULNetworkURLSession.m -o /Users/siam/Library/Developer/Xcode/DerivedData/Lingua_Quest-gvpckrqxtbgyprbgppjfqmimmmfw/Build/Intermediates.noindex/GoogleUtilities.build/Debug-iphonesimulator/GoogleUtilities-Network.build/Objects-normal/x86_64/GULNetworkURLSession.o -index-unit-output-path /GoogleUtilities.build/Debug-iphonesimulator/GoogleUtilities-Network.build/Objects-normal/x86_64/GULNetworkURLSession.o

CompileC /Users/siam/Library/Developer/Xcode/DerivedData/Lingua_Quest-gvpckrqxtbgyprbgppjfqmimmmfw/Build/Intermediates.noindex/GoogleUtilities.build/Debug-iphonesimulator/GoogleUtilities-Reachability.build/Objects-normal/x86_64/GULReachabilityChecker.o /Users/siam/Library/Developer/Xcode/DerivedData/Lingua_Quest-gvpckrqxtbgyprbgppjfqmimmmfw/SourcePackages/checkouts/GoogleUtilities/GoogleUtilities/Reachability/GULReachabilityChecker.m normal x86_64 objective-c com.apple.compilers.llvm.clang.1_0.compiler (in target 'GoogleUtilities-Reachability' from project 'GoogleUtilities')
    cd /Users/siam/Desktop/Lingua\ Quest/Lingua\ Quest.xcodeproj
    
    Using response file: /Users/siam/Library/Developer/Xcode/DerivedData/Lingua_Quest-gvpckrqxtbgyprbgppjfqmimmmfw/Build/Intermediates.noindex/GoogleUtilities.build/Debug-iphonesimulator/GoogleUtilities-Reachability.build/Objects-normal/x86_64/e6072d4f65d7061329687fe24e3d63a7-common-args.resp
    
    /Applications/Xcode.app/Contents/Developer/Toolchains/XcodeDefault.xctoolchain/usr/bin/clang -x objective-c -ivfsstatcache /Users/siam/Library/Developer/Xcode/DerivedData/SDKStatCaches.noindex/iphonesimulator26.0-23A339-26257891a6c027eb51374368541b8346.sdkstatcache -fmessage-length\=0 -fdiagnostics-show-note-include-stack -fmacro-backtrace-limit\=0 -fno-color-diagnostics -fmodules-prune-interval\=86400 -fmodules-prune-after\=345600 -fbuild-session-file\=/Users/siam/Library/Developer/Xcode/DerivedData/ModuleCache.noindex/Session.modulevalidation -fmodules-validate-once-per-build-session -Wnon-modular-include-in-framework-module -Werror\=non-modular-include-in-framework-module -Wno-trigraphs -Wno-missing-field-initializers -Wno-missing-prototypes -Wno-return-type -Wno-implicit-atomic-properties -Wno-objc-interface-ivars -Wno-arc-repeated-use-of-weak -Wno-missing-braces -Wparentheses -Wswitch -Wno-unused-function -Wno-unused-label -Wno-unused-parameter -Wno-unused-variable -Wunused-value -Wno-empty-body -Wno-uninitialized -Wno-unknown-pragmas -w -Wno-shadow -Wno-four-char-constants -Wno-conversion -Wno-constant-conversion -Wno-int-conversion -Wno-bool-conversion -Wno-enum-conversion -Wno-float-conversion -Wno-non-literal-null-conversion -Wno-objc-literal-conversion -Wshorten-64-to-32 -Wpointer-sign -Wno-newline-eof -Wno-selector -Wno-strict-selector-match -Wno-undeclared-selector -Wno-deprecated-implementations -Wno-implicit-fallthrough -fstrict-aliasing -Wprotocol -Wdeprecated-declarations -Wno-sign-conversion -Wno-infinite-recursion -Wno-comma -Wno-block-capture-autoreleasing -Wno-strict-prototypes -Wno-semicolon-before-method-body -index-store-path /Users/siam/Library/Developer/Xcode/DerivedData/Lingua_Quest-gvpckrqxtbgyprbgppjfqmimmmfw/Index.noindex/DataStore @/Users/siam/Library/Developer/Xcode/DerivedData/Lingua_Quest-gvpckrqxtbgyprbgppjfqmimmmfw/Build/Intermediates.noindex/GoogleUtilities.build/Debug-iphonesimulator/GoogleUtilities-Reachability.build/Objects-normal/x86_64/e6072d4f65d7061329687fe24e3d63a7-common-args.resp -include /Users/siam/Library/Developer/Xcode/DerivedData/Lingua_Quest-gvpckrqxtbgyprbgppjfqmimmmfw/Build/Intermediates.noindex/GoogleUtilities.build/Debug-iphonesimulator/GoogleUtilities-Reachability.build/DerivedSources/resource_bundle_accessor.h -MMD -MT dependencies -MF /Users/siam/Library/Developer/Xcode/DerivedData/Lingua_Quest-gvpckrqxtbgyprbgppjfqmimmmfw/Build/Intermediates.noindex/GoogleUtilities.build/Debug-iphonesimulator/GoogleUtilities-Reachability.build/Objects-normal/x86_64/GULReachabilityChecker.d --serialize-diagnostics /Users/siam/Library/Developer/Xcode/DerivedData/Lingua_Quest-gvpckrqxtbgyprbgppjfqmimmmfw/Build/Intermediates.noindex/GoogleUtilities.build/Debug-iphonesimulator/GoogleUtilities-Reachability.build/Objects-normal/x86_64/GULReachabilityChecker.dia -c /Users/siam/Library/Developer/Xcode/DerivedData/Lingua_Quest-gvpckrqxtbgyprbgppjfqmimmmfw/SourcePackages/checkouts/GoogleUtilities/GoogleUtilities/Reachability/GULReachabilityChecker.m -o /Users/siam/Library/Developer/Xcode/DerivedData/Lingua_Quest-gvpckrqxtbgyprbgppjfqmimmmfw/Build/Intermediates.noindex/GoogleUtilities.build/Debug-iphonesimulator/GoogleUtilities-Reachability.build/Objects-normal/x86_64/GULReachabilityChecker.o -index-unit-output-path /GoogleUtilities.build/Debug-iphonesimulator/GoogleUtilities-Reachability.build/Objects-normal/x86_64/GULReachabilityChecker.o

ScanDependencies /Users/siam/Library/Developer/Xcode/DerivedData/Lingua_Quest-gvpckrqxtbgyprbgppjfqmimmmfw/Build/Intermediates.noindex/GoogleUtilities.build/Debug-iphonesimulator/GoogleUtilities-Network.build/Objects-normal/x86_64/GULNetworkConstants.o /Users/siam/Library/Developer/Xcode/DerivedData/Lingua_Quest-gvpckrqxtbgyprbgppjfqmimmmfw/SourcePackages/checkouts/GoogleUtilities/GoogleUtilities/Network/GULNetworkConstants.m normal x86_64 objective-c com.apple.compilers.llvm.clang.1_0.compiler (in target 'GoogleUtilities-Network' from project 'GoogleUtilities')
    cd /Users/siam/Desktop/Lingua\ Quest/Lingua\ Quest.xcodeproj
    
    Using response file: /Users/siam/Library/Developer/Xcode/DerivedData/Lingua_Quest-gvpckrqxtbgyprbgppjfqmimmmfw/Build/Intermediates.noindex/GoogleUtilities.build/Debug-iphonesimulator/GoogleUtilities-Network.build/Objects-normal/x86_64/e6072d4f65d7061329687fe24e3d63a7-common-args.resp
    
    builtin-ScanDependencies -o /Users/siam/Library/Developer/Xcode/DerivedData/Lingua_Quest-gvpckrqxtbgyprbgppjfqmimmmfw/Build/Intermediates.noindex/GoogleUtilities.build/Debug-iphonesimulator/GoogleUtilities-Network.build/Objects-normal/x86_64/GULNetworkConstants.o.scan -- /Applications/Xcode.app/Contents/Developer/Toolchains/XcodeDefault.xctoolchain/usr/bin/clang -x objective-c -ivfsstatcache /Users/siam/Library/Developer/Xcode/DerivedData/SDKStatCaches.noindex/iphonesimulator26.0-23A339-26257891a6c027eb51374368541b8346.sdkstatcache -fmessage-length\=0 -fdiagnostics-show-note-include-stack -fmacro-backtrace-limit\=0 -fno-color-diagnostics -fmodules-prune-interval\=86400 -fmodules-prune-after\=345600 -fbuild-session-file\=/Users/siam/Library/Developer/Xcode/DerivedData/ModuleCache.noindex/Session.modulevalidation -fmodules-validate-once-per-build-session -Wnon-modular-include-in-framework-module -Werror\=non-modular-include-in-framework-module -Wno-trigraphs -Wno-missing-field-initializers -Wno-missing-prototypes -Wno-return-type -Wno-implicit-atomic-properties -Wno-objc-interface-ivars -Wno-arc-repeated-use-of-weak -Wno-missing-braces -Wparentheses -Wswitch -Wno-unused-function -Wno-unused-label -Wno-unused-parameter -Wno-unused-variable -Wunused-value -Wno-empty-body -Wno-uninitialized -Wno-unknown-pragmas -w -Wno-shadow -Wno-four-char-constants -Wno-conversion -Wno-constant-conversion -Wno-int-conversion -Wno-bool-conversion -Wno-enum-conversion -Wno-float-conversion -Wno-non-literal-null-conversion -Wno-objc-literal-conversion -Wshorten-64-to-32 -Wpointer-sign -Wno-newline-eof -Wno-selector -Wno-strict-selector-match -Wno-undeclared-selector -Wno-deprecated-implementations -Wno-implicit-fallthrough -fstrict-aliasing -Wprotocol -Wdeprecated-declarations -Wno-sign-conversion -Wno-infinite-recursion -Wno-comma -Wno-block-capture-autoreleasing -Wno-strict-prototypes -Wno-semicolon-before-method-body -index-store-path /Users/siam/Library/Developer/Xcode/DerivedData/Lingua_Quest-gvpckrqxtbgyprbgppjfqmimmmfw/Index.noindex/DataStore @/Users/siam/Library/Developer/Xcode/DerivedData/Lingua_Quest-gvpckrqxtbgyprbgppjfqmimmmfw/Build/Intermediates.noindex/GoogleUtilities.build/Debug-iphonesimulator/GoogleUtilities-Network.build/Objects-normal/x86_64/e6072d4f65d7061329687fe24e3d63a7-common-args.resp -include /Users/siam/Library/Developer/Xcode/DerivedData/Lingua_Quest-gvpckrqxtbgyprbgppjfqmimmmfw/Build/Intermediates.noindex/GoogleUtilities.build/Debug-iphonesimulator/GoogleUtilities-Network.build/DerivedSources/resource_bundle_accessor.h -MMD -MT dependencies -MF /Users/siam/Library/Developer/Xcode/DerivedData/Lingua_Quest-gvpckrqxtbgyprbgppjfqmimmmfw/Build/Intermediates.noindex/GoogleUtilities.build/Debug-iphonesimulator/GoogleUtilities-Network.build/Objects-normal/x86_64/GULNetworkConstants.d --serialize-diagnostics /Users/siam/Library/Developer/Xcode/DerivedData/Lingua_Quest-gvpckrqxtbgyprbgppjfqmimmmfw/Build/Intermediates.noindex/GoogleUtilities.build/Debug-iphonesimulator/GoogleUtilities-Network.build/Objects-normal/x86_64/GULNetworkConstants.dia -c /Users/siam/Library/Developer/Xcode/DerivedData/Lingua_Quest-gvpckrqxtbgyprbgppjfqmimmmfw/SourcePackages/checkouts/GoogleUtilities/GoogleUtilities/Network/GULNetworkConstants.m -o /Users/siam/Library/Developer/Xcode/DerivedData/Lingua_Quest-gvpckrqxtbgyprbgppjfqmimmmfw/Build/Intermediates.noindex/GoogleUtilities.build/Debug-iphonesimulator/GoogleUtilities-Network.build/Objects-normal/x86_64/GULNetworkConstants.o -index-unit-output-path /GoogleUtilities.build/Debug-iphonesimulator/GoogleUtilities-Network.build/Objects-normal/x86_64/GULNetworkConstants.o

CompileC /Users/siam/Library/Developer/Xcode/DerivedData/Lingua_Quest-gvpckrqxtbgyprbgppjfqmimmmfw/Build/Intermediates.noindex/GoogleUtilities.build/Debug-iphonesimulator/GoogleUtilities-Network.build/Objects-normal/x86_64/resource_bundle_accessor.o /Users/siam/Library/Developer/Xcode/DerivedData/Lingua_Quest-gvpckrqxtbgyprbgppjfqmimmmfw/Build/Intermediates.noindex/GoogleUtilities.build/Debug-iphonesimulator/GoogleUtilities-Network.build/DerivedSources/resource_bundle_accessor.m normal x86_64 objective-c com.apple.compilers.llvm.clang.1_0.compiler (in target 'GoogleUtilities-Network' from project 'GoogleUtilities')
    cd /Users/siam/Desktop/Lingua\ Quest/Lingua\ Quest.xcodeproj
    
    Using response file: /Users/siam/Library/Developer/Xcode/DerivedData/Lingua_Quest-gvpckrqxtbgyprbgppjfqmimmmfw/Build/Intermediates.noindex/GoogleUtilities.build/Debug-iphonesimulator/GoogleUtilities-Network.build/Objects-normal/x86_64/e6072d4f65d7061329687fe24e3d63a7-common-args.resp
    
    /Applications/Xcode.app/Contents/Developer/Toolchains/XcodeDefault.xctoolchain/usr/bin/clang -x objective-c -ivfsstatcache /Users/siam/Library/Developer/Xcode/DerivedData/SDKStatCaches.noindex/iphonesimulator26.0-23A339-26257891a6c027eb51374368541b8346.sdkstatcache -fmessage-length\=0 -fdiagnostics-show-note-include-stack -fmacro-backtrace-limit\=0 -fno-color-diagnostics -fmodules-prune-interval\=86400 -fmodules-prune-after\=345600 -fbuild-session-file\=/Users/siam/Library/Developer/Xcode/DerivedData/ModuleCache.noindex/Session.modulevalidation -fmodules-validate-once-per-build-session -Wnon-modular-include-in-framework-module -Werror\=non-modular-include-in-framework-module -Wno-trigraphs -Wno-missing-field-initializers -Wno-missing-prototypes -Wno-return-type -Wno-implicit-atomic-properties -Wno-objc-interface-ivars -Wno-arc-repeated-use-of-weak -Wno-missing-braces -Wparentheses -Wswitch -Wno-unused-function -Wno-unused-label -Wno-unused-parameter -Wno-unused-variable -Wunused-value -Wno-empty-body -Wno-uninitialized -Wno-unknown-pragmas -w -Wno-shadow -Wno-four-char-constants -Wno-conversion -Wno-constant-conversion -Wno-int-conversion -Wno-bool-conversion -Wno-enum-conversion -Wno-float-conversion -Wno-non-literal-null-conversion -Wno-objc-literal-conversion -Wshorten-64-to-32 -Wpointer-sign -Wno-newline-eof -Wno-selector -Wno-strict-selector-match -Wno-undeclared-selector -Wno-deprecated-implementations -Wno-implicit-fallthrough -fstrict-aliasing -Wprotocol -Wdeprecated-declarations -Wno-sign-conversion -Wno-infinite-recursion -Wno-comma -Wno-block-capture-autoreleasing -Wno-strict-prototypes -Wno-semicolon-before-method-body -index-store-path /Users/siam/Library/Developer/Xcode/DerivedData/Lingua_Quest-gvpckrqxtbgyprbgppjfqmimmmfw/Index.noindex/DataStore @/Users/siam/Library/Developer/Xcode/DerivedData/Lingua_Quest-gvpckrqxtbgyprbgppjfqmimmmfw/Build/Intermediates.noindex/GoogleUtilities.build/Debug-iphonesimulator/GoogleUtilities-Network.build/Objects-normal/x86_64/e6072d4f65d7061329687fe24e3d63a7-common-args.resp -include /Users/siam/Library/Developer/Xcode/DerivedData/Lingua_Quest-gvpckrqxtbgyprbgppjfqmimmmfw/Build/Intermediates.noindex/GoogleUtilities.build/Debug-iphonesimulator/GoogleUtilities-Network.build/DerivedSources/resource_bundle_accessor.h -MMD -MT dependencies -MF /Users/siam/Library/Developer/Xcode/DerivedData/Lingua_Quest-gvpckrqxtbgyprbgppjfqmimmmfw/Build/Intermediates.noindex/GoogleUtilities.build/Debug-iphonesimulator/GoogleUtilities-Network.build/Objects-normal/x86_64/resource_bundle_accessor.d --serialize-diagnostics /Users/siam/Library/Developer/Xcode/DerivedData/Lingua_Quest-gvpckrqxtbgyprbgppjfqmimmmfw/Build/Intermediates.noindex/GoogleUtilities.build/Debug-iphonesimulator/GoogleUtilities-Network.build/Objects-normal/x86_64/resource_bundle_accessor.dia -c /Users/siam/Library/Developer/Xcode/DerivedData/Lingua_Quest-gvpckrqxtbgyprbgppjfqmimmmfw/Build/Intermediates.noindex/GoogleUtilities.build/Debug-iphonesimulator/GoogleUtilities-Network.build/DerivedSources/resource_bundle_accessor.m -o /Users/siam/Library/Developer/Xcode/DerivedData/Lingua_Quest-gvpckrqxtbgyprbgppjfqmimmmfw/Build/Intermediates.noindex/GoogleUtilities.build/Debug-iphonesimulator/GoogleUtilities-Network.build/Objects-normal/x86_64/resource_bundle_accessor.o -index-unit-output-path /GoogleUtilities.build/Debug-iphonesimulator/GoogleUtilities-Network.build/Objects-normal/x86_64/resource_bundle_accessor.o

ScanDependencies /Users/siam/Library/Developer/Xcode/DerivedData/Lingua_Quest-gvpckrqxtbgyprbgppjfqmimmmfw/Build/Intermediates.noindex/GoogleUtilities.build/Debug-iphonesimulator/GoogleUtilities-Network.build/Objects-normal/x86_64/GULNetwork.o /Users/siam/Library/Developer/Xcode/DerivedData/Lingua_Quest-gvpckrqxtbgyprbgppjfqmimmmfw/SourcePackages/checkouts/GoogleUtilities/GoogleUtilities/Network/GULNetwork.m normal x86_64 objective-c com.apple.compilers.llvm.clang.1_0.compiler (in target 'GoogleUtilities-Network' from project 'GoogleUtilities')
    cd /Users/siam/Desktop/Lingua\ Quest/Lingua\ Quest.xcodeproj
    
    Using response file: /Users/siam/Library/Developer/Xcode/DerivedData/Lingua_Quest-gvpckrqxtbgyprbgppjfqmimmmfw/Build/Intermediates.noindex/GoogleUtilities.build/Debug-iphonesimulator/GoogleUtilities-Network.build/Objects-normal/x86_64/e6072d4f65d7061329687fe24e3d63a7-common-args.resp
    
    builtin-ScanDependencies -o /Users/siam/Library/Developer/Xcode/DerivedData/Lingua_Quest-gvpckrqxtbgyprbgppjfqmimmmfw/Build/Intermediates.noindex/GoogleUtilities.build/Debug-iphonesimulator/GoogleUtilities-Network.build/Objects-normal/x86_64/GULNetwork.o.scan -- /Applications/Xcode.app/Contents/Developer/Toolchains/XcodeDefault.xctoolchain/usr/bin/clang -x objective-c -ivfsstatcache /Users/siam/Library/Developer/Xcode/DerivedData/SDKStatCaches.noindex/iphonesimulator26.0-23A339-26257891a6c027eb51374368541b8346.sdkstatcache -fmessage-length\=0 -fdiagnostics-show-note-include-stack -fmacro-backtrace-limit\=0 -fno-color-diagnostics -fmodules-prune-interval\=86400 -fmodules-prune-after\=345600 -fbuild-session-file\=/Users/siam/Library/Developer/Xcode/DerivedData/ModuleCache.noindex/Session.modulevalidation -fmodules-validate-once-per-build-session -Wnon-modular-include-in-framework-module -Werror\=non-modular-include-in-framework-module -Wno-trigraphs -Wno-missing-field-initializers -Wno-missing-prototypes -Wno-return-type -Wno-implicit-atomic-properties -Wno-objc-interface-ivars -Wno-arc-repeated-use-of-weak -Wno-missing-braces -Wparentheses -Wswitch -Wno-unused-function -Wno-unused-label -Wno-unused-parameter -Wno-unused-variable -Wunused-value -Wno-empty-body -Wno-uninitialized -Wno-unknown-pragmas -w -Wno-shadow -Wno-four-char-constants -Wno-conversion -Wno-constant-conversion -Wno-int-conversion -Wno-bool-conversion -Wno-enum-conversion -Wno-float-conversion -Wno-non-literal-null-conversion -Wno-objc-literal-conversion -Wshorten-64-to-32 -Wpointer-sign -Wno-newline-eof -Wno-selector -Wno-strict-selector-match -Wno-undeclared-selector -Wno-deprecated-implementations -Wno-implicit-fallthrough -fstrict-aliasing -Wprotocol -Wdeprecated-declarations -Wno-sign-conversion -Wno-infinite-recursion -Wno-comma -Wno-block-capture-autoreleasing -Wno-strict-prototypes -Wno-semicolon-before-method-body -index-store-path /Users/siam/Library/Developer/Xcode/DerivedData/Lingua_Quest-gvpckrqxtbgyprbgppjfqmimmmfw/Index.noindex/DataStore @/Users/siam/Library/Developer/Xcode/DerivedData/Lingua_Quest-gvpckrqxtbgyprbgppjfqmimmmfw/Build/Intermediates.noindex/GoogleUtilities.build/Debug-iphonesimulator/GoogleUtilities-Network.build/Objects-normal/x86_64/e6072d4f65d7061329687fe24e3d63a7-common-args.resp -include /Users/siam/Library/Developer/Xcode/DerivedData/Lingua_Quest-gvpckrqxtbgyprbgppjfqmimmmfw/Build/Intermediates.noindex/GoogleUtilities.build/Debug-iphonesimulator/GoogleUtilities-Network.build/DerivedSources/resource_bundle_accessor.h -MMD -MT dependencies -MF /Users/siam/Library/Developer/Xcode/DerivedData/Lingua_Quest-gvpckrqxtbgyprbgppjfqmimmmfw/Build/Intermediates.noindex/GoogleUtilities.build/Debug-iphonesimulator/GoogleUtilities-Network.build/Objects-normal/x86_64/GULNetwork.d --serialize-diagnostics /Users/siam/Library/Developer/Xcode/DerivedData/Lingua_Quest-gvpckrqxtbgyprbgppjfqmimmmfw/Build/Intermediates.noindex/GoogleUtilities.build/Debug-iphonesimulator/GoogleUtilities-Network.build/Objects-normal/x86_64/GULNetwork.dia -c /Users/siam/Library/Developer/Xcode/DerivedData/Lingua_Quest-gvpckrqxtbgyprbgppjfqmimmmfw/SourcePackages/checkouts/GoogleUtilities/GoogleUtilities/Network/GULNetwork.m -o /Users/siam/Library/Developer/Xcode/DerivedData/Lingua_Quest-gvpckrqxtbgyprbgppjfqmimmmfw/Build/Intermediates.noindex/GoogleUtilities.build/Debug-iphonesimulator/GoogleUtilities-Network.build/Objects-normal/x86_64/GULNetwork.o -index-unit-output-path /GoogleUtilities.build/Debug-iphonesimulator/GoogleUtilities-Network.build/Objects-normal/x86_64/GULNetwork.o

PrecompileModule /Users/siam/Library/Developer/Xcode/DerivedData/Lingua_Quest-gvpckrqxtbgyprbgppjfqmimmmfw/Build/Intermediates.noindex/ExplicitPrecompiledModules/os_workgroup-8P2R3QWG374P9K0R3BHNENW01.scan
    cd /
    builtin-precompileModule /Users/siam/Library/Developer/Xcode/DerivedData/Lingua_Quest-gvpckrqxtbgyprbgppjfqmimmmfw/Build/Intermediates.noindex/ExplicitPrecompiledModules/os_workgroup-8P2R3QWG374P9K0R3BHNENW01.scan

ScanDependencies /Users/siam/Library/Developer/Xcode/DerivedData/Lingua_Quest-gvpckrqxtbgyprbgppjfqmimmmfw/Build/Intermediates.noindex/GoogleUtilities.build/Debug-iphonesimulator/GoogleUtilities-Network.build/Objects-normal/x86_64/GULMutableDictionary.o /Users/siam/Library/Developer/Xcode/DerivedData/Lingua_Quest-gvpckrqxtbgyprbgppjfqmimmmfw/SourcePackages/checkouts/GoogleUtilities/GoogleUtilities/Network/GULMutableDictionary.m normal x86_64 objective-c com.apple.compilers.llvm.clang.1_0.compiler (in target 'GoogleUtilities-Network' from project 'GoogleUtilities')
    cd /Users/siam/Desktop/Lingua\ Quest/Lingua\ Quest.xcodeproj
    
    Using response file: /Users/siam/Library/Developer/Xcode/DerivedData/Lingua_Quest-gvpckrqxtbgyprbgppjfqmimmmfw/Build/Intermediates.noindex/GoogleUtilities.build/Debug-iphonesimulator/GoogleUtilities-Network.build/Objects-normal/x86_64/e6072d4f65d7061329687fe24e3d63a7-common-args.resp
    
    builtin-ScanDependencies -o /Users/siam/Library/Developer/Xcode/DerivedData/Lingua_Quest-gvpckrqxtbgyprbgppjfqmimmmfw/Build/Intermediates.noindex/GoogleUtilities.build/Debug-iphonesimulator/GoogleUtilities-Network.build/Objects-normal/x86_64/GULMutableDictionary.o.scan -- /Applications/Xcode.app/Contents/Developer/Toolchains/XcodeDefault.xctoolchain/usr/bin/clang -x objective-c -ivfsstatcache /Users/siam/Library/Developer/Xcode/DerivedData/SDKStatCaches.noindex/iphonesimulator26.0-23A339-26257891a6c027eb51374368541b8346.sdkstatcache -fmessage-length\=0 -fdiagnostics-show-note-include-stack -fmacro-backtrace-limit\=0 -fno-color-diagnostics -fmodules-prune-interval\=86400 -fmodules-prune-after\=345600 -fbuild-session-file\=/Users/siam/Library/Developer/Xcode/DerivedData/ModuleCache.noindex/Session.modulevalidation -fmodules-validate-once-per-build-session -Wnon-modular-include-in-framework-module -Werror\=non-modular-include-in-framework-module -Wno-trigraphs -Wno-missing-field-initializers -Wno-missing-prototypes -Wno-return-type -Wno-implicit-atomic-properties -Wno-objc-interface-ivars -Wno-arc-repeated-use-of-weak -Wno-missing-braces -Wparentheses -Wswitch -Wno-unused-function -Wno-unused-label -Wno-unused-parameter -Wno-unused-variable -Wunused-value -Wno-empty-body -Wno-uninitialized -Wno-unknown-pragmas -w -Wno-shadow -Wno-four-char-constants -Wno-conversion -Wno-constant-conversion -Wno-int-conversion -Wno-bool-conversion -Wno-enum-conversion -Wno-float-conversion -Wno-non-literal-null-conversion -Wno-objc-literal-conversion -Wshorten-64-to-32 -Wpointer-sign -Wno-newline-eof -Wno-selector -Wno-strict-selector-match -Wno-undeclared-selector -Wno-deprecated-implementations -Wno-implicit-fallthrough -fstrict-aliasing -Wprotocol -Wdeprecated-declarations -Wno-sign-conversion -Wno-infinite-recursion -Wno-comma -Wno-block-capture-autoreleasing -Wno-strict-prototypes -Wno-semicolon-before-method-body -index-store-path /Users/siam/Library/Developer/Xcode/DerivedData/Lingua_Quest-gvpckrqxtbgyprbgppjfqmimmmfw/Index.noindex/DataStore @/Users/siam/Library/Developer/Xcode/DerivedData/Lingua_Quest-gvpckrqxtbgyprbgppjfqmimmmfw/Build/Intermediates.noindex/GoogleUtilities.build/Debug-iphonesimulator/GoogleUtilities-Network.build/Objects-normal/x86_64/e6072d4f65d7061329687fe24e3d63a7-common-args.resp -include /Users/siam/Library/Developer/Xcode/DerivedData/Lingua_Quest-gvpckrqxtbgyprbgppjfqmimmmfw/Build/Intermediates.noindex/GoogleUtilities.build/Debug-iphonesimulator/GoogleUtilities-Network.build/DerivedSources/resource_bundle_accessor.h -MMD -MT dependencies -MF /Users/siam/Library/Developer/Xcode/DerivedData/Lingua_Quest-gvpckrqxtbgyprbgppjfqmimmmfw/Build/Intermediates.noindex/GoogleUtilities.build/Debug-iphonesimulator/GoogleUtilities-Network.build/Objects-normal/x86_64/GULMutableDictionary.d --serialize-diagnostics /Users/siam/Library/Developer/Xcode/DerivedData/Lingua_Quest-gvpckrqxtbgyprbgppjfqmimmmfw/Build/Intermediates.noindex/GoogleUtilities.build/Debug-iphonesimulator/GoogleUtilities-Network.build/Objects-normal/x86_64/GULMutableDictionary.dia -c /Users/siam/Library/Developer/Xcode/DerivedData/Lingua_Quest-gvpckrqxtbgyprbgppjfqmimmmfw/SourcePackages/checkouts/GoogleUtilities/GoogleUtilities/Network/GULMutableDictionary.m -o /Users/siam/Library/Developer/Xcode/DerivedData/Lingua_Quest-gvpckrqxtbgyprbgppjfqmimmmfw/Build/Intermediates.noindex/GoogleUtilities.build/Debug-iphonesimulator/GoogleUtilities-Network.build/Objects-normal/x86_64/GULMutableDictionary.o -index-unit-output-path /GoogleUtilities.build/Debug-iphonesimulator/GoogleUtilities-Network.build/Objects-normal/x86_64/GULMutableDictionary.o

PrecompileModule /Users/siam/Library/Developer/Xcode/DerivedData/Lingua_Quest-gvpckrqxtbgyprbgppjfqmimmmfw/Build/Intermediates.noindex/ExplicitPrecompiledModules/os-EM6F1UE931SVOCZRR17FQAUSG.scan
    cd /
    builtin-precompileModule /Users/siam/Library/Developer/Xcode/DerivedData/Lingua_Quest-gvpckrqxtbgyprbgppjfqmimmmfw/Build/Intermediates.noindex/ExplicitPrecompiledModules/os-EM6F1UE931SVOCZRR17FQAUSG.scan

CompileC /Users/siam/Library/Developer/Xcode/DerivedData/Lingua_Quest-gvpckrqxtbgyprbgppjfqmimmmfw/Build/Intermediates.noindex/GoogleUtilities.build/Debug-iphonesimulator/GoogleUtilities-Network.build/Objects-normal/x86_64/GULNetworkURLSession.o /Users/siam/Library/Developer/Xcode/DerivedData/Lingua_Quest-gvpckrqxtbgyprbgppjfqmimmmfw/SourcePackages/checkouts/GoogleUtilities/GoogleUtilities/Network/GULNetworkURLSession.m normal x86_64 objective-c com.apple.compilers.llvm.clang.1_0.compiler (in target 'GoogleUtilities-Network' from project 'GoogleUtilities')
    cd /Users/siam/Desktop/Lingua\ Quest/Lingua\ Quest.xcodeproj
    
    Using response file: /Users/siam/Library/Developer/Xcode/DerivedData/Lingua_Quest-gvpckrqxtbgyprbgppjfqmimmmfw/Build/Intermediates.noindex/GoogleUtilities.build/Debug-iphonesimulator/GoogleUtilities-Network.build/Objects-normal/x86_64/e6072d4f65d7061329687fe24e3d63a7-common-args.resp
    
    /Applications/Xcode.app/Contents/Developer/Toolchains/XcodeDefault.xctoolchain/usr/bin/clang -x objective-c -ivfsstatcache /Users/siam/Library/Developer/Xcode/DerivedData/SDKStatCaches.noindex/iphonesimulator26.0-23A339-26257891a6c027eb51374368541b8346.sdkstatcache -fmessage-length\=0 -fdiagnostics-show-note-include-stack -fmacro-backtrace-limit\=0 -fno-color-diagnostics -fmodules-prune-interval\=86400 -fmodules-prune-after\=345600 -fbuild-session-file\=/Users/siam/Library/Developer/Xcode/DerivedData/ModuleCache.noindex/Session.modulevalidation -fmodules-validate-once-per-build-session -Wnon-modular-include-in-framework-module -Werror\=non-modular-include-in-framework-module -Wno-trigraphs -Wno-missing-field-initializers -Wno-missing-prototypes -Wno-return-type -Wno-implicit-atomic-properties -Wno-objc-interface-ivars -Wno-arc-repeated-use-of-weak -Wno-missing-braces -Wparentheses -Wswitch -Wno-unused-function -Wno-unused-label -Wno-unused-parameter -Wno-unused-variable -Wunused-value -Wno-empty-body -Wno-uninitialized -Wno-unknown-pragmas -w -Wno-shadow -Wno-four-char-constants -Wno-conversion -Wno-constant-conversion -Wno-int-conversion -Wno-bool-conversion -Wno-enum-conversion -Wno-float-conversion -Wno-non-literal-null-conversion -Wno-objc-literal-conversion -Wshorten-64-to-32 -Wpointer-sign -Wno-newline-eof -Wno-selector -Wno-strict-selector-match -Wno-undeclared-selector -Wno-deprecated-implementations -Wno-implicit-fallthrough -fstrict-aliasing -Wprotocol -Wdeprecated-declarations -Wno-sign-conversion -Wno-infinite-recursion -Wno-comma -Wno-block-capture-autoreleasing -Wno-strict-prototypes -Wno-semicolon-before-method-body -index-store-path /Users/siam/Library/Developer/Xcode/DerivedData/Lingua_Quest-gvpckrqxtbgyprbgppjfqmimmmfw/Index.noindex/DataStore @/Users/siam/Library/Developer/Xcode/DerivedData/Lingua_Quest-gvpckrqxtbgyprbgppjfqmimmmfw/Build/Intermediates.noindex/GoogleUtilities.build/Debug-iphonesimulator/GoogleUtilities-Network.build/Objects-normal/x86_64/e6072d4f65d7061329687fe24e3d63a7-common-args.resp -include /Users/siam/Library/Developer/Xcode/DerivedData/Lingua_Quest-gvpckrqxtbgyprbgppjfqmimmmfw/Build/Intermediates.noindex/GoogleUtilities.build/Debug-iphonesimulator/GoogleUtilities-Network.build/DerivedSources/resource_bundle_accessor.h -MMD -MT dependencies -MF /Users/siam/Library/Developer/Xcode/DerivedData/Lingua_Quest-gvpckrqxtbgyprbgppjfqmimmmfw/Build/Intermediates.noindex/GoogleUtilities.build/Debug-iphonesimulator/GoogleUtilities-Network.build/Objects-normal/x86_64/GULNetworkURLSession.d --serialize-diagnostics /Users/siam/Library/Developer/Xcode/DerivedData/Lingua_Quest-gvpckrqxtbgyprbgppjfqmimmmfw/Build/Intermediates.noindex/GoogleUtilities.build/Debug-iphonesimulator/GoogleUtilities-Network.build/Objects-normal/x86_64/GULNetworkURLSession.dia -c /Users/siam/Library/Developer/Xcode/DerivedData/Lingua_Quest-gvpckrqxtbgyprbgppjfqmimmmfw/SourcePackages/checkouts/GoogleUtilities/GoogleUtilities/Network/GULNetworkURLSession.m -o /Users/siam/Library/Developer/Xcode/DerivedData/Lingua_Quest-gvpckrqxtbgyprbgppjfqmimmmfw/Build/Intermediates.noindex/GoogleUtilities.build/Debug-iphonesimulator/GoogleUtilities-Network.build/Objects-normal/x86_64/GULNetworkURLSession.o -index-unit-output-path /GoogleUtilities.build/Debug-iphonesimulator/GoogleUtilities-Network.build/Objects-normal/x86_64/GULNetworkURLSession.o

ScanDependencies /Users/siam/Library/Developer/Xcode/DerivedData/Lingua_Quest-gvpckrqxtbgyprbgppjfqmimmmfw/Build/Intermediates.noindex/GoogleUtilities.build/Debug-iphonesimulator/GoogleUtilities-Network.build/Objects-normal/arm64/resource_bundle_accessor.o /Users/siam/Library/Developer/Xcode/DerivedData/Lingua_Quest-gvpckrqxtbgyprbgppjfqmimmmfw/Build/Intermediates.noindex/GoogleUtilities.build/Debug-iphonesimulator/GoogleUtilities-Network.build/DerivedSources/resource_bundle_accessor.m normal arm64 objective-c com.apple.compilers.llvm.clang.1_0.compiler (in target 'GoogleUtilities-Network' from project 'GoogleUtilities')
    cd /Users/siam/Desktop/Lingua\ Quest/Lingua\ Quest.xcodeproj
    
    Using response file: /Users/siam/Library/Developer/Xcode/DerivedData/Lingua_Quest-gvpckrqxtbgyprbgppjfqmimmmfw/Build/Intermediates.noindex/GoogleUtilities.build/Debug-iphonesimulator/GoogleUtilities-Network.build/Objects-normal/arm64/e6072d4f65d7061329687fe24e3d63a7-common-args.resp
    
    builtin-ScanDependencies -o /Users/siam/Library/Developer/Xcode/DerivedData/Lingua_Quest-gvpckrqxtbgyprbgppjfqmimmmfw/Build/Intermediates.noindex/GoogleUtilities.build/Debug-iphonesimulator/GoogleUtilities-Network.build/Objects-normal/arm64/resource_bundle_accessor.o.scan -- /Applications/Xcode.app/Contents/Developer/Toolchains/XcodeDefault.xctoolchain/usr/bin/clang -x objective-c -ivfsstatcache /Users/siam/Library/Developer/Xcode/DerivedData/SDKStatCaches.noindex/iphonesimulator26.0-23A339-26257891a6c027eb51374368541b8346.sdkstatcache -fmessage-length\=0 -fdiagnostics-show-note-include-stack -fmacro-backtrace-limit\=0 -fno-color-diagnostics -fmodules-prune-interval\=86400 -fmodules-prune-after\=345600 -fbuild-session-file\=/Users/siam/Library/Developer/Xcode/DerivedData/ModuleCache.noindex/Session.modulevalidation -fmodules-validate-once-per-build-session -Wnon-modular-include-in-framework-module -Werror\=non-modular-include-in-framework-module -Wno-trigraphs -Wno-missing-field-initializers -Wno-missing-prototypes -Wno-return-type -Wno-implicit-atomic-properties -Wno-objc-interface-ivars -Wno-arc-repeated-use-of-weak -Wno-missing-braces -Wparentheses -Wswitch -Wno-unused-function -Wno-unused-label -Wno-unused-parameter -Wno-unused-variable -Wunused-value -Wno-empty-body -Wno-uninitialized -Wno-unknown-pragmas -w -Wno-shadow -Wno-four-char-constants -Wno-conversion -Wno-constant-conversion -Wno-int-conversion -Wno-bool-conversion -Wno-enum-conversion -Wno-float-conversion -Wno-non-literal-null-conversion -Wno-objc-literal-conversion -Wshorten-64-to-32 -Wpointer-sign -Wno-newline-eof -Wno-selector -Wno-strict-selector-match -Wno-undeclared-selector -Wno-deprecated-implementations -Wno-implicit-fallthrough -fstrict-aliasing -Wprotocol -Wdeprecated-declarations -Wno-sign-conversion -Wno-infinite-recursion -Wno-comma -Wno-block-capture-autoreleasing -Wno-strict-prototypes -Wno-semicolon-before-method-body -index-store-path /Users/siam/Library/Developer/Xcode/DerivedData/Lingua_Quest-gvpckrqxtbgyprbgppjfqmimmmfw/Index.noindex/DataStore @/Users/siam/Library/Developer/Xcode/DerivedData/Lingua_Quest-gvpckrqxtbgyprbgppjfqmimmmfw/Build/Intermediates.noindex/GoogleUtilities.build/Debug-iphonesimulator/GoogleUtilities-Network.build/Objects-normal/arm64/e6072d4f65d7061329687fe24e3d63a7-common-args.resp -include /Users/siam/Library/Developer/Xcode/DerivedData/Lingua_Quest-gvpckrqxtbgyprbgppjfqmimmmfw/Build/Intermediates.noindex/GoogleUtilities.build/Debug-iphonesimulator/GoogleUtilities-Network.build/DerivedSources/resource_bundle_accessor.h -MMD -MT dependencies -MF /Users/siam/Library/Developer/Xcode/DerivedData/Lingua_Quest-gvpckrqxtbgyprbgppjfqmimmmfw/Build/Intermediates.noindex/GoogleUtilities.build/Debug-iphonesimulator/GoogleUtilities-Network.build/Objects-normal/arm64/resource_bundle_accessor.d --serialize-diagnostics /Users/siam/Library/Developer/Xcode/DerivedData/Lingua_Quest-gvpckrqxtbgyprbgppjfqmimmmfw/Build/Intermediates.noindex/GoogleUtilities.build/Debug-iphonesimulator/GoogleUtilities-Network.build/Objects-normal/arm64/resource_bundle_accessor.dia -c /Users/siam/Library/Developer/Xcode/DerivedData/Lingua_Quest-gvpckrqxtbgyprbgppjfqmimmmfw/Build/Intermediates.noindex/GoogleUtilities.build/Debug-iphonesimulator/GoogleUtilities-Network.build/DerivedSources/resource_bundle_accessor.m -o /Users/siam/Library/Developer/Xcode/DerivedData/Lingua_Quest-gvpckrqxtbgyprbgppjfqmimmmfw/Build/Intermediates.noindex/GoogleUtilities.build/Debug-iphonesimulator/GoogleUtilities-Network.build/Objects-normal/arm64/resource_bundle_accessor.o -index-unit-output-path /GoogleUtilities.build/Debug-iphonesimulator/GoogleUtilities-Network.build/Objects-normal/arm64/resource_bundle_accessor.o

CompileC /Users/siam/Library/Developer/Xcode/DerivedData/Lingua_Quest-gvpckrqxtbgyprbgppjfqmimmmfw/Build/Intermediates.noindex/GoogleUtilities.build/Debug-iphonesimulator/GoogleUtilities-Network.build/Objects-normal/x86_64/GULMutableDictionary.o /Users/siam/Library/Developer/Xcode/DerivedData/Lingua_Quest-gvpckrqxtbgyprbgppjfqmimmmfw/SourcePackages/checkouts/GoogleUtilities/GoogleUtilities/Network/GULMutableDictionary.m normal x86_64 objective-c com.apple.compilers.llvm.clang.1_0.compiler (in target 'GoogleUtilities-Network' from project 'GoogleUtilities')
    cd /Users/siam/Desktop/Lingua\ Quest/Lingua\ Quest.xcodeproj
    
    Using response file: /Users/siam/Library/Developer/Xcode/DerivedData/Lingua_Quest-gvpckrqxtbgyprbgppjfqmimmmfw/Build/Intermediates.noindex/GoogleUtilities.build/Debug-iphonesimulator/GoogleUtilities-Network.build/Objects-normal/x86_64/e6072d4f65d7061329687fe24e3d63a7-common-args.resp
    
    /Applications/Xcode.app/Contents/Developer/Toolchains/XcodeDefault.xctoolchain/usr/bin/clang -x objective-c -ivfsstatcache /Users/siam/Library/Developer/Xcode/DerivedData/SDKStatCaches.noindex/iphonesimulator26.0-23A339-26257891a6c027eb51374368541b8346.sdkstatcache -fmessage-length\=0 -fdiagnostics-show-note-include-stack -fmacro-backtrace-limit\=0 -fno-color-diagnostics -fmodules-prune-interval\=86400 -fmodules-prune-after\=345600 -fbuild-session-file\=/Users/siam/Library/Developer/Xcode/DerivedData/ModuleCache.noindex/Session.modulevalidation -fmodules-validate-once-per-build-session -Wnon-modular-include-in-framework-module -Werror\=non-modular-include-in-framework-module -Wno-trigraphs -Wno-missing-field-initializers -Wno-missing-prototypes -Wno-return-type -Wno-implicit-atomic-properties -Wno-objc-interface-ivars -Wno-arc-repeated-use-of-weak -Wno-missing-braces -Wparentheses -Wswitch -Wno-unused-function -Wno-unused-label -Wno-unused-parameter -Wno-unused-variable -Wunused-value -Wno-empty-body -Wno-uninitialized -Wno-unknown-pragmas -w -Wno-shadow -Wno-four-char-constants -Wno-conversion -Wno-constant-conversion -Wno-int-conversion -Wno-bool-conversion -Wno-enum-conversion -Wno-float-conversion -Wno-non-literal-null-conversion -Wno-objc-literal-conversion -Wshorten-64-to-32 -Wpointer-sign -Wno-newline-eof -Wno-selector -Wno-strict-selector-match -Wno-undeclared-selector -Wno-deprecated-implementations -Wno-implicit-fallthrough -fstrict-aliasing -Wprotocol -Wdeprecated-declarations -Wno-sign-conversion -Wno-infinite-recursion -Wno-comma -Wno-block-capture-autoreleasing -Wno-strict-prototypes -Wno-semicolon-before-method-body -index-store-path /Users/siam/Library/Developer/Xcode/DerivedData/Lingua_Quest-gvpckrqxtbgyprbgppjfqmimmmfw/Index.noindex/DataStore @/Users/siam/Library/Developer/Xcode/DerivedData/Lingua_Quest-gvpckrqxtbgyprbgppjfqmimmmfw/Build/Intermediates.noindex/GoogleUtilities.build/Debug-iphonesimulator/GoogleUtilities-Network.build/Objects-normal/x86_64/e6072d4f65d7061329687fe24e3d63a7-common-args.resp -include /Users/siam/Library/Developer/Xcode/DerivedData/Lingua_Quest-gvpckrqxtbgyprbgppjfqmimmmfw/Build/Intermediates.noindex/GoogleUtilities.build/Debug-iphonesimulator/GoogleUtilities-Network.build/DerivedSources/resource_bundle_accessor.h -MMD -MT dependencies -MF /Users/siam/Library/Developer/Xcode/DerivedData/Lingua_Quest-gvpckrqxtbgyprbgppjfqmimmmfw/Build/Intermediates.noindex/GoogleUtilities.build/Debug-iphonesimulator/GoogleUtilities-Network.build/Objects-normal/x86_64/GULMutableDictionary.d --serialize-diagnostics /Users/siam/Library/Developer/Xcode/DerivedData/Lingua_Quest-gvpckrqxtbgyprbgppjfqmimmmfw/Build/Intermediates.noindex/GoogleUtilities.build/Debug-iphonesimulator/GoogleUtilities-Network.build/Objects-normal/x86_64/GULMutableDictionary.dia -c /Users/siam/Library/Developer/Xcode/DerivedData/Lingua_Quest-gvpckrqxtbgyprbgppjfqmimmmfw/SourcePackages/checkouts/GoogleUtilities/GoogleUtilities/Network/GULMutableDictionary.m -o /Users/siam/Library/Developer/Xcode/DerivedData/Lingua_Quest-gvpckrqxtbgyprbgppjfqmimmmfw/Build/Intermediates.noindex/GoogleUtilities.build/Debug-iphonesimulator/GoogleUtilities-Network.build/Objects-normal/x86_64/GULMutableDictionary.o -index-unit-output-path /GoogleUtilities.build/Debug-iphonesimulator/GoogleUtilities-Network.build/Objects-normal/x86_64/GULMutableDictionary.o

ScanDependencies /Users/siam/Library/Developer/Xcode/DerivedData/Lingua_Quest-gvpckrqxtbgyprbgppjfqmimmmfw/Build/Intermediates.noindex/GoogleUtilities.build/Debug-iphonesimulator/GoogleUtilities-Network.build/Objects-normal/arm64/GULNetworkURLSession.o /Users/siam/Library/Developer/Xcode/DerivedData/Lingua_Quest-gvpckrqxtbgyprbgppjfqmimmmfw/SourcePackages/checkouts/GoogleUtilities/GoogleUtilities/Network/GULNetworkURLSession.m normal arm64 objective-c com.apple.compilers.llvm.clang.1_0.compiler (in target 'GoogleUtilities-Network' from project 'GoogleUtilities')
    cd /Users/siam/Desktop/Lingua\ Quest/Lingua\ Quest.xcodeproj
    
    Using response file: /Users/siam/Library/Developer/Xcode/DerivedData/Lingua_Quest-gvpckrqxtbgyprbgppjfqmimmmfw/Build/Intermediates.noindex/GoogleUtilities.build/Debug-iphonesimulator/GoogleUtilities-Network.build/Objects-normal/arm64/e6072d4f65d7061329687fe24e3d63a7-common-args.resp
    
    builtin-ScanDependencies -o /Users/siam/Library/Developer/Xcode/DerivedData/Lingua_Quest-gvpckrqxtbgyprbgppjfqmimmmfw/Build/Intermediates.noindex/GoogleUtilities.build/Debug-iphonesimulator/GoogleUtilities-Network.build/Objects-normal/arm64/GULNetworkURLSession.o.scan -- /Applications/Xcode.app/Contents/Developer/Toolchains/XcodeDefault.xctoolchain/usr/bin/clang -x objective-c -ivfsstatcache /Users/siam/Library/Developer/Xcode/DerivedData/SDKStatCaches.noindex/iphonesimulator26.0-23A339-26257891a6c027eb51374368541b8346.sdkstatcache -fmessage-length\=0 -fdiagnostics-show-note-include-stack -fmacro-backtrace-limit\=0 -fno-color-diagnostics -fmodules-prune-interval\=86400 -fmodules-prune-after\=345600 -fbuild-session-file\=/Users/siam/Library/Developer/Xcode/DerivedData/ModuleCache.noindex/Session.modulevalidation -fmodules-validate-once-per-build-session -Wnon-modular-include-in-framework-module -Werror\=non-modular-include-in-framework-module -Wno-trigraphs -Wno-missing-field-initializers -Wno-missing-prototypes -Wno-return-type -Wno-implicit-atomic-properties -Wno-objc-interface-ivars -Wno-arc-repeated-use-of-weak -Wno-missing-braces -Wparentheses -Wswitch -Wno-unused-function -Wno-unused-label -Wno-unused-parameter -Wno-unused-variable -Wunused-value -Wno-empty-body -Wno-uninitialized -Wno-unknown-pragmas -w -Wno-shadow -Wno-four-char-constants -Wno-conversion -Wno-constant-conversion -Wno-int-conversion -Wno-bool-conversion -Wno-enum-conversion -Wno-float-conversion -Wno-non-literal-null-conversion -Wno-objc-literal-conversion -Wshorten-64-to-32 -Wpointer-sign -Wno-newline-eof -Wno-selector -Wno-strict-selector-match -Wno-undeclared-selector -Wno-deprecated-implementations -Wno-implicit-fallthrough -fstrict-aliasing -Wprotocol -Wdeprecated-declarations -Wno-sign-conversion -Wno-infinite-recursion -Wno-comma -Wno-block-capture-autoreleasing -Wno-strict-prototypes -Wno-semicolon-before-method-body -index-store-path /Users/siam/Library/Developer/Xcode/DerivedData/Lingua_Quest-gvpckrqxtbgyprbgppjfqmimmmfw/Index.noindex/DataStore @/Users/siam/Library/Developer/Xcode/DerivedData/Lingua_Quest-gvpckrqxtbgyprbgppjfqmimmmfw/Build/Intermediates.noindex/GoogleUtilities.build/Debug-iphonesimulator/GoogleUtilities-Network.build/Objects-normal/arm64/e6072d4f65d7061329687fe24e3d63a7-common-args.resp -include /Users/siam/Library/Developer/Xcode/DerivedData/Lingua_Quest-gvpckrqxtbgyprbgppjfqmimmmfw/Build/Intermediates.noindex/GoogleUtilities.build/Debug-iphonesimulator/GoogleUtilities-Network.build/DerivedSources/resource_bundle_accessor.h -MMD -MT dependencies -MF /Users/siam/Library/Developer/Xcode/DerivedData/Lingua_Quest-gvpckrqxtbgyprbgppjfqmimmmfw/Build/Intermediates.noindex/GoogleUtilities.build/Debug-iphonesimulator/GoogleUtilities-Network.build/Objects-normal/arm64/GULNetworkURLSession.d --serialize-diagnostics /Users/siam/Library/Developer/Xcode/DerivedData/Lingua_Quest-gvpckrqxtbgyprbgppjfqmimmmfw/Build/Intermediates.noindex/GoogleUtilities.build/Debug-iphonesimulator/GoogleUtilities-Network.build/Objects-normal/arm64/GULNetworkURLSession.dia -c /Users/siam/Library/Developer/Xcode/DerivedData/Lingua_Quest-gvpckrqxtbgyprbgppjfqmimmmfw/SourcePackages/checkouts/GoogleUtilities/GoogleUtilities/Network/GULNetworkURLSession.m -o /Users/siam/Library/Developer/Xcode/DerivedData/Lingua_Quest-gvpckrqxtbgyprbgppjfqmimmmfw/Build/Intermediates.noindex/GoogleUtilities.build/Debug-iphonesimulator/GoogleUtilities-Network.build/Objects-normal/arm64/GULNetworkURLSession.o -index-unit-output-path /GoogleUtilities.build/Debug-iphonesimulator/GoogleUtilities-Network.build/Objects-normal/arm64/GULNetworkURLSession.o

CompileC /Users/siam/Library/Developer/Xcode/DerivedData/Lingua_Quest-gvpckrqxtbgyprbgppjfqmimmmfw/Build/Intermediates.noindex/GoogleUtilities.build/Debug-iphonesimulator/GoogleUtilities-Network.build/Objects-normal/x86_64/GULNetworkConstants.o /Users/siam/Library/Developer/Xcode/DerivedData/Lingua_Quest-gvpckrqxtbgyprbgppjfqmimmmfw/SourcePackages/checkouts/GoogleUtilities/GoogleUtilities/Network/GULNetworkConstants.m normal x86_64 objective-c com.apple.compilers.llvm.clang.1_0.compiler (in target 'GoogleUtilities-Network' from project 'GoogleUtilities')
    cd /Users/siam/Desktop/Lingua\ Quest/Lingua\ Quest.xcodeproj
    
    Using response file: /Users/siam/Library/Developer/Xcode/DerivedData/Lingua_Quest-gvpckrqxtbgyprbgppjfqmimmmfw/Build/Intermediates.noindex/GoogleUtilities.build/Debug-iphonesimulator/GoogleUtilities-Network.build/Objects-normal/x86_64/e6072d4f65d7061329687fe24e3d63a7-common-args.resp
    
    /Applications/Xcode.app/Contents/Developer/Toolchains/XcodeDefault.xctoolchain/usr/bin/clang -x objective-c -ivfsstatcache /Users/siam/Library/Developer/Xcode/DerivedData/SDKStatCaches.noindex/iphonesimulator26.0-23A339-26257891a6c027eb51374368541b8346.sdkstatcache -fmessage-length\=0 -fdiagnostics-show-note-include-stack -fmacro-backtrace-limit\=0 -fno-color-diagnostics -fmodules-prune-interval\=86400 -fmodules-prune-after\=345600 -fbuild-session-file\=/Users/siam/Library/Developer/Xcode/DerivedData/ModuleCache.noindex/Session.modulevalidation -fmodules-validate-once-per-build-session -Wnon-modular-include-in-framework-module -Werror\=non-modular-include-in-framework-module -Wno-trigraphs -Wno-missing-field-initializers -Wno-missing-prototypes -Wno-return-type -Wno-implicit-atomic-properties -Wno-objc-interface-ivars -Wno-arc-repeated-use-of-weak -Wno-missing-braces -Wparentheses -Wswitch -Wno-unused-function -Wno-unused-label -Wno-unused-parameter -Wno-unused-variable -Wunused-value -Wno-empty-body -Wno-uninitialized -Wno-unknown-pragmas -w -Wno-shadow -Wno-four-char-constants -Wno-conversion -Wno-constant-conversion -Wno-int-conversion -Wno-bool-conversion -Wno-enum-conversion -Wno-float-conversion -Wno-non-literal-null-conversion -Wno-objc-literal-conversion -Wshorten-64-to-32 -Wpointer-sign -Wno-newline-eof -Wno-selector -Wno-strict-selector-match -Wno-undeclared-selector -Wno-deprecated-implementations -Wno-implicit-fallthrough -fstrict-aliasing -Wprotocol -Wdeprecated-declarations -Wno-sign-conversion -Wno-infinite-recursion -Wno-comma -Wno-block-capture-autoreleasing -Wno-strict-prototypes -Wno-semicolon-before-method-body -index-store-path /Users/siam/Library/Developer/Xcode/DerivedData/Lingua_Quest-gvpckrqxtbgyprbgppjfqmimmmfw/Index.noindex/DataStore @/Users/siam/Library/Developer/Xcode/DerivedData/Lingua_Quest-gvpckrqxtbgyprbgppjfqmimmmfw/Build/Intermediates.noindex/GoogleUtilities.build/Debug-iphonesimulator/GoogleUtilities-Network.build/Objects-normal/x86_64/e6072d4f65d7061329687fe24e3d63a7-common-args.resp -include /Users/siam/Library/Developer/Xcode/DerivedData/Lingua_Quest-gvpckrqxtbgyprbgppjfqmimmmfw/Build/Intermediates.noindex/GoogleUtilities.build/Debug-iphonesimulator/GoogleUtilities-Network.build/DerivedSources/resource_bundle_accessor.h -MMD -MT dependencies -MF /Users/siam/Library/Developer/Xcode/DerivedData/Lingua_Quest-gvpckrqxtbgyprbgppjfqmimmmfw/Build/Intermediates.noindex/GoogleUtilities.build/Debug-iphonesimulator/GoogleUtilities-Network.build/Objects-normal/x86_64/GULNetworkConstants.d --serialize-diagnostics /Users/siam/Library/Developer/Xcode/DerivedData/Lingua_Quest-gvpckrqxtbgyprbgppjfqmimmmfw/Build/Intermediates.noindex/GoogleUtilities.build/Debug-iphonesimulator/GoogleUtilities-Network.build/Objects-normal/x86_64/GULNetworkConstants.dia -c /Users/siam/Library/Developer/Xcode/DerivedData/Lingua_Quest-gvpckrqxtbgyprbgppjfqmimmmfw/SourcePackages/checkouts/GoogleUtilities/GoogleUtilities/Network/GULNetworkConstants.m -o /Users/siam/Library/Developer/Xcode/DerivedData/Lingua_Quest-gvpckrqxtbgyprbgppjfqmimmmfw/Build/Intermediates.noindex/GoogleUtilities.build/Debug-iphonesimulator/GoogleUtilities-Network.build/Objects-normal/x86_64/GULNetworkConstants.o -index-unit-output-path /GoogleUtilities.build/Debug-iphonesimulator/GoogleUtilities-Network.build/Objects-normal/x86_64/GULNetworkConstants.o

PrecompileModule /Users/siam/Library/Developer/Xcode/DerivedData/Lingua_Quest-gvpckrqxtbgyprbgppjfqmimmmfw/Build/Intermediates.noindex/ExplicitPrecompiledModules/Dispatch-9DV8DUKWAV5Z1X528NZBSTP3P.scan
    cd /
    builtin-precompileModule /Users/siam/Library/Developer/Xcode/DerivedData/Lingua_Quest-gvpckrqxtbgyprbgppjfqmimmmfw/Build/Intermediates.noindex/ExplicitPrecompiledModules/Dispatch-9DV8DUKWAV5Z1X528NZBSTP3P.scan

ScanDependencies /Users/siam/Library/Developer/Xcode/DerivedData/Lingua_Quest-gvpckrqxtbgyprbgppjfqmimmmfw/Build/Intermediates.noindex/GoogleUtilities.build/Debug-iphonesimulator/GoogleUtilities-Network.build/Objects-normal/arm64/GULNetworkConstants.o /Users/siam/Library/Developer/Xcode/DerivedData/Lingua_Quest-gvpckrqxtbgyprbgppjfqmimmmfw/SourcePackages/checkouts/GoogleUtilities/GoogleUtilities/Network/GULNetworkConstants.m normal arm64 objective-c com.apple.compilers.llvm.clang.1_0.compiler (in target 'GoogleUtilities-Network' from project 'GoogleUtilities')
    cd /Users/siam/Desktop/Lingua\ Quest/Lingua\ Quest.xcodeproj
    
    Using response file: /Users/siam/Library/Developer/Xcode/DerivedData/Lingua_Quest-gvpckrqxtbgyprbgppjfqmimmmfw/Build/Intermediates.noindex/GoogleUtilities.build/Debug-iphonesimulator/GoogleUtilities-Network.build/Objects-normal/arm64/e6072d4f65d7061329687fe24e3d63a7-common-args.resp
    
    builtin-ScanDependencies -o /Users/siam/Library/Developer/Xcode/DerivedData/Lingua_Quest-gvpckrqxtbgyprbgppjfqmimmmfw/Build/Intermediates.noindex/GoogleUtilities.build/Debug-iphonesimulator/GoogleUtilities-Network.build/Objects-normal/arm64/GULNetworkConstants.o.scan -- /Applications/Xcode.app/Contents/Developer/Toolchains/XcodeDefault.xctoolchain/usr/bin/clang -x objective-c -ivfsstatcache /Users/siam/Library/Developer/Xcode/DerivedData/SDKStatCaches.noindex/iphonesimulator26.0-23A339-26257891a6c027eb51374368541b8346.sdkstatcache -fmessage-length\=0 -fdiagnostics-show-note-include-stack -fmacro-backtrace-limit\=0 -fno-color-diagnostics -fmodules-prune-interval\=86400 -fmodules-prune-after\=345600 -fbuild-session-file\=/Users/siam/Library/Developer/Xcode/DerivedData/ModuleCache.noindex/Session.modulevalidation -fmodules-validate-once-per-build-session -Wnon-modular-include-in-framework-module -Werror\=non-modular-include-in-framework-module -Wno-trigraphs -Wno-missing-field-initializers -Wno-missing-prototypes -Wno-return-type -Wno-implicit-atomic-properties -Wno-objc-interface-ivars -Wno-arc-repeated-use-of-weak -Wno-missing-braces -Wparentheses -Wswitch -Wno-unused-function -Wno-unused-label -Wno-unused-parameter -Wno-unused-variable -Wunused-value -Wno-empty-body -Wno-uninitialized -Wno-unknown-pragmas -w -Wno-shadow -Wno-four-char-constants -Wno-conversion -Wno-constant-conversion -Wno-int-conversion -Wno-bool-conversion -Wno-enum-conversion -Wno-float-conversion -Wno-non-literal-null-conversion -Wno-objc-literal-conversion -Wshorten-64-to-32 -Wpointer-sign -Wno-newline-eof -Wno-selector -Wno-strict-selector-match -Wno-undeclared-selector -Wno-deprecated-implementations -Wno-implicit-fallthrough -fstrict-aliasing -Wprotocol -Wdeprecated-declarations -Wno-sign-conversion -Wno-infinite-recursion -Wno-comma -Wno-block-capture-autoreleasing -Wno-strict-prototypes -Wno-semicolon-before-method-body -index-store-path /Users/siam/Library/Developer/Xcode/DerivedData/Lingua_Quest-gvpckrqxtbgyprbgppjfqmimmmfw/Index.noindex/DataStore @/Users/siam/Library/Developer/Xcode/DerivedData/Lingua_Quest-gvpckrqxtbgyprbgppjfqmimmmfw/Build/Intermediates.noindex/GoogleUtilities.build/Debug-iphonesimulator/GoogleUtilities-Network.build/Objects-normal/arm64/e6072d4f65d7061329687fe24e3d63a7-common-args.resp -include /Users/siam/Library/Developer/Xcode/DerivedData/Lingua_Quest-gvpckrqxtbgyprbgppjfqmimmmfw/Build/Intermediates.noindex/GoogleUtilities.build/Debug-iphonesimulator/GoogleUtilities-Network.build/DerivedSources/resource_bundle_accessor.h -MMD -MT dependencies -MF /Users/siam/Library/Developer/Xcode/DerivedData/Lingua_Quest-gvpckrqxtbgyprbgppjfqmimmmfw/Build/Intermediates.noindex/GoogleUtilities.build/Debug-iphonesimulator/GoogleUtilities-Network.build/Objects-normal/arm64/GULNetworkConstants.d --serialize-diagnostics /Users/siam/Library/Developer/Xcode/DerivedData/Lingua_Quest-gvpckrqxtbgyprbgppjfqmimmmfw/Build/Intermediates.noindex/GoogleUtilities.build/Debug-iphonesimulator/GoogleUtilities-Network.build/Objects-normal/arm64/GULNetworkConstants.dia -c /Users/siam/Library/Developer/Xcode/DerivedData/Lingua_Quest-gvpckrqxtbgyprbgppjfqmimmmfw/SourcePackages/checkouts/GoogleUtilities/GoogleUtilities/Network/GULNetworkConstants.m -o /Users/siam/Library/Developer/Xcode/DerivedData/Lingua_Quest-gvpckrqxtbgyprbgppjfqmimmmfw/Build/Intermediates.noindex/GoogleUtilities.build/Debug-iphonesimulator/GoogleUtilities-Network.build/Objects-normal/arm64/GULNetworkConstants.o -index-unit-output-path /GoogleUtilities.build/Debug-iphonesimulator/GoogleUtilities-Network.build/Objects-normal/arm64/GULNetworkConstants.o

PrecompileModule /Users/siam/Library/Developer/Xcode/DerivedData/Lingua_Quest-gvpckrqxtbgyprbgppjfqmimmmfw/Build/Intermediates.noindex/ExplicitPrecompiledModules/GoogleUtilities_Reachability-EI4N4CHZWKX49C892WHKNZKFJ.scan
    cd /
    builtin-precompileModule /Users/siam/Library/Developer/Xcode/DerivedData/Lingua_Quest-gvpckrqxtbgyprbgppjfqmimmmfw/Build/Intermediates.noindex/ExplicitPrecompiledModules/GoogleUtilities_Reachability-EI4N4CHZWKX49C892WHKNZKFJ.scan

PrecompileModule /Users/siam/Library/Developer/Xcode/DerivedData/Lingua_Quest-gvpckrqxtbgyprbgppjfqmimmmfw/Build/Intermediates.noindex/ExplicitPrecompiledModules/CFNetwork-38GI9BDJY77BX2468SFJS9JGI.scan
    cd /
    builtin-precompileModule /Users/siam/Library/Developer/Xcode/DerivedData/Lingua_Quest-gvpckrqxtbgyprbgppjfqmimmmfw/Build/Intermediates.noindex/ExplicitPrecompiledModules/CFNetwork-38GI9BDJY77BX2468SFJS9JGI.scan

PrecompileModule /Users/siam/Library/Developer/Xcode/DerivedData/Lingua_Quest-gvpckrqxtbgyprbgppjfqmimmmfw/Build/Intermediates.noindex/ExplicitPrecompiledModules/Security-PLW8KQC9JYDZ1EYAAPJ3G64P.scan
    cd /
    builtin-precompileModule /Users/siam/Library/Developer/Xcode/DerivedData/Lingua_Quest-gvpckrqxtbgyprbgppjfqmimmmfw/Build/Intermediates.noindex/ExplicitPrecompiledModules/Security-PLW8KQC9JYDZ1EYAAPJ3G64P.scan

PrecompileModule /Users/siam/Library/Developer/Xcode/DerivedData/Lingua_Quest-gvpckrqxtbgyprbgppjfqmimmmfw/Build/Intermediates.noindex/ExplicitPrecompiledModules/GoogleUtilities_NSData-6W9X2OKWWTCR0YWVTRR95IXGQ.scan
    cd /
    builtin-precompileModule /Users/siam/Library/Developer/Xcode/DerivedData/Lingua_Quest-gvpckrqxtbgyprbgppjfqmimmmfw/Build/Intermediates.noindex/ExplicitPrecompiledModules/GoogleUtilities_NSData-6W9X2OKWWTCR0YWVTRR95IXGQ.scan

ScanDependencies /Users/siam/Library/Developer/Xcode/DerivedData/Lingua_Quest-gvpckrqxtbgyprbgppjfqmimmmfw/Build/Intermediates.noindex/GoogleUtilities.build/Debug-iphonesimulator/GoogleUtilities-Network.build/Objects-normal/arm64/GULNetwork.o /Users/siam/Library/Developer/Xcode/DerivedData/Lingua_Quest-gvpckrqxtbgyprbgppjfqmimmmfw/SourcePackages/checkouts/GoogleUtilities/GoogleUtilities/Network/GULNetwork.m normal arm64 objective-c com.apple.compilers.llvm.clang.1_0.compiler (in target 'GoogleUtilities-Network' from project 'GoogleUtilities')
    cd /Users/siam/Desktop/Lingua\ Quest/Lingua\ Quest.xcodeproj
    
    Using response file: /Users/siam/Library/Developer/Xcode/DerivedData/Lingua_Quest-gvpckrqxtbgyprbgppjfqmimmmfw/Build/Intermediates.noindex/GoogleUtilities.build/Debug-iphonesimulator/GoogleUtilities-Network.build/Objects-normal/arm64/e6072d4f65d7061329687fe24e3d63a7-common-args.resp
    
    builtin-ScanDependencies -o /Users/siam/Library/Developer/Xcode/DerivedData/Lingua_Quest-gvpckrqxtbgyprbgppjfqmimmmfw/Build/Intermediates.noindex/GoogleUtilities.build/Debug-iphonesimulator/GoogleUtilities-Network.build/Objects-normal/arm64/GULNetwork.o.scan -- /Applications/Xcode.app/Contents/Developer/Toolchains/XcodeDefault.xctoolchain/usr/bin/clang -x objective-c -ivfsstatcache /Users/siam/Library/Developer/Xcode/DerivedData/SDKStatCaches.noindex/iphonesimulator26.0-23A339-26257891a6c027eb51374368541b8346.sdkstatcache -fmessage-length\=0 -fdiagnostics-show-note-include-stack -fmacro-backtrace-limit\=0 -fno-color-diagnostics -fmodules-prune-interval\=86400 -fmodules-prune-after\=345600 -fbuild-session-file\=/Users/siam/Library/Developer/Xcode/DerivedData/ModuleCache.noindex/Session.modulevalidation -fmodules-validate-once-per-build-session -Wnon-modular-include-in-framework-module -Werror\=non-modular-include-in-framework-module -Wno-trigraphs -Wno-missing-field-initializers -Wno-missing-prototypes -Wno-return-type -Wno-implicit-atomic-properties -Wno-objc-interface-ivars -Wno-arc-repeated-use-of-weak -Wno-missing-braces -Wparentheses -Wswitch -Wno-unused-function -Wno-unused-label -Wno-unused-parameter -Wno-unused-variable -Wunused-value -Wno-empty-body -Wno-uninitialized -Wno-unknown-pragmas -w -Wno-shadow -Wno-four-char-constants -Wno-conversion -Wno-constant-conversion -Wno-int-conversion -Wno-bool-conversion -Wno-enum-conversion -Wno-float-conversion -Wno-non-literal-null-conversion -Wno-objc-literal-conversion -Wshorten-64-to-32 -Wpointer-sign -Wno-newline-eof -Wno-selector -Wno-strict-selector-match -Wno-undeclared-selector -Wno-deprecated-implementations -Wno-implicit-fallthrough -fstrict-aliasing -Wprotocol -Wdeprecated-declarations -Wno-sign-conversion -Wno-infinite-recursion -Wno-comma -Wno-block-capture-autoreleasing -Wno-strict-prototypes -Wno-semicolon-before-method-body -index-store-path /Users/siam/Library/Developer/Xcode/DerivedData/Lingua_Quest-gvpckrqxtbgyprbgppjfqmimmmfw/Index.noindex/DataStore @/Users/siam/Library/Developer/Xcode/DerivedData/Lingua_Quest-gvpckrqxtbgyprbgppjfqmimmmfw/Build/Intermediates.noindex/GoogleUtilities.build/Debug-iphonesimulator/GoogleUtilities-Network.build/Objects-normal/arm64/e6072d4f65d7061329687fe24e3d63a7-common-args.resp -include /Users/siam/Library/Developer/Xcode/DerivedData/Lingua_Quest-gvpckrqxtbgyprbgppjfqmimmmfw/Build/Intermediates.noindex/GoogleUtilities.build/Debug-iphonesimulator/GoogleUtilities-Network.build/DerivedSources/resource_bundle_accessor.h -MMD -MT dependencies -MF /Users/siam/Library/Developer/Xcode/DerivedData/Lingua_Quest-gvpckrqxtbgyprbgppjfqmimmmfw/Build/Intermediates.noindex/GoogleUtilities.build/Debug-iphonesimulator/GoogleUtilities-Network.build/Objects-normal/arm64/GULNetwork.d --serialize-diagnostics /Users/siam/Library/Developer/Xcode/DerivedData/Lingua_Quest-gvpckrqxtbgyprbgppjfqmimmmfw/Build/Intermediates.noindex/GoogleUtilities.build/Debug-iphonesimulator/GoogleUtilities-Network.build/Objects-normal/arm64/GULNetwork.dia -c /Users/siam/Library/Developer/Xcode/DerivedData/Lingua_Quest-gvpckrqxtbgyprbgppjfqmimmmfw/SourcePackages/checkouts/GoogleUtilities/GoogleUtilities/Network/GULNetwork.m -o /Users/siam/Library/Developer/Xcode/DerivedData/Lingua_Quest-gvpckrqxtbgyprbgppjfqmimmmfw/Build/Intermediates.noindex/GoogleUtilities.build/Debug-iphonesimulator/GoogleUtilities-Network.build/Objects-normal/arm64/GULNetwork.o -index-unit-output-path /GoogleUtilities.build/Debug-iphonesimulator/GoogleUtilities-Network.build/Objects-normal/arm64/GULNetwork.o

ScanDependencies /Users/siam/Library/Developer/Xcode/DerivedData/Lingua_Quest-gvpckrqxtbgyprbgppjfqmimmmfw/Build/Intermediates.noindex/GoogleUtilities.build/Debug-iphonesimulator/GoogleUtilities-Network.build/Objects-normal/arm64/GULMutableDictionary.o /Users/siam/Library/Developer/Xcode/DerivedData/Lingua_Quest-gvpckrqxtbgyprbgppjfqmimmmfw/SourcePackages/checkouts/GoogleUtilities/GoogleUtilities/Network/GULMutableDictionary.m normal arm64 objective-c com.apple.compilers.llvm.clang.1_0.compiler (in target 'GoogleUtilities-Network' from project 'GoogleUtilities')
    cd /Users/siam/Desktop/Lingua\ Quest/Lingua\ Quest.xcodeproj
    
    Using response file: /Users/siam/Library/Developer/Xcode/DerivedData/Lingua_Quest-gvpckrqxtbgyprbgppjfqmimmmfw/Build/Intermediates.noindex/GoogleUtilities.build/Debug-iphonesimulator/GoogleUtilities-Network.build/Objects-normal/arm64/e6072d4f65d7061329687fe24e3d63a7-common-args.resp
    
    builtin-ScanDependencies -o /Users/siam/Library/Developer/Xcode/DerivedData/Lingua_Quest-gvpckrqxtbgyprbgppjfqmimmmfw/Build/Intermediates.noindex/GoogleUtilities.build/Debug-iphonesimulator/GoogleUtilities-Network.build/Objects-normal/arm64/GULMutableDictionary.o.scan -- /Applications/Xcode.app/Contents/Developer/Toolchains/XcodeDefault.xctoolchain/usr/bin/clang -x objective-c -ivfsstatcache /Users/siam/Library/Developer/Xcode/DerivedData/SDKStatCaches.noindex/iphonesimulator26.0-23A339-26257891a6c027eb51374368541b8346.sdkstatcache -fmessage-length\=0 -fdiagnostics-show-note-include-stack -fmacro-backtrace-limit\=0 -fno-color-diagnostics -fmodules-prune-interval\=86400 -fmodules-prune-after\=345600 -fbuild-session-file\=/Users/siam/Library/Developer/Xcode/DerivedData/ModuleCache.noindex/Session.modulevalidation -fmodules-validate-once-per-build-session -Wnon-modular-include-in-framework-module -Werror\=non-modular-include-in-framework-module -Wno-trigraphs -Wno-missing-field-initializers -Wno-missing-prototypes -Wno-return-type -Wno-implicit-atomic-properties -Wno-objc-interface-ivars -Wno-arc-repeated-use-of-weak -Wno-missing-braces -Wparentheses -Wswitch -Wno-unused-function -Wno-unused-label -Wno-unused-parameter -Wno-unused-variable -Wunused-value -Wno-empty-body -Wno-uninitialized -Wno-unknown-pragmas -w -Wno-shadow -Wno-four-char-constants -Wno-conversion -Wno-constant-conversion -Wno-int-conversion -Wno-bool-conversion -Wno-enum-conversion -Wno-float-conversion -Wno-non-literal-null-conversion -Wno-objc-literal-conversion -Wshorten-64-to-32 -Wpointer-sign -Wno-newline-eof -Wno-selector -Wno-strict-selector-match -Wno-undeclared-selector -Wno-deprecated-implementations -Wno-implicit-fallthrough -fstrict-aliasing -Wprotocol -Wdeprecated-declarations -Wno-sign-conversion -Wno-infinite-recursion -Wno-comma -Wno-block-capture-autoreleasing -Wno-strict-prototypes -Wno-semicolon-before-method-body -index-store-path /Users/siam/Library/Developer/Xcode/DerivedData/Lingua_Quest-gvpckrqxtbgyprbgppjfqmimmmfw/Index.noindex/DataStore @/Users/siam/Library/Developer/Xcode/DerivedData/Lingua_Quest-gvpckrqxtbgyprbgppjfqmimmmfw/Build/Intermediates.noindex/GoogleUtilities.build/Debug-iphonesimulator/GoogleUtilities-Network.build/Objects-normal/arm64/e6072d4f65d7061329687fe24e3d63a7-common-args.resp -include /Users/siam/Library/Developer/Xcode/DerivedData/Lingua_Quest-gvpckrqxtbgyprbgppjfqmimmmfw/Build/Intermediates.noindex/GoogleUtilities.build/Debug-iphonesimulator/GoogleUtilities-Network.build/DerivedSources/resource_bundle_accessor.h -MMD -MT dependencies -MF /Users/siam/Library/Developer/Xcode/DerivedData/Lingua_Quest-gvpckrqxtbgyprbgppjfqmimmmfw/Build/Intermediates.noindex/GoogleUtilities.build/Debug-iphonesimulator/GoogleUtilities-Network.build/Objects-normal/arm64/GULMutableDictionary.d --serialize-diagnostics /Users/siam/Library/Developer/Xcode/DerivedData/Lingua_Quest-gvpckrqxtbgyprbgppjfqmimmmfw/Build/Intermediates.noindex/GoogleUtilities.build/Debug-iphonesimulator/GoogleUtilities-Network.build/Objects-normal/arm64/GULMutableDictionary.dia -c /Users/siam/Library/Developer/Xcode/DerivedData/Lingua_Quest-gvpckrqxtbgyprbgppjfqmimmmfw/SourcePackages/checkouts/GoogleUtilities/GoogleUtilities/Network/GULMutableDictionary.m -o /Users/siam/Library/Developer/Xcode/DerivedData/Lingua_Quest-gvpckrqxtbgyprbgppjfqmimmmfw/Build/Intermediates.noindex/GoogleUtilities.build/Debug-iphonesimulator/GoogleUtilities-Network.build/Objects-normal/arm64/GULMutableDictionary.o -index-unit-output-path /GoogleUtilities.build/Debug-iphonesimulator/GoogleUtilities-Network.build/Objects-normal/arm64/GULMutableDictionary.o

CpResource /Users/siam/Library/Developer/Xcode/DerivedData/Lingua_Quest-gvpckrqxtbgyprbgppjfqmimmmfw/Build/Products/Debug-iphonesimulator/GoogleSignIn_GoogleSignIn.bundle/zh_TW.lproj/GoogleSignIn.strings /Users/siam/Library/Developer/Xcode/DerivedData/Lingua_Quest-gvpckrqxtbgyprbgppjfqmimmmfw/SourcePackages/checkouts/GoogleSignIn-iOS/GoogleSignIn/Sources/Strings/zh_TW.lproj/GoogleSignIn.strings (in target 'GoogleSignIn_GoogleSignIn' from project 'GoogleSignIn')
    cd /Users/siam/Library/Developer/Xcode/DerivedData/Lingua_Quest-gvpckrqxtbgyprbgppjfqmimmmfw/SourcePackages/checkouts/GoogleSignIn-iOS
    builtin-copy -exclude .DS_Store -exclude CVS -exclude .svn -exclude .git -exclude .hg -resolve-src-symlinks /Users/siam/Library/Developer/Xcode/DerivedData/Lingua_Quest-gvpckrqxtbgyprbgppjfqmimmmfw/SourcePackages/checkouts/GoogleSignIn-iOS/GoogleSignIn/Sources/Strings/zh_TW.lproj/GoogleSignIn.strings /Users/siam/Library/Developer/Xcode/DerivedData/Lingua_Quest-gvpckrqxtbgyprbgppjfqmimmmfw/Build/Products/Debug-iphonesimulator/GoogleSignIn_GoogleSignIn.bundle/zh_TW.lproj

ScanDependencies /Users/siam/Library/Developer/Xcode/DerivedData/Lingua_Quest-gvpckrqxtbgyprbgppjfqmimmmfw/Build/Intermediates.noindex/GoogleUtilities.build/Debug-iphonesimulator/GoogleUtilities-AppDelegateSwizzler.build/Objects-normal/x86_64/resource_bundle_accessor.o /Users/siam/Library/Developer/Xcode/DerivedData/Lingua_Quest-gvpckrqxtbgyprbgppjfqmimmmfw/Build/Intermediates.noindex/GoogleUtilities.build/Debug-iphonesimulator/GoogleUtilities-AppDelegateSwizzler.build/DerivedSources/resource_bundle_accessor.m normal x86_64 objective-c com.apple.compilers.llvm.clang.1_0.compiler (in target 'GoogleUtilities-AppDelegateSwizzler' from project 'GoogleUtilities')
    cd /Users/siam/Desktop/Lingua\ Quest/Lingua\ Quest.xcodeproj
    
    Using response file: /Users/siam/Library/Developer/Xcode/DerivedData/Lingua_Quest-gvpckrqxtbgyprbgppjfqmimmmfw/Build/Intermediates.noindex/GoogleUtilities.build/Debug-iphonesimulator/GoogleUtilities-AppDelegateSwizzler.build/Objects-normal/x86_64/e6072d4f65d7061329687fe24e3d63a7-common-args.resp
    
    builtin-ScanDependencies -o /Users/siam/Library/Developer/Xcode/DerivedData/Lingua_Quest-gvpckrqxtbgyprbgppjfqmimmmfw/Build/Intermediates.noindex/GoogleUtilities.build/Debug-iphonesimulator/GoogleUtilities-AppDelegateSwizzler.build/Objects-normal/x86_64/resource_bundle_accessor.o.scan -- /Applications/Xcode.app/Contents/Developer/Toolchains/XcodeDefault.xctoolchain/usr/bin/clang -x objective-c -ivfsstatcache /Users/siam/Library/Developer/Xcode/DerivedData/SDKStatCaches.noindex/iphonesimulator26.0-23A339-26257891a6c027eb51374368541b8346.sdkstatcache -fmessage-length\=0 -fdiagnostics-show-note-include-stack -fmacro-backtrace-limit\=0 -fno-color-diagnostics -fmodules-prune-interval\=86400 -fmodules-prune-after\=345600 -fbuild-session-file\=/Users/siam/Library/Developer/Xcode/DerivedData/ModuleCache.noindex/Session.modulevalidation -fmodules-validate-once-per-build-session -Wnon-modular-include-in-framework-module -Werror\=non-modular-include-in-framework-module -Wno-trigraphs -Wno-missing-field-initializers -Wno-missing-prototypes -Wno-return-type -Wno-implicit-atomic-properties -Wno-objc-interface-ivars -Wno-arc-repeated-use-of-weak -Wno-missing-braces -Wparentheses -Wswitch -Wno-unused-function -Wno-unused-label -Wno-unused-parameter -Wno-unused-variable -Wunused-value -Wno-empty-body -Wno-uninitialized -Wno-unknown-pragmas -w -Wno-shadow -Wno-four-char-constants -Wno-conversion -Wno-constant-conversion -Wno-int-conversion -Wno-bool-conversion -Wno-enum-conversion -Wno-float-conversion -Wno-non-literal-null-conversion -Wno-objc-literal-conversion -Wshorten-64-to-32 -Wpointer-sign -Wno-newline-eof -Wno-selector -Wno-strict-selector-match -Wno-undeclared-selector -Wno-deprecated-implementations -Wno-implicit-fallthrough -fstrict-aliasing -Wprotocol -Wdeprecated-declarations -Wno-sign-conversion -Wno-infinite-recursion -Wno-comma -Wno-block-capture-autoreleasing -Wno-strict-prototypes -Wno-semicolon-before-method-body -index-store-path /Users/siam/Library/Developer/Xcode/DerivedData/Lingua_Quest-gvpckrqxtbgyprbgppjfqmimmmfw/Index.noindex/DataStore @/Users/siam/Library/Developer/Xcode/DerivedData/Lingua_Quest-gvpckrqxtbgyprbgppjfqmimmmfw/Build/Intermediates.noindex/GoogleUtilities.build/Debug-iphonesimulator/GoogleUtilities-AppDelegateSwizzler.build/Objects-normal/x86_64/e6072d4f65d7061329687fe24e3d63a7-common-args.resp -include /Users/siam/Library/Developer/Xcode/DerivedData/Lingua_Quest-gvpckrqxtbgyprbgppjfqmimmmfw/Build/Intermediates.noindex/GoogleUtilities.build/Debug-iphonesimulator/GoogleUtilities-AppDelegateSwizzler.build/DerivedSources/resource_bundle_accessor.h -MMD -MT dependencies -MF /Users/siam/Library/Developer/Xcode/DerivedData/Lingua_Quest-gvpckrqxtbgyprbgppjfqmimmmfw/Build/Intermediates.noindex/GoogleUtilities.build/Debug-iphonesimulator/GoogleUtilities-AppDelegateSwizzler.build/Objects-normal/x86_64/resource_bundle_accessor.d --serialize-diagnostics /Users/siam/Library/Developer/Xcode/DerivedData/Lingua_Quest-gvpckrqxtbgyprbgppjfqmimmmfw/Build/Intermediates.noindex/GoogleUtilities.build/Debug-iphonesimulator/GoogleUtilities-AppDelegateSwizzler.build/Objects-normal/x86_64/resource_bundle_accessor.dia -c /Users/siam/Library/Developer/Xcode/DerivedData/Lingua_Quest-gvpckrqxtbgyprbgppjfqmimmmfw/Build/Intermediates.noindex/GoogleUtilities.build/Debug-iphonesimulator/GoogleUtilities-AppDelegateSwizzler.build/DerivedSources/resource_bundle_accessor.m -o /Users/siam/Library/Developer/Xcode/DerivedData/Lingua_Quest-gvpckrqxtbgyprbgppjfqmimmmfw/Build/Intermediates.noindex/GoogleUtilities.build/Debug-iphonesimulator/GoogleUtilities-AppDelegateSwizzler.build/Objects-normal/x86_64/resource_bundle_accessor.o -index-unit-output-path /GoogleUtilities.build/Debug-iphonesimulator/GoogleUtilities-AppDelegateSwizzler.build/Objects-normal/x86_64/resource_bundle_accessor.o

ScanDependencies /Users/siam/Library/Developer/Xcode/DerivedData/Lingua_Quest-gvpckrqxtbgyprbgppjfqmimmmfw/Build/Intermediates.noindex/GoogleUtilities.build/Debug-iphonesimulator/GoogleUtilities-AppDelegateSwizzler.build/Objects-normal/x86_64/GULSceneDelegateSwizzler.o /Users/siam/Library/Developer/Xcode/DerivedData/Lingua_Quest-gvpckrqxtbgyprbgppjfqmimmmfw/SourcePackages/checkouts/GoogleUtilities/GoogleUtilities/AppDelegateSwizzler/GULSceneDelegateSwizzler.m normal x86_64 objective-c com.apple.compilers.llvm.clang.1_0.compiler (in target 'GoogleUtilities-AppDelegateSwizzler' from project 'GoogleUtilities')
    cd /Users/siam/Desktop/Lingua\ Quest/Lingua\ Quest.xcodeproj
    
    Using response file: /Users/siam/Library/Developer/Xcode/DerivedData/Lingua_Quest-gvpckrqxtbgyprbgppjfqmimmmfw/Build/Intermediates.noindex/GoogleUtilities.build/Debug-iphonesimulator/GoogleUtilities-AppDelegateSwizzler.build/Objects-normal/x86_64/e6072d4f65d7061329687fe24e3d63a7-common-args.resp
    
    builtin-ScanDependencies -o /Users/siam/Library/Developer/Xcode/DerivedData/Lingua_Quest-gvpckrqxtbgyprbgppjfqmimmmfw/Build/Intermediates.noindex/GoogleUtilities.build/Debug-iphonesimulator/GoogleUtilities-AppDelegateSwizzler.build/Objects-normal/x86_64/GULSceneDelegateSwizzler.o.scan -- /Applications/Xcode.app/Contents/Developer/Toolchains/XcodeDefault.xctoolchain/usr/bin/clang -x objective-c -ivfsstatcache /Users/siam/Library/Developer/Xcode/DerivedData/SDKStatCaches.noindex/iphonesimulator26.0-23A339-26257891a6c027eb51374368541b8346.sdkstatcache -fmessage-length\=0 -fdiagnostics-show-note-include-stack -fmacro-backtrace-limit\=0 -fno-color-diagnostics -fmodules-prune-interval\=86400 -fmodules-prune-after\=345600 -fbuild-session-file\=/Users/siam/Library/Developer/Xcode/DerivedData/ModuleCache.noindex/Session.modulevalidation -fmodules-validate-once-per-build-session -Wnon-modular-include-in-framework-module -Werror\=non-modular-include-in-framework-module -Wno-trigraphs -Wno-missing-field-initializers -Wno-missing-prototypes -Wno-return-type -Wno-implicit-atomic-properties -Wno-objc-interface-ivars -Wno-arc-repeated-use-of-weak -Wno-missing-braces -Wparentheses -Wswitch -Wno-unused-function -Wno-unused-label -Wno-unused-parameter -Wno-unused-variable -Wunused-value -Wno-empty-body -Wno-uninitialized -Wno-unknown-pragmas -w -Wno-shadow -Wno-four-char-constants -Wno-conversion -Wno-constant-conversion -Wno-int-conversion -Wno-bool-conversion -Wno-enum-conversion -Wno-float-conversion -Wno-non-literal-null-conversion -Wno-objc-literal-conversion -Wshorten-64-to-32 -Wpointer-sign -Wno-newline-eof -Wno-selector -Wno-strict-selector-match -Wno-undeclared-selector -Wno-deprecated-implementations -Wno-implicit-fallthrough -fstrict-aliasing -Wprotocol -Wdeprecated-declarations -Wno-sign-conversion -Wno-infinite-recursion -Wno-comma -Wno-block-capture-autoreleasing -Wno-strict-prototypes -Wno-semicolon-before-method-body -index-store-path /Users/siam/Library/Developer/Xcode/DerivedData/Lingua_Quest-gvpckrqxtbgyprbgppjfqmimmmfw/Index.noindex/DataStore @/Users/siam/Library/Developer/Xcode/DerivedData/Lingua_Quest-gvpckrqxtbgyprbgppjfqmimmmfw/Build/Intermediates.noindex/GoogleUtilities.build/Debug-iphonesimulator/GoogleUtilities-AppDelegateSwizzler.build/Objects-normal/x86_64/e6072d4f65d7061329687fe24e3d63a7-common-args.resp -include /Users/siam/Library/Developer/Xcode/DerivedData/Lingua_Quest-gvpckrqxtbgyprbgppjfqmimmmfw/Build/Intermediates.noindex/GoogleUtilities.build/Debug-iphonesimulator/GoogleUtilities-AppDelegateSwizzler.build/DerivedSources/resource_bundle_accessor.h -MMD -MT dependencies -MF /Users/siam/Library/Developer/Xcode/DerivedData/Lingua_Quest-gvpckrqxtbgyprbgppjfqmimmmfw/Build/Intermediates.noindex/GoogleUtilities.build/Debug-iphonesimulator/GoogleUtilities-AppDelegateSwizzler.build/Objects-normal/x86_64/GULSceneDelegateSwizzler.d --serialize-diagnostics /Users/siam/Library/Developer/Xcode/DerivedData/Lingua_Quest-gvpckrqxtbgyprbgppjfqmimmmfw/Build/Intermediates.noindex/GoogleUtilities.build/Debug-iphonesimulator/GoogleUtilities-AppDelegateSwizzler.build/Objects-normal/x86_64/GULSceneDelegateSwizzler.dia -c /Users/siam/Library/Developer/Xcode/DerivedData/Lingua_Quest-gvpckrqxtbgyprbgppjfqmimmmfw/SourcePackages/checkouts/GoogleUtilities/GoogleUtilities/AppDelegateSwizzler/GULSceneDelegateSwizzler.m -o /Users/siam/Library/Developer/Xcode/DerivedData/Lingua_Quest-gvpckrqxtbgyprbgppjfqmimmmfw/Build/Intermediates.noindex/GoogleUtilities.build/Debug-iphonesimulator/GoogleUtilities-AppDelegateSwizzler.build/Objects-normal/x86_64/GULSceneDelegateSwizzler.o -index-unit-output-path /GoogleUtilities.build/Debug-iphonesimulator/GoogleUtilities-AppDelegateSwizzler.build/Objects-normal/x86_64/GULSceneDelegateSwizzler.o

ScanDependencies /Users/siam/Library/Developer/Xcode/DerivedData/Lingua_Quest-gvpckrqxtbgyprbgppjfqmimmmfw/Build/Intermediates.noindex/GoogleUtilities.build/Debug-iphonesimulator/GoogleUtilities-AppDelegateSwizzler.build/Objects-normal/x86_64/GULAppDelegateSwizzler.o /Users/siam/Library/Developer/Xcode/DerivedData/Lingua_Quest-gvpckrqxtbgyprbgppjfqmimmmfw/SourcePackages/checkouts/GoogleUtilities/GoogleUtilities/AppDelegateSwizzler/GULAppDelegateSwizzler.m normal x86_64 objective-c com.apple.compilers.llvm.clang.1_0.compiler (in target 'GoogleUtilities-AppDelegateSwizzler' from project 'GoogleUtilities')
    cd /Users/siam/Desktop/Lingua\ Quest/Lingua\ Quest.xcodeproj
    
    Using response file: /Users/siam/Library/Developer/Xcode/DerivedData/Lingua_Quest-gvpckrqxtbgyprbgppjfqmimmmfw/Build/Intermediates.noindex/GoogleUtilities.build/Debug-iphonesimulator/GoogleUtilities-AppDelegateSwizzler.build/Objects-normal/x86_64/e6072d4f65d7061329687fe24e3d63a7-common-args.resp
    
    builtin-ScanDependencies -o /Users/siam/Library/Developer/Xcode/DerivedData/Lingua_Quest-gvpckrqxtbgyprbgppjfqmimmmfw/Build/Intermediates.noindex/GoogleUtilities.build/Debug-iphonesimulator/GoogleUtilities-AppDelegateSwizzler.build/Objects-normal/x86_64/GULAppDelegateSwizzler.o.scan -- /Applications/Xcode.app/Contents/Developer/Toolchains/XcodeDefault.xctoolchain/usr/bin/clang -x objective-c -ivfsstatcache /Users/siam/Library/Developer/Xcode/DerivedData/SDKStatCaches.noindex/iphonesimulator26.0-23A339-26257891a6c027eb51374368541b8346.sdkstatcache -fmessage-length\=0 -fdiagnostics-show-note-include-stack -fmacro-backtrace-limit\=0 -fno-color-diagnostics -fmodules-prune-interval\=86400 -fmodules-prune-after\=345600 -fbuild-session-file\=/Users/siam/Library/Developer/Xcode/DerivedData/ModuleCache.noindex/Session.modulevalidation -fmodules-validate-once-per-build-session -Wnon-modular-include-in-framework-module -Werror\=non-modular-include-in-framework-module -Wno-trigraphs -Wno-missing-field-initializers -Wno-missing-prototypes -Wno-return-type -Wno-implicit-atomic-properties -Wno-objc-interface-ivars -Wno-arc-repeated-use-of-weak -Wno-missing-braces -Wparentheses -Wswitch -Wno-unused-function -Wno-unused-label -Wno-unused-parameter -Wno-unused-variable -Wunused-value -Wno-empty-body -Wno-uninitialized -Wno-unknown-pragmas -w -Wno-shadow -Wno-four-char-constants -Wno-conversion -Wno-constant-conversion -Wno-int-conversion -Wno-bool-conversion -Wno-enum-conversion -Wno-float-conversion -Wno-non-literal-null-conversion -Wno-objc-literal-conversion -Wshorten-64-to-32 -Wpointer-sign -Wno-newline-eof -Wno-selector -Wno-strict-selector-match -Wno-undeclared-selector -Wno-deprecated-implementations -Wno-implicit-fallthrough -fstrict-aliasing -Wprotocol -Wdeprecated-declarations -Wno-sign-conversion -Wno-infinite-recursion -Wno-comma -Wno-block-capture-autoreleasing -Wno-strict-prototypes -Wno-semicolon-before-method-body -index-store-path /Users/siam/Library/Developer/Xcode/DerivedData/Lingua_Quest-gvpckrqxtbgyprbgppjfqmimmmfw/Index.noindex/DataStore @/Users/siam/Library/Developer/Xcode/DerivedData/Lingua_Quest-gvpckrqxtbgyprbgppjfqmimmmfw/Build/Intermediates.noindex/GoogleUtilities.build/Debug-iphonesimulator/GoogleUtilities-AppDelegateSwizzler.build/Objects-normal/x86_64/e6072d4f65d7061329687fe24e3d63a7-common-args.resp -include /Users/siam/Library/Developer/Xcode/DerivedData/Lingua_Quest-gvpckrqxtbgyprbgppjfqmimmmfw/Build/Intermediates.noindex/GoogleUtilities.build/Debug-iphonesimulator/GoogleUtilities-AppDelegateSwizzler.build/DerivedSources/resource_bundle_accessor.h -MMD -MT dependencies -MF /Users/siam/Library/Developer/Xcode/DerivedData/Lingua_Quest-gvpckrqxtbgyprbgppjfqmimmmfw/Build/Intermediates.noindex/GoogleUtilities.build/Debug-iphonesimulator/GoogleUtilities-AppDelegateSwizzler.build/Objects-normal/x86_64/GULAppDelegateSwizzler.d --serialize-diagnostics /Users/siam/Library/Developer/Xcode/DerivedData/Lingua_Quest-gvpckrqxtbgyprbgppjfqmimmmfw/Build/Intermediates.noindex/GoogleUtilities.build/Debug-iphonesimulator/GoogleUtilities-AppDelegateSwizzler.build/Objects-normal/x86_64/GULAppDelegateSwizzler.dia -c /Users/siam/Library/Developer/Xcode/DerivedData/Lingua_Quest-gvpckrqxtbgyprbgppjfqmimmmfw/SourcePackages/checkouts/GoogleUtilities/GoogleUtilities/AppDelegateSwizzler/GULAppDelegateSwizzler.m -o /Users/siam/Library/Developer/Xcode/DerivedData/Lingua_Quest-gvpckrqxtbgyprbgppjfqmimmmfw/Build/Intermediates.noindex/GoogleUtilities.build/Debug-iphonesimulator/GoogleUtilities-AppDelegateSwizzler.build/Objects-normal/x86_64/GULAppDelegateSwizzler.o -index-unit-output-path /GoogleUtilities.build/Debug-iphonesimulator/GoogleUtilities-AppDelegateSwizzler.build/Objects-normal/x86_64/GULAppDelegateSwizzler.o

CompileC /Users/siam/Library/Developer/Xcode/DerivedData/Lingua_Quest-gvpckrqxtbgyprbgppjfqmimmmfw/Build/Intermediates.noindex/GoogleUtilities.build/Debug-iphonesimulator/GoogleUtilities-Network.build/Objects-normal/x86_64/GULNetwork.o /Users/siam/Library/Developer/Xcode/DerivedData/Lingua_Quest-gvpckrqxtbgyprbgppjfqmimmmfw/SourcePackages/checkouts/GoogleUtilities/GoogleUtilities/Network/GULNetwork.m normal x86_64 objective-c com.apple.compilers.llvm.clang.1_0.compiler (in target 'GoogleUtilities-Network' from project 'GoogleUtilities')
    cd /Users/siam/Desktop/Lingua\ Quest/Lingua\ Quest.xcodeproj
    
    Using response file: /Users/siam/Library/Developer/Xcode/DerivedData/Lingua_Quest-gvpckrqxtbgyprbgppjfqmimmmfw/Build/Intermediates.noindex/GoogleUtilities.build/Debug-iphonesimulator/GoogleUtilities-Network.build/Objects-normal/x86_64/e6072d4f65d7061329687fe24e3d63a7-common-args.resp
    
    /Applications/Xcode.app/Contents/Developer/Toolchains/XcodeDefault.xctoolchain/usr/bin/clang -x objective-c -ivfsstatcache /Users/siam/Library/Developer/Xcode/DerivedData/SDKStatCaches.noindex/iphonesimulator26.0-23A339-26257891a6c027eb51374368541b8346.sdkstatcache -fmessage-length\=0 -fdiagnostics-show-note-include-stack -fmacro-backtrace-limit\=0 -fno-color-diagnostics -fmodules-prune-interval\=86400 -fmodules-prune-after\=345600 -fbuild-session-file\=/Users/siam/Library/Developer/Xcode/DerivedData/ModuleCache.noindex/Session.modulevalidation -fmodules-validate-once-per-build-session -Wnon-modular-include-in-framework-module -Werror\=non-modular-include-in-framework-module -Wno-trigraphs -Wno-missing-field-initializers -Wno-missing-prototypes -Wno-return-type -Wno-implicit-atomic-properties -Wno-objc-interface-ivars -Wno-arc-repeated-use-of-weak -Wno-missing-braces -Wparentheses -Wswitch -Wno-unused-function -Wno-unused-label -Wno-unused-parameter -Wno-unused-variable -Wunused-value -Wno-empty-body -Wno-uninitialized -Wno-unknown-pragmas -w -Wno-shadow -Wno-four-char-constants -Wno-conversion -Wno-constant-conversion -Wno-int-conversion -Wno-bool-conversion -Wno-enum-conversion -Wno-float-conversion -Wno-non-literal-null-conversion -Wno-objc-literal-conversion -Wshorten-64-to-32 -Wpointer-sign -Wno-newline-eof -Wno-selector -Wno-strict-selector-match -Wno-undeclared-selector -Wno-deprecated-implementations -Wno-implicit-fallthrough -fstrict-aliasing -Wprotocol -Wdeprecated-declarations -Wno-sign-conversion -Wno-infinite-recursion -Wno-comma -Wno-block-capture-autoreleasing -Wno-strict-prototypes -Wno-semicolon-before-method-body -index-store-path /Users/siam/Library/Developer/Xcode/DerivedData/Lingua_Quest-gvpckrqxtbgyprbgppjfqmimmmfw/Index.noindex/DataStore @/Users/siam/Library/Developer/Xcode/DerivedData/Lingua_Quest-gvpckrqxtbgyprbgppjfqmimmmfw/Build/Intermediates.noindex/GoogleUtilities.build/Debug-iphonesimulator/GoogleUtilities-Network.build/Objects-normal/x86_64/e6072d4f65d7061329687fe24e3d63a7-common-args.resp -include /Users/siam/Library/Developer/Xcode/DerivedData/Lingua_Quest-gvpckrqxtbgyprbgppjfqmimmmfw/Build/Intermediates.noindex/GoogleUtilities.build/Debug-iphonesimulator/GoogleUtilities-Network.build/DerivedSources/resource_bundle_accessor.h -MMD -MT dependencies -MF /Users/siam/Library/Developer/Xcode/DerivedData/Lingua_Quest-gvpckrqxtbgyprbgppjfqmimmmfw/Build/Intermediates.noindex/GoogleUtilities.build/Debug-iphonesimulator/GoogleUtilities-Network.build/Objects-normal/x86_64/GULNetwork.d --serialize-diagnostics /Users/siam/Library/Developer/Xcode/DerivedData/Lingua_Quest-gvpckrqxtbgyprbgppjfqmimmmfw/Build/Intermediates.noindex/GoogleUtilities.build/Debug-iphonesimulator/GoogleUtilities-Network.build/Objects-normal/x86_64/GULNetwork.dia -c /Users/siam/Library/Developer/Xcode/DerivedData/Lingua_Quest-gvpckrqxtbgyprbgppjfqmimmmfw/SourcePackages/checkouts/GoogleUtilities/GoogleUtilities/Network/GULNetwork.m -o /Users/siam/Library/Developer/Xcode/DerivedData/Lingua_Quest-gvpckrqxtbgyprbgppjfqmimmmfw/Build/Intermediates.noindex/GoogleUtilities.build/Debug-iphonesimulator/GoogleUtilities-Network.build/Objects-normal/x86_64/GULNetwork.o -index-unit-output-path /GoogleUtilities.build/Debug-iphonesimulator/GoogleUtilities-Network.build/Objects-normal/x86_64/GULNetwork.o

PrecompileModule /Users/siam/Library/Developer/Xcode/DerivedData/Lingua_Quest-gvpckrqxtbgyprbgppjfqmimmmfw/Build/Intermediates.noindex/ExplicitPrecompiledModules/SystemConfiguration-4YKI9YDU2SH3UO9XJVPXIWMOQ.scan
    cd /
    builtin-precompileModule /Users/siam/Library/Developer/Xcode/DerivedData/Lingua_Quest-gvpckrqxtbgyprbgppjfqmimmmfw/Build/Intermediates.noindex/ExplicitPrecompiledModules/SystemConfiguration-4YKI9YDU2SH3UO9XJVPXIWMOQ.scan

PrecompileModule /Users/siam/Library/Developer/Xcode/DerivedData/Lingua_Quest-gvpckrqxtbgyprbgppjfqmimmmfw/Build/Intermediates.noindex/ExplicitPrecompiledModules/Security-5GNWOF9YI89BKE5GLH3W4E0YF.scan
    cd /
    builtin-precompileModule /Users/siam/Library/Developer/Xcode/DerivedData/Lingua_Quest-gvpckrqxtbgyprbgppjfqmimmmfw/Build/Intermediates.noindex/ExplicitPrecompiledModules/Security-5GNWOF9YI89BKE5GLH3W4E0YF.scan

PrecompileModule /Users/siam/Library/Developer/Xcode/DerivedData/Lingua_Quest-gvpckrqxtbgyprbgppjfqmimmmfw/Build/Intermediates.noindex/ExplicitPrecompiledModules/CoreGraphics-3SHBMN737X5ELGGG7GS1DLJ5U.scan
    cd /
    builtin-precompileModule /Users/siam/Library/Developer/Xcode/DerivedData/Lingua_Quest-gvpckrqxtbgyprbgppjfqmimmmfw/Build/Intermediates.noindex/ExplicitPrecompiledModules/CoreGraphics-3SHBMN737X5ELGGG7GS1DLJ5U.scan

CompileC /Users/siam/Library/Developer/Xcode/DerivedData/Lingua_Quest-gvpckrqxtbgyprbgppjfqmimmmfw/Build/Intermediates.noindex/GoogleUtilities.build/Debug-iphonesimulator/GoogleUtilities-AppDelegateSwizzler.build/Objects-normal/x86_64/resource_bundle_accessor.o /Users/siam/Library/Developer/Xcode/DerivedData/Lingua_Quest-gvpckrqxtbgyprbgppjfqmimmmfw/Build/Intermediates.noindex/GoogleUtilities.build/Debug-iphonesimulator/GoogleUtilities-AppDelegateSwizzler.build/DerivedSources/resource_bundle_accessor.m normal x86_64 objective-c com.apple.compilers.llvm.clang.1_0.compiler (in target 'GoogleUtilities-AppDelegateSwizzler' from project 'GoogleUtilities')
    cd /Users/siam/Desktop/Lingua\ Quest/Lingua\ Quest.xcodeproj
    
    Using response file: /Users/siam/Library/Developer/Xcode/DerivedData/Lingua_Quest-gvpckrqxtbgyprbgppjfqmimmmfw/Build/Intermediates.noindex/GoogleUtilities.build/Debug-iphonesimulator/GoogleUtilities-AppDelegateSwizzler.build/Objects-normal/x86_64/e6072d4f65d7061329687fe24e3d63a7-common-args.resp
    
    /Applications/Xcode.app/Contents/Developer/Toolchains/XcodeDefault.xctoolchain/usr/bin/clang -x objective-c -ivfsstatcache /Users/siam/Library/Developer/Xcode/DerivedData/SDKStatCaches.noindex/iphonesimulator26.0-23A339-26257891a6c027eb51374368541b8346.sdkstatcache -fmessage-length\=0 -fdiagnostics-show-note-include-stack -fmacro-backtrace-limit\=0 -fno-color-diagnostics -fmodules-prune-interval\=86400 -fmodules-prune-after\=345600 -fbuild-session-file\=/Users/siam/Library/Developer/Xcode/DerivedData/ModuleCache.noindex/Session.modulevalidation -fmodules-validate-once-per-build-session -Wnon-modular-include-in-framework-module -Werror\=non-modular-include-in-framework-module -Wno-trigraphs -Wno-missing-field-initializers -Wno-missing-prototypes -Wno-return-type -Wno-implicit-atomic-properties -Wno-objc-interface-ivars -Wno-arc-repeated-use-of-weak -Wno-missing-braces -Wparentheses -Wswitch -Wno-unused-function -Wno-unused-label -Wno-unused-parameter -Wno-unused-variable -Wunused-value -Wno-empty-body -Wno-uninitialized -Wno-unknown-pragmas -w -Wno-shadow -Wno-four-char-constants -Wno-conversion -Wno-constant-conversion -Wno-int-conversion -Wno-bool-conversion -Wno-enum-conversion -Wno-float-conversion -Wno-non-literal-null-conversion -Wno-objc-literal-conversion -Wshorten-64-to-32 -Wpointer-sign -Wno-newline-eof -Wno-selector -Wno-strict-selector-match -Wno-undeclared-selector -Wno-deprecated-implementations -Wno-implicit-fallthrough -fstrict-aliasing -Wprotocol -Wdeprecated-declarations -Wno-sign-conversion -Wno-infinite-recursion -Wno-comma -Wno-block-capture-autoreleasing -Wno-strict-prototypes -Wno-semicolon-before-method-body -index-store-path /Users/siam/Library/Developer/Xcode/DerivedData/Lingua_Quest-gvpckrqxtbgyprbgppjfqmimmmfw/Index.noindex/DataStore @/Users/siam/Library/Developer/Xcode/DerivedData/Lingua_Quest-gvpckrqxtbgyprbgppjfqmimmmfw/Build/Intermediates.noindex/GoogleUtilities.build/Debug-iphonesimulator/GoogleUtilities-AppDelegateSwizzler.build/Objects-normal/x86_64/e6072d4f65d7061329687fe24e3d63a7-common-args.resp -include /Users/siam/Library/Developer/Xcode/DerivedData/Lingua_Quest-gvpckrqxtbgyprbgppjfqmimmmfw/Build/Intermediates.noindex/GoogleUtilities.build/Debug-iphonesimulator/GoogleUtilities-AppDelegateSwizzler.build/DerivedSources/resource_bundle_accessor.h -MMD -MT dependencies -MF /Users/siam/Library/Developer/Xcode/DerivedData/Lingua_Quest-gvpckrqxtbgyprbgppjfqmimmmfw/Build/Intermediates.noindex/GoogleUtilities.build/Debug-iphonesimulator/GoogleUtilities-AppDelegateSwizzler.build/Objects-normal/x86_64/resource_bundle_accessor.d --serialize-diagnostics /Users/siam/Library/Developer/Xcode/DerivedData/Lingua_Quest-gvpckrqxtbgyprbgppjfqmimmmfw/Build/Intermediates.noindex/GoogleUtilities.build/Debug-iphonesimulator/GoogleUtilities-AppDelegateSwizzler.build/Objects-normal/x86_64/resource_bundle_accessor.dia -c /Users/siam/Library/Developer/Xcode/DerivedData/Lingua_Quest-gvpckrqxtbgyprbgppjfqmimmmfw/Build/Intermediates.noindex/GoogleUtilities.build/Debug-iphonesimulator/GoogleUtilities-AppDelegateSwizzler.build/DerivedSources/resource_bundle_accessor.m -o /Users/siam/Library/Developer/Xcode/DerivedData/Lingua_Quest-gvpckrqxtbgyprbgppjfqmimmmfw/Build/Intermediates.noindex/GoogleUtilities.build/Debug-iphonesimulator/GoogleUtilities-AppDelegateSwizzler.build/Objects-normal/x86_64/resource_bundle_accessor.o -index-unit-output-path /GoogleUtilities.build/Debug-iphonesimulator/GoogleUtilities-AppDelegateSwizzler.build/Objects-normal/x86_64/resource_bundle_accessor.o

PrecompileModule /Users/siam/Library/Developer/Xcode/DerivedData/Lingua_Quest-gvpckrqxtbgyprbgppjfqmimmmfw/Build/Intermediates.noindex/ExplicitPrecompiledModules/CFNetwork-CCRT3VG72RVZX6D3SP9TD0419.scan
    cd /
    builtin-precompileModule /Users/siam/Library/Developer/Xcode/DerivedData/Lingua_Quest-gvpckrqxtbgyprbgppjfqmimmmfw/Build/Intermediates.noindex/ExplicitPrecompiledModules/CFNetwork-CCRT3VG72RVZX6D3SP9TD0419.scan

PrecompileModule /Users/siam/Library/Developer/Xcode/DerivedData/Lingua_Quest-gvpckrqxtbgyprbgppjfqmimmmfw/Build/Intermediates.noindex/ExplicitPrecompiledModules/XPC-69OIZ16XME371RD12NGJ5JWLD.scan
    cd /
    builtin-precompileModule /Users/siam/Library/Developer/Xcode/DerivedData/Lingua_Quest-gvpckrqxtbgyprbgppjfqmimmmfw/Build/Intermediates.noindex/ExplicitPrecompiledModules/XPC-69OIZ16XME371RD12NGJ5JWLD.scan

PrecompileModule /Users/siam/Library/Developer/Xcode/DerivedData/Lingua_Quest-gvpckrqxtbgyprbgppjfqmimmmfw/Build/Intermediates.noindex/ExplicitPrecompiledModules/CoreFoundation-5KSRJ8Z05VH3P7OKEL72Q0V12.scan
    cd /
    builtin-precompileModule /Users/siam/Library/Developer/Xcode/DerivedData/Lingua_Quest-gvpckrqxtbgyprbgppjfqmimmmfw/Build/Intermediates.noindex/ExplicitPrecompiledModules/CoreFoundation-5KSRJ8Z05VH3P7OKEL72Q0V12.scan

PrecompileModule /Users/siam/Library/Developer/Xcode/DerivedData/Lingua_Quest-gvpckrqxtbgyprbgppjfqmimmmfw/Build/Intermediates.noindex/ExplicitPrecompiledModules/ObjectiveC-776QBZ6HYWUOJPUK2IH6N0BVC.scan
    cd /
    builtin-precompileModule /Users/siam/Library/Developer/Xcode/DerivedData/Lingua_Quest-gvpckrqxtbgyprbgppjfqmimmmfw/Build/Intermediates.noindex/ExplicitPrecompiledModules/ObjectiveC-776QBZ6HYWUOJPUK2IH6N0BVC.scan

PrecompileModule /Users/siam/Library/Developer/Xcode/DerivedData/Lingua_Quest-gvpckrqxtbgyprbgppjfqmimmmfw/Build/Intermediates.noindex/ExplicitPrecompiledModules/GoogleUtilities_Network-2OE32TU83ZHDWF9TBL1NVQBEQ.scan
    cd /
    builtin-precompileModule /Users/siam/Library/Developer/Xcode/DerivedData/Lingua_Quest-gvpckrqxtbgyprbgppjfqmimmmfw/Build/Intermediates.noindex/ExplicitPrecompiledModules/GoogleUtilities_Network-2OE32TU83ZHDWF9TBL1NVQBEQ.scan

ScanDependencies /Users/siam/Library/Developer/Xcode/DerivedData/Lingua_Quest-gvpckrqxtbgyprbgppjfqmimmmfw/Build/Intermediates.noindex/GoogleUtilities.build/Debug-iphonesimulator/GoogleUtilities-AppDelegateSwizzler.build/Objects-normal/arm64/resource_bundle_accessor.o /Users/siam/Library/Developer/Xcode/DerivedData/Lingua_Quest-gvpckrqxtbgyprbgppjfqmimmmfw/Build/Intermediates.noindex/GoogleUtilities.build/Debug-iphonesimulator/GoogleUtilities-AppDelegateSwizzler.build/DerivedSources/resource_bundle_accessor.m normal arm64 objective-c com.apple.compilers.llvm.clang.1_0.compiler (in target 'GoogleUtilities-AppDelegateSwizzler' from project 'GoogleUtilities')
    cd /Users/siam/Desktop/Lingua\ Quest/Lingua\ Quest.xcodeproj
    
    Using response file: /Users/siam/Library/Developer/Xcode/DerivedData/Lingua_Quest-gvpckrqxtbgyprbgppjfqmimmmfw/Build/Intermediates.noindex/GoogleUtilities.build/Debug-iphonesimulator/GoogleUtilities-AppDelegateSwizzler.build/Objects-normal/arm64/e6072d4f65d7061329687fe24e3d63a7-common-args.resp
    
    builtin-ScanDependencies -o /Users/siam/Library/Developer/Xcode/DerivedData/Lingua_Quest-gvpckrqxtbgyprbgppjfqmimmmfw/Build/Intermediates.noindex/GoogleUtilities.build/Debug-iphonesimulator/GoogleUtilities-AppDelegateSwizzler.build/Objects-normal/arm64/resource_bundle_accessor.o.scan -- /Applications/Xcode.app/Contents/Developer/Toolchains/XcodeDefault.xctoolchain/usr/bin/clang -x objective-c -ivfsstatcache /Users/siam/Library/Developer/Xcode/DerivedData/SDKStatCaches.noindex/iphonesimulator26.0-23A339-26257891a6c027eb51374368541b8346.sdkstatcache -fmessage-length\=0 -fdiagnostics-show-note-include-stack -fmacro-backtrace-limit\=0 -fno-color-diagnostics -fmodules-prune-interval\=86400 -fmodules-prune-after\=345600 -fbuild-session-file\=/Users/siam/Library/Developer/Xcode/DerivedData/ModuleCache.noindex/Session.modulevalidation -fmodules-validate-once-per-build-session -Wnon-modular-include-in-framework-module -Werror\=non-modular-include-in-framework-module -Wno-trigraphs -Wno-missing-field-initializers -Wno-missing-prototypes -Wno-return-type -Wno-implicit-atomic-properties -Wno-objc-interface-ivars -Wno-arc-repeated-use-of-weak -Wno-missing-braces -Wparentheses -Wswitch -Wno-unused-function -Wno-unused-label -Wno-unused-parameter -Wno-unused-variable -Wunused-value -Wno-empty-body -Wno-uninitialized -Wno-unknown-pragmas -w -Wno-shadow -Wno-four-char-constants -Wno-conversion -Wno-constant-conversion -Wno-int-conversion -Wno-bool-conversion -Wno-enum-conversion -Wno-float-conversion -Wno-non-literal-null-conversion -Wno-objc-literal-conversion -Wshorten-64-to-32 -Wpointer-sign -Wno-newline-eof -Wno-selector -Wno-strict-selector-match -Wno-undeclared-selector -Wno-deprecated-implementations -Wno-implicit-fallthrough -fstrict-aliasing -Wprotocol -Wdeprecated-declarations -Wno-sign-conversion -Wno-infinite-recursion -Wno-comma -Wno-block-capture-autoreleasing -Wno-strict-prototypes -Wno-semicolon-before-method-body -index-store-path /Users/siam/Library/Developer/Xcode/DerivedData/Lingua_Quest-gvpckrqxtbgyprbgppjfqmimmmfw/Index.noindex/DataStore @/Users/siam/Library/Developer/Xcode/DerivedData/Lingua_Quest-gvpckrqxtbgyprbgppjfqmimmmfw/Build/Intermediates.noindex/GoogleUtilities.build/Debug-iphonesimulator/GoogleUtilities-AppDelegateSwizzler.build/Objects-normal/arm64/e6072d4f65d7061329687fe24e3d63a7-common-args.resp -include /Users/siam/Library/Developer/Xcode/DerivedData/Lingua_Quest-gvpckrqxtbgyprbgppjfqmimmmfw/Build/Intermediates.noindex/GoogleUtilities.build/Debug-iphonesimulator/GoogleUtilities-AppDelegateSwizzler.build/DerivedSources/resource_bundle_accessor.h -MMD -MT dependencies -MF /Users/siam/Library/Developer/Xcode/DerivedData/Lingua_Quest-gvpckrqxtbgyprbgppjfqmimmmfw/Build/Intermediates.noindex/GoogleUtilities.build/Debug-iphonesimulator/GoogleUtilities-AppDelegateSwizzler.build/Objects-normal/arm64/resource_bundle_accessor.d --serialize-diagnostics /Users/siam/Library/Developer/Xcode/DerivedData/Lingua_Quest-gvpckrqxtbgyprbgppjfqmimmmfw/Build/Intermediates.noindex/GoogleUtilities.build/Debug-iphonesimulator/GoogleUtilities-AppDelegateSwizzler.build/Objects-normal/arm64/resource_bundle_accessor.dia -c /Users/siam/Library/Developer/Xcode/DerivedData/Lingua_Quest-gvpckrqxtbgyprbgppjfqmimmmfw/Build/Intermediates.noindex/GoogleUtilities.build/Debug-iphonesimulator/GoogleUtilities-AppDelegateSwizzler.build/DerivedSources/resource_bundle_accessor.m -o /Users/siam/Library/Developer/Xcode/DerivedData/Lingua_Quest-gvpckrqxtbgyprbgppjfqmimmmfw/Build/Intermediates.noindex/GoogleUtilities.build/Debug-iphonesimulator/GoogleUtilities-AppDelegateSwizzler.build/Objects-normal/arm64/resource_bundle_accessor.o -index-unit-output-path /GoogleUtilities.build/Debug-iphonesimulator/GoogleUtilities-AppDelegateSwizzler.build/Objects-normal/arm64/resource_bundle_accessor.o

ScanDependencies /Users/siam/Library/Developer/Xcode/DerivedData/Lingua_Quest-gvpckrqxtbgyprbgppjfqmimmmfw/Build/Intermediates.noindex/GoogleUtilities.build/Debug-iphonesimulator/GoogleUtilities-AppDelegateSwizzler.build/Objects-normal/arm64/GULSceneDelegateSwizzler.o /Users/siam/Library/Developer/Xcode/DerivedData/Lingua_Quest-gvpckrqxtbgyprbgppjfqmimmmfw/SourcePackages/checkouts/GoogleUtilities/GoogleUtilities/AppDelegateSwizzler/GULSceneDelegateSwizzler.m normal arm64 objective-c com.apple.compilers.llvm.clang.1_0.compiler (in target 'GoogleUtilities-AppDelegateSwizzler' from project 'GoogleUtilities')
    cd /Users/siam/Desktop/Lingua\ Quest/Lingua\ Quest.xcodeproj
    
    Using response file: /Users/siam/Library/Developer/Xcode/DerivedData/Lingua_Quest-gvpckrqxtbgyprbgppjfqmimmmfw/Build/Intermediates.noindex/GoogleUtilities.build/Debug-iphonesimulator/GoogleUtilities-AppDelegateSwizzler.build/Objects-normal/arm64/e6072d4f65d7061329687fe24e3d63a7-common-args.resp
    
    builtin-ScanDependencies -o /Users/siam/Library/Developer/Xcode/DerivedData/Lingua_Quest-gvpckrqxtbgyprbgppjfqmimmmfw/Build/Intermediates.noindex/GoogleUtilities.build/Debug-iphonesimulator/GoogleUtilities-AppDelegateSwizzler.build/Objects-normal/arm64/GULSceneDelegateSwizzler.o.scan -- /Applications/Xcode.app/Contents/Developer/Toolchains/XcodeDefault.xctoolchain/usr/bin/clang -x objective-c -ivfsstatcache /Users/siam/Library/Developer/Xcode/DerivedData/SDKStatCaches.noindex/iphonesimulator26.0-23A339-26257891a6c027eb51374368541b8346.sdkstatcache -fmessage-length\=0 -fdiagnostics-show-note-include-stack -fmacro-backtrace-limit\=0 -fno-color-diagnostics -fmodules-prune-interval\=86400 -fmodules-prune-after\=345600 -fbuild-session-file\=/Users/siam/Library/Developer/Xcode/DerivedData/ModuleCache.noindex/Session.modulevalidation -fmodules-validate-once-per-build-session -Wnon-modular-include-in-framework-module -Werror\=non-modular-include-in-framework-module -Wno-trigraphs -Wno-missing-field-initializers -Wno-missing-prototypes -Wno-return-type -Wno-implicit-atomic-properties -Wno-objc-interface-ivars -Wno-arc-repeated-use-of-weak -Wno-missing-braces -Wparentheses -Wswitch -Wno-unused-function -Wno-unused-label -Wno-unused-parameter -Wno-unused-variable -Wunused-value -Wno-empty-body -Wno-uninitialized -Wno-unknown-pragmas -w -Wno-shadow -Wno-four-char-constants -Wno-conversion -Wno-constant-conversion -Wno-int-conversion -Wno-bool-conversion -Wno-enum-conversion -Wno-float-conversion -Wno-non-literal-null-conversion -Wno-objc-literal-conversion -Wshorten-64-to-32 -Wpointer-sign -Wno-newline-eof -Wno-selector -Wno-strict-selector-match -Wno-undeclared-selector -Wno-deprecated-implementations -Wno-implicit-fallthrough -fstrict-aliasing -Wprotocol -Wdeprecated-declarations -Wno-sign-conversion -Wno-infinite-recursion -Wno-comma -Wno-block-capture-autoreleasing -Wno-strict-prototypes -Wno-semicolon-before-method-body -index-store-path /Users/siam/Library/Developer/Xcode/DerivedData/Lingua_Quest-gvpckrqxtbgyprbgppjfqmimmmfw/Index.noindex/DataStore @/Users/siam/Library/Developer/Xcode/DerivedData/Lingua_Quest-gvpckrqxtbgyprbgppjfqmimmmfw/Build/Intermediates.noindex/GoogleUtilities.build/Debug-iphonesimulator/GoogleUtilities-AppDelegateSwizzler.build/Objects-normal/arm64/e6072d4f65d7061329687fe24e3d63a7-common-args.resp -include /Users/siam/Library/Developer/Xcode/DerivedData/Lingua_Quest-gvpckrqxtbgyprbgppjfqmimmmfw/Build/Intermediates.noindex/GoogleUtilities.build/Debug-iphonesimulator/GoogleUtilities-AppDelegateSwizzler.build/DerivedSources/resource_bundle_accessor.h -MMD -MT dependencies -MF /Users/siam/Library/Developer/Xcode/DerivedData/Lingua_Quest-gvpckrqxtbgyprbgppjfqmimmmfw/Build/Intermediates.noindex/GoogleUtilities.build/Debug-iphonesimulator/GoogleUtilities-AppDelegateSwizzler.build/Objects-normal/arm64/GULSceneDelegateSwizzler.d --serialize-diagnostics /Users/siam/Library/Developer/Xcode/DerivedData/Lingua_Quest-gvpckrqxtbgyprbgppjfqmimmmfw/Build/Intermediates.noindex/GoogleUtilities.build/Debug-iphonesimulator/GoogleUtilities-AppDelegateSwizzler.build/Objects-normal/arm64/GULSceneDelegateSwizzler.dia -c /Users/siam/Library/Developer/Xcode/DerivedData/Lingua_Quest-gvpckrqxtbgyprbgppjfqmimmmfw/SourcePackages/checkouts/GoogleUtilities/GoogleUtilities/AppDelegateSwizzler/GULSceneDelegateSwizzler.m -o /Users/siam/Library/Developer/Xcode/DerivedData/Lingua_Quest-gvpckrqxtbgyprbgppjfqmimmmfw/Build/Intermediates.noindex/GoogleUtilities.build/Debug-iphonesimulator/GoogleUtilities-AppDelegateSwizzler.build/Objects-normal/arm64/GULSceneDelegateSwizzler.o -index-unit-output-path /GoogleUtilities.build/Debug-iphonesimulator/GoogleUtilities-AppDelegateSwizzler.build/Objects-normal/arm64/GULSceneDelegateSwizzler.o

ScanDependencies /Users/siam/Library/Developer/Xcode/DerivedData/Lingua_Quest-gvpckrqxtbgyprbgppjfqmimmmfw/Build/Intermediates.noindex/GoogleUtilities.build/Debug-iphonesimulator/GoogleUtilities-AppDelegateSwizzler.build/Objects-normal/arm64/GULAppDelegateSwizzler.o /Users/siam/Library/Developer/Xcode/DerivedData/Lingua_Quest-gvpckrqxtbgyprbgppjfqmimmmfw/SourcePackages/checkouts/GoogleUtilities/GoogleUtilities/AppDelegateSwizzler/GULAppDelegateSwizzler.m normal arm64 objective-c com.apple.compilers.llvm.clang.1_0.compiler (in target 'GoogleUtilities-AppDelegateSwizzler' from project 'GoogleUtilities')
    cd /Users/siam/Desktop/Lingua\ Quest/Lingua\ Quest.xcodeproj
    
    Using response file: /Users/siam/Library/Developer/Xcode/DerivedData/Lingua_Quest-gvpckrqxtbgyprbgppjfqmimmmfw/Build/Intermediates.noindex/GoogleUtilities.build/Debug-iphonesimulator/GoogleUtilities-AppDelegateSwizzler.build/Objects-normal/arm64/e6072d4f65d7061329687fe24e3d63a7-common-args.resp
    
    builtin-ScanDependencies -o /Users/siam/Library/Developer/Xcode/DerivedData/Lingua_Quest-gvpckrqxtbgyprbgppjfqmimmmfw/Build/Intermediates.noindex/GoogleUtilities.build/Debug-iphonesimulator/GoogleUtilities-AppDelegateSwizzler.build/Objects-normal/arm64/GULAppDelegateSwizzler.o.scan -- /Applications/Xcode.app/Contents/Developer/Toolchains/XcodeDefault.xctoolchain/usr/bin/clang -x objective-c -ivfsstatcache /Users/siam/Library/Developer/Xcode/DerivedData/SDKStatCaches.noindex/iphonesimulator26.0-23A339-26257891a6c027eb51374368541b8346.sdkstatcache -fmessage-length\=0 -fdiagnostics-show-note-include-stack -fmacro-backtrace-limit\=0 -fno-color-diagnostics -fmodules-prune-interval\=86400 -fmodules-prune-after\=345600 -fbuild-session-file\=/Users/siam/Library/Developer/Xcode/DerivedData/ModuleCache.noindex/Session.modulevalidation -fmodules-validate-once-per-build-session -Wnon-modular-include-in-framework-module -Werror\=non-modular-include-in-framework-module -Wno-trigraphs -Wno-missing-field-initializers -Wno-missing-prototypes -Wno-return-type -Wno-implicit-atomic-properties -Wno-objc-interface-ivars -Wno-arc-repeated-use-of-weak -Wno-missing-braces -Wparentheses -Wswitch -Wno-unused-function -Wno-unused-label -Wno-unused-parameter -Wno-unused-variable -Wunused-value -Wno-empty-body -Wno-uninitialized -Wno-unknown-pragmas -w -Wno-shadow -Wno-four-char-constants -Wno-conversion -Wno-constant-conversion -Wno-int-conversion -Wno-bool-conversion -Wno-enum-conversion -Wno-float-conversion -Wno-non-literal-null-conversion -Wno-objc-literal-conversion -Wshorten-64-to-32 -Wpointer-sign -Wno-newline-eof -Wno-selector -Wno-strict-selector-match -Wno-undeclared-selector -Wno-deprecated-implementations -Wno-implicit-fallthrough -fstrict-aliasing -Wprotocol -Wdeprecated-declarations -Wno-sign-conversion -Wno-infinite-recursion -Wno-comma -Wno-block-capture-autoreleasing -Wno-strict-prototypes -Wno-semicolon-before-method-body -index-store-path /Users/siam/Library/Developer/Xcode/DerivedData/Lingua_Quest-gvpckrqxtbgyprbgppjfqmimmmfw/Index.noindex/DataStore @/Users/siam/Library/Developer/Xcode/DerivedData/Lingua_Quest-gvpckrqxtbgyprbgppjfqmimmmfw/Build/Intermediates.noindex/GoogleUtilities.build/Debug-iphonesimulator/GoogleUtilities-AppDelegateSwizzler.build/Objects-normal/arm64/e6072d4f65d7061329687fe24e3d63a7-common-args.resp -include /Users/siam/Library/Developer/Xcode/DerivedData/Lingua_Quest-gvpckrqxtbgyprbgppjfqmimmmfw/Build/Intermediates.noindex/GoogleUtilities.build/Debug-iphonesimulator/GoogleUtilities-AppDelegateSwizzler.build/DerivedSources/resource_bundle_accessor.h -MMD -MT dependencies -MF /Users/siam/Library/Developer/Xcode/DerivedData/Lingua_Quest-gvpckrqxtbgyprbgppjfqmimmmfw/Build/Intermediates.noindex/GoogleUtilities.build/Debug-iphonesimulator/GoogleUtilities-AppDelegateSwizzler.build/Objects-normal/arm64/GULAppDelegateSwizzler.d --serialize-diagnostics /Users/siam/Library/Developer/Xcode/DerivedData/Lingua_Quest-gvpckrqxtbgyprbgppjfqmimmmfw/Build/Intermediates.noindex/GoogleUtilities.build/Debug-iphonesimulator/GoogleUtilities-AppDelegateSwizzler.build/Objects-normal/arm64/GULAppDelegateSwizzler.dia -c /Users/siam/Library/Developer/Xcode/DerivedData/Lingua_Quest-gvpckrqxtbgyprbgppjfqmimmmfw/SourcePackages/checkouts/GoogleUtilities/GoogleUtilities/AppDelegateSwizzler/GULAppDelegateSwizzler.m -o /Users/siam/Library/Developer/Xcode/DerivedData/Lingua_Quest-gvpckrqxtbgyprbgppjfqmimmmfw/Build/Intermediates.noindex/GoogleUtilities.build/Debug-iphonesimulator/GoogleUtilities-AppDelegateSwizzler.build/Objects-normal/arm64/GULAppDelegateSwizzler.o -index-unit-output-path /GoogleUtilities.build/Debug-iphonesimulator/GoogleUtilities-AppDelegateSwizzler.build/Objects-normal/arm64/GULAppDelegateSwizzler.o

PrecompileModule /Users/siam/Library/Developer/Xcode/DerivedData/Lingua_Quest-gvpckrqxtbgyprbgppjfqmimmmfw/Build/Intermediates.noindex/ExplicitPrecompiledModules/Foundation-32CR6MEP5SBY2CNP20BTM7HC9.scan
    cd /
    builtin-precompileModule /Users/siam/Library/Developer/Xcode/DerivedData/Lingua_Quest-gvpckrqxtbgyprbgppjfqmimmmfw/Build/Intermediates.noindex/ExplicitPrecompiledModules/Foundation-32CR6MEP5SBY2CNP20BTM7HC9.scan

CompileC /Users/siam/Library/Developer/Xcode/DerivedData/Lingua_Quest-gvpckrqxtbgyprbgppjfqmimmmfw/Build/Intermediates.noindex/GoogleUtilities.build/Debug-iphonesimulator/GoogleUtilities-AppDelegateSwizzler.build/Objects-normal/x86_64/GULSceneDelegateSwizzler.o /Users/siam/Library/Developer/Xcode/DerivedData/Lingua_Quest-gvpckrqxtbgyprbgppjfqmimmmfw/SourcePackages/checkouts/GoogleUtilities/GoogleUtilities/AppDelegateSwizzler/GULSceneDelegateSwizzler.m normal x86_64 objective-c com.apple.compilers.llvm.clang.1_0.compiler (in target 'GoogleUtilities-AppDelegateSwizzler' from project 'GoogleUtilities')
    cd /Users/siam/Desktop/Lingua\ Quest/Lingua\ Quest.xcodeproj
    
    Using response file: /Users/siam/Library/Developer/Xcode/DerivedData/Lingua_Quest-gvpckrqxtbgyprbgppjfqmimmmfw/Build/Intermediates.noindex/GoogleUtilities.build/Debug-iphonesimulator/GoogleUtilities-AppDelegateSwizzler.build/Objects-normal/x86_64/e6072d4f65d7061329687fe24e3d63a7-common-args.resp
    
    /Applications/Xcode.app/Contents/Developer/Toolchains/XcodeDefault.xctoolchain/usr/bin/clang -x objective-c -ivfsstatcache /Users/siam/Library/Developer/Xcode/DerivedData/SDKStatCaches.noindex/iphonesimulator26.0-23A339-26257891a6c027eb51374368541b8346.sdkstatcache -fmessage-length\=0 -fdiagnostics-show-note-include-stack -fmacro-backtrace-limit\=0 -fno-color-diagnostics -fmodules-prune-interval\=86400 -fmodules-prune-after\=345600 -fbuild-session-file\=/Users/siam/Library/Developer/Xcode/DerivedData/ModuleCache.noindex/Session.modulevalidation -fmodules-validate-once-per-build-session -Wnon-modular-include-in-framework-module -Werror\=non-modular-include-in-framework-module -Wno-trigraphs -Wno-missing-field-initializers -Wno-missing-prototypes -Wno-return-type -Wno-implicit-atomic-properties -Wno-objc-interface-ivars -Wno-arc-repeated-use-of-weak -Wno-missing-braces -Wparentheses -Wswitch -Wno-unused-function -Wno-unused-label -Wno-unused-parameter -Wno-unused-variable -Wunused-value -Wno-empty-body -Wno-uninitialized -Wno-unknown-pragmas -w -Wno-shadow -Wno-four-char-constants -Wno-conversion -Wno-constant-conversion -Wno-int-conversion -Wno-bool-conversion -Wno-enum-conversion -Wno-float-conversion -Wno-non-literal-null-conversion -Wno-objc-literal-conversion -Wshorten-64-to-32 -Wpointer-sign -Wno-newline-eof -Wno-selector -Wno-strict-selector-match -Wno-undeclared-selector -Wno-deprecated-implementations -Wno-implicit-fallthrough -fstrict-aliasing -Wprotocol -Wdeprecated-declarations -Wno-sign-conversion -Wno-infinite-recursion -Wno-comma -Wno-block-capture-autoreleasing -Wno-strict-prototypes -Wno-semicolon-before-method-body -index-store-path /Users/siam/Library/Developer/Xcode/DerivedData/Lingua_Quest-gvpckrqxtbgyprbgppjfqmimmmfw/Index.noindex/DataStore @/Users/siam/Library/Developer/Xcode/DerivedData/Lingua_Quest-gvpckrqxtbgyprbgppjfqmimmmfw/Build/Intermediates.noindex/GoogleUtilities.build/Debug-iphonesimulator/GoogleUtilities-AppDelegateSwizzler.build/Objects-normal/x86_64/e6072d4f65d7061329687fe24e3d63a7-common-args.resp -include /Users/siam/Library/Developer/Xcode/DerivedData/Lingua_Quest-gvpckrqxtbgyprbgppjfqmimmmfw/Build/Intermediates.noindex/GoogleUtilities.build/Debug-iphonesimulator/GoogleUtilities-AppDelegateSwizzler.build/DerivedSources/resource_bundle_accessor.h -MMD -MT dependencies -MF /Users/siam/Library/Developer/Xcode/DerivedData/Lingua_Quest-gvpckrqxtbgyprbgppjfqmimmmfw/Build/Intermediates.noindex/GoogleUtilities.build/Debug-iphonesimulator/GoogleUtilities-AppDelegateSwizzler.build/Objects-normal/x86_64/GULSceneDelegateSwizzler.d --serialize-diagnostics /Users/siam/Library/Developer/Xcode/DerivedData/Lingua_Quest-gvpckrqxtbgyprbgppjfqmimmmfw/Build/Intermediates.noindex/GoogleUtilities.build/Debug-iphonesimulator/GoogleUtilities-AppDelegateSwizzler.build/Objects-normal/x86_64/GULSceneDelegateSwizzler.dia -c /Users/siam/Library/Developer/Xcode/DerivedData/Lingua_Quest-gvpckrqxtbgyprbgppjfqmimmmfw/SourcePackages/checkouts/GoogleUtilities/GoogleUtilities/AppDelegateSwizzler/GULSceneDelegateSwizzler.m -o /Users/siam/Library/Developer/Xcode/DerivedData/Lingua_Quest-gvpckrqxtbgyprbgppjfqmimmmfw/Build/Intermediates.noindex/GoogleUtilities.build/Debug-iphonesimulator/GoogleUtilities-AppDelegateSwizzler.build/Objects-normal/x86_64/GULSceneDelegateSwizzler.o -index-unit-output-path /GoogleUtilities.build/Debug-iphonesimulator/GoogleUtilities-AppDelegateSwizzler.build/Objects-normal/x86_64/GULSceneDelegateSwizzler.o

CompileC /Users/siam/Library/Developer/Xcode/DerivedData/Lingua_Quest-gvpckrqxtbgyprbgppjfqmimmmfw/Build/Intermediates.noindex/GoogleUtilities.build/Debug-iphonesimulator/GoogleUtilities-AppDelegateSwizzler.build/Objects-normal/x86_64/GULAppDelegateSwizzler.o /Users/siam/Library/Developer/Xcode/DerivedData/Lingua_Quest-gvpckrqxtbgyprbgppjfqmimmmfw/SourcePackages/checkouts/GoogleUtilities/GoogleUtilities/AppDelegateSwizzler/GULAppDelegateSwizzler.m normal x86_64 objective-c com.apple.compilers.llvm.clang.1_0.compiler (in target 'GoogleUtilities-AppDelegateSwizzler' from project 'GoogleUtilities')
    cd /Users/siam/Desktop/Lingua\ Quest/Lingua\ Quest.xcodeproj
    
    Using response file: /Users/siam/Library/Developer/Xcode/DerivedData/Lingua_Quest-gvpckrqxtbgyprbgppjfqmimmmfw/Build/Intermediates.noindex/GoogleUtilities.build/Debug-iphonesimulator/GoogleUtilities-AppDelegateSwizzler.build/Objects-normal/x86_64/e6072d4f65d7061329687fe24e3d63a7-common-args.resp
    
    /Applications/Xcode.app/Contents/Developer/Toolchains/XcodeDefault.xctoolchain/usr/bin/clang -x objective-c -ivfsstatcache /Users/siam/Library/Developer/Xcode/DerivedData/SDKStatCaches.noindex/iphonesimulator26.0-23A339-26257891a6c027eb51374368541b8346.sdkstatcache -fmessage-length\=0 -fdiagnostics-show-note-include-stack -fmacro-backtrace-limit\=0 -fno-color-diagnostics -fmodules-prune-interval\=86400 -fmodules-prune-after\=345600 -fbuild-session-file\=/Users/siam/Library/Developer/Xcode/DerivedData/ModuleCache.noindex/Session.modulevalidation -fmodules-validate-once-per-build-session -Wnon-modular-include-in-framework-module -Werror\=non-modular-include-in-framework-module -Wno-trigraphs -Wno-missing-field-initializers -Wno-missing-prototypes -Wno-return-type -Wno-implicit-atomic-properties -Wno-objc-interface-ivars -Wno-arc-repeated-use-of-weak -Wno-missing-braces -Wparentheses -Wswitch -Wno-unused-function -Wno-unused-label -Wno-unused-parameter -Wno-unused-variable -Wunused-value -Wno-empty-body -Wno-uninitialized -Wno-unknown-pragmas -w -Wno-shadow -Wno-four-char-constants -Wno-conversion -Wno-constant-conversion -Wno-int-conversion -Wno-bool-conversion -Wno-enum-conversion -Wno-float-conversion -Wno-non-literal-null-conversion -Wno-objc-literal-conversion -Wshorten-64-to-32 -Wpointer-sign -Wno-newline-eof -Wno-selector -Wno-strict-selector-match -Wno-undeclared-selector -Wno-deprecated-implementations -Wno-implicit-fallthrough -fstrict-aliasing -Wprotocol -Wdeprecated-declarations -Wno-sign-conversion -Wno-infinite-recursion -Wno-comma -Wno-block-capture-autoreleasing -Wno-strict-prototypes -Wno-semicolon-before-method-body -index-store-path /Users/siam/Library/Developer/Xcode/DerivedData/Lingua_Quest-gvpckrqxtbgyprbgppjfqmimmmfw/Index.noindex/DataStore @/Users/siam/Library/Developer/Xcode/DerivedData/Lingua_Quest-gvpckrqxtbgyprbgppjfqmimmmfw/Build/Intermediates.noindex/GoogleUtilities.build/Debug-iphonesimulator/GoogleUtilities-AppDelegateSwizzler.build/Objects-normal/x86_64/e6072d4f65d7061329687fe24e3d63a7-common-args.resp -include /Users/siam/Library/Developer/Xcode/DerivedData/Lingua_Quest-gvpckrqxtbgyprbgppjfqmimmmfw/Build/Intermediates.noindex/GoogleUtilities.build/Debug-iphonesimulator/GoogleUtilities-AppDelegateSwizzler.build/DerivedSources/resource_bundle_accessor.h -MMD -MT dependencies -MF /Users/siam/Library/Developer/Xcode/DerivedData/Lingua_Quest-gvpckrqxtbgyprbgppjfqmimmmfw/Build/Intermediates.noindex/GoogleUtilities.build/Debug-iphonesimulator/GoogleUtilities-AppDelegateSwizzler.build/Objects-normal/x86_64/GULAppDelegateSwizzler.d --serialize-diagnostics /Users/siam/Library/Developer/Xcode/DerivedData/Lingua_Quest-gvpckrqxtbgyprbgppjfqmimmmfw/Build/Intermediates.noindex/GoogleUtilities.build/Debug-iphonesimulator/GoogleUtilities-AppDelegateSwizzler.build/Objects-normal/x86_64/GULAppDelegateSwizzler.dia -c /Users/siam/Library/Developer/Xcode/DerivedData/Lingua_Quest-gvpckrqxtbgyprbgppjfqmimmmfw/SourcePackages/checkouts/GoogleUtilities/GoogleUtilities/AppDelegateSwizzler/GULAppDelegateSwizzler.m -o /Users/siam/Library/Developer/Xcode/DerivedData/Lingua_Quest-gvpckrqxtbgyprbgppjfqmimmmfw/Build/Intermediates.noindex/GoogleUtilities.build/Debug-iphonesimulator/GoogleUtilities-AppDelegateSwizzler.build/Objects-normal/x86_64/GULAppDelegateSwizzler.o -index-unit-output-path /GoogleUtilities.build/Debug-iphonesimulator/GoogleUtilities-AppDelegateSwizzler.build/Objects-normal/x86_64/GULAppDelegateSwizzler.o

CpResource /Users/siam/Library/Developer/Xcode/DerivedData/Lingua_Quest-gvpckrqxtbgyprbgppjfqmimmmfw/Build/Products/Debug-iphonesimulator/GoogleSignIn_GoogleSignIn.bundle/zh_CN.lproj/GoogleSignIn.strings /Users/siam/Library/Developer/Xcode/DerivedData/Lingua_Quest-gvpckrqxtbgyprbgppjfqmimmmfw/SourcePackages/checkouts/GoogleSignIn-iOS/GoogleSignIn/Sources/Strings/zh_CN.lproj/GoogleSignIn.strings (in target 'GoogleSignIn_GoogleSignIn' from project 'GoogleSignIn')
    cd /Users/siam/Library/Developer/Xcode/DerivedData/Lingua_Quest-gvpckrqxtbgyprbgppjfqmimmmfw/SourcePackages/checkouts/GoogleSignIn-iOS
    builtin-copy -exclude .DS_Store -exclude CVS -exclude .svn -exclude .git -exclude .hg -resolve-src-symlinks /Users/siam/Library/Developer/Xcode/DerivedData/Lingua_Quest-gvpckrqxtbgyprbgppjfqmimmmfw/SourcePackages/checkouts/GoogleSignIn-iOS/GoogleSignIn/Sources/Strings/zh_CN.lproj/GoogleSignIn.strings /Users/siam/Library/Developer/Xcode/DerivedData/Lingua_Quest-gvpckrqxtbgyprbgppjfqmimmmfw/Build/Products/Debug-iphonesimulator/GoogleSignIn_GoogleSignIn.bundle/zh_CN.lproj

CpResource /Users/siam/Library/Developer/Xcode/DerivedData/Lingua_Quest-gvpckrqxtbgyprbgppjfqmimmmfw/Build/Products/Debug-iphonesimulator/GoogleSignIn_GoogleSignIn.bundle/vi.lproj/GoogleSignIn.strings /Users/siam/Library/Developer/Xcode/DerivedData/Lingua_Quest-gvpckrqxtbgyprbgppjfqmimmmfw/SourcePackages/checkouts/GoogleSignIn-iOS/GoogleSignIn/Sources/Strings/vi.lproj/GoogleSignIn.strings (in target 'GoogleSignIn_GoogleSignIn' from project 'GoogleSignIn')
    cd /Users/siam/Library/Developer/Xcode/DerivedData/Lingua_Quest-gvpckrqxtbgyprbgppjfqmimmmfw/SourcePackages/checkouts/GoogleSignIn-iOS
    builtin-copy -exclude .DS_Store -exclude CVS -exclude .svn -exclude .git -exclude .hg -resolve-src-symlinks /Users/siam/Library/Developer/Xcode/DerivedData/Lingua_Quest-gvpckrqxtbgyprbgppjfqmimmmfw/SourcePackages/checkouts/GoogleSignIn-iOS/GoogleSignIn/Sources/Strings/vi.lproj/GoogleSignIn.strings /Users/siam/Library/Developer/Xcode/DerivedData/Lingua_Quest-gvpckrqxtbgyprbgppjfqmimmmfw/Build/Products/Debug-iphonesimulator/GoogleSignIn_GoogleSignIn.bundle/vi.lproj

CpResource /Users/siam/Library/Developer/Xcode/DerivedData/Lingua_Quest-gvpckrqxtbgyprbgppjfqmimmmfw/Build/Products/Debug-iphonesimulator/GoogleSignIn_GoogleSignIn.bundle/uk.lproj/GoogleSignIn.strings /Users/siam/Library/Developer/Xcode/DerivedData/Lingua_Quest-gvpckrqxtbgyprbgppjfqmimmmfw/SourcePackages/checkouts/GoogleSignIn-iOS/GoogleSignIn/Sources/Strings/uk.lproj/GoogleSignIn.strings (in target 'GoogleSignIn_GoogleSignIn' from project 'GoogleSignIn')
    cd /Users/siam/Library/Developer/Xcode/DerivedData/Lingua_Quest-gvpckrqxtbgyprbgppjfqmimmmfw/SourcePackages/checkouts/GoogleSignIn-iOS
    builtin-copy -exclude .DS_Store -exclude CVS -exclude .svn -exclude .git -exclude .hg -resolve-src-symlinks /Users/siam/Library/Developer/Xcode/DerivedData/Lingua_Quest-gvpckrqxtbgyprbgppjfqmimmmfw/SourcePackages/checkouts/GoogleSignIn-iOS/GoogleSignIn/Sources/Strings/uk.lproj/GoogleSignIn.strings /Users/siam/Library/Developer/Xcode/DerivedData/Lingua_Quest-gvpckrqxtbgyprbgppjfqmimmmfw/Build/Products/Debug-iphonesimulator/GoogleSignIn_GoogleSignIn.bundle/uk.lproj

CpResource /Users/siam/Library/Developer/Xcode/DerivedData/Lingua_Quest-gvpckrqxtbgyprbgppjfqmimmmfw/Build/Products/Debug-iphonesimulator/GoogleSignIn_GoogleSignIn.bundle/tr.lproj/GoogleSignIn.strings /Users/siam/Library/Developer/Xcode/DerivedData/Lingua_Quest-gvpckrqxtbgyprbgppjfqmimmmfw/SourcePackages/checkouts/GoogleSignIn-iOS/GoogleSignIn/Sources/Strings/tr.lproj/GoogleSignIn.strings (in target 'GoogleSignIn_GoogleSignIn' from project 'GoogleSignIn')
    cd /Users/siam/Library/Developer/Xcode/DerivedData/Lingua_Quest-gvpckrqxtbgyprbgppjfqmimmmfw/SourcePackages/checkouts/GoogleSignIn-iOS
    builtin-copy -exclude .DS_Store -exclude CVS -exclude .svn -exclude .git -exclude .hg -resolve-src-symlinks /Users/siam/Library/Developer/Xcode/DerivedData/Lingua_Quest-gvpckrqxtbgyprbgppjfqmimmmfw/SourcePackages/checkouts/GoogleSignIn-iOS/GoogleSignIn/Sources/Strings/tr.lproj/GoogleSignIn.strings /Users/siam/Library/Developer/Xcode/DerivedData/Lingua_Quest-gvpckrqxtbgyprbgppjfqmimmmfw/Build/Products/Debug-iphonesimulator/GoogleSignIn_GoogleSignIn.bundle/tr.lproj

CpResource /Users/siam/Library/Developer/Xcode/DerivedData/Lingua_Quest-gvpckrqxtbgyprbgppjfqmimmmfw/Build/Products/Debug-iphonesimulator/GoogleSignIn_GoogleSignIn.bundle/th.lproj/GoogleSignIn.strings /Users/siam/Library/Developer/Xcode/DerivedData/Lingua_Quest-gvpckrqxtbgyprbgppjfqmimmmfw/SourcePackages/checkouts/GoogleSignIn-iOS/GoogleSignIn/Sources/Strings/th.lproj/GoogleSignIn.strings (in target 'GoogleSignIn_GoogleSignIn' from project 'GoogleSignIn')
    cd /Users/siam/Library/Developer/Xcode/DerivedData/Lingua_Quest-gvpckrqxtbgyprbgppjfqmimmmfw/SourcePackages/checkouts/GoogleSignIn-iOS
    builtin-copy -exclude .DS_Store -exclude CVS -exclude .svn -exclude .git -exclude .hg -resolve-src-symlinks /Users/siam/Library/Developer/Xcode/DerivedData/Lingua_Quest-gvpckrqxtbgyprbgppjfqmimmmfw/SourcePackages/checkouts/GoogleSignIn-iOS/GoogleSignIn/Sources/Strings/th.lproj/GoogleSignIn.strings /Users/siam/Library/Developer/Xcode/DerivedData/Lingua_Quest-gvpckrqxtbgyprbgppjfqmimmmfw/Build/Products/Debug-iphonesimulator/GoogleSignIn_GoogleSignIn.bundle/th.lproj

CpResource /Users/siam/Library/Developer/Xcode/DerivedData/Lingua_Quest-gvpckrqxtbgyprbgppjfqmimmmfw/Build/Products/Debug-iphonesimulator/GoogleSignIn_GoogleSignIn.bundle/sv.lproj/GoogleSignIn.strings /Users/siam/Library/Developer/Xcode/DerivedData/Lingua_Quest-gvpckrqxtbgyprbgppjfqmimmmfw/SourcePackages/checkouts/GoogleSignIn-iOS/GoogleSignIn/Sources/Strings/sv.lproj/GoogleSignIn.strings (in target 'GoogleSignIn_GoogleSignIn' from project 'GoogleSignIn')
    cd /Users/siam/Library/Developer/Xcode/DerivedData/Lingua_Quest-gvpckrqxtbgyprbgppjfqmimmmfw/SourcePackages/checkouts/GoogleSignIn-iOS
    builtin-copy -exclude .DS_Store -exclude CVS -exclude .svn -exclude .git -exclude .hg -resolve-src-symlinks /Users/siam/Library/Developer/Xcode/DerivedData/Lingua_Quest-gvpckrqxtbgyprbgppjfqmimmmfw/SourcePackages/checkouts/GoogleSignIn-iOS/GoogleSignIn/Sources/Strings/sv.lproj/GoogleSignIn.strings /Users/siam/Library/Developer/Xcode/DerivedData/Lingua_Quest-gvpckrqxtbgyprbgppjfqmimmmfw/Build/Products/Debug-iphonesimulator/GoogleSignIn_GoogleSignIn.bundle/sv.lproj

CpResource /Users/siam/Library/Developer/Xcode/DerivedData/Lingua_Quest-gvpckrqxtbgyprbgppjfqmimmmfw/Build/Products/Debug-iphonesimulator/GoogleSignIn_GoogleSignIn.bundle/sk.lproj/GoogleSignIn.strings /Users/siam/Library/Developer/Xcode/DerivedData/Lingua_Quest-gvpckrqxtbgyprbgppjfqmimmmfw/SourcePackages/checkouts/GoogleSignIn-iOS/GoogleSignIn/Sources/Strings/sk.lproj/GoogleSignIn.strings (in target 'GoogleSignIn_GoogleSignIn' from project 'GoogleSignIn')
    cd /Users/siam/Library/Developer/Xcode/DerivedData/Lingua_Quest-gvpckrqxtbgyprbgppjfqmimmmfw/SourcePackages/checkouts/GoogleSignIn-iOS
    builtin-copy -exclude .DS_Store -exclude CVS -exclude .svn -exclude .git -exclude .hg -resolve-src-symlinks /Users/siam/Library/Developer/Xcode/DerivedData/Lingua_Quest-gvpckrqxtbgyprbgppjfqmimmmfw/SourcePackages/checkouts/GoogleSignIn-iOS/GoogleSignIn/Sources/Strings/sk.lproj/GoogleSignIn.strings /Users/siam/Library/Developer/Xcode/DerivedData/Lingua_Quest-gvpckrqxtbgyprbgppjfqmimmmfw/Build/Products/Debug-iphonesimulator/GoogleSignIn_GoogleSignIn.bundle/sk.lproj

CpResource /Users/siam/Library/Developer/Xcode/DerivedData/Lingua_Quest-gvpckrqxtbgyprbgppjfqmimmmfw/Build/Products/Debug-iphonesimulator/GoogleSignIn_GoogleSignIn.bundle/ru.lproj/GoogleSignIn.strings /Users/siam/Library/Developer/Xcode/DerivedData/Lingua_Quest-gvpckrqxtbgyprbgppjfqmimmmfw/SourcePackages/checkouts/GoogleSignIn-iOS/GoogleSignIn/Sources/Strings/ru.lproj/GoogleSignIn.strings (in target 'GoogleSignIn_GoogleSignIn' from project 'GoogleSignIn')
    cd /Users/siam/Library/Developer/Xcode/DerivedData/Lingua_Quest-gvpckrqxtbgyprbgppjfqmimmmfw/SourcePackages/checkouts/GoogleSignIn-iOS
    builtin-copy -exclude .DS_Store -exclude CVS -exclude .svn -exclude .git -exclude .hg -resolve-src-symlinks /Users/siam/Library/Developer/Xcode/DerivedData/Lingua_Quest-gvpckrqxtbgyprbgppjfqmimmmfw/SourcePackages/checkouts/GoogleSignIn-iOS/GoogleSignIn/Sources/Strings/ru.lproj/GoogleSignIn.strings /Users/siam/Library/Developer/Xcode/DerivedData/Lingua_Quest-gvpckrqxtbgyprbgppjfqmimmmfw/Build/Products/Debug-iphonesimulator/GoogleSignIn_GoogleSignIn.bundle/ru.lproj

CpResource /Users/siam/Library/Developer/Xcode/DerivedData/Lingua_Quest-gvpckrqxtbgyprbgppjfqmimmmfw/Build/Products/Debug-iphonesimulator/GoogleSignIn_GoogleSignIn.bundle/ro.lproj/GoogleSignIn.strings /Users/siam/Library/Developer/Xcode/DerivedData/Lingua_Quest-gvpckrqxtbgyprbgppjfqmimmmfw/SourcePackages/checkouts/GoogleSignIn-iOS/GoogleSignIn/Sources/Strings/ro.lproj/GoogleSignIn.strings (in target 'GoogleSignIn_GoogleSignIn' from project 'GoogleSignIn')
    cd /Users/siam/Library/Developer/Xcode/DerivedData/Lingua_Quest-gvpckrqxtbgyprbgppjfqmimmmfw/SourcePackages/checkouts/GoogleSignIn-iOS
    builtin-copy -exclude .DS_Store -exclude CVS -exclude .svn -exclude .git -exclude .hg -resolve-src-symlinks /Users/siam/Library/Developer/Xcode/DerivedData/Lingua_Quest-gvpckrqxtbgyprbgppjfqmimmmfw/SourcePackages/checkouts/GoogleSignIn-iOS/GoogleSignIn/Sources/Strings/ro.lproj/GoogleSignIn.strings /Users/siam/Library/Developer/Xcode/DerivedData/Lingua_Quest-gvpckrqxtbgyprbgppjfqmimmmfw/Build/Products/Debug-iphonesimulator/GoogleSignIn_GoogleSignIn.bundle/ro.lproj

CpResource /Users/siam/Library/Developer/Xcode/DerivedData/Lingua_Quest-gvpckrqxtbgyprbgppjfqmimmmfw/Build/Products/Debug-iphonesimulator/GoogleSignIn_GoogleSignIn.bundle/pt_PT.lproj/GoogleSignIn.strings /Users/siam/Library/Developer/Xcode/DerivedData/Lingua_Quest-gvpckrqxtbgyprbgppjfqmimmmfw/SourcePackages/checkouts/GoogleSignIn-iOS/GoogleSignIn/Sources/Strings/pt_PT.lproj/GoogleSignIn.strings (in target 'GoogleSignIn_GoogleSignIn' from project 'GoogleSignIn')
    cd /Users/siam/Library/Developer/Xcode/DerivedData/Lingua_Quest-gvpckrqxtbgyprbgppjfqmimmmfw/SourcePackages/checkouts/GoogleSignIn-iOS
    builtin-copy -exclude .DS_Store -exclude CVS -exclude .svn -exclude .git -exclude .hg -resolve-src-symlinks /Users/siam/Library/Developer/Xcode/DerivedData/Lingua_Quest-gvpckrqxtbgyprbgppjfqmimmmfw/SourcePackages/checkouts/GoogleSignIn-iOS/GoogleSignIn/Sources/Strings/pt_PT.lproj/GoogleSignIn.strings /Users/siam/Library/Developer/Xcode/DerivedData/Lingua_Quest-gvpckrqxtbgyprbgppjfqmimmmfw/Build/Products/Debug-iphonesimulator/GoogleSignIn_GoogleSignIn.bundle/pt_PT.lproj

CpResource /Users/siam/Library/Developer/Xcode/DerivedData/Lingua_Quest-gvpckrqxtbgyprbgppjfqmimmmfw/Build/Products/Debug-iphonesimulator/GoogleSignIn_GoogleSignIn.bundle/pt_BR.lproj/GoogleSignIn.strings /Users/siam/Library/Developer/Xcode/DerivedData/Lingua_Quest-gvpckrqxtbgyprbgppjfqmimmmfw/SourcePackages/checkouts/GoogleSignIn-iOS/GoogleSignIn/Sources/Strings/pt_BR.lproj/GoogleSignIn.strings (in target 'GoogleSignIn_GoogleSignIn' from project 'GoogleSignIn')
    cd /Users/siam/Library/Developer/Xcode/DerivedData/Lingua_Quest-gvpckrqxtbgyprbgppjfqmimmmfw/SourcePackages/checkouts/GoogleSignIn-iOS
    builtin-copy -exclude .DS_Store -exclude CVS -exclude .svn -exclude .git -exclude .hg -resolve-src-symlinks /Users/siam/Library/Developer/Xcode/DerivedData/Lingua_Quest-gvpckrqxtbgyprbgppjfqmimmmfw/SourcePackages/checkouts/GoogleSignIn-iOS/GoogleSignIn/Sources/Strings/pt_BR.lproj/GoogleSignIn.strings /Users/siam/Library/Developer/Xcode/DerivedData/Lingua_Quest-gvpckrqxtbgyprbgppjfqmimmmfw/Build/Products/Debug-iphonesimulator/GoogleSignIn_GoogleSignIn.bundle/pt_BR.lproj

CpResource /Users/siam/Library/Developer/Xcode/DerivedData/Lingua_Quest-gvpckrqxtbgyprbgppjfqmimmmfw/Build/Products/Debug-iphonesimulator/GoogleSignIn_GoogleSignIn.bundle/pt.lproj/GoogleSignIn.strings /Users/siam/Library/Developer/Xcode/DerivedData/Lingua_Quest-gvpckrqxtbgyprbgppjfqmimmmfw/SourcePackages/checkouts/GoogleSignIn-iOS/GoogleSignIn/Sources/Strings/pt.lproj/GoogleSignIn.strings (in target 'GoogleSignIn_GoogleSignIn' from project 'GoogleSignIn')
    cd /Users/siam/Library/Developer/Xcode/DerivedData/Lingua_Quest-gvpckrqxtbgyprbgppjfqmimmmfw/SourcePackages/checkouts/GoogleSignIn-iOS
    builtin-copy -exclude .DS_Store -exclude CVS -exclude .svn -exclude .git -exclude .hg -resolve-src-symlinks /Users/siam/Library/Developer/Xcode/DerivedData/Lingua_Quest-gvpckrqxtbgyprbgppjfqmimmmfw/SourcePackages/checkouts/GoogleSignIn-iOS/GoogleSignIn/Sources/Strings/pt.lproj/GoogleSignIn.strings /Users/siam/Library/Developer/Xcode/DerivedData/Lingua_Quest-gvpckrqxtbgyprbgppjfqmimmmfw/Build/Products/Debug-iphonesimulator/GoogleSignIn_GoogleSignIn.bundle/pt.lproj

CpResource /Users/siam/Library/Developer/Xcode/DerivedData/Lingua_Quest-gvpckrqxtbgyprbgppjfqmimmmfw/Build/Products/Debug-iphonesimulator/GoogleSignIn_GoogleSignIn.bundle/pl.lproj/GoogleSignIn.strings /Users/siam/Library/Developer/Xcode/DerivedData/Lingua_Quest-gvpckrqxtbgyprbgppjfqmimmmfw/SourcePackages/checkouts/GoogleSignIn-iOS/GoogleSignIn/Sources/Strings/pl.lproj/GoogleSignIn.strings (in target 'GoogleSignIn_GoogleSignIn' from project 'GoogleSignIn')
    cd /Users/siam/Library/Developer/Xcode/DerivedData/Lingua_Quest-gvpckrqxtbgyprbgppjfqmimmmfw/SourcePackages/checkouts/GoogleSignIn-iOS
    builtin-copy -exclude .DS_Store -exclude CVS -exclude .svn -exclude .git -exclude .hg -resolve-src-symlinks /Users/siam/Library/Developer/Xcode/DerivedData/Lingua_Quest-gvpckrqxtbgyprbgppjfqmimmmfw/SourcePackages/checkouts/GoogleSignIn-iOS/GoogleSignIn/Sources/Strings/pl.lproj/GoogleSignIn.strings /Users/siam/Library/Developer/Xcode/DerivedData/Lingua_Quest-gvpckrqxtbgyprbgppjfqmimmmfw/Build/Products/Debug-iphonesimulator/GoogleSignIn_GoogleSignIn.bundle/pl.lproj

CpResource /Users/siam/Library/Developer/Xcode/DerivedData/Lingua_Quest-gvpckrqxtbgyprbgppjfqmimmmfw/Build/Products/Debug-iphonesimulator/GoogleSignIn_GoogleSignIn.bundle/nl.lproj/GoogleSignIn.strings /Users/siam/Library/Developer/Xcode/DerivedData/Lingua_Quest-gvpckrqxtbgyprbgppjfqmimmmfw/SourcePackages/checkouts/GoogleSignIn-iOS/GoogleSignIn/Sources/Strings/nl.lproj/GoogleSignIn.strings (in target 'GoogleSignIn_GoogleSignIn' from project 'GoogleSignIn')
    cd /Users/siam/Library/Developer/Xcode/DerivedData/Lingua_Quest-gvpckrqxtbgyprbgppjfqmimmmfw/SourcePackages/checkouts/GoogleSignIn-iOS
    builtin-copy -exclude .DS_Store -exclude CVS -exclude .svn -exclude .git -exclude .hg -resolve-src-symlinks /Users/siam/Library/Developer/Xcode/DerivedData/Lingua_Quest-gvpckrqxtbgyprbgppjfqmimmmfw/SourcePackages/checkouts/GoogleSignIn-iOS/GoogleSignIn/Sources/Strings/nl.lproj/GoogleSignIn.strings /Users/siam/Library/Developer/Xcode/DerivedData/Lingua_Quest-gvpckrqxtbgyprbgppjfqmimmmfw/Build/Products/Debug-iphonesimulator/GoogleSignIn_GoogleSignIn.bundle/nl.lproj

CpResource /Users/siam/Library/Developer/Xcode/DerivedData/Lingua_Quest-gvpckrqxtbgyprbgppjfqmimmmfw/Build/Products/Debug-iphonesimulator/GoogleSignIn_GoogleSignIn.bundle/nb.lproj/GoogleSignIn.strings /Users/siam/Library/Developer/Xcode/DerivedData/Lingua_Quest-gvpckrqxtbgyprbgppjfqmimmmfw/SourcePackages/checkouts/GoogleSignIn-iOS/GoogleSignIn/Sources/Strings/nb.lproj/GoogleSignIn.strings (in target 'GoogleSignIn_GoogleSignIn' from project 'GoogleSignIn')
    cd /Users/siam/Library/Developer/Xcode/DerivedData/Lingua_Quest-gvpckrqxtbgyprbgppjfqmimmmfw/SourcePackages/checkouts/GoogleSignIn-iOS
    builtin-copy -exclude .DS_Store -exclude CVS -exclude .svn -exclude .git -exclude .hg -resolve-src-symlinks /Users/siam/Library/Developer/Xcode/DerivedData/Lingua_Quest-gvpckrqxtbgyprbgppjfqmimmmfw/SourcePackages/checkouts/GoogleSignIn-iOS/GoogleSignIn/Sources/Strings/nb.lproj/GoogleSignIn.strings /Users/siam/Library/Developer/Xcode/DerivedData/Lingua_Quest-gvpckrqxtbgyprbgppjfqmimmmfw/Build/Products/Debug-iphonesimulator/GoogleSignIn_GoogleSignIn.bundle/nb.lproj

CpResource /Users/siam/Library/Developer/Xcode/DerivedData/Lingua_Quest-gvpckrqxtbgyprbgppjfqmimmmfw/Build/Products/Debug-iphonesimulator/GoogleSignIn_GoogleSignIn.bundle/ms.lproj/GoogleSignIn.strings /Users/siam/Library/Developer/Xcode/DerivedData/Lingua_Quest-gvpckrqxtbgyprbgppjfqmimmmfw/SourcePackages/checkouts/GoogleSignIn-iOS/GoogleSignIn/Sources/Strings/ms.lproj/GoogleSignIn.strings (in target 'GoogleSignIn_GoogleSignIn' from project 'GoogleSignIn')
    cd /Users/siam/Library/Developer/Xcode/DerivedData/Lingua_Quest-gvpckrqxtbgyprbgppjfqmimmmfw/SourcePackages/checkouts/GoogleSignIn-iOS
    builtin-copy -exclude .DS_Store -exclude CVS -exclude .svn -exclude .git -exclude .hg -resolve-src-symlinks /Users/siam/Library/Developer/Xcode/DerivedData/Lingua_Quest-gvpckrqxtbgyprbgppjfqmimmmfw/SourcePackages/checkouts/GoogleSignIn-iOS/GoogleSignIn/Sources/Strings/ms.lproj/GoogleSignIn.strings /Users/siam/Library/Developer/Xcode/DerivedData/Lingua_Quest-gvpckrqxtbgyprbgppjfqmimmmfw/Build/Products/Debug-iphonesimulator/GoogleSignIn_GoogleSignIn.bundle/ms.lproj

CpResource /Users/siam/Library/Developer/Xcode/DerivedData/Lingua_Quest-gvpckrqxtbgyprbgppjfqmimmmfw/Build/Products/Debug-iphonesimulator/GoogleSignIn_GoogleSignIn.bundle/ko.lproj/GoogleSignIn.strings /Users/siam/Library/Developer/Xcode/DerivedData/Lingua_Quest-gvpckrqxtbgyprbgppjfqmimmmfw/SourcePackages/checkouts/GoogleSignIn-iOS/GoogleSignIn/Sources/Strings/ko.lproj/GoogleSignIn.strings (in target 'GoogleSignIn_GoogleSignIn' from project 'GoogleSignIn')
    cd /Users/siam/Library/Developer/Xcode/DerivedData/Lingua_Quest-gvpckrqxtbgyprbgppjfqmimmmfw/SourcePackages/checkouts/GoogleSignIn-iOS
    builtin-copy -exclude .DS_Store -exclude CVS -exclude .svn -exclude .git -exclude .hg -resolve-src-symlinks /Users/siam/Library/Developer/Xcode/DerivedData/Lingua_Quest-gvpckrqxtbgyprbgppjfqmimmmfw/SourcePackages/checkouts/GoogleSignIn-iOS/GoogleSignIn/Sources/Strings/ko.lproj/GoogleSignIn.strings /Users/siam/Library/Developer/Xcode/DerivedData/Lingua_Quest-gvpckrqxtbgyprbgppjfqmimmmfw/Build/Products/Debug-iphonesimulator/GoogleSignIn_GoogleSignIn.bundle/ko.lproj

CpResource /Users/siam/Library/Developer/Xcode/DerivedData/Lingua_Quest-gvpckrqxtbgyprbgppjfqmimmmfw/Build/Products/Debug-iphonesimulator/GoogleSignIn_GoogleSignIn.bundle/ja.lproj/GoogleSignIn.strings /Users/siam/Library/Developer/Xcode/DerivedData/Lingua_Quest-gvpckrqxtbgyprbgppjfqmimmmfw/SourcePackages/checkouts/GoogleSignIn-iOS/GoogleSignIn/Sources/Strings/ja.lproj/GoogleSignIn.strings (in target 'GoogleSignIn_GoogleSignIn' from project 'GoogleSignIn')
    cd /Users/siam/Library/Developer/Xcode/DerivedData/Lingua_Quest-gvpckrqxtbgyprbgppjfqmimmmfw/SourcePackages/checkouts/GoogleSignIn-iOS
    builtin-copy -exclude .DS_Store -exclude CVS -exclude .svn -exclude .git -exclude .hg -resolve-src-symlinks /Users/siam/Library/Developer/Xcode/DerivedData/Lingua_Quest-gvpckrqxtbgyprbgppjfqmimmmfw/SourcePackages/checkouts/GoogleSignIn-iOS/GoogleSignIn/Sources/Strings/ja.lproj/GoogleSignIn.strings /Users/siam/Library/Developer/Xcode/DerivedData/Lingua_Quest-gvpckrqxtbgyprbgppjfqmimmmfw/Build/Products/Debug-iphonesimulator/GoogleSignIn_GoogleSignIn.bundle/ja.lproj

CpResource /Users/siam/Library/Developer/Xcode/DerivedData/Lingua_Quest-gvpckrqxtbgyprbgppjfqmimmmfw/Build/Products/Debug-iphonesimulator/GoogleSignIn_GoogleSignIn.bundle/it.lproj/GoogleSignIn.strings /Users/siam/Library/Developer/Xcode/DerivedData/Lingua_Quest-gvpckrqxtbgyprbgppjfqmimmmfw/SourcePackages/checkouts/GoogleSignIn-iOS/GoogleSignIn/Sources/Strings/it.lproj/GoogleSignIn.strings (in target 'GoogleSignIn_GoogleSignIn' from project 'GoogleSignIn')
    cd /Users/siam/Library/Developer/Xcode/DerivedData/Lingua_Quest-gvpckrqxtbgyprbgppjfqmimmmfw/SourcePackages/checkouts/GoogleSignIn-iOS
    builtin-copy -exclude .DS_Store -exclude CVS -exclude .svn -exclude .git -exclude .hg -resolve-src-symlinks /Users/siam/Library/Developer/Xcode/DerivedData/Lingua_Quest-gvpckrqxtbgyprbgppjfqmimmmfw/SourcePackages/checkouts/GoogleSignIn-iOS/GoogleSignIn/Sources/Strings/it.lproj/GoogleSignIn.strings /Users/siam/Library/Developer/Xcode/DerivedData/Lingua_Quest-gvpckrqxtbgyprbgppjfqmimmmfw/Build/Products/Debug-iphonesimulator/GoogleSignIn_GoogleSignIn.bundle/it.lproj

CpResource /Users/siam/Library/Developer/Xcode/DerivedData/Lingua_Quest-gvpckrqxtbgyprbgppjfqmimmmfw/Build/Products/Debug-iphonesimulator/GoogleSignIn_GoogleSignIn.bundle/id.lproj/GoogleSignIn.strings /Users/siam/Library/Developer/Xcode/DerivedData/Lingua_Quest-gvpckrqxtbgyprbgppjfqmimmmfw/SourcePackages/checkouts/GoogleSignIn-iOS/GoogleSignIn/Sources/Strings/id.lproj/GoogleSignIn.strings (in target 'GoogleSignIn_GoogleSignIn' from project 'GoogleSignIn')
    cd /Users/siam/Library/Developer/Xcode/DerivedData/Lingua_Quest-gvpckrqxtbgyprbgppjfqmimmmfw/SourcePackages/checkouts/GoogleSignIn-iOS
    builtin-copy -exclude .DS_Store -exclude CVS -exclude .svn -exclude .git -exclude .hg -resolve-src-symlinks /Users/siam/Library/Developer/Xcode/DerivedData/Lingua_Quest-gvpckrqxtbgyprbgppjfqmimmmfw/SourcePackages/checkouts/GoogleSignIn-iOS/GoogleSignIn/Sources/Strings/id.lproj/GoogleSignIn.strings /Users/siam/Library/Developer/Xcode/DerivedData/Lingua_Quest-gvpckrqxtbgyprbgppjfqmimmmfw/Build/Products/Debug-iphonesimulator/GoogleSignIn_GoogleSignIn.bundle/id.lproj

CpResource /Users/siam/Library/Developer/Xcode/DerivedData/Lingua_Quest-gvpckrqxtbgyprbgppjfqmimmmfw/Build/Products/Debug-iphonesimulator/GoogleSignIn_GoogleSignIn.bundle/hu.lproj/GoogleSignIn.strings /Users/siam/Library/Developer/Xcode/DerivedData/Lingua_Quest-gvpckrqxtbgyprbgppjfqmimmmfw/SourcePackages/checkouts/GoogleSignIn-iOS/GoogleSignIn/Sources/Strings/hu.lproj/GoogleSignIn.strings (in target 'GoogleSignIn_GoogleSignIn' from project 'GoogleSignIn')
    cd /Users/siam/Library/Developer/Xcode/DerivedData/Lingua_Quest-gvpckrqxtbgyprbgppjfqmimmmfw/SourcePackages/checkouts/GoogleSignIn-iOS
    builtin-copy -exclude .DS_Store -exclude CVS -exclude .svn -exclude .git -exclude .hg -resolve-src-symlinks /Users/siam/Library/Developer/Xcode/DerivedData/Lingua_Quest-gvpckrqxtbgyprbgppjfqmimmmfw/SourcePackages/checkouts/GoogleSignIn-iOS/GoogleSignIn/Sources/Strings/hu.lproj/GoogleSignIn.strings /Users/siam/Library/Developer/Xcode/DerivedData/Lingua_Quest-gvpckrqxtbgyprbgppjfqmimmmfw/Build/Products/Debug-iphonesimulator/GoogleSignIn_GoogleSignIn.bundle/hu.lproj

CpResource /Users/siam/Library/Developer/Xcode/DerivedData/Lingua_Quest-gvpckrqxtbgyprbgppjfqmimmmfw/Build/Products/Debug-iphonesimulator/GoogleSignIn_GoogleSignIn.bundle/hr.lproj/GoogleSignIn.strings /Users/siam/Library/Developer/Xcode/DerivedData/Lingua_Quest-gvpckrqxtbgyprbgppjfqmimmmfw/SourcePackages/checkouts/GoogleSignIn-iOS/GoogleSignIn/Sources/Strings/hr.lproj/GoogleSignIn.strings (in target 'GoogleSignIn_GoogleSignIn' from project 'GoogleSignIn')
    cd /Users/siam/Library/Developer/Xcode/DerivedData/Lingua_Quest-gvpckrqxtbgyprbgppjfqmimmmfw/SourcePackages/checkouts/GoogleSignIn-iOS
    builtin-copy -exclude .DS_Store -exclude CVS -exclude .svn -exclude .git -exclude .hg -resolve-src-symlinks /Users/siam/Library/Developer/Xcode/DerivedData/Lingua_Quest-gvpckrqxtbgyprbgppjfqmimmmfw/SourcePackages/checkouts/GoogleSignIn-iOS/GoogleSignIn/Sources/Strings/hr.lproj/GoogleSignIn.strings /Users/siam/Library/Developer/Xcode/DerivedData/Lingua_Quest-gvpckrqxtbgyprbgppjfqmimmmfw/Build/Products/Debug-iphonesimulator/GoogleSignIn_GoogleSignIn.bundle/hr.lproj

CpResource /Users/siam/Library/Developer/Xcode/DerivedData/Lingua_Quest-gvpckrqxtbgyprbgppjfqmimmmfw/Build/Products/Debug-iphonesimulator/GoogleSignIn_GoogleSignIn.bundle/hi.lproj/GoogleSignIn.strings /Users/siam/Library/Developer/Xcode/DerivedData/Lingua_Quest-gvpckrqxtbgyprbgppjfqmimmmfw/SourcePackages/checkouts/GoogleSignIn-iOS/GoogleSignIn/Sources/Strings/hi.lproj/GoogleSignIn.strings (in target 'GoogleSignIn_GoogleSignIn' from project 'GoogleSignIn')
    cd /Users/siam/Library/Developer/Xcode/DerivedData/Lingua_Quest-gvpckrqxtbgyprbgppjfqmimmmfw/SourcePackages/checkouts/GoogleSignIn-iOS
    builtin-copy -exclude .DS_Store -exclude CVS -exclude .svn -exclude .git -exclude .hg -resolve-src-symlinks /Users/siam/Library/Developer/Xcode/DerivedData/Lingua_Quest-gvpckrqxtbgyprbgppjfqmimmmfw/SourcePackages/checkouts/GoogleSignIn-iOS/GoogleSignIn/Sources/Strings/hi.lproj/GoogleSignIn.strings /Users/siam/Library/Developer/Xcode/DerivedData/Lingua_Quest-gvpckrqxtbgyprbgppjfqmimmmfw/Build/Products/Debug-iphonesimulator/GoogleSignIn_GoogleSignIn.bundle/hi.lproj

CpResource /Users/siam/Library/Developer/Xcode/DerivedData/Lingua_Quest-gvpckrqxtbgyprbgppjfqmimmmfw/Build/Products/Debug-iphonesimulator/GoogleSignIn_GoogleSignIn.bundle/he.lproj/GoogleSignIn.strings /Users/siam/Library/Developer/Xcode/DerivedData/Lingua_Quest-gvpckrqxtbgyprbgppjfqmimmmfw/SourcePackages/checkouts/GoogleSignIn-iOS/GoogleSignIn/Sources/Strings/he.lproj/GoogleSignIn.strings (in target 'GoogleSignIn_GoogleSignIn' from project 'GoogleSignIn')
    cd /Users/siam/Library/Developer/Xcode/DerivedData/Lingua_Quest-gvpckrqxtbgyprbgppjfqmimmmfw/SourcePackages/checkouts/GoogleSignIn-iOS
    builtin-copy -exclude .DS_Store -exclude CVS -exclude .svn -exclude .git -exclude .hg -resolve-src-symlinks /Users/siam/Library/Developer/Xcode/DerivedData/Lingua_Quest-gvpckrqxtbgyprbgppjfqmimmmfw/SourcePackages/checkouts/GoogleSignIn-iOS/GoogleSignIn/Sources/Strings/he.lproj/GoogleSignIn.strings /Users/siam/Library/Developer/Xcode/DerivedData/Lingua_Quest-gvpckrqxtbgyprbgppjfqmimmmfw/Build/Products/Debug-iphonesimulator/GoogleSignIn_GoogleSignIn.bundle/he.lproj

CpResource /Users/siam/Library/Developer/Xcode/DerivedData/Lingua_Quest-gvpckrqxtbgyprbgppjfqmimmmfw/Build/Products/Debug-iphonesimulator/GoogleSignIn_GoogleSignIn.bundle/google@3x.png /Users/siam/Library/Developer/Xcode/DerivedData/Lingua_Quest-gvpckrqxtbgyprbgppjfqmimmmfw/SourcePackages/checkouts/GoogleSignIn-iOS/GoogleSignIn/Sources/Resources/google@3x.png (in target 'GoogleSignIn_GoogleSignIn' from project 'GoogleSignIn')
    cd /Users/siam/Library/Developer/Xcode/DerivedData/Lingua_Quest-gvpckrqxtbgyprbgppjfqmimmmfw/SourcePackages/checkouts/GoogleSignIn-iOS
    builtin-copy -exclude .DS_Store -exclude CVS -exclude .svn -exclude .git -exclude .hg -resolve-src-symlinks /Users/siam/Library/Developer/Xcode/DerivedData/Lingua_Quest-gvpckrqxtbgyprbgppjfqmimmmfw/SourcePackages/checkouts/GoogleSignIn-iOS/GoogleSignIn/Sources/Resources/google@3x.png /Users/siam/Library/Developer/Xcode/DerivedData/Lingua_Quest-gvpckrqxtbgyprbgppjfqmimmmfw/Build/Products/Debug-iphonesimulator/GoogleSignIn_GoogleSignIn.bundle

CpResource /Users/siam/Library/Developer/Xcode/DerivedData/Lingua_Quest-gvpckrqxtbgyprbgppjfqmimmmfw/Build/Products/Debug-iphonesimulator/GoogleSignIn_GoogleSignIn.bundle/google@2x.png /Users/siam/Library/Developer/Xcode/DerivedData/Lingua_Quest-gvpckrqxtbgyprbgppjfqmimmmfw/SourcePackages/checkouts/GoogleSignIn-iOS/GoogleSignIn/Sources/Resources/google@2x.png (in target 'GoogleSignIn_GoogleSignIn' from project 'GoogleSignIn')
    cd /Users/siam/Library/Developer/Xcode/DerivedData/Lingua_Quest-gvpckrqxtbgyprbgppjfqmimmmfw/SourcePackages/checkouts/GoogleSignIn-iOS
    builtin-copy -exclude .DS_Store -exclude CVS -exclude .svn -exclude .git -exclude .hg -resolve-src-symlinks /Users/siam/Library/Developer/Xcode/DerivedData/Lingua_Quest-gvpckrqxtbgyprbgppjfqmimmmfw/SourcePackages/checkouts/GoogleSignIn-iOS/GoogleSignIn/Sources/Resources/google@2x.png /Users/siam/Library/Developer/Xcode/DerivedData/Lingua_Quest-gvpckrqxtbgyprbgppjfqmimmmfw/Build/Products/Debug-iphonesimulator/GoogleSignIn_GoogleSignIn.bundle

CpResource /Users/siam/Library/Developer/Xcode/DerivedData/Lingua_Quest-gvpckrqxtbgyprbgppjfqmimmmfw/Build/Products/Debug-iphonesimulator/GoogleSignIn_GoogleSignIn.bundle/google.png /Users/siam/Library/Developer/Xcode/DerivedData/Lingua_Quest-gvpckrqxtbgyprbgppjfqmimmmfw/SourcePackages/checkouts/GoogleSignIn-iOS/GoogleSignIn/Sources/Resources/google.png (in target 'GoogleSignIn_GoogleSignIn' from project 'GoogleSignIn')
    cd /Users/siam/Library/Developer/Xcode/DerivedData/Lingua_Quest-gvpckrqxtbgyprbgppjfqmimmmfw/SourcePackages/checkouts/GoogleSignIn-iOS
    builtin-copy -exclude .DS_Store -exclude CVS -exclude .svn -exclude .git -exclude .hg -resolve-src-symlinks /Users/siam/Library/Developer/Xcode/DerivedData/Lingua_Quest-gvpckrqxtbgyprbgppjfqmimmmfw/SourcePackages/checkouts/GoogleSignIn-iOS/GoogleSignIn/Sources/Resources/google.png /Users/siam/Library/Developer/Xcode/DerivedData/Lingua_Quest-gvpckrqxtbgyprbgppjfqmimmmfw/Build/Products/Debug-iphonesimulator/GoogleSignIn_GoogleSignIn.bundle

CpResource /Users/siam/Library/Developer/Xcode/DerivedData/Lingua_Quest-gvpckrqxtbgyprbgppjfqmimmmfw/Build/Products/Debug-iphonesimulator/GoogleSignIn_GoogleSignIn.bundle/fr_CA.lproj/GoogleSignIn.strings /Users/siam/Library/Developer/Xcode/DerivedData/Lingua_Quest-gvpckrqxtbgyprbgppjfqmimmmfw/SourcePackages/checkouts/GoogleSignIn-iOS/GoogleSignIn/Sources/Strings/fr_CA.lproj/GoogleSignIn.strings (in target 'GoogleSignIn_GoogleSignIn' from project 'GoogleSignIn')
    cd /Users/siam/Library/Developer/Xcode/DerivedData/Lingua_Quest-gvpckrqxtbgyprbgppjfqmimmmfw/SourcePackages/checkouts/GoogleSignIn-iOS
    builtin-copy -exclude .DS_Store -exclude CVS -exclude .svn -exclude .git -exclude .hg -resolve-src-symlinks /Users/siam/Library/Developer/Xcode/DerivedData/Lingua_Quest-gvpckrqxtbgyprbgppjfqmimmmfw/SourcePackages/checkouts/GoogleSignIn-iOS/GoogleSignIn/Sources/Strings/fr_CA.lproj/GoogleSignIn.strings /Users/siam/Library/Developer/Xcode/DerivedData/Lingua_Quest-gvpckrqxtbgyprbgppjfqmimmmfw/Build/Products/Debug-iphonesimulator/GoogleSignIn_GoogleSignIn.bundle/fr_CA.lproj

CpResource /Users/siam/Library/Developer/Xcode/DerivedData/Lingua_Quest-gvpckrqxtbgyprbgppjfqmimmmfw/Build/Products/Debug-iphonesimulator/GoogleSignIn_GoogleSignIn.bundle/fr.lproj/GoogleSignIn.strings /Users/siam/Library/Developer/Xcode/DerivedData/Lingua_Quest-gvpckrqxtbgyprbgppjfqmimmmfw/SourcePackages/checkouts/GoogleSignIn-iOS/GoogleSignIn/Sources/Strings/fr.lproj/GoogleSignIn.strings (in target 'GoogleSignIn_GoogleSignIn' from project 'GoogleSignIn')
    cd /Users/siam/Library/Developer/Xcode/DerivedData/Lingua_Quest-gvpckrqxtbgyprbgppjfqmimmmfw/SourcePackages/checkouts/GoogleSignIn-iOS
    builtin-copy -exclude .DS_Store -exclude CVS -exclude .svn -exclude .git -exclude .hg -resolve-src-symlinks /Users/siam/Library/Developer/Xcode/DerivedData/Lingua_Quest-gvpckrqxtbgyprbgppjfqmimmmfw/SourcePackages/checkouts/GoogleSignIn-iOS/GoogleSignIn/Sources/Strings/fr.lproj/GoogleSignIn.strings /Users/siam/Library/Developer/Xcode/DerivedData/Lingua_Quest-gvpckrqxtbgyprbgppjfqmimmmfw/Build/Products/Debug-iphonesimulator/GoogleSignIn_GoogleSignIn.bundle/fr.lproj

CpResource /Users/siam/Library/Developer/Xcode/DerivedData/Lingua_Quest-gvpckrqxtbgyprbgppjfqmimmmfw/Build/Products/Debug-iphonesimulator/GoogleSignIn_GoogleSignIn.bundle/fi.lproj/GoogleSignIn.strings /Users/siam/Library/Developer/Xcode/DerivedData/Lingua_Quest-gvpckrqxtbgyprbgppjfqmimmmfw/SourcePackages/checkouts/GoogleSignIn-iOS/GoogleSignIn/Sources/Strings/fi.lproj/GoogleSignIn.strings (in target 'GoogleSignIn_GoogleSignIn' from project 'GoogleSignIn')
    cd /Users/siam/Library/Developer/Xcode/DerivedData/Lingua_Quest-gvpckrqxtbgyprbgppjfqmimmmfw/SourcePackages/checkouts/GoogleSignIn-iOS
    builtin-copy -exclude .DS_Store -exclude CVS -exclude .svn -exclude .git -exclude .hg -resolve-src-symlinks /Users/siam/Library/Developer/Xcode/DerivedData/Lingua_Quest-gvpckrqxtbgyprbgppjfqmimmmfw/SourcePackages/checkouts/GoogleSignIn-iOS/GoogleSignIn/Sources/Strings/fi.lproj/GoogleSignIn.strings /Users/siam/Library/Developer/Xcode/DerivedData/Lingua_Quest-gvpckrqxtbgyprbgppjfqmimmmfw/Build/Products/Debug-iphonesimulator/GoogleSignIn_GoogleSignIn.bundle/fi.lproj

CpResource /Users/siam/Library/Developer/Xcode/DerivedData/Lingua_Quest-gvpckrqxtbgyprbgppjfqmimmmfw/Build/Products/Debug-iphonesimulator/GoogleSignIn_GoogleSignIn.bundle/es_MX.lproj/GoogleSignIn.strings /Users/siam/Library/Developer/Xcode/DerivedData/Lingua_Quest-gvpckrqxtbgyprbgppjfqmimmmfw/SourcePackages/checkouts/GoogleSignIn-iOS/GoogleSignIn/Sources/Strings/es_MX.lproj/GoogleSignIn.strings (in target 'GoogleSignIn_GoogleSignIn' from project 'GoogleSignIn')
    cd /Users/siam/Library/Developer/Xcode/DerivedData/Lingua_Quest-gvpckrqxtbgyprbgppjfqmimmmfw/SourcePackages/checkouts/GoogleSignIn-iOS
    builtin-copy -exclude .DS_Store -exclude CVS -exclude .svn -exclude .git -exclude .hg -resolve-src-symlinks /Users/siam/Library/Developer/Xcode/DerivedData/Lingua_Quest-gvpckrqxtbgyprbgppjfqmimmmfw/SourcePackages/checkouts/GoogleSignIn-iOS/GoogleSignIn/Sources/Strings/es_MX.lproj/GoogleSignIn.strings /Users/siam/Library/Developer/Xcode/DerivedData/Lingua_Quest-gvpckrqxtbgyprbgppjfqmimmmfw/Build/Products/Debug-iphonesimulator/GoogleSignIn_GoogleSignIn.bundle/es_MX.lproj

CpResource /Users/siam/Library/Developer/Xcode/DerivedData/Lingua_Quest-gvpckrqxtbgyprbgppjfqmimmmfw/Build/Products/Debug-iphonesimulator/GoogleSignIn_GoogleSignIn.bundle/es.lproj/GoogleSignIn.strings /Users/siam/Library/Developer/Xcode/DerivedData/Lingua_Quest-gvpckrqxtbgyprbgppjfqmimmmfw/SourcePackages/checkouts/GoogleSignIn-iOS/GoogleSignIn/Sources/Strings/es.lproj/GoogleSignIn.strings (in target 'GoogleSignIn_GoogleSignIn' from project 'GoogleSignIn')
    cd /Users/siam/Library/Developer/Xcode/DerivedData/Lingua_Quest-gvpckrqxtbgyprbgppjfqmimmmfw/SourcePackages/checkouts/GoogleSignIn-iOS
    builtin-copy -exclude .DS_Store -exclude CVS -exclude .svn -exclude .git -exclude .hg -resolve-src-symlinks /Users/siam/Library/Developer/Xcode/DerivedData/Lingua_Quest-gvpckrqxtbgyprbgppjfqmimmmfw/SourcePackages/checkouts/GoogleSignIn-iOS/GoogleSignIn/Sources/Strings/es.lproj/GoogleSignIn.strings /Users/siam/Library/Developer/Xcode/DerivedData/Lingua_Quest-gvpckrqxtbgyprbgppjfqmimmmfw/Build/Products/Debug-iphonesimulator/GoogleSignIn_GoogleSignIn.bundle/es.lproj

CpResource /Users/siam/Library/Developer/Xcode/DerivedData/Lingua_Quest-gvpckrqxtbgyprbgppjfqmimmmfw/Build/Products/Debug-iphonesimulator/GoogleSignIn_GoogleSignIn.bundle/en_GB.lproj/GoogleSignIn.strings /Users/siam/Library/Developer/Xcode/DerivedData/Lingua_Quest-gvpckrqxtbgyprbgppjfqmimmmfw/SourcePackages/checkouts/GoogleSignIn-iOS/GoogleSignIn/Sources/Strings/en_GB.lproj/GoogleSignIn.strings (in target 'GoogleSignIn_GoogleSignIn' from project 'GoogleSignIn')
    cd /Users/siam/Library/Developer/Xcode/DerivedData/Lingua_Quest-gvpckrqxtbgyprbgppjfqmimmmfw/SourcePackages/checkouts/GoogleSignIn-iOS
    builtin-copy -exclude .DS_Store -exclude CVS -exclude .svn -exclude .git -exclude .hg -resolve-src-symlinks /Users/siam/Library/Developer/Xcode/DerivedData/Lingua_Quest-gvpckrqxtbgyprbgppjfqmimmmfw/SourcePackages/checkouts/GoogleSignIn-iOS/GoogleSignIn/Sources/Strings/en_GB.lproj/GoogleSignIn.strings /Users/siam/Library/Developer/Xcode/DerivedData/Lingua_Quest-gvpckrqxtbgyprbgppjfqmimmmfw/Build/Products/Debug-iphonesimulator/GoogleSignIn_GoogleSignIn.bundle/en_GB.lproj

CpResource /Users/siam/Library/Developer/Xcode/DerivedData/Lingua_Quest-gvpckrqxtbgyprbgppjfqmimmmfw/Build/Products/Debug-iphonesimulator/GoogleSignIn_GoogleSignIn.bundle/en.lproj/GoogleSignIn.strings /Users/siam/Library/Developer/Xcode/DerivedData/Lingua_Quest-gvpckrqxtbgyprbgppjfqmimmmfw/SourcePackages/checkouts/GoogleSignIn-iOS/GoogleSignIn/Sources/Strings/en.lproj/GoogleSignIn.strings (in target 'GoogleSignIn_GoogleSignIn' from project 'GoogleSignIn')
    cd /Users/siam/Library/Developer/Xcode/DerivedData/Lingua_Quest-gvpckrqxtbgyprbgppjfqmimmmfw/SourcePackages/checkouts/GoogleSignIn-iOS
    builtin-copy -exclude .DS_Store -exclude CVS -exclude .svn -exclude .git -exclude .hg -resolve-src-symlinks /Users/siam/Library/Developer/Xcode/DerivedData/Lingua_Quest-gvpckrqxtbgyprbgppjfqmimmmfw/SourcePackages/checkouts/GoogleSignIn-iOS/GoogleSignIn/Sources/Strings/en.lproj/GoogleSignIn.strings /Users/siam/Library/Developer/Xcode/DerivedData/Lingua_Quest-gvpckrqxtbgyprbgppjfqmimmmfw/Build/Products/Debug-iphonesimulator/GoogleSignIn_GoogleSignIn.bundle/en.lproj

CpResource /Users/siam/Library/Developer/Xcode/DerivedData/Lingua_Quest-gvpckrqxtbgyprbgppjfqmimmmfw/Build/Products/Debug-iphonesimulator/GoogleSignIn_GoogleSignIn.bundle/el.lproj/GoogleSignIn.strings /Users/siam/Library/Developer/Xcode/DerivedData/Lingua_Quest-gvpckrqxtbgyprbgppjfqmimmmfw/SourcePackages/checkouts/GoogleSignIn-iOS/GoogleSignIn/Sources/Strings/el.lproj/GoogleSignIn.strings (in target 'GoogleSignIn_GoogleSignIn' from project 'GoogleSignIn')
    cd /Users/siam/Library/Developer/Xcode/DerivedData/Lingua_Quest-gvpckrqxtbgyprbgppjfqmimmmfw/SourcePackages/checkouts/GoogleSignIn-iOS
    builtin-copy -exclude .DS_Store -exclude CVS -exclude .svn -exclude .git -exclude .hg -resolve-src-symlinks /Users/siam/Library/Developer/Xcode/DerivedData/Lingua_Quest-gvpckrqxtbgyprbgppjfqmimmmfw/SourcePackages/checkouts/GoogleSignIn-iOS/GoogleSignIn/Sources/Strings/el.lproj/GoogleSignIn.strings /Users/siam/Library/Developer/Xcode/DerivedData/Lingua_Quest-gvpckrqxtbgyprbgppjfqmimmmfw/Build/Products/Debug-iphonesimulator/GoogleSignIn_GoogleSignIn.bundle/el.lproj

CpResource /Users/siam/Library/Developer/Xcode/DerivedData/Lingua_Quest-gvpckrqxtbgyprbgppjfqmimmmfw/Build/Products/Debug-iphonesimulator/GoogleSignIn_GoogleSignIn.bundle/de.lproj/GoogleSignIn.strings /Users/siam/Library/Developer/Xcode/DerivedData/Lingua_Quest-gvpckrqxtbgyprbgppjfqmimmmfw/SourcePackages/checkouts/GoogleSignIn-iOS/GoogleSignIn/Sources/Strings/de.lproj/GoogleSignIn.strings (in target 'GoogleSignIn_GoogleSignIn' from project 'GoogleSignIn')
    cd /Users/siam/Library/Developer/Xcode/DerivedData/Lingua_Quest-gvpckrqxtbgyprbgppjfqmimmmfw/SourcePackages/checkouts/GoogleSignIn-iOS
    builtin-copy -exclude .DS_Store -exclude CVS -exclude .svn -exclude .git -exclude .hg -resolve-src-symlinks /Users/siam/Library/Developer/Xcode/DerivedData/Lingua_Quest-gvpckrqxtbgyprbgppjfqmimmmfw/SourcePackages/checkouts/GoogleSignIn-iOS/GoogleSignIn/Sources/Strings/de.lproj/GoogleSignIn.strings /Users/siam/Library/Developer/Xcode/DerivedData/Lingua_Quest-gvpckrqxtbgyprbgppjfqmimmmfw/Build/Products/Debug-iphonesimulator/GoogleSignIn_GoogleSignIn.bundle/de.lproj

CpResource /Users/siam/Library/Developer/Xcode/DerivedData/Lingua_Quest-gvpckrqxtbgyprbgppjfqmimmmfw/Build/Products/Debug-iphonesimulator/GoogleSignIn_GoogleSignIn.bundle/da.lproj/GoogleSignIn.strings /Users/siam/Library/Developer/Xcode/DerivedData/Lingua_Quest-gvpckrqxtbgyprbgppjfqmimmmfw/SourcePackages/checkouts/GoogleSignIn-iOS/GoogleSignIn/Sources/Strings/da.lproj/GoogleSignIn.strings (in target 'GoogleSignIn_GoogleSignIn' from project 'GoogleSignIn')
    cd /Users/siam/Library/Developer/Xcode/DerivedData/Lingua_Quest-gvpckrqxtbgyprbgppjfqmimmmfw/SourcePackages/checkouts/GoogleSignIn-iOS
    builtin-copy -exclude .DS_Store -exclude CVS -exclude .svn -exclude .git -exclude .hg -resolve-src-symlinks /Users/siam/Library/Developer/Xcode/DerivedData/Lingua_Quest-gvpckrqxtbgyprbgppjfqmimmmfw/SourcePackages/checkouts/GoogleSignIn-iOS/GoogleSignIn/Sources/Strings/da.lproj/GoogleSignIn.strings /Users/siam/Library/Developer/Xcode/DerivedData/Lingua_Quest-gvpckrqxtbgyprbgppjfqmimmmfw/Build/Products/Debug-iphonesimulator/GoogleSignIn_GoogleSignIn.bundle/da.lproj

CpResource /Users/siam/Library/Developer/Xcode/DerivedData/Lingua_Quest-gvpckrqxtbgyprbgppjfqmimmmfw/Build/Products/Debug-iphonesimulator/GoogleSignIn_GoogleSignIn.bundle/cs.lproj/GoogleSignIn.strings /Users/siam/Library/Developer/Xcode/DerivedData/Lingua_Quest-gvpckrqxtbgyprbgppjfqmimmmfw/SourcePackages/checkouts/GoogleSignIn-iOS/GoogleSignIn/Sources/Strings/cs.lproj/GoogleSignIn.strings (in target 'GoogleSignIn_GoogleSignIn' from project 'GoogleSignIn')
    cd /Users/siam/Library/Developer/Xcode/DerivedData/Lingua_Quest-gvpckrqxtbgyprbgppjfqmimmmfw/SourcePackages/checkouts/GoogleSignIn-iOS
    builtin-copy -exclude .DS_Store -exclude CVS -exclude .svn -exclude .git -exclude .hg -resolve-src-symlinks /Users/siam/Library/Developer/Xcode/DerivedData/Lingua_Quest-gvpckrqxtbgyprbgppjfqmimmmfw/SourcePackages/checkouts/GoogleSignIn-iOS/GoogleSignIn/Sources/Strings/cs.lproj/GoogleSignIn.strings /Users/siam/Library/Developer/Xcode/DerivedData/Lingua_Quest-gvpckrqxtbgyprbgppjfqmimmmfw/Build/Products/Debug-iphonesimulator/GoogleSignIn_GoogleSignIn.bundle/cs.lproj

CpResource /Users/siam/Library/Developer/Xcode/DerivedData/Lingua_Quest-gvpckrqxtbgyprbgppjfqmimmmfw/Build/Products/Debug-iphonesimulator/GoogleSignIn_GoogleSignIn.bundle/ca.lproj/GoogleSignIn.strings /Users/siam/Library/Developer/Xcode/DerivedData/Lingua_Quest-gvpckrqxtbgyprbgppjfqmimmmfw/SourcePackages/checkouts/GoogleSignIn-iOS/GoogleSignIn/Sources/Strings/ca.lproj/GoogleSignIn.strings (in target 'GoogleSignIn_GoogleSignIn' from project 'GoogleSignIn')
    cd /Users/siam/Library/Developer/Xcode/DerivedData/Lingua_Quest-gvpckrqxtbgyprbgppjfqmimmmfw/SourcePackages/checkouts/GoogleSignIn-iOS
    builtin-copy -exclude .DS_Store -exclude CVS -exclude .svn -exclude .git -exclude .hg -resolve-src-symlinks /Users/siam/Library/Developer/Xcode/DerivedData/Lingua_Quest-gvpckrqxtbgyprbgppjfqmimmmfw/SourcePackages/checkouts/GoogleSignIn-iOS/GoogleSignIn/Sources/Strings/ca.lproj/GoogleSignIn.strings /Users/siam/Library/Developer/Xcode/DerivedData/Lingua_Quest-gvpckrqxtbgyprbgppjfqmimmmfw/Build/Products/Debug-iphonesimulator/GoogleSignIn_GoogleSignIn.bundle/ca.lproj

CpResource /Users/siam/Library/Developer/Xcode/DerivedData/Lingua_Quest-gvpckrqxtbgyprbgppjfqmimmmfw/Build/Products/Debug-iphonesimulator/GoogleSignIn_GoogleSignIn.bundle/ar.lproj/GoogleSignIn.strings /Users/siam/Library/Developer/Xcode/DerivedData/Lingua_Quest-gvpckrqxtbgyprbgppjfqmimmmfw/SourcePackages/checkouts/GoogleSignIn-iOS/GoogleSignIn/Sources/Strings/ar.lproj/GoogleSignIn.strings (in target 'GoogleSignIn_GoogleSignIn' from project 'GoogleSignIn')
    cd /Users/siam/Library/Developer/Xcode/DerivedData/Lingua_Quest-gvpckrqxtbgyprbgppjfqmimmmfw/SourcePackages/checkouts/GoogleSignIn-iOS
    builtin-copy -exclude .DS_Store -exclude CVS -exclude .svn -exclude .git -exclude .hg -resolve-src-symlinks /Users/siam/Library/Developer/Xcode/DerivedData/Lingua_Quest-gvpckrqxtbgyprbgppjfqmimmmfw/SourcePackages/checkouts/GoogleSignIn-iOS/GoogleSignIn/Sources/Strings/ar.lproj/GoogleSignIn.strings /Users/siam/Library/Developer/Xcode/DerivedData/Lingua_Quest-gvpckrqxtbgyprbgppjfqmimmmfw/Build/Products/Debug-iphonesimulator/GoogleSignIn_GoogleSignIn.bundle/ar.lproj

CpResource /Users/siam/Library/Developer/Xcode/DerivedData/Lingua_Quest-gvpckrqxtbgyprbgppjfqmimmmfw/Build/Products/Debug-iphonesimulator/GoogleSignIn_GoogleSignIn.bundle/Roboto-Bold.ttf /Users/siam/Library/Developer/Xcode/DerivedData/Lingua_Quest-gvpckrqxtbgyprbgppjfqmimmmfw/SourcePackages/checkouts/GoogleSignIn-iOS/GoogleSignIn/Sources/Resources/Roboto-Bold.ttf (in target 'GoogleSignIn_GoogleSignIn' from project 'GoogleSignIn')
    cd /Users/siam/Library/Developer/Xcode/DerivedData/Lingua_Quest-gvpckrqxtbgyprbgppjfqmimmmfw/SourcePackages/checkouts/GoogleSignIn-iOS
    builtin-copy -exclude .DS_Store -exclude CVS -exclude .svn -exclude .git -exclude .hg -resolve-src-symlinks /Users/siam/Library/Developer/Xcode/DerivedData/Lingua_Quest-gvpckrqxtbgyprbgppjfqmimmmfw/SourcePackages/checkouts/GoogleSignIn-iOS/GoogleSignIn/Sources/Resources/Roboto-Bold.ttf /Users/siam/Library/Developer/Xcode/DerivedData/Lingua_Quest-gvpckrqxtbgyprbgppjfqmimmmfw/Build/Products/Debug-iphonesimulator/GoogleSignIn_GoogleSignIn.bundle

ProcessInfoPlistFile /Users/siam/Library/Developer/Xcode/DerivedData/Lingua_Quest-gvpckrqxtbgyprbgppjfqmimmmfw/Build/Products/Debug-iphonesimulator/GTMSessionFetcher_GTMSessionFetcherCore.bundle/Info.plist /Users/siam/Library/Developer/Xcode/DerivedData/Lingua_Quest-gvpckrqxtbgyprbgppjfqmimmmfw/Build/Intermediates.noindex/GTMSessionFetcher.build/Debug-iphonesimulator/GTMSessionFetcher_GTMSessionFetcherCore.build/empty-GTMSessionFetcher_GTMSessionFetcherCore.plist (in target 'GTMSessionFetcher_GTMSessionFetcherCore' from project 'GTMSessionFetcher')
    cd /Users/siam/Library/Developer/Xcode/DerivedData/Lingua_Quest-gvpckrqxtbgyprbgppjfqmimmmfw/SourcePackages/checkouts/gtm-session-fetcher
    builtin-infoPlistUtility /Users/siam/Library/Developer/Xcode/DerivedData/Lingua_Quest-gvpckrqxtbgyprbgppjfqmimmmfw/Build/Intermediates.noindex/GTMSessionFetcher.build/Debug-iphonesimulator/GTMSessionFetcher_GTMSessionFetcherCore.build/empty-GTMSessionFetcher_GTMSessionFetcherCore.plist -producttype com.apple.product-type.bundle -expandbuildsettings -format binary -platform iphonesimulator -o /Users/siam/Library/Developer/Xcode/DerivedData/Lingua_Quest-gvpckrqxtbgyprbgppjfqmimmmfw/Build/Products/Debug-iphonesimulator/GTMSessionFetcher_GTMSessionFetcherCore.bundle/Info.plist

ScanDependencies /Users/siam/Library/Developer/Xcode/DerivedData/Lingua_Quest-gvpckrqxtbgyprbgppjfqmimmmfw/Build/Intermediates.noindex/GTMSessionFetcher.build/Debug-iphonesimulator/GTMSessionFetcherCore.build/Objects-normal/x86_64/resource_bundle_accessor.o /Users/siam/Library/Developer/Xcode/DerivedData/Lingua_Quest-gvpckrqxtbgyprbgppjfqmimmmfw/Build/Intermediates.noindex/GTMSessionFetcher.build/Debug-iphonesimulator/GTMSessionFetcherCore.build/DerivedSources/resource_bundle_accessor.m normal x86_64 objective-c com.apple.compilers.llvm.clang.1_0.compiler (in target 'GTMSessionFetcherCore' from project 'GTMSessionFetcher')
    cd /Users/siam/Desktop/Lingua\ Quest/Lingua\ Quest.xcodeproj
    
    Using response file: /Users/siam/Library/Developer/Xcode/DerivedData/Lingua_Quest-gvpckrqxtbgyprbgppjfqmimmmfw/Build/Intermediates.noindex/GTMSessionFetcher.build/Debug-iphonesimulator/GTMSessionFetcherCore.build/Objects-normal/x86_64/e6072d4f65d7061329687fe24e3d63a7-common-args.resp
    
    builtin-ScanDependencies -o /Users/siam/Library/Developer/Xcode/DerivedData/Lingua_Quest-gvpckrqxtbgyprbgppjfqmimmmfw/Build/Intermediates.noindex/GTMSessionFetcher.build/Debug-iphonesimulator/GTMSessionFetcherCore.build/Objects-normal/x86_64/resource_bundle_accessor.o.scan -- /Applications/Xcode.app/Contents/Developer/Toolchains/XcodeDefault.xctoolchain/usr/bin/clang -x objective-c -ivfsstatcache /Users/siam/Library/Developer/Xcode/DerivedData/SDKStatCaches.noindex/iphonesimulator26.0-23A339-26257891a6c027eb51374368541b8346.sdkstatcache -fmessage-length\=0 -fdiagnostics-show-note-include-stack -fmacro-backtrace-limit\=0 -fno-color-diagnostics -fmodules-prune-interval\=86400 -fmodules-prune-after\=345600 -fbuild-session-file\=/Users/siam/Library/Developer/Xcode/DerivedData/ModuleCache.noindex/Session.modulevalidation -fmodules-validate-once-per-build-session -Wnon-modular-include-in-framework-module -Werror\=non-modular-include-in-framework-module -Wno-trigraphs -Wno-missing-field-initializers -Wno-missing-prototypes -Wno-return-type -Wno-implicit-atomic-properties -Wno-objc-interface-ivars -Wno-arc-repeated-use-of-weak -Wno-missing-braces -Wparentheses -Wswitch -Wno-unused-function -Wno-unused-label -Wno-unused-parameter -Wno-unused-variable -Wunused-value -Wno-empty-body -Wno-uninitialized -Wno-unknown-pragmas -w -Wno-shadow -Wno-four-char-constants -Wno-conversion -Wno-constant-conversion -Wno-int-conversion -Wno-bool-conversion -Wno-enum-conversion -Wno-float-conversion -Wno-non-literal-null-conversion -Wno-objc-literal-conversion -Wshorten-64-to-32 -Wpointer-sign -Wno-newline-eof -Wno-selector -Wno-strict-selector-match -Wno-undeclared-selector -Wno-deprecated-implementations -Wno-implicit-fallthrough -fstrict-aliasing -Wprotocol -Wdeprecated-declarations -Wno-sign-conversion -Wno-infinite-recursion -Wno-comma -Wno-block-capture-autoreleasing -Wno-strict-prototypes -Wno-semicolon-before-method-body -index-store-path /Users/siam/Library/Developer/Xcode/DerivedData/Lingua_Quest-gvpckrqxtbgyprbgppjfqmimmmfw/Index.noindex/DataStore @/Users/siam/Library/Developer/Xcode/DerivedData/Lingua_Quest-gvpckrqxtbgyprbgppjfqmimmmfw/Build/Intermediates.noindex/GTMSessionFetcher.build/Debug-iphonesimulator/GTMSessionFetcherCore.build/Objects-normal/x86_64/e6072d4f65d7061329687fe24e3d63a7-common-args.resp -include /Users/siam/Library/Developer/Xcode/DerivedData/Lingua_Quest-gvpckrqxtbgyprbgppjfqmimmmfw/Build/Intermediates.noindex/GTMSessionFetcher.build/Debug-iphonesimulator/GTMSessionFetcherCore.build/DerivedSources/resource_bundle_accessor.h -MMD -MT dependencies -MF /Users/siam/Library/Developer/Xcode/DerivedData/Lingua_Quest-gvpckrqxtbgyprbgppjfqmimmmfw/Build/Intermediates.noindex/GTMSessionFetcher.build/Debug-iphonesimulator/GTMSessionFetcherCore.build/Objects-normal/x86_64/resource_bundle_accessor.d --serialize-diagnostics /Users/siam/Library/Developer/Xcode/DerivedData/Lingua_Quest-gvpckrqxtbgyprbgppjfqmimmmfw/Build/Intermediates.noindex/GTMSessionFetcher.build/Debug-iphonesimulator/GTMSessionFetcherCore.build/Objects-normal/x86_64/resource_bundle_accessor.dia -c /Users/siam/Library/Developer/Xcode/DerivedData/Lingua_Quest-gvpckrqxtbgyprbgppjfqmimmmfw/Build/Intermediates.noindex/GTMSessionFetcher.build/Debug-iphonesimulator/GTMSessionFetcherCore.build/DerivedSources/resource_bundle_accessor.m -o /Users/siam/Library/Developer/Xcode/DerivedData/Lingua_Quest-gvpckrqxtbgyprbgppjfqmimmmfw/Build/Intermediates.noindex/GTMSessionFetcher.build/Debug-iphonesimulator/GTMSessionFetcherCore.build/Objects-normal/x86_64/resource_bundle_accessor.o -index-unit-output-path /GTMSessionFetcher.build/Debug-iphonesimulator/GTMSessionFetcherCore.build/Objects-normal/x86_64/resource_bundle_accessor.o

ScanDependencies /Users/siam/Library/Developer/Xcode/DerivedData/Lingua_Quest-gvpckrqxtbgyprbgppjfqmimmmfw/Build/Intermediates.noindex/GTMSessionFetcher.build/Debug-iphonesimulator/GTMSessionFetcherCore.build/Objects-normal/x86_64/GTMSessionUploadFetcher.o /Users/siam/Library/Developer/Xcode/DerivedData/Lingua_Quest-gvpckrqxtbgyprbgppjfqmimmmfw/SourcePackages/checkouts/gtm-session-fetcher/Sources/Core/GTMSessionUploadFetcher.m normal x86_64 objective-c com.apple.compilers.llvm.clang.1_0.compiler (in target 'GTMSessionFetcherCore' from project 'GTMSessionFetcher')
    cd /Users/siam/Desktop/Lingua\ Quest/Lingua\ Quest.xcodeproj
    
    Using response file: /Users/siam/Library/Developer/Xcode/DerivedData/Lingua_Quest-gvpckrqxtbgyprbgppjfqmimmmfw/Build/Intermediates.noindex/GTMSessionFetcher.build/Debug-iphonesimulator/GTMSessionFetcherCore.build/Objects-normal/x86_64/e6072d4f65d7061329687fe24e3d63a7-common-args.resp
    
    builtin-ScanDependencies -o /Users/siam/Library/Developer/Xcode/DerivedData/Lingua_Quest-gvpckrqxtbgyprbgppjfqmimmmfw/Build/Intermediates.noindex/GTMSessionFetcher.build/Debug-iphonesimulator/GTMSessionFetcherCore.build/Objects-normal/x86_64/GTMSessionUploadFetcher.o.scan -- /Applications/Xcode.app/Contents/Developer/Toolchains/XcodeDefault.xctoolchain/usr/bin/clang -x objective-c -ivfsstatcache /Users/siam/Library/Developer/Xcode/DerivedData/SDKStatCaches.noindex/iphonesimulator26.0-23A339-26257891a6c027eb51374368541b8346.sdkstatcache -fmessage-length\=0 -fdiagnostics-show-note-include-stack -fmacro-backtrace-limit\=0 -fno-color-diagnostics -fmodules-prune-interval\=86400 -fmodules-prune-after\=345600 -fbuild-session-file\=/Users/siam/Library/Developer/Xcode/DerivedData/ModuleCache.noindex/Session.modulevalidation -fmodules-validate-once-per-build-session -Wnon-modular-include-in-framework-module -Werror\=non-modular-include-in-framework-module -Wno-trigraphs -Wno-missing-field-initializers -Wno-missing-prototypes -Wno-return-type -Wno-implicit-atomic-properties -Wno-objc-interface-ivars -Wno-arc-repeated-use-of-weak -Wno-missing-braces -Wparentheses -Wswitch -Wno-unused-function -Wno-unused-label -Wno-unused-parameter -Wno-unused-variable -Wunused-value -Wno-empty-body -Wno-uninitialized -Wno-unknown-pragmas -w -Wno-shadow -Wno-four-char-constants -Wno-conversion -Wno-constant-conversion -Wno-int-conversion -Wno-bool-conversion -Wno-enum-conversion -Wno-float-conversion -Wno-non-literal-null-conversion -Wno-objc-literal-conversion -Wshorten-64-to-32 -Wpointer-sign -Wno-newline-eof -Wno-selector -Wno-strict-selector-match -Wno-undeclared-selector -Wno-deprecated-implementations -Wno-implicit-fallthrough -fstrict-aliasing -Wprotocol -Wdeprecated-declarations -Wno-sign-conversion -Wno-infinite-recursion -Wno-comma -Wno-block-capture-autoreleasing -Wno-strict-prototypes -Wno-semicolon-before-method-body -index-store-path /Users/siam/Library/Developer/Xcode/DerivedData/Lingua_Quest-gvpckrqxtbgyprbgppjfqmimmmfw/Index.noindex/DataStore @/Users/siam/Library/Developer/Xcode/DerivedData/Lingua_Quest-gvpckrqxtbgyprbgppjfqmimmmfw/Build/Intermediates.noindex/GTMSessionFetcher.build/Debug-iphonesimulator/GTMSessionFetcherCore.build/Objects-normal/x86_64/e6072d4f65d7061329687fe24e3d63a7-common-args.resp -include /Users/siam/Library/Developer/Xcode/DerivedData/Lingua_Quest-gvpckrqxtbgyprbgppjfqmimmmfw/Build/Intermediates.noindex/GTMSessionFetcher.build/Debug-iphonesimulator/GTMSessionFetcherCore.build/DerivedSources/resource_bundle_accessor.h -MMD -MT dependencies -MF /Users/siam/Library/Developer/Xcode/DerivedData/Lingua_Quest-gvpckrqxtbgyprbgppjfqmimmmfw/Build/Intermediates.noindex/GTMSessionFetcher.build/Debug-iphonesimulator/GTMSessionFetcherCore.build/Objects-normal/x86_64/GTMSessionUploadFetcher.d --serialize-diagnostics /Users/siam/Library/Developer/Xcode/DerivedData/Lingua_Quest-gvpckrqxtbgyprbgppjfqmimmmfw/Build/Intermediates.noindex/GTMSessionFetcher.build/Debug-iphonesimulator/GTMSessionFetcherCore.build/Objects-normal/x86_64/GTMSessionUploadFetcher.dia -c /Users/siam/Library/Developer/Xcode/DerivedData/Lingua_Quest-gvpckrqxtbgyprbgppjfqmimmmfw/SourcePackages/checkouts/gtm-session-fetcher/Sources/Core/GTMSessionUploadFetcher.m -o /Users/siam/Library/Developer/Xcode/DerivedData/Lingua_Quest-gvpckrqxtbgyprbgppjfqmimmmfw/Build/Intermediates.noindex/GTMSessionFetcher.build/Debug-iphonesimulator/GTMSessionFetcherCore.build/Objects-normal/x86_64/GTMSessionUploadFetcher.o -index-unit-output-path /GTMSessionFetcher.build/Debug-iphonesimulator/GTMSessionFetcherCore.build/Objects-normal/x86_64/GTMSessionUploadFetcher.o

ScanDependencies /Users/siam/Library/Developer/Xcode/DerivedData/Lingua_Quest-gvpckrqxtbgyprbgppjfqmimmmfw/Build/Intermediates.noindex/GTMSessionFetcher.build/Debug-iphonesimulator/GTMSessionFetcherCore.build/Objects-normal/x86_64/GTMSessionFetcherService.o /Users/siam/Library/Developer/Xcode/DerivedData/Lingua_Quest-gvpckrqxtbgyprbgppjfqmimmmfw/SourcePackages/checkouts/gtm-session-fetcher/Sources/Core/GTMSessionFetcherService.m normal x86_64 objective-c com.apple.compilers.llvm.clang.1_0.compiler (in target 'GTMSessionFetcherCore' from project 'GTMSessionFetcher')
    cd /Users/siam/Desktop/Lingua\ Quest/Lingua\ Quest.xcodeproj
    
    Using response file: /Users/siam/Library/Developer/Xcode/DerivedData/Lingua_Quest-gvpckrqxtbgyprbgppjfqmimmmfw/Build/Intermediates.noindex/GTMSessionFetcher.build/Debug-iphonesimulator/GTMSessionFetcherCore.build/Objects-normal/x86_64/e6072d4f65d7061329687fe24e3d63a7-common-args.resp
    
    builtin-ScanDependencies -o /Users/siam/Library/Developer/Xcode/DerivedData/Lingua_Quest-gvpckrqxtbgyprbgppjfqmimmmfw/Build/Intermediates.noindex/GTMSessionFetcher.build/Debug-iphonesimulator/GTMSessionFetcherCore.build/Objects-normal/x86_64/GTMSessionFetcherService.o.scan -- /Applications/Xcode.app/Contents/Developer/Toolchains/XcodeDefault.xctoolchain/usr/bin/clang -x objective-c -ivfsstatcache /Users/siam/Library/Developer/Xcode/DerivedData/SDKStatCaches.noindex/iphonesimulator26.0-23A339-26257891a6c027eb51374368541b8346.sdkstatcache -fmessage-length\=0 -fdiagnostics-show-note-include-stack -fmacro-backtrace-limit\=0 -fno-color-diagnostics -fmodules-prune-interval\=86400 -fmodules-prune-after\=345600 -fbuild-session-file\=/Users/siam/Library/Developer/Xcode/DerivedData/ModuleCache.noindex/Session.modulevalidation -fmodules-validate-once-per-build-session -Wnon-modular-include-in-framework-module -Werror\=non-modular-include-in-framework-module -Wno-trigraphs -Wno-missing-field-initializers -Wno-missing-prototypes -Wno-return-type -Wno-implicit-atomic-properties -Wno-objc-interface-ivars -Wno-arc-repeated-use-of-weak -Wno-missing-braces -Wparentheses -Wswitch -Wno-unused-function -Wno-unused-label -Wno-unused-parameter -Wno-unused-variable -Wunused-value -Wno-empty-body -Wno-uninitialized -Wno-unknown-pragmas -w -Wno-shadow -Wno-four-char-constants -Wno-conversion -Wno-constant-conversion -Wno-int-conversion -Wno-bool-conversion -Wno-enum-conversion -Wno-float-conversion -Wno-non-literal-null-conversion -Wno-objc-literal-conversion -Wshorten-64-to-32 -Wpointer-sign -Wno-newline-eof -Wno-selector -Wno-strict-selector-match -Wno-undeclared-selector -Wno-deprecated-implementations -Wno-implicit-fallthrough -fstrict-aliasing -Wprotocol -Wdeprecated-declarations -Wno-sign-conversion -Wno-infinite-recursion -Wno-comma -Wno-block-capture-autoreleasing -Wno-strict-prototypes -Wno-semicolon-before-method-body -index-store-path /Users/siam/Library/Developer/Xcode/DerivedData/Lingua_Quest-gvpckrqxtbgyprbgppjfqmimmmfw/Index.noindex/DataStore @/Users/siam/Library/Developer/Xcode/DerivedData/Lingua_Quest-gvpckrqxtbgyprbgppjfqmimmmfw/Build/Intermediates.noindex/GTMSessionFetcher.build/Debug-iphonesimulator/GTMSessionFetcherCore.build/Objects-normal/x86_64/e6072d4f65d7061329687fe24e3d63a7-common-args.resp -include /Users/siam/Library/Developer/Xcode/DerivedData/Lingua_Quest-gvpckrqxtbgyprbgppjfqmimmmfw/Build/Intermediates.noindex/GTMSessionFetcher.build/Debug-iphonesimulator/GTMSessionFetcherCore.build/DerivedSources/resource_bundle_accessor.h -MMD -MT dependencies -MF /Users/siam/Library/Developer/Xcode/DerivedData/Lingua_Quest-gvpckrqxtbgyprbgppjfqmimmmfw/Build/Intermediates.noindex/GTMSessionFetcher.build/Debug-iphonesimulator/GTMSessionFetcherCore.build/Objects-normal/x86_64/GTMSessionFetcherService.d --serialize-diagnostics /Users/siam/Library/Developer/Xcode/DerivedData/Lingua_Quest-gvpckrqxtbgyprbgppjfqmimmmfw/Build/Intermediates.noindex/GTMSessionFetcher.build/Debug-iphonesimulator/GTMSessionFetcherCore.build/Objects-normal/x86_64/GTMSessionFetcherService.dia -c /Users/siam/Library/Developer/Xcode/DerivedData/Lingua_Quest-gvpckrqxtbgyprbgppjfqmimmmfw/SourcePackages/checkouts/gtm-session-fetcher/Sources/Core/GTMSessionFetcherService.m -o /Users/siam/Library/Developer/Xcode/DerivedData/Lingua_Quest-gvpckrqxtbgyprbgppjfqmimmmfw/Build/Intermediates.noindex/GTMSessionFetcher.build/Debug-iphonesimulator/GTMSessionFetcherCore.build/Objects-normal/x86_64/GTMSessionFetcherService.o -index-unit-output-path /GTMSessionFetcher.build/Debug-iphonesimulator/GTMSessionFetcherCore.build/Objects-normal/x86_64/GTMSessionFetcherService.o

PrecompileModule /Users/siam/Library/Developer/Xcode/DerivedData/Lingua_Quest-gvpckrqxtbgyprbgppjfqmimmmfw/Build/Intermediates.noindex/ExplicitPrecompiledModules/os_object-DB9P9MUL2CURLH6H02PH6SNIK.scan
    cd /
    builtin-precompileModule /Users/siam/Library/Developer/Xcode/DerivedData/Lingua_Quest-gvpckrqxtbgyprbgppjfqmimmmfw/Build/Intermediates.noindex/ExplicitPrecompiledModules/os_object-DB9P9MUL2CURLH6H02PH6SNIK.scan

ScanDependencies /Users/siam/Library/Developer/Xcode/DerivedData/Lingua_Quest-gvpckrqxtbgyprbgppjfqmimmmfw/Build/Intermediates.noindex/GTMSessionFetcher.build/Debug-iphonesimulator/GTMSessionFetcherCore.build/Objects-normal/x86_64/GTMSessionFetcherLogging.o /Users/siam/Library/Developer/Xcode/DerivedData/Lingua_Quest-gvpckrqxtbgyprbgppjfqmimmmfw/SourcePackages/checkouts/gtm-session-fetcher/Sources/Core/GTMSessionFetcherLogging.m normal x86_64 objective-c com.apple.compilers.llvm.clang.1_0.compiler (in target 'GTMSessionFetcherCore' from project 'GTMSessionFetcher')
    cd /Users/siam/Desktop/Lingua\ Quest/Lingua\ Quest.xcodeproj
    
    Using response file: /Users/siam/Library/Developer/Xcode/DerivedData/Lingua_Quest-gvpckrqxtbgyprbgppjfqmimmmfw/Build/Intermediates.noindex/GTMSessionFetcher.build/Debug-iphonesimulator/GTMSessionFetcherCore.build/Objects-normal/x86_64/e6072d4f65d7061329687fe24e3d63a7-common-args.resp
    
    builtin-ScanDependencies -o /Users/siam/Library/Developer/Xcode/DerivedData/Lingua_Quest-gvpckrqxtbgyprbgppjfqmimmmfw/Build/Intermediates.noindex/GTMSessionFetcher.build/Debug-iphonesimulator/GTMSessionFetcherCore.build/Objects-normal/x86_64/GTMSessionFetcherLogging.o.scan -- /Applications/Xcode.app/Contents/Developer/Toolchains/XcodeDefault.xctoolchain/usr/bin/clang -x objective-c -ivfsstatcache /Users/siam/Library/Developer/Xcode/DerivedData/SDKStatCaches.noindex/iphonesimulator26.0-23A339-26257891a6c027eb51374368541b8346.sdkstatcache -fmessage-length\=0 -fdiagnostics-show-note-include-stack -fmacro-backtrace-limit\=0 -fno-color-diagnostics -fmodules-prune-interval\=86400 -fmodules-prune-after\=345600 -fbuild-session-file\=/Users/siam/Library/Developer/Xcode/DerivedData/ModuleCache.noindex/Session.modulevalidation -fmodules-validate-once-per-build-session -Wnon-modular-include-in-framework-module -Werror\=non-modular-include-in-framework-module -Wno-trigraphs -Wno-missing-field-initializers -Wno-missing-prototypes -Wno-return-type -Wno-implicit-atomic-properties -Wno-objc-interface-ivars -Wno-arc-repeated-use-of-weak -Wno-missing-braces -Wparentheses -Wswitch -Wno-unused-function -Wno-unused-label -Wno-unused-parameter -Wno-unused-variable -Wunused-value -Wno-empty-body -Wno-uninitialized -Wno-unknown-pragmas -w -Wno-shadow -Wno-four-char-constants -Wno-conversion -Wno-constant-conversion -Wno-int-conversion -Wno-bool-conversion -Wno-enum-conversion -Wno-float-conversion -Wno-non-literal-null-conversion -Wno-objc-literal-conversion -Wshorten-64-to-32 -Wpointer-sign -Wno-newline-eof -Wno-selector -Wno-strict-selector-match -Wno-undeclared-selector -Wno-deprecated-implementations -Wno-implicit-fallthrough -fstrict-aliasing -Wprotocol -Wdeprecated-declarations -Wno-sign-conversion -Wno-infinite-recursion -Wno-comma -Wno-block-capture-autoreleasing -Wno-strict-prototypes -Wno-semicolon-before-method-body -index-store-path /Users/siam/Library/Developer/Xcode/DerivedData/Lingua_Quest-gvpckrqxtbgyprbgppjfqmimmmfw/Index.noindex/DataStore @/Users/siam/Library/Developer/Xcode/DerivedData/Lingua_Quest-gvpckrqxtbgyprbgppjfqmimmmfw/Build/Intermediates.noindex/GTMSessionFetcher.build/Debug-iphonesimulator/GTMSessionFetcherCore.build/Objects-normal/x86_64/e6072d4f65d7061329687fe24e3d63a7-common-args.resp -include /Users/siam/Library/Developer/Xcode/DerivedData/Lingua_Quest-gvpckrqxtbgyprbgppjfqmimmmfw/Build/Intermediates.noindex/GTMSessionFetcher.build/Debug-iphonesimulator/GTMSessionFetcherCore.build/DerivedSources/resource_bundle_accessor.h -MMD -MT dependencies -MF /Users/siam/Library/Developer/Xcode/DerivedData/Lingua_Quest-gvpckrqxtbgyprbgppjfqmimmmfw/Build/Intermediates.noindex/GTMSessionFetcher.build/Debug-iphonesimulator/GTMSessionFetcherCore.build/Objects-normal/x86_64/GTMSessionFetcherLogging.d --serialize-diagnostics /Users/siam/Library/Developer/Xcode/DerivedData/Lingua_Quest-gvpckrqxtbgyprbgppjfqmimmmfw/Build/Intermediates.noindex/GTMSessionFetcher.build/Debug-iphonesimulator/GTMSessionFetcherCore.build/Objects-normal/x86_64/GTMSessionFetcherLogging.dia -c /Users/siam/Library/Developer/Xcode/DerivedData/Lingua_Quest-gvpckrqxtbgyprbgppjfqmimmmfw/SourcePackages/checkouts/gtm-session-fetcher/Sources/Core/GTMSessionFetcherLogging.m -o /Users/siam/Library/Developer/Xcode/DerivedData/Lingua_Quest-gvpckrqxtbgyprbgppjfqmimmmfw/Build/Intermediates.noindex/GTMSessionFetcher.build/Debug-iphonesimulator/GTMSessionFetcherCore.build/Objects-normal/x86_64/GTMSessionFetcherLogging.o -index-unit-output-path /GTMSessionFetcher.build/Debug-iphonesimulator/GTMSessionFetcherCore.build/Objects-normal/x86_64/GTMSessionFetcherLogging.o

PrecompileModule /Users/siam/Library/Developer/Xcode/DerivedData/Lingua_Quest-gvpckrqxtbgyprbgppjfqmimmmfw/Build/Intermediates.noindex/ExplicitPrecompiledModules/Foundation-THKIVTA1J71Z336P63A894KH.scan
    cd /
    builtin-precompileModule /Users/siam/Library/Developer/Xcode/DerivedData/Lingua_Quest-gvpckrqxtbgyprbgppjfqmimmmfw/Build/Intermediates.noindex/ExplicitPrecompiledModules/Foundation-THKIVTA1J71Z336P63A894KH.scan

CpResource /Users/siam/Library/Developer/Xcode/DerivedData/Lingua_Quest-gvpckrqxtbgyprbgppjfqmimmmfw/Build/Products/Debug-iphonesimulator/GTMSessionFetcher_GTMSessionFetcherCore.bundle/PrivacyInfo.xcprivacy /Users/siam/Library/Developer/Xcode/DerivedData/Lingua_Quest-gvpckrqxtbgyprbgppjfqmimmmfw/SourcePackages/checkouts/gtm-session-fetcher/Sources/Core/Resources/PrivacyInfo.xcprivacy (in target 'GTMSessionFetcher_GTMSessionFetcherCore' from project 'GTMSessionFetcher')
    cd /Users/siam/Library/Developer/Xcode/DerivedData/Lingua_Quest-gvpckrqxtbgyprbgppjfqmimmmfw/SourcePackages/checkouts/gtm-session-fetcher
    builtin-copy -exclude .DS_Store -exclude CVS -exclude .svn -exclude .git -exclude .hg -resolve-src-symlinks /Users/siam/Library/Developer/Xcode/DerivedData/Lingua_Quest-gvpckrqxtbgyprbgppjfqmimmmfw/SourcePackages/checkouts/gtm-session-fetcher/Sources/Core/Resources/PrivacyInfo.xcprivacy /Users/siam/Library/Developer/Xcode/DerivedData/Lingua_Quest-gvpckrqxtbgyprbgppjfqmimmmfw/Build/Products/Debug-iphonesimulator/GTMSessionFetcher_GTMSessionFetcherCore.bundle

ScanDependencies /Users/siam/Library/Developer/Xcode/DerivedData/Lingua_Quest-gvpckrqxtbgyprbgppjfqmimmmfw/Build/Intermediates.noindex/GTMSessionFetcher.build/Debug-iphonesimulator/GTMSessionFetcherCore.build/Objects-normal/x86_64/GTMSessionFetcher.o /Users/siam/Library/Developer/Xcode/DerivedData/Lingua_Quest-gvpckrqxtbgyprbgppjfqmimmmfw/SourcePackages/checkouts/gtm-session-fetcher/Sources/Core/GTMSessionFetcher.m normal x86_64 objective-c com.apple.compilers.llvm.clang.1_0.compiler (in target 'GTMSessionFetcherCore' from project 'GTMSessionFetcher')
    cd /Users/siam/Desktop/Lingua\ Quest/Lingua\ Quest.xcodeproj
    
    Using response file: /Users/siam/Library/Developer/Xcode/DerivedData/Lingua_Quest-gvpckrqxtbgyprbgppjfqmimmmfw/Build/Intermediates.noindex/GTMSessionFetcher.build/Debug-iphonesimulator/GTMSessionFetcherCore.build/Objects-normal/x86_64/e6072d4f65d7061329687fe24e3d63a7-common-args.resp
    
    builtin-ScanDependencies -o /Users/siam/Library/Developer/Xcode/DerivedData/Lingua_Quest-gvpckrqxtbgyprbgppjfqmimmmfw/Build/Intermediates.noindex/GTMSessionFetcher.build/Debug-iphonesimulator/GTMSessionFetcherCore.build/Objects-normal/x86_64/GTMSessionFetcher.o.scan -- /Applications/Xcode.app/Contents/Developer/Toolchains/XcodeDefault.xctoolchain/usr/bin/clang -x objective-c -ivfsstatcache /Users/siam/Library/Developer/Xcode/DerivedData/SDKStatCaches.noindex/iphonesimulator26.0-23A339-26257891a6c027eb51374368541b8346.sdkstatcache -fmessage-length\=0 -fdiagnostics-show-note-include-stack -fmacro-backtrace-limit\=0 -fno-color-diagnostics -fmodules-prune-interval\=86400 -fmodules-prune-after\=345600 -fbuild-session-file\=/Users/siam/Library/Developer/Xcode/DerivedData/ModuleCache.noindex/Session.modulevalidation -fmodules-validate-once-per-build-session -Wnon-modular-include-in-framework-module -Werror\=non-modular-include-in-framework-module -Wno-trigraphs -Wno-missing-field-initializers -Wno-missing-prototypes -Wno-return-type -Wno-implicit-atomic-properties -Wno-objc-interface-ivars -Wno-arc-repeated-use-of-weak -Wno-missing-braces -Wparentheses -Wswitch -Wno-unused-function -Wno-unused-label -Wno-unused-parameter -Wno-unused-variable -Wunused-value -Wno-empty-body -Wno-uninitialized -Wno-unknown-pragmas -w -Wno-shadow -Wno-four-char-constants -Wno-conversion -Wno-constant-conversion -Wno-int-conversion -Wno-bool-conversion -Wno-enum-conversion -Wno-float-conversion -Wno-non-literal-null-conversion -Wno-objc-literal-conversion -Wshorten-64-to-32 -Wpointer-sign -Wno-newline-eof -Wno-selector -Wno-strict-selector-match -Wno-undeclared-selector -Wno-deprecated-implementations -Wno-implicit-fallthrough -fstrict-aliasing -Wprotocol -Wdeprecated-declarations -Wno-sign-conversion -Wno-infinite-recursion -Wno-comma -Wno-block-capture-autoreleasing -Wno-strict-prototypes -Wno-semicolon-before-method-body -index-store-path /Users/siam/Library/Developer/Xcode/DerivedData/Lingua_Quest-gvpckrqxtbgyprbgppjfqmimmmfw/Index.noindex/DataStore @/Users/siam/Library/Developer/Xcode/DerivedData/Lingua_Quest-gvpckrqxtbgyprbgppjfqmimmmfw/Build/Intermediates.noindex/GTMSessionFetcher.build/Debug-iphonesimulator/GTMSessionFetcherCore.build/Objects-normal/x86_64/e6072d4f65d7061329687fe24e3d63a7-common-args.resp -include /Users/siam/Library/Developer/Xcode/DerivedData/Lingua_Quest-gvpckrqxtbgyprbgppjfqmimmmfw/Build/Intermediates.noindex/GTMSessionFetcher.build/Debug-iphonesimulator/GTMSessionFetcherCore.build/DerivedSources/resource_bundle_accessor.h -MMD -MT dependencies -MF /Users/siam/Library/Developer/Xcode/DerivedData/Lingua_Quest-gvpckrqxtbgyprbgppjfqmimmmfw/Build/Intermediates.noindex/GTMSessionFetcher.build/Debug-iphonesimulator/GTMSessionFetcherCore.build/Objects-normal/x86_64/GTMSessionFetcher.d --serialize-diagnostics /Users/siam/Library/Developer/Xcode/DerivedData/Lingua_Quest-gvpckrqxtbgyprbgppjfqmimmmfw/Build/Intermediates.noindex/GTMSessionFetcher.build/Debug-iphonesimulator/GTMSessionFetcherCore.build/Objects-normal/x86_64/GTMSessionFetcher.dia -c /Users/siam/Library/Developer/Xcode/DerivedData/Lingua_Quest-gvpckrqxtbgyprbgppjfqmimmmfw/SourcePackages/checkouts/gtm-session-fetcher/Sources/Core/GTMSessionFetcher.m -o /Users/siam/Library/Developer/Xcode/DerivedData/Lingua_Quest-gvpckrqxtbgyprbgppjfqmimmmfw/Build/Intermediates.noindex/GTMSessionFetcher.build/Debug-iphonesimulator/GTMSessionFetcherCore.build/Objects-normal/x86_64/GTMSessionFetcher.o -index-unit-output-path /GTMSessionFetcher.build/Debug-iphonesimulator/GTMSessionFetcherCore.build/Objects-normal/x86_64/GTMSessionFetcher.o

ScanDependencies /Users/siam/Library/Developer/Xcode/DerivedData/Lingua_Quest-gvpckrqxtbgyprbgppjfqmimmmfw/Build/Intermediates.noindex/GTMSessionFetcher.build/Debug-iphonesimulator/GTMSessionFetcherCore.build/Objects-normal/arm64/resource_bundle_accessor.o /Users/siam/Library/Developer/Xcode/DerivedData/Lingua_Quest-gvpckrqxtbgyprbgppjfqmimmmfw/Build/Intermediates.noindex/GTMSessionFetcher.build/Debug-iphonesimulator/GTMSessionFetcherCore.build/DerivedSources/resource_bundle_accessor.m normal arm64 objective-c com.apple.compilers.llvm.clang.1_0.compiler (in target 'GTMSessionFetcherCore' from project 'GTMSessionFetcher')
    cd /Users/siam/Desktop/Lingua\ Quest/Lingua\ Quest.xcodeproj
    
    Using response file: /Users/siam/Library/Developer/Xcode/DerivedData/Lingua_Quest-gvpckrqxtbgyprbgppjfqmimmmfw/Build/Intermediates.noindex/GTMSessionFetcher.build/Debug-iphonesimulator/GTMSessionFetcherCore.build/Objects-normal/arm64/e6072d4f65d7061329687fe24e3d63a7-common-args.resp
    
    builtin-ScanDependencies -o /Users/siam/Library/Developer/Xcode/DerivedData/Lingua_Quest-gvpckrqxtbgyprbgppjfqmimmmfw/Build/Intermediates.noindex/GTMSessionFetcher.build/Debug-iphonesimulator/GTMSessionFetcherCore.build/Objects-normal/arm64/resource_bundle_accessor.o.scan -- /Applications/Xcode.app/Contents/Developer/Toolchains/XcodeDefault.xctoolchain/usr/bin/clang -x objective-c -ivfsstatcache /Users/siam/Library/Developer/Xcode/DerivedData/SDKStatCaches.noindex/iphonesimulator26.0-23A339-26257891a6c027eb51374368541b8346.sdkstatcache -fmessage-length\=0 -fdiagnostics-show-note-include-stack -fmacro-backtrace-limit\=0 -fno-color-diagnostics -fmodules-prune-interval\=86400 -fmodules-prune-after\=345600 -fbuild-session-file\=/Users/siam/Library/Developer/Xcode/DerivedData/ModuleCache.noindex/Session.modulevalidation -fmodules-validate-once-per-build-session -Wnon-modular-include-in-framework-module -Werror\=non-modular-include-in-framework-module -Wno-trigraphs -Wno-missing-field-initializers -Wno-missing-prototypes -Wno-return-type -Wno-implicit-atomic-properties -Wno-objc-interface-ivars -Wno-arc-repeated-use-of-weak -Wno-missing-braces -Wparentheses -Wswitch -Wno-unused-function -Wno-unused-label -Wno-unused-parameter -Wno-unused-variable -Wunused-value -Wno-empty-body -Wno-uninitialized -Wno-unknown-pragmas -w -Wno-shadow -Wno-four-char-constants -Wno-conversion -Wno-constant-conversion -Wno-int-conversion -Wno-bool-conversion -Wno-enum-conversion -Wno-float-conversion -Wno-non-literal-null-conversion -Wno-objc-literal-conversion -Wshorten-64-to-32 -Wpointer-sign -Wno-newline-eof -Wno-selector -Wno-strict-selector-match -Wno-undeclared-selector -Wno-deprecated-implementations -Wno-implicit-fallthrough -fstrict-aliasing -Wprotocol -Wdeprecated-declarations -Wno-sign-conversion -Wno-infinite-recursion -Wno-comma -Wno-block-capture-autoreleasing -Wno-strict-prototypes -Wno-semicolon-before-method-body -index-store-path /Users/siam/Library/Developer/Xcode/DerivedData/Lingua_Quest-gvpckrqxtbgyprbgppjfqmimmmfw/Index.noindex/DataStore @/Users/siam/Library/Developer/Xcode/DerivedData/Lingua_Quest-gvpckrqxtbgyprbgppjfqmimmmfw/Build/Intermediates.noindex/GTMSessionFetcher.build/Debug-iphonesimulator/GTMSessionFetcherCore.build/Objects-normal/arm64/e6072d4f65d7061329687fe24e3d63a7-common-args.resp -include /Users/siam/Library/Developer/Xcode/DerivedData/Lingua_Quest-gvpckrqxtbgyprbgppjfqmimmmfw/Build/Intermediates.noindex/GTMSessionFetcher.build/Debug-iphonesimulator/GTMSessionFetcherCore.build/DerivedSources/resource_bundle_accessor.h -MMD -MT dependencies -MF /Users/siam/Library/Developer/Xcode/DerivedData/Lingua_Quest-gvpckrqxtbgyprbgppjfqmimmmfw/Build/Intermediates.noindex/GTMSessionFetcher.build/Debug-iphonesimulator/GTMSessionFetcherCore.build/Objects-normal/arm64/resource_bundle_accessor.d --serialize-diagnostics /Users/siam/Library/Developer/Xcode/DerivedData/Lingua_Quest-gvpckrqxtbgyprbgppjfqmimmmfw/Build/Intermediates.noindex/GTMSessionFetcher.build/Debug-iphonesimulator/GTMSessionFetcherCore.build/Objects-normal/arm64/resource_bundle_accessor.dia -c /Users/siam/Library/Developer/Xcode/DerivedData/Lingua_Quest-gvpckrqxtbgyprbgppjfqmimmmfw/Build/Intermediates.noindex/GTMSessionFetcher.build/Debug-iphonesimulator/GTMSessionFetcherCore.build/DerivedSources/resource_bundle_accessor.m -o /Users/siam/Library/Developer/Xcode/DerivedData/Lingua_Quest-gvpckrqxtbgyprbgppjfqmimmmfw/Build/Intermediates.noindex/GTMSessionFetcher.build/Debug-iphonesimulator/GTMSessionFetcherCore.build/Objects-normal/arm64/resource_bundle_accessor.o -index-unit-output-path /GTMSessionFetcher.build/Debug-iphonesimulator/GTMSessionFetcherCore.build/Objects-normal/arm64/resource_bundle_accessor.o

PrecompileModule /Users/siam/Library/Developer/Xcode/DerivedData/Lingua_Quest-gvpckrqxtbgyprbgppjfqmimmmfw/Build/Intermediates.noindex/ExplicitPrecompiledModules/ImageIO-49KSFYCVKOP4CUQE052DYMXIR.scan
    cd /
    builtin-precompileModule /Users/siam/Library/Developer/Xcode/DerivedData/Lingua_Quest-gvpckrqxtbgyprbgppjfqmimmmfw/Build/Intermediates.noindex/ExplicitPrecompiledModules/ImageIO-49KSFYCVKOP4CUQE052DYMXIR.scan

PrecompileModule /Users/siam/Library/Developer/Xcode/DerivedData/Lingua_Quest-gvpckrqxtbgyprbgppjfqmimmmfw/Build/Intermediates.noindex/ExplicitPrecompiledModules/os_workgroup-79G44APDEOHK6H135HXZLF8FF.scan
    cd /
    builtin-precompileModule /Users/siam/Library/Developer/Xcode/DerivedData/Lingua_Quest-gvpckrqxtbgyprbgppjfqmimmmfw/Build/Intermediates.noindex/ExplicitPrecompiledModules/os_workgroup-79G44APDEOHK6H135HXZLF8FF.scan

CompileC /Users/siam/Library/Developer/Xcode/DerivedData/Lingua_Quest-gvpckrqxtbgyprbgppjfqmimmmfw/Build/Intermediates.noindex/GTMSessionFetcher.build/Debug-iphonesimulator/GTMSessionFetcherCore.build/Objects-normal/x86_64/resource_bundle_accessor.o /Users/siam/Library/Developer/Xcode/DerivedData/Lingua_Quest-gvpckrqxtbgyprbgppjfqmimmmfw/Build/Intermediates.noindex/GTMSessionFetcher.build/Debug-iphonesimulator/GTMSessionFetcherCore.build/DerivedSources/resource_bundle_accessor.m normal x86_64 objective-c com.apple.compilers.llvm.clang.1_0.compiler (in target 'GTMSessionFetcherCore' from project 'GTMSessionFetcher')
    cd /Users/siam/Desktop/Lingua\ Quest/Lingua\ Quest.xcodeproj
    
    Using response file: /Users/siam/Library/Developer/Xcode/DerivedData/Lingua_Quest-gvpckrqxtbgyprbgppjfqmimmmfw/Build/Intermediates.noindex/GTMSessionFetcher.build/Debug-iphonesimulator/GTMSessionFetcherCore.build/Objects-normal/x86_64/e6072d4f65d7061329687fe24e3d63a7-common-args.resp
    
    /Applications/Xcode.app/Contents/Developer/Toolchains/XcodeDefault.xctoolchain/usr/bin/clang -x objective-c -ivfsstatcache /Users/siam/Library/Developer/Xcode/DerivedData/SDKStatCaches.noindex/iphonesimulator26.0-23A339-26257891a6c027eb51374368541b8346.sdkstatcache -fmessage-length\=0 -fdiagnostics-show-note-include-stack -fmacro-backtrace-limit\=0 -fno-color-diagnostics -fmodules-prune-interval\=86400 -fmodules-prune-after\=345600 -fbuild-session-file\=/Users/siam/Library/Developer/Xcode/DerivedData/ModuleCache.noindex/Session.modulevalidation -fmodules-validate-once-per-build-session -Wnon-modular-include-in-framework-module -Werror\=non-modular-include-in-framework-module -Wno-trigraphs -Wno-missing-field-initializers -Wno-missing-prototypes -Wno-return-type -Wno-implicit-atomic-properties -Wno-objc-interface-ivars -Wno-arc-repeated-use-of-weak -Wno-missing-braces -Wparentheses -Wswitch -Wno-unused-function -Wno-unused-label -Wno-unused-parameter -Wno-unused-variable -Wunused-value -Wno-empty-body -Wno-uninitialized -Wno-unknown-pragmas -w -Wno-shadow -Wno-four-char-constants -Wno-conversion -Wno-constant-conversion -Wno-int-conversion -Wno-bool-conversion -Wno-enum-conversion -Wno-float-conversion -Wno-non-literal-null-conversion -Wno-objc-literal-conversion -Wshorten-64-to-32 -Wpointer-sign -Wno-newline-eof -Wno-selector -Wno-strict-selector-match -Wno-undeclared-selector -Wno-deprecated-implementations -Wno-implicit-fallthrough -fstrict-aliasing -Wprotocol -Wdeprecated-declarations -Wno-sign-conversion -Wno-infinite-recursion -Wno-comma -Wno-block-capture-autoreleasing -Wno-strict-prototypes -Wno-semicolon-before-method-body -index-store-path /Users/siam/Library/Developer/Xcode/DerivedData/Lingua_Quest-gvpckrqxtbgyprbgppjfqmimmmfw/Index.noindex/DataStore @/Users/siam/Library/Developer/Xcode/DerivedData/Lingua_Quest-gvpckrqxtbgyprbgppjfqmimmmfw/Build/Intermediates.noindex/GTMSessionFetcher.build/Debug-iphonesimulator/GTMSessionFetcherCore.build/Objects-normal/x86_64/e6072d4f65d7061329687fe24e3d63a7-common-args.resp -include /Users/siam/Library/Developer/Xcode/DerivedData/Lingua_Quest-gvpckrqxtbgyprbgppjfqmimmmfw/Build/Intermediates.noindex/GTMSessionFetcher.build/Debug-iphonesimulator/GTMSessionFetcherCore.build/DerivedSources/resource_bundle_accessor.h -MMD -MT dependencies -MF /Users/siam/Library/Developer/Xcode/DerivedData/Lingua_Quest-gvpckrqxtbgyprbgppjfqmimmmfw/Build/Intermediates.noindex/GTMSessionFetcher.build/Debug-iphonesimulator/GTMSessionFetcherCore.build/Objects-normal/x86_64/resource_bundle_accessor.d --serialize-diagnostics /Users/siam/Library/Developer/Xcode/DerivedData/Lingua_Quest-gvpckrqxtbgyprbgppjfqmimmmfw/Build/Intermediates.noindex/GTMSessionFetcher.build/Debug-iphonesimulator/GTMSessionFetcherCore.build/Objects-normal/x86_64/resource_bundle_accessor.dia -c /Users/siam/Library/Developer/Xcode/DerivedData/Lingua_Quest-gvpckrqxtbgyprbgppjfqmimmmfw/Build/Intermediates.noindex/GTMSessionFetcher.build/Debug-iphonesimulator/GTMSessionFetcherCore.build/DerivedSources/resource_bundle_accessor.m -o /Users/siam/Library/Developer/Xcode/DerivedData/Lingua_Quest-gvpckrqxtbgyprbgppjfqmimmmfw/Build/Intermediates.noindex/GTMSessionFetcher.build/Debug-iphonesimulator/GTMSessionFetcherCore.build/Objects-normal/x86_64/resource_bundle_accessor.o -index-unit-output-path /GTMSessionFetcher.build/Debug-iphonesimulator/GTMSessionFetcherCore.build/Objects-normal/x86_64/resource_bundle_accessor.o

PrecompileModule /Users/siam/Library/Developer/Xcode/DerivedData/Lingua_Quest-gvpckrqxtbgyprbgppjfqmimmmfw/Build/Intermediates.noindex/ExplicitPrecompiledModules/CoreText-9JSL1UMUU555VWEV0ODZHZUB.scan
    cd /
    builtin-precompileModule /Users/siam/Library/Developer/Xcode/DerivedData/Lingua_Quest-gvpckrqxtbgyprbgppjfqmimmmfw/Build/Intermediates.noindex/ExplicitPrecompiledModules/CoreText-9JSL1UMUU555VWEV0ODZHZUB.scan

CompileC /Users/siam/Library/Developer/Xcode/DerivedData/Lingua_Quest-gvpckrqxtbgyprbgppjfqmimmmfw/Build/Intermediates.noindex/GTMSessionFetcher.build/Debug-iphonesimulator/GTMSessionFetcherCore.build/Objects-normal/x86_64/GTMSessionFetcherLogging.o /Users/siam/Library/Developer/Xcode/DerivedData/Lingua_Quest-gvpckrqxtbgyprbgppjfqmimmmfw/SourcePackages/checkouts/gtm-session-fetcher/Sources/Core/GTMSessionFetcherLogging.m normal x86_64 objective-c com.apple.compilers.llvm.clang.1_0.compiler (in target 'GTMSessionFetcherCore' from project 'GTMSessionFetcher')
    cd /Users/siam/Desktop/Lingua\ Quest/Lingua\ Quest.xcodeproj
    
    Using response file: /Users/siam/Library/Developer/Xcode/DerivedData/Lingua_Quest-gvpckrqxtbgyprbgppjfqmimmmfw/Build/Intermediates.noindex/GTMSessionFetcher.build/Debug-iphonesimulator/GTMSessionFetcherCore.build/Objects-normal/x86_64/e6072d4f65d7061329687fe24e3d63a7-common-args.resp
    
    /Applications/Xcode.app/Contents/Developer/Toolchains/XcodeDefault.xctoolchain/usr/bin/clang -x objective-c -ivfsstatcache /Users/siam/Library/Developer/Xcode/DerivedData/SDKStatCaches.noindex/iphonesimulator26.0-23A339-26257891a6c027eb51374368541b8346.sdkstatcache -fmessage-length\=0 -fdiagnostics-show-note-include-stack -fmacro-backtrace-limit\=0 -fno-color-diagnostics -fmodules-prune-interval\=86400 -fmodules-prune-after\=345600 -fbuild-session-file\=/Users/siam/Library/Developer/Xcode/DerivedData/ModuleCache.noindex/Session.modulevalidation -fmodules-validate-once-per-build-session -Wnon-modular-include-in-framework-module -Werror\=non-modular-include-in-framework-module -Wno-trigraphs -Wno-missing-field-initializers -Wno-missing-prototypes -Wno-return-type -Wno-implicit-atomic-properties -Wno-objc-interface-ivars -Wno-arc-repeated-use-of-weak -Wno-missing-braces -Wparentheses -Wswitch -Wno-unused-function -Wno-unused-label -Wno-unused-parameter -Wno-unused-variable -Wunused-value -Wno-empty-body -Wno-uninitialized -Wno-unknown-pragmas -w -Wno-shadow -Wno-four-char-constants -Wno-conversion -Wno-constant-conversion -Wno-int-conversion -Wno-bool-conversion -Wno-enum-conversion -Wno-float-conversion -Wno-non-literal-null-conversion -Wno-objc-literal-conversion -Wshorten-64-to-32 -Wpointer-sign -Wno-newline-eof -Wno-selector -Wno-strict-selector-match -Wno-undeclared-selector -Wno-deprecated-implementations -Wno-implicit-fallthrough -fstrict-aliasing -Wprotocol -Wdeprecated-declarations -Wno-sign-conversion -Wno-infinite-recursion -Wno-comma -Wno-block-capture-autoreleasing -Wno-strict-prototypes -Wno-semicolon-before-method-body -index-store-path /Users/siam/Library/Developer/Xcode/DerivedData/Lingua_Quest-gvpckrqxtbgyprbgppjfqmimmmfw/Index.noindex/DataStore @/Users/siam/Library/Developer/Xcode/DerivedData/Lingua_Quest-gvpckrqxtbgyprbgppjfqmimmmfw/Build/Intermediates.noindex/GTMSessionFetcher.build/Debug-iphonesimulator/GTMSessionFetcherCore.build/Objects-normal/x86_64/e6072d4f65d7061329687fe24e3d63a7-common-args.resp -include /Users/siam/Library/Developer/Xcode/DerivedData/Lingua_Quest-gvpckrqxtbgyprbgppjfqmimmmfw/Build/Intermediates.noindex/GTMSessionFetcher.build/Debug-iphonesimulator/GTMSessionFetcherCore.build/DerivedSources/resource_bundle_accessor.h -MMD -MT dependencies -MF /Users/siam/Library/Developer/Xcode/DerivedData/Lingua_Quest-gvpckrqxtbgyprbgppjfqmimmmfw/Build/Intermediates.noindex/GTMSessionFetcher.build/Debug-iphonesimulator/GTMSessionFetcherCore.build/Objects-normal/x86_64/GTMSessionFetcherLogging.d --serialize-diagnostics /Users/siam/Library/Developer/Xcode/DerivedData/Lingua_Quest-gvpckrqxtbgyprbgppjfqmimmmfw/Build/Intermediates.noindex/GTMSessionFetcher.build/Debug-iphonesimulator/GTMSessionFetcherCore.build/Objects-normal/x86_64/GTMSessionFetcherLogging.dia -c /Users/siam/Library/Developer/Xcode/DerivedData/Lingua_Quest-gvpckrqxtbgyprbgppjfqmimmmfw/SourcePackages/checkouts/gtm-session-fetcher/Sources/Core/GTMSessionFetcherLogging.m -o /Users/siam/Library/Developer/Xcode/DerivedData/Lingua_Quest-gvpckrqxtbgyprbgppjfqmimmmfw/Build/Intermediates.noindex/GTMSessionFetcher.build/Debug-iphonesimulator/GTMSessionFetcherCore.build/Objects-normal/x86_64/GTMSessionFetcherLogging.o -index-unit-output-path /GTMSessionFetcher.build/Debug-iphonesimulator/GTMSessionFetcherCore.build/Objects-normal/x86_64/GTMSessionFetcherLogging.o

CompileC /Users/siam/Library/Developer/Xcode/DerivedData/Lingua_Quest-gvpckrqxtbgyprbgppjfqmimmmfw/Build/Intermediates.noindex/GTMSessionFetcher.build/Debug-iphonesimulator/GTMSessionFetcherCore.build/Objects-normal/x86_64/GTMSessionFetcherService.o /Users/siam/Library/Developer/Xcode/DerivedData/Lingua_Quest-gvpckrqxtbgyprbgppjfqmimmmfw/SourcePackages/checkouts/gtm-session-fetcher/Sources/Core/GTMSessionFetcherService.m normal x86_64 objective-c com.apple.compilers.llvm.clang.1_0.compiler (in target 'GTMSessionFetcherCore' from project 'GTMSessionFetcher')
    cd /Users/siam/Desktop/Lingua\ Quest/Lingua\ Quest.xcodeproj
    
    Using response file: /Users/siam/Library/Developer/Xcode/DerivedData/Lingua_Quest-gvpckrqxtbgyprbgppjfqmimmmfw/Build/Intermediates.noindex/GTMSessionFetcher.build/Debug-iphonesimulator/GTMSessionFetcherCore.build/Objects-normal/x86_64/e6072d4f65d7061329687fe24e3d63a7-common-args.resp
    
    /Applications/Xcode.app/Contents/Developer/Toolchains/XcodeDefault.xctoolchain/usr/bin/clang -x objective-c -ivfsstatcache /Users/siam/Library/Developer/Xcode/DerivedData/SDKStatCaches.noindex/iphonesimulator26.0-23A339-26257891a6c027eb51374368541b8346.sdkstatcache -fmessage-length\=0 -fdiagnostics-show-note-include-stack -fmacro-backtrace-limit\=0 -fno-color-diagnostics -fmodules-prune-interval\=86400 -fmodules-prune-after\=345600 -fbuild-session-file\=/Users/siam/Library/Developer/Xcode/DerivedData/ModuleCache.noindex/Session.modulevalidation -fmodules-validate-once-per-build-session -Wnon-modular-include-in-framework-module -Werror\=non-modular-include-in-framework-module -Wno-trigraphs -Wno-missing-field-initializers -Wno-missing-prototypes -Wno-return-type -Wno-implicit-atomic-properties -Wno-objc-interface-ivars -Wno-arc-repeated-use-of-weak -Wno-missing-braces -Wparentheses -Wswitch -Wno-unused-function -Wno-unused-label -Wno-unused-parameter -Wno-unused-variable -Wunused-value -Wno-empty-body -Wno-uninitialized -Wno-unknown-pragmas -w -Wno-shadow -Wno-four-char-constants -Wno-conversion -Wno-constant-conversion -Wno-int-conversion -Wno-bool-conversion -Wno-enum-conversion -Wno-float-conversion -Wno-non-literal-null-conversion -Wno-objc-literal-conversion -Wshorten-64-to-32 -Wpointer-sign -Wno-newline-eof -Wno-selector -Wno-strict-selector-match -Wno-undeclared-selector -Wno-deprecated-implementations -Wno-implicit-fallthrough -fstrict-aliasing -Wprotocol -Wdeprecated-declarations -Wno-sign-conversion -Wno-infinite-recursion -Wno-comma -Wno-block-capture-autoreleasing -Wno-strict-prototypes -Wno-semicolon-before-method-body -index-store-path /Users/siam/Library/Developer/Xcode/DerivedData/Lingua_Quest-gvpckrqxtbgyprbgppjfqmimmmfw/Index.noindex/DataStore @/Users/siam/Library/Developer/Xcode/DerivedData/Lingua_Quest-gvpckrqxtbgyprbgppjfqmimmmfw/Build/Intermediates.noindex/GTMSessionFetcher.build/Debug-iphonesimulator/GTMSessionFetcherCore.build/Objects-normal/x86_64/e6072d4f65d7061329687fe24e3d63a7-common-args.resp -include /Users/siam/Library/Developer/Xcode/DerivedData/Lingua_Quest-gvpckrqxtbgyprbgppjfqmimmmfw/Build/Intermediates.noindex/GTMSessionFetcher.build/Debug-iphonesimulator/GTMSessionFetcherCore.build/DerivedSources/resource_bundle_accessor.h -MMD -MT dependencies -MF /Users/siam/Library/Developer/Xcode/DerivedData/Lingua_Quest-gvpckrqxtbgyprbgppjfqmimmmfw/Build/Intermediates.noindex/GTMSessionFetcher.build/Debug-iphonesimulator/GTMSessionFetcherCore.build/Objects-normal/x86_64/GTMSessionFetcherService.d --serialize-diagnostics /Users/siam/Library/Developer/Xcode/DerivedData/Lingua_Quest-gvpckrqxtbgyprbgppjfqmimmmfw/Build/Intermediates.noindex/GTMSessionFetcher.build/Debug-iphonesimulator/GTMSessionFetcherCore.build/Objects-normal/x86_64/GTMSessionFetcherService.dia -c /Users/siam/Library/Developer/Xcode/DerivedData/Lingua_Quest-gvpckrqxtbgyprbgppjfqmimmmfw/SourcePackages/checkouts/gtm-session-fetcher/Sources/Core/GTMSessionFetcherService.m -o /Users/siam/Library/Developer/Xcode/DerivedData/Lingua_Quest-gvpckrqxtbgyprbgppjfqmimmmfw/Build/Intermediates.noindex/GTMSessionFetcher.build/Debug-iphonesimulator/GTMSessionFetcherCore.build/Objects-normal/x86_64/GTMSessionFetcherService.o -index-unit-output-path /GTMSessionFetcher.build/Debug-iphonesimulator/GTMSessionFetcherCore.build/Objects-normal/x86_64/GTMSessionFetcherService.o

CompileC /Users/siam/Library/Developer/Xcode/DerivedData/Lingua_Quest-gvpckrqxtbgyprbgppjfqmimmmfw/Build/Intermediates.noindex/GTMSessionFetcher.build/Debug-iphonesimulator/GTMSessionFetcherCore.build/Objects-normal/x86_64/GTMSessionUploadFetcher.o /Users/siam/Library/Developer/Xcode/DerivedData/Lingua_Quest-gvpckrqxtbgyprbgppjfqmimmmfw/SourcePackages/checkouts/gtm-session-fetcher/Sources/Core/GTMSessionUploadFetcher.m normal x86_64 objective-c com.apple.compilers.llvm.clang.1_0.compiler (in target 'GTMSessionFetcherCore' from project 'GTMSessionFetcher')
    cd /Users/siam/Desktop/Lingua\ Quest/Lingua\ Quest.xcodeproj
    
    Using response file: /Users/siam/Library/Developer/Xcode/DerivedData/Lingua_Quest-gvpckrqxtbgyprbgppjfqmimmmfw/Build/Intermediates.noindex/GTMSessionFetcher.build/Debug-iphonesimulator/GTMSessionFetcherCore.build/Objects-normal/x86_64/e6072d4f65d7061329687fe24e3d63a7-common-args.resp
    
    /Applications/Xcode.app/Contents/Developer/Toolchains/XcodeDefault.xctoolchain/usr/bin/clang -x objective-c -ivfsstatcache /Users/siam/Library/Developer/Xcode/DerivedData/SDKStatCaches.noindex/iphonesimulator26.0-23A339-26257891a6c027eb51374368541b8346.sdkstatcache -fmessage-length\=0 -fdiagnostics-show-note-include-stack -fmacro-backtrace-limit\=0 -fno-color-diagnostics -fmodules-prune-interval\=86400 -fmodules-prune-after\=345600 -fbuild-session-file\=/Users/siam/Library/Developer/Xcode/DerivedData/ModuleCache.noindex/Session.modulevalidation -fmodules-validate-once-per-build-session -Wnon-modular-include-in-framework-module -Werror\=non-modular-include-in-framework-module -Wno-trigraphs -Wno-missing-field-initializers -Wno-missing-prototypes -Wno-return-type -Wno-implicit-atomic-properties -Wno-objc-interface-ivars -Wno-arc-repeated-use-of-weak -Wno-missing-braces -Wparentheses -Wswitch -Wno-unused-function -Wno-unused-label -Wno-unused-parameter -Wno-unused-variable -Wunused-value -Wno-empty-body -Wno-uninitialized -Wno-unknown-pragmas -w -Wno-shadow -Wno-four-char-constants -Wno-conversion -Wno-constant-conversion -Wno-int-conversion -Wno-bool-conversion -Wno-enum-conversion -Wno-float-conversion -Wno-non-literal-null-conversion -Wno-objc-literal-conversion -Wshorten-64-to-32 -Wpointer-sign -Wno-newline-eof -Wno-selector -Wno-strict-selector-match -Wno-undeclared-selector -Wno-deprecated-implementations -Wno-implicit-fallthrough -fstrict-aliasing -Wprotocol -Wdeprecated-declarations -Wno-sign-conversion -Wno-infinite-recursion -Wno-comma -Wno-block-capture-autoreleasing -Wno-strict-prototypes -Wno-semicolon-before-method-body -index-store-path /Users/siam/Library/Developer/Xcode/DerivedData/Lingua_Quest-gvpckrqxtbgyprbgppjfqmimmmfw/Index.noindex/DataStore @/Users/siam/Library/Developer/Xcode/DerivedData/Lingua_Quest-gvpckrqxtbgyprbgppjfqmimmmfw/Build/Intermediates.noindex/GTMSessionFetcher.build/Debug-iphonesimulator/GTMSessionFetcherCore.build/Objects-normal/x86_64/e6072d4f65d7061329687fe24e3d63a7-common-args.resp -include /Users/siam/Library/Developer/Xcode/DerivedData/Lingua_Quest-gvpckrqxtbgyprbgppjfqmimmmfw/Build/Intermediates.noindex/GTMSessionFetcher.build/Debug-iphonesimulator/GTMSessionFetcherCore.build/DerivedSources/resource_bundle_accessor.h -MMD -MT dependencies -MF /Users/siam/Library/Developer/Xcode/DerivedData/Lingua_Quest-gvpckrqxtbgyprbgppjfqmimmmfw/Build/Intermediates.noindex/GTMSessionFetcher.build/Debug-iphonesimulator/GTMSessionFetcherCore.build/Objects-normal/x86_64/GTMSessionUploadFetcher.d --serialize-diagnostics /Users/siam/Library/Developer/Xcode/DerivedData/Lingua_Quest-gvpckrqxtbgyprbgppjfqmimmmfw/Build/Intermediates.noindex/GTMSessionFetcher.build/Debug-iphonesimulator/GTMSessionFetcherCore.build/Objects-normal/x86_64/GTMSessionUploadFetcher.dia -c /Users/siam/Library/Developer/Xcode/DerivedData/Lingua_Quest-gvpckrqxtbgyprbgppjfqmimmmfw/SourcePackages/checkouts/gtm-session-fetcher/Sources/Core/GTMSessionUploadFetcher.m -o /Users/siam/Library/Developer/Xcode/DerivedData/Lingua_Quest-gvpckrqxtbgyprbgppjfqmimmmfw/Build/Intermediates.noindex/GTMSessionFetcher.build/Debug-iphonesimulator/GTMSessionFetcherCore.build/Objects-normal/x86_64/GTMSessionUploadFetcher.o -index-unit-output-path /GTMSessionFetcher.build/Debug-iphonesimulator/GTMSessionFetcherCore.build/Objects-normal/x86_64/GTMSessionUploadFetcher.o

PrecompileModule /Users/siam/Library/Developer/Xcode/DerivedData/Lingua_Quest-gvpckrqxtbgyprbgppjfqmimmmfw/Build/Intermediates.noindex/ExplicitPrecompiledModules/Security-8979EVI4KEZHG277MDYUP9NY7.scan
    cd /
    builtin-precompileModule /Users/siam/Library/Developer/Xcode/DerivedData/Lingua_Quest-gvpckrqxtbgyprbgppjfqmimmmfw/Build/Intermediates.noindex/ExplicitPrecompiledModules/Security-8979EVI4KEZHG277MDYUP9NY7.scan

PrecompileModule /Users/siam/Library/Developer/Xcode/DerivedData/Lingua_Quest-gvpckrqxtbgyprbgppjfqmimmmfw/Build/Intermediates.noindex/ExplicitPrecompiledModules/Dispatch-DPLLVNBN5DQ47X3YYR1H9ZTT1.scan
    cd /
    builtin-precompileModule /Users/siam/Library/Developer/Xcode/DerivedData/Lingua_Quest-gvpckrqxtbgyprbgppjfqmimmmfw/Build/Intermediates.noindex/ExplicitPrecompiledModules/Dispatch-DPLLVNBN5DQ47X3YYR1H9ZTT1.scan

CompileC /Users/siam/Library/Developer/Xcode/DerivedData/Lingua_Quest-gvpckrqxtbgyprbgppjfqmimmmfw/Build/Intermediates.noindex/GTMSessionFetcher.build/Debug-iphonesimulator/GTMSessionFetcherCore.build/Objects-normal/x86_64/GTMSessionFetcher.o /Users/siam/Library/Developer/Xcode/DerivedData/Lingua_Quest-gvpckrqxtbgyprbgppjfqmimmmfw/SourcePackages/checkouts/gtm-session-fetcher/Sources/Core/GTMSessionFetcher.m normal x86_64 objective-c com.apple.compilers.llvm.clang.1_0.compiler (in target 'GTMSessionFetcherCore' from project 'GTMSessionFetcher')
    cd /Users/siam/Desktop/Lingua\ Quest/Lingua\ Quest.xcodeproj
    
    Using response file: /Users/siam/Library/Developer/Xcode/DerivedData/Lingua_Quest-gvpckrqxtbgyprbgppjfqmimmmfw/Build/Intermediates.noindex/GTMSessionFetcher.build/Debug-iphonesimulator/GTMSessionFetcherCore.build/Objects-normal/x86_64/e6072d4f65d7061329687fe24e3d63a7-common-args.resp
    
    /Applications/Xcode.app/Contents/Developer/Toolchains/XcodeDefault.xctoolchain/usr/bin/clang -x objective-c -ivfsstatcache /Users/siam/Library/Developer/Xcode/DerivedData/SDKStatCaches.noindex/iphonesimulator26.0-23A339-26257891a6c027eb51374368541b8346.sdkstatcache -fmessage-length\=0 -fdiagnostics-show-note-include-stack -fmacro-backtrace-limit\=0 -fno-color-diagnostics -fmodules-prune-interval\=86400 -fmodules-prune-after\=345600 -fbuild-session-file\=/Users/siam/Library/Developer/Xcode/DerivedData/ModuleCache.noindex/Session.modulevalidation -fmodules-validate-once-per-build-session -Wnon-modular-include-in-framework-module -Werror\=non-modular-include-in-framework-module -Wno-trigraphs -Wno-missing-field-initializers -Wno-missing-prototypes -Wno-return-type -Wno-implicit-atomic-properties -Wno-objc-interface-ivars -Wno-arc-repeated-use-of-weak -Wno-missing-braces -Wparentheses -Wswitch -Wno-unused-function -Wno-unused-label -Wno-unused-parameter -Wno-unused-variable -Wunused-value -Wno-empty-body -Wno-uninitialized -Wno-unknown-pragmas -w -Wno-shadow -Wno-four-char-constants -Wno-conversion -Wno-constant-conversion -Wno-int-conversion -Wno-bool-conversion -Wno-enum-conversion -Wno-float-conversion -Wno-non-literal-null-conversion -Wno-objc-literal-conversion -Wshorten-64-to-32 -Wpointer-sign -Wno-newline-eof -Wno-selector -Wno-strict-selector-match -Wno-undeclared-selector -Wno-deprecated-implementations -Wno-implicit-fallthrough -fstrict-aliasing -Wprotocol -Wdeprecated-declarations -Wno-sign-conversion -Wno-infinite-recursion -Wno-comma -Wno-block-capture-autoreleasing -Wno-strict-prototypes -Wno-semicolon-before-method-body -index-store-path /Users/siam/Library/Developer/Xcode/DerivedData/Lingua_Quest-gvpckrqxtbgyprbgppjfqmimmmfw/Index.noindex/DataStore @/Users/siam/Library/Developer/Xcode/DerivedData/Lingua_Quest-gvpckrqxtbgyprbgppjfqmimmmfw/Build/Intermediates.noindex/GTMSessionFetcher.build/Debug-iphonesimulator/GTMSessionFetcherCore.build/Objects-normal/x86_64/e6072d4f65d7061329687fe24e3d63a7-common-args.resp -include /Users/siam/Library/Developer/Xcode/DerivedData/Lingua_Quest-gvpckrqxtbgyprbgppjfqmimmmfw/Build/Intermediates.noindex/GTMSessionFetcher.build/Debug-iphonesimulator/GTMSessionFetcherCore.build/DerivedSources/resource_bundle_accessor.h -MMD -MT dependencies -MF /Users/siam/Library/Developer/Xcode/DerivedData/Lingua_Quest-gvpckrqxtbgyprbgppjfqmimmmfw/Build/Intermediates.noindex/GTMSessionFetcher.build/Debug-iphonesimulator/GTMSessionFetcherCore.build/Objects-normal/x86_64/GTMSessionFetcher.d --serialize-diagnostics /Users/siam/Library/Developer/Xcode/DerivedData/Lingua_Quest-gvpckrqxtbgyprbgppjfqmimmmfw/Build/Intermediates.noindex/GTMSessionFetcher.build/Debug-iphonesimulator/GTMSessionFetcherCore.build/Objects-normal/x86_64/GTMSessionFetcher.dia -c /Users/siam/Library/Developer/Xcode/DerivedData/Lingua_Quest-gvpckrqxtbgyprbgppjfqmimmmfw/SourcePackages/checkouts/gtm-session-fetcher/Sources/Core/GTMSessionFetcher.m -o /Users/siam/Library/Developer/Xcode/DerivedData/Lingua_Quest-gvpckrqxtbgyprbgppjfqmimmmfw/Build/Intermediates.noindex/GTMSessionFetcher.build/Debug-iphonesimulator/GTMSessionFetcherCore.build/Objects-normal/x86_64/GTMSessionFetcher.o -index-unit-output-path /GTMSessionFetcher.build/Debug-iphonesimulator/GTMSessionFetcherCore.build/Objects-normal/x86_64/GTMSessionFetcher.o

PrecompileModule /Users/siam/Library/Developer/Xcode/DerivedData/Lingua_Quest-gvpckrqxtbgyprbgppjfqmimmmfw/Build/Intermediates.noindex/ExplicitPrecompiledModules/CFNetwork-14RBO5H05P8HT2GG8S58B59XC.scan
    cd /
    builtin-precompileModule /Users/siam/Library/Developer/Xcode/DerivedData/Lingua_Quest-gvpckrqxtbgyprbgppjfqmimmmfw/Build/Intermediates.noindex/ExplicitPrecompiledModules/CFNetwork-14RBO5H05P8HT2GG8S58B59XC.scan

ScanDependencies /Users/siam/Library/Developer/Xcode/DerivedData/Lingua_Quest-gvpckrqxtbgyprbgppjfqmimmmfw/Build/Intermediates.noindex/GTMSessionFetcher.build/Debug-iphonesimulator/GTMSessionFetcherCore.build/Objects-normal/arm64/GTMSessionUploadFetcher.o /Users/siam/Library/Developer/Xcode/DerivedData/Lingua_Quest-gvpckrqxtbgyprbgppjfqmimmmfw/SourcePackages/checkouts/gtm-session-fetcher/Sources/Core/GTMSessionUploadFetcher.m normal arm64 objective-c com.apple.compilers.llvm.clang.1_0.compiler (in target 'GTMSessionFetcherCore' from project 'GTMSessionFetcher')
    cd /Users/siam/Desktop/Lingua\ Quest/Lingua\ Quest.xcodeproj
    
    Using response file: /Users/siam/Library/Developer/Xcode/DerivedData/Lingua_Quest-gvpckrqxtbgyprbgppjfqmimmmfw/Build/Intermediates.noindex/GTMSessionFetcher.build/Debug-iphonesimulator/GTMSessionFetcherCore.build/Objects-normal/arm64/e6072d4f65d7061329687fe24e3d63a7-common-args.resp
    
    builtin-ScanDependencies -o /Users/siam/Library/Developer/Xcode/DerivedData/Lingua_Quest-gvpckrqxtbgyprbgppjfqmimmmfw/Build/Intermediates.noindex/GTMSessionFetcher.build/Debug-iphonesimulator/GTMSessionFetcherCore.build/Objects-normal/arm64/GTMSessionUploadFetcher.o.scan -- /Applications/Xcode.app/Contents/Developer/Toolchains/XcodeDefault.xctoolchain/usr/bin/clang -x objective-c -ivfsstatcache /Users/siam/Library/Developer/Xcode/DerivedData/SDKStatCaches.noindex/iphonesimulator26.0-23A339-26257891a6c027eb51374368541b8346.sdkstatcache -fmessage-length\=0 -fdiagnostics-show-note-include-stack -fmacro-backtrace-limit\=0 -fno-color-diagnostics -fmodules-prune-interval\=86400 -fmodules-prune-after\=345600 -fbuild-session-file\=/Users/siam/Library/Developer/Xcode/DerivedData/ModuleCache.noindex/Session.modulevalidation -fmodules-validate-once-per-build-session -Wnon-modular-include-in-framework-module -Werror\=non-modular-include-in-framework-module -Wno-trigraphs -Wno-missing-field-initializers -Wno-missing-prototypes -Wno-return-type -Wno-implicit-atomic-properties -Wno-objc-interface-ivars -Wno-arc-repeated-use-of-weak -Wno-missing-braces -Wparentheses -Wswitch -Wno-unused-function -Wno-unused-label -Wno-unused-parameter -Wno-unused-variable -Wunused-value -Wno-empty-body -Wno-uninitialized -Wno-unknown-pragmas -w -Wno-shadow -Wno-four-char-constants -Wno-conversion -Wno-constant-conversion -Wno-int-conversion -Wno-bool-conversion -Wno-enum-conversion -Wno-float-conversion -Wno-non-literal-null-conversion -Wno-objc-literal-conversion -Wshorten-64-to-32 -Wpointer-sign -Wno-newline-eof -Wno-selector -Wno-strict-selector-match -Wno-undeclared-selector -Wno-deprecated-implementations -Wno-implicit-fallthrough -fstrict-aliasing -Wprotocol -Wdeprecated-declarations -Wno-sign-conversion -Wno-infinite-recursion -Wno-comma -Wno-block-capture-autoreleasing -Wno-strict-prototypes -Wno-semicolon-before-method-body -index-store-path /Users/siam/Library/Developer/Xcode/DerivedData/Lingua_Quest-gvpckrqxtbgyprbgppjfqmimmmfw/Index.noindex/DataStore @/Users/siam/Library/Developer/Xcode/DerivedData/Lingua_Quest-gvpckrqxtbgyprbgppjfqmimmmfw/Build/Intermediates.noindex/GTMSessionFetcher.build/Debug-iphonesimulator/GTMSessionFetcherCore.build/Objects-normal/arm64/e6072d4f65d7061329687fe24e3d63a7-common-args.resp -include /Users/siam/Library/Developer/Xcode/DerivedData/Lingua_Quest-gvpckrqxtbgyprbgppjfqmimmmfw/Build/Intermediates.noindex/GTMSessionFetcher.build/Debug-iphonesimulator/GTMSessionFetcherCore.build/DerivedSources/resource_bundle_accessor.h -MMD -MT dependencies -MF /Users/siam/Library/Developer/Xcode/DerivedData/Lingua_Quest-gvpckrqxtbgyprbgppjfqmimmmfw/Build/Intermediates.noindex/GTMSessionFetcher.build/Debug-iphonesimulator/GTMSessionFetcherCore.build/Objects-normal/arm64/GTMSessionUploadFetcher.d --serialize-diagnostics /Users/siam/Library/Developer/Xcode/DerivedData/Lingua_Quest-gvpckrqxtbgyprbgppjfqmimmmfw/Build/Intermediates.noindex/GTMSessionFetcher.build/Debug-iphonesimulator/GTMSessionFetcherCore.build/Objects-normal/arm64/GTMSessionUploadFetcher.dia -c /Users/siam/Library/Developer/Xcode/DerivedData/Lingua_Quest-gvpckrqxtbgyprbgppjfqmimmmfw/SourcePackages/checkouts/gtm-session-fetcher/Sources/Core/GTMSessionUploadFetcher.m -o /Users/siam/Library/Developer/Xcode/DerivedData/Lingua_Quest-gvpckrqxtbgyprbgppjfqmimmmfw/Build/Intermediates.noindex/GTMSessionFetcher.build/Debug-iphonesimulator/GTMSessionFetcherCore.build/Objects-normal/arm64/GTMSessionUploadFetcher.o -index-unit-output-path /GTMSessionFetcher.build/Debug-iphonesimulator/GTMSessionFetcherCore.build/Objects-normal/arm64/GTMSessionUploadFetcher.o

ScanDependencies /Users/siam/Library/Developer/Xcode/DerivedData/Lingua_Quest-gvpckrqxtbgyprbgppjfqmimmmfw/Build/Intermediates.noindex/GTMSessionFetcher.build/Debug-iphonesimulator/GTMSessionFetcherCore.build/Objects-normal/arm64/GTMSessionFetcherService.o /Users/siam/Library/Developer/Xcode/DerivedData/Lingua_Quest-gvpckrqxtbgyprbgppjfqmimmmfw/SourcePackages/checkouts/gtm-session-fetcher/Sources/Core/GTMSessionFetcherService.m normal arm64 objective-c com.apple.compilers.llvm.clang.1_0.compiler (in target 'GTMSessionFetcherCore' from project 'GTMSessionFetcher')
    cd /Users/siam/Desktop/Lingua\ Quest/Lingua\ Quest.xcodeproj
    
    Using response file: /Users/siam/Library/Developer/Xcode/DerivedData/Lingua_Quest-gvpckrqxtbgyprbgppjfqmimmmfw/Build/Intermediates.noindex/GTMSessionFetcher.build/Debug-iphonesimulator/GTMSessionFetcherCore.build/Objects-normal/arm64/e6072d4f65d7061329687fe24e3d63a7-common-args.resp
    
    builtin-ScanDependencies -o /Users/siam/Library/Developer/Xcode/DerivedData/Lingua_Quest-gvpckrqxtbgyprbgppjfqmimmmfw/Build/Intermediates.noindex/GTMSessionFetcher.build/Debug-iphonesimulator/GTMSessionFetcherCore.build/Objects-normal/arm64/GTMSessionFetcherService.o.scan -- /Applications/Xcode.app/Contents/Developer/Toolchains/XcodeDefault.xctoolchain/usr/bin/clang -x objective-c -ivfsstatcache /Users/siam/Library/Developer/Xcode/DerivedData/SDKStatCaches.noindex/iphonesimulator26.0-23A339-26257891a6c027eb51374368541b8346.sdkstatcache -fmessage-length\=0 -fdiagnostics-show-note-include-stack -fmacro-backtrace-limit\=0 -fno-color-diagnostics -fmodules-prune-interval\=86400 -fmodules-prune-after\=345600 -fbuild-session-file\=/Users/siam/Library/Developer/Xcode/DerivedData/ModuleCache.noindex/Session.modulevalidation -fmodules-validate-once-per-build-session -Wnon-modular-include-in-framework-module -Werror\=non-modular-include-in-framework-module -Wno-trigraphs -Wno-missing-field-initializers -Wno-missing-prototypes -Wno-return-type -Wno-implicit-atomic-properties -Wno-objc-interface-ivars -Wno-arc-repeated-use-of-weak -Wno-missing-braces -Wparentheses -Wswitch -Wno-unused-function -Wno-unused-label -Wno-unused-parameter -Wno-unused-variable -Wunused-value -Wno-empty-body -Wno-uninitialized -Wno-unknown-pragmas -w -Wno-shadow -Wno-four-char-constants -Wno-conversion -Wno-constant-conversion -Wno-int-conversion -Wno-bool-conversion -Wno-enum-conversion -Wno-float-conversion -Wno-non-literal-null-conversion -Wno-objc-literal-conversion -Wshorten-64-to-32 -Wpointer-sign -Wno-newline-eof -Wno-selector -Wno-strict-selector-match -Wno-undeclared-selector -Wno-deprecated-implementations -Wno-implicit-fallthrough -fstrict-aliasing -Wprotocol -Wdeprecated-declarations -Wno-sign-conversion -Wno-infinite-recursion -Wno-comma -Wno-block-capture-autoreleasing -Wno-strict-prototypes -Wno-semicolon-before-method-body -index-store-path /Users/siam/Library/Developer/Xcode/DerivedData/Lingua_Quest-gvpckrqxtbgyprbgppjfqmimmmfw/Index.noindex/DataStore @/Users/siam/Library/Developer/Xcode/DerivedData/Lingua_Quest-gvpckrqxtbgyprbgppjfqmimmmfw/Build/Intermediates.noindex/GTMSessionFetcher.build/Debug-iphonesimulator/GTMSessionFetcherCore.build/Objects-normal/arm64/e6072d4f65d7061329687fe24e3d63a7-common-args.resp -include /Users/siam/Library/Developer/Xcode/DerivedData/Lingua_Quest-gvpckrqxtbgyprbgppjfqmimmmfw/Build/Intermediates.noindex/GTMSessionFetcher.build/Debug-iphonesimulator/GTMSessionFetcherCore.build/DerivedSources/resource_bundle_accessor.h -MMD -MT dependencies -MF /Users/siam/Library/Developer/Xcode/DerivedData/Lingua_Quest-gvpckrqxtbgyprbgppjfqmimmmfw/Build/Intermediates.noindex/GTMSessionFetcher.build/Debug-iphonesimulator/GTMSessionFetcherCore.build/Objects-normal/arm64/GTMSessionFetcherService.d --serialize-diagnostics /Users/siam/Library/Developer/Xcode/DerivedData/Lingua_Quest-gvpckrqxtbgyprbgppjfqmimmmfw/Build/Intermediates.noindex/GTMSessionFetcher.build/Debug-iphonesimulator/GTMSessionFetcherCore.build/Objects-normal/arm64/GTMSessionFetcherService.dia -c /Users/siam/Library/Developer/Xcode/DerivedData/Lingua_Quest-gvpckrqxtbgyprbgppjfqmimmmfw/SourcePackages/checkouts/gtm-session-fetcher/Sources/Core/GTMSessionFetcherService.m -o /Users/siam/Library/Developer/Xcode/DerivedData/Lingua_Quest-gvpckrqxtbgyprbgppjfqmimmmfw/Build/Intermediates.noindex/GTMSessionFetcher.build/Debug-iphonesimulator/GTMSessionFetcherCore.build/Objects-normal/arm64/GTMSessionFetcherService.o -index-unit-output-path /GTMSessionFetcher.build/Debug-iphonesimulator/GTMSessionFetcherCore.build/Objects-normal/arm64/GTMSessionFetcherService.o

ScanDependencies /Users/siam/Library/Developer/Xcode/DerivedData/Lingua_Quest-gvpckrqxtbgyprbgppjfqmimmmfw/Build/Intermediates.noindex/GTMSessionFetcher.build/Debug-iphonesimulator/GTMSessionFetcherCore.build/Objects-normal/arm64/GTMSessionFetcherLogging.o /Users/siam/Library/Developer/Xcode/DerivedData/Lingua_Quest-gvpckrqxtbgyprbgppjfqmimmmfw/SourcePackages/checkouts/gtm-session-fetcher/Sources/Core/GTMSessionFetcherLogging.m normal arm64 objective-c com.apple.compilers.llvm.clang.1_0.compiler (in target 'GTMSessionFetcherCore' from project 'GTMSessionFetcher')
    cd /Users/siam/Desktop/Lingua\ Quest/Lingua\ Quest.xcodeproj
    
    Using response file: /Users/siam/Library/Developer/Xcode/DerivedData/Lingua_Quest-gvpckrqxtbgyprbgppjfqmimmmfw/Build/Intermediates.noindex/GTMSessionFetcher.build/Debug-iphonesimulator/GTMSessionFetcherCore.build/Objects-normal/arm64/e6072d4f65d7061329687fe24e3d63a7-common-args.resp
    
    builtin-ScanDependencies -o /Users/siam/Library/Developer/Xcode/DerivedData/Lingua_Quest-gvpckrqxtbgyprbgppjfqmimmmfw/Build/Intermediates.noindex/GTMSessionFetcher.build/Debug-iphonesimulator/GTMSessionFetcherCore.build/Objects-normal/arm64/GTMSessionFetcherLogging.o.scan -- /Applications/Xcode.app/Contents/Developer/Toolchains/XcodeDefault.xctoolchain/usr/bin/clang -x objective-c -ivfsstatcache /Users/siam/Library/Developer/Xcode/DerivedData/SDKStatCaches.noindex/iphonesimulator26.0-23A339-26257891a6c027eb51374368541b8346.sdkstatcache -fmessage-length\=0 -fdiagnostics-show-note-include-stack -fmacro-backtrace-limit\=0 -fno-color-diagnostics -fmodules-prune-interval\=86400 -fmodules-prune-after\=345600 -fbuild-session-file\=/Users/siam/Library/Developer/Xcode/DerivedData/ModuleCache.noindex/Session.modulevalidation -fmodules-validate-once-per-build-session -Wnon-modular-include-in-framework-module -Werror\=non-modular-include-in-framework-module -Wno-trigraphs -Wno-missing-field-initializers -Wno-missing-prototypes -Wno-return-type -Wno-implicit-atomic-properties -Wno-objc-interface-ivars -Wno-arc-repeated-use-of-weak -Wno-missing-braces -Wparentheses -Wswitch -Wno-unused-function -Wno-unused-label -Wno-unused-parameter -Wno-unused-variable -Wunused-value -Wno-empty-body -Wno-uninitialized -Wno-unknown-pragmas -w -Wno-shadow -Wno-four-char-constants -Wno-conversion -Wno-constant-conversion -Wno-int-conversion -Wno-bool-conversion -Wno-enum-conversion -Wno-float-conversion -Wno-non-literal-null-conversion -Wno-objc-literal-conversion -Wshorten-64-to-32 -Wpointer-sign -Wno-newline-eof -Wno-selector -Wno-strict-selector-match -Wno-undeclared-selector -Wno-deprecated-implementations -Wno-implicit-fallthrough -fstrict-aliasing -Wprotocol -Wdeprecated-declarations -Wno-sign-conversion -Wno-infinite-recursion -Wno-comma -Wno-block-capture-autoreleasing -Wno-strict-prototypes -Wno-semicolon-before-method-body -index-store-path /Users/siam/Library/Developer/Xcode/DerivedData/Lingua_Quest-gvpckrqxtbgyprbgppjfqmimmmfw/Index.noindex/DataStore @/Users/siam/Library/Developer/Xcode/DerivedData/Lingua_Quest-gvpckrqxtbgyprbgppjfqmimmmfw/Build/Intermediates.noindex/GTMSessionFetcher.build/Debug-iphonesimulator/GTMSessionFetcherCore.build/Objects-normal/arm64/e6072d4f65d7061329687fe24e3d63a7-common-args.resp -include /Users/siam/Library/Developer/Xcode/DerivedData/Lingua_Quest-gvpckrqxtbgyprbgppjfqmimmmfw/Build/Intermediates.noindex/GTMSessionFetcher.build/Debug-iphonesimulator/GTMSessionFetcherCore.build/DerivedSources/resource_bundle_accessor.h -MMD -MT dependencies -MF /Users/siam/Library/Developer/Xcode/DerivedData/Lingua_Quest-gvpckrqxtbgyprbgppjfqmimmmfw/Build/Intermediates.noindex/GTMSessionFetcher.build/Debug-iphonesimulator/GTMSessionFetcherCore.build/Objects-normal/arm64/GTMSessionFetcherLogging.d --serialize-diagnostics /Users/siam/Library/Developer/Xcode/DerivedData/Lingua_Quest-gvpckrqxtbgyprbgppjfqmimmmfw/Build/Intermediates.noindex/GTMSessionFetcher.build/Debug-iphonesimulator/GTMSessionFetcherCore.build/Objects-normal/arm64/GTMSessionFetcherLogging.dia -c /Users/siam/Library/Developer/Xcode/DerivedData/Lingua_Quest-gvpckrqxtbgyprbgppjfqmimmmfw/SourcePackages/checkouts/gtm-session-fetcher/Sources/Core/GTMSessionFetcherLogging.m -o /Users/siam/Library/Developer/Xcode/DerivedData/Lingua_Quest-gvpckrqxtbgyprbgppjfqmimmmfw/Build/Intermediates.noindex/GTMSessionFetcher.build/Debug-iphonesimulator/GTMSessionFetcherCore.build/Objects-normal/arm64/GTMSessionFetcherLogging.o -index-unit-output-path /GTMSessionFetcher.build/Debug-iphonesimulator/GTMSessionFetcherCore.build/Objects-normal/arm64/GTMSessionFetcherLogging.o

ScanDependencies /Users/siam/Library/Developer/Xcode/DerivedData/Lingua_Quest-gvpckrqxtbgyprbgppjfqmimmmfw/Build/Intermediates.noindex/GTMSessionFetcher.build/Debug-iphonesimulator/GTMSessionFetcherCore.build/Objects-normal/arm64/GTMSessionFetcher.o /Users/siam/Library/Developer/Xcode/DerivedData/Lingua_Quest-gvpckrqxtbgyprbgppjfqmimmmfw/SourcePackages/checkouts/gtm-session-fetcher/Sources/Core/GTMSessionFetcher.m normal arm64 objective-c com.apple.compilers.llvm.clang.1_0.compiler (in target 'GTMSessionFetcherCore' from project 'GTMSessionFetcher')
    cd /Users/siam/Desktop/Lingua\ Quest/Lingua\ Quest.xcodeproj
    
    Using response file: /Users/siam/Library/Developer/Xcode/DerivedData/Lingua_Quest-gvpckrqxtbgyprbgppjfqmimmmfw/Build/Intermediates.noindex/GTMSessionFetcher.build/Debug-iphonesimulator/GTMSessionFetcherCore.build/Objects-normal/arm64/e6072d4f65d7061329687fe24e3d63a7-common-args.resp
    
    builtin-ScanDependencies -o /Users/siam/Library/Developer/Xcode/DerivedData/Lingua_Quest-gvpckrqxtbgyprbgppjfqmimmmfw/Build/Intermediates.noindex/GTMSessionFetcher.build/Debug-iphonesimulator/GTMSessionFetcherCore.build/Objects-normal/arm64/GTMSessionFetcher.o.scan -- /Applications/Xcode.app/Contents/Developer/Toolchains/XcodeDefault.xctoolchain/usr/bin/clang -x objective-c -ivfsstatcache /Users/siam/Library/Developer/Xcode/DerivedData/SDKStatCaches.noindex/iphonesimulator26.0-23A339-26257891a6c027eb51374368541b8346.sdkstatcache -fmessage-length\=0 -fdiagnostics-show-note-include-stack -fmacro-backtrace-limit\=0 -fno-color-diagnostics -fmodules-prune-interval\=86400 -fmodules-prune-after\=345600 -fbuild-session-file\=/Users/siam/Library/Developer/Xcode/DerivedData/ModuleCache.noindex/Session.modulevalidation -fmodules-validate-once-per-build-session -Wnon-modular-include-in-framework-module -Werror\=non-modular-include-in-framework-module -Wno-trigraphs -Wno-missing-field-initializers -Wno-missing-prototypes -Wno-return-type -Wno-implicit-atomic-properties -Wno-objc-interface-ivars -Wno-arc-repeated-use-of-weak -Wno-missing-braces -Wparentheses -Wswitch -Wno-unused-function -Wno-unused-label -Wno-unused-parameter -Wno-unused-variable -Wunused-value -Wno-empty-body -Wno-uninitialized -Wno-unknown-pragmas -w -Wno-shadow -Wno-four-char-constants -Wno-conversion -Wno-constant-conversion -Wno-int-conversion -Wno-bool-conversion -Wno-enum-conversion -Wno-float-conversion -Wno-non-literal-null-conversion -Wno-objc-literal-conversion -Wshorten-64-to-32 -Wpointer-sign -Wno-newline-eof -Wno-selector -Wno-strict-selector-match -Wno-undeclared-selector -Wno-deprecated-implementations -Wno-implicit-fallthrough -fstrict-aliasing -Wprotocol -Wdeprecated-declarations -Wno-sign-conversion -Wno-infinite-recursion -Wno-comma -Wno-block-capture-autoreleasing -Wno-strict-prototypes -Wno-semicolon-before-method-body -index-store-path /Users/siam/Library/Developer/Xcode/DerivedData/Lingua_Quest-gvpckrqxtbgyprbgppjfqmimmmfw/Index.noindex/DataStore @/Users/siam/Library/Developer/Xcode/DerivedData/Lingua_Quest-gvpckrqxtbgyprbgppjfqmimmmfw/Build/Intermediates.noindex/GTMSessionFetcher.build/Debug-iphonesimulator/GTMSessionFetcherCore.build/Objects-normal/arm64/e6072d4f65d7061329687fe24e3d63a7-common-args.resp -include /Users/siam/Library/Developer/Xcode/DerivedData/Lingua_Quest-gvpckrqxtbgyprbgppjfqmimmmfw/Build/Intermediates.noindex/GTMSessionFetcher.build/Debug-iphonesimulator/GTMSessionFetcherCore.build/DerivedSources/resource_bundle_accessor.h -MMD -MT dependencies -MF /Users/siam/Library/Developer/Xcode/DerivedData/Lingua_Quest-gvpckrqxtbgyprbgppjfqmimmmfw/Build/Intermediates.noindex/GTMSessionFetcher.build/Debug-iphonesimulator/GTMSessionFetcherCore.build/Objects-normal/arm64/GTMSessionFetcher.d --serialize-diagnostics /Users/siam/Library/Developer/Xcode/DerivedData/Lingua_Quest-gvpckrqxtbgyprbgppjfqmimmmfw/Build/Intermediates.noindex/GTMSessionFetcher.build/Debug-iphonesimulator/GTMSessionFetcherCore.build/Objects-normal/arm64/GTMSessionFetcher.dia -c /Users/siam/Library/Developer/Xcode/DerivedData/Lingua_Quest-gvpckrqxtbgyprbgppjfqmimmmfw/SourcePackages/checkouts/gtm-session-fetcher/Sources/Core/GTMSessionFetcher.m -o /Users/siam/Library/Developer/Xcode/DerivedData/Lingua_Quest-gvpckrqxtbgyprbgppjfqmimmmfw/Build/Intermediates.noindex/GTMSessionFetcher.build/Debug-iphonesimulator/GTMSessionFetcherCore.build/Objects-normal/arm64/GTMSessionFetcher.o -index-unit-output-path /GTMSessionFetcher.build/Debug-iphonesimulator/GTMSessionFetcherCore.build/Objects-normal/arm64/GTMSessionFetcher.o

PrecompileModule /Users/siam/Library/Developer/Xcode/DerivedData/Lingua_Quest-gvpckrqxtbgyprbgppjfqmimmmfw/Build/Intermediates.noindex/ExplicitPrecompiledModules/XPC-8EPS38LLYDLMNXVOO7LMQVMLG.scan
    cd /
    builtin-precompileModule /Users/siam/Library/Developer/Xcode/DerivedData/Lingua_Quest-gvpckrqxtbgyprbgppjfqmimmmfw/Build/Intermediates.noindex/ExplicitPrecompiledModules/XPC-8EPS38LLYDLMNXVOO7LMQVMLG.scan

PrecompileModule /Users/siam/Library/Developer/Xcode/DerivedData/Lingua_Quest-gvpckrqxtbgyprbgppjfqmimmmfw/Build/Intermediates.noindex/ExplicitPrecompiledModules/Foundation-2NQOO97UTAZB7FJHIWLH60HBP.scan
    cd /
    builtin-precompileModule /Users/siam/Library/Developer/Xcode/DerivedData/Lingua_Quest-gvpckrqxtbgyprbgppjfqmimmmfw/Build/Intermediates.noindex/ExplicitPrecompiledModules/Foundation-2NQOO97UTAZB7FJHIWLH60HBP.scan

PrecompileModule /Users/siam/Library/Developer/Xcode/DerivedData/Lingua_Quest-gvpckrqxtbgyprbgppjfqmimmmfw/Build/Intermediates.noindex/ExplicitPrecompiledModules/CoreFoundation-DYRFNM6T47TQ8J8VEH88AO26B.scan
    cd /
    builtin-precompileModule /Users/siam/Library/Developer/Xcode/DerivedData/Lingua_Quest-gvpckrqxtbgyprbgppjfqmimmmfw/Build/Intermediates.noindex/ExplicitPrecompiledModules/CoreFoundation-DYRFNM6T47TQ8J8VEH88AO26B.scan

ProcessInfoPlistFile /Users/siam/Library/Developer/Xcode/DerivedData/Lingua_Quest-gvpckrqxtbgyprbgppjfqmimmmfw/Build/Products/Debug-iphonesimulator/GTMAppAuth_GTMAppAuth.bundle/Info.plist /Users/siam/Library/Developer/Xcode/DerivedData/Lingua_Quest-gvpckrqxtbgyprbgppjfqmimmmfw/Build/Intermediates.noindex/GTMAppAuth.build/Debug-iphonesimulator/GTMAppAuth_GTMAppAuth.build/empty-GTMAppAuth_GTMAppAuth.plist (in target 'GTMAppAuth_GTMAppAuth' from project 'GTMAppAuth')
    cd /Users/siam/Library/Developer/Xcode/DerivedData/Lingua_Quest-gvpckrqxtbgyprbgppjfqmimmmfw/SourcePackages/checkouts/GTMAppAuth
    builtin-infoPlistUtility /Users/siam/Library/Developer/Xcode/DerivedData/Lingua_Quest-gvpckrqxtbgyprbgppjfqmimmmfw/Build/Intermediates.noindex/GTMAppAuth.build/Debug-iphonesimulator/GTMAppAuth_GTMAppAuth.build/empty-GTMAppAuth_GTMAppAuth.plist -producttype com.apple.product-type.bundle -expandbuildsettings -format binary -platform iphonesimulator -o /Users/siam/Library/Developer/Xcode/DerivedData/Lingua_Quest-gvpckrqxtbgyprbgppjfqmimmmfw/Build/Products/Debug-iphonesimulator/GTMAppAuth_GTMAppAuth.bundle/Info.plist

ProcessInfoPlistFile /Users/siam/Library/Developer/Xcode/DerivedData/Lingua_Quest-gvpckrqxtbgyprbgppjfqmimmmfw/Build/Products/Debug-iphonesimulator/Firebase_FirebaseFirestore.bundle/Info.plist /Users/siam/Library/Developer/Xcode/DerivedData/Lingua_Quest-gvpckrqxtbgyprbgppjfqmimmmfw/Build/Intermediates.noindex/Firebase.build/Debug-iphonesimulator/Firebase_FirebaseFirestore.build/empty-Firebase_FirebaseFirestore.plist (in target 'Firebase_FirebaseFirestore' from project 'Firebase')
    cd /Users/siam/Library/Developer/Xcode/DerivedData/Lingua_Quest-gvpckrqxtbgyprbgppjfqmimmmfw/SourcePackages/checkouts/firebase-ios-sdk
    builtin-infoPlistUtility /Users/siam/Library/Developer/Xcode/DerivedData/Lingua_Quest-gvpckrqxtbgyprbgppjfqmimmmfw/Build/Intermediates.noindex/Firebase.build/Debug-iphonesimulator/Firebase_FirebaseFirestore.build/empty-Firebase_FirebaseFirestore.plist -producttype com.apple.product-type.bundle -expandbuildsettings -format binary -platform iphonesimulator -o /Users/siam/Library/Developer/Xcode/DerivedData/Lingua_Quest-gvpckrqxtbgyprbgppjfqmimmmfw/Build/Products/Debug-iphonesimulator/Firebase_FirebaseFirestore.bundle/Info.plist

PrecompileModule /Users/siam/Library/Developer/Xcode/DerivedData/Lingua_Quest-gvpckrqxtbgyprbgppjfqmimmmfw/Build/Intermediates.noindex/ExplicitPrecompiledModules/CoreGraphics-3JWOMPOFG360D0PPQ3MA34KSS.scan
    cd /
    builtin-precompileModule /Users/siam/Library/Developer/Xcode/DerivedData/Lingua_Quest-gvpckrqxtbgyprbgppjfqmimmmfw/Build/Intermediates.noindex/ExplicitPrecompiledModules/CoreGraphics-3JWOMPOFG360D0PPQ3MA34KSS.scan

ProcessInfoPlistFile /Users/siam/Library/Developer/Xcode/DerivedData/Lingua_Quest-gvpckrqxtbgyprbgppjfqmimmmfw/Build/Products/Debug-iphonesimulator/Firebase_FirebaseCoreInternal.bundle/Info.plist /Users/siam/Library/Developer/Xcode/DerivedData/Lingua_Quest-gvpckrqxtbgyprbgppjfqmimmmfw/Build/Intermediates.noindex/Firebase.build/Debug-iphonesimulator/Firebase_FirebaseCoreInternal.build/empty-Firebase_FirebaseCoreInternal.plist (in target 'Firebase_FirebaseCoreInternal' from project 'Firebase')
    cd /Users/siam/Library/Developer/Xcode/DerivedData/Lingua_Quest-gvpckrqxtbgyprbgppjfqmimmmfw/SourcePackages/checkouts/firebase-ios-sdk
    builtin-infoPlistUtility /Users/siam/Library/Developer/Xcode/DerivedData/Lingua_Quest-gvpckrqxtbgyprbgppjfqmimmmfw/Build/Intermediates.noindex/Firebase.build/Debug-iphonesimulator/Firebase_FirebaseCoreInternal.build/empty-Firebase_FirebaseCoreInternal.plist -producttype com.apple.product-type.bundle -expandbuildsettings -format binary -platform iphonesimulator -o /Users/siam/Library/Developer/Xcode/DerivedData/Lingua_Quest-gvpckrqxtbgyprbgppjfqmimmmfw/Build/Products/Debug-iphonesimulator/Firebase_FirebaseCoreInternal.bundle/Info.plist

CpResource /Users/siam/Library/Developer/Xcode/DerivedData/Lingua_Quest-gvpckrqxtbgyprbgppjfqmimmmfw/Build/Products/Debug-iphonesimulator/GTMAppAuth_GTMAppAuth.bundle/PrivacyInfo.xcprivacy /Users/siam/Library/Developer/Xcode/DerivedData/Lingua_Quest-gvpckrqxtbgyprbgppjfqmimmmfw/SourcePackages/checkouts/GTMAppAuth/GTMAppAuth/Sources/Resources/PrivacyInfo.xcprivacy (in target 'GTMAppAuth_GTMAppAuth' from project 'GTMAppAuth')
    cd /Users/siam/Library/Developer/Xcode/DerivedData/Lingua_Quest-gvpckrqxtbgyprbgppjfqmimmmfw/SourcePackages/checkouts/GTMAppAuth
    builtin-copy -exclude .DS_Store -exclude CVS -exclude .svn -exclude .git -exclude .hg -resolve-src-symlinks /Users/siam/Library/Developer/Xcode/DerivedData/Lingua_Quest-gvpckrqxtbgyprbgppjfqmimmmfw/SourcePackages/checkouts/GTMAppAuth/GTMAppAuth/Sources/Resources/PrivacyInfo.xcprivacy /Users/siam/Library/Developer/Xcode/DerivedData/Lingua_Quest-gvpckrqxtbgyprbgppjfqmimmmfw/Build/Products/Debug-iphonesimulator/GTMAppAuth_GTMAppAuth.bundle

CpResource /Users/siam/Library/Developer/Xcode/DerivedData/Lingua_Quest-gvpckrqxtbgyprbgppjfqmimmmfw/Build/Products/Debug-iphonesimulator/Firebase_FirebaseFirestore.bundle/PrivacyInfo.xcprivacy /Users/siam/Library/Developer/Xcode/DerivedData/Lingua_Quest-gvpckrqxtbgyprbgppjfqmimmmfw/SourcePackages/checkouts/firebase-ios-sdk/Firestore/Swift/Source/Resources/PrivacyInfo.xcprivacy (in target 'Firebase_FirebaseFirestore' from project 'Firebase')
    cd /Users/siam/Library/Developer/Xcode/DerivedData/Lingua_Quest-gvpckrqxtbgyprbgppjfqmimmmfw/SourcePackages/checkouts/firebase-ios-sdk
    builtin-copy -exclude .DS_Store -exclude CVS -exclude .svn -exclude .git -exclude .hg -resolve-src-symlinks /Users/siam/Library/Developer/Xcode/DerivedData/Lingua_Quest-gvpckrqxtbgyprbgppjfqmimmmfw/SourcePackages/checkouts/firebase-ios-sdk/Firestore/Swift/Source/Resources/PrivacyInfo.xcprivacy /Users/siam/Library/Developer/Xcode/DerivedData/Lingua_Quest-gvpckrqxtbgyprbgppjfqmimmmfw/Build/Products/Debug-iphonesimulator/Firebase_FirebaseFirestore.bundle

ProcessInfoPlistFile /Users/siam/Library/Developer/Xcode/DerivedData/Lingua_Quest-gvpckrqxtbgyprbgppjfqmimmmfw/Build/Products/Debug-iphonesimulator/Firebase_FirebaseCoreExtension.bundle/Info.plist /Users/siam/Library/Developer/Xcode/DerivedData/Lingua_Quest-gvpckrqxtbgyprbgppjfqmimmmfw/Build/Intermediates.noindex/Firebase.build/Debug-iphonesimulator/Firebase_FirebaseCoreExtension.build/empty-Firebase_FirebaseCoreExtension.plist (in target 'Firebase_FirebaseCoreExtension' from project 'Firebase')
    cd /Users/siam/Library/Developer/Xcode/DerivedData/Lingua_Quest-gvpckrqxtbgyprbgppjfqmimmmfw/SourcePackages/checkouts/firebase-ios-sdk
    builtin-infoPlistUtility /Users/siam/Library/Developer/Xcode/DerivedData/Lingua_Quest-gvpckrqxtbgyprbgppjfqmimmmfw/Build/Intermediates.noindex/Firebase.build/Debug-iphonesimulator/Firebase_FirebaseCoreExtension.build/empty-Firebase_FirebaseCoreExtension.plist -producttype com.apple.product-type.bundle -expandbuildsettings -format binary -platform iphonesimulator -o /Users/siam/Library/Developer/Xcode/DerivedData/Lingua_Quest-gvpckrqxtbgyprbgppjfqmimmmfw/Build/Products/Debug-iphonesimulator/Firebase_FirebaseCoreExtension.bundle/Info.plist

ProcessInfoPlistFile /Users/siam/Library/Developer/Xcode/DerivedData/Lingua_Quest-gvpckrqxtbgyprbgppjfqmimmmfw/Build/Products/Debug-iphonesimulator/Firebase_FirebaseCore.bundle/Info.plist /Users/siam/Library/Developer/Xcode/DerivedData/Lingua_Quest-gvpckrqxtbgyprbgppjfqmimmmfw/Build/Intermediates.noindex/Firebase.build/Debug-iphonesimulator/Firebase_FirebaseCore.build/empty-Firebase_FirebaseCore.plist (in target 'Firebase_FirebaseCore' from project 'Firebase')
    cd /Users/siam/Library/Developer/Xcode/DerivedData/Lingua_Quest-gvpckrqxtbgyprbgppjfqmimmmfw/SourcePackages/checkouts/firebase-ios-sdk
    builtin-infoPlistUtility /Users/siam/Library/Developer/Xcode/DerivedData/Lingua_Quest-gvpckrqxtbgyprbgppjfqmimmmfw/Build/Intermediates.noindex/Firebase.build/Debug-iphonesimulator/Firebase_FirebaseCore.build/empty-Firebase_FirebaseCore.plist -producttype com.apple.product-type.bundle -expandbuildsettings -format binary -platform iphonesimulator -o /Users/siam/Library/Developer/Xcode/DerivedData/Lingua_Quest-gvpckrqxtbgyprbgppjfqmimmmfw/Build/Products/Debug-iphonesimulator/Firebase_FirebaseCore.bundle/Info.plist

CpResource /Users/siam/Library/Developer/Xcode/DerivedData/Lingua_Quest-gvpckrqxtbgyprbgppjfqmimmmfw/Build/Products/Debug-iphonesimulator/Firebase_FirebaseCoreExtension.bundle/PrivacyInfo.xcprivacy /Users/siam/Library/Developer/Xcode/DerivedData/Lingua_Quest-gvpckrqxtbgyprbgppjfqmimmmfw/SourcePackages/checkouts/firebase-ios-sdk/FirebaseCore/Extension/Resources/PrivacyInfo.xcprivacy (in target 'Firebase_FirebaseCoreExtension' from project 'Firebase')
    cd /Users/siam/Library/Developer/Xcode/DerivedData/Lingua_Quest-gvpckrqxtbgyprbgppjfqmimmmfw/SourcePackages/checkouts/firebase-ios-sdk
    builtin-copy -exclude .DS_Store -exclude CVS -exclude .svn -exclude .git -exclude .hg -resolve-src-symlinks /Users/siam/Library/Developer/Xcode/DerivedData/Lingua_Quest-gvpckrqxtbgyprbgppjfqmimmmfw/SourcePackages/checkouts/firebase-ios-sdk/FirebaseCore/Extension/Resources/PrivacyInfo.xcprivacy /Users/siam/Library/Developer/Xcode/DerivedData/Lingua_Quest-gvpckrqxtbgyprbgppjfqmimmmfw/Build/Products/Debug-iphonesimulator/Firebase_FirebaseCoreExtension.bundle

CpResource /Users/siam/Library/Developer/Xcode/DerivedData/Lingua_Quest-gvpckrqxtbgyprbgppjfqmimmmfw/Build/Products/Debug-iphonesimulator/Firebase_FirebaseCoreInternal.bundle/PrivacyInfo.xcprivacy /Users/siam/Library/Developer/Xcode/DerivedData/Lingua_Quest-gvpckrqxtbgyprbgppjfqmimmmfw/SourcePackages/checkouts/firebase-ios-sdk/FirebaseCore/Internal/Sources/Resources/PrivacyInfo.xcprivacy (in target 'Firebase_FirebaseCoreInternal' from project 'Firebase')
    cd /Users/siam/Library/Developer/Xcode/DerivedData/Lingua_Quest-gvpckrqxtbgyprbgppjfqmimmmfw/SourcePackages/checkouts/firebase-ios-sdk
    builtin-copy -exclude .DS_Store -exclude CVS -exclude .svn -exclude .git -exclude .hg -resolve-src-symlinks /Users/siam/Library/Developer/Xcode/DerivedData/Lingua_Quest-gvpckrqxtbgyprbgppjfqmimmmfw/SourcePackages/checkouts/firebase-ios-sdk/FirebaseCore/Internal/Sources/Resources/PrivacyInfo.xcprivacy /Users/siam/Library/Developer/Xcode/DerivedData/Lingua_Quest-gvpckrqxtbgyprbgppjfqmimmmfw/Build/Products/Debug-iphonesimulator/Firebase_FirebaseCoreInternal.bundle

ProcessInfoPlistFile /Users/siam/Library/Developer/Xcode/DerivedData/Lingua_Quest-gvpckrqxtbgyprbgppjfqmimmmfw/Build/Products/Debug-iphonesimulator/Firebase_FirebaseAuth.bundle/Info.plist /Users/siam/Library/Developer/Xcode/DerivedData/Lingua_Quest-gvpckrqxtbgyprbgppjfqmimmmfw/Build/Intermediates.noindex/Firebase.build/Debug-iphonesimulator/Firebase_FirebaseAuth.build/empty-Firebase_FirebaseAuth.plist (in target 'Firebase_FirebaseAuth' from project 'Firebase')
    cd /Users/siam/Library/Developer/Xcode/DerivedData/Lingua_Quest-gvpckrqxtbgyprbgppjfqmimmmfw/SourcePackages/checkouts/firebase-ios-sdk
    builtin-infoPlistUtility /Users/siam/Library/Developer/Xcode/DerivedData/Lingua_Quest-gvpckrqxtbgyprbgppjfqmimmmfw/Build/Intermediates.noindex/Firebase.build/Debug-iphonesimulator/Firebase_FirebaseAuth.build/empty-Firebase_FirebaseAuth.plist -producttype com.apple.product-type.bundle -expandbuildsettings -format binary -platform iphonesimulator -o /Users/siam/Library/Developer/Xcode/DerivedData/Lingua_Quest-gvpckrqxtbgyprbgppjfqmimmmfw/Build/Products/Debug-iphonesimulator/Firebase_FirebaseAuth.bundle/Info.plist

ScanDependencies /Users/siam/Library/Developer/Xcode/DerivedData/Lingua_Quest-gvpckrqxtbgyprbgppjfqmimmmfw/Build/Intermediates.noindex/Firebase.build/Debug-iphonesimulator/FirebaseAuthInterop.build/Objects-normal/x86_64/dummy.o /Users/siam/Library/Developer/Xcode/DerivedData/Lingua_Quest-gvpckrqxtbgyprbgppjfqmimmmfw/SourcePackages/checkouts/firebase-ios-sdk/FirebaseAuth/Interop/dummy.m normal x86_64 objective-c com.apple.compilers.llvm.clang.1_0.compiler (in target 'FirebaseAuthInterop' from project 'Firebase')
    cd /Users/siam/Desktop/Lingua\ Quest/Lingua\ Quest.xcodeproj
    
    Using response file: /Users/siam/Library/Developer/Xcode/DerivedData/Lingua_Quest-gvpckrqxtbgyprbgppjfqmimmmfw/Build/Intermediates.noindex/Firebase.build/Debug-iphonesimulator/FirebaseAuthInterop.build/Objects-normal/x86_64/e6072d4f65d7061329687fe24e3d63a7-common-args.resp
    
    builtin-ScanDependencies -o /Users/siam/Library/Developer/Xcode/DerivedData/Lingua_Quest-gvpckrqxtbgyprbgppjfqmimmmfw/Build/Intermediates.noindex/Firebase.build/Debug-iphonesimulator/FirebaseAuthInterop.build/Objects-normal/x86_64/dummy.o.scan -- /Applications/Xcode.app/Contents/Developer/Toolchains/XcodeDefault.xctoolchain/usr/bin/clang -x objective-c -ivfsstatcache /Users/siam/Library/Developer/Xcode/DerivedData/SDKStatCaches.noindex/iphonesimulator26.0-23A339-26257891a6c027eb51374368541b8346.sdkstatcache -fmessage-length\=0 -fdiagnostics-show-note-include-stack -fmacro-backtrace-limit\=0 -fno-color-diagnostics -fmodules-prune-interval\=86400 -fmodules-prune-after\=345600 -fbuild-session-file\=/Users/siam/Library/Developer/Xcode/DerivedData/ModuleCache.noindex/Session.modulevalidation -fmodules-validate-once-per-build-session -Wnon-modular-include-in-framework-module -Werror\=non-modular-include-in-framework-module -Wno-trigraphs -Wno-missing-field-initializers -Wno-missing-prototypes -Wno-return-type -Wno-implicit-atomic-properties -Wno-objc-interface-ivars -Wno-arc-repeated-use-of-weak -Wno-missing-braces -Wparentheses -Wswitch -Wno-unused-function -Wno-unused-label -Wno-unused-parameter -Wno-unused-variable -Wunused-value -Wno-empty-body -Wno-uninitialized -Wno-unknown-pragmas -w -Wno-shadow -Wno-four-char-constants -Wno-conversion -Wno-constant-conversion -Wno-int-conversion -Wno-bool-conversion -Wno-enum-conversion -Wno-float-conversion -Wno-non-literal-null-conversion -Wno-objc-literal-conversion -Wshorten-64-to-32 -Wpointer-sign -Wno-newline-eof -Wno-selector -Wno-strict-selector-match -Wno-undeclared-selector -Wno-deprecated-implementations -Wno-implicit-fallthrough -fstrict-aliasing -Wprotocol -Wdeprecated-declarations -Wno-sign-conversion -Wno-infinite-recursion -Wno-comma -Wno-block-capture-autoreleasing -Wno-strict-prototypes -Wno-semicolon-before-method-body -index-store-path /Users/siam/Library/Developer/Xcode/DerivedData/Lingua_Quest-gvpckrqxtbgyprbgppjfqmimmmfw/Index.noindex/DataStore @/Users/siam/Library/Developer/Xcode/DerivedData/Lingua_Quest-gvpckrqxtbgyprbgppjfqmimmmfw/Build/Intermediates.noindex/Firebase.build/Debug-iphonesimulator/FirebaseAuthInterop.build/Objects-normal/x86_64/e6072d4f65d7061329687fe24e3d63a7-common-args.resp -MMD -MT dependencies -MF /Users/siam/Library/Developer/Xcode/DerivedData/Lingua_Quest-gvpckrqxtbgyprbgppjfqmimmmfw/Build/Intermediates.noindex/Firebase.build/Debug-iphonesimulator/FirebaseAuthInterop.build/Objects-normal/x86_64/dummy.d --serialize-diagnostics /Users/siam/Library/Developer/Xcode/DerivedData/Lingua_Quest-gvpckrqxtbgyprbgppjfqmimmmfw/Build/Intermediates.noindex/Firebase.build/Debug-iphonesimulator/FirebaseAuthInterop.build/Objects-normal/x86_64/dummy.dia -c /Users/siam/Library/Developer/Xcode/DerivedData/Lingua_Quest-gvpckrqxtbgyprbgppjfqmimmmfw/SourcePackages/checkouts/firebase-ios-sdk/FirebaseAuth/Interop/dummy.m -o /Users/siam/Library/Developer/Xcode/DerivedData/Lingua_Quest-gvpckrqxtbgyprbgppjfqmimmmfw/Build/Intermediates.noindex/Firebase.build/Debug-iphonesimulator/FirebaseAuthInterop.build/Objects-normal/x86_64/dummy.o -index-unit-output-path /Firebase.build/Debug-iphonesimulator/FirebaseAuthInterop.build/Objects-normal/x86_64/dummy.o

ScanDependencies /Users/siam/Library/Developer/Xcode/DerivedData/Lingua_Quest-gvpckrqxtbgyprbgppjfqmimmmfw/Build/Intermediates.noindex/Firebase.build/Debug-iphonesimulator/FirebaseAuthInterop.build/Objects-normal/arm64/dummy.o /Users/siam/Library/Developer/Xcode/DerivedData/Lingua_Quest-gvpckrqxtbgyprbgppjfqmimmmfw/SourcePackages/checkouts/firebase-ios-sdk/FirebaseAuth/Interop/dummy.m normal arm64 objective-c com.apple.compilers.llvm.clang.1_0.compiler (in target 'FirebaseAuthInterop' from project 'Firebase')
    cd /Users/siam/Desktop/Lingua\ Quest/Lingua\ Quest.xcodeproj
    
    Using response file: /Users/siam/Library/Developer/Xcode/DerivedData/Lingua_Quest-gvpckrqxtbgyprbgppjfqmimmmfw/Build/Intermediates.noindex/Firebase.build/Debug-iphonesimulator/FirebaseAuthInterop.build/Objects-normal/arm64/e6072d4f65d7061329687fe24e3d63a7-common-args.resp
    
    builtin-ScanDependencies -o /Users/siam/Library/Developer/Xcode/DerivedData/Lingua_Quest-gvpckrqxtbgyprbgppjfqmimmmfw/Build/Intermediates.noindex/Firebase.build/Debug-iphonesimulator/FirebaseAuthInterop.build/Objects-normal/arm64/dummy.o.scan -- /Applications/Xcode.app/Contents/Developer/Toolchains/XcodeDefault.xctoolchain/usr/bin/clang -x objective-c -ivfsstatcache /Users/siam/Library/Developer/Xcode/DerivedData/SDKStatCaches.noindex/iphonesimulator26.0-23A339-26257891a6c027eb51374368541b8346.sdkstatcache -fmessage-length\=0 -fdiagnostics-show-note-include-stack -fmacro-backtrace-limit\=0 -fno-color-diagnostics -fmodules-prune-interval\=86400 -fmodules-prune-after\=345600 -fbuild-session-file\=/Users/siam/Library/Developer/Xcode/DerivedData/ModuleCache.noindex/Session.modulevalidation -fmodules-validate-once-per-build-session -Wnon-modular-include-in-framework-module -Werror\=non-modular-include-in-framework-module -Wno-trigraphs -Wno-missing-field-initializers -Wno-missing-prototypes -Wno-return-type -Wno-implicit-atomic-properties -Wno-objc-interface-ivars -Wno-arc-repeated-use-of-weak -Wno-missing-braces -Wparentheses -Wswitch -Wno-unused-function -Wno-unused-label -Wno-unused-parameter -Wno-unused-variable -Wunused-value -Wno-empty-body -Wno-uninitialized -Wno-unknown-pragmas -w -Wno-shadow -Wno-four-char-constants -Wno-conversion -Wno-constant-conversion -Wno-int-conversion -Wno-bool-conversion -Wno-enum-conversion -Wno-float-conversion -Wno-non-literal-null-conversion -Wno-objc-literal-conversion -Wshorten-64-to-32 -Wpointer-sign -Wno-newline-eof -Wno-selector -Wno-strict-selector-match -Wno-undeclared-selector -Wno-deprecated-implementations -Wno-implicit-fallthrough -fstrict-aliasing -Wprotocol -Wdeprecated-declarations -Wno-sign-conversion -Wno-infinite-recursion -Wno-comma -Wno-block-capture-autoreleasing -Wno-strict-prototypes -Wno-semicolon-before-method-body -index-store-path /Users/siam/Library/Developer/Xcode/DerivedData/Lingua_Quest-gvpckrqxtbgyprbgppjfqmimmmfw/Index.noindex/DataStore @/Users/siam/Library/Developer/Xcode/DerivedData/Lingua_Quest-gvpckrqxtbgyprbgppjfqmimmmfw/Build/Intermediates.noindex/Firebase.build/Debug-iphonesimulator/FirebaseAuthInterop.build/Objects-normal/arm64/e6072d4f65d7061329687fe24e3d63a7-common-args.resp -MMD -MT dependencies -MF /Users/siam/Library/Developer/Xcode/DerivedData/Lingua_Quest-gvpckrqxtbgyprbgppjfqmimmmfw/Build/Intermediates.noindex/Firebase.build/Debug-iphonesimulator/FirebaseAuthInterop.build/Objects-normal/arm64/dummy.d --serialize-diagnostics /Users/siam/Library/Developer/Xcode/DerivedData/Lingua_Quest-gvpckrqxtbgyprbgppjfqmimmmfw/Build/Intermediates.noindex/Firebase.build/Debug-iphonesimulator/FirebaseAuthInterop.build/Objects-normal/arm64/dummy.dia -c /Users/siam/Library/Developer/Xcode/DerivedData/Lingua_Quest-gvpckrqxtbgyprbgppjfqmimmmfw/SourcePackages/checkouts/firebase-ios-sdk/FirebaseAuth/Interop/dummy.m -o /Users/siam/Library/Developer/Xcode/DerivedData/Lingua_Quest-gvpckrqxtbgyprbgppjfqmimmmfw/Build/Intermediates.noindex/Firebase.build/Debug-iphonesimulator/FirebaseAuthInterop.build/Objects-normal/arm64/dummy.o -index-unit-output-path /Firebase.build/Debug-iphonesimulator/FirebaseAuthInterop.build/Objects-normal/arm64/dummy.o

CpResource /Users/siam/Library/Developer/Xcode/DerivedData/Lingua_Quest-gvpckrqxtbgyprbgppjfqmimmmfw/Build/Products/Debug-iphonesimulator/Firebase_FirebaseAuth.bundle/PrivacyInfo.xcprivacy /Users/siam/Library/Developer/Xcode/DerivedData/Lingua_Quest-gvpckrqxtbgyprbgppjfqmimmmfw/SourcePackages/checkouts/firebase-ios-sdk/FirebaseAuth/Sources/Resources/PrivacyInfo.xcprivacy (in target 'Firebase_FirebaseAuth' from project 'Firebase')
    cd /Users/siam/Library/Developer/Xcode/DerivedData/Lingua_Quest-gvpckrqxtbgyprbgppjfqmimmmfw/SourcePackages/checkouts/firebase-ios-sdk
    builtin-copy -exclude .DS_Store -exclude CVS -exclude .svn -exclude .git -exclude .hg -resolve-src-symlinks /Users/siam/Library/Developer/Xcode/DerivedData/Lingua_Quest-gvpckrqxtbgyprbgppjfqmimmmfw/SourcePackages/checkouts/firebase-ios-sdk/FirebaseAuth/Sources/Resources/PrivacyInfo.xcprivacy /Users/siam/Library/Developer/Xcode/DerivedData/Lingua_Quest-gvpckrqxtbgyprbgppjfqmimmmfw/Build/Products/Debug-iphonesimulator/Firebase_FirebaseAuth.bundle

CpResource /Users/siam/Library/Developer/Xcode/DerivedData/Lingua_Quest-gvpckrqxtbgyprbgppjfqmimmmfw/Build/Products/Debug-iphonesimulator/Firebase_FirebaseCore.bundle/PrivacyInfo.xcprivacy /Users/siam/Library/Developer/Xcode/DerivedData/Lingua_Quest-gvpckrqxtbgyprbgppjfqmimmmfw/SourcePackages/checkouts/firebase-ios-sdk/FirebaseCore/Sources/Resources/PrivacyInfo.xcprivacy (in target 'Firebase_FirebaseCore' from project 'Firebase')
    cd /Users/siam/Library/Developer/Xcode/DerivedData/Lingua_Quest-gvpckrqxtbgyprbgppjfqmimmmfw/SourcePackages/checkouts/firebase-ios-sdk
    builtin-copy -exclude .DS_Store -exclude CVS -exclude .svn -exclude .git -exclude .hg -resolve-src-symlinks /Users/siam/Library/Developer/Xcode/DerivedData/Lingua_Quest-gvpckrqxtbgyprbgppjfqmimmmfw/SourcePackages/checkouts/firebase-ios-sdk/FirebaseCore/Sources/Resources/PrivacyInfo.xcprivacy /Users/siam/Library/Developer/Xcode/DerivedData/Lingua_Quest-gvpckrqxtbgyprbgppjfqmimmmfw/Build/Products/Debug-iphonesimulator/Firebase_FirebaseCore.bundle

CompileC /Users/siam/Library/Developer/Xcode/DerivedData/Lingua_Quest-gvpckrqxtbgyprbgppjfqmimmmfw/Build/Intermediates.noindex/Firebase.build/Debug-iphonesimulator/FirebaseAuthInterop.build/Objects-normal/x86_64/dummy.o /Users/siam/Library/Developer/Xcode/DerivedData/Lingua_Quest-gvpckrqxtbgyprbgppjfqmimmmfw/SourcePackages/checkouts/firebase-ios-sdk/FirebaseAuth/Interop/dummy.m normal x86_64 objective-c com.apple.compilers.llvm.clang.1_0.compiler (in target 'FirebaseAuthInterop' from project 'Firebase')
    cd /Users/siam/Desktop/Lingua\ Quest/Lingua\ Quest.xcodeproj
    
    Using response file: /Users/siam/Library/Developer/Xcode/DerivedData/Lingua_Quest-gvpckrqxtbgyprbgppjfqmimmmfw/Build/Intermediates.noindex/Firebase.build/Debug-iphonesimulator/FirebaseAuthInterop.build/Objects-normal/x86_64/e6072d4f65d7061329687fe24e3d63a7-common-args.resp
    
    /Applications/Xcode.app/Contents/Developer/Toolchains/XcodeDefault.xctoolchain/usr/bin/clang -x objective-c -ivfsstatcache /Users/siam/Library/Developer/Xcode/DerivedData/SDKStatCaches.noindex/iphonesimulator26.0-23A339-26257891a6c027eb51374368541b8346.sdkstatcache -fmessage-length\=0 -fdiagnostics-show-note-include-stack -fmacro-backtrace-limit\=0 -fno-color-diagnostics -fmodules-prune-interval\=86400 -fmodules-prune-after\=345600 -fbuild-session-file\=/Users/siam/Library/Developer/Xcode/DerivedData/ModuleCache.noindex/Session.modulevalidation -fmodules-validate-once-per-build-session -Wnon-modular-include-in-framework-module -Werror\=non-modular-include-in-framework-module -Wno-trigraphs -Wno-missing-field-initializers -Wno-missing-prototypes -Wno-return-type -Wno-implicit-atomic-properties -Wno-objc-interface-ivars -Wno-arc-repeated-use-of-weak -Wno-missing-braces -Wparentheses -Wswitch -Wno-unused-function -Wno-unused-label -Wno-unused-parameter -Wno-unused-variable -Wunused-value -Wno-empty-body -Wno-uninitialized -Wno-unknown-pragmas -w -Wno-shadow -Wno-four-char-constants -Wno-conversion -Wno-constant-conversion -Wno-int-conversion -Wno-bool-conversion -Wno-enum-conversion -Wno-float-conversion -Wno-non-literal-null-conversion -Wno-objc-literal-conversion -Wshorten-64-to-32 -Wpointer-sign -Wno-newline-eof -Wno-selector -Wno-strict-selector-match -Wno-undeclared-selector -Wno-deprecated-implementations -Wno-implicit-fallthrough -fstrict-aliasing -Wprotocol -Wdeprecated-declarations -Wno-sign-conversion -Wno-infinite-recursion -Wno-comma -Wno-block-capture-autoreleasing -Wno-strict-prototypes -Wno-semicolon-before-method-body -index-store-path /Users/siam/Library/Developer/Xcode/DerivedData/Lingua_Quest-gvpckrqxtbgyprbgppjfqmimmmfw/Index.noindex/DataStore @/Users/siam/Library/Developer/Xcode/DerivedData/Lingua_Quest-gvpckrqxtbgyprbgppjfqmimmmfw/Build/Intermediates.noindex/Firebase.build/Debug-iphonesimulator/FirebaseAuthInterop.build/Objects-normal/x86_64/e6072d4f65d7061329687fe24e3d63a7-common-args.resp -MMD -MT dependencies -MF /Users/siam/Library/Developer/Xcode/DerivedData/Lingua_Quest-gvpckrqxtbgyprbgppjfqmimmmfw/Build/Intermediates.noindex/Firebase.build/Debug-iphonesimulator/FirebaseAuthInterop.build/Objects-normal/x86_64/dummy.d --serialize-diagnostics /Users/siam/Library/Developer/Xcode/DerivedData/Lingua_Quest-gvpckrqxtbgyprbgppjfqmimmmfw/Build/Intermediates.noindex/Firebase.build/Debug-iphonesimulator/FirebaseAuthInterop.build/Objects-normal/x86_64/dummy.dia -c /Users/siam/Library/Developer/Xcode/DerivedData/Lingua_Quest-gvpckrqxtbgyprbgppjfqmimmmfw/SourcePackages/checkouts/firebase-ios-sdk/FirebaseAuth/Interop/dummy.m -o /Users/siam/Library/Developer/Xcode/DerivedData/Lingua_Quest-gvpckrqxtbgyprbgppjfqmimmmfw/Build/Intermediates.noindex/Firebase.build/Debug-iphonesimulator/FirebaseAuthInterop.build/Objects-normal/x86_64/dummy.o -index-unit-output-path /Firebase.build/Debug-iphonesimulator/FirebaseAuthInterop.build/Objects-normal/x86_64/dummy.o

CompileC /Users/siam/Library/Developer/Xcode/DerivedData/Lingua_Quest-gvpckrqxtbgyprbgppjfqmimmmfw/Build/Intermediates.noindex/Firebase.build/Debug-iphonesimulator/FirebaseAuthInterop.build/Objects-normal/arm64/dummy.o /Users/siam/Library/Developer/Xcode/DerivedData/Lingua_Quest-gvpckrqxtbgyprbgppjfqmimmmfw/SourcePackages/checkouts/firebase-ios-sdk/FirebaseAuth/Interop/dummy.m normal arm64 objective-c com.apple.compilers.llvm.clang.1_0.compiler (in target 'FirebaseAuthInterop' from project 'Firebase')
    cd /Users/siam/Desktop/Lingua\ Quest/Lingua\ Quest.xcodeproj
    
    Using response file: /Users/siam/Library/Developer/Xcode/DerivedData/Lingua_Quest-gvpckrqxtbgyprbgppjfqmimmmfw/Build/Intermediates.noindex/Firebase.build/Debug-iphonesimulator/FirebaseAuthInterop.build/Objects-normal/arm64/e6072d4f65d7061329687fe24e3d63a7-common-args.resp
    
    /Applications/Xcode.app/Contents/Developer/Toolchains/XcodeDefault.xctoolchain/usr/bin/clang -x objective-c -ivfsstatcache /Users/siam/Library/Developer/Xcode/DerivedData/SDKStatCaches.noindex/iphonesimulator26.0-23A339-26257891a6c027eb51374368541b8346.sdkstatcache -fmessage-length\=0 -fdiagnostics-show-note-include-stack -fmacro-backtrace-limit\=0 -fno-color-diagnostics -fmodules-prune-interval\=86400 -fmodules-prune-after\=345600 -fbuild-session-file\=/Users/siam/Library/Developer/Xcode/DerivedData/ModuleCache.noindex/Session.modulevalidation -fmodules-validate-once-per-build-session -Wnon-modular-include-in-framework-module -Werror\=non-modular-include-in-framework-module -Wno-trigraphs -Wno-missing-field-initializers -Wno-missing-prototypes -Wno-return-type -Wno-implicit-atomic-properties -Wno-objc-interface-ivars -Wno-arc-repeated-use-of-weak -Wno-missing-braces -Wparentheses -Wswitch -Wno-unused-function -Wno-unused-label -Wno-unused-parameter -Wno-unused-variable -Wunused-value -Wno-empty-body -Wno-uninitialized -Wno-unknown-pragmas -w -Wno-shadow -Wno-four-char-constants -Wno-conversion -Wno-constant-conversion -Wno-int-conversion -Wno-bool-conversion -Wno-enum-conversion -Wno-float-conversion -Wno-non-literal-null-conversion -Wno-objc-literal-conversion -Wshorten-64-to-32 -Wpointer-sign -Wno-newline-eof -Wno-selector -Wno-strict-selector-match -Wno-undeclared-selector -Wno-deprecated-implementations -Wno-implicit-fallthrough -fstrict-aliasing -Wprotocol -Wdeprecated-declarations -Wno-sign-conversion -Wno-infinite-recursion -Wno-comma -Wno-block-capture-autoreleasing -Wno-strict-prototypes -Wno-semicolon-before-method-body -index-store-path /Users/siam/Library/Developer/Xcode/DerivedData/Lingua_Quest-gvpckrqxtbgyprbgppjfqmimmmfw/Index.noindex/DataStore @/Users/siam/Library/Developer/Xcode/DerivedData/Lingua_Quest-gvpckrqxtbgyprbgppjfqmimmmfw/Build/Intermediates.noindex/Firebase.build/Debug-iphonesimulator/FirebaseAuthInterop.build/Objects-normal/arm64/e6072d4f65d7061329687fe24e3d63a7-common-args.resp -MMD -MT dependencies -MF /Users/siam/Library/Developer/Xcode/DerivedData/Lingua_Quest-gvpckrqxtbgyprbgppjfqmimmmfw/Build/Intermediates.noindex/Firebase.build/Debug-iphonesimulator/FirebaseAuthInterop.build/Objects-normal/arm64/dummy.d --serialize-diagnostics /Users/siam/Library/Developer/Xcode/DerivedData/Lingua_Quest-gvpckrqxtbgyprbgppjfqmimmmfw/Build/Intermediates.noindex/Firebase.build/Debug-iphonesimulator/FirebaseAuthInterop.build/Objects-normal/arm64/dummy.dia -c /Users/siam/Library/Developer/Xcode/DerivedData/Lingua_Quest-gvpckrqxtbgyprbgppjfqmimmmfw/SourcePackages/checkouts/firebase-ios-sdk/FirebaseAuth/Interop/dummy.m -o /Users/siam/Library/Developer/Xcode/DerivedData/Lingua_Quest-gvpckrqxtbgyprbgppjfqmimmmfw/Build/Intermediates.noindex/Firebase.build/Debug-iphonesimulator/FirebaseAuthInterop.build/Objects-normal/arm64/dummy.o -index-unit-output-path /Firebase.build/Debug-iphonesimulator/FirebaseAuthInterop.build/Objects-normal/arm64/dummy.o

ScanDependencies /Users/siam/Library/Developer/Xcode/DerivedData/Lingua_Quest-gvpckrqxtbgyprbgppjfqmimmmfw/Build/Intermediates.noindex/Firebase.build/Debug-iphonesimulator/FirebaseCoreExtension.build/Objects-normal/x86_64/resource_bundle_accessor.o /Users/siam/Library/Developer/Xcode/DerivedData/Lingua_Quest-gvpckrqxtbgyprbgppjfqmimmmfw/Build/Intermediates.noindex/Firebase.build/Debug-iphonesimulator/FirebaseCoreExtension.build/DerivedSources/resource_bundle_accessor.m normal x86_64 objective-c com.apple.compilers.llvm.clang.1_0.compiler (in target 'FirebaseCoreExtension' from project 'Firebase')
    cd /Users/siam/Desktop/Lingua\ Quest/Lingua\ Quest.xcodeproj
    
    Using response file: /Users/siam/Library/Developer/Xcode/DerivedData/Lingua_Quest-gvpckrqxtbgyprbgppjfqmimmmfw/Build/Intermediates.noindex/Firebase.build/Debug-iphonesimulator/FirebaseCoreExtension.build/Objects-normal/x86_64/e6072d4f65d7061329687fe24e3d63a7-common-args.resp
    
    builtin-ScanDependencies -o /Users/siam/Library/Developer/Xcode/DerivedData/Lingua_Quest-gvpckrqxtbgyprbgppjfqmimmmfw/Build/Intermediates.noindex/Firebase.build/Debug-iphonesimulator/FirebaseCoreExtension.build/Objects-normal/x86_64/resource_bundle_accessor.o.scan -- /Applications/Xcode.app/Contents/Developer/Toolchains/XcodeDefault.xctoolchain/usr/bin/clang -x objective-c -ivfsstatcache /Users/siam/Library/Developer/Xcode/DerivedData/SDKStatCaches.noindex/iphonesimulator26.0-23A339-26257891a6c027eb51374368541b8346.sdkstatcache -fmessage-length\=0 -fdiagnostics-show-note-include-stack -fmacro-backtrace-limit\=0 -fno-color-diagnostics -fmodules-prune-interval\=86400 -fmodules-prune-after\=345600 -fbuild-session-file\=/Users/siam/Library/Developer/Xcode/DerivedData/ModuleCache.noindex/Session.modulevalidation -fmodules-validate-once-per-build-session -Wnon-modular-include-in-framework-module -Werror\=non-modular-include-in-framework-module -Wno-trigraphs -Wno-missing-field-initializers -Wno-missing-prototypes -Wno-return-type -Wno-implicit-atomic-properties -Wno-objc-interface-ivars -Wno-arc-repeated-use-of-weak -Wno-missing-braces -Wparentheses -Wswitch -Wno-unused-function -Wno-unused-label -Wno-unused-parameter -Wno-unused-variable -Wunused-value -Wno-empty-body -Wno-uninitialized -Wno-unknown-pragmas -w -Wno-shadow -Wno-four-char-constants -Wno-conversion -Wno-constant-conversion -Wno-int-conversion -Wno-bool-conversion -Wno-enum-conversion -Wno-float-conversion -Wno-non-literal-null-conversion -Wno-objc-literal-conversion -Wshorten-64-to-32 -Wpointer-sign -Wno-newline-eof -Wno-selector -Wno-strict-selector-match -Wno-undeclared-selector -Wno-deprecated-implementations -Wno-implicit-fallthrough -fstrict-aliasing -Wprotocol -Wdeprecated-declarations -Wno-sign-conversion -Wno-infinite-recursion -Wno-comma -Wno-block-capture-autoreleasing -Wno-strict-prototypes -Wno-semicolon-before-method-body -index-store-path /Users/siam/Library/Developer/Xcode/DerivedData/Lingua_Quest-gvpckrqxtbgyprbgppjfqmimmmfw/Index.noindex/DataStore @/Users/siam/Library/Developer/Xcode/DerivedData/Lingua_Quest-gvpckrqxtbgyprbgppjfqmimmmfw/Build/Intermediates.noindex/Firebase.build/Debug-iphonesimulator/FirebaseCoreExtension.build/Objects-normal/x86_64/e6072d4f65d7061329687fe24e3d63a7-common-args.resp -include /Users/siam/Library/Developer/Xcode/DerivedData/Lingua_Quest-gvpckrqxtbgyprbgppjfqmimmmfw/Build/Intermediates.noindex/Firebase.build/Debug-iphonesimulator/FirebaseCoreExtension.build/DerivedSources/resource_bundle_accessor.h -MMD -MT dependencies -MF /Users/siam/Library/Developer/Xcode/DerivedData/Lingua_Quest-gvpckrqxtbgyprbgppjfqmimmmfw/Build/Intermediates.noindex/Firebase.build/Debug-iphonesimulator/FirebaseCoreExtension.build/Objects-normal/x86_64/resource_bundle_accessor.d --serialize-diagnostics /Users/siam/Library/Developer/Xcode/DerivedData/Lingua_Quest-gvpckrqxtbgyprbgppjfqmimmmfw/Build/Intermediates.noindex/Firebase.build/Debug-iphonesimulator/FirebaseCoreExtension.build/Objects-normal/x86_64/resource_bundle_accessor.dia -c /Users/siam/Library/Developer/Xcode/DerivedData/Lingua_Quest-gvpckrqxtbgyprbgppjfqmimmmfw/Build/Intermediates.noindex/Firebase.build/Debug-iphonesimulator/FirebaseCoreExtension.build/DerivedSources/resource_bundle_accessor.m -o /Users/siam/Library/Developer/Xcode/DerivedData/Lingua_Quest-gvpckrqxtbgyprbgppjfqmimmmfw/Build/Intermediates.noindex/Firebase.build/Debug-iphonesimulator/FirebaseCoreExtension.build/Objects-normal/x86_64/resource_bundle_accessor.o -index-unit-output-path /Firebase.build/Debug-iphonesimulator/FirebaseCoreExtension.build/Objects-normal/x86_64/resource_bundle_accessor.o

ScanDependencies /Users/siam/Library/Developer/Xcode/DerivedData/Lingua_Quest-gvpckrqxtbgyprbgppjfqmimmmfw/Build/Intermediates.noindex/Firebase.build/Debug-iphonesimulator/FirebaseCoreExtension.build/Objects-normal/x86_64/dummy.o /Users/siam/Library/Developer/Xcode/DerivedData/Lingua_Quest-gvpckrqxtbgyprbgppjfqmimmmfw/SourcePackages/checkouts/firebase-ios-sdk/FirebaseCore/Extension/dummy.m normal x86_64 objective-c com.apple.compilers.llvm.clang.1_0.compiler (in target 'FirebaseCoreExtension' from project 'Firebase')
    cd /Users/siam/Desktop/Lingua\ Quest/Lingua\ Quest.xcodeproj
    
    Using response file: /Users/siam/Library/Developer/Xcode/DerivedData/Lingua_Quest-gvpckrqxtbgyprbgppjfqmimmmfw/Build/Intermediates.noindex/Firebase.build/Debug-iphonesimulator/FirebaseCoreExtension.build/Objects-normal/x86_64/e6072d4f65d7061329687fe24e3d63a7-common-args.resp
    
    builtin-ScanDependencies -o /Users/siam/Library/Developer/Xcode/DerivedData/Lingua_Quest-gvpckrqxtbgyprbgppjfqmimmmfw/Build/Intermediates.noindex/Firebase.build/Debug-iphonesimulator/FirebaseCoreExtension.build/Objects-normal/x86_64/dummy.o.scan -- /Applications/Xcode.app/Contents/Developer/Toolchains/XcodeDefault.xctoolchain/usr/bin/clang -x objective-c -ivfsstatcache /Users/siam/Library/Developer/Xcode/DerivedData/SDKStatCaches.noindex/iphonesimulator26.0-23A339-26257891a6c027eb51374368541b8346.sdkstatcache -fmessage-length\=0 -fdiagnostics-show-note-include-stack -fmacro-backtrace-limit\=0 -fno-color-diagnostics -fmodules-prune-interval\=86400 -fmodules-prune-after\=345600 -fbuild-session-file\=/Users/siam/Library/Developer/Xcode/DerivedData/ModuleCache.noindex/Session.modulevalidation -fmodules-validate-once-per-build-session -Wnon-modular-include-in-framework-module -Werror\=non-modular-include-in-framework-module -Wno-trigraphs -Wno-missing-field-initializers -Wno-missing-prototypes -Wno-return-type -Wno-implicit-atomic-properties -Wno-objc-interface-ivars -Wno-arc-repeated-use-of-weak -Wno-missing-braces -Wparentheses -Wswitch -Wno-unused-function -Wno-unused-label -Wno-unused-parameter -Wno-unused-variable -Wunused-value -Wno-empty-body -Wno-uninitialized -Wno-unknown-pragmas -w -Wno-shadow -Wno-four-char-constants -Wno-conversion -Wno-constant-conversion -Wno-int-conversion -Wno-bool-conversion -Wno-enum-conversion -Wno-float-conversion -Wno-non-literal-null-conversion -Wno-objc-literal-conversion -Wshorten-64-to-32 -Wpointer-sign -Wno-newline-eof -Wno-selector -Wno-strict-selector-match -Wno-undeclared-selector -Wno-deprecated-implementations -Wno-implicit-fallthrough -fstrict-aliasing -Wprotocol -Wdeprecated-declarations -Wno-sign-conversion -Wno-infinite-recursion -Wno-comma -Wno-block-capture-autoreleasing -Wno-strict-prototypes -Wno-semicolon-before-method-body -index-store-path /Users/siam/Library/Developer/Xcode/DerivedData/Lingua_Quest-gvpckrqxtbgyprbgppjfqmimmmfw/Index.noindex/DataStore @/Users/siam/Library/Developer/Xcode/DerivedData/Lingua_Quest-gvpckrqxtbgyprbgppjfqmimmmfw/Build/Intermediates.noindex/Firebase.build/Debug-iphonesimulator/FirebaseCoreExtension.build/Objects-normal/x86_64/e6072d4f65d7061329687fe24e3d63a7-common-args.resp -include /Users/siam/Library/Developer/Xcode/DerivedData/Lingua_Quest-gvpckrqxtbgyprbgppjfqmimmmfw/Build/Intermediates.noindex/Firebase.build/Debug-iphonesimulator/FirebaseCoreExtension.build/DerivedSources/resource_bundle_accessor.h -MMD -MT dependencies -MF /Users/siam/Library/Developer/Xcode/DerivedData/Lingua_Quest-gvpckrqxtbgyprbgppjfqmimmmfw/Build/Intermediates.noindex/Firebase.build/Debug-iphonesimulator/FirebaseCoreExtension.build/Objects-normal/x86_64/dummy.d --serialize-diagnostics /Users/siam/Library/Developer/Xcode/DerivedData/Lingua_Quest-gvpckrqxtbgyprbgppjfqmimmmfw/Build/Intermediates.noindex/Firebase.build/Debug-iphonesimulator/FirebaseCoreExtension.build/Objects-normal/x86_64/dummy.dia -c /Users/siam/Library/Developer/Xcode/DerivedData/Lingua_Quest-gvpckrqxtbgyprbgppjfqmimmmfw/SourcePackages/checkouts/firebase-ios-sdk/FirebaseCore/Extension/dummy.m -o /Users/siam/Library/Developer/Xcode/DerivedData/Lingua_Quest-gvpckrqxtbgyprbgppjfqmimmmfw/Build/Intermediates.noindex/Firebase.build/Debug-iphonesimulator/FirebaseCoreExtension.build/Objects-normal/x86_64/dummy.o -index-unit-output-path /Firebase.build/Debug-iphonesimulator/FirebaseCoreExtension.build/Objects-normal/x86_64/dummy.o

ScanDependencies /Users/siam/Library/Developer/Xcode/DerivedData/Lingua_Quest-gvpckrqxtbgyprbgppjfqmimmmfw/Build/Intermediates.noindex/Firebase.build/Debug-iphonesimulator/FirebaseCoreExtension.build/Objects-normal/arm64/resource_bundle_accessor.o /Users/siam/Library/Developer/Xcode/DerivedData/Lingua_Quest-gvpckrqxtbgyprbgppjfqmimmmfw/Build/Intermediates.noindex/Firebase.build/Debug-iphonesimulator/FirebaseCoreExtension.build/DerivedSources/resource_bundle_accessor.m normal arm64 objective-c com.apple.compilers.llvm.clang.1_0.compiler (in target 'FirebaseCoreExtension' from project 'Firebase')
    cd /Users/siam/Desktop/Lingua\ Quest/Lingua\ Quest.xcodeproj
    
    Using response file: /Users/siam/Library/Developer/Xcode/DerivedData/Lingua_Quest-gvpckrqxtbgyprbgppjfqmimmmfw/Build/Intermediates.noindex/Firebase.build/Debug-iphonesimulator/FirebaseCoreExtension.build/Objects-normal/arm64/e6072d4f65d7061329687fe24e3d63a7-common-args.resp
    
    builtin-ScanDependencies -o /Users/siam/Library/Developer/Xcode/DerivedData/Lingua_Quest-gvpckrqxtbgyprbgppjfqmimmmfw/Build/Intermediates.noindex/Firebase.build/Debug-iphonesimulator/FirebaseCoreExtension.build/Objects-normal/arm64/resource_bundle_accessor.o.scan -- /Applications/Xcode.app/Contents/Developer/Toolchains/XcodeDefault.xctoolchain/usr/bin/clang -x objective-c -ivfsstatcache /Users/siam/Library/Developer/Xcode/DerivedData/SDKStatCaches.noindex/iphonesimulator26.0-23A339-26257891a6c027eb51374368541b8346.sdkstatcache -fmessage-length\=0 -fdiagnostics-show-note-include-stack -fmacro-backtrace-limit\=0 -fno-color-diagnostics -fmodules-prune-interval\=86400 -fmodules-prune-after\=345600 -fbuild-session-file\=/Users/siam/Library/Developer/Xcode/DerivedData/ModuleCache.noindex/Session.modulevalidation -fmodules-validate-once-per-build-session -Wnon-modular-include-in-framework-module -Werror\=non-modular-include-in-framework-module -Wno-trigraphs -Wno-missing-field-initializers -Wno-missing-prototypes -Wno-return-type -Wno-implicit-atomic-properties -Wno-objc-interface-ivars -Wno-arc-repeated-use-of-weak -Wno-missing-braces -Wparentheses -Wswitch -Wno-unused-function -Wno-unused-label -Wno-unused-parameter -Wno-unused-variable -Wunused-value -Wno-empty-body -Wno-uninitialized -Wno-unknown-pragmas -w -Wno-shadow -Wno-four-char-constants -Wno-conversion -Wno-constant-conversion -Wno-int-conversion -Wno-bool-conversion -Wno-enum-conversion -Wno-float-conversion -Wno-non-literal-null-conversion -Wno-objc-literal-conversion -Wshorten-64-to-32 -Wpointer-sign -Wno-newline-eof -Wno-selector -Wno-strict-selector-match -Wno-undeclared-selector -Wno-deprecated-implementations -Wno-implicit-fallthrough -fstrict-aliasing -Wprotocol -Wdeprecated-declarations -Wno-sign-conversion -Wno-infinite-recursion -Wno-comma -Wno-block-capture-autoreleasing -Wno-strict-prototypes -Wno-semicolon-before-method-body -index-store-path /Users/siam/Library/Developer/Xcode/DerivedData/Lingua_Quest-gvpckrqxtbgyprbgppjfqmimmmfw/Index.noindex/DataStore @/Users/siam/Library/Developer/Xcode/DerivedData/Lingua_Quest-gvpckrqxtbgyprbgppjfqmimmmfw/Build/Intermediates.noindex/Firebase.build/Debug-iphonesimulator/FirebaseCoreExtension.build/Objects-normal/arm64/e6072d4f65d7061329687fe24e3d63a7-common-args.resp -include /Users/siam/Library/Developer/Xcode/DerivedData/Lingua_Quest-gvpckrqxtbgyprbgppjfqmimmmfw/Build/Intermediates.noindex/Firebase.build/Debug-iphonesimulator/FirebaseCoreExtension.build/DerivedSources/resource_bundle_accessor.h -MMD -MT dependencies -MF /Users/siam/Library/Developer/Xcode/DerivedData/Lingua_Quest-gvpckrqxtbgyprbgppjfqmimmmfw/Build/Intermediates.noindex/Firebase.build/Debug-iphonesimulator/FirebaseCoreExtension.build/Objects-normal/arm64/resource_bundle_accessor.d --serialize-diagnostics /Users/siam/Library/Developer/Xcode/DerivedData/Lingua_Quest-gvpckrqxtbgyprbgppjfqmimmmfw/Build/Intermediates.noindex/Firebase.build/Debug-iphonesimulator/FirebaseCoreExtension.build/Objects-normal/arm64/resource_bundle_accessor.dia -c /Users/siam/Library/Developer/Xcode/DerivedData/Lingua_Quest-gvpckrqxtbgyprbgppjfqmimmmfw/Build/Intermediates.noindex/Firebase.build/Debug-iphonesimulator/FirebaseCoreExtension.build/DerivedSources/resource_bundle_accessor.m -o /Users/siam/Library/Developer/Xcode/DerivedData/Lingua_Quest-gvpckrqxtbgyprbgppjfqmimmmfw/Build/Intermediates.noindex/Firebase.build/Debug-iphonesimulator/FirebaseCoreExtension.build/Objects-normal/arm64/resource_bundle_accessor.o -index-unit-output-path /Firebase.build/Debug-iphonesimulator/FirebaseCoreExtension.build/Objects-normal/arm64/resource_bundle_accessor.o

Ld /Users/siam/Library/Developer/Xcode/DerivedData/Lingua_Quest-gvpckrqxtbgyprbgppjfqmimmmfw/Build/Intermediates.noindex/Firebase.build/Debug-iphonesimulator/FirebaseAuthInterop.build/Objects-normal/x86_64/Binary/FirebaseAuthInterop.o normal x86_64 (in target 'FirebaseAuthInterop' from project 'Firebase')
    cd /Users/siam/Library/Developer/Xcode/DerivedData/Lingua_Quest-gvpckrqxtbgyprbgppjfqmimmmfw/SourcePackages/checkouts/firebase-ios-sdk
    /Applications/Xcode.app/Contents/Developer/Toolchains/XcodeDefault.xctoolchain/usr/bin/clang -Xlinker -reproducible -target x86_64-apple-ios15.0-simulator -r -isysroot /Applications/Xcode.app/Contents/Developer/Platforms/iPhoneSimulator.platform/Developer/SDKs/iPhoneSimulator26.0.sdk -O0 -w -L/Users/siam/Library/Developer/Xcode/DerivedData/Lingua_Quest-gvpckrqxtbgyprbgppjfqmimmmfw/Build/Intermediates.noindex/EagerLinkingTBDs/Debug-iphonesimulator -L/Users/siam/Library/Developer/Xcode/DerivedData/Lingua_Quest-gvpckrqxtbgyprbgppjfqmimmmfw/Build/Products/Debug-iphonesimulator -L/Applications/Xcode.app/Contents/Developer/Platforms/iPhoneSimulator.platform/Developer/usr/lib -F/Users/siam/Library/Developer/Xcode/DerivedData/Lingua_Quest-gvpckrqxtbgyprbgppjfqmimmmfw/Build/Intermediates.noindex/EagerLinkingTBDs/Debug-iphonesimulator -F/Users/siam/Library/Developer/Xcode/DerivedData/Lingua_Quest-gvpckrqxtbgyprbgppjfqmimmmfw/Build/Products/Debug-iphonesimulator -iframework /Applications/Xcode.app/Contents/Developer/Platforms/iPhoneSimulator.platform/Developer/Library/Frameworks -iframework /Applications/Xcode.app/Contents/Developer/Platforms/iPhoneSimulator.platform/Developer/SDKs/iPhoneSimulator26.0.sdk/Developer/Library/Frameworks -filelist /Users/siam/Library/Developer/Xcode/DerivedData/Lingua_Quest-gvpckrqxtbgyprbgppjfqmimmmfw/Build/Intermediates.noindex/Firebase.build/Debug-iphonesimulator/FirebaseAuthInterop.build/Objects-normal/x86_64/FirebaseAuthInterop.LinkFileList -nostdlib -Xlinker -object_path_lto -Xlinker /Users/siam/Library/Developer/Xcode/DerivedData/Lingua_Quest-gvpckrqxtbgyprbgppjfqmimmmfw/Build/Intermediates.noindex/Firebase.build/Debug-iphonesimulator/FirebaseAuthInterop.build/Objects-normal/x86_64/FirebaseAuthInterop_lto.o -rdynamic -Xlinker -no_deduplicate -Xlinker -objc_abi_version -Xlinker 2 -Xlinker -debug_variant -Xlinker -dependency_info -Xlinker /Users/siam/Library/Developer/Xcode/DerivedData/Lingua_Quest-gvpckrqxtbgyprbgppjfqmimmmfw/Build/Intermediates.noindex/Firebase.build/Debug-iphonesimulator/FirebaseAuthInterop.build/Objects-normal/x86_64/FirebaseAuthInterop_dependency_info.dat -fobjc-arc -fobjc-link-runtime -o /Users/siam/Library/Developer/Xcode/DerivedData/Lingua_Quest-gvpckrqxtbgyprbgppjfqmimmmfw/Build/Intermediates.noindex/Firebase.build/Debug-iphonesimulator/FirebaseAuthInterop.build/Objects-normal/x86_64/Binary/FirebaseAuthInterop.o

Ld /Users/siam/Library/Developer/Xcode/DerivedData/Lingua_Quest-gvpckrqxtbgyprbgppjfqmimmmfw/Build/Intermediates.noindex/Firebase.build/Debug-iphonesimulator/FirebaseAuthInterop.build/Objects-normal/arm64/Binary/FirebaseAuthInterop.o normal arm64 (in target 'FirebaseAuthInterop' from project 'Firebase')
    cd /Users/siam/Library/Developer/Xcode/DerivedData/Lingua_Quest-gvpckrqxtbgyprbgppjfqmimmmfw/SourcePackages/checkouts/firebase-ios-sdk
    /Applications/Xcode.app/Contents/Developer/Toolchains/XcodeDefault.xctoolchain/usr/bin/clang -Xlinker -reproducible -target arm64-apple-ios15.0-simulator -r -isysroot /Applications/Xcode.app/Contents/Developer/Platforms/iPhoneSimulator.platform/Developer/SDKs/iPhoneSimulator26.0.sdk -O0 -w -L/Users/siam/Library/Developer/Xcode/DerivedData/Lingua_Quest-gvpckrqxtbgyprbgppjfqmimmmfw/Build/Intermediates.noindex/EagerLinkingTBDs/Debug-iphonesimulator -L/Users/siam/Library/Developer/Xcode/DerivedData/Lingua_Quest-gvpckrqxtbgyprbgppjfqmimmmfw/Build/Products/Debug-iphonesimulator -L/Applications/Xcode.app/Contents/Developer/Platforms/iPhoneSimulator.platform/Developer/usr/lib -F/Users/siam/Library/Developer/Xcode/DerivedData/Lingua_Quest-gvpckrqxtbgyprbgppjfqmimmmfw/Build/Intermediates.noindex/EagerLinkingTBDs/Debug-iphonesimulator -F/Users/siam/Library/Developer/Xcode/DerivedData/Lingua_Quest-gvpckrqxtbgyprbgppjfqmimmmfw/Build/Products/Debug-iphonesimulator -iframework /Applications/Xcode.app/Contents/Developer/Platforms/iPhoneSimulator.platform/Developer/Library/Frameworks -iframework /Applications/Xcode.app/Contents/Developer/Platforms/iPhoneSimulator.platform/Developer/SDKs/iPhoneSimulator26.0.sdk/Developer/Library/Frameworks -filelist /Users/siam/Library/Developer/Xcode/DerivedData/Lingua_Quest-gvpckrqxtbgyprbgppjfqmimmmfw/Build/Intermediates.noindex/Firebase.build/Debug-iphonesimulator/FirebaseAuthInterop.build/Objects-normal/arm64/FirebaseAuthInterop.LinkFileList -nostdlib -Xlinker -object_path_lto -Xlinker /Users/siam/Library/Developer/Xcode/DerivedData/Lingua_Quest-gvpckrqxtbgyprbgppjfqmimmmfw/Build/Intermediates.noindex/Firebase.build/Debug-iphonesimulator/FirebaseAuthInterop.build/Objects-normal/arm64/FirebaseAuthInterop_lto.o -rdynamic -Xlinker -no_deduplicate -Xlinker -objc_abi_version -Xlinker 2 -Xlinker -debug_variant -Xlinker -dependency_info -Xlinker /Users/siam/Library/Developer/Xcode/DerivedData/Lingua_Quest-gvpckrqxtbgyprbgppjfqmimmmfw/Build/Intermediates.noindex/Firebase.build/Debug-iphonesimulator/FirebaseAuthInterop.build/Objects-normal/arm64/FirebaseAuthInterop_dependency_info.dat -fobjc-arc -fobjc-link-runtime -o /Users/siam/Library/Developer/Xcode/DerivedData/Lingua_Quest-gvpckrqxtbgyprbgppjfqmimmmfw/Build/Intermediates.noindex/Firebase.build/Debug-iphonesimulator/FirebaseAuthInterop.build/Objects-normal/arm64/Binary/FirebaseAuthInterop.o

ScanDependencies /Users/siam/Library/Developer/Xcode/DerivedData/Lingua_Quest-gvpckrqxtbgyprbgppjfqmimmmfw/Build/Intermediates.noindex/Firebase.build/Debug-iphonesimulator/FirebaseCoreExtension.build/Objects-normal/arm64/dummy.o /Users/siam/Library/Developer/Xcode/DerivedData/Lingua_Quest-gvpckrqxtbgyprbgppjfqmimmmfw/SourcePackages/checkouts/firebase-ios-sdk/FirebaseCore/Extension/dummy.m normal arm64 objective-c com.apple.compilers.llvm.clang.1_0.compiler (in target 'FirebaseCoreExtension' from project 'Firebase')
    cd /Users/siam/Desktop/Lingua\ Quest/Lingua\ Quest.xcodeproj
    
    Using response file: /Users/siam/Library/Developer/Xcode/DerivedData/Lingua_Quest-gvpckrqxtbgyprbgppjfqmimmmfw/Build/Intermediates.noindex/Firebase.build/Debug-iphonesimulator/FirebaseCoreExtension.build/Objects-normal/arm64/e6072d4f65d7061329687fe24e3d63a7-common-args.resp
    
    builtin-ScanDependencies -o /Users/siam/Library/Developer/Xcode/DerivedData/Lingua_Quest-gvpckrqxtbgyprbgppjfqmimmmfw/Build/Intermediates.noindex/Firebase.build/Debug-iphonesimulator/FirebaseCoreExtension.build/Objects-normal/arm64/dummy.o.scan -- /Applications/Xcode.app/Contents/Developer/Toolchains/XcodeDefault.xctoolchain/usr/bin/clang -x objective-c -ivfsstatcache /Users/siam/Library/Developer/Xcode/DerivedData/SDKStatCaches.noindex/iphonesimulator26.0-23A339-26257891a6c027eb51374368541b8346.sdkstatcache -fmessage-length\=0 -fdiagnostics-show-note-include-stack -fmacro-backtrace-limit\=0 -fno-color-diagnostics -fmodules-prune-interval\=86400 -fmodules-prune-after\=345600 -fbuild-session-file\=/Users/siam/Library/Developer/Xcode/DerivedData/ModuleCache.noindex/Session.modulevalidation -fmodules-validate-once-per-build-session -Wnon-modular-include-in-framework-module -Werror\=non-modular-include-in-framework-module -Wno-trigraphs -Wno-missing-field-initializers -Wno-missing-prototypes -Wno-return-type -Wno-implicit-atomic-properties -Wno-objc-interface-ivars -Wno-arc-repeated-use-of-weak -Wno-missing-braces -Wparentheses -Wswitch -Wno-unused-function -Wno-unused-label -Wno-unused-parameter -Wno-unused-variable -Wunused-value -Wno-empty-body -Wno-uninitialized -Wno-unknown-pragmas -w -Wno-shadow -Wno-four-char-constants -Wno-conversion -Wno-constant-conversion -Wno-int-conversion -Wno-bool-conversion -Wno-enum-conversion -Wno-float-conversion -Wno-non-literal-null-conversion -Wno-objc-literal-conversion -Wshorten-64-to-32 -Wpointer-sign -Wno-newline-eof -Wno-selector -Wno-strict-selector-match -Wno-undeclared-selector -Wno-deprecated-implementations -Wno-implicit-fallthrough -fstrict-aliasing -Wprotocol -Wdeprecated-declarations -Wno-sign-conversion -Wno-infinite-recursion -Wno-comma -Wno-block-capture-autoreleasing -Wno-strict-prototypes -Wno-semicolon-before-method-body -index-store-path /Users/siam/Library/Developer/Xcode/DerivedData/Lingua_Quest-gvpckrqxtbgyprbgppjfqmimmmfw/Index.noindex/DataStore @/Users/siam/Library/Developer/Xcode/DerivedData/Lingua_Quest-gvpckrqxtbgyprbgppjfqmimmmfw/Build/Intermediates.noindex/Firebase.build/Debug-iphonesimulator/FirebaseCoreExtension.build/Objects-normal/arm64/e6072d4f65d7061329687fe24e3d63a7-common-args.resp -include /Users/siam/Library/Developer/Xcode/DerivedData/Lingua_Quest-gvpckrqxtbgyprbgppjfqmimmmfw/Build/Intermediates.noindex/Firebase.build/Debug-iphonesimulator/FirebaseCoreExtension.build/DerivedSources/resource_bundle_accessor.h -MMD -MT dependencies -MF /Users/siam/Library/Developer/Xcode/DerivedData/Lingua_Quest-gvpckrqxtbgyprbgppjfqmimmmfw/Build/Intermediates.noindex/Firebase.build/Debug-iphonesimulator/FirebaseCoreExtension.build/Objects-normal/arm64/dummy.d --serialize-diagnostics /Users/siam/Library/Developer/Xcode/DerivedData/Lingua_Quest-gvpckrqxtbgyprbgppjfqmimmmfw/Build/Intermediates.noindex/Firebase.build/Debug-iphonesimulator/FirebaseCoreExtension.build/Objects-normal/arm64/dummy.dia -c /Users/siam/Library/Developer/Xcode/DerivedData/Lingua_Quest-gvpckrqxtbgyprbgppjfqmimmmfw/SourcePackages/checkouts/firebase-ios-sdk/FirebaseCore/Extension/dummy.m -o /Users/siam/Library/Developer/Xcode/DerivedData/Lingua_Quest-gvpckrqxtbgyprbgppjfqmimmmfw/Build/Intermediates.noindex/Firebase.build/Debug-iphonesimulator/FirebaseCoreExtension.build/Objects-normal/arm64/dummy.o -index-unit-output-path /Firebase.build/Debug-iphonesimulator/FirebaseCoreExtension.build/Objects-normal/arm64/dummy.o

ScanDependencies /Users/siam/Library/Developer/Xcode/DerivedData/Lingua_Quest-gvpckrqxtbgyprbgppjfqmimmmfw/Build/Intermediates.noindex/Firebase.build/Debug-iphonesimulator/FirebaseAppCheckInterop.build/Objects-normal/x86_64/dummy.o /Users/siam/Library/Developer/Xcode/DerivedData/Lingua_Quest-gvpckrqxtbgyprbgppjfqmimmmfw/SourcePackages/checkouts/firebase-ios-sdk/FirebaseAppCheck/Interop/dummy.m normal x86_64 objective-c com.apple.compilers.llvm.clang.1_0.compiler (in target 'FirebaseAppCheckInterop' from project 'Firebase')
    cd /Users/siam/Desktop/Lingua\ Quest/Lingua\ Quest.xcodeproj
    
    Using response file: /Users/siam/Library/Developer/Xcode/DerivedData/Lingua_Quest-gvpckrqxtbgyprbgppjfqmimmmfw/Build/Intermediates.noindex/Firebase.build/Debug-iphonesimulator/FirebaseAppCheckInterop.build/Objects-normal/x86_64/e6072d4f65d7061329687fe24e3d63a7-common-args.resp
    
    builtin-ScanDependencies -o /Users/siam/Library/Developer/Xcode/DerivedData/Lingua_Quest-gvpckrqxtbgyprbgppjfqmimmmfw/Build/Intermediates.noindex/Firebase.build/Debug-iphonesimulator/FirebaseAppCheckInterop.build/Objects-normal/x86_64/dummy.o.scan -- /Applications/Xcode.app/Contents/Developer/Toolchains/XcodeDefault.xctoolchain/usr/bin/clang -x objective-c -ivfsstatcache /Users/siam/Library/Developer/Xcode/DerivedData/SDKStatCaches.noindex/iphonesimulator26.0-23A339-26257891a6c027eb51374368541b8346.sdkstatcache -fmessage-length\=0 -fdiagnostics-show-note-include-stack -fmacro-backtrace-limit\=0 -fno-color-diagnostics -fmodules-prune-interval\=86400 -fmodules-prune-after\=345600 -fbuild-session-file\=/Users/siam/Library/Developer/Xcode/DerivedData/ModuleCache.noindex/Session.modulevalidation -fmodules-validate-once-per-build-session -Wnon-modular-include-in-framework-module -Werror\=non-modular-include-in-framework-module -Wno-trigraphs -Wno-missing-field-initializers -Wno-missing-prototypes -Wno-return-type -Wno-implicit-atomic-properties -Wno-objc-interface-ivars -Wno-arc-repeated-use-of-weak -Wno-missing-braces -Wparentheses -Wswitch -Wno-unused-function -Wno-unused-label -Wno-unused-parameter -Wno-unused-variable -Wunused-value -Wno-empty-body -Wno-uninitialized -Wno-unknown-pragmas -w -Wno-shadow -Wno-four-char-constants -Wno-conversion -Wno-constant-conversion -Wno-int-conversion -Wno-bool-conversion -Wno-enum-conversion -Wno-float-conversion -Wno-non-literal-null-conversion -Wno-objc-literal-conversion -Wshorten-64-to-32 -Wpointer-sign -Wno-newline-eof -Wno-selector -Wno-strict-selector-match -Wno-undeclared-selector -Wno-deprecated-implementations -Wno-implicit-fallthrough -fstrict-aliasing -Wprotocol -Wdeprecated-declarations -Wno-sign-conversion -Wno-infinite-recursion -Wno-comma -Wno-block-capture-autoreleasing -Wno-strict-prototypes -Wno-semicolon-before-method-body -index-store-path /Users/siam/Library/Developer/Xcode/DerivedData/Lingua_Quest-gvpckrqxtbgyprbgppjfqmimmmfw/Index.noindex/DataStore @/Users/siam/Library/Developer/Xcode/DerivedData/Lingua_Quest-gvpckrqxtbgyprbgppjfqmimmmfw/Build/Intermediates.noindex/Firebase.build/Debug-iphonesimulator/FirebaseAppCheckInterop.build/Objects-normal/x86_64/e6072d4f65d7061329687fe24e3d63a7-common-args.resp -MMD -MT dependencies -MF /Users/siam/Library/Developer/Xcode/DerivedData/Lingua_Quest-gvpckrqxtbgyprbgppjfqmimmmfw/Build/Intermediates.noindex/Firebase.build/Debug-iphonesimulator/FirebaseAppCheckInterop.build/Objects-normal/x86_64/dummy.d --serialize-diagnostics /Users/siam/Library/Developer/Xcode/DerivedData/Lingua_Quest-gvpckrqxtbgyprbgppjfqmimmmfw/Build/Intermediates.noindex/Firebase.build/Debug-iphonesimulator/FirebaseAppCheckInterop.build/Objects-normal/x86_64/dummy.dia -c /Users/siam/Library/Developer/Xcode/DerivedData/Lingua_Quest-gvpckrqxtbgyprbgppjfqmimmmfw/SourcePackages/checkouts/firebase-ios-sdk/FirebaseAppCheck/Interop/dummy.m -o /Users/siam/Library/Developer/Xcode/DerivedData/Lingua_Quest-gvpckrqxtbgyprbgppjfqmimmmfw/Build/Intermediates.noindex/Firebase.build/Debug-iphonesimulator/FirebaseAppCheckInterop.build/Objects-normal/x86_64/dummy.o -index-unit-output-path /Firebase.build/Debug-iphonesimulator/FirebaseAppCheckInterop.build/Objects-normal/x86_64/dummy.o

CompileC /Users/siam/Library/Developer/Xcode/DerivedData/Lingua_Quest-gvpckrqxtbgyprbgppjfqmimmmfw/Build/Intermediates.noindex/Firebase.build/Debug-iphonesimulator/FirebaseCoreExtension.build/Objects-normal/x86_64/resource_bundle_accessor.o /Users/siam/Library/Developer/Xcode/DerivedData/Lingua_Quest-gvpckrqxtbgyprbgppjfqmimmmfw/Build/Intermediates.noindex/Firebase.build/Debug-iphonesimulator/FirebaseCoreExtension.build/DerivedSources/resource_bundle_accessor.m normal x86_64 objective-c com.apple.compilers.llvm.clang.1_0.compiler (in target 'FirebaseCoreExtension' from project 'Firebase')
    cd /Users/siam/Desktop/Lingua\ Quest/Lingua\ Quest.xcodeproj
    
    Using response file: /Users/siam/Library/Developer/Xcode/DerivedData/Lingua_Quest-gvpckrqxtbgyprbgppjfqmimmmfw/Build/Intermediates.noindex/Firebase.build/Debug-iphonesimulator/FirebaseCoreExtension.build/Objects-normal/x86_64/e6072d4f65d7061329687fe24e3d63a7-common-args.resp
    
    /Applications/Xcode.app/Contents/Developer/Toolchains/XcodeDefault.xctoolchain/usr/bin/clang -x objective-c -ivfsstatcache /Users/siam/Library/Developer/Xcode/DerivedData/SDKStatCaches.noindex/iphonesimulator26.0-23A339-26257891a6c027eb51374368541b8346.sdkstatcache -fmessage-length\=0 -fdiagnostics-show-note-include-stack -fmacro-backtrace-limit\=0 -fno-color-diagnostics -fmodules-prune-interval\=86400 -fmodules-prune-after\=345600 -fbuild-session-file\=/Users/siam/Library/Developer/Xcode/DerivedData/ModuleCache.noindex/Session.modulevalidation -fmodules-validate-once-per-build-session -Wnon-modular-include-in-framework-module -Werror\=non-modular-include-in-framework-module -Wno-trigraphs -Wno-missing-field-initializers -Wno-missing-prototypes -Wno-return-type -Wno-implicit-atomic-properties -Wno-objc-interface-ivars -Wno-arc-repeated-use-of-weak -Wno-missing-braces -Wparentheses -Wswitch -Wno-unused-function -Wno-unused-label -Wno-unused-parameter -Wno-unused-variable -Wunused-value -Wno-empty-body -Wno-uninitialized -Wno-unknown-pragmas -w -Wno-shadow -Wno-four-char-constants -Wno-conversion -Wno-constant-conversion -Wno-int-conversion -Wno-bool-conversion -Wno-enum-conversion -Wno-float-conversion -Wno-non-literal-null-conversion -Wno-objc-literal-conversion -Wshorten-64-to-32 -Wpointer-sign -Wno-newline-eof -Wno-selector -Wno-strict-selector-match -Wno-undeclared-selector -Wno-deprecated-implementations -Wno-implicit-fallthrough -fstrict-aliasing -Wprotocol -Wdeprecated-declarations -Wno-sign-conversion -Wno-infinite-recursion -Wno-comma -Wno-block-capture-autoreleasing -Wno-strict-prototypes -Wno-semicolon-before-method-body -index-store-path /Users/siam/Library/Developer/Xcode/DerivedData/Lingua_Quest-gvpckrqxtbgyprbgppjfqmimmmfw/Index.noindex/DataStore @/Users/siam/Library/Developer/Xcode/DerivedData/Lingua_Quest-gvpckrqxtbgyprbgppjfqmimmmfw/Build/Intermediates.noindex/Firebase.build/Debug-iphonesimulator/FirebaseCoreExtension.build/Objects-normal/x86_64/e6072d4f65d7061329687fe24e3d63a7-common-args.resp -include /Users/siam/Library/Developer/Xcode/DerivedData/Lingua_Quest-gvpckrqxtbgyprbgppjfqmimmmfw/Build/Intermediates.noindex/Firebase.build/Debug-iphonesimulator/FirebaseCoreExtension.build/DerivedSources/resource_bundle_accessor.h -MMD -MT dependencies -MF /Users/siam/Library/Developer/Xcode/DerivedData/Lingua_Quest-gvpckrqxtbgyprbgppjfqmimmmfw/Build/Intermediates.noindex/Firebase.build/Debug-iphonesimulator/FirebaseCoreExtension.build/Objects-normal/x86_64/resource_bundle_accessor.d --serialize-diagnostics /Users/siam/Library/Developer/Xcode/DerivedData/Lingua_Quest-gvpckrqxtbgyprbgppjfqmimmmfw/Build/Intermediates.noindex/Firebase.build/Debug-iphonesimulator/FirebaseCoreExtension.build/Objects-normal/x86_64/resource_bundle_accessor.dia -c /Users/siam/Library/Developer/Xcode/DerivedData/Lingua_Quest-gvpckrqxtbgyprbgppjfqmimmmfw/Build/Intermediates.noindex/Firebase.build/Debug-iphonesimulator/FirebaseCoreExtension.build/DerivedSources/resource_bundle_accessor.m -o /Users/siam/Library/Developer/Xcode/DerivedData/Lingua_Quest-gvpckrqxtbgyprbgppjfqmimmmfw/Build/Intermediates.noindex/Firebase.build/Debug-iphonesimulator/FirebaseCoreExtension.build/Objects-normal/x86_64/resource_bundle_accessor.o -index-unit-output-path /Firebase.build/Debug-iphonesimulator/FirebaseCoreExtension.build/Objects-normal/x86_64/resource_bundle_accessor.o

CompileC /Users/siam/Library/Developer/Xcode/DerivedData/Lingua_Quest-gvpckrqxtbgyprbgppjfqmimmmfw/Build/Intermediates.noindex/Firebase.build/Debug-iphonesimulator/FirebaseCoreExtension.build/Objects-normal/x86_64/dummy.o /Users/siam/Library/Developer/Xcode/DerivedData/Lingua_Quest-gvpckrqxtbgyprbgppjfqmimmmfw/SourcePackages/checkouts/firebase-ios-sdk/FirebaseCore/Extension/dummy.m normal x86_64 objective-c com.apple.compilers.llvm.clang.1_0.compiler (in target 'FirebaseCoreExtension' from project 'Firebase')
    cd /Users/siam/Desktop/Lingua\ Quest/Lingua\ Quest.xcodeproj
    
    Using response file: /Users/siam/Library/Developer/Xcode/DerivedData/Lingua_Quest-gvpckrqxtbgyprbgppjfqmimmmfw/Build/Intermediates.noindex/Firebase.build/Debug-iphonesimulator/FirebaseCoreExtension.build/Objects-normal/x86_64/e6072d4f65d7061329687fe24e3d63a7-common-args.resp
    
    /Applications/Xcode.app/Contents/Developer/Toolchains/XcodeDefault.xctoolchain/usr/bin/clang -x objective-c -ivfsstatcache /Users/siam/Library/Developer/Xcode/DerivedData/SDKStatCaches.noindex/iphonesimulator26.0-23A339-26257891a6c027eb51374368541b8346.sdkstatcache -fmessage-length\=0 -fdiagnostics-show-note-include-stack -fmacro-backtrace-limit\=0 -fno-color-diagnostics -fmodules-prune-interval\=86400 -fmodules-prune-after\=345600 -fbuild-session-file\=/Users/siam/Library/Developer/Xcode/DerivedData/ModuleCache.noindex/Session.modulevalidation -fmodules-validate-once-per-build-session -Wnon-modular-include-in-framework-module -Werror\=non-modular-include-in-framework-module -Wno-trigraphs -Wno-missing-field-initializers -Wno-missing-prototypes -Wno-return-type -Wno-implicit-atomic-properties -Wno-objc-interface-ivars -Wno-arc-repeated-use-of-weak -Wno-missing-braces -Wparentheses -Wswitch -Wno-unused-function -Wno-unused-label -Wno-unused-parameter -Wno-unused-variable -Wunused-value -Wno-empty-body -Wno-uninitialized -Wno-unknown-pragmas -w -Wno-shadow -Wno-four-char-constants -Wno-conversion -Wno-constant-conversion -Wno-int-conversion -Wno-bool-conversion -Wno-enum-conversion -Wno-float-conversion -Wno-non-literal-null-conversion -Wno-objc-literal-conversion -Wshorten-64-to-32 -Wpointer-sign -Wno-newline-eof -Wno-selector -Wno-strict-selector-match -Wno-undeclared-selector -Wno-deprecated-implementations -Wno-implicit-fallthrough -fstrict-aliasing -Wprotocol -Wdeprecated-declarations -Wno-sign-conversion -Wno-infinite-recursion -Wno-comma -Wno-block-capture-autoreleasing -Wno-strict-prototypes -Wno-semicolon-before-method-body -index-store-path /Users/siam/Library/Developer/Xcode/DerivedData/Lingua_Quest-gvpckrqxtbgyprbgppjfqmimmmfw/Index.noindex/DataStore @/Users/siam/Library/Developer/Xcode/DerivedData/Lingua_Quest-gvpckrqxtbgyprbgppjfqmimmmfw/Build/Intermediates.noindex/Firebase.build/Debug-iphonesimulator/FirebaseCoreExtension.build/Objects-normal/x86_64/e6072d4f65d7061329687fe24e3d63a7-common-args.resp -include /Users/siam/Library/Developer/Xcode/DerivedData/Lingua_Quest-gvpckrqxtbgyprbgppjfqmimmmfw/Build/Intermediates.noindex/Firebase.build/Debug-iphonesimulator/FirebaseCoreExtension.build/DerivedSources/resource_bundle_accessor.h -MMD -MT dependencies -MF /Users/siam/Library/Developer/Xcode/DerivedData/Lingua_Quest-gvpckrqxtbgyprbgppjfqmimmmfw/Build/Intermediates.noindex/Firebase.build/Debug-iphonesimulator/FirebaseCoreExtension.build/Objects-normal/x86_64/dummy.d --serialize-diagnostics /Users/siam/Library/Developer/Xcode/DerivedData/Lingua_Quest-gvpckrqxtbgyprbgppjfqmimmmfw/Build/Intermediates.noindex/Firebase.build/Debug-iphonesimulator/FirebaseCoreExtension.build/Objects-normal/x86_64/dummy.dia -c /Users/siam/Library/Developer/Xcode/DerivedData/Lingua_Quest-gvpckrqxtbgyprbgppjfqmimmmfw/SourcePackages/checkouts/firebase-ios-sdk/FirebaseCore/Extension/dummy.m -o /Users/siam/Library/Developer/Xcode/DerivedData/Lingua_Quest-gvpckrqxtbgyprbgppjfqmimmmfw/Build/Intermediates.noindex/Firebase.build/Debug-iphonesimulator/FirebaseCoreExtension.build/Objects-normal/x86_64/dummy.o -index-unit-output-path /Firebase.build/Debug-iphonesimulator/FirebaseCoreExtension.build/Objects-normal/x86_64/dummy.o

CreateUniversalBinary /Users/siam/Library/Developer/Xcode/DerivedData/Lingua_Quest-gvpckrqxtbgyprbgppjfqmimmmfw/Build/Products/Debug-iphonesimulator/FirebaseAuthInterop.o normal arm64\ x86_64 (in target 'FirebaseAuthInterop' from project 'Firebase')
    cd /Users/siam/Library/Developer/Xcode/DerivedData/Lingua_Quest-gvpckrqxtbgyprbgppjfqmimmmfw/SourcePackages/checkouts/firebase-ios-sdk
    /Applications/Xcode.app/Contents/Developer/Toolchains/XcodeDefault.xctoolchain/usr/bin/lipo -create /Users/siam/Library/Developer/Xcode/DerivedData/Lingua_Quest-gvpckrqxtbgyprbgppjfqmimmmfw/Build/Intermediates.noindex/Firebase.build/Debug-iphonesimulator/FirebaseAuthInterop.build/Objects-normal/arm64/Binary/FirebaseAuthInterop.o /Users/siam/Library/Developer/Xcode/DerivedData/Lingua_Quest-gvpckrqxtbgyprbgppjfqmimmmfw/Build/Intermediates.noindex/Firebase.build/Debug-iphonesimulator/FirebaseAuthInterop.build/Objects-normal/x86_64/Binary/FirebaseAuthInterop.o -output /Users/siam/Library/Developer/Xcode/DerivedData/Lingua_Quest-gvpckrqxtbgyprbgppjfqmimmmfw/Build/Products/Debug-iphonesimulator/FirebaseAuthInterop.o

CompileC /Users/siam/Library/Developer/Xcode/DerivedData/Lingua_Quest-gvpckrqxtbgyprbgppjfqmimmmfw/Build/Intermediates.noindex/Firebase.build/Debug-iphonesimulator/FirebaseAppCheckInterop.build/Objects-normal/x86_64/dummy.o /Users/siam/Library/Developer/Xcode/DerivedData/Lingua_Quest-gvpckrqxtbgyprbgppjfqmimmmfw/SourcePackages/checkouts/firebase-ios-sdk/FirebaseAppCheck/Interop/dummy.m normal x86_64 objective-c com.apple.compilers.llvm.clang.1_0.compiler (in target 'FirebaseAppCheckInterop' from project 'Firebase')
    cd /Users/siam/Desktop/Lingua\ Quest/Lingua\ Quest.xcodeproj
    
    Using response file: /Users/siam/Library/Developer/Xcode/DerivedData/Lingua_Quest-gvpckrqxtbgyprbgppjfqmimmmfw/Build/Intermediates.noindex/Firebase.build/Debug-iphonesimulator/FirebaseAppCheckInterop.build/Objects-normal/x86_64/e6072d4f65d7061329687fe24e3d63a7-common-args.resp
    
    /Applications/Xcode.app/Contents/Developer/Toolchains/XcodeDefault.xctoolchain/usr/bin/clang -x objective-c -ivfsstatcache /Users/siam/Library/Developer/Xcode/DerivedData/SDKStatCaches.noindex/iphonesimulator26.0-23A339-26257891a6c027eb51374368541b8346.sdkstatcache -fmessage-length\=0 -fdiagnostics-show-note-include-stack -fmacro-backtrace-limit\=0 -fno-color-diagnostics -fmodules-prune-interval\=86400 -fmodules-prune-after\=345600 -fbuild-session-file\=/Users/siam/Library/Developer/Xcode/DerivedData/ModuleCache.noindex/Session.modulevalidation -fmodules-validate-once-per-build-session -Wnon-modular-include-in-framework-module -Werror\=non-modular-include-in-framework-module -Wno-trigraphs -Wno-missing-field-initializers -Wno-missing-prototypes -Wno-return-type -Wno-implicit-atomic-properties -Wno-objc-interface-ivars -Wno-arc-repeated-use-of-weak -Wno-missing-braces -Wparentheses -Wswitch -Wno-unused-function -Wno-unused-label -Wno-unused-parameter -Wno-unused-variable -Wunused-value -Wno-empty-body -Wno-uninitialized -Wno-unknown-pragmas -w -Wno-shadow -Wno-four-char-constants -Wno-conversion -Wno-constant-conversion -Wno-int-conversion -Wno-bool-conversion -Wno-enum-conversion -Wno-float-conversion -Wno-non-literal-null-conversion -Wno-objc-literal-conversion -Wshorten-64-to-32 -Wpointer-sign -Wno-newline-eof -Wno-selector -Wno-strict-selector-match -Wno-undeclared-selector -Wno-deprecated-implementations -Wno-implicit-fallthrough -fstrict-aliasing -Wprotocol -Wdeprecated-declarations -Wno-sign-conversion -Wno-infinite-recursion -Wno-comma -Wno-block-capture-autoreleasing -Wno-strict-prototypes -Wno-semicolon-before-method-body -index-store-path /Users/siam/Library/Developer/Xcode/DerivedData/Lingua_Quest-gvpckrqxtbgyprbgppjfqmimmmfw/Index.noindex/DataStore @/Users/siam/Library/Developer/Xcode/DerivedData/Lingua_Quest-gvpckrqxtbgyprbgppjfqmimmmfw/Build/Intermediates.noindex/Firebase.build/Debug-iphonesimulator/FirebaseAppCheckInterop.build/Objects-normal/x86_64/e6072d4f65d7061329687fe24e3d63a7-common-args.resp -MMD -MT dependencies -MF /Users/siam/Library/Developer/Xcode/DerivedData/Lingua_Quest-gvpckrqxtbgyprbgppjfqmimmmfw/Build/Intermediates.noindex/Firebase.build/Debug-iphonesimulator/FirebaseAppCheckInterop.build/Objects-normal/x86_64/dummy.d --serialize-diagnostics /Users/siam/Library/Developer/Xcode/DerivedData/Lingua_Quest-gvpckrqxtbgyprbgppjfqmimmmfw/Build/Intermediates.noindex/Firebase.build/Debug-iphonesimulator/FirebaseAppCheckInterop.build/Objects-normal/x86_64/dummy.dia -c /Users/siam/Library/Developer/Xcode/DerivedData/Lingua_Quest-gvpckrqxtbgyprbgppjfqmimmmfw/SourcePackages/checkouts/firebase-ios-sdk/FirebaseAppCheck/Interop/dummy.m -o /Users/siam/Library/Developer/Xcode/DerivedData/Lingua_Quest-gvpckrqxtbgyprbgppjfqmimmmfw/Build/Intermediates.noindex/Firebase.build/Debug-iphonesimulator/FirebaseAppCheckInterop.build/Objects-normal/x86_64/dummy.o -index-unit-output-path /Firebase.build/Debug-iphonesimulator/FirebaseAppCheckInterop.build/Objects-normal/x86_64/dummy.o

PrecompileModule /Users/siam/Library/Developer/Xcode/DerivedData/Lingua_Quest-gvpckrqxtbgyprbgppjfqmimmmfw/Build/Intermediates.noindex/ExplicitPrecompiledModules/ptrauth-F2CG5MRAH1GMZFOO6HVQM9QE9.scan
    cd /
    builtin-precompileModule /Users/siam/Library/Developer/Xcode/DerivedData/Lingua_Quest-gvpckrqxtbgyprbgppjfqmimmmfw/Build/Intermediates.noindex/ExplicitPrecompiledModules/ptrauth-F2CG5MRAH1GMZFOO6HVQM9QE9.scan

PrecompileModule /Users/siam/Library/Developer/Xcode/DerivedData/Lingua_Quest-gvpckrqxtbgyprbgppjfqmimmmfw/Build/Intermediates.noindex/ExplicitPrecompiledModules/_AvailabilityInternal-9IOQETAJ6B3H86O6BF26OZ3D0.scan
    cd /
    builtin-precompileModule /Users/siam/Library/Developer/Xcode/DerivedData/Lingua_Quest-gvpckrqxtbgyprbgppjfqmimmmfw/Build/Intermediates.noindex/ExplicitPrecompiledModules/_AvailabilityInternal-9IOQETAJ6B3H86O6BF26OZ3D0.scan

PrecompileModule /Users/siam/Library/Developer/Xcode/DerivedData/Lingua_Quest-gvpckrqxtbgyprbgppjfqmimmmfw/Build/Intermediates.noindex/ExplicitPrecompiledModules/CoreText-EST5P0ZTAUPFW07A2YPCG1LPJ.scan
    cd /
    builtin-precompileModule /Users/siam/Library/Developer/Xcode/DerivedData/Lingua_Quest-gvpckrqxtbgyprbgppjfqmimmmfw/Build/Intermediates.noindex/ExplicitPrecompiledModules/CoreText-EST5P0ZTAUPFW07A2YPCG1LPJ.scan

PrecompileModule /Users/siam/Library/Developer/Xcode/DerivedData/Lingua_Quest-gvpckrqxtbgyprbgppjfqmimmmfw/Build/Intermediates.noindex/ExplicitPrecompiledModules/_Builtin_stddef-F0G8ZHX466KEH2QXAMZCZ3FPH.scan
    cd /
    builtin-precompileModule /Users/siam/Library/Developer/Xcode/DerivedData/Lingua_Quest-gvpckrqxtbgyprbgppjfqmimmmfw/Build/Intermediates.noindex/ExplicitPrecompiledModules/_Builtin_stddef-F0G8ZHX466KEH2QXAMZCZ3FPH.scan

PrecompileModule /Users/siam/Library/Developer/Xcode/DerivedData/Lingua_Quest-gvpckrqxtbgyprbgppjfqmimmmfw/Build/Intermediates.noindex/ExplicitPrecompiledModules/ptrcheck-6NDZXFMH8WVFGCJ6UQEI5FPVK.scan
    cd /
    builtin-precompileModule /Users/siam/Library/Developer/Xcode/DerivedData/Lingua_Quest-gvpckrqxtbgyprbgppjfqmimmmfw/Build/Intermediates.noindex/ExplicitPrecompiledModules/ptrcheck-6NDZXFMH8WVFGCJ6UQEI5FPVK.scan

Ld /Users/siam/Library/Developer/Xcode/DerivedData/Lingua_Quest-gvpckrqxtbgyprbgppjfqmimmmfw/Build/Intermediates.noindex/Firebase.build/Debug-iphonesimulator/FirebaseAppCheckInterop.build/Objects-normal/x86_64/Binary/FirebaseAppCheckInterop.o normal x86_64 (in target 'FirebaseAppCheckInterop' from project 'Firebase')
    cd /Users/siam/Library/Developer/Xcode/DerivedData/Lingua_Quest-gvpckrqxtbgyprbgppjfqmimmmfw/SourcePackages/checkouts/firebase-ios-sdk
    /Applications/Xcode.app/Contents/Developer/Toolchains/XcodeDefault.xctoolchain/usr/bin/clang -Xlinker -reproducible -target x86_64-apple-ios15.0-simulator -r -isysroot /Applications/Xcode.app/Contents/Developer/Platforms/iPhoneSimulator.platform/Developer/SDKs/iPhoneSimulator26.0.sdk -O0 -w -L/Users/siam/Library/Developer/Xcode/DerivedData/Lingua_Quest-gvpckrqxtbgyprbgppjfqmimmmfw/Build/Intermediates.noindex/EagerLinkingTBDs/Debug-iphonesimulator -L/Users/siam/Library/Developer/Xcode/DerivedData/Lingua_Quest-gvpckrqxtbgyprbgppjfqmimmmfw/Build/Products/Debug-iphonesimulator -L/Applications/Xcode.app/Contents/Developer/Platforms/iPhoneSimulator.platform/Developer/usr/lib -F/Users/siam/Library/Developer/Xcode/DerivedData/Lingua_Quest-gvpckrqxtbgyprbgppjfqmimmmfw/Build/Intermediates.noindex/EagerLinkingTBDs/Debug-iphonesimulator -F/Users/siam/Library/Developer/Xcode/DerivedData/Lingua_Quest-gvpckrqxtbgyprbgppjfqmimmmfw/Build/Products/Debug-iphonesimulator -iframework /Applications/Xcode.app/Contents/Developer/Platforms/iPhoneSimulator.platform/Developer/Library/Frameworks -iframework /Applications/Xcode.app/Contents/Developer/Platforms/iPhoneSimulator.platform/Developer/SDKs/iPhoneSimulator26.0.sdk/Developer/Library/Frameworks -filelist /Users/siam/Library/Developer/Xcode/DerivedData/Lingua_Quest-gvpckrqxtbgyprbgppjfqmimmmfw/Build/Intermediates.noindex/Firebase.build/Debug-iphonesimulator/FirebaseAppCheckInterop.build/Objects-normal/x86_64/FirebaseAppCheckInterop.LinkFileList -nostdlib -Xlinker -object_path_lto -Xlinker /Users/siam/Library/Developer/Xcode/DerivedData/Lingua_Quest-gvpckrqxtbgyprbgppjfqmimmmfw/Build/Intermediates.noindex/Firebase.build/Debug-iphonesimulator/FirebaseAppCheckInterop.build/Objects-normal/x86_64/FirebaseAppCheckInterop_lto.o -rdynamic -Xlinker -no_deduplicate -Xlinker -objc_abi_version -Xlinker 2 -Xlinker -debug_variant -Xlinker -dependency_info -Xlinker /Users/siam/Library/Developer/Xcode/DerivedData/Lingua_Quest-gvpckrqxtbgyprbgppjfqmimmmfw/Build/Intermediates.noindex/Firebase.build/Debug-iphonesimulator/FirebaseAppCheckInterop.build/Objects-normal/x86_64/FirebaseAppCheckInterop_dependency_info.dat -fobjc-arc -fobjc-link-runtime -o /Users/siam/Library/Developer/Xcode/DerivedData/Lingua_Quest-gvpckrqxtbgyprbgppjfqmimmmfw/Build/Intermediates.noindex/Firebase.build/Debug-iphonesimulator/FirebaseAppCheckInterop.build/Objects-normal/x86_64/Binary/FirebaseAppCheckInterop.o

PrecompileModule /Users/siam/Library/Developer/Xcode/DerivedData/Lingua_Quest-gvpckrqxtbgyprbgppjfqmimmmfw/Build/Intermediates.noindex/ExplicitPrecompiledModules/_Builtin_float-2UBRL205XZK59Z9S1NHZWL99A.scan
    cd /
    builtin-precompileModule /Users/siam/Library/Developer/Xcode/DerivedData/Lingua_Quest-gvpckrqxtbgyprbgppjfqmimmmfw/Build/Intermediates.noindex/ExplicitPrecompiledModules/_Builtin_float-2UBRL205XZK59Z9S1NHZWL99A.scan

PrecompileModule /Users/siam/Library/Developer/Xcode/DerivedData/Lingua_Quest-gvpckrqxtbgyprbgppjfqmimmmfw/Build/Intermediates.noindex/ExplicitPrecompiledModules/ImageIO-C63H3X5R8D4LVTPMCXC1803NB.scan
    cd /
    builtin-precompileModule /Users/siam/Library/Developer/Xcode/DerivedData/Lingua_Quest-gvpckrqxtbgyprbgppjfqmimmmfw/Build/Intermediates.noindex/ExplicitPrecompiledModules/ImageIO-C63H3X5R8D4LVTPMCXC1803NB.scan

PrecompileModule /Users/siam/Library/Developer/Xcode/DerivedData/Lingua_Quest-gvpckrqxtbgyprbgppjfqmimmmfw/Build/Intermediates.noindex/ExplicitPrecompiledModules/_Builtin_stdarg-8C4RGQK5YHWSAB2BAUFSRFLL1.scan
    cd /
    builtin-precompileModule /Users/siam/Library/Developer/Xcode/DerivedData/Lingua_Quest-gvpckrqxtbgyprbgppjfqmimmmfw/Build/Intermediates.noindex/ExplicitPrecompiledModules/_Builtin_stdarg-8C4RGQK5YHWSAB2BAUFSRFLL1.scan

PrecompileModule /Users/siam/Library/Developer/Xcode/DerivedData/Lingua_Quest-gvpckrqxtbgyprbgppjfqmimmmfw/Build/Intermediates.noindex/ExplicitPrecompiledModules/_DarwinFoundation1-3DG58GJ1Y9VB83M11LRHU844.scan
    cd /
    builtin-precompileModule /Users/siam/Library/Developer/Xcode/DerivedData/Lingua_Quest-gvpckrqxtbgyprbgppjfqmimmmfw/Build/Intermediates.noindex/ExplicitPrecompiledModules/_DarwinFoundation1-3DG58GJ1Y9VB83M11LRHU844.scan

PrecompileModule /Users/siam/Library/Developer/Xcode/DerivedData/Lingua_Quest-gvpckrqxtbgyprbgppjfqmimmmfw/Build/Intermediates.noindex/ExplicitPrecompiledModules/Security-6A32KA25EUDLDYGTOIMISIT8L.scan
    cd /
    builtin-precompileModule /Users/siam/Library/Developer/Xcode/DerivedData/Lingua_Quest-gvpckrqxtbgyprbgppjfqmimmmfw/Build/Intermediates.noindex/ExplicitPrecompiledModules/Security-6A32KA25EUDLDYGTOIMISIT8L.scan

PrecompileModule /Users/siam/Library/Developer/Xcode/DerivedData/Lingua_Quest-gvpckrqxtbgyprbgppjfqmimmmfw/Build/Intermediates.noindex/ExplicitPrecompiledModules/CFNetwork-4WRAXKO9IGOXPSPS4DROI90RD.scan
    cd /
    builtin-precompileModule /Users/siam/Library/Developer/Xcode/DerivedData/Lingua_Quest-gvpckrqxtbgyprbgppjfqmimmmfw/Build/Intermediates.noindex/ExplicitPrecompiledModules/CFNetwork-4WRAXKO9IGOXPSPS4DROI90RD.scan

PrecompileModule /Users/siam/Library/Developer/Xcode/DerivedData/Lingua_Quest-gvpckrqxtbgyprbgppjfqmimmmfw/Build/Intermediates.noindex/ExplicitPrecompiledModules/_Builtin_stdbool-EXMS9YY183DM0LOKY5903L8R3.scan
    cd /
    builtin-precompileModule /Users/siam/Library/Developer/Xcode/DerivedData/Lingua_Quest-gvpckrqxtbgyprbgppjfqmimmmfw/Build/Intermediates.noindex/ExplicitPrecompiledModules/_Builtin_stdbool-EXMS9YY183DM0LOKY5903L8R3.scan

ScanDependencies /Users/siam/Library/Developer/Xcode/DerivedData/Lingua_Quest-gvpckrqxtbgyprbgppjfqmimmmfw/Build/Intermediates.noindex/Firebase.build/Debug-iphonesimulator/FirebaseAuthInternal.build/Objects-normal/x86_64/FIRMultiFactorConstants.o /Users/siam/Library/Developer/Xcode/DerivedData/Lingua_Quest-gvpckrqxtbgyprbgppjfqmimmmfw/SourcePackages/checkouts/firebase-ios-sdk/FirebaseAuth/Sources/ObjC/FIRMultiFactorConstants.m normal x86_64 objective-c com.apple.compilers.llvm.clang.1_0.compiler (in target 'FirebaseAuthInternal' from project 'Firebase')
    cd /Users/siam/Desktop/Lingua\ Quest/Lingua\ Quest.xcodeproj
    
    Using response file: /Users/siam/Library/Developer/Xcode/DerivedData/Lingua_Quest-gvpckrqxtbgyprbgppjfqmimmmfw/Build/Intermediates.noindex/Firebase.build/Debug-iphonesimulator/FirebaseAuthInternal.build/Objects-normal/x86_64/e6072d4f65d7061329687fe24e3d63a7-common-args.resp
    
    builtin-ScanDependencies -o /Users/siam/Library/Developer/Xcode/DerivedData/Lingua_Quest-gvpckrqxtbgyprbgppjfqmimmmfw/Build/Intermediates.noindex/Firebase.build/Debug-iphonesimulator/FirebaseAuthInternal.build/Objects-normal/x86_64/FIRMultiFactorConstants.o.scan -- /Applications/Xcode.app/Contents/Developer/Toolchains/XcodeDefault.xctoolchain/usr/bin/clang -x objective-c -ivfsstatcache /Users/siam/Library/Developer/Xcode/DerivedData/SDKStatCaches.noindex/iphonesimulator26.0-23A339-26257891a6c027eb51374368541b8346.sdkstatcache -fmessage-length\=0 -fdiagnostics-show-note-include-stack -fmacro-backtrace-limit\=0 -fno-color-diagnostics -fmodules-prune-interval\=86400 -fmodules-prune-after\=345600 -fbuild-session-file\=/Users/siam/Library/Developer/Xcode/DerivedData/ModuleCache.noindex/Session.modulevalidation -fmodules-validate-once-per-build-session -Wnon-modular-include-in-framework-module -Werror\=non-modular-include-in-framework-module -Wno-trigraphs -Wno-missing-field-initializers -Wno-missing-prototypes -Wno-return-type -Wno-implicit-atomic-properties -Wno-objc-interface-ivars -Wno-arc-repeated-use-of-weak -Wno-missing-braces -Wparentheses -Wswitch -Wno-unused-function -Wno-unused-label -Wno-unused-parameter -Wno-unused-variable -Wunused-value -Wno-empty-body -Wno-uninitialized -Wno-unknown-pragmas -w -Wno-shadow -Wno-four-char-constants -Wno-conversion -Wno-constant-conversion -Wno-int-conversion -Wno-bool-conversion -Wno-enum-conversion -Wno-float-conversion -Wno-non-literal-null-conversion -Wno-objc-literal-conversion -Wshorten-64-to-32 -Wpointer-sign -Wno-newline-eof -Wno-selector -Wno-strict-selector-match -Wno-undeclared-selector -Wno-deprecated-implementations -Wno-implicit-fallthrough -fstrict-aliasing -Wprotocol -Wdeprecated-declarations -Wno-sign-conversion -Wno-infinite-recursion -Wno-comma -Wno-block-capture-autoreleasing -Wno-strict-prototypes -Wno-semicolon-before-method-body -index-store-path /Users/siam/Library/Developer/Xcode/DerivedData/Lingua_Quest-gvpckrqxtbgyprbgppjfqmimmmfw/Index.noindex/DataStore @/Users/siam/Library/Developer/Xcode/DerivedData/Lingua_Quest-gvpckrqxtbgyprbgppjfqmimmmfw/Build/Intermediates.noindex/Firebase.build/Debug-iphonesimulator/FirebaseAuthInternal.build/Objects-normal/x86_64/e6072d4f65d7061329687fe24e3d63a7-common-args.resp -MMD -MT dependencies -MF /Users/siam/Library/Developer/Xcode/DerivedData/Lingua_Quest-gvpckrqxtbgyprbgppjfqmimmmfw/Build/Intermediates.noindex/Firebase.build/Debug-iphonesimulator/FirebaseAuthInternal.build/Objects-normal/x86_64/FIRMultiFactorConstants.d --serialize-diagnostics /Users/siam/Library/Developer/Xcode/DerivedData/Lingua_Quest-gvpckrqxtbgyprbgppjfqmimmmfw/Build/Intermediates.noindex/Firebase.build/Debug-iphonesimulator/FirebaseAuthInternal.build/Objects-normal/x86_64/FIRMultiFactorConstants.dia -c /Users/siam/Library/Developer/Xcode/DerivedData/Lingua_Quest-gvpckrqxtbgyprbgppjfqmimmmfw/SourcePackages/checkouts/firebase-ios-sdk/FirebaseAuth/Sources/ObjC/FIRMultiFactorConstants.m -o /Users/siam/Library/Developer/Xcode/DerivedData/Lingua_Quest-gvpckrqxtbgyprbgppjfqmimmmfw/Build/Intermediates.noindex/Firebase.build/Debug-iphonesimulator/FirebaseAuthInternal.build/Objects-normal/x86_64/FIRMultiFactorConstants.o -index-unit-output-path /Firebase.build/Debug-iphonesimulator/FirebaseAuthInternal.build/Objects-normal/x86_64/FIRMultiFactorConstants.o

ScanDependencies /Users/siam/Library/Developer/Xcode/DerivedData/Lingua_Quest-gvpckrqxtbgyprbgppjfqmimmmfw/Build/Intermediates.noindex/Firebase.build/Debug-iphonesimulator/FirebaseAuthInternal.build/Objects-normal/x86_64/FIRAuthProvider.o /Users/siam/Library/Developer/Xcode/DerivedData/Lingua_Quest-gvpckrqxtbgyprbgppjfqmimmmfw/SourcePackages/checkouts/firebase-ios-sdk/FirebaseAuth/Sources/ObjC/FIRAuthProvider.m normal x86_64 objective-c com.apple.compilers.llvm.clang.1_0.compiler (in target 'FirebaseAuthInternal' from project 'Firebase')
    cd /Users/siam/Desktop/Lingua\ Quest/Lingua\ Quest.xcodeproj
    
    Using response file: /Users/siam/Library/Developer/Xcode/DerivedData/Lingua_Quest-gvpckrqxtbgyprbgppjfqmimmmfw/Build/Intermediates.noindex/Firebase.build/Debug-iphonesimulator/FirebaseAuthInternal.build/Objects-normal/x86_64/e6072d4f65d7061329687fe24e3d63a7-common-args.resp
    
    builtin-ScanDependencies -o /Users/siam/Library/Developer/Xcode/DerivedData/Lingua_Quest-gvpckrqxtbgyprbgppjfqmimmmfw/Build/Intermediates.noindex/Firebase.build/Debug-iphonesimulator/FirebaseAuthInternal.build/Objects-normal/x86_64/FIRAuthProvider.o.scan -- /Applications/Xcode.app/Contents/Developer/Toolchains/XcodeDefault.xctoolchain/usr/bin/clang -x objective-c -ivfsstatcache /Users/siam/Library/Developer/Xcode/DerivedData/SDKStatCaches.noindex/iphonesimulator26.0-23A339-26257891a6c027eb51374368541b8346.sdkstatcache -fmessage-length\=0 -fdiagnostics-show-note-include-stack -fmacro-backtrace-limit\=0 -fno-color-diagnostics -fmodules-prune-interval\=86400 -fmodules-prune-after\=345600 -fbuild-session-file\=/Users/siam/Library/Developer/Xcode/DerivedData/ModuleCache.noindex/Session.modulevalidation -fmodules-validate-once-per-build-session -Wnon-modular-include-in-framework-module -Werror\=non-modular-include-in-framework-module -Wno-trigraphs -Wno-missing-field-initializers -Wno-missing-prototypes -Wno-return-type -Wno-implicit-atomic-properties -Wno-objc-interface-ivars -Wno-arc-repeated-use-of-weak -Wno-missing-braces -Wparentheses -Wswitch -Wno-unused-function -Wno-unused-label -Wno-unused-parameter -Wno-unused-variable -Wunused-value -Wno-empty-body -Wno-uninitialized -Wno-unknown-pragmas -w -Wno-shadow -Wno-four-char-constants -Wno-conversion -Wno-constant-conversion -Wno-int-conversion -Wno-bool-conversion -Wno-enum-conversion -Wno-float-conversion -Wno-non-literal-null-conversion -Wno-objc-literal-conversion -Wshorten-64-to-32 -Wpointer-sign -Wno-newline-eof -Wno-selector -Wno-strict-selector-match -Wno-undeclared-selector -Wno-deprecated-implementations -Wno-implicit-fallthrough -fstrict-aliasing -Wprotocol -Wdeprecated-declarations -Wno-sign-conversion -Wno-infinite-recursion -Wno-comma -Wno-block-capture-autoreleasing -Wno-strict-prototypes -Wno-semicolon-before-method-body -index-store-path /Users/siam/Library/Developer/Xcode/DerivedData/Lingua_Quest-gvpckrqxtbgyprbgppjfqmimmmfw/Index.noindex/DataStore @/Users/siam/Library/Developer/Xcode/DerivedData/Lingua_Quest-gvpckrqxtbgyprbgppjfqmimmmfw/Build/Intermediates.noindex/Firebase.build/Debug-iphonesimulator/FirebaseAuthInternal.build/Objects-normal/x86_64/e6072d4f65d7061329687fe24e3d63a7-common-args.resp -MMD -MT dependencies -MF /Users/siam/Library/Developer/Xcode/DerivedData/Lingua_Quest-gvpckrqxtbgyprbgppjfqmimmmfw/Build/Intermediates.noindex/Firebase.build/Debug-iphonesimulator/FirebaseAuthInternal.build/Objects-normal/x86_64/FIRAuthProvider.d --serialize-diagnostics /Users/siam/Library/Developer/Xcode/DerivedData/Lingua_Quest-gvpckrqxtbgyprbgppjfqmimmmfw/Build/Intermediates.noindex/Firebase.build/Debug-iphonesimulator/FirebaseAuthInternal.build/Objects-normal/x86_64/FIRAuthProvider.dia -c /Users/siam/Library/Developer/Xcode/DerivedData/Lingua_Quest-gvpckrqxtbgyprbgppjfqmimmmfw/SourcePackages/checkouts/firebase-ios-sdk/FirebaseAuth/Sources/ObjC/FIRAuthProvider.m -o /Users/siam/Library/Developer/Xcode/DerivedData/Lingua_Quest-gvpckrqxtbgyprbgppjfqmimmmfw/Build/Intermediates.noindex/Firebase.build/Debug-iphonesimulator/FirebaseAuthInternal.build/Objects-normal/x86_64/FIRAuthProvider.o -index-unit-output-path /Firebase.build/Debug-iphonesimulator/FirebaseAuthInternal.build/Objects-normal/x86_64/FIRAuthProvider.o

ScanDependencies /Users/siam/Library/Developer/Xcode/DerivedData/Lingua_Quest-gvpckrqxtbgyprbgppjfqmimmmfw/Build/Intermediates.noindex/Firebase.build/Debug-iphonesimulator/FirebaseAuthInternal.build/Objects-normal/x86_64/FIRAuthErrorUtils.o /Users/siam/Library/Developer/Xcode/DerivedData/Lingua_Quest-gvpckrqxtbgyprbgppjfqmimmmfw/SourcePackages/checkouts/firebase-ios-sdk/FirebaseAuth/Sources/ObjC/FIRAuthErrorUtils.m normal x86_64 objective-c com.apple.compilers.llvm.clang.1_0.compiler (in target 'FirebaseAuthInternal' from project 'Firebase')
    cd /Users/siam/Desktop/Lingua\ Quest/Lingua\ Quest.xcodeproj
    
    Using response file: /Users/siam/Library/Developer/Xcode/DerivedData/Lingua_Quest-gvpckrqxtbgyprbgppjfqmimmmfw/Build/Intermediates.noindex/Firebase.build/Debug-iphonesimulator/FirebaseAuthInternal.build/Objects-normal/x86_64/e6072d4f65d7061329687fe24e3d63a7-common-args.resp
    
    builtin-ScanDependencies -o /Users/siam/Library/Developer/Xcode/DerivedData/Lingua_Quest-gvpckrqxtbgyprbgppjfqmimmmfw/Build/Intermediates.noindex/Firebase.build/Debug-iphonesimulator/FirebaseAuthInternal.build/Objects-normal/x86_64/FIRAuthErrorUtils.o.scan -- /Applications/Xcode.app/Contents/Developer/Toolchains/XcodeDefault.xctoolchain/usr/bin/clang -x objective-c -ivfsstatcache /Users/siam/Library/Developer/Xcode/DerivedData/SDKStatCaches.noindex/iphonesimulator26.0-23A339-26257891a6c027eb51374368541b8346.sdkstatcache -fmessage-length\=0 -fdiagnostics-show-note-include-stack -fmacro-backtrace-limit\=0 -fno-color-diagnostics -fmodules-prune-interval\=86400 -fmodules-prune-after\=345600 -fbuild-session-file\=/Users/siam/Library/Developer/Xcode/DerivedData/ModuleCache.noindex/Session.modulevalidation -fmodules-validate-once-per-build-session -Wnon-modular-include-in-framework-module -Werror\=non-modular-include-in-framework-module -Wno-trigraphs -Wno-missing-field-initializers -Wno-missing-prototypes -Wno-return-type -Wno-implicit-atomic-properties -Wno-objc-interface-ivars -Wno-arc-repeated-use-of-weak -Wno-missing-braces -Wparentheses -Wswitch -Wno-unused-function -Wno-unused-label -Wno-unused-parameter -Wno-unused-variable -Wunused-value -Wno-empty-body -Wno-uninitialized -Wno-unknown-pragmas -w -Wno-shadow -Wno-four-char-constants -Wno-conversion -Wno-constant-conversion -Wno-int-conversion -Wno-bool-conversion -Wno-enum-conversion -Wno-float-conversion -Wno-non-literal-null-conversion -Wno-objc-literal-conversion -Wshorten-64-to-32 -Wpointer-sign -Wno-newline-eof -Wno-selector -Wno-strict-selector-match -Wno-undeclared-selector -Wno-deprecated-implementations -Wno-implicit-fallthrough -fstrict-aliasing -Wprotocol -Wdeprecated-declarations -Wno-sign-conversion -Wno-infinite-recursion -Wno-comma -Wno-block-capture-autoreleasing -Wno-strict-prototypes -Wno-semicolon-before-method-body -index-store-path /Users/siam/Library/Developer/Xcode/DerivedData/Lingua_Quest-gvpckrqxtbgyprbgppjfqmimmmfw/Index.noindex/DataStore @/Users/siam/Library/Developer/Xcode/DerivedData/Lingua_Quest-gvpckrqxtbgyprbgppjfqmimmmfw/Build/Intermediates.noindex/Firebase.build/Debug-iphonesimulator/FirebaseAuthInternal.build/Objects-normal/x86_64/e6072d4f65d7061329687fe24e3d63a7-common-args.resp -MMD -MT dependencies -MF /Users/siam/Library/Developer/Xcode/DerivedData/Lingua_Quest-gvpckrqxtbgyprbgppjfqmimmmfw/Build/Intermediates.noindex/Firebase.build/Debug-iphonesimulator/FirebaseAuthInternal.build/Objects-normal/x86_64/FIRAuthErrorUtils.d --serialize-diagnostics /Users/siam/Library/Developer/Xcode/DerivedData/Lingua_Quest-gvpckrqxtbgyprbgppjfqmimmmfw/Build/Intermediates.noindex/Firebase.build/Debug-iphonesimulator/FirebaseAuthInternal.build/Objects-normal/x86_64/FIRAuthErrorUtils.dia -c /Users/siam/Library/Developer/Xcode/DerivedData/Lingua_Quest-gvpckrqxtbgyprbgppjfqmimmmfw/SourcePackages/checkouts/firebase-ios-sdk/FirebaseAuth/Sources/ObjC/FIRAuthErrorUtils.m -o /Users/siam/Library/Developer/Xcode/DerivedData/Lingua_Quest-gvpckrqxtbgyprbgppjfqmimmmfw/Build/Intermediates.noindex/Firebase.build/Debug-iphonesimulator/FirebaseAuthInternal.build/Objects-normal/x86_64/FIRAuthErrorUtils.o -index-unit-output-path /Firebase.build/Debug-iphonesimulator/FirebaseAuthInternal.build/Objects-normal/x86_64/FIRAuthErrorUtils.o

CompileC /Users/siam/Library/Developer/Xcode/DerivedData/Lingua_Quest-gvpckrqxtbgyprbgppjfqmimmmfw/Build/Intermediates.noindex/Firebase.build/Debug-iphonesimulator/FirebaseAuthInternal.build/Objects-normal/x86_64/FIRMultiFactorConstants.o /Users/siam/Library/Developer/Xcode/DerivedData/Lingua_Quest-gvpckrqxtbgyprbgppjfqmimmmfw/SourcePackages/checkouts/firebase-ios-sdk/FirebaseAuth/Sources/ObjC/FIRMultiFactorConstants.m normal x86_64 objective-c com.apple.compilers.llvm.clang.1_0.compiler (in target 'FirebaseAuthInternal' from project 'Firebase')
    cd /Users/siam/Desktop/Lingua\ Quest/Lingua\ Quest.xcodeproj
    
    Using response file: /Users/siam/Library/Developer/Xcode/DerivedData/Lingua_Quest-gvpckrqxtbgyprbgppjfqmimmmfw/Build/Intermediates.noindex/Firebase.build/Debug-iphonesimulator/FirebaseAuthInternal.build/Objects-normal/x86_64/e6072d4f65d7061329687fe24e3d63a7-common-args.resp
    
    /Applications/Xcode.app/Contents/Developer/Toolchains/XcodeDefault.xctoolchain/usr/bin/clang -x objective-c -ivfsstatcache /Users/siam/Library/Developer/Xcode/DerivedData/SDKStatCaches.noindex/iphonesimulator26.0-23A339-26257891a6c027eb51374368541b8346.sdkstatcache -fmessage-length\=0 -fdiagnostics-show-note-include-stack -fmacro-backtrace-limit\=0 -fno-color-diagnostics -fmodules-prune-interval\=86400 -fmodules-prune-after\=345600 -fbuild-session-file\=/Users/siam/Library/Developer/Xcode/DerivedData/ModuleCache.noindex/Session.modulevalidation -fmodules-validate-once-per-build-session -Wnon-modular-include-in-framework-module -Werror\=non-modular-include-in-framework-module -Wno-trigraphs -Wno-missing-field-initializers -Wno-missing-prototypes -Wno-return-type -Wno-implicit-atomic-properties -Wno-objc-interface-ivars -Wno-arc-repeated-use-of-weak -Wno-missing-braces -Wparentheses -Wswitch -Wno-unused-function -Wno-unused-label -Wno-unused-parameter -Wno-unused-variable -Wunused-value -Wno-empty-body -Wno-uninitialized -Wno-unknown-pragmas -w -Wno-shadow -Wno-four-char-constants -Wno-conversion -Wno-constant-conversion -Wno-int-conversion -Wno-bool-conversion -Wno-enum-conversion -Wno-float-conversion -Wno-non-literal-null-conversion -Wno-objc-literal-conversion -Wshorten-64-to-32 -Wpointer-sign -Wno-newline-eof -Wno-selector -Wno-strict-selector-match -Wno-undeclared-selector -Wno-deprecated-implementations -Wno-implicit-fallthrough -fstrict-aliasing -Wprotocol -Wdeprecated-declarations -Wno-sign-conversion -Wno-infinite-recursion -Wno-comma -Wno-block-capture-autoreleasing -Wno-strict-prototypes -Wno-semicolon-before-method-body -index-store-path /Users/siam/Library/Developer/Xcode/DerivedData/Lingua_Quest-gvpckrqxtbgyprbgppjfqmimmmfw/Index.noindex/DataStore @/Users/siam/Library/Developer/Xcode/DerivedData/Lingua_Quest-gvpckrqxtbgyprbgppjfqmimmmfw/Build/Intermediates.noindex/Firebase.build/Debug-iphonesimulator/FirebaseAuthInternal.build/Objects-normal/x86_64/e6072d4f65d7061329687fe24e3d63a7-common-args.resp -MMD -MT dependencies -MF /Users/siam/Library/Developer/Xcode/DerivedData/Lingua_Quest-gvpckrqxtbgyprbgppjfqmimmmfw/Build/Intermediates.noindex/Firebase.build/Debug-iphonesimulator/FirebaseAuthInternal.build/Objects-normal/x86_64/FIRMultiFactorConstants.d --serialize-diagnostics /Users/siam/Library/Developer/Xcode/DerivedData/Lingua_Quest-gvpckrqxtbgyprbgppjfqmimmmfw/Build/Intermediates.noindex/Firebase.build/Debug-iphonesimulator/FirebaseAuthInternal.build/Objects-normal/x86_64/FIRMultiFactorConstants.dia -c /Users/siam/Library/Developer/Xcode/DerivedData/Lingua_Quest-gvpckrqxtbgyprbgppjfqmimmmfw/SourcePackages/checkouts/firebase-ios-sdk/FirebaseAuth/Sources/ObjC/FIRMultiFactorConstants.m -o /Users/siam/Library/Developer/Xcode/DerivedData/Lingua_Quest-gvpckrqxtbgyprbgppjfqmimmmfw/Build/Intermediates.noindex/Firebase.build/Debug-iphonesimulator/FirebaseAuthInternal.build/Objects-normal/x86_64/FIRMultiFactorConstants.o -index-unit-output-path /Firebase.build/Debug-iphonesimulator/FirebaseAuthInternal.build/Objects-normal/x86_64/FIRMultiFactorConstants.o

CompileC /Users/siam/Library/Developer/Xcode/DerivedData/Lingua_Quest-gvpckrqxtbgyprbgppjfqmimmmfw/Build/Intermediates.noindex/Firebase.build/Debug-iphonesimulator/FirebaseAuthInternal.build/Objects-normal/x86_64/FIRAuthProvider.o /Users/siam/Library/Developer/Xcode/DerivedData/Lingua_Quest-gvpckrqxtbgyprbgppjfqmimmmfw/SourcePackages/checkouts/firebase-ios-sdk/FirebaseAuth/Sources/ObjC/FIRAuthProvider.m normal x86_64 objective-c com.apple.compilers.llvm.clang.1_0.compiler (in target 'FirebaseAuthInternal' from project 'Firebase')
    cd /Users/siam/Desktop/Lingua\ Quest/Lingua\ Quest.xcodeproj
    
    Using response file: /Users/siam/Library/Developer/Xcode/DerivedData/Lingua_Quest-gvpckrqxtbgyprbgppjfqmimmmfw/Build/Intermediates.noindex/Firebase.build/Debug-iphonesimulator/FirebaseAuthInternal.build/Objects-normal/x86_64/e6072d4f65d7061329687fe24e3d63a7-common-args.resp
    
    /Applications/Xcode.app/Contents/Developer/Toolchains/XcodeDefault.xctoolchain/usr/bin/clang -x objective-c -ivfsstatcache /Users/siam/Library/Developer/Xcode/DerivedData/SDKStatCaches.noindex/iphonesimulator26.0-23A339-26257891a6c027eb51374368541b8346.sdkstatcache -fmessage-length\=0 -fdiagnostics-show-note-include-stack -fmacro-backtrace-limit\=0 -fno-color-diagnostics -fmodules-prune-interval\=86400 -fmodules-prune-after\=345600 -fbuild-session-file\=/Users/siam/Library/Developer/Xcode/DerivedData/ModuleCache.noindex/Session.modulevalidation -fmodules-validate-once-per-build-session -Wnon-modular-include-in-framework-module -Werror\=non-modular-include-in-framework-module -Wno-trigraphs -Wno-missing-field-initializers -Wno-missing-prototypes -Wno-return-type -Wno-implicit-atomic-properties -Wno-objc-interface-ivars -Wno-arc-repeated-use-of-weak -Wno-missing-braces -Wparentheses -Wswitch -Wno-unused-function -Wno-unused-label -Wno-unused-parameter -Wno-unused-variable -Wunused-value -Wno-empty-body -Wno-uninitialized -Wno-unknown-pragmas -w -Wno-shadow -Wno-four-char-constants -Wno-conversion -Wno-constant-conversion -Wno-int-conversion -Wno-bool-conversion -Wno-enum-conversion -Wno-float-conversion -Wno-non-literal-null-conversion -Wno-objc-literal-conversion -Wshorten-64-to-32 -Wpointer-sign -Wno-newline-eof -Wno-selector -Wno-strict-selector-match -Wno-undeclared-selector -Wno-deprecated-implementations -Wno-implicit-fallthrough -fstrict-aliasing -Wprotocol -Wdeprecated-declarations -Wno-sign-conversion -Wno-infinite-recursion -Wno-comma -Wno-block-capture-autoreleasing -Wno-strict-prototypes -Wno-semicolon-before-method-body -index-store-path /Users/siam/Library/Developer/Xcode/DerivedData/Lingua_Quest-gvpckrqxtbgyprbgppjfqmimmmfw/Index.noindex/DataStore @/Users/siam/Library/Developer/Xcode/DerivedData/Lingua_Quest-gvpckrqxtbgyprbgppjfqmimmmfw/Build/Intermediates.noindex/Firebase.build/Debug-iphonesimulator/FirebaseAuthInternal.build/Objects-normal/x86_64/e6072d4f65d7061329687fe24e3d63a7-common-args.resp -MMD -MT dependencies -MF /Users/siam/Library/Developer/Xcode/DerivedData/Lingua_Quest-gvpckrqxtbgyprbgppjfqmimmmfw/Build/Intermediates.noindex/Firebase.build/Debug-iphonesimulator/FirebaseAuthInternal.build/Objects-normal/x86_64/FIRAuthProvider.d --serialize-diagnostics /Users/siam/Library/Developer/Xcode/DerivedData/Lingua_Quest-gvpckrqxtbgyprbgppjfqmimmmfw/Build/Intermediates.noindex/Firebase.build/Debug-iphonesimulator/FirebaseAuthInternal.build/Objects-normal/x86_64/FIRAuthProvider.dia -c /Users/siam/Library/Developer/Xcode/DerivedData/Lingua_Quest-gvpckrqxtbgyprbgppjfqmimmmfw/SourcePackages/checkouts/firebase-ios-sdk/FirebaseAuth/Sources/ObjC/FIRAuthProvider.m -o /Users/siam/Library/Developer/Xcode/DerivedData/Lingua_Quest-gvpckrqxtbgyprbgppjfqmimmmfw/Build/Intermediates.noindex/Firebase.build/Debug-iphonesimulator/FirebaseAuthInternal.build/Objects-normal/x86_64/FIRAuthProvider.o -index-unit-output-path /Firebase.build/Debug-iphonesimulator/FirebaseAuthInternal.build/Objects-normal/x86_64/FIRAuthProvider.o

CompileC /Users/siam/Library/Developer/Xcode/DerivedData/Lingua_Quest-gvpckrqxtbgyprbgppjfqmimmmfw/Build/Intermediates.noindex/Firebase.build/Debug-iphonesimulator/FirebaseAuthInternal.build/Objects-normal/x86_64/FIRAuthErrorUtils.o /Users/siam/Library/Developer/Xcode/DerivedData/Lingua_Quest-gvpckrqxtbgyprbgppjfqmimmmfw/SourcePackages/checkouts/firebase-ios-sdk/FirebaseAuth/Sources/ObjC/FIRAuthErrorUtils.m normal x86_64 objective-c com.apple.compilers.llvm.clang.1_0.compiler (in target 'FirebaseAuthInternal' from project 'Firebase')
    cd /Users/siam/Desktop/Lingua\ Quest/Lingua\ Quest.xcodeproj
    
    Using response file: /Users/siam/Library/Developer/Xcode/DerivedData/Lingua_Quest-gvpckrqxtbgyprbgppjfqmimmmfw/Build/Intermediates.noindex/Firebase.build/Debug-iphonesimulator/FirebaseAuthInternal.build/Objects-normal/x86_64/e6072d4f65d7061329687fe24e3d63a7-common-args.resp
    
    /Applications/Xcode.app/Contents/Developer/Toolchains/XcodeDefault.xctoolchain/usr/bin/clang -x objective-c -ivfsstatcache /Users/siam/Library/Developer/Xcode/DerivedData/SDKStatCaches.noindex/iphonesimulator26.0-23A339-26257891a6c027eb51374368541b8346.sdkstatcache -fmessage-length\=0 -fdiagnostics-show-note-include-stack -fmacro-backtrace-limit\=0 -fno-color-diagnostics -fmodules-prune-interval\=86400 -fmodules-prune-after\=345600 -fbuild-session-file\=/Users/siam/Library/Developer/Xcode/DerivedData/ModuleCache.noindex/Session.modulevalidation -fmodules-validate-once-per-build-session -Wnon-modular-include-in-framework-module -Werror\=non-modular-include-in-framework-module -Wno-trigraphs -Wno-missing-field-initializers -Wno-missing-prototypes -Wno-return-type -Wno-implicit-atomic-properties -Wno-objc-interface-ivars -Wno-arc-repeated-use-of-weak -Wno-missing-braces -Wparentheses -Wswitch -Wno-unused-function -Wno-unused-label -Wno-unused-parameter -Wno-unused-variable -Wunused-value -Wno-empty-body -Wno-uninitialized -Wno-unknown-pragmas -w -Wno-shadow -Wno-four-char-constants -Wno-conversion -Wno-constant-conversion -Wno-int-conversion -Wno-bool-conversion -Wno-enum-conversion -Wno-float-conversion -Wno-non-literal-null-conversion -Wno-objc-literal-conversion -Wshorten-64-to-32 -Wpointer-sign -Wno-newline-eof -Wno-selector -Wno-strict-selector-match -Wno-undeclared-selector -Wno-deprecated-implementations -Wno-implicit-fallthrough -fstrict-aliasing -Wprotocol -Wdeprecated-declarations -Wno-sign-conversion -Wno-infinite-recursion -Wno-comma -Wno-block-capture-autoreleasing -Wno-strict-prototypes -Wno-semicolon-before-method-body -index-store-path /Users/siam/Library/Developer/Xcode/DerivedData/Lingua_Quest-gvpckrqxtbgyprbgppjfqmimmmfw/Index.noindex/DataStore @/Users/siam/Library/Developer/Xcode/DerivedData/Lingua_Quest-gvpckrqxtbgyprbgppjfqmimmmfw/Build/Intermediates.noindex/Firebase.build/Debug-iphonesimulator/FirebaseAuthInternal.build/Objects-normal/x86_64/e6072d4f65d7061329687fe24e3d63a7-common-args.resp -MMD -MT dependencies -MF /Users/siam/Library/Developer/Xcode/DerivedData/Lingua_Quest-gvpckrqxtbgyprbgppjfqmimmmfw/Build/Intermediates.noindex/Firebase.build/Debug-iphonesimulator/FirebaseAuthInternal.build/Objects-normal/x86_64/FIRAuthErrorUtils.d --serialize-diagnostics /Users/siam/Library/Developer/Xcode/DerivedData/Lingua_Quest-gvpckrqxtbgyprbgppjfqmimmmfw/Build/Intermediates.noindex/Firebase.build/Debug-iphonesimulator/FirebaseAuthInternal.build/Objects-normal/x86_64/FIRAuthErrorUtils.dia -c /Users/siam/Library/Developer/Xcode/DerivedData/Lingua_Quest-gvpckrqxtbgyprbgppjfqmimmmfw/SourcePackages/checkouts/firebase-ios-sdk/FirebaseAuth/Sources/ObjC/FIRAuthErrorUtils.m -o /Users/siam/Library/Developer/Xcode/DerivedData/Lingua_Quest-gvpckrqxtbgyprbgppjfqmimmmfw/Build/Intermediates.noindex/Firebase.build/Debug-iphonesimulator/FirebaseAuthInternal.build/Objects-normal/x86_64/FIRAuthErrorUtils.o -index-unit-output-path /Firebase.build/Debug-iphonesimulator/FirebaseAuthInternal.build/Objects-normal/x86_64/FIRAuthErrorUtils.o

PrecompileModule /Users/siam/Library/Developer/Xcode/DerivedData/Lingua_Quest-gvpckrqxtbgyprbgppjfqmimmmfw/Build/Intermediates.noindex/ExplicitPrecompiledModules/_Builtin_limits-C8CTV5RESQ0S1FG2WOU0IM1F2.scan
    cd /
    builtin-precompileModule /Users/siam/Library/Developer/Xcode/DerivedData/Lingua_Quest-gvpckrqxtbgyprbgppjfqmimmmfw/Build/Intermediates.noindex/ExplicitPrecompiledModules/_Builtin_limits-C8CTV5RESQ0S1FG2WOU0IM1F2.scan

PrecompileModule /Users/siam/Library/Developer/Xcode/DerivedData/Lingua_Quest-gvpckrqxtbgyprbgppjfqmimmmfw/Build/Intermediates.noindex/ExplicitPrecompiledModules/_DarwinFoundation2-CRNTDAMT60W1ZE7GIVX8HJJA0.scan
    cd /
    builtin-precompileModule /Users/siam/Library/Developer/Xcode/DerivedData/Lingua_Quest-gvpckrqxtbgyprbgppjfqmimmmfw/Build/Intermediates.noindex/ExplicitPrecompiledModules/_DarwinFoundation2-CRNTDAMT60W1ZE7GIVX8HJJA0.scan

ScanDependencies /Users/siam/Library/Developer/Xcode/DerivedData/Lingua_Quest-gvpckrqxtbgyprbgppjfqmimmmfw/Build/Intermediates.noindex/Firebase.build/Debug-iphonesimulator/FirebaseAuthInternal.build/Objects-normal/x86_64/FIRAuth.o /Users/siam/Library/Developer/Xcode/DerivedData/Lingua_Quest-gvpckrqxtbgyprbgppjfqmimmmfw/SourcePackages/checkouts/firebase-ios-sdk/FirebaseAuth/Sources/ObjC/FIRAuth.m normal x86_64 objective-c com.apple.compilers.llvm.clang.1_0.compiler (in target 'FirebaseAuthInternal' from project 'Firebase')
    cd /Users/siam/Desktop/Lingua\ Quest/Lingua\ Quest.xcodeproj
    
    Using response file: /Users/siam/Library/Developer/Xcode/DerivedData/Lingua_Quest-gvpckrqxtbgyprbgppjfqmimmmfw/Build/Intermediates.noindex/Firebase.build/Debug-iphonesimulator/FirebaseAuthInternal.build/Objects-normal/x86_64/e6072d4f65d7061329687fe24e3d63a7-common-args.resp
    
    builtin-ScanDependencies -o /Users/siam/Library/Developer/Xcode/DerivedData/Lingua_Quest-gvpckrqxtbgyprbgppjfqmimmmfw/Build/Intermediates.noindex/Firebase.build/Debug-iphonesimulator/FirebaseAuthInternal.build/Objects-normal/x86_64/FIRAuth.o.scan -- /Applications/Xcode.app/Contents/Developer/Toolchains/XcodeDefault.xctoolchain/usr/bin/clang -x objective-c -ivfsstatcache /Users/siam/Library/Developer/Xcode/DerivedData/SDKStatCaches.noindex/iphonesimulator26.0-23A339-26257891a6c027eb51374368541b8346.sdkstatcache -fmessage-length\=0 -fdiagnostics-show-note-include-stack -fmacro-backtrace-limit\=0 -fno-color-diagnostics -fmodules-prune-interval\=86400 -fmodules-prune-after\=345600 -fbuild-session-file\=/Users/siam/Library/Developer/Xcode/DerivedData/ModuleCache.noindex/Session.modulevalidation -fmodules-validate-once-per-build-session -Wnon-modular-include-in-framework-module -Werror\=non-modular-include-in-framework-module -Wno-trigraphs -Wno-missing-field-initializers -Wno-missing-prototypes -Wno-return-type -Wno-implicit-atomic-properties -Wno-objc-interface-ivars -Wno-arc-repeated-use-of-weak -Wno-missing-braces -Wparentheses -Wswitch -Wno-unused-function -Wno-unused-label -Wno-unused-parameter -Wno-unused-variable -Wunused-value -Wno-empty-body -Wno-uninitialized -Wno-unknown-pragmas -w -Wno-shadow -Wno-four-char-constants -Wno-conversion -Wno-constant-conversion -Wno-int-conversion -Wno-bool-conversion -Wno-enum-conversion -Wno-float-conversion -Wno-non-literal-null-conversion -Wno-objc-literal-conversion -Wshorten-64-to-32 -Wpointer-sign -Wno-newline-eof -Wno-selector -Wno-strict-selector-match -Wno-undeclared-selector -Wno-deprecated-implementations -Wno-implicit-fallthrough -fstrict-aliasing -Wprotocol -Wdeprecated-declarations -Wno-sign-conversion -Wno-infinite-recursion -Wno-comma -Wno-block-capture-autoreleasing -Wno-strict-prototypes -Wno-semicolon-before-method-body -index-store-path /Users/siam/Library/Developer/Xcode/DerivedData/Lingua_Quest-gvpckrqxtbgyprbgppjfqmimmmfw/Index.noindex/DataStore @/Users/siam/Library/Developer/Xcode/DerivedData/Lingua_Quest-gvpckrqxtbgyprbgppjfqmimmmfw/Build/Intermediates.noindex/Firebase.build/Debug-iphonesimulator/FirebaseAuthInternal.build/Objects-normal/x86_64/e6072d4f65d7061329687fe24e3d63a7-common-args.resp -MMD -MT dependencies -MF /Users/siam/Library/Developer/Xcode/DerivedData/Lingua_Quest-gvpckrqxtbgyprbgppjfqmimmmfw/Build/Intermediates.noindex/Firebase.build/Debug-iphonesimulator/FirebaseAuthInternal.build/Objects-normal/x86_64/FIRAuth.d --serialize-diagnostics /Users/siam/Library/Developer/Xcode/DerivedData/Lingua_Quest-gvpckrqxtbgyprbgppjfqmimmmfw/Build/Intermediates.noindex/Firebase.build/Debug-iphonesimulator/FirebaseAuthInternal.build/Objects-normal/x86_64/FIRAuth.dia -c /Users/siam/Library/Developer/Xcode/DerivedData/Lingua_Quest-gvpckrqxtbgyprbgppjfqmimmmfw/SourcePackages/checkouts/firebase-ios-sdk/FirebaseAuth/Sources/ObjC/FIRAuth.m -o /Users/siam/Library/Developer/Xcode/DerivedData/Lingua_Quest-gvpckrqxtbgyprbgppjfqmimmmfw/Build/Intermediates.noindex/Firebase.build/Debug-iphonesimulator/FirebaseAuthInternal.build/Objects-normal/x86_64/FIRAuth.o -index-unit-output-path /Firebase.build/Debug-iphonesimulator/FirebaseAuthInternal.build/Objects-normal/x86_64/FIRAuth.o

ScanDependencies /Users/siam/Library/Developer/Xcode/DerivedData/Lingua_Quest-gvpckrqxtbgyprbgppjfqmimmmfw/Build/Intermediates.noindex/Firebase.build/Debug-iphonesimulator/FirebaseAuthInternal.build/Objects-normal/arm64/FIRMultiFactorConstants.o /Users/siam/Library/Developer/Xcode/DerivedData/Lingua_Quest-gvpckrqxtbgyprbgppjfqmimmmfw/SourcePackages/checkouts/firebase-ios-sdk/FirebaseAuth/Sources/ObjC/FIRMultiFactorConstants.m normal arm64 objective-c com.apple.compilers.llvm.clang.1_0.compiler (in target 'FirebaseAuthInternal' from project 'Firebase')
    cd /Users/siam/Desktop/Lingua\ Quest/Lingua\ Quest.xcodeproj
    
    Using response file: /Users/siam/Library/Developer/Xcode/DerivedData/Lingua_Quest-gvpckrqxtbgyprbgppjfqmimmmfw/Build/Intermediates.noindex/Firebase.build/Debug-iphonesimulator/FirebaseAuthInternal.build/Objects-normal/arm64/e6072d4f65d7061329687fe24e3d63a7-common-args.resp
    
    builtin-ScanDependencies -o /Users/siam/Library/Developer/Xcode/DerivedData/Lingua_Quest-gvpckrqxtbgyprbgppjfqmimmmfw/Build/Intermediates.noindex/Firebase.build/Debug-iphonesimulator/FirebaseAuthInternal.build/Objects-normal/arm64/FIRMultiFactorConstants.o.scan -- /Applications/Xcode.app/Contents/Developer/Toolchains/XcodeDefault.xctoolchain/usr/bin/clang -x objective-c -ivfsstatcache /Users/siam/Library/Developer/Xcode/DerivedData/SDKStatCaches.noindex/iphonesimulator26.0-23A339-26257891a6c027eb51374368541b8346.sdkstatcache -fmessage-length\=0 -fdiagnostics-show-note-include-stack -fmacro-backtrace-limit\=0 -fno-color-diagnostics -fmodules-prune-interval\=86400 -fmodules-prune-after\=345600 -fbuild-session-file\=/Users/siam/Library/Developer/Xcode/DerivedData/ModuleCache.noindex/Session.modulevalidation -fmodules-validate-once-per-build-session -Wnon-modular-include-in-framework-module -Werror\=non-modular-include-in-framework-module -Wno-trigraphs -Wno-missing-field-initializers -Wno-missing-prototypes -Wno-return-type -Wno-implicit-atomic-properties -Wno-objc-interface-ivars -Wno-arc-repeated-use-of-weak -Wno-missing-braces -Wparentheses -Wswitch -Wno-unused-function -Wno-unused-label -Wno-unused-parameter -Wno-unused-variable -Wunused-value -Wno-empty-body -Wno-uninitialized -Wno-unknown-pragmas -w -Wno-shadow -Wno-four-char-constants -Wno-conversion -Wno-constant-conversion -Wno-int-conversion -Wno-bool-conversion -Wno-enum-conversion -Wno-float-conversion -Wno-non-literal-null-conversion -Wno-objc-literal-conversion -Wshorten-64-to-32 -Wpointer-sign -Wno-newline-eof -Wno-selector -Wno-strict-selector-match -Wno-undeclared-selector -Wno-deprecated-implementations -Wno-implicit-fallthrough -fstrict-aliasing -Wprotocol -Wdeprecated-declarations -Wno-sign-conversion -Wno-infinite-recursion -Wno-comma -Wno-block-capture-autoreleasing -Wno-strict-prototypes -Wno-semicolon-before-method-body -index-store-path /Users/siam/Library/Developer/Xcode/DerivedData/Lingua_Quest-gvpckrqxtbgyprbgppjfqmimmmfw/Index.noindex/DataStore @/Users/siam/Library/Developer/Xcode/DerivedData/Lingua_Quest-gvpckrqxtbgyprbgppjfqmimmmfw/Build/Intermediates.noindex/Firebase.build/Debug-iphonesimulator/FirebaseAuthInternal.build/Objects-normal/arm64/e6072d4f65d7061329687fe24e3d63a7-common-args.resp -MMD -MT dependencies -MF /Users/siam/Library/Developer/Xcode/DerivedData/Lingua_Quest-gvpckrqxtbgyprbgppjfqmimmmfw/Build/Intermediates.noindex/Firebase.build/Debug-iphonesimulator/FirebaseAuthInternal.build/Objects-normal/arm64/FIRMultiFactorConstants.d --serialize-diagnostics /Users/siam/Library/Developer/Xcode/DerivedData/Lingua_Quest-gvpckrqxtbgyprbgppjfqmimmmfw/Build/Intermediates.noindex/Firebase.build/Debug-iphonesimulator/FirebaseAuthInternal.build/Objects-normal/arm64/FIRMultiFactorConstants.dia -c /Users/siam/Library/Developer/Xcode/DerivedData/Lingua_Quest-gvpckrqxtbgyprbgppjfqmimmmfw/SourcePackages/checkouts/firebase-ios-sdk/FirebaseAuth/Sources/ObjC/FIRMultiFactorConstants.m -o /Users/siam/Library/Developer/Xcode/DerivedData/Lingua_Quest-gvpckrqxtbgyprbgppjfqmimmmfw/Build/Intermediates.noindex/Firebase.build/Debug-iphonesimulator/FirebaseAuthInternal.build/Objects-normal/arm64/FIRMultiFactorConstants.o -index-unit-output-path /Firebase.build/Debug-iphonesimulator/FirebaseAuthInternal.build/Objects-normal/arm64/FIRMultiFactorConstants.o

ScanDependencies /Users/siam/Library/Developer/Xcode/DerivedData/Lingua_Quest-gvpckrqxtbgyprbgppjfqmimmmfw/Build/Intermediates.noindex/Firebase.build/Debug-iphonesimulator/FirebaseAuthInternal.build/Objects-normal/arm64/FIRAuthProvider.o /Users/siam/Library/Developer/Xcode/DerivedData/Lingua_Quest-gvpckrqxtbgyprbgppjfqmimmmfw/SourcePackages/checkouts/firebase-ios-sdk/FirebaseAuth/Sources/ObjC/FIRAuthProvider.m normal arm64 objective-c com.apple.compilers.llvm.clang.1_0.compiler (in target 'FirebaseAuthInternal' from project 'Firebase')
    cd /Users/siam/Desktop/Lingua\ Quest/Lingua\ Quest.xcodeproj
    
    Using response file: /Users/siam/Library/Developer/Xcode/DerivedData/Lingua_Quest-gvpckrqxtbgyprbgppjfqmimmmfw/Build/Intermediates.noindex/Firebase.build/Debug-iphonesimulator/FirebaseAuthInternal.build/Objects-normal/arm64/e6072d4f65d7061329687fe24e3d63a7-common-args.resp
    
    builtin-ScanDependencies -o /Users/siam/Library/Developer/Xcode/DerivedData/Lingua_Quest-gvpckrqxtbgyprbgppjfqmimmmfw/Build/Intermediates.noindex/Firebase.build/Debug-iphonesimulator/FirebaseAuthInternal.build/Objects-normal/arm64/FIRAuthProvider.o.scan -- /Applications/Xcode.app/Contents/Developer/Toolchains/XcodeDefault.xctoolchain/usr/bin/clang -x objective-c -ivfsstatcache /Users/siam/Library/Developer/Xcode/DerivedData/SDKStatCaches.noindex/iphonesimulator26.0-23A339-26257891a6c027eb51374368541b8346.sdkstatcache -fmessage-length\=0 -fdiagnostics-show-note-include-stack -fmacro-backtrace-limit\=0 -fno-color-diagnostics -fmodules-prune-interval\=86400 -fmodules-prune-after\=345600 -fbuild-session-file\=/Users/siam/Library/Developer/Xcode/DerivedData/ModuleCache.noindex/Session.modulevalidation -fmodules-validate-once-per-build-session -Wnon-modular-include-in-framework-module -Werror\=non-modular-include-in-framework-module -Wno-trigraphs -Wno-missing-field-initializers -Wno-missing-prototypes -Wno-return-type -Wno-implicit-atomic-properties -Wno-objc-interface-ivars -Wno-arc-repeated-use-of-weak -Wno-missing-braces -Wparentheses -Wswitch -Wno-unused-function -Wno-unused-label -Wno-unused-parameter -Wno-unused-variable -Wunused-value -Wno-empty-body -Wno-uninitialized -Wno-unknown-pragmas -w -Wno-shadow -Wno-four-char-constants -Wno-conversion -Wno-constant-conversion -Wno-int-conversion -Wno-bool-conversion -Wno-enum-conversion -Wno-float-conversion -Wno-non-literal-null-conversion -Wno-objc-literal-conversion -Wshorten-64-to-32 -Wpointer-sign -Wno-newline-eof -Wno-selector -Wno-strict-selector-match -Wno-undeclared-selector -Wno-deprecated-implementations -Wno-implicit-fallthrough -fstrict-aliasing -Wprotocol -Wdeprecated-declarations -Wno-sign-conversion -Wno-infinite-recursion -Wno-comma -Wno-block-capture-autoreleasing -Wno-strict-prototypes -Wno-semicolon-before-method-body -index-store-path /Users/siam/Library/Developer/Xcode/DerivedData/Lingua_Quest-gvpckrqxtbgyprbgppjfqmimmmfw/Index.noindex/DataStore @/Users/siam/Library/Developer/Xcode/DerivedData/Lingua_Quest-gvpckrqxtbgyprbgppjfqmimmmfw/Build/Intermediates.noindex/Firebase.build/Debug-iphonesimulator/FirebaseAuthInternal.build/Objects-normal/arm64/e6072d4f65d7061329687fe24e3d63a7-common-args.resp -MMD -MT dependencies -MF /Users/siam/Library/Developer/Xcode/DerivedData/Lingua_Quest-gvpckrqxtbgyprbgppjfqmimmmfw/Build/Intermediates.noindex/Firebase.build/Debug-iphonesimulator/FirebaseAuthInternal.build/Objects-normal/arm64/FIRAuthProvider.d --serialize-diagnostics /Users/siam/Library/Developer/Xcode/DerivedData/Lingua_Quest-gvpckrqxtbgyprbgppjfqmimmmfw/Build/Intermediates.noindex/Firebase.build/Debug-iphonesimulator/FirebaseAuthInternal.build/Objects-normal/arm64/FIRAuthProvider.dia -c /Users/siam/Library/Developer/Xcode/DerivedData/Lingua_Quest-gvpckrqxtbgyprbgppjfqmimmmfw/SourcePackages/checkouts/firebase-ios-sdk/FirebaseAuth/Sources/ObjC/FIRAuthProvider.m -o /Users/siam/Library/Developer/Xcode/DerivedData/Lingua_Quest-gvpckrqxtbgyprbgppjfqmimmmfw/Build/Intermediates.noindex/Firebase.build/Debug-iphonesimulator/FirebaseAuthInternal.build/Objects-normal/arm64/FIRAuthProvider.o -index-unit-output-path /Firebase.build/Debug-iphonesimulator/FirebaseAuthInternal.build/Objects-normal/arm64/FIRAuthProvider.o

ScanDependencies /Users/siam/Library/Developer/Xcode/DerivedData/Lingua_Quest-gvpckrqxtbgyprbgppjfqmimmmfw/Build/Intermediates.noindex/Firebase.build/Debug-iphonesimulator/FirebaseAuthInternal.build/Objects-normal/arm64/FIRAuthErrorUtils.o /Users/siam/Library/Developer/Xcode/DerivedData/Lingua_Quest-gvpckrqxtbgyprbgppjfqmimmmfw/SourcePackages/checkouts/firebase-ios-sdk/FirebaseAuth/Sources/ObjC/FIRAuthErrorUtils.m normal arm64 objective-c com.apple.compilers.llvm.clang.1_0.compiler (in target 'FirebaseAuthInternal' from project 'Firebase')
    cd /Users/siam/Desktop/Lingua\ Quest/Lingua\ Quest.xcodeproj
    
    Using response file: /Users/siam/Library/Developer/Xcode/DerivedData/Lingua_Quest-gvpckrqxtbgyprbgppjfqmimmmfw/Build/Intermediates.noindex/Firebase.build/Debug-iphonesimulator/FirebaseAuthInternal.build/Objects-normal/arm64/e6072d4f65d7061329687fe24e3d63a7-common-args.resp
    
    builtin-ScanDependencies -o /Users/siam/Library/Developer/Xcode/DerivedData/Lingua_Quest-gvpckrqxtbgyprbgppjfqmimmmfw/Build/Intermediates.noindex/Firebase.build/Debug-iphonesimulator/FirebaseAuthInternal.build/Objects-normal/arm64/FIRAuthErrorUtils.o.scan -- /Applications/Xcode.app/Contents/Developer/Toolchains/XcodeDefault.xctoolchain/usr/bin/clang -x objective-c -ivfsstatcache /Users/siam/Library/Developer/Xcode/DerivedData/SDKStatCaches.noindex/iphonesimulator26.0-23A339-26257891a6c027eb51374368541b8346.sdkstatcache -fmessage-length\=0 -fdiagnostics-show-note-include-stack -fmacro-backtrace-limit\=0 -fno-color-diagnostics -fmodules-prune-interval\=86400 -fmodules-prune-after\=345600 -fbuild-session-file\=/Users/siam/Library/Developer/Xcode/DerivedData/ModuleCache.noindex/Session.modulevalidation -fmodules-validate-once-per-build-session -Wnon-modular-include-in-framework-module -Werror\=non-modular-include-in-framework-module -Wno-trigraphs -Wno-missing-field-initializers -Wno-missing-prototypes -Wno-return-type -Wno-implicit-atomic-properties -Wno-objc-interface-ivars -Wno-arc-repeated-use-of-weak -Wno-missing-braces -Wparentheses -Wswitch -Wno-unused-function -Wno-unused-label -Wno-unused-parameter -Wno-unused-variable -Wunused-value -Wno-empty-body -Wno-uninitialized -Wno-unknown-pragmas -w -Wno-shadow -Wno-four-char-constants -Wno-conversion -Wno-constant-conversion -Wno-int-conversion -Wno-bool-conversion -Wno-enum-conversion -Wno-float-conversion -Wno-non-literal-null-conversion -Wno-objc-literal-conversion -Wshorten-64-to-32 -Wpointer-sign -Wno-newline-eof -Wno-selector -Wno-strict-selector-match -Wno-undeclared-selector -Wno-deprecated-implementations -Wno-implicit-fallthrough -fstrict-aliasing -Wprotocol -Wdeprecated-declarations -Wno-sign-conversion -Wno-infinite-recursion -Wno-comma -Wno-block-capture-autoreleasing -Wno-strict-prototypes -Wno-semicolon-before-method-body -index-store-path /Users/siam/Library/Developer/Xcode/DerivedData/Lingua_Quest-gvpckrqxtbgyprbgppjfqmimmmfw/Index.noindex/DataStore @/Users/siam/Library/Developer/Xcode/DerivedData/Lingua_Quest-gvpckrqxtbgyprbgppjfqmimmmfw/Build/Intermediates.noindex/Firebase.build/Debug-iphonesimulator/FirebaseAuthInternal.build/Objects-normal/arm64/e6072d4f65d7061329687fe24e3d63a7-common-args.resp -MMD -MT dependencies -MF /Users/siam/Library/Developer/Xcode/DerivedData/Lingua_Quest-gvpckrqxtbgyprbgppjfqmimmmfw/Build/Intermediates.noindex/Firebase.build/Debug-iphonesimulator/FirebaseAuthInternal.build/Objects-normal/arm64/FIRAuthErrorUtils.d --serialize-diagnostics /Users/siam/Library/Developer/Xcode/DerivedData/Lingua_Quest-gvpckrqxtbgyprbgppjfqmimmmfw/Build/Intermediates.noindex/Firebase.build/Debug-iphonesimulator/FirebaseAuthInternal.build/Objects-normal/arm64/FIRAuthErrorUtils.dia -c /Users/siam/Library/Developer/Xcode/DerivedData/Lingua_Quest-gvpckrqxtbgyprbgppjfqmimmmfw/SourcePackages/checkouts/firebase-ios-sdk/FirebaseAuth/Sources/ObjC/FIRAuthErrorUtils.m -o /Users/siam/Library/Developer/Xcode/DerivedData/Lingua_Quest-gvpckrqxtbgyprbgppjfqmimmmfw/Build/Intermediates.noindex/Firebase.build/Debug-iphonesimulator/FirebaseAuthInternal.build/Objects-normal/arm64/FIRAuthErrorUtils.o -index-unit-output-path /Firebase.build/Debug-iphonesimulator/FirebaseAuthInternal.build/Objects-normal/arm64/FIRAuthErrorUtils.o

ScanDependencies /Users/siam/Library/Developer/Xcode/DerivedData/Lingua_Quest-gvpckrqxtbgyprbgppjfqmimmmfw/Build/Intermediates.noindex/Firebase.build/Debug-iphonesimulator/FirebaseAuthInternal.build/Objects-normal/arm64/FIRAuth.o /Users/siam/Library/Developer/Xcode/DerivedData/Lingua_Quest-gvpckrqxtbgyprbgppjfqmimmmfw/SourcePackages/checkouts/firebase-ios-sdk/FirebaseAuth/Sources/ObjC/FIRAuth.m normal arm64 objective-c com.apple.compilers.llvm.clang.1_0.compiler (in target 'FirebaseAuthInternal' from project 'Firebase')
    cd /Users/siam/Desktop/Lingua\ Quest/Lingua\ Quest.xcodeproj
    
    Using response file: /Users/siam/Library/Developer/Xcode/DerivedData/Lingua_Quest-gvpckrqxtbgyprbgppjfqmimmmfw/Build/Intermediates.noindex/Firebase.build/Debug-iphonesimulator/FirebaseAuthInternal.build/Objects-normal/arm64/e6072d4f65d7061329687fe24e3d63a7-common-args.resp
    
    builtin-ScanDependencies -o /Users/siam/Library/Developer/Xcode/DerivedData/Lingua_Quest-gvpckrqxtbgyprbgppjfqmimmmfw/Build/Intermediates.noindex/Firebase.build/Debug-iphonesimulator/FirebaseAuthInternal.build/Objects-normal/arm64/FIRAuth.o.scan -- /Applications/Xcode.app/Contents/Developer/Toolchains/XcodeDefault.xctoolchain/usr/bin/clang -x objective-c -ivfsstatcache /Users/siam/Library/Developer/Xcode/DerivedData/SDKStatCaches.noindex/iphonesimulator26.0-23A339-26257891a6c027eb51374368541b8346.sdkstatcache -fmessage-length\=0 -fdiagnostics-show-note-include-stack -fmacro-backtrace-limit\=0 -fno-color-diagnostics -fmodules-prune-interval\=86400 -fmodules-prune-after\=345600 -fbuild-session-file\=/Users/siam/Library/Developer/Xcode/DerivedData/ModuleCache.noindex/Session.modulevalidation -fmodules-validate-once-per-build-session -Wnon-modular-include-in-framework-module -Werror\=non-modular-include-in-framework-module -Wno-trigraphs -Wno-missing-field-initializers -Wno-missing-prototypes -Wno-return-type -Wno-implicit-atomic-properties -Wno-objc-interface-ivars -Wno-arc-repeated-use-of-weak -Wno-missing-braces -Wparentheses -Wswitch -Wno-unused-function -Wno-unused-label -Wno-unused-parameter -Wno-unused-variable -Wunused-value -Wno-empty-body -Wno-uninitialized -Wno-unknown-pragmas -w -Wno-shadow -Wno-four-char-constants -Wno-conversion -Wno-constant-conversion -Wno-int-conversion -Wno-bool-conversion -Wno-enum-conversion -Wno-float-conversion -Wno-non-literal-null-conversion -Wno-objc-literal-conversion -Wshorten-64-to-32 -Wpointer-sign -Wno-newline-eof -Wno-selector -Wno-strict-selector-match -Wno-undeclared-selector -Wno-deprecated-implementations -Wno-implicit-fallthrough -fstrict-aliasing -Wprotocol -Wdeprecated-declarations -Wno-sign-conversion -Wno-infinite-recursion -Wno-comma -Wno-block-capture-autoreleasing -Wno-strict-prototypes -Wno-semicolon-before-method-body -index-store-path /Users/siam/Library/Developer/Xcode/DerivedData/Lingua_Quest-gvpckrqxtbgyprbgppjfqmimmmfw/Index.noindex/DataStore @/Users/siam/Library/Developer/Xcode/DerivedData/Lingua_Quest-gvpckrqxtbgyprbgppjfqmimmmfw/Build/Intermediates.noindex/Firebase.build/Debug-iphonesimulator/FirebaseAuthInternal.build/Objects-normal/arm64/e6072d4f65d7061329687fe24e3d63a7-common-args.resp -MMD -MT dependencies -MF /Users/siam/Library/Developer/Xcode/DerivedData/Lingua_Quest-gvpckrqxtbgyprbgppjfqmimmmfw/Build/Intermediates.noindex/Firebase.build/Debug-iphonesimulator/FirebaseAuthInternal.build/Objects-normal/arm64/FIRAuth.d --serialize-diagnostics /Users/siam/Library/Developer/Xcode/DerivedData/Lingua_Quest-gvpckrqxtbgyprbgppjfqmimmmfw/Build/Intermediates.noindex/Firebase.build/Debug-iphonesimulator/FirebaseAuthInternal.build/Objects-normal/arm64/FIRAuth.dia -c /Users/siam/Library/Developer/Xcode/DerivedData/Lingua_Quest-gvpckrqxtbgyprbgppjfqmimmmfw/SourcePackages/checkouts/firebase-ios-sdk/FirebaseAuth/Sources/ObjC/FIRAuth.m -o /Users/siam/Library/Developer/Xcode/DerivedData/Lingua_Quest-gvpckrqxtbgyprbgppjfqmimmmfw/Build/Intermediates.noindex/Firebase.build/Debug-iphonesimulator/FirebaseAuthInternal.build/Objects-normal/arm64/FIRAuth.o -index-unit-output-path /Firebase.build/Debug-iphonesimulator/FirebaseAuthInternal.build/Objects-normal/arm64/FIRAuth.o

ScanDependencies /Users/siam/Library/Developer/Xcode/DerivedData/Lingua_Quest-gvpckrqxtbgyprbgppjfqmimmmfw/Build/Intermediates.noindex/Firebase.build/Debug-iphonesimulator/FirebaseAppCheckInterop.build/Objects-normal/arm64/dummy.o /Users/siam/Library/Developer/Xcode/DerivedData/Lingua_Quest-gvpckrqxtbgyprbgppjfqmimmmfw/SourcePackages/checkouts/firebase-ios-sdk/FirebaseAppCheck/Interop/dummy.m normal arm64 objective-c com.apple.compilers.llvm.clang.1_0.compiler (in target 'FirebaseAppCheckInterop' from project 'Firebase')
    cd /Users/siam/Desktop/Lingua\ Quest/Lingua\ Quest.xcodeproj
    
    Using response file: /Users/siam/Library/Developer/Xcode/DerivedData/Lingua_Quest-gvpckrqxtbgyprbgppjfqmimmmfw/Build/Intermediates.noindex/Firebase.build/Debug-iphonesimulator/FirebaseAppCheckInterop.build/Objects-normal/arm64/e6072d4f65d7061329687fe24e3d63a7-common-args.resp
    
    builtin-ScanDependencies -o /Users/siam/Library/Developer/Xcode/DerivedData/Lingua_Quest-gvpckrqxtbgyprbgppjfqmimmmfw/Build/Intermediates.noindex/Firebase.build/Debug-iphonesimulator/FirebaseAppCheckInterop.build/Objects-normal/arm64/dummy.o.scan -- /Applications/Xcode.app/Contents/Developer/Toolchains/XcodeDefault.xctoolchain/usr/bin/clang -x objective-c -ivfsstatcache /Users/siam/Library/Developer/Xcode/DerivedData/SDKStatCaches.noindex/iphonesimulator26.0-23A339-26257891a6c027eb51374368541b8346.sdkstatcache -fmessage-length\=0 -fdiagnostics-show-note-include-stack -fmacro-backtrace-limit\=0 -fno-color-diagnostics -fmodules-prune-interval\=86400 -fmodules-prune-after\=345600 -fbuild-session-file\=/Users/siam/Library/Developer/Xcode/DerivedData/ModuleCache.noindex/Session.modulevalidation -fmodules-validate-once-per-build-session -Wnon-modular-include-in-framework-module -Werror\=non-modular-include-in-framework-module -Wno-trigraphs -Wno-missing-field-initializers -Wno-missing-prototypes -Wno-return-type -Wno-implicit-atomic-properties -Wno-objc-interface-ivars -Wno-arc-repeated-use-of-weak -Wno-missing-braces -Wparentheses -Wswitch -Wno-unused-function -Wno-unused-label -Wno-unused-parameter -Wno-unused-variable -Wunused-value -Wno-empty-body -Wno-uninitialized -Wno-unknown-pragmas -w -Wno-shadow -Wno-four-char-constants -Wno-conversion -Wno-constant-conversion -Wno-int-conversion -Wno-bool-conversion -Wno-enum-conversion -Wno-float-conversion -Wno-non-literal-null-conversion -Wno-objc-literal-conversion -Wshorten-64-to-32 -Wpointer-sign -Wno-newline-eof -Wno-selector -Wno-strict-selector-match -Wno-undeclared-selector -Wno-deprecated-implementations -Wno-implicit-fallthrough -fstrict-aliasing -Wprotocol -Wdeprecated-declarations -Wno-sign-conversion -Wno-infinite-recursion -Wno-comma -Wno-block-capture-autoreleasing -Wno-strict-prototypes -Wno-semicolon-before-method-body -index-store-path /Users/siam/Library/Developer/Xcode/DerivedData/Lingua_Quest-gvpckrqxtbgyprbgppjfqmimmmfw/Index.noindex/DataStore @/Users/siam/Library/Developer/Xcode/DerivedData/Lingua_Quest-gvpckrqxtbgyprbgppjfqmimmmfw/Build/Intermediates.noindex/Firebase.build/Debug-iphonesimulator/FirebaseAppCheckInterop.build/Objects-normal/arm64/e6072d4f65d7061329687fe24e3d63a7-common-args.resp -MMD -MT dependencies -MF /Users/siam/Library/Developer/Xcode/DerivedData/Lingua_Quest-gvpckrqxtbgyprbgppjfqmimmmfw/Build/Intermediates.noindex/Firebase.build/Debug-iphonesimulator/FirebaseAppCheckInterop.build/Objects-normal/arm64/dummy.d --serialize-diagnostics /Users/siam/Library/Developer/Xcode/DerivedData/Lingua_Quest-gvpckrqxtbgyprbgppjfqmimmmfw/Build/Intermediates.noindex/Firebase.build/Debug-iphonesimulator/FirebaseAppCheckInterop.build/Objects-normal/arm64/dummy.dia -c /Users/siam/Library/Developer/Xcode/DerivedData/Lingua_Quest-gvpckrqxtbgyprbgppjfqmimmmfw/SourcePackages/checkouts/firebase-ios-sdk/FirebaseAppCheck/Interop/dummy.m -o /Users/siam/Library/Developer/Xcode/DerivedData/Lingua_Quest-gvpckrqxtbgyprbgppjfqmimmmfw/Build/Intermediates.noindex/Firebase.build/Debug-iphonesimulator/FirebaseAppCheckInterop.build/Objects-normal/arm64/dummy.o -index-unit-output-path /Firebase.build/Debug-iphonesimulator/FirebaseAppCheckInterop.build/Objects-normal/arm64/dummy.o

ScanDependencies /Users/siam/Library/Developer/Xcode/DerivedData/Lingua_Quest-gvpckrqxtbgyprbgppjfqmimmmfw/Build/Intermediates.noindex/Firebase.build/Debug-iphonesimulator/Firebase.build/Objects-normal/arm64/dummy.o /Users/siam/Library/Developer/Xcode/DerivedData/Lingua_Quest-gvpckrqxtbgyprbgppjfqmimmmfw/SourcePackages/checkouts/firebase-ios-sdk/CoreOnly/Sources/dummy.m normal arm64 objective-c com.apple.compilers.llvm.clang.1_0.compiler (in target 'Firebase' from project 'Firebase')
    cd /Users/siam/Desktop/Lingua\ Quest/Lingua\ Quest.xcodeproj
    
    Using response file: /Users/siam/Library/Developer/Xcode/DerivedData/Lingua_Quest-gvpckrqxtbgyprbgppjfqmimmmfw/Build/Intermediates.noindex/Firebase.build/Debug-iphonesimulator/Firebase.build/Objects-normal/arm64/e6072d4f65d7061329687fe24e3d63a7-common-args.resp
    
    builtin-ScanDependencies -o /Users/siam/Library/Developer/Xcode/DerivedData/Lingua_Quest-gvpckrqxtbgyprbgppjfqmimmmfw/Build/Intermediates.noindex/Firebase.build/Debug-iphonesimulator/Firebase.build/Objects-normal/arm64/dummy.o.scan -- /Applications/Xcode.app/Contents/Developer/Toolchains/XcodeDefault.xctoolchain/usr/bin/clang -x objective-c -ivfsstatcache /Users/siam/Library/Developer/Xcode/DerivedData/SDKStatCaches.noindex/iphonesimulator26.0-23A339-26257891a6c027eb51374368541b8346.sdkstatcache -fmessage-length\=0 -fdiagnostics-show-note-include-stack -fmacro-backtrace-limit\=0 -fno-color-diagnostics -fmodules-prune-interval\=86400 -fmodules-prune-after\=345600 -fbuild-session-file\=/Users/siam/Library/Developer/Xcode/DerivedData/ModuleCache.noindex/Session.modulevalidation -fmodules-validate-once-per-build-session -Wnon-modular-include-in-framework-module -Werror\=non-modular-include-in-framework-module -Wno-trigraphs -Wno-missing-field-initializers -Wno-missing-prototypes -Wno-return-type -Wno-implicit-atomic-properties -Wno-objc-interface-ivars -Wno-arc-repeated-use-of-weak -Wno-missing-braces -Wparentheses -Wswitch -Wno-unused-function -Wno-unused-label -Wno-unused-parameter -Wno-unused-variable -Wunused-value -Wno-empty-body -Wno-uninitialized -Wno-unknown-pragmas -w -Wno-shadow -Wno-four-char-constants -Wno-conversion -Wno-constant-conversion -Wno-int-conversion -Wno-bool-conversion -Wno-enum-conversion -Wno-float-conversion -Wno-non-literal-null-conversion -Wno-objc-literal-conversion -Wshorten-64-to-32 -Wpointer-sign -Wno-newline-eof -Wno-selector -Wno-strict-selector-match -Wno-undeclared-selector -Wno-deprecated-implementations -Wno-implicit-fallthrough -fstrict-aliasing -Wprotocol -Wdeprecated-declarations -Wno-sign-conversion -Wno-infinite-recursion -Wno-comma -Wno-block-capture-autoreleasing -Wno-strict-prototypes -Wno-semicolon-before-method-body -index-store-path /Users/siam/Library/Developer/Xcode/DerivedData/Lingua_Quest-gvpckrqxtbgyprbgppjfqmimmmfw/Index.noindex/DataStore @/Users/siam/Library/Developer/Xcode/DerivedData/Lingua_Quest-gvpckrqxtbgyprbgppjfqmimmmfw/Build/Intermediates.noindex/Firebase.build/Debug-iphonesimulator/Firebase.build/Objects-normal/arm64/e6072d4f65d7061329687fe24e3d63a7-common-args.resp -MMD -MT dependencies -MF /Users/siam/Library/Developer/Xcode/DerivedData/Lingua_Quest-gvpckrqxtbgyprbgppjfqmimmmfw/Build/Intermediates.noindex/Firebase.build/Debug-iphonesimulator/Firebase.build/Objects-normal/arm64/dummy.d --serialize-diagnostics /Users/siam/Library/Developer/Xcode/DerivedData/Lingua_Quest-gvpckrqxtbgyprbgppjfqmimmmfw/Build/Intermediates.noindex/Firebase.build/Debug-iphonesimulator/Firebase.build/Objects-normal/arm64/dummy.dia -c /Users/siam/Library/Developer/Xcode/DerivedData/Lingua_Quest-gvpckrqxtbgyprbgppjfqmimmmfw/SourcePackages/checkouts/firebase-ios-sdk/CoreOnly/Sources/dummy.m -o /Users/siam/Library/Developer/Xcode/DerivedData/Lingua_Quest-gvpckrqxtbgyprbgppjfqmimmmfw/Build/Intermediates.noindex/Firebase.build/Debug-iphonesimulator/Firebase.build/Objects-normal/arm64/dummy.o -index-unit-output-path /Firebase.build/Debug-iphonesimulator/Firebase.build/Objects-normal/arm64/dummy.o

CompileC /Users/siam/Library/Developer/Xcode/DerivedData/Lingua_Quest-gvpckrqxtbgyprbgppjfqmimmmfw/Build/Intermediates.noindex/Firebase.build/Debug-iphonesimulator/FirebaseAppCheckInterop.build/Objects-normal/arm64/dummy.o /Users/siam/Library/Developer/Xcode/DerivedData/Lingua_Quest-gvpckrqxtbgyprbgppjfqmimmmfw/SourcePackages/checkouts/firebase-ios-sdk/FirebaseAppCheck/Interop/dummy.m normal arm64 objective-c com.apple.compilers.llvm.clang.1_0.compiler (in target 'FirebaseAppCheckInterop' from project 'Firebase')
    cd /Users/siam/Desktop/Lingua\ Quest/Lingua\ Quest.xcodeproj
    
    Using response file: /Users/siam/Library/Developer/Xcode/DerivedData/Lingua_Quest-gvpckrqxtbgyprbgppjfqmimmmfw/Build/Intermediates.noindex/Firebase.build/Debug-iphonesimulator/FirebaseAppCheckInterop.build/Objects-normal/arm64/e6072d4f65d7061329687fe24e3d63a7-common-args.resp
    
    /Applications/Xcode.app/Contents/Developer/Toolchains/XcodeDefault.xctoolchain/usr/bin/clang -x objective-c -ivfsstatcache /Users/siam/Library/Developer/Xcode/DerivedData/SDKStatCaches.noindex/iphonesimulator26.0-23A339-26257891a6c027eb51374368541b8346.sdkstatcache -fmessage-length\=0 -fdiagnostics-show-note-include-stack -fmacro-backtrace-limit\=0 -fno-color-diagnostics -fmodules-prune-interval\=86400 -fmodules-prune-after\=345600 -fbuild-session-file\=/Users/siam/Library/Developer/Xcode/DerivedData/ModuleCache.noindex/Session.modulevalidation -fmodules-validate-once-per-build-session -Wnon-modular-include-in-framework-module -Werror\=non-modular-include-in-framework-module -Wno-trigraphs -Wno-missing-field-initializers -Wno-missing-prototypes -Wno-return-type -Wno-implicit-atomic-properties -Wno-objc-interface-ivars -Wno-arc-repeated-use-of-weak -Wno-missing-braces -Wparentheses -Wswitch -Wno-unused-function -Wno-unused-label -Wno-unused-parameter -Wno-unused-variable -Wunused-value -Wno-empty-body -Wno-uninitialized -Wno-unknown-pragmas -w -Wno-shadow -Wno-four-char-constants -Wno-conversion -Wno-constant-conversion -Wno-int-conversion -Wno-bool-conversion -Wno-enum-conversion -Wno-float-conversion -Wno-non-literal-null-conversion -Wno-objc-literal-conversion -Wshorten-64-to-32 -Wpointer-sign -Wno-newline-eof -Wno-selector -Wno-strict-selector-match -Wno-undeclared-selector -Wno-deprecated-implementations -Wno-implicit-fallthrough -fstrict-aliasing -Wprotocol -Wdeprecated-declarations -Wno-sign-conversion -Wno-infinite-recursion -Wno-comma -Wno-block-capture-autoreleasing -Wno-strict-prototypes -Wno-semicolon-before-method-body -index-store-path /Users/siam/Library/Developer/Xcode/DerivedData/Lingua_Quest-gvpckrqxtbgyprbgppjfqmimmmfw/Index.noindex/DataStore @/Users/siam/Library/Developer/Xcode/DerivedData/Lingua_Quest-gvpckrqxtbgyprbgppjfqmimmmfw/Build/Intermediates.noindex/Firebase.build/Debug-iphonesimulator/FirebaseAppCheckInterop.build/Objects-normal/arm64/e6072d4f65d7061329687fe24e3d63a7-common-args.resp -MMD -MT dependencies -MF /Users/siam/Library/Developer/Xcode/DerivedData/Lingua_Quest-gvpckrqxtbgyprbgppjfqmimmmfw/Build/Intermediates.noindex/Firebase.build/Debug-iphonesimulator/FirebaseAppCheckInterop.build/Objects-normal/arm64/dummy.d --serialize-diagnostics /Users/siam/Library/Developer/Xcode/DerivedData/Lingua_Quest-gvpckrqxtbgyprbgppjfqmimmmfw/Build/Intermediates.noindex/Firebase.build/Debug-iphonesimulator/FirebaseAppCheckInterop.build/Objects-normal/arm64/dummy.dia -c /Users/siam/Library/Developer/Xcode/DerivedData/Lingua_Quest-gvpckrqxtbgyprbgppjfqmimmmfw/SourcePackages/checkouts/firebase-ios-sdk/FirebaseAppCheck/Interop/dummy.m -o /Users/siam/Library/Developer/Xcode/DerivedData/Lingua_Quest-gvpckrqxtbgyprbgppjfqmimmmfw/Build/Intermediates.noindex/Firebase.build/Debug-iphonesimulator/FirebaseAppCheckInterop.build/Objects-normal/arm64/dummy.o -index-unit-output-path /Firebase.build/Debug-iphonesimulator/FirebaseAppCheckInterop.build/Objects-normal/arm64/dummy.o

CompileC /Users/siam/Library/Developer/Xcode/DerivedData/Lingua_Quest-gvpckrqxtbgyprbgppjfqmimmmfw/Build/Intermediates.noindex/Firebase.build/Debug-iphonesimulator/Firebase.build/Objects-normal/arm64/dummy.o /Users/siam/Library/Developer/Xcode/DerivedData/Lingua_Quest-gvpckrqxtbgyprbgppjfqmimmmfw/SourcePackages/checkouts/firebase-ios-sdk/CoreOnly/Sources/dummy.m normal arm64 objective-c com.apple.compilers.llvm.clang.1_0.compiler (in target 'Firebase' from project 'Firebase')
    cd /Users/siam/Desktop/Lingua\ Quest/Lingua\ Quest.xcodeproj
    
    Using response file: /Users/siam/Library/Developer/Xcode/DerivedData/Lingua_Quest-gvpckrqxtbgyprbgppjfqmimmmfw/Build/Intermediates.noindex/Firebase.build/Debug-iphonesimulator/Firebase.build/Objects-normal/arm64/e6072d4f65d7061329687fe24e3d63a7-common-args.resp
    
    /Applications/Xcode.app/Contents/Developer/Toolchains/XcodeDefault.xctoolchain/usr/bin/clang -x objective-c -ivfsstatcache /Users/siam/Library/Developer/Xcode/DerivedData/SDKStatCaches.noindex/iphonesimulator26.0-23A339-26257891a6c027eb51374368541b8346.sdkstatcache -fmessage-length\=0 -fdiagnostics-show-note-include-stack -fmacro-backtrace-limit\=0 -fno-color-diagnostics -fmodules-prune-interval\=86400 -fmodules-prune-after\=345600 -fbuild-session-file\=/Users/siam/Library/Developer/Xcode/DerivedData/ModuleCache.noindex/Session.modulevalidation -fmodules-validate-once-per-build-session -Wnon-modular-include-in-framework-module -Werror\=non-modular-include-in-framework-module -Wno-trigraphs -Wno-missing-field-initializers -Wno-missing-prototypes -Wno-return-type -Wno-implicit-atomic-properties -Wno-objc-interface-ivars -Wno-arc-repeated-use-of-weak -Wno-missing-braces -Wparentheses -Wswitch -Wno-unused-function -Wno-unused-label -Wno-unused-parameter -Wno-unused-variable -Wunused-value -Wno-empty-body -Wno-uninitialized -Wno-unknown-pragmas -w -Wno-shadow -Wno-four-char-constants -Wno-conversion -Wno-constant-conversion -Wno-int-conversion -Wno-bool-conversion -Wno-enum-conversion -Wno-float-conversion -Wno-non-literal-null-conversion -Wno-objc-literal-conversion -Wshorten-64-to-32 -Wpointer-sign -Wno-newline-eof -Wno-selector -Wno-strict-selector-match -Wno-undeclared-selector -Wno-deprecated-implementations -Wno-implicit-fallthrough -fstrict-aliasing -Wprotocol -Wdeprecated-declarations -Wno-sign-conversion -Wno-infinite-recursion -Wno-comma -Wno-block-capture-autoreleasing -Wno-strict-prototypes -Wno-semicolon-before-method-body -index-store-path /Users/siam/Library/Developer/Xcode/DerivedData/Lingua_Quest-gvpckrqxtbgyprbgppjfqmimmmfw/Index.noindex/DataStore @/Users/siam/Library/Developer/Xcode/DerivedData/Lingua_Quest-gvpckrqxtbgyprbgppjfqmimmmfw/Build/Intermediates.noindex/Firebase.build/Debug-iphonesimulator/Firebase.build/Objects-normal/arm64/e6072d4f65d7061329687fe24e3d63a7-common-args.resp -MMD -MT dependencies -MF /Users/siam/Library/Developer/Xcode/DerivedData/Lingua_Quest-gvpckrqxtbgyprbgppjfqmimmmfw/Build/Intermediates.noindex/Firebase.build/Debug-iphonesimulator/Firebase.build/Objects-normal/arm64/dummy.d --serialize-diagnostics /Users/siam/Library/Developer/Xcode/DerivedData/Lingua_Quest-gvpckrqxtbgyprbgppjfqmimmmfw/Build/Intermediates.noindex/Firebase.build/Debug-iphonesimulator/Firebase.build/Objects-normal/arm64/dummy.dia -c /Users/siam/Library/Developer/Xcode/DerivedData/Lingua_Quest-gvpckrqxtbgyprbgppjfqmimmmfw/SourcePackages/checkouts/firebase-ios-sdk/CoreOnly/Sources/dummy.m -o /Users/siam/Library/Developer/Xcode/DerivedData/Lingua_Quest-gvpckrqxtbgyprbgppjfqmimmmfw/Build/Intermediates.noindex/Firebase.build/Debug-iphonesimulator/Firebase.build/Objects-normal/arm64/dummy.o -index-unit-output-path /Firebase.build/Debug-iphonesimulator/Firebase.build/Objects-normal/arm64/dummy.o

CompileC /Users/siam/Library/Developer/Xcode/DerivedData/Lingua_Quest-gvpckrqxtbgyprbgppjfqmimmmfw/Build/Intermediates.noindex/gRPC.build/Debug-iphonesimulator/opensslWrapper.build/Objects-normal/arm64/resource_bundle_accessor.o /Users/siam/Library/Developer/Xcode/DerivedData/Lingua_Quest-gvpckrqxtbgyprbgppjfqmimmmfw/Build/Intermediates.noindex/gRPC.build/Debug-iphonesimulator/opensslWrapper.build/DerivedSources/resource_bundle_accessor.m normal arm64 objective-c com.apple.compilers.llvm.clang.1_0.compiler (in target 'opensslWrapper' from project 'gRPC')
    cd /Users/siam/Desktop/Lingua\ Quest/Lingua\ Quest.xcodeproj
    
    Using response file: /Users/siam/Library/Developer/Xcode/DerivedData/Lingua_Quest-gvpckrqxtbgyprbgppjfqmimmmfw/Build/Intermediates.noindex/gRPC.build/Debug-iphonesimulator/opensslWrapper.build/Objects-normal/arm64/e6072d4f65d7061329687fe24e3d63a7-common-args.resp
    
    /Applications/Xcode.app/Contents/Developer/Toolchains/XcodeDefault.xctoolchain/usr/bin/clang -x objective-c -ivfsstatcache /Users/siam/Library/Developer/Xcode/DerivedData/SDKStatCaches.noindex/iphonesimulator26.0-23A339-26257891a6c027eb51374368541b8346.sdkstatcache -fmessage-length\=0 -fdiagnostics-show-note-include-stack -fmacro-backtrace-limit\=0 -fno-color-diagnostics -fmodules-prune-interval\=86400 -fmodules-prune-after\=345600 -fbuild-session-file\=/Users/siam/Library/Developer/Xcode/DerivedData/ModuleCache.noindex/Session.modulevalidation -fmodules-validate-once-per-build-session -Wnon-modular-include-in-framework-module -Werror\=non-modular-include-in-framework-module -Wno-trigraphs -Wno-missing-field-initializers -Wno-missing-prototypes -Wno-return-type -Wno-implicit-atomic-properties -Wno-objc-interface-ivars -Wno-arc-repeated-use-of-weak -Wno-missing-braces -Wparentheses -Wswitch -Wno-unused-function -Wno-unused-label -Wno-unused-parameter -Wno-unused-variable -Wunused-value -Wno-empty-body -Wno-uninitialized -Wno-unknown-pragmas -w -Wno-shadow -Wno-four-char-constants -Wno-conversion -Wno-constant-conversion -Wno-int-conversion -Wno-bool-conversion -Wno-enum-conversion -Wno-float-conversion -Wno-non-literal-null-conversion -Wno-objc-literal-conversion -Wshorten-64-to-32 -Wpointer-sign -Wno-newline-eof -Wno-selector -Wno-strict-selector-match -Wno-undeclared-selector -Wno-deprecated-implementations -Wno-implicit-fallthrough -fstrict-aliasing -Wprotocol -Wdeprecated-declarations -Wno-sign-conversion -Wno-infinite-recursion -Wno-comma -Wno-block-capture-autoreleasing -Wno-strict-prototypes -Wno-semicolon-before-method-body -index-store-path /Users/siam/Library/Developer/Xcode/DerivedData/Lingua_Quest-gvpckrqxtbgyprbgppjfqmimmmfw/Index.noindex/DataStore @/Users/siam/Library/Developer/Xcode/DerivedData/Lingua_Quest-gvpckrqxtbgyprbgppjfqmimmmfw/Build/Intermediates.noindex/gRPC.build/Debug-iphonesimulator/opensslWrapper.build/Objects-normal/arm64/e6072d4f65d7061329687fe24e3d63a7-common-args.resp -include /Users/siam/Library/Developer/Xcode/DerivedData/Lingua_Quest-gvpckrqxtbgyprbgppjfqmimmmfw/Build/Intermediates.noindex/gRPC.build/Debug-iphonesimulator/opensslWrapper.build/DerivedSources/resource_bundle_accessor.h -MMD -MT dependencies -MF /Users/siam/Library/Developer/Xcode/DerivedData/Lingua_Quest-gvpckrqxtbgyprbgppjfqmimmmfw/Build/Intermediates.noindex/gRPC.build/Debug-iphonesimulator/opensslWrapper.build/Objects-normal/arm64/resource_bundle_accessor.d --serialize-diagnostics /Users/siam/Library/Developer/Xcode/DerivedData/Lingua_Quest-gvpckrqxtbgyprbgppjfqmimmmfw/Build/Intermediates.noindex/gRPC.build/Debug-iphonesimulator/opensslWrapper.build/Objects-normal/arm64/resource_bundle_accessor.dia -c /Users/siam/Library/Developer/Xcode/DerivedData/Lingua_Quest-gvpckrqxtbgyprbgppjfqmimmmfw/Build/Intermediates.noindex/gRPC.build/Debug-iphonesimulator/opensslWrapper.build/DerivedSources/resource_bundle_accessor.m -o /Users/siam/Library/Developer/Xcode/DerivedData/Lingua_Quest-gvpckrqxtbgyprbgppjfqmimmmfw/Build/Intermediates.noindex/gRPC.build/Debug-iphonesimulator/opensslWrapper.build/Objects-normal/arm64/resource_bundle_accessor.o -index-unit-output-path /gRPC.build/Debug-iphonesimulator/opensslWrapper.build/Objects-normal/arm64/resource_bundle_accessor.o

CompileC /Users/siam/Library/Developer/Xcode/DerivedData/Lingua_Quest-gvpckrqxtbgyprbgppjfqmimmmfw/Build/Intermediates.noindex/gRPC.build/Debug-iphonesimulator/opensslWrapper.build/Objects-normal/arm64/empty.o /Users/siam/Library/Developer/Xcode/DerivedData/Lingua_Quest-gvpckrqxtbgyprbgppjfqmimmmfw/SourcePackages/checkouts/grpc-binary/openssl-grpc-Wrapper/empty.m normal arm64 objective-c com.apple.compilers.llvm.clang.1_0.compiler (in target 'opensslWrapper' from project 'gRPC')
    cd /Users/siam/Desktop/Lingua\ Quest/Lingua\ Quest.xcodeproj
    
    Using response file: /Users/siam/Library/Developer/Xcode/DerivedData/Lingua_Quest-gvpckrqxtbgyprbgppjfqmimmmfw/Build/Intermediates.noindex/gRPC.build/Debug-iphonesimulator/opensslWrapper.build/Objects-normal/arm64/e6072d4f65d7061329687fe24e3d63a7-common-args.resp
    
    /Applications/Xcode.app/Contents/Developer/Toolchains/XcodeDefault.xctoolchain/usr/bin/clang -x objective-c -ivfsstatcache /Users/siam/Library/Developer/Xcode/DerivedData/SDKStatCaches.noindex/iphonesimulator26.0-23A339-26257891a6c027eb51374368541b8346.sdkstatcache -fmessage-length\=0 -fdiagnostics-show-note-include-stack -fmacro-backtrace-limit\=0 -fno-color-diagnostics -fmodules-prune-interval\=86400 -fmodules-prune-after\=345600 -fbuild-session-file\=/Users/siam/Library/Developer/Xcode/DerivedData/ModuleCache.noindex/Session.modulevalidation -fmodules-validate-once-per-build-session -Wnon-modular-include-in-framework-module -Werror\=non-modular-include-in-framework-module -Wno-trigraphs -Wno-missing-field-initializers -Wno-missing-prototypes -Wno-return-type -Wno-implicit-atomic-properties -Wno-objc-interface-ivars -Wno-arc-repeated-use-of-weak -Wno-missing-braces -Wparentheses -Wswitch -Wno-unused-function -Wno-unused-label -Wno-unused-parameter -Wno-unused-variable -Wunused-value -Wno-empty-body -Wno-uninitialized -Wno-unknown-pragmas -w -Wno-shadow -Wno-four-char-constants -Wno-conversion -Wno-constant-conversion -Wno-int-conversion -Wno-bool-conversion -Wno-enum-conversion -Wno-float-conversion -Wno-non-literal-null-conversion -Wno-objc-literal-conversion -Wshorten-64-to-32 -Wpointer-sign -Wno-newline-eof -Wno-selector -Wno-strict-selector-match -Wno-undeclared-selector -Wno-deprecated-implementations -Wno-implicit-fallthrough -fstrict-aliasing -Wprotocol -Wdeprecated-declarations -Wno-sign-conversion -Wno-infinite-recursion -Wno-comma -Wno-block-capture-autoreleasing -Wno-strict-prototypes -Wno-semicolon-before-method-body -index-store-path /Users/siam/Library/Developer/Xcode/DerivedData/Lingua_Quest-gvpckrqxtbgyprbgppjfqmimmmfw/Index.noindex/DataStore @/Users/siam/Library/Developer/Xcode/DerivedData/Lingua_Quest-gvpckrqxtbgyprbgppjfqmimmmfw/Build/Intermediates.noindex/gRPC.build/Debug-iphonesimulator/opensslWrapper.build/Objects-normal/arm64/e6072d4f65d7061329687fe24e3d63a7-common-args.resp -include /Users/siam/Library/Developer/Xcode/DerivedData/Lingua_Quest-gvpckrqxtbgyprbgppjfqmimmmfw/Build/Intermediates.noindex/gRPC.build/Debug-iphonesimulator/opensslWrapper.build/DerivedSources/resource_bundle_accessor.h -MMD -MT dependencies -MF /Users/siam/Library/Developer/Xcode/DerivedData/Lingua_Quest-gvpckrqxtbgyprbgppjfqmimmmfw/Build/Intermediates.noindex/gRPC.build/Debug-iphonesimulator/opensslWrapper.build/Objects-normal/arm64/empty.d --serialize-diagnostics /Users/siam/Library/Developer/Xcode/DerivedData/Lingua_Quest-gvpckrqxtbgyprbgppjfqmimmmfw/Build/Intermediates.noindex/gRPC.build/Debug-iphonesimulator/opensslWrapper.build/Objects-normal/arm64/empty.dia -c /Users/siam/Library/Developer/Xcode/DerivedData/Lingua_Quest-gvpckrqxtbgyprbgppjfqmimmmfw/SourcePackages/checkouts/grpc-binary/openssl-grpc-Wrapper/empty.m -o /Users/siam/Library/Developer/Xcode/DerivedData/Lingua_Quest-gvpckrqxtbgyprbgppjfqmimmmfw/Build/Intermediates.noindex/gRPC.build/Debug-iphonesimulator/opensslWrapper.build/Objects-normal/arm64/empty.o -index-unit-output-path /gRPC.build/Debug-iphonesimulator/opensslWrapper.build/Objects-normal/arm64/empty.o

CompileC /Users/siam/Library/Developer/Xcode/DerivedData/Lingua_Quest-gvpckrqxtbgyprbgppjfqmimmmfw/Build/Intermediates.noindex/gRPC.build/Debug-iphonesimulator/grpcppWrapper.build/Objects-normal/arm64/resource_bundle_accessor.o /Users/siam/Library/Developer/Xcode/DerivedData/Lingua_Quest-gvpckrqxtbgyprbgppjfqmimmmfw/Build/Intermediates.noindex/gRPC.build/Debug-iphonesimulator/grpcppWrapper.build/DerivedSources/resource_bundle_accessor.m normal arm64 objective-c com.apple.compilers.llvm.clang.1_0.compiler (in target 'grpcppWrapper' from project 'gRPC')
    cd /Users/siam/Desktop/Lingua\ Quest/Lingua\ Quest.xcodeproj
    
    Using response file: /Users/siam/Library/Developer/Xcode/DerivedData/Lingua_Quest-gvpckrqxtbgyprbgppjfqmimmmfw/Build/Intermediates.noindex/gRPC.build/Debug-iphonesimulator/grpcppWrapper.build/Objects-normal/arm64/e6072d4f65d7061329687fe24e3d63a7-common-args.resp
    
    /Applications/Xcode.app/Contents/Developer/Toolchains/XcodeDefault.xctoolchain/usr/bin/clang -x objective-c -ivfsstatcache /Users/siam/Library/Developer/Xcode/DerivedData/SDKStatCaches.noindex/iphonesimulator26.0-23A339-26257891a6c027eb51374368541b8346.sdkstatcache -fmessage-length\=0 -fdiagnostics-show-note-include-stack -fmacro-backtrace-limit\=0 -fno-color-diagnostics -fmodules-prune-interval\=86400 -fmodules-prune-after\=345600 -fbuild-session-file\=/Users/siam/Library/Developer/Xcode/DerivedData/ModuleCache.noindex/Session.modulevalidation -fmodules-validate-once-per-build-session -Wnon-modular-include-in-framework-module -Werror\=non-modular-include-in-framework-module -Wno-trigraphs -Wno-missing-field-initializers -Wno-missing-prototypes -Wno-return-type -Wno-implicit-atomic-properties -Wno-objc-interface-ivars -Wno-arc-repeated-use-of-weak -Wno-missing-braces -Wparentheses -Wswitch -Wno-unused-function -Wno-unused-label -Wno-unused-parameter -Wno-unused-variable -Wunused-value -Wno-empty-body -Wno-uninitialized -Wno-unknown-pragmas -w -Wno-shadow -Wno-four-char-constants -Wno-conversion -Wno-constant-conversion -Wno-int-conversion -Wno-bool-conversion -Wno-enum-conversion -Wno-float-conversion -Wno-non-literal-null-conversion -Wno-objc-literal-conversion -Wshorten-64-to-32 -Wpointer-sign -Wno-newline-eof -Wno-selector -Wno-strict-selector-match -Wno-undeclared-selector -Wno-deprecated-implementations -Wno-implicit-fallthrough -fstrict-aliasing -Wprotocol -Wdeprecated-declarations -Wno-sign-conversion -Wno-infinite-recursion -Wno-comma -Wno-block-capture-autoreleasing -Wno-strict-prototypes -Wno-semicolon-before-method-body -index-store-path /Users/siam/Library/Developer/Xcode/DerivedData/Lingua_Quest-gvpckrqxtbgyprbgppjfqmimmmfw/Index.noindex/DataStore @/Users/siam/Library/Developer/Xcode/DerivedData/Lingua_Quest-gvpckrqxtbgyprbgppjfqmimmmfw/Build/Intermediates.noindex/gRPC.build/Debug-iphonesimulator/grpcppWrapper.build/Objects-normal/arm64/e6072d4f65d7061329687fe24e3d63a7-common-args.resp -include /Users/siam/Library/Developer/Xcode/DerivedData/Lingua_Quest-gvpckrqxtbgyprbgppjfqmimmmfw/Build/Intermediates.noindex/gRPC.build/Debug-iphonesimulator/grpcppWrapper.build/DerivedSources/resource_bundle_accessor.h -MMD -MT dependencies -MF /Users/siam/Library/Developer/Xcode/DerivedData/Lingua_Quest-gvpckrqxtbgyprbgppjfqmimmmfw/Build/Intermediates.noindex/gRPC.build/Debug-iphonesimulator/grpcppWrapper.build/Objects-normal/arm64/resource_bundle_accessor.d --serialize-diagnostics /Users/siam/Library/Developer/Xcode/DerivedData/Lingua_Quest-gvpckrqxtbgyprbgppjfqmimmmfw/Build/Intermediates.noindex/gRPC.build/Debug-iphonesimulator/grpcppWrapper.build/Objects-normal/arm64/resource_bundle_accessor.dia -c /Users/siam/Library/Developer/Xcode/DerivedData/Lingua_Quest-gvpckrqxtbgyprbgppjfqmimmmfw/Build/Intermediates.noindex/gRPC.build/Debug-iphonesimulator/grpcppWrapper.build/DerivedSources/resource_bundle_accessor.m -o /Users/siam/Library/Developer/Xcode/DerivedData/Lingua_Quest-gvpckrqxtbgyprbgppjfqmimmmfw/Build/Intermediates.noindex/gRPC.build/Debug-iphonesimulator/grpcppWrapper.build/Objects-normal/arm64/resource_bundle_accessor.o -index-unit-output-path /gRPC.build/Debug-iphonesimulator/grpcppWrapper.build/Objects-normal/arm64/resource_bundle_accessor.o

CompileC /Users/siam/Library/Developer/Xcode/DerivedData/Lingua_Quest-gvpckrqxtbgyprbgppjfqmimmmfw/Build/Intermediates.noindex/gRPC.build/Debug-iphonesimulator/grpcppWrapper.build/Objects-normal/arm64/empty.o /Users/siam/Library/Developer/Xcode/DerivedData/Lingua_Quest-gvpckrqxtbgyprbgppjfqmimmmfw/SourcePackages/checkouts/grpc-binary/grpcpp-Wrapper/empty.m normal arm64 objective-c com.apple.compilers.llvm.clang.1_0.compiler (in target 'grpcppWrapper' from project 'gRPC')
    cd /Users/siam/Desktop/Lingua\ Quest/Lingua\ Quest.xcodeproj
    
    Using response file: /Users/siam/Library/Developer/Xcode/DerivedData/Lingua_Quest-gvpckrqxtbgyprbgppjfqmimmmfw/Build/Intermediates.noindex/gRPC.build/Debug-iphonesimulator/grpcppWrapper.build/Objects-normal/arm64/e6072d4f65d7061329687fe24e3d63a7-common-args.resp
    
    /Applications/Xcode.app/Contents/Developer/Toolchains/XcodeDefault.xctoolchain/usr/bin/clang -x objective-c -ivfsstatcache /Users/siam/Library/Developer/Xcode/DerivedData/SDKStatCaches.noindex/iphonesimulator26.0-23A339-26257891a6c027eb51374368541b8346.sdkstatcache -fmessage-length\=0 -fdiagnostics-show-note-include-stack -fmacro-backtrace-limit\=0 -fno-color-diagnostics -fmodules-prune-interval\=86400 -fmodules-prune-after\=345600 -fbuild-session-file\=/Users/siam/Library/Developer/Xcode/DerivedData/ModuleCache.noindex/Session.modulevalidation -fmodules-validate-once-per-build-session -Wnon-modular-include-in-framework-module -Werror\=non-modular-include-in-framework-module -Wno-trigraphs -Wno-missing-field-initializers -Wno-missing-prototypes -Wno-return-type -Wno-implicit-atomic-properties -Wno-objc-interface-ivars -Wno-arc-repeated-use-of-weak -Wno-missing-braces -Wparentheses -Wswitch -Wno-unused-function -Wno-unused-label -Wno-unused-parameter -Wno-unused-variable -Wunused-value -Wno-empty-body -Wno-uninitialized -Wno-unknown-pragmas -w -Wno-shadow -Wno-four-char-constants -Wno-conversion -Wno-constant-conversion -Wno-int-conversion -Wno-bool-conversion -Wno-enum-conversion -Wno-float-conversion -Wno-non-literal-null-conversion -Wno-objc-literal-conversion -Wshorten-64-to-32 -Wpointer-sign -Wno-newline-eof -Wno-selector -Wno-strict-selector-match -Wno-undeclared-selector -Wno-deprecated-implementations -Wno-implicit-fallthrough -fstrict-aliasing -Wprotocol -Wdeprecated-declarations -Wno-sign-conversion -Wno-infinite-recursion -Wno-comma -Wno-block-capture-autoreleasing -Wno-strict-prototypes -Wno-semicolon-before-method-body -index-store-path /Users/siam/Library/Developer/Xcode/DerivedData/Lingua_Quest-gvpckrqxtbgyprbgppjfqmimmmfw/Index.noindex/DataStore @/Users/siam/Library/Developer/Xcode/DerivedData/Lingua_Quest-gvpckrqxtbgyprbgppjfqmimmmfw/Build/Intermediates.noindex/gRPC.build/Debug-iphonesimulator/grpcppWrapper.build/Objects-normal/arm64/e6072d4f65d7061329687fe24e3d63a7-common-args.resp -include /Users/siam/Library/Developer/Xcode/DerivedData/Lingua_Quest-gvpckrqxtbgyprbgppjfqmimmmfw/Build/Intermediates.noindex/gRPC.build/Debug-iphonesimulator/grpcppWrapper.build/DerivedSources/resource_bundle_accessor.h -MMD -MT dependencies -MF /Users/siam/Library/Developer/Xcode/DerivedData/Lingua_Quest-gvpckrqxtbgyprbgppjfqmimmmfw/Build/Intermediates.noindex/gRPC.build/Debug-iphonesimulator/grpcppWrapper.build/Objects-normal/arm64/empty.d --serialize-diagnostics /Users/siam/Library/Developer/Xcode/DerivedData/Lingua_Quest-gvpckrqxtbgyprbgppjfqmimmmfw/Build/Intermediates.noindex/gRPC.build/Debug-iphonesimulator/grpcppWrapper.build/Objects-normal/arm64/empty.dia -c /Users/siam/Library/Developer/Xcode/DerivedData/Lingua_Quest-gvpckrqxtbgyprbgppjfqmimmmfw/SourcePackages/checkouts/grpc-binary/grpcpp-Wrapper/empty.m -o /Users/siam/Library/Developer/Xcode/DerivedData/Lingua_Quest-gvpckrqxtbgyprbgppjfqmimmmfw/Build/Intermediates.noindex/gRPC.build/Debug-iphonesimulator/grpcppWrapper.build/Objects-normal/arm64/empty.o -index-unit-output-path /gRPC.build/Debug-iphonesimulator/grpcppWrapper.build/Objects-normal/arm64/empty.o

CompileC /Users/siam/Library/Developer/Xcode/DerivedData/Lingua_Quest-gvpckrqxtbgyprbgppjfqmimmmfw/Build/Intermediates.noindex/gRPC.build/Debug-iphonesimulator/grpcWrapper.build/Objects-normal/arm64/resource_bundle_accessor.o /Users/siam/Library/Developer/Xcode/DerivedData/Lingua_Quest-gvpckrqxtbgyprbgppjfqmimmmfw/Build/Intermediates.noindex/gRPC.build/Debug-iphonesimulator/grpcWrapper.build/DerivedSources/resource_bundle_accessor.m normal arm64 objective-c com.apple.compilers.llvm.clang.1_0.compiler (in target 'grpcWrapper' from project 'gRPC')
    cd /Users/siam/Desktop/Lingua\ Quest/Lingua\ Quest.xcodeproj
    
    Using response file: /Users/siam/Library/Developer/Xcode/DerivedData/Lingua_Quest-gvpckrqxtbgyprbgppjfqmimmmfw/Build/Intermediates.noindex/gRPC.build/Debug-iphonesimulator/grpcWrapper.build/Objects-normal/arm64/e6072d4f65d7061329687fe24e3d63a7-common-args.resp
    
    /Applications/Xcode.app/Contents/Developer/Toolchains/XcodeDefault.xctoolchain/usr/bin/clang -x objective-c -ivfsstatcache /Users/siam/Library/Developer/Xcode/DerivedData/SDKStatCaches.noindex/iphonesimulator26.0-23A339-26257891a6c027eb51374368541b8346.sdkstatcache -fmessage-length\=0 -fdiagnostics-show-note-include-stack -fmacro-backtrace-limit\=0 -fno-color-diagnostics -fmodules-prune-interval\=86400 -fmodules-prune-after\=345600 -fbuild-session-file\=/Users/siam/Library/Developer/Xcode/DerivedData/ModuleCache.noindex/Session.modulevalidation -fmodules-validate-once-per-build-session -Wnon-modular-include-in-framework-module -Werror\=non-modular-include-in-framework-module -Wno-trigraphs -Wno-missing-field-initializers -Wno-missing-prototypes -Wno-return-type -Wno-implicit-atomic-properties -Wno-objc-interface-ivars -Wno-arc-repeated-use-of-weak -Wno-missing-braces -Wparentheses -Wswitch -Wno-unused-function -Wno-unused-label -Wno-unused-parameter -Wno-unused-variable -Wunused-value -Wno-empty-body -Wno-uninitialized -Wno-unknown-pragmas -w -Wno-shadow -Wno-four-char-constants -Wno-conversion -Wno-constant-conversion -Wno-int-conversion -Wno-bool-conversion -Wno-enum-conversion -Wno-float-conversion -Wno-non-literal-null-conversion -Wno-objc-literal-conversion -Wshorten-64-to-32 -Wpointer-sign -Wno-newline-eof -Wno-selector -Wno-strict-selector-match -Wno-undeclared-selector -Wno-deprecated-implementations -Wno-implicit-fallthrough -fstrict-aliasing -Wprotocol -Wdeprecated-declarations -Wno-sign-conversion -Wno-infinite-recursion -Wno-comma -Wno-block-capture-autoreleasing -Wno-strict-prototypes -Wno-semicolon-before-method-body -index-store-path /Users/siam/Library/Developer/Xcode/DerivedData/Lingua_Quest-gvpckrqxtbgyprbgppjfqmimmmfw/Index.noindex/DataStore @/Users/siam/Library/Developer/Xcode/DerivedData/Lingua_Quest-gvpckrqxtbgyprbgppjfqmimmmfw/Build/Intermediates.noindex/gRPC.build/Debug-iphonesimulator/grpcWrapper.build/Objects-normal/arm64/e6072d4f65d7061329687fe24e3d63a7-common-args.resp -include /Users/siam/Library/Developer/Xcode/DerivedData/Lingua_Quest-gvpckrqxtbgyprbgppjfqmimmmfw/Build/Intermediates.noindex/gRPC.build/Debug-iphonesimulator/grpcWrapper.build/DerivedSources/resource_bundle_accessor.h -MMD -MT dependencies -MF /Users/siam/Library/Developer/Xcode/DerivedData/Lingua_Quest-gvpckrqxtbgyprbgppjfqmimmmfw/Build/Intermediates.noindex/gRPC.build/Debug-iphonesimulator/grpcWrapper.build/Objects-normal/arm64/resource_bundle_accessor.d --serialize-diagnostics /Users/siam/Library/Developer/Xcode/DerivedData/Lingua_Quest-gvpckrqxtbgyprbgppjfqmimmmfw/Build/Intermediates.noindex/gRPC.build/Debug-iphonesimulator/grpcWrapper.build/Objects-normal/arm64/resource_bundle_accessor.dia -c /Users/siam/Library/Developer/Xcode/DerivedData/Lingua_Quest-gvpckrqxtbgyprbgppjfqmimmmfw/Build/Intermediates.noindex/gRPC.build/Debug-iphonesimulator/grpcWrapper.build/DerivedSources/resource_bundle_accessor.m -o /Users/siam/Library/Developer/Xcode/DerivedData/Lingua_Quest-gvpckrqxtbgyprbgppjfqmimmmfw/Build/Intermediates.noindex/gRPC.build/Debug-iphonesimulator/grpcWrapper.build/Objects-normal/arm64/resource_bundle_accessor.o -index-unit-output-path /gRPC.build/Debug-iphonesimulator/grpcWrapper.build/Objects-normal/arm64/resource_bundle_accessor.o

CompileC /Users/siam/Library/Developer/Xcode/DerivedData/Lingua_Quest-gvpckrqxtbgyprbgppjfqmimmmfw/Build/Intermediates.noindex/gRPC.build/Debug-iphonesimulator/grpcWrapper.build/Objects-normal/arm64/empty.o /Users/siam/Library/Developer/Xcode/DerivedData/Lingua_Quest-gvpckrqxtbgyprbgppjfqmimmmfw/SourcePackages/checkouts/grpc-binary/grpc-Wrapper/empty.m normal arm64 objective-c com.apple.compilers.llvm.clang.1_0.compiler (in target 'grpcWrapper' from project 'gRPC')
    cd /Users/siam/Desktop/Lingua\ Quest/Lingua\ Quest.xcodeproj
    
    Using response file: /Users/siam/Library/Developer/Xcode/DerivedData/Lingua_Quest-gvpckrqxtbgyprbgppjfqmimmmfw/Build/Intermediates.noindex/gRPC.build/Debug-iphonesimulator/grpcWrapper.build/Objects-normal/arm64/e6072d4f65d7061329687fe24e3d63a7-common-args.resp
    
    /Applications/Xcode.app/Contents/Developer/Toolchains/XcodeDefault.xctoolchain/usr/bin/clang -x objective-c -ivfsstatcache /Users/siam/Library/Developer/Xcode/DerivedData/SDKStatCaches.noindex/iphonesimulator26.0-23A339-26257891a6c027eb51374368541b8346.sdkstatcache -fmessage-length\=0 -fdiagnostics-show-note-include-stack -fmacro-backtrace-limit\=0 -fno-color-diagnostics -fmodules-prune-interval\=86400 -fmodules-prune-after\=345600 -fbuild-session-file\=/Users/siam/Library/Developer/Xcode/DerivedData/ModuleCache.noindex/Session.modulevalidation -fmodules-validate-once-per-build-session -Wnon-modular-include-in-framework-module -Werror\=non-modular-include-in-framework-module -Wno-trigraphs -Wno-missing-field-initializers -Wno-missing-prototypes -Wno-return-type -Wno-implicit-atomic-properties -Wno-objc-interface-ivars -Wno-arc-repeated-use-of-weak -Wno-missing-braces -Wparentheses -Wswitch -Wno-unused-function -Wno-unused-label -Wno-unused-parameter -Wno-unused-variable -Wunused-value -Wno-empty-body -Wno-uninitialized -Wno-unknown-pragmas -w -Wno-shadow -Wno-four-char-constants -Wno-conversion -Wno-constant-conversion -Wno-int-conversion -Wno-bool-conversion -Wno-enum-conversion -Wno-float-conversion -Wno-non-literal-null-conversion -Wno-objc-literal-conversion -Wshorten-64-to-32 -Wpointer-sign -Wno-newline-eof -Wno-selector -Wno-strict-selector-match -Wno-undeclared-selector -Wno-deprecated-implementations -Wno-implicit-fallthrough -fstrict-aliasing -Wprotocol -Wdeprecated-declarations -Wno-sign-conversion -Wno-infinite-recursion -Wno-comma -Wno-block-capture-autoreleasing -Wno-strict-prototypes -Wno-semicolon-before-method-body -index-store-path /Users/siam/Library/Developer/Xcode/DerivedData/Lingua_Quest-gvpckrqxtbgyprbgppjfqmimmmfw/Index.noindex/DataStore @/Users/siam/Library/Developer/Xcode/DerivedData/Lingua_Quest-gvpckrqxtbgyprbgppjfqmimmmfw/Build/Intermediates.noindex/gRPC.build/Debug-iphonesimulator/grpcWrapper.build/Objects-normal/arm64/e6072d4f65d7061329687fe24e3d63a7-common-args.resp -include /Users/siam/Library/Developer/Xcode/DerivedData/Lingua_Quest-gvpckrqxtbgyprbgppjfqmimmmfw/Build/Intermediates.noindex/gRPC.build/Debug-iphonesimulator/grpcWrapper.build/DerivedSources/resource_bundle_accessor.h -MMD -MT dependencies -MF /Users/siam/Library/Developer/Xcode/DerivedData/Lingua_Quest-gvpckrqxtbgyprbgppjfqmimmmfw/Build/Intermediates.noindex/gRPC.build/Debug-iphonesimulator/grpcWrapper.build/Objects-normal/arm64/empty.d --serialize-diagnostics /Users/siam/Library/Developer/Xcode/DerivedData/Lingua_Quest-gvpckrqxtbgyprbgppjfqmimmmfw/Build/Intermediates.noindex/gRPC.build/Debug-iphonesimulator/grpcWrapper.build/Objects-normal/arm64/empty.dia -c /Users/siam/Library/Developer/Xcode/DerivedData/Lingua_Quest-gvpckrqxtbgyprbgppjfqmimmmfw/SourcePackages/checkouts/grpc-binary/grpc-Wrapper/empty.m -o /Users/siam/Library/Developer/Xcode/DerivedData/Lingua_Quest-gvpckrqxtbgyprbgppjfqmimmmfw/Build/Intermediates.noindex/gRPC.build/Debug-iphonesimulator/grpcWrapper.build/Objects-normal/arm64/empty.o -index-unit-output-path /gRPC.build/Debug-iphonesimulator/grpcWrapper.build/Objects-normal/arm64/empty.o

Ld /Users/siam/Library/Developer/Xcode/DerivedData/Lingua_Quest-gvpckrqxtbgyprbgppjfqmimmmfw/Build/Intermediates.noindex/Firebase.build/Debug-iphonesimulator/FirebaseAppCheckInterop.build/Objects-normal/arm64/Binary/FirebaseAppCheckInterop.o normal arm64 (in target 'FirebaseAppCheckInterop' from project 'Firebase')
    cd /Users/siam/Library/Developer/Xcode/DerivedData/Lingua_Quest-gvpckrqxtbgyprbgppjfqmimmmfw/SourcePackages/checkouts/firebase-ios-sdk
    /Applications/Xcode.app/Contents/Developer/Toolchains/XcodeDefault.xctoolchain/usr/bin/clang -Xlinker -reproducible -target arm64-apple-ios15.0-simulator -r -isysroot /Applications/Xcode.app/Contents/Developer/Platforms/iPhoneSimulator.platform/Developer/SDKs/iPhoneSimulator26.0.sdk -O0 -w -L/Users/siam/Library/Developer/Xcode/DerivedData/Lingua_Quest-gvpckrqxtbgyprbgppjfqmimmmfw/Build/Intermediates.noindex/EagerLinkingTBDs/Debug-iphonesimulator -L/Users/siam/Library/Developer/Xcode/DerivedData/Lingua_Quest-gvpckrqxtbgyprbgppjfqmimmmfw/Build/Products/Debug-iphonesimulator -L/Applications/Xcode.app/Contents/Developer/Platforms/iPhoneSimulator.platform/Developer/usr/lib -F/Users/siam/Library/Developer/Xcode/DerivedData/Lingua_Quest-gvpckrqxtbgyprbgppjfqmimmmfw/Build/Intermediates.noindex/EagerLinkingTBDs/Debug-iphonesimulator -F/Users/siam/Library/Developer/Xcode/DerivedData/Lingua_Quest-gvpckrqxtbgyprbgppjfqmimmmfw/Build/Products/Debug-iphonesimulator -iframework /Applications/Xcode.app/Contents/Developer/Platforms/iPhoneSimulator.platform/Developer/Library/Frameworks -iframework /Applications/Xcode.app/Contents/Developer/Platforms/iPhoneSimulator.platform/Developer/SDKs/iPhoneSimulator26.0.sdk/Developer/Library/Frameworks -filelist /Users/siam/Library/Developer/Xcode/DerivedData/Lingua_Quest-gvpckrqxtbgyprbgppjfqmimmmfw/Build/Intermediates.noindex/Firebase.build/Debug-iphonesimulator/FirebaseAppCheckInterop.build/Objects-normal/arm64/FirebaseAppCheckInterop.LinkFileList -nostdlib -Xlinker -object_path_lto -Xlinker /Users/siam/Library/Developer/Xcode/DerivedData/Lingua_Quest-gvpckrqxtbgyprbgppjfqmimmmfw/Build/Intermediates.noindex/Firebase.build/Debug-iphonesimulator/FirebaseAppCheckInterop.build/Objects-normal/arm64/FirebaseAppCheckInterop_lto.o -rdynamic -Xlinker -no_deduplicate -Xlinker -objc_abi_version -Xlinker 2 -Xlinker -debug_variant -Xlinker -dependency_info -Xlinker /Users/siam/Library/Developer/Xcode/DerivedData/Lingua_Quest-gvpckrqxtbgyprbgppjfqmimmmfw/Build/Intermediates.noindex/Firebase.build/Debug-iphonesimulator/FirebaseAppCheckInterop.build/Objects-normal/arm64/FirebaseAppCheckInterop_dependency_info.dat -fobjc-arc -fobjc-link-runtime -o /Users/siam/Library/Developer/Xcode/DerivedData/Lingua_Quest-gvpckrqxtbgyprbgppjfqmimmmfw/Build/Intermediates.noindex/Firebase.build/Debug-iphonesimulator/FirebaseAppCheckInterop.build/Objects-normal/arm64/Binary/FirebaseAppCheckInterop.o

Ld /Users/siam/Library/Developer/Xcode/DerivedData/Lingua_Quest-gvpckrqxtbgyprbgppjfqmimmmfw/Build/Intermediates.noindex/Firebase.build/Debug-iphonesimulator/Firebase.build/Objects-normal/arm64/Binary/Firebase.o normal arm64 (in target 'Firebase' from project 'Firebase')
    cd /Users/siam/Library/Developer/Xcode/DerivedData/Lingua_Quest-gvpckrqxtbgyprbgppjfqmimmmfw/SourcePackages/checkouts/firebase-ios-sdk
    /Applications/Xcode.app/Contents/Developer/Toolchains/XcodeDefault.xctoolchain/usr/bin/clang -Xlinker -reproducible -target arm64-apple-ios15.0-simulator -r -isysroot /Applications/Xcode.app/Contents/Developer/Platforms/iPhoneSimulator.platform/Developer/SDKs/iPhoneSimulator26.0.sdk -O0 -w -L/Users/siam/Library/Developer/Xcode/DerivedData/Lingua_Quest-gvpckrqxtbgyprbgppjfqmimmmfw/Build/Intermediates.noindex/EagerLinkingTBDs/Debug-iphonesimulator -L/Users/siam/Library/Developer/Xcode/DerivedData/Lingua_Quest-gvpckrqxtbgyprbgppjfqmimmmfw/Build/Products/Debug-iphonesimulator -L/Applications/Xcode.app/Contents/Developer/Platforms/iPhoneSimulator.platform/Developer/usr/lib -F/Users/siam/Library/Developer/Xcode/DerivedData/Lingua_Quest-gvpckrqxtbgyprbgppjfqmimmmfw/Build/Intermediates.noindex/EagerLinkingTBDs/Debug-iphonesimulator -F/Users/siam/Library/Developer/Xcode/DerivedData/Lingua_Quest-gvpckrqxtbgyprbgppjfqmimmmfw/Build/Products/Debug-iphonesimulator -iframework /Applications/Xcode.app/Contents/Developer/Platforms/iPhoneSimulator.platform/Developer/Library/Frameworks -iframework /Applications/Xcode.app/Contents/Developer/Platforms/iPhoneSimulator.platform/Developer/SDKs/iPhoneSimulator26.0.sdk/Developer/Library/Frameworks -filelist /Users/siam/Library/Developer/Xcode/DerivedData/Lingua_Quest-gvpckrqxtbgyprbgppjfqmimmmfw/Build/Intermediates.noindex/Firebase.build/Debug-iphonesimulator/Firebase.build/Objects-normal/arm64/Firebase.LinkFileList -nostdlib -Xlinker -object_path_lto -Xlinker /Users/siam/Library/Developer/Xcode/DerivedData/Lingua_Quest-gvpckrqxtbgyprbgppjfqmimmmfw/Build/Intermediates.noindex/Firebase.build/Debug-iphonesimulator/Firebase.build/Objects-normal/arm64/Firebase_lto.o -rdynamic -Xlinker -no_deduplicate -Xlinker -objc_abi_version -Xlinker 2 -Xlinker -debug_variant -Xlinker -dependency_info -Xlinker /Users/siam/Library/Developer/Xcode/DerivedData/Lingua_Quest-gvpckrqxtbgyprbgppjfqmimmmfw/Build/Intermediates.noindex/Firebase.build/Debug-iphonesimulator/Firebase.build/Objects-normal/arm64/Firebase_dependency_info.dat -fobjc-arc -fobjc-link-runtime -o /Users/siam/Library/Developer/Xcode/DerivedData/Lingua_Quest-gvpckrqxtbgyprbgppjfqmimmmfw/Build/Intermediates.noindex/Firebase.build/Debug-iphonesimulator/Firebase.build/Objects-normal/arm64/Binary/Firebase.o

CompileC /Users/siam/Library/Developer/Xcode/DerivedData/Lingua_Quest-gvpckrqxtbgyprbgppjfqmimmmfw/Build/Intermediates.noindex/abseil.build/Debug-iphonesimulator/abslWrapper.build/Objects-normal/arm64/resource_bundle_accessor.o /Users/siam/Library/Developer/Xcode/DerivedData/Lingua_Quest-gvpckrqxtbgyprbgppjfqmimmmfw/Build/Intermediates.noindex/abseil.build/Debug-iphonesimulator/abslWrapper.build/DerivedSources/resource_bundle_accessor.m normal arm64 objective-c com.apple.compilers.llvm.clang.1_0.compiler (in target 'abslWrapper' from project 'abseil')
    cd /Users/siam/Desktop/Lingua\ Quest/Lingua\ Quest.xcodeproj
    
    Using response file: /Users/siam/Library/Developer/Xcode/DerivedData/Lingua_Quest-gvpckrqxtbgyprbgppjfqmimmmfw/Build/Intermediates.noindex/abseil.build/Debug-iphonesimulator/abslWrapper.build/Objects-normal/arm64/e6072d4f65d7061329687fe24e3d63a7-common-args.resp
    
    /Applications/Xcode.app/Contents/Developer/Toolchains/XcodeDefault.xctoolchain/usr/bin/clang -x objective-c -ivfsstatcache /Users/siam/Library/Developer/Xcode/DerivedData/SDKStatCaches.noindex/iphonesimulator26.0-23A339-26257891a6c027eb51374368541b8346.sdkstatcache -fmessage-length\=0 -fdiagnostics-show-note-include-stack -fmacro-backtrace-limit\=0 -fno-color-diagnostics -fmodules-prune-interval\=86400 -fmodules-prune-after\=345600 -fbuild-session-file\=/Users/siam/Library/Developer/Xcode/DerivedData/ModuleCache.noindex/Session.modulevalidation -fmodules-validate-once-per-build-session -Wnon-modular-include-in-framework-module -Werror\=non-modular-include-in-framework-module -Wno-trigraphs -Wno-missing-field-initializers -Wno-missing-prototypes -Wno-return-type -Wno-implicit-atomic-properties -Wno-objc-interface-ivars -Wno-arc-repeated-use-of-weak -Wno-missing-braces -Wparentheses -Wswitch -Wno-unused-function -Wno-unused-label -Wno-unused-parameter -Wno-unused-variable -Wunused-value -Wno-empty-body -Wno-uninitialized -Wno-unknown-pragmas -w -Wno-shadow -Wno-four-char-constants -Wno-conversion -Wno-constant-conversion -Wno-int-conversion -Wno-bool-conversion -Wno-enum-conversion -Wno-float-conversion -Wno-non-literal-null-conversion -Wno-objc-literal-conversion -Wshorten-64-to-32 -Wpointer-sign -Wno-newline-eof -Wno-selector -Wno-strict-selector-match -Wno-undeclared-selector -Wno-deprecated-implementations -Wno-implicit-fallthrough -fstrict-aliasing -Wprotocol -Wdeprecated-declarations -Wno-sign-conversion -Wno-infinite-recursion -Wno-comma -Wno-block-capture-autoreleasing -Wno-strict-prototypes -Wno-semicolon-before-method-body -index-store-path /Users/siam/Library/Developer/Xcode/DerivedData/Lingua_Quest-gvpckrqxtbgyprbgppjfqmimmmfw/Index.noindex/DataStore @/Users/siam/Library/Developer/Xcode/DerivedData/Lingua_Quest-gvpckrqxtbgyprbgppjfqmimmmfw/Build/Intermediates.noindex/abseil.build/Debug-iphonesimulator/abslWrapper.build/Objects-normal/arm64/e6072d4f65d7061329687fe24e3d63a7-common-args.resp -include /Users/siam/Library/Developer/Xcode/DerivedData/Lingua_Quest-gvpckrqxtbgyprbgppjfqmimmmfw/Build/Intermediates.noindex/abseil.build/Debug-iphonesimulator/abslWrapper.build/DerivedSources/resource_bundle_accessor.h -MMD -MT dependencies -MF /Users/siam/Library/Developer/Xcode/DerivedData/Lingua_Quest-gvpckrqxtbgyprbgppjfqmimmmfw/Build/Intermediates.noindex/abseil.build/Debug-iphonesimulator/abslWrapper.build/Objects-normal/arm64/resource_bundle_accessor.d --serialize-diagnostics /Users/siam/Library/Developer/Xcode/DerivedData/Lingua_Quest-gvpckrqxtbgyprbgppjfqmimmmfw/Build/Intermediates.noindex/abseil.build/Debug-iphonesimulator/abslWrapper.build/Objects-normal/arm64/resource_bundle_accessor.dia -c /Users/siam/Library/Developer/Xcode/DerivedData/Lingua_Quest-gvpckrqxtbgyprbgppjfqmimmmfw/Build/Intermediates.noindex/abseil.build/Debug-iphonesimulator/abslWrapper.build/DerivedSources/resource_bundle_accessor.m -o /Users/siam/Library/Developer/Xcode/DerivedData/Lingua_Quest-gvpckrqxtbgyprbgppjfqmimmmfw/Build/Intermediates.noindex/abseil.build/Debug-iphonesimulator/abslWrapper.build/Objects-normal/arm64/resource_bundle_accessor.o -index-unit-output-path /abseil.build/Debug-iphonesimulator/abslWrapper.build/Objects-normal/arm64/resource_bundle_accessor.o

CompileC /Users/siam/Library/Developer/Xcode/DerivedData/Lingua_Quest-gvpckrqxtbgyprbgppjfqmimmmfw/Build/Intermediates.noindex/abseil.build/Debug-iphonesimulator/abslWrapper.build/Objects-normal/arm64/empty.o /Users/siam/Library/Developer/Xcode/DerivedData/Lingua_Quest-gvpckrqxtbgyprbgppjfqmimmmfw/SourcePackages/checkouts/abseil-cpp-binary/absl-Wrapper/empty.m normal arm64 objective-c com.apple.compilers.llvm.clang.1_0.compiler (in target 'abslWrapper' from project 'abseil')
    cd /Users/siam/Desktop/Lingua\ Quest/Lingua\ Quest.xcodeproj
    
    Using response file: /Users/siam/Library/Developer/Xcode/DerivedData/Lingua_Quest-gvpckrqxtbgyprbgppjfqmimmmfw/Build/Intermediates.noindex/abseil.build/Debug-iphonesimulator/abslWrapper.build/Objects-normal/arm64/e6072d4f65d7061329687fe24e3d63a7-common-args.resp
    
    /Applications/Xcode.app/Contents/Developer/Toolchains/XcodeDefault.xctoolchain/usr/bin/clang -x objective-c -ivfsstatcache /Users/siam/Library/Developer/Xcode/DerivedData/SDKStatCaches.noindex/iphonesimulator26.0-23A339-26257891a6c027eb51374368541b8346.sdkstatcache -fmessage-length\=0 -fdiagnostics-show-note-include-stack -fmacro-backtrace-limit\=0 -fno-color-diagnostics -fmodules-prune-interval\=86400 -fmodules-prune-after\=345600 -fbuild-session-file\=/Users/siam/Library/Developer/Xcode/DerivedData/ModuleCache.noindex/Session.modulevalidation -fmodules-validate-once-per-build-session -Wnon-modular-include-in-framework-module -Werror\=non-modular-include-in-framework-module -Wno-trigraphs -Wno-missing-field-initializers -Wno-missing-prototypes -Wno-return-type -Wno-implicit-atomic-properties -Wno-objc-interface-ivars -Wno-arc-repeated-use-of-weak -Wno-missing-braces -Wparentheses -Wswitch -Wno-unused-function -Wno-unused-label -Wno-unused-parameter -Wno-unused-variable -Wunused-value -Wno-empty-body -Wno-uninitialized -Wno-unknown-pragmas -w -Wno-shadow -Wno-four-char-constants -Wno-conversion -Wno-constant-conversion -Wno-int-conversion -Wno-bool-conversion -Wno-enum-conversion -Wno-float-conversion -Wno-non-literal-null-conversion -Wno-objc-literal-conversion -Wshorten-64-to-32 -Wpointer-sign -Wno-newline-eof -Wno-selector -Wno-strict-selector-match -Wno-undeclared-selector -Wno-deprecated-implementations -Wno-implicit-fallthrough -fstrict-aliasing -Wprotocol -Wdeprecated-declarations -Wno-sign-conversion -Wno-infinite-recursion -Wno-comma -Wno-block-capture-autoreleasing -Wno-strict-prototypes -Wno-semicolon-before-method-body -index-store-path /Users/siam/Library/Developer/Xcode/DerivedData/Lingua_Quest-gvpckrqxtbgyprbgppjfqmimmmfw/Index.noindex/DataStore @/Users/siam/Library/Developer/Xcode/DerivedData/Lingua_Quest-gvpckrqxtbgyprbgppjfqmimmmfw/Build/Intermediates.noindex/abseil.build/Debug-iphonesimulator/abslWrapper.build/Objects-normal/arm64/e6072d4f65d7061329687fe24e3d63a7-common-args.resp -include /Users/siam/Library/Developer/Xcode/DerivedData/Lingua_Quest-gvpckrqxtbgyprbgppjfqmimmmfw/Build/Intermediates.noindex/abseil.build/Debug-iphonesimulator/abslWrapper.build/DerivedSources/resource_bundle_accessor.h -MMD -MT dependencies -MF /Users/siam/Library/Developer/Xcode/DerivedData/Lingua_Quest-gvpckrqxtbgyprbgppjfqmimmmfw/Build/Intermediates.noindex/abseil.build/Debug-iphonesimulator/abslWrapper.build/Objects-normal/arm64/empty.d --serialize-diagnostics /Users/siam/Library/Developer/Xcode/DerivedData/Lingua_Quest-gvpckrqxtbgyprbgppjfqmimmmfw/Build/Intermediates.noindex/abseil.build/Debug-iphonesimulator/abslWrapper.build/Objects-normal/arm64/empty.dia -c /Users/siam/Library/Developer/Xcode/DerivedData/Lingua_Quest-gvpckrqxtbgyprbgppjfqmimmmfw/SourcePackages/checkouts/abseil-cpp-binary/absl-Wrapper/empty.m -o /Users/siam/Library/Developer/Xcode/DerivedData/Lingua_Quest-gvpckrqxtbgyprbgppjfqmimmmfw/Build/Intermediates.noindex/abseil.build/Debug-iphonesimulator/abslWrapper.build/Objects-normal/arm64/empty.o -index-unit-output-path /abseil.build/Debug-iphonesimulator/abslWrapper.build/Objects-normal/arm64/empty.o

CompileC /Users/siam/Library/Developer/Xcode/DerivedData/Lingua_Quest-gvpckrqxtbgyprbgppjfqmimmmfw/Build/Intermediates.noindex/GTMSessionFetcher.build/Debug-iphonesimulator/GTMSessionFetcherCore.build/Objects-normal/arm64/resource_bundle_accessor.o /Users/siam/Library/Developer/Xcode/DerivedData/Lingua_Quest-gvpckrqxtbgyprbgppjfqmimmmfw/Build/Intermediates.noindex/GTMSessionFetcher.build/Debug-iphonesimulator/GTMSessionFetcherCore.build/DerivedSources/resource_bundle_accessor.m normal arm64 objective-c com.apple.compilers.llvm.clang.1_0.compiler (in target 'GTMSessionFetcherCore' from project 'GTMSessionFetcher')
    cd /Users/siam/Desktop/Lingua\ Quest/Lingua\ Quest.xcodeproj
    
    Using response file: /Users/siam/Library/Developer/Xcode/DerivedData/Lingua_Quest-gvpckrqxtbgyprbgppjfqmimmmfw/Build/Intermediates.noindex/GTMSessionFetcher.build/Debug-iphonesimulator/GTMSessionFetcherCore.build/Objects-normal/arm64/e6072d4f65d7061329687fe24e3d63a7-common-args.resp
    
    /Applications/Xcode.app/Contents/Developer/Toolchains/XcodeDefault.xctoolchain/usr/bin/clang -x objective-c -ivfsstatcache /Users/siam/Library/Developer/Xcode/DerivedData/SDKStatCaches.noindex/iphonesimulator26.0-23A339-26257891a6c027eb51374368541b8346.sdkstatcache -fmessage-length\=0 -fdiagnostics-show-note-include-stack -fmacro-backtrace-limit\=0 -fno-color-diagnostics -fmodules-prune-interval\=86400 -fmodules-prune-after\=345600 -fbuild-session-file\=/Users/siam/Library/Developer/Xcode/DerivedData/ModuleCache.noindex/Session.modulevalidation -fmodules-validate-once-per-build-session -Wnon-modular-include-in-framework-module -Werror\=non-modular-include-in-framework-module -Wno-trigraphs -Wno-missing-field-initializers -Wno-missing-prototypes -Wno-return-type -Wno-implicit-atomic-properties -Wno-objc-interface-ivars -Wno-arc-repeated-use-of-weak -Wno-missing-braces -Wparentheses -Wswitch -Wno-unused-function -Wno-unused-label -Wno-unused-parameter -Wno-unused-variable -Wunused-value -Wno-empty-body -Wno-uninitialized -Wno-unknown-pragmas -w -Wno-shadow -Wno-four-char-constants -Wno-conversion -Wno-constant-conversion -Wno-int-conversion -Wno-bool-conversion -Wno-enum-conversion -Wno-float-conversion -Wno-non-literal-null-conversion -Wno-objc-literal-conversion -Wshorten-64-to-32 -Wpointer-sign -Wno-newline-eof -Wno-selector -Wno-strict-selector-match -Wno-undeclared-selector -Wno-deprecated-implementations -Wno-implicit-fallthrough -fstrict-aliasing -Wprotocol -Wdeprecated-declarations -Wno-sign-conversion -Wno-infinite-recursion -Wno-comma -Wno-block-capture-autoreleasing -Wno-strict-prototypes -Wno-semicolon-before-method-body -index-store-path /Users/siam/Library/Developer/Xcode/DerivedData/Lingua_Quest-gvpckrqxtbgyprbgppjfqmimmmfw/Index.noindex/DataStore @/Users/siam/Library/Developer/Xcode/DerivedData/Lingua_Quest-gvpckrqxtbgyprbgppjfqmimmmfw/Build/Intermediates.noindex/GTMSessionFetcher.build/Debug-iphonesimulator/GTMSessionFetcherCore.build/Objects-normal/arm64/e6072d4f65d7061329687fe24e3d63a7-common-args.resp -include /Users/siam/Library/Developer/Xcode/DerivedData/Lingua_Quest-gvpckrqxtbgyprbgppjfqmimmmfw/Build/Intermediates.noindex/GTMSessionFetcher.build/Debug-iphonesimulator/GTMSessionFetcherCore.build/DerivedSources/resource_bundle_accessor.h -MMD -MT dependencies -MF /Users/siam/Library/Developer/Xcode/DerivedData/Lingua_Quest-gvpckrqxtbgyprbgppjfqmimmmfw/Build/Intermediates.noindex/GTMSessionFetcher.build/Debug-iphonesimulator/GTMSessionFetcherCore.build/Objects-normal/arm64/resource_bundle_accessor.d --serialize-diagnostics /Users/siam/Library/Developer/Xcode/DerivedData/Lingua_Quest-gvpckrqxtbgyprbgppjfqmimmmfw/Build/Intermediates.noindex/GTMSessionFetcher.build/Debug-iphonesimulator/GTMSessionFetcherCore.build/Objects-normal/arm64/resource_bundle_accessor.dia -c /Users/siam/Library/Developer/Xcode/DerivedData/Lingua_Quest-gvpckrqxtbgyprbgppjfqmimmmfw/Build/Intermediates.noindex/GTMSessionFetcher.build/Debug-iphonesimulator/GTMSessionFetcherCore.build/DerivedSources/resource_bundle_accessor.m -o /Users/siam/Library/Developer/Xcode/DerivedData/Lingua_Quest-gvpckrqxtbgyprbgppjfqmimmmfw/Build/Intermediates.noindex/GTMSessionFetcher.build/Debug-iphonesimulator/GTMSessionFetcherCore.build/Objects-normal/arm64/resource_bundle_accessor.o -index-unit-output-path /GTMSessionFetcher.build/Debug-iphonesimulator/GTMSessionFetcherCore.build/Objects-normal/arm64/resource_bundle_accessor.o

CreateUniversalBinary /Users/siam/Library/Developer/Xcode/DerivedData/Lingua_Quest-gvpckrqxtbgyprbgppjfqmimmmfw/Build/Products/Debug-iphonesimulator/FirebaseAppCheckInterop.o normal arm64\ x86_64 (in target 'FirebaseAppCheckInterop' from project 'Firebase')
    cd /Users/siam/Library/Developer/Xcode/DerivedData/Lingua_Quest-gvpckrqxtbgyprbgppjfqmimmmfw/SourcePackages/checkouts/firebase-ios-sdk
    /Applications/Xcode.app/Contents/Developer/Toolchains/XcodeDefault.xctoolchain/usr/bin/lipo -create /Users/siam/Library/Developer/Xcode/DerivedData/Lingua_Quest-gvpckrqxtbgyprbgppjfqmimmmfw/Build/Intermediates.noindex/Firebase.build/Debug-iphonesimulator/FirebaseAppCheckInterop.build/Objects-normal/arm64/Binary/FirebaseAppCheckInterop.o /Users/siam/Library/Developer/Xcode/DerivedData/Lingua_Quest-gvpckrqxtbgyprbgppjfqmimmmfw/Build/Intermediates.noindex/Firebase.build/Debug-iphonesimulator/FirebaseAppCheckInterop.build/Objects-normal/x86_64/Binary/FirebaseAppCheckInterop.o -output /Users/siam/Library/Developer/Xcode/DerivedData/Lingua_Quest-gvpckrqxtbgyprbgppjfqmimmmfw/Build/Products/Debug-iphonesimulator/FirebaseAppCheckInterop.o

CompileC /Users/siam/Library/Developer/Xcode/DerivedData/Lingua_Quest-gvpckrqxtbgyprbgppjfqmimmmfw/Build/Intermediates.noindex/Firebase.build/Debug-iphonesimulator/FirebaseAuthInternal.build/Objects-normal/x86_64/FIRAuth.o /Users/siam/Library/Developer/Xcode/DerivedData/Lingua_Quest-gvpckrqxtbgyprbgppjfqmimmmfw/SourcePackages/checkouts/firebase-ios-sdk/FirebaseAuth/Sources/ObjC/FIRAuth.m normal x86_64 objective-c com.apple.compilers.llvm.clang.1_0.compiler (in target 'FirebaseAuthInternal' from project 'Firebase')
    cd /Users/siam/Desktop/Lingua\ Quest/Lingua\ Quest.xcodeproj
    
    Using response file: /Users/siam/Library/Developer/Xcode/DerivedData/Lingua_Quest-gvpckrqxtbgyprbgppjfqmimmmfw/Build/Intermediates.noindex/Firebase.build/Debug-iphonesimulator/FirebaseAuthInternal.build/Objects-normal/x86_64/e6072d4f65d7061329687fe24e3d63a7-common-args.resp
    
    /Applications/Xcode.app/Contents/Developer/Toolchains/XcodeDefault.xctoolchain/usr/bin/clang -x objective-c -ivfsstatcache /Users/siam/Library/Developer/Xcode/DerivedData/SDKStatCaches.noindex/iphonesimulator26.0-23A339-26257891a6c027eb51374368541b8346.sdkstatcache -fmessage-length\=0 -fdiagnostics-show-note-include-stack -fmacro-backtrace-limit\=0 -fno-color-diagnostics -fmodules-prune-interval\=86400 -fmodules-prune-after\=345600 -fbuild-session-file\=/Users/siam/Library/Developer/Xcode/DerivedData/ModuleCache.noindex/Session.modulevalidation -fmodules-validate-once-per-build-session -Wnon-modular-include-in-framework-module -Werror\=non-modular-include-in-framework-module -Wno-trigraphs -Wno-missing-field-initializers -Wno-missing-prototypes -Wno-return-type -Wno-implicit-atomic-properties -Wno-objc-interface-ivars -Wno-arc-repeated-use-of-weak -Wno-missing-braces -Wparentheses -Wswitch -Wno-unused-function -Wno-unused-label -Wno-unused-parameter -Wno-unused-variable -Wunused-value -Wno-empty-body -Wno-uninitialized -Wno-unknown-pragmas -w -Wno-shadow -Wno-four-char-constants -Wno-conversion -Wno-constant-conversion -Wno-int-conversion -Wno-bool-conversion -Wno-enum-conversion -Wno-float-conversion -Wno-non-literal-null-conversion -Wno-objc-literal-conversion -Wshorten-64-to-32 -Wpointer-sign -Wno-newline-eof -Wno-selector -Wno-strict-selector-match -Wno-undeclared-selector -Wno-deprecated-implementations -Wno-implicit-fallthrough -fstrict-aliasing -Wprotocol -Wdeprecated-declarations -Wno-sign-conversion -Wno-infinite-recursion -Wno-comma -Wno-block-capture-autoreleasing -Wno-strict-prototypes -Wno-semicolon-before-method-body -index-store-path /Users/siam/Library/Developer/Xcode/DerivedData/Lingua_Quest-gvpckrqxtbgyprbgppjfqmimmmfw/Index.noindex/DataStore @/Users/siam/Library/Developer/Xcode/DerivedData/Lingua_Quest-gvpckrqxtbgyprbgppjfqmimmmfw/Build/Intermediates.noindex/Firebase.build/Debug-iphonesimulator/FirebaseAuthInternal.build/Objects-normal/x86_64/e6072d4f65d7061329687fe24e3d63a7-common-args.resp -MMD -MT dependencies -MF /Users/siam/Library/Developer/Xcode/DerivedData/Lingua_Quest-gvpckrqxtbgyprbgppjfqmimmmfw/Build/Intermediates.noindex/Firebase.build/Debug-iphonesimulator/FirebaseAuthInternal.build/Objects-normal/x86_64/FIRAuth.d --serialize-diagnostics /Users/siam/Library/Developer/Xcode/DerivedData/Lingua_Quest-gvpckrqxtbgyprbgppjfqmimmmfw/Build/Intermediates.noindex/Firebase.build/Debug-iphonesimulator/FirebaseAuthInternal.build/Objects-normal/x86_64/FIRAuth.dia -c /Users/siam/Library/Developer/Xcode/DerivedData/Lingua_Quest-gvpckrqxtbgyprbgppjfqmimmmfw/SourcePackages/checkouts/firebase-ios-sdk/FirebaseAuth/Sources/ObjC/FIRAuth.m -o /Users/siam/Library/Developer/Xcode/DerivedData/Lingua_Quest-gvpckrqxtbgyprbgppjfqmimmmfw/Build/Intermediates.noindex/Firebase.build/Debug-iphonesimulator/FirebaseAuthInternal.build/Objects-normal/x86_64/FIRAuth.o -index-unit-output-path /Firebase.build/Debug-iphonesimulator/FirebaseAuthInternal.build/Objects-normal/x86_64/FIRAuth.o

PrecompileModule /Users/siam/Library/Developer/Xcode/DerivedData/Lingua_Quest-gvpckrqxtbgyprbgppjfqmimmmfw/Build/Intermediates.noindex/ExplicitPrecompiledModules/FileProvider-951VR9TYN4WUWA13RYL3MSU4R.scan
    cd /
    builtin-precompileModule /Users/siam/Library/Developer/Xcode/DerivedData/Lingua_Quest-gvpckrqxtbgyprbgppjfqmimmmfw/Build/Intermediates.noindex/ExplicitPrecompiledModules/FileProvider-951VR9TYN4WUWA13RYL3MSU4R.scan

CreateUniversalBinary /Users/siam/Library/Developer/Xcode/DerivedData/Lingua_Quest-gvpckrqxtbgyprbgppjfqmimmmfw/Build/Products/Debug-iphonesimulator/Firebase.o normal arm64\ x86_64 (in target 'Firebase' from project 'Firebase')
    cd /Users/siam/Library/Developer/Xcode/DerivedData/Lingua_Quest-gvpckrqxtbgyprbgppjfqmimmmfw/SourcePackages/checkouts/firebase-ios-sdk
    /Applications/Xcode.app/Contents/Developer/Toolchains/XcodeDefault.xctoolchain/usr/bin/lipo -create /Users/siam/Library/Developer/Xcode/DerivedData/Lingua_Quest-gvpckrqxtbgyprbgppjfqmimmmfw/Build/Intermediates.noindex/Firebase.build/Debug-iphonesimulator/Firebase.build/Objects-normal/arm64/Binary/Firebase.o /Users/siam/Library/Developer/Xcode/DerivedData/Lingua_Quest-gvpckrqxtbgyprbgppjfqmimmmfw/Build/Intermediates.noindex/Firebase.build/Debug-iphonesimulator/Firebase.build/Objects-normal/x86_64/Binary/Firebase.o -output /Users/siam/Library/Developer/Xcode/DerivedData/Lingua_Quest-gvpckrqxtbgyprbgppjfqmimmmfw/Build/Products/Debug-iphonesimulator/Firebase.o

PrecompileModule /Users/siam/Library/Developer/Xcode/DerivedData/Lingua_Quest-gvpckrqxtbgyprbgppjfqmimmmfw/Build/Intermediates.noindex/ExplicitPrecompiledModules/UserNotifications-DM5Y5W4XT9KB147Q2HNAQ5LVA.scan
    cd /
    builtin-precompileModule /Users/siam/Library/Developer/Xcode/DerivedData/Lingua_Quest-gvpckrqxtbgyprbgppjfqmimmmfw/Build/Intermediates.noindex/ExplicitPrecompiledModules/UserNotifications-DM5Y5W4XT9KB147Q2HNAQ5LVA.scan

PrecompileModule /Users/siam/Library/Developer/Xcode/DerivedData/Lingua_Quest-gvpckrqxtbgyprbgppjfqmimmmfw/Build/Intermediates.noindex/ExplicitPrecompiledModules/UIUtilities-EDJMST07SAT2KCHS50GBFKNZM.scan
    cd /
    builtin-precompileModule /Users/siam/Library/Developer/Xcode/DerivedData/Lingua_Quest-gvpckrqxtbgyprbgppjfqmimmmfw/Build/Intermediates.noindex/ExplicitPrecompiledModules/UIUtilities-EDJMST07SAT2KCHS50GBFKNZM.scan

PrecompileModule /Users/siam/Library/Developer/Xcode/DerivedData/Lingua_Quest-gvpckrqxtbgyprbgppjfqmimmmfw/Build/Intermediates.noindex/ExplicitPrecompiledModules/Foundation-9XWN47CP95EQPPJOI76CW55C1.scan
    cd /
    builtin-precompileModule /Users/siam/Library/Developer/Xcode/DerivedData/Lingua_Quest-gvpckrqxtbgyprbgppjfqmimmmfw/Build/Intermediates.noindex/ExplicitPrecompiledModules/Foundation-9XWN47CP95EQPPJOI76CW55C1.scan

PrecompileModule /Users/siam/Library/Developer/Xcode/DerivedData/Lingua_Quest-gvpckrqxtbgyprbgppjfqmimmmfw/Build/Intermediates.noindex/ExplicitPrecompiledModules/IOSurface-1ADWACGWQS24VTGSR0LR8UVNM.scan
    cd /
    builtin-precompileModule /Users/siam/Library/Developer/Xcode/DerivedData/Lingua_Quest-gvpckrqxtbgyprbgppjfqmimmmfw/Build/Intermediates.noindex/ExplicitPrecompiledModules/IOSurface-1ADWACGWQS24VTGSR0LR8UVNM.scan

CompileC /Users/siam/Library/Developer/Xcode/DerivedData/Lingua_Quest-gvpckrqxtbgyprbgppjfqmimmmfw/Build/Intermediates.noindex/GoogleUtilities.build/Debug-iphonesimulator/GoogleUtilities-UserDefaults.build/Objects-normal/arm64/resource_bundle_accessor.o /Users/siam/Library/Developer/Xcode/DerivedData/Lingua_Quest-gvpckrqxtbgyprbgppjfqmimmmfw/Build/Intermediates.noindex/GoogleUtilities.build/Debug-iphonesimulator/GoogleUtilities-UserDefaults.build/DerivedSources/resource_bundle_accessor.m normal arm64 objective-c com.apple.compilers.llvm.clang.1_0.compiler (in target 'GoogleUtilities-UserDefaults' from project 'GoogleUtilities')
    cd /Users/siam/Desktop/Lingua\ Quest/Lingua\ Quest.xcodeproj
    
    Using response file: /Users/siam/Library/Developer/Xcode/DerivedData/Lingua_Quest-gvpckrqxtbgyprbgppjfqmimmmfw/Build/Intermediates.noindex/GoogleUtilities.build/Debug-iphonesimulator/GoogleUtilities-UserDefaults.build/Objects-normal/arm64/e6072d4f65d7061329687fe24e3d63a7-common-args.resp
    
    /Applications/Xcode.app/Contents/Developer/Toolchains/XcodeDefault.xctoolchain/usr/bin/clang -x objective-c -ivfsstatcache /Users/siam/Library/Developer/Xcode/DerivedData/SDKStatCaches.noindex/iphonesimulator26.0-23A339-26257891a6c027eb51374368541b8346.sdkstatcache -fmessage-length\=0 -fdiagnostics-show-note-include-stack -fmacro-backtrace-limit\=0 -fno-color-diagnostics -fmodules-prune-interval\=86400 -fmodules-prune-after\=345600 -fbuild-session-file\=/Users/siam/Library/Developer/Xcode/DerivedData/ModuleCache.noindex/Session.modulevalidation -fmodules-validate-once-per-build-session -Wnon-modular-include-in-framework-module -Werror\=non-modular-include-in-framework-module -Wno-trigraphs -Wno-missing-field-initializers -Wno-missing-prototypes -Wno-return-type -Wno-implicit-atomic-properties -Wno-objc-interface-ivars -Wno-arc-repeated-use-of-weak -Wno-missing-braces -Wparentheses -Wswitch -Wno-unused-function -Wno-unused-label -Wno-unused-parameter -Wno-unused-variable -Wunused-value -Wno-empty-body -Wno-uninitialized -Wno-unknown-pragmas -w -Wno-shadow -Wno-four-char-constants -Wno-conversion -Wno-constant-conversion -Wno-int-conversion -Wno-bool-conversion -Wno-enum-conversion -Wno-float-conversion -Wno-non-literal-null-conversion -Wno-objc-literal-conversion -Wshorten-64-to-32 -Wpointer-sign -Wno-newline-eof -Wno-selector -Wno-strict-selector-match -Wno-undeclared-selector -Wno-deprecated-implementations -Wno-implicit-fallthrough -fstrict-aliasing -Wprotocol -Wdeprecated-declarations -Wno-sign-conversion -Wno-infinite-recursion -Wno-comma -Wno-block-capture-autoreleasing -Wno-strict-prototypes -Wno-semicolon-before-method-body -index-store-path /Users/siam/Library/Developer/Xcode/DerivedData/Lingua_Quest-gvpckrqxtbgyprbgppjfqmimmmfw/Index.noindex/DataStore @/Users/siam/Library/Developer/Xcode/DerivedData/Lingua_Quest-gvpckrqxtbgyprbgppjfqmimmmfw/Build/Intermediates.noindex/GoogleUtilities.build/Debug-iphonesimulator/GoogleUtilities-UserDefaults.build/Objects-normal/arm64/e6072d4f65d7061329687fe24e3d63a7-common-args.resp -include /Users/siam/Library/Developer/Xcode/DerivedData/Lingua_Quest-gvpckrqxtbgyprbgppjfqmimmmfw/Build/Intermediates.noindex/GoogleUtilities.build/Debug-iphonesimulator/GoogleUtilities-UserDefaults.build/DerivedSources/resource_bundle_accessor.h -MMD -MT dependencies -MF /Users/siam/Library/Developer/Xcode/DerivedData/Lingua_Quest-gvpckrqxtbgyprbgppjfqmimmmfw/Build/Intermediates.noindex/GoogleUtilities.build/Debug-iphonesimulator/GoogleUtilities-UserDefaults.build/Objects-normal/arm64/resource_bundle_accessor.d --serialize-diagnostics /Users/siam/Library/Developer/Xcode/DerivedData/Lingua_Quest-gvpckrqxtbgyprbgppjfqmimmmfw/Build/Intermediates.noindex/GoogleUtilities.build/Debug-iphonesimulator/GoogleUtilities-UserDefaults.build/Objects-normal/arm64/resource_bundle_accessor.dia -c /Users/siam/Library/Developer/Xcode/DerivedData/Lingua_Quest-gvpckrqxtbgyprbgppjfqmimmmfw/Build/Intermediates.noindex/GoogleUtilities.build/Debug-iphonesimulator/GoogleUtilities-UserDefaults.build/DerivedSources/resource_bundle_accessor.m -o /Users/siam/Library/Developer/Xcode/DerivedData/Lingua_Quest-gvpckrqxtbgyprbgppjfqmimmmfw/Build/Intermediates.noindex/GoogleUtilities.build/Debug-iphonesimulator/GoogleUtilities-UserDefaults.build/Objects-normal/arm64/resource_bundle_accessor.o -index-unit-output-path /GoogleUtilities.build/Debug-iphonesimulator/GoogleUtilities-UserDefaults.build/Objects-normal/arm64/resource_bundle_accessor.o

CompileC /Users/siam/Library/Developer/Xcode/DerivedData/Lingua_Quest-gvpckrqxtbgyprbgppjfqmimmmfw/Build/Intermediates.noindex/GoogleUtilities.build/Debug-iphonesimulator/GoogleUtilities-Reachability.build/Objects-normal/arm64/resource_bundle_accessor.o /Users/siam/Library/Developer/Xcode/DerivedData/Lingua_Quest-gvpckrqxtbgyprbgppjfqmimmmfw/Build/Intermediates.noindex/GoogleUtilities.build/Debug-iphonesimulator/GoogleUtilities-Reachability.build/DerivedSources/resource_bundle_accessor.m normal arm64 objective-c com.apple.compilers.llvm.clang.1_0.compiler (in target 'GoogleUtilities-Reachability' from project 'GoogleUtilities')
    cd /Users/siam/Desktop/Lingua\ Quest/Lingua\ Quest.xcodeproj
    
    Using response file: /Users/siam/Library/Developer/Xcode/DerivedData/Lingua_Quest-gvpckrqxtbgyprbgppjfqmimmmfw/Build/Intermediates.noindex/GoogleUtilities.build/Debug-iphonesimulator/GoogleUtilities-Reachability.build/Objects-normal/arm64/e6072d4f65d7061329687fe24e3d63a7-common-args.resp
    
    /Applications/Xcode.app/Contents/Developer/Toolchains/XcodeDefault.xctoolchain/usr/bin/clang -x objective-c -ivfsstatcache /Users/siam/Library/Developer/Xcode/DerivedData/SDKStatCaches.noindex/iphonesimulator26.0-23A339-26257891a6c027eb51374368541b8346.sdkstatcache -fmessage-length\=0 -fdiagnostics-show-note-include-stack -fmacro-backtrace-limit\=0 -fno-color-diagnostics -fmodules-prune-interval\=86400 -fmodules-prune-after\=345600 -fbuild-session-file\=/Users/siam/Library/Developer/Xcode/DerivedData/ModuleCache.noindex/Session.modulevalidation -fmodules-validate-once-per-build-session -Wnon-modular-include-in-framework-module -Werror\=non-modular-include-in-framework-module -Wno-trigraphs -Wno-missing-field-initializers -Wno-missing-prototypes -Wno-return-type -Wno-implicit-atomic-properties -Wno-objc-interface-ivars -Wno-arc-repeated-use-of-weak -Wno-missing-braces -Wparentheses -Wswitch -Wno-unused-function -Wno-unused-label -Wno-unused-parameter -Wno-unused-variable -Wunused-value -Wno-empty-body -Wno-uninitialized -Wno-unknown-pragmas -w -Wno-shadow -Wno-four-char-constants -Wno-conversion -Wno-constant-conversion -Wno-int-conversion -Wno-bool-conversion -Wno-enum-conversion -Wno-float-conversion -Wno-non-literal-null-conversion -Wno-objc-literal-conversion -Wshorten-64-to-32 -Wpointer-sign -Wno-newline-eof -Wno-selector -Wno-strict-selector-match -Wno-undeclared-selector -Wno-deprecated-implementations -Wno-implicit-fallthrough -fstrict-aliasing -Wprotocol -Wdeprecated-declarations -Wno-sign-conversion -Wno-infinite-recursion -Wno-comma -Wno-block-capture-autoreleasing -Wno-strict-prototypes -Wno-semicolon-before-method-body -index-store-path /Users/siam/Library/Developer/Xcode/DerivedData/Lingua_Quest-gvpckrqxtbgyprbgppjfqmimmmfw/Index.noindex/DataStore @/Users/siam/Library/Developer/Xcode/DerivedData/Lingua_Quest-gvpckrqxtbgyprbgppjfqmimmmfw/Build/Intermediates.noindex/GoogleUtilities.build/Debug-iphonesimulator/GoogleUtilities-Reachability.build/Objects-normal/arm64/e6072d4f65d7061329687fe24e3d63a7-common-args.resp -include /Users/siam/Library/Developer/Xcode/DerivedData/Lingua_Quest-gvpckrqxtbgyprbgppjfqmimmmfw/Build/Intermediates.noindex/GoogleUtilities.build/Debug-iphonesimulator/GoogleUtilities-Reachability.build/DerivedSources/resource_bundle_accessor.h -MMD -MT dependencies -MF /Users/siam/Library/Developer/Xcode/DerivedData/Lingua_Quest-gvpckrqxtbgyprbgppjfqmimmmfw/Build/Intermediates.noindex/GoogleUtilities.build/Debug-iphonesimulator/GoogleUtilities-Reachability.build/Objects-normal/arm64/resource_bundle_accessor.d --serialize-diagnostics /Users/siam/Library/Developer/Xcode/DerivedData/Lingua_Quest-gvpckrqxtbgyprbgppjfqmimmmfw/Build/Intermediates.noindex/GoogleUtilities.build/Debug-iphonesimulator/GoogleUtilities-Reachability.build/Objects-normal/arm64/resource_bundle_accessor.dia -c /Users/siam/Library/Developer/Xcode/DerivedData/Lingua_Quest-gvpckrqxtbgyprbgppjfqmimmmfw/Build/Intermediates.noindex/GoogleUtilities.build/Debug-iphonesimulator/GoogleUtilities-Reachability.build/DerivedSources/resource_bundle_accessor.m -o /Users/siam/Library/Developer/Xcode/DerivedData/Lingua_Quest-gvpckrqxtbgyprbgppjfqmimmmfw/Build/Intermediates.noindex/GoogleUtilities.build/Debug-iphonesimulator/GoogleUtilities-Reachability.build/Objects-normal/arm64/resource_bundle_accessor.o -index-unit-output-path /GoogleUtilities.build/Debug-iphonesimulator/GoogleUtilities-Reachability.build/Objects-normal/arm64/resource_bundle_accessor.o

CompileC /Users/siam/Library/Developer/Xcode/DerivedData/Lingua_Quest-gvpckrqxtbgyprbgppjfqmimmmfw/Build/Intermediates.noindex/GoogleUtilities.build/Debug-iphonesimulator/GoogleUtilities-Network.build/Objects-normal/arm64/resource_bundle_accessor.o /Users/siam/Library/Developer/Xcode/DerivedData/Lingua_Quest-gvpckrqxtbgyprbgppjfqmimmmfw/Build/Intermediates.noindex/GoogleUtilities.build/Debug-iphonesimulator/GoogleUtilities-Network.build/DerivedSources/resource_bundle_accessor.m normal arm64 objective-c com.apple.compilers.llvm.clang.1_0.compiler (in target 'GoogleUtilities-Network' from project 'GoogleUtilities')
    cd /Users/siam/Desktop/Lingua\ Quest/Lingua\ Quest.xcodeproj
    
    Using response file: /Users/siam/Library/Developer/Xcode/DerivedData/Lingua_Quest-gvpckrqxtbgyprbgppjfqmimmmfw/Build/Intermediates.noindex/GoogleUtilities.build/Debug-iphonesimulator/GoogleUtilities-Network.build/Objects-normal/arm64/e6072d4f65d7061329687fe24e3d63a7-common-args.resp
    
    /Applications/Xcode.app/Contents/Developer/Toolchains/XcodeDefault.xctoolchain/usr/bin/clang -x objective-c -ivfsstatcache /Users/siam/Library/Developer/Xcode/DerivedData/SDKStatCaches.noindex/iphonesimulator26.0-23A339-26257891a6c027eb51374368541b8346.sdkstatcache -fmessage-length\=0 -fdiagnostics-show-note-include-stack -fmacro-backtrace-limit\=0 -fno-color-diagnostics -fmodules-prune-interval\=86400 -fmodules-prune-after\=345600 -fbuild-session-file\=/Users/siam/Library/Developer/Xcode/DerivedData/ModuleCache.noindex/Session.modulevalidation -fmodules-validate-once-per-build-session -Wnon-modular-include-in-framework-module -Werror\=non-modular-include-in-framework-module -Wno-trigraphs -Wno-missing-field-initializers -Wno-missing-prototypes -Wno-return-type -Wno-implicit-atomic-properties -Wno-objc-interface-ivars -Wno-arc-repeated-use-of-weak -Wno-missing-braces -Wparentheses -Wswitch -Wno-unused-function -Wno-unused-label -Wno-unused-parameter -Wno-unused-variable -Wunused-value -Wno-empty-body -Wno-uninitialized -Wno-unknown-pragmas -w -Wno-shadow -Wno-four-char-constants -Wno-conversion -Wno-constant-conversion -Wno-int-conversion -Wno-bool-conversion -Wno-enum-conversion -Wno-float-conversion -Wno-non-literal-null-conversion -Wno-objc-literal-conversion -Wshorten-64-to-32 -Wpointer-sign -Wno-newline-eof -Wno-selector -Wno-strict-selector-match -Wno-undeclared-selector -Wno-deprecated-implementations -Wno-implicit-fallthrough -fstrict-aliasing -Wprotocol -Wdeprecated-declarations -Wno-sign-conversion -Wno-infinite-recursion -Wno-comma -Wno-block-capture-autoreleasing -Wno-strict-prototypes -Wno-semicolon-before-method-body -index-store-path /Users/siam/Library/Developer/Xcode/DerivedData/Lingua_Quest-gvpckrqxtbgyprbgppjfqmimmmfw/Index.noindex/DataStore @/Users/siam/Library/Developer/Xcode/DerivedData/Lingua_Quest-gvpckrqxtbgyprbgppjfqmimmmfw/Build/Intermediates.noindex/GoogleUtilities.build/Debug-iphonesimulator/GoogleUtilities-Network.build/Objects-normal/arm64/e6072d4f65d7061329687fe24e3d63a7-common-args.resp -include /Users/siam/Library/Developer/Xcode/DerivedData/Lingua_Quest-gvpckrqxtbgyprbgppjfqmimmmfw/Build/Intermediates.noindex/GoogleUtilities.build/Debug-iphonesimulator/GoogleUtilities-Network.build/DerivedSources/resource_bundle_accessor.h -MMD -MT dependencies -MF /Users/siam/Library/Developer/Xcode/DerivedData/Lingua_Quest-gvpckrqxtbgyprbgppjfqmimmmfw/Build/Intermediates.noindex/GoogleUtilities.build/Debug-iphonesimulator/GoogleUtilities-Network.build/Objects-normal/arm64/resource_bundle_accessor.d --serialize-diagnostics /Users/siam/Library/Developer/Xcode/DerivedData/Lingua_Quest-gvpckrqxtbgyprbgppjfqmimmmfw/Build/Intermediates.noindex/GoogleUtilities.build/Debug-iphonesimulator/GoogleUtilities-Network.build/Objects-normal/arm64/resource_bundle_accessor.dia -c /Users/siam/Library/Developer/Xcode/DerivedData/Lingua_Quest-gvpckrqxtbgyprbgppjfqmimmmfw/Build/Intermediates.noindex/GoogleUtilities.build/Debug-iphonesimulator/GoogleUtilities-Network.build/DerivedSources/resource_bundle_accessor.m -o /Users/siam/Library/Developer/Xcode/DerivedData/Lingua_Quest-gvpckrqxtbgyprbgppjfqmimmmfw/Build/Intermediates.noindex/GoogleUtilities.build/Debug-iphonesimulator/GoogleUtilities-Network.build/Objects-normal/arm64/resource_bundle_accessor.o -index-unit-output-path /GoogleUtilities.build/Debug-iphonesimulator/GoogleUtilities-Network.build/Objects-normal/arm64/resource_bundle_accessor.o

CompileC /Users/siam/Library/Developer/Xcode/DerivedData/Lingua_Quest-gvpckrqxtbgyprbgppjfqmimmmfw/Build/Intermediates.noindex/GoogleUtilities.build/Debug-iphonesimulator/GoogleUtilities-Network.build/Objects-normal/arm64/GULMutableDictionary.o /Users/siam/Library/Developer/Xcode/DerivedData/Lingua_Quest-gvpckrqxtbgyprbgppjfqmimmmfw/SourcePackages/checkouts/GoogleUtilities/GoogleUtilities/Network/GULMutableDictionary.m normal arm64 objective-c com.apple.compilers.llvm.clang.1_0.compiler (in target 'GoogleUtilities-Network' from project 'GoogleUtilities')
    cd /Users/siam/Desktop/Lingua\ Quest/Lingua\ Quest.xcodeproj
    
    Using response file: /Users/siam/Library/Developer/Xcode/DerivedData/Lingua_Quest-gvpckrqxtbgyprbgppjfqmimmmfw/Build/Intermediates.noindex/GoogleUtilities.build/Debug-iphonesimulator/GoogleUtilities-Network.build/Objects-normal/arm64/e6072d4f65d7061329687fe24e3d63a7-common-args.resp
    
    /Applications/Xcode.app/Contents/Developer/Toolchains/XcodeDefault.xctoolchain/usr/bin/clang -x objective-c -ivfsstatcache /Users/siam/Library/Developer/Xcode/DerivedData/SDKStatCaches.noindex/iphonesimulator26.0-23A339-26257891a6c027eb51374368541b8346.sdkstatcache -fmessage-length\=0 -fdiagnostics-show-note-include-stack -fmacro-backtrace-limit\=0 -fno-color-diagnostics -fmodules-prune-interval\=86400 -fmodules-prune-after\=345600 -fbuild-session-file\=/Users/siam/Library/Developer/Xcode/DerivedData/ModuleCache.noindex/Session.modulevalidation -fmodules-validate-once-per-build-session -Wnon-modular-include-in-framework-module -Werror\=non-modular-include-in-framework-module -Wno-trigraphs -Wno-missing-field-initializers -Wno-missing-prototypes -Wno-return-type -Wno-implicit-atomic-properties -Wno-objc-interface-ivars -Wno-arc-repeated-use-of-weak -Wno-missing-braces -Wparentheses -Wswitch -Wno-unused-function -Wno-unused-label -Wno-unused-parameter -Wno-unused-variable -Wunused-value -Wno-empty-body -Wno-uninitialized -Wno-unknown-pragmas -w -Wno-shadow -Wno-four-char-constants -Wno-conversion -Wno-constant-conversion -Wno-int-conversion -Wno-bool-conversion -Wno-enum-conversion -Wno-float-conversion -Wno-non-literal-null-conversion -Wno-objc-literal-conversion -Wshorten-64-to-32 -Wpointer-sign -Wno-newline-eof -Wno-selector -Wno-strict-selector-match -Wno-undeclared-selector -Wno-deprecated-implementations -Wno-implicit-fallthrough -fstrict-aliasing -Wprotocol -Wdeprecated-declarations -Wno-sign-conversion -Wno-infinite-recursion -Wno-comma -Wno-block-capture-autoreleasing -Wno-strict-prototypes -Wno-semicolon-before-method-body -index-store-path /Users/siam/Library/Developer/Xcode/DerivedData/Lingua_Quest-gvpckrqxtbgyprbgppjfqmimmmfw/Index.noindex/DataStore @/Users/siam/Library/Developer/Xcode/DerivedData/Lingua_Quest-gvpckrqxtbgyprbgppjfqmimmmfw/Build/Intermediates.noindex/GoogleUtilities.build/Debug-iphonesimulator/GoogleUtilities-Network.build/Objects-normal/arm64/e6072d4f65d7061329687fe24e3d63a7-common-args.resp -include /Users/siam/Library/Developer/Xcode/DerivedData/Lingua_Quest-gvpckrqxtbgyprbgppjfqmimmmfw/Build/Intermediates.noindex/GoogleUtilities.build/Debug-iphonesimulator/GoogleUtilities-Network.build/DerivedSources/resource_bundle_accessor.h -MMD -MT dependencies -MF /Users/siam/Library/Developer/Xcode/DerivedData/Lingua_Quest-gvpckrqxtbgyprbgppjfqmimmmfw/Build/Intermediates.noindex/GoogleUtilities.build/Debug-iphonesimulator/GoogleUtilities-Network.build/Objects-normal/arm64/GULMutableDictionary.d --serialize-diagnostics /Users/siam/Library/Developer/Xcode/DerivedData/Lingua_Quest-gvpckrqxtbgyprbgppjfqmimmmfw/Build/Intermediates.noindex/GoogleUtilities.build/Debug-iphonesimulator/GoogleUtilities-Network.build/Objects-normal/arm64/GULMutableDictionary.dia -c /Users/siam/Library/Developer/Xcode/DerivedData/Lingua_Quest-gvpckrqxtbgyprbgppjfqmimmmfw/SourcePackages/checkouts/GoogleUtilities/GoogleUtilities/Network/GULMutableDictionary.m -o /Users/siam/Library/Developer/Xcode/DerivedData/Lingua_Quest-gvpckrqxtbgyprbgppjfqmimmmfw/Build/Intermediates.noindex/GoogleUtilities.build/Debug-iphonesimulator/GoogleUtilities-Network.build/Objects-normal/arm64/GULMutableDictionary.o -index-unit-output-path /GoogleUtilities.build/Debug-iphonesimulator/GoogleUtilities-Network.build/Objects-normal/arm64/GULMutableDictionary.o

CompileC /Users/siam/Library/Developer/Xcode/DerivedData/Lingua_Quest-gvpckrqxtbgyprbgppjfqmimmmfw/Build/Intermediates.noindex/GoogleUtilities.build/Debug-iphonesimulator/GoogleUtilities-NSData.build/Objects-normal/arm64/resource_bundle_accessor.o /Users/siam/Library/Developer/Xcode/DerivedData/Lingua_Quest-gvpckrqxtbgyprbgppjfqmimmmfw/Build/Intermediates.noindex/GoogleUtilities.build/Debug-iphonesimulator/GoogleUtilities-NSData.build/DerivedSources/resource_bundle_accessor.m normal arm64 objective-c com.apple.compilers.llvm.clang.1_0.compiler (in target 'GoogleUtilities-NSData' from project 'GoogleUtilities')
    cd /Users/siam/Desktop/Lingua\ Quest/Lingua\ Quest.xcodeproj
    
    Using response file: /Users/siam/Library/Developer/Xcode/DerivedData/Lingua_Quest-gvpckrqxtbgyprbgppjfqmimmmfw/Build/Intermediates.noindex/GoogleUtilities.build/Debug-iphonesimulator/GoogleUtilities-NSData.build/Objects-normal/arm64/e6072d4f65d7061329687fe24e3d63a7-common-args.resp
    
    /Applications/Xcode.app/Contents/Developer/Toolchains/XcodeDefault.xctoolchain/usr/bin/clang -x objective-c -ivfsstatcache /Users/siam/Library/Developer/Xcode/DerivedData/SDKStatCaches.noindex/iphonesimulator26.0-23A339-26257891a6c027eb51374368541b8346.sdkstatcache -fmessage-length\=0 -fdiagnostics-show-note-include-stack -fmacro-backtrace-limit\=0 -fno-color-diagnostics -fmodules-prune-interval\=86400 -fmodules-prune-after\=345600 -fbuild-session-file\=/Users/siam/Library/Developer/Xcode/DerivedData/ModuleCache.noindex/Session.modulevalidation -fmodules-validate-once-per-build-session -Wnon-modular-include-in-framework-module -Werror\=non-modular-include-in-framework-module -Wno-trigraphs -Wno-missing-field-initializers -Wno-missing-prototypes -Wno-return-type -Wno-implicit-atomic-properties -Wno-objc-interface-ivars -Wno-arc-repeated-use-of-weak -Wno-missing-braces -Wparentheses -Wswitch -Wno-unused-function -Wno-unused-label -Wno-unused-parameter -Wno-unused-variable -Wunused-value -Wno-empty-body -Wno-uninitialized -Wno-unknown-pragmas -w -Wno-shadow -Wno-four-char-constants -Wno-conversion -Wno-constant-conversion -Wno-int-conversion -Wno-bool-conversion -Wno-enum-conversion -Wno-float-conversion -Wno-non-literal-null-conversion -Wno-objc-literal-conversion -Wshorten-64-to-32 -Wpointer-sign -Wno-newline-eof -Wno-selector -Wno-strict-selector-match -Wno-undeclared-selector -Wno-deprecated-implementations -Wno-implicit-fallthrough -fstrict-aliasing -Wprotocol -Wdeprecated-declarations -Wno-sign-conversion -Wno-infinite-recursion -Wno-comma -Wno-block-capture-autoreleasing -Wno-strict-prototypes -Wno-semicolon-before-method-body -index-store-path /Users/siam/Library/Developer/Xcode/DerivedData/Lingua_Quest-gvpckrqxtbgyprbgppjfqmimmmfw/Index.noindex/DataStore @/Users/siam/Library/Developer/Xcode/DerivedData/Lingua_Quest-gvpckrqxtbgyprbgppjfqmimmmfw/Build/Intermediates.noindex/GoogleUtilities.build/Debug-iphonesimulator/GoogleUtilities-NSData.build/Objects-normal/arm64/e6072d4f65d7061329687fe24e3d63a7-common-args.resp -include /Users/siam/Library/Developer/Xcode/DerivedData/Lingua_Quest-gvpckrqxtbgyprbgppjfqmimmmfw/Build/Intermediates.noindex/GoogleUtilities.build/Debug-iphonesimulator/GoogleUtilities-NSData.build/DerivedSources/resource_bundle_accessor.h -MMD -MT dependencies -MF /Users/siam/Library/Developer/Xcode/DerivedData/Lingua_Quest-gvpckrqxtbgyprbgppjfqmimmmfw/Build/Intermediates.noindex/GoogleUtilities.build/Debug-iphonesimulator/GoogleUtilities-NSData.build/Objects-normal/arm64/resource_bundle_accessor.d --serialize-diagnostics /Users/siam/Library/Developer/Xcode/DerivedData/Lingua_Quest-gvpckrqxtbgyprbgppjfqmimmmfw/Build/Intermediates.noindex/GoogleUtilities.build/Debug-iphonesimulator/GoogleUtilities-NSData.build/Objects-normal/arm64/resource_bundle_accessor.dia -c /Users/siam/Library/Developer/Xcode/DerivedData/Lingua_Quest-gvpckrqxtbgyprbgppjfqmimmmfw/Build/Intermediates.noindex/GoogleUtilities.build/Debug-iphonesimulator/GoogleUtilities-NSData.build/DerivedSources/resource_bundle_accessor.m -o /Users/siam/Library/Developer/Xcode/DerivedData/Lingua_Quest-gvpckrqxtbgyprbgppjfqmimmmfw/Build/Intermediates.noindex/GoogleUtilities.build/Debug-iphonesimulator/GoogleUtilities-NSData.build/Objects-normal/arm64/resource_bundle_accessor.o -index-unit-output-path /GoogleUtilities.build/Debug-iphonesimulator/GoogleUtilities-NSData.build/Objects-normal/arm64/resource_bundle_accessor.o

CompileC /Users/siam/Library/Developer/Xcode/DerivedData/Lingua_Quest-gvpckrqxtbgyprbgppjfqmimmmfw/Build/Intermediates.noindex/GoogleUtilities.build/Debug-iphonesimulator/GoogleUtilities-NSData.build/Objects-normal/arm64/GULNSData+zlib.o /Users/siam/Library/Developer/Xcode/DerivedData/Lingua_Quest-gvpckrqxtbgyprbgppjfqmimmmfw/SourcePackages/checkouts/GoogleUtilities/GoogleUtilities/NSData+zlib/GULNSData+zlib.m normal arm64 objective-c com.apple.compilers.llvm.clang.1_0.compiler (in target 'GoogleUtilities-NSData' from project 'GoogleUtilities')
    cd /Users/siam/Desktop/Lingua\ Quest/Lingua\ Quest.xcodeproj
    
    Using response file: /Users/siam/Library/Developer/Xcode/DerivedData/Lingua_Quest-gvpckrqxtbgyprbgppjfqmimmmfw/Build/Intermediates.noindex/GoogleUtilities.build/Debug-iphonesimulator/GoogleUtilities-NSData.build/Objects-normal/arm64/e6072d4f65d7061329687fe24e3d63a7-common-args.resp
    
    /Applications/Xcode.app/Contents/Developer/Toolchains/XcodeDefault.xctoolchain/usr/bin/clang -x objective-c -ivfsstatcache /Users/siam/Library/Developer/Xcode/DerivedData/SDKStatCaches.noindex/iphonesimulator26.0-23A339-26257891a6c027eb51374368541b8346.sdkstatcache -fmessage-length\=0 -fdiagnostics-show-note-include-stack -fmacro-backtrace-limit\=0 -fno-color-diagnostics -fmodules-prune-interval\=86400 -fmodules-prune-after\=345600 -fbuild-session-file\=/Users/siam/Library/Developer/Xcode/DerivedData/ModuleCache.noindex/Session.modulevalidation -fmodules-validate-once-per-build-session -Wnon-modular-include-in-framework-module -Werror\=non-modular-include-in-framework-module -Wno-trigraphs -Wno-missing-field-initializers -Wno-missing-prototypes -Wno-return-type -Wno-implicit-atomic-properties -Wno-objc-interface-ivars -Wno-arc-repeated-use-of-weak -Wno-missing-braces -Wparentheses -Wswitch -Wno-unused-function -Wno-unused-label -Wno-unused-parameter -Wno-unused-variable -Wunused-value -Wno-empty-body -Wno-uninitialized -Wno-unknown-pragmas -w -Wno-shadow -Wno-four-char-constants -Wno-conversion -Wno-constant-conversion -Wno-int-conversion -Wno-bool-conversion -Wno-enum-conversion -Wno-float-conversion -Wno-non-literal-null-conversion -Wno-objc-literal-conversion -Wshorten-64-to-32 -Wpointer-sign -Wno-newline-eof -Wno-selector -Wno-strict-selector-match -Wno-undeclared-selector -Wno-deprecated-implementations -Wno-implicit-fallthrough -fstrict-aliasing -Wprotocol -Wdeprecated-declarations -Wno-sign-conversion -Wno-infinite-recursion -Wno-comma -Wno-block-capture-autoreleasing -Wno-strict-prototypes -Wno-semicolon-before-method-body -index-store-path /Users/siam/Library/Developer/Xcode/DerivedData/Lingua_Quest-gvpckrqxtbgyprbgppjfqmimmmfw/Index.noindex/DataStore @/Users/siam/Library/Developer/Xcode/DerivedData/Lingua_Quest-gvpckrqxtbgyprbgppjfqmimmmfw/Build/Intermediates.noindex/GoogleUtilities.build/Debug-iphonesimulator/GoogleUtilities-NSData.build/Objects-normal/arm64/e6072d4f65d7061329687fe24e3d63a7-common-args.resp -include /Users/siam/Library/Developer/Xcode/DerivedData/Lingua_Quest-gvpckrqxtbgyprbgppjfqmimmmfw/Build/Intermediates.noindex/GoogleUtilities.build/Debug-iphonesimulator/GoogleUtilities-NSData.build/DerivedSources/resource_bundle_accessor.h -MMD -MT dependencies -MF /Users/siam/Library/Developer/Xcode/DerivedData/Lingua_Quest-gvpckrqxtbgyprbgppjfqmimmmfw/Build/Intermediates.noindex/GoogleUtilities.build/Debug-iphonesimulator/GoogleUtilities-NSData.build/Objects-normal/arm64/GULNSData+zlib.d --serialize-diagnostics /Users/siam/Library/Developer/Xcode/DerivedData/Lingua_Quest-gvpckrqxtbgyprbgppjfqmimmmfw/Build/Intermediates.noindex/GoogleUtilities.build/Debug-iphonesimulator/GoogleUtilities-NSData.build/Objects-normal/arm64/GULNSData+zlib.dia -c /Users/siam/Library/Developer/Xcode/DerivedData/Lingua_Quest-gvpckrqxtbgyprbgppjfqmimmmfw/SourcePackages/checkouts/GoogleUtilities/GoogleUtilities/NSData+zlib/GULNSData+zlib.m -o /Users/siam/Library/Developer/Xcode/DerivedData/Lingua_Quest-gvpckrqxtbgyprbgppjfqmimmmfw/Build/Intermediates.noindex/GoogleUtilities.build/Debug-iphonesimulator/GoogleUtilities-NSData.build/Objects-normal/arm64/GULNSData+zlib.o -index-unit-output-path /GoogleUtilities.build/Debug-iphonesimulator/GoogleUtilities-NSData.build/Objects-normal/arm64/GULNSData+zlib.o

CompileC /Users/siam/Library/Developer/Xcode/DerivedData/Lingua_Quest-gvpckrqxtbgyprbgppjfqmimmmfw/Build/Intermediates.noindex/GoogleUtilities.build/Debug-iphonesimulator/GoogleUtilities-Logger.build/Objects-normal/arm64/resource_bundle_accessor.o /Users/siam/Library/Developer/Xcode/DerivedData/Lingua_Quest-gvpckrqxtbgyprbgppjfqmimmmfw/Build/Intermediates.noindex/GoogleUtilities.build/Debug-iphonesimulator/GoogleUtilities-Logger.build/DerivedSources/resource_bundle_accessor.m normal arm64 objective-c com.apple.compilers.llvm.clang.1_0.compiler (in target 'GoogleUtilities-Logger' from project 'GoogleUtilities')
    cd /Users/siam/Desktop/Lingua\ Quest/Lingua\ Quest.xcodeproj
    
    Using response file: /Users/siam/Library/Developer/Xcode/DerivedData/Lingua_Quest-gvpckrqxtbgyprbgppjfqmimmmfw/Build/Intermediates.noindex/GoogleUtilities.build/Debug-iphonesimulator/GoogleUtilities-Logger.build/Objects-normal/arm64/e6072d4f65d7061329687fe24e3d63a7-common-args.resp
    
    /Applications/Xcode.app/Contents/Developer/Toolchains/XcodeDefault.xctoolchain/usr/bin/clang -x objective-c -ivfsstatcache /Users/siam/Library/Developer/Xcode/DerivedData/SDKStatCaches.noindex/iphonesimulator26.0-23A339-26257891a6c027eb51374368541b8346.sdkstatcache -fmessage-length\=0 -fdiagnostics-show-note-include-stack -fmacro-backtrace-limit\=0 -fno-color-diagnostics -fmodules-prune-interval\=86400 -fmodules-prune-after\=345600 -fbuild-session-file\=/Users/siam/Library/Developer/Xcode/DerivedData/ModuleCache.noindex/Session.modulevalidation -fmodules-validate-once-per-build-session -Wnon-modular-include-in-framework-module -Werror\=non-modular-include-in-framework-module -Wno-trigraphs -Wno-missing-field-initializers -Wno-missing-prototypes -Wno-return-type -Wno-implicit-atomic-properties -Wno-objc-interface-ivars -Wno-arc-repeated-use-of-weak -Wno-missing-braces -Wparentheses -Wswitch -Wno-unused-function -Wno-unused-label -Wno-unused-parameter -Wno-unused-variable -Wunused-value -Wno-empty-body -Wno-uninitialized -Wno-unknown-pragmas -w -Wno-shadow -Wno-four-char-constants -Wno-conversion -Wno-constant-conversion -Wno-int-conversion -Wno-bool-conversion -Wno-enum-conversion -Wno-float-conversion -Wno-non-literal-null-conversion -Wno-objc-literal-conversion -Wshorten-64-to-32 -Wpointer-sign -Wno-newline-eof -Wno-selector -Wno-strict-selector-match -Wno-undeclared-selector -Wno-deprecated-implementations -Wno-implicit-fallthrough -fstrict-aliasing -Wprotocol -Wdeprecated-declarations -Wno-sign-conversion -Wno-infinite-recursion -Wno-comma -Wno-block-capture-autoreleasing -Wno-strict-prototypes -Wno-semicolon-before-method-body -index-store-path /Users/siam/Library/Developer/Xcode/DerivedData/Lingua_Quest-gvpckrqxtbgyprbgppjfqmimmmfw/Index.noindex/DataStore @/Users/siam/Library/Developer/Xcode/DerivedData/Lingua_Quest-gvpckrqxtbgyprbgppjfqmimmmfw/Build/Intermediates.noindex/GoogleUtilities.build/Debug-iphonesimulator/GoogleUtilities-Logger.build/Objects-normal/arm64/e6072d4f65d7061329687fe24e3d63a7-common-args.resp -include /Users/siam/Library/Developer/Xcode/DerivedData/Lingua_Quest-gvpckrqxtbgyprbgppjfqmimmmfw/Build/Intermediates.noindex/GoogleUtilities.build/Debug-iphonesimulator/GoogleUtilities-Logger.build/DerivedSources/resource_bundle_accessor.h -MMD -MT dependencies -MF /Users/siam/Library/Developer/Xcode/DerivedData/Lingua_Quest-gvpckrqxtbgyprbgppjfqmimmmfw/Build/Intermediates.noindex/GoogleUtilities.build/Debug-iphonesimulator/GoogleUtilities-Logger.build/Objects-normal/arm64/resource_bundle_accessor.d --serialize-diagnostics /Users/siam/Library/Developer/Xcode/DerivedData/Lingua_Quest-gvpckrqxtbgyprbgppjfqmimmmfw/Build/Intermediates.noindex/GoogleUtilities.build/Debug-iphonesimulator/GoogleUtilities-Logger.build/Objects-normal/arm64/resource_bundle_accessor.dia -c /Users/siam/Library/Developer/Xcode/DerivedData/Lingua_Quest-gvpckrqxtbgyprbgppjfqmimmmfw/Build/Intermediates.noindex/GoogleUtilities.build/Debug-iphonesimulator/GoogleUtilities-Logger.build/DerivedSources/resource_bundle_accessor.m -o /Users/siam/Library/Developer/Xcode/DerivedData/Lingua_Quest-gvpckrqxtbgyprbgppjfqmimmmfw/Build/Intermediates.noindex/GoogleUtilities.build/Debug-iphonesimulator/GoogleUtilities-Logger.build/Objects-normal/arm64/resource_bundle_accessor.o -index-unit-output-path /GoogleUtilities.build/Debug-iphonesimulator/GoogleUtilities-Logger.build/Objects-normal/arm64/resource_bundle_accessor.o

CompileC /Users/siam/Library/Developer/Xcode/DerivedData/Lingua_Quest-gvpckrqxtbgyprbgppjfqmimmmfw/Build/Intermediates.noindex/GoogleUtilities.build/Debug-iphonesimulator/GoogleUtilities-Environment.build/Objects-normal/arm64/resource_bundle_accessor.o /Users/siam/Library/Developer/Xcode/DerivedData/Lingua_Quest-gvpckrqxtbgyprbgppjfqmimmmfw/Build/Intermediates.noindex/GoogleUtilities.build/Debug-iphonesimulator/GoogleUtilities-Environment.build/DerivedSources/resource_bundle_accessor.m normal arm64 objective-c com.apple.compilers.llvm.clang.1_0.compiler (in target 'GoogleUtilities-Environment' from project 'GoogleUtilities')
    cd /Users/siam/Desktop/Lingua\ Quest/Lingua\ Quest.xcodeproj
    
    Using response file: /Users/siam/Library/Developer/Xcode/DerivedData/Lingua_Quest-gvpckrqxtbgyprbgppjfqmimmmfw/Build/Intermediates.noindex/GoogleUtilities.build/Debug-iphonesimulator/GoogleUtilities-Environment.build/Objects-normal/arm64/e6072d4f65d7061329687fe24e3d63a7-common-args.resp
    
    /Applications/Xcode.app/Contents/Developer/Toolchains/XcodeDefault.xctoolchain/usr/bin/clang -x objective-c -ivfsstatcache /Users/siam/Library/Developer/Xcode/DerivedData/SDKStatCaches.noindex/iphonesimulator26.0-23A339-26257891a6c027eb51374368541b8346.sdkstatcache -fmessage-length\=0 -fdiagnostics-show-note-include-stack -fmacro-backtrace-limit\=0 -fno-color-diagnostics -fmodules-prune-interval\=86400 -fmodules-prune-after\=345600 -fbuild-session-file\=/Users/siam/Library/Developer/Xcode/DerivedData/ModuleCache.noindex/Session.modulevalidation -fmodules-validate-once-per-build-session -Wnon-modular-include-in-framework-module -Werror\=non-modular-include-in-framework-module -Wno-trigraphs -Wno-missing-field-initializers -Wno-missing-prototypes -Wno-return-type -Wno-implicit-atomic-properties -Wno-objc-interface-ivars -Wno-arc-repeated-use-of-weak -Wno-missing-braces -Wparentheses -Wswitch -Wno-unused-function -Wno-unused-label -Wno-unused-parameter -Wno-unused-variable -Wunused-value -Wno-empty-body -Wno-uninitialized -Wno-unknown-pragmas -w -Wno-shadow -Wno-four-char-constants -Wno-conversion -Wno-constant-conversion -Wno-int-conversion -Wno-bool-conversion -Wno-enum-conversion -Wno-float-conversion -Wno-non-literal-null-conversion -Wno-objc-literal-conversion -Wshorten-64-to-32 -Wpointer-sign -Wno-newline-eof -Wno-selector -Wno-strict-selector-match -Wno-undeclared-selector -Wno-deprecated-implementations -Wno-implicit-fallthrough -fstrict-aliasing -Wprotocol -Wdeprecated-declarations -Wno-sign-conversion -Wno-infinite-recursion -Wno-comma -Wno-block-capture-autoreleasing -Wno-strict-prototypes -Wno-semicolon-before-method-body -index-store-path /Users/siam/Library/Developer/Xcode/DerivedData/Lingua_Quest-gvpckrqxtbgyprbgppjfqmimmmfw/Index.noindex/DataStore @/Users/siam/Library/Developer/Xcode/DerivedData/Lingua_Quest-gvpckrqxtbgyprbgppjfqmimmmfw/Build/Intermediates.noindex/GoogleUtilities.build/Debug-iphonesimulator/GoogleUtilities-Environment.build/Objects-normal/arm64/e6072d4f65d7061329687fe24e3d63a7-common-args.resp -include /Users/siam/Library/Developer/Xcode/DerivedData/Lingua_Quest-gvpckrqxtbgyprbgppjfqmimmmfw/Build/Intermediates.noindex/GoogleUtilities.build/Debug-iphonesimulator/GoogleUtilities-Environment.build/DerivedSources/resource_bundle_accessor.h -MMD -MT dependencies -MF /Users/siam/Library/Developer/Xcode/DerivedData/Lingua_Quest-gvpckrqxtbgyprbgppjfqmimmmfw/Build/Intermediates.noindex/GoogleUtilities.build/Debug-iphonesimulator/GoogleUtilities-Environment.build/Objects-normal/arm64/resource_bundle_accessor.d --serialize-diagnostics /Users/siam/Library/Developer/Xcode/DerivedData/Lingua_Quest-gvpckrqxtbgyprbgppjfqmimmmfw/Build/Intermediates.noindex/GoogleUtilities.build/Debug-iphonesimulator/GoogleUtilities-Environment.build/Objects-normal/arm64/resource_bundle_accessor.dia -c /Users/siam/Library/Developer/Xcode/DerivedData/Lingua_Quest-gvpckrqxtbgyprbgppjfqmimmmfw/Build/Intermediates.noindex/GoogleUtilities.build/Debug-iphonesimulator/GoogleUtilities-Environment.build/DerivedSources/resource_bundle_accessor.m -o /Users/siam/Library/Developer/Xcode/DerivedData/Lingua_Quest-gvpckrqxtbgyprbgppjfqmimmmfw/Build/Intermediates.noindex/GoogleUtilities.build/Debug-iphonesimulator/GoogleUtilities-Environment.build/Objects-normal/arm64/resource_bundle_accessor.o -index-unit-output-path /GoogleUtilities.build/Debug-iphonesimulator/GoogleUtilities-Environment.build/Objects-normal/arm64/resource_bundle_accessor.o

CompileC /Users/siam/Library/Developer/Xcode/DerivedData/Lingua_Quest-gvpckrqxtbgyprbgppjfqmimmmfw/Build/Intermediates.noindex/GoogleUtilities.build/Debug-iphonesimulator/GoogleUtilities-Environment.build/Objects-normal/arm64/GULKeychainUtils.o /Users/siam/Library/Developer/Xcode/DerivedData/Lingua_Quest-gvpckrqxtbgyprbgppjfqmimmmfw/SourcePackages/checkouts/GoogleUtilities/GoogleUtilities/Environment/SecureStorage/GULKeychainUtils.m normal arm64 objective-c com.apple.compilers.llvm.clang.1_0.compiler (in target 'GoogleUtilities-Environment' from project 'GoogleUtilities')
    cd /Users/siam/Desktop/Lingua\ Quest/Lingua\ Quest.xcodeproj
    
    Using response file: /Users/siam/Library/Developer/Xcode/DerivedData/Lingua_Quest-gvpckrqxtbgyprbgppjfqmimmmfw/Build/Intermediates.noindex/GoogleUtilities.build/Debug-iphonesimulator/GoogleUtilities-Environment.build/Objects-normal/arm64/e6072d4f65d7061329687fe24e3d63a7-common-args.resp
    
    /Applications/Xcode.app/Contents/Developer/Toolchains/XcodeDefault.xctoolchain/usr/bin/clang -x objective-c -ivfsstatcache /Users/siam/Library/Developer/Xcode/DerivedData/SDKStatCaches.noindex/iphonesimulator26.0-23A339-26257891a6c027eb51374368541b8346.sdkstatcache -fmessage-length\=0 -fdiagnostics-show-note-include-stack -fmacro-backtrace-limit\=0 -fno-color-diagnostics -fmodules-prune-interval\=86400 -fmodules-prune-after\=345600 -fbuild-session-file\=/Users/siam/Library/Developer/Xcode/DerivedData/ModuleCache.noindex/Session.modulevalidation -fmodules-validate-once-per-build-session -Wnon-modular-include-in-framework-module -Werror\=non-modular-include-in-framework-module -Wno-trigraphs -Wno-missing-field-initializers -Wno-missing-prototypes -Wno-return-type -Wno-implicit-atomic-properties -Wno-objc-interface-ivars -Wno-arc-repeated-use-of-weak -Wno-missing-braces -Wparentheses -Wswitch -Wno-unused-function -Wno-unused-label -Wno-unused-parameter -Wno-unused-variable -Wunused-value -Wno-empty-body -Wno-uninitialized -Wno-unknown-pragmas -w -Wno-shadow -Wno-four-char-constants -Wno-conversion -Wno-constant-conversion -Wno-int-conversion -Wno-bool-conversion -Wno-enum-conversion -Wno-float-conversion -Wno-non-literal-null-conversion -Wno-objc-literal-conversion -Wshorten-64-to-32 -Wpointer-sign -Wno-newline-eof -Wno-selector -Wno-strict-selector-match -Wno-undeclared-selector -Wno-deprecated-implementations -Wno-implicit-fallthrough -fstrict-aliasing -Wprotocol -Wdeprecated-declarations -Wno-sign-conversion -Wno-infinite-recursion -Wno-comma -Wno-block-capture-autoreleasing -Wno-strict-prototypes -Wno-semicolon-before-method-body -index-store-path /Users/siam/Library/Developer/Xcode/DerivedData/Lingua_Quest-gvpckrqxtbgyprbgppjfqmimmmfw/Index.noindex/DataStore @/Users/siam/Library/Developer/Xcode/DerivedData/Lingua_Quest-gvpckrqxtbgyprbgppjfqmimmmfw/Build/Intermediates.noindex/GoogleUtilities.build/Debug-iphonesimulator/GoogleUtilities-Environment.build/Objects-normal/arm64/e6072d4f65d7061329687fe24e3d63a7-common-args.resp -include /Users/siam/Library/Developer/Xcode/DerivedData/Lingua_Quest-gvpckrqxtbgyprbgppjfqmimmmfw/Build/Intermediates.noindex/GoogleUtilities.build/Debug-iphonesimulator/GoogleUtilities-Environment.build/DerivedSources/resource_bundle_accessor.h -MMD -MT dependencies -MF /Users/siam/Library/Developer/Xcode/DerivedData/Lingua_Quest-gvpckrqxtbgyprbgppjfqmimmmfw/Build/Intermediates.noindex/GoogleUtilities.build/Debug-iphonesimulator/GoogleUtilities-Environment.build/Objects-normal/arm64/GULKeychainUtils.d --serialize-diagnostics /Users/siam/Library/Developer/Xcode/DerivedData/Lingua_Quest-gvpckrqxtbgyprbgppjfqmimmmfw/Build/Intermediates.noindex/GoogleUtilities.build/Debug-iphonesimulator/GoogleUtilities-Environment.build/Objects-normal/arm64/GULKeychainUtils.dia -c /Users/siam/Library/Developer/Xcode/DerivedData/Lingua_Quest-gvpckrqxtbgyprbgppjfqmimmmfw/SourcePackages/checkouts/GoogleUtilities/GoogleUtilities/Environment/SecureStorage/GULKeychainUtils.m -o /Users/siam/Library/Developer/Xcode/DerivedData/Lingua_Quest-gvpckrqxtbgyprbgppjfqmimmmfw/Build/Intermediates.noindex/GoogleUtilities.build/Debug-iphonesimulator/GoogleUtilities-Environment.build/Objects-normal/arm64/GULKeychainUtils.o -index-unit-output-path /GoogleUtilities.build/Debug-iphonesimulator/GoogleUtilities-Environment.build/Objects-normal/arm64/GULKeychainUtils.o

CompileC /Users/siam/Library/Developer/Xcode/DerivedData/Lingua_Quest-gvpckrqxtbgyprbgppjfqmimmmfw/Build/Intermediates.noindex/GoogleUtilities.build/Debug-iphonesimulator/GoogleUtilities-Environment.build/Objects-normal/arm64/GULKeychainStorage.o /Users/siam/Library/Developer/Xcode/DerivedData/Lingua_Quest-gvpckrqxtbgyprbgppjfqmimmmfw/SourcePackages/checkouts/GoogleUtilities/GoogleUtilities/Environment/SecureStorage/GULKeychainStorage.m normal arm64 objective-c com.apple.compilers.llvm.clang.1_0.compiler (in target 'GoogleUtilities-Environment' from project 'GoogleUtilities')
    cd /Users/siam/Desktop/Lingua\ Quest/Lingua\ Quest.xcodeproj
    
    Using response file: /Users/siam/Library/Developer/Xcode/DerivedData/Lingua_Quest-gvpckrqxtbgyprbgppjfqmimmmfw/Build/Intermediates.noindex/GoogleUtilities.build/Debug-iphonesimulator/GoogleUtilities-Environment.build/Objects-normal/arm64/e6072d4f65d7061329687fe24e3d63a7-common-args.resp
    
    /Applications/Xcode.app/Contents/Developer/Toolchains/XcodeDefault.xctoolchain/usr/bin/clang -x objective-c -ivfsstatcache /Users/siam/Library/Developer/Xcode/DerivedData/SDKStatCaches.noindex/iphonesimulator26.0-23A339-26257891a6c027eb51374368541b8346.sdkstatcache -fmessage-length\=0 -fdiagnostics-show-note-include-stack -fmacro-backtrace-limit\=0 -fno-color-diagnostics -fmodules-prune-interval\=86400 -fmodules-prune-after\=345600 -fbuild-session-file\=/Users/siam/Library/Developer/Xcode/DerivedData/ModuleCache.noindex/Session.modulevalidation -fmodules-validate-once-per-build-session -Wnon-modular-include-in-framework-module -Werror\=non-modular-include-in-framework-module -Wno-trigraphs -Wno-missing-field-initializers -Wno-missing-prototypes -Wno-return-type -Wno-implicit-atomic-properties -Wno-objc-interface-ivars -Wno-arc-repeated-use-of-weak -Wno-missing-braces -Wparentheses -Wswitch -Wno-unused-function -Wno-unused-label -Wno-unused-parameter -Wno-unused-variable -Wunused-value -Wno-empty-body -Wno-uninitialized -Wno-unknown-pragmas -w -Wno-shadow -Wno-four-char-constants -Wno-conversion -Wno-constant-conversion -Wno-int-conversion -Wno-bool-conversion -Wno-enum-conversion -Wno-float-conversion -Wno-non-literal-null-conversion -Wno-objc-literal-conversion -Wshorten-64-to-32 -Wpointer-sign -Wno-newline-eof -Wno-selector -Wno-strict-selector-match -Wno-undeclared-selector -Wno-deprecated-implementations -Wno-implicit-fallthrough -fstrict-aliasing -Wprotocol -Wdeprecated-declarations -Wno-sign-conversion -Wno-infinite-recursion -Wno-comma -Wno-block-capture-autoreleasing -Wno-strict-prototypes -Wno-semicolon-before-method-body -index-store-path /Users/siam/Library/Developer/Xcode/DerivedData/Lingua_Quest-gvpckrqxtbgyprbgppjfqmimmmfw/Index.noindex/DataStore @/Users/siam/Library/Developer/Xcode/DerivedData/Lingua_Quest-gvpckrqxtbgyprbgppjfqmimmmfw/Build/Intermediates.noindex/GoogleUtilities.build/Debug-iphonesimulator/GoogleUtilities-Environment.build/Objects-normal/arm64/e6072d4f65d7061329687fe24e3d63a7-common-args.resp -include /Users/siam/Library/Developer/Xcode/DerivedData/Lingua_Quest-gvpckrqxtbgyprbgppjfqmimmmfw/Build/Intermediates.noindex/GoogleUtilities.build/Debug-iphonesimulator/GoogleUtilities-Environment.build/DerivedSources/resource_bundle_accessor.h -MMD -MT dependencies -MF /Users/siam/Library/Developer/Xcode/DerivedData/Lingua_Quest-gvpckrqxtbgyprbgppjfqmimmmfw/Build/Intermediates.noindex/GoogleUtilities.build/Debug-iphonesimulator/GoogleUtilities-Environment.build/Objects-normal/arm64/GULKeychainStorage.d --serialize-diagnostics /Users/siam/Library/Developer/Xcode/DerivedData/Lingua_Quest-gvpckrqxtbgyprbgppjfqmimmmfw/Build/Intermediates.noindex/GoogleUtilities.build/Debug-iphonesimulator/GoogleUtilities-Environment.build/Objects-normal/arm64/GULKeychainStorage.dia -c /Users/siam/Library/Developer/Xcode/DerivedData/Lingua_Quest-gvpckrqxtbgyprbgppjfqmimmmfw/SourcePackages/checkouts/GoogleUtilities/GoogleUtilities/Environment/SecureStorage/GULKeychainStorage.m -o /Users/siam/Library/Developer/Xcode/DerivedData/Lingua_Quest-gvpckrqxtbgyprbgppjfqmimmmfw/Build/Intermediates.noindex/GoogleUtilities.build/Debug-iphonesimulator/GoogleUtilities-Environment.build/Objects-normal/arm64/GULKeychainStorage.o -index-unit-output-path /GoogleUtilities.build/Debug-iphonesimulator/GoogleUtilities-Environment.build/Objects-normal/arm64/GULKeychainStorage.o

CompileC /Users/siam/Library/Developer/Xcode/DerivedData/Lingua_Quest-gvpckrqxtbgyprbgppjfqmimmmfw/Build/Intermediates.noindex/GoogleUtilities.build/Debug-iphonesimulator/GoogleUtilities-AppDelegateSwizzler.build/Objects-normal/arm64/resource_bundle_accessor.o /Users/siam/Library/Developer/Xcode/DerivedData/Lingua_Quest-gvpckrqxtbgyprbgppjfqmimmmfw/Build/Intermediates.noindex/GoogleUtilities.build/Debug-iphonesimulator/GoogleUtilities-AppDelegateSwizzler.build/DerivedSources/resource_bundle_accessor.m normal arm64 objective-c com.apple.compilers.llvm.clang.1_0.compiler (in target 'GoogleUtilities-AppDelegateSwizzler' from project 'GoogleUtilities')
    cd /Users/siam/Desktop/Lingua\ Quest/Lingua\ Quest.xcodeproj
    
    Using response file: /Users/siam/Library/Developer/Xcode/DerivedData/Lingua_Quest-gvpckrqxtbgyprbgppjfqmimmmfw/Build/Intermediates.noindex/GoogleUtilities.build/Debug-iphonesimulator/GoogleUtilities-AppDelegateSwizzler.build/Objects-normal/arm64/e6072d4f65d7061329687fe24e3d63a7-common-args.resp
    
    /Applications/Xcode.app/Contents/Developer/Toolchains/XcodeDefault.xctoolchain/usr/bin/clang -x objective-c -ivfsstatcache /Users/siam/Library/Developer/Xcode/DerivedData/SDKStatCaches.noindex/iphonesimulator26.0-23A339-26257891a6c027eb51374368541b8346.sdkstatcache -fmessage-length\=0 -fdiagnostics-show-note-include-stack -fmacro-backtrace-limit\=0 -fno-color-diagnostics -fmodules-prune-interval\=86400 -fmodules-prune-after\=345600 -fbuild-session-file\=/Users/siam/Library/Developer/Xcode/DerivedData/ModuleCache.noindex/Session.modulevalidation -fmodules-validate-once-per-build-session -Wnon-modular-include-in-framework-module -Werror\=non-modular-include-in-framework-module -Wno-trigraphs -Wno-missing-field-initializers -Wno-missing-prototypes -Wno-return-type -Wno-implicit-atomic-properties -Wno-objc-interface-ivars -Wno-arc-repeated-use-of-weak -Wno-missing-braces -Wparentheses -Wswitch -Wno-unused-function -Wno-unused-label -Wno-unused-parameter -Wno-unused-variable -Wunused-value -Wno-empty-body -Wno-uninitialized -Wno-unknown-pragmas -w -Wno-shadow -Wno-four-char-constants -Wno-conversion -Wno-constant-conversion -Wno-int-conversion -Wno-bool-conversion -Wno-enum-conversion -Wno-float-conversion -Wno-non-literal-null-conversion -Wno-objc-literal-conversion -Wshorten-64-to-32 -Wpointer-sign -Wno-newline-eof -Wno-selector -Wno-strict-selector-match -Wno-undeclared-selector -Wno-deprecated-implementations -Wno-implicit-fallthrough -fstrict-aliasing -Wprotocol -Wdeprecated-declarations -Wno-sign-conversion -Wno-infinite-recursion -Wno-comma -Wno-block-capture-autoreleasing -Wno-strict-prototypes -Wno-semicolon-before-method-body -index-store-path /Users/siam/Library/Developer/Xcode/DerivedData/Lingua_Quest-gvpckrqxtbgyprbgppjfqmimmmfw/Index.noindex/DataStore @/Users/siam/Library/Developer/Xcode/DerivedData/Lingua_Quest-gvpckrqxtbgyprbgppjfqmimmmfw/Build/Intermediates.noindex/GoogleUtilities.build/Debug-iphonesimulator/GoogleUtilities-AppDelegateSwizzler.build/Objects-normal/arm64/e6072d4f65d7061329687fe24e3d63a7-common-args.resp -include /Users/siam/Library/Developer/Xcode/DerivedData/Lingua_Quest-gvpckrqxtbgyprbgppjfqmimmmfw/Build/Intermediates.noindex/GoogleUtilities.build/Debug-iphonesimulator/GoogleUtilities-AppDelegateSwizzler.build/DerivedSources/resource_bundle_accessor.h -MMD -MT dependencies -MF /Users/siam/Library/Developer/Xcode/DerivedData/Lingua_Quest-gvpckrqxtbgyprbgppjfqmimmmfw/Build/Intermediates.noindex/GoogleUtilities.build/Debug-iphonesimulator/GoogleUtilities-AppDelegateSwizzler.build/Objects-normal/arm64/resource_bundle_accessor.d --serialize-diagnostics /Users/siam/Library/Developer/Xcode/DerivedData/Lingua_Quest-gvpckrqxtbgyprbgppjfqmimmmfw/Build/Intermediates.noindex/GoogleUtilities.build/Debug-iphonesimulator/GoogleUtilities-AppDelegateSwizzler.build/Objects-normal/arm64/resource_bundle_accessor.dia -c /Users/siam/Library/Developer/Xcode/DerivedData/Lingua_Quest-gvpckrqxtbgyprbgppjfqmimmmfw/Build/Intermediates.noindex/GoogleUtilities.build/Debug-iphonesimulator/GoogleUtilities-AppDelegateSwizzler.build/DerivedSources/resource_bundle_accessor.m -o /Users/siam/Library/Developer/Xcode/DerivedData/Lingua_Quest-gvpckrqxtbgyprbgppjfqmimmmfw/Build/Intermediates.noindex/GoogleUtilities.build/Debug-iphonesimulator/GoogleUtilities-AppDelegateSwizzler.build/Objects-normal/arm64/resource_bundle_accessor.o -index-unit-output-path /GoogleUtilities.build/Debug-iphonesimulator/GoogleUtilities-AppDelegateSwizzler.build/Objects-normal/arm64/resource_bundle_accessor.o

PrecompileModule /Users/siam/Library/Developer/Xcode/DerivedData/Lingua_Quest-gvpckrqxtbgyprbgppjfqmimmmfw/Build/Intermediates.noindex/ExplicitPrecompiledModules/Symbols-AH85FH5JAVNR6BP6JN3SXBF8W.scan
    cd /
    builtin-precompileModule /Users/siam/Library/Developer/Xcode/DerivedData/Lingua_Quest-gvpckrqxtbgyprbgppjfqmimmmfw/Build/Intermediates.noindex/ExplicitPrecompiledModules/Symbols-AH85FH5JAVNR6BP6JN3SXBF8W.scan

PrecompileModule /Users/siam/Library/Developer/Xcode/DerivedData/Lingua_Quest-gvpckrqxtbgyprbgppjfqmimmmfw/Build/Intermediates.noindex/ExplicitPrecompiledModules/GoogleUtilities_Network-8VU4FB8TCQOAYHRH4UX8WGB7T.scan
    cd /
    builtin-precompileModule /Users/siam/Library/Developer/Xcode/DerivedData/Lingua_Quest-gvpckrqxtbgyprbgppjfqmimmmfw/Build/Intermediates.noindex/ExplicitPrecompiledModules/GoogleUtilities_Network-8VU4FB8TCQOAYHRH4UX8WGB7T.scan

PrecompileModule /Users/siam/Library/Developer/Xcode/DerivedData/Lingua_Quest-gvpckrqxtbgyprbgppjfqmimmmfw/Build/Intermediates.noindex/ExplicitPrecompiledModules/GoogleUtilities_Logger-14IY6F8BSPTINSRYS0CZ48N2M.scan
    cd /
    builtin-precompileModule /Users/siam/Library/Developer/Xcode/DerivedData/Lingua_Quest-gvpckrqxtbgyprbgppjfqmimmmfw/Build/Intermediates.noindex/ExplicitPrecompiledModules/GoogleUtilities_Logger-14IY6F8BSPTINSRYS0CZ48N2M.scan

PrecompileModule /Users/siam/Library/Developer/Xcode/DerivedData/Lingua_Quest-gvpckrqxtbgyprbgppjfqmimmmfw/Build/Intermediates.noindex/ExplicitPrecompiledModules/IOSurface-DE53V6QZJMVK79D5L3LV3KFDV.scan
    cd /
    builtin-precompileModule /Users/siam/Library/Developer/Xcode/DerivedData/Lingua_Quest-gvpckrqxtbgyprbgppjfqmimmmfw/Build/Intermediates.noindex/ExplicitPrecompiledModules/IOSurface-DE53V6QZJMVK79D5L3LV3KFDV.scan

PrecompileModule /Users/siam/Library/Developer/Xcode/DerivedData/Lingua_Quest-gvpckrqxtbgyprbgppjfqmimmmfw/Build/Intermediates.noindex/ExplicitPrecompiledModules/UIUtilities-EJR1SJ318ZA4VJWJRUJ09WMMG.scan
    cd /
    builtin-precompileModule /Users/siam/Library/Developer/Xcode/DerivedData/Lingua_Quest-gvpckrqxtbgyprbgppjfqmimmmfw/Build/Intermediates.noindex/ExplicitPrecompiledModules/UIUtilities-EJR1SJ318ZA4VJWJRUJ09WMMG.scan

PrecompileModule /Users/siam/Library/Developer/Xcode/DerivedData/Lingua_Quest-gvpckrqxtbgyprbgppjfqmimmmfw/Build/Intermediates.noindex/ExplicitPrecompiledModules/OpenGLES-DJT0Z9KD7YJZGJHH7QRAJTUKO.scan
    cd /
    builtin-precompileModule /Users/siam/Library/Developer/Xcode/DerivedData/Lingua_Quest-gvpckrqxtbgyprbgppjfqmimmmfw/Build/Intermediates.noindex/ExplicitPrecompiledModules/OpenGLES-DJT0Z9KD7YJZGJHH7QRAJTUKO.scan

PrecompileModule /Users/siam/Library/Developer/Xcode/DerivedData/Lingua_Quest-gvpckrqxtbgyprbgppjfqmimmmfw/Build/Intermediates.noindex/ExplicitPrecompiledModules/CoreTelephony-6NP3KJ6NWUSET5AOFSOBXV0BQ.scan
    cd /
    builtin-precompileModule /Users/siam/Library/Developer/Xcode/DerivedData/Lingua_Quest-gvpckrqxtbgyprbgppjfqmimmmfw/Build/Intermediates.noindex/ExplicitPrecompiledModules/CoreTelephony-6NP3KJ6NWUSET5AOFSOBXV0BQ.scan

PrecompileModule /Users/siam/Library/Developer/Xcode/DerivedData/Lingua_Quest-gvpckrqxtbgyprbgppjfqmimmmfw/Build/Intermediates.noindex/ExplicitPrecompiledModules/GoogleUtilities_NSData-DIWBJ8S4ZL1UYOII0PV0R16IR.scan
    cd /
    builtin-precompileModule /Users/siam/Library/Developer/Xcode/DerivedData/Lingua_Quest-gvpckrqxtbgyprbgppjfqmimmmfw/Build/Intermediates.noindex/ExplicitPrecompiledModules/GoogleUtilities_NSData-DIWBJ8S4ZL1UYOII0PV0R16IR.scan

PrecompileModule /Users/siam/Library/Developer/Xcode/DerivedData/Lingua_Quest-gvpckrqxtbgyprbgppjfqmimmmfw/Build/Intermediates.noindex/ExplicitPrecompiledModules/OpenGLES-8QSOMQI86BHQALROJRO9LHABH.scan
    cd /
    builtin-precompileModule /Users/siam/Library/Developer/Xcode/DerivedData/Lingua_Quest-gvpckrqxtbgyprbgppjfqmimmmfw/Build/Intermediates.noindex/ExplicitPrecompiledModules/OpenGLES-8QSOMQI86BHQALROJRO9LHABH.scan

PrecompileModule /Users/siam/Library/Developer/Xcode/DerivedData/Lingua_Quest-gvpckrqxtbgyprbgppjfqmimmmfw/Build/Intermediates.noindex/ExplicitPrecompiledModules/UserNotifications-A71KXNVA9QI1YAFSHFMNZOG7K.scan
    cd /
    builtin-precompileModule /Users/siam/Library/Developer/Xcode/DerivedData/Lingua_Quest-gvpckrqxtbgyprbgppjfqmimmmfw/Build/Intermediates.noindex/ExplicitPrecompiledModules/UserNotifications-A71KXNVA9QI1YAFSHFMNZOG7K.scan

PrecompileModule /Users/siam/Library/Developer/Xcode/DerivedData/Lingua_Quest-gvpckrqxtbgyprbgppjfqmimmmfw/Build/Intermediates.noindex/ExplicitPrecompiledModules/Symbols-6RUR47X8K6W5VT095RZIV2BP9.scan
    cd /
    builtin-precompileModule /Users/siam/Library/Developer/Xcode/DerivedData/Lingua_Quest-gvpckrqxtbgyprbgppjfqmimmmfw/Build/Intermediates.noindex/ExplicitPrecompiledModules/Symbols-6RUR47X8K6W5VT095RZIV2BP9.scan

CompileC /Users/siam/Library/Developer/Xcode/DerivedData/Lingua_Quest-gvpckrqxtbgyprbgppjfqmimmmfw/Build/Intermediates.noindex/GoogleUtilities.build/Debug-iphonesimulator/GoogleUtilities-UserDefaults.build/Objects-normal/arm64/GULUserDefaults.o /Users/siam/Library/Developer/Xcode/DerivedData/Lingua_Quest-gvpckrqxtbgyprbgppjfqmimmmfw/SourcePackages/checkouts/GoogleUtilities/GoogleUtilities/UserDefaults/GULUserDefaults.m normal arm64 objective-c com.apple.compilers.llvm.clang.1_0.compiler (in target 'GoogleUtilities-UserDefaults' from project 'GoogleUtilities')
    cd /Users/siam/Desktop/Lingua\ Quest/Lingua\ Quest.xcodeproj
    
    Using response file: /Users/siam/Library/Developer/Xcode/DerivedData/Lingua_Quest-gvpckrqxtbgyprbgppjfqmimmmfw/Build/Intermediates.noindex/GoogleUtilities.build/Debug-iphonesimulator/GoogleUtilities-UserDefaults.build/Objects-normal/arm64/e6072d4f65d7061329687fe24e3d63a7-common-args.resp
    
    /Applications/Xcode.app/Contents/Developer/Toolchains/XcodeDefault.xctoolchain/usr/bin/clang -x objective-c -ivfsstatcache /Users/siam/Library/Developer/Xcode/DerivedData/SDKStatCaches.noindex/iphonesimulator26.0-23A339-26257891a6c027eb51374368541b8346.sdkstatcache -fmessage-length\=0 -fdiagnostics-show-note-include-stack -fmacro-backtrace-limit\=0 -fno-color-diagnostics -fmodules-prune-interval\=86400 -fmodules-prune-after\=345600 -fbuild-session-file\=/Users/siam/Library/Developer/Xcode/DerivedData/ModuleCache.noindex/Session.modulevalidation -fmodules-validate-once-per-build-session -Wnon-modular-include-in-framework-module -Werror\=non-modular-include-in-framework-module -Wno-trigraphs -Wno-missing-field-initializers -Wno-missing-prototypes -Wno-return-type -Wno-implicit-atomic-properties -Wno-objc-interface-ivars -Wno-arc-repeated-use-of-weak -Wno-missing-braces -Wparentheses -Wswitch -Wno-unused-function -Wno-unused-label -Wno-unused-parameter -Wno-unused-variable -Wunused-value -Wno-empty-body -Wno-uninitialized -Wno-unknown-pragmas -w -Wno-shadow -Wno-four-char-constants -Wno-conversion -Wno-constant-conversion -Wno-int-conversion -Wno-bool-conversion -Wno-enum-conversion -Wno-float-conversion -Wno-non-literal-null-conversion -Wno-objc-literal-conversion -Wshorten-64-to-32 -Wpointer-sign -Wno-newline-eof -Wno-selector -Wno-strict-selector-match -Wno-undeclared-selector -Wno-deprecated-implementations -Wno-implicit-fallthrough -fstrict-aliasing -Wprotocol -Wdeprecated-declarations -Wno-sign-conversion -Wno-infinite-recursion -Wno-comma -Wno-block-capture-autoreleasing -Wno-strict-prototypes -Wno-semicolon-before-method-body -index-store-path /Users/siam/Library/Developer/Xcode/DerivedData/Lingua_Quest-gvpckrqxtbgyprbgppjfqmimmmfw/Index.noindex/DataStore @/Users/siam/Library/Developer/Xcode/DerivedData/Lingua_Quest-gvpckrqxtbgyprbgppjfqmimmmfw/Build/Intermediates.noindex/GoogleUtilities.build/Debug-iphonesimulator/GoogleUtilities-UserDefaults.build/Objects-normal/arm64/e6072d4f65d7061329687fe24e3d63a7-common-args.resp -include /Users/siam/Library/Developer/Xcode/DerivedData/Lingua_Quest-gvpckrqxtbgyprbgppjfqmimmmfw/Build/Intermediates.noindex/GoogleUtilities.build/Debug-iphonesimulator/GoogleUtilities-UserDefaults.build/DerivedSources/resource_bundle_accessor.h -MMD -MT dependencies -MF /Users/siam/Library/Developer/Xcode/DerivedData/Lingua_Quest-gvpckrqxtbgyprbgppjfqmimmmfw/Build/Intermediates.noindex/GoogleUtilities.build/Debug-iphonesimulator/GoogleUtilities-UserDefaults.build/Objects-normal/arm64/GULUserDefaults.d --serialize-diagnostics /Users/siam/Library/Developer/Xcode/DerivedData/Lingua_Quest-gvpckrqxtbgyprbgppjfqmimmmfw/Build/Intermediates.noindex/GoogleUtilities.build/Debug-iphonesimulator/GoogleUtilities-UserDefaults.build/Objects-normal/arm64/GULUserDefaults.dia -c /Users/siam/Library/Developer/Xcode/DerivedData/Lingua_Quest-gvpckrqxtbgyprbgppjfqmimmmfw/SourcePackages/checkouts/GoogleUtilities/GoogleUtilities/UserDefaults/GULUserDefaults.m -o /Users/siam/Library/Developer/Xcode/DerivedData/Lingua_Quest-gvpckrqxtbgyprbgppjfqmimmmfw/Build/Intermediates.noindex/GoogleUtilities.build/Debug-iphonesimulator/GoogleUtilities-UserDefaults.build/Objects-normal/arm64/GULUserDefaults.o -index-unit-output-path /GoogleUtilities.build/Debug-iphonesimulator/GoogleUtilities-UserDefaults.build/Objects-normal/arm64/GULUserDefaults.o

CompileC /Users/siam/Library/Developer/Xcode/DerivedData/Lingua_Quest-gvpckrqxtbgyprbgppjfqmimmmfw/Build/Intermediates.noindex/GoogleUtilities.build/Debug-iphonesimulator/GoogleUtilities-Reachability.build/Objects-normal/arm64/GULReachabilityChecker.o /Users/siam/Library/Developer/Xcode/DerivedData/Lingua_Quest-gvpckrqxtbgyprbgppjfqmimmmfw/SourcePackages/checkouts/GoogleUtilities/GoogleUtilities/Reachability/GULReachabilityChecker.m normal arm64 objective-c com.apple.compilers.llvm.clang.1_0.compiler (in target 'GoogleUtilities-Reachability' from project 'GoogleUtilities')
    cd /Users/siam/Desktop/Lingua\ Quest/Lingua\ Quest.xcodeproj
    
    Using response file: /Users/siam/Library/Developer/Xcode/DerivedData/Lingua_Quest-gvpckrqxtbgyprbgppjfqmimmmfw/Build/Intermediates.noindex/GoogleUtilities.build/Debug-iphonesimulator/GoogleUtilities-Reachability.build/Objects-normal/arm64/e6072d4f65d7061329687fe24e3d63a7-common-args.resp
    
    /Applications/Xcode.app/Contents/Developer/Toolchains/XcodeDefault.xctoolchain/usr/bin/clang -x objective-c -ivfsstatcache /Users/siam/Library/Developer/Xcode/DerivedData/SDKStatCaches.noindex/iphonesimulator26.0-23A339-26257891a6c027eb51374368541b8346.sdkstatcache -fmessage-length\=0 -fdiagnostics-show-note-include-stack -fmacro-backtrace-limit\=0 -fno-color-diagnostics -fmodules-prune-interval\=86400 -fmodules-prune-after\=345600 -fbuild-session-file\=/Users/siam/Library/Developer/Xcode/DerivedData/ModuleCache.noindex/Session.modulevalidation -fmodules-validate-once-per-build-session -Wnon-modular-include-in-framework-module -Werror\=non-modular-include-in-framework-module -Wno-trigraphs -Wno-missing-field-initializers -Wno-missing-prototypes -Wno-return-type -Wno-implicit-atomic-properties -Wno-objc-interface-ivars -Wno-arc-repeated-use-of-weak -Wno-missing-braces -Wparentheses -Wswitch -Wno-unused-function -Wno-unused-label -Wno-unused-parameter -Wno-unused-variable -Wunused-value -Wno-empty-body -Wno-uninitialized -Wno-unknown-pragmas -w -Wno-shadow -Wno-four-char-constants -Wno-conversion -Wno-constant-conversion -Wno-int-conversion -Wno-bool-conversion -Wno-enum-conversion -Wno-float-conversion -Wno-non-literal-null-conversion -Wno-objc-literal-conversion -Wshorten-64-to-32 -Wpointer-sign -Wno-newline-eof -Wno-selector -Wno-strict-selector-match -Wno-undeclared-selector -Wno-deprecated-implementations -Wno-implicit-fallthrough -fstrict-aliasing -Wprotocol -Wdeprecated-declarations -Wno-sign-conversion -Wno-infinite-recursion -Wno-comma -Wno-block-capture-autoreleasing -Wno-strict-prototypes -Wno-semicolon-before-method-body -index-store-path /Users/siam/Library/Developer/Xcode/DerivedData/Lingua_Quest-gvpckrqxtbgyprbgppjfqmimmmfw/Index.noindex/DataStore @/Users/siam/Library/Developer/Xcode/DerivedData/Lingua_Quest-gvpckrqxtbgyprbgppjfqmimmmfw/Build/Intermediates.noindex/GoogleUtilities.build/Debug-iphonesimulator/GoogleUtilities-Reachability.build/Objects-normal/arm64/e6072d4f65d7061329687fe24e3d63a7-common-args.resp -include /Users/siam/Library/Developer/Xcode/DerivedData/Lingua_Quest-gvpckrqxtbgyprbgppjfqmimmmfw/Build/Intermediates.noindex/GoogleUtilities.build/Debug-iphonesimulator/GoogleUtilities-Reachability.build/DerivedSources/resource_bundle_accessor.h -MMD -MT dependencies -MF /Users/siam/Library/Developer/Xcode/DerivedData/Lingua_Quest-gvpckrqxtbgyprbgppjfqmimmmfw/Build/Intermediates.noindex/GoogleUtilities.build/Debug-iphonesimulator/GoogleUtilities-Reachability.build/Objects-normal/arm64/GULReachabilityChecker.d --serialize-diagnostics /Users/siam/Library/Developer/Xcode/DerivedData/Lingua_Quest-gvpckrqxtbgyprbgppjfqmimmmfw/Build/Intermediates.noindex/GoogleUtilities.build/Debug-iphonesimulator/GoogleUtilities-Reachability.build/Objects-normal/arm64/GULReachabilityChecker.dia -c /Users/siam/Library/Developer/Xcode/DerivedData/Lingua_Quest-gvpckrqxtbgyprbgppjfqmimmmfw/SourcePackages/checkouts/GoogleUtilities/GoogleUtilities/Reachability/GULReachabilityChecker.m -o /Users/siam/Library/Developer/Xcode/DerivedData/Lingua_Quest-gvpckrqxtbgyprbgppjfqmimmmfw/Build/Intermediates.noindex/GoogleUtilities.build/Debug-iphonesimulator/GoogleUtilities-Reachability.build/Objects-normal/arm64/GULReachabilityChecker.o -index-unit-output-path /GoogleUtilities.build/Debug-iphonesimulator/GoogleUtilities-Reachability.build/Objects-normal/arm64/GULReachabilityChecker.o

CompileC /Users/siam/Library/Developer/Xcode/DerivedData/Lingua_Quest-gvpckrqxtbgyprbgppjfqmimmmfw/Build/Intermediates.noindex/GoogleUtilities.build/Debug-iphonesimulator/GoogleUtilities-Network.build/Objects-normal/arm64/GULNetworkURLSession.o /Users/siam/Library/Developer/Xcode/DerivedData/Lingua_Quest-gvpckrqxtbgyprbgppjfqmimmmfw/SourcePackages/checkouts/GoogleUtilities/GoogleUtilities/Network/GULNetworkURLSession.m normal arm64 objective-c com.apple.compilers.llvm.clang.1_0.compiler (in target 'GoogleUtilities-Network' from project 'GoogleUtilities')
    cd /Users/siam/Desktop/Lingua\ Quest/Lingua\ Quest.xcodeproj
    
    Using response file: /Users/siam/Library/Developer/Xcode/DerivedData/Lingua_Quest-gvpckrqxtbgyprbgppjfqmimmmfw/Build/Intermediates.noindex/GoogleUtilities.build/Debug-iphonesimulator/GoogleUtilities-Network.build/Objects-normal/arm64/e6072d4f65d7061329687fe24e3d63a7-common-args.resp
    
    /Applications/Xcode.app/Contents/Developer/Toolchains/XcodeDefault.xctoolchain/usr/bin/clang -x objective-c -ivfsstatcache /Users/siam/Library/Developer/Xcode/DerivedData/SDKStatCaches.noindex/iphonesimulator26.0-23A339-26257891a6c027eb51374368541b8346.sdkstatcache -fmessage-length\=0 -fdiagnostics-show-note-include-stack -fmacro-backtrace-limit\=0 -fno-color-diagnostics -fmodules-prune-interval\=86400 -fmodules-prune-after\=345600 -fbuild-session-file\=/Users/siam/Library/Developer/Xcode/DerivedData/ModuleCache.noindex/Session.modulevalidation -fmodules-validate-once-per-build-session -Wnon-modular-include-in-framework-module -Werror\=non-modular-include-in-framework-module -Wno-trigraphs -Wno-missing-field-initializers -Wno-missing-prototypes -Wno-return-type -Wno-implicit-atomic-properties -Wno-objc-interface-ivars -Wno-arc-repeated-use-of-weak -Wno-missing-braces -Wparentheses -Wswitch -Wno-unused-function -Wno-unused-label -Wno-unused-parameter -Wno-unused-variable -Wunused-value -Wno-empty-body -Wno-uninitialized -Wno-unknown-pragmas -w -Wno-shadow -Wno-four-char-constants -Wno-conversion -Wno-constant-conversion -Wno-int-conversion -Wno-bool-conversion -Wno-enum-conversion -Wno-float-conversion -Wno-non-literal-null-conversion -Wno-objc-literal-conversion -Wshorten-64-to-32 -Wpointer-sign -Wno-newline-eof -Wno-selector -Wno-strict-selector-match -Wno-undeclared-selector -Wno-deprecated-implementations -Wno-implicit-fallthrough -fstrict-aliasing -Wprotocol -Wdeprecated-declarations -Wno-sign-conversion -Wno-infinite-recursion -Wno-comma -Wno-block-capture-autoreleasing -Wno-strict-prototypes -Wno-semicolon-before-method-body -index-store-path /Users/siam/Library/Developer/Xcode/DerivedData/Lingua_Quest-gvpckrqxtbgyprbgppjfqmimmmfw/Index.noindex/DataStore @/Users/siam/Library/Developer/Xcode/DerivedData/Lingua_Quest-gvpckrqxtbgyprbgppjfqmimmmfw/Build/Intermediates.noindex/GoogleUtilities.build/Debug-iphonesimulator/GoogleUtilities-Network.build/Objects-normal/arm64/e6072d4f65d7061329687fe24e3d63a7-common-args.resp -include /Users/siam/Library/Developer/Xcode/DerivedData/Lingua_Quest-gvpckrqxtbgyprbgppjfqmimmmfw/Build/Intermediates.noindex/GoogleUtilities.build/Debug-iphonesimulator/GoogleUtilities-Network.build/DerivedSources/resource_bundle_accessor.h -MMD -MT dependencies -MF /Users/siam/Library/Developer/Xcode/DerivedData/Lingua_Quest-gvpckrqxtbgyprbgppjfqmimmmfw/Build/Intermediates.noindex/GoogleUtilities.build/Debug-iphonesimulator/GoogleUtilities-Network.build/Objects-normal/arm64/GULNetworkURLSession.d --serialize-diagnostics /Users/siam/Library/Developer/Xcode/DerivedData/Lingua_Quest-gvpckrqxtbgyprbgppjfqmimmmfw/Build/Intermediates.noindex/GoogleUtilities.build/Debug-iphonesimulator/GoogleUtilities-Network.build/Objects-normal/arm64/GULNetworkURLSession.dia -c /Users/siam/Library/Developer/Xcode/DerivedData/Lingua_Quest-gvpckrqxtbgyprbgppjfqmimmmfw/SourcePackages/checkouts/GoogleUtilities/GoogleUtilities/Network/GULNetworkURLSession.m -o /Users/siam/Library/Developer/Xcode/DerivedData/Lingua_Quest-gvpckrqxtbgyprbgppjfqmimmmfw/Build/Intermediates.noindex/GoogleUtilities.build/Debug-iphonesimulator/GoogleUtilities-Network.build/Objects-normal/arm64/GULNetworkURLSession.o -index-unit-output-path /GoogleUtilities.build/Debug-iphonesimulator/GoogleUtilities-Network.build/Objects-normal/arm64/GULNetworkURLSession.o

CompileC /Users/siam/Library/Developer/Xcode/DerivedData/Lingua_Quest-gvpckrqxtbgyprbgppjfqmimmmfw/Build/Intermediates.noindex/GoogleUtilities.build/Debug-iphonesimulator/GoogleUtilities-Network.build/Objects-normal/arm64/GULNetworkConstants.o /Users/siam/Library/Developer/Xcode/DerivedData/Lingua_Quest-gvpckrqxtbgyprbgppjfqmimmmfw/SourcePackages/checkouts/GoogleUtilities/GoogleUtilities/Network/GULNetworkConstants.m normal arm64 objective-c com.apple.compilers.llvm.clang.1_0.compiler (in target 'GoogleUtilities-Network' from project 'GoogleUtilities')
    cd /Users/siam/Desktop/Lingua\ Quest/Lingua\ Quest.xcodeproj
    
    Using response file: /Users/siam/Library/Developer/Xcode/DerivedData/Lingua_Quest-gvpckrqxtbgyprbgppjfqmimmmfw/Build/Intermediates.noindex/GoogleUtilities.build/Debug-iphonesimulator/GoogleUtilities-Network.build/Objects-normal/arm64/e6072d4f65d7061329687fe24e3d63a7-common-args.resp
    
    /Applications/Xcode.app/Contents/Developer/Toolchains/XcodeDefault.xctoolchain/usr/bin/clang -x objective-c -ivfsstatcache /Users/siam/Library/Developer/Xcode/DerivedData/SDKStatCaches.noindex/iphonesimulator26.0-23A339-26257891a6c027eb51374368541b8346.sdkstatcache -fmessage-length\=0 -fdiagnostics-show-note-include-stack -fmacro-backtrace-limit\=0 -fno-color-diagnostics -fmodules-prune-interval\=86400 -fmodules-prune-after\=345600 -fbuild-session-file\=/Users/siam/Library/Developer/Xcode/DerivedData/ModuleCache.noindex/Session.modulevalidation -fmodules-validate-once-per-build-session -Wnon-modular-include-in-framework-module -Werror\=non-modular-include-in-framework-module -Wno-trigraphs -Wno-missing-field-initializers -Wno-missing-prototypes -Wno-return-type -Wno-implicit-atomic-properties -Wno-objc-interface-ivars -Wno-arc-repeated-use-of-weak -Wno-missing-braces -Wparentheses -Wswitch -Wno-unused-function -Wno-unused-label -Wno-unused-parameter -Wno-unused-variable -Wunused-value -Wno-empty-body -Wno-uninitialized -Wno-unknown-pragmas -w -Wno-shadow -Wno-four-char-constants -Wno-conversion -Wno-constant-conversion -Wno-int-conversion -Wno-bool-conversion -Wno-enum-conversion -Wno-float-conversion -Wno-non-literal-null-conversion -Wno-objc-literal-conversion -Wshorten-64-to-32 -Wpointer-sign -Wno-newline-eof -Wno-selector -Wno-strict-selector-match -Wno-undeclared-selector -Wno-deprecated-implementations -Wno-implicit-fallthrough -fstrict-aliasing -Wprotocol -Wdeprecated-declarations -Wno-sign-conversion -Wno-infinite-recursion -Wno-comma -Wno-block-capture-autoreleasing -Wno-strict-prototypes -Wno-semicolon-before-method-body -index-store-path /Users/siam/Library/Developer/Xcode/DerivedData/Lingua_Quest-gvpckrqxtbgyprbgppjfqmimmmfw/Index.noindex/DataStore @/Users/siam/Library/Developer/Xcode/DerivedData/Lingua_Quest-gvpckrqxtbgyprbgppjfqmimmmfw/Build/Intermediates.noindex/GoogleUtilities.build/Debug-iphonesimulator/GoogleUtilities-Network.build/Objects-normal/arm64/e6072d4f65d7061329687fe24e3d63a7-common-args.resp -include /Users/siam/Library/Developer/Xcode/DerivedData/Lingua_Quest-gvpckrqxtbgyprbgppjfqmimmmfw/Build/Intermediates.noindex/GoogleUtilities.build/Debug-iphonesimulator/GoogleUtilities-Network.build/DerivedSources/resource_bundle_accessor.h -MMD -MT dependencies -MF /Users/siam/Library/Developer/Xcode/DerivedData/Lingua_Quest-gvpckrqxtbgyprbgppjfqmimmmfw/Build/Intermediates.noindex/GoogleUtilities.build/Debug-iphonesimulator/GoogleUtilities-Network.build/Objects-normal/arm64/GULNetworkConstants.d --serialize-diagnostics /Users/siam/Library/Developer/Xcode/DerivedData/Lingua_Quest-gvpckrqxtbgyprbgppjfqmimmmfw/Build/Intermediates.noindex/GoogleUtilities.build/Debug-iphonesimulator/GoogleUtilities-Network.build/Objects-normal/arm64/GULNetworkConstants.dia -c /Users/siam/Library/Developer/Xcode/DerivedData/Lingua_Quest-gvpckrqxtbgyprbgppjfqmimmmfw/SourcePackages/checkouts/GoogleUtilities/GoogleUtilities/Network/GULNetworkConstants.m -o /Users/siam/Library/Developer/Xcode/DerivedData/Lingua_Quest-gvpckrqxtbgyprbgppjfqmimmmfw/Build/Intermediates.noindex/GoogleUtilities.build/Debug-iphonesimulator/GoogleUtilities-Network.build/Objects-normal/arm64/GULNetworkConstants.o -index-unit-output-path /GoogleUtilities.build/Debug-iphonesimulator/GoogleUtilities-Network.build/Objects-normal/arm64/GULNetworkConstants.o

PrecompileModule /Users/siam/Library/Developer/Xcode/DerivedData/Lingua_Quest-gvpckrqxtbgyprbgppjfqmimmmfw/Build/Intermediates.noindex/ExplicitPrecompiledModules/FileProvider-1VQ7DCIOSD0XEPB6APHBEICW2.scan
    cd /
    builtin-precompileModule /Users/siam/Library/Developer/Xcode/DerivedData/Lingua_Quest-gvpckrqxtbgyprbgppjfqmimmmfw/Build/Intermediates.noindex/ExplicitPrecompiledModules/FileProvider-1VQ7DCIOSD0XEPB6APHBEICW2.scan

PrecompileModule /Users/siam/Library/Developer/Xcode/DerivedData/Lingua_Quest-gvpckrqxtbgyprbgppjfqmimmmfw/Build/Intermediates.noindex/ExplicitPrecompiledModules/GoogleUtilities_Reachability-DDV9U4POR44QS9JVNQTR2YVDD.scan
    cd /
    builtin-precompileModule /Users/siam/Library/Developer/Xcode/DerivedData/Lingua_Quest-gvpckrqxtbgyprbgppjfqmimmmfw/Build/Intermediates.noindex/ExplicitPrecompiledModules/GoogleUtilities_Reachability-DDV9U4POR44QS9JVNQTR2YVDD.scan

CompileC /Users/siam/Library/Developer/Xcode/DerivedData/Lingua_Quest-gvpckrqxtbgyprbgppjfqmimmmfw/Build/Intermediates.noindex/GoogleUtilities.build/Debug-iphonesimulator/GoogleUtilities-Environment.build/Objects-normal/arm64/GULNetworkInfo.o /Users/siam/Library/Developer/Xcode/DerivedData/Lingua_Quest-gvpckrqxtbgyprbgppjfqmimmmfw/SourcePackages/checkouts/GoogleUtilities/GoogleUtilities/Environment/NetworkInfo/GULNetworkInfo.m normal arm64 objective-c com.apple.compilers.llvm.clang.1_0.compiler (in target 'GoogleUtilities-Environment' from project 'GoogleUtilities')
    cd /Users/siam/Desktop/Lingua\ Quest/Lingua\ Quest.xcodeproj
    
    Using response file: /Users/siam/Library/Developer/Xcode/DerivedData/Lingua_Quest-gvpckrqxtbgyprbgppjfqmimmmfw/Build/Intermediates.noindex/GoogleUtilities.build/Debug-iphonesimulator/GoogleUtilities-Environment.build/Objects-normal/arm64/e6072d4f65d7061329687fe24e3d63a7-common-args.resp
    
    /Applications/Xcode.app/Contents/Developer/Toolchains/XcodeDefault.xctoolchain/usr/bin/clang -x objective-c -ivfsstatcache /Users/siam/Library/Developer/Xcode/DerivedData/SDKStatCaches.noindex/iphonesimulator26.0-23A339-26257891a6c027eb51374368541b8346.sdkstatcache -fmessage-length\=0 -fdiagnostics-show-note-include-stack -fmacro-backtrace-limit\=0 -fno-color-diagnostics -fmodules-prune-interval\=86400 -fmodules-prune-after\=345600 -fbuild-session-file\=/Users/siam/Library/Developer/Xcode/DerivedData/ModuleCache.noindex/Session.modulevalidation -fmodules-validate-once-per-build-session -Wnon-modular-include-in-framework-module -Werror\=non-modular-include-in-framework-module -Wno-trigraphs -Wno-missing-field-initializers -Wno-missing-prototypes -Wno-return-type -Wno-implicit-atomic-properties -Wno-objc-interface-ivars -Wno-arc-repeated-use-of-weak -Wno-missing-braces -Wparentheses -Wswitch -Wno-unused-function -Wno-unused-label -Wno-unused-parameter -Wno-unused-variable -Wunused-value -Wno-empty-body -Wno-uninitialized -Wno-unknown-pragmas -w -Wno-shadow -Wno-four-char-constants -Wno-conversion -Wno-constant-conversion -Wno-int-conversion -Wno-bool-conversion -Wno-enum-conversion -Wno-float-conversion -Wno-non-literal-null-conversion -Wno-objc-literal-conversion -Wshorten-64-to-32 -Wpointer-sign -Wno-newline-eof -Wno-selector -Wno-strict-selector-match -Wno-undeclared-selector -Wno-deprecated-implementations -Wno-implicit-fallthrough -fstrict-aliasing -Wprotocol -Wdeprecated-declarations -Wno-sign-conversion -Wno-infinite-recursion -Wno-comma -Wno-block-capture-autoreleasing -Wno-strict-prototypes -Wno-semicolon-before-method-body -index-store-path /Users/siam/Library/Developer/Xcode/DerivedData/Lingua_Quest-gvpckrqxtbgyprbgppjfqmimmmfw/Index.noindex/DataStore @/Users/siam/Library/Developer/Xcode/DerivedData/Lingua_Quest-gvpckrqxtbgyprbgppjfqmimmmfw/Build/Intermediates.noindex/GoogleUtilities.build/Debug-iphonesimulator/GoogleUtilities-Environment.build/Objects-normal/arm64/e6072d4f65d7061329687fe24e3d63a7-common-args.resp -include /Users/siam/Library/Developer/Xcode/DerivedData/Lingua_Quest-gvpckrqxtbgyprbgppjfqmimmmfw/Build/Intermediates.noindex/GoogleUtilities.build/Debug-iphonesimulator/GoogleUtilities-Environment.build/DerivedSources/resource_bundle_accessor.h -MMD -MT dependencies -MF /Users/siam/Library/Developer/Xcode/DerivedData/Lingua_Quest-gvpckrqxtbgyprbgppjfqmimmmfw/Build/Intermediates.noindex/GoogleUtilities.build/Debug-iphonesimulator/GoogleUtilities-Environment.build/Objects-normal/arm64/GULNetworkInfo.d --serialize-diagnostics /Users/siam/Library/Developer/Xcode/DerivedData/Lingua_Quest-gvpckrqxtbgyprbgppjfqmimmmfw/Build/Intermediates.noindex/GoogleUtilities.build/Debug-iphonesimulator/GoogleUtilities-Environment.build/Objects-normal/arm64/GULNetworkInfo.dia -c /Users/siam/Library/Developer/Xcode/DerivedData/Lingua_Quest-gvpckrqxtbgyprbgppjfqmimmmfw/SourcePackages/checkouts/GoogleUtilities/GoogleUtilities/Environment/NetworkInfo/GULNetworkInfo.m -o /Users/siam/Library/Developer/Xcode/DerivedData/Lingua_Quest-gvpckrqxtbgyprbgppjfqmimmmfw/Build/Intermediates.noindex/GoogleUtilities.build/Debug-iphonesimulator/GoogleUtilities-Environment.build/Objects-normal/arm64/GULNetworkInfo.o -index-unit-output-path /GoogleUtilities.build/Debug-iphonesimulator/GoogleUtilities-Environment.build/Objects-normal/arm64/GULNetworkInfo.o

PrecompileModule /Users/siam/Library/Developer/Xcode/DerivedData/Lingua_Quest-gvpckrqxtbgyprbgppjfqmimmmfw/Build/Intermediates.noindex/ExplicitPrecompiledModules/Metal-BMDBTKTMCJ4XLIOUA4SK7R31U.scan
    cd /
    builtin-precompileModule /Users/siam/Library/Developer/Xcode/DerivedData/Lingua_Quest-gvpckrqxtbgyprbgppjfqmimmmfw/Build/Intermediates.noindex/ExplicitPrecompiledModules/Metal-BMDBTKTMCJ4XLIOUA4SK7R31U.scan

PrecompileModule /Users/siam/Library/Developer/Xcode/DerivedData/Lingua_Quest-gvpckrqxtbgyprbgppjfqmimmmfw/Build/Intermediates.noindex/ExplicitPrecompiledModules/Metal-7IXEXQBFV0I6CTTS9M5W0TRXV.scan
    cd /
    builtin-precompileModule /Users/siam/Library/Developer/Xcode/DerivedData/Lingua_Quest-gvpckrqxtbgyprbgppjfqmimmmfw/Build/Intermediates.noindex/ExplicitPrecompiledModules/Metal-7IXEXQBFV0I6CTTS9M5W0TRXV.scan

CompileC /Users/siam/Library/Developer/Xcode/DerivedData/Lingua_Quest-gvpckrqxtbgyprbgppjfqmimmmfw/Build/Intermediates.noindex/nanopb.build/Debug-iphonesimulator/nanopb.build/Objects-normal/arm64/resource_bundle_accessor.o /Users/siam/Library/Developer/Xcode/DerivedData/Lingua_Quest-gvpckrqxtbgyprbgppjfqmimmmfw/Build/Intermediates.noindex/nanopb.build/Debug-iphonesimulator/nanopb.build/DerivedSources/resource_bundle_accessor.m normal arm64 objective-c com.apple.compilers.llvm.clang.1_0.compiler (in target 'nanopb' from project 'nanopb')
    cd /Users/siam/Desktop/Lingua\ Quest/Lingua\ Quest.xcodeproj
    
    Using response file: /Users/siam/Library/Developer/Xcode/DerivedData/Lingua_Quest-gvpckrqxtbgyprbgppjfqmimmmfw/Build/Intermediates.noindex/nanopb.build/Debug-iphonesimulator/nanopb.build/Objects-normal/arm64/e6072d4f65d7061329687fe24e3d63a7-common-args.resp
    
    /Applications/Xcode.app/Contents/Developer/Toolchains/XcodeDefault.xctoolchain/usr/bin/clang -x objective-c -ivfsstatcache /Users/siam/Library/Developer/Xcode/DerivedData/SDKStatCaches.noindex/iphonesimulator26.0-23A339-26257891a6c027eb51374368541b8346.sdkstatcache -fmessage-length\=0 -fdiagnostics-show-note-include-stack -fmacro-backtrace-limit\=0 -fno-color-diagnostics -fmodules-prune-interval\=86400 -fmodules-prune-after\=345600 -fbuild-session-file\=/Users/siam/Library/Developer/Xcode/DerivedData/ModuleCache.noindex/Session.modulevalidation -fmodules-validate-once-per-build-session -Wnon-modular-include-in-framework-module -Werror\=non-modular-include-in-framework-module -Wno-trigraphs -Wno-missing-field-initializers -Wno-missing-prototypes -Wno-return-type -Wno-implicit-atomic-properties -Wno-objc-interface-ivars -Wno-arc-repeated-use-of-weak -Wno-missing-braces -Wparentheses -Wswitch -Wno-unused-function -Wno-unused-label -Wno-unused-parameter -Wno-unused-variable -Wunused-value -Wno-empty-body -Wno-uninitialized -Wno-unknown-pragmas -w -Wno-shadow -Wno-four-char-constants -Wno-conversion -Wno-constant-conversion -Wno-int-conversion -Wno-bool-conversion -Wno-enum-conversion -Wno-float-conversion -Wno-non-literal-null-conversion -Wno-objc-literal-conversion -Wshorten-64-to-32 -Wpointer-sign -Wno-newline-eof -Wno-selector -Wno-strict-selector-match -Wno-undeclared-selector -Wno-deprecated-implementations -Wno-implicit-fallthrough -fstrict-aliasing -Wprotocol -Wdeprecated-declarations -Wno-sign-conversion -Wno-infinite-recursion -Wno-comma -Wno-block-capture-autoreleasing -Wno-strict-prototypes -Wno-semicolon-before-method-body -index-store-path /Users/siam/Library/Developer/Xcode/DerivedData/Lingua_Quest-gvpckrqxtbgyprbgppjfqmimmmfw/Index.noindex/DataStore @/Users/siam/Library/Developer/Xcode/DerivedData/Lingua_Quest-gvpckrqxtbgyprbgppjfqmimmmfw/Build/Intermediates.noindex/nanopb.build/Debug-iphonesimulator/nanopb.build/Objects-normal/arm64/e6072d4f65d7061329687fe24e3d63a7-common-args.resp -include /Users/siam/Library/Developer/Xcode/DerivedData/Lingua_Quest-gvpckrqxtbgyprbgppjfqmimmmfw/Build/Intermediates.noindex/nanopb.build/Debug-iphonesimulator/nanopb.build/DerivedSources/resource_bundle_accessor.h -MMD -MT dependencies -MF /Users/siam/Library/Developer/Xcode/DerivedData/Lingua_Quest-gvpckrqxtbgyprbgppjfqmimmmfw/Build/Intermediates.noindex/nanopb.build/Debug-iphonesimulator/nanopb.build/Objects-normal/arm64/resource_bundle_accessor.d --serialize-diagnostics /Users/siam/Library/Developer/Xcode/DerivedData/Lingua_Quest-gvpckrqxtbgyprbgppjfqmimmmfw/Build/Intermediates.noindex/nanopb.build/Debug-iphonesimulator/nanopb.build/Objects-normal/arm64/resource_bundle_accessor.dia -c /Users/siam/Library/Developer/Xcode/DerivedData/Lingua_Quest-gvpckrqxtbgyprbgppjfqmimmmfw/Build/Intermediates.noindex/nanopb.build/Debug-iphonesimulator/nanopb.build/DerivedSources/resource_bundle_accessor.m -o /Users/siam/Library/Developer/Xcode/DerivedData/Lingua_Quest-gvpckrqxtbgyprbgppjfqmimmmfw/Build/Intermediates.noindex/nanopb.build/Debug-iphonesimulator/nanopb.build/Objects-normal/arm64/resource_bundle_accessor.o -index-unit-output-path /nanopb.build/Debug-iphonesimulator/nanopb.build/Objects-normal/arm64/resource_bundle_accessor.o

PrecompileModule /Users/siam/Library/Developer/Xcode/DerivedData/Lingua_Quest-gvpckrqxtbgyprbgppjfqmimmmfw/Build/Intermediates.noindex/ExplicitPrecompiledModules/GoogleUtilities_Environment-CI6ROYZOG1FT97D8WB3PTYN0W.scan
    cd /
    builtin-precompileModule /Users/siam/Library/Developer/Xcode/DerivedData/Lingua_Quest-gvpckrqxtbgyprbgppjfqmimmmfw/Build/Intermediates.noindex/ExplicitPrecompiledModules/GoogleUtilities_Environment-CI6ROYZOG1FT97D8WB3PTYN0W.scan

CompileC /Users/siam/Library/Developer/Xcode/DerivedData/Lingua_Quest-gvpckrqxtbgyprbgppjfqmimmmfw/Build/Intermediates.noindex/GoogleUtilities.build/Debug-iphonesimulator/GoogleUtilities-Network.build/Objects-normal/arm64/GULNetwork.o /Users/siam/Library/Developer/Xcode/DerivedData/Lingua_Quest-gvpckrqxtbgyprbgppjfqmimmmfw/SourcePackages/checkouts/GoogleUtilities/GoogleUtilities/Network/GULNetwork.m normal arm64 objective-c com.apple.compilers.llvm.clang.1_0.compiler (in target 'GoogleUtilities-Network' from project 'GoogleUtilities')
    cd /Users/siam/Desktop/Lingua\ Quest/Lingua\ Quest.xcodeproj
    
    Using response file: /Users/siam/Library/Developer/Xcode/DerivedData/Lingua_Quest-gvpckrqxtbgyprbgppjfqmimmmfw/Build/Intermediates.noindex/GoogleUtilities.build/Debug-iphonesimulator/GoogleUtilities-Network.build/Objects-normal/arm64/e6072d4f65d7061329687fe24e3d63a7-common-args.resp
    
    /Applications/Xcode.app/Contents/Developer/Toolchains/XcodeDefault.xctoolchain/usr/bin/clang -x objective-c -ivfsstatcache /Users/siam/Library/Developer/Xcode/DerivedData/SDKStatCaches.noindex/iphonesimulator26.0-23A339-26257891a6c027eb51374368541b8346.sdkstatcache -fmessage-length\=0 -fdiagnostics-show-note-include-stack -fmacro-backtrace-limit\=0 -fno-color-diagnostics -fmodules-prune-interval\=86400 -fmodules-prune-after\=345600 -fbuild-session-file\=/Users/siam/Library/Developer/Xcode/DerivedData/ModuleCache.noindex/Session.modulevalidation -fmodules-validate-once-per-build-session -Wnon-modular-include-in-framework-module -Werror\=non-modular-include-in-framework-module -Wno-trigraphs -Wno-missing-field-initializers -Wno-missing-prototypes -Wno-return-type -Wno-implicit-atomic-properties -Wno-objc-interface-ivars -Wno-arc-repeated-use-of-weak -Wno-missing-braces -Wparentheses -Wswitch -Wno-unused-function -Wno-unused-label -Wno-unused-parameter -Wno-unused-variable -Wunused-value -Wno-empty-body -Wno-uninitialized -Wno-unknown-pragmas -w -Wno-shadow -Wno-four-char-constants -Wno-conversion -Wno-constant-conversion -Wno-int-conversion -Wno-bool-conversion -Wno-enum-conversion -Wno-float-conversion -Wno-non-literal-null-conversion -Wno-objc-literal-conversion -Wshorten-64-to-32 -Wpointer-sign -Wno-newline-eof -Wno-selector -Wno-strict-selector-match -Wno-undeclared-selector -Wno-deprecated-implementations -Wno-implicit-fallthrough -fstrict-aliasing -Wprotocol -Wdeprecated-declarations -Wno-sign-conversion -Wno-infinite-recursion -Wno-comma -Wno-block-capture-autoreleasing -Wno-strict-prototypes -Wno-semicolon-before-method-body -index-store-path /Users/siam/Library/Developer/Xcode/DerivedData/Lingua_Quest-gvpckrqxtbgyprbgppjfqmimmmfw/Index.noindex/DataStore @/Users/siam/Library/Developer/Xcode/DerivedData/Lingua_Quest-gvpckrqxtbgyprbgppjfqmimmmfw/Build/Intermediates.noindex/GoogleUtilities.build/Debug-iphonesimulator/GoogleUtilities-Network.build/Objects-normal/arm64/e6072d4f65d7061329687fe24e3d63a7-common-args.resp -include /Users/siam/Library/Developer/Xcode/DerivedData/Lingua_Quest-gvpckrqxtbgyprbgppjfqmimmmfw/Build/Intermediates.noindex/GoogleUtilities.build/Debug-iphonesimulator/GoogleUtilities-Network.build/DerivedSources/resource_bundle_accessor.h -MMD -MT dependencies -MF /Users/siam/Library/Developer/Xcode/DerivedData/Lingua_Quest-gvpckrqxtbgyprbgppjfqmimmmfw/Build/Intermediates.noindex/GoogleUtilities.build/Debug-iphonesimulator/GoogleUtilities-Network.build/Objects-normal/arm64/GULNetwork.d --serialize-diagnostics /Users/siam/Library/Developer/Xcode/DerivedData/Lingua_Quest-gvpckrqxtbgyprbgppjfqmimmmfw/Build/Intermediates.noindex/GoogleUtilities.build/Debug-iphonesimulator/GoogleUtilities-Network.build/Objects-normal/arm64/GULNetwork.dia -c /Users/siam/Library/Developer/Xcode/DerivedData/Lingua_Quest-gvpckrqxtbgyprbgppjfqmimmmfw/SourcePackages/checkouts/GoogleUtilities/GoogleUtilities/Network/GULNetwork.m -o /Users/siam/Library/Developer/Xcode/DerivedData/Lingua_Quest-gvpckrqxtbgyprbgppjfqmimmmfw/Build/Intermediates.noindex/GoogleUtilities.build/Debug-iphonesimulator/GoogleUtilities-Network.build/Objects-normal/arm64/GULNetwork.o -index-unit-output-path /GoogleUtilities.build/Debug-iphonesimulator/GoogleUtilities-Network.build/Objects-normal/arm64/GULNetwork.o

PrecompileModule /Users/siam/Library/Developer/Xcode/DerivedData/Lingua_Quest-gvpckrqxtbgyprbgppjfqmimmmfw/Build/Intermediates.noindex/ExplicitPrecompiledModules/_Builtin_stdint-ANBBXRN3U5SLH68CKE8I0JYXC.scan
    cd /
    builtin-precompileModule /Users/siam/Library/Developer/Xcode/DerivedData/Lingua_Quest-gvpckrqxtbgyprbgppjfqmimmmfw/Build/Intermediates.noindex/ExplicitPrecompiledModules/_Builtin_stdint-ANBBXRN3U5SLH68CKE8I0JYXC.scan

ScanDependencies /Users/siam/Library/Developer/Xcode/DerivedData/Lingua_Quest-gvpckrqxtbgyprbgppjfqmimmmfw/Build/Intermediates.noindex/Promises.build/Debug-iphonesimulator/FBLPromises.build/Objects-normal/arm64/resource_bundle_accessor.o /Users/siam/Library/Developer/Xcode/DerivedData/Lingua_Quest-gvpckrqxtbgyprbgppjfqmimmmfw/Build/Intermediates.noindex/Promises.build/Debug-iphonesimulator/FBLPromises.build/DerivedSources/resource_bundle_accessor.m normal arm64 objective-c com.apple.compilers.llvm.clang.1_0.compiler (in target 'FBLPromises' from project 'Promises')
    cd /Users/siam/Desktop/Lingua\ Quest/Lingua\ Quest.xcodeproj
    
    Using response file: /Users/siam/Library/Developer/Xcode/DerivedData/Lingua_Quest-gvpckrqxtbgyprbgppjfqmimmmfw/Build/Intermediates.noindex/Promises.build/Debug-iphonesimulator/FBLPromises.build/Objects-normal/arm64/e6072d4f65d7061329687fe24e3d63a7-common-args.resp
    
    builtin-ScanDependencies -o /Users/siam/Library/Developer/Xcode/DerivedData/Lingua_Quest-gvpckrqxtbgyprbgppjfqmimmmfw/Build/Intermediates.noindex/Promises.build/Debug-iphonesimulator/FBLPromises.build/Objects-normal/arm64/resource_bundle_accessor.o.scan -- /Applications/Xcode.app/Contents/Developer/Toolchains/XcodeDefault.xctoolchain/usr/bin/clang -x objective-c -ivfsstatcache /Users/siam/Library/Developer/Xcode/DerivedData/SDKStatCaches.noindex/iphonesimulator26.0-23A339-26257891a6c027eb51374368541b8346.sdkstatcache -fmessage-length\=0 -fdiagnostics-show-note-include-stack -fmacro-backtrace-limit\=0 -fno-color-diagnostics -fmodules-prune-interval\=86400 -fmodules-prune-after\=345600 -fbuild-session-file\=/Users/siam/Library/Developer/Xcode/DerivedData/ModuleCache.noindex/Session.modulevalidation -fmodules-validate-once-per-build-session -Wnon-modular-include-in-framework-module -Werror\=non-modular-include-in-framework-module -Wno-trigraphs -Wno-missing-field-initializers -Wno-missing-prototypes -Wno-return-type -Wno-implicit-atomic-properties -Wno-objc-interface-ivars -Wno-arc-repeated-use-of-weak -Wno-missing-braces -Wparentheses -Wswitch -Wno-unused-function -Wno-unused-label -Wno-unused-parameter -Wno-unused-variable -Wunused-value -Wno-empty-body -Wno-uninitialized -Wno-unknown-pragmas -w -Wno-shadow -Wno-four-char-constants -Wno-conversion -Wno-constant-conversion -Wno-int-conversion -Wno-bool-conversion -Wno-enum-conversion -Wno-float-conversion -Wno-non-literal-null-conversion -Wno-objc-literal-conversion -Wshorten-64-to-32 -Wpointer-sign -Wno-newline-eof -Wno-selector -Wno-strict-selector-match -Wno-undeclared-selector -Wno-deprecated-implementations -Wno-implicit-fallthrough -fstrict-aliasing -Wprotocol -Wdeprecated-declarations -Wno-sign-conversion -Wno-infinite-recursion -Wno-comma -Wno-block-capture-autoreleasing -Wno-strict-prototypes -Wno-semicolon-before-method-body -index-store-path /Users/siam/Library/Developer/Xcode/DerivedData/Lingua_Quest-gvpckrqxtbgyprbgppjfqmimmmfw/Index.noindex/DataStore @/Users/siam/Library/Developer/Xcode/DerivedData/Lingua_Quest-gvpckrqxtbgyprbgppjfqmimmmfw/Build/Intermediates.noindex/Promises.build/Debug-iphonesimulator/FBLPromises.build/Objects-normal/arm64/e6072d4f65d7061329687fe24e3d63a7-common-args.resp -include /Users/siam/Library/Developer/Xcode/DerivedData/Lingua_Quest-gvpckrqxtbgyprbgppjfqmimmmfw/Build/Intermediates.noindex/Promises.build/Debug-iphonesimulator/FBLPromises.build/DerivedSources/resource_bundle_accessor.h -MMD -MT dependencies -MF /Users/siam/Library/Developer/Xcode/DerivedData/Lingua_Quest-gvpckrqxtbgyprbgppjfqmimmmfw/Build/Intermediates.noindex/Promises.build/Debug-iphonesimulator/FBLPromises.build/Objects-normal/arm64/resource_bundle_accessor.d --serialize-diagnostics /Users/siam/Library/Developer/Xcode/DerivedData/Lingua_Quest-gvpckrqxtbgyprbgppjfqmimmmfw/Build/Intermediates.noindex/Promises.build/Debug-iphonesimulator/FBLPromises.build/Objects-normal/arm64/resource_bundle_accessor.dia -c /Users/siam/Library/Developer/Xcode/DerivedData/Lingua_Quest-gvpckrqxtbgyprbgppjfqmimmmfw/Build/Intermediates.noindex/Promises.build/Debug-iphonesimulator/FBLPromises.build/DerivedSources/resource_bundle_accessor.m -o /Users/siam/Library/Developer/Xcode/DerivedData/Lingua_Quest-gvpckrqxtbgyprbgppjfqmimmmfw/Build/Intermediates.noindex/Promises.build/Debug-iphonesimulator/FBLPromises.build/Objects-normal/arm64/resource_bundle_accessor.o -index-unit-output-path /Promises.build/Debug-iphonesimulator/FBLPromises.build/Objects-normal/arm64/resource_bundle_accessor.o

ScanDependencies /Users/siam/Library/Developer/Xcode/DerivedData/Lingua_Quest-gvpckrqxtbgyprbgppjfqmimmmfw/Build/Intermediates.noindex/Promises.build/Debug-iphonesimulator/FBLPromises.build/Objects-normal/arm64/FBLPromiseError.o /Users/siam/Library/Developer/Xcode/DerivedData/Lingua_Quest-gvpckrqxtbgyprbgppjfqmimmmfw/SourcePackages/checkouts/promises/Sources/FBLPromises/FBLPromiseError.m normal arm64 objective-c com.apple.compilers.llvm.clang.1_0.compiler (in target 'FBLPromises' from project 'Promises')
    cd /Users/siam/Desktop/Lingua\ Quest/Lingua\ Quest.xcodeproj
    
    Using response file: /Users/siam/Library/Developer/Xcode/DerivedData/Lingua_Quest-gvpckrqxtbgyprbgppjfqmimmmfw/Build/Intermediates.noindex/Promises.build/Debug-iphonesimulator/FBLPromises.build/Objects-normal/arm64/e6072d4f65d7061329687fe24e3d63a7-common-args.resp
    
    builtin-ScanDependencies -o /Users/siam/Library/Developer/Xcode/DerivedData/Lingua_Quest-gvpckrqxtbgyprbgppjfqmimmmfw/Build/Intermediates.noindex/Promises.build/Debug-iphonesimulator/FBLPromises.build/Objects-normal/arm64/FBLPromiseError.o.scan -- /Applications/Xcode.app/Contents/Developer/Toolchains/XcodeDefault.xctoolchain/usr/bin/clang -x objective-c -ivfsstatcache /Users/siam/Library/Developer/Xcode/DerivedData/SDKStatCaches.noindex/iphonesimulator26.0-23A339-26257891a6c027eb51374368541b8346.sdkstatcache -fmessage-length\=0 -fdiagnostics-show-note-include-stack -fmacro-backtrace-limit\=0 -fno-color-diagnostics -fmodules-prune-interval\=86400 -fmodules-prune-after\=345600 -fbuild-session-file\=/Users/siam/Library/Developer/Xcode/DerivedData/ModuleCache.noindex/Session.modulevalidation -fmodules-validate-once-per-build-session -Wnon-modular-include-in-framework-module -Werror\=non-modular-include-in-framework-module -Wno-trigraphs -Wno-missing-field-initializers -Wno-missing-prototypes -Wno-return-type -Wno-implicit-atomic-properties -Wno-objc-interface-ivars -Wno-arc-repeated-use-of-weak -Wno-missing-braces -Wparentheses -Wswitch -Wno-unused-function -Wno-unused-label -Wno-unused-parameter -Wno-unused-variable -Wunused-value -Wno-empty-body -Wno-uninitialized -Wno-unknown-pragmas -w -Wno-shadow -Wno-four-char-constants -Wno-conversion -Wno-constant-conversion -Wno-int-conversion -Wno-bool-conversion -Wno-enum-conversion -Wno-float-conversion -Wno-non-literal-null-conversion -Wno-objc-literal-conversion -Wshorten-64-to-32 -Wpointer-sign -Wno-newline-eof -Wno-selector -Wno-strict-selector-match -Wno-undeclared-selector -Wno-deprecated-implementations -Wno-implicit-fallthrough -fstrict-aliasing -Wprotocol -Wdeprecated-declarations -Wno-sign-conversion -Wno-infinite-recursion -Wno-comma -Wno-block-capture-autoreleasing -Wno-strict-prototypes -Wno-semicolon-before-method-body -index-store-path /Users/siam/Library/Developer/Xcode/DerivedData/Lingua_Quest-gvpckrqxtbgyprbgppjfqmimmmfw/Index.noindex/DataStore @/Users/siam/Library/Developer/Xcode/DerivedData/Lingua_Quest-gvpckrqxtbgyprbgppjfqmimmmfw/Build/Intermediates.noindex/Promises.build/Debug-iphonesimulator/FBLPromises.build/Objects-normal/arm64/e6072d4f65d7061329687fe24e3d63a7-common-args.resp -include /Users/siam/Library/Developer/Xcode/DerivedData/Lingua_Quest-gvpckrqxtbgyprbgppjfqmimmmfw/Build/Intermediates.noindex/Promises.build/Debug-iphonesimulator/FBLPromises.build/DerivedSources/resource_bundle_accessor.h -MMD -MT dependencies -MF /Users/siam/Library/Developer/Xcode/DerivedData/Lingua_Quest-gvpckrqxtbgyprbgppjfqmimmmfw/Build/Intermediates.noindex/Promises.build/Debug-iphonesimulator/FBLPromises.build/Objects-normal/arm64/FBLPromiseError.d --serialize-diagnostics /Users/siam/Library/Developer/Xcode/DerivedData/Lingua_Quest-gvpckrqxtbgyprbgppjfqmimmmfw/Build/Intermediates.noindex/Promises.build/Debug-iphonesimulator/FBLPromises.build/Objects-normal/arm64/FBLPromiseError.dia -c /Users/siam/Library/Developer/Xcode/DerivedData/Lingua_Quest-gvpckrqxtbgyprbgppjfqmimmmfw/SourcePackages/checkouts/promises/Sources/FBLPromises/FBLPromiseError.m -o /Users/siam/Library/Developer/Xcode/DerivedData/Lingua_Quest-gvpckrqxtbgyprbgppjfqmimmmfw/Build/Intermediates.noindex/Promises.build/Debug-iphonesimulator/FBLPromises.build/Objects-normal/arm64/FBLPromiseError.o -index-unit-output-path /Promises.build/Debug-iphonesimulator/FBLPromises.build/Objects-normal/arm64/FBLPromiseError.o

ScanDependencies /Users/siam/Library/Developer/Xcode/DerivedData/Lingua_Quest-gvpckrqxtbgyprbgppjfqmimmmfw/Build/Intermediates.noindex/Promises.build/Debug-iphonesimulator/FBLPromises.build/Objects-normal/arm64/FBLPromise.o /Users/siam/Library/Developer/Xcode/DerivedData/Lingua_Quest-gvpckrqxtbgyprbgppjfqmimmmfw/SourcePackages/checkouts/promises/Sources/FBLPromises/FBLPromise.m normal arm64 objective-c com.apple.compilers.llvm.clang.1_0.compiler (in target 'FBLPromises' from project 'Promises')
    cd /Users/siam/Desktop/Lingua\ Quest/Lingua\ Quest.xcodeproj
    
    Using response file: /Users/siam/Library/Developer/Xcode/DerivedData/Lingua_Quest-gvpckrqxtbgyprbgppjfqmimmmfw/Build/Intermediates.noindex/Promises.build/Debug-iphonesimulator/FBLPromises.build/Objects-normal/arm64/e6072d4f65d7061329687fe24e3d63a7-common-args.resp
    
    builtin-ScanDependencies -o /Users/siam/Library/Developer/Xcode/DerivedData/Lingua_Quest-gvpckrqxtbgyprbgppjfqmimmmfw/Build/Intermediates.noindex/Promises.build/Debug-iphonesimulator/FBLPromises.build/Objects-normal/arm64/FBLPromise.o.scan -- /Applications/Xcode.app/Contents/Developer/Toolchains/XcodeDefault.xctoolchain/usr/bin/clang -x objective-c -ivfsstatcache /Users/siam/Library/Developer/Xcode/DerivedData/SDKStatCaches.noindex/iphonesimulator26.0-23A339-26257891a6c027eb51374368541b8346.sdkstatcache -fmessage-length\=0 -fdiagnostics-show-note-include-stack -fmacro-backtrace-limit\=0 -fno-color-diagnostics -fmodules-prune-interval\=86400 -fmodules-prune-after\=345600 -fbuild-session-file\=/Users/siam/Library/Developer/Xcode/DerivedData/ModuleCache.noindex/Session.modulevalidation -fmodules-validate-once-per-build-session -Wnon-modular-include-in-framework-module -Werror\=non-modular-include-in-framework-module -Wno-trigraphs -Wno-missing-field-initializers -Wno-missing-prototypes -Wno-return-type -Wno-implicit-atomic-properties -Wno-objc-interface-ivars -Wno-arc-repeated-use-of-weak -Wno-missing-braces -Wparentheses -Wswitch -Wno-unused-function -Wno-unused-label -Wno-unused-parameter -Wno-unused-variable -Wunused-value -Wno-empty-body -Wno-uninitialized -Wno-unknown-pragmas -w -Wno-shadow -Wno-four-char-constants -Wno-conversion -Wno-constant-conversion -Wno-int-conversion -Wno-bool-conversion -Wno-enum-conversion -Wno-float-conversion -Wno-non-literal-null-conversion -Wno-objc-literal-conversion -Wshorten-64-to-32 -Wpointer-sign -Wno-newline-eof -Wno-selector -Wno-strict-selector-match -Wno-undeclared-selector -Wno-deprecated-implementations -Wno-implicit-fallthrough -fstrict-aliasing -Wprotocol -Wdeprecated-declarations -Wno-sign-conversion -Wno-infinite-recursion -Wno-comma -Wno-block-capture-autoreleasing -Wno-strict-prototypes -Wno-semicolon-before-method-body -index-store-path /Users/siam/Library/Developer/Xcode/DerivedData/Lingua_Quest-gvpckrqxtbgyprbgppjfqmimmmfw/Index.noindex/DataStore @/Users/siam/Library/Developer/Xcode/DerivedData/Lingua_Quest-gvpckrqxtbgyprbgppjfqmimmmfw/Build/Intermediates.noindex/Promises.build/Debug-iphonesimulator/FBLPromises.build/Objects-normal/arm64/e6072d4f65d7061329687fe24e3d63a7-common-args.resp -include /Users/siam/Library/Developer/Xcode/DerivedData/Lingua_Quest-gvpckrqxtbgyprbgppjfqmimmmfw/Build/Intermediates.noindex/Promises.build/Debug-iphonesimulator/FBLPromises.build/DerivedSources/resource_bundle_accessor.h -MMD -MT dependencies -MF /Users/siam/Library/Developer/Xcode/DerivedData/Lingua_Quest-gvpckrqxtbgyprbgppjfqmimmmfw/Build/Intermediates.noindex/Promises.build/Debug-iphonesimulator/FBLPromises.build/Objects-normal/arm64/FBLPromise.d --serialize-diagnostics /Users/siam/Library/Developer/Xcode/DerivedData/Lingua_Quest-gvpckrqxtbgyprbgppjfqmimmmfw/Build/Intermediates.noindex/Promises.build/Debug-iphonesimulator/FBLPromises.build/Objects-normal/arm64/FBLPromise.dia -c /Users/siam/Library/Developer/Xcode/DerivedData/Lingua_Quest-gvpckrqxtbgyprbgppjfqmimmmfw/SourcePackages/checkouts/promises/Sources/FBLPromises/FBLPromise.m -o /Users/siam/Library/Developer/Xcode/DerivedData/Lingua_Quest-gvpckrqxtbgyprbgppjfqmimmmfw/Build/Intermediates.noindex/Promises.build/Debug-iphonesimulator/FBLPromises.build/Objects-normal/arm64/FBLPromise.o -index-unit-output-path /Promises.build/Debug-iphonesimulator/FBLPromises.build/Objects-normal/arm64/FBLPromise.o

ScanDependencies /Users/siam/Library/Developer/Xcode/DerivedData/Lingua_Quest-gvpckrqxtbgyprbgppjfqmimmmfw/Build/Intermediates.noindex/Promises.build/Debug-iphonesimulator/FBLPromises.build/Objects-normal/arm64/FBLPromise+Wrap.o /Users/siam/Library/Developer/Xcode/DerivedData/Lingua_Quest-gvpckrqxtbgyprbgppjfqmimmmfw/SourcePackages/checkouts/promises/Sources/FBLPromises/FBLPromise+Wrap.m normal arm64 objective-c com.apple.compilers.llvm.clang.1_0.compiler (in target 'FBLPromises' from project 'Promises')
    cd /Users/siam/Desktop/Lingua\ Quest/Lingua\ Quest.xcodeproj
    
    Using response file: /Users/siam/Library/Developer/Xcode/DerivedData/Lingua_Quest-gvpckrqxtbgyprbgppjfqmimmmfw/Build/Intermediates.noindex/Promises.build/Debug-iphonesimulator/FBLPromises.build/Objects-normal/arm64/e6072d4f65d7061329687fe24e3d63a7-common-args.resp
    
    builtin-ScanDependencies -o /Users/siam/Library/Developer/Xcode/DerivedData/Lingua_Quest-gvpckrqxtbgyprbgppjfqmimmmfw/Build/Intermediates.noindex/Promises.build/Debug-iphonesimulator/FBLPromises.build/Objects-normal/arm64/FBLPromise+Wrap.o.scan -- /Applications/Xcode.app/Contents/Developer/Toolchains/XcodeDefault.xctoolchain/usr/bin/clang -x objective-c -ivfsstatcache /Users/siam/Library/Developer/Xcode/DerivedData/SDKStatCaches.noindex/iphonesimulator26.0-23A339-26257891a6c027eb51374368541b8346.sdkstatcache -fmessage-length\=0 -fdiagnostics-show-note-include-stack -fmacro-backtrace-limit\=0 -fno-color-diagnostics -fmodules-prune-interval\=86400 -fmodules-prune-after\=345600 -fbuild-session-file\=/Users/siam/Library/Developer/Xcode/DerivedData/ModuleCache.noindex/Session.modulevalidation -fmodules-validate-once-per-build-session -Wnon-modular-include-in-framework-module -Werror\=non-modular-include-in-framework-module -Wno-trigraphs -Wno-missing-field-initializers -Wno-missing-prototypes -Wno-return-type -Wno-implicit-atomic-properties -Wno-objc-interface-ivars -Wno-arc-repeated-use-of-weak -Wno-missing-braces -Wparentheses -Wswitch -Wno-unused-function -Wno-unused-label -Wno-unused-parameter -Wno-unused-variable -Wunused-value -Wno-empty-body -Wno-uninitialized -Wno-unknown-pragmas -w -Wno-shadow -Wno-four-char-constants -Wno-conversion -Wno-constant-conversion -Wno-int-conversion -Wno-bool-conversion -Wno-enum-conversion -Wno-float-conversion -Wno-non-literal-null-conversion -Wno-objc-literal-conversion -Wshorten-64-to-32 -Wpointer-sign -Wno-newline-eof -Wno-selector -Wno-strict-selector-match -Wno-undeclared-selector -Wno-deprecated-implementations -Wno-implicit-fallthrough -fstrict-aliasing -Wprotocol -Wdeprecated-declarations -Wno-sign-conversion -Wno-infinite-recursion -Wno-comma -Wno-block-capture-autoreleasing -Wno-strict-prototypes -Wno-semicolon-before-method-body -index-store-path /Users/siam/Library/Developer/Xcode/DerivedData/Lingua_Quest-gvpckrqxtbgyprbgppjfqmimmmfw/Index.noindex/DataStore @/Users/siam/Library/Developer/Xcode/DerivedData/Lingua_Quest-gvpckrqxtbgyprbgppjfqmimmmfw/Build/Intermediates.noindex/Promises.build/Debug-iphonesimulator/FBLPromises.build/Objects-normal/arm64/e6072d4f65d7061329687fe24e3d63a7-common-args.resp -include /Users/siam/Library/Developer/Xcode/DerivedData/Lingua_Quest-gvpckrqxtbgyprbgppjfqmimmmfw/Build/Intermediates.noindex/Promises.build/Debug-iphonesimulator/FBLPromises.build/DerivedSources/resource_bundle_accessor.h -MMD -MT dependencies -MF /Users/siam/Library/Developer/Xcode/DerivedData/Lingua_Quest-gvpckrqxtbgyprbgppjfqmimmmfw/Build/Intermediates.noindex/Promises.build/Debug-iphonesimulator/FBLPromises.build/Objects-normal/arm64/FBLPromise+Wrap.d --serialize-diagnostics /Users/siam/Library/Developer/Xcode/DerivedData/Lingua_Quest-gvpckrqxtbgyprbgppjfqmimmmfw/Build/Intermediates.noindex/Promises.build/Debug-iphonesimulator/FBLPromises.build/Objects-normal/arm64/FBLPromise+Wrap.dia -c /Users/siam/Library/Developer/Xcode/DerivedData/Lingua_Quest-gvpckrqxtbgyprbgppjfqmimmmfw/SourcePackages/checkouts/promises/Sources/FBLPromises/FBLPromise+Wrap.m -o /Users/siam/Library/Developer/Xcode/DerivedData/Lingua_Quest-gvpckrqxtbgyprbgppjfqmimmmfw/Build/Intermediates.noindex/Promises.build/Debug-iphonesimulator/FBLPromises.build/Objects-normal/arm64/FBLPromise+Wrap.o -index-unit-output-path /Promises.build/Debug-iphonesimulator/FBLPromises.build/Objects-normal/arm64/FBLPromise+Wrap.o

CompileC /Users/siam/Library/Developer/Xcode/DerivedData/Lingua_Quest-gvpckrqxtbgyprbgppjfqmimmmfw/Build/Intermediates.noindex/GoogleUtilities.build/Debug-iphonesimulator/GoogleUtilities-Logger.build/Objects-normal/arm64/GULLogger.o /Users/siam/Library/Developer/Xcode/DerivedData/Lingua_Quest-gvpckrqxtbgyprbgppjfqmimmmfw/SourcePackages/checkouts/GoogleUtilities/GoogleUtilities/Logger/GULLogger.m normal arm64 objective-c com.apple.compilers.llvm.clang.1_0.compiler (in target 'GoogleUtilities-Logger' from project 'GoogleUtilities')
    cd /Users/siam/Desktop/Lingua\ Quest/Lingua\ Quest.xcodeproj
    
    Using response file: /Users/siam/Library/Developer/Xcode/DerivedData/Lingua_Quest-gvpckrqxtbgyprbgppjfqmimmmfw/Build/Intermediates.noindex/GoogleUtilities.build/Debug-iphonesimulator/GoogleUtilities-Logger.build/Objects-normal/arm64/e6072d4f65d7061329687fe24e3d63a7-common-args.resp
    
    /Applications/Xcode.app/Contents/Developer/Toolchains/XcodeDefault.xctoolchain/usr/bin/clang -x objective-c -ivfsstatcache /Users/siam/Library/Developer/Xcode/DerivedData/SDKStatCaches.noindex/iphonesimulator26.0-23A339-26257891a6c027eb51374368541b8346.sdkstatcache -fmessage-length\=0 -fdiagnostics-show-note-include-stack -fmacro-backtrace-limit\=0 -fno-color-diagnostics -fmodules-prune-interval\=86400 -fmodules-prune-after\=345600 -fbuild-session-file\=/Users/siam/Library/Developer/Xcode/DerivedData/ModuleCache.noindex/Session.modulevalidation -fmodules-validate-once-per-build-session -Wnon-modular-include-in-framework-module -Werror\=non-modular-include-in-framework-module -Wno-trigraphs -Wno-missing-field-initializers -Wno-missing-prototypes -Wno-return-type -Wno-implicit-atomic-properties -Wno-objc-interface-ivars -Wno-arc-repeated-use-of-weak -Wno-missing-braces -Wparentheses -Wswitch -Wno-unused-function -Wno-unused-label -Wno-unused-parameter -Wno-unused-variable -Wunused-value -Wno-empty-body -Wno-uninitialized -Wno-unknown-pragmas -w -Wno-shadow -Wno-four-char-constants -Wno-conversion -Wno-constant-conversion -Wno-int-conversion -Wno-bool-conversion -Wno-enum-conversion -Wno-float-conversion -Wno-non-literal-null-conversion -Wno-objc-literal-conversion -Wshorten-64-to-32 -Wpointer-sign -Wno-newline-eof -Wno-selector -Wno-strict-selector-match -Wno-undeclared-selector -Wno-deprecated-implementations -Wno-implicit-fallthrough -fstrict-aliasing -Wprotocol -Wdeprecated-declarations -Wno-sign-conversion -Wno-infinite-recursion -Wno-comma -Wno-block-capture-autoreleasing -Wno-strict-prototypes -Wno-semicolon-before-method-body -index-store-path /Users/siam/Library/Developer/Xcode/DerivedData/Lingua_Quest-gvpckrqxtbgyprbgppjfqmimmmfw/Index.noindex/DataStore @/Users/siam/Library/Developer/Xcode/DerivedData/Lingua_Quest-gvpckrqxtbgyprbgppjfqmimmmfw/Build/Intermediates.noindex/GoogleUtilities.build/Debug-iphonesimulator/GoogleUtilities-Logger.build/Objects-normal/arm64/e6072d4f65d7061329687fe24e3d63a7-common-args.resp -include /Users/siam/Library/Developer/Xcode/DerivedData/Lingua_Quest-gvpckrqxtbgyprbgppjfqmimmmfw/Build/Intermediates.noindex/GoogleUtilities.build/Debug-iphonesimulator/GoogleUtilities-Logger.build/DerivedSources/resource_bundle_accessor.h -MMD -MT dependencies -MF /Users/siam/Library/Developer/Xcode/DerivedData/Lingua_Quest-gvpckrqxtbgyprbgppjfqmimmmfw/Build/Intermediates.noindex/GoogleUtilities.build/Debug-iphonesimulator/GoogleUtilities-Logger.build/Objects-normal/arm64/GULLogger.d --serialize-diagnostics /Users/siam/Library/Developer/Xcode/DerivedData/Lingua_Quest-gvpckrqxtbgyprbgppjfqmimmmfw/Build/Intermediates.noindex/GoogleUtilities.build/Debug-iphonesimulator/GoogleUtilities-Logger.build/Objects-normal/arm64/GULLogger.dia -c /Users/siam/Library/Developer/Xcode/DerivedData/Lingua_Quest-gvpckrqxtbgyprbgppjfqmimmmfw/SourcePackages/checkouts/GoogleUtilities/GoogleUtilities/Logger/GULLogger.m -o /Users/siam/Library/Developer/Xcode/DerivedData/Lingua_Quest-gvpckrqxtbgyprbgppjfqmimmmfw/Build/Intermediates.noindex/GoogleUtilities.build/Debug-iphonesimulator/GoogleUtilities-Logger.build/Objects-normal/arm64/GULLogger.o -index-unit-output-path /GoogleUtilities.build/Debug-iphonesimulator/GoogleUtilities-Logger.build/Objects-normal/arm64/GULLogger.o

PrecompileModule /Users/siam/Library/Developer/Xcode/DerivedData/Lingua_Quest-gvpckrqxtbgyprbgppjfqmimmmfw/Build/Intermediates.noindex/ExplicitPrecompiledModules/_DarwinFoundation3-9Y9VVC0SYZQHLZ479YQG4A1IM.scan
    cd /
    builtin-precompileModule /Users/siam/Library/Developer/Xcode/DerivedData/Lingua_Quest-gvpckrqxtbgyprbgppjfqmimmmfw/Build/Intermediates.noindex/ExplicitPrecompiledModules/_DarwinFoundation3-9Y9VVC0SYZQHLZ479YQG4A1IM.scan

CompileC /Users/siam/Library/Developer/Xcode/DerivedData/Lingua_Quest-gvpckrqxtbgyprbgppjfqmimmmfw/Build/Intermediates.noindex/Promises.build/Debug-iphonesimulator/FBLPromises.build/Objects-normal/arm64/resource_bundle_accessor.o /Users/siam/Library/Developer/Xcode/DerivedData/Lingua_Quest-gvpckrqxtbgyprbgppjfqmimmmfw/Build/Intermediates.noindex/Promises.build/Debug-iphonesimulator/FBLPromises.build/DerivedSources/resource_bundle_accessor.m normal arm64 objective-c com.apple.compilers.llvm.clang.1_0.compiler (in target 'FBLPromises' from project 'Promises')
    cd /Users/siam/Desktop/Lingua\ Quest/Lingua\ Quest.xcodeproj
    
    Using response file: /Users/siam/Library/Developer/Xcode/DerivedData/Lingua_Quest-gvpckrqxtbgyprbgppjfqmimmmfw/Build/Intermediates.noindex/Promises.build/Debug-iphonesimulator/FBLPromises.build/Objects-normal/arm64/e6072d4f65d7061329687fe24e3d63a7-common-args.resp
    
    /Applications/Xcode.app/Contents/Developer/Toolchains/XcodeDefault.xctoolchain/usr/bin/clang -x objective-c -ivfsstatcache /Users/siam/Library/Developer/Xcode/DerivedData/SDKStatCaches.noindex/iphonesimulator26.0-23A339-26257891a6c027eb51374368541b8346.sdkstatcache -fmessage-length\=0 -fdiagnostics-show-note-include-stack -fmacro-backtrace-limit\=0 -fno-color-diagnostics -fmodules-prune-interval\=86400 -fmodules-prune-after\=345600 -fbuild-session-file\=/Users/siam/Library/Developer/Xcode/DerivedData/ModuleCache.noindex/Session.modulevalidation -fmodules-validate-once-per-build-session -Wnon-modular-include-in-framework-module -Werror\=non-modular-include-in-framework-module -Wno-trigraphs -Wno-missing-field-initializers -Wno-missing-prototypes -Wno-return-type -Wno-implicit-atomic-properties -Wno-objc-interface-ivars -Wno-arc-repeated-use-of-weak -Wno-missing-braces -Wparentheses -Wswitch -Wno-unused-function -Wno-unused-label -Wno-unused-parameter -Wno-unused-variable -Wunused-value -Wno-empty-body -Wno-uninitialized -Wno-unknown-pragmas -w -Wno-shadow -Wno-four-char-constants -Wno-conversion -Wno-constant-conversion -Wno-int-conversion -Wno-bool-conversion -Wno-enum-conversion -Wno-float-conversion -Wno-non-literal-null-conversion -Wno-objc-literal-conversion -Wshorten-64-to-32 -Wpointer-sign -Wno-newline-eof -Wno-selector -Wno-strict-selector-match -Wno-undeclared-selector -Wno-deprecated-implementations -Wno-implicit-fallthrough -fstrict-aliasing -Wprotocol -Wdeprecated-declarations -Wno-sign-conversion -Wno-infinite-recursion -Wno-comma -Wno-block-capture-autoreleasing -Wno-strict-prototypes -Wno-semicolon-before-method-body -index-store-path /Users/siam/Library/Developer/Xcode/DerivedData/Lingua_Quest-gvpckrqxtbgyprbgppjfqmimmmfw/Index.noindex/DataStore @/Users/siam/Library/Developer/Xcode/DerivedData/Lingua_Quest-gvpckrqxtbgyprbgppjfqmimmmfw/Build/Intermediates.noindex/Promises.build/Debug-iphonesimulator/FBLPromises.build/Objects-normal/arm64/e6072d4f65d7061329687fe24e3d63a7-common-args.resp -include /Users/siam/Library/Developer/Xcode/DerivedData/Lingua_Quest-gvpckrqxtbgyprbgppjfqmimmmfw/Build/Intermediates.noindex/Promises.build/Debug-iphonesimulator/FBLPromises.build/DerivedSources/resource_bundle_accessor.h -MMD -MT dependencies -MF /Users/siam/Library/Developer/Xcode/DerivedData/Lingua_Quest-gvpckrqxtbgyprbgppjfqmimmmfw/Build/Intermediates.noindex/Promises.build/Debug-iphonesimulator/FBLPromises.build/Objects-normal/arm64/resource_bundle_accessor.d --serialize-diagnostics /Users/siam/Library/Developer/Xcode/DerivedData/Lingua_Quest-gvpckrqxtbgyprbgppjfqmimmmfw/Build/Intermediates.noindex/Promises.build/Debug-iphonesimulator/FBLPromises.build/Objects-normal/arm64/resource_bundle_accessor.dia -c /Users/siam/Library/Developer/Xcode/DerivedData/Lingua_Quest-gvpckrqxtbgyprbgppjfqmimmmfw/Build/Intermediates.noindex/Promises.build/Debug-iphonesimulator/FBLPromises.build/DerivedSources/resource_bundle_accessor.m -o /Users/siam/Library/Developer/Xcode/DerivedData/Lingua_Quest-gvpckrqxtbgyprbgppjfqmimmmfw/Build/Intermediates.noindex/Promises.build/Debug-iphonesimulator/FBLPromises.build/Objects-normal/arm64/resource_bundle_accessor.o -index-unit-output-path /Promises.build/Debug-iphonesimulator/FBLPromises.build/Objects-normal/arm64/resource_bundle_accessor.o

ScanDependencies /Users/siam/Library/Developer/Xcode/DerivedData/Lingua_Quest-gvpckrqxtbgyprbgppjfqmimmmfw/Build/Intermediates.noindex/Promises.build/Debug-iphonesimulator/FBLPromises.build/Objects-normal/arm64/FBLPromise+Validate.o /Users/siam/Library/Developer/Xcode/DerivedData/Lingua_Quest-gvpckrqxtbgyprbgppjfqmimmmfw/SourcePackages/checkouts/promises/Sources/FBLPromises/FBLPromise+Validate.m normal arm64 objective-c com.apple.compilers.llvm.clang.1_0.compiler (in target 'FBLPromises' from project 'Promises')
    cd /Users/siam/Desktop/Lingua\ Quest/Lingua\ Quest.xcodeproj
    
    Using response file: /Users/siam/Library/Developer/Xcode/DerivedData/Lingua_Quest-gvpckrqxtbgyprbgppjfqmimmmfw/Build/Intermediates.noindex/Promises.build/Debug-iphonesimulator/FBLPromises.build/Objects-normal/arm64/e6072d4f65d7061329687fe24e3d63a7-common-args.resp
    
    builtin-ScanDependencies -o /Users/siam/Library/Developer/Xcode/DerivedData/Lingua_Quest-gvpckrqxtbgyprbgppjfqmimmmfw/Build/Intermediates.noindex/Promises.build/Debug-iphonesimulator/FBLPromises.build/Objects-normal/arm64/FBLPromise+Validate.o.scan -- /Applications/Xcode.app/Contents/Developer/Toolchains/XcodeDefault.xctoolchain/usr/bin/clang -x objective-c -ivfsstatcache /Users/siam/Library/Developer/Xcode/DerivedData/SDKStatCaches.noindex/iphonesimulator26.0-23A339-26257891a6c027eb51374368541b8346.sdkstatcache -fmessage-length\=0 -fdiagnostics-show-note-include-stack -fmacro-backtrace-limit\=0 -fno-color-diagnostics -fmodules-prune-interval\=86400 -fmodules-prune-after\=345600 -fbuild-session-file\=/Users/siam/Library/Developer/Xcode/DerivedData/ModuleCache.noindex/Session.modulevalidation -fmodules-validate-once-per-build-session -Wnon-modular-include-in-framework-module -Werror\=non-modular-include-in-framework-module -Wno-trigraphs -Wno-missing-field-initializers -Wno-missing-prototypes -Wno-return-type -Wno-implicit-atomic-properties -Wno-objc-interface-ivars -Wno-arc-repeated-use-of-weak -Wno-missing-braces -Wparentheses -Wswitch -Wno-unused-function -Wno-unused-label -Wno-unused-parameter -Wno-unused-variable -Wunused-value -Wno-empty-body -Wno-uninitialized -Wno-unknown-pragmas -w -Wno-shadow -Wno-four-char-constants -Wno-conversion -Wno-constant-conversion -Wno-int-conversion -Wno-bool-conversion -Wno-enum-conversion -Wno-float-conversion -Wno-non-literal-null-conversion -Wno-objc-literal-conversion -Wshorten-64-to-32 -Wpointer-sign -Wno-newline-eof -Wno-selector -Wno-strict-selector-match -Wno-undeclared-selector -Wno-deprecated-implementations -Wno-implicit-fallthrough -fstrict-aliasing -Wprotocol -Wdeprecated-declarations -Wno-sign-conversion -Wno-infinite-recursion -Wno-comma -Wno-block-capture-autoreleasing -Wno-strict-prototypes -Wno-semicolon-before-method-body -index-store-path /Users/siam/Library/Developer/Xcode/DerivedData/Lingua_Quest-gvpckrqxtbgyprbgppjfqmimmmfw/Index.noindex/DataStore @/Users/siam/Library/Developer/Xcode/DerivedData/Lingua_Quest-gvpckrqxtbgyprbgppjfqmimmmfw/Build/Intermediates.noindex/Promises.build/Debug-iphonesimulator/FBLPromises.build/Objects-normal/arm64/e6072d4f65d7061329687fe24e3d63a7-common-args.resp -include /Users/siam/Library/Developer/Xcode/DerivedData/Lingua_Quest-gvpckrqxtbgyprbgppjfqmimmmfw/Build/Intermediates.noindex/Promises.build/Debug-iphonesimulator/FBLPromises.build/DerivedSources/resource_bundle_accessor.h -MMD -MT dependencies -MF /Users/siam/Library/Developer/Xcode/DerivedData/Lingua_Quest-gvpckrqxtbgyprbgppjfqmimmmfw/Build/Intermediates.noindex/Promises.build/Debug-iphonesimulator/FBLPromises.build/Objects-normal/arm64/FBLPromise+Validate.d --serialize-diagnostics /Users/siam/Library/Developer/Xcode/DerivedData/Lingua_Quest-gvpckrqxtbgyprbgppjfqmimmmfw/Build/Intermediates.noindex/Promises.build/Debug-iphonesimulator/FBLPromises.build/Objects-normal/arm64/FBLPromise+Validate.dia -c /Users/siam/Library/Developer/Xcode/DerivedData/Lingua_Quest-gvpckrqxtbgyprbgppjfqmimmmfw/SourcePackages/checkouts/promises/Sources/FBLPromises/FBLPromise+Validate.m -o /Users/siam/Library/Developer/Xcode/DerivedData/Lingua_Quest-gvpckrqxtbgyprbgppjfqmimmmfw/Build/Intermediates.noindex/Promises.build/Debug-iphonesimulator/FBLPromises.build/Objects-normal/arm64/FBLPromise+Validate.o -index-unit-output-path /Promises.build/Debug-iphonesimulator/FBLPromises.build/Objects-normal/arm64/FBLPromise+Validate.o

CompileC /Users/siam/Library/Developer/Xcode/DerivedData/Lingua_Quest-gvpckrqxtbgyprbgppjfqmimmmfw/Build/Intermediates.noindex/Promises.build/Debug-iphonesimulator/FBLPromises.build/Objects-normal/arm64/FBLPromiseError.o /Users/siam/Library/Developer/Xcode/DerivedData/Lingua_Quest-gvpckrqxtbgyprbgppjfqmimmmfw/SourcePackages/checkouts/promises/Sources/FBLPromises/FBLPromiseError.m normal arm64 objective-c com.apple.compilers.llvm.clang.1_0.compiler (in target 'FBLPromises' from project 'Promises')
    cd /Users/siam/Desktop/Lingua\ Quest/Lingua\ Quest.xcodeproj
    
    Using response file: /Users/siam/Library/Developer/Xcode/DerivedData/Lingua_Quest-gvpckrqxtbgyprbgppjfqmimmmfw/Build/Intermediates.noindex/Promises.build/Debug-iphonesimulator/FBLPromises.build/Objects-normal/arm64/e6072d4f65d7061329687fe24e3d63a7-common-args.resp
    
    /Applications/Xcode.app/Contents/Developer/Toolchains/XcodeDefault.xctoolchain/usr/bin/clang -x objective-c -ivfsstatcache /Users/siam/Library/Developer/Xcode/DerivedData/SDKStatCaches.noindex/iphonesimulator26.0-23A339-26257891a6c027eb51374368541b8346.sdkstatcache -fmessage-length\=0 -fdiagnostics-show-note-include-stack -fmacro-backtrace-limit\=0 -fno-color-diagnostics -fmodules-prune-interval\=86400 -fmodules-prune-after\=345600 -fbuild-session-file\=/Users/siam/Library/Developer/Xcode/DerivedData/ModuleCache.noindex/Session.modulevalidation -fmodules-validate-once-per-build-session -Wnon-modular-include-in-framework-module -Werror\=non-modular-include-in-framework-module -Wno-trigraphs -Wno-missing-field-initializers -Wno-missing-prototypes -Wno-return-type -Wno-implicit-atomic-properties -Wno-objc-interface-ivars -Wno-arc-repeated-use-of-weak -Wno-missing-braces -Wparentheses -Wswitch -Wno-unused-function -Wno-unused-label -Wno-unused-parameter -Wno-unused-variable -Wunused-value -Wno-empty-body -Wno-uninitialized -Wno-unknown-pragmas -w -Wno-shadow -Wno-four-char-constants -Wno-conversion -Wno-constant-conversion -Wno-int-conversion -Wno-bool-conversion -Wno-enum-conversion -Wno-float-conversion -Wno-non-literal-null-conversion -Wno-objc-literal-conversion -Wshorten-64-to-32 -Wpointer-sign -Wno-newline-eof -Wno-selector -Wno-strict-selector-match -Wno-undeclared-selector -Wno-deprecated-implementations -Wno-implicit-fallthrough -fstrict-aliasing -Wprotocol -Wdeprecated-declarations -Wno-sign-conversion -Wno-infinite-recursion -Wno-comma -Wno-block-capture-autoreleasing -Wno-strict-prototypes -Wno-semicolon-before-method-body -index-store-path /Users/siam/Library/Developer/Xcode/DerivedData/Lingua_Quest-gvpckrqxtbgyprbgppjfqmimmmfw/Index.noindex/DataStore @/Users/siam/Library/Developer/Xcode/DerivedData/Lingua_Quest-gvpckrqxtbgyprbgppjfqmimmmfw/Build/Intermediates.noindex/Promises.build/Debug-iphonesimulator/FBLPromises.build/Objects-normal/arm64/e6072d4f65d7061329687fe24e3d63a7-common-args.resp -include /Users/siam/Library/Developer/Xcode/DerivedData/Lingua_Quest-gvpckrqxtbgyprbgppjfqmimmmfw/Build/Intermediates.noindex/Promises.build/Debug-iphonesimulator/FBLPromises.build/DerivedSources/resource_bundle_accessor.h -MMD -MT dependencies -MF /Users/siam/Library/Developer/Xcode/DerivedData/Lingua_Quest-gvpckrqxtbgyprbgppjfqmimmmfw/Build/Intermediates.noindex/Promises.build/Debug-iphonesimulator/FBLPromises.build/Objects-normal/arm64/FBLPromiseError.d --serialize-diagnostics /Users/siam/Library/Developer/Xcode/DerivedData/Lingua_Quest-gvpckrqxtbgyprbgppjfqmimmmfw/Build/Intermediates.noindex/Promises.build/Debug-iphonesimulator/FBLPromises.build/Objects-normal/arm64/FBLPromiseError.dia -c /Users/siam/Library/Developer/Xcode/DerivedData/Lingua_Quest-gvpckrqxtbgyprbgppjfqmimmmfw/SourcePackages/checkouts/promises/Sources/FBLPromises/FBLPromiseError.m -o /Users/siam/Library/Developer/Xcode/DerivedData/Lingua_Quest-gvpckrqxtbgyprbgppjfqmimmmfw/Build/Intermediates.noindex/Promises.build/Debug-iphonesimulator/FBLPromises.build/Objects-normal/arm64/FBLPromiseError.o -index-unit-output-path /Promises.build/Debug-iphonesimulator/FBLPromises.build/Objects-normal/arm64/FBLPromiseError.o

CompileC /Users/siam/Library/Developer/Xcode/DerivedData/Lingua_Quest-gvpckrqxtbgyprbgppjfqmimmmfw/Build/Intermediates.noindex/Promises.build/Debug-iphonesimulator/FBLPromises.build/Objects-normal/arm64/FBLPromise.o /Users/siam/Library/Developer/Xcode/DerivedData/Lingua_Quest-gvpckrqxtbgyprbgppjfqmimmmfw/SourcePackages/checkouts/promises/Sources/FBLPromises/FBLPromise.m normal arm64 objective-c com.apple.compilers.llvm.clang.1_0.compiler (in target 'FBLPromises' from project 'Promises')
    cd /Users/siam/Desktop/Lingua\ Quest/Lingua\ Quest.xcodeproj
    
    Using response file: /Users/siam/Library/Developer/Xcode/DerivedData/Lingua_Quest-gvpckrqxtbgyprbgppjfqmimmmfw/Build/Intermediates.noindex/Promises.build/Debug-iphonesimulator/FBLPromises.build/Objects-normal/arm64/e6072d4f65d7061329687fe24e3d63a7-common-args.resp
    
    /Applications/Xcode.app/Contents/Developer/Toolchains/XcodeDefault.xctoolchain/usr/bin/clang -x objective-c -ivfsstatcache /Users/siam/Library/Developer/Xcode/DerivedData/SDKStatCaches.noindex/iphonesimulator26.0-23A339-26257891a6c027eb51374368541b8346.sdkstatcache -fmessage-length\=0 -fdiagnostics-show-note-include-stack -fmacro-backtrace-limit\=0 -fno-color-diagnostics -fmodules-prune-interval\=86400 -fmodules-prune-after\=345600 -fbuild-session-file\=/Users/siam/Library/Developer/Xcode/DerivedData/ModuleCache.noindex/Session.modulevalidation -fmodules-validate-once-per-build-session -Wnon-modular-include-in-framework-module -Werror\=non-modular-include-in-framework-module -Wno-trigraphs -Wno-missing-field-initializers -Wno-missing-prototypes -Wno-return-type -Wno-implicit-atomic-properties -Wno-objc-interface-ivars -Wno-arc-repeated-use-of-weak -Wno-missing-braces -Wparentheses -Wswitch -Wno-unused-function -Wno-unused-label -Wno-unused-parameter -Wno-unused-variable -Wunused-value -Wno-empty-body -Wno-uninitialized -Wno-unknown-pragmas -w -Wno-shadow -Wno-four-char-constants -Wno-conversion -Wno-constant-conversion -Wno-int-conversion -Wno-bool-conversion -Wno-enum-conversion -Wno-float-conversion -Wno-non-literal-null-conversion -Wno-objc-literal-conversion -Wshorten-64-to-32 -Wpointer-sign -Wno-newline-eof -Wno-selector -Wno-strict-selector-match -Wno-undeclared-selector -Wno-deprecated-implementations -Wno-implicit-fallthrough -fstrict-aliasing -Wprotocol -Wdeprecated-declarations -Wno-sign-conversion -Wno-infinite-recursion -Wno-comma -Wno-block-capture-autoreleasing -Wno-strict-prototypes -Wno-semicolon-before-method-body -index-store-path /Users/siam/Library/Developer/Xcode/DerivedData/Lingua_Quest-gvpckrqxtbgyprbgppjfqmimmmfw/Index.noindex/DataStore @/Users/siam/Library/Developer/Xcode/DerivedData/Lingua_Quest-gvpckrqxtbgyprbgppjfqmimmmfw/Build/Intermediates.noindex/Promises.build/Debug-iphonesimulator/FBLPromises.build/Objects-normal/arm64/e6072d4f65d7061329687fe24e3d63a7-common-args.resp -include /Users/siam/Library/Developer/Xcode/DerivedData/Lingua_Quest-gvpckrqxtbgyprbgppjfqmimmmfw/Build/Intermediates.noindex/Promises.build/Debug-iphonesimulator/FBLPromises.build/DerivedSources/resource_bundle_accessor.h -MMD -MT dependencies -MF /Users/siam/Library/Developer/Xcode/DerivedData/Lingua_Quest-gvpckrqxtbgyprbgppjfqmimmmfw/Build/Intermediates.noindex/Promises.build/Debug-iphonesimulator/FBLPromises.build/Objects-normal/arm64/FBLPromise.d --serialize-diagnostics /Users/siam/Library/Developer/Xcode/DerivedData/Lingua_Quest-gvpckrqxtbgyprbgppjfqmimmmfw/Build/Intermediates.noindex/Promises.build/Debug-iphonesimulator/FBLPromises.build/Objects-normal/arm64/FBLPromise.dia -c /Users/siam/Library/Developer/Xcode/DerivedData/Lingua_Quest-gvpckrqxtbgyprbgppjfqmimmmfw/SourcePackages/checkouts/promises/Sources/FBLPromises/FBLPromise.m -o /Users/siam/Library/Developer/Xcode/DerivedData/Lingua_Quest-gvpckrqxtbgyprbgppjfqmimmmfw/Build/Intermediates.noindex/Promises.build/Debug-iphonesimulator/FBLPromises.build/Objects-normal/arm64/FBLPromise.o -index-unit-output-path /Promises.build/Debug-iphonesimulator/FBLPromises.build/Objects-normal/arm64/FBLPromise.o

CompileC /Users/siam/Library/Developer/Xcode/DerivedData/Lingua_Quest-gvpckrqxtbgyprbgppjfqmimmmfw/Build/Intermediates.noindex/Promises.build/Debug-iphonesimulator/FBLPromises.build/Objects-normal/arm64/FBLPromise+Wrap.o /Users/siam/Library/Developer/Xcode/DerivedData/Lingua_Quest-gvpckrqxtbgyprbgppjfqmimmmfw/SourcePackages/checkouts/promises/Sources/FBLPromises/FBLPromise+Wrap.m normal arm64 objective-c com.apple.compilers.llvm.clang.1_0.compiler (in target 'FBLPromises' from project 'Promises')
    cd /Users/siam/Desktop/Lingua\ Quest/Lingua\ Quest.xcodeproj
    
    Using response file: /Users/siam/Library/Developer/Xcode/DerivedData/Lingua_Quest-gvpckrqxtbgyprbgppjfqmimmmfw/Build/Intermediates.noindex/Promises.build/Debug-iphonesimulator/FBLPromises.build/Objects-normal/arm64/e6072d4f65d7061329687fe24e3d63a7-common-args.resp
    
    /Applications/Xcode.app/Contents/Developer/Toolchains/XcodeDefault.xctoolchain/usr/bin/clang -x objective-c -ivfsstatcache /Users/siam/Library/Developer/Xcode/DerivedData/SDKStatCaches.noindex/iphonesimulator26.0-23A339-26257891a6c027eb51374368541b8346.sdkstatcache -fmessage-length\=0 -fdiagnostics-show-note-include-stack -fmacro-backtrace-limit\=0 -fno-color-diagnostics -fmodules-prune-interval\=86400 -fmodules-prune-after\=345600 -fbuild-session-file\=/Users/siam/Library/Developer/Xcode/DerivedData/ModuleCache.noindex/Session.modulevalidation -fmodules-validate-once-per-build-session -Wnon-modular-include-in-framework-module -Werror\=non-modular-include-in-framework-module -Wno-trigraphs -Wno-missing-field-initializers -Wno-missing-prototypes -Wno-return-type -Wno-implicit-atomic-properties -Wno-objc-interface-ivars -Wno-arc-repeated-use-of-weak -Wno-missing-braces -Wparentheses -Wswitch -Wno-unused-function -Wno-unused-label -Wno-unused-parameter -Wno-unused-variable -Wunused-value -Wno-empty-body -Wno-uninitialized -Wno-unknown-pragmas -w -Wno-shadow -Wno-four-char-constants -Wno-conversion -Wno-constant-conversion -Wno-int-conversion -Wno-bool-conversion -Wno-enum-conversion -Wno-float-conversion -Wno-non-literal-null-conversion -Wno-objc-literal-conversion -Wshorten-64-to-32 -Wpointer-sign -Wno-newline-eof -Wno-selector -Wno-strict-selector-match -Wno-undeclared-selector -Wno-deprecated-implementations -Wno-implicit-fallthrough -fstrict-aliasing -Wprotocol -Wdeprecated-declarations -Wno-sign-conversion -Wno-infinite-recursion -Wno-comma -Wno-block-capture-autoreleasing -Wno-strict-prototypes -Wno-semicolon-before-method-body -index-store-path /Users/siam/Library/Developer/Xcode/DerivedData/Lingua_Quest-gvpckrqxtbgyprbgppjfqmimmmfw/Index.noindex/DataStore @/Users/siam/Library/Developer/Xcode/DerivedData/Lingua_Quest-gvpckrqxtbgyprbgppjfqmimmmfw/Build/Intermediates.noindex/Promises.build/Debug-iphonesimulator/FBLPromises.build/Objects-normal/arm64/e6072d4f65d7061329687fe24e3d63a7-common-args.resp -include /Users/siam/Library/Developer/Xcode/DerivedData/Lingua_Quest-gvpckrqxtbgyprbgppjfqmimmmfw/Build/Intermediates.noindex/Promises.build/Debug-iphonesimulator/FBLPromises.build/DerivedSources/resource_bundle_accessor.h -MMD -MT dependencies -MF /Users/siam/Library/Developer/Xcode/DerivedData/Lingua_Quest-gvpckrqxtbgyprbgppjfqmimmmfw/Build/Intermediates.noindex/Promises.build/Debug-iphonesimulator/FBLPromises.build/Objects-normal/arm64/FBLPromise+Wrap.d --serialize-diagnostics /Users/siam/Library/Developer/Xcode/DerivedData/Lingua_Quest-gvpckrqxtbgyprbgppjfqmimmmfw/Build/Intermediates.noindex/Promises.build/Debug-iphonesimulator/FBLPromises.build/Objects-normal/arm64/FBLPromise+Wrap.dia -c /Users/siam/Library/Developer/Xcode/DerivedData/Lingua_Quest-gvpckrqxtbgyprbgppjfqmimmmfw/SourcePackages/checkouts/promises/Sources/FBLPromises/FBLPromise+Wrap.m -o /Users/siam/Library/Developer/Xcode/DerivedData/Lingua_Quest-gvpckrqxtbgyprbgppjfqmimmmfw/Build/Intermediates.noindex/Promises.build/Debug-iphonesimulator/FBLPromises.build/Objects-normal/arm64/FBLPromise+Wrap.o -index-unit-output-path /Promises.build/Debug-iphonesimulator/FBLPromises.build/Objects-normal/arm64/FBLPromise+Wrap.o

CompileC /Users/siam/Library/Developer/Xcode/DerivedData/Lingua_Quest-gvpckrqxtbgyprbgppjfqmimmmfw/Build/Intermediates.noindex/Promises.build/Debug-iphonesimulator/FBLPromises.build/Objects-normal/arm64/FBLPromise+Validate.o /Users/siam/Library/Developer/Xcode/DerivedData/Lingua_Quest-gvpckrqxtbgyprbgppjfqmimmmfw/SourcePackages/checkouts/promises/Sources/FBLPromises/FBLPromise+Validate.m normal arm64 objective-c com.apple.compilers.llvm.clang.1_0.compiler (in target 'FBLPromises' from project 'Promises')
    cd /Users/siam/Desktop/Lingua\ Quest/Lingua\ Quest.xcodeproj
    
    Using response file: /Users/siam/Library/Developer/Xcode/DerivedData/Lingua_Quest-gvpckrqxtbgyprbgppjfqmimmmfw/Build/Intermediates.noindex/Promises.build/Debug-iphonesimulator/FBLPromises.build/Objects-normal/arm64/e6072d4f65d7061329687fe24e3d63a7-common-args.resp
    
    /Applications/Xcode.app/Contents/Developer/Toolchains/XcodeDefault.xctoolchain/usr/bin/clang -x objective-c -ivfsstatcache /Users/siam/Library/Developer/Xcode/DerivedData/SDKStatCaches.noindex/iphonesimulator26.0-23A339-26257891a6c027eb51374368541b8346.sdkstatcache -fmessage-length\=0 -fdiagnostics-show-note-include-stack -fmacro-backtrace-limit\=0 -fno-color-diagnostics -fmodules-prune-interval\=86400 -fmodules-prune-after\=345600 -fbuild-session-file\=/Users/siam/Library/Developer/Xcode/DerivedData/ModuleCache.noindex/Session.modulevalidation -fmodules-validate-once-per-build-session -Wnon-modular-include-in-framework-module -Werror\=non-modular-include-in-framework-module -Wno-trigraphs -Wno-missing-field-initializers -Wno-missing-prototypes -Wno-return-type -Wno-implicit-atomic-properties -Wno-objc-interface-ivars -Wno-arc-repeated-use-of-weak -Wno-missing-braces -Wparentheses -Wswitch -Wno-unused-function -Wno-unused-label -Wno-unused-parameter -Wno-unused-variable -Wunused-value -Wno-empty-body -Wno-uninitialized -Wno-unknown-pragmas -w -Wno-shadow -Wno-four-char-constants -Wno-conversion -Wno-constant-conversion -Wno-int-conversion -Wno-bool-conversion -Wno-enum-conversion -Wno-float-conversion -Wno-non-literal-null-conversion -Wno-objc-literal-conversion -Wshorten-64-to-32 -Wpointer-sign -Wno-newline-eof -Wno-selector -Wno-strict-selector-match -Wno-undeclared-selector -Wno-deprecated-implementations -Wno-implicit-fallthrough -fstrict-aliasing -Wprotocol -Wdeprecated-declarations -Wno-sign-conversion -Wno-infinite-recursion -Wno-comma -Wno-block-capture-autoreleasing -Wno-strict-prototypes -Wno-semicolon-before-method-body -index-store-path /Users/siam/Library/Developer/Xcode/DerivedData/Lingua_Quest-gvpckrqxtbgyprbgppjfqmimmmfw/Index.noindex/DataStore @/Users/siam/Library/Developer/Xcode/DerivedData/Lingua_Quest-gvpckrqxtbgyprbgppjfqmimmmfw/Build/Intermediates.noindex/Promises.build/Debug-iphonesimulator/FBLPromises.build/Objects-normal/arm64/e6072d4f65d7061329687fe24e3d63a7-common-args.resp -include /Users/siam/Library/Developer/Xcode/DerivedData/Lingua_Quest-gvpckrqxtbgyprbgppjfqmimmmfw/Build/Intermediates.noindex/Promises.build/Debug-iphonesimulator/FBLPromises.build/DerivedSources/resource_bundle_accessor.h -MMD -MT dependencies -MF /Users/siam/Library/Developer/Xcode/DerivedData/Lingua_Quest-gvpckrqxtbgyprbgppjfqmimmmfw/Build/Intermediates.noindex/Promises.build/Debug-iphonesimulator/FBLPromises.build/Objects-normal/arm64/FBLPromise+Validate.d --serialize-diagnostics /Users/siam/Library/Developer/Xcode/DerivedData/Lingua_Quest-gvpckrqxtbgyprbgppjfqmimmmfw/Build/Intermediates.noindex/Promises.build/Debug-iphonesimulator/FBLPromises.build/Objects-normal/arm64/FBLPromise+Validate.dia -c /Users/siam/Library/Developer/Xcode/DerivedData/Lingua_Quest-gvpckrqxtbgyprbgppjfqmimmmfw/SourcePackages/checkouts/promises/Sources/FBLPromises/FBLPromise+Validate.m -o /Users/siam/Library/Developer/Xcode/DerivedData/Lingua_Quest-gvpckrqxtbgyprbgppjfqmimmmfw/Build/Intermediates.noindex/Promises.build/Debug-iphonesimulator/FBLPromises.build/Objects-normal/arm64/FBLPromise+Validate.o -index-unit-output-path /Promises.build/Debug-iphonesimulator/FBLPromises.build/Objects-normal/arm64/FBLPromise+Validate.o

ScanDependencies /Users/siam/Library/Developer/Xcode/DerivedData/Lingua_Quest-gvpckrqxtbgyprbgppjfqmimmmfw/Build/Intermediates.noindex/Promises.build/Debug-iphonesimulator/FBLPromises.build/Objects-normal/arm64/FBLPromise+Timeout.o /Users/siam/Library/Developer/Xcode/DerivedData/Lingua_Quest-gvpckrqxtbgyprbgppjfqmimmmfw/SourcePackages/checkouts/promises/Sources/FBLPromises/FBLPromise+Timeout.m normal arm64 objective-c com.apple.compilers.llvm.clang.1_0.compiler (in target 'FBLPromises' from project 'Promises')
    cd /Users/siam/Desktop/Lingua\ Quest/Lingua\ Quest.xcodeproj
    
    Using response file: /Users/siam/Library/Developer/Xcode/DerivedData/Lingua_Quest-gvpckrqxtbgyprbgppjfqmimmmfw/Build/Intermediates.noindex/Promises.build/Debug-iphonesimulator/FBLPromises.build/Objects-normal/arm64/e6072d4f65d7061329687fe24e3d63a7-common-args.resp
    
    builtin-ScanDependencies -o /Users/siam/Library/Developer/Xcode/DerivedData/Lingua_Quest-gvpckrqxtbgyprbgppjfqmimmmfw/Build/Intermediates.noindex/Promises.build/Debug-iphonesimulator/FBLPromises.build/Objects-normal/arm64/FBLPromise+Timeout.o.scan -- /Applications/Xcode.app/Contents/Developer/Toolchains/XcodeDefault.xctoolchain/usr/bin/clang -x objective-c -ivfsstatcache /Users/siam/Library/Developer/Xcode/DerivedData/SDKStatCaches.noindex/iphonesimulator26.0-23A339-26257891a6c027eb51374368541b8346.sdkstatcache -fmessage-length\=0 -fdiagnostics-show-note-include-stack -fmacro-backtrace-limit\=0 -fno-color-diagnostics -fmodules-prune-interval\=86400 -fmodules-prune-after\=345600 -fbuild-session-file\=/Users/siam/Library/Developer/Xcode/DerivedData/ModuleCache.noindex/Session.modulevalidation -fmodules-validate-once-per-build-session -Wnon-modular-include-in-framework-module -Werror\=non-modular-include-in-framework-module -Wno-trigraphs -Wno-missing-field-initializers -Wno-missing-prototypes -Wno-return-type -Wno-implicit-atomic-properties -Wno-objc-interface-ivars -Wno-arc-repeated-use-of-weak -Wno-missing-braces -Wparentheses -Wswitch -Wno-unused-function -Wno-unused-label -Wno-unused-parameter -Wno-unused-variable -Wunused-value -Wno-empty-body -Wno-uninitialized -Wno-unknown-pragmas -w -Wno-shadow -Wno-four-char-constants -Wno-conversion -Wno-constant-conversion -Wno-int-conversion -Wno-bool-conversion -Wno-enum-conversion -Wno-float-conversion -Wno-non-literal-null-conversion -Wno-objc-literal-conversion -Wshorten-64-to-32 -Wpointer-sign -Wno-newline-eof -Wno-selector -Wno-strict-selector-match -Wno-undeclared-selector -Wno-deprecated-implementations -Wno-implicit-fallthrough -fstrict-aliasing -Wprotocol -Wdeprecated-declarations -Wno-sign-conversion -Wno-infinite-recursion -Wno-comma -Wno-block-capture-autoreleasing -Wno-strict-prototypes -Wno-semicolon-before-method-body -index-store-path /Users/siam/Library/Developer/Xcode/DerivedData/Lingua_Quest-gvpckrqxtbgyprbgppjfqmimmmfw/Index.noindex/DataStore @/Users/siam/Library/Developer/Xcode/DerivedData/Lingua_Quest-gvpckrqxtbgyprbgppjfqmimmmfw/Build/Intermediates.noindex/Promises.build/Debug-iphonesimulator/FBLPromises.build/Objects-normal/arm64/e6072d4f65d7061329687fe24e3d63a7-common-args.resp -include /Users/siam/Library/Developer/Xcode/DerivedData/Lingua_Quest-gvpckrqxtbgyprbgppjfqmimmmfw/Build/Intermediates.noindex/Promises.build/Debug-iphonesimulator/FBLPromises.build/DerivedSources/resource_bundle_accessor.h -MMD -MT dependencies -MF /Users/siam/Library/Developer/Xcode/DerivedData/Lingua_Quest-gvpckrqxtbgyprbgppjfqmimmmfw/Build/Intermediates.noindex/Promises.build/Debug-iphonesimulator/FBLPromises.build/Objects-normal/arm64/FBLPromise+Timeout.d --serialize-diagnostics /Users/siam/Library/Developer/Xcode/DerivedData/Lingua_Quest-gvpckrqxtbgyprbgppjfqmimmmfw/Build/Intermediates.noindex/Promises.build/Debug-iphonesimulator/FBLPromises.build/Objects-normal/arm64/FBLPromise+Timeout.dia -c /Users/siam/Library/Developer/Xcode/DerivedData/Lingua_Quest-gvpckrqxtbgyprbgppjfqmimmmfw/SourcePackages/checkouts/promises/Sources/FBLPromises/FBLPromise+Timeout.m -o /Users/siam/Library/Developer/Xcode/DerivedData/Lingua_Quest-gvpckrqxtbgyprbgppjfqmimmmfw/Build/Intermediates.noindex/Promises.build/Debug-iphonesimulator/FBLPromises.build/Objects-normal/arm64/FBLPromise+Timeout.o -index-unit-output-path /Promises.build/Debug-iphonesimulator/FBLPromises.build/Objects-normal/arm64/FBLPromise+Timeout.o

ScanDependencies /Users/siam/Library/Developer/Xcode/DerivedData/Lingua_Quest-gvpckrqxtbgyprbgppjfqmimmmfw/Build/Intermediates.noindex/Promises.build/Debug-iphonesimulator/FBLPromises.build/Objects-normal/arm64/FBLPromise+Then.o /Users/siam/Library/Developer/Xcode/DerivedData/Lingua_Quest-gvpckrqxtbgyprbgppjfqmimmmfw/SourcePackages/checkouts/promises/Sources/FBLPromises/FBLPromise+Then.m normal arm64 objective-c com.apple.compilers.llvm.clang.1_0.compiler (in target 'FBLPromises' from project 'Promises')
    cd /Users/siam/Desktop/Lingua\ Quest/Lingua\ Quest.xcodeproj
    
    Using response file: /Users/siam/Library/Developer/Xcode/DerivedData/Lingua_Quest-gvpckrqxtbgyprbgppjfqmimmmfw/Build/Intermediates.noindex/Promises.build/Debug-iphonesimulator/FBLPromises.build/Objects-normal/arm64/e6072d4f65d7061329687fe24e3d63a7-common-args.resp
    
    builtin-ScanDependencies -o /Users/siam/Library/Developer/Xcode/DerivedData/Lingua_Quest-gvpckrqxtbgyprbgppjfqmimmmfw/Build/Intermediates.noindex/Promises.build/Debug-iphonesimulator/FBLPromises.build/Objects-normal/arm64/FBLPromise+Then.o.scan -- /Applications/Xcode.app/Contents/Developer/Toolchains/XcodeDefault.xctoolchain/usr/bin/clang -x objective-c -ivfsstatcache /Users/siam/Library/Developer/Xcode/DerivedData/SDKStatCaches.noindex/iphonesimulator26.0-23A339-26257891a6c027eb51374368541b8346.sdkstatcache -fmessage-length\=0 -fdiagnostics-show-note-include-stack -fmacro-backtrace-limit\=0 -fno-color-diagnostics -fmodules-prune-interval\=86400 -fmodules-prune-after\=345600 -fbuild-session-file\=/Users/siam/Library/Developer/Xcode/DerivedData/ModuleCache.noindex/Session.modulevalidation -fmodules-validate-once-per-build-session -Wnon-modular-include-in-framework-module -Werror\=non-modular-include-in-framework-module -Wno-trigraphs -Wno-missing-field-initializers -Wno-missing-prototypes -Wno-return-type -Wno-implicit-atomic-properties -Wno-objc-interface-ivars -Wno-arc-repeated-use-of-weak -Wno-missing-braces -Wparentheses -Wswitch -Wno-unused-function -Wno-unused-label -Wno-unused-parameter -Wno-unused-variable -Wunused-value -Wno-empty-body -Wno-uninitialized -Wno-unknown-pragmas -w -Wno-shadow -Wno-four-char-constants -Wno-conversion -Wno-constant-conversion -Wno-int-conversion -Wno-bool-conversion -Wno-enum-conversion -Wno-float-conversion -Wno-non-literal-null-conversion -Wno-objc-literal-conversion -Wshorten-64-to-32 -Wpointer-sign -Wno-newline-eof -Wno-selector -Wno-strict-selector-match -Wno-undeclared-selector -Wno-deprecated-implementations -Wno-implicit-fallthrough -fstrict-aliasing -Wprotocol -Wdeprecated-declarations -Wno-sign-conversion -Wno-infinite-recursion -Wno-comma -Wno-block-capture-autoreleasing -Wno-strict-prototypes -Wno-semicolon-before-method-body -index-store-path /Users/siam/Library/Developer/Xcode/DerivedData/Lingua_Quest-gvpckrqxtbgyprbgppjfqmimmmfw/Index.noindex/DataStore @/Users/siam/Library/Developer/Xcode/DerivedData/Lingua_Quest-gvpckrqxtbgyprbgppjfqmimmmfw/Build/Intermediates.noindex/Promises.build/Debug-iphonesimulator/FBLPromises.build/Objects-normal/arm64/e6072d4f65d7061329687fe24e3d63a7-common-args.resp -include /Users/siam/Library/Developer/Xcode/DerivedData/Lingua_Quest-gvpckrqxtbgyprbgppjfqmimmmfw/Build/Intermediates.noindex/Promises.build/Debug-iphonesimulator/FBLPromises.build/DerivedSources/resource_bundle_accessor.h -MMD -MT dependencies -MF /Users/siam/Library/Developer/Xcode/DerivedData/Lingua_Quest-gvpckrqxtbgyprbgppjfqmimmmfw/Build/Intermediates.noindex/Promises.build/Debug-iphonesimulator/FBLPromises.build/Objects-normal/arm64/FBLPromise+Then.d --serialize-diagnostics /Users/siam/Library/Developer/Xcode/DerivedData/Lingua_Quest-gvpckrqxtbgyprbgppjfqmimmmfw/Build/Intermediates.noindex/Promises.build/Debug-iphonesimulator/FBLPromises.build/Objects-normal/arm64/FBLPromise+Then.dia -c /Users/siam/Library/Developer/Xcode/DerivedData/Lingua_Quest-gvpckrqxtbgyprbgppjfqmimmmfw/SourcePackages/checkouts/promises/Sources/FBLPromises/FBLPromise+Then.m -o /Users/siam/Library/Developer/Xcode/DerivedData/Lingua_Quest-gvpckrqxtbgyprbgppjfqmimmmfw/Build/Intermediates.noindex/Promises.build/Debug-iphonesimulator/FBLPromises.build/Objects-normal/arm64/FBLPromise+Then.o -index-unit-output-path /Promises.build/Debug-iphonesimulator/FBLPromises.build/Objects-normal/arm64/FBLPromise+Then.o

ScanDependencies /Users/siam/Library/Developer/Xcode/DerivedData/Lingua_Quest-gvpckrqxtbgyprbgppjfqmimmmfw/Build/Intermediates.noindex/Promises.build/Debug-iphonesimulator/FBLPromises.build/Objects-normal/arm64/FBLPromise+Testing.o /Users/siam/Library/Developer/Xcode/DerivedData/Lingua_Quest-gvpckrqxtbgyprbgppjfqmimmmfw/SourcePackages/checkouts/promises/Sources/FBLPromises/FBLPromise+Testing.m normal arm64 objective-c com.apple.compilers.llvm.clang.1_0.compiler (in target 'FBLPromises' from project 'Promises')
    cd /Users/siam/Desktop/Lingua\ Quest/Lingua\ Quest.xcodeproj
    
    Using response file: /Users/siam/Library/Developer/Xcode/DerivedData/Lingua_Quest-gvpckrqxtbgyprbgppjfqmimmmfw/Build/Intermediates.noindex/Promises.build/Debug-iphonesimulator/FBLPromises.build/Objects-normal/arm64/e6072d4f65d7061329687fe24e3d63a7-common-args.resp
    
    builtin-ScanDependencies -o /Users/siam/Library/Developer/Xcode/DerivedData/Lingua_Quest-gvpckrqxtbgyprbgppjfqmimmmfw/Build/Intermediates.noindex/Promises.build/Debug-iphonesimulator/FBLPromises.build/Objects-normal/arm64/FBLPromise+Testing.o.scan -- /Applications/Xcode.app/Contents/Developer/Toolchains/XcodeDefault.xctoolchain/usr/bin/clang -x objective-c -ivfsstatcache /Users/siam/Library/Developer/Xcode/DerivedData/SDKStatCaches.noindex/iphonesimulator26.0-23A339-26257891a6c027eb51374368541b8346.sdkstatcache -fmessage-length\=0 -fdiagnostics-show-note-include-stack -fmacro-backtrace-limit\=0 -fno-color-diagnostics -fmodules-prune-interval\=86400 -fmodules-prune-after\=345600 -fbuild-session-file\=/Users/siam/Library/Developer/Xcode/DerivedData/ModuleCache.noindex/Session.modulevalidation -fmodules-validate-once-per-build-session -Wnon-modular-include-in-framework-module -Werror\=non-modular-include-in-framework-module -Wno-trigraphs -Wno-missing-field-initializers -Wno-missing-prototypes -Wno-return-type -Wno-implicit-atomic-properties -Wno-objc-interface-ivars -Wno-arc-repeated-use-of-weak -Wno-missing-braces -Wparentheses -Wswitch -Wno-unused-function -Wno-unused-label -Wno-unused-parameter -Wno-unused-variable -Wunused-value -Wno-empty-body -Wno-uninitialized -Wno-unknown-pragmas -w -Wno-shadow -Wno-four-char-constants -Wno-conversion -Wno-constant-conversion -Wno-int-conversion -Wno-bool-conversion -Wno-enum-conversion -Wno-float-conversion -Wno-non-literal-null-conversion -Wno-objc-literal-conversion -Wshorten-64-to-32 -Wpointer-sign -Wno-newline-eof -Wno-selector -Wno-strict-selector-match -Wno-undeclared-selector -Wno-deprecated-implementations -Wno-implicit-fallthrough -fstrict-aliasing -Wprotocol -Wdeprecated-declarations -Wno-sign-conversion -Wno-infinite-recursion -Wno-comma -Wno-block-capture-autoreleasing -Wno-strict-prototypes -Wno-semicolon-before-method-body -index-store-path /Users/siam/Library/Developer/Xcode/DerivedData/Lingua_Quest-gvpckrqxtbgyprbgppjfqmimmmfw/Index.noindex/DataStore @/Users/siam/Library/Developer/Xcode/DerivedData/Lingua_Quest-gvpckrqxtbgyprbgppjfqmimmmfw/Build/Intermediates.noindex/Promises.build/Debug-iphonesimulator/FBLPromises.build/Objects-normal/arm64/e6072d4f65d7061329687fe24e3d63a7-common-args.resp -include /Users/siam/Library/Developer/Xcode/DerivedData/Lingua_Quest-gvpckrqxtbgyprbgppjfqmimmmfw/Build/Intermediates.noindex/Promises.build/Debug-iphonesimulator/FBLPromises.build/DerivedSources/resource_bundle_accessor.h -MMD -MT dependencies -MF /Users/siam/Library/Developer/Xcode/DerivedData/Lingua_Quest-gvpckrqxtbgyprbgppjfqmimmmfw/Build/Intermediates.noindex/Promises.build/Debug-iphonesimulator/FBLPromises.build/Objects-normal/arm64/FBLPromise+Testing.d --serialize-diagnostics /Users/siam/Library/Developer/Xcode/DerivedData/Lingua_Quest-gvpckrqxtbgyprbgppjfqmimmmfw/Build/Intermediates.noindex/Promises.build/Debug-iphonesimulator/FBLPromises.build/Objects-normal/arm64/FBLPromise+Testing.dia -c /Users/siam/Library/Developer/Xcode/DerivedData/Lingua_Quest-gvpckrqxtbgyprbgppjfqmimmmfw/SourcePackages/checkouts/promises/Sources/FBLPromises/FBLPromise+Testing.m -o /Users/siam/Library/Developer/Xcode/DerivedData/Lingua_Quest-gvpckrqxtbgyprbgppjfqmimmmfw/Build/Intermediates.noindex/Promises.build/Debug-iphonesimulator/FBLPromises.build/Objects-normal/arm64/FBLPromise+Testing.o -index-unit-output-path /Promises.build/Debug-iphonesimulator/FBLPromises.build/Objects-normal/arm64/FBLPromise+Testing.o

CompileC /Users/siam/Library/Developer/Xcode/DerivedData/Lingua_Quest-gvpckrqxtbgyprbgppjfqmimmmfw/Build/Intermediates.noindex/Promises.build/Debug-iphonesimulator/FBLPromises.build/Objects-normal/arm64/FBLPromise+Timeout.o /Users/siam/Library/Developer/Xcode/DerivedData/Lingua_Quest-gvpckrqxtbgyprbgppjfqmimmmfw/SourcePackages/checkouts/promises/Sources/FBLPromises/FBLPromise+Timeout.m normal arm64 objective-c com.apple.compilers.llvm.clang.1_0.compiler (in target 'FBLPromises' from project 'Promises')
    cd /Users/siam/Desktop/Lingua\ Quest/Lingua\ Quest.xcodeproj
    
    Using response file: /Users/siam/Library/Developer/Xcode/DerivedData/Lingua_Quest-gvpckrqxtbgyprbgppjfqmimmmfw/Build/Intermediates.noindex/Promises.build/Debug-iphonesimulator/FBLPromises.build/Objects-normal/arm64/e6072d4f65d7061329687fe24e3d63a7-common-args.resp
    
    /Applications/Xcode.app/Contents/Developer/Toolchains/XcodeDefault.xctoolchain/usr/bin/clang -x objective-c -ivfsstatcache /Users/siam/Library/Developer/Xcode/DerivedData/SDKStatCaches.noindex/iphonesimulator26.0-23A339-26257891a6c027eb51374368541b8346.sdkstatcache -fmessage-length\=0 -fdiagnostics-show-note-include-stack -fmacro-backtrace-limit\=0 -fno-color-diagnostics -fmodules-prune-interval\=86400 -fmodules-prune-after\=345600 -fbuild-session-file\=/Users/siam/Library/Developer/Xcode/DerivedData/ModuleCache.noindex/Session.modulevalidation -fmodules-validate-once-per-build-session -Wnon-modular-include-in-framework-module -Werror\=non-modular-include-in-framework-module -Wno-trigraphs -Wno-missing-field-initializers -Wno-missing-prototypes -Wno-return-type -Wno-implicit-atomic-properties -Wno-objc-interface-ivars -Wno-arc-repeated-use-of-weak -Wno-missing-braces -Wparentheses -Wswitch -Wno-unused-function -Wno-unused-label -Wno-unused-parameter -Wno-unused-variable -Wunused-value -Wno-empty-body -Wno-uninitialized -Wno-unknown-pragmas -w -Wno-shadow -Wno-four-char-constants -Wno-conversion -Wno-constant-conversion -Wno-int-conversion -Wno-bool-conversion -Wno-enum-conversion -Wno-float-conversion -Wno-non-literal-null-conversion -Wno-objc-literal-conversion -Wshorten-64-to-32 -Wpointer-sign -Wno-newline-eof -Wno-selector -Wno-strict-selector-match -Wno-undeclared-selector -Wno-deprecated-implementations -Wno-implicit-fallthrough -fstrict-aliasing -Wprotocol -Wdeprecated-declarations -Wno-sign-conversion -Wno-infinite-recursion -Wno-comma -Wno-block-capture-autoreleasing -Wno-strict-prototypes -Wno-semicolon-before-method-body -index-store-path /Users/siam/Library/Developer/Xcode/DerivedData/Lingua_Quest-gvpckrqxtbgyprbgppjfqmimmmfw/Index.noindex/DataStore @/Users/siam/Library/Developer/Xcode/DerivedData/Lingua_Quest-gvpckrqxtbgyprbgppjfqmimmmfw/Build/Intermediates.noindex/Promises.build/Debug-iphonesimulator/FBLPromises.build/Objects-normal/arm64/e6072d4f65d7061329687fe24e3d63a7-common-args.resp -include /Users/siam/Library/Developer/Xcode/DerivedData/Lingua_Quest-gvpckrqxtbgyprbgppjfqmimmmfw/Build/Intermediates.noindex/Promises.build/Debug-iphonesimulator/FBLPromises.build/DerivedSources/resource_bundle_accessor.h -MMD -MT dependencies -MF /Users/siam/Library/Developer/Xcode/DerivedData/Lingua_Quest-gvpckrqxtbgyprbgppjfqmimmmfw/Build/Intermediates.noindex/Promises.build/Debug-iphonesimulator/FBLPromises.build/Objects-normal/arm64/FBLPromise+Timeout.d --serialize-diagnostics /Users/siam/Library/Developer/Xcode/DerivedData/Lingua_Quest-gvpckrqxtbgyprbgppjfqmimmmfw/Build/Intermediates.noindex/Promises.build/Debug-iphonesimulator/FBLPromises.build/Objects-normal/arm64/FBLPromise+Timeout.dia -c /Users/siam/Library/Developer/Xcode/DerivedData/Lingua_Quest-gvpckrqxtbgyprbgppjfqmimmmfw/SourcePackages/checkouts/promises/Sources/FBLPromises/FBLPromise+Timeout.m -o /Users/siam/Library/Developer/Xcode/DerivedData/Lingua_Quest-gvpckrqxtbgyprbgppjfqmimmmfw/Build/Intermediates.noindex/Promises.build/Debug-iphonesimulator/FBLPromises.build/Objects-normal/arm64/FBLPromise+Timeout.o -index-unit-output-path /Promises.build/Debug-iphonesimulator/FBLPromises.build/Objects-normal/arm64/FBLPromise+Timeout.o

ScanDependencies /Users/siam/Library/Developer/Xcode/DerivedData/Lingua_Quest-gvpckrqxtbgyprbgppjfqmimmmfw/Build/Intermediates.noindex/Promises.build/Debug-iphonesimulator/FBLPromises.build/Objects-normal/arm64/FBLPromise+Retry.o /Users/siam/Library/Developer/Xcode/DerivedData/Lingua_Quest-gvpckrqxtbgyprbgppjfqmimmmfw/SourcePackages/checkouts/promises/Sources/FBLPromises/FBLPromise+Retry.m normal arm64 objective-c com.apple.compilers.llvm.clang.1_0.compiler (in target 'FBLPromises' from project 'Promises')
    cd /Users/siam/Desktop/Lingua\ Quest/Lingua\ Quest.xcodeproj
    
    Using response file: /Users/siam/Library/Developer/Xcode/DerivedData/Lingua_Quest-gvpckrqxtbgyprbgppjfqmimmmfw/Build/Intermediates.noindex/Promises.build/Debug-iphonesimulator/FBLPromises.build/Objects-normal/arm64/e6072d4f65d7061329687fe24e3d63a7-common-args.resp
    
    builtin-ScanDependencies -o /Users/siam/Library/Developer/Xcode/DerivedData/Lingua_Quest-gvpckrqxtbgyprbgppjfqmimmmfw/Build/Intermediates.noindex/Promises.build/Debug-iphonesimulator/FBLPromises.build/Objects-normal/arm64/FBLPromise+Retry.o.scan -- /Applications/Xcode.app/Contents/Developer/Toolchains/XcodeDefault.xctoolchain/usr/bin/clang -x objective-c -ivfsstatcache /Users/siam/Library/Developer/Xcode/DerivedData/SDKStatCaches.noindex/iphonesimulator26.0-23A339-26257891a6c027eb51374368541b8346.sdkstatcache -fmessage-length\=0 -fdiagnostics-show-note-include-stack -fmacro-backtrace-limit\=0 -fno-color-diagnostics -fmodules-prune-interval\=86400 -fmodules-prune-after\=345600 -fbuild-session-file\=/Users/siam/Library/Developer/Xcode/DerivedData/ModuleCache.noindex/Session.modulevalidation -fmodules-validate-once-per-build-session -Wnon-modular-include-in-framework-module -Werror\=non-modular-include-in-framework-module -Wno-trigraphs -Wno-missing-field-initializers -Wno-missing-prototypes -Wno-return-type -Wno-implicit-atomic-properties -Wno-objc-interface-ivars -Wno-arc-repeated-use-of-weak -Wno-missing-braces -Wparentheses -Wswitch -Wno-unused-function -Wno-unused-label -Wno-unused-parameter -Wno-unused-variable -Wunused-value -Wno-empty-body -Wno-uninitialized -Wno-unknown-pragmas -w -Wno-shadow -Wno-four-char-constants -Wno-conversion -Wno-constant-conversion -Wno-int-conversion -Wno-bool-conversion -Wno-enum-conversion -Wno-float-conversion -Wno-non-literal-null-conversion -Wno-objc-literal-conversion -Wshorten-64-to-32 -Wpointer-sign -Wno-newline-eof -Wno-selector -Wno-strict-selector-match -Wno-undeclared-selector -Wno-deprecated-implementations -Wno-implicit-fallthrough -fstrict-aliasing -Wprotocol -Wdeprecated-declarations -Wno-sign-conversion -Wno-infinite-recursion -Wno-comma -Wno-block-capture-autoreleasing -Wno-strict-prototypes -Wno-semicolon-before-method-body -index-store-path /Users/siam/Library/Developer/Xcode/DerivedData/Lingua_Quest-gvpckrqxtbgyprbgppjfqmimmmfw/Index.noindex/DataStore @/Users/siam/Library/Developer/Xcode/DerivedData/Lingua_Quest-gvpckrqxtbgyprbgppjfqmimmmfw/Build/Intermediates.noindex/Promises.build/Debug-iphonesimulator/FBLPromises.build/Objects-normal/arm64/e6072d4f65d7061329687fe24e3d63a7-common-args.resp -include /Users/siam/Library/Developer/Xcode/DerivedData/Lingua_Quest-gvpckrqxtbgyprbgppjfqmimmmfw/Build/Intermediates.noindex/Promises.build/Debug-iphonesimulator/FBLPromises.build/DerivedSources/resource_bundle_accessor.h -MMD -MT dependencies -MF /Users/siam/Library/Developer/Xcode/DerivedData/Lingua_Quest-gvpckrqxtbgyprbgppjfqmimmmfw/Build/Intermediates.noindex/Promises.build/Debug-iphonesimulator/FBLPromises.build/Objects-normal/arm64/FBLPromise+Retry.d --serialize-diagnostics /Users/siam/Library/Developer/Xcode/DerivedData/Lingua_Quest-gvpckrqxtbgyprbgppjfqmimmmfw/Build/Intermediates.noindex/Promises.build/Debug-iphonesimulator/FBLPromises.build/Objects-normal/arm64/FBLPromise+Retry.dia -c /Users/siam/Library/Developer/Xcode/DerivedData/Lingua_Quest-gvpckrqxtbgyprbgppjfqmimmmfw/SourcePackages/checkouts/promises/Sources/FBLPromises/FBLPromise+Retry.m -o /Users/siam/Library/Developer/Xcode/DerivedData/Lingua_Quest-gvpckrqxtbgyprbgppjfqmimmmfw/Build/Intermediates.noindex/Promises.build/Debug-iphonesimulator/FBLPromises.build/Objects-normal/arm64/FBLPromise+Retry.o -index-unit-output-path /Promises.build/Debug-iphonesimulator/FBLPromises.build/Objects-normal/arm64/FBLPromise+Retry.o

ScanDependencies /Users/siam/Library/Developer/Xcode/DerivedData/Lingua_Quest-gvpckrqxtbgyprbgppjfqmimmmfw/Build/Intermediates.noindex/Promises.build/Debug-iphonesimulator/FBLPromises.build/Objects-normal/arm64/FBLPromise+Reduce.o /Users/siam/Library/Developer/Xcode/DerivedData/Lingua_Quest-gvpckrqxtbgyprbgppjfqmimmmfw/SourcePackages/checkouts/promises/Sources/FBLPromises/FBLPromise+Reduce.m normal arm64 objective-c com.apple.compilers.llvm.clang.1_0.compiler (in target 'FBLPromises' from project 'Promises')
    cd /Users/siam/Desktop/Lingua\ Quest/Lingua\ Quest.xcodeproj
    
    Using response file: /Users/siam/Library/Developer/Xcode/DerivedData/Lingua_Quest-gvpckrqxtbgyprbgppjfqmimmmfw/Build/Intermediates.noindex/Promises.build/Debug-iphonesimulator/FBLPromises.build/Objects-normal/arm64/e6072d4f65d7061329687fe24e3d63a7-common-args.resp
    
    builtin-ScanDependencies -o /Users/siam/Library/Developer/Xcode/DerivedData/Lingua_Quest-gvpckrqxtbgyprbgppjfqmimmmfw/Build/Intermediates.noindex/Promises.build/Debug-iphonesimulator/FBLPromises.build/Objects-normal/arm64/FBLPromise+Reduce.o.scan -- /Applications/Xcode.app/Contents/Developer/Toolchains/XcodeDefault.xctoolchain/usr/bin/clang -x objective-c -ivfsstatcache /Users/siam/Library/Developer/Xcode/DerivedData/SDKStatCaches.noindex/iphonesimulator26.0-23A339-26257891a6c027eb51374368541b8346.sdkstatcache -fmessage-length\=0 -fdiagnostics-show-note-include-stack -fmacro-backtrace-limit\=0 -fno-color-diagnostics -fmodules-prune-interval\=86400 -fmodules-prune-after\=345600 -fbuild-session-file\=/Users/siam/Library/Developer/Xcode/DerivedData/ModuleCache.noindex/Session.modulevalidation -fmodules-validate-once-per-build-session -Wnon-modular-include-in-framework-module -Werror\=non-modular-include-in-framework-module -Wno-trigraphs -Wno-missing-field-initializers -Wno-missing-prototypes -Wno-return-type -Wno-implicit-atomic-properties -Wno-objc-interface-ivars -Wno-arc-repeated-use-of-weak -Wno-missing-braces -Wparentheses -Wswitch -Wno-unused-function -Wno-unused-label -Wno-unused-parameter -Wno-unused-variable -Wunused-value -Wno-empty-body -Wno-uninitialized -Wno-unknown-pragmas -w -Wno-shadow -Wno-four-char-constants -Wno-conversion -Wno-constant-conversion -Wno-int-conversion -Wno-bool-conversion -Wno-enum-conversion -Wno-float-conversion -Wno-non-literal-null-conversion -Wno-objc-literal-conversion -Wshorten-64-to-32 -Wpointer-sign -Wno-newline-eof -Wno-selector -Wno-strict-selector-match -Wno-undeclared-selector -Wno-deprecated-implementations -Wno-implicit-fallthrough -fstrict-aliasing -Wprotocol -Wdeprecated-declarations -Wno-sign-conversion -Wno-infinite-recursion -Wno-comma -Wno-block-capture-autoreleasing -Wno-strict-prototypes -Wno-semicolon-before-method-body -index-store-path /Users/siam/Library/Developer/Xcode/DerivedData/Lingua_Quest-gvpckrqxtbgyprbgppjfqmimmmfw/Index.noindex/DataStore @/Users/siam/Library/Developer/Xcode/DerivedData/Lingua_Quest-gvpckrqxtbgyprbgppjfqmimmmfw/Build/Intermediates.noindex/Promises.build/Debug-iphonesimulator/FBLPromises.build/Objects-normal/arm64/e6072d4f65d7061329687fe24e3d63a7-common-args.resp -include /Users/siam/Library/Developer/Xcode/DerivedData/Lingua_Quest-gvpckrqxtbgyprbgppjfqmimmmfw/Build/Intermediates.noindex/Promises.build/Debug-iphonesimulator/FBLPromises.build/DerivedSources/resource_bundle_accessor.h -MMD -MT dependencies -MF /Users/siam/Library/Developer/Xcode/DerivedData/Lingua_Quest-gvpckrqxtbgyprbgppjfqmimmmfw/Build/Intermediates.noindex/Promises.build/Debug-iphonesimulator/FBLPromises.build/Objects-normal/arm64/FBLPromise+Reduce.d --serialize-diagnostics /Users/siam/Library/Developer/Xcode/DerivedData/Lingua_Quest-gvpckrqxtbgyprbgppjfqmimmmfw/Build/Intermediates.noindex/Promises.build/Debug-iphonesimulator/FBLPromises.build/Objects-normal/arm64/FBLPromise+Reduce.dia -c /Users/siam/Library/Developer/Xcode/DerivedData/Lingua_Quest-gvpckrqxtbgyprbgppjfqmimmmfw/SourcePackages/checkouts/promises/Sources/FBLPromises/FBLPromise+Reduce.m -o /Users/siam/Library/Developer/Xcode/DerivedData/Lingua_Quest-gvpckrqxtbgyprbgppjfqmimmmfw/Build/Intermediates.noindex/Promises.build/Debug-iphonesimulator/FBLPromises.build/Objects-normal/arm64/FBLPromise+Reduce.o -index-unit-output-path /Promises.build/Debug-iphonesimulator/FBLPromises.build/Objects-normal/arm64/FBLPromise+Reduce.o

CompileC /Users/siam/Library/Developer/Xcode/DerivedData/Lingua_Quest-gvpckrqxtbgyprbgppjfqmimmmfw/Build/Intermediates.noindex/Promises.build/Debug-iphonesimulator/FBLPromises.build/Objects-normal/arm64/FBLPromise+Then.o /Users/siam/Library/Developer/Xcode/DerivedData/Lingua_Quest-gvpckrqxtbgyprbgppjfqmimmmfw/SourcePackages/checkouts/promises/Sources/FBLPromises/FBLPromise+Then.m normal arm64 objective-c com.apple.compilers.llvm.clang.1_0.compiler (in target 'FBLPromises' from project 'Promises')
    cd /Users/siam/Desktop/Lingua\ Quest/Lingua\ Quest.xcodeproj
    
    Using response file: /Users/siam/Library/Developer/Xcode/DerivedData/Lingua_Quest-gvpckrqxtbgyprbgppjfqmimmmfw/Build/Intermediates.noindex/Promises.build/Debug-iphonesimulator/FBLPromises.build/Objects-normal/arm64/e6072d4f65d7061329687fe24e3d63a7-common-args.resp
    
    /Applications/Xcode.app/Contents/Developer/Toolchains/XcodeDefault.xctoolchain/usr/bin/clang -x objective-c -ivfsstatcache /Users/siam/Library/Developer/Xcode/DerivedData/SDKStatCaches.noindex/iphonesimulator26.0-23A339-26257891a6c027eb51374368541b8346.sdkstatcache -fmessage-length\=0 -fdiagnostics-show-note-include-stack -fmacro-backtrace-limit\=0 -fno-color-diagnostics -fmodules-prune-interval\=86400 -fmodules-prune-after\=345600 -fbuild-session-file\=/Users/siam/Library/Developer/Xcode/DerivedData/ModuleCache.noindex/Session.modulevalidation -fmodules-validate-once-per-build-session -Wnon-modular-include-in-framework-module -Werror\=non-modular-include-in-framework-module -Wno-trigraphs -Wno-missing-field-initializers -Wno-missing-prototypes -Wno-return-type -Wno-implicit-atomic-properties -Wno-objc-interface-ivars -Wno-arc-repeated-use-of-weak -Wno-missing-braces -Wparentheses -Wswitch -Wno-unused-function -Wno-unused-label -Wno-unused-parameter -Wno-unused-variable -Wunused-value -Wno-empty-body -Wno-uninitialized -Wno-unknown-pragmas -w -Wno-shadow -Wno-four-char-constants -Wno-conversion -Wno-constant-conversion -Wno-int-conversion -Wno-bool-conversion -Wno-enum-conversion -Wno-float-conversion -Wno-non-literal-null-conversion -Wno-objc-literal-conversion -Wshorten-64-to-32 -Wpointer-sign -Wno-newline-eof -Wno-selector -Wno-strict-selector-match -Wno-undeclared-selector -Wno-deprecated-implementations -Wno-implicit-fallthrough -fstrict-aliasing -Wprotocol -Wdeprecated-declarations -Wno-sign-conversion -Wno-infinite-recursion -Wno-comma -Wno-block-capture-autoreleasing -Wno-strict-prototypes -Wno-semicolon-before-method-body -index-store-path /Users/siam/Library/Developer/Xcode/DerivedData/Lingua_Quest-gvpckrqxtbgyprbgppjfqmimmmfw/Index.noindex/DataStore @/Users/siam/Library/Developer/Xcode/DerivedData/Lingua_Quest-gvpckrqxtbgyprbgppjfqmimmmfw/Build/Intermediates.noindex/Promises.build/Debug-iphonesimulator/FBLPromises.build/Objects-normal/arm64/e6072d4f65d7061329687fe24e3d63a7-common-args.resp -include /Users/siam/Library/Developer/Xcode/DerivedData/Lingua_Quest-gvpckrqxtbgyprbgppjfqmimmmfw/Build/Intermediates.noindex/Promises.build/Debug-iphonesimulator/FBLPromises.build/DerivedSources/resource_bundle_accessor.h -MMD -MT dependencies -MF /Users/siam/Library/Developer/Xcode/DerivedData/Lingua_Quest-gvpckrqxtbgyprbgppjfqmimmmfw/Build/Intermediates.noindex/Promises.build/Debug-iphonesimulator/FBLPromises.build/Objects-normal/arm64/FBLPromise+Then.d --serialize-diagnostics /Users/siam/Library/Developer/Xcode/DerivedData/Lingua_Quest-gvpckrqxtbgyprbgppjfqmimmmfw/Build/Intermediates.noindex/Promises.build/Debug-iphonesimulator/FBLPromises.build/Objects-normal/arm64/FBLPromise+Then.dia -c /Users/siam/Library/Developer/Xcode/DerivedData/Lingua_Quest-gvpckrqxtbgyprbgppjfqmimmmfw/SourcePackages/checkouts/promises/Sources/FBLPromises/FBLPromise+Then.m -o /Users/siam/Library/Developer/Xcode/DerivedData/Lingua_Quest-gvpckrqxtbgyprbgppjfqmimmmfw/Build/Intermediates.noindex/Promises.build/Debug-iphonesimulator/FBLPromises.build/Objects-normal/arm64/FBLPromise+Then.o -index-unit-output-path /Promises.build/Debug-iphonesimulator/FBLPromises.build/Objects-normal/arm64/FBLPromise+Then.o

ScanDependencies /Users/siam/Library/Developer/Xcode/DerivedData/Lingua_Quest-gvpckrqxtbgyprbgppjfqmimmmfw/Build/Intermediates.noindex/Promises.build/Debug-iphonesimulator/FBLPromises.build/Objects-normal/arm64/FBLPromise+Recover.o /Users/siam/Library/Developer/Xcode/DerivedData/Lingua_Quest-gvpckrqxtbgyprbgppjfqmimmmfw/SourcePackages/checkouts/promises/Sources/FBLPromises/FBLPromise+Recover.m normal arm64 objective-c com.apple.compilers.llvm.clang.1_0.compiler (in target 'FBLPromises' from project 'Promises')
    cd /Users/siam/Desktop/Lingua\ Quest/Lingua\ Quest.xcodeproj
    
    Using response file: /Users/siam/Library/Developer/Xcode/DerivedData/Lingua_Quest-gvpckrqxtbgyprbgppjfqmimmmfw/Build/Intermediates.noindex/Promises.build/Debug-iphonesimulator/FBLPromises.build/Objects-normal/arm64/e6072d4f65d7061329687fe24e3d63a7-common-args.resp
    
    builtin-ScanDependencies -o /Users/siam/Library/Developer/Xcode/DerivedData/Lingua_Quest-gvpckrqxtbgyprbgppjfqmimmmfw/Build/Intermediates.noindex/Promises.build/Debug-iphonesimulator/FBLPromises.build/Objects-normal/arm64/FBLPromise+Recover.o.scan -- /Applications/Xcode.app/Contents/Developer/Toolchains/XcodeDefault.xctoolchain/usr/bin/clang -x objective-c -ivfsstatcache /Users/siam/Library/Developer/Xcode/DerivedData/SDKStatCaches.noindex/iphonesimulator26.0-23A339-26257891a6c027eb51374368541b8346.sdkstatcache -fmessage-length\=0 -fdiagnostics-show-note-include-stack -fmacro-backtrace-limit\=0 -fno-color-diagnostics -fmodules-prune-interval\=86400 -fmodules-prune-after\=345600 -fbuild-session-file\=/Users/siam/Library/Developer/Xcode/DerivedData/ModuleCache.noindex/Session.modulevalidation -fmodules-validate-once-per-build-session -Wnon-modular-include-in-framework-module -Werror\=non-modular-include-in-framework-module -Wno-trigraphs -Wno-missing-field-initializers -Wno-missing-prototypes -Wno-return-type -Wno-implicit-atomic-properties -Wno-objc-interface-ivars -Wno-arc-repeated-use-of-weak -Wno-missing-braces -Wparentheses -Wswitch -Wno-unused-function -Wno-unused-label -Wno-unused-parameter -Wno-unused-variable -Wunused-value -Wno-empty-body -Wno-uninitialized -Wno-unknown-pragmas -w -Wno-shadow -Wno-four-char-constants -Wno-conversion -Wno-constant-conversion -Wno-int-conversion -Wno-bool-conversion -Wno-enum-conversion -Wno-float-conversion -Wno-non-literal-null-conversion -Wno-objc-literal-conversion -Wshorten-64-to-32 -Wpointer-sign -Wno-newline-eof -Wno-selector -Wno-strict-selector-match -Wno-undeclared-selector -Wno-deprecated-implementations -Wno-implicit-fallthrough -fstrict-aliasing -Wprotocol -Wdeprecated-declarations -Wno-sign-conversion -Wno-infinite-recursion -Wno-comma -Wno-block-capture-autoreleasing -Wno-strict-prototypes -Wno-semicolon-before-method-body -index-store-path /Users/siam/Library/Developer/Xcode/DerivedData/Lingua_Quest-gvpckrqxtbgyprbgppjfqmimmmfw/Index.noindex/DataStore @/Users/siam/Library/Developer/Xcode/DerivedData/Lingua_Quest-gvpckrqxtbgyprbgppjfqmimmmfw/Build/Intermediates.noindex/Promises.build/Debug-iphonesimulator/FBLPromises.build/Objects-normal/arm64/e6072d4f65d7061329687fe24e3d63a7-common-args.resp -include /Users/siam/Library/Developer/Xcode/DerivedData/Lingua_Quest-gvpckrqxtbgyprbgppjfqmimmmfw/Build/Intermediates.noindex/Promises.build/Debug-iphonesimulator/FBLPromises.build/DerivedSources/resource_bundle_accessor.h -MMD -MT dependencies -MF /Users/siam/Library/Developer/Xcode/DerivedData/Lingua_Quest-gvpckrqxtbgyprbgppjfqmimmmfw/Build/Intermediates.noindex/Promises.build/Debug-iphonesimulator/FBLPromises.build/Objects-normal/arm64/FBLPromise+Recover.d --serialize-diagnostics /Users/siam/Library/Developer/Xcode/DerivedData/Lingua_Quest-gvpckrqxtbgyprbgppjfqmimmmfw/Build/Intermediates.noindex/Promises.build/Debug-iphonesimulator/FBLPromises.build/Objects-normal/arm64/FBLPromise+Recover.dia -c /Users/siam/Library/Developer/Xcode/DerivedData/Lingua_Quest-gvpckrqxtbgyprbgppjfqmimmmfw/SourcePackages/checkouts/promises/Sources/FBLPromises/FBLPromise+Recover.m -o /Users/siam/Library/Developer/Xcode/DerivedData/Lingua_Quest-gvpckrqxtbgyprbgppjfqmimmmfw/Build/Intermediates.noindex/Promises.build/Debug-iphonesimulator/FBLPromises.build/Objects-normal/arm64/FBLPromise+Recover.o -index-unit-output-path /Promises.build/Debug-iphonesimulator/FBLPromises.build/Objects-normal/arm64/FBLPromise+Recover.o

CompileC /Users/siam/Library/Developer/Xcode/DerivedData/Lingua_Quest-gvpckrqxtbgyprbgppjfqmimmmfw/Build/Intermediates.noindex/Promises.build/Debug-iphonesimulator/FBLPromises.build/Objects-normal/arm64/FBLPromise+Retry.o /Users/siam/Library/Developer/Xcode/DerivedData/Lingua_Quest-gvpckrqxtbgyprbgppjfqmimmmfw/SourcePackages/checkouts/promises/Sources/FBLPromises/FBLPromise+Retry.m normal arm64 objective-c com.apple.compilers.llvm.clang.1_0.compiler (in target 'FBLPromises' from project 'Promises')
    cd /Users/siam/Desktop/Lingua\ Quest/Lingua\ Quest.xcodeproj
    
    Using response file: /Users/siam/Library/Developer/Xcode/DerivedData/Lingua_Quest-gvpckrqxtbgyprbgppjfqmimmmfw/Build/Intermediates.noindex/Promises.build/Debug-iphonesimulator/FBLPromises.build/Objects-normal/arm64/e6072d4f65d7061329687fe24e3d63a7-common-args.resp
    
    /Applications/Xcode.app/Contents/Developer/Toolchains/XcodeDefault.xctoolchain/usr/bin/clang -x objective-c -ivfsstatcache /Users/siam/Library/Developer/Xcode/DerivedData/SDKStatCaches.noindex/iphonesimulator26.0-23A339-26257891a6c027eb51374368541b8346.sdkstatcache -fmessage-length\=0 -fdiagnostics-show-note-include-stack -fmacro-backtrace-limit\=0 -fno-color-diagnostics -fmodules-prune-interval\=86400 -fmodules-prune-after\=345600 -fbuild-session-file\=/Users/siam/Library/Developer/Xcode/DerivedData/ModuleCache.noindex/Session.modulevalidation -fmodules-validate-once-per-build-session -Wnon-modular-include-in-framework-module -Werror\=non-modular-include-in-framework-module -Wno-trigraphs -Wno-missing-field-initializers -Wno-missing-prototypes -Wno-return-type -Wno-implicit-atomic-properties -Wno-objc-interface-ivars -Wno-arc-repeated-use-of-weak -Wno-missing-braces -Wparentheses -Wswitch -Wno-unused-function -Wno-unused-label -Wno-unused-parameter -Wno-unused-variable -Wunused-value -Wno-empty-body -Wno-uninitialized -Wno-unknown-pragmas -w -Wno-shadow -Wno-four-char-constants -Wno-conversion -Wno-constant-conversion -Wno-int-conversion -Wno-bool-conversion -Wno-enum-conversion -Wno-float-conversion -Wno-non-literal-null-conversion -Wno-objc-literal-conversion -Wshorten-64-to-32 -Wpointer-sign -Wno-newline-eof -Wno-selector -Wno-strict-selector-match -Wno-undeclared-selector -Wno-deprecated-implementations -Wno-implicit-fallthrough -fstrict-aliasing -Wprotocol -Wdeprecated-declarations -Wno-sign-conversion -Wno-infinite-recursion -Wno-comma -Wno-block-capture-autoreleasing -Wno-strict-prototypes -Wno-semicolon-before-method-body -index-store-path /Users/siam/Library/Developer/Xcode/DerivedData/Lingua_Quest-gvpckrqxtbgyprbgppjfqmimmmfw/Index.noindex/DataStore @/Users/siam/Library/Developer/Xcode/DerivedData/Lingua_Quest-gvpckrqxtbgyprbgppjfqmimmmfw/Build/Intermediates.noindex/Promises.build/Debug-iphonesimulator/FBLPromises.build/Objects-normal/arm64/e6072d4f65d7061329687fe24e3d63a7-common-args.resp -include /Users/siam/Library/Developer/Xcode/DerivedData/Lingua_Quest-gvpckrqxtbgyprbgppjfqmimmmfw/Build/Intermediates.noindex/Promises.build/Debug-iphonesimulator/FBLPromises.build/DerivedSources/resource_bundle_accessor.h -MMD -MT dependencies -MF /Users/siam/Library/Developer/Xcode/DerivedData/Lingua_Quest-gvpckrqxtbgyprbgppjfqmimmmfw/Build/Intermediates.noindex/Promises.build/Debug-iphonesimulator/FBLPromises.build/Objects-normal/arm64/FBLPromise+Retry.d --serialize-diagnostics /Users/siam/Library/Developer/Xcode/DerivedData/Lingua_Quest-gvpckrqxtbgyprbgppjfqmimmmfw/Build/Intermediates.noindex/Promises.build/Debug-iphonesimulator/FBLPromises.build/Objects-normal/arm64/FBLPromise+Retry.dia -c /Users/siam/Library/Developer/Xcode/DerivedData/Lingua_Quest-gvpckrqxtbgyprbgppjfqmimmmfw/SourcePackages/checkouts/promises/Sources/FBLPromises/FBLPromise+Retry.m -o /Users/siam/Library/Developer/Xcode/DerivedData/Lingua_Quest-gvpckrqxtbgyprbgppjfqmimmmfw/Build/Intermediates.noindex/Promises.build/Debug-iphonesimulator/FBLPromises.build/Objects-normal/arm64/FBLPromise+Retry.o -index-unit-output-path /Promises.build/Debug-iphonesimulator/FBLPromises.build/Objects-normal/arm64/FBLPromise+Retry.o

CompileC /Users/siam/Library/Developer/Xcode/DerivedData/Lingua_Quest-gvpckrqxtbgyprbgppjfqmimmmfw/Build/Intermediates.noindex/Promises.build/Debug-iphonesimulator/FBLPromises.build/Objects-normal/arm64/FBLPromise+Testing.o /Users/siam/Library/Developer/Xcode/DerivedData/Lingua_Quest-gvpckrqxtbgyprbgppjfqmimmmfw/SourcePackages/checkouts/promises/Sources/FBLPromises/FBLPromise+Testing.m normal arm64 objective-c com.apple.compilers.llvm.clang.1_0.compiler (in target 'FBLPromises' from project 'Promises')
    cd /Users/siam/Desktop/Lingua\ Quest/Lingua\ Quest.xcodeproj
    
    Using response file: /Users/siam/Library/Developer/Xcode/DerivedData/Lingua_Quest-gvpckrqxtbgyprbgppjfqmimmmfw/Build/Intermediates.noindex/Promises.build/Debug-iphonesimulator/FBLPromises.build/Objects-normal/arm64/e6072d4f65d7061329687fe24e3d63a7-common-args.resp
    
    /Applications/Xcode.app/Contents/Developer/Toolchains/XcodeDefault.xctoolchain/usr/bin/clang -x objective-c -ivfsstatcache /Users/siam/Library/Developer/Xcode/DerivedData/SDKStatCaches.noindex/iphonesimulator26.0-23A339-26257891a6c027eb51374368541b8346.sdkstatcache -fmessage-length\=0 -fdiagnostics-show-note-include-stack -fmacro-backtrace-limit\=0 -fno-color-diagnostics -fmodules-prune-interval\=86400 -fmodules-prune-after\=345600 -fbuild-session-file\=/Users/siam/Library/Developer/Xcode/DerivedData/ModuleCache.noindex/Session.modulevalidation -fmodules-validate-once-per-build-session -Wnon-modular-include-in-framework-module -Werror\=non-modular-include-in-framework-module -Wno-trigraphs -Wno-missing-field-initializers -Wno-missing-prototypes -Wno-return-type -Wno-implicit-atomic-properties -Wno-objc-interface-ivars -Wno-arc-repeated-use-of-weak -Wno-missing-braces -Wparentheses -Wswitch -Wno-unused-function -Wno-unused-label -Wno-unused-parameter -Wno-unused-variable -Wunused-value -Wno-empty-body -Wno-uninitialized -Wno-unknown-pragmas -w -Wno-shadow -Wno-four-char-constants -Wno-conversion -Wno-constant-conversion -Wno-int-conversion -Wno-bool-conversion -Wno-enum-conversion -Wno-float-conversion -Wno-non-literal-null-conversion -Wno-objc-literal-conversion -Wshorten-64-to-32 -Wpointer-sign -Wno-newline-eof -Wno-selector -Wno-strict-selector-match -Wno-undeclared-selector -Wno-deprecated-implementations -Wno-implicit-fallthrough -fstrict-aliasing -Wprotocol -Wdeprecated-declarations -Wno-sign-conversion -Wno-infinite-recursion -Wno-comma -Wno-block-capture-autoreleasing -Wno-strict-prototypes -Wno-semicolon-before-method-body -index-store-path /Users/siam/Library/Developer/Xcode/DerivedData/Lingua_Quest-gvpckrqxtbgyprbgppjfqmimmmfw/Index.noindex/DataStore @/Users/siam/Library/Developer/Xcode/DerivedData/Lingua_Quest-gvpckrqxtbgyprbgppjfqmimmmfw/Build/Intermediates.noindex/Promises.build/Debug-iphonesimulator/FBLPromises.build/Objects-normal/arm64/e6072d4f65d7061329687fe24e3d63a7-common-args.resp -include /Users/siam/Library/Developer/Xcode/DerivedData/Lingua_Quest-gvpckrqxtbgyprbgppjfqmimmmfw/Build/Intermediates.noindex/Promises.build/Debug-iphonesimulator/FBLPromises.build/DerivedSources/resource_bundle_accessor.h -MMD -MT dependencies -MF /Users/siam/Library/Developer/Xcode/DerivedData/Lingua_Quest-gvpckrqxtbgyprbgppjfqmimmmfw/Build/Intermediates.noindex/Promises.build/Debug-iphonesimulator/FBLPromises.build/Objects-normal/arm64/FBLPromise+Testing.d --serialize-diagnostics /Users/siam/Library/Developer/Xcode/DerivedData/Lingua_Quest-gvpckrqxtbgyprbgppjfqmimmmfw/Build/Intermediates.noindex/Promises.build/Debug-iphonesimulator/FBLPromises.build/Objects-normal/arm64/FBLPromise+Testing.dia -c /Users/siam/Library/Developer/Xcode/DerivedData/Lingua_Quest-gvpckrqxtbgyprbgppjfqmimmmfw/SourcePackages/checkouts/promises/Sources/FBLPromises/FBLPromise+Testing.m -o /Users/siam/Library/Developer/Xcode/DerivedData/Lingua_Quest-gvpckrqxtbgyprbgppjfqmimmmfw/Build/Intermediates.noindex/Promises.build/Debug-iphonesimulator/FBLPromises.build/Objects-normal/arm64/FBLPromise+Testing.o -index-unit-output-path /Promises.build/Debug-iphonesimulator/FBLPromises.build/Objects-normal/arm64/FBLPromise+Testing.o

CompileC /Users/siam/Library/Developer/Xcode/DerivedData/Lingua_Quest-gvpckrqxtbgyprbgppjfqmimmmfw/Build/Intermediates.noindex/Promises.build/Debug-iphonesimulator/FBLPromises.build/Objects-normal/arm64/FBLPromise+Reduce.o /Users/siam/Library/Developer/Xcode/DerivedData/Lingua_Quest-gvpckrqxtbgyprbgppjfqmimmmfw/SourcePackages/checkouts/promises/Sources/FBLPromises/FBLPromise+Reduce.m normal arm64 objective-c com.apple.compilers.llvm.clang.1_0.compiler (in target 'FBLPromises' from project 'Promises')
    cd /Users/siam/Desktop/Lingua\ Quest/Lingua\ Quest.xcodeproj
    
    Using response file: /Users/siam/Library/Developer/Xcode/DerivedData/Lingua_Quest-gvpckrqxtbgyprbgppjfqmimmmfw/Build/Intermediates.noindex/Promises.build/Debug-iphonesimulator/FBLPromises.build/Objects-normal/arm64/e6072d4f65d7061329687fe24e3d63a7-common-args.resp
    
    /Applications/Xcode.app/Contents/Developer/Toolchains/XcodeDefault.xctoolchain/usr/bin/clang -x objective-c -ivfsstatcache /Users/siam/Library/Developer/Xcode/DerivedData/SDKStatCaches.noindex/iphonesimulator26.0-23A339-26257891a6c027eb51374368541b8346.sdkstatcache -fmessage-length\=0 -fdiagnostics-show-note-include-stack -fmacro-backtrace-limit\=0 -fno-color-diagnostics -fmodules-prune-interval\=86400 -fmodules-prune-after\=345600 -fbuild-session-file\=/Users/siam/Library/Developer/Xcode/DerivedData/ModuleCache.noindex/Session.modulevalidation -fmodules-validate-once-per-build-session -Wnon-modular-include-in-framework-module -Werror\=non-modular-include-in-framework-module -Wno-trigraphs -Wno-missing-field-initializers -Wno-missing-prototypes -Wno-return-type -Wno-implicit-atomic-properties -Wno-objc-interface-ivars -Wno-arc-repeated-use-of-weak -Wno-missing-braces -Wparentheses -Wswitch -Wno-unused-function -Wno-unused-label -Wno-unused-parameter -Wno-unused-variable -Wunused-value -Wno-empty-body -Wno-uninitialized -Wno-unknown-pragmas -w -Wno-shadow -Wno-four-char-constants -Wno-conversion -Wno-constant-conversion -Wno-int-conversion -Wno-bool-conversion -Wno-enum-conversion -Wno-float-conversion -Wno-non-literal-null-conversion -Wno-objc-literal-conversion -Wshorten-64-to-32 -Wpointer-sign -Wno-newline-eof -Wno-selector -Wno-strict-selector-match -Wno-undeclared-selector -Wno-deprecated-implementations -Wno-implicit-fallthrough -fstrict-aliasing -Wprotocol -Wdeprecated-declarations -Wno-sign-conversion -Wno-infinite-recursion -Wno-comma -Wno-block-capture-autoreleasing -Wno-strict-prototypes -Wno-semicolon-before-method-body -index-store-path /Users/siam/Library/Developer/Xcode/DerivedData/Lingua_Quest-gvpckrqxtbgyprbgppjfqmimmmfw/Index.noindex/DataStore @/Users/siam/Library/Developer/Xcode/DerivedData/Lingua_Quest-gvpckrqxtbgyprbgppjfqmimmmfw/Build/Intermediates.noindex/Promises.build/Debug-iphonesimulator/FBLPromises.build/Objects-normal/arm64/e6072d4f65d7061329687fe24e3d63a7-common-args.resp -include /Users/siam/Library/Developer/Xcode/DerivedData/Lingua_Quest-gvpckrqxtbgyprbgppjfqmimmmfw/Build/Intermediates.noindex/Promises.build/Debug-iphonesimulator/FBLPromises.build/DerivedSources/resource_bundle_accessor.h -MMD -MT dependencies -MF /Users/siam/Library/Developer/Xcode/DerivedData/Lingua_Quest-gvpckrqxtbgyprbgppjfqmimmmfw/Build/Intermediates.noindex/Promises.build/Debug-iphonesimulator/FBLPromises.build/Objects-normal/arm64/FBLPromise+Reduce.d --serialize-diagnostics /Users/siam/Library/Developer/Xcode/DerivedData/Lingua_Quest-gvpckrqxtbgyprbgppjfqmimmmfw/Build/Intermediates.noindex/Promises.build/Debug-iphonesimulator/FBLPromises.build/Objects-normal/arm64/FBLPromise+Reduce.dia -c /Users/siam/Library/Developer/Xcode/DerivedData/Lingua_Quest-gvpckrqxtbgyprbgppjfqmimmmfw/SourcePackages/checkouts/promises/Sources/FBLPromises/FBLPromise+Reduce.m -o /Users/siam/Library/Developer/Xcode/DerivedData/Lingua_Quest-gvpckrqxtbgyprbgppjfqmimmmfw/Build/Intermediates.noindex/Promises.build/Debug-iphonesimulator/FBLPromises.build/Objects-normal/arm64/FBLPromise+Reduce.o -index-unit-output-path /Promises.build/Debug-iphonesimulator/FBLPromises.build/Objects-normal/arm64/FBLPromise+Reduce.o

ScanDependencies /Users/siam/Library/Developer/Xcode/DerivedData/Lingua_Quest-gvpckrqxtbgyprbgppjfqmimmmfw/Build/Intermediates.noindex/Promises.build/Debug-iphonesimulator/FBLPromises.build/Objects-normal/arm64/FBLPromise+Race.o /Users/siam/Library/Developer/Xcode/DerivedData/Lingua_Quest-gvpckrqxtbgyprbgppjfqmimmmfw/SourcePackages/checkouts/promises/Sources/FBLPromises/FBLPromise+Race.m normal arm64 objective-c com.apple.compilers.llvm.clang.1_0.compiler (in target 'FBLPromises' from project 'Promises')
    cd /Users/siam/Desktop/Lingua\ Quest/Lingua\ Quest.xcodeproj
    
    Using response file: /Users/siam/Library/Developer/Xcode/DerivedData/Lingua_Quest-gvpckrqxtbgyprbgppjfqmimmmfw/Build/Intermediates.noindex/Promises.build/Debug-iphonesimulator/FBLPromises.build/Objects-normal/arm64/e6072d4f65d7061329687fe24e3d63a7-common-args.resp
    
    builtin-ScanDependencies -o /Users/siam/Library/Developer/Xcode/DerivedData/Lingua_Quest-gvpckrqxtbgyprbgppjfqmimmmfw/Build/Intermediates.noindex/Promises.build/Debug-iphonesimulator/FBLPromises.build/Objects-normal/arm64/FBLPromise+Race.o.scan -- /Applications/Xcode.app/Contents/Developer/Toolchains/XcodeDefault.xctoolchain/usr/bin/clang -x objective-c -ivfsstatcache /Users/siam/Library/Developer/Xcode/DerivedData/SDKStatCaches.noindex/iphonesimulator26.0-23A339-26257891a6c027eb51374368541b8346.sdkstatcache -fmessage-length\=0 -fdiagnostics-show-note-include-stack -fmacro-backtrace-limit\=0 -fno-color-diagnostics -fmodules-prune-interval\=86400 -fmodules-prune-after\=345600 -fbuild-session-file\=/Users/siam/Library/Developer/Xcode/DerivedData/ModuleCache.noindex/Session.modulevalidation -fmodules-validate-once-per-build-session -Wnon-modular-include-in-framework-module -Werror\=non-modular-include-in-framework-module -Wno-trigraphs -Wno-missing-field-initializers -Wno-missing-prototypes -Wno-return-type -Wno-implicit-atomic-properties -Wno-objc-interface-ivars -Wno-arc-repeated-use-of-weak -Wno-missing-braces -Wparentheses -Wswitch -Wno-unused-function -Wno-unused-label -Wno-unused-parameter -Wno-unused-variable -Wunused-value -Wno-empty-body -Wno-uninitialized -Wno-unknown-pragmas -w -Wno-shadow -Wno-four-char-constants -Wno-conversion -Wno-constant-conversion -Wno-int-conversion -Wno-bool-conversion -Wno-enum-conversion -Wno-float-conversion -Wno-non-literal-null-conversion -Wno-objc-literal-conversion -Wshorten-64-to-32 -Wpointer-sign -Wno-newline-eof -Wno-selector -Wno-strict-selector-match -Wno-undeclared-selector -Wno-deprecated-implementations -Wno-implicit-fallthrough -fstrict-aliasing -Wprotocol -Wdeprecated-declarations -Wno-sign-conversion -Wno-infinite-recursion -Wno-comma -Wno-block-capture-autoreleasing -Wno-strict-prototypes -Wno-semicolon-before-method-body -index-store-path /Users/siam/Library/Developer/Xcode/DerivedData/Lingua_Quest-gvpckrqxtbgyprbgppjfqmimmmfw/Index.noindex/DataStore @/Users/siam/Library/Developer/Xcode/DerivedData/Lingua_Quest-gvpckrqxtbgyprbgppjfqmimmmfw/Build/Intermediates.noindex/Promises.build/Debug-iphonesimulator/FBLPromises.build/Objects-normal/arm64/e6072d4f65d7061329687fe24e3d63a7-common-args.resp -include /Users/siam/Library/Developer/Xcode/DerivedData/Lingua_Quest-gvpckrqxtbgyprbgppjfqmimmmfw/Build/Intermediates.noindex/Promises.build/Debug-iphonesimulator/FBLPromises.build/DerivedSources/resource_bundle_accessor.h -MMD -MT dependencies -MF /Users/siam/Library/Developer/Xcode/DerivedData/Lingua_Quest-gvpckrqxtbgyprbgppjfqmimmmfw/Build/Intermediates.noindex/Promises.build/Debug-iphonesimulator/FBLPromises.build/Objects-normal/arm64/FBLPromise+Race.d --serialize-diagnostics /Users/siam/Library/Developer/Xcode/DerivedData/Lingua_Quest-gvpckrqxtbgyprbgppjfqmimmmfw/Build/Intermediates.noindex/Promises.build/Debug-iphonesimulator/FBLPromises.build/Objects-normal/arm64/FBLPromise+Race.dia -c /Users/siam/Library/Developer/Xcode/DerivedData/Lingua_Quest-gvpckrqxtbgyprbgppjfqmimmmfw/SourcePackages/checkouts/promises/Sources/FBLPromises/FBLPromise+Race.m -o /Users/siam/Library/Developer/Xcode/DerivedData/Lingua_Quest-gvpckrqxtbgyprbgppjfqmimmmfw/Build/Intermediates.noindex/Promises.build/Debug-iphonesimulator/FBLPromises.build/Objects-normal/arm64/FBLPromise+Race.o -index-unit-output-path /Promises.build/Debug-iphonesimulator/FBLPromises.build/Objects-normal/arm64/FBLPromise+Race.o

PrecompileModule /Users/siam/Library/Developer/Xcode/DerivedData/Lingua_Quest-gvpckrqxtbgyprbgppjfqmimmmfw/Build/Intermediates.noindex/ExplicitPrecompiledModules/_Builtin_inttypes-B2Z892YP8XC0YV4MXQAXUY0A.scan
    cd /
    builtin-precompileModule /Users/siam/Library/Developer/Xcode/DerivedData/Lingua_Quest-gvpckrqxtbgyprbgppjfqmimmmfw/Build/Intermediates.noindex/ExplicitPrecompiledModules/_Builtin_inttypes-B2Z892YP8XC0YV4MXQAXUY0A.scan

ScanDependencies /Users/siam/Library/Developer/Xcode/DerivedData/Lingua_Quest-gvpckrqxtbgyprbgppjfqmimmmfw/Build/Intermediates.noindex/Promises.build/Debug-iphonesimulator/FBLPromises.build/Objects-normal/arm64/FBLPromise+Do.o /Users/siam/Library/Developer/Xcode/DerivedData/Lingua_Quest-gvpckrqxtbgyprbgppjfqmimmmfw/SourcePackages/checkouts/promises/Sources/FBLPromises/FBLPromise+Do.m normal arm64 objective-c com.apple.compilers.llvm.clang.1_0.compiler (in target 'FBLPromises' from project 'Promises')
    cd /Users/siam/Desktop/Lingua\ Quest/Lingua\ Quest.xcodeproj
    
    Using response file: /Users/siam/Library/Developer/Xcode/DerivedData/Lingua_Quest-gvpckrqxtbgyprbgppjfqmimmmfw/Build/Intermediates.noindex/Promises.build/Debug-iphonesimulator/FBLPromises.build/Objects-normal/arm64/e6072d4f65d7061329687fe24e3d63a7-common-args.resp
    
    builtin-ScanDependencies -o /Users/siam/Library/Developer/Xcode/DerivedData/Lingua_Quest-gvpckrqxtbgyprbgppjfqmimmmfw/Build/Intermediates.noindex/Promises.build/Debug-iphonesimulator/FBLPromises.build/Objects-normal/arm64/FBLPromise+Do.o.scan -- /Applications/Xcode.app/Contents/Developer/Toolchains/XcodeDefault.xctoolchain/usr/bin/clang -x objective-c -ivfsstatcache /Users/siam/Library/Developer/Xcode/DerivedData/SDKStatCaches.noindex/iphonesimulator26.0-23A339-26257891a6c027eb51374368541b8346.sdkstatcache -fmessage-length\=0 -fdiagnostics-show-note-include-stack -fmacro-backtrace-limit\=0 -fno-color-diagnostics -fmodules-prune-interval\=86400 -fmodules-prune-after\=345600 -fbuild-session-file\=/Users/siam/Library/Developer/Xcode/DerivedData/ModuleCache.noindex/Session.modulevalidation -fmodules-validate-once-per-build-session -Wnon-modular-include-in-framework-module -Werror\=non-modular-include-in-framework-module -Wno-trigraphs -Wno-missing-field-initializers -Wno-missing-prototypes -Wno-return-type -Wno-implicit-atomic-properties -Wno-objc-interface-ivars -Wno-arc-repeated-use-of-weak -Wno-missing-braces -Wparentheses -Wswitch -Wno-unused-function -Wno-unused-label -Wno-unused-parameter -Wno-unused-variable -Wunused-value -Wno-empty-body -Wno-uninitialized -Wno-unknown-pragmas -w -Wno-shadow -Wno-four-char-constants -Wno-conversion -Wno-constant-conversion -Wno-int-conversion -Wno-bool-conversion -Wno-enum-conversion -Wno-float-conversion -Wno-non-literal-null-conversion -Wno-objc-literal-conversion -Wshorten-64-to-32 -Wpointer-sign -Wno-newline-eof -Wno-selector -Wno-strict-selector-match -Wno-undeclared-selector -Wno-deprecated-implementations -Wno-implicit-fallthrough -fstrict-aliasing -Wprotocol -Wdeprecated-declarations -Wno-sign-conversion -Wno-infinite-recursion -Wno-comma -Wno-block-capture-autoreleasing -Wno-strict-prototypes -Wno-semicolon-before-method-body -index-store-path /Users/siam/Library/Developer/Xcode/DerivedData/Lingua_Quest-gvpckrqxtbgyprbgppjfqmimmmfw/Index.noindex/DataStore @/Users/siam/Library/Developer/Xcode/DerivedData/Lingua_Quest-gvpckrqxtbgyprbgppjfqmimmmfw/Build/Intermediates.noindex/Promises.build/Debug-iphonesimulator/FBLPromises.build/Objects-normal/arm64/e6072d4f65d7061329687fe24e3d63a7-common-args.resp -include /Users/siam/Library/Developer/Xcode/DerivedData/Lingua_Quest-gvpckrqxtbgyprbgppjfqmimmmfw/Build/Intermediates.noindex/Promises.build/Debug-iphonesimulator/FBLPromises.build/DerivedSources/resource_bundle_accessor.h -MMD -MT dependencies -MF /Users/siam/Library/Developer/Xcode/DerivedData/Lingua_Quest-gvpckrqxtbgyprbgppjfqmimmmfw/Build/Intermediates.noindex/Promises.build/Debug-iphonesimulator/FBLPromises.build/Objects-normal/arm64/FBLPromise+Do.d --serialize-diagnostics /Users/siam/Library/Developer/Xcode/DerivedData/Lingua_Quest-gvpckrqxtbgyprbgppjfqmimmmfw/Build/Intermediates.noindex/Promises.build/Debug-iphonesimulator/FBLPromises.build/Objects-normal/arm64/FBLPromise+Do.dia -c /Users/siam/Library/Developer/Xcode/DerivedData/Lingua_Quest-gvpckrqxtbgyprbgppjfqmimmmfw/SourcePackages/checkouts/promises/Sources/FBLPromises/FBLPromise+Do.m -o /Users/siam/Library/Developer/Xcode/DerivedData/Lingua_Quest-gvpckrqxtbgyprbgppjfqmimmmfw/Build/Intermediates.noindex/Promises.build/Debug-iphonesimulator/FBLPromises.build/Objects-normal/arm64/FBLPromise+Do.o -index-unit-output-path /Promises.build/Debug-iphonesimulator/FBLPromises.build/Objects-normal/arm64/FBLPromise+Do.o

CompileC /Users/siam/Library/Developer/Xcode/DerivedData/Lingua_Quest-gvpckrqxtbgyprbgppjfqmimmmfw/Build/Intermediates.noindex/Promises.build/Debug-iphonesimulator/FBLPromises.build/Objects-normal/arm64/FBLPromise+Recover.o /Users/siam/Library/Developer/Xcode/DerivedData/Lingua_Quest-gvpckrqxtbgyprbgppjfqmimmmfw/SourcePackages/checkouts/promises/Sources/FBLPromises/FBLPromise+Recover.m normal arm64 objective-c com.apple.compilers.llvm.clang.1_0.compiler (in target 'FBLPromises' from project 'Promises')
    cd /Users/siam/Desktop/Lingua\ Quest/Lingua\ Quest.xcodeproj
    
    Using response file: /Users/siam/Library/Developer/Xcode/DerivedData/Lingua_Quest-gvpckrqxtbgyprbgppjfqmimmmfw/Build/Intermediates.noindex/Promises.build/Debug-iphonesimulator/FBLPromises.build/Objects-normal/arm64/e6072d4f65d7061329687fe24e3d63a7-common-args.resp
    
    /Applications/Xcode.app/Contents/Developer/Toolchains/XcodeDefault.xctoolchain/usr/bin/clang -x objective-c -ivfsstatcache /Users/siam/Library/Developer/Xcode/DerivedData/SDKStatCaches.noindex/iphonesimulator26.0-23A339-26257891a6c027eb51374368541b8346.sdkstatcache -fmessage-length\=0 -fdiagnostics-show-note-include-stack -fmacro-backtrace-limit\=0 -fno-color-diagnostics -fmodules-prune-interval\=86400 -fmodules-prune-after\=345600 -fbuild-session-file\=/Users/siam/Library/Developer/Xcode/DerivedData/ModuleCache.noindex/Session.modulevalidation -fmodules-validate-once-per-build-session -Wnon-modular-include-in-framework-module -Werror\=non-modular-include-in-framework-module -Wno-trigraphs -Wno-missing-field-initializers -Wno-missing-prototypes -Wno-return-type -Wno-implicit-atomic-properties -Wno-objc-interface-ivars -Wno-arc-repeated-use-of-weak -Wno-missing-braces -Wparentheses -Wswitch -Wno-unused-function -Wno-unused-label -Wno-unused-parameter -Wno-unused-variable -Wunused-value -Wno-empty-body -Wno-uninitialized -Wno-unknown-pragmas -w -Wno-shadow -Wno-four-char-constants -Wno-conversion -Wno-constant-conversion -Wno-int-conversion -Wno-bool-conversion -Wno-enum-conversion -Wno-float-conversion -Wno-non-literal-null-conversion -Wno-objc-literal-conversion -Wshorten-64-to-32 -Wpointer-sign -Wno-newline-eof -Wno-selector -Wno-strict-selector-match -Wno-undeclared-selector -Wno-deprecated-implementations -Wno-implicit-fallthrough -fstrict-aliasing -Wprotocol -Wdeprecated-declarations -Wno-sign-conversion -Wno-infinite-recursion -Wno-comma -Wno-block-capture-autoreleasing -Wno-strict-prototypes -Wno-semicolon-before-method-body -index-store-path /Users/siam/Library/Developer/Xcode/DerivedData/Lingua_Quest-gvpckrqxtbgyprbgppjfqmimmmfw/Index.noindex/DataStore @/Users/siam/Library/Developer/Xcode/DerivedData/Lingua_Quest-gvpckrqxtbgyprbgppjfqmimmmfw/Build/Intermediates.noindex/Promises.build/Debug-iphonesimulator/FBLPromises.build/Objects-normal/arm64/e6072d4f65d7061329687fe24e3d63a7-common-args.resp -include /Users/siam/Library/Developer/Xcode/DerivedData/Lingua_Quest-gvpckrqxtbgyprbgppjfqmimmmfw/Build/Intermediates.noindex/Promises.build/Debug-iphonesimulator/FBLPromises.build/DerivedSources/resource_bundle_accessor.h -MMD -MT dependencies -MF /Users/siam/Library/Developer/Xcode/DerivedData/Lingua_Quest-gvpckrqxtbgyprbgppjfqmimmmfw/Build/Intermediates.noindex/Promises.build/Debug-iphonesimulator/FBLPromises.build/Objects-normal/arm64/FBLPromise+Recover.d --serialize-diagnostics /Users/siam/Library/Developer/Xcode/DerivedData/Lingua_Quest-gvpckrqxtbgyprbgppjfqmimmmfw/Build/Intermediates.noindex/Promises.build/Debug-iphonesimulator/FBLPromises.build/Objects-normal/arm64/FBLPromise+Recover.dia -c /Users/siam/Library/Developer/Xcode/DerivedData/Lingua_Quest-gvpckrqxtbgyprbgppjfqmimmmfw/SourcePackages/checkouts/promises/Sources/FBLPromises/FBLPromise+Recover.m -o /Users/siam/Library/Developer/Xcode/DerivedData/Lingua_Quest-gvpckrqxtbgyprbgppjfqmimmmfw/Build/Intermediates.noindex/Promises.build/Debug-iphonesimulator/FBLPromises.build/Objects-normal/arm64/FBLPromise+Recover.o -index-unit-output-path /Promises.build/Debug-iphonesimulator/FBLPromises.build/Objects-normal/arm64/FBLPromise+Recover.o

CompileC /Users/siam/Library/Developer/Xcode/DerivedData/Lingua_Quest-gvpckrqxtbgyprbgppjfqmimmmfw/Build/Intermediates.noindex/Promises.build/Debug-iphonesimulator/FBLPromises.build/Objects-normal/arm64/FBLPromise+Race.o /Users/siam/Library/Developer/Xcode/DerivedData/Lingua_Quest-gvpckrqxtbgyprbgppjfqmimmmfw/SourcePackages/checkouts/promises/Sources/FBLPromises/FBLPromise+Race.m normal arm64 objective-c com.apple.compilers.llvm.clang.1_0.compiler (in target 'FBLPromises' from project 'Promises')
    cd /Users/siam/Desktop/Lingua\ Quest/Lingua\ Quest.xcodeproj
    
    Using response file: /Users/siam/Library/Developer/Xcode/DerivedData/Lingua_Quest-gvpckrqxtbgyprbgppjfqmimmmfw/Build/Intermediates.noindex/Promises.build/Debug-iphonesimulator/FBLPromises.build/Objects-normal/arm64/e6072d4f65d7061329687fe24e3d63a7-common-args.resp
    
    /Applications/Xcode.app/Contents/Developer/Toolchains/XcodeDefault.xctoolchain/usr/bin/clang -x objective-c -ivfsstatcache /Users/siam/Library/Developer/Xcode/DerivedData/SDKStatCaches.noindex/iphonesimulator26.0-23A339-26257891a6c027eb51374368541b8346.sdkstatcache -fmessage-length\=0 -fdiagnostics-show-note-include-stack -fmacro-backtrace-limit\=0 -fno-color-diagnostics -fmodules-prune-interval\=86400 -fmodules-prune-after\=345600 -fbuild-session-file\=/Users/siam/Library/Developer/Xcode/DerivedData/ModuleCache.noindex/Session.modulevalidation -fmodules-validate-once-per-build-session -Wnon-modular-include-in-framework-module -Werror\=non-modular-include-in-framework-module -Wno-trigraphs -Wno-missing-field-initializers -Wno-missing-prototypes -Wno-return-type -Wno-implicit-atomic-properties -Wno-objc-interface-ivars -Wno-arc-repeated-use-of-weak -Wno-missing-braces -Wparentheses -Wswitch -Wno-unused-function -Wno-unused-label -Wno-unused-parameter -Wno-unused-variable -Wunused-value -Wno-empty-body -Wno-uninitialized -Wno-unknown-pragmas -w -Wno-shadow -Wno-four-char-constants -Wno-conversion -Wno-constant-conversion -Wno-int-conversion -Wno-bool-conversion -Wno-enum-conversion -Wno-float-conversion -Wno-non-literal-null-conversion -Wno-objc-literal-conversion -Wshorten-64-to-32 -Wpointer-sign -Wno-newline-eof -Wno-selector -Wno-strict-selector-match -Wno-undeclared-selector -Wno-deprecated-implementations -Wno-implicit-fallthrough -fstrict-aliasing -Wprotocol -Wdeprecated-declarations -Wno-sign-conversion -Wno-infinite-recursion -Wno-comma -Wno-block-capture-autoreleasing -Wno-strict-prototypes -Wno-semicolon-before-method-body -index-store-path /Users/siam/Library/Developer/Xcode/DerivedData/Lingua_Quest-gvpckrqxtbgyprbgppjfqmimmmfw/Index.noindex/DataStore @/Users/siam/Library/Developer/Xcode/DerivedData/Lingua_Quest-gvpckrqxtbgyprbgppjfqmimmmfw/Build/Intermediates.noindex/Promises.build/Debug-iphonesimulator/FBLPromises.build/Objects-normal/arm64/e6072d4f65d7061329687fe24e3d63a7-common-args.resp -include /Users/siam/Library/Developer/Xcode/DerivedData/Lingua_Quest-gvpckrqxtbgyprbgppjfqmimmmfw/Build/Intermediates.noindex/Promises.build/Debug-iphonesimulator/FBLPromises.build/DerivedSources/resource_bundle_accessor.h -MMD -MT dependencies -MF /Users/siam/Library/Developer/Xcode/DerivedData/Lingua_Quest-gvpckrqxtbgyprbgppjfqmimmmfw/Build/Intermediates.noindex/Promises.build/Debug-iphonesimulator/FBLPromises.build/Objects-normal/arm64/FBLPromise+Race.d --serialize-diagnostics /Users/siam/Library/Developer/Xcode/DerivedData/Lingua_Quest-gvpckrqxtbgyprbgppjfqmimmmfw/Build/Intermediates.noindex/Promises.build/Debug-iphonesimulator/FBLPromises.build/Objects-normal/arm64/FBLPromise+Race.dia -c /Users/siam/Library/Developer/Xcode/DerivedData/Lingua_Quest-gvpckrqxtbgyprbgppjfqmimmmfw/SourcePackages/checkouts/promises/Sources/FBLPromises/FBLPromise+Race.m -o /Users/siam/Library/Developer/Xcode/DerivedData/Lingua_Quest-gvpckrqxtbgyprbgppjfqmimmmfw/Build/Intermediates.noindex/Promises.build/Debug-iphonesimulator/FBLPromises.build/Objects-normal/arm64/FBLPromise+Race.o -index-unit-output-path /Promises.build/Debug-iphonesimulator/FBLPromises.build/Objects-normal/arm64/FBLPromise+Race.o

ScanDependencies /Users/siam/Library/Developer/Xcode/DerivedData/Lingua_Quest-gvpckrqxtbgyprbgppjfqmimmmfw/Build/Intermediates.noindex/Promises.build/Debug-iphonesimulator/FBLPromises.build/Objects-normal/arm64/FBLPromise+Delay.o /Users/siam/Library/Developer/Xcode/DerivedData/Lingua_Quest-gvpckrqxtbgyprbgppjfqmimmmfw/SourcePackages/checkouts/promises/Sources/FBLPromises/FBLPromise+Delay.m normal arm64 objective-c com.apple.compilers.llvm.clang.1_0.compiler (in target 'FBLPromises' from project 'Promises')
    cd /Users/siam/Desktop/Lingua\ Quest/Lingua\ Quest.xcodeproj
    
    Using response file: /Users/siam/Library/Developer/Xcode/DerivedData/Lingua_Quest-gvpckrqxtbgyprbgppjfqmimmmfw/Build/Intermediates.noindex/Promises.build/Debug-iphonesimulator/FBLPromises.build/Objects-normal/arm64/e6072d4f65d7061329687fe24e3d63a7-common-args.resp
    
    builtin-ScanDependencies -o /Users/siam/Library/Developer/Xcode/DerivedData/Lingua_Quest-gvpckrqxtbgyprbgppjfqmimmmfw/Build/Intermediates.noindex/Promises.build/Debug-iphonesimulator/FBLPromises.build/Objects-normal/arm64/FBLPromise+Delay.o.scan -- /Applications/Xcode.app/Contents/Developer/Toolchains/XcodeDefault.xctoolchain/usr/bin/clang -x objective-c -ivfsstatcache /Users/siam/Library/Developer/Xcode/DerivedData/SDKStatCaches.noindex/iphonesimulator26.0-23A339-26257891a6c027eb51374368541b8346.sdkstatcache -fmessage-length\=0 -fdiagnostics-show-note-include-stack -fmacro-backtrace-limit\=0 -fno-color-diagnostics -fmodules-prune-interval\=86400 -fmodules-prune-after\=345600 -fbuild-session-file\=/Users/siam/Library/Developer/Xcode/DerivedData/ModuleCache.noindex/Session.modulevalidation -fmodules-validate-once-per-build-session -Wnon-modular-include-in-framework-module -Werror\=non-modular-include-in-framework-module -Wno-trigraphs -Wno-missing-field-initializers -Wno-missing-prototypes -Wno-return-type -Wno-implicit-atomic-properties -Wno-objc-interface-ivars -Wno-arc-repeated-use-of-weak -Wno-missing-braces -Wparentheses -Wswitch -Wno-unused-function -Wno-unused-label -Wno-unused-parameter -Wno-unused-variable -Wunused-value -Wno-empty-body -Wno-uninitialized -Wno-unknown-pragmas -w -Wno-shadow -Wno-four-char-constants -Wno-conversion -Wno-constant-conversion -Wno-int-conversion -Wno-bool-conversion -Wno-enum-conversion -Wno-float-conversion -Wno-non-literal-null-conversion -Wno-objc-literal-conversion -Wshorten-64-to-32 -Wpointer-sign -Wno-newline-eof -Wno-selector -Wno-strict-selector-match -Wno-undeclared-selector -Wno-deprecated-implementations -Wno-implicit-fallthrough -fstrict-aliasing -Wprotocol -Wdeprecated-declarations -Wno-sign-conversion -Wno-infinite-recursion -Wno-comma -Wno-block-capture-autoreleasing -Wno-strict-prototypes -Wno-semicolon-before-method-body -index-store-path /Users/siam/Library/Developer/Xcode/DerivedData/Lingua_Quest-gvpckrqxtbgyprbgppjfqmimmmfw/Index.noindex/DataStore @/Users/siam/Library/Developer/Xcode/DerivedData/Lingua_Quest-gvpckrqxtbgyprbgppjfqmimmmfw/Build/Intermediates.noindex/Promises.build/Debug-iphonesimulator/FBLPromises.build/Objects-normal/arm64/e6072d4f65d7061329687fe24e3d63a7-common-args.resp -include /Users/siam/Library/Developer/Xcode/DerivedData/Lingua_Quest-gvpckrqxtbgyprbgppjfqmimmmfw/Build/Intermediates.noindex/Promises.build/Debug-iphonesimulator/FBLPromises.build/DerivedSources/resource_bundle_accessor.h -MMD -MT dependencies -MF /Users/siam/Library/Developer/Xcode/DerivedData/Lingua_Quest-gvpckrqxtbgyprbgppjfqmimmmfw/Build/Intermediates.noindex/Promises.build/Debug-iphonesimulator/FBLPromises.build/Objects-normal/arm64/FBLPromise+Delay.d --serialize-diagnostics /Users/siam/Library/Developer/Xcode/DerivedData/Lingua_Quest-gvpckrqxtbgyprbgppjfqmimmmfw/Build/Intermediates.noindex/Promises.build/Debug-iphonesimulator/FBLPromises.build/Objects-normal/arm64/FBLPromise+Delay.dia -c /Users/siam/Library/Developer/Xcode/DerivedData/Lingua_Quest-gvpckrqxtbgyprbgppjfqmimmmfw/SourcePackages/checkouts/promises/Sources/FBLPromises/FBLPromise+Delay.m -o /Users/siam/Library/Developer/Xcode/DerivedData/Lingua_Quest-gvpckrqxtbgyprbgppjfqmimmmfw/Build/Intermediates.noindex/Promises.build/Debug-iphonesimulator/FBLPromises.build/Objects-normal/arm64/FBLPromise+Delay.o -index-unit-output-path /Promises.build/Debug-iphonesimulator/FBLPromises.build/Objects-normal/arm64/FBLPromise+Delay.o

PrecompileModule /Users/siam/Library/Developer/Xcode/DerivedData/Lingua_Quest-gvpckrqxtbgyprbgppjfqmimmmfw/Build/Intermediates.noindex/ExplicitPrecompiledModules/Darwin-3DMY1KR3LNOJJ52QB5ZMZFDHX.scan
    cd /
    builtin-precompileModule /Users/siam/Library/Developer/Xcode/DerivedData/Lingua_Quest-gvpckrqxtbgyprbgppjfqmimmmfw/Build/Intermediates.noindex/ExplicitPrecompiledModules/Darwin-3DMY1KR3LNOJJ52QB5ZMZFDHX.scan

CompileC /Users/siam/Library/Developer/Xcode/DerivedData/Lingua_Quest-gvpckrqxtbgyprbgppjfqmimmmfw/Build/Intermediates.noindex/Promises.build/Debug-iphonesimulator/FBLPromises.build/Objects-normal/arm64/FBLPromise+Do.o /Users/siam/Library/Developer/Xcode/DerivedData/Lingua_Quest-gvpckrqxtbgyprbgppjfqmimmmfw/SourcePackages/checkouts/promises/Sources/FBLPromises/FBLPromise+Do.m normal arm64 objective-c com.apple.compilers.llvm.clang.1_0.compiler (in target 'FBLPromises' from project 'Promises')
    cd /Users/siam/Desktop/Lingua\ Quest/Lingua\ Quest.xcodeproj
    
    Using response file: /Users/siam/Library/Developer/Xcode/DerivedData/Lingua_Quest-gvpckrqxtbgyprbgppjfqmimmmfw/Build/Intermediates.noindex/Promises.build/Debug-iphonesimulator/FBLPromises.build/Objects-normal/arm64/e6072d4f65d7061329687fe24e3d63a7-common-args.resp
    
    /Applications/Xcode.app/Contents/Developer/Toolchains/XcodeDefault.xctoolchain/usr/bin/clang -x objective-c -ivfsstatcache /Users/siam/Library/Developer/Xcode/DerivedData/SDKStatCaches.noindex/iphonesimulator26.0-23A339-26257891a6c027eb51374368541b8346.sdkstatcache -fmessage-length\=0 -fdiagnostics-show-note-include-stack -fmacro-backtrace-limit\=0 -fno-color-diagnostics -fmodules-prune-interval\=86400 -fmodules-prune-after\=345600 -fbuild-session-file\=/Users/siam/Library/Developer/Xcode/DerivedData/ModuleCache.noindex/Session.modulevalidation -fmodules-validate-once-per-build-session -Wnon-modular-include-in-framework-module -Werror\=non-modular-include-in-framework-module -Wno-trigraphs -Wno-missing-field-initializers -Wno-missing-prototypes -Wno-return-type -Wno-implicit-atomic-properties -Wno-objc-interface-ivars -Wno-arc-repeated-use-of-weak -Wno-missing-braces -Wparentheses -Wswitch -Wno-unused-function -Wno-unused-label -Wno-unused-parameter -Wno-unused-variable -Wunused-value -Wno-empty-body -Wno-uninitialized -Wno-unknown-pragmas -w -Wno-shadow -Wno-four-char-constants -Wno-conversion -Wno-constant-conversion -Wno-int-conversion -Wno-bool-conversion -Wno-enum-conversion -Wno-float-conversion -Wno-non-literal-null-conversion -Wno-objc-literal-conversion -Wshorten-64-to-32 -Wpointer-sign -Wno-newline-eof -Wno-selector -Wno-strict-selector-match -Wno-undeclared-selector -Wno-deprecated-implementations -Wno-implicit-fallthrough -fstrict-aliasing -Wprotocol -Wdeprecated-declarations -Wno-sign-conversion -Wno-infinite-recursion -Wno-comma -Wno-block-capture-autoreleasing -Wno-strict-prototypes -Wno-semicolon-before-method-body -index-store-path /Users/siam/Library/Developer/Xcode/DerivedData/Lingua_Quest-gvpckrqxtbgyprbgppjfqmimmmfw/Index.noindex/DataStore @/Users/siam/Library/Developer/Xcode/DerivedData/Lingua_Quest-gvpckrqxtbgyprbgppjfqmimmmfw/Build/Intermediates.noindex/Promises.build/Debug-iphonesimulator/FBLPromises.build/Objects-normal/arm64/e6072d4f65d7061329687fe24e3d63a7-common-args.resp -include /Users/siam/Library/Developer/Xcode/DerivedData/Lingua_Quest-gvpckrqxtbgyprbgppjfqmimmmfw/Build/Intermediates.noindex/Promises.build/Debug-iphonesimulator/FBLPromises.build/DerivedSources/resource_bundle_accessor.h -MMD -MT dependencies -MF /Users/siam/Library/Developer/Xcode/DerivedData/Lingua_Quest-gvpckrqxtbgyprbgppjfqmimmmfw/Build/Intermediates.noindex/Promises.build/Debug-iphonesimulator/FBLPromises.build/Objects-normal/arm64/FBLPromise+Do.d --serialize-diagnostics /Users/siam/Library/Developer/Xcode/DerivedData/Lingua_Quest-gvpckrqxtbgyprbgppjfqmimmmfw/Build/Intermediates.noindex/Promises.build/Debug-iphonesimulator/FBLPromises.build/Objects-normal/arm64/FBLPromise+Do.dia -c /Users/siam/Library/Developer/Xcode/DerivedData/Lingua_Quest-gvpckrqxtbgyprbgppjfqmimmmfw/SourcePackages/checkouts/promises/Sources/FBLPromises/FBLPromise+Do.m -o /Users/siam/Library/Developer/Xcode/DerivedData/Lingua_Quest-gvpckrqxtbgyprbgppjfqmimmmfw/Build/Intermediates.noindex/Promises.build/Debug-iphonesimulator/FBLPromises.build/Objects-normal/arm64/FBLPromise+Do.o -index-unit-output-path /Promises.build/Debug-iphonesimulator/FBLPromises.build/Objects-normal/arm64/FBLPromise+Do.o

ScanDependencies /Users/siam/Library/Developer/Xcode/DerivedData/Lingua_Quest-gvpckrqxtbgyprbgppjfqmimmmfw/Build/Intermediates.noindex/Promises.build/Debug-iphonesimulator/FBLPromises.build/Objects-normal/arm64/FBLPromise+Catch.o /Users/siam/Library/Developer/Xcode/DerivedData/Lingua_Quest-gvpckrqxtbgyprbgppjfqmimmmfw/SourcePackages/checkouts/promises/Sources/FBLPromises/FBLPromise+Catch.m normal arm64 objective-c com.apple.compilers.llvm.clang.1_0.compiler (in target 'FBLPromises' from project 'Promises')
    cd /Users/siam/Desktop/Lingua\ Quest/Lingua\ Quest.xcodeproj
    
    Using response file: /Users/siam/Library/Developer/Xcode/DerivedData/Lingua_Quest-gvpckrqxtbgyprbgppjfqmimmmfw/Build/Intermediates.noindex/Promises.build/Debug-iphonesimulator/FBLPromises.build/Objects-normal/arm64/e6072d4f65d7061329687fe24e3d63a7-common-args.resp
    
    builtin-ScanDependencies -o /Users/siam/Library/Developer/Xcode/DerivedData/Lingua_Quest-gvpckrqxtbgyprbgppjfqmimmmfw/Build/Intermediates.noindex/Promises.build/Debug-iphonesimulator/FBLPromises.build/Objects-normal/arm64/FBLPromise+Catch.o.scan -- /Applications/Xcode.app/Contents/Developer/Toolchains/XcodeDefault.xctoolchain/usr/bin/clang -x objective-c -ivfsstatcache /Users/siam/Library/Developer/Xcode/DerivedData/SDKStatCaches.noindex/iphonesimulator26.0-23A339-26257891a6c027eb51374368541b8346.sdkstatcache -fmessage-length\=0 -fdiagnostics-show-note-include-stack -fmacro-backtrace-limit\=0 -fno-color-diagnostics -fmodules-prune-interval\=86400 -fmodules-prune-after\=345600 -fbuild-session-file\=/Users/siam/Library/Developer/Xcode/DerivedData/ModuleCache.noindex/Session.modulevalidation -fmodules-validate-once-per-build-session -Wnon-modular-include-in-framework-module -Werror\=non-modular-include-in-framework-module -Wno-trigraphs -Wno-missing-field-initializers -Wno-missing-prototypes -Wno-return-type -Wno-implicit-atomic-properties -Wno-objc-interface-ivars -Wno-arc-repeated-use-of-weak -Wno-missing-braces -Wparentheses -Wswitch -Wno-unused-function -Wno-unused-label -Wno-unused-parameter -Wno-unused-variable -Wunused-value -Wno-empty-body -Wno-uninitialized -Wno-unknown-pragmas -w -Wno-shadow -Wno-four-char-constants -Wno-conversion -Wno-constant-conversion -Wno-int-conversion -Wno-bool-conversion -Wno-enum-conversion -Wno-float-conversion -Wno-non-literal-null-conversion -Wno-objc-literal-conversion -Wshorten-64-to-32 -Wpointer-sign -Wno-newline-eof -Wno-selector -Wno-strict-selector-match -Wno-undeclared-selector -Wno-deprecated-implementations -Wno-implicit-fallthrough -fstrict-aliasing -Wprotocol -Wdeprecated-declarations -Wno-sign-conversion -Wno-infinite-recursion -Wno-comma -Wno-block-capture-autoreleasing -Wno-strict-prototypes -Wno-semicolon-before-method-body -index-store-path /Users/siam/Library/Developer/Xcode/DerivedData/Lingua_Quest-gvpckrqxtbgyprbgppjfqmimmmfw/Index.noindex/DataStore @/Users/siam/Library/Developer/Xcode/DerivedData/Lingua_Quest-gvpckrqxtbgyprbgppjfqmimmmfw/Build/Intermediates.noindex/Promises.build/Debug-iphonesimulator/FBLPromises.build/Objects-normal/arm64/e6072d4f65d7061329687fe24e3d63a7-common-args.resp -include /Users/siam/Library/Developer/Xcode/DerivedData/Lingua_Quest-gvpckrqxtbgyprbgppjfqmimmmfw/Build/Intermediates.noindex/Promises.build/Debug-iphonesimulator/FBLPromises.build/DerivedSources/resource_bundle_accessor.h -MMD -MT dependencies -MF /Users/siam/Library/Developer/Xcode/DerivedData/Lingua_Quest-gvpckrqxtbgyprbgppjfqmimmmfw/Build/Intermediates.noindex/Promises.build/Debug-iphonesimulator/FBLPromises.build/Objects-normal/arm64/FBLPromise+Catch.d --serialize-diagnostics /Users/siam/Library/Developer/Xcode/DerivedData/Lingua_Quest-gvpckrqxtbgyprbgppjfqmimmmfw/Build/Intermediates.noindex/Promises.build/Debug-iphonesimulator/FBLPromises.build/Objects-normal/arm64/FBLPromise+Catch.dia -c /Users/siam/Library/Developer/Xcode/DerivedData/Lingua_Quest-gvpckrqxtbgyprbgppjfqmimmmfw/SourcePackages/checkouts/promises/Sources/FBLPromises/FBLPromise+Catch.m -o /Users/siam/Library/Developer/Xcode/DerivedData/Lingua_Quest-gvpckrqxtbgyprbgppjfqmimmmfw/Build/Intermediates.noindex/Promises.build/Debug-iphonesimulator/FBLPromises.build/Objects-normal/arm64/FBLPromise+Catch.o -index-unit-output-path /Promises.build/Debug-iphonesimulator/FBLPromises.build/Objects-normal/arm64/FBLPromise+Catch.o

ScanDependencies /Users/siam/Library/Developer/Xcode/DerivedData/Lingua_Quest-gvpckrqxtbgyprbgppjfqmimmmfw/Build/Intermediates.noindex/Promises.build/Debug-iphonesimulator/FBLPromises.build/Objects-normal/arm64/FBLPromise+Await.o /Users/siam/Library/Developer/Xcode/DerivedData/Lingua_Quest-gvpckrqxtbgyprbgppjfqmimmmfw/SourcePackages/checkouts/promises/Sources/FBLPromises/FBLPromise+Await.m normal arm64 objective-c com.apple.compilers.llvm.clang.1_0.compiler (in target 'FBLPromises' from project 'Promises')
    cd /Users/siam/Desktop/Lingua\ Quest/Lingua\ Quest.xcodeproj
    
    Using response file: /Users/siam/Library/Developer/Xcode/DerivedData/Lingua_Quest-gvpckrqxtbgyprbgppjfqmimmmfw/Build/Intermediates.noindex/Promises.build/Debug-iphonesimulator/FBLPromises.build/Objects-normal/arm64/e6072d4f65d7061329687fe24e3d63a7-common-args.resp
    
    builtin-ScanDependencies -o /Users/siam/Library/Developer/Xcode/DerivedData/Lingua_Quest-gvpckrqxtbgyprbgppjfqmimmmfw/Build/Intermediates.noindex/Promises.build/Debug-iphonesimulator/FBLPromises.build/Objects-normal/arm64/FBLPromise+Await.o.scan -- /Applications/Xcode.app/Contents/Developer/Toolchains/XcodeDefault.xctoolchain/usr/bin/clang -x objective-c -ivfsstatcache /Users/siam/Library/Developer/Xcode/DerivedData/SDKStatCaches.noindex/iphonesimulator26.0-23A339-26257891a6c027eb51374368541b8346.sdkstatcache -fmessage-length\=0 -fdiagnostics-show-note-include-stack -fmacro-backtrace-limit\=0 -fno-color-diagnostics -fmodules-prune-interval\=86400 -fmodules-prune-after\=345600 -fbuild-session-file\=/Users/siam/Library/Developer/Xcode/DerivedData/ModuleCache.noindex/Session.modulevalidation -fmodules-validate-once-per-build-session -Wnon-modular-include-in-framework-module -Werror\=non-modular-include-in-framework-module -Wno-trigraphs -Wno-missing-field-initializers -Wno-missing-prototypes -Wno-return-type -Wno-implicit-atomic-properties -Wno-objc-interface-ivars -Wno-arc-repeated-use-of-weak -Wno-missing-braces -Wparentheses -Wswitch -Wno-unused-function -Wno-unused-label -Wno-unused-parameter -Wno-unused-variable -Wunused-value -Wno-empty-body -Wno-uninitialized -Wno-unknown-pragmas -w -Wno-shadow -Wno-four-char-constants -Wno-conversion -Wno-constant-conversion -Wno-int-conversion -Wno-bool-conversion -Wno-enum-conversion -Wno-float-conversion -Wno-non-literal-null-conversion -Wno-objc-literal-conversion -Wshorten-64-to-32 -Wpointer-sign -Wno-newline-eof -Wno-selector -Wno-strict-selector-match -Wno-undeclared-selector -Wno-deprecated-implementations -Wno-implicit-fallthrough -fstrict-aliasing -Wprotocol -Wdeprecated-declarations -Wno-sign-conversion -Wno-infinite-recursion -Wno-comma -Wno-block-capture-autoreleasing -Wno-strict-prototypes -Wno-semicolon-before-method-body -index-store-path /Users/siam/Library/Developer/Xcode/DerivedData/Lingua_Quest-gvpckrqxtbgyprbgppjfqmimmmfw/Index.noindex/DataStore @/Users/siam/Library/Developer/Xcode/DerivedData/Lingua_Quest-gvpckrqxtbgyprbgppjfqmimmmfw/Build/Intermediates.noindex/Promises.build/Debug-iphonesimulator/FBLPromises.build/Objects-normal/arm64/e6072d4f65d7061329687fe24e3d63a7-common-args.resp -include /Users/siam/Library/Developer/Xcode/DerivedData/Lingua_Quest-gvpckrqxtbgyprbgppjfqmimmmfw/Build/Intermediates.noindex/Promises.build/Debug-iphonesimulator/FBLPromises.build/DerivedSources/resource_bundle_accessor.h -MMD -MT dependencies -MF /Users/siam/Library/Developer/Xcode/DerivedData/Lingua_Quest-gvpckrqxtbgyprbgppjfqmimmmfw/Build/Intermediates.noindex/Promises.build/Debug-iphonesimulator/FBLPromises.build/Objects-normal/arm64/FBLPromise+Await.d --serialize-diagnostics /Users/siam/Library/Developer/Xcode/DerivedData/Lingua_Quest-gvpckrqxtbgyprbgppjfqmimmmfw/Build/Intermediates.noindex/Promises.build/Debug-iphonesimulator/FBLPromises.build/Objects-normal/arm64/FBLPromise+Await.dia -c /Users/siam/Library/Developer/Xcode/DerivedData/Lingua_Quest-gvpckrqxtbgyprbgppjfqmimmmfw/SourcePackages/checkouts/promises/Sources/FBLPromises/FBLPromise+Await.m -o /Users/siam/Library/Developer/Xcode/DerivedData/Lingua_Quest-gvpckrqxtbgyprbgppjfqmimmmfw/Build/Intermediates.noindex/Promises.build/Debug-iphonesimulator/FBLPromises.build/Objects-normal/arm64/FBLPromise+Await.o -index-unit-output-path /Promises.build/Debug-iphonesimulator/FBLPromises.build/Objects-normal/arm64/FBLPromise+Await.o

ScanDependencies /Users/siam/Library/Developer/Xcode/DerivedData/Lingua_Quest-gvpckrqxtbgyprbgppjfqmimmmfw/Build/Intermediates.noindex/Promises.build/Debug-iphonesimulator/FBLPromises.build/Objects-normal/arm64/FBLPromise+Async.o /Users/siam/Library/Developer/Xcode/DerivedData/Lingua_Quest-gvpckrqxtbgyprbgppjfqmimmmfw/SourcePackages/checkouts/promises/Sources/FBLPromises/FBLPromise+Async.m normal arm64 objective-c com.apple.compilers.llvm.clang.1_0.compiler (in target 'FBLPromises' from project 'Promises')
    cd /Users/siam/Desktop/Lingua\ Quest/Lingua\ Quest.xcodeproj
    
    Using response file: /Users/siam/Library/Developer/Xcode/DerivedData/Lingua_Quest-gvpckrqxtbgyprbgppjfqmimmmfw/Build/Intermediates.noindex/Promises.build/Debug-iphonesimulator/FBLPromises.build/Objects-normal/arm64/e6072d4f65d7061329687fe24e3d63a7-common-args.resp
    
    builtin-ScanDependencies -o /Users/siam/Library/Developer/Xcode/DerivedData/Lingua_Quest-gvpckrqxtbgyprbgppjfqmimmmfw/Build/Intermediates.noindex/Promises.build/Debug-iphonesimulator/FBLPromises.build/Objects-normal/arm64/FBLPromise+Async.o.scan -- /Applications/Xcode.app/Contents/Developer/Toolchains/XcodeDefault.xctoolchain/usr/bin/clang -x objective-c -ivfsstatcache /Users/siam/Library/Developer/Xcode/DerivedData/SDKStatCaches.noindex/iphonesimulator26.0-23A339-26257891a6c027eb51374368541b8346.sdkstatcache -fmessage-length\=0 -fdiagnostics-show-note-include-stack -fmacro-backtrace-limit\=0 -fno-color-diagnostics -fmodules-prune-interval\=86400 -fmodules-prune-after\=345600 -fbuild-session-file\=/Users/siam/Library/Developer/Xcode/DerivedData/ModuleCache.noindex/Session.modulevalidation -fmodules-validate-once-per-build-session -Wnon-modular-include-in-framework-module -Werror\=non-modular-include-in-framework-module -Wno-trigraphs -Wno-missing-field-initializers -Wno-missing-prototypes -Wno-return-type -Wno-implicit-atomic-properties -Wno-objc-interface-ivars -Wno-arc-repeated-use-of-weak -Wno-missing-braces -Wparentheses -Wswitch -Wno-unused-function -Wno-unused-label -Wno-unused-parameter -Wno-unused-variable -Wunused-value -Wno-empty-body -Wno-uninitialized -Wno-unknown-pragmas -w -Wno-shadow -Wno-four-char-constants -Wno-conversion -Wno-constant-conversion -Wno-int-conversion -Wno-bool-conversion -Wno-enum-conversion -Wno-float-conversion -Wno-non-literal-null-conversion -Wno-objc-literal-conversion -Wshorten-64-to-32 -Wpointer-sign -Wno-newline-eof -Wno-selector -Wno-strict-selector-match -Wno-undeclared-selector -Wno-deprecated-implementations -Wno-implicit-fallthrough -fstrict-aliasing -Wprotocol -Wdeprecated-declarations -Wno-sign-conversion -Wno-infinite-recursion -Wno-comma -Wno-block-capture-autoreleasing -Wno-strict-prototypes -Wno-semicolon-before-method-body -index-store-path /Users/siam/Library/Developer/Xcode/DerivedData/Lingua_Quest-gvpckrqxtbgyprbgppjfqmimmmfw/Index.noindex/DataStore @/Users/siam/Library/Developer/Xcode/DerivedData/Lingua_Quest-gvpckrqxtbgyprbgppjfqmimmmfw/Build/Intermediates.noindex/Promises.build/Debug-iphonesimulator/FBLPromises.build/Objects-normal/arm64/e6072d4f65d7061329687fe24e3d63a7-common-args.resp -include /Users/siam/Library/Developer/Xcode/DerivedData/Lingua_Quest-gvpckrqxtbgyprbgppjfqmimmmfw/Build/Intermediates.noindex/Promises.build/Debug-iphonesimulator/FBLPromises.build/DerivedSources/resource_bundle_accessor.h -MMD -MT dependencies -MF /Users/siam/Library/Developer/Xcode/DerivedData/Lingua_Quest-gvpckrqxtbgyprbgppjfqmimmmfw/Build/Intermediates.noindex/Promises.build/Debug-iphonesimulator/FBLPromises.build/Objects-normal/arm64/FBLPromise+Async.d --serialize-diagnostics /Users/siam/Library/Developer/Xcode/DerivedData/Lingua_Quest-gvpckrqxtbgyprbgppjfqmimmmfw/Build/Intermediates.noindex/Promises.build/Debug-iphonesimulator/FBLPromises.build/Objects-normal/arm64/FBLPromise+Async.dia -c /Users/siam/Library/Developer/Xcode/DerivedData/Lingua_Quest-gvpckrqxtbgyprbgppjfqmimmmfw/SourcePackages/checkouts/promises/Sources/FBLPromises/FBLPromise+Async.m -o /Users/siam/Library/Developer/Xcode/DerivedData/Lingua_Quest-gvpckrqxtbgyprbgppjfqmimmmfw/Build/Intermediates.noindex/Promises.build/Debug-iphonesimulator/FBLPromises.build/Objects-normal/arm64/FBLPromise+Async.o -index-unit-output-path /Promises.build/Debug-iphonesimulator/FBLPromises.build/Objects-normal/arm64/FBLPromise+Async.o

PrecompileModule /Users/siam/Library/Developer/Xcode/DerivedData/Lingua_Quest-gvpckrqxtbgyprbgppjfqmimmmfw/Build/Intermediates.noindex/ExplicitPrecompiledModules/CoreVideo-538WE02C50K4B5P0JAPQJXWKD.scan
    cd /
    builtin-precompileModule /Users/siam/Library/Developer/Xcode/DerivedData/Lingua_Quest-gvpckrqxtbgyprbgppjfqmimmmfw/Build/Intermediates.noindex/ExplicitPrecompiledModules/CoreVideo-538WE02C50K4B5P0JAPQJXWKD.scan

ScanDependencies /Users/siam/Library/Developer/Xcode/DerivedData/Lingua_Quest-gvpckrqxtbgyprbgppjfqmimmmfw/Build/Intermediates.noindex/Promises.build/Debug-iphonesimulator/FBLPromises.build/Objects-normal/arm64/FBLPromise+Any.o /Users/siam/Library/Developer/Xcode/DerivedData/Lingua_Quest-gvpckrqxtbgyprbgppjfqmimmmfw/SourcePackages/checkouts/promises/Sources/FBLPromises/FBLPromise+Any.m normal arm64 objective-c com.apple.compilers.llvm.clang.1_0.compiler (in target 'FBLPromises' from project 'Promises')
    cd /Users/siam/Desktop/Lingua\ Quest/Lingua\ Quest.xcodeproj
    
    Using response file: /Users/siam/Library/Developer/Xcode/DerivedData/Lingua_Quest-gvpckrqxtbgyprbgppjfqmimmmfw/Build/Intermediates.noindex/Promises.build/Debug-iphonesimulator/FBLPromises.build/Objects-normal/arm64/e6072d4f65d7061329687fe24e3d63a7-common-args.resp
    
    builtin-ScanDependencies -o /Users/siam/Library/Developer/Xcode/DerivedData/Lingua_Quest-gvpckrqxtbgyprbgppjfqmimmmfw/Build/Intermediates.noindex/Promises.build/Debug-iphonesimulator/FBLPromises.build/Objects-normal/arm64/FBLPromise+Any.o.scan -- /Applications/Xcode.app/Contents/Developer/Toolchains/XcodeDefault.xctoolchain/usr/bin/clang -x objective-c -ivfsstatcache /Users/siam/Library/Developer/Xcode/DerivedData/SDKStatCaches.noindex/iphonesimulator26.0-23A339-26257891a6c027eb51374368541b8346.sdkstatcache -fmessage-length\=0 -fdiagnostics-show-note-include-stack -fmacro-backtrace-limit\=0 -fno-color-diagnostics -fmodules-prune-interval\=86400 -fmodules-prune-after\=345600 -fbuild-session-file\=/Users/siam/Library/Developer/Xcode/DerivedData/ModuleCache.noindex/Session.modulevalidation -fmodules-validate-once-per-build-session -Wnon-modular-include-in-framework-module -Werror\=non-modular-include-in-framework-module -Wno-trigraphs -Wno-missing-field-initializers -Wno-missing-prototypes -Wno-return-type -Wno-implicit-atomic-properties -Wno-objc-interface-ivars -Wno-arc-repeated-use-of-weak -Wno-missing-braces -Wparentheses -Wswitch -Wno-unused-function -Wno-unused-label -Wno-unused-parameter -Wno-unused-variable -Wunused-value -Wno-empty-body -Wno-uninitialized -Wno-unknown-pragmas -w -Wno-shadow -Wno-four-char-constants -Wno-conversion -Wno-constant-conversion -Wno-int-conversion -Wno-bool-conversion -Wno-enum-conversion -Wno-float-conversion -Wno-non-literal-null-conversion -Wno-objc-literal-conversion -Wshorten-64-to-32 -Wpointer-sign -Wno-newline-eof -Wno-selector -Wno-strict-selector-match -Wno-undeclared-selector -Wno-deprecated-implementations -Wno-implicit-fallthrough -fstrict-aliasing -Wprotocol -Wdeprecated-declarations -Wno-sign-conversion -Wno-infinite-recursion -Wno-comma -Wno-block-capture-autoreleasing -Wno-strict-prototypes -Wno-semicolon-before-method-body -index-store-path /Users/siam/Library/Developer/Xcode/DerivedData/Lingua_Quest-gvpckrqxtbgyprbgppjfqmimmmfw/Index.noindex/DataStore @/Users/siam/Library/Developer/Xcode/DerivedData/Lingua_Quest-gvpckrqxtbgyprbgppjfqmimmmfw/Build/Intermediates.noindex/Promises.build/Debug-iphonesimulator/FBLPromises.build/Objects-normal/arm64/e6072d4f65d7061329687fe24e3d63a7-common-args.resp -include /Users/siam/Library/Developer/Xcode/DerivedData/Lingua_Quest-gvpckrqxtbgyprbgppjfqmimmmfw/Build/Intermediates.noindex/Promises.build/Debug-iphonesimulator/FBLPromises.build/DerivedSources/resource_bundle_accessor.h -MMD -MT dependencies -MF /Users/siam/Library/Developer/Xcode/DerivedData/Lingua_Quest-gvpckrqxtbgyprbgppjfqmimmmfw/Build/Intermediates.noindex/Promises.build/Debug-iphonesimulator/FBLPromises.build/Objects-normal/arm64/FBLPromise+Any.d --serialize-diagnostics /Users/siam/Library/Developer/Xcode/DerivedData/Lingua_Quest-gvpckrqxtbgyprbgppjfqmimmmfw/Build/Intermediates.noindex/Promises.build/Debug-iphonesimulator/FBLPromises.build/Objects-normal/arm64/FBLPromise+Any.dia -c /Users/siam/Library/Developer/Xcode/DerivedData/Lingua_Quest-gvpckrqxtbgyprbgppjfqmimmmfw/SourcePackages/checkouts/promises/Sources/FBLPromises/FBLPromise+Any.m -o /Users/siam/Library/Developer/Xcode/DerivedData/Lingua_Quest-gvpckrqxtbgyprbgppjfqmimmmfw/Build/Intermediates.noindex/Promises.build/Debug-iphonesimulator/FBLPromises.build/Objects-normal/arm64/FBLPromise+Any.o -index-unit-output-path /Promises.build/Debug-iphonesimulator/FBLPromises.build/Objects-normal/arm64/FBLPromise+Any.o

CompileC /Users/siam/Library/Developer/Xcode/DerivedData/Lingua_Quest-gvpckrqxtbgyprbgppjfqmimmmfw/Build/Intermediates.noindex/Promises.build/Debug-iphonesimulator/FBLPromises.build/Objects-normal/arm64/FBLPromise+Delay.o /Users/siam/Library/Developer/Xcode/DerivedData/Lingua_Quest-gvpckrqxtbgyprbgppjfqmimmmfw/SourcePackages/checkouts/promises/Sources/FBLPromises/FBLPromise+Delay.m normal arm64 objective-c com.apple.compilers.llvm.clang.1_0.compiler (in target 'FBLPromises' from project 'Promises')
    cd /Users/siam/Desktop/Lingua\ Quest/Lingua\ Quest.xcodeproj
    
    Using response file: /Users/siam/Library/Developer/Xcode/DerivedData/Lingua_Quest-gvpckrqxtbgyprbgppjfqmimmmfw/Build/Intermediates.noindex/Promises.build/Debug-iphonesimulator/FBLPromises.build/Objects-normal/arm64/e6072d4f65d7061329687fe24e3d63a7-common-args.resp
    
    /Applications/Xcode.app/Contents/Developer/Toolchains/XcodeDefault.xctoolchain/usr/bin/clang -x objective-c -ivfsstatcache /Users/siam/Library/Developer/Xcode/DerivedData/SDKStatCaches.noindex/iphonesimulator26.0-23A339-26257891a6c027eb51374368541b8346.sdkstatcache -fmessage-length\=0 -fdiagnostics-show-note-include-stack -fmacro-backtrace-limit\=0 -fno-color-diagnostics -fmodules-prune-interval\=86400 -fmodules-prune-after\=345600 -fbuild-session-file\=/Users/siam/Library/Developer/Xcode/DerivedData/ModuleCache.noindex/Session.modulevalidation -fmodules-validate-once-per-build-session -Wnon-modular-include-in-framework-module -Werror\=non-modular-include-in-framework-module -Wno-trigraphs -Wno-missing-field-initializers -Wno-missing-prototypes -Wno-return-type -Wno-implicit-atomic-properties -Wno-objc-interface-ivars -Wno-arc-repeated-use-of-weak -Wno-missing-braces -Wparentheses -Wswitch -Wno-unused-function -Wno-unused-label -Wno-unused-parameter -Wno-unused-variable -Wunused-value -Wno-empty-body -Wno-uninitialized -Wno-unknown-pragmas -w -Wno-shadow -Wno-four-char-constants -Wno-conversion -Wno-constant-conversion -Wno-int-conversion -Wno-bool-conversion -Wno-enum-conversion -Wno-float-conversion -Wno-non-literal-null-conversion -Wno-objc-literal-conversion -Wshorten-64-to-32 -Wpointer-sign -Wno-newline-eof -Wno-selector -Wno-strict-selector-match -Wno-undeclared-selector -Wno-deprecated-implementations -Wno-implicit-fallthrough -fstrict-aliasing -Wprotocol -Wdeprecated-declarations -Wno-sign-conversion -Wno-infinite-recursion -Wno-comma -Wno-block-capture-autoreleasing -Wno-strict-prototypes -Wno-semicolon-before-method-body -index-store-path /Users/siam/Library/Developer/Xcode/DerivedData/Lingua_Quest-gvpckrqxtbgyprbgppjfqmimmmfw/Index.noindex/DataStore @/Users/siam/Library/Developer/Xcode/DerivedData/Lingua_Quest-gvpckrqxtbgyprbgppjfqmimmmfw/Build/Intermediates.noindex/Promises.build/Debug-iphonesimulator/FBLPromises.build/Objects-normal/arm64/e6072d4f65d7061329687fe24e3d63a7-common-args.resp -include /Users/siam/Library/Developer/Xcode/DerivedData/Lingua_Quest-gvpckrqxtbgyprbgppjfqmimmmfw/Build/Intermediates.noindex/Promises.build/Debug-iphonesimulator/FBLPromises.build/DerivedSources/resource_bundle_accessor.h -MMD -MT dependencies -MF /Users/siam/Library/Developer/Xcode/DerivedData/Lingua_Quest-gvpckrqxtbgyprbgppjfqmimmmfw/Build/Intermediates.noindex/Promises.build/Debug-iphonesimulator/FBLPromises.build/Objects-normal/arm64/FBLPromise+Delay.d --serialize-diagnostics /Users/siam/Library/Developer/Xcode/DerivedData/Lingua_Quest-gvpckrqxtbgyprbgppjfqmimmmfw/Build/Intermediates.noindex/Promises.build/Debug-iphonesimulator/FBLPromises.build/Objects-normal/arm64/FBLPromise+Delay.dia -c /Users/siam/Library/Developer/Xcode/DerivedData/Lingua_Quest-gvpckrqxtbgyprbgppjfqmimmmfw/SourcePackages/checkouts/promises/Sources/FBLPromises/FBLPromise+Delay.m -o /Users/siam/Library/Developer/Xcode/DerivedData/Lingua_Quest-gvpckrqxtbgyprbgppjfqmimmmfw/Build/Intermediates.noindex/Promises.build/Debug-iphonesimulator/FBLPromises.build/Objects-normal/arm64/FBLPromise+Delay.o -index-unit-output-path /Promises.build/Debug-iphonesimulator/FBLPromises.build/Objects-normal/arm64/FBLPromise+Delay.o

PrecompileModule /Users/siam/Library/Developer/Xcode/DerivedData/Lingua_Quest-gvpckrqxtbgyprbgppjfqmimmmfw/Build/Intermediates.noindex/ExplicitPrecompiledModules/CoreVideo-9IQRDNAG99ULLSESX009PCKDS.scan
    cd /
    builtin-precompileModule /Users/siam/Library/Developer/Xcode/DerivedData/Lingua_Quest-gvpckrqxtbgyprbgppjfqmimmmfw/Build/Intermediates.noindex/ExplicitPrecompiledModules/CoreVideo-9IQRDNAG99ULLSESX009PCKDS.scan

ScanDependencies /Users/siam/Library/Developer/Xcode/DerivedData/Lingua_Quest-gvpckrqxtbgyprbgppjfqmimmmfw/Build/Intermediates.noindex/Promises.build/Debug-iphonesimulator/FBLPromises.build/Objects-normal/arm64/FBLPromise+Always.o /Users/siam/Library/Developer/Xcode/DerivedData/Lingua_Quest-gvpckrqxtbgyprbgppjfqmimmmfw/SourcePackages/checkouts/promises/Sources/FBLPromises/FBLPromise+Always.m normal arm64 objective-c com.apple.compilers.llvm.clang.1_0.compiler (in target 'FBLPromises' from project 'Promises')
    cd /Users/siam/Desktop/Lingua\ Quest/Lingua\ Quest.xcodeproj
    
    Using response file: /Users/siam/Library/Developer/Xcode/DerivedData/Lingua_Quest-gvpckrqxtbgyprbgppjfqmimmmfw/Build/Intermediates.noindex/Promises.build/Debug-iphonesimulator/FBLPromises.build/Objects-normal/arm64/e6072d4f65d7061329687fe24e3d63a7-common-args.resp
    
    builtin-ScanDependencies -o /Users/siam/Library/Developer/Xcode/DerivedData/Lingua_Quest-gvpckrqxtbgyprbgppjfqmimmmfw/Build/Intermediates.noindex/Promises.build/Debug-iphonesimulator/FBLPromises.build/Objects-normal/arm64/FBLPromise+Always.o.scan -- /Applications/Xcode.app/Contents/Developer/Toolchains/XcodeDefault.xctoolchain/usr/bin/clang -x objective-c -ivfsstatcache /Users/siam/Library/Developer/Xcode/DerivedData/SDKStatCaches.noindex/iphonesimulator26.0-23A339-26257891a6c027eb51374368541b8346.sdkstatcache -fmessage-length\=0 -fdiagnostics-show-note-include-stack -fmacro-backtrace-limit\=0 -fno-color-diagnostics -fmodules-prune-interval\=86400 -fmodules-prune-after\=345600 -fbuild-session-file\=/Users/siam/Library/Developer/Xcode/DerivedData/ModuleCache.noindex/Session.modulevalidation -fmodules-validate-once-per-build-session -Wnon-modular-include-in-framework-module -Werror\=non-modular-include-in-framework-module -Wno-trigraphs -Wno-missing-field-initializers -Wno-missing-prototypes -Wno-return-type -Wno-implicit-atomic-properties -Wno-objc-interface-ivars -Wno-arc-repeated-use-of-weak -Wno-missing-braces -Wparentheses -Wswitch -Wno-unused-function -Wno-unused-label -Wno-unused-parameter -Wno-unused-variable -Wunused-value -Wno-empty-body -Wno-uninitialized -Wno-unknown-pragmas -w -Wno-shadow -Wno-four-char-constants -Wno-conversion -Wno-constant-conversion -Wno-int-conversion -Wno-bool-conversion -Wno-enum-conversion -Wno-float-conversion -Wno-non-literal-null-conversion -Wno-objc-literal-conversion -Wshorten-64-to-32 -Wpointer-sign -Wno-newline-eof -Wno-selector -Wno-strict-selector-match -Wno-undeclared-selector -Wno-deprecated-implementations -Wno-implicit-fallthrough -fstrict-aliasing -Wprotocol -Wdeprecated-declarations -Wno-sign-conversion -Wno-infinite-recursion -Wno-comma -Wno-block-capture-autoreleasing -Wno-strict-prototypes -Wno-semicolon-before-method-body -index-store-path /Users/siam/Library/Developer/Xcode/DerivedData/Lingua_Quest-gvpckrqxtbgyprbgppjfqmimmmfw/Index.noindex/DataStore @/Users/siam/Library/Developer/Xcode/DerivedData/Lingua_Quest-gvpckrqxtbgyprbgppjfqmimmmfw/Build/Intermediates.noindex/Promises.build/Debug-iphonesimulator/FBLPromises.build/Objects-normal/arm64/e6072d4f65d7061329687fe24e3d63a7-common-args.resp -include /Users/siam/Library/Developer/Xcode/DerivedData/Lingua_Quest-gvpckrqxtbgyprbgppjfqmimmmfw/Build/Intermediates.noindex/Promises.build/Debug-iphonesimulator/FBLPromises.build/DerivedSources/resource_bundle_accessor.h -MMD -MT dependencies -MF /Users/siam/Library/Developer/Xcode/DerivedData/Lingua_Quest-gvpckrqxtbgyprbgppjfqmimmmfw/Build/Intermediates.noindex/Promises.build/Debug-iphonesimulator/FBLPromises.build/Objects-normal/arm64/FBLPromise+Always.d --serialize-diagnostics /Users/siam/Library/Developer/Xcode/DerivedData/Lingua_Quest-gvpckrqxtbgyprbgppjfqmimmmfw/Build/Intermediates.noindex/Promises.build/Debug-iphonesimulator/FBLPromises.build/Objects-normal/arm64/FBLPromise+Always.dia -c /Users/siam/Library/Developer/Xcode/DerivedData/Lingua_Quest-gvpckrqxtbgyprbgppjfqmimmmfw/SourcePackages/checkouts/promises/Sources/FBLPromises/FBLPromise+Always.m -o /Users/siam/Library/Developer/Xcode/DerivedData/Lingua_Quest-gvpckrqxtbgyprbgppjfqmimmmfw/Build/Intermediates.noindex/Promises.build/Debug-iphonesimulator/FBLPromises.build/Objects-normal/arm64/FBLPromise+Always.o -index-unit-output-path /Promises.build/Debug-iphonesimulator/FBLPromises.build/Objects-normal/arm64/FBLPromise+Always.o

CompileC /Users/siam/Library/Developer/Xcode/DerivedData/Lingua_Quest-gvpckrqxtbgyprbgppjfqmimmmfw/Build/Intermediates.noindex/Promises.build/Debug-iphonesimulator/FBLPromises.build/Objects-normal/arm64/FBLPromise+Async.o /Users/siam/Library/Developer/Xcode/DerivedData/Lingua_Quest-gvpckrqxtbgyprbgppjfqmimmmfw/SourcePackages/checkouts/promises/Sources/FBLPromises/FBLPromise+Async.m normal arm64 objective-c com.apple.compilers.llvm.clang.1_0.compiler (in target 'FBLPromises' from project 'Promises')
    cd /Users/siam/Desktop/Lingua\ Quest/Lingua\ Quest.xcodeproj
    
    Using response file: /Users/siam/Library/Developer/Xcode/DerivedData/Lingua_Quest-gvpckrqxtbgyprbgppjfqmimmmfw/Build/Intermediates.noindex/Promises.build/Debug-iphonesimulator/FBLPromises.build/Objects-normal/arm64/e6072d4f65d7061329687fe24e3d63a7-common-args.resp
    
    /Applications/Xcode.app/Contents/Developer/Toolchains/XcodeDefault.xctoolchain/usr/bin/clang -x objective-c -ivfsstatcache /Users/siam/Library/Developer/Xcode/DerivedData/SDKStatCaches.noindex/iphonesimulator26.0-23A339-26257891a6c027eb51374368541b8346.sdkstatcache -fmessage-length\=0 -fdiagnostics-show-note-include-stack -fmacro-backtrace-limit\=0 -fno-color-diagnostics -fmodules-prune-interval\=86400 -fmodules-prune-after\=345600 -fbuild-session-file\=/Users/siam/Library/Developer/Xcode/DerivedData/ModuleCache.noindex/Session.modulevalidation -fmodules-validate-once-per-build-session -Wnon-modular-include-in-framework-module -Werror\=non-modular-include-in-framework-module -Wno-trigraphs -Wno-missing-field-initializers -Wno-missing-prototypes -Wno-return-type -Wno-implicit-atomic-properties -Wno-objc-interface-ivars -Wno-arc-repeated-use-of-weak -Wno-missing-braces -Wparentheses -Wswitch -Wno-unused-function -Wno-unused-label -Wno-unused-parameter -Wno-unused-variable -Wunused-value -Wno-empty-body -Wno-uninitialized -Wno-unknown-pragmas -w -Wno-shadow -Wno-four-char-constants -Wno-conversion -Wno-constant-conversion -Wno-int-conversion -Wno-bool-conversion -Wno-enum-conversion -Wno-float-conversion -Wno-non-literal-null-conversion -Wno-objc-literal-conversion -Wshorten-64-to-32 -Wpointer-sign -Wno-newline-eof -Wno-selector -Wno-strict-selector-match -Wno-undeclared-selector -Wno-deprecated-implementations -Wno-implicit-fallthrough -fstrict-aliasing -Wprotocol -Wdeprecated-declarations -Wno-sign-conversion -Wno-infinite-recursion -Wno-comma -Wno-block-capture-autoreleasing -Wno-strict-prototypes -Wno-semicolon-before-method-body -index-store-path /Users/siam/Library/Developer/Xcode/DerivedData/Lingua_Quest-gvpckrqxtbgyprbgppjfqmimmmfw/Index.noindex/DataStore @/Users/siam/Library/Developer/Xcode/DerivedData/Lingua_Quest-gvpckrqxtbgyprbgppjfqmimmmfw/Build/Intermediates.noindex/Promises.build/Debug-iphonesimulator/FBLPromises.build/Objects-normal/arm64/e6072d4f65d7061329687fe24e3d63a7-common-args.resp -include /Users/siam/Library/Developer/Xcode/DerivedData/Lingua_Quest-gvpckrqxtbgyprbgppjfqmimmmfw/Build/Intermediates.noindex/Promises.build/Debug-iphonesimulator/FBLPromises.build/DerivedSources/resource_bundle_accessor.h -MMD -MT dependencies -MF /Users/siam/Library/Developer/Xcode/DerivedData/Lingua_Quest-gvpckrqxtbgyprbgppjfqmimmmfw/Build/Intermediates.noindex/Promises.build/Debug-iphonesimulator/FBLPromises.build/Objects-normal/arm64/FBLPromise+Async.d --serialize-diagnostics /Users/siam/Library/Developer/Xcode/DerivedData/Lingua_Quest-gvpckrqxtbgyprbgppjfqmimmmfw/Build/Intermediates.noindex/Promises.build/Debug-iphonesimulator/FBLPromises.build/Objects-normal/arm64/FBLPromise+Async.dia -c /Users/siam/Library/Developer/Xcode/DerivedData/Lingua_Quest-gvpckrqxtbgyprbgppjfqmimmmfw/SourcePackages/checkouts/promises/Sources/FBLPromises/FBLPromise+Async.m -o /Users/siam/Library/Developer/Xcode/DerivedData/Lingua_Quest-gvpckrqxtbgyprbgppjfqmimmmfw/Build/Intermediates.noindex/Promises.build/Debug-iphonesimulator/FBLPromises.build/Objects-normal/arm64/FBLPromise+Async.o -index-unit-output-path /Promises.build/Debug-iphonesimulator/FBLPromises.build/Objects-normal/arm64/FBLPromise+Async.o

CompileC /Users/siam/Library/Developer/Xcode/DerivedData/Lingua_Quest-gvpckrqxtbgyprbgppjfqmimmmfw/Build/Intermediates.noindex/Promises.build/Debug-iphonesimulator/FBLPromises.build/Objects-normal/arm64/FBLPromise+Catch.o /Users/siam/Library/Developer/Xcode/DerivedData/Lingua_Quest-gvpckrqxtbgyprbgppjfqmimmmfw/SourcePackages/checkouts/promises/Sources/FBLPromises/FBLPromise+Catch.m normal arm64 objective-c com.apple.compilers.llvm.clang.1_0.compiler (in target 'FBLPromises' from project 'Promises')
    cd /Users/siam/Desktop/Lingua\ Quest/Lingua\ Quest.xcodeproj
    
    Using response file: /Users/siam/Library/Developer/Xcode/DerivedData/Lingua_Quest-gvpckrqxtbgyprbgppjfqmimmmfw/Build/Intermediates.noindex/Promises.build/Debug-iphonesimulator/FBLPromises.build/Objects-normal/arm64/e6072d4f65d7061329687fe24e3d63a7-common-args.resp
    
    /Applications/Xcode.app/Contents/Developer/Toolchains/XcodeDefault.xctoolchain/usr/bin/clang -x objective-c -ivfsstatcache /Users/siam/Library/Developer/Xcode/DerivedData/SDKStatCaches.noindex/iphonesimulator26.0-23A339-26257891a6c027eb51374368541b8346.sdkstatcache -fmessage-length\=0 -fdiagnostics-show-note-include-stack -fmacro-backtrace-limit\=0 -fno-color-diagnostics -fmodules-prune-interval\=86400 -fmodules-prune-after\=345600 -fbuild-session-file\=/Users/siam/Library/Developer/Xcode/DerivedData/ModuleCache.noindex/Session.modulevalidation -fmodules-validate-once-per-build-session -Wnon-modular-include-in-framework-module -Werror\=non-modular-include-in-framework-module -Wno-trigraphs -Wno-missing-field-initializers -Wno-missing-prototypes -Wno-return-type -Wno-implicit-atomic-properties -Wno-objc-interface-ivars -Wno-arc-repeated-use-of-weak -Wno-missing-braces -Wparentheses -Wswitch -Wno-unused-function -Wno-unused-label -Wno-unused-parameter -Wno-unused-variable -Wunused-value -Wno-empty-body -Wno-uninitialized -Wno-unknown-pragmas -w -Wno-shadow -Wno-four-char-constants -Wno-conversion -Wno-constant-conversion -Wno-int-conversion -Wno-bool-conversion -Wno-enum-conversion -Wno-float-conversion -Wno-non-literal-null-conversion -Wno-objc-literal-conversion -Wshorten-64-to-32 -Wpointer-sign -Wno-newline-eof -Wno-selector -Wno-strict-selector-match -Wno-undeclared-selector -Wno-deprecated-implementations -Wno-implicit-fallthrough -fstrict-aliasing -Wprotocol -Wdeprecated-declarations -Wno-sign-conversion -Wno-infinite-recursion -Wno-comma -Wno-block-capture-autoreleasing -Wno-strict-prototypes -Wno-semicolon-before-method-body -index-store-path /Users/siam/Library/Developer/Xcode/DerivedData/Lingua_Quest-gvpckrqxtbgyprbgppjfqmimmmfw/Index.noindex/DataStore @/Users/siam/Library/Developer/Xcode/DerivedData/Lingua_Quest-gvpckrqxtbgyprbgppjfqmimmmfw/Build/Intermediates.noindex/Promises.build/Debug-iphonesimulator/FBLPromises.build/Objects-normal/arm64/e6072d4f65d7061329687fe24e3d63a7-common-args.resp -include /Users/siam/Library/Developer/Xcode/DerivedData/Lingua_Quest-gvpckrqxtbgyprbgppjfqmimmmfw/Build/Intermediates.noindex/Promises.build/Debug-iphonesimulator/FBLPromises.build/DerivedSources/resource_bundle_accessor.h -MMD -MT dependencies -MF /Users/siam/Library/Developer/Xcode/DerivedData/Lingua_Quest-gvpckrqxtbgyprbgppjfqmimmmfw/Build/Intermediates.noindex/Promises.build/Debug-iphonesimulator/FBLPromises.build/Objects-normal/arm64/FBLPromise+Catch.d --serialize-diagnostics /Users/siam/Library/Developer/Xcode/DerivedData/Lingua_Quest-gvpckrqxtbgyprbgppjfqmimmmfw/Build/Intermediates.noindex/Promises.build/Debug-iphonesimulator/FBLPromises.build/Objects-normal/arm64/FBLPromise+Catch.dia -c /Users/siam/Library/Developer/Xcode/DerivedData/Lingua_Quest-gvpckrqxtbgyprbgppjfqmimmmfw/SourcePackages/checkouts/promises/Sources/FBLPromises/FBLPromise+Catch.m -o /Users/siam/Library/Developer/Xcode/DerivedData/Lingua_Quest-gvpckrqxtbgyprbgppjfqmimmmfw/Build/Intermediates.noindex/Promises.build/Debug-iphonesimulator/FBLPromises.build/Objects-normal/arm64/FBLPromise+Catch.o -index-unit-output-path /Promises.build/Debug-iphonesimulator/FBLPromises.build/Objects-normal/arm64/FBLPromise+Catch.o

ScanDependencies /Users/siam/Library/Developer/Xcode/DerivedData/Lingua_Quest-gvpckrqxtbgyprbgppjfqmimmmfw/Build/Intermediates.noindex/Promises.build/Debug-iphonesimulator/FBLPromises.build/Objects-normal/arm64/FBLPromise+All.o /Users/siam/Library/Developer/Xcode/DerivedData/Lingua_Quest-gvpckrqxtbgyprbgppjfqmimmmfw/SourcePackages/checkouts/promises/Sources/FBLPromises/FBLPromise+All.m normal arm64 objective-c com.apple.compilers.llvm.clang.1_0.compiler (in target 'FBLPromises' from project 'Promises')
    cd /Users/siam/Desktop/Lingua\ Quest/Lingua\ Quest.xcodeproj
    
    Using response file: /Users/siam/Library/Developer/Xcode/DerivedData/Lingua_Quest-gvpckrqxtbgyprbgppjfqmimmmfw/Build/Intermediates.noindex/Promises.build/Debug-iphonesimulator/FBLPromises.build/Objects-normal/arm64/e6072d4f65d7061329687fe24e3d63a7-common-args.resp
    
    builtin-ScanDependencies -o /Users/siam/Library/Developer/Xcode/DerivedData/Lingua_Quest-gvpckrqxtbgyprbgppjfqmimmmfw/Build/Intermediates.noindex/Promises.build/Debug-iphonesimulator/FBLPromises.build/Objects-normal/arm64/FBLPromise+All.o.scan -- /Applications/Xcode.app/Contents/Developer/Toolchains/XcodeDefault.xctoolchain/usr/bin/clang -x objective-c -ivfsstatcache /Users/siam/Library/Developer/Xcode/DerivedData/SDKStatCaches.noindex/iphonesimulator26.0-23A339-26257891a6c027eb51374368541b8346.sdkstatcache -fmessage-length\=0 -fdiagnostics-show-note-include-stack -fmacro-backtrace-limit\=0 -fno-color-diagnostics -fmodules-prune-interval\=86400 -fmodules-prune-after\=345600 -fbuild-session-file\=/Users/siam/Library/Developer/Xcode/DerivedData/ModuleCache.noindex/Session.modulevalidation -fmodules-validate-once-per-build-session -Wnon-modular-include-in-framework-module -Werror\=non-modular-include-in-framework-module -Wno-trigraphs -Wno-missing-field-initializers -Wno-missing-prototypes -Wno-return-type -Wno-implicit-atomic-properties -Wno-objc-interface-ivars -Wno-arc-repeated-use-of-weak -Wno-missing-braces -Wparentheses -Wswitch -Wno-unused-function -Wno-unused-label -Wno-unused-parameter -Wno-unused-variable -Wunused-value -Wno-empty-body -Wno-uninitialized -Wno-unknown-pragmas -w -Wno-shadow -Wno-four-char-constants -Wno-conversion -Wno-constant-conversion -Wno-int-conversion -Wno-bool-conversion -Wno-enum-conversion -Wno-float-conversion -Wno-non-literal-null-conversion -Wno-objc-literal-conversion -Wshorten-64-to-32 -Wpointer-sign -Wno-newline-eof -Wno-selector -Wno-strict-selector-match -Wno-undeclared-selector -Wno-deprecated-implementations -Wno-implicit-fallthrough -fstrict-aliasing -Wprotocol -Wdeprecated-declarations -Wno-sign-conversion -Wno-infinite-recursion -Wno-comma -Wno-block-capture-autoreleasing -Wno-strict-prototypes -Wno-semicolon-before-method-body -index-store-path /Users/siam/Library/Developer/Xcode/DerivedData/Lingua_Quest-gvpckrqxtbgyprbgppjfqmimmmfw/Index.noindex/DataStore @/Users/siam/Library/Developer/Xcode/DerivedData/Lingua_Quest-gvpckrqxtbgyprbgppjfqmimmmfw/Build/Intermediates.noindex/Promises.build/Debug-iphonesimulator/FBLPromises.build/Objects-normal/arm64/e6072d4f65d7061329687fe24e3d63a7-common-args.resp -include /Users/siam/Library/Developer/Xcode/DerivedData/Lingua_Quest-gvpckrqxtbgyprbgppjfqmimmmfw/Build/Intermediates.noindex/Promises.build/Debug-iphonesimulator/FBLPromises.build/DerivedSources/resource_bundle_accessor.h -MMD -MT dependencies -MF /Users/siam/Library/Developer/Xcode/DerivedData/Lingua_Quest-gvpckrqxtbgyprbgppjfqmimmmfw/Build/Intermediates.noindex/Promises.build/Debug-iphonesimulator/FBLPromises.build/Objects-normal/arm64/FBLPromise+All.d --serialize-diagnostics /Users/siam/Library/Developer/Xcode/DerivedData/Lingua_Quest-gvpckrqxtbgyprbgppjfqmimmmfw/Build/Intermediates.noindex/Promises.build/Debug-iphonesimulator/FBLPromises.build/Objects-normal/arm64/FBLPromise+All.dia -c /Users/siam/Library/Developer/Xcode/DerivedData/Lingua_Quest-gvpckrqxtbgyprbgppjfqmimmmfw/SourcePackages/checkouts/promises/Sources/FBLPromises/FBLPromise+All.m -o /Users/siam/Library/Developer/Xcode/DerivedData/Lingua_Quest-gvpckrqxtbgyprbgppjfqmimmmfw/Build/Intermediates.noindex/Promises.build/Debug-iphonesimulator/FBLPromises.build/Objects-normal/arm64/FBLPromise+All.o -index-unit-output-path /Promises.build/Debug-iphonesimulator/FBLPromises.build/Objects-normal/arm64/FBLPromise+All.o

CompileC /Users/siam/Library/Developer/Xcode/DerivedData/Lingua_Quest-gvpckrqxtbgyprbgppjfqmimmmfw/Build/Intermediates.noindex/Promises.build/Debug-iphonesimulator/FBLPromises.build/Objects-normal/arm64/FBLPromise+Await.o /Users/siam/Library/Developer/Xcode/DerivedData/Lingua_Quest-gvpckrqxtbgyprbgppjfqmimmmfw/SourcePackages/checkouts/promises/Sources/FBLPromises/FBLPromise+Await.m normal arm64 objective-c com.apple.compilers.llvm.clang.1_0.compiler (in target 'FBLPromises' from project 'Promises')
    cd /Users/siam/Desktop/Lingua\ Quest/Lingua\ Quest.xcodeproj
    
    Using response file: /Users/siam/Library/Developer/Xcode/DerivedData/Lingua_Quest-gvpckrqxtbgyprbgppjfqmimmmfw/Build/Intermediates.noindex/Promises.build/Debug-iphonesimulator/FBLPromises.build/Objects-normal/arm64/e6072d4f65d7061329687fe24e3d63a7-common-args.resp
    
    /Applications/Xcode.app/Contents/Developer/Toolchains/XcodeDefault.xctoolchain/usr/bin/clang -x objective-c -ivfsstatcache /Users/siam/Library/Developer/Xcode/DerivedData/SDKStatCaches.noindex/iphonesimulator26.0-23A339-26257891a6c027eb51374368541b8346.sdkstatcache -fmessage-length\=0 -fdiagnostics-show-note-include-stack -fmacro-backtrace-limit\=0 -fno-color-diagnostics -fmodules-prune-interval\=86400 -fmodules-prune-after\=345600 -fbuild-session-file\=/Users/siam/Library/Developer/Xcode/DerivedData/ModuleCache.noindex/Session.modulevalidation -fmodules-validate-once-per-build-session -Wnon-modular-include-in-framework-module -Werror\=non-modular-include-in-framework-module -Wno-trigraphs -Wno-missing-field-initializers -Wno-missing-prototypes -Wno-return-type -Wno-implicit-atomic-properties -Wno-objc-interface-ivars -Wno-arc-repeated-use-of-weak -Wno-missing-braces -Wparentheses -Wswitch -Wno-unused-function -Wno-unused-label -Wno-unused-parameter -Wno-unused-variable -Wunused-value -Wno-empty-body -Wno-uninitialized -Wno-unknown-pragmas -w -Wno-shadow -Wno-four-char-constants -Wno-conversion -Wno-constant-conversion -Wno-int-conversion -Wno-bool-conversion -Wno-enum-conversion -Wno-float-conversion -Wno-non-literal-null-conversion -Wno-objc-literal-conversion -Wshorten-64-to-32 -Wpointer-sign -Wno-newline-eof -Wno-selector -Wno-strict-selector-match -Wno-undeclared-selector -Wno-deprecated-implementations -Wno-implicit-fallthrough -fstrict-aliasing -Wprotocol -Wdeprecated-declarations -Wno-sign-conversion -Wno-infinite-recursion -Wno-comma -Wno-block-capture-autoreleasing -Wno-strict-prototypes -Wno-semicolon-before-method-body -index-store-path /Users/siam/Library/Developer/Xcode/DerivedData/Lingua_Quest-gvpckrqxtbgyprbgppjfqmimmmfw/Index.noindex/DataStore @/Users/siam/Library/Developer/Xcode/DerivedData/Lingua_Quest-gvpckrqxtbgyprbgppjfqmimmmfw/Build/Intermediates.noindex/Promises.build/Debug-iphonesimulator/FBLPromises.build/Objects-normal/arm64/e6072d4f65d7061329687fe24e3d63a7-common-args.resp -include /Users/siam/Library/Developer/Xcode/DerivedData/Lingua_Quest-gvpckrqxtbgyprbgppjfqmimmmfw/Build/Intermediates.noindex/Promises.build/Debug-iphonesimulator/FBLPromises.build/DerivedSources/resource_bundle_accessor.h -MMD -MT dependencies -MF /Users/siam/Library/Developer/Xcode/DerivedData/Lingua_Quest-gvpckrqxtbgyprbgppjfqmimmmfw/Build/Intermediates.noindex/Promises.build/Debug-iphonesimulator/FBLPromises.build/Objects-normal/arm64/FBLPromise+Await.d --serialize-diagnostics /Users/siam/Library/Developer/Xcode/DerivedData/Lingua_Quest-gvpckrqxtbgyprbgppjfqmimmmfw/Build/Intermediates.noindex/Promises.build/Debug-iphonesimulator/FBLPromises.build/Objects-normal/arm64/FBLPromise+Await.dia -c /Users/siam/Library/Developer/Xcode/DerivedData/Lingua_Quest-gvpckrqxtbgyprbgppjfqmimmmfw/SourcePackages/checkouts/promises/Sources/FBLPromises/FBLPromise+Await.m -o /Users/siam/Library/Developer/Xcode/DerivedData/Lingua_Quest-gvpckrqxtbgyprbgppjfqmimmmfw/Build/Intermediates.noindex/Promises.build/Debug-iphonesimulator/FBLPromises.build/Objects-normal/arm64/FBLPromise+Await.o -index-unit-output-path /Promises.build/Debug-iphonesimulator/FBLPromises.build/Objects-normal/arm64/FBLPromise+Await.o

CompileC /Users/siam/Library/Developer/Xcode/DerivedData/Lingua_Quest-gvpckrqxtbgyprbgppjfqmimmmfw/Build/Intermediates.noindex/Promises.build/Debug-iphonesimulator/FBLPromises.build/Objects-normal/arm64/FBLPromise+Any.o /Users/siam/Library/Developer/Xcode/DerivedData/Lingua_Quest-gvpckrqxtbgyprbgppjfqmimmmfw/SourcePackages/checkouts/promises/Sources/FBLPromises/FBLPromise+Any.m normal arm64 objective-c com.apple.compilers.llvm.clang.1_0.compiler (in target 'FBLPromises' from project 'Promises')
    cd /Users/siam/Desktop/Lingua\ Quest/Lingua\ Quest.xcodeproj
    
    Using response file: /Users/siam/Library/Developer/Xcode/DerivedData/Lingua_Quest-gvpckrqxtbgyprbgppjfqmimmmfw/Build/Intermediates.noindex/Promises.build/Debug-iphonesimulator/FBLPromises.build/Objects-normal/arm64/e6072d4f65d7061329687fe24e3d63a7-common-args.resp
    
    /Applications/Xcode.app/Contents/Developer/Toolchains/XcodeDefault.xctoolchain/usr/bin/clang -x objective-c -ivfsstatcache /Users/siam/Library/Developer/Xcode/DerivedData/SDKStatCaches.noindex/iphonesimulator26.0-23A339-26257891a6c027eb51374368541b8346.sdkstatcache -fmessage-length\=0 -fdiagnostics-show-note-include-stack -fmacro-backtrace-limit\=0 -fno-color-diagnostics -fmodules-prune-interval\=86400 -fmodules-prune-after\=345600 -fbuild-session-file\=/Users/siam/Library/Developer/Xcode/DerivedData/ModuleCache.noindex/Session.modulevalidation -fmodules-validate-once-per-build-session -Wnon-modular-include-in-framework-module -Werror\=non-modular-include-in-framework-module -Wno-trigraphs -Wno-missing-field-initializers -Wno-missing-prototypes -Wno-return-type -Wno-implicit-atomic-properties -Wno-objc-interface-ivars -Wno-arc-repeated-use-of-weak -Wno-missing-braces -Wparentheses -Wswitch -Wno-unused-function -Wno-unused-label -Wno-unused-parameter -Wno-unused-variable -Wunused-value -Wno-empty-body -Wno-uninitialized -Wno-unknown-pragmas -w -Wno-shadow -Wno-four-char-constants -Wno-conversion -Wno-constant-conversion -Wno-int-conversion -Wno-bool-conversion -Wno-enum-conversion -Wno-float-conversion -Wno-non-literal-null-conversion -Wno-objc-literal-conversion -Wshorten-64-to-32 -Wpointer-sign -Wno-newline-eof -Wno-selector -Wno-strict-selector-match -Wno-undeclared-selector -Wno-deprecated-implementations -Wno-implicit-fallthrough -fstrict-aliasing -Wprotocol -Wdeprecated-declarations -Wno-sign-conversion -Wno-infinite-recursion -Wno-comma -Wno-block-capture-autoreleasing -Wno-strict-prototypes -Wno-semicolon-before-method-body -index-store-path /Users/siam/Library/Developer/Xcode/DerivedData/Lingua_Quest-gvpckrqxtbgyprbgppjfqmimmmfw/Index.noindex/DataStore @/Users/siam/Library/Developer/Xcode/DerivedData/Lingua_Quest-gvpckrqxtbgyprbgppjfqmimmmfw/Build/Intermediates.noindex/Promises.build/Debug-iphonesimulator/FBLPromises.build/Objects-normal/arm64/e6072d4f65d7061329687fe24e3d63a7-common-args.resp -include /Users/siam/Library/Developer/Xcode/DerivedData/Lingua_Quest-gvpckrqxtbgyprbgppjfqmimmmfw/Build/Intermediates.noindex/Promises.build/Debug-iphonesimulator/FBLPromises.build/DerivedSources/resource_bundle_accessor.h -MMD -MT dependencies -MF /Users/siam/Library/Developer/Xcode/DerivedData/Lingua_Quest-gvpckrqxtbgyprbgppjfqmimmmfw/Build/Intermediates.noindex/Promises.build/Debug-iphonesimulator/FBLPromises.build/Objects-normal/arm64/FBLPromise+Any.d --serialize-diagnostics /Users/siam/Library/Developer/Xcode/DerivedData/Lingua_Quest-gvpckrqxtbgyprbgppjfqmimmmfw/Build/Intermediates.noindex/Promises.build/Debug-iphonesimulator/FBLPromises.build/Objects-normal/arm64/FBLPromise+Any.dia -c /Users/siam/Library/Developer/Xcode/DerivedData/Lingua_Quest-gvpckrqxtbgyprbgppjfqmimmmfw/SourcePackages/checkouts/promises/Sources/FBLPromises/FBLPromise+Any.m -o /Users/siam/Library/Developer/Xcode/DerivedData/Lingua_Quest-gvpckrqxtbgyprbgppjfqmimmmfw/Build/Intermediates.noindex/Promises.build/Debug-iphonesimulator/FBLPromises.build/Objects-normal/arm64/FBLPromise+Any.o -index-unit-output-path /Promises.build/Debug-iphonesimulator/FBLPromises.build/Objects-normal/arm64/FBLPromise+Any.o

CompileC /Users/siam/Library/Developer/Xcode/DerivedData/Lingua_Quest-gvpckrqxtbgyprbgppjfqmimmmfw/Build/Intermediates.noindex/Promises.build/Debug-iphonesimulator/FBLPromises.build/Objects-normal/arm64/FBLPromise+Always.o /Users/siam/Library/Developer/Xcode/DerivedData/Lingua_Quest-gvpckrqxtbgyprbgppjfqmimmmfw/SourcePackages/checkouts/promises/Sources/FBLPromises/FBLPromise+Always.m normal arm64 objective-c com.apple.compilers.llvm.clang.1_0.compiler (in target 'FBLPromises' from project 'Promises')
    cd /Users/siam/Desktop/Lingua\ Quest/Lingua\ Quest.xcodeproj
    
    Using response file: /Users/siam/Library/Developer/Xcode/DerivedData/Lingua_Quest-gvpckrqxtbgyprbgppjfqmimmmfw/Build/Intermediates.noindex/Promises.build/Debug-iphonesimulator/FBLPromises.build/Objects-normal/arm64/e6072d4f65d7061329687fe24e3d63a7-common-args.resp
    
    /Applications/Xcode.app/Contents/Developer/Toolchains/XcodeDefault.xctoolchain/usr/bin/clang -x objective-c -ivfsstatcache /Users/siam/Library/Developer/Xcode/DerivedData/SDKStatCaches.noindex/iphonesimulator26.0-23A339-26257891a6c027eb51374368541b8346.sdkstatcache -fmessage-length\=0 -fdiagnostics-show-note-include-stack -fmacro-backtrace-limit\=0 -fno-color-diagnostics -fmodules-prune-interval\=86400 -fmodules-prune-after\=345600 -fbuild-session-file\=/Users/siam/Library/Developer/Xcode/DerivedData/ModuleCache.noindex/Session.modulevalidation -fmodules-validate-once-per-build-session -Wnon-modular-include-in-framework-module -Werror\=non-modular-include-in-framework-module -Wno-trigraphs -Wno-missing-field-initializers -Wno-missing-prototypes -Wno-return-type -Wno-implicit-atomic-properties -Wno-objc-interface-ivars -Wno-arc-repeated-use-of-weak -Wno-missing-braces -Wparentheses -Wswitch -Wno-unused-function -Wno-unused-label -Wno-unused-parameter -Wno-unused-variable -Wunused-value -Wno-empty-body -Wno-uninitialized -Wno-unknown-pragmas -w -Wno-shadow -Wno-four-char-constants -Wno-conversion -Wno-constant-conversion -Wno-int-conversion -Wno-bool-conversion -Wno-enum-conversion -Wno-float-conversion -Wno-non-literal-null-conversion -Wno-objc-literal-conversion -Wshorten-64-to-32 -Wpointer-sign -Wno-newline-eof -Wno-selector -Wno-strict-selector-match -Wno-undeclared-selector -Wno-deprecated-implementations -Wno-implicit-fallthrough -fstrict-aliasing -Wprotocol -Wdeprecated-declarations -Wno-sign-conversion -Wno-infinite-recursion -Wno-comma -Wno-block-capture-autoreleasing -Wno-strict-prototypes -Wno-semicolon-before-method-body -index-store-path /Users/siam/Library/Developer/Xcode/DerivedData/Lingua_Quest-gvpckrqxtbgyprbgppjfqmimmmfw/Index.noindex/DataStore @/Users/siam/Library/Developer/Xcode/DerivedData/Lingua_Quest-gvpckrqxtbgyprbgppjfqmimmmfw/Build/Intermediates.noindex/Promises.build/Debug-iphonesimulator/FBLPromises.build/Objects-normal/arm64/e6072d4f65d7061329687fe24e3d63a7-common-args.resp -include /Users/siam/Library/Developer/Xcode/DerivedData/Lingua_Quest-gvpckrqxtbgyprbgppjfqmimmmfw/Build/Intermediates.noindex/Promises.build/Debug-iphonesimulator/FBLPromises.build/DerivedSources/resource_bundle_accessor.h -MMD -MT dependencies -MF /Users/siam/Library/Developer/Xcode/DerivedData/Lingua_Quest-gvpckrqxtbgyprbgppjfqmimmmfw/Build/Intermediates.noindex/Promises.build/Debug-iphonesimulator/FBLPromises.build/Objects-normal/arm64/FBLPromise+Always.d --serialize-diagnostics /Users/siam/Library/Developer/Xcode/DerivedData/Lingua_Quest-gvpckrqxtbgyprbgppjfqmimmmfw/Build/Intermediates.noindex/Promises.build/Debug-iphonesimulator/FBLPromises.build/Objects-normal/arm64/FBLPromise+Always.dia -c /Users/siam/Library/Developer/Xcode/DerivedData/Lingua_Quest-gvpckrqxtbgyprbgppjfqmimmmfw/SourcePackages/checkouts/promises/Sources/FBLPromises/FBLPromise+Always.m -o /Users/siam/Library/Developer/Xcode/DerivedData/Lingua_Quest-gvpckrqxtbgyprbgppjfqmimmmfw/Build/Intermediates.noindex/Promises.build/Debug-iphonesimulator/FBLPromises.build/Objects-normal/arm64/FBLPromise+Always.o -index-unit-output-path /Promises.build/Debug-iphonesimulator/FBLPromises.build/Objects-normal/arm64/FBLPromise+Always.o

ProcessInfoPlistFile /Users/siam/Library/Developer/Xcode/DerivedData/Lingua_Quest-gvpckrqxtbgyprbgppjfqmimmmfw/Build/Products/Debug-iphonesimulator/AppAuth_AppAuthCore.bundle/Info.plist /Users/siam/Library/Developer/Xcode/DerivedData/Lingua_Quest-gvpckrqxtbgyprbgppjfqmimmmfw/Build/Intermediates.noindex/AppAuth.build/Debug-iphonesimulator/AppAuth_AppAuthCore.build/empty-AppAuth_AppAuthCore.plist (in target 'AppAuth_AppAuthCore' from project 'AppAuth')
    cd /Users/siam/Library/Developer/Xcode/DerivedData/Lingua_Quest-gvpckrqxtbgyprbgppjfqmimmmfw/SourcePackages/checkouts/AppAuth-iOS
    builtin-infoPlistUtility /Users/siam/Library/Developer/Xcode/DerivedData/Lingua_Quest-gvpckrqxtbgyprbgppjfqmimmmfw/Build/Intermediates.noindex/AppAuth.build/Debug-iphonesimulator/AppAuth_AppAuthCore.build/empty-AppAuth_AppAuthCore.plist -producttype com.apple.product-type.bundle -expandbuildsettings -format binary -platform iphonesimulator -o /Users/siam/Library/Developer/Xcode/DerivedData/Lingua_Quest-gvpckrqxtbgyprbgppjfqmimmmfw/Build/Products/Debug-iphonesimulator/AppAuth_AppAuthCore.bundle/Info.plist

ScanDependencies /Users/siam/Library/Developer/Xcode/DerivedData/Lingua_Quest-gvpckrqxtbgyprbgppjfqmimmmfw/Build/Intermediates.noindex/AppCheck.build/Debug-iphonesimulator/AppCheckCore.build/Objects-normal/x86_64/NSURLSession+GACPromises.o /Users/siam/Library/Developer/Xcode/DerivedData/Lingua_Quest-gvpckrqxtbgyprbgppjfqmimmmfw/SourcePackages/checkouts/app-check/AppCheckCore/Sources/Core/APIService/NSURLSession+GACPromises.m normal x86_64 objective-c com.apple.compilers.llvm.clang.1_0.compiler (in target 'AppCheckCore' from project 'AppCheck')
    cd /Users/siam/Desktop/Lingua\ Quest/Lingua\ Quest.xcodeproj
    
    Using response file: /Users/siam/Library/Developer/Xcode/DerivedData/Lingua_Quest-gvpckrqxtbgyprbgppjfqmimmmfw/Build/Intermediates.noindex/AppCheck.build/Debug-iphonesimulator/AppCheckCore.build/Objects-normal/x86_64/e6072d4f65d7061329687fe24e3d63a7-common-args.resp
    
    builtin-ScanDependencies -o /Users/siam/Library/Developer/Xcode/DerivedData/Lingua_Quest-gvpckrqxtbgyprbgppjfqmimmmfw/Build/Intermediates.noindex/AppCheck.build/Debug-iphonesimulator/AppCheckCore.build/Objects-normal/x86_64/NSURLSession+GACPromises.o.scan -- /Applications/Xcode.app/Contents/Developer/Toolchains/XcodeDefault.xctoolchain/usr/bin/clang -x objective-c -ivfsstatcache /Users/siam/Library/Developer/Xcode/DerivedData/SDKStatCaches.noindex/iphonesimulator26.0-23A339-26257891a6c027eb51374368541b8346.sdkstatcache -fmessage-length\=0 -fdiagnostics-show-note-include-stack -fmacro-backtrace-limit\=0 -fno-color-diagnostics -fmodules-prune-interval\=86400 -fmodules-prune-after\=345600 -fbuild-session-file\=/Users/siam/Library/Developer/Xcode/DerivedData/ModuleCache.noindex/Session.modulevalidation -fmodules-validate-once-per-build-session -Wnon-modular-include-in-framework-module -Werror\=non-modular-include-in-framework-module -Wno-trigraphs -Wno-missing-field-initializers -Wno-missing-prototypes -Wno-return-type -Wno-implicit-atomic-properties -Wno-objc-interface-ivars -Wno-arc-repeated-use-of-weak -Wno-missing-braces -Wparentheses -Wswitch -Wno-unused-function -Wno-unused-label -Wno-unused-parameter -Wno-unused-variable -Wunused-value -Wno-empty-body -Wno-uninitialized -Wno-unknown-pragmas -w -Wno-shadow -Wno-four-char-constants -Wno-conversion -Wno-constant-conversion -Wno-int-conversion -Wno-bool-conversion -Wno-enum-conversion -Wno-float-conversion -Wno-non-literal-null-conversion -Wno-objc-literal-conversion -Wshorten-64-to-32 -Wpointer-sign -Wno-newline-eof -Wno-selector -Wno-strict-selector-match -Wno-undeclared-selector -Wno-deprecated-implementations -Wno-implicit-fallthrough -fstrict-aliasing -Wprotocol -Wdeprecated-declarations -Wno-sign-conversion -Wno-infinite-recursion -Wno-comma -Wno-block-capture-autoreleasing -Wno-strict-prototypes -Wno-semicolon-before-method-body -index-store-path /Users/siam/Library/Developer/Xcode/DerivedData/Lingua_Quest-gvpckrqxtbgyprbgppjfqmimmmfw/Index.noindex/DataStore @/Users/siam/Library/Developer/Xcode/DerivedData/Lingua_Quest-gvpckrqxtbgyprbgppjfqmimmmfw/Build/Intermediates.noindex/AppCheck.build/Debug-iphonesimulator/AppCheckCore.build/Objects-normal/x86_64/e6072d4f65d7061329687fe24e3d63a7-common-args.resp -MMD -MT dependencies -MF /Users/siam/Library/Developer/Xcode/DerivedData/Lingua_Quest-gvpckrqxtbgyprbgppjfqmimmmfw/Build/Intermediates.noindex/AppCheck.build/Debug-iphonesimulator/AppCheckCore.build/Objects-normal/x86_64/NSURLSession+GACPromises.d --serialize-diagnostics /Users/siam/Library/Developer/Xcode/DerivedData/Lingua_Quest-gvpckrqxtbgyprbgppjfqmimmmfw/Build/Intermediates.noindex/AppCheck.build/Debug-iphonesimulator/AppCheckCore.build/Objects-normal/x86_64/NSURLSession+GACPromises.dia -c /Users/siam/Library/Developer/Xcode/DerivedData/Lingua_Quest-gvpckrqxtbgyprbgppjfqmimmmfw/SourcePackages/checkouts/app-check/AppCheckCore/Sources/Core/APIService/NSURLSession+GACPromises.m -o /Users/siam/Library/Developer/Xcode/DerivedData/Lingua_Quest-gvpckrqxtbgyprbgppjfqmimmmfw/Build/Intermediates.noindex/AppCheck.build/Debug-iphonesimulator/AppCheckCore.build/Objects-normal/x86_64/NSURLSession+GACPromises.o -index-unit-output-path /AppCheck.build/Debug-iphonesimulator/AppCheckCore.build/Objects-normal/x86_64/NSURLSession+GACPromises.o

CompileC /Users/siam/Library/Developer/Xcode/DerivedData/Lingua_Quest-gvpckrqxtbgyprbgppjfqmimmmfw/Build/Intermediates.noindex/Promises.build/Debug-iphonesimulator/FBLPromises.build/Objects-normal/arm64/FBLPromise+All.o /Users/siam/Library/Developer/Xcode/DerivedData/Lingua_Quest-gvpckrqxtbgyprbgppjfqmimmmfw/SourcePackages/checkouts/promises/Sources/FBLPromises/FBLPromise+All.m normal arm64 objective-c com.apple.compilers.llvm.clang.1_0.compiler (in target 'FBLPromises' from project 'Promises')
    cd /Users/siam/Desktop/Lingua\ Quest/Lingua\ Quest.xcodeproj
    
    Using response file: /Users/siam/Library/Developer/Xcode/DerivedData/Lingua_Quest-gvpckrqxtbgyprbgppjfqmimmmfw/Build/Intermediates.noindex/Promises.build/Debug-iphonesimulator/FBLPromises.build/Objects-normal/arm64/e6072d4f65d7061329687fe24e3d63a7-common-args.resp
    
    /Applications/Xcode.app/Contents/Developer/Toolchains/XcodeDefault.xctoolchain/usr/bin/clang -x objective-c -ivfsstatcache /Users/siam/Library/Developer/Xcode/DerivedData/SDKStatCaches.noindex/iphonesimulator26.0-23A339-26257891a6c027eb51374368541b8346.sdkstatcache -fmessage-length\=0 -fdiagnostics-show-note-include-stack -fmacro-backtrace-limit\=0 -fno-color-diagnostics -fmodules-prune-interval\=86400 -fmodules-prune-after\=345600 -fbuild-session-file\=/Users/siam/Library/Developer/Xcode/DerivedData/ModuleCache.noindex/Session.modulevalidation -fmodules-validate-once-per-build-session -Wnon-modular-include-in-framework-module -Werror\=non-modular-include-in-framework-module -Wno-trigraphs -Wno-missing-field-initializers -Wno-missing-prototypes -Wno-return-type -Wno-implicit-atomic-properties -Wno-objc-interface-ivars -Wno-arc-repeated-use-of-weak -Wno-missing-braces -Wparentheses -Wswitch -Wno-unused-function -Wno-unused-label -Wno-unused-parameter -Wno-unused-variable -Wunused-value -Wno-empty-body -Wno-uninitialized -Wno-unknown-pragmas -w -Wno-shadow -Wno-four-char-constants -Wno-conversion -Wno-constant-conversion -Wno-int-conversion -Wno-bool-conversion -Wno-enum-conversion -Wno-float-conversion -Wno-non-literal-null-conversion -Wno-objc-literal-conversion -Wshorten-64-to-32 -Wpointer-sign -Wno-newline-eof -Wno-selector -Wno-strict-selector-match -Wno-undeclared-selector -Wno-deprecated-implementations -Wno-implicit-fallthrough -fstrict-aliasing -Wprotocol -Wdeprecated-declarations -Wno-sign-conversion -Wno-infinite-recursion -Wno-comma -Wno-block-capture-autoreleasing -Wno-strict-prototypes -Wno-semicolon-before-method-body -index-store-path /Users/siam/Library/Developer/Xcode/DerivedData/Lingua_Quest-gvpckrqxtbgyprbgppjfqmimmmfw/Index.noindex/DataStore @/Users/siam/Library/Developer/Xcode/DerivedData/Lingua_Quest-gvpckrqxtbgyprbgppjfqmimmmfw/Build/Intermediates.noindex/Promises.build/Debug-iphonesimulator/FBLPromises.build/Objects-normal/arm64/e6072d4f65d7061329687fe24e3d63a7-common-args.resp -include /Users/siam/Library/Developer/Xcode/DerivedData/Lingua_Quest-gvpckrqxtbgyprbgppjfqmimmmfw/Build/Intermediates.noindex/Promises.build/Debug-iphonesimulator/FBLPromises.build/DerivedSources/resource_bundle_accessor.h -MMD -MT dependencies -MF /Users/siam/Library/Developer/Xcode/DerivedData/Lingua_Quest-gvpckrqxtbgyprbgppjfqmimmmfw/Build/Intermediates.noindex/Promises.build/Debug-iphonesimulator/FBLPromises.build/Objects-normal/arm64/FBLPromise+All.d --serialize-diagnostics /Users/siam/Library/Developer/Xcode/DerivedData/Lingua_Quest-gvpckrqxtbgyprbgppjfqmimmmfw/Build/Intermediates.noindex/Promises.build/Debug-iphonesimulator/FBLPromises.build/Objects-normal/arm64/FBLPromise+All.dia -c /Users/siam/Library/Developer/Xcode/DerivedData/Lingua_Quest-gvpckrqxtbgyprbgppjfqmimmmfw/SourcePackages/checkouts/promises/Sources/FBLPromises/FBLPromise+All.m -o /Users/siam/Library/Developer/Xcode/DerivedData/Lingua_Quest-gvpckrqxtbgyprbgppjfqmimmmfw/Build/Intermediates.noindex/Promises.build/Debug-iphonesimulator/FBLPromises.build/Objects-normal/arm64/FBLPromise+All.o -index-unit-output-path /Promises.build/Debug-iphonesimulator/FBLPromises.build/Objects-normal/arm64/FBLPromise+All.o

ScanDependencies /Users/siam/Library/Developer/Xcode/DerivedData/Lingua_Quest-gvpckrqxtbgyprbgppjfqmimmmfw/Build/Intermediates.noindex/AppCheck.build/Debug-iphonesimulator/AppCheckCore.build/Objects-normal/x86_64/GACURLSessionDataResponse.o /Users/siam/Library/Developer/Xcode/DerivedData/Lingua_Quest-gvpckrqxtbgyprbgppjfqmimmmfw/SourcePackages/checkouts/app-check/AppCheckCore/Sources/Core/APIService/GACURLSessionDataResponse.m normal x86_64 objective-c com.apple.compilers.llvm.clang.1_0.compiler (in target 'AppCheckCore' from project 'AppCheck')
    cd /Users/siam/Desktop/Lingua\ Quest/Lingua\ Quest.xcodeproj
    
    Using response file: /Users/siam/Library/Developer/Xcode/DerivedData/Lingua_Quest-gvpckrqxtbgyprbgppjfqmimmmfw/Build/Intermediates.noindex/AppCheck.build/Debug-iphonesimulator/AppCheckCore.build/Objects-normal/x86_64/e6072d4f65d7061329687fe24e3d63a7-common-args.resp
    
    builtin-ScanDependencies -o /Users/siam/Library/Developer/Xcode/DerivedData/Lingua_Quest-gvpckrqxtbgyprbgppjfqmimmmfw/Build/Intermediates.noindex/AppCheck.build/Debug-iphonesimulator/AppCheckCore.build/Objects-normal/x86_64/GACURLSessionDataResponse.o.scan -- /Applications/Xcode.app/Contents/Developer/Toolchains/XcodeDefault.xctoolchain/usr/bin/clang -x objective-c -ivfsstatcache /Users/siam/Library/Developer/Xcode/DerivedData/SDKStatCaches.noindex/iphonesimulator26.0-23A339-26257891a6c027eb51374368541b8346.sdkstatcache -fmessage-length\=0 -fdiagnostics-show-note-include-stack -fmacro-backtrace-limit\=0 -fno-color-diagnostics -fmodules-prune-interval\=86400 -fmodules-prune-after\=345600 -fbuild-session-file\=/Users/siam/Library/Developer/Xcode/DerivedData/ModuleCache.noindex/Session.modulevalidation -fmodules-validate-once-per-build-session -Wnon-modular-include-in-framework-module -Werror\=non-modular-include-in-framework-module -Wno-trigraphs -Wno-missing-field-initializers -Wno-missing-prototypes -Wno-return-type -Wno-implicit-atomic-properties -Wno-objc-interface-ivars -Wno-arc-repeated-use-of-weak -Wno-missing-braces -Wparentheses -Wswitch -Wno-unused-function -Wno-unused-label -Wno-unused-parameter -Wno-unused-variable -Wunused-value -Wno-empty-body -Wno-uninitialized -Wno-unknown-pragmas -w -Wno-shadow -Wno-four-char-constants -Wno-conversion -Wno-constant-conversion -Wno-int-conversion -Wno-bool-conversion -Wno-enum-conversion -Wno-float-conversion -Wno-non-literal-null-conversion -Wno-objc-literal-conversion -Wshorten-64-to-32 -Wpointer-sign -Wno-newline-eof -Wno-selector -Wno-strict-selector-match -Wno-undeclared-selector -Wno-deprecated-implementations -Wno-implicit-fallthrough -fstrict-aliasing -Wprotocol -Wdeprecated-declarations -Wno-sign-conversion -Wno-infinite-recursion -Wno-comma -Wno-block-capture-autoreleasing -Wno-strict-prototypes -Wno-semicolon-before-method-body -index-store-path /Users/siam/Library/Developer/Xcode/DerivedData/Lingua_Quest-gvpckrqxtbgyprbgppjfqmimmmfw/Index.noindex/DataStore @/Users/siam/Library/Developer/Xcode/DerivedData/Lingua_Quest-gvpckrqxtbgyprbgppjfqmimmmfw/Build/Intermediates.noindex/AppCheck.build/Debug-iphonesimulator/AppCheckCore.build/Objects-normal/x86_64/e6072d4f65d7061329687fe24e3d63a7-common-args.resp -MMD -MT dependencies -MF /Users/siam/Library/Developer/Xcode/DerivedData/Lingua_Quest-gvpckrqxtbgyprbgppjfqmimmmfw/Build/Intermediates.noindex/AppCheck.build/Debug-iphonesimulator/AppCheckCore.build/Objects-normal/x86_64/GACURLSessionDataResponse.d --serialize-diagnostics /Users/siam/Library/Developer/Xcode/DerivedData/Lingua_Quest-gvpckrqxtbgyprbgppjfqmimmmfw/Build/Intermediates.noindex/AppCheck.build/Debug-iphonesimulator/AppCheckCore.build/Objects-normal/x86_64/GACURLSessionDataResponse.dia -c /Users/siam/Library/Developer/Xcode/DerivedData/Lingua_Quest-gvpckrqxtbgyprbgppjfqmimmmfw/SourcePackages/checkouts/app-check/AppCheckCore/Sources/Core/APIService/GACURLSessionDataResponse.m -o /Users/siam/Library/Developer/Xcode/DerivedData/Lingua_Quest-gvpckrqxtbgyprbgppjfqmimmmfw/Build/Intermediates.noindex/AppCheck.build/Debug-iphonesimulator/AppCheckCore.build/Objects-normal/x86_64/GACURLSessionDataResponse.o -index-unit-output-path /AppCheck.build/Debug-iphonesimulator/AppCheckCore.build/Objects-normal/x86_64/GACURLSessionDataResponse.o

ScanDependencies /Users/siam/Library/Developer/Xcode/DerivedData/Lingua_Quest-gvpckrqxtbgyprbgppjfqmimmmfw/Build/Intermediates.noindex/AppCheck.build/Debug-iphonesimulator/AppCheckCore.build/Objects-normal/x86_64/GACDeviceCheckProvider.o /Users/siam/Library/Developer/Xcode/DerivedData/Lingua_Quest-gvpckrqxtbgyprbgppjfqmimmmfw/SourcePackages/checkouts/app-check/AppCheckCore/Sources/DeviceCheckProvider/GACDeviceCheckProvider.m normal x86_64 objective-c com.apple.compilers.llvm.clang.1_0.compiler (in target 'AppCheckCore' from project 'AppCheck')
    cd /Users/siam/Desktop/Lingua\ Quest/Lingua\ Quest.xcodeproj
    
    Using response file: /Users/siam/Library/Developer/Xcode/DerivedData/Lingua_Quest-gvpckrqxtbgyprbgppjfqmimmmfw/Build/Intermediates.noindex/AppCheck.build/Debug-iphonesimulator/AppCheckCore.build/Objects-normal/x86_64/e6072d4f65d7061329687fe24e3d63a7-common-args.resp
    
    builtin-ScanDependencies -o /Users/siam/Library/Developer/Xcode/DerivedData/Lingua_Quest-gvpckrqxtbgyprbgppjfqmimmmfw/Build/Intermediates.noindex/AppCheck.build/Debug-iphonesimulator/AppCheckCore.build/Objects-normal/x86_64/GACDeviceCheckProvider.o.scan -- /Applications/Xcode.app/Contents/Developer/Toolchains/XcodeDefault.xctoolchain/usr/bin/clang -x objective-c -ivfsstatcache /Users/siam/Library/Developer/Xcode/DerivedData/SDKStatCaches.noindex/iphonesimulator26.0-23A339-26257891a6c027eb51374368541b8346.sdkstatcache -fmessage-length\=0 -fdiagnostics-show-note-include-stack -fmacro-backtrace-limit\=0 -fno-color-diagnostics -fmodules-prune-interval\=86400 -fmodules-prune-after\=345600 -fbuild-session-file\=/Users/siam/Library/Developer/Xcode/DerivedData/ModuleCache.noindex/Session.modulevalidation -fmodules-validate-once-per-build-session -Wnon-modular-include-in-framework-module -Werror\=non-modular-include-in-framework-module -Wno-trigraphs -Wno-missing-field-initializers -Wno-missing-prototypes -Wno-return-type -Wno-implicit-atomic-properties -Wno-objc-interface-ivars -Wno-arc-repeated-use-of-weak -Wno-missing-braces -Wparentheses -Wswitch -Wno-unused-function -Wno-unused-label -Wno-unused-parameter -Wno-unused-variable -Wunused-value -Wno-empty-body -Wno-uninitialized -Wno-unknown-pragmas -w -Wno-shadow -Wno-four-char-constants -Wno-conversion -Wno-constant-conversion -Wno-int-conversion -Wno-bool-conversion -Wno-enum-conversion -Wno-float-conversion -Wno-non-literal-null-conversion -Wno-objc-literal-conversion -Wshorten-64-to-32 -Wpointer-sign -Wno-newline-eof -Wno-selector -Wno-strict-selector-match -Wno-undeclared-selector -Wno-deprecated-implementations -Wno-implicit-fallthrough -fstrict-aliasing -Wprotocol -Wdeprecated-declarations -Wno-sign-conversion -Wno-infinite-recursion -Wno-comma -Wno-block-capture-autoreleasing -Wno-strict-prototypes -Wno-semicolon-before-method-body -index-store-path /Users/siam/Library/Developer/Xcode/DerivedData/Lingua_Quest-gvpckrqxtbgyprbgppjfqmimmmfw/Index.noindex/DataStore @/Users/siam/Library/Developer/Xcode/DerivedData/Lingua_Quest-gvpckrqxtbgyprbgppjfqmimmmfw/Build/Intermediates.noindex/AppCheck.build/Debug-iphonesimulator/AppCheckCore.build/Objects-normal/x86_64/e6072d4f65d7061329687fe24e3d63a7-common-args.resp -MMD -MT dependencies -MF /Users/siam/Library/Developer/Xcode/DerivedData/Lingua_Quest-gvpckrqxtbgyprbgppjfqmimmmfw/Build/Intermediates.noindex/AppCheck.build/Debug-iphonesimulator/AppCheckCore.build/Objects-normal/x86_64/GACDeviceCheckProvider.d --serialize-diagnostics /Users/siam/Library/Developer/Xcode/DerivedData/Lingua_Quest-gvpckrqxtbgyprbgppjfqmimmmfw/Build/Intermediates.noindex/AppCheck.build/Debug-iphonesimulator/AppCheckCore.build/Objects-normal/x86_64/GACDeviceCheckProvider.dia -c /Users/siam/Library/Developer/Xcode/DerivedData/Lingua_Quest-gvpckrqxtbgyprbgppjfqmimmmfw/SourcePackages/checkouts/app-check/AppCheckCore/Sources/DeviceCheckProvider/GACDeviceCheckProvider.m -o /Users/siam/Library/Developer/Xcode/DerivedData/Lingua_Quest-gvpckrqxtbgyprbgppjfqmimmmfw/Build/Intermediates.noindex/AppCheck.build/Debug-iphonesimulator/AppCheckCore.build/Objects-normal/x86_64/GACDeviceCheckProvider.o -index-unit-output-path /AppCheck.build/Debug-iphonesimulator/AppCheckCore.build/Objects-normal/x86_64/GACDeviceCheckProvider.o

ScanDependencies /Users/siam/Library/Developer/Xcode/DerivedData/Lingua_Quest-gvpckrqxtbgyprbgppjfqmimmmfw/Build/Intermediates.noindex/AppCheck.build/Debug-iphonesimulator/AppCheckCore.build/Objects-normal/x86_64/GACDeviceCheckAPIService.o /Users/siam/Library/Developer/Xcode/DerivedData/Lingua_Quest-gvpckrqxtbgyprbgppjfqmimmmfw/SourcePackages/checkouts/app-check/AppCheckCore/Sources/DeviceCheckProvider/API/GACDeviceCheckAPIService.m normal x86_64 objective-c com.apple.compilers.llvm.clang.1_0.compiler (in target 'AppCheckCore' from project 'AppCheck')
    cd /Users/siam/Desktop/Lingua\ Quest/Lingua\ Quest.xcodeproj
    
    Using response file: /Users/siam/Library/Developer/Xcode/DerivedData/Lingua_Quest-gvpckrqxtbgyprbgppjfqmimmmfw/Build/Intermediates.noindex/AppCheck.build/Debug-iphonesimulator/AppCheckCore.build/Objects-normal/x86_64/e6072d4f65d7061329687fe24e3d63a7-common-args.resp
    
    builtin-ScanDependencies -o /Users/siam/Library/Developer/Xcode/DerivedData/Lingua_Quest-gvpckrqxtbgyprbgppjfqmimmmfw/Build/Intermediates.noindex/AppCheck.build/Debug-iphonesimulator/AppCheckCore.build/Objects-normal/x86_64/GACDeviceCheckAPIService.o.scan -- /Applications/Xcode.app/Contents/Developer/Toolchains/XcodeDefault.xctoolchain/usr/bin/clang -x objective-c -ivfsstatcache /Users/siam/Library/Developer/Xcode/DerivedData/SDKStatCaches.noindex/iphonesimulator26.0-23A339-26257891a6c027eb51374368541b8346.sdkstatcache -fmessage-length\=0 -fdiagnostics-show-note-include-stack -fmacro-backtrace-limit\=0 -fno-color-diagnostics -fmodules-prune-interval\=86400 -fmodules-prune-after\=345600 -fbuild-session-file\=/Users/siam/Library/Developer/Xcode/DerivedData/ModuleCache.noindex/Session.modulevalidation -fmodules-validate-once-per-build-session -Wnon-modular-include-in-framework-module -Werror\=non-modular-include-in-framework-module -Wno-trigraphs -Wno-missing-field-initializers -Wno-missing-prototypes -Wno-return-type -Wno-implicit-atomic-properties -Wno-objc-interface-ivars -Wno-arc-repeated-use-of-weak -Wno-missing-braces -Wparentheses -Wswitch -Wno-unused-function -Wno-unused-label -Wno-unused-parameter -Wno-unused-variable -Wunused-value -Wno-empty-body -Wno-uninitialized -Wno-unknown-pragmas -w -Wno-shadow -Wno-four-char-constants -Wno-conversion -Wno-constant-conversion -Wno-int-conversion -Wno-bool-conversion -Wno-enum-conversion -Wno-float-conversion -Wno-non-literal-null-conversion -Wno-objc-literal-conversion -Wshorten-64-to-32 -Wpointer-sign -Wno-newline-eof -Wno-selector -Wno-strict-selector-match -Wno-undeclared-selector -Wno-deprecated-implementations -Wno-implicit-fallthrough -fstrict-aliasing -Wprotocol -Wdeprecated-declarations -Wno-sign-conversion -Wno-infinite-recursion -Wno-comma -Wno-block-capture-autoreleasing -Wno-strict-prototypes -Wno-semicolon-before-method-body -index-store-path /Users/siam/Library/Developer/Xcode/DerivedData/Lingua_Quest-gvpckrqxtbgyprbgppjfqmimmmfw/Index.noindex/DataStore @/Users/siam/Library/Developer/Xcode/DerivedData/Lingua_Quest-gvpckrqxtbgyprbgppjfqmimmmfw/Build/Intermediates.noindex/AppCheck.build/Debug-iphonesimulator/AppCheckCore.build/Objects-normal/x86_64/e6072d4f65d7061329687fe24e3d63a7-common-args.resp -MMD -MT dependencies -MF /Users/siam/Library/Developer/Xcode/DerivedData/Lingua_Quest-gvpckrqxtbgyprbgppjfqmimmmfw/Build/Intermediates.noindex/AppCheck.build/Debug-iphonesimulator/AppCheckCore.build/Objects-normal/x86_64/GACDeviceCheckAPIService.d --serialize-diagnostics /Users/siam/Library/Developer/Xcode/DerivedData/Lingua_Quest-gvpckrqxtbgyprbgppjfqmimmmfw/Build/Intermediates.noindex/AppCheck.build/Debug-iphonesimulator/AppCheckCore.build/Objects-normal/x86_64/GACDeviceCheckAPIService.dia -c /Users/siam/Library/Developer/Xcode/DerivedData/Lingua_Quest-gvpckrqxtbgyprbgppjfqmimmmfw/SourcePackages/checkouts/app-check/AppCheckCore/Sources/DeviceCheckProvider/API/GACDeviceCheckAPIService.m -o /Users/siam/Library/Developer/Xcode/DerivedData/Lingua_Quest-gvpckrqxtbgyprbgppjfqmimmmfw/Build/Intermediates.noindex/AppCheck.build/Debug-iphonesimulator/AppCheckCore.build/Objects-normal/x86_64/GACDeviceCheckAPIService.o -index-unit-output-path /AppCheck.build/Debug-iphonesimulator/AppCheckCore.build/Objects-normal/x86_64/GACDeviceCheckAPIService.o

ScanDependencies /Users/siam/Library/Developer/Xcode/DerivedData/Lingua_Quest-gvpckrqxtbgyprbgppjfqmimmmfw/Build/Intermediates.noindex/AppCheck.build/Debug-iphonesimulator/AppCheckCore.build/Objects-normal/x86_64/GACAppCheckTokenResult.o /Users/siam/Library/Developer/Xcode/DerivedData/Lingua_Quest-gvpckrqxtbgyprbgppjfqmimmmfw/SourcePackages/checkouts/app-check/AppCheckCore/Sources/Core/GACAppCheckTokenResult.m normal x86_64 objective-c com.apple.compilers.llvm.clang.1_0.compiler (in target 'AppCheckCore' from project 'AppCheck')
    cd /Users/siam/Desktop/Lingua\ Quest/Lingua\ Quest.xcodeproj
    
    Using response file: /Users/siam/Library/Developer/Xcode/DerivedData/Lingua_Quest-gvpckrqxtbgyprbgppjfqmimmmfw/Build/Intermediates.noindex/AppCheck.build/Debug-iphonesimulator/AppCheckCore.build/Objects-normal/x86_64/e6072d4f65d7061329687fe24e3d63a7-common-args.resp
    
    builtin-ScanDependencies -o /Users/siam/Library/Developer/Xcode/DerivedData/Lingua_Quest-gvpckrqxtbgyprbgppjfqmimmmfw/Build/Intermediates.noindex/AppCheck.build/Debug-iphonesimulator/AppCheckCore.build/Objects-normal/x86_64/GACAppCheckTokenResult.o.scan -- /Applications/Xcode.app/Contents/Developer/Toolchains/XcodeDefault.xctoolchain/usr/bin/clang -x objective-c -ivfsstatcache /Users/siam/Library/Developer/Xcode/DerivedData/SDKStatCaches.noindex/iphonesimulator26.0-23A339-26257891a6c027eb51374368541b8346.sdkstatcache -fmessage-length\=0 -fdiagnostics-show-note-include-stack -fmacro-backtrace-limit\=0 -fno-color-diagnostics -fmodules-prune-interval\=86400 -fmodules-prune-after\=345600 -fbuild-session-file\=/Users/siam/Library/Developer/Xcode/DerivedData/ModuleCache.noindex/Session.modulevalidation -fmodules-validate-once-per-build-session -Wnon-modular-include-in-framework-module -Werror\=non-modular-include-in-framework-module -Wno-trigraphs -Wno-missing-field-initializers -Wno-missing-prototypes -Wno-return-type -Wno-implicit-atomic-properties -Wno-objc-interface-ivars -Wno-arc-repeated-use-of-weak -Wno-missing-braces -Wparentheses -Wswitch -Wno-unused-function -Wno-unused-label -Wno-unused-parameter -Wno-unused-variable -Wunused-value -Wno-empty-body -Wno-uninitialized -Wno-unknown-pragmas -w -Wno-shadow -Wno-four-char-constants -Wno-conversion -Wno-constant-conversion -Wno-int-conversion -Wno-bool-conversion -Wno-enum-conversion -Wno-float-conversion -Wno-non-literal-null-conversion -Wno-objc-literal-conversion -Wshorten-64-to-32 -Wpointer-sign -Wno-newline-eof -Wno-selector -Wno-strict-selector-match -Wno-undeclared-selector -Wno-deprecated-implementations -Wno-implicit-fallthrough -fstrict-aliasing -Wprotocol -Wdeprecated-declarations -Wno-sign-conversion -Wno-infinite-recursion -Wno-comma -Wno-block-capture-autoreleasing -Wno-strict-prototypes -Wno-semicolon-before-method-body -index-store-path /Users/siam/Library/Developer/Xcode/DerivedData/Lingua_Quest-gvpckrqxtbgyprbgppjfqmimmmfw/Index.noindex/DataStore @/Users/siam/Library/Developer/Xcode/DerivedData/Lingua_Quest-gvpckrqxtbgyprbgppjfqmimmmfw/Build/Intermediates.noindex/AppCheck.build/Debug-iphonesimulator/AppCheckCore.build/Objects-normal/x86_64/e6072d4f65d7061329687fe24e3d63a7-common-args.resp -MMD -MT dependencies -MF /Users/siam/Library/Developer/Xcode/DerivedData/Lingua_Quest-gvpckrqxtbgyprbgppjfqmimmmfw/Build/Intermediates.noindex/AppCheck.build/Debug-iphonesimulator/AppCheckCore.build/Objects-normal/x86_64/GACAppCheckTokenResult.d --serialize-diagnostics /Users/siam/Library/Developer/Xcode/DerivedData/Lingua_Quest-gvpckrqxtbgyprbgppjfqmimmmfw/Build/Intermediates.noindex/AppCheck.build/Debug-iphonesimulator/AppCheckCore.build/Objects-normal/x86_64/GACAppCheckTokenResult.dia -c /Users/siam/Library/Developer/Xcode/DerivedData/Lingua_Quest-gvpckrqxtbgyprbgppjfqmimmmfw/SourcePackages/checkouts/app-check/AppCheckCore/Sources/Core/GACAppCheckTokenResult.m -o /Users/siam/Library/Developer/Xcode/DerivedData/Lingua_Quest-gvpckrqxtbgyprbgppjfqmimmmfw/Build/Intermediates.noindex/AppCheck.build/Debug-iphonesimulator/AppCheckCore.build/Objects-normal/x86_64/GACAppCheckTokenResult.o -index-unit-output-path /AppCheck.build/Debug-iphonesimulator/AppCheckCore.build/Objects-normal/x86_64/GACAppCheckTokenResult.o

ScanDependencies /Users/siam/Library/Developer/Xcode/DerivedData/Lingua_Quest-gvpckrqxtbgyprbgppjfqmimmmfw/Build/Intermediates.noindex/AppCheck.build/Debug-iphonesimulator/AppCheckCore.build/Objects-normal/x86_64/GACAppCheckTokenRefresher.o /Users/siam/Library/Developer/Xcode/DerivedData/Lingua_Quest-gvpckrqxtbgyprbgppjfqmimmmfw/SourcePackages/checkouts/app-check/AppCheckCore/Sources/Core/TokenRefresh/GACAppCheckTokenRefresher.m normal x86_64 objective-c com.apple.compilers.llvm.clang.1_0.compiler (in target 'AppCheckCore' from project 'AppCheck')
    cd /Users/siam/Desktop/Lingua\ Quest/Lingua\ Quest.xcodeproj
    
    Using response file: /Users/siam/Library/Developer/Xcode/DerivedData/Lingua_Quest-gvpckrqxtbgyprbgppjfqmimmmfw/Build/Intermediates.noindex/AppCheck.build/Debug-iphonesimulator/AppCheckCore.build/Objects-normal/x86_64/e6072d4f65d7061329687fe24e3d63a7-common-args.resp
    
    builtin-ScanDependencies -o /Users/siam/Library/Developer/Xcode/DerivedData/Lingua_Quest-gvpckrqxtbgyprbgppjfqmimmmfw/Build/Intermediates.noindex/AppCheck.build/Debug-iphonesimulator/AppCheckCore.build/Objects-normal/x86_64/GACAppCheckTokenRefresher.o.scan -- /Applications/Xcode.app/Contents/Developer/Toolchains/XcodeDefault.xctoolchain/usr/bin/clang -x objective-c -ivfsstatcache /Users/siam/Library/Developer/Xcode/DerivedData/SDKStatCaches.noindex/iphonesimulator26.0-23A339-26257891a6c027eb51374368541b8346.sdkstatcache -fmessage-length\=0 -fdiagnostics-show-note-include-stack -fmacro-backtrace-limit\=0 -fno-color-diagnostics -fmodules-prune-interval\=86400 -fmodules-prune-after\=345600 -fbuild-session-file\=/Users/siam/Library/Developer/Xcode/DerivedData/ModuleCache.noindex/Session.modulevalidation -fmodules-validate-once-per-build-session -Wnon-modular-include-in-framework-module -Werror\=non-modular-include-in-framework-module -Wno-trigraphs -Wno-missing-field-initializers -Wno-missing-prototypes -Wno-return-type -Wno-implicit-atomic-properties -Wno-objc-interface-ivars -Wno-arc-repeated-use-of-weak -Wno-missing-braces -Wparentheses -Wswitch -Wno-unused-function -Wno-unused-label -Wno-unused-parameter -Wno-unused-variable -Wunused-value -Wno-empty-body -Wno-uninitialized -Wno-unknown-pragmas -w -Wno-shadow -Wno-four-char-constants -Wno-conversion -Wno-constant-conversion -Wno-int-conversion -Wno-bool-conversion -Wno-enum-conversion -Wno-float-conversion -Wno-non-literal-null-conversion -Wno-objc-literal-conversion -Wshorten-64-to-32 -Wpointer-sign -Wno-newline-eof -Wno-selector -Wno-strict-selector-match -Wno-undeclared-selector -Wno-deprecated-implementations -Wno-implicit-fallthrough -fstrict-aliasing -Wprotocol -Wdeprecated-declarations -Wno-sign-conversion -Wno-infinite-recursion -Wno-comma -Wno-block-capture-autoreleasing -Wno-strict-prototypes -Wno-semicolon-before-method-body -index-store-path /Users/siam/Library/Developer/Xcode/DerivedData/Lingua_Quest-gvpckrqxtbgyprbgppjfqmimmmfw/Index.noindex/DataStore @/Users/siam/Library/Developer/Xcode/DerivedData/Lingua_Quest-gvpckrqxtbgyprbgppjfqmimmmfw/Build/Intermediates.noindex/AppCheck.build/Debug-iphonesimulator/AppCheckCore.build/Objects-normal/x86_64/e6072d4f65d7061329687fe24e3d63a7-common-args.resp -MMD -MT dependencies -MF /Users/siam/Library/Developer/Xcode/DerivedData/Lingua_Quest-gvpckrqxtbgyprbgppjfqmimmmfw/Build/Intermediates.noindex/AppCheck.build/Debug-iphonesimulator/AppCheckCore.build/Objects-normal/x86_64/GACAppCheckTokenRefresher.d --serialize-diagnostics /Users/siam/Library/Developer/Xcode/DerivedData/Lingua_Quest-gvpckrqxtbgyprbgppjfqmimmmfw/Build/Intermediates.noindex/AppCheck.build/Debug-iphonesimulator/AppCheckCore.build/Objects-normal/x86_64/GACAppCheckTokenRefresher.dia -c /Users/siam/Library/Developer/Xcode/DerivedData/Lingua_Quest-gvpckrqxtbgyprbgppjfqmimmmfw/SourcePackages/checkouts/app-check/AppCheckCore/Sources/Core/TokenRefresh/GACAppCheckTokenRefresher.m -o /Users/siam/Library/Developer/Xcode/DerivedData/Lingua_Quest-gvpckrqxtbgyprbgppjfqmimmmfw/Build/Intermediates.noindex/AppCheck.build/Debug-iphonesimulator/AppCheckCore.build/Objects-normal/x86_64/GACAppCheckTokenRefresher.o -index-unit-output-path /AppCheck.build/Debug-iphonesimulator/AppCheckCore.build/Objects-normal/x86_64/GACAppCheckTokenRefresher.o

CompileC /Users/siam/Library/Developer/Xcode/DerivedData/Lingua_Quest-gvpckrqxtbgyprbgppjfqmimmmfw/Build/Intermediates.noindex/AppCheck.build/Debug-iphonesimulator/AppCheckCore.build/Objects-normal/x86_64/GACURLSessionDataResponse.o /Users/siam/Library/Developer/Xcode/DerivedData/Lingua_Quest-gvpckrqxtbgyprbgppjfqmimmmfw/SourcePackages/checkouts/app-check/AppCheckCore/Sources/Core/APIService/GACURLSessionDataResponse.m normal x86_64 objective-c com.apple.compilers.llvm.clang.1_0.compiler (in target 'AppCheckCore' from project 'AppCheck')
    cd /Users/siam/Desktop/Lingua\ Quest/Lingua\ Quest.xcodeproj
    
    Using response file: /Users/siam/Library/Developer/Xcode/DerivedData/Lingua_Quest-gvpckrqxtbgyprbgppjfqmimmmfw/Build/Intermediates.noindex/AppCheck.build/Debug-iphonesimulator/AppCheckCore.build/Objects-normal/x86_64/e6072d4f65d7061329687fe24e3d63a7-common-args.resp
    
    /Applications/Xcode.app/Contents/Developer/Toolchains/XcodeDefault.xctoolchain/usr/bin/clang -x objective-c -ivfsstatcache /Users/siam/Library/Developer/Xcode/DerivedData/SDKStatCaches.noindex/iphonesimulator26.0-23A339-26257891a6c027eb51374368541b8346.sdkstatcache -fmessage-length\=0 -fdiagnostics-show-note-include-stack -fmacro-backtrace-limit\=0 -fno-color-diagnostics -fmodules-prune-interval\=86400 -fmodules-prune-after\=345600 -fbuild-session-file\=/Users/siam/Library/Developer/Xcode/DerivedData/ModuleCache.noindex/Session.modulevalidation -fmodules-validate-once-per-build-session -Wnon-modular-include-in-framework-module -Werror\=non-modular-include-in-framework-module -Wno-trigraphs -Wno-missing-field-initializers -Wno-missing-prototypes -Wno-return-type -Wno-implicit-atomic-properties -Wno-objc-interface-ivars -Wno-arc-repeated-use-of-weak -Wno-missing-braces -Wparentheses -Wswitch -Wno-unused-function -Wno-unused-label -Wno-unused-parameter -Wno-unused-variable -Wunused-value -Wno-empty-body -Wno-uninitialized -Wno-unknown-pragmas -w -Wno-shadow -Wno-four-char-constants -Wno-conversion -Wno-constant-conversion -Wno-int-conversion -Wno-bool-conversion -Wno-enum-conversion -Wno-float-conversion -Wno-non-literal-null-conversion -Wno-objc-literal-conversion -Wshorten-64-to-32 -Wpointer-sign -Wno-newline-eof -Wno-selector -Wno-strict-selector-match -Wno-undeclared-selector -Wno-deprecated-implementations -Wno-implicit-fallthrough -fstrict-aliasing -Wprotocol -Wdeprecated-declarations -Wno-sign-conversion -Wno-infinite-recursion -Wno-comma -Wno-block-capture-autoreleasing -Wno-strict-prototypes -Wno-semicolon-before-method-body -index-store-path /Users/siam/Library/Developer/Xcode/DerivedData/Lingua_Quest-gvpckrqxtbgyprbgppjfqmimmmfw/Index.noindex/DataStore @/Users/siam/Library/Developer/Xcode/DerivedData/Lingua_Quest-gvpckrqxtbgyprbgppjfqmimmmfw/Build/Intermediates.noindex/AppCheck.build/Debug-iphonesimulator/AppCheckCore.build/Objects-normal/x86_64/e6072d4f65d7061329687fe24e3d63a7-common-args.resp -MMD -MT dependencies -MF /Users/siam/Library/Developer/Xcode/DerivedData/Lingua_Quest-gvpckrqxtbgyprbgppjfqmimmmfw/Build/Intermediates.noindex/AppCheck.build/Debug-iphonesimulator/AppCheckCore.build/Objects-normal/x86_64/GACURLSessionDataResponse.d --serialize-diagnostics /Users/siam/Library/Developer/Xcode/DerivedData/Lingua_Quest-gvpckrqxtbgyprbgppjfqmimmmfw/Build/Intermediates.noindex/AppCheck.build/Debug-iphonesimulator/AppCheckCore.build/Objects-normal/x86_64/GACURLSessionDataResponse.dia -c /Users/siam/Library/Developer/Xcode/DerivedData/Lingua_Quest-gvpckrqxtbgyprbgppjfqmimmmfw/SourcePackages/checkouts/app-check/AppCheckCore/Sources/Core/APIService/GACURLSessionDataResponse.m -o /Users/siam/Library/Developer/Xcode/DerivedData/Lingua_Quest-gvpckrqxtbgyprbgppjfqmimmmfw/Build/Intermediates.noindex/AppCheck.build/Debug-iphonesimulator/AppCheckCore.build/Objects-normal/x86_64/GACURLSessionDataResponse.o -index-unit-output-path /AppCheck.build/Debug-iphonesimulator/AppCheckCore.build/Objects-normal/x86_64/GACURLSessionDataResponse.o

CompileC /Users/siam/Library/Developer/Xcode/DerivedData/Lingua_Quest-gvpckrqxtbgyprbgppjfqmimmmfw/Build/Intermediates.noindex/AppCheck.build/Debug-iphonesimulator/AppCheckCore.build/Objects-normal/x86_64/NSURLSession+GACPromises.o /Users/siam/Library/Developer/Xcode/DerivedData/Lingua_Quest-gvpckrqxtbgyprbgppjfqmimmmfw/SourcePackages/checkouts/app-check/AppCheckCore/Sources/Core/APIService/NSURLSession+GACPromises.m normal x86_64 objective-c com.apple.compilers.llvm.clang.1_0.compiler (in target 'AppCheckCore' from project 'AppCheck')
    cd /Users/siam/Desktop/Lingua\ Quest/Lingua\ Quest.xcodeproj
    
    Using response file: /Users/siam/Library/Developer/Xcode/DerivedData/Lingua_Quest-gvpckrqxtbgyprbgppjfqmimmmfw/Build/Intermediates.noindex/AppCheck.build/Debug-iphonesimulator/AppCheckCore.build/Objects-normal/x86_64/e6072d4f65d7061329687fe24e3d63a7-common-args.resp
    
    /Applications/Xcode.app/Contents/Developer/Toolchains/XcodeDefault.xctoolchain/usr/bin/clang -x objective-c -ivfsstatcache /Users/siam/Library/Developer/Xcode/DerivedData/SDKStatCaches.noindex/iphonesimulator26.0-23A339-26257891a6c027eb51374368541b8346.sdkstatcache -fmessage-length\=0 -fdiagnostics-show-note-include-stack -fmacro-backtrace-limit\=0 -fno-color-diagnostics -fmodules-prune-interval\=86400 -fmodules-prune-after\=345600 -fbuild-session-file\=/Users/siam/Library/Developer/Xcode/DerivedData/ModuleCache.noindex/Session.modulevalidation -fmodules-validate-once-per-build-session -Wnon-modular-include-in-framework-module -Werror\=non-modular-include-in-framework-module -Wno-trigraphs -Wno-missing-field-initializers -Wno-missing-prototypes -Wno-return-type -Wno-implicit-atomic-properties -Wno-objc-interface-ivars -Wno-arc-repeated-use-of-weak -Wno-missing-braces -Wparentheses -Wswitch -Wno-unused-function -Wno-unused-label -Wno-unused-parameter -Wno-unused-variable -Wunused-value -Wno-empty-body -Wno-uninitialized -Wno-unknown-pragmas -w -Wno-shadow -Wno-four-char-constants -Wno-conversion -Wno-constant-conversion -Wno-int-conversion -Wno-bool-conversion -Wno-enum-conversion -Wno-float-conversion -Wno-non-literal-null-conversion -Wno-objc-literal-conversion -Wshorten-64-to-32 -Wpointer-sign -Wno-newline-eof -Wno-selector -Wno-strict-selector-match -Wno-undeclared-selector -Wno-deprecated-implementations -Wno-implicit-fallthrough -fstrict-aliasing -Wprotocol -Wdeprecated-declarations -Wno-sign-conversion -Wno-infinite-recursion -Wno-comma -Wno-block-capture-autoreleasing -Wno-strict-prototypes -Wno-semicolon-before-method-body -index-store-path /Users/siam/Library/Developer/Xcode/DerivedData/Lingua_Quest-gvpckrqxtbgyprbgppjfqmimmmfw/Index.noindex/DataStore @/Users/siam/Library/Developer/Xcode/DerivedData/Lingua_Quest-gvpckrqxtbgyprbgppjfqmimmmfw/Build/Intermediates.noindex/AppCheck.build/Debug-iphonesimulator/AppCheckCore.build/Objects-normal/x86_64/e6072d4f65d7061329687fe24e3d63a7-common-args.resp -MMD -MT dependencies -MF /Users/siam/Library/Developer/Xcode/DerivedData/Lingua_Quest-gvpckrqxtbgyprbgppjfqmimmmfw/Build/Intermediates.noindex/AppCheck.build/Debug-iphonesimulator/AppCheckCore.build/Objects-normal/x86_64/NSURLSession+GACPromises.d --serialize-diagnostics /Users/siam/Library/Developer/Xcode/DerivedData/Lingua_Quest-gvpckrqxtbgyprbgppjfqmimmmfw/Build/Intermediates.noindex/AppCheck.build/Debug-iphonesimulator/AppCheckCore.build/Objects-normal/x86_64/NSURLSession+GACPromises.dia -c /Users/siam/Library/Developer/Xcode/DerivedData/Lingua_Quest-gvpckrqxtbgyprbgppjfqmimmmfw/SourcePackages/checkouts/app-check/AppCheckCore/Sources/Core/APIService/NSURLSession+GACPromises.m -o /Users/siam/Library/Developer/Xcode/DerivedData/Lingua_Quest-gvpckrqxtbgyprbgppjfqmimmmfw/Build/Intermediates.noindex/AppCheck.build/Debug-iphonesimulator/AppCheckCore.build/Objects-normal/x86_64/NSURLSession+GACPromises.o -index-unit-output-path /AppCheck.build/Debug-iphonesimulator/AppCheckCore.build/Objects-normal/x86_64/NSURLSession+GACPromises.o

PrecompileModule /Users/siam/Library/Developer/Xcode/DerivedData/Lingua_Quest-gvpckrqxtbgyprbgppjfqmimmmfw/Build/Intermediates.noindex/ExplicitPrecompiledModules/CoreImage-5GEX08XI2AFKGKACVH6GS7OCW.scan
    cd /
    builtin-precompileModule /Users/siam/Library/Developer/Xcode/DerivedData/Lingua_Quest-gvpckrqxtbgyprbgppjfqmimmmfw/Build/Intermediates.noindex/ExplicitPrecompiledModules/CoreImage-5GEX08XI2AFKGKACVH6GS7OCW.scan

CompileC /Users/siam/Library/Developer/Xcode/DerivedData/Lingua_Quest-gvpckrqxtbgyprbgppjfqmimmmfw/Build/Intermediates.noindex/AppCheck.build/Debug-iphonesimulator/AppCheckCore.build/Objects-normal/x86_64/GACDeviceCheckAPIService.o /Users/siam/Library/Developer/Xcode/DerivedData/Lingua_Quest-gvpckrqxtbgyprbgppjfqmimmmfw/SourcePackages/checkouts/app-check/AppCheckCore/Sources/DeviceCheckProvider/API/GACDeviceCheckAPIService.m normal x86_64 objective-c com.apple.compilers.llvm.clang.1_0.compiler (in target 'AppCheckCore' from project 'AppCheck')
    cd /Users/siam/Desktop/Lingua\ Quest/Lingua\ Quest.xcodeproj
    
    Using response file: /Users/siam/Library/Developer/Xcode/DerivedData/Lingua_Quest-gvpckrqxtbgyprbgppjfqmimmmfw/Build/Intermediates.noindex/AppCheck.build/Debug-iphonesimulator/AppCheckCore.build/Objects-normal/x86_64/e6072d4f65d7061329687fe24e3d63a7-common-args.resp
    
    /Applications/Xcode.app/Contents/Developer/Toolchains/XcodeDefault.xctoolchain/usr/bin/clang -x objective-c -ivfsstatcache /Users/siam/Library/Developer/Xcode/DerivedData/SDKStatCaches.noindex/iphonesimulator26.0-23A339-26257891a6c027eb51374368541b8346.sdkstatcache -fmessage-length\=0 -fdiagnostics-show-note-include-stack -fmacro-backtrace-limit\=0 -fno-color-diagnostics -fmodules-prune-interval\=86400 -fmodules-prune-after\=345600 -fbuild-session-file\=/Users/siam/Library/Developer/Xcode/DerivedData/ModuleCache.noindex/Session.modulevalidation -fmodules-validate-once-per-build-session -Wnon-modular-include-in-framework-module -Werror\=non-modular-include-in-framework-module -Wno-trigraphs -Wno-missing-field-initializers -Wno-missing-prototypes -Wno-return-type -Wno-implicit-atomic-properties -Wno-objc-interface-ivars -Wno-arc-repeated-use-of-weak -Wno-missing-braces -Wparentheses -Wswitch -Wno-unused-function -Wno-unused-label -Wno-unused-parameter -Wno-unused-variable -Wunused-value -Wno-empty-body -Wno-uninitialized -Wno-unknown-pragmas -w -Wno-shadow -Wno-four-char-constants -Wno-conversion -Wno-constant-conversion -Wno-int-conversion -Wno-bool-conversion -Wno-enum-conversion -Wno-float-conversion -Wno-non-literal-null-conversion -Wno-objc-literal-conversion -Wshorten-64-to-32 -Wpointer-sign -Wno-newline-eof -Wno-selector -Wno-strict-selector-match -Wno-undeclared-selector -Wno-deprecated-implementations -Wno-implicit-fallthrough -fstrict-aliasing -Wprotocol -Wdeprecated-declarations -Wno-sign-conversion -Wno-infinite-recursion -Wno-comma -Wno-block-capture-autoreleasing -Wno-strict-prototypes -Wno-semicolon-before-method-body -index-store-path /Users/siam/Library/Developer/Xcode/DerivedData/Lingua_Quest-gvpckrqxtbgyprbgppjfqmimmmfw/Index.noindex/DataStore @/Users/siam/Library/Developer/Xcode/DerivedData/Lingua_Quest-gvpckrqxtbgyprbgppjfqmimmmfw/Build/Intermediates.noindex/AppCheck.build/Debug-iphonesimulator/AppCheckCore.build/Objects-normal/x86_64/e6072d4f65d7061329687fe24e3d63a7-common-args.resp -MMD -MT dependencies -MF /Users/siam/Library/Developer/Xcode/DerivedData/Lingua_Quest-gvpckrqxtbgyprbgppjfqmimmmfw/Build/Intermediates.noindex/AppCheck.build/Debug-iphonesimulator/AppCheckCore.build/Objects-normal/x86_64/GACDeviceCheckAPIService.d --serialize-diagnostics /Users/siam/Library/Developer/Xcode/DerivedData/Lingua_Quest-gvpckrqxtbgyprbgppjfqmimmmfw/Build/Intermediates.noindex/AppCheck.build/Debug-iphonesimulator/AppCheckCore.build/Objects-normal/x86_64/GACDeviceCheckAPIService.dia -c /Users/siam/Library/Developer/Xcode/DerivedData/Lingua_Quest-gvpckrqxtbgyprbgppjfqmimmmfw/SourcePackages/checkouts/app-check/AppCheckCore/Sources/DeviceCheckProvider/API/GACDeviceCheckAPIService.m -o /Users/siam/Library/Developer/Xcode/DerivedData/Lingua_Quest-gvpckrqxtbgyprbgppjfqmimmmfw/Build/Intermediates.noindex/AppCheck.build/Debug-iphonesimulator/AppCheckCore.build/Objects-normal/x86_64/GACDeviceCheckAPIService.o -index-unit-output-path /AppCheck.build/Debug-iphonesimulator/AppCheckCore.build/Objects-normal/x86_64/GACDeviceCheckAPIService.o

PrecompileModule /Users/siam/Library/Developer/Xcode/DerivedData/Lingua_Quest-gvpckrqxtbgyprbgppjfqmimmmfw/Build/Intermediates.noindex/ExplicitPrecompiledModules/QuartzCore-7XSZ69AJRSEBQIZQWY1H2AEH7.scan
    cd /
    builtin-precompileModule /Users/siam/Library/Developer/Xcode/DerivedData/Lingua_Quest-gvpckrqxtbgyprbgppjfqmimmmfw/Build/Intermediates.noindex/ExplicitPrecompiledModules/QuartzCore-7XSZ69AJRSEBQIZQWY1H2AEH7.scan

ScanDependencies /Users/siam/Library/Developer/Xcode/DerivedData/Lingua_Quest-gvpckrqxtbgyprbgppjfqmimmmfw/Build/Intermediates.noindex/AppCheck.build/Debug-iphonesimulator/AppCheckCore.build/Objects-normal/x86_64/GACAppCheckTokenRefreshResult.o /Users/siam/Library/Developer/Xcode/DerivedData/Lingua_Quest-gvpckrqxtbgyprbgppjfqmimmmfw/SourcePackages/checkouts/app-check/AppCheckCore/Sources/Core/TokenRefresh/GACAppCheckTokenRefreshResult.m normal x86_64 objective-c com.apple.compilers.llvm.clang.1_0.compiler (in target 'AppCheckCore' from project 'AppCheck')
    cd /Users/siam/Desktop/Lingua\ Quest/Lingua\ Quest.xcodeproj
    
    Using response file: /Users/siam/Library/Developer/Xcode/DerivedData/Lingua_Quest-gvpckrqxtbgyprbgppjfqmimmmfw/Build/Intermediates.noindex/AppCheck.build/Debug-iphonesimulator/AppCheckCore.build/Objects-normal/x86_64/e6072d4f65d7061329687fe24e3d63a7-common-args.resp
    
    builtin-ScanDependencies -o /Users/siam/Library/Developer/Xcode/DerivedData/Lingua_Quest-gvpckrqxtbgyprbgppjfqmimmmfw/Build/Intermediates.noindex/AppCheck.build/Debug-iphonesimulator/AppCheckCore.build/Objects-normal/x86_64/GACAppCheckTokenRefreshResult.o.scan -- /Applications/Xcode.app/Contents/Developer/Toolchains/XcodeDefault.xctoolchain/usr/bin/clang -x objective-c -ivfsstatcache /Users/siam/Library/Developer/Xcode/DerivedData/SDKStatCaches.noindex/iphonesimulator26.0-23A339-26257891a6c027eb51374368541b8346.sdkstatcache -fmessage-length\=0 -fdiagnostics-show-note-include-stack -fmacro-backtrace-limit\=0 -fno-color-diagnostics -fmodules-prune-interval\=86400 -fmodules-prune-after\=345600 -fbuild-session-file\=/Users/siam/Library/Developer/Xcode/DerivedData/ModuleCache.noindex/Session.modulevalidation -fmodules-validate-once-per-build-session -Wnon-modular-include-in-framework-module -Werror\=non-modular-include-in-framework-module -Wno-trigraphs -Wno-missing-field-initializers -Wno-missing-prototypes -Wno-return-type -Wno-implicit-atomic-properties -Wno-objc-interface-ivars -Wno-arc-repeated-use-of-weak -Wno-missing-braces -Wparentheses -Wswitch -Wno-unused-function -Wno-unused-label -Wno-unused-parameter -Wno-unused-variable -Wunused-value -Wno-empty-body -Wno-uninitialized -Wno-unknown-pragmas -w -Wno-shadow -Wno-four-char-constants -Wno-conversion -Wno-constant-conversion -Wno-int-conversion -Wno-bool-conversion -Wno-enum-conversion -Wno-float-conversion -Wno-non-literal-null-conversion -Wno-objc-literal-conversion -Wshorten-64-to-32 -Wpointer-sign -Wno-newline-eof -Wno-selector -Wno-strict-selector-match -Wno-undeclared-selector -Wno-deprecated-implementations -Wno-implicit-fallthrough -fstrict-aliasing -Wprotocol -Wdeprecated-declarations -Wno-sign-conversion -Wno-infinite-recursion -Wno-comma -Wno-block-capture-autoreleasing -Wno-strict-prototypes -Wno-semicolon-before-method-body -index-store-path /Users/siam/Library/Developer/Xcode/DerivedData/Lingua_Quest-gvpckrqxtbgyprbgppjfqmimmmfw/Index.noindex/DataStore @/Users/siam/Library/Developer/Xcode/DerivedData/Lingua_Quest-gvpckrqxtbgyprbgppjfqmimmmfw/Build/Intermediates.noindex/AppCheck.build/Debug-iphonesimulator/AppCheckCore.build/Objects-normal/x86_64/e6072d4f65d7061329687fe24e3d63a7-common-args.resp -MMD -MT dependencies -MF /Users/siam/Library/Developer/Xcode/DerivedData/Lingua_Quest-gvpckrqxtbgyprbgppjfqmimmmfw/Build/Intermediates.noindex/AppCheck.build/Debug-iphonesimulator/AppCheckCore.build/Objects-normal/x86_64/GACAppCheckTokenRefreshResult.d --serialize-diagnostics /Users/siam/Library/Developer/Xcode/DerivedData/Lingua_Quest-gvpckrqxtbgyprbgppjfqmimmmfw/Build/Intermediates.noindex/AppCheck.build/Debug-iphonesimulator/AppCheckCore.build/Objects-normal/x86_64/GACAppCheckTokenRefreshResult.dia -c /Users/siam/Library/Developer/Xcode/DerivedData/Lingua_Quest-gvpckrqxtbgyprbgppjfqmimmmfw/SourcePackages/checkouts/app-check/AppCheckCore/Sources/Core/TokenRefresh/GACAppCheckTokenRefreshResult.m -o /Users/siam/Library/Developer/Xcode/DerivedData/Lingua_Quest-gvpckrqxtbgyprbgppjfqmimmmfw/Build/Intermediates.noindex/AppCheck.build/Debug-iphonesimulator/AppCheckCore.build/Objects-normal/x86_64/GACAppCheckTokenRefreshResult.o -index-unit-output-path /AppCheck.build/Debug-iphonesimulator/AppCheckCore.build/Objects-normal/x86_64/GACAppCheckTokenRefreshResult.o

PrecompileModule /Users/siam/Library/Developer/Xcode/DerivedData/Lingua_Quest-gvpckrqxtbgyprbgppjfqmimmmfw/Build/Intermediates.noindex/ExplicitPrecompiledModules/CoreImage-7LF7VCQ3V0105MWSAMRR3XY93.scan
    cd /
    builtin-precompileModule /Users/siam/Library/Developer/Xcode/DerivedData/Lingua_Quest-gvpckrqxtbgyprbgppjfqmimmmfw/Build/Intermediates.noindex/ExplicitPrecompiledModules/CoreImage-7LF7VCQ3V0105MWSAMRR3XY93.scan

CompileC /Users/siam/Library/Developer/Xcode/DerivedData/Lingua_Quest-gvpckrqxtbgyprbgppjfqmimmmfw/Build/Intermediates.noindex/leveldb.build/Debug-iphonesimulator/leveldb.build/Objects-normal/arm64/resource_bundle_accessor.o /Users/siam/Library/Developer/Xcode/DerivedData/Lingua_Quest-gvpckrqxtbgyprbgppjfqmimmmfw/Build/Intermediates.noindex/leveldb.build/Debug-iphonesimulator/leveldb.build/DerivedSources/resource_bundle_accessor.m normal arm64 objective-c com.apple.compilers.llvm.clang.1_0.compiler (in target 'leveldb' from project 'leveldb')
    cd /Users/siam/Desktop/Lingua\ Quest/Lingua\ Quest.xcodeproj
    
    Using response file: /Users/siam/Library/Developer/Xcode/DerivedData/Lingua_Quest-gvpckrqxtbgyprbgppjfqmimmmfw/Build/Intermediates.noindex/leveldb.build/Debug-iphonesimulator/leveldb.build/Objects-normal/arm64/e6072d4f65d7061329687fe24e3d63a7-common-args.resp
    
    /Applications/Xcode.app/Contents/Developer/Toolchains/XcodeDefault.xctoolchain/usr/bin/clang -x objective-c -ivfsstatcache /Users/siam/Library/Developer/Xcode/DerivedData/SDKStatCaches.noindex/iphonesimulator26.0-23A339-26257891a6c027eb51374368541b8346.sdkstatcache -fmessage-length\=0 -fdiagnostics-show-note-include-stack -fmacro-backtrace-limit\=0 -fno-color-diagnostics -fmodules-prune-interval\=86400 -fmodules-prune-after\=345600 -fbuild-session-file\=/Users/siam/Library/Developer/Xcode/DerivedData/ModuleCache.noindex/Session.modulevalidation -fmodules-validate-once-per-build-session -Wnon-modular-include-in-framework-module -Werror\=non-modular-include-in-framework-module -Wno-trigraphs -Wno-missing-field-initializers -Wno-missing-prototypes -Wno-return-type -Wno-implicit-atomic-properties -Wno-objc-interface-ivars -Wno-arc-repeated-use-of-weak -Wno-missing-braces -Wparentheses -Wswitch -Wno-unused-function -Wno-unused-label -Wno-unused-parameter -Wno-unused-variable -Wunused-value -Wno-empty-body -Wno-uninitialized -Wno-unknown-pragmas -w -Wno-shadow -Wno-four-char-constants -Wno-conversion -Wno-constant-conversion -Wno-int-conversion -Wno-bool-conversion -Wno-enum-conversion -Wno-float-conversion -Wno-non-literal-null-conversion -Wno-objc-literal-conversion -Wshorten-64-to-32 -Wpointer-sign -Wno-newline-eof -Wno-selector -Wno-strict-selector-match -Wno-undeclared-selector -Wno-deprecated-implementations -Wno-implicit-fallthrough -fstrict-aliasing -Wprotocol -Wdeprecated-declarations -Wno-sign-conversion -Wno-infinite-recursion -Wno-comma -Wno-block-capture-autoreleasing -Wno-strict-prototypes -Wno-semicolon-before-method-body -index-store-path /Users/siam/Library/Developer/Xcode/DerivedData/Lingua_Quest-gvpckrqxtbgyprbgppjfqmimmmfw/Index.noindex/DataStore @/Users/siam/Library/Developer/Xcode/DerivedData/Lingua_Quest-gvpckrqxtbgyprbgppjfqmimmmfw/Build/Intermediates.noindex/leveldb.build/Debug-iphonesimulator/leveldb.build/Objects-normal/arm64/e6072d4f65d7061329687fe24e3d63a7-common-args.resp -include /Users/siam/Library/Developer/Xcode/DerivedData/Lingua_Quest-gvpckrqxtbgyprbgppjfqmimmmfw/Build/Intermediates.noindex/leveldb.build/Debug-iphonesimulator/leveldb.build/DerivedSources/resource_bundle_accessor.h -MMD -MT dependencies -MF /Users/siam/Library/Developer/Xcode/DerivedData/Lingua_Quest-gvpckrqxtbgyprbgppjfqmimmmfw/Build/Intermediates.noindex/leveldb.build/Debug-iphonesimulator/leveldb.build/Objects-normal/arm64/resource_bundle_accessor.d --serialize-diagnostics /Users/siam/Library/Developer/Xcode/DerivedData/Lingua_Quest-gvpckrqxtbgyprbgppjfqmimmmfw/Build/Intermediates.noindex/leveldb.build/Debug-iphonesimulator/leveldb.build/Objects-normal/arm64/resource_bundle_accessor.dia -c /Users/siam/Library/Developer/Xcode/DerivedData/Lingua_Quest-gvpckrqxtbgyprbgppjfqmimmmfw/Build/Intermediates.noindex/leveldb.build/Debug-iphonesimulator/leveldb.build/DerivedSources/resource_bundle_accessor.m -o /Users/siam/Library/Developer/Xcode/DerivedData/Lingua_Quest-gvpckrqxtbgyprbgppjfqmimmmfw/Build/Intermediates.noindex/leveldb.build/Debug-iphonesimulator/leveldb.build/Objects-normal/arm64/resource_bundle_accessor.o -index-unit-output-path /leveldb.build/Debug-iphonesimulator/leveldb.build/Objects-normal/arm64/resource_bundle_accessor.o

CompileC /Users/siam/Library/Developer/Xcode/DerivedData/Lingua_Quest-gvpckrqxtbgyprbgppjfqmimmmfw/Build/Intermediates.noindex/AppCheck.build/Debug-iphonesimulator/AppCheckCore.build/Objects-normal/x86_64/GACAppCheckTokenRefresher.o /Users/siam/Library/Developer/Xcode/DerivedData/Lingua_Quest-gvpckrqxtbgyprbgppjfqmimmmfw/SourcePackages/checkouts/app-check/AppCheckCore/Sources/Core/TokenRefresh/GACAppCheckTokenRefresher.m normal x86_64 objective-c com.apple.compilers.llvm.clang.1_0.compiler (in target 'AppCheckCore' from project 'AppCheck')
    cd /Users/siam/Desktop/Lingua\ Quest/Lingua\ Quest.xcodeproj
    
    Using response file: /Users/siam/Library/Developer/Xcode/DerivedData/Lingua_Quest-gvpckrqxtbgyprbgppjfqmimmmfw/Build/Intermediates.noindex/AppCheck.build/Debug-iphonesimulator/AppCheckCore.build/Objects-normal/x86_64/e6072d4f65d7061329687fe24e3d63a7-common-args.resp
    
    /Applications/Xcode.app/Contents/Developer/Toolchains/XcodeDefault.xctoolchain/usr/bin/clang -x objective-c -ivfsstatcache /Users/siam/Library/Developer/Xcode/DerivedData/SDKStatCaches.noindex/iphonesimulator26.0-23A339-26257891a6c027eb51374368541b8346.sdkstatcache -fmessage-length\=0 -fdiagnostics-show-note-include-stack -fmacro-backtrace-limit\=0 -fno-color-diagnostics -fmodules-prune-interval\=86400 -fmodules-prune-after\=345600 -fbuild-session-file\=/Users/siam/Library/Developer/Xcode/DerivedData/ModuleCache.noindex/Session.modulevalidation -fmodules-validate-once-per-build-session -Wnon-modular-include-in-framework-module -Werror\=non-modular-include-in-framework-module -Wno-trigraphs -Wno-missing-field-initializers -Wno-missing-prototypes -Wno-return-type -Wno-implicit-atomic-properties -Wno-objc-interface-ivars -Wno-arc-repeated-use-of-weak -Wno-missing-braces -Wparentheses -Wswitch -Wno-unused-function -Wno-unused-label -Wno-unused-parameter -Wno-unused-variable -Wunused-value -Wno-empty-body -Wno-uninitialized -Wno-unknown-pragmas -w -Wno-shadow -Wno-four-char-constants -Wno-conversion -Wno-constant-conversion -Wno-int-conversion -Wno-bool-conversion -Wno-enum-conversion -Wno-float-conversion -Wno-non-literal-null-conversion -Wno-objc-literal-conversion -Wshorten-64-to-32 -Wpointer-sign -Wno-newline-eof -Wno-selector -Wno-strict-selector-match -Wno-undeclared-selector -Wno-deprecated-implementations -Wno-implicit-fallthrough -fstrict-aliasing -Wprotocol -Wdeprecated-declarations -Wno-sign-conversion -Wno-infinite-recursion -Wno-comma -Wno-block-capture-autoreleasing -Wno-strict-prototypes -Wno-semicolon-before-method-body -index-store-path /Users/siam/Library/Developer/Xcode/DerivedData/Lingua_Quest-gvpckrqxtbgyprbgppjfqmimmmfw/Index.noindex/DataStore @/Users/siam/Library/Developer/Xcode/DerivedData/Lingua_Quest-gvpckrqxtbgyprbgppjfqmimmmfw/Build/Intermediates.noindex/AppCheck.build/Debug-iphonesimulator/AppCheckCore.build/Objects-normal/x86_64/e6072d4f65d7061329687fe24e3d63a7-common-args.resp -MMD -MT dependencies -MF /Users/siam/Library/Developer/Xcode/DerivedData/Lingua_Quest-gvpckrqxtbgyprbgppjfqmimmmfw/Build/Intermediates.noindex/AppCheck.build/Debug-iphonesimulator/AppCheckCore.build/Objects-normal/x86_64/GACAppCheckTokenRefresher.d --serialize-diagnostics /Users/siam/Library/Developer/Xcode/DerivedData/Lingua_Quest-gvpckrqxtbgyprbgppjfqmimmmfw/Build/Intermediates.noindex/AppCheck.build/Debug-iphonesimulator/AppCheckCore.build/Objects-normal/x86_64/GACAppCheckTokenRefresher.dia -c /Users/siam/Library/Developer/Xcode/DerivedData/Lingua_Quest-gvpckrqxtbgyprbgppjfqmimmmfw/SourcePackages/checkouts/app-check/AppCheckCore/Sources/Core/TokenRefresh/GACAppCheckTokenRefresher.m -o /Users/siam/Library/Developer/Xcode/DerivedData/Lingua_Quest-gvpckrqxtbgyprbgppjfqmimmmfw/Build/Intermediates.noindex/AppCheck.build/Debug-iphonesimulator/AppCheckCore.build/Objects-normal/x86_64/GACAppCheckTokenRefresher.o -index-unit-output-path /AppCheck.build/Debug-iphonesimulator/AppCheckCore.build/Objects-normal/x86_64/GACAppCheckTokenRefresher.o

CompileC /Users/siam/Library/Developer/Xcode/DerivedData/Lingua_Quest-gvpckrqxtbgyprbgppjfqmimmmfw/Build/Intermediates.noindex/AppCheck.build/Debug-iphonesimulator/AppCheckCore.build/Objects-normal/x86_64/GACDeviceCheckProvider.o /Users/siam/Library/Developer/Xcode/DerivedData/Lingua_Quest-gvpckrqxtbgyprbgppjfqmimmmfw/SourcePackages/checkouts/app-check/AppCheckCore/Sources/DeviceCheckProvider/GACDeviceCheckProvider.m normal x86_64 objective-c com.apple.compilers.llvm.clang.1_0.compiler (in target 'AppCheckCore' from project 'AppCheck')
    cd /Users/siam/Desktop/Lingua\ Quest/Lingua\ Quest.xcodeproj
    
    Using response file: /Users/siam/Library/Developer/Xcode/DerivedData/Lingua_Quest-gvpckrqxtbgyprbgppjfqmimmmfw/Build/Intermediates.noindex/AppCheck.build/Debug-iphonesimulator/AppCheckCore.build/Objects-normal/x86_64/e6072d4f65d7061329687fe24e3d63a7-common-args.resp
    
    /Applications/Xcode.app/Contents/Developer/Toolchains/XcodeDefault.xctoolchain/usr/bin/clang -x objective-c -ivfsstatcache /Users/siam/Library/Developer/Xcode/DerivedData/SDKStatCaches.noindex/iphonesimulator26.0-23A339-26257891a6c027eb51374368541b8346.sdkstatcache -fmessage-length\=0 -fdiagnostics-show-note-include-stack -fmacro-backtrace-limit\=0 -fno-color-diagnostics -fmodules-prune-interval\=86400 -fmodules-prune-after\=345600 -fbuild-session-file\=/Users/siam/Library/Developer/Xcode/DerivedData/ModuleCache.noindex/Session.modulevalidation -fmodules-validate-once-per-build-session -Wnon-modular-include-in-framework-module -Werror\=non-modular-include-in-framework-module -Wno-trigraphs -Wno-missing-field-initializers -Wno-missing-prototypes -Wno-return-type -Wno-implicit-atomic-properties -Wno-objc-interface-ivars -Wno-arc-repeated-use-of-weak -Wno-missing-braces -Wparentheses -Wswitch -Wno-unused-function -Wno-unused-label -Wno-unused-parameter -Wno-unused-variable -Wunused-value -Wno-empty-body -Wno-uninitialized -Wno-unknown-pragmas -w -Wno-shadow -Wno-four-char-constants -Wno-conversion -Wno-constant-conversion -Wno-int-conversion -Wno-bool-conversion -Wno-enum-conversion -Wno-float-conversion -Wno-non-literal-null-conversion -Wno-objc-literal-conversion -Wshorten-64-to-32 -Wpointer-sign -Wno-newline-eof -Wno-selector -Wno-strict-selector-match -Wno-undeclared-selector -Wno-deprecated-implementations -Wno-implicit-fallthrough -fstrict-aliasing -Wprotocol -Wdeprecated-declarations -Wno-sign-conversion -Wno-infinite-recursion -Wno-comma -Wno-block-capture-autoreleasing -Wno-strict-prototypes -Wno-semicolon-before-method-body -index-store-path /Users/siam/Library/Developer/Xcode/DerivedData/Lingua_Quest-gvpckrqxtbgyprbgppjfqmimmmfw/Index.noindex/DataStore @/Users/siam/Library/Developer/Xcode/DerivedData/Lingua_Quest-gvpckrqxtbgyprbgppjfqmimmmfw/Build/Intermediates.noindex/AppCheck.build/Debug-iphonesimulator/AppCheckCore.build/Objects-normal/x86_64/e6072d4f65d7061329687fe24e3d63a7-common-args.resp -MMD -MT dependencies -MF /Users/siam/Library/Developer/Xcode/DerivedData/Lingua_Quest-gvpckrqxtbgyprbgppjfqmimmmfw/Build/Intermediates.noindex/AppCheck.build/Debug-iphonesimulator/AppCheckCore.build/Objects-normal/x86_64/GACDeviceCheckProvider.d --serialize-diagnostics /Users/siam/Library/Developer/Xcode/DerivedData/Lingua_Quest-gvpckrqxtbgyprbgppjfqmimmmfw/Build/Intermediates.noindex/AppCheck.build/Debug-iphonesimulator/AppCheckCore.build/Objects-normal/x86_64/GACDeviceCheckProvider.dia -c /Users/siam/Library/Developer/Xcode/DerivedData/Lingua_Quest-gvpckrqxtbgyprbgppjfqmimmmfw/SourcePackages/checkouts/app-check/AppCheckCore/Sources/DeviceCheckProvider/GACDeviceCheckProvider.m -o /Users/siam/Library/Developer/Xcode/DerivedData/Lingua_Quest-gvpckrqxtbgyprbgppjfqmimmmfw/Build/Intermediates.noindex/AppCheck.build/Debug-iphonesimulator/AppCheckCore.build/Objects-normal/x86_64/GACDeviceCheckProvider.o -index-unit-output-path /AppCheck.build/Debug-iphonesimulator/AppCheckCore.build/Objects-normal/x86_64/GACDeviceCheckProvider.o

CompileC /Users/siam/Library/Developer/Xcode/DerivedData/Lingua_Quest-gvpckrqxtbgyprbgppjfqmimmmfw/Build/Intermediates.noindex/AppCheck.build/Debug-iphonesimulator/AppCheckCore.build/Objects-normal/x86_64/GACAppCheckTokenResult.o /Users/siam/Library/Developer/Xcode/DerivedData/Lingua_Quest-gvpckrqxtbgyprbgppjfqmimmmfw/SourcePackages/checkouts/app-check/AppCheckCore/Sources/Core/GACAppCheckTokenResult.m normal x86_64 objective-c com.apple.compilers.llvm.clang.1_0.compiler (in target 'AppCheckCore' from project 'AppCheck')
    cd /Users/siam/Desktop/Lingua\ Quest/Lingua\ Quest.xcodeproj
    
    Using response file: /Users/siam/Library/Developer/Xcode/DerivedData/Lingua_Quest-gvpckrqxtbgyprbgppjfqmimmmfw/Build/Intermediates.noindex/AppCheck.build/Debug-iphonesimulator/AppCheckCore.build/Objects-normal/x86_64/e6072d4f65d7061329687fe24e3d63a7-common-args.resp
    
    /Applications/Xcode.app/Contents/Developer/Toolchains/XcodeDefault.xctoolchain/usr/bin/clang -x objective-c -ivfsstatcache /Users/siam/Library/Developer/Xcode/DerivedData/SDKStatCaches.noindex/iphonesimulator26.0-23A339-26257891a6c027eb51374368541b8346.sdkstatcache -fmessage-length\=0 -fdiagnostics-show-note-include-stack -fmacro-backtrace-limit\=0 -fno-color-diagnostics -fmodules-prune-interval\=86400 -fmodules-prune-after\=345600 -fbuild-session-file\=/Users/siam/Library/Developer/Xcode/DerivedData/ModuleCache.noindex/Session.modulevalidation -fmodules-validate-once-per-build-session -Wnon-modular-include-in-framework-module -Werror\=non-modular-include-in-framework-module -Wno-trigraphs -Wno-missing-field-initializers -Wno-missing-prototypes -Wno-return-type -Wno-implicit-atomic-properties -Wno-objc-interface-ivars -Wno-arc-repeated-use-of-weak -Wno-missing-braces -Wparentheses -Wswitch -Wno-unused-function -Wno-unused-label -Wno-unused-parameter -Wno-unused-variable -Wunused-value -Wno-empty-body -Wno-uninitialized -Wno-unknown-pragmas -w -Wno-shadow -Wno-four-char-constants -Wno-conversion -Wno-constant-conversion -Wno-int-conversion -Wno-bool-conversion -Wno-enum-conversion -Wno-float-conversion -Wno-non-literal-null-conversion -Wno-objc-literal-conversion -Wshorten-64-to-32 -Wpointer-sign -Wno-newline-eof -Wno-selector -Wno-strict-selector-match -Wno-undeclared-selector -Wno-deprecated-implementations -Wno-implicit-fallthrough -fstrict-aliasing -Wprotocol -Wdeprecated-declarations -Wno-sign-conversion -Wno-infinite-recursion -Wno-comma -Wno-block-capture-autoreleasing -Wno-strict-prototypes -Wno-semicolon-before-method-body -index-store-path /Users/siam/Library/Developer/Xcode/DerivedData/Lingua_Quest-gvpckrqxtbgyprbgppjfqmimmmfw/Index.noindex/DataStore @/Users/siam/Library/Developer/Xcode/DerivedData/Lingua_Quest-gvpckrqxtbgyprbgppjfqmimmmfw/Build/Intermediates.noindex/AppCheck.build/Debug-iphonesimulator/AppCheckCore.build/Objects-normal/x86_64/e6072d4f65d7061329687fe24e3d63a7-common-args.resp -MMD -MT dependencies -MF /Users/siam/Library/Developer/Xcode/DerivedData/Lingua_Quest-gvpckrqxtbgyprbgppjfqmimmmfw/Build/Intermediates.noindex/AppCheck.build/Debug-iphonesimulator/AppCheckCore.build/Objects-normal/x86_64/GACAppCheckTokenResult.d --serialize-diagnostics /Users/siam/Library/Developer/Xcode/DerivedData/Lingua_Quest-gvpckrqxtbgyprbgppjfqmimmmfw/Build/Intermediates.noindex/AppCheck.build/Debug-iphonesimulator/AppCheckCore.build/Objects-normal/x86_64/GACAppCheckTokenResult.dia -c /Users/siam/Library/Developer/Xcode/DerivedData/Lingua_Quest-gvpckrqxtbgyprbgppjfqmimmmfw/SourcePackages/checkouts/app-check/AppCheckCore/Sources/Core/GACAppCheckTokenResult.m -o /Users/siam/Library/Developer/Xcode/DerivedData/Lingua_Quest-gvpckrqxtbgyprbgppjfqmimmmfw/Build/Intermediates.noindex/AppCheck.build/Debug-iphonesimulator/AppCheckCore.build/Objects-normal/x86_64/GACAppCheckTokenResult.o -index-unit-output-path /AppCheck.build/Debug-iphonesimulator/AppCheckCore.build/Objects-normal/x86_64/GACAppCheckTokenResult.o

PrecompileModule /Users/siam/Library/Developer/Xcode/DerivedData/Lingua_Quest-gvpckrqxtbgyprbgppjfqmimmmfw/Build/Intermediates.noindex/ExplicitPrecompiledModules/QuartzCore-6CF7G3WSMQU38VBTLR0ZMZXD6.scan
    cd /
    builtin-precompileModule /Users/siam/Library/Developer/Xcode/DerivedData/Lingua_Quest-gvpckrqxtbgyprbgppjfqmimmmfw/Build/Intermediates.noindex/ExplicitPrecompiledModules/QuartzCore-6CF7G3WSMQU38VBTLR0ZMZXD6.scan

ScanDependencies /Users/siam/Library/Developer/Xcode/DerivedData/Lingua_Quest-gvpckrqxtbgyprbgppjfqmimmmfw/Build/Intermediates.noindex/AppCheck.build/Debug-iphonesimulator/AppCheckCore.build/Objects-normal/x86_64/GACAppCheckToken.o /Users/siam/Library/Developer/Xcode/DerivedData/Lingua_Quest-gvpckrqxtbgyprbgppjfqmimmmfw/SourcePackages/checkouts/app-check/AppCheckCore/Sources/Core/GACAppCheckToken.m normal x86_64 objective-c com.apple.compilers.llvm.clang.1_0.compiler (in target 'AppCheckCore' from project 'AppCheck')
    cd /Users/siam/Desktop/Lingua\ Quest/Lingua\ Quest.xcodeproj
    
    Using response file: /Users/siam/Library/Developer/Xcode/DerivedData/Lingua_Quest-gvpckrqxtbgyprbgppjfqmimmmfw/Build/Intermediates.noindex/AppCheck.build/Debug-iphonesimulator/AppCheckCore.build/Objects-normal/x86_64/e6072d4f65d7061329687fe24e3d63a7-common-args.resp
    
    builtin-ScanDependencies -o /Users/siam/Library/Developer/Xcode/DerivedData/Lingua_Quest-gvpckrqxtbgyprbgppjfqmimmmfw/Build/Intermediates.noindex/AppCheck.build/Debug-iphonesimulator/AppCheckCore.build/Objects-normal/x86_64/GACAppCheckToken.o.scan -- /Applications/Xcode.app/Contents/Developer/Toolchains/XcodeDefault.xctoolchain/usr/bin/clang -x objective-c -ivfsstatcache /Users/siam/Library/Developer/Xcode/DerivedData/SDKStatCaches.noindex/iphonesimulator26.0-23A339-26257891a6c027eb51374368541b8346.sdkstatcache -fmessage-length\=0 -fdiagnostics-show-note-include-stack -fmacro-backtrace-limit\=0 -fno-color-diagnostics -fmodules-prune-interval\=86400 -fmodules-prune-after\=345600 -fbuild-session-file\=/Users/siam/Library/Developer/Xcode/DerivedData/ModuleCache.noindex/Session.modulevalidation -fmodules-validate-once-per-build-session -Wnon-modular-include-in-framework-module -Werror\=non-modular-include-in-framework-module -Wno-trigraphs -Wno-missing-field-initializers -Wno-missing-prototypes -Wno-return-type -Wno-implicit-atomic-properties -Wno-objc-interface-ivars -Wno-arc-repeated-use-of-weak -Wno-missing-braces -Wparentheses -Wswitch -Wno-unused-function -Wno-unused-label -Wno-unused-parameter -Wno-unused-variable -Wunused-value -Wno-empty-body -Wno-uninitialized -Wno-unknown-pragmas -w -Wno-shadow -Wno-four-char-constants -Wno-conversion -Wno-constant-conversion -Wno-int-conversion -Wno-bool-conversion -Wno-enum-conversion -Wno-float-conversion -Wno-non-literal-null-conversion -Wno-objc-literal-conversion -Wshorten-64-to-32 -Wpointer-sign -Wno-newline-eof -Wno-selector -Wno-strict-selector-match -Wno-undeclared-selector -Wno-deprecated-implementations -Wno-implicit-fallthrough -fstrict-aliasing -Wprotocol -Wdeprecated-declarations -Wno-sign-conversion -Wno-infinite-recursion -Wno-comma -Wno-block-capture-autoreleasing -Wno-strict-prototypes -Wno-semicolon-before-method-body -index-store-path /Users/siam/Library/Developer/Xcode/DerivedData/Lingua_Quest-gvpckrqxtbgyprbgppjfqmimmmfw/Index.noindex/DataStore @/Users/siam/Library/Developer/Xcode/DerivedData/Lingua_Quest-gvpckrqxtbgyprbgppjfqmimmmfw/Build/Intermediates.noindex/AppCheck.build/Debug-iphonesimulator/AppCheckCore.build/Objects-normal/x86_64/e6072d4f65d7061329687fe24e3d63a7-common-args.resp -MMD -MT dependencies -MF /Users/siam/Library/Developer/Xcode/DerivedData/Lingua_Quest-gvpckrqxtbgyprbgppjfqmimmmfw/Build/Intermediates.noindex/AppCheck.build/Debug-iphonesimulator/AppCheckCore.build/Objects-normal/x86_64/GACAppCheckToken.d --serialize-diagnostics /Users/siam/Library/Developer/Xcode/DerivedData/Lingua_Quest-gvpckrqxtbgyprbgppjfqmimmmfw/Build/Intermediates.noindex/AppCheck.build/Debug-iphonesimulator/AppCheckCore.build/Objects-normal/x86_64/GACAppCheckToken.dia -c /Users/siam/Library/Developer/Xcode/DerivedData/Lingua_Quest-gvpckrqxtbgyprbgppjfqmimmmfw/SourcePackages/checkouts/app-check/AppCheckCore/Sources/Core/GACAppCheckToken.m -o /Users/siam/Library/Developer/Xcode/DerivedData/Lingua_Quest-gvpckrqxtbgyprbgppjfqmimmmfw/Build/Intermediates.noindex/AppCheck.build/Debug-iphonesimulator/AppCheckCore.build/Objects-normal/x86_64/GACAppCheckToken.o -index-unit-output-path /AppCheck.build/Debug-iphonesimulator/AppCheckCore.build/Objects-normal/x86_64/GACAppCheckToken.o

ScanDependencies /Users/siam/Library/Developer/Xcode/DerivedData/Lingua_Quest-gvpckrqxtbgyprbgppjfqmimmmfw/Build/Intermediates.noindex/AppCheck.build/Debug-iphonesimulator/AppCheckCore.build/Objects-normal/x86_64/GACAppCheckToken+APIResponse.o /Users/siam/Library/Developer/Xcode/DerivedData/Lingua_Quest-gvpckrqxtbgyprbgppjfqmimmmfw/SourcePackages/checkouts/app-check/AppCheckCore/Sources/Core/APIService/GACAppCheckToken+APIResponse.m normal x86_64 objective-c com.apple.compilers.llvm.clang.1_0.compiler (in target 'AppCheckCore' from project 'AppCheck')
    cd /Users/siam/Desktop/Lingua\ Quest/Lingua\ Quest.xcodeproj
    
    Using response file: /Users/siam/Library/Developer/Xcode/DerivedData/Lingua_Quest-gvpckrqxtbgyprbgppjfqmimmmfw/Build/Intermediates.noindex/AppCheck.build/Debug-iphonesimulator/AppCheckCore.build/Objects-normal/x86_64/e6072d4f65d7061329687fe24e3d63a7-common-args.resp
    
    builtin-ScanDependencies -o /Users/siam/Library/Developer/Xcode/DerivedData/Lingua_Quest-gvpckrqxtbgyprbgppjfqmimmmfw/Build/Intermediates.noindex/AppCheck.build/Debug-iphonesimulator/AppCheckCore.build/Objects-normal/x86_64/GACAppCheckToken+APIResponse.o.scan -- /Applications/Xcode.app/Contents/Developer/Toolchains/XcodeDefault.xctoolchain/usr/bin/clang -x objective-c -ivfsstatcache /Users/siam/Library/Developer/Xcode/DerivedData/SDKStatCaches.noindex/iphonesimulator26.0-23A339-26257891a6c027eb51374368541b8346.sdkstatcache -fmessage-length\=0 -fdiagnostics-show-note-include-stack -fmacro-backtrace-limit\=0 -fno-color-diagnostics -fmodules-prune-interval\=86400 -fmodules-prune-after\=345600 -fbuild-session-file\=/Users/siam/Library/Developer/Xcode/DerivedData/ModuleCache.noindex/Session.modulevalidation -fmodules-validate-once-per-build-session -Wnon-modular-include-in-framework-module -Werror\=non-modular-include-in-framework-module -Wno-trigraphs -Wno-missing-field-initializers -Wno-missing-prototypes -Wno-return-type -Wno-implicit-atomic-properties -Wno-objc-interface-ivars -Wno-arc-repeated-use-of-weak -Wno-missing-braces -Wparentheses -Wswitch -Wno-unused-function -Wno-unused-label -Wno-unused-parameter -Wno-unused-variable -Wunused-value -Wno-empty-body -Wno-uninitialized -Wno-unknown-pragmas -w -Wno-shadow -Wno-four-char-constants -Wno-conversion -Wno-constant-conversion -Wno-int-conversion -Wno-bool-conversion -Wno-enum-conversion -Wno-float-conversion -Wno-non-literal-null-conversion -Wno-objc-literal-conversion -Wshorten-64-to-32 -Wpointer-sign -Wno-newline-eof -Wno-selector -Wno-strict-selector-match -Wno-undeclared-selector -Wno-deprecated-implementations -Wno-implicit-fallthrough -fstrict-aliasing -Wprotocol -Wdeprecated-declarations -Wno-sign-conversion -Wno-infinite-recursion -Wno-comma -Wno-block-capture-autoreleasing -Wno-strict-prototypes -Wno-semicolon-before-method-body -index-store-path /Users/siam/Library/Developer/Xcode/DerivedData/Lingua_Quest-gvpckrqxtbgyprbgppjfqmimmmfw/Index.noindex/DataStore @/Users/siam/Library/Developer/Xcode/DerivedData/Lingua_Quest-gvpckrqxtbgyprbgppjfqmimmmfw/Build/Intermediates.noindex/AppCheck.build/Debug-iphonesimulator/AppCheckCore.build/Objects-normal/x86_64/e6072d4f65d7061329687fe24e3d63a7-common-args.resp -MMD -MT dependencies -MF /Users/siam/Library/Developer/Xcode/DerivedData/Lingua_Quest-gvpckrqxtbgyprbgppjfqmimmmfw/Build/Intermediates.noindex/AppCheck.build/Debug-iphonesimulator/AppCheckCore.build/Objects-normal/x86_64/GACAppCheckToken+APIResponse.d --serialize-diagnostics /Users/siam/Library/Developer/Xcode/DerivedData/Lingua_Quest-gvpckrqxtbgyprbgppjfqmimmmfw/Build/Intermediates.noindex/AppCheck.build/Debug-iphonesimulator/AppCheckCore.build/Objects-normal/x86_64/GACAppCheckToken+APIResponse.dia -c /Users/siam/Library/Developer/Xcode/DerivedData/Lingua_Quest-gvpckrqxtbgyprbgppjfqmimmmfw/SourcePackages/checkouts/app-check/AppCheckCore/Sources/Core/APIService/GACAppCheckToken+APIResponse.m -o /Users/siam/Library/Developer/Xcode/DerivedData/Lingua_Quest-gvpckrqxtbgyprbgppjfqmimmmfw/Build/Intermediates.noindex/AppCheck.build/Debug-iphonesimulator/AppCheckCore.build/Objects-normal/x86_64/GACAppCheckToken+APIResponse.o -index-unit-output-path /AppCheck.build/Debug-iphonesimulator/AppCheckCore.build/Objects-normal/x86_64/GACAppCheckToken+APIResponse.o

CompileC /Users/siam/Library/Developer/Xcode/DerivedData/Lingua_Quest-gvpckrqxtbgyprbgppjfqmimmmfw/Build/Intermediates.noindex/AppCheck.build/Debug-iphonesimulator/AppCheckCore.build/Objects-normal/x86_64/GACAppCheckTokenRefreshResult.o /Users/siam/Library/Developer/Xcode/DerivedData/Lingua_Quest-gvpckrqxtbgyprbgppjfqmimmmfw/SourcePackages/checkouts/app-check/AppCheckCore/Sources/Core/TokenRefresh/GACAppCheckTokenRefreshResult.m normal x86_64 objective-c com.apple.compilers.llvm.clang.1_0.compiler (in target 'AppCheckCore' from project 'AppCheck')
    cd /Users/siam/Desktop/Lingua\ Quest/Lingua\ Quest.xcodeproj
    
    Using response file: /Users/siam/Library/Developer/Xcode/DerivedData/Lingua_Quest-gvpckrqxtbgyprbgppjfqmimmmfw/Build/Intermediates.noindex/AppCheck.build/Debug-iphonesimulator/AppCheckCore.build/Objects-normal/x86_64/e6072d4f65d7061329687fe24e3d63a7-common-args.resp
    
    /Applications/Xcode.app/Contents/Developer/Toolchains/XcodeDefault.xctoolchain/usr/bin/clang -x objective-c -ivfsstatcache /Users/siam/Library/Developer/Xcode/DerivedData/SDKStatCaches.noindex/iphonesimulator26.0-23A339-26257891a6c027eb51374368541b8346.sdkstatcache -fmessage-length\=0 -fdiagnostics-show-note-include-stack -fmacro-backtrace-limit\=0 -fno-color-diagnostics -fmodules-prune-interval\=86400 -fmodules-prune-after\=345600 -fbuild-session-file\=/Users/siam/Library/Developer/Xcode/DerivedData/ModuleCache.noindex/Session.modulevalidation -fmodules-validate-once-per-build-session -Wnon-modular-include-in-framework-module -Werror\=non-modular-include-in-framework-module -Wno-trigraphs -Wno-missing-field-initializers -Wno-missing-prototypes -Wno-return-type -Wno-implicit-atomic-properties -Wno-objc-interface-ivars -Wno-arc-repeated-use-of-weak -Wno-missing-braces -Wparentheses -Wswitch -Wno-unused-function -Wno-unused-label -Wno-unused-parameter -Wno-unused-variable -Wunused-value -Wno-empty-body -Wno-uninitialized -Wno-unknown-pragmas -w -Wno-shadow -Wno-four-char-constants -Wno-conversion -Wno-constant-conversion -Wno-int-conversion -Wno-bool-conversion -Wno-enum-conversion -Wno-float-conversion -Wno-non-literal-null-conversion -Wno-objc-literal-conversion -Wshorten-64-to-32 -Wpointer-sign -Wno-newline-eof -Wno-selector -Wno-strict-selector-match -Wno-undeclared-selector -Wno-deprecated-implementations -Wno-implicit-fallthrough -fstrict-aliasing -Wprotocol -Wdeprecated-declarations -Wno-sign-conversion -Wno-infinite-recursion -Wno-comma -Wno-block-capture-autoreleasing -Wno-strict-prototypes -Wno-semicolon-before-method-body -index-store-path /Users/siam/Library/Developer/Xcode/DerivedData/Lingua_Quest-gvpckrqxtbgyprbgppjfqmimmmfw/Index.noindex/DataStore @/Users/siam/Library/Developer/Xcode/DerivedData/Lingua_Quest-gvpckrqxtbgyprbgppjfqmimmmfw/Build/Intermediates.noindex/AppCheck.build/Debug-iphonesimulator/AppCheckCore.build/Objects-normal/x86_64/e6072d4f65d7061329687fe24e3d63a7-common-args.resp -MMD -MT dependencies -MF /Users/siam/Library/Developer/Xcode/DerivedData/Lingua_Quest-gvpckrqxtbgyprbgppjfqmimmmfw/Build/Intermediates.noindex/AppCheck.build/Debug-iphonesimulator/AppCheckCore.build/Objects-normal/x86_64/GACAppCheckTokenRefreshResult.d --serialize-diagnostics /Users/siam/Library/Developer/Xcode/DerivedData/Lingua_Quest-gvpckrqxtbgyprbgppjfqmimmmfw/Build/Intermediates.noindex/AppCheck.build/Debug-iphonesimulator/AppCheckCore.build/Objects-normal/x86_64/GACAppCheckTokenRefreshResult.dia -c /Users/siam/Library/Developer/Xcode/DerivedData/Lingua_Quest-gvpckrqxtbgyprbgppjfqmimmmfw/SourcePackages/checkouts/app-check/AppCheckCore/Sources/Core/TokenRefresh/GACAppCheckTokenRefreshResult.m -o /Users/siam/Library/Developer/Xcode/DerivedData/Lingua_Quest-gvpckrqxtbgyprbgppjfqmimmmfw/Build/Intermediates.noindex/AppCheck.build/Debug-iphonesimulator/AppCheckCore.build/Objects-normal/x86_64/GACAppCheckTokenRefreshResult.o -index-unit-output-path /AppCheck.build/Debug-iphonesimulator/AppCheckCore.build/Objects-normal/x86_64/GACAppCheckTokenRefreshResult.o

ScanDependencies /Users/siam/Library/Developer/Xcode/DerivedData/Lingua_Quest-gvpckrqxtbgyprbgppjfqmimmmfw/Build/Intermediates.noindex/AppCheck.build/Debug-iphonesimulator/AppCheckCore.build/Objects-normal/x86_64/GACAppCheckTimer.o /Users/siam/Library/Developer/Xcode/DerivedData/Lingua_Quest-gvpckrqxtbgyprbgppjfqmimmmfw/SourcePackages/checkouts/app-check/AppCheckCore/Sources/Core/TokenRefresh/GACAppCheckTimer.m normal x86_64 objective-c com.apple.compilers.llvm.clang.1_0.compiler (in target 'AppCheckCore' from project 'AppCheck')
    cd /Users/siam/Desktop/Lingua\ Quest/Lingua\ Quest.xcodeproj
    
    Using response file: /Users/siam/Library/Developer/Xcode/DerivedData/Lingua_Quest-gvpckrqxtbgyprbgppjfqmimmmfw/Build/Intermediates.noindex/AppCheck.build/Debug-iphonesimulator/AppCheckCore.build/Objects-normal/x86_64/e6072d4f65d7061329687fe24e3d63a7-common-args.resp
    
    builtin-ScanDependencies -o /Users/siam/Library/Developer/Xcode/DerivedData/Lingua_Quest-gvpckrqxtbgyprbgppjfqmimmmfw/Build/Intermediates.noindex/AppCheck.build/Debug-iphonesimulator/AppCheckCore.build/Objects-normal/x86_64/GACAppCheckTimer.o.scan -- /Applications/Xcode.app/Contents/Developer/Toolchains/XcodeDefault.xctoolchain/usr/bin/clang -x objective-c -ivfsstatcache /Users/siam/Library/Developer/Xcode/DerivedData/SDKStatCaches.noindex/iphonesimulator26.0-23A339-26257891a6c027eb51374368541b8346.sdkstatcache -fmessage-length\=0 -fdiagnostics-show-note-include-stack -fmacro-backtrace-limit\=0 -fno-color-diagnostics -fmodules-prune-interval\=86400 -fmodules-prune-after\=345600 -fbuild-session-file\=/Users/siam/Library/Developer/Xcode/DerivedData/ModuleCache.noindex/Session.modulevalidation -fmodules-validate-once-per-build-session -Wnon-modular-include-in-framework-module -Werror\=non-modular-include-in-framework-module -Wno-trigraphs -Wno-missing-field-initializers -Wno-missing-prototypes -Wno-return-type -Wno-implicit-atomic-properties -Wno-objc-interface-ivars -Wno-arc-repeated-use-of-weak -Wno-missing-braces -Wparentheses -Wswitch -Wno-unused-function -Wno-unused-label -Wno-unused-parameter -Wno-unused-variable -Wunused-value -Wno-empty-body -Wno-uninitialized -Wno-unknown-pragmas -w -Wno-shadow -Wno-four-char-constants -Wno-conversion -Wno-constant-conversion -Wno-int-conversion -Wno-bool-conversion -Wno-enum-conversion -Wno-float-conversion -Wno-non-literal-null-conversion -Wno-objc-literal-conversion -Wshorten-64-to-32 -Wpointer-sign -Wno-newline-eof -Wno-selector -Wno-strict-selector-match -Wno-undeclared-selector -Wno-deprecated-implementations -Wno-implicit-fallthrough -fstrict-aliasing -Wprotocol -Wdeprecated-declarations -Wno-sign-conversion -Wno-infinite-recursion -Wno-comma -Wno-block-capture-autoreleasing -Wno-strict-prototypes -Wno-semicolon-before-method-body -index-store-path /Users/siam/Library/Developer/Xcode/DerivedData/Lingua_Quest-gvpckrqxtbgyprbgppjfqmimmmfw/Index.noindex/DataStore @/Users/siam/Library/Developer/Xcode/DerivedData/Lingua_Quest-gvpckrqxtbgyprbgppjfqmimmmfw/Build/Intermediates.noindex/AppCheck.build/Debug-iphonesimulator/AppCheckCore.build/Objects-normal/x86_64/e6072d4f65d7061329687fe24e3d63a7-common-args.resp -MMD -MT dependencies -MF /Users/siam/Library/Developer/Xcode/DerivedData/Lingua_Quest-gvpckrqxtbgyprbgppjfqmimmmfw/Build/Intermediates.noindex/AppCheck.build/Debug-iphonesimulator/AppCheckCore.build/Objects-normal/x86_64/GACAppCheckTimer.d --serialize-diagnostics /Users/siam/Library/Developer/Xcode/DerivedData/Lingua_Quest-gvpckrqxtbgyprbgppjfqmimmmfw/Build/Intermediates.noindex/AppCheck.build/Debug-iphonesimulator/AppCheckCore.build/Objects-normal/x86_64/GACAppCheckTimer.dia -c /Users/siam/Library/Developer/Xcode/DerivedData/Lingua_Quest-gvpckrqxtbgyprbgppjfqmimmmfw/SourcePackages/checkouts/app-check/AppCheckCore/Sources/Core/TokenRefresh/GACAppCheckTimer.m -o /Users/siam/Library/Developer/Xcode/DerivedData/Lingua_Quest-gvpckrqxtbgyprbgppjfqmimmmfw/Build/Intermediates.noindex/AppCheck.build/Debug-iphonesimulator/AppCheckCore.build/Objects-normal/x86_64/GACAppCheckTimer.o -index-unit-output-path /AppCheck.build/Debug-iphonesimulator/AppCheckCore.build/Objects-normal/x86_64/GACAppCheckTimer.o

ScanDependencies /Users/siam/Library/Developer/Xcode/DerivedData/Lingua_Quest-gvpckrqxtbgyprbgppjfqmimmmfw/Build/Intermediates.noindex/AppCheck.build/Debug-iphonesimulator/AppCheckCore.build/Objects-normal/x86_64/GACAppCheckStoredToken.o /Users/siam/Library/Developer/Xcode/DerivedData/Lingua_Quest-gvpckrqxtbgyprbgppjfqmimmmfw/SourcePackages/checkouts/app-check/AppCheckCore/Sources/Core/Storage/GACAppCheckStoredToken.m normal x86_64 objective-c com.apple.compilers.llvm.clang.1_0.compiler (in target 'AppCheckCore' from project 'AppCheck')
    cd /Users/siam/Desktop/Lingua\ Quest/Lingua\ Quest.xcodeproj
    
    Using response file: /Users/siam/Library/Developer/Xcode/DerivedData/Lingua_Quest-gvpckrqxtbgyprbgppjfqmimmmfw/Build/Intermediates.noindex/AppCheck.build/Debug-iphonesimulator/AppCheckCore.build/Objects-normal/x86_64/e6072d4f65d7061329687fe24e3d63a7-common-args.resp
    
    builtin-ScanDependencies -o /Users/siam/Library/Developer/Xcode/DerivedData/Lingua_Quest-gvpckrqxtbgyprbgppjfqmimmmfw/Build/Intermediates.noindex/AppCheck.build/Debug-iphonesimulator/AppCheckCore.build/Objects-normal/x86_64/GACAppCheckStoredToken.o.scan -- /Applications/Xcode.app/Contents/Developer/Toolchains/XcodeDefault.xctoolchain/usr/bin/clang -x objective-c -ivfsstatcache /Users/siam/Library/Developer/Xcode/DerivedData/SDKStatCaches.noindex/iphonesimulator26.0-23A339-26257891a6c027eb51374368541b8346.sdkstatcache -fmessage-length\=0 -fdiagnostics-show-note-include-stack -fmacro-backtrace-limit\=0 -fno-color-diagnostics -fmodules-prune-interval\=86400 -fmodules-prune-after\=345600 -fbuild-session-file\=/Users/siam/Library/Developer/Xcode/DerivedData/ModuleCache.noindex/Session.modulevalidation -fmodules-validate-once-per-build-session -Wnon-modular-include-in-framework-module -Werror\=non-modular-include-in-framework-module -Wno-trigraphs -Wno-missing-field-initializers -Wno-missing-prototypes -Wno-return-type -Wno-implicit-atomic-properties -Wno-objc-interface-ivars -Wno-arc-repeated-use-of-weak -Wno-missing-braces -Wparentheses -Wswitch -Wno-unused-function -Wno-unused-label -Wno-unused-parameter -Wno-unused-variable -Wunused-value -Wno-empty-body -Wno-uninitialized -Wno-unknown-pragmas -w -Wno-shadow -Wno-four-char-constants -Wno-conversion -Wno-constant-conversion -Wno-int-conversion -Wno-bool-conversion -Wno-enum-conversion -Wno-float-conversion -Wno-non-literal-null-conversion -Wno-objc-literal-conversion -Wshorten-64-to-32 -Wpointer-sign -Wno-newline-eof -Wno-selector -Wno-strict-selector-match -Wno-undeclared-selector -Wno-deprecated-implementations -Wno-implicit-fallthrough -fstrict-aliasing -Wprotocol -Wdeprecated-declarations -Wno-sign-conversion -Wno-infinite-recursion -Wno-comma -Wno-block-capture-autoreleasing -Wno-strict-prototypes -Wno-semicolon-before-method-body -index-store-path /Users/siam/Library/Developer/Xcode/DerivedData/Lingua_Quest-gvpckrqxtbgyprbgppjfqmimmmfw/Index.noindex/DataStore @/Users/siam/Library/Developer/Xcode/DerivedData/Lingua_Quest-gvpckrqxtbgyprbgppjfqmimmmfw/Build/Intermediates.noindex/AppCheck.build/Debug-iphonesimulator/AppCheckCore.build/Objects-normal/x86_64/e6072d4f65d7061329687fe24e3d63a7-common-args.resp -MMD -MT dependencies -MF /Users/siam/Library/Developer/Xcode/DerivedData/Lingua_Quest-gvpckrqxtbgyprbgppjfqmimmmfw/Build/Intermediates.noindex/AppCheck.build/Debug-iphonesimulator/AppCheckCore.build/Objects-normal/x86_64/GACAppCheckStoredToken.d --serialize-diagnostics /Users/siam/Library/Developer/Xcode/DerivedData/Lingua_Quest-gvpckrqxtbgyprbgppjfqmimmmfw/Build/Intermediates.noindex/AppCheck.build/Debug-iphonesimulator/AppCheckCore.build/Objects-normal/x86_64/GACAppCheckStoredToken.dia -c /Users/siam/Library/Developer/Xcode/DerivedData/Lingua_Quest-gvpckrqxtbgyprbgppjfqmimmmfw/SourcePackages/checkouts/app-check/AppCheckCore/Sources/Core/Storage/GACAppCheckStoredToken.m -o /Users/siam/Library/Developer/Xcode/DerivedData/Lingua_Quest-gvpckrqxtbgyprbgppjfqmimmmfw/Build/Intermediates.noindex/AppCheck.build/Debug-iphonesimulator/AppCheckCore.build/Objects-normal/x86_64/GACAppCheckStoredToken.o -index-unit-output-path /AppCheck.build/Debug-iphonesimulator/AppCheckCore.build/Objects-normal/x86_64/GACAppCheckStoredToken.o

ScanDependencies /Users/siam/Library/Developer/Xcode/DerivedData/Lingua_Quest-gvpckrqxtbgyprbgppjfqmimmmfw/Build/Intermediates.noindex/AppCheck.build/Debug-iphonesimulator/AppCheckCore.build/Objects-normal/x86_64/GACAppCheckStoredToken+GACAppCheckToken.o /Users/siam/Library/Developer/Xcode/DerivedData/Lingua_Quest-gvpckrqxtbgyprbgppjfqmimmmfw/SourcePackages/checkouts/app-check/AppCheckCore/Sources/Core/Storage/GACAppCheckStoredToken+GACAppCheckToken.m normal x86_64 objective-c com.apple.compilers.llvm.clang.1_0.compiler (in target 'AppCheckCore' from project 'AppCheck')
    cd /Users/siam/Desktop/Lingua\ Quest/Lingua\ Quest.xcodeproj
    
    Using response file: /Users/siam/Library/Developer/Xcode/DerivedData/Lingua_Quest-gvpckrqxtbgyprbgppjfqmimmmfw/Build/Intermediates.noindex/AppCheck.build/Debug-iphonesimulator/AppCheckCore.build/Objects-normal/x86_64/e6072d4f65d7061329687fe24e3d63a7-common-args.resp
    
    builtin-ScanDependencies -o /Users/siam/Library/Developer/Xcode/DerivedData/Lingua_Quest-gvpckrqxtbgyprbgppjfqmimmmfw/Build/Intermediates.noindex/AppCheck.build/Debug-iphonesimulator/AppCheckCore.build/Objects-normal/x86_64/GACAppCheckStoredToken+GACAppCheckToken.o.scan -- /Applications/Xcode.app/Contents/Developer/Toolchains/XcodeDefault.xctoolchain/usr/bin/clang -x objective-c -ivfsstatcache /Users/siam/Library/Developer/Xcode/DerivedData/SDKStatCaches.noindex/iphonesimulator26.0-23A339-26257891a6c027eb51374368541b8346.sdkstatcache -fmessage-length\=0 -fdiagnostics-show-note-include-stack -fmacro-backtrace-limit\=0 -fno-color-diagnostics -fmodules-prune-interval\=86400 -fmodules-prune-after\=345600 -fbuild-session-file\=/Users/siam/Library/Developer/Xcode/DerivedData/ModuleCache.noindex/Session.modulevalidation -fmodules-validate-once-per-build-session -Wnon-modular-include-in-framework-module -Werror\=non-modular-include-in-framework-module -Wno-trigraphs -Wno-missing-field-initializers -Wno-missing-prototypes -Wno-return-type -Wno-implicit-atomic-properties -Wno-objc-interface-ivars -Wno-arc-repeated-use-of-weak -Wno-missing-braces -Wparentheses -Wswitch -Wno-unused-function -Wno-unused-label -Wno-unused-parameter -Wno-unused-variable -Wunused-value -Wno-empty-body -Wno-uninitialized -Wno-unknown-pragmas -w -Wno-shadow -Wno-four-char-constants -Wno-conversion -Wno-constant-conversion -Wno-int-conversion -Wno-bool-conversion -Wno-enum-conversion -Wno-float-conversion -Wno-non-literal-null-conversion -Wno-objc-literal-conversion -Wshorten-64-to-32 -Wpointer-sign -Wno-newline-eof -Wno-selector -Wno-strict-selector-match -Wno-undeclared-selector -Wno-deprecated-implementations -Wno-implicit-fallthrough -fstrict-aliasing -Wprotocol -Wdeprecated-declarations -Wno-sign-conversion -Wno-infinite-recursion -Wno-comma -Wno-block-capture-autoreleasing -Wno-strict-prototypes -Wno-semicolon-before-method-body -index-store-path /Users/siam/Library/Developer/Xcode/DerivedData/Lingua_Quest-gvpckrqxtbgyprbgppjfqmimmmfw/Index.noindex/DataStore @/Users/siam/Library/Developer/Xcode/DerivedData/Lingua_Quest-gvpckrqxtbgyprbgppjfqmimmmfw/Build/Intermediates.noindex/AppCheck.build/Debug-iphonesimulator/AppCheckCore.build/Objects-normal/x86_64/e6072d4f65d7061329687fe24e3d63a7-common-args.resp -MMD -MT dependencies -MF /Users/siam/Library/Developer/Xcode/DerivedData/Lingua_Quest-gvpckrqxtbgyprbgppjfqmimmmfw/Build/Intermediates.noindex/AppCheck.build/Debug-iphonesimulator/AppCheckCore.build/Objects-normal/x86_64/GACAppCheckStoredToken+GACAppCheckToken.d --serialize-diagnostics /Users/siam/Library/Developer/Xcode/DerivedData/Lingua_Quest-gvpckrqxtbgyprbgppjfqmimmmfw/Build/Intermediates.noindex/AppCheck.build/Debug-iphonesimulator/AppCheckCore.build/Objects-normal/x86_64/GACAppCheckStoredToken+GACAppCheckToken.dia -c /Users/siam/Library/Developer/Xcode/DerivedData/Lingua_Quest-gvpckrqxtbgyprbgppjfqmimmmfw/SourcePackages/checkouts/app-check/AppCheckCore/Sources/Core/Storage/GACAppCheckStoredToken+GACAppCheckToken.m -o /Users/siam/Library/Developer/Xcode/DerivedData/Lingua_Quest-gvpckrqxtbgyprbgppjfqmimmmfw/Build/Intermediates.noindex/AppCheck.build/Debug-iphonesimulator/AppCheckCore.build/Objects-normal/x86_64/GACAppCheckStoredToken+GACAppCheckToken.o -index-unit-output-path /AppCheck.build/Debug-iphonesimulator/AppCheckCore.build/Objects-normal/x86_64/GACAppCheckStoredToken+GACAppCheckToken.o

CompileC /Users/siam/Library/Developer/Xcode/DerivedData/Lingua_Quest-gvpckrqxtbgyprbgppjfqmimmmfw/Build/Intermediates.noindex/AppCheck.build/Debug-iphonesimulator/AppCheckCore.build/Objects-normal/x86_64/GACAppCheckToken.o /Users/siam/Library/Developer/Xcode/DerivedData/Lingua_Quest-gvpckrqxtbgyprbgppjfqmimmmfw/SourcePackages/checkouts/app-check/AppCheckCore/Sources/Core/GACAppCheckToken.m normal x86_64 objective-c com.apple.compilers.llvm.clang.1_0.compiler (in target 'AppCheckCore' from project 'AppCheck')
    cd /Users/siam/Desktop/Lingua\ Quest/Lingua\ Quest.xcodeproj
    
    Using response file: /Users/siam/Library/Developer/Xcode/DerivedData/Lingua_Quest-gvpckrqxtbgyprbgppjfqmimmmfw/Build/Intermediates.noindex/AppCheck.build/Debug-iphonesimulator/AppCheckCore.build/Objects-normal/x86_64/e6072d4f65d7061329687fe24e3d63a7-common-args.resp
    
    /Applications/Xcode.app/Contents/Developer/Toolchains/XcodeDefault.xctoolchain/usr/bin/clang -x objective-c -ivfsstatcache /Users/siam/Library/Developer/Xcode/DerivedData/SDKStatCaches.noindex/iphonesimulator26.0-23A339-26257891a6c027eb51374368541b8346.sdkstatcache -fmessage-length\=0 -fdiagnostics-show-note-include-stack -fmacro-backtrace-limit\=0 -fno-color-diagnostics -fmodules-prune-interval\=86400 -fmodules-prune-after\=345600 -fbuild-session-file\=/Users/siam/Library/Developer/Xcode/DerivedData/ModuleCache.noindex/Session.modulevalidation -fmodules-validate-once-per-build-session -Wnon-modular-include-in-framework-module -Werror\=non-modular-include-in-framework-module -Wno-trigraphs -Wno-missing-field-initializers -Wno-missing-prototypes -Wno-return-type -Wno-implicit-atomic-properties -Wno-objc-interface-ivars -Wno-arc-repeated-use-of-weak -Wno-missing-braces -Wparentheses -Wswitch -Wno-unused-function -Wno-unused-label -Wno-unused-parameter -Wno-unused-variable -Wunused-value -Wno-empty-body -Wno-uninitialized -Wno-unknown-pragmas -w -Wno-shadow -Wno-four-char-constants -Wno-conversion -Wno-constant-conversion -Wno-int-conversion -Wno-bool-conversion -Wno-enum-conversion -Wno-float-conversion -Wno-non-literal-null-conversion -Wno-objc-literal-conversion -Wshorten-64-to-32 -Wpointer-sign -Wno-newline-eof -Wno-selector -Wno-strict-selector-match -Wno-undeclared-selector -Wno-deprecated-implementations -Wno-implicit-fallthrough -fstrict-aliasing -Wprotocol -Wdeprecated-declarations -Wno-sign-conversion -Wno-infinite-recursion -Wno-comma -Wno-block-capture-autoreleasing -Wno-strict-prototypes -Wno-semicolon-before-method-body -index-store-path /Users/siam/Library/Developer/Xcode/DerivedData/Lingua_Quest-gvpckrqxtbgyprbgppjfqmimmmfw/Index.noindex/DataStore @/Users/siam/Library/Developer/Xcode/DerivedData/Lingua_Quest-gvpckrqxtbgyprbgppjfqmimmmfw/Build/Intermediates.noindex/AppCheck.build/Debug-iphonesimulator/AppCheckCore.build/Objects-normal/x86_64/e6072d4f65d7061329687fe24e3d63a7-common-args.resp -MMD -MT dependencies -MF /Users/siam/Library/Developer/Xcode/DerivedData/Lingua_Quest-gvpckrqxtbgyprbgppjfqmimmmfw/Build/Intermediates.noindex/AppCheck.build/Debug-iphonesimulator/AppCheckCore.build/Objects-normal/x86_64/GACAppCheckToken.d --serialize-diagnostics /Users/siam/Library/Developer/Xcode/DerivedData/Lingua_Quest-gvpckrqxtbgyprbgppjfqmimmmfw/Build/Intermediates.noindex/AppCheck.build/Debug-iphonesimulator/AppCheckCore.build/Objects-normal/x86_64/GACAppCheckToken.dia -c /Users/siam/Library/Developer/Xcode/DerivedData/Lingua_Quest-gvpckrqxtbgyprbgppjfqmimmmfw/SourcePackages/checkouts/app-check/AppCheckCore/Sources/Core/GACAppCheckToken.m -o /Users/siam/Library/Developer/Xcode/DerivedData/Lingua_Quest-gvpckrqxtbgyprbgppjfqmimmmfw/Build/Intermediates.noindex/AppCheck.build/Debug-iphonesimulator/AppCheckCore.build/Objects-normal/x86_64/GACAppCheckToken.o -index-unit-output-path /AppCheck.build/Debug-iphonesimulator/AppCheckCore.build/Objects-normal/x86_64/GACAppCheckToken.o

CompileC /Users/siam/Library/Developer/Xcode/DerivedData/Lingua_Quest-gvpckrqxtbgyprbgppjfqmimmmfw/Build/Intermediates.noindex/AppCheck.build/Debug-iphonesimulator/AppCheckCore.build/Objects-normal/x86_64/GACAppCheckToken+APIResponse.o /Users/siam/Library/Developer/Xcode/DerivedData/Lingua_Quest-gvpckrqxtbgyprbgppjfqmimmmfw/SourcePackages/checkouts/app-check/AppCheckCore/Sources/Core/APIService/GACAppCheckToken+APIResponse.m normal x86_64 objective-c com.apple.compilers.llvm.clang.1_0.compiler (in target 'AppCheckCore' from project 'AppCheck')
    cd /Users/siam/Desktop/Lingua\ Quest/Lingua\ Quest.xcodeproj
    
    Using response file: /Users/siam/Library/Developer/Xcode/DerivedData/Lingua_Quest-gvpckrqxtbgyprbgppjfqmimmmfw/Build/Intermediates.noindex/AppCheck.build/Debug-iphonesimulator/AppCheckCore.build/Objects-normal/x86_64/e6072d4f65d7061329687fe24e3d63a7-common-args.resp
    
    /Applications/Xcode.app/Contents/Developer/Toolchains/XcodeDefault.xctoolchain/usr/bin/clang -x objective-c -ivfsstatcache /Users/siam/Library/Developer/Xcode/DerivedData/SDKStatCaches.noindex/iphonesimulator26.0-23A339-26257891a6c027eb51374368541b8346.sdkstatcache -fmessage-length\=0 -fdiagnostics-show-note-include-stack -fmacro-backtrace-limit\=0 -fno-color-diagnostics -fmodules-prune-interval\=86400 -fmodules-prune-after\=345600 -fbuild-session-file\=/Users/siam/Library/Developer/Xcode/DerivedData/ModuleCache.noindex/Session.modulevalidation -fmodules-validate-once-per-build-session -Wnon-modular-include-in-framework-module -Werror\=non-modular-include-in-framework-module -Wno-trigraphs -Wno-missing-field-initializers -Wno-missing-prototypes -Wno-return-type -Wno-implicit-atomic-properties -Wno-objc-interface-ivars -Wno-arc-repeated-use-of-weak -Wno-missing-braces -Wparentheses -Wswitch -Wno-unused-function -Wno-unused-label -Wno-unused-parameter -Wno-unused-variable -Wunused-value -Wno-empty-body -Wno-uninitialized -Wno-unknown-pragmas -w -Wno-shadow -Wno-four-char-constants -Wno-conversion -Wno-constant-conversion -Wno-int-conversion -Wno-bool-conversion -Wno-enum-conversion -Wno-float-conversion -Wno-non-literal-null-conversion -Wno-objc-literal-conversion -Wshorten-64-to-32 -Wpointer-sign -Wno-newline-eof -Wno-selector -Wno-strict-selector-match -Wno-undeclared-selector -Wno-deprecated-implementations -Wno-implicit-fallthrough -fstrict-aliasing -Wprotocol -Wdeprecated-declarations -Wno-sign-conversion -Wno-infinite-recursion -Wno-comma -Wno-block-capture-autoreleasing -Wno-strict-prototypes -Wno-semicolon-before-method-body -index-store-path /Users/siam/Library/Developer/Xcode/DerivedData/Lingua_Quest-gvpckrqxtbgyprbgppjfqmimmmfw/Index.noindex/DataStore @/Users/siam/Library/Developer/Xcode/DerivedData/Lingua_Quest-gvpckrqxtbgyprbgppjfqmimmmfw/Build/Intermediates.noindex/AppCheck.build/Debug-iphonesimulator/AppCheckCore.build/Objects-normal/x86_64/e6072d4f65d7061329687fe24e3d63a7-common-args.resp -MMD -MT dependencies -MF /Users/siam/Library/Developer/Xcode/DerivedData/Lingua_Quest-gvpckrqxtbgyprbgppjfqmimmmfw/Build/Intermediates.noindex/AppCheck.build/Debug-iphonesimulator/AppCheckCore.build/Objects-normal/x86_64/GACAppCheckToken+APIResponse.d --serialize-diagnostics /Users/siam/Library/Developer/Xcode/DerivedData/Lingua_Quest-gvpckrqxtbgyprbgppjfqmimmmfw/Build/Intermediates.noindex/AppCheck.build/Debug-iphonesimulator/AppCheckCore.build/Objects-normal/x86_64/GACAppCheckToken+APIResponse.dia -c /Users/siam/Library/Developer/Xcode/DerivedData/Lingua_Quest-gvpckrqxtbgyprbgppjfqmimmmfw/SourcePackages/checkouts/app-check/AppCheckCore/Sources/Core/APIService/GACAppCheckToken+APIResponse.m -o /Users/siam/Library/Developer/Xcode/DerivedData/Lingua_Quest-gvpckrqxtbgyprbgppjfqmimmmfw/Build/Intermediates.noindex/AppCheck.build/Debug-iphonesimulator/AppCheckCore.build/Objects-normal/x86_64/GACAppCheckToken+APIResponse.o -index-unit-output-path /AppCheck.build/Debug-iphonesimulator/AppCheckCore.build/Objects-normal/x86_64/GACAppCheckToken+APIResponse.o

ScanDependencies /Users/siam/Library/Developer/Xcode/DerivedData/Lingua_Quest-gvpckrqxtbgyprbgppjfqmimmmfw/Build/Intermediates.noindex/AppCheck.build/Debug-iphonesimulator/AppCheckCore.build/Objects-normal/x86_64/GACAppCheckStorage.o /Users/siam/Library/Developer/Xcode/DerivedData/Lingua_Quest-gvpckrqxtbgyprbgppjfqmimmmfw/SourcePackages/checkouts/app-check/AppCheckCore/Sources/Core/Storage/GACAppCheckStorage.m normal x86_64 objective-c com.apple.compilers.llvm.clang.1_0.compiler (in target 'AppCheckCore' from project 'AppCheck')
    cd /Users/siam/Desktop/Lingua\ Quest/Lingua\ Quest.xcodeproj
    
    Using response file: /Users/siam/Library/Developer/Xcode/DerivedData/Lingua_Quest-gvpckrqxtbgyprbgppjfqmimmmfw/Build/Intermediates.noindex/AppCheck.build/Debug-iphonesimulator/AppCheckCore.build/Objects-normal/x86_64/e6072d4f65d7061329687fe24e3d63a7-common-args.resp
    
    builtin-ScanDependencies -o /Users/siam/Library/Developer/Xcode/DerivedData/Lingua_Quest-gvpckrqxtbgyprbgppjfqmimmmfw/Build/Intermediates.noindex/AppCheck.build/Debug-iphonesimulator/AppCheckCore.build/Objects-normal/x86_64/GACAppCheckStorage.o.scan -- /Applications/Xcode.app/Contents/Developer/Toolchains/XcodeDefault.xctoolchain/usr/bin/clang -x objective-c -ivfsstatcache /Users/siam/Library/Developer/Xcode/DerivedData/SDKStatCaches.noindex/iphonesimulator26.0-23A339-26257891a6c027eb51374368541b8346.sdkstatcache -fmessage-length\=0 -fdiagnostics-show-note-include-stack -fmacro-backtrace-limit\=0 -fno-color-diagnostics -fmodules-prune-interval\=86400 -fmodules-prune-after\=345600 -fbuild-session-file\=/Users/siam/Library/Developer/Xcode/DerivedData/ModuleCache.noindex/Session.modulevalidation -fmodules-validate-once-per-build-session -Wnon-modular-include-in-framework-module -Werror\=non-modular-include-in-framework-module -Wno-trigraphs -Wno-missing-field-initializers -Wno-missing-prototypes -Wno-return-type -Wno-implicit-atomic-properties -Wno-objc-interface-ivars -Wno-arc-repeated-use-of-weak -Wno-missing-braces -Wparentheses -Wswitch -Wno-unused-function -Wno-unused-label -Wno-unused-parameter -Wno-unused-variable -Wunused-value -Wno-empty-body -Wno-uninitialized -Wno-unknown-pragmas -w -Wno-shadow -Wno-four-char-constants -Wno-conversion -Wno-constant-conversion -Wno-int-conversion -Wno-bool-conversion -Wno-enum-conversion -Wno-float-conversion -Wno-non-literal-null-conversion -Wno-objc-literal-conversion -Wshorten-64-to-32 -Wpointer-sign -Wno-newline-eof -Wno-selector -Wno-strict-selector-match -Wno-undeclared-selector -Wno-deprecated-implementations -Wno-implicit-fallthrough -fstrict-aliasing -Wprotocol -Wdeprecated-declarations -Wno-sign-conversion -Wno-infinite-recursion -Wno-comma -Wno-block-capture-autoreleasing -Wno-strict-prototypes -Wno-semicolon-before-method-body -index-store-path /Users/siam/Library/Developer/Xcode/DerivedData/Lingua_Quest-gvpckrqxtbgyprbgppjfqmimmmfw/Index.noindex/DataStore @/Users/siam/Library/Developer/Xcode/DerivedData/Lingua_Quest-gvpckrqxtbgyprbgppjfqmimmmfw/Build/Intermediates.noindex/AppCheck.build/Debug-iphonesimulator/AppCheckCore.build/Objects-normal/x86_64/e6072d4f65d7061329687fe24e3d63a7-common-args.resp -MMD -MT dependencies -MF /Users/siam/Library/Developer/Xcode/DerivedData/Lingua_Quest-gvpckrqxtbgyprbgppjfqmimmmfw/Build/Intermediates.noindex/AppCheck.build/Debug-iphonesimulator/AppCheckCore.build/Objects-normal/x86_64/GACAppCheckStorage.d --serialize-diagnostics /Users/siam/Library/Developer/Xcode/DerivedData/Lingua_Quest-gvpckrqxtbgyprbgppjfqmimmmfw/Build/Intermediates.noindex/AppCheck.build/Debug-iphonesimulator/AppCheckCore.build/Objects-normal/x86_64/GACAppCheckStorage.dia -c /Users/siam/Library/Developer/Xcode/DerivedData/Lingua_Quest-gvpckrqxtbgyprbgppjfqmimmmfw/SourcePackages/checkouts/app-check/AppCheckCore/Sources/Core/Storage/GACAppCheckStorage.m -o /Users/siam/Library/Developer/Xcode/DerivedData/Lingua_Quest-gvpckrqxtbgyprbgppjfqmimmmfw/Build/Intermediates.noindex/AppCheck.build/Debug-iphonesimulator/AppCheckCore.build/Objects-normal/x86_64/GACAppCheckStorage.o -index-unit-output-path /AppCheck.build/Debug-iphonesimulator/AppCheckCore.build/Objects-normal/x86_64/GACAppCheckStorage.o

CompileC /Users/siam/Library/Developer/Xcode/DerivedData/Lingua_Quest-gvpckrqxtbgyprbgppjfqmimmmfw/Build/Intermediates.noindex/AppCheck.build/Debug-iphonesimulator/AppCheckCore.build/Objects-normal/x86_64/GACAppCheckTimer.o /Users/siam/Library/Developer/Xcode/DerivedData/Lingua_Quest-gvpckrqxtbgyprbgppjfqmimmmfw/SourcePackages/checkouts/app-check/AppCheckCore/Sources/Core/TokenRefresh/GACAppCheckTimer.m normal x86_64 objective-c com.apple.compilers.llvm.clang.1_0.compiler (in target 'AppCheckCore' from project 'AppCheck')
    cd /Users/siam/Desktop/Lingua\ Quest/Lingua\ Quest.xcodeproj
    
    Using response file: /Users/siam/Library/Developer/Xcode/DerivedData/Lingua_Quest-gvpckrqxtbgyprbgppjfqmimmmfw/Build/Intermediates.noindex/AppCheck.build/Debug-iphonesimulator/AppCheckCore.build/Objects-normal/x86_64/e6072d4f65d7061329687fe24e3d63a7-common-args.resp
    
    /Applications/Xcode.app/Contents/Developer/Toolchains/XcodeDefault.xctoolchain/usr/bin/clang -x objective-c -ivfsstatcache /Users/siam/Library/Developer/Xcode/DerivedData/SDKStatCaches.noindex/iphonesimulator26.0-23A339-26257891a6c027eb51374368541b8346.sdkstatcache -fmessage-length\=0 -fdiagnostics-show-note-include-stack -fmacro-backtrace-limit\=0 -fno-color-diagnostics -fmodules-prune-interval\=86400 -fmodules-prune-after\=345600 -fbuild-session-file\=/Users/siam/Library/Developer/Xcode/DerivedData/ModuleCache.noindex/Session.modulevalidation -fmodules-validate-once-per-build-session -Wnon-modular-include-in-framework-module -Werror\=non-modular-include-in-framework-module -Wno-trigraphs -Wno-missing-field-initializers -Wno-missing-prototypes -Wno-return-type -Wno-implicit-atomic-properties -Wno-objc-interface-ivars -Wno-arc-repeated-use-of-weak -Wno-missing-braces -Wparentheses -Wswitch -Wno-unused-function -Wno-unused-label -Wno-unused-parameter -Wno-unused-variable -Wunused-value -Wno-empty-body -Wno-uninitialized -Wno-unknown-pragmas -w -Wno-shadow -Wno-four-char-constants -Wno-conversion -Wno-constant-conversion -Wno-int-conversion -Wno-bool-conversion -Wno-enum-conversion -Wno-float-conversion -Wno-non-literal-null-conversion -Wno-objc-literal-conversion -Wshorten-64-to-32 -Wpointer-sign -Wno-newline-eof -Wno-selector -Wno-strict-selector-match -Wno-undeclared-selector -Wno-deprecated-implementations -Wno-implicit-fallthrough -fstrict-aliasing -Wprotocol -Wdeprecated-declarations -Wno-sign-conversion -Wno-infinite-recursion -Wno-comma -Wno-block-capture-autoreleasing -Wno-strict-prototypes -Wno-semicolon-before-method-body -index-store-path /Users/siam/Library/Developer/Xcode/DerivedData/Lingua_Quest-gvpckrqxtbgyprbgppjfqmimmmfw/Index.noindex/DataStore @/Users/siam/Library/Developer/Xcode/DerivedData/Lingua_Quest-gvpckrqxtbgyprbgppjfqmimmmfw/Build/Intermediates.noindex/AppCheck.build/Debug-iphonesimulator/AppCheckCore.build/Objects-normal/x86_64/e6072d4f65d7061329687fe24e3d63a7-common-args.resp -MMD -MT dependencies -MF /Users/siam/Library/Developer/Xcode/DerivedData/Lingua_Quest-gvpckrqxtbgyprbgppjfqmimmmfw/Build/Intermediates.noindex/AppCheck.build/Debug-iphonesimulator/AppCheckCore.build/Objects-normal/x86_64/GACAppCheckTimer.d --serialize-diagnostics /Users/siam/Library/Developer/Xcode/DerivedData/Lingua_Quest-gvpckrqxtbgyprbgppjfqmimmmfw/Build/Intermediates.noindex/AppCheck.build/Debug-iphonesimulator/AppCheckCore.build/Objects-normal/x86_64/GACAppCheckTimer.dia -c /Users/siam/Library/Developer/Xcode/DerivedData/Lingua_Quest-gvpckrqxtbgyprbgppjfqmimmmfw/SourcePackages/checkouts/app-check/AppCheckCore/Sources/Core/TokenRefresh/GACAppCheckTimer.m -o /Users/siam/Library/Developer/Xcode/DerivedData/Lingua_Quest-gvpckrqxtbgyprbgppjfqmimmmfw/Build/Intermediates.noindex/AppCheck.build/Debug-iphonesimulator/AppCheckCore.build/Objects-normal/x86_64/GACAppCheckTimer.o -index-unit-output-path /AppCheck.build/Debug-iphonesimulator/AppCheckCore.build/Objects-normal/x86_64/GACAppCheckTimer.o

ScanDependencies /Users/siam/Library/Developer/Xcode/DerivedData/Lingua_Quest-gvpckrqxtbgyprbgppjfqmimmmfw/Build/Intermediates.noindex/AppCheck.build/Debug-iphonesimulator/AppCheckCore.build/Objects-normal/x86_64/GACAppCheckSettings.o /Users/siam/Library/Developer/Xcode/DerivedData/Lingua_Quest-gvpckrqxtbgyprbgppjfqmimmmfw/SourcePackages/checkouts/app-check/AppCheckCore/Sources/Core/GACAppCheckSettings.m normal x86_64 objective-c com.apple.compilers.llvm.clang.1_0.compiler (in target 'AppCheckCore' from project 'AppCheck')
    cd /Users/siam/Desktop/Lingua\ Quest/Lingua\ Quest.xcodeproj
    
    Using response file: /Users/siam/Library/Developer/Xcode/DerivedData/Lingua_Quest-gvpckrqxtbgyprbgppjfqmimmmfw/Build/Intermediates.noindex/AppCheck.build/Debug-iphonesimulator/AppCheckCore.build/Objects-normal/x86_64/e6072d4f65d7061329687fe24e3d63a7-common-args.resp
    
    builtin-ScanDependencies -o /Users/siam/Library/Developer/Xcode/DerivedData/Lingua_Quest-gvpckrqxtbgyprbgppjfqmimmmfw/Build/Intermediates.noindex/AppCheck.build/Debug-iphonesimulator/AppCheckCore.build/Objects-normal/x86_64/GACAppCheckSettings.o.scan -- /Applications/Xcode.app/Contents/Developer/Toolchains/XcodeDefault.xctoolchain/usr/bin/clang -x objective-c -ivfsstatcache /Users/siam/Library/Developer/Xcode/DerivedData/SDKStatCaches.noindex/iphonesimulator26.0-23A339-26257891a6c027eb51374368541b8346.sdkstatcache -fmessage-length\=0 -fdiagnostics-show-note-include-stack -fmacro-backtrace-limit\=0 -fno-color-diagnostics -fmodules-prune-interval\=86400 -fmodules-prune-after\=345600 -fbuild-session-file\=/Users/siam/Library/Developer/Xcode/DerivedData/ModuleCache.noindex/Session.modulevalidation -fmodules-validate-once-per-build-session -Wnon-modular-include-in-framework-module -Werror\=non-modular-include-in-framework-module -Wno-trigraphs -Wno-missing-field-initializers -Wno-missing-prototypes -Wno-return-type -Wno-implicit-atomic-properties -Wno-objc-interface-ivars -Wno-arc-repeated-use-of-weak -Wno-missing-braces -Wparentheses -Wswitch -Wno-unused-function -Wno-unused-label -Wno-unused-parameter -Wno-unused-variable -Wunused-value -Wno-empty-body -Wno-uninitialized -Wno-unknown-pragmas -w -Wno-shadow -Wno-four-char-constants -Wno-conversion -Wno-constant-conversion -Wno-int-conversion -Wno-bool-conversion -Wno-enum-conversion -Wno-float-conversion -Wno-non-literal-null-conversion -Wno-objc-literal-conversion -Wshorten-64-to-32 -Wpointer-sign -Wno-newline-eof -Wno-selector -Wno-strict-selector-match -Wno-undeclared-selector -Wno-deprecated-implementations -Wno-implicit-fallthrough -fstrict-aliasing -Wprotocol -Wdeprecated-declarations -Wno-sign-conversion -Wno-infinite-recursion -Wno-comma -Wno-block-capture-autoreleasing -Wno-strict-prototypes -Wno-semicolon-before-method-body -index-store-path /Users/siam/Library/Developer/Xcode/DerivedData/Lingua_Quest-gvpckrqxtbgyprbgppjfqmimmmfw/Index.noindex/DataStore @/Users/siam/Library/Developer/Xcode/DerivedData/Lingua_Quest-gvpckrqxtbgyprbgppjfqmimmmfw/Build/Intermediates.noindex/AppCheck.build/Debug-iphonesimulator/AppCheckCore.build/Objects-normal/x86_64/e6072d4f65d7061329687fe24e3d63a7-common-args.resp -MMD -MT dependencies -MF /Users/siam/Library/Developer/Xcode/DerivedData/Lingua_Quest-gvpckrqxtbgyprbgppjfqmimmmfw/Build/Intermediates.noindex/AppCheck.build/Debug-iphonesimulator/AppCheckCore.build/Objects-normal/x86_64/GACAppCheckSettings.d --serialize-diagnostics /Users/siam/Library/Developer/Xcode/DerivedData/Lingua_Quest-gvpckrqxtbgyprbgppjfqmimmmfw/Build/Intermediates.noindex/AppCheck.build/Debug-iphonesimulator/AppCheckCore.build/Objects-normal/x86_64/GACAppCheckSettings.dia -c /Users/siam/Library/Developer/Xcode/DerivedData/Lingua_Quest-gvpckrqxtbgyprbgppjfqmimmmfw/SourcePackages/checkouts/app-check/AppCheckCore/Sources/Core/GACAppCheckSettings.m -o /Users/siam/Library/Developer/Xcode/DerivedData/Lingua_Quest-gvpckrqxtbgyprbgppjfqmimmmfw/Build/Intermediates.noindex/AppCheck.build/Debug-iphonesimulator/AppCheckCore.build/Objects-normal/x86_64/GACAppCheckSettings.o -index-unit-output-path /AppCheck.build/Debug-iphonesimulator/AppCheckCore.build/Objects-normal/x86_64/GACAppCheckSettings.o

ScanDependencies /Users/siam/Library/Developer/Xcode/DerivedData/Lingua_Quest-gvpckrqxtbgyprbgppjfqmimmmfw/Build/Intermediates.noindex/AppCheck.build/Debug-iphonesimulator/AppCheckCore.build/Objects-normal/x86_64/GACAppCheckLogger.o /Users/siam/Library/Developer/Xcode/DerivedData/Lingua_Quest-gvpckrqxtbgyprbgppjfqmimmmfw/SourcePackages/checkouts/app-check/AppCheckCore/Sources/Core/GACAppCheckLogger.m normal x86_64 objective-c com.apple.compilers.llvm.clang.1_0.compiler (in target 'AppCheckCore' from project 'AppCheck')
    cd /Users/siam/Desktop/Lingua\ Quest/Lingua\ Quest.xcodeproj
    
    Using response file: /Users/siam/Library/Developer/Xcode/DerivedData/Lingua_Quest-gvpckrqxtbgyprbgppjfqmimmmfw/Build/Intermediates.noindex/AppCheck.build/Debug-iphonesimulator/AppCheckCore.build/Objects-normal/x86_64/e6072d4f65d7061329687fe24e3d63a7-common-args.resp
    
    builtin-ScanDependencies -o /Users/siam/Library/Developer/Xcode/DerivedData/Lingua_Quest-gvpckrqxtbgyprbgppjfqmimmmfw/Build/Intermediates.noindex/AppCheck.build/Debug-iphonesimulator/AppCheckCore.build/Objects-normal/x86_64/GACAppCheckLogger.o.scan -- /Applications/Xcode.app/Contents/Developer/Toolchains/XcodeDefault.xctoolchain/usr/bin/clang -x objective-c -ivfsstatcache /Users/siam/Library/Developer/Xcode/DerivedData/SDKStatCaches.noindex/iphonesimulator26.0-23A339-26257891a6c027eb51374368541b8346.sdkstatcache -fmessage-length\=0 -fdiagnostics-show-note-include-stack -fmacro-backtrace-limit\=0 -fno-color-diagnostics -fmodules-prune-interval\=86400 -fmodules-prune-after\=345600 -fbuild-session-file\=/Users/siam/Library/Developer/Xcode/DerivedData/ModuleCache.noindex/Session.modulevalidation -fmodules-validate-once-per-build-session -Wnon-modular-include-in-framework-module -Werror\=non-modular-include-in-framework-module -Wno-trigraphs -Wno-missing-field-initializers -Wno-missing-prototypes -Wno-return-type -Wno-implicit-atomic-properties -Wno-objc-interface-ivars -Wno-arc-repeated-use-of-weak -Wno-missing-braces -Wparentheses -Wswitch -Wno-unused-function -Wno-unused-label -Wno-unused-parameter -Wno-unused-variable -Wunused-value -Wno-empty-body -Wno-uninitialized -Wno-unknown-pragmas -w -Wno-shadow -Wno-four-char-constants -Wno-conversion -Wno-constant-conversion -Wno-int-conversion -Wno-bool-conversion -Wno-enum-conversion -Wno-float-conversion -Wno-non-literal-null-conversion -Wno-objc-literal-conversion -Wshorten-64-to-32 -Wpointer-sign -Wno-newline-eof -Wno-selector -Wno-strict-selector-match -Wno-undeclared-selector -Wno-deprecated-implementations -Wno-implicit-fallthrough -fstrict-aliasing -Wprotocol -Wdeprecated-declarations -Wno-sign-conversion -Wno-infinite-recursion -Wno-comma -Wno-block-capture-autoreleasing -Wno-strict-prototypes -Wno-semicolon-before-method-body -index-store-path /Users/siam/Library/Developer/Xcode/DerivedData/Lingua_Quest-gvpckrqxtbgyprbgppjfqmimmmfw/Index.noindex/DataStore @/Users/siam/Library/Developer/Xcode/DerivedData/Lingua_Quest-gvpckrqxtbgyprbgppjfqmimmmfw/Build/Intermediates.noindex/AppCheck.build/Debug-iphonesimulator/AppCheckCore.build/Objects-normal/x86_64/e6072d4f65d7061329687fe24e3d63a7-common-args.resp -MMD -MT dependencies -MF /Users/siam/Library/Developer/Xcode/DerivedData/Lingua_Quest-gvpckrqxtbgyprbgppjfqmimmmfw/Build/Intermediates.noindex/AppCheck.build/Debug-iphonesimulator/AppCheckCore.build/Objects-normal/x86_64/GACAppCheckLogger.d --serialize-diagnostics /Users/siam/Library/Developer/Xcode/DerivedData/Lingua_Quest-gvpckrqxtbgyprbgppjfqmimmmfw/Build/Intermediates.noindex/AppCheck.build/Debug-iphonesimulator/AppCheckCore.build/Objects-normal/x86_64/GACAppCheckLogger.dia -c /Users/siam/Library/Developer/Xcode/DerivedData/Lingua_Quest-gvpckrqxtbgyprbgppjfqmimmmfw/SourcePackages/checkouts/app-check/AppCheckCore/Sources/Core/GACAppCheckLogger.m -o /Users/siam/Library/Developer/Xcode/DerivedData/Lingua_Quest-gvpckrqxtbgyprbgppjfqmimmmfw/Build/Intermediates.noindex/AppCheck.build/Debug-iphonesimulator/AppCheckCore.build/Objects-normal/x86_64/GACAppCheckLogger.o -index-unit-output-path /AppCheck.build/Debug-iphonesimulator/AppCheckCore.build/Objects-normal/x86_64/GACAppCheckLogger.o

CompileC /Users/siam/Library/Developer/Xcode/DerivedData/Lingua_Quest-gvpckrqxtbgyprbgppjfqmimmmfw/Build/Intermediates.noindex/AppCheck.build/Debug-iphonesimulator/AppCheckCore.build/Objects-normal/x86_64/GACAppCheckStoredToken.o /Users/siam/Library/Developer/Xcode/DerivedData/Lingua_Quest-gvpckrqxtbgyprbgppjfqmimmmfw/SourcePackages/checkouts/app-check/AppCheckCore/Sources/Core/Storage/GACAppCheckStoredToken.m normal x86_64 objective-c com.apple.compilers.llvm.clang.1_0.compiler (in target 'AppCheckCore' from project 'AppCheck')
    cd /Users/siam/Desktop/Lingua\ Quest/Lingua\ Quest.xcodeproj
    
    Using response file: /Users/siam/Library/Developer/Xcode/DerivedData/Lingua_Quest-gvpckrqxtbgyprbgppjfqmimmmfw/Build/Intermediates.noindex/AppCheck.build/Debug-iphonesimulator/AppCheckCore.build/Objects-normal/x86_64/e6072d4f65d7061329687fe24e3d63a7-common-args.resp
    
    /Applications/Xcode.app/Contents/Developer/Toolchains/XcodeDefault.xctoolchain/usr/bin/clang -x objective-c -ivfsstatcache /Users/siam/Library/Developer/Xcode/DerivedData/SDKStatCaches.noindex/iphonesimulator26.0-23A339-26257891a6c027eb51374368541b8346.sdkstatcache -fmessage-length\=0 -fdiagnostics-show-note-include-stack -fmacro-backtrace-limit\=0 -fno-color-diagnostics -fmodules-prune-interval\=86400 -fmodules-prune-after\=345600 -fbuild-session-file\=/Users/siam/Library/Developer/Xcode/DerivedData/ModuleCache.noindex/Session.modulevalidation -fmodules-validate-once-per-build-session -Wnon-modular-include-in-framework-module -Werror\=non-modular-include-in-framework-module -Wno-trigraphs -Wno-missing-field-initializers -Wno-missing-prototypes -Wno-return-type -Wno-implicit-atomic-properties -Wno-objc-interface-ivars -Wno-arc-repeated-use-of-weak -Wno-missing-braces -Wparentheses -Wswitch -Wno-unused-function -Wno-unused-label -Wno-unused-parameter -Wno-unused-variable -Wunused-value -Wno-empty-body -Wno-uninitialized -Wno-unknown-pragmas -w -Wno-shadow -Wno-four-char-constants -Wno-conversion -Wno-constant-conversion -Wno-int-conversion -Wno-bool-conversion -Wno-enum-conversion -Wno-float-conversion -Wno-non-literal-null-conversion -Wno-objc-literal-conversion -Wshorten-64-to-32 -Wpointer-sign -Wno-newline-eof -Wno-selector -Wno-strict-selector-match -Wno-undeclared-selector -Wno-deprecated-implementations -Wno-implicit-fallthrough -fstrict-aliasing -Wprotocol -Wdeprecated-declarations -Wno-sign-conversion -Wno-infinite-recursion -Wno-comma -Wno-block-capture-autoreleasing -Wno-strict-prototypes -Wno-semicolon-before-method-body -index-store-path /Users/siam/Library/Developer/Xcode/DerivedData/Lingua_Quest-gvpckrqxtbgyprbgppjfqmimmmfw/Index.noindex/DataStore @/Users/siam/Library/Developer/Xcode/DerivedData/Lingua_Quest-gvpckrqxtbgyprbgppjfqmimmmfw/Build/Intermediates.noindex/AppCheck.build/Debug-iphonesimulator/AppCheckCore.build/Objects-normal/x86_64/e6072d4f65d7061329687fe24e3d63a7-common-args.resp -MMD -MT dependencies -MF /Users/siam/Library/Developer/Xcode/DerivedData/Lingua_Quest-gvpckrqxtbgyprbgppjfqmimmmfw/Build/Intermediates.noindex/AppCheck.build/Debug-iphonesimulator/AppCheckCore.build/Objects-normal/x86_64/GACAppCheckStoredToken.d --serialize-diagnostics /Users/siam/Library/Developer/Xcode/DerivedData/Lingua_Quest-gvpckrqxtbgyprbgppjfqmimmmfw/Build/Intermediates.noindex/AppCheck.build/Debug-iphonesimulator/AppCheckCore.build/Objects-normal/x86_64/GACAppCheckStoredToken.dia -c /Users/siam/Library/Developer/Xcode/DerivedData/Lingua_Quest-gvpckrqxtbgyprbgppjfqmimmmfw/SourcePackages/checkouts/app-check/AppCheckCore/Sources/Core/Storage/GACAppCheckStoredToken.m -o /Users/siam/Library/Developer/Xcode/DerivedData/Lingua_Quest-gvpckrqxtbgyprbgppjfqmimmmfw/Build/Intermediates.noindex/AppCheck.build/Debug-iphonesimulator/AppCheckCore.build/Objects-normal/x86_64/GACAppCheckStoredToken.o -index-unit-output-path /AppCheck.build/Debug-iphonesimulator/AppCheckCore.build/Objects-normal/x86_64/GACAppCheckStoredToken.o

ScanDependencies /Users/siam/Library/Developer/Xcode/DerivedData/Lingua_Quest-gvpckrqxtbgyprbgppjfqmimmmfw/Build/Intermediates.noindex/AppCheck.build/Debug-iphonesimulator/AppCheckCore.build/Objects-normal/x86_64/GACAppCheckHTTPError.o /Users/siam/Library/Developer/Xcode/DerivedData/Lingua_Quest-gvpckrqxtbgyprbgppjfqmimmmfw/SourcePackages/checkouts/app-check/AppCheckCore/Sources/Core/Errors/GACAppCheckHTTPError.m normal x86_64 objective-c com.apple.compilers.llvm.clang.1_0.compiler (in target 'AppCheckCore' from project 'AppCheck')
    cd /Users/siam/Desktop/Lingua\ Quest/Lingua\ Quest.xcodeproj
    
    Using response file: /Users/siam/Library/Developer/Xcode/DerivedData/Lingua_Quest-gvpckrqxtbgyprbgppjfqmimmmfw/Build/Intermediates.noindex/AppCheck.build/Debug-iphonesimulator/AppCheckCore.build/Objects-normal/x86_64/e6072d4f65d7061329687fe24e3d63a7-common-args.resp
    
    builtin-ScanDependencies -o /Users/siam/Library/Developer/Xcode/DerivedData/Lingua_Quest-gvpckrqxtbgyprbgppjfqmimmmfw/Build/Intermediates.noindex/AppCheck.build/Debug-iphonesimulator/AppCheckCore.build/Objects-normal/x86_64/GACAppCheckHTTPError.o.scan -- /Applications/Xcode.app/Contents/Developer/Toolchains/XcodeDefault.xctoolchain/usr/bin/clang -x objective-c -ivfsstatcache /Users/siam/Library/Developer/Xcode/DerivedData/SDKStatCaches.noindex/iphonesimulator26.0-23A339-26257891a6c027eb51374368541b8346.sdkstatcache -fmessage-length\=0 -fdiagnostics-show-note-include-stack -fmacro-backtrace-limit\=0 -fno-color-diagnostics -fmodules-prune-interval\=86400 -fmodules-prune-after\=345600 -fbuild-session-file\=/Users/siam/Library/Developer/Xcode/DerivedData/ModuleCache.noindex/Session.modulevalidation -fmodules-validate-once-per-build-session -Wnon-modular-include-in-framework-module -Werror\=non-modular-include-in-framework-module -Wno-trigraphs -Wno-missing-field-initializers -Wno-missing-prototypes -Wno-return-type -Wno-implicit-atomic-properties -Wno-objc-interface-ivars -Wno-arc-repeated-use-of-weak -Wno-missing-braces -Wparentheses -Wswitch -Wno-unused-function -Wno-unused-label -Wno-unused-parameter -Wno-unused-variable -Wunused-value -Wno-empty-body -Wno-uninitialized -Wno-unknown-pragmas -w -Wno-shadow -Wno-four-char-constants -Wno-conversion -Wno-constant-conversion -Wno-int-conversion -Wno-bool-conversion -Wno-enum-conversion -Wno-float-conversion -Wno-non-literal-null-conversion -Wno-objc-literal-conversion -Wshorten-64-to-32 -Wpointer-sign -Wno-newline-eof -Wno-selector -Wno-strict-selector-match -Wno-undeclared-selector -Wno-deprecated-implementations -Wno-implicit-fallthrough -fstrict-aliasing -Wprotocol -Wdeprecated-declarations -Wno-sign-conversion -Wno-infinite-recursion -Wno-comma -Wno-block-capture-autoreleasing -Wno-strict-prototypes -Wno-semicolon-before-method-body -index-store-path /Users/siam/Library/Developer/Xcode/DerivedData/Lingua_Quest-gvpckrqxtbgyprbgppjfqmimmmfw/Index.noindex/DataStore @/Users/siam/Library/Developer/Xcode/DerivedData/Lingua_Quest-gvpckrqxtbgyprbgppjfqmimmmfw/Build/Intermediates.noindex/AppCheck.build/Debug-iphonesimulator/AppCheckCore.build/Objects-normal/x86_64/e6072d4f65d7061329687fe24e3d63a7-common-args.resp -MMD -MT dependencies -MF /Users/siam/Library/Developer/Xcode/DerivedData/Lingua_Quest-gvpckrqxtbgyprbgppjfqmimmmfw/Build/Intermediates.noindex/AppCheck.build/Debug-iphonesimulator/AppCheckCore.build/Objects-normal/x86_64/GACAppCheckHTTPError.d --serialize-diagnostics /Users/siam/Library/Developer/Xcode/DerivedData/Lingua_Quest-gvpckrqxtbgyprbgppjfqmimmmfw/Build/Intermediates.noindex/AppCheck.build/Debug-iphonesimulator/AppCheckCore.build/Objects-normal/x86_64/GACAppCheckHTTPError.dia -c /Users/siam/Library/Developer/Xcode/DerivedData/Lingua_Quest-gvpckrqxtbgyprbgppjfqmimmmfw/SourcePackages/checkouts/app-check/AppCheckCore/Sources/Core/Errors/GACAppCheckHTTPError.m -o /Users/siam/Library/Developer/Xcode/DerivedData/Lingua_Quest-gvpckrqxtbgyprbgppjfqmimmmfw/Build/Intermediates.noindex/AppCheck.build/Debug-iphonesimulator/AppCheckCore.build/Objects-normal/x86_64/GACAppCheckHTTPError.o -index-unit-output-path /AppCheck.build/Debug-iphonesimulator/AppCheckCore.build/Objects-normal/x86_64/GACAppCheckHTTPError.o

CompileC /Users/siam/Library/Developer/Xcode/DerivedData/Lingua_Quest-gvpckrqxtbgyprbgppjfqmimmmfw/Build/Intermediates.noindex/AppCheck.build/Debug-iphonesimulator/AppCheckCore.build/Objects-normal/x86_64/GACAppCheckSettings.o /Users/siam/Library/Developer/Xcode/DerivedData/Lingua_Quest-gvpckrqxtbgyprbgppjfqmimmmfw/SourcePackages/checkouts/app-check/AppCheckCore/Sources/Core/GACAppCheckSettings.m normal x86_64 objective-c com.apple.compilers.llvm.clang.1_0.compiler (in target 'AppCheckCore' from project 'AppCheck')
    cd /Users/siam/Desktop/Lingua\ Quest/Lingua\ Quest.xcodeproj
    
    Using response file: /Users/siam/Library/Developer/Xcode/DerivedData/Lingua_Quest-gvpckrqxtbgyprbgppjfqmimmmfw/Build/Intermediates.noindex/AppCheck.build/Debug-iphonesimulator/AppCheckCore.build/Objects-normal/x86_64/e6072d4f65d7061329687fe24e3d63a7-common-args.resp
    
    /Applications/Xcode.app/Contents/Developer/Toolchains/XcodeDefault.xctoolchain/usr/bin/clang -x objective-c -ivfsstatcache /Users/siam/Library/Developer/Xcode/DerivedData/SDKStatCaches.noindex/iphonesimulator26.0-23A339-26257891a6c027eb51374368541b8346.sdkstatcache -fmessage-length\=0 -fdiagnostics-show-note-include-stack -fmacro-backtrace-limit\=0 -fno-color-diagnostics -fmodules-prune-interval\=86400 -fmodules-prune-after\=345600 -fbuild-session-file\=/Users/siam/Library/Developer/Xcode/DerivedData/ModuleCache.noindex/Session.modulevalidation -fmodules-validate-once-per-build-session -Wnon-modular-include-in-framework-module -Werror\=non-modular-include-in-framework-module -Wno-trigraphs -Wno-missing-field-initializers -Wno-missing-prototypes -Wno-return-type -Wno-implicit-atomic-properties -Wno-objc-interface-ivars -Wno-arc-repeated-use-of-weak -Wno-missing-braces -Wparentheses -Wswitch -Wno-unused-function -Wno-unused-label -Wno-unused-parameter -Wno-unused-variable -Wunused-value -Wno-empty-body -Wno-uninitialized -Wno-unknown-pragmas -w -Wno-shadow -Wno-four-char-constants -Wno-conversion -Wno-constant-conversion -Wno-int-conversion -Wno-bool-conversion -Wno-enum-conversion -Wno-float-conversion -Wno-non-literal-null-conversion -Wno-objc-literal-conversion -Wshorten-64-to-32 -Wpointer-sign -Wno-newline-eof -Wno-selector -Wno-strict-selector-match -Wno-undeclared-selector -Wno-deprecated-implementations -Wno-implicit-fallthrough -fstrict-aliasing -Wprotocol -Wdeprecated-declarations -Wno-sign-conversion -Wno-infinite-recursion -Wno-comma -Wno-block-capture-autoreleasing -Wno-strict-prototypes -Wno-semicolon-before-method-body -index-store-path /Users/siam/Library/Developer/Xcode/DerivedData/Lingua_Quest-gvpckrqxtbgyprbgppjfqmimmmfw/Index.noindex/DataStore @/Users/siam/Library/Developer/Xcode/DerivedData/Lingua_Quest-gvpckrqxtbgyprbgppjfqmimmmfw/Build/Intermediates.noindex/AppCheck.build/Debug-iphonesimulator/AppCheckCore.build/Objects-normal/x86_64/e6072d4f65d7061329687fe24e3d63a7-common-args.resp -MMD -MT dependencies -MF /Users/siam/Library/Developer/Xcode/DerivedData/Lingua_Quest-gvpckrqxtbgyprbgppjfqmimmmfw/Build/Intermediates.noindex/AppCheck.build/Debug-iphonesimulator/AppCheckCore.build/Objects-normal/x86_64/GACAppCheckSettings.d --serialize-diagnostics /Users/siam/Library/Developer/Xcode/DerivedData/Lingua_Quest-gvpckrqxtbgyprbgppjfqmimmmfw/Build/Intermediates.noindex/AppCheck.build/Debug-iphonesimulator/AppCheckCore.build/Objects-normal/x86_64/GACAppCheckSettings.dia -c /Users/siam/Library/Developer/Xcode/DerivedData/Lingua_Quest-gvpckrqxtbgyprbgppjfqmimmmfw/SourcePackages/checkouts/app-check/AppCheckCore/Sources/Core/GACAppCheckSettings.m -o /Users/siam/Library/Developer/Xcode/DerivedData/Lingua_Quest-gvpckrqxtbgyprbgppjfqmimmmfw/Build/Intermediates.noindex/AppCheck.build/Debug-iphonesimulator/AppCheckCore.build/Objects-normal/x86_64/GACAppCheckSettings.o -index-unit-output-path /AppCheck.build/Debug-iphonesimulator/AppCheckCore.build/Objects-normal/x86_64/GACAppCheckSettings.o

CompileC /Users/siam/Library/Developer/Xcode/DerivedData/Lingua_Quest-gvpckrqxtbgyprbgppjfqmimmmfw/Build/Intermediates.noindex/AppCheck.build/Debug-iphonesimulator/AppCheckCore.build/Objects-normal/x86_64/GACAppCheckStoredToken+GACAppCheckToken.o /Users/siam/Library/Developer/Xcode/DerivedData/Lingua_Quest-gvpckrqxtbgyprbgppjfqmimmmfw/SourcePackages/checkouts/app-check/AppCheckCore/Sources/Core/Storage/GACAppCheckStoredToken+GACAppCheckToken.m normal x86_64 objective-c com.apple.compilers.llvm.clang.1_0.compiler (in target 'AppCheckCore' from project 'AppCheck')
    cd /Users/siam/Desktop/Lingua\ Quest/Lingua\ Quest.xcodeproj
    
    Using response file: /Users/siam/Library/Developer/Xcode/DerivedData/Lingua_Quest-gvpckrqxtbgyprbgppjfqmimmmfw/Build/Intermediates.noindex/AppCheck.build/Debug-iphonesimulator/AppCheckCore.build/Objects-normal/x86_64/e6072d4f65d7061329687fe24e3d63a7-common-args.resp
    
    /Applications/Xcode.app/Contents/Developer/Toolchains/XcodeDefault.xctoolchain/usr/bin/clang -x objective-c -ivfsstatcache /Users/siam/Library/Developer/Xcode/DerivedData/SDKStatCaches.noindex/iphonesimulator26.0-23A339-26257891a6c027eb51374368541b8346.sdkstatcache -fmessage-length\=0 -fdiagnostics-show-note-include-stack -fmacro-backtrace-limit\=0 -fno-color-diagnostics -fmodules-prune-interval\=86400 -fmodules-prune-after\=345600 -fbuild-session-file\=/Users/siam/Library/Developer/Xcode/DerivedData/ModuleCache.noindex/Session.modulevalidation -fmodules-validate-once-per-build-session -Wnon-modular-include-in-framework-module -Werror\=non-modular-include-in-framework-module -Wno-trigraphs -Wno-missing-field-initializers -Wno-missing-prototypes -Wno-return-type -Wno-implicit-atomic-properties -Wno-objc-interface-ivars -Wno-arc-repeated-use-of-weak -Wno-missing-braces -Wparentheses -Wswitch -Wno-unused-function -Wno-unused-label -Wno-unused-parameter -Wno-unused-variable -Wunused-value -Wno-empty-body -Wno-uninitialized -Wno-unknown-pragmas -w -Wno-shadow -Wno-four-char-constants -Wno-conversion -Wno-constant-conversion -Wno-int-conversion -Wno-bool-conversion -Wno-enum-conversion -Wno-float-conversion -Wno-non-literal-null-conversion -Wno-objc-literal-conversion -Wshorten-64-to-32 -Wpointer-sign -Wno-newline-eof -Wno-selector -Wno-strict-selector-match -Wno-undeclared-selector -Wno-deprecated-implementations -Wno-implicit-fallthrough -fstrict-aliasing -Wprotocol -Wdeprecated-declarations -Wno-sign-conversion -Wno-infinite-recursion -Wno-comma -Wno-block-capture-autoreleasing -Wno-strict-prototypes -Wno-semicolon-before-method-body -index-store-path /Users/siam/Library/Developer/Xcode/DerivedData/Lingua_Quest-gvpckrqxtbgyprbgppjfqmimmmfw/Index.noindex/DataStore @/Users/siam/Library/Developer/Xcode/DerivedData/Lingua_Quest-gvpckrqxtbgyprbgppjfqmimmmfw/Build/Intermediates.noindex/AppCheck.build/Debug-iphonesimulator/AppCheckCore.build/Objects-normal/x86_64/e6072d4f65d7061329687fe24e3d63a7-common-args.resp -MMD -MT dependencies -MF /Users/siam/Library/Developer/Xcode/DerivedData/Lingua_Quest-gvpckrqxtbgyprbgppjfqmimmmfw/Build/Intermediates.noindex/AppCheck.build/Debug-iphonesimulator/AppCheckCore.build/Objects-normal/x86_64/GACAppCheckStoredToken+GACAppCheckToken.d --serialize-diagnostics /Users/siam/Library/Developer/Xcode/DerivedData/Lingua_Quest-gvpckrqxtbgyprbgppjfqmimmmfw/Build/Intermediates.noindex/AppCheck.build/Debug-iphonesimulator/AppCheckCore.build/Objects-normal/x86_64/GACAppCheckStoredToken+GACAppCheckToken.dia -c /Users/siam/Library/Developer/Xcode/DerivedData/Lingua_Quest-gvpckrqxtbgyprbgppjfqmimmmfw/SourcePackages/checkouts/app-check/AppCheckCore/Sources/Core/Storage/GACAppCheckStoredToken+GACAppCheckToken.m -o /Users/siam/Library/Developer/Xcode/DerivedData/Lingua_Quest-gvpckrqxtbgyprbgppjfqmimmmfw/Build/Intermediates.noindex/AppCheck.build/Debug-iphonesimulator/AppCheckCore.build/Objects-normal/x86_64/GACAppCheckStoredToken+GACAppCheckToken.o -index-unit-output-path /AppCheck.build/Debug-iphonesimulator/AppCheckCore.build/Objects-normal/x86_64/GACAppCheckStoredToken+GACAppCheckToken.o

ScanDependencies /Users/siam/Library/Developer/Xcode/DerivedData/Lingua_Quest-gvpckrqxtbgyprbgppjfqmimmmfw/Build/Intermediates.noindex/AppCheck.build/Debug-iphonesimulator/AppCheckCore.build/Objects-normal/x86_64/GACAppCheckErrors.o /Users/siam/Library/Developer/Xcode/DerivedData/Lingua_Quest-gvpckrqxtbgyprbgppjfqmimmmfw/SourcePackages/checkouts/app-check/AppCheckCore/Sources/Core/Errors/GACAppCheckErrors.m normal x86_64 objective-c com.apple.compilers.llvm.clang.1_0.compiler (in target 'AppCheckCore' from project 'AppCheck')
    cd /Users/siam/Desktop/Lingua\ Quest/Lingua\ Quest.xcodeproj
    
    Using response file: /Users/siam/Library/Developer/Xcode/DerivedData/Lingua_Quest-gvpckrqxtbgyprbgppjfqmimmmfw/Build/Intermediates.noindex/AppCheck.build/Debug-iphonesimulator/AppCheckCore.build/Objects-normal/x86_64/e6072d4f65d7061329687fe24e3d63a7-common-args.resp
    
    builtin-ScanDependencies -o /Users/siam/Library/Developer/Xcode/DerivedData/Lingua_Quest-gvpckrqxtbgyprbgppjfqmimmmfw/Build/Intermediates.noindex/AppCheck.build/Debug-iphonesimulator/AppCheckCore.build/Objects-normal/x86_64/GACAppCheckErrors.o.scan -- /Applications/Xcode.app/Contents/Developer/Toolchains/XcodeDefault.xctoolchain/usr/bin/clang -x objective-c -ivfsstatcache /Users/siam/Library/Developer/Xcode/DerivedData/SDKStatCaches.noindex/iphonesimulator26.0-23A339-26257891a6c027eb51374368541b8346.sdkstatcache -fmessage-length\=0 -fdiagnostics-show-note-include-stack -fmacro-backtrace-limit\=0 -fno-color-diagnostics -fmodules-prune-interval\=86400 -fmodules-prune-after\=345600 -fbuild-session-file\=/Users/siam/Library/Developer/Xcode/DerivedData/ModuleCache.noindex/Session.modulevalidation -fmodules-validate-once-per-build-session -Wnon-modular-include-in-framework-module -Werror\=non-modular-include-in-framework-module -Wno-trigraphs -Wno-missing-field-initializers -Wno-missing-prototypes -Wno-return-type -Wno-implicit-atomic-properties -Wno-objc-interface-ivars -Wno-arc-repeated-use-of-weak -Wno-missing-braces -Wparentheses -Wswitch -Wno-unused-function -Wno-unused-label -Wno-unused-parameter -Wno-unused-variable -Wunused-value -Wno-empty-body -Wno-uninitialized -Wno-unknown-pragmas -w -Wno-shadow -Wno-four-char-constants -Wno-conversion -Wno-constant-conversion -Wno-int-conversion -Wno-bool-conversion -Wno-enum-conversion -Wno-float-conversion -Wno-non-literal-null-conversion -Wno-objc-literal-conversion -Wshorten-64-to-32 -Wpointer-sign -Wno-newline-eof -Wno-selector -Wno-strict-selector-match -Wno-undeclared-selector -Wno-deprecated-implementations -Wno-implicit-fallthrough -fstrict-aliasing -Wprotocol -Wdeprecated-declarations -Wno-sign-conversion -Wno-infinite-recursion -Wno-comma -Wno-block-capture-autoreleasing -Wno-strict-prototypes -Wno-semicolon-before-method-body -index-store-path /Users/siam/Library/Developer/Xcode/DerivedData/Lingua_Quest-gvpckrqxtbgyprbgppjfqmimmmfw/Index.noindex/DataStore @/Users/siam/Library/Developer/Xcode/DerivedData/Lingua_Quest-gvpckrqxtbgyprbgppjfqmimmmfw/Build/Intermediates.noindex/AppCheck.build/Debug-iphonesimulator/AppCheckCore.build/Objects-normal/x86_64/e6072d4f65d7061329687fe24e3d63a7-common-args.resp -MMD -MT dependencies -MF /Users/siam/Library/Developer/Xcode/DerivedData/Lingua_Quest-gvpckrqxtbgyprbgppjfqmimmmfw/Build/Intermediates.noindex/AppCheck.build/Debug-iphonesimulator/AppCheckCore.build/Objects-normal/x86_64/GACAppCheckErrors.d --serialize-diagnostics /Users/siam/Library/Developer/Xcode/DerivedData/Lingua_Quest-gvpckrqxtbgyprbgppjfqmimmmfw/Build/Intermediates.noindex/AppCheck.build/Debug-iphonesimulator/AppCheckCore.build/Objects-normal/x86_64/GACAppCheckErrors.dia -c /Users/siam/Library/Developer/Xcode/DerivedData/Lingua_Quest-gvpckrqxtbgyprbgppjfqmimmmfw/SourcePackages/checkouts/app-check/AppCheckCore/Sources/Core/Errors/GACAppCheckErrors.m -o /Users/siam/Library/Developer/Xcode/DerivedData/Lingua_Quest-gvpckrqxtbgyprbgppjfqmimmmfw/Build/Intermediates.noindex/AppCheck.build/Debug-iphonesimulator/AppCheckCore.build/Objects-normal/x86_64/GACAppCheckErrors.o -index-unit-output-path /AppCheck.build/Debug-iphonesimulator/AppCheckCore.build/Objects-normal/x86_64/GACAppCheckErrors.o

ScanDependencies /Users/siam/Library/Developer/Xcode/DerivedData/Lingua_Quest-gvpckrqxtbgyprbgppjfqmimmmfw/Build/Intermediates.noindex/AppCheck.build/Debug-iphonesimulator/AppCheckCore.build/Objects-normal/x86_64/GACAppCheckErrorUtil.o /Users/siam/Library/Developer/Xcode/DerivedData/Lingua_Quest-gvpckrqxtbgyprbgppjfqmimmmfw/SourcePackages/checkouts/app-check/AppCheckCore/Sources/Core/Errors/GACAppCheckErrorUtil.m normal x86_64 objective-c com.apple.compilers.llvm.clang.1_0.compiler (in target 'AppCheckCore' from project 'AppCheck')
    cd /Users/siam/Desktop/Lingua\ Quest/Lingua\ Quest.xcodeproj
    
    Using response file: /Users/siam/Library/Developer/Xcode/DerivedData/Lingua_Quest-gvpckrqxtbgyprbgppjfqmimmmfw/Build/Intermediates.noindex/AppCheck.build/Debug-iphonesimulator/AppCheckCore.build/Objects-normal/x86_64/e6072d4f65d7061329687fe24e3d63a7-common-args.resp
    
    builtin-ScanDependencies -o /Users/siam/Library/Developer/Xcode/DerivedData/Lingua_Quest-gvpckrqxtbgyprbgppjfqmimmmfw/Build/Intermediates.noindex/AppCheck.build/Debug-iphonesimulator/AppCheckCore.build/Objects-normal/x86_64/GACAppCheckErrorUtil.o.scan -- /Applications/Xcode.app/Contents/Developer/Toolchains/XcodeDefault.xctoolchain/usr/bin/clang -x objective-c -ivfsstatcache /Users/siam/Library/Developer/Xcode/DerivedData/SDKStatCaches.noindex/iphonesimulator26.0-23A339-26257891a6c027eb51374368541b8346.sdkstatcache -fmessage-length\=0 -fdiagnostics-show-note-include-stack -fmacro-backtrace-limit\=0 -fno-color-diagnostics -fmodules-prune-interval\=86400 -fmodules-prune-after\=345600 -fbuild-session-file\=/Users/siam/Library/Developer/Xcode/DerivedData/ModuleCache.noindex/Session.modulevalidation -fmodules-validate-once-per-build-session -Wnon-modular-include-in-framework-module -Werror\=non-modular-include-in-framework-module -Wno-trigraphs -Wno-missing-field-initializers -Wno-missing-prototypes -Wno-return-type -Wno-implicit-atomic-properties -Wno-objc-interface-ivars -Wno-arc-repeated-use-of-weak -Wno-missing-braces -Wparentheses -Wswitch -Wno-unused-function -Wno-unused-label -Wno-unused-parameter -Wno-unused-variable -Wunused-value -Wno-empty-body -Wno-uninitialized -Wno-unknown-pragmas -w -Wno-shadow -Wno-four-char-constants -Wno-conversion -Wno-constant-conversion -Wno-int-conversion -Wno-bool-conversion -Wno-enum-conversion -Wno-float-conversion -Wno-non-literal-null-conversion -Wno-objc-literal-conversion -Wshorten-64-to-32 -Wpointer-sign -Wno-newline-eof -Wno-selector -Wno-strict-selector-match -Wno-undeclared-selector -Wno-deprecated-implementations -Wno-implicit-fallthrough -fstrict-aliasing -Wprotocol -Wdeprecated-declarations -Wno-sign-conversion -Wno-infinite-recursion -Wno-comma -Wno-block-capture-autoreleasing -Wno-strict-prototypes -Wno-semicolon-before-method-body -index-store-path /Users/siam/Library/Developer/Xcode/DerivedData/Lingua_Quest-gvpckrqxtbgyprbgppjfqmimmmfw/Index.noindex/DataStore @/Users/siam/Library/Developer/Xcode/DerivedData/Lingua_Quest-gvpckrqxtbgyprbgppjfqmimmmfw/Build/Intermediates.noindex/AppCheck.build/Debug-iphonesimulator/AppCheckCore.build/Objects-normal/x86_64/e6072d4f65d7061329687fe24e3d63a7-common-args.resp -MMD -MT dependencies -MF /Users/siam/Library/Developer/Xcode/DerivedData/Lingua_Quest-gvpckrqxtbgyprbgppjfqmimmmfw/Build/Intermediates.noindex/AppCheck.build/Debug-iphonesimulator/AppCheckCore.build/Objects-normal/x86_64/GACAppCheckErrorUtil.d --serialize-diagnostics /Users/siam/Library/Developer/Xcode/DerivedData/Lingua_Quest-gvpckrqxtbgyprbgppjfqmimmmfw/Build/Intermediates.noindex/AppCheck.build/Debug-iphonesimulator/AppCheckCore.build/Objects-normal/x86_64/GACAppCheckErrorUtil.dia -c /Users/siam/Library/Developer/Xcode/DerivedData/Lingua_Quest-gvpckrqxtbgyprbgppjfqmimmmfw/SourcePackages/checkouts/app-check/AppCheckCore/Sources/Core/Errors/GACAppCheckErrorUtil.m -o /Users/siam/Library/Developer/Xcode/DerivedData/Lingua_Quest-gvpckrqxtbgyprbgppjfqmimmmfw/Build/Intermediates.noindex/AppCheck.build/Debug-iphonesimulator/AppCheckCore.build/Objects-normal/x86_64/GACAppCheckErrorUtil.o -index-unit-output-path /AppCheck.build/Debug-iphonesimulator/AppCheckCore.build/Objects-normal/x86_64/GACAppCheckErrorUtil.o

CompileC /Users/siam/Library/Developer/Xcode/DerivedData/Lingua_Quest-gvpckrqxtbgyprbgppjfqmimmmfw/Build/Intermediates.noindex/AppCheck.build/Debug-iphonesimulator/AppCheckCore.build/Objects-normal/x86_64/GACAppCheckLogger.o /Users/siam/Library/Developer/Xcode/DerivedData/Lingua_Quest-gvpckrqxtbgyprbgppjfqmimmmfw/SourcePackages/checkouts/app-check/AppCheckCore/Sources/Core/GACAppCheckLogger.m normal x86_64 objective-c com.apple.compilers.llvm.clang.1_0.compiler (in target 'AppCheckCore' from project 'AppCheck')
    cd /Users/siam/Desktop/Lingua\ Quest/Lingua\ Quest.xcodeproj
    
    Using response file: /Users/siam/Library/Developer/Xcode/DerivedData/Lingua_Quest-gvpckrqxtbgyprbgppjfqmimmmfw/Build/Intermediates.noindex/AppCheck.build/Debug-iphonesimulator/AppCheckCore.build/Objects-normal/x86_64/e6072d4f65d7061329687fe24e3d63a7-common-args.resp
    
    /Applications/Xcode.app/Contents/Developer/Toolchains/XcodeDefault.xctoolchain/usr/bin/clang -x objective-c -ivfsstatcache /Users/siam/Library/Developer/Xcode/DerivedData/SDKStatCaches.noindex/iphonesimulator26.0-23A339-26257891a6c027eb51374368541b8346.sdkstatcache -fmessage-length\=0 -fdiagnostics-show-note-include-stack -fmacro-backtrace-limit\=0 -fno-color-diagnostics -fmodules-prune-interval\=86400 -fmodules-prune-after\=345600 -fbuild-session-file\=/Users/siam/Library/Developer/Xcode/DerivedData/ModuleCache.noindex/Session.modulevalidation -fmodules-validate-once-per-build-session -Wnon-modular-include-in-framework-module -Werror\=non-modular-include-in-framework-module -Wno-trigraphs -Wno-missing-field-initializers -Wno-missing-prototypes -Wno-return-type -Wno-implicit-atomic-properties -Wno-objc-interface-ivars -Wno-arc-repeated-use-of-weak -Wno-missing-braces -Wparentheses -Wswitch -Wno-unused-function -Wno-unused-label -Wno-unused-parameter -Wno-unused-variable -Wunused-value -Wno-empty-body -Wno-uninitialized -Wno-unknown-pragmas -w -Wno-shadow -Wno-four-char-constants -Wno-conversion -Wno-constant-conversion -Wno-int-conversion -Wno-bool-conversion -Wno-enum-conversion -Wno-float-conversion -Wno-non-literal-null-conversion -Wno-objc-literal-conversion -Wshorten-64-to-32 -Wpointer-sign -Wno-newline-eof -Wno-selector -Wno-strict-selector-match -Wno-undeclared-selector -Wno-deprecated-implementations -Wno-implicit-fallthrough -fstrict-aliasing -Wprotocol -Wdeprecated-declarations -Wno-sign-conversion -Wno-infinite-recursion -Wno-comma -Wno-block-capture-autoreleasing -Wno-strict-prototypes -Wno-semicolon-before-method-body -index-store-path /Users/siam/Library/Developer/Xcode/DerivedData/Lingua_Quest-gvpckrqxtbgyprbgppjfqmimmmfw/Index.noindex/DataStore @/Users/siam/Library/Developer/Xcode/DerivedData/Lingua_Quest-gvpckrqxtbgyprbgppjfqmimmmfw/Build/Intermediates.noindex/AppCheck.build/Debug-iphonesimulator/AppCheckCore.build/Objects-normal/x86_64/e6072d4f65d7061329687fe24e3d63a7-common-args.resp -MMD -MT dependencies -MF /Users/siam/Library/Developer/Xcode/DerivedData/Lingua_Quest-gvpckrqxtbgyprbgppjfqmimmmfw/Build/Intermediates.noindex/AppCheck.build/Debug-iphonesimulator/AppCheckCore.build/Objects-normal/x86_64/GACAppCheckLogger.d --serialize-diagnostics /Users/siam/Library/Developer/Xcode/DerivedData/Lingua_Quest-gvpckrqxtbgyprbgppjfqmimmmfw/Build/Intermediates.noindex/AppCheck.build/Debug-iphonesimulator/AppCheckCore.build/Objects-normal/x86_64/GACAppCheckLogger.dia -c /Users/siam/Library/Developer/Xcode/DerivedData/Lingua_Quest-gvpckrqxtbgyprbgppjfqmimmmfw/SourcePackages/checkouts/app-check/AppCheckCore/Sources/Core/GACAppCheckLogger.m -o /Users/siam/Library/Developer/Xcode/DerivedData/Lingua_Quest-gvpckrqxtbgyprbgppjfqmimmmfw/Build/Intermediates.noindex/AppCheck.build/Debug-iphonesimulator/AppCheckCore.build/Objects-normal/x86_64/GACAppCheckLogger.o -index-unit-output-path /AppCheck.build/Debug-iphonesimulator/AppCheckCore.build/Objects-normal/x86_64/GACAppCheckLogger.o

CompileC /Users/siam/Library/Developer/Xcode/DerivedData/Lingua_Quest-gvpckrqxtbgyprbgppjfqmimmmfw/Build/Intermediates.noindex/AppCheck.build/Debug-iphonesimulator/AppCheckCore.build/Objects-normal/x86_64/GACAppCheckHTTPError.o /Users/siam/Library/Developer/Xcode/DerivedData/Lingua_Quest-gvpckrqxtbgyprbgppjfqmimmmfw/SourcePackages/checkouts/app-check/AppCheckCore/Sources/Core/Errors/GACAppCheckHTTPError.m normal x86_64 objective-c com.apple.compilers.llvm.clang.1_0.compiler (in target 'AppCheckCore' from project 'AppCheck')
    cd /Users/siam/Desktop/Lingua\ Quest/Lingua\ Quest.xcodeproj
    
    Using response file: /Users/siam/Library/Developer/Xcode/DerivedData/Lingua_Quest-gvpckrqxtbgyprbgppjfqmimmmfw/Build/Intermediates.noindex/AppCheck.build/Debug-iphonesimulator/AppCheckCore.build/Objects-normal/x86_64/e6072d4f65d7061329687fe24e3d63a7-common-args.resp
    
    /Applications/Xcode.app/Contents/Developer/Toolchains/XcodeDefault.xctoolchain/usr/bin/clang -x objective-c -ivfsstatcache /Users/siam/Library/Developer/Xcode/DerivedData/SDKStatCaches.noindex/iphonesimulator26.0-23A339-26257891a6c027eb51374368541b8346.sdkstatcache -fmessage-length\=0 -fdiagnostics-show-note-include-stack -fmacro-backtrace-limit\=0 -fno-color-diagnostics -fmodules-prune-interval\=86400 -fmodules-prune-after\=345600 -fbuild-session-file\=/Users/siam/Library/Developer/Xcode/DerivedData/ModuleCache.noindex/Session.modulevalidation -fmodules-validate-once-per-build-session -Wnon-modular-include-in-framework-module -Werror\=non-modular-include-in-framework-module -Wno-trigraphs -Wno-missing-field-initializers -Wno-missing-prototypes -Wno-return-type -Wno-implicit-atomic-properties -Wno-objc-interface-ivars -Wno-arc-repeated-use-of-weak -Wno-missing-braces -Wparentheses -Wswitch -Wno-unused-function -Wno-unused-label -Wno-unused-parameter -Wno-unused-variable -Wunused-value -Wno-empty-body -Wno-uninitialized -Wno-unknown-pragmas -w -Wno-shadow -Wno-four-char-constants -Wno-conversion -Wno-constant-conversion -Wno-int-conversion -Wno-bool-conversion -Wno-enum-conversion -Wno-float-conversion -Wno-non-literal-null-conversion -Wno-objc-literal-conversion -Wshorten-64-to-32 -Wpointer-sign -Wno-newline-eof -Wno-selector -Wno-strict-selector-match -Wno-undeclared-selector -Wno-deprecated-implementations -Wno-implicit-fallthrough -fstrict-aliasing -Wprotocol -Wdeprecated-declarations -Wno-sign-conversion -Wno-infinite-recursion -Wno-comma -Wno-block-capture-autoreleasing -Wno-strict-prototypes -Wno-semicolon-before-method-body -index-store-path /Users/siam/Library/Developer/Xcode/DerivedData/Lingua_Quest-gvpckrqxtbgyprbgppjfqmimmmfw/Index.noindex/DataStore @/Users/siam/Library/Developer/Xcode/DerivedData/Lingua_Quest-gvpckrqxtbgyprbgppjfqmimmmfw/Build/Intermediates.noindex/AppCheck.build/Debug-iphonesimulator/AppCheckCore.build/Objects-normal/x86_64/e6072d4f65d7061329687fe24e3d63a7-common-args.resp -MMD -MT dependencies -MF /Users/siam/Library/Developer/Xcode/DerivedData/Lingua_Quest-gvpckrqxtbgyprbgppjfqmimmmfw/Build/Intermediates.noindex/AppCheck.build/Debug-iphonesimulator/AppCheckCore.build/Objects-normal/x86_64/GACAppCheckHTTPError.d --serialize-diagnostics /Users/siam/Library/Developer/Xcode/DerivedData/Lingua_Quest-gvpckrqxtbgyprbgppjfqmimmmfw/Build/Intermediates.noindex/AppCheck.build/Debug-iphonesimulator/AppCheckCore.build/Objects-normal/x86_64/GACAppCheckHTTPError.dia -c /Users/siam/Library/Developer/Xcode/DerivedData/Lingua_Quest-gvpckrqxtbgyprbgppjfqmimmmfw/SourcePackages/checkouts/app-check/AppCheckCore/Sources/Core/Errors/GACAppCheckHTTPError.m -o /Users/siam/Library/Developer/Xcode/DerivedData/Lingua_Quest-gvpckrqxtbgyprbgppjfqmimmmfw/Build/Intermediates.noindex/AppCheck.build/Debug-iphonesimulator/AppCheckCore.build/Objects-normal/x86_64/GACAppCheckHTTPError.o -index-unit-output-path /AppCheck.build/Debug-iphonesimulator/AppCheckCore.build/Objects-normal/x86_64/GACAppCheckHTTPError.o

ScanDependencies /Users/siam/Library/Developer/Xcode/DerivedData/Lingua_Quest-gvpckrqxtbgyprbgppjfqmimmmfw/Build/Intermediates.noindex/AppCheck.build/Debug-iphonesimulator/AppCheckCore.build/Objects-normal/x86_64/GACAppCheckDebugProviderAPIService.o /Users/siam/Library/Developer/Xcode/DerivedData/Lingua_Quest-gvpckrqxtbgyprbgppjfqmimmmfw/SourcePackages/checkouts/app-check/AppCheckCore/Sources/DebugProvider/API/GACAppCheckDebugProviderAPIService.m normal x86_64 objective-c com.apple.compilers.llvm.clang.1_0.compiler (in target 'AppCheckCore' from project 'AppCheck')
    cd /Users/siam/Desktop/Lingua\ Quest/Lingua\ Quest.xcodeproj
    
    Using response file: /Users/siam/Library/Developer/Xcode/DerivedData/Lingua_Quest-gvpckrqxtbgyprbgppjfqmimmmfw/Build/Intermediates.noindex/AppCheck.build/Debug-iphonesimulator/AppCheckCore.build/Objects-normal/x86_64/e6072d4f65d7061329687fe24e3d63a7-common-args.resp
    
    builtin-ScanDependencies -o /Users/siam/Library/Developer/Xcode/DerivedData/Lingua_Quest-gvpckrqxtbgyprbgppjfqmimmmfw/Build/Intermediates.noindex/AppCheck.build/Debug-iphonesimulator/AppCheckCore.build/Objects-normal/x86_64/GACAppCheckDebugProviderAPIService.o.scan -- /Applications/Xcode.app/Contents/Developer/Toolchains/XcodeDefault.xctoolchain/usr/bin/clang -x objective-c -ivfsstatcache /Users/siam/Library/Developer/Xcode/DerivedData/SDKStatCaches.noindex/iphonesimulator26.0-23A339-26257891a6c027eb51374368541b8346.sdkstatcache -fmessage-length\=0 -fdiagnostics-show-note-include-stack -fmacro-backtrace-limit\=0 -fno-color-diagnostics -fmodules-prune-interval\=86400 -fmodules-prune-after\=345600 -fbuild-session-file\=/Users/siam/Library/Developer/Xcode/DerivedData/ModuleCache.noindex/Session.modulevalidation -fmodules-validate-once-per-build-session -Wnon-modular-include-in-framework-module -Werror\=non-modular-include-in-framework-module -Wno-trigraphs -Wno-missing-field-initializers -Wno-missing-prototypes -Wno-return-type -Wno-implicit-atomic-properties -Wno-objc-interface-ivars -Wno-arc-repeated-use-of-weak -Wno-missing-braces -Wparentheses -Wswitch -Wno-unused-function -Wno-unused-label -Wno-unused-parameter -Wno-unused-variable -Wunused-value -Wno-empty-body -Wno-uninitialized -Wno-unknown-pragmas -w -Wno-shadow -Wno-four-char-constants -Wno-conversion -Wno-constant-conversion -Wno-int-conversion -Wno-bool-conversion -Wno-enum-conversion -Wno-float-conversion -Wno-non-literal-null-conversion -Wno-objc-literal-conversion -Wshorten-64-to-32 -Wpointer-sign -Wno-newline-eof -Wno-selector -Wno-strict-selector-match -Wno-undeclared-selector -Wno-deprecated-implementations -Wno-implicit-fallthrough -fstrict-aliasing -Wprotocol -Wdeprecated-declarations -Wno-sign-conversion -Wno-infinite-recursion -Wno-comma -Wno-block-capture-autoreleasing -Wno-strict-prototypes -Wno-semicolon-before-method-body -index-store-path /Users/siam/Library/Developer/Xcode/DerivedData/Lingua_Quest-gvpckrqxtbgyprbgppjfqmimmmfw/Index.noindex/DataStore @/Users/siam/Library/Developer/Xcode/DerivedData/Lingua_Quest-gvpckrqxtbgyprbgppjfqmimmmfw/Build/Intermediates.noindex/AppCheck.build/Debug-iphonesimulator/AppCheckCore.build/Objects-normal/x86_64/e6072d4f65d7061329687fe24e3d63a7-common-args.resp -MMD -MT dependencies -MF /Users/siam/Library/Developer/Xcode/DerivedData/Lingua_Quest-gvpckrqxtbgyprbgppjfqmimmmfw/Build/Intermediates.noindex/AppCheck.build/Debug-iphonesimulator/AppCheckCore.build/Objects-normal/x86_64/GACAppCheckDebugProviderAPIService.d --serialize-diagnostics /Users/siam/Library/Developer/Xcode/DerivedData/Lingua_Quest-gvpckrqxtbgyprbgppjfqmimmmfw/Build/Intermediates.noindex/AppCheck.build/Debug-iphonesimulator/AppCheckCore.build/Objects-normal/x86_64/GACAppCheckDebugProviderAPIService.dia -c /Users/siam/Library/Developer/Xcode/DerivedData/Lingua_Quest-gvpckrqxtbgyprbgppjfqmimmmfw/SourcePackages/checkouts/app-check/AppCheckCore/Sources/DebugProvider/API/GACAppCheckDebugProviderAPIService.m -o /Users/siam/Library/Developer/Xcode/DerivedData/Lingua_Quest-gvpckrqxtbgyprbgppjfqmimmmfw/Build/Intermediates.noindex/AppCheck.build/Debug-iphonesimulator/AppCheckCore.build/Objects-normal/x86_64/GACAppCheckDebugProviderAPIService.o -index-unit-output-path /AppCheck.build/Debug-iphonesimulator/AppCheckCore.build/Objects-normal/x86_64/GACAppCheckDebugProviderAPIService.o

PrecompileModule /Users/siam/Library/Developer/Xcode/DerivedData/Lingua_Quest-gvpckrqxtbgyprbgppjfqmimmmfw/Build/Intermediates.noindex/ExplicitPrecompiledModules/GoogleUtilities_Environment-BZY6F6YGQJFZ5EWQC4BX3D3VV.scan
    cd /
    builtin-precompileModule /Users/siam/Library/Developer/Xcode/DerivedData/Lingua_Quest-gvpckrqxtbgyprbgppjfqmimmmfw/Build/Intermediates.noindex/ExplicitPrecompiledModules/GoogleUtilities_Environment-BZY6F6YGQJFZ5EWQC4BX3D3VV.scan

ScanDependencies /Users/siam/Library/Developer/Xcode/DerivedData/Lingua_Quest-gvpckrqxtbgyprbgppjfqmimmmfw/Build/Intermediates.noindex/AppCheck.build/Debug-iphonesimulator/AppCheckCore.build/Objects-normal/x86_64/GACAppCheckDebugProvider.o /Users/siam/Library/Developer/Xcode/DerivedData/Lingua_Quest-gvpckrqxtbgyprbgppjfqmimmmfw/SourcePackages/checkouts/app-check/AppCheckCore/Sources/DebugProvider/GACAppCheckDebugProvider.m normal x86_64 objective-c com.apple.compilers.llvm.clang.1_0.compiler (in target 'AppCheckCore' from project 'AppCheck')
    cd /Users/siam/Desktop/Lingua\ Quest/Lingua\ Quest.xcodeproj
    
    Using response file: /Users/siam/Library/Developer/Xcode/DerivedData/Lingua_Quest-gvpckrqxtbgyprbgppjfqmimmmfw/Build/Intermediates.noindex/AppCheck.build/Debug-iphonesimulator/AppCheckCore.build/Objects-normal/x86_64/e6072d4f65d7061329687fe24e3d63a7-common-args.resp
    
    builtin-ScanDependencies -o /Users/siam/Library/Developer/Xcode/DerivedData/Lingua_Quest-gvpckrqxtbgyprbgppjfqmimmmfw/Build/Intermediates.noindex/AppCheck.build/Debug-iphonesimulator/AppCheckCore.build/Objects-normal/x86_64/GACAppCheckDebugProvider.o.scan -- /Applications/Xcode.app/Contents/Developer/Toolchains/XcodeDefault.xctoolchain/usr/bin/clang -x objective-c -ivfsstatcache /Users/siam/Library/Developer/Xcode/DerivedData/SDKStatCaches.noindex/iphonesimulator26.0-23A339-26257891a6c027eb51374368541b8346.sdkstatcache -fmessage-length\=0 -fdiagnostics-show-note-include-stack -fmacro-backtrace-limit\=0 -fno-color-diagnostics -fmodules-prune-interval\=86400 -fmodules-prune-after\=345600 -fbuild-session-file\=/Users/siam/Library/Developer/Xcode/DerivedData/ModuleCache.noindex/Session.modulevalidation -fmodules-validate-once-per-build-session -Wnon-modular-include-in-framework-module -Werror\=non-modular-include-in-framework-module -Wno-trigraphs -Wno-missing-field-initializers -Wno-missing-prototypes -Wno-return-type -Wno-implicit-atomic-properties -Wno-objc-interface-ivars -Wno-arc-repeated-use-of-weak -Wno-missing-braces -Wparentheses -Wswitch -Wno-unused-function -Wno-unused-label -Wno-unused-parameter -Wno-unused-variable -Wunused-value -Wno-empty-body -Wno-uninitialized -Wno-unknown-pragmas -w -Wno-shadow -Wno-four-char-constants -Wno-conversion -Wno-constant-conversion -Wno-int-conversion -Wno-bool-conversion -Wno-enum-conversion -Wno-float-conversion -Wno-non-literal-null-conversion -Wno-objc-literal-conversion -Wshorten-64-to-32 -Wpointer-sign -Wno-newline-eof -Wno-selector -Wno-strict-selector-match -Wno-undeclared-selector -Wno-deprecated-implementations -Wno-implicit-fallthrough -fstrict-aliasing -Wprotocol -Wdeprecated-declarations -Wno-sign-conversion -Wno-infinite-recursion -Wno-comma -Wno-block-capture-autoreleasing -Wno-strict-prototypes -Wno-semicolon-before-method-body -index-store-path /Users/siam/Library/Developer/Xcode/DerivedData/Lingua_Quest-gvpckrqxtbgyprbgppjfqmimmmfw/Index.noindex/DataStore @/Users/siam/Library/Developer/Xcode/DerivedData/Lingua_Quest-gvpckrqxtbgyprbgppjfqmimmmfw/Build/Intermediates.noindex/AppCheck.build/Debug-iphonesimulator/AppCheckCore.build/Objects-normal/x86_64/e6072d4f65d7061329687fe24e3d63a7-common-args.resp -MMD -MT dependencies -MF /Users/siam/Library/Developer/Xcode/DerivedData/Lingua_Quest-gvpckrqxtbgyprbgppjfqmimmmfw/Build/Intermediates.noindex/AppCheck.build/Debug-iphonesimulator/AppCheckCore.build/Objects-normal/x86_64/GACAppCheckDebugProvider.d --serialize-diagnostics /Users/siam/Library/Developer/Xcode/DerivedData/Lingua_Quest-gvpckrqxtbgyprbgppjfqmimmmfw/Build/Intermediates.noindex/AppCheck.build/Debug-iphonesimulator/AppCheckCore.build/Objects-normal/x86_64/GACAppCheckDebugProvider.dia -c /Users/siam/Library/Developer/Xcode/DerivedData/Lingua_Quest-gvpckrqxtbgyprbgppjfqmimmmfw/SourcePackages/checkouts/app-check/AppCheckCore/Sources/DebugProvider/GACAppCheckDebugProvider.m -o /Users/siam/Library/Developer/Xcode/DerivedData/Lingua_Quest-gvpckrqxtbgyprbgppjfqmimmmfw/Build/Intermediates.noindex/AppCheck.build/Debug-iphonesimulator/AppCheckCore.build/Objects-normal/x86_64/GACAppCheckDebugProvider.o -index-unit-output-path /AppCheck.build/Debug-iphonesimulator/AppCheckCore.build/Objects-normal/x86_64/GACAppCheckDebugProvider.o

ScanDependencies /Users/siam/Library/Developer/Xcode/DerivedData/Lingua_Quest-gvpckrqxtbgyprbgppjfqmimmmfw/Build/Intermediates.noindex/AppCheck.build/Debug-iphonesimulator/AppCheckCore.build/Objects-normal/x86_64/GACAppCheckCryptoUtils.o /Users/siam/Library/Developer/Xcode/DerivedData/Lingua_Quest-gvpckrqxtbgyprbgppjfqmimmmfw/SourcePackages/checkouts/app-check/AppCheckCore/Sources/Core/Utils/GACAppCheckCryptoUtils.m normal x86_64 objective-c com.apple.compilers.llvm.clang.1_0.compiler (in target 'AppCheckCore' from project 'AppCheck')
    cd /Users/siam/Desktop/Lingua\ Quest/Lingua\ Quest.xcodeproj
    
    Using response file: /Users/siam/Library/Developer/Xcode/DerivedData/Lingua_Quest-gvpckrqxtbgyprbgppjfqmimmmfw/Build/Intermediates.noindex/AppCheck.build/Debug-iphonesimulator/AppCheckCore.build/Objects-normal/x86_64/e6072d4f65d7061329687fe24e3d63a7-common-args.resp
    
    builtin-ScanDependencies -o /Users/siam/Library/Developer/Xcode/DerivedData/Lingua_Quest-gvpckrqxtbgyprbgppjfqmimmmfw/Build/Intermediates.noindex/AppCheck.build/Debug-iphonesimulator/AppCheckCore.build/Objects-normal/x86_64/GACAppCheckCryptoUtils.o.scan -- /Applications/Xcode.app/Contents/Developer/Toolchains/XcodeDefault.xctoolchain/usr/bin/clang -x objective-c -ivfsstatcache /Users/siam/Library/Developer/Xcode/DerivedData/SDKStatCaches.noindex/iphonesimulator26.0-23A339-26257891a6c027eb51374368541b8346.sdkstatcache -fmessage-length\=0 -fdiagnostics-show-note-include-stack -fmacro-backtrace-limit\=0 -fno-color-diagnostics -fmodules-prune-interval\=86400 -fmodules-prune-after\=345600 -fbuild-session-file\=/Users/siam/Library/Developer/Xcode/DerivedData/ModuleCache.noindex/Session.modulevalidation -fmodules-validate-once-per-build-session -Wnon-modular-include-in-framework-module -Werror\=non-modular-include-in-framework-module -Wno-trigraphs -Wno-missing-field-initializers -Wno-missing-prototypes -Wno-return-type -Wno-implicit-atomic-properties -Wno-objc-interface-ivars -Wno-arc-repeated-use-of-weak -Wno-missing-braces -Wparentheses -Wswitch -Wno-unused-function -Wno-unused-label -Wno-unused-parameter -Wno-unused-variable -Wunused-value -Wno-empty-body -Wno-uninitialized -Wno-unknown-pragmas -w -Wno-shadow -Wno-four-char-constants -Wno-conversion -Wno-constant-conversion -Wno-int-conversion -Wno-bool-conversion -Wno-enum-conversion -Wno-float-conversion -Wno-non-literal-null-conversion -Wno-objc-literal-conversion -Wshorten-64-to-32 -Wpointer-sign -Wno-newline-eof -Wno-selector -Wno-strict-selector-match -Wno-undeclared-selector -Wno-deprecated-implementations -Wno-implicit-fallthrough -fstrict-aliasing -Wprotocol -Wdeprecated-declarations -Wno-sign-conversion -Wno-infinite-recursion -Wno-comma -Wno-block-capture-autoreleasing -Wno-strict-prototypes -Wno-semicolon-before-method-body -index-store-path /Users/siam/Library/Developer/Xcode/DerivedData/Lingua_Quest-gvpckrqxtbgyprbgppjfqmimmmfw/Index.noindex/DataStore @/Users/siam/Library/Developer/Xcode/DerivedData/Lingua_Quest-gvpckrqxtbgyprbgppjfqmimmmfw/Build/Intermediates.noindex/AppCheck.build/Debug-iphonesimulator/AppCheckCore.build/Objects-normal/x86_64/e6072d4f65d7061329687fe24e3d63a7-common-args.resp -MMD -MT dependencies -MF /Users/siam/Library/Developer/Xcode/DerivedData/Lingua_Quest-gvpckrqxtbgyprbgppjfqmimmmfw/Build/Intermediates.noindex/AppCheck.build/Debug-iphonesimulator/AppCheckCore.build/Objects-normal/x86_64/GACAppCheckCryptoUtils.d --serialize-diagnostics /Users/siam/Library/Developer/Xcode/DerivedData/Lingua_Quest-gvpckrqxtbgyprbgppjfqmimmmfw/Build/Intermediates.noindex/AppCheck.build/Debug-iphonesimulator/AppCheckCore.build/Objects-normal/x86_64/GACAppCheckCryptoUtils.dia -c /Users/siam/Library/Developer/Xcode/DerivedData/Lingua_Quest-gvpckrqxtbgyprbgppjfqmimmmfw/SourcePackages/checkouts/app-check/AppCheckCore/Sources/Core/Utils/GACAppCheckCryptoUtils.m -o /Users/siam/Library/Developer/Xcode/DerivedData/Lingua_Quest-gvpckrqxtbgyprbgppjfqmimmmfw/Build/Intermediates.noindex/AppCheck.build/Debug-iphonesimulator/AppCheckCore.build/Objects-normal/x86_64/GACAppCheckCryptoUtils.o -index-unit-output-path /AppCheck.build/Debug-iphonesimulator/AppCheckCore.build/Objects-normal/x86_64/GACAppCheckCryptoUtils.o

CompileC /Users/siam/Library/Developer/Xcode/DerivedData/Lingua_Quest-gvpckrqxtbgyprbgppjfqmimmmfw/Build/Intermediates.noindex/AppCheck.build/Debug-iphonesimulator/AppCheckCore.build/Objects-normal/x86_64/GACAppCheckErrors.o /Users/siam/Library/Developer/Xcode/DerivedData/Lingua_Quest-gvpckrqxtbgyprbgppjfqmimmmfw/SourcePackages/checkouts/app-check/AppCheckCore/Sources/Core/Errors/GACAppCheckErrors.m normal x86_64 objective-c com.apple.compilers.llvm.clang.1_0.compiler (in target 'AppCheckCore' from project 'AppCheck')
    cd /Users/siam/Desktop/Lingua\ Quest/Lingua\ Quest.xcodeproj
    
    Using response file: /Users/siam/Library/Developer/Xcode/DerivedData/Lingua_Quest-gvpckrqxtbgyprbgppjfqmimmmfw/Build/Intermediates.noindex/AppCheck.build/Debug-iphonesimulator/AppCheckCore.build/Objects-normal/x86_64/e6072d4f65d7061329687fe24e3d63a7-common-args.resp
    
    /Applications/Xcode.app/Contents/Developer/Toolchains/XcodeDefault.xctoolchain/usr/bin/clang -x objective-c -ivfsstatcache /Users/siam/Library/Developer/Xcode/DerivedData/SDKStatCaches.noindex/iphonesimulator26.0-23A339-26257891a6c027eb51374368541b8346.sdkstatcache -fmessage-length\=0 -fdiagnostics-show-note-include-stack -fmacro-backtrace-limit\=0 -fno-color-diagnostics -fmodules-prune-interval\=86400 -fmodules-prune-after\=345600 -fbuild-session-file\=/Users/siam/Library/Developer/Xcode/DerivedData/ModuleCache.noindex/Session.modulevalidation -fmodules-validate-once-per-build-session -Wnon-modular-include-in-framework-module -Werror\=non-modular-include-in-framework-module -Wno-trigraphs -Wno-missing-field-initializers -Wno-missing-prototypes -Wno-return-type -Wno-implicit-atomic-properties -Wno-objc-interface-ivars -Wno-arc-repeated-use-of-weak -Wno-missing-braces -Wparentheses -Wswitch -Wno-unused-function -Wno-unused-label -Wno-unused-parameter -Wno-unused-variable -Wunused-value -Wno-empty-body -Wno-uninitialized -Wno-unknown-pragmas -w -Wno-shadow -Wno-four-char-constants -Wno-conversion -Wno-constant-conversion -Wno-int-conversion -Wno-bool-conversion -Wno-enum-conversion -Wno-float-conversion -Wno-non-literal-null-conversion -Wno-objc-literal-conversion -Wshorten-64-to-32 -Wpointer-sign -Wno-newline-eof -Wno-selector -Wno-strict-selector-match -Wno-undeclared-selector -Wno-deprecated-implementations -Wno-implicit-fallthrough -fstrict-aliasing -Wprotocol -Wdeprecated-declarations -Wno-sign-conversion -Wno-infinite-recursion -Wno-comma -Wno-block-capture-autoreleasing -Wno-strict-prototypes -Wno-semicolon-before-method-body -index-store-path /Users/siam/Library/Developer/Xcode/DerivedData/Lingua_Quest-gvpckrqxtbgyprbgppjfqmimmmfw/Index.noindex/DataStore @/Users/siam/Library/Developer/Xcode/DerivedData/Lingua_Quest-gvpckrqxtbgyprbgppjfqmimmmfw/Build/Intermediates.noindex/AppCheck.build/Debug-iphonesimulator/AppCheckCore.build/Objects-normal/x86_64/e6072d4f65d7061329687fe24e3d63a7-common-args.resp -MMD -MT dependencies -MF /Users/siam/Library/Developer/Xcode/DerivedData/Lingua_Quest-gvpckrqxtbgyprbgppjfqmimmmfw/Build/Intermediates.noindex/AppCheck.build/Debug-iphonesimulator/AppCheckCore.build/Objects-normal/x86_64/GACAppCheckErrors.d --serialize-diagnostics /Users/siam/Library/Developer/Xcode/DerivedData/Lingua_Quest-gvpckrqxtbgyprbgppjfqmimmmfw/Build/Intermediates.noindex/AppCheck.build/Debug-iphonesimulator/AppCheckCore.build/Objects-normal/x86_64/GACAppCheckErrors.dia -c /Users/siam/Library/Developer/Xcode/DerivedData/Lingua_Quest-gvpckrqxtbgyprbgppjfqmimmmfw/SourcePackages/checkouts/app-check/AppCheckCore/Sources/Core/Errors/GACAppCheckErrors.m -o /Users/siam/Library/Developer/Xcode/DerivedData/Lingua_Quest-gvpckrqxtbgyprbgppjfqmimmmfw/Build/Intermediates.noindex/AppCheck.build/Debug-iphonesimulator/AppCheckCore.build/Objects-normal/x86_64/GACAppCheckErrors.o -index-unit-output-path /AppCheck.build/Debug-iphonesimulator/AppCheckCore.build/Objects-normal/x86_64/GACAppCheckErrors.o

ScanDependencies /Users/siam/Library/Developer/Xcode/DerivedData/Lingua_Quest-gvpckrqxtbgyprbgppjfqmimmmfw/Build/Intermediates.noindex/AppCheck.build/Debug-iphonesimulator/AppCheckCore.build/Objects-normal/x86_64/GACAppCheckBackoffWrapper.o /Users/siam/Library/Developer/Xcode/DerivedData/Lingua_Quest-gvpckrqxtbgyprbgppjfqmimmmfw/SourcePackages/checkouts/app-check/AppCheckCore/Sources/Core/Backoff/GACAppCheckBackoffWrapper.m normal x86_64 objective-c com.apple.compilers.llvm.clang.1_0.compiler (in target 'AppCheckCore' from project 'AppCheck')
    cd /Users/siam/Desktop/Lingua\ Quest/Lingua\ Quest.xcodeproj
    
    Using response file: /Users/siam/Library/Developer/Xcode/DerivedData/Lingua_Quest-gvpckrqxtbgyprbgppjfqmimmmfw/Build/Intermediates.noindex/AppCheck.build/Debug-iphonesimulator/AppCheckCore.build/Objects-normal/x86_64/e6072d4f65d7061329687fe24e3d63a7-common-args.resp
    
    builtin-ScanDependencies -o /Users/siam/Library/Developer/Xcode/DerivedData/Lingua_Quest-gvpckrqxtbgyprbgppjfqmimmmfw/Build/Intermediates.noindex/AppCheck.build/Debug-iphonesimulator/AppCheckCore.build/Objects-normal/x86_64/GACAppCheckBackoffWrapper.o.scan -- /Applications/Xcode.app/Contents/Developer/Toolchains/XcodeDefault.xctoolchain/usr/bin/clang -x objective-c -ivfsstatcache /Users/siam/Library/Developer/Xcode/DerivedData/SDKStatCaches.noindex/iphonesimulator26.0-23A339-26257891a6c027eb51374368541b8346.sdkstatcache -fmessage-length\=0 -fdiagnostics-show-note-include-stack -fmacro-backtrace-limit\=0 -fno-color-diagnostics -fmodules-prune-interval\=86400 -fmodules-prune-after\=345600 -fbuild-session-file\=/Users/siam/Library/Developer/Xcode/DerivedData/ModuleCache.noindex/Session.modulevalidation -fmodules-validate-once-per-build-session -Wnon-modular-include-in-framework-module -Werror\=non-modular-include-in-framework-module -Wno-trigraphs -Wno-missing-field-initializers -Wno-missing-prototypes -Wno-return-type -Wno-implicit-atomic-properties -Wno-objc-interface-ivars -Wno-arc-repeated-use-of-weak -Wno-missing-braces -Wparentheses -Wswitch -Wno-unused-function -Wno-unused-label -Wno-unused-parameter -Wno-unused-variable -Wunused-value -Wno-empty-body -Wno-uninitialized -Wno-unknown-pragmas -w -Wno-shadow -Wno-four-char-constants -Wno-conversion -Wno-constant-conversion -Wno-int-conversion -Wno-bool-conversion -Wno-enum-conversion -Wno-float-conversion -Wno-non-literal-null-conversion -Wno-objc-literal-conversion -Wshorten-64-to-32 -Wpointer-sign -Wno-newline-eof -Wno-selector -Wno-strict-selector-match -Wno-undeclared-selector -Wno-deprecated-implementations -Wno-implicit-fallthrough -fstrict-aliasing -Wprotocol -Wdeprecated-declarations -Wno-sign-conversion -Wno-infinite-recursion -Wno-comma -Wno-block-capture-autoreleasing -Wno-strict-prototypes -Wno-semicolon-before-method-body -index-store-path /Users/siam/Library/Developer/Xcode/DerivedData/Lingua_Quest-gvpckrqxtbgyprbgppjfqmimmmfw/Index.noindex/DataStore @/Users/siam/Library/Developer/Xcode/DerivedData/Lingua_Quest-gvpckrqxtbgyprbgppjfqmimmmfw/Build/Intermediates.noindex/AppCheck.build/Debug-iphonesimulator/AppCheckCore.build/Objects-normal/x86_64/e6072d4f65d7061329687fe24e3d63a7-common-args.resp -MMD -MT dependencies -MF /Users/siam/Library/Developer/Xcode/DerivedData/Lingua_Quest-gvpckrqxtbgyprbgppjfqmimmmfw/Build/Intermediates.noindex/AppCheck.build/Debug-iphonesimulator/AppCheckCore.build/Objects-normal/x86_64/GACAppCheckBackoffWrapper.d --serialize-diagnostics /Users/siam/Library/Developer/Xcode/DerivedData/Lingua_Quest-gvpckrqxtbgyprbgppjfqmimmmfw/Build/Intermediates.noindex/AppCheck.build/Debug-iphonesimulator/AppCheckCore.build/Objects-normal/x86_64/GACAppCheckBackoffWrapper.dia -c /Users/siam/Library/Developer/Xcode/DerivedData/Lingua_Quest-gvpckrqxtbgyprbgppjfqmimmmfw/SourcePackages/checkouts/app-check/AppCheckCore/Sources/Core/Backoff/GACAppCheckBackoffWrapper.m -o /Users/siam/Library/Developer/Xcode/DerivedData/Lingua_Quest-gvpckrqxtbgyprbgppjfqmimmmfw/Build/Intermediates.noindex/AppCheck.build/Debug-iphonesimulator/AppCheckCore.build/Objects-normal/x86_64/GACAppCheckBackoffWrapper.o -index-unit-output-path /AppCheck.build/Debug-iphonesimulator/AppCheckCore.build/Objects-normal/x86_64/GACAppCheckBackoffWrapper.o

ScanDependencies /Users/siam/Library/Developer/Xcode/DerivedData/Lingua_Quest-gvpckrqxtbgyprbgppjfqmimmmfw/Build/Intermediates.noindex/AppCheck.build/Debug-iphonesimulator/AppCheckCore.build/Objects-normal/x86_64/GACAppCheckAPIService.o /Users/siam/Library/Developer/Xcode/DerivedData/Lingua_Quest-gvpckrqxtbgyprbgppjfqmimmmfw/SourcePackages/checkouts/app-check/AppCheckCore/Sources/Core/APIService/GACAppCheckAPIService.m normal x86_64 objective-c com.apple.compilers.llvm.clang.1_0.compiler (in target 'AppCheckCore' from project 'AppCheck')
    cd /Users/siam/Desktop/Lingua\ Quest/Lingua\ Quest.xcodeproj
    
    Using response file: /Users/siam/Library/Developer/Xcode/DerivedData/Lingua_Quest-gvpckrqxtbgyprbgppjfqmimmmfw/Build/Intermediates.noindex/AppCheck.build/Debug-iphonesimulator/AppCheckCore.build/Objects-normal/x86_64/e6072d4f65d7061329687fe24e3d63a7-common-args.resp
    
    builtin-ScanDependencies -o /Users/siam/Library/Developer/Xcode/DerivedData/Lingua_Quest-gvpckrqxtbgyprbgppjfqmimmmfw/Build/Intermediates.noindex/AppCheck.build/Debug-iphonesimulator/AppCheckCore.build/Objects-normal/x86_64/GACAppCheckAPIService.o.scan -- /Applications/Xcode.app/Contents/Developer/Toolchains/XcodeDefault.xctoolchain/usr/bin/clang -x objective-c -ivfsstatcache /Users/siam/Library/Developer/Xcode/DerivedData/SDKStatCaches.noindex/iphonesimulator26.0-23A339-26257891a6c027eb51374368541b8346.sdkstatcache -fmessage-length\=0 -fdiagnostics-show-note-include-stack -fmacro-backtrace-limit\=0 -fno-color-diagnostics -fmodules-prune-interval\=86400 -fmodules-prune-after\=345600 -fbuild-session-file\=/Users/siam/Library/Developer/Xcode/DerivedData/ModuleCache.noindex/Session.modulevalidation -fmodules-validate-once-per-build-session -Wnon-modular-include-in-framework-module -Werror\=non-modular-include-in-framework-module -Wno-trigraphs -Wno-missing-field-initializers -Wno-missing-prototypes -Wno-return-type -Wno-implicit-atomic-properties -Wno-objc-interface-ivars -Wno-arc-repeated-use-of-weak -Wno-missing-braces -Wparentheses -Wswitch -Wno-unused-function -Wno-unused-label -Wno-unused-parameter -Wno-unused-variable -Wunused-value -Wno-empty-body -Wno-uninitialized -Wno-unknown-pragmas -w -Wno-shadow -Wno-four-char-constants -Wno-conversion -Wno-constant-conversion -Wno-int-conversion -Wno-bool-conversion -Wno-enum-conversion -Wno-float-conversion -Wno-non-literal-null-conversion -Wno-objc-literal-conversion -Wshorten-64-to-32 -Wpointer-sign -Wno-newline-eof -Wno-selector -Wno-strict-selector-match -Wno-undeclared-selector -Wno-deprecated-implementations -Wno-implicit-fallthrough -fstrict-aliasing -Wprotocol -Wdeprecated-declarations -Wno-sign-conversion -Wno-infinite-recursion -Wno-comma -Wno-block-capture-autoreleasing -Wno-strict-prototypes -Wno-semicolon-before-method-body -index-store-path /Users/siam/Library/Developer/Xcode/DerivedData/Lingua_Quest-gvpckrqxtbgyprbgppjfqmimmmfw/Index.noindex/DataStore @/Users/siam/Library/Developer/Xcode/DerivedData/Lingua_Quest-gvpckrqxtbgyprbgppjfqmimmmfw/Build/Intermediates.noindex/AppCheck.build/Debug-iphonesimulator/AppCheckCore.build/Objects-normal/x86_64/e6072d4f65d7061329687fe24e3d63a7-common-args.resp -MMD -MT dependencies -MF /Users/siam/Library/Developer/Xcode/DerivedData/Lingua_Quest-gvpckrqxtbgyprbgppjfqmimmmfw/Build/Intermediates.noindex/AppCheck.build/Debug-iphonesimulator/AppCheckCore.build/Objects-normal/x86_64/GACAppCheckAPIService.d --serialize-diagnostics /Users/siam/Library/Developer/Xcode/DerivedData/Lingua_Quest-gvpckrqxtbgyprbgppjfqmimmmfw/Build/Intermediates.noindex/AppCheck.build/Debug-iphonesimulator/AppCheckCore.build/Objects-normal/x86_64/GACAppCheckAPIService.dia -c /Users/siam/Library/Developer/Xcode/DerivedData/Lingua_Quest-gvpckrqxtbgyprbgppjfqmimmmfw/SourcePackages/checkouts/app-check/AppCheckCore/Sources/Core/APIService/GACAppCheckAPIService.m -o /Users/siam/Library/Developer/Xcode/DerivedData/Lingua_Quest-gvpckrqxtbgyprbgppjfqmimmmfw/Build/Intermediates.noindex/AppCheck.build/Debug-iphonesimulator/AppCheckCore.build/Objects-normal/x86_64/GACAppCheckAPIService.o -index-unit-output-path /AppCheck.build/Debug-iphonesimulator/AppCheckCore.build/Objects-normal/x86_64/GACAppCheckAPIService.o

PrecompileModule /Users/siam/Library/Developer/Xcode/DerivedData/Lingua_Quest-gvpckrqxtbgyprbgppjfqmimmmfw/Build/Intermediates.noindex/ExplicitPrecompiledModules/UIKit-2UU11CH32L97THWAW5YQ7QGLP.scan
    cd /
    builtin-precompileModule /Users/siam/Library/Developer/Xcode/DerivedData/Lingua_Quest-gvpckrqxtbgyprbgppjfqmimmmfw/Build/Intermediates.noindex/ExplicitPrecompiledModules/UIKit-2UU11CH32L97THWAW5YQ7QGLP.scan

ScanDependencies /Users/siam/Library/Developer/Xcode/DerivedData/Lingua_Quest-gvpckrqxtbgyprbgppjfqmimmmfw/Build/Intermediates.noindex/AppCheck.build/Debug-iphonesimulator/AppCheckCore.build/Objects-normal/x86_64/GACAppCheck.o /Users/siam/Library/Developer/Xcode/DerivedData/Lingua_Quest-gvpckrqxtbgyprbgppjfqmimmmfw/SourcePackages/checkouts/app-check/AppCheckCore/Sources/Core/GACAppCheck.m normal x86_64 objective-c com.apple.compilers.llvm.clang.1_0.compiler (in target 'AppCheckCore' from project 'AppCheck')
    cd /Users/siam/Desktop/Lingua\ Quest/Lingua\ Quest.xcodeproj
    
    Using response file: /Users/siam/Library/Developer/Xcode/DerivedData/Lingua_Quest-gvpckrqxtbgyprbgppjfqmimmmfw/Build/Intermediates.noindex/AppCheck.build/Debug-iphonesimulator/AppCheckCore.build/Objects-normal/x86_64/e6072d4f65d7061329687fe24e3d63a7-common-args.resp
    
    builtin-ScanDependencies -o /Users/siam/Library/Developer/Xcode/DerivedData/Lingua_Quest-gvpckrqxtbgyprbgppjfqmimmmfw/Build/Intermediates.noindex/AppCheck.build/Debug-iphonesimulator/AppCheckCore.build/Objects-normal/x86_64/GACAppCheck.o.scan -- /Applications/Xcode.app/Contents/Developer/Toolchains/XcodeDefault.xctoolchain/usr/bin/clang -x objective-c -ivfsstatcache /Users/siam/Library/Developer/Xcode/DerivedData/SDKStatCaches.noindex/iphonesimulator26.0-23A339-26257891a6c027eb51374368541b8346.sdkstatcache -fmessage-length\=0 -fdiagnostics-show-note-include-stack -fmacro-backtrace-limit\=0 -fno-color-diagnostics -fmodules-prune-interval\=86400 -fmodules-prune-after\=345600 -fbuild-session-file\=/Users/siam/Library/Developer/Xcode/DerivedData/ModuleCache.noindex/Session.modulevalidation -fmodules-validate-once-per-build-session -Wnon-modular-include-in-framework-module -Werror\=non-modular-include-in-framework-module -Wno-trigraphs -Wno-missing-field-initializers -Wno-missing-prototypes -Wno-return-type -Wno-implicit-atomic-properties -Wno-objc-interface-ivars -Wno-arc-repeated-use-of-weak -Wno-missing-braces -Wparentheses -Wswitch -Wno-unused-function -Wno-unused-label -Wno-unused-parameter -Wno-unused-variable -Wunused-value -Wno-empty-body -Wno-uninitialized -Wno-unknown-pragmas -w -Wno-shadow -Wno-four-char-constants -Wno-conversion -Wno-constant-conversion -Wno-int-conversion -Wno-bool-conversion -Wno-enum-conversion -Wno-float-conversion -Wno-non-literal-null-conversion -Wno-objc-literal-conversion -Wshorten-64-to-32 -Wpointer-sign -Wno-newline-eof -Wno-selector -Wno-strict-selector-match -Wno-undeclared-selector -Wno-deprecated-implementations -Wno-implicit-fallthrough -fstrict-aliasing -Wprotocol -Wdeprecated-declarations -Wno-sign-conversion -Wno-infinite-recursion -Wno-comma -Wno-block-capture-autoreleasing -Wno-strict-prototypes -Wno-semicolon-before-method-body -index-store-path /Users/siam/Library/Developer/Xcode/DerivedData/Lingua_Quest-gvpckrqxtbgyprbgppjfqmimmmfw/Index.noindex/DataStore @/Users/siam/Library/Developer/Xcode/DerivedData/Lingua_Quest-gvpckrqxtbgyprbgppjfqmimmmfw/Build/Intermediates.noindex/AppCheck.build/Debug-iphonesimulator/AppCheckCore.build/Objects-normal/x86_64/e6072d4f65d7061329687fe24e3d63a7-common-args.resp -MMD -MT dependencies -MF /Users/siam/Library/Developer/Xcode/DerivedData/Lingua_Quest-gvpckrqxtbgyprbgppjfqmimmmfw/Build/Intermediates.noindex/AppCheck.build/Debug-iphonesimulator/AppCheckCore.build/Objects-normal/x86_64/GACAppCheck.d --serialize-diagnostics /Users/siam/Library/Developer/Xcode/DerivedData/Lingua_Quest-gvpckrqxtbgyprbgppjfqmimmmfw/Build/Intermediates.noindex/AppCheck.build/Debug-iphonesimulator/AppCheckCore.build/Objects-normal/x86_64/GACAppCheck.dia -c /Users/siam/Library/Developer/Xcode/DerivedData/Lingua_Quest-gvpckrqxtbgyprbgppjfqmimmmfw/SourcePackages/checkouts/app-check/AppCheckCore/Sources/Core/GACAppCheck.m -o /Users/siam/Library/Developer/Xcode/DerivedData/Lingua_Quest-gvpckrqxtbgyprbgppjfqmimmmfw/Build/Intermediates.noindex/AppCheck.build/Debug-iphonesimulator/AppCheckCore.build/Objects-normal/x86_64/GACAppCheck.o -index-unit-output-path /AppCheck.build/Debug-iphonesimulator/AppCheckCore.build/Objects-normal/x86_64/GACAppCheck.o

PrecompileModule /Users/siam/Library/Developer/Xcode/DerivedData/Lingua_Quest-gvpckrqxtbgyprbgppjfqmimmmfw/Build/Intermediates.noindex/ExplicitPrecompiledModules/UIKit-94U8RAXV6M183S2ZM9P8SQZB0.scan
    cd /
    builtin-precompileModule /Users/siam/Library/Developer/Xcode/DerivedData/Lingua_Quest-gvpckrqxtbgyprbgppjfqmimmmfw/Build/Intermediates.noindex/ExplicitPrecompiledModules/UIKit-94U8RAXV6M183S2ZM9P8SQZB0.scan

ScanDependencies /Users/siam/Library/Developer/Xcode/DerivedData/Lingua_Quest-gvpckrqxtbgyprbgppjfqmimmmfw/Build/Intermediates.noindex/AppCheck.build/Debug-iphonesimulator/AppCheckCore.build/Objects-normal/x86_64/GACAppAttestStoredArtifact.o /Users/siam/Library/Developer/Xcode/DerivedData/Lingua_Quest-gvpckrqxtbgyprbgppjfqmimmmfw/SourcePackages/checkouts/app-check/AppCheckCore/Sources/AppAttestProvider/Storage/GACAppAttestStoredArtifact.m normal x86_64 objective-c com.apple.compilers.llvm.clang.1_0.compiler (in target 'AppCheckCore' from project 'AppCheck')
    cd /Users/siam/Desktop/Lingua\ Quest/Lingua\ Quest.xcodeproj
    
    Using response file: /Users/siam/Library/Developer/Xcode/DerivedData/Lingua_Quest-gvpckrqxtbgyprbgppjfqmimmmfw/Build/Intermediates.noindex/AppCheck.build/Debug-iphonesimulator/AppCheckCore.build/Objects-normal/x86_64/e6072d4f65d7061329687fe24e3d63a7-common-args.resp
    
    builtin-ScanDependencies -o /Users/siam/Library/Developer/Xcode/DerivedData/Lingua_Quest-gvpckrqxtbgyprbgppjfqmimmmfw/Build/Intermediates.noindex/AppCheck.build/Debug-iphonesimulator/AppCheckCore.build/Objects-normal/x86_64/GACAppAttestStoredArtifact.o.scan -- /Applications/Xcode.app/Contents/Developer/Toolchains/XcodeDefault.xctoolchain/usr/bin/clang -x objective-c -ivfsstatcache /Users/siam/Library/Developer/Xcode/DerivedData/SDKStatCaches.noindex/iphonesimulator26.0-23A339-26257891a6c027eb51374368541b8346.sdkstatcache -fmessage-length\=0 -fdiagnostics-show-note-include-stack -fmacro-backtrace-limit\=0 -fno-color-diagnostics -fmodules-prune-interval\=86400 -fmodules-prune-after\=345600 -fbuild-session-file\=/Users/siam/Library/Developer/Xcode/DerivedData/ModuleCache.noindex/Session.modulevalidation -fmodules-validate-once-per-build-session -Wnon-modular-include-in-framework-module -Werror\=non-modular-include-in-framework-module -Wno-trigraphs -Wno-missing-field-initializers -Wno-missing-prototypes -Wno-return-type -Wno-implicit-atomic-properties -Wno-objc-interface-ivars -Wno-arc-repeated-use-of-weak -Wno-missing-braces -Wparentheses -Wswitch -Wno-unused-function -Wno-unused-label -Wno-unused-parameter -Wno-unused-variable -Wunused-value -Wno-empty-body -Wno-uninitialized -Wno-unknown-pragmas -w -Wno-shadow -Wno-four-char-constants -Wno-conversion -Wno-constant-conversion -Wno-int-conversion -Wno-bool-conversion -Wno-enum-conversion -Wno-float-conversion -Wno-non-literal-null-conversion -Wno-objc-literal-conversion -Wshorten-64-to-32 -Wpointer-sign -Wno-newline-eof -Wno-selector -Wno-strict-selector-match -Wno-undeclared-selector -Wno-deprecated-implementations -Wno-implicit-fallthrough -fstrict-aliasing -Wprotocol -Wdeprecated-declarations -Wno-sign-conversion -Wno-infinite-recursion -Wno-comma -Wno-block-capture-autoreleasing -Wno-strict-prototypes -Wno-semicolon-before-method-body -index-store-path /Users/siam/Library/Developer/Xcode/DerivedData/Lingua_Quest-gvpckrqxtbgyprbgppjfqmimmmfw/Index.noindex/DataStore @/Users/siam/Library/Developer/Xcode/DerivedData/Lingua_Quest-gvpckrqxtbgyprbgppjfqmimmmfw/Build/Intermediates.noindex/AppCheck.build/Debug-iphonesimulator/AppCheckCore.build/Objects-normal/x86_64/e6072d4f65d7061329687fe24e3d63a7-common-args.resp -MMD -MT dependencies -MF /Users/siam/Library/Developer/Xcode/DerivedData/Lingua_Quest-gvpckrqxtbgyprbgppjfqmimmmfw/Build/Intermediates.noindex/AppCheck.build/Debug-iphonesimulator/AppCheckCore.build/Objects-normal/x86_64/GACAppAttestStoredArtifact.d --serialize-diagnostics /Users/siam/Library/Developer/Xcode/DerivedData/Lingua_Quest-gvpckrqxtbgyprbgppjfqmimmmfw/Build/Intermediates.noindex/AppCheck.build/Debug-iphonesimulator/AppCheckCore.build/Objects-normal/x86_64/GACAppAttestStoredArtifact.dia -c /Users/siam/Library/Developer/Xcode/DerivedData/Lingua_Quest-gvpckrqxtbgyprbgppjfqmimmmfw/SourcePackages/checkouts/app-check/AppCheckCore/Sources/AppAttestProvider/Storage/GACAppAttestStoredArtifact.m -o /Users/siam/Library/Developer/Xcode/DerivedData/Lingua_Quest-gvpckrqxtbgyprbgppjfqmimmmfw/Build/Intermediates.noindex/AppCheck.build/Debug-iphonesimulator/AppCheckCore.build/Objects-normal/x86_64/GACAppAttestStoredArtifact.o -index-unit-output-path /AppCheck.build/Debug-iphonesimulator/AppCheckCore.build/Objects-normal/x86_64/GACAppAttestStoredArtifact.o

CompileC /Users/siam/Library/Developer/Xcode/DerivedData/Lingua_Quest-gvpckrqxtbgyprbgppjfqmimmmfw/Build/Intermediates.noindex/AppCheck.build/Debug-iphonesimulator/AppCheckCore.build/Objects-normal/x86_64/GACAppCheckStorage.o /Users/siam/Library/Developer/Xcode/DerivedData/Lingua_Quest-gvpckrqxtbgyprbgppjfqmimmmfw/SourcePackages/checkouts/app-check/AppCheckCore/Sources/Core/Storage/GACAppCheckStorage.m normal x86_64 objective-c com.apple.compilers.llvm.clang.1_0.compiler (in target 'AppCheckCore' from project 'AppCheck')
    cd /Users/siam/Desktop/Lingua\ Quest/Lingua\ Quest.xcodeproj
    
    Using response file: /Users/siam/Library/Developer/Xcode/DerivedData/Lingua_Quest-gvpckrqxtbgyprbgppjfqmimmmfw/Build/Intermediates.noindex/AppCheck.build/Debug-iphonesimulator/AppCheckCore.build/Objects-normal/x86_64/e6072d4f65d7061329687fe24e3d63a7-common-args.resp
    
    /Applications/Xcode.app/Contents/Developer/Toolchains/XcodeDefault.xctoolchain/usr/bin/clang -x objective-c -ivfsstatcache /Users/siam/Library/Developer/Xcode/DerivedData/SDKStatCaches.noindex/iphonesimulator26.0-23A339-26257891a6c027eb51374368541b8346.sdkstatcache -fmessage-length\=0 -fdiagnostics-show-note-include-stack -fmacro-backtrace-limit\=0 -fno-color-diagnostics -fmodules-prune-interval\=86400 -fmodules-prune-after\=345600 -fbuild-session-file\=/Users/siam/Library/Developer/Xcode/DerivedData/ModuleCache.noindex/Session.modulevalidation -fmodules-validate-once-per-build-session -Wnon-modular-include-in-framework-module -Werror\=non-modular-include-in-framework-module -Wno-trigraphs -Wno-missing-field-initializers -Wno-missing-prototypes -Wno-return-type -Wno-implicit-atomic-properties -Wno-objc-interface-ivars -Wno-arc-repeated-use-of-weak -Wno-missing-braces -Wparentheses -Wswitch -Wno-unused-function -Wno-unused-label -Wno-unused-parameter -Wno-unused-variable -Wunused-value -Wno-empty-body -Wno-uninitialized -Wno-unknown-pragmas -w -Wno-shadow -Wno-four-char-constants -Wno-conversion -Wno-constant-conversion -Wno-int-conversion -Wno-bool-conversion -Wno-enum-conversion -Wno-float-conversion -Wno-non-literal-null-conversion -Wno-objc-literal-conversion -Wshorten-64-to-32 -Wpointer-sign -Wno-newline-eof -Wno-selector -Wno-strict-selector-match -Wno-undeclared-selector -Wno-deprecated-implementations -Wno-implicit-fallthrough -fstrict-aliasing -Wprotocol -Wdeprecated-declarations -Wno-sign-conversion -Wno-infinite-recursion -Wno-comma -Wno-block-capture-autoreleasing -Wno-strict-prototypes -Wno-semicolon-before-method-body -index-store-path /Users/siam/Library/Developer/Xcode/DerivedData/Lingua_Quest-gvpckrqxtbgyprbgppjfqmimmmfw/Index.noindex/DataStore @/Users/siam/Library/Developer/Xcode/DerivedData/Lingua_Quest-gvpckrqxtbgyprbgppjfqmimmmfw/Build/Intermediates.noindex/AppCheck.build/Debug-iphonesimulator/AppCheckCore.build/Objects-normal/x86_64/e6072d4f65d7061329687fe24e3d63a7-common-args.resp -MMD -MT dependencies -MF /Users/siam/Library/Developer/Xcode/DerivedData/Lingua_Quest-gvpckrqxtbgyprbgppjfqmimmmfw/Build/Intermediates.noindex/AppCheck.build/Debug-iphonesimulator/AppCheckCore.build/Objects-normal/x86_64/GACAppCheckStorage.d --serialize-diagnostics /Users/siam/Library/Developer/Xcode/DerivedData/Lingua_Quest-gvpckrqxtbgyprbgppjfqmimmmfw/Build/Intermediates.noindex/AppCheck.build/Debug-iphonesimulator/AppCheckCore.build/Objects-normal/x86_64/GACAppCheckStorage.dia -c /Users/siam/Library/Developer/Xcode/DerivedData/Lingua_Quest-gvpckrqxtbgyprbgppjfqmimmmfw/SourcePackages/checkouts/app-check/AppCheckCore/Sources/Core/Storage/GACAppCheckStorage.m -o /Users/siam/Library/Developer/Xcode/DerivedData/Lingua_Quest-gvpckrqxtbgyprbgppjfqmimmmfw/Build/Intermediates.noindex/AppCheck.build/Debug-iphonesimulator/AppCheckCore.build/Objects-normal/x86_64/GACAppCheckStorage.o -index-unit-output-path /AppCheck.build/Debug-iphonesimulator/AppCheckCore.build/Objects-normal/x86_64/GACAppCheckStorage.o

CompileC /Users/siam/Library/Developer/Xcode/DerivedData/Lingua_Quest-gvpckrqxtbgyprbgppjfqmimmmfw/Build/Intermediates.noindex/AppCheck.build/Debug-iphonesimulator/AppCheckCore.build/Objects-normal/x86_64/GACAppCheckErrorUtil.o /Users/siam/Library/Developer/Xcode/DerivedData/Lingua_Quest-gvpckrqxtbgyprbgppjfqmimmmfw/SourcePackages/checkouts/app-check/AppCheckCore/Sources/Core/Errors/GACAppCheckErrorUtil.m normal x86_64 objective-c com.apple.compilers.llvm.clang.1_0.compiler (in target 'AppCheckCore' from project 'AppCheck')
    cd /Users/siam/Desktop/Lingua\ Quest/Lingua\ Quest.xcodeproj
    
    Using response file: /Users/siam/Library/Developer/Xcode/DerivedData/Lingua_Quest-gvpckrqxtbgyprbgppjfqmimmmfw/Build/Intermediates.noindex/AppCheck.build/Debug-iphonesimulator/AppCheckCore.build/Objects-normal/x86_64/e6072d4f65d7061329687fe24e3d63a7-common-args.resp
    
    /Applications/Xcode.app/Contents/Developer/Toolchains/XcodeDefault.xctoolchain/usr/bin/clang -x objective-c -ivfsstatcache /Users/siam/Library/Developer/Xcode/DerivedData/SDKStatCaches.noindex/iphonesimulator26.0-23A339-26257891a6c027eb51374368541b8346.sdkstatcache -fmessage-length\=0 -fdiagnostics-show-note-include-stack -fmacro-backtrace-limit\=0 -fno-color-diagnostics -fmodules-prune-interval\=86400 -fmodules-prune-after\=345600 -fbuild-session-file\=/Users/siam/Library/Developer/Xcode/DerivedData/ModuleCache.noindex/Session.modulevalidation -fmodules-validate-once-per-build-session -Wnon-modular-include-in-framework-module -Werror\=non-modular-include-in-framework-module -Wno-trigraphs -Wno-missing-field-initializers -Wno-missing-prototypes -Wno-return-type -Wno-implicit-atomic-properties -Wno-objc-interface-ivars -Wno-arc-repeated-use-of-weak -Wno-missing-braces -Wparentheses -Wswitch -Wno-unused-function -Wno-unused-label -Wno-unused-parameter -Wno-unused-variable -Wunused-value -Wno-empty-body -Wno-uninitialized -Wno-unknown-pragmas -w -Wno-shadow -Wno-four-char-constants -Wno-conversion -Wno-constant-conversion -Wno-int-conversion -Wno-bool-conversion -Wno-enum-conversion -Wno-float-conversion -Wno-non-literal-null-conversion -Wno-objc-literal-conversion -Wshorten-64-to-32 -Wpointer-sign -Wno-newline-eof -Wno-selector -Wno-strict-selector-match -Wno-undeclared-selector -Wno-deprecated-implementations -Wno-implicit-fallthrough -fstrict-aliasing -Wprotocol -Wdeprecated-declarations -Wno-sign-conversion -Wno-infinite-recursion -Wno-comma -Wno-block-capture-autoreleasing -Wno-strict-prototypes -Wno-semicolon-before-method-body -index-store-path /Users/siam/Library/Developer/Xcode/DerivedData/Lingua_Quest-gvpckrqxtbgyprbgppjfqmimmmfw/Index.noindex/DataStore @/Users/siam/Library/Developer/Xcode/DerivedData/Lingua_Quest-gvpckrqxtbgyprbgppjfqmimmmfw/Build/Intermediates.noindex/AppCheck.build/Debug-iphonesimulator/AppCheckCore.build/Objects-normal/x86_64/e6072d4f65d7061329687fe24e3d63a7-common-args.resp -MMD -MT dependencies -MF /Users/siam/Library/Developer/Xcode/DerivedData/Lingua_Quest-gvpckrqxtbgyprbgppjfqmimmmfw/Build/Intermediates.noindex/AppCheck.build/Debug-iphonesimulator/AppCheckCore.build/Objects-normal/x86_64/GACAppCheckErrorUtil.d --serialize-diagnostics /Users/siam/Library/Developer/Xcode/DerivedData/Lingua_Quest-gvpckrqxtbgyprbgppjfqmimmmfw/Build/Intermediates.noindex/AppCheck.build/Debug-iphonesimulator/AppCheckCore.build/Objects-normal/x86_64/GACAppCheckErrorUtil.dia -c /Users/siam/Library/Developer/Xcode/DerivedData/Lingua_Quest-gvpckrqxtbgyprbgppjfqmimmmfw/SourcePackages/checkouts/app-check/AppCheckCore/Sources/Core/Errors/GACAppCheckErrorUtil.m -o /Users/siam/Library/Developer/Xcode/DerivedData/Lingua_Quest-gvpckrqxtbgyprbgppjfqmimmmfw/Build/Intermediates.noindex/AppCheck.build/Debug-iphonesimulator/AppCheckCore.build/Objects-normal/x86_64/GACAppCheckErrorUtil.o -index-unit-output-path /AppCheck.build/Debug-iphonesimulator/AppCheckCore.build/Objects-normal/x86_64/GACAppCheckErrorUtil.o

ScanDependencies /Users/siam/Library/Developer/Xcode/DerivedData/Lingua_Quest-gvpckrqxtbgyprbgppjfqmimmmfw/Build/Intermediates.noindex/AppCheck.build/Debug-iphonesimulator/AppCheckCore.build/Objects-normal/x86_64/GACAppAttestRejectionError.o /Users/siam/Library/Developer/Xcode/DerivedData/Lingua_Quest-gvpckrqxtbgyprbgppjfqmimmmfw/SourcePackages/checkouts/app-check/AppCheckCore/Sources/AppAttestProvider/Errors/GACAppAttestRejectionError.m normal x86_64 objective-c com.apple.compilers.llvm.clang.1_0.compiler (in target 'AppCheckCore' from project 'AppCheck')
    cd /Users/siam/Desktop/Lingua\ Quest/Lingua\ Quest.xcodeproj
    
    Using response file: /Users/siam/Library/Developer/Xcode/DerivedData/Lingua_Quest-gvpckrqxtbgyprbgppjfqmimmmfw/Build/Intermediates.noindex/AppCheck.build/Debug-iphonesimulator/AppCheckCore.build/Objects-normal/x86_64/e6072d4f65d7061329687fe24e3d63a7-common-args.resp
    
    builtin-ScanDependencies -o /Users/siam/Library/Developer/Xcode/DerivedData/Lingua_Quest-gvpckrqxtbgyprbgppjfqmimmmfw/Build/Intermediates.noindex/AppCheck.build/Debug-iphonesimulator/AppCheckCore.build/Objects-normal/x86_64/GACAppAttestRejectionError.o.scan -- /Applications/Xcode.app/Contents/Developer/Toolchains/XcodeDefault.xctoolchain/usr/bin/clang -x objective-c -ivfsstatcache /Users/siam/Library/Developer/Xcode/DerivedData/SDKStatCaches.noindex/iphonesimulator26.0-23A339-26257891a6c027eb51374368541b8346.sdkstatcache -fmessage-length\=0 -fdiagnostics-show-note-include-stack -fmacro-backtrace-limit\=0 -fno-color-diagnostics -fmodules-prune-interval\=86400 -fmodules-prune-after\=345600 -fbuild-session-file\=/Users/siam/Library/Developer/Xcode/DerivedData/ModuleCache.noindex/Session.modulevalidation -fmodules-validate-once-per-build-session -Wnon-modular-include-in-framework-module -Werror\=non-modular-include-in-framework-module -Wno-trigraphs -Wno-missing-field-initializers -Wno-missing-prototypes -Wno-return-type -Wno-implicit-atomic-properties -Wno-objc-interface-ivars -Wno-arc-repeated-use-of-weak -Wno-missing-braces -Wparentheses -Wswitch -Wno-unused-function -Wno-unused-label -Wno-unused-parameter -Wno-unused-variable -Wunused-value -Wno-empty-body -Wno-uninitialized -Wno-unknown-pragmas -w -Wno-shadow -Wno-four-char-constants -Wno-conversion -Wno-constant-conversion -Wno-int-conversion -Wno-bool-conversion -Wno-enum-conversion -Wno-float-conversion -Wno-non-literal-null-conversion -Wno-objc-literal-conversion -Wshorten-64-to-32 -Wpointer-sign -Wno-newline-eof -Wno-selector -Wno-strict-selector-match -Wno-undeclared-selector -Wno-deprecated-implementations -Wno-implicit-fallthrough -fstrict-aliasing -Wprotocol -Wdeprecated-declarations -Wno-sign-conversion -Wno-infinite-recursion -Wno-comma -Wno-block-capture-autoreleasing -Wno-strict-prototypes -Wno-semicolon-before-method-body -index-store-path /Users/siam/Library/Developer/Xcode/DerivedData/Lingua_Quest-gvpckrqxtbgyprbgppjfqmimmmfw/Index.noindex/DataStore @/Users/siam/Library/Developer/Xcode/DerivedData/Lingua_Quest-gvpckrqxtbgyprbgppjfqmimmmfw/Build/Intermediates.noindex/AppCheck.build/Debug-iphonesimulator/AppCheckCore.build/Objects-normal/x86_64/e6072d4f65d7061329687fe24e3d63a7-common-args.resp -MMD -MT dependencies -MF /Users/siam/Library/Developer/Xcode/DerivedData/Lingua_Quest-gvpckrqxtbgyprbgppjfqmimmmfw/Build/Intermediates.noindex/AppCheck.build/Debug-iphonesimulator/AppCheckCore.build/Objects-normal/x86_64/GACAppAttestRejectionError.d --serialize-diagnostics /Users/siam/Library/Developer/Xcode/DerivedData/Lingua_Quest-gvpckrqxtbgyprbgppjfqmimmmfw/Build/Intermediates.noindex/AppCheck.build/Debug-iphonesimulator/AppCheckCore.build/Objects-normal/x86_64/GACAppAttestRejectionError.dia -c /Users/siam/Library/Developer/Xcode/DerivedData/Lingua_Quest-gvpckrqxtbgyprbgppjfqmimmmfw/SourcePackages/checkouts/app-check/AppCheckCore/Sources/AppAttestProvider/Errors/GACAppAttestRejectionError.m -o /Users/siam/Library/Developer/Xcode/DerivedData/Lingua_Quest-gvpckrqxtbgyprbgppjfqmimmmfw/Build/Intermediates.noindex/AppCheck.build/Debug-iphonesimulator/AppCheckCore.build/Objects-normal/x86_64/GACAppAttestRejectionError.o -index-unit-output-path /AppCheck.build/Debug-iphonesimulator/AppCheckCore.build/Objects-normal/x86_64/GACAppAttestRejectionError.o

CompileC /Users/siam/Library/Developer/Xcode/DerivedData/Lingua_Quest-gvpckrqxtbgyprbgppjfqmimmmfw/Build/Intermediates.noindex/AppCheck.build/Debug-iphonesimulator/AppCheckCore.build/Objects-normal/x86_64/GACAppCheckDebugProviderAPIService.o /Users/siam/Library/Developer/Xcode/DerivedData/Lingua_Quest-gvpckrqxtbgyprbgppjfqmimmmfw/SourcePackages/checkouts/app-check/AppCheckCore/Sources/DebugProvider/API/GACAppCheckDebugProviderAPIService.m normal x86_64 objective-c com.apple.compilers.llvm.clang.1_0.compiler (in target 'AppCheckCore' from project 'AppCheck')
    cd /Users/siam/Desktop/Lingua\ Quest/Lingua\ Quest.xcodeproj
    
    Using response file: /Users/siam/Library/Developer/Xcode/DerivedData/Lingua_Quest-gvpckrqxtbgyprbgppjfqmimmmfw/Build/Intermediates.noindex/AppCheck.build/Debug-iphonesimulator/AppCheckCore.build/Objects-normal/x86_64/e6072d4f65d7061329687fe24e3d63a7-common-args.resp
    
    /Applications/Xcode.app/Contents/Developer/Toolchains/XcodeDefault.xctoolchain/usr/bin/clang -x objective-c -ivfsstatcache /Users/siam/Library/Developer/Xcode/DerivedData/SDKStatCaches.noindex/iphonesimulator26.0-23A339-26257891a6c027eb51374368541b8346.sdkstatcache -fmessage-length\=0 -fdiagnostics-show-note-include-stack -fmacro-backtrace-limit\=0 -fno-color-diagnostics -fmodules-prune-interval\=86400 -fmodules-prune-after\=345600 -fbuild-session-file\=/Users/siam/Library/Developer/Xcode/DerivedData/ModuleCache.noindex/Session.modulevalidation -fmodules-validate-once-per-build-session -Wnon-modular-include-in-framework-module -Werror\=non-modular-include-in-framework-module -Wno-trigraphs -Wno-missing-field-initializers -Wno-missing-prototypes -Wno-return-type -Wno-implicit-atomic-properties -Wno-objc-interface-ivars -Wno-arc-repeated-use-of-weak -Wno-missing-braces -Wparentheses -Wswitch -Wno-unused-function -Wno-unused-label -Wno-unused-parameter -Wno-unused-variable -Wunused-value -Wno-empty-body -Wno-uninitialized -Wno-unknown-pragmas -w -Wno-shadow -Wno-four-char-constants -Wno-conversion -Wno-constant-conversion -Wno-int-conversion -Wno-bool-conversion -Wno-enum-conversion -Wno-float-conversion -Wno-non-literal-null-conversion -Wno-objc-literal-conversion -Wshorten-64-to-32 -Wpointer-sign -Wno-newline-eof -Wno-selector -Wno-strict-selector-match -Wno-undeclared-selector -Wno-deprecated-implementations -Wno-implicit-fallthrough -fstrict-aliasing -Wprotocol -Wdeprecated-declarations -Wno-sign-conversion -Wno-infinite-recursion -Wno-comma -Wno-block-capture-autoreleasing -Wno-strict-prototypes -Wno-semicolon-before-method-body -index-store-path /Users/siam/Library/Developer/Xcode/DerivedData/Lingua_Quest-gvpckrqxtbgyprbgppjfqmimmmfw/Index.noindex/DataStore @/Users/siam/Library/Developer/Xcode/DerivedData/Lingua_Quest-gvpckrqxtbgyprbgppjfqmimmmfw/Build/Intermediates.noindex/AppCheck.build/Debug-iphonesimulator/AppCheckCore.build/Objects-normal/x86_64/e6072d4f65d7061329687fe24e3d63a7-common-args.resp -MMD -MT dependencies -MF /Users/siam/Library/Developer/Xcode/DerivedData/Lingua_Quest-gvpckrqxtbgyprbgppjfqmimmmfw/Build/Intermediates.noindex/AppCheck.build/Debug-iphonesimulator/AppCheckCore.build/Objects-normal/x86_64/GACAppCheckDebugProviderAPIService.d --serialize-diagnostics /Users/siam/Library/Developer/Xcode/DerivedData/Lingua_Quest-gvpckrqxtbgyprbgppjfqmimmmfw/Build/Intermediates.noindex/AppCheck.build/Debug-iphonesimulator/AppCheckCore.build/Objects-normal/x86_64/GACAppCheckDebugProviderAPIService.dia -c /Users/siam/Library/Developer/Xcode/DerivedData/Lingua_Quest-gvpckrqxtbgyprbgppjfqmimmmfw/SourcePackages/checkouts/app-check/AppCheckCore/Sources/DebugProvider/API/GACAppCheckDebugProviderAPIService.m -o /Users/siam/Library/Developer/Xcode/DerivedData/Lingua_Quest-gvpckrqxtbgyprbgppjfqmimmmfw/Build/Intermediates.noindex/AppCheck.build/Debug-iphonesimulator/AppCheckCore.build/Objects-normal/x86_64/GACAppCheckDebugProviderAPIService.o -index-unit-output-path /AppCheck.build/Debug-iphonesimulator/AppCheckCore.build/Objects-normal/x86_64/GACAppCheckDebugProviderAPIService.o

CompileC /Users/siam/Library/Developer/Xcode/DerivedData/Lingua_Quest-gvpckrqxtbgyprbgppjfqmimmmfw/Build/Intermediates.noindex/AppCheck.build/Debug-iphonesimulator/AppCheckCore.build/Objects-normal/x86_64/GACAppCheckCryptoUtils.o /Users/siam/Library/Developer/Xcode/DerivedData/Lingua_Quest-gvpckrqxtbgyprbgppjfqmimmmfw/SourcePackages/checkouts/app-check/AppCheckCore/Sources/Core/Utils/GACAppCheckCryptoUtils.m normal x86_64 objective-c com.apple.compilers.llvm.clang.1_0.compiler (in target 'AppCheckCore' from project 'AppCheck')
    cd /Users/siam/Desktop/Lingua\ Quest/Lingua\ Quest.xcodeproj
    
    Using response file: /Users/siam/Library/Developer/Xcode/DerivedData/Lingua_Quest-gvpckrqxtbgyprbgppjfqmimmmfw/Build/Intermediates.noindex/AppCheck.build/Debug-iphonesimulator/AppCheckCore.build/Objects-normal/x86_64/e6072d4f65d7061329687fe24e3d63a7-common-args.resp
    
    /Applications/Xcode.app/Contents/Developer/Toolchains/XcodeDefault.xctoolchain/usr/bin/clang -x objective-c -ivfsstatcache /Users/siam/Library/Developer/Xcode/DerivedData/SDKStatCaches.noindex/iphonesimulator26.0-23A339-26257891a6c027eb51374368541b8346.sdkstatcache -fmessage-length\=0 -fdiagnostics-show-note-include-stack -fmacro-backtrace-limit\=0 -fno-color-diagnostics -fmodules-prune-interval\=86400 -fmodules-prune-after\=345600 -fbuild-session-file\=/Users/siam/Library/Developer/Xcode/DerivedData/ModuleCache.noindex/Session.modulevalidation -fmodules-validate-once-per-build-session -Wnon-modular-include-in-framework-module -Werror\=non-modular-include-in-framework-module -Wno-trigraphs -Wno-missing-field-initializers -Wno-missing-prototypes -Wno-return-type -Wno-implicit-atomic-properties -Wno-objc-interface-ivars -Wno-arc-repeated-use-of-weak -Wno-missing-braces -Wparentheses -Wswitch -Wno-unused-function -Wno-unused-label -Wno-unused-parameter -Wno-unused-variable -Wunused-value -Wno-empty-body -Wno-uninitialized -Wno-unknown-pragmas -w -Wno-shadow -Wno-four-char-constants -Wno-conversion -Wno-constant-conversion -Wno-int-conversion -Wno-bool-conversion -Wno-enum-conversion -Wno-float-conversion -Wno-non-literal-null-conversion -Wno-objc-literal-conversion -Wshorten-64-to-32 -Wpointer-sign -Wno-newline-eof -Wno-selector -Wno-strict-selector-match -Wno-undeclared-selector -Wno-deprecated-implementations -Wno-implicit-fallthrough -fstrict-aliasing -Wprotocol -Wdeprecated-declarations -Wno-sign-conversion -Wno-infinite-recursion -Wno-comma -Wno-block-capture-autoreleasing -Wno-strict-prototypes -Wno-semicolon-before-method-body -index-store-path /Users/siam/Library/Developer/Xcode/DerivedData/Lingua_Quest-gvpckrqxtbgyprbgppjfqmimmmfw/Index.noindex/DataStore @/Users/siam/Library/Developer/Xcode/DerivedData/Lingua_Quest-gvpckrqxtbgyprbgppjfqmimmmfw/Build/Intermediates.noindex/AppCheck.build/Debug-iphonesimulator/AppCheckCore.build/Objects-normal/x86_64/e6072d4f65d7061329687fe24e3d63a7-common-args.resp -MMD -MT dependencies -MF /Users/siam/Library/Developer/Xcode/DerivedData/Lingua_Quest-gvpckrqxtbgyprbgppjfqmimmmfw/Build/Intermediates.noindex/AppCheck.build/Debug-iphonesimulator/AppCheckCore.build/Objects-normal/x86_64/GACAppCheckCryptoUtils.d --serialize-diagnostics /Users/siam/Library/Developer/Xcode/DerivedData/Lingua_Quest-gvpckrqxtbgyprbgppjfqmimmmfw/Build/Intermediates.noindex/AppCheck.build/Debug-iphonesimulator/AppCheckCore.build/Objects-normal/x86_64/GACAppCheckCryptoUtils.dia -c /Users/siam/Library/Developer/Xcode/DerivedData/Lingua_Quest-gvpckrqxtbgyprbgppjfqmimmmfw/SourcePackages/checkouts/app-check/AppCheckCore/Sources/Core/Utils/GACAppCheckCryptoUtils.m -o /Users/siam/Library/Developer/Xcode/DerivedData/Lingua_Quest-gvpckrqxtbgyprbgppjfqmimmmfw/Build/Intermediates.noindex/AppCheck.build/Debug-iphonesimulator/AppCheckCore.build/Objects-normal/x86_64/GACAppCheckCryptoUtils.o -index-unit-output-path /AppCheck.build/Debug-iphonesimulator/AppCheckCore.build/Objects-normal/x86_64/GACAppCheckCryptoUtils.o

CompileC /Users/siam/Library/Developer/Xcode/DerivedData/Lingua_Quest-gvpckrqxtbgyprbgppjfqmimmmfw/Build/Intermediates.noindex/AppCheck.build/Debug-iphonesimulator/AppCheckCore.build/Objects-normal/x86_64/GACAppCheck.o /Users/siam/Library/Developer/Xcode/DerivedData/Lingua_Quest-gvpckrqxtbgyprbgppjfqmimmmfw/SourcePackages/checkouts/app-check/AppCheckCore/Sources/Core/GACAppCheck.m normal x86_64 objective-c com.apple.compilers.llvm.clang.1_0.compiler (in target 'AppCheckCore' from project 'AppCheck')
    cd /Users/siam/Desktop/Lingua\ Quest/Lingua\ Quest.xcodeproj
    
    Using response file: /Users/siam/Library/Developer/Xcode/DerivedData/Lingua_Quest-gvpckrqxtbgyprbgppjfqmimmmfw/Build/Intermediates.noindex/AppCheck.build/Debug-iphonesimulator/AppCheckCore.build/Objects-normal/x86_64/e6072d4f65d7061329687fe24e3d63a7-common-args.resp
    
    /Applications/Xcode.app/Contents/Developer/Toolchains/XcodeDefault.xctoolchain/usr/bin/clang -x objective-c -ivfsstatcache /Users/siam/Library/Developer/Xcode/DerivedData/SDKStatCaches.noindex/iphonesimulator26.0-23A339-26257891a6c027eb51374368541b8346.sdkstatcache -fmessage-length\=0 -fdiagnostics-show-note-include-stack -fmacro-backtrace-limit\=0 -fno-color-diagnostics -fmodules-prune-interval\=86400 -fmodules-prune-after\=345600 -fbuild-session-file\=/Users/siam/Library/Developer/Xcode/DerivedData/ModuleCache.noindex/Session.modulevalidation -fmodules-validate-once-per-build-session -Wnon-modular-include-in-framework-module -Werror\=non-modular-include-in-framework-module -Wno-trigraphs -Wno-missing-field-initializers -Wno-missing-prototypes -Wno-return-type -Wno-implicit-atomic-properties -Wno-objc-interface-ivars -Wno-arc-repeated-use-of-weak -Wno-missing-braces -Wparentheses -Wswitch -Wno-unused-function -Wno-unused-label -Wno-unused-parameter -Wno-unused-variable -Wunused-value -Wno-empty-body -Wno-uninitialized -Wno-unknown-pragmas -w -Wno-shadow -Wno-four-char-constants -Wno-conversion -Wno-constant-conversion -Wno-int-conversion -Wno-bool-conversion -Wno-enum-conversion -Wno-float-conversion -Wno-non-literal-null-conversion -Wno-objc-literal-conversion -Wshorten-64-to-32 -Wpointer-sign -Wno-newline-eof -Wno-selector -Wno-strict-selector-match -Wno-undeclared-selector -Wno-deprecated-implementations -Wno-implicit-fallthrough -fstrict-aliasing -Wprotocol -Wdeprecated-declarations -Wno-sign-conversion -Wno-infinite-recursion -Wno-comma -Wno-block-capture-autoreleasing -Wno-strict-prototypes -Wno-semicolon-before-method-body -index-store-path /Users/siam/Library/Developer/Xcode/DerivedData/Lingua_Quest-gvpckrqxtbgyprbgppjfqmimmmfw/Index.noindex/DataStore @/Users/siam/Library/Developer/Xcode/DerivedData/Lingua_Quest-gvpckrqxtbgyprbgppjfqmimmmfw/Build/Intermediates.noindex/AppCheck.build/Debug-iphonesimulator/AppCheckCore.build/Objects-normal/x86_64/e6072d4f65d7061329687fe24e3d63a7-common-args.resp -MMD -MT dependencies -MF /Users/siam/Library/Developer/Xcode/DerivedData/Lingua_Quest-gvpckrqxtbgyprbgppjfqmimmmfw/Build/Intermediates.noindex/AppCheck.build/Debug-iphonesimulator/AppCheckCore.build/Objects-normal/x86_64/GACAppCheck.d --serialize-diagnostics /Users/siam/Library/Developer/Xcode/DerivedData/Lingua_Quest-gvpckrqxtbgyprbgppjfqmimmmfw/Build/Intermediates.noindex/AppCheck.build/Debug-iphonesimulator/AppCheckCore.build/Objects-normal/x86_64/GACAppCheck.dia -c /Users/siam/Library/Developer/Xcode/DerivedData/Lingua_Quest-gvpckrqxtbgyprbgppjfqmimmmfw/SourcePackages/checkouts/app-check/AppCheckCore/Sources/Core/GACAppCheck.m -o /Users/siam/Library/Developer/Xcode/DerivedData/Lingua_Quest-gvpckrqxtbgyprbgppjfqmimmmfw/Build/Intermediates.noindex/AppCheck.build/Debug-iphonesimulator/AppCheckCore.build/Objects-normal/x86_64/GACAppCheck.o -index-unit-output-path /AppCheck.build/Debug-iphonesimulator/AppCheckCore.build/Objects-normal/x86_64/GACAppCheck.o

CompileC /Users/siam/Library/Developer/Xcode/DerivedData/Lingua_Quest-gvpckrqxtbgyprbgppjfqmimmmfw/Build/Intermediates.noindex/AppCheck.build/Debug-iphonesimulator/AppCheckCore.build/Objects-normal/x86_64/GACAppCheckAPIService.o /Users/siam/Library/Developer/Xcode/DerivedData/Lingua_Quest-gvpckrqxtbgyprbgppjfqmimmmfw/SourcePackages/checkouts/app-check/AppCheckCore/Sources/Core/APIService/GACAppCheckAPIService.m normal x86_64 objective-c com.apple.compilers.llvm.clang.1_0.compiler (in target 'AppCheckCore' from project 'AppCheck')
    cd /Users/siam/Desktop/Lingua\ Quest/Lingua\ Quest.xcodeproj
    
    Using response file: /Users/siam/Library/Developer/Xcode/DerivedData/Lingua_Quest-gvpckrqxtbgyprbgppjfqmimmmfw/Build/Intermediates.noindex/AppCheck.build/Debug-iphonesimulator/AppCheckCore.build/Objects-normal/x86_64/e6072d4f65d7061329687fe24e3d63a7-common-args.resp
    
    /Applications/Xcode.app/Contents/Developer/Toolchains/XcodeDefault.xctoolchain/usr/bin/clang -x objective-c -ivfsstatcache /Users/siam/Library/Developer/Xcode/DerivedData/SDKStatCaches.noindex/iphonesimulator26.0-23A339-26257891a6c027eb51374368541b8346.sdkstatcache -fmessage-length\=0 -fdiagnostics-show-note-include-stack -fmacro-backtrace-limit\=0 -fno-color-diagnostics -fmodules-prune-interval\=86400 -fmodules-prune-after\=345600 -fbuild-session-file\=/Users/siam/Library/Developer/Xcode/DerivedData/ModuleCache.noindex/Session.modulevalidation -fmodules-validate-once-per-build-session -Wnon-modular-include-in-framework-module -Werror\=non-modular-include-in-framework-module -Wno-trigraphs -Wno-missing-field-initializers -Wno-missing-prototypes -Wno-return-type -Wno-implicit-atomic-properties -Wno-objc-interface-ivars -Wno-arc-repeated-use-of-weak -Wno-missing-braces -Wparentheses -Wswitch -Wno-unused-function -Wno-unused-label -Wno-unused-parameter -Wno-unused-variable -Wunused-value -Wno-empty-body -Wno-uninitialized -Wno-unknown-pragmas -w -Wno-shadow -Wno-four-char-constants -Wno-conversion -Wno-constant-conversion -Wno-int-conversion -Wno-bool-conversion -Wno-enum-conversion -Wno-float-conversion -Wno-non-literal-null-conversion -Wno-objc-literal-conversion -Wshorten-64-to-32 -Wpointer-sign -Wno-newline-eof -Wno-selector -Wno-strict-selector-match -Wno-undeclared-selector -Wno-deprecated-implementations -Wno-implicit-fallthrough -fstrict-aliasing -Wprotocol -Wdeprecated-declarations -Wno-sign-conversion -Wno-infinite-recursion -Wno-comma -Wno-block-capture-autoreleasing -Wno-strict-prototypes -Wno-semicolon-before-method-body -index-store-path /Users/siam/Library/Developer/Xcode/DerivedData/Lingua_Quest-gvpckrqxtbgyprbgppjfqmimmmfw/Index.noindex/DataStore @/Users/siam/Library/Developer/Xcode/DerivedData/Lingua_Quest-gvpckrqxtbgyprbgppjfqmimmmfw/Build/Intermediates.noindex/AppCheck.build/Debug-iphonesimulator/AppCheckCore.build/Objects-normal/x86_64/e6072d4f65d7061329687fe24e3d63a7-common-args.resp -MMD -MT dependencies -MF /Users/siam/Library/Developer/Xcode/DerivedData/Lingua_Quest-gvpckrqxtbgyprbgppjfqmimmmfw/Build/Intermediates.noindex/AppCheck.build/Debug-iphonesimulator/AppCheckCore.build/Objects-normal/x86_64/GACAppCheckAPIService.d --serialize-diagnostics /Users/siam/Library/Developer/Xcode/DerivedData/Lingua_Quest-gvpckrqxtbgyprbgppjfqmimmmfw/Build/Intermediates.noindex/AppCheck.build/Debug-iphonesimulator/AppCheckCore.build/Objects-normal/x86_64/GACAppCheckAPIService.dia -c /Users/siam/Library/Developer/Xcode/DerivedData/Lingua_Quest-gvpckrqxtbgyprbgppjfqmimmmfw/SourcePackages/checkouts/app-check/AppCheckCore/Sources/Core/APIService/GACAppCheckAPIService.m -o /Users/siam/Library/Developer/Xcode/DerivedData/Lingua_Quest-gvpckrqxtbgyprbgppjfqmimmmfw/Build/Intermediates.noindex/AppCheck.build/Debug-iphonesimulator/AppCheckCore.build/Objects-normal/x86_64/GACAppCheckAPIService.o -index-unit-output-path /AppCheck.build/Debug-iphonesimulator/AppCheckCore.build/Objects-normal/x86_64/GACAppCheckAPIService.o

CompileC /Users/siam/Library/Developer/Xcode/DerivedData/Lingua_Quest-gvpckrqxtbgyprbgppjfqmimmmfw/Build/Intermediates.noindex/AppCheck.build/Debug-iphonesimulator/AppCheckCore.build/Objects-normal/x86_64/GACAppAttestStoredArtifact.o /Users/siam/Library/Developer/Xcode/DerivedData/Lingua_Quest-gvpckrqxtbgyprbgppjfqmimmmfw/SourcePackages/checkouts/app-check/AppCheckCore/Sources/AppAttestProvider/Storage/GACAppAttestStoredArtifact.m normal x86_64 objective-c com.apple.compilers.llvm.clang.1_0.compiler (in target 'AppCheckCore' from project 'AppCheck')
    cd /Users/siam/Desktop/Lingua\ Quest/Lingua\ Quest.xcodeproj
    
    Using response file: /Users/siam/Library/Developer/Xcode/DerivedData/Lingua_Quest-gvpckrqxtbgyprbgppjfqmimmmfw/Build/Intermediates.noindex/AppCheck.build/Debug-iphonesimulator/AppCheckCore.build/Objects-normal/x86_64/e6072d4f65d7061329687fe24e3d63a7-common-args.resp
    
    /Applications/Xcode.app/Contents/Developer/Toolchains/XcodeDefault.xctoolchain/usr/bin/clang -x objective-c -ivfsstatcache /Users/siam/Library/Developer/Xcode/DerivedData/SDKStatCaches.noindex/iphonesimulator26.0-23A339-26257891a6c027eb51374368541b8346.sdkstatcache -fmessage-length\=0 -fdiagnostics-show-note-include-stack -fmacro-backtrace-limit\=0 -fno-color-diagnostics -fmodules-prune-interval\=86400 -fmodules-prune-after\=345600 -fbuild-session-file\=/Users/siam/Library/Developer/Xcode/DerivedData/ModuleCache.noindex/Session.modulevalidation -fmodules-validate-once-per-build-session -Wnon-modular-include-in-framework-module -Werror\=non-modular-include-in-framework-module -Wno-trigraphs -Wno-missing-field-initializers -Wno-missing-prototypes -Wno-return-type -Wno-implicit-atomic-properties -Wno-objc-interface-ivars -Wno-arc-repeated-use-of-weak -Wno-missing-braces -Wparentheses -Wswitch -Wno-unused-function -Wno-unused-label -Wno-unused-parameter -Wno-unused-variable -Wunused-value -Wno-empty-body -Wno-uninitialized -Wno-unknown-pragmas -w -Wno-shadow -Wno-four-char-constants -Wno-conversion -Wno-constant-conversion -Wno-int-conversion -Wno-bool-conversion -Wno-enum-conversion -Wno-float-conversion -Wno-non-literal-null-conversion -Wno-objc-literal-conversion -Wshorten-64-to-32 -Wpointer-sign -Wno-newline-eof -Wno-selector -Wno-strict-selector-match -Wno-undeclared-selector -Wno-deprecated-implementations -Wno-implicit-fallthrough -fstrict-aliasing -Wprotocol -Wdeprecated-declarations -Wno-sign-conversion -Wno-infinite-recursion -Wno-comma -Wno-block-capture-autoreleasing -Wno-strict-prototypes -Wno-semicolon-before-method-body -index-store-path /Users/siam/Library/Developer/Xcode/DerivedData/Lingua_Quest-gvpckrqxtbgyprbgppjfqmimmmfw/Index.noindex/DataStore @/Users/siam/Library/Developer/Xcode/DerivedData/Lingua_Quest-gvpckrqxtbgyprbgppjfqmimmmfw/Build/Intermediates.noindex/AppCheck.build/Debug-iphonesimulator/AppCheckCore.build/Objects-normal/x86_64/e6072d4f65d7061329687fe24e3d63a7-common-args.resp -MMD -MT dependencies -MF /Users/siam/Library/Developer/Xcode/DerivedData/Lingua_Quest-gvpckrqxtbgyprbgppjfqmimmmfw/Build/Intermediates.noindex/AppCheck.build/Debug-iphonesimulator/AppCheckCore.build/Objects-normal/x86_64/GACAppAttestStoredArtifact.d --serialize-diagnostics /Users/siam/Library/Developer/Xcode/DerivedData/Lingua_Quest-gvpckrqxtbgyprbgppjfqmimmmfw/Build/Intermediates.noindex/AppCheck.build/Debug-iphonesimulator/AppCheckCore.build/Objects-normal/x86_64/GACAppAttestStoredArtifact.dia -c /Users/siam/Library/Developer/Xcode/DerivedData/Lingua_Quest-gvpckrqxtbgyprbgppjfqmimmmfw/SourcePackages/checkouts/app-check/AppCheckCore/Sources/AppAttestProvider/Storage/GACAppAttestStoredArtifact.m -o /Users/siam/Library/Developer/Xcode/DerivedData/Lingua_Quest-gvpckrqxtbgyprbgppjfqmimmmfw/Build/Intermediates.noindex/AppCheck.build/Debug-iphonesimulator/AppCheckCore.build/Objects-normal/x86_64/GACAppAttestStoredArtifact.o -index-unit-output-path /AppCheck.build/Debug-iphonesimulator/AppCheckCore.build/Objects-normal/x86_64/GACAppAttestStoredArtifact.o

CompileC /Users/siam/Library/Developer/Xcode/DerivedData/Lingua_Quest-gvpckrqxtbgyprbgppjfqmimmmfw/Build/Intermediates.noindex/AppCheck.build/Debug-iphonesimulator/AppCheckCore.build/Objects-normal/x86_64/GACAppAttestRejectionError.o /Users/siam/Library/Developer/Xcode/DerivedData/Lingua_Quest-gvpckrqxtbgyprbgppjfqmimmmfw/SourcePackages/checkouts/app-check/AppCheckCore/Sources/AppAttestProvider/Errors/GACAppAttestRejectionError.m normal x86_64 objective-c com.apple.compilers.llvm.clang.1_0.compiler (in target 'AppCheckCore' from project 'AppCheck')
    cd /Users/siam/Desktop/Lingua\ Quest/Lingua\ Quest.xcodeproj
    
    Using response file: /Users/siam/Library/Developer/Xcode/DerivedData/Lingua_Quest-gvpckrqxtbgyprbgppjfqmimmmfw/Build/Intermediates.noindex/AppCheck.build/Debug-iphonesimulator/AppCheckCore.build/Objects-normal/x86_64/e6072d4f65d7061329687fe24e3d63a7-common-args.resp
    
    /Applications/Xcode.app/Contents/Developer/Toolchains/XcodeDefault.xctoolchain/usr/bin/clang -x objective-c -ivfsstatcache /Users/siam/Library/Developer/Xcode/DerivedData/SDKStatCaches.noindex/iphonesimulator26.0-23A339-26257891a6c027eb51374368541b8346.sdkstatcache -fmessage-length\=0 -fdiagnostics-show-note-include-stack -fmacro-backtrace-limit\=0 -fno-color-diagnostics -fmodules-prune-interval\=86400 -fmodules-prune-after\=345600 -fbuild-session-file\=/Users/siam/Library/Developer/Xcode/DerivedData/ModuleCache.noindex/Session.modulevalidation -fmodules-validate-once-per-build-session -Wnon-modular-include-in-framework-module -Werror\=non-modular-include-in-framework-module -Wno-trigraphs -Wno-missing-field-initializers -Wno-missing-prototypes -Wno-return-type -Wno-implicit-atomic-properties -Wno-objc-interface-ivars -Wno-arc-repeated-use-of-weak -Wno-missing-braces -Wparentheses -Wswitch -Wno-unused-function -Wno-unused-label -Wno-unused-parameter -Wno-unused-variable -Wunused-value -Wno-empty-body -Wno-uninitialized -Wno-unknown-pragmas -w -Wno-shadow -Wno-four-char-constants -Wno-conversion -Wno-constant-conversion -Wno-int-conversion -Wno-bool-conversion -Wno-enum-conversion -Wno-float-conversion -Wno-non-literal-null-conversion -Wno-objc-literal-conversion -Wshorten-64-to-32 -Wpointer-sign -Wno-newline-eof -Wno-selector -Wno-strict-selector-match -Wno-undeclared-selector -Wno-deprecated-implementations -Wno-implicit-fallthrough -fstrict-aliasing -Wprotocol -Wdeprecated-declarations -Wno-sign-conversion -Wno-infinite-recursion -Wno-comma -Wno-block-capture-autoreleasing -Wno-strict-prototypes -Wno-semicolon-before-method-body -index-store-path /Users/siam/Library/Developer/Xcode/DerivedData/Lingua_Quest-gvpckrqxtbgyprbgppjfqmimmmfw/Index.noindex/DataStore @/Users/siam/Library/Developer/Xcode/DerivedData/Lingua_Quest-gvpckrqxtbgyprbgppjfqmimmmfw/Build/Intermediates.noindex/AppCheck.build/Debug-iphonesimulator/AppCheckCore.build/Objects-normal/x86_64/e6072d4f65d7061329687fe24e3d63a7-common-args.resp -MMD -MT dependencies -MF /Users/siam/Library/Developer/Xcode/DerivedData/Lingua_Quest-gvpckrqxtbgyprbgppjfqmimmmfw/Build/Intermediates.noindex/AppCheck.build/Debug-iphonesimulator/AppCheckCore.build/Objects-normal/x86_64/GACAppAttestRejectionError.d --serialize-diagnostics /Users/siam/Library/Developer/Xcode/DerivedData/Lingua_Quest-gvpckrqxtbgyprbgppjfqmimmmfw/Build/Intermediates.noindex/AppCheck.build/Debug-iphonesimulator/AppCheckCore.build/Objects-normal/x86_64/GACAppAttestRejectionError.dia -c /Users/siam/Library/Developer/Xcode/DerivedData/Lingua_Quest-gvpckrqxtbgyprbgppjfqmimmmfw/SourcePackages/checkouts/app-check/AppCheckCore/Sources/AppAttestProvider/Errors/GACAppAttestRejectionError.m -o /Users/siam/Library/Developer/Xcode/DerivedData/Lingua_Quest-gvpckrqxtbgyprbgppjfqmimmmfw/Build/Intermediates.noindex/AppCheck.build/Debug-iphonesimulator/AppCheckCore.build/Objects-normal/x86_64/GACAppAttestRejectionError.o -index-unit-output-path /AppCheck.build/Debug-iphonesimulator/AppCheckCore.build/Objects-normal/x86_64/GACAppAttestRejectionError.o

CompileC /Users/siam/Library/Developer/Xcode/DerivedData/Lingua_Quest-gvpckrqxtbgyprbgppjfqmimmmfw/Build/Intermediates.noindex/AppCheck.build/Debug-iphonesimulator/AppCheckCore.build/Objects-normal/x86_64/GACAppCheckBackoffWrapper.o /Users/siam/Library/Developer/Xcode/DerivedData/Lingua_Quest-gvpckrqxtbgyprbgppjfqmimmmfw/SourcePackages/checkouts/app-check/AppCheckCore/Sources/Core/Backoff/GACAppCheckBackoffWrapper.m normal x86_64 objective-c com.apple.compilers.llvm.clang.1_0.compiler (in target 'AppCheckCore' from project 'AppCheck')
    cd /Users/siam/Desktop/Lingua\ Quest/Lingua\ Quest.xcodeproj
    
    Using response file: /Users/siam/Library/Developer/Xcode/DerivedData/Lingua_Quest-gvpckrqxtbgyprbgppjfqmimmmfw/Build/Intermediates.noindex/AppCheck.build/Debug-iphonesimulator/AppCheckCore.build/Objects-normal/x86_64/e6072d4f65d7061329687fe24e3d63a7-common-args.resp
    
    /Applications/Xcode.app/Contents/Developer/Toolchains/XcodeDefault.xctoolchain/usr/bin/clang -x objective-c -ivfsstatcache /Users/siam/Library/Developer/Xcode/DerivedData/SDKStatCaches.noindex/iphonesimulator26.0-23A339-26257891a6c027eb51374368541b8346.sdkstatcache -fmessage-length\=0 -fdiagnostics-show-note-include-stack -fmacro-backtrace-limit\=0 -fno-color-diagnostics -fmodules-prune-interval\=86400 -fmodules-prune-after\=345600 -fbuild-session-file\=/Users/siam/Library/Developer/Xcode/DerivedData/ModuleCache.noindex/Session.modulevalidation -fmodules-validate-once-per-build-session -Wnon-modular-include-in-framework-module -Werror\=non-modular-include-in-framework-module -Wno-trigraphs -Wno-missing-field-initializers -Wno-missing-prototypes -Wno-return-type -Wno-implicit-atomic-properties -Wno-objc-interface-ivars -Wno-arc-repeated-use-of-weak -Wno-missing-braces -Wparentheses -Wswitch -Wno-unused-function -Wno-unused-label -Wno-unused-parameter -Wno-unused-variable -Wunused-value -Wno-empty-body -Wno-uninitialized -Wno-unknown-pragmas -w -Wno-shadow -Wno-four-char-constants -Wno-conversion -Wno-constant-conversion -Wno-int-conversion -Wno-bool-conversion -Wno-enum-conversion -Wno-float-conversion -Wno-non-literal-null-conversion -Wno-objc-literal-conversion -Wshorten-64-to-32 -Wpointer-sign -Wno-newline-eof -Wno-selector -Wno-strict-selector-match -Wno-undeclared-selector -Wno-deprecated-implementations -Wno-implicit-fallthrough -fstrict-aliasing -Wprotocol -Wdeprecated-declarations -Wno-sign-conversion -Wno-infinite-recursion -Wno-comma -Wno-block-capture-autoreleasing -Wno-strict-prototypes -Wno-semicolon-before-method-body -index-store-path /Users/siam/Library/Developer/Xcode/DerivedData/Lingua_Quest-gvpckrqxtbgyprbgppjfqmimmmfw/Index.noindex/DataStore @/Users/siam/Library/Developer/Xcode/DerivedData/Lingua_Quest-gvpckrqxtbgyprbgppjfqmimmmfw/Build/Intermediates.noindex/AppCheck.build/Debug-iphonesimulator/AppCheckCore.build/Objects-normal/x86_64/e6072d4f65d7061329687fe24e3d63a7-common-args.resp -MMD -MT dependencies -MF /Users/siam/Library/Developer/Xcode/DerivedData/Lingua_Quest-gvpckrqxtbgyprbgppjfqmimmmfw/Build/Intermediates.noindex/AppCheck.build/Debug-iphonesimulator/AppCheckCore.build/Objects-normal/x86_64/GACAppCheckBackoffWrapper.d --serialize-diagnostics /Users/siam/Library/Developer/Xcode/DerivedData/Lingua_Quest-gvpckrqxtbgyprbgppjfqmimmmfw/Build/Intermediates.noindex/AppCheck.build/Debug-iphonesimulator/AppCheckCore.build/Objects-normal/x86_64/GACAppCheckBackoffWrapper.dia -c /Users/siam/Library/Developer/Xcode/DerivedData/Lingua_Quest-gvpckrqxtbgyprbgppjfqmimmmfw/SourcePackages/checkouts/app-check/AppCheckCore/Sources/Core/Backoff/GACAppCheckBackoffWrapper.m -o /Users/siam/Library/Developer/Xcode/DerivedData/Lingua_Quest-gvpckrqxtbgyprbgppjfqmimmmfw/Build/Intermediates.noindex/AppCheck.build/Debug-iphonesimulator/AppCheckCore.build/Objects-normal/x86_64/GACAppCheckBackoffWrapper.o -index-unit-output-path /AppCheck.build/Debug-iphonesimulator/AppCheckCore.build/Objects-normal/x86_64/GACAppCheckBackoffWrapper.o

PrecompileModule /Users/siam/Library/Developer/Xcode/DerivedData/Lingua_Quest-gvpckrqxtbgyprbgppjfqmimmmfw/Build/Intermediates.noindex/ExplicitPrecompiledModules/GoogleUtilities_UserDefaults-95R08OVITCBIAE6AF8MSKNJR7.scan
    cd /
    builtin-precompileModule /Users/siam/Library/Developer/Xcode/DerivedData/Lingua_Quest-gvpckrqxtbgyprbgppjfqmimmmfw/Build/Intermediates.noindex/ExplicitPrecompiledModules/GoogleUtilities_UserDefaults-95R08OVITCBIAE6AF8MSKNJR7.scan

ScanDependencies /Users/siam/Library/Developer/Xcode/DerivedData/Lingua_Quest-gvpckrqxtbgyprbgppjfqmimmmfw/Build/Intermediates.noindex/AppCheck.build/Debug-iphonesimulator/AppCheckCore.build/Objects-normal/x86_64/GACAppAttestProviderState.o /Users/siam/Library/Developer/Xcode/DerivedData/Lingua_Quest-gvpckrqxtbgyprbgppjfqmimmmfw/SourcePackages/checkouts/app-check/AppCheckCore/Sources/AppAttestProvider/GACAppAttestProviderState.m normal x86_64 objective-c com.apple.compilers.llvm.clang.1_0.compiler (in target 'AppCheckCore' from project 'AppCheck')
    cd /Users/siam/Desktop/Lingua\ Quest/Lingua\ Quest.xcodeproj
    
    Using response file: /Users/siam/Library/Developer/Xcode/DerivedData/Lingua_Quest-gvpckrqxtbgyprbgppjfqmimmmfw/Build/Intermediates.noindex/AppCheck.build/Debug-iphonesimulator/AppCheckCore.build/Objects-normal/x86_64/e6072d4f65d7061329687fe24e3d63a7-common-args.resp
    
    builtin-ScanDependencies -o /Users/siam/Library/Developer/Xcode/DerivedData/Lingua_Quest-gvpckrqxtbgyprbgppjfqmimmmfw/Build/Intermediates.noindex/AppCheck.build/Debug-iphonesimulator/AppCheckCore.build/Objects-normal/x86_64/GACAppAttestProviderState.o.scan -- /Applications/Xcode.app/Contents/Developer/Toolchains/XcodeDefault.xctoolchain/usr/bin/clang -x objective-c -ivfsstatcache /Users/siam/Library/Developer/Xcode/DerivedData/SDKStatCaches.noindex/iphonesimulator26.0-23A339-26257891a6c027eb51374368541b8346.sdkstatcache -fmessage-length\=0 -fdiagnostics-show-note-include-stack -fmacro-backtrace-limit\=0 -fno-color-diagnostics -fmodules-prune-interval\=86400 -fmodules-prune-after\=345600 -fbuild-session-file\=/Users/siam/Library/Developer/Xcode/DerivedData/ModuleCache.noindex/Session.modulevalidation -fmodules-validate-once-per-build-session -Wnon-modular-include-in-framework-module -Werror\=non-modular-include-in-framework-module -Wno-trigraphs -Wno-missing-field-initializers -Wno-missing-prototypes -Wno-return-type -Wno-implicit-atomic-properties -Wno-objc-interface-ivars -Wno-arc-repeated-use-of-weak -Wno-missing-braces -Wparentheses -Wswitch -Wno-unused-function -Wno-unused-label -Wno-unused-parameter -Wno-unused-variable -Wunused-value -Wno-empty-body -Wno-uninitialized -Wno-unknown-pragmas -w -Wno-shadow -Wno-four-char-constants -Wno-conversion -Wno-constant-conversion -Wno-int-conversion -Wno-bool-conversion -Wno-enum-conversion -Wno-float-conversion -Wno-non-literal-null-conversion -Wno-objc-literal-conversion -Wshorten-64-to-32 -Wpointer-sign -Wno-newline-eof -Wno-selector -Wno-strict-selector-match -Wno-undeclared-selector -Wno-deprecated-implementations -Wno-implicit-fallthrough -fstrict-aliasing -Wprotocol -Wdeprecated-declarations -Wno-sign-conversion -Wno-infinite-recursion -Wno-comma -Wno-block-capture-autoreleasing -Wno-strict-prototypes -Wno-semicolon-before-method-body -index-store-path /Users/siam/Library/Developer/Xcode/DerivedData/Lingua_Quest-gvpckrqxtbgyprbgppjfqmimmmfw/Index.noindex/DataStore @/Users/siam/Library/Developer/Xcode/DerivedData/Lingua_Quest-gvpckrqxtbgyprbgppjfqmimmmfw/Build/Intermediates.noindex/AppCheck.build/Debug-iphonesimulator/AppCheckCore.build/Objects-normal/x86_64/e6072d4f65d7061329687fe24e3d63a7-common-args.resp -MMD -MT dependencies -MF /Users/siam/Library/Developer/Xcode/DerivedData/Lingua_Quest-gvpckrqxtbgyprbgppjfqmimmmfw/Build/Intermediates.noindex/AppCheck.build/Debug-iphonesimulator/AppCheckCore.build/Objects-normal/x86_64/GACAppAttestProviderState.d --serialize-diagnostics /Users/siam/Library/Developer/Xcode/DerivedData/Lingua_Quest-gvpckrqxtbgyprbgppjfqmimmmfw/Build/Intermediates.noindex/AppCheck.build/Debug-iphonesimulator/AppCheckCore.build/Objects-normal/x86_64/GACAppAttestProviderState.dia -c /Users/siam/Library/Developer/Xcode/DerivedData/Lingua_Quest-gvpckrqxtbgyprbgppjfqmimmmfw/SourcePackages/checkouts/app-check/AppCheckCore/Sources/AppAttestProvider/GACAppAttestProviderState.m -o /Users/siam/Library/Developer/Xcode/DerivedData/Lingua_Quest-gvpckrqxtbgyprbgppjfqmimmmfw/Build/Intermediates.noindex/AppCheck.build/Debug-iphonesimulator/AppCheckCore.build/Objects-normal/x86_64/GACAppAttestProviderState.o -index-unit-output-path /AppCheck.build/Debug-iphonesimulator/AppCheckCore.build/Objects-normal/x86_64/GACAppAttestProviderState.o

ScanDependencies /Users/siam/Library/Developer/Xcode/DerivedData/Lingua_Quest-gvpckrqxtbgyprbgppjfqmimmmfw/Build/Intermediates.noindex/AppCheck.build/Debug-iphonesimulator/AppCheckCore.build/Objects-normal/x86_64/GACAppAttestProvider.o /Users/siam/Library/Developer/Xcode/DerivedData/Lingua_Quest-gvpckrqxtbgyprbgppjfqmimmmfw/SourcePackages/checkouts/app-check/AppCheckCore/Sources/AppAttestProvider/GACAppAttestProvider.m normal x86_64 objective-c com.apple.compilers.llvm.clang.1_0.compiler (in target 'AppCheckCore' from project 'AppCheck')
    cd /Users/siam/Desktop/Lingua\ Quest/Lingua\ Quest.xcodeproj
    
    Using response file: /Users/siam/Library/Developer/Xcode/DerivedData/Lingua_Quest-gvpckrqxtbgyprbgppjfqmimmmfw/Build/Intermediates.noindex/AppCheck.build/Debug-iphonesimulator/AppCheckCore.build/Objects-normal/x86_64/e6072d4f65d7061329687fe24e3d63a7-common-args.resp
    
    builtin-ScanDependencies -o /Users/siam/Library/Developer/Xcode/DerivedData/Lingua_Quest-gvpckrqxtbgyprbgppjfqmimmmfw/Build/Intermediates.noindex/AppCheck.build/Debug-iphonesimulator/AppCheckCore.build/Objects-normal/x86_64/GACAppAttestProvider.o.scan -- /Applications/Xcode.app/Contents/Developer/Toolchains/XcodeDefault.xctoolchain/usr/bin/clang -x objective-c -ivfsstatcache /Users/siam/Library/Developer/Xcode/DerivedData/SDKStatCaches.noindex/iphonesimulator26.0-23A339-26257891a6c027eb51374368541b8346.sdkstatcache -fmessage-length\=0 -fdiagnostics-show-note-include-stack -fmacro-backtrace-limit\=0 -fno-color-diagnostics -fmodules-prune-interval\=86400 -fmodules-prune-after\=345600 -fbuild-session-file\=/Users/siam/Library/Developer/Xcode/DerivedData/ModuleCache.noindex/Session.modulevalidation -fmodules-validate-once-per-build-session -Wnon-modular-include-in-framework-module -Werror\=non-modular-include-in-framework-module -Wno-trigraphs -Wno-missing-field-initializers -Wno-missing-prototypes -Wno-return-type -Wno-implicit-atomic-properties -Wno-objc-interface-ivars -Wno-arc-repeated-use-of-weak -Wno-missing-braces -Wparentheses -Wswitch -Wno-unused-function -Wno-unused-label -Wno-unused-parameter -Wno-unused-variable -Wunused-value -Wno-empty-body -Wno-uninitialized -Wno-unknown-pragmas -w -Wno-shadow -Wno-four-char-constants -Wno-conversion -Wno-constant-conversion -Wno-int-conversion -Wno-bool-conversion -Wno-enum-conversion -Wno-float-conversion -Wno-non-literal-null-conversion -Wno-objc-literal-conversion -Wshorten-64-to-32 -Wpointer-sign -Wno-newline-eof -Wno-selector -Wno-strict-selector-match -Wno-undeclared-selector -Wno-deprecated-implementations -Wno-implicit-fallthrough -fstrict-aliasing -Wprotocol -Wdeprecated-declarations -Wno-sign-conversion -Wno-infinite-recursion -Wno-comma -Wno-block-capture-autoreleasing -Wno-strict-prototypes -Wno-semicolon-before-method-body -index-store-path /Users/siam/Library/Developer/Xcode/DerivedData/Lingua_Quest-gvpckrqxtbgyprbgppjfqmimmmfw/Index.noindex/DataStore @/Users/siam/Library/Developer/Xcode/DerivedData/Lingua_Quest-gvpckrqxtbgyprbgppjfqmimmmfw/Build/Intermediates.noindex/AppCheck.build/Debug-iphonesimulator/AppCheckCore.build/Objects-normal/x86_64/e6072d4f65d7061329687fe24e3d63a7-common-args.resp -MMD -MT dependencies -MF /Users/siam/Library/Developer/Xcode/DerivedData/Lingua_Quest-gvpckrqxtbgyprbgppjfqmimmmfw/Build/Intermediates.noindex/AppCheck.build/Debug-iphonesimulator/AppCheckCore.build/Objects-normal/x86_64/GACAppAttestProvider.d --serialize-diagnostics /Users/siam/Library/Developer/Xcode/DerivedData/Lingua_Quest-gvpckrqxtbgyprbgppjfqmimmmfw/Build/Intermediates.noindex/AppCheck.build/Debug-iphonesimulator/AppCheckCore.build/Objects-normal/x86_64/GACAppAttestProvider.dia -c /Users/siam/Library/Developer/Xcode/DerivedData/Lingua_Quest-gvpckrqxtbgyprbgppjfqmimmmfw/SourcePackages/checkouts/app-check/AppCheckCore/Sources/AppAttestProvider/GACAppAttestProvider.m -o /Users/siam/Library/Developer/Xcode/DerivedData/Lingua_Quest-gvpckrqxtbgyprbgppjfqmimmmfw/Build/Intermediates.noindex/AppCheck.build/Debug-iphonesimulator/AppCheckCore.build/Objects-normal/x86_64/GACAppAttestProvider.o -index-unit-output-path /AppCheck.build/Debug-iphonesimulator/AppCheckCore.build/Objects-normal/x86_64/GACAppAttestProvider.o

ScanDependencies /Users/siam/Library/Developer/Xcode/DerivedData/Lingua_Quest-gvpckrqxtbgyprbgppjfqmimmmfw/Build/Intermediates.noindex/AppCheck.build/Debug-iphonesimulator/AppCheckCore.build/Objects-normal/x86_64/GACAppAttestKeyIDStorage.o /Users/siam/Library/Developer/Xcode/DerivedData/Lingua_Quest-gvpckrqxtbgyprbgppjfqmimmmfw/SourcePackages/checkouts/app-check/AppCheckCore/Sources/AppAttestProvider/Storage/GACAppAttestKeyIDStorage.m normal x86_64 objective-c com.apple.compilers.llvm.clang.1_0.compiler (in target 'AppCheckCore' from project 'AppCheck')
    cd /Users/siam/Desktop/Lingua\ Quest/Lingua\ Quest.xcodeproj
    
    Using response file: /Users/siam/Library/Developer/Xcode/DerivedData/Lingua_Quest-gvpckrqxtbgyprbgppjfqmimmmfw/Build/Intermediates.noindex/AppCheck.build/Debug-iphonesimulator/AppCheckCore.build/Objects-normal/x86_64/e6072d4f65d7061329687fe24e3d63a7-common-args.resp
    
    builtin-ScanDependencies -o /Users/siam/Library/Developer/Xcode/DerivedData/Lingua_Quest-gvpckrqxtbgyprbgppjfqmimmmfw/Build/Intermediates.noindex/AppCheck.build/Debug-iphonesimulator/AppCheckCore.build/Objects-normal/x86_64/GACAppAttestKeyIDStorage.o.scan -- /Applications/Xcode.app/Contents/Developer/Toolchains/XcodeDefault.xctoolchain/usr/bin/clang -x objective-c -ivfsstatcache /Users/siam/Library/Developer/Xcode/DerivedData/SDKStatCaches.noindex/iphonesimulator26.0-23A339-26257891a6c027eb51374368541b8346.sdkstatcache -fmessage-length\=0 -fdiagnostics-show-note-include-stack -fmacro-backtrace-limit\=0 -fno-color-diagnostics -fmodules-prune-interval\=86400 -fmodules-prune-after\=345600 -fbuild-session-file\=/Users/siam/Library/Developer/Xcode/DerivedData/ModuleCache.noindex/Session.modulevalidation -fmodules-validate-once-per-build-session -Wnon-modular-include-in-framework-module -Werror\=non-modular-include-in-framework-module -Wno-trigraphs -Wno-missing-field-initializers -Wno-missing-prototypes -Wno-return-type -Wno-implicit-atomic-properties -Wno-objc-interface-ivars -Wno-arc-repeated-use-of-weak -Wno-missing-braces -Wparentheses -Wswitch -Wno-unused-function -Wno-unused-label -Wno-unused-parameter -Wno-unused-variable -Wunused-value -Wno-empty-body -Wno-uninitialized -Wno-unknown-pragmas -w -Wno-shadow -Wno-four-char-constants -Wno-conversion -Wno-constant-conversion -Wno-int-conversion -Wno-bool-conversion -Wno-enum-conversion -Wno-float-conversion -Wno-non-literal-null-conversion -Wno-objc-literal-conversion -Wshorten-64-to-32 -Wpointer-sign -Wno-newline-eof -Wno-selector -Wno-strict-selector-match -Wno-undeclared-selector -Wno-deprecated-implementations -Wno-implicit-fallthrough -fstrict-aliasing -Wprotocol -Wdeprecated-declarations -Wno-sign-conversion -Wno-infinite-recursion -Wno-comma -Wno-block-capture-autoreleasing -Wno-strict-prototypes -Wno-semicolon-before-method-body -index-store-path /Users/siam/Library/Developer/Xcode/DerivedData/Lingua_Quest-gvpckrqxtbgyprbgppjfqmimmmfw/Index.noindex/DataStore @/Users/siam/Library/Developer/Xcode/DerivedData/Lingua_Quest-gvpckrqxtbgyprbgppjfqmimmmfw/Build/Intermediates.noindex/AppCheck.build/Debug-iphonesimulator/AppCheckCore.build/Objects-normal/x86_64/e6072d4f65d7061329687fe24e3d63a7-common-args.resp -MMD -MT dependencies -MF /Users/siam/Library/Developer/Xcode/DerivedData/Lingua_Quest-gvpckrqxtbgyprbgppjfqmimmmfw/Build/Intermediates.noindex/AppCheck.build/Debug-iphonesimulator/AppCheckCore.build/Objects-normal/x86_64/GACAppAttestKeyIDStorage.d --serialize-diagnostics /Users/siam/Library/Developer/Xcode/DerivedData/Lingua_Quest-gvpckrqxtbgyprbgppjfqmimmmfw/Build/Intermediates.noindex/AppCheck.build/Debug-iphonesimulator/AppCheckCore.build/Objects-normal/x86_64/GACAppAttestKeyIDStorage.dia -c /Users/siam/Library/Developer/Xcode/DerivedData/Lingua_Quest-gvpckrqxtbgyprbgppjfqmimmmfw/SourcePackages/checkouts/app-check/AppCheckCore/Sources/AppAttestProvider/Storage/GACAppAttestKeyIDStorage.m -o /Users/siam/Library/Developer/Xcode/DerivedData/Lingua_Quest-gvpckrqxtbgyprbgppjfqmimmmfw/Build/Intermediates.noindex/AppCheck.build/Debug-iphonesimulator/AppCheckCore.build/Objects-normal/x86_64/GACAppAttestKeyIDStorage.o -index-unit-output-path /AppCheck.build/Debug-iphonesimulator/AppCheckCore.build/Objects-normal/x86_64/GACAppAttestKeyIDStorage.o

ScanDependencies /Users/siam/Library/Developer/Xcode/DerivedData/Lingua_Quest-gvpckrqxtbgyprbgppjfqmimmmfw/Build/Intermediates.noindex/AppCheck.build/Debug-iphonesimulator/AppCheckCore.build/Objects-normal/x86_64/GACAppAttestAttestationResponse.o /Users/siam/Library/Developer/Xcode/DerivedData/Lingua_Quest-gvpckrqxtbgyprbgppjfqmimmmfw/SourcePackages/checkouts/app-check/AppCheckCore/Sources/AppAttestProvider/API/GACAppAttestAttestationResponse.m normal x86_64 objective-c com.apple.compilers.llvm.clang.1_0.compiler (in target 'AppCheckCore' from project 'AppCheck')
    cd /Users/siam/Desktop/Lingua\ Quest/Lingua\ Quest.xcodeproj
    
    Using response file: /Users/siam/Library/Developer/Xcode/DerivedData/Lingua_Quest-gvpckrqxtbgyprbgppjfqmimmmfw/Build/Intermediates.noindex/AppCheck.build/Debug-iphonesimulator/AppCheckCore.build/Objects-normal/x86_64/e6072d4f65d7061329687fe24e3d63a7-common-args.resp
    
    builtin-ScanDependencies -o /Users/siam/Library/Developer/Xcode/DerivedData/Lingua_Quest-gvpckrqxtbgyprbgppjfqmimmmfw/Build/Intermediates.noindex/AppCheck.build/Debug-iphonesimulator/AppCheckCore.build/Objects-normal/x86_64/GACAppAttestAttestationResponse.o.scan -- /Applications/Xcode.app/Contents/Developer/Toolchains/XcodeDefault.xctoolchain/usr/bin/clang -x objective-c -ivfsstatcache /Users/siam/Library/Developer/Xcode/DerivedData/SDKStatCaches.noindex/iphonesimulator26.0-23A339-26257891a6c027eb51374368541b8346.sdkstatcache -fmessage-length\=0 -fdiagnostics-show-note-include-stack -fmacro-backtrace-limit\=0 -fno-color-diagnostics -fmodules-prune-interval\=86400 -fmodules-prune-after\=345600 -fbuild-session-file\=/Users/siam/Library/Developer/Xcode/DerivedData/ModuleCache.noindex/Session.modulevalidation -fmodules-validate-once-per-build-session -Wnon-modular-include-in-framework-module -Werror\=non-modular-include-in-framework-module -Wno-trigraphs -Wno-missing-field-initializers -Wno-missing-prototypes -Wno-return-type -Wno-implicit-atomic-properties -Wno-objc-interface-ivars -Wno-arc-repeated-use-of-weak -Wno-missing-braces -Wparentheses -Wswitch -Wno-unused-function -Wno-unused-label -Wno-unused-parameter -Wno-unused-variable -Wunused-value -Wno-empty-body -Wno-uninitialized -Wno-unknown-pragmas -w -Wno-shadow -Wno-four-char-constants -Wno-conversion -Wno-constant-conversion -Wno-int-conversion -Wno-bool-conversion -Wno-enum-conversion -Wno-float-conversion -Wno-non-literal-null-conversion -Wno-objc-literal-conversion -Wshorten-64-to-32 -Wpointer-sign -Wno-newline-eof -Wno-selector -Wno-strict-selector-match -Wno-undeclared-selector -Wno-deprecated-implementations -Wno-implicit-fallthrough -fstrict-aliasing -Wprotocol -Wdeprecated-declarations -Wno-sign-conversion -Wno-infinite-recursion -Wno-comma -Wno-block-capture-autoreleasing -Wno-strict-prototypes -Wno-semicolon-before-method-body -index-store-path /Users/siam/Library/Developer/Xcode/DerivedData/Lingua_Quest-gvpckrqxtbgyprbgppjfqmimmmfw/Index.noindex/DataStore @/Users/siam/Library/Developer/Xcode/DerivedData/Lingua_Quest-gvpckrqxtbgyprbgppjfqmimmmfw/Build/Intermediates.noindex/AppCheck.build/Debug-iphonesimulator/AppCheckCore.build/Objects-normal/x86_64/e6072d4f65d7061329687fe24e3d63a7-common-args.resp -MMD -MT dependencies -MF /Users/siam/Library/Developer/Xcode/DerivedData/Lingua_Quest-gvpckrqxtbgyprbgppjfqmimmmfw/Build/Intermediates.noindex/AppCheck.build/Debug-iphonesimulator/AppCheckCore.build/Objects-normal/x86_64/GACAppAttestAttestationResponse.d --serialize-diagnostics /Users/siam/Library/Developer/Xcode/DerivedData/Lingua_Quest-gvpckrqxtbgyprbgppjfqmimmmfw/Build/Intermediates.noindex/AppCheck.build/Debug-iphonesimulator/AppCheckCore.build/Objects-normal/x86_64/GACAppAttestAttestationResponse.dia -c /Users/siam/Library/Developer/Xcode/DerivedData/Lingua_Quest-gvpckrqxtbgyprbgppjfqmimmmfw/SourcePackages/checkouts/app-check/AppCheckCore/Sources/AppAttestProvider/API/GACAppAttestAttestationResponse.m -o /Users/siam/Library/Developer/Xcode/DerivedData/Lingua_Quest-gvpckrqxtbgyprbgppjfqmimmmfw/Build/Intermediates.noindex/AppCheck.build/Debug-iphonesimulator/AppCheckCore.build/Objects-normal/x86_64/GACAppAttestAttestationResponse.o -index-unit-output-path /AppCheck.build/Debug-iphonesimulator/AppCheckCore.build/Objects-normal/x86_64/GACAppAttestAttestationResponse.o

ScanDependencies /Users/siam/Library/Developer/Xcode/DerivedData/Lingua_Quest-gvpckrqxtbgyprbgppjfqmimmmfw/Build/Intermediates.noindex/AppCheck.build/Debug-iphonesimulator/AppCheckCore.build/Objects-normal/x86_64/GACAppAttestArtifactStorage.o /Users/siam/Library/Developer/Xcode/DerivedData/Lingua_Quest-gvpckrqxtbgyprbgppjfqmimmmfw/SourcePackages/checkouts/app-check/AppCheckCore/Sources/AppAttestProvider/Storage/GACAppAttestArtifactStorage.m normal x86_64 objective-c com.apple.compilers.llvm.clang.1_0.compiler (in target 'AppCheckCore' from project 'AppCheck')
    cd /Users/siam/Desktop/Lingua\ Quest/Lingua\ Quest.xcodeproj
    
    Using response file: /Users/siam/Library/Developer/Xcode/DerivedData/Lingua_Quest-gvpckrqxtbgyprbgppjfqmimmmfw/Build/Intermediates.noindex/AppCheck.build/Debug-iphonesimulator/AppCheckCore.build/Objects-normal/x86_64/e6072d4f65d7061329687fe24e3d63a7-common-args.resp
    
    builtin-ScanDependencies -o /Users/siam/Library/Developer/Xcode/DerivedData/Lingua_Quest-gvpckrqxtbgyprbgppjfqmimmmfw/Build/Intermediates.noindex/AppCheck.build/Debug-iphonesimulator/AppCheckCore.build/Objects-normal/x86_64/GACAppAttestArtifactStorage.o.scan -- /Applications/Xcode.app/Contents/Developer/Toolchains/XcodeDefault.xctoolchain/usr/bin/clang -x objective-c -ivfsstatcache /Users/siam/Library/Developer/Xcode/DerivedData/SDKStatCaches.noindex/iphonesimulator26.0-23A339-26257891a6c027eb51374368541b8346.sdkstatcache -fmessage-length\=0 -fdiagnostics-show-note-include-stack -fmacro-backtrace-limit\=0 -fno-color-diagnostics -fmodules-prune-interval\=86400 -fmodules-prune-after\=345600 -fbuild-session-file\=/Users/siam/Library/Developer/Xcode/DerivedData/ModuleCache.noindex/Session.modulevalidation -fmodules-validate-once-per-build-session -Wnon-modular-include-in-framework-module -Werror\=non-modular-include-in-framework-module -Wno-trigraphs -Wno-missing-field-initializers -Wno-missing-prototypes -Wno-return-type -Wno-implicit-atomic-properties -Wno-objc-interface-ivars -Wno-arc-repeated-use-of-weak -Wno-missing-braces -Wparentheses -Wswitch -Wno-unused-function -Wno-unused-label -Wno-unused-parameter -Wno-unused-variable -Wunused-value -Wno-empty-body -Wno-uninitialized -Wno-unknown-pragmas -w -Wno-shadow -Wno-four-char-constants -Wno-conversion -Wno-constant-conversion -Wno-int-conversion -Wno-bool-conversion -Wno-enum-conversion -Wno-float-conversion -Wno-non-literal-null-conversion -Wno-objc-literal-conversion -Wshorten-64-to-32 -Wpointer-sign -Wno-newline-eof -Wno-selector -Wno-strict-selector-match -Wno-undeclared-selector -Wno-deprecated-implementations -Wno-implicit-fallthrough -fstrict-aliasing -Wprotocol -Wdeprecated-declarations -Wno-sign-conversion -Wno-infinite-recursion -Wno-comma -Wno-block-capture-autoreleasing -Wno-strict-prototypes -Wno-semicolon-before-method-body -index-store-path /Users/siam/Library/Developer/Xcode/DerivedData/Lingua_Quest-gvpckrqxtbgyprbgppjfqmimmmfw/Index.noindex/DataStore @/Users/siam/Library/Developer/Xcode/DerivedData/Lingua_Quest-gvpckrqxtbgyprbgppjfqmimmmfw/Build/Intermediates.noindex/AppCheck.build/Debug-iphonesimulator/AppCheckCore.build/Objects-normal/x86_64/e6072d4f65d7061329687fe24e3d63a7-common-args.resp -MMD -MT dependencies -MF /Users/siam/Library/Developer/Xcode/DerivedData/Lingua_Quest-gvpckrqxtbgyprbgppjfqmimmmfw/Build/Intermediates.noindex/AppCheck.build/Debug-iphonesimulator/AppCheckCore.build/Objects-normal/x86_64/GACAppAttestArtifactStorage.d --serialize-diagnostics /Users/siam/Library/Developer/Xcode/DerivedData/Lingua_Quest-gvpckrqxtbgyprbgppjfqmimmmfw/Build/Intermediates.noindex/AppCheck.build/Debug-iphonesimulator/AppCheckCore.build/Objects-normal/x86_64/GACAppAttestArtifactStorage.dia -c /Users/siam/Library/Developer/Xcode/DerivedData/Lingua_Quest-gvpckrqxtbgyprbgppjfqmimmmfw/SourcePackages/checkouts/app-check/AppCheckCore/Sources/AppAttestProvider/Storage/GACAppAttestArtifactStorage.m -o /Users/siam/Library/Developer/Xcode/DerivedData/Lingua_Quest-gvpckrqxtbgyprbgppjfqmimmmfw/Build/Intermediates.noindex/AppCheck.build/Debug-iphonesimulator/AppCheckCore.build/Objects-normal/x86_64/GACAppAttestArtifactStorage.o -index-unit-output-path /AppCheck.build/Debug-iphonesimulator/AppCheckCore.build/Objects-normal/x86_64/GACAppAttestArtifactStorage.o

ScanDependencies /Users/siam/Library/Developer/Xcode/DerivedData/Lingua_Quest-gvpckrqxtbgyprbgppjfqmimmmfw/Build/Intermediates.noindex/AppCheck.build/Debug-iphonesimulator/AppCheckCore.build/Objects-normal/x86_64/GACAppAttestAPIService.o /Users/siam/Library/Developer/Xcode/DerivedData/Lingua_Quest-gvpckrqxtbgyprbgppjfqmimmmfw/SourcePackages/checkouts/app-check/AppCheckCore/Sources/AppAttestProvider/API/GACAppAttestAPIService.m normal x86_64 objective-c com.apple.compilers.llvm.clang.1_0.compiler (in target 'AppCheckCore' from project 'AppCheck')
    cd /Users/siam/Desktop/Lingua\ Quest/Lingua\ Quest.xcodeproj
    
    Using response file: /Users/siam/Library/Developer/Xcode/DerivedData/Lingua_Quest-gvpckrqxtbgyprbgppjfqmimmmfw/Build/Intermediates.noindex/AppCheck.build/Debug-iphonesimulator/AppCheckCore.build/Objects-normal/x86_64/e6072d4f65d7061329687fe24e3d63a7-common-args.resp
    
    builtin-ScanDependencies -o /Users/siam/Library/Developer/Xcode/DerivedData/Lingua_Quest-gvpckrqxtbgyprbgppjfqmimmmfw/Build/Intermediates.noindex/AppCheck.build/Debug-iphonesimulator/AppCheckCore.build/Objects-normal/x86_64/GACAppAttestAPIService.o.scan -- /Applications/Xcode.app/Contents/Developer/Toolchains/XcodeDefault.xctoolchain/usr/bin/clang -x objective-c -ivfsstatcache /Users/siam/Library/Developer/Xcode/DerivedData/SDKStatCaches.noindex/iphonesimulator26.0-23A339-26257891a6c027eb51374368541b8346.sdkstatcache -fmessage-length\=0 -fdiagnostics-show-note-include-stack -fmacro-backtrace-limit\=0 -fno-color-diagnostics -fmodules-prune-interval\=86400 -fmodules-prune-after\=345600 -fbuild-session-file\=/Users/siam/Library/Developer/Xcode/DerivedData/ModuleCache.noindex/Session.modulevalidation -fmodules-validate-once-per-build-session -Wnon-modular-include-in-framework-module -Werror\=non-modular-include-in-framework-module -Wno-trigraphs -Wno-missing-field-initializers -Wno-missing-prototypes -Wno-return-type -Wno-implicit-atomic-properties -Wno-objc-interface-ivars -Wno-arc-repeated-use-of-weak -Wno-missing-braces -Wparentheses -Wswitch -Wno-unused-function -Wno-unused-label -Wno-unused-parameter -Wno-unused-variable -Wunused-value -Wno-empty-body -Wno-uninitialized -Wno-unknown-pragmas -w -Wno-shadow -Wno-four-char-constants -Wno-conversion -Wno-constant-conversion -Wno-int-conversion -Wno-bool-conversion -Wno-enum-conversion -Wno-float-conversion -Wno-non-literal-null-conversion -Wno-objc-literal-conversion -Wshorten-64-to-32 -Wpointer-sign -Wno-newline-eof -Wno-selector -Wno-strict-selector-match -Wno-undeclared-selector -Wno-deprecated-implementations -Wno-implicit-fallthrough -fstrict-aliasing -Wprotocol -Wdeprecated-declarations -Wno-sign-conversion -Wno-infinite-recursion -Wno-comma -Wno-block-capture-autoreleasing -Wno-strict-prototypes -Wno-semicolon-before-method-body -index-store-path /Users/siam/Library/Developer/Xcode/DerivedData/Lingua_Quest-gvpckrqxtbgyprbgppjfqmimmmfw/Index.noindex/DataStore @/Users/siam/Library/Developer/Xcode/DerivedData/Lingua_Quest-gvpckrqxtbgyprbgppjfqmimmmfw/Build/Intermediates.noindex/AppCheck.build/Debug-iphonesimulator/AppCheckCore.build/Objects-normal/x86_64/e6072d4f65d7061329687fe24e3d63a7-common-args.resp -MMD -MT dependencies -MF /Users/siam/Library/Developer/Xcode/DerivedData/Lingua_Quest-gvpckrqxtbgyprbgppjfqmimmmfw/Build/Intermediates.noindex/AppCheck.build/Debug-iphonesimulator/AppCheckCore.build/Objects-normal/x86_64/GACAppAttestAPIService.d --serialize-diagnostics /Users/siam/Library/Developer/Xcode/DerivedData/Lingua_Quest-gvpckrqxtbgyprbgppjfqmimmmfw/Build/Intermediates.noindex/AppCheck.build/Debug-iphonesimulator/AppCheckCore.build/Objects-normal/x86_64/GACAppAttestAPIService.dia -c /Users/siam/Library/Developer/Xcode/DerivedData/Lingua_Quest-gvpckrqxtbgyprbgppjfqmimmmfw/SourcePackages/checkouts/app-check/AppCheckCore/Sources/AppAttestProvider/API/GACAppAttestAPIService.m -o /Users/siam/Library/Developer/Xcode/DerivedData/Lingua_Quest-gvpckrqxtbgyprbgppjfqmimmmfw/Build/Intermediates.noindex/AppCheck.build/Debug-iphonesimulator/AppCheckCore.build/Objects-normal/x86_64/GACAppAttestAPIService.o -index-unit-output-path /AppCheck.build/Debug-iphonesimulator/AppCheckCore.build/Objects-normal/x86_64/GACAppAttestAPIService.o

CompileC /Users/siam/Library/Developer/Xcode/DerivedData/Lingua_Quest-gvpckrqxtbgyprbgppjfqmimmmfw/Build/Intermediates.noindex/AppCheck.build/Debug-iphonesimulator/AppCheckCore.build/Objects-normal/x86_64/GACAppCheckDebugProvider.o /Users/siam/Library/Developer/Xcode/DerivedData/Lingua_Quest-gvpckrqxtbgyprbgppjfqmimmmfw/SourcePackages/checkouts/app-check/AppCheckCore/Sources/DebugProvider/GACAppCheckDebugProvider.m normal x86_64 objective-c com.apple.compilers.llvm.clang.1_0.compiler (in target 'AppCheckCore' from project 'AppCheck')
    cd /Users/siam/Desktop/Lingua\ Quest/Lingua\ Quest.xcodeproj
    
    Using response file: /Users/siam/Library/Developer/Xcode/DerivedData/Lingua_Quest-gvpckrqxtbgyprbgppjfqmimmmfw/Build/Intermediates.noindex/AppCheck.build/Debug-iphonesimulator/AppCheckCore.build/Objects-normal/x86_64/e6072d4f65d7061329687fe24e3d63a7-common-args.resp
    
    /Applications/Xcode.app/Contents/Developer/Toolchains/XcodeDefault.xctoolchain/usr/bin/clang -x objective-c -ivfsstatcache /Users/siam/Library/Developer/Xcode/DerivedData/SDKStatCaches.noindex/iphonesimulator26.0-23A339-26257891a6c027eb51374368541b8346.sdkstatcache -fmessage-length\=0 -fdiagnostics-show-note-include-stack -fmacro-backtrace-limit\=0 -fno-color-diagnostics -fmodules-prune-interval\=86400 -fmodules-prune-after\=345600 -fbuild-session-file\=/Users/siam/Library/Developer/Xcode/DerivedData/ModuleCache.noindex/Session.modulevalidation -fmodules-validate-once-per-build-session -Wnon-modular-include-in-framework-module -Werror\=non-modular-include-in-framework-module -Wno-trigraphs -Wno-missing-field-initializers -Wno-missing-prototypes -Wno-return-type -Wno-implicit-atomic-properties -Wno-objc-interface-ivars -Wno-arc-repeated-use-of-weak -Wno-missing-braces -Wparentheses -Wswitch -Wno-unused-function -Wno-unused-label -Wno-unused-parameter -Wno-unused-variable -Wunused-value -Wno-empty-body -Wno-uninitialized -Wno-unknown-pragmas -w -Wno-shadow -Wno-four-char-constants -Wno-conversion -Wno-constant-conversion -Wno-int-conversion -Wno-bool-conversion -Wno-enum-conversion -Wno-float-conversion -Wno-non-literal-null-conversion -Wno-objc-literal-conversion -Wshorten-64-to-32 -Wpointer-sign -Wno-newline-eof -Wno-selector -Wno-strict-selector-match -Wno-undeclared-selector -Wno-deprecated-implementations -Wno-implicit-fallthrough -fstrict-aliasing -Wprotocol -Wdeprecated-declarations -Wno-sign-conversion -Wno-infinite-recursion -Wno-comma -Wno-block-capture-autoreleasing -Wno-strict-prototypes -Wno-semicolon-before-method-body -index-store-path /Users/siam/Library/Developer/Xcode/DerivedData/Lingua_Quest-gvpckrqxtbgyprbgppjfqmimmmfw/Index.noindex/DataStore @/Users/siam/Library/Developer/Xcode/DerivedData/Lingua_Quest-gvpckrqxtbgyprbgppjfqmimmmfw/Build/Intermediates.noindex/AppCheck.build/Debug-iphonesimulator/AppCheckCore.build/Objects-normal/x86_64/e6072d4f65d7061329687fe24e3d63a7-common-args.resp -MMD -MT dependencies -MF /Users/siam/Library/Developer/Xcode/DerivedData/Lingua_Quest-gvpckrqxtbgyprbgppjfqmimmmfw/Build/Intermediates.noindex/AppCheck.build/Debug-iphonesimulator/AppCheckCore.build/Objects-normal/x86_64/GACAppCheckDebugProvider.d --serialize-diagnostics /Users/siam/Library/Developer/Xcode/DerivedData/Lingua_Quest-gvpckrqxtbgyprbgppjfqmimmmfw/Build/Intermediates.noindex/AppCheck.build/Debug-iphonesimulator/AppCheckCore.build/Objects-normal/x86_64/GACAppCheckDebugProvider.dia -c /Users/siam/Library/Developer/Xcode/DerivedData/Lingua_Quest-gvpckrqxtbgyprbgppjfqmimmmfw/SourcePackages/checkouts/app-check/AppCheckCore/Sources/DebugProvider/GACAppCheckDebugProvider.m -o /Users/siam/Library/Developer/Xcode/DerivedData/Lingua_Quest-gvpckrqxtbgyprbgppjfqmimmmfw/Build/Intermediates.noindex/AppCheck.build/Debug-iphonesimulator/AppCheckCore.build/Objects-normal/x86_64/GACAppCheckDebugProvider.o -index-unit-output-path /AppCheck.build/Debug-iphonesimulator/AppCheckCore.build/Objects-normal/x86_64/GACAppCheckDebugProvider.o

CompileC /Users/siam/Library/Developer/Xcode/DerivedData/Lingua_Quest-gvpckrqxtbgyprbgppjfqmimmmfw/Build/Intermediates.noindex/AppCheck.build/Debug-iphonesimulator/AppCheckCore.build/Objects-normal/x86_64/GACAppAttestProviderState.o /Users/siam/Library/Developer/Xcode/DerivedData/Lingua_Quest-gvpckrqxtbgyprbgppjfqmimmmfw/SourcePackages/checkouts/app-check/AppCheckCore/Sources/AppAttestProvider/GACAppAttestProviderState.m normal x86_64 objective-c com.apple.compilers.llvm.clang.1_0.compiler (in target 'AppCheckCore' from project 'AppCheck')
    cd /Users/siam/Desktop/Lingua\ Quest/Lingua\ Quest.xcodeproj
    
    Using response file: /Users/siam/Library/Developer/Xcode/DerivedData/Lingua_Quest-gvpckrqxtbgyprbgppjfqmimmmfw/Build/Intermediates.noindex/AppCheck.build/Debug-iphonesimulator/AppCheckCore.build/Objects-normal/x86_64/e6072d4f65d7061329687fe24e3d63a7-common-args.resp
    
    /Applications/Xcode.app/Contents/Developer/Toolchains/XcodeDefault.xctoolchain/usr/bin/clang -x objective-c -ivfsstatcache /Users/siam/Library/Developer/Xcode/DerivedData/SDKStatCaches.noindex/iphonesimulator26.0-23A339-26257891a6c027eb51374368541b8346.sdkstatcache -fmessage-length\=0 -fdiagnostics-show-note-include-stack -fmacro-backtrace-limit\=0 -fno-color-diagnostics -fmodules-prune-interval\=86400 -fmodules-prune-after\=345600 -fbuild-session-file\=/Users/siam/Library/Developer/Xcode/DerivedData/ModuleCache.noindex/Session.modulevalidation -fmodules-validate-once-per-build-session -Wnon-modular-include-in-framework-module -Werror\=non-modular-include-in-framework-module -Wno-trigraphs -Wno-missing-field-initializers -Wno-missing-prototypes -Wno-return-type -Wno-implicit-atomic-properties -Wno-objc-interface-ivars -Wno-arc-repeated-use-of-weak -Wno-missing-braces -Wparentheses -Wswitch -Wno-unused-function -Wno-unused-label -Wno-unused-parameter -Wno-unused-variable -Wunused-value -Wno-empty-body -Wno-uninitialized -Wno-unknown-pragmas -w -Wno-shadow -Wno-four-char-constants -Wno-conversion -Wno-constant-conversion -Wno-int-conversion -Wno-bool-conversion -Wno-enum-conversion -Wno-float-conversion -Wno-non-literal-null-conversion -Wno-objc-literal-conversion -Wshorten-64-to-32 -Wpointer-sign -Wno-newline-eof -Wno-selector -Wno-strict-selector-match -Wno-undeclared-selector -Wno-deprecated-implementations -Wno-implicit-fallthrough -fstrict-aliasing -Wprotocol -Wdeprecated-declarations -Wno-sign-conversion -Wno-infinite-recursion -Wno-comma -Wno-block-capture-autoreleasing -Wno-strict-prototypes -Wno-semicolon-before-method-body -index-store-path /Users/siam/Library/Developer/Xcode/DerivedData/Lingua_Quest-gvpckrqxtbgyprbgppjfqmimmmfw/Index.noindex/DataStore @/Users/siam/Library/Developer/Xcode/DerivedData/Lingua_Quest-gvpckrqxtbgyprbgppjfqmimmmfw/Build/Intermediates.noindex/AppCheck.build/Debug-iphonesimulator/AppCheckCore.build/Objects-normal/x86_64/e6072d4f65d7061329687fe24e3d63a7-common-args.resp -MMD -MT dependencies -MF /Users/siam/Library/Developer/Xcode/DerivedData/Lingua_Quest-gvpckrqxtbgyprbgppjfqmimmmfw/Build/Intermediates.noindex/AppCheck.build/Debug-iphonesimulator/AppCheckCore.build/Objects-normal/x86_64/GACAppAttestProviderState.d --serialize-diagnostics /Users/siam/Library/Developer/Xcode/DerivedData/Lingua_Quest-gvpckrqxtbgyprbgppjfqmimmmfw/Build/Intermediates.noindex/AppCheck.build/Debug-iphonesimulator/AppCheckCore.build/Objects-normal/x86_64/GACAppAttestProviderState.dia -c /Users/siam/Library/Developer/Xcode/DerivedData/Lingua_Quest-gvpckrqxtbgyprbgppjfqmimmmfw/SourcePackages/checkouts/app-check/AppCheckCore/Sources/AppAttestProvider/GACAppAttestProviderState.m -o /Users/siam/Library/Developer/Xcode/DerivedData/Lingua_Quest-gvpckrqxtbgyprbgppjfqmimmmfw/Build/Intermediates.noindex/AppCheck.build/Debug-iphonesimulator/AppCheckCore.build/Objects-normal/x86_64/GACAppAttestProviderState.o -index-unit-output-path /AppCheck.build/Debug-iphonesimulator/AppCheckCore.build/Objects-normal/x86_64/GACAppAttestProviderState.o

CompileC /Users/siam/Library/Developer/Xcode/DerivedData/Lingua_Quest-gvpckrqxtbgyprbgppjfqmimmmfw/Build/Intermediates.noindex/AppCheck.build/Debug-iphonesimulator/AppCheckCore.build/Objects-normal/x86_64/GACAppAttestKeyIDStorage.o /Users/siam/Library/Developer/Xcode/DerivedData/Lingua_Quest-gvpckrqxtbgyprbgppjfqmimmmfw/SourcePackages/checkouts/app-check/AppCheckCore/Sources/AppAttestProvider/Storage/GACAppAttestKeyIDStorage.m normal x86_64 objective-c com.apple.compilers.llvm.clang.1_0.compiler (in target 'AppCheckCore' from project 'AppCheck')
    cd /Users/siam/Desktop/Lingua\ Quest/Lingua\ Quest.xcodeproj
    
    Using response file: /Users/siam/Library/Developer/Xcode/DerivedData/Lingua_Quest-gvpckrqxtbgyprbgppjfqmimmmfw/Build/Intermediates.noindex/AppCheck.build/Debug-iphonesimulator/AppCheckCore.build/Objects-normal/x86_64/e6072d4f65d7061329687fe24e3d63a7-common-args.resp
    
    /Applications/Xcode.app/Contents/Developer/Toolchains/XcodeDefault.xctoolchain/usr/bin/clang -x objective-c -ivfsstatcache /Users/siam/Library/Developer/Xcode/DerivedData/SDKStatCaches.noindex/iphonesimulator26.0-23A339-26257891a6c027eb51374368541b8346.sdkstatcache -fmessage-length\=0 -fdiagnostics-show-note-include-stack -fmacro-backtrace-limit\=0 -fno-color-diagnostics -fmodules-prune-interval\=86400 -fmodules-prune-after\=345600 -fbuild-session-file\=/Users/siam/Library/Developer/Xcode/DerivedData/ModuleCache.noindex/Session.modulevalidation -fmodules-validate-once-per-build-session -Wnon-modular-include-in-framework-module -Werror\=non-modular-include-in-framework-module -Wno-trigraphs -Wno-missing-field-initializers -Wno-missing-prototypes -Wno-return-type -Wno-implicit-atomic-properties -Wno-objc-interface-ivars -Wno-arc-repeated-use-of-weak -Wno-missing-braces -Wparentheses -Wswitch -Wno-unused-function -Wno-unused-label -Wno-unused-parameter -Wno-unused-variable -Wunused-value -Wno-empty-body -Wno-uninitialized -Wno-unknown-pragmas -w -Wno-shadow -Wno-four-char-constants -Wno-conversion -Wno-constant-conversion -Wno-int-conversion -Wno-bool-conversion -Wno-enum-conversion -Wno-float-conversion -Wno-non-literal-null-conversion -Wno-objc-literal-conversion -Wshorten-64-to-32 -Wpointer-sign -Wno-newline-eof -Wno-selector -Wno-strict-selector-match -Wno-undeclared-selector -Wno-deprecated-implementations -Wno-implicit-fallthrough -fstrict-aliasing -Wprotocol -Wdeprecated-declarations -Wno-sign-conversion -Wno-infinite-recursion -Wno-comma -Wno-block-capture-autoreleasing -Wno-strict-prototypes -Wno-semicolon-before-method-body -index-store-path /Users/siam/Library/Developer/Xcode/DerivedData/Lingua_Quest-gvpckrqxtbgyprbgppjfqmimmmfw/Index.noindex/DataStore @/Users/siam/Library/Developer/Xcode/DerivedData/Lingua_Quest-gvpckrqxtbgyprbgppjfqmimmmfw/Build/Intermediates.noindex/AppCheck.build/Debug-iphonesimulator/AppCheckCore.build/Objects-normal/x86_64/e6072d4f65d7061329687fe24e3d63a7-common-args.resp -MMD -MT dependencies -MF /Users/siam/Library/Developer/Xcode/DerivedData/Lingua_Quest-gvpckrqxtbgyprbgppjfqmimmmfw/Build/Intermediates.noindex/AppCheck.build/Debug-iphonesimulator/AppCheckCore.build/Objects-normal/x86_64/GACAppAttestKeyIDStorage.d --serialize-diagnostics /Users/siam/Library/Developer/Xcode/DerivedData/Lingua_Quest-gvpckrqxtbgyprbgppjfqmimmmfw/Build/Intermediates.noindex/AppCheck.build/Debug-iphonesimulator/AppCheckCore.build/Objects-normal/x86_64/GACAppAttestKeyIDStorage.dia -c /Users/siam/Library/Developer/Xcode/DerivedData/Lingua_Quest-gvpckrqxtbgyprbgppjfqmimmmfw/SourcePackages/checkouts/app-check/AppCheckCore/Sources/AppAttestProvider/Storage/GACAppAttestKeyIDStorage.m -o /Users/siam/Library/Developer/Xcode/DerivedData/Lingua_Quest-gvpckrqxtbgyprbgppjfqmimmmfw/Build/Intermediates.noindex/AppCheck.build/Debug-iphonesimulator/AppCheckCore.build/Objects-normal/x86_64/GACAppAttestKeyIDStorage.o -index-unit-output-path /AppCheck.build/Debug-iphonesimulator/AppCheckCore.build/Objects-normal/x86_64/GACAppAttestKeyIDStorage.o

CompileC /Users/siam/Library/Developer/Xcode/DerivedData/Lingua_Quest-gvpckrqxtbgyprbgppjfqmimmmfw/Build/Intermediates.noindex/AppCheck.build/Debug-iphonesimulator/AppCheckCore.build/Objects-normal/x86_64/GACAppAttestProvider.o /Users/siam/Library/Developer/Xcode/DerivedData/Lingua_Quest-gvpckrqxtbgyprbgppjfqmimmmfw/SourcePackages/checkouts/app-check/AppCheckCore/Sources/AppAttestProvider/GACAppAttestProvider.m normal x86_64 objective-c com.apple.compilers.llvm.clang.1_0.compiler (in target 'AppCheckCore' from project 'AppCheck')
    cd /Users/siam/Desktop/Lingua\ Quest/Lingua\ Quest.xcodeproj
    
    Using response file: /Users/siam/Library/Developer/Xcode/DerivedData/Lingua_Quest-gvpckrqxtbgyprbgppjfqmimmmfw/Build/Intermediates.noindex/AppCheck.build/Debug-iphonesimulator/AppCheckCore.build/Objects-normal/x86_64/e6072d4f65d7061329687fe24e3d63a7-common-args.resp
    
    /Applications/Xcode.app/Contents/Developer/Toolchains/XcodeDefault.xctoolchain/usr/bin/clang -x objective-c -ivfsstatcache /Users/siam/Library/Developer/Xcode/DerivedData/SDKStatCaches.noindex/iphonesimulator26.0-23A339-26257891a6c027eb51374368541b8346.sdkstatcache -fmessage-length\=0 -fdiagnostics-show-note-include-stack -fmacro-backtrace-limit\=0 -fno-color-diagnostics -fmodules-prune-interval\=86400 -fmodules-prune-after\=345600 -fbuild-session-file\=/Users/siam/Library/Developer/Xcode/DerivedData/ModuleCache.noindex/Session.modulevalidation -fmodules-validate-once-per-build-session -Wnon-modular-include-in-framework-module -Werror\=non-modular-include-in-framework-module -Wno-trigraphs -Wno-missing-field-initializers -Wno-missing-prototypes -Wno-return-type -Wno-implicit-atomic-properties -Wno-objc-interface-ivars -Wno-arc-repeated-use-of-weak -Wno-missing-braces -Wparentheses -Wswitch -Wno-unused-function -Wno-unused-label -Wno-unused-parameter -Wno-unused-variable -Wunused-value -Wno-empty-body -Wno-uninitialized -Wno-unknown-pragmas -w -Wno-shadow -Wno-four-char-constants -Wno-conversion -Wno-constant-conversion -Wno-int-conversion -Wno-bool-conversion -Wno-enum-conversion -Wno-float-conversion -Wno-non-literal-null-conversion -Wno-objc-literal-conversion -Wshorten-64-to-32 -Wpointer-sign -Wno-newline-eof -Wno-selector -Wno-strict-selector-match -Wno-undeclared-selector -Wno-deprecated-implementations -Wno-implicit-fallthrough -fstrict-aliasing -Wprotocol -Wdeprecated-declarations -Wno-sign-conversion -Wno-infinite-recursion -Wno-comma -Wno-block-capture-autoreleasing -Wno-strict-prototypes -Wno-semicolon-before-method-body -index-store-path /Users/siam/Library/Developer/Xcode/DerivedData/Lingua_Quest-gvpckrqxtbgyprbgppjfqmimmmfw/Index.noindex/DataStore @/Users/siam/Library/Developer/Xcode/DerivedData/Lingua_Quest-gvpckrqxtbgyprbgppjfqmimmmfw/Build/Intermediates.noindex/AppCheck.build/Debug-iphonesimulator/AppCheckCore.build/Objects-normal/x86_64/e6072d4f65d7061329687fe24e3d63a7-common-args.resp -MMD -MT dependencies -MF /Users/siam/Library/Developer/Xcode/DerivedData/Lingua_Quest-gvpckrqxtbgyprbgppjfqmimmmfw/Build/Intermediates.noindex/AppCheck.build/Debug-iphonesimulator/AppCheckCore.build/Objects-normal/x86_64/GACAppAttestProvider.d --serialize-diagnostics /Users/siam/Library/Developer/Xcode/DerivedData/Lingua_Quest-gvpckrqxtbgyprbgppjfqmimmmfw/Build/Intermediates.noindex/AppCheck.build/Debug-iphonesimulator/AppCheckCore.build/Objects-normal/x86_64/GACAppAttestProvider.dia -c /Users/siam/Library/Developer/Xcode/DerivedData/Lingua_Quest-gvpckrqxtbgyprbgppjfqmimmmfw/SourcePackages/checkouts/app-check/AppCheckCore/Sources/AppAttestProvider/GACAppAttestProvider.m -o /Users/siam/Library/Developer/Xcode/DerivedData/Lingua_Quest-gvpckrqxtbgyprbgppjfqmimmmfw/Build/Intermediates.noindex/AppCheck.build/Debug-iphonesimulator/AppCheckCore.build/Objects-normal/x86_64/GACAppAttestProvider.o -index-unit-output-path /AppCheck.build/Debug-iphonesimulator/AppCheckCore.build/Objects-normal/x86_64/GACAppAttestProvider.o

CompileC /Users/siam/Library/Developer/Xcode/DerivedData/Lingua_Quest-gvpckrqxtbgyprbgppjfqmimmmfw/Build/Intermediates.noindex/AppCheck.build/Debug-iphonesimulator/AppCheckCore.build/Objects-normal/x86_64/GACAppAttestAttestationResponse.o /Users/siam/Library/Developer/Xcode/DerivedData/Lingua_Quest-gvpckrqxtbgyprbgppjfqmimmmfw/SourcePackages/checkouts/app-check/AppCheckCore/Sources/AppAttestProvider/API/GACAppAttestAttestationResponse.m normal x86_64 objective-c com.apple.compilers.llvm.clang.1_0.compiler (in target 'AppCheckCore' from project 'AppCheck')
    cd /Users/siam/Desktop/Lingua\ Quest/Lingua\ Quest.xcodeproj
    
    Using response file: /Users/siam/Library/Developer/Xcode/DerivedData/Lingua_Quest-gvpckrqxtbgyprbgppjfqmimmmfw/Build/Intermediates.noindex/AppCheck.build/Debug-iphonesimulator/AppCheckCore.build/Objects-normal/x86_64/e6072d4f65d7061329687fe24e3d63a7-common-args.resp
    
    /Applications/Xcode.app/Contents/Developer/Toolchains/XcodeDefault.xctoolchain/usr/bin/clang -x objective-c -ivfsstatcache /Users/siam/Library/Developer/Xcode/DerivedData/SDKStatCaches.noindex/iphonesimulator26.0-23A339-26257891a6c027eb51374368541b8346.sdkstatcache -fmessage-length\=0 -fdiagnostics-show-note-include-stack -fmacro-backtrace-limit\=0 -fno-color-diagnostics -fmodules-prune-interval\=86400 -fmodules-prune-after\=345600 -fbuild-session-file\=/Users/siam/Library/Developer/Xcode/DerivedData/ModuleCache.noindex/Session.modulevalidation -fmodules-validate-once-per-build-session -Wnon-modular-include-in-framework-module -Werror\=non-modular-include-in-framework-module -Wno-trigraphs -Wno-missing-field-initializers -Wno-missing-prototypes -Wno-return-type -Wno-implicit-atomic-properties -Wno-objc-interface-ivars -Wno-arc-repeated-use-of-weak -Wno-missing-braces -Wparentheses -Wswitch -Wno-unused-function -Wno-unused-label -Wno-unused-parameter -Wno-unused-variable -Wunused-value -Wno-empty-body -Wno-uninitialized -Wno-unknown-pragmas -w -Wno-shadow -Wno-four-char-constants -Wno-conversion -Wno-constant-conversion -Wno-int-conversion -Wno-bool-conversion -Wno-enum-conversion -Wno-float-conversion -Wno-non-literal-null-conversion -Wno-objc-literal-conversion -Wshorten-64-to-32 -Wpointer-sign -Wno-newline-eof -Wno-selector -Wno-strict-selector-match -Wno-undeclared-selector -Wno-deprecated-implementations -Wno-implicit-fallthrough -fstrict-aliasing -Wprotocol -Wdeprecated-declarations -Wno-sign-conversion -Wno-infinite-recursion -Wno-comma -Wno-block-capture-autoreleasing -Wno-strict-prototypes -Wno-semicolon-before-method-body -index-store-path /Users/siam/Library/Developer/Xcode/DerivedData/Lingua_Quest-gvpckrqxtbgyprbgppjfqmimmmfw/Index.noindex/DataStore @/Users/siam/Library/Developer/Xcode/DerivedData/Lingua_Quest-gvpckrqxtbgyprbgppjfqmimmmfw/Build/Intermediates.noindex/AppCheck.build/Debug-iphonesimulator/AppCheckCore.build/Objects-normal/x86_64/e6072d4f65d7061329687fe24e3d63a7-common-args.resp -MMD -MT dependencies -MF /Users/siam/Library/Developer/Xcode/DerivedData/Lingua_Quest-gvpckrqxtbgyprbgppjfqmimmmfw/Build/Intermediates.noindex/AppCheck.build/Debug-iphonesimulator/AppCheckCore.build/Objects-normal/x86_64/GACAppAttestAttestationResponse.d --serialize-diagnostics /Users/siam/Library/Developer/Xcode/DerivedData/Lingua_Quest-gvpckrqxtbgyprbgppjfqmimmmfw/Build/Intermediates.noindex/AppCheck.build/Debug-iphonesimulator/AppCheckCore.build/Objects-normal/x86_64/GACAppAttestAttestationResponse.dia -c /Users/siam/Library/Developer/Xcode/DerivedData/Lingua_Quest-gvpckrqxtbgyprbgppjfqmimmmfw/SourcePackages/checkouts/app-check/AppCheckCore/Sources/AppAttestProvider/API/GACAppAttestAttestationResponse.m -o /Users/siam/Library/Developer/Xcode/DerivedData/Lingua_Quest-gvpckrqxtbgyprbgppjfqmimmmfw/Build/Intermediates.noindex/AppCheck.build/Debug-iphonesimulator/AppCheckCore.build/Objects-normal/x86_64/GACAppAttestAttestationResponse.o -index-unit-output-path /AppCheck.build/Debug-iphonesimulator/AppCheckCore.build/Objects-normal/x86_64/GACAppAttestAttestationResponse.o

CompileC /Users/siam/Library/Developer/Xcode/DerivedData/Lingua_Quest-gvpckrqxtbgyprbgppjfqmimmmfw/Build/Intermediates.noindex/AppCheck.build/Debug-iphonesimulator/AppCheckCore.build/Objects-normal/x86_64/GACAppAttestArtifactStorage.o /Users/siam/Library/Developer/Xcode/DerivedData/Lingua_Quest-gvpckrqxtbgyprbgppjfqmimmmfw/SourcePackages/checkouts/app-check/AppCheckCore/Sources/AppAttestProvider/Storage/GACAppAttestArtifactStorage.m normal x86_64 objective-c com.apple.compilers.llvm.clang.1_0.compiler (in target 'AppCheckCore' from project 'AppCheck')
    cd /Users/siam/Desktop/Lingua\ Quest/Lingua\ Quest.xcodeproj
    
    Using response file: /Users/siam/Library/Developer/Xcode/DerivedData/Lingua_Quest-gvpckrqxtbgyprbgppjfqmimmmfw/Build/Intermediates.noindex/AppCheck.build/Debug-iphonesimulator/AppCheckCore.build/Objects-normal/x86_64/e6072d4f65d7061329687fe24e3d63a7-common-args.resp
    
    /Applications/Xcode.app/Contents/Developer/Toolchains/XcodeDefault.xctoolchain/usr/bin/clang -x objective-c -ivfsstatcache /Users/siam/Library/Developer/Xcode/DerivedData/SDKStatCaches.noindex/iphonesimulator26.0-23A339-26257891a6c027eb51374368541b8346.sdkstatcache -fmessage-length\=0 -fdiagnostics-show-note-include-stack -fmacro-backtrace-limit\=0 -fno-color-diagnostics -fmodules-prune-interval\=86400 -fmodules-prune-after\=345600 -fbuild-session-file\=/Users/siam/Library/Developer/Xcode/DerivedData/ModuleCache.noindex/Session.modulevalidation -fmodules-validate-once-per-build-session -Wnon-modular-include-in-framework-module -Werror\=non-modular-include-in-framework-module -Wno-trigraphs -Wno-missing-field-initializers -Wno-missing-prototypes -Wno-return-type -Wno-implicit-atomic-properties -Wno-objc-interface-ivars -Wno-arc-repeated-use-of-weak -Wno-missing-braces -Wparentheses -Wswitch -Wno-unused-function -Wno-unused-label -Wno-unused-parameter -Wno-unused-variable -Wunused-value -Wno-empty-body -Wno-uninitialized -Wno-unknown-pragmas -w -Wno-shadow -Wno-four-char-constants -Wno-conversion -Wno-constant-conversion -Wno-int-conversion -Wno-bool-conversion -Wno-enum-conversion -Wno-float-conversion -Wno-non-literal-null-conversion -Wno-objc-literal-conversion -Wshorten-64-to-32 -Wpointer-sign -Wno-newline-eof -Wno-selector -Wno-strict-selector-match -Wno-undeclared-selector -Wno-deprecated-implementations -Wno-implicit-fallthrough -fstrict-aliasing -Wprotocol -Wdeprecated-declarations -Wno-sign-conversion -Wno-infinite-recursion -Wno-comma -Wno-block-capture-autoreleasing -Wno-strict-prototypes -Wno-semicolon-before-method-body -index-store-path /Users/siam/Library/Developer/Xcode/DerivedData/Lingua_Quest-gvpckrqxtbgyprbgppjfqmimmmfw/Index.noindex/DataStore @/Users/siam/Library/Developer/Xcode/DerivedData/Lingua_Quest-gvpckrqxtbgyprbgppjfqmimmmfw/Build/Intermediates.noindex/AppCheck.build/Debug-iphonesimulator/AppCheckCore.build/Objects-normal/x86_64/e6072d4f65d7061329687fe24e3d63a7-common-args.resp -MMD -MT dependencies -MF /Users/siam/Library/Developer/Xcode/DerivedData/Lingua_Quest-gvpckrqxtbgyprbgppjfqmimmmfw/Build/Intermediates.noindex/AppCheck.build/Debug-iphonesimulator/AppCheckCore.build/Objects-normal/x86_64/GACAppAttestArtifactStorage.d --serialize-diagnostics /Users/siam/Library/Developer/Xcode/DerivedData/Lingua_Quest-gvpckrqxtbgyprbgppjfqmimmmfw/Build/Intermediates.noindex/AppCheck.build/Debug-iphonesimulator/AppCheckCore.build/Objects-normal/x86_64/GACAppAttestArtifactStorage.dia -c /Users/siam/Library/Developer/Xcode/DerivedData/Lingua_Quest-gvpckrqxtbgyprbgppjfqmimmmfw/SourcePackages/checkouts/app-check/AppCheckCore/Sources/AppAttestProvider/Storage/GACAppAttestArtifactStorage.m -o /Users/siam/Library/Developer/Xcode/DerivedData/Lingua_Quest-gvpckrqxtbgyprbgppjfqmimmmfw/Build/Intermediates.noindex/AppCheck.build/Debug-iphonesimulator/AppCheckCore.build/Objects-normal/x86_64/GACAppAttestArtifactStorage.o -index-unit-output-path /AppCheck.build/Debug-iphonesimulator/AppCheckCore.build/Objects-normal/x86_64/GACAppAttestArtifactStorage.o

ScanDependencies /Users/siam/Library/Developer/Xcode/DerivedData/Lingua_Quest-gvpckrqxtbgyprbgppjfqmimmmfw/Build/Intermediates.noindex/AppCheck.build/Debug-iphonesimulator/AppCheckCore.build/Objects-normal/x86_64/DCDevice+GACDeviceCheckTokenGenerator.o /Users/siam/Library/Developer/Xcode/DerivedData/Lingua_Quest-gvpckrqxtbgyprbgppjfqmimmmfw/SourcePackages/checkouts/app-check/AppCheckCore/Sources/DeviceCheckProvider/DCDevice+GACDeviceCheckTokenGenerator.m normal x86_64 objective-c com.apple.compilers.llvm.clang.1_0.compiler (in target 'AppCheckCore' from project 'AppCheck')
    cd /Users/siam/Desktop/Lingua\ Quest/Lingua\ Quest.xcodeproj
    
    Using response file: /Users/siam/Library/Developer/Xcode/DerivedData/Lingua_Quest-gvpckrqxtbgyprbgppjfqmimmmfw/Build/Intermediates.noindex/AppCheck.build/Debug-iphonesimulator/AppCheckCore.build/Objects-normal/x86_64/e6072d4f65d7061329687fe24e3d63a7-common-args.resp
    
    builtin-ScanDependencies -o /Users/siam/Library/Developer/Xcode/DerivedData/Lingua_Quest-gvpckrqxtbgyprbgppjfqmimmmfw/Build/Intermediates.noindex/AppCheck.build/Debug-iphonesimulator/AppCheckCore.build/Objects-normal/x86_64/DCDevice+GACDeviceCheckTokenGenerator.o.scan -- /Applications/Xcode.app/Contents/Developer/Toolchains/XcodeDefault.xctoolchain/usr/bin/clang -x objective-c -ivfsstatcache /Users/siam/Library/Developer/Xcode/DerivedData/SDKStatCaches.noindex/iphonesimulator26.0-23A339-26257891a6c027eb51374368541b8346.sdkstatcache -fmessage-length\=0 -fdiagnostics-show-note-include-stack -fmacro-backtrace-limit\=0 -fno-color-diagnostics -fmodules-prune-interval\=86400 -fmodules-prune-after\=345600 -fbuild-session-file\=/Users/siam/Library/Developer/Xcode/DerivedData/ModuleCache.noindex/Session.modulevalidation -fmodules-validate-once-per-build-session -Wnon-modular-include-in-framework-module -Werror\=non-modular-include-in-framework-module -Wno-trigraphs -Wno-missing-field-initializers -Wno-missing-prototypes -Wno-return-type -Wno-implicit-atomic-properties -Wno-objc-interface-ivars -Wno-arc-repeated-use-of-weak -Wno-missing-braces -Wparentheses -Wswitch -Wno-unused-function -Wno-unused-label -Wno-unused-parameter -Wno-unused-variable -Wunused-value -Wno-empty-body -Wno-uninitialized -Wno-unknown-pragmas -w -Wno-shadow -Wno-four-char-constants -Wno-conversion -Wno-constant-conversion -Wno-int-conversion -Wno-bool-conversion -Wno-enum-conversion -Wno-float-conversion -Wno-non-literal-null-conversion -Wno-objc-literal-conversion -Wshorten-64-to-32 -Wpointer-sign -Wno-newline-eof -Wno-selector -Wno-strict-selector-match -Wno-undeclared-selector -Wno-deprecated-implementations -Wno-implicit-fallthrough -fstrict-aliasing -Wprotocol -Wdeprecated-declarations -Wno-sign-conversion -Wno-infinite-recursion -Wno-comma -Wno-block-capture-autoreleasing -Wno-strict-prototypes -Wno-semicolon-before-method-body -index-store-path /Users/siam/Library/Developer/Xcode/DerivedData/Lingua_Quest-gvpckrqxtbgyprbgppjfqmimmmfw/Index.noindex/DataStore @/Users/siam/Library/Developer/Xcode/DerivedData/Lingua_Quest-gvpckrqxtbgyprbgppjfqmimmmfw/Build/Intermediates.noindex/AppCheck.build/Debug-iphonesimulator/AppCheckCore.build/Objects-normal/x86_64/e6072d4f65d7061329687fe24e3d63a7-common-args.resp -MMD -MT dependencies -MF /Users/siam/Library/Developer/Xcode/DerivedData/Lingua_Quest-gvpckrqxtbgyprbgppjfqmimmmfw/Build/Intermediates.noindex/AppCheck.build/Debug-iphonesimulator/AppCheckCore.build/Objects-normal/x86_64/DCDevice+GACDeviceCheckTokenGenerator.d --serialize-diagnostics /Users/siam/Library/Developer/Xcode/DerivedData/Lingua_Quest-gvpckrqxtbgyprbgppjfqmimmmfw/Build/Intermediates.noindex/AppCheck.build/Debug-iphonesimulator/AppCheckCore.build/Objects-normal/x86_64/DCDevice+GACDeviceCheckTokenGenerator.dia -c /Users/siam/Library/Developer/Xcode/DerivedData/Lingua_Quest-gvpckrqxtbgyprbgppjfqmimmmfw/SourcePackages/checkouts/app-check/AppCheckCore/Sources/DeviceCheckProvider/DCDevice+GACDeviceCheckTokenGenerator.m -o /Users/siam/Library/Developer/Xcode/DerivedData/Lingua_Quest-gvpckrqxtbgyprbgppjfqmimmmfw/Build/Intermediates.noindex/AppCheck.build/Debug-iphonesimulator/AppCheckCore.build/Objects-normal/x86_64/DCDevice+GACDeviceCheckTokenGenerator.o -index-unit-output-path /AppCheck.build/Debug-iphonesimulator/AppCheckCore.build/Objects-normal/x86_64/DCDevice+GACDeviceCheckTokenGenerator.o

CompileC /Users/siam/Library/Developer/Xcode/DerivedData/Lingua_Quest-gvpckrqxtbgyprbgppjfqmimmmfw/Build/Intermediates.noindex/AppCheck.build/Debug-iphonesimulator/AppCheckCore.build/Objects-normal/x86_64/GACAppAttestAPIService.o /Users/siam/Library/Developer/Xcode/DerivedData/Lingua_Quest-gvpckrqxtbgyprbgppjfqmimmmfw/SourcePackages/checkouts/app-check/AppCheckCore/Sources/AppAttestProvider/API/GACAppAttestAPIService.m normal x86_64 objective-c com.apple.compilers.llvm.clang.1_0.compiler (in target 'AppCheckCore' from project 'AppCheck')
    cd /Users/siam/Desktop/Lingua\ Quest/Lingua\ Quest.xcodeproj
    
    Using response file: /Users/siam/Library/Developer/Xcode/DerivedData/Lingua_Quest-gvpckrqxtbgyprbgppjfqmimmmfw/Build/Intermediates.noindex/AppCheck.build/Debug-iphonesimulator/AppCheckCore.build/Objects-normal/x86_64/e6072d4f65d7061329687fe24e3d63a7-common-args.resp
    
    /Applications/Xcode.app/Contents/Developer/Toolchains/XcodeDefault.xctoolchain/usr/bin/clang -x objective-c -ivfsstatcache /Users/siam/Library/Developer/Xcode/DerivedData/SDKStatCaches.noindex/iphonesimulator26.0-23A339-26257891a6c027eb51374368541b8346.sdkstatcache -fmessage-length\=0 -fdiagnostics-show-note-include-stack -fmacro-backtrace-limit\=0 -fno-color-diagnostics -fmodules-prune-interval\=86400 -fmodules-prune-after\=345600 -fbuild-session-file\=/Users/siam/Library/Developer/Xcode/DerivedData/ModuleCache.noindex/Session.modulevalidation -fmodules-validate-once-per-build-session -Wnon-modular-include-in-framework-module -Werror\=non-modular-include-in-framework-module -Wno-trigraphs -Wno-missing-field-initializers -Wno-missing-prototypes -Wno-return-type -Wno-implicit-atomic-properties -Wno-objc-interface-ivars -Wno-arc-repeated-use-of-weak -Wno-missing-braces -Wparentheses -Wswitch -Wno-unused-function -Wno-unused-label -Wno-unused-parameter -Wno-unused-variable -Wunused-value -Wno-empty-body -Wno-uninitialized -Wno-unknown-pragmas -w -Wno-shadow -Wno-four-char-constants -Wno-conversion -Wno-constant-conversion -Wno-int-conversion -Wno-bool-conversion -Wno-enum-conversion -Wno-float-conversion -Wno-non-literal-null-conversion -Wno-objc-literal-conversion -Wshorten-64-to-32 -Wpointer-sign -Wno-newline-eof -Wno-selector -Wno-strict-selector-match -Wno-undeclared-selector -Wno-deprecated-implementations -Wno-implicit-fallthrough -fstrict-aliasing -Wprotocol -Wdeprecated-declarations -Wno-sign-conversion -Wno-infinite-recursion -Wno-comma -Wno-block-capture-autoreleasing -Wno-strict-prototypes -Wno-semicolon-before-method-body -index-store-path /Users/siam/Library/Developer/Xcode/DerivedData/Lingua_Quest-gvpckrqxtbgyprbgppjfqmimmmfw/Index.noindex/DataStore @/Users/siam/Library/Developer/Xcode/DerivedData/Lingua_Quest-gvpckrqxtbgyprbgppjfqmimmmfw/Build/Intermediates.noindex/AppCheck.build/Debug-iphonesimulator/AppCheckCore.build/Objects-normal/x86_64/e6072d4f65d7061329687fe24e3d63a7-common-args.resp -MMD -MT dependencies -MF /Users/siam/Library/Developer/Xcode/DerivedData/Lingua_Quest-gvpckrqxtbgyprbgppjfqmimmmfw/Build/Intermediates.noindex/AppCheck.build/Debug-iphonesimulator/AppCheckCore.build/Objects-normal/x86_64/GACAppAttestAPIService.d --serialize-diagnostics /Users/siam/Library/Developer/Xcode/DerivedData/Lingua_Quest-gvpckrqxtbgyprbgppjfqmimmmfw/Build/Intermediates.noindex/AppCheck.build/Debug-iphonesimulator/AppCheckCore.build/Objects-normal/x86_64/GACAppAttestAPIService.dia -c /Users/siam/Library/Developer/Xcode/DerivedData/Lingua_Quest-gvpckrqxtbgyprbgppjfqmimmmfw/SourcePackages/checkouts/app-check/AppCheckCore/Sources/AppAttestProvider/API/GACAppAttestAPIService.m -o /Users/siam/Library/Developer/Xcode/DerivedData/Lingua_Quest-gvpckrqxtbgyprbgppjfqmimmmfw/Build/Intermediates.noindex/AppCheck.build/Debug-iphonesimulator/AppCheckCore.build/Objects-normal/x86_64/GACAppAttestAPIService.o -index-unit-output-path /AppCheck.build/Debug-iphonesimulator/AppCheckCore.build/Objects-normal/x86_64/GACAppAttestAPIService.o

ScanDependencies /Users/siam/Library/Developer/Xcode/DerivedData/Lingua_Quest-gvpckrqxtbgyprbgppjfqmimmmfw/Build/Intermediates.noindex/AppCheck.build/Debug-iphonesimulator/AppCheckCore.build/Objects-normal/x86_64/DCAppAttestService+GACAppAttestService.o /Users/siam/Library/Developer/Xcode/DerivedData/Lingua_Quest-gvpckrqxtbgyprbgppjfqmimmmfw/SourcePackages/checkouts/app-check/AppCheckCore/Sources/AppAttestProvider/DCAppAttestService+GACAppAttestService.m normal x86_64 objective-c com.apple.compilers.llvm.clang.1_0.compiler (in target 'AppCheckCore' from project 'AppCheck')
    cd /Users/siam/Desktop/Lingua\ Quest/Lingua\ Quest.xcodeproj
    
    Using response file: /Users/siam/Library/Developer/Xcode/DerivedData/Lingua_Quest-gvpckrqxtbgyprbgppjfqmimmmfw/Build/Intermediates.noindex/AppCheck.build/Debug-iphonesimulator/AppCheckCore.build/Objects-normal/x86_64/e6072d4f65d7061329687fe24e3d63a7-common-args.resp
    
    builtin-ScanDependencies -o /Users/siam/Library/Developer/Xcode/DerivedData/Lingua_Quest-gvpckrqxtbgyprbgppjfqmimmmfw/Build/Intermediates.noindex/AppCheck.build/Debug-iphonesimulator/AppCheckCore.build/Objects-normal/x86_64/DCAppAttestService+GACAppAttestService.o.scan -- /Applications/Xcode.app/Contents/Developer/Toolchains/XcodeDefault.xctoolchain/usr/bin/clang -x objective-c -ivfsstatcache /Users/siam/Library/Developer/Xcode/DerivedData/SDKStatCaches.noindex/iphonesimulator26.0-23A339-26257891a6c027eb51374368541b8346.sdkstatcache -fmessage-length\=0 -fdiagnostics-show-note-include-stack -fmacro-backtrace-limit\=0 -fno-color-diagnostics -fmodules-prune-interval\=86400 -fmodules-prune-after\=345600 -fbuild-session-file\=/Users/siam/Library/Developer/Xcode/DerivedData/ModuleCache.noindex/Session.modulevalidation -fmodules-validate-once-per-build-session -Wnon-modular-include-in-framework-module -Werror\=non-modular-include-in-framework-module -Wno-trigraphs -Wno-missing-field-initializers -Wno-missing-prototypes -Wno-return-type -Wno-implicit-atomic-properties -Wno-objc-interface-ivars -Wno-arc-repeated-use-of-weak -Wno-missing-braces -Wparentheses -Wswitch -Wno-unused-function -Wno-unused-label -Wno-unused-parameter -Wno-unused-variable -Wunused-value -Wno-empty-body -Wno-uninitialized -Wno-unknown-pragmas -w -Wno-shadow -Wno-four-char-constants -Wno-conversion -Wno-constant-conversion -Wno-int-conversion -Wno-bool-conversion -Wno-enum-conversion -Wno-float-conversion -Wno-non-literal-null-conversion -Wno-objc-literal-conversion -Wshorten-64-to-32 -Wpointer-sign -Wno-newline-eof -Wno-selector -Wno-strict-selector-match -Wno-undeclared-selector -Wno-deprecated-implementations -Wno-implicit-fallthrough -fstrict-aliasing -Wprotocol -Wdeprecated-declarations -Wno-sign-conversion -Wno-infinite-recursion -Wno-comma -Wno-block-capture-autoreleasing -Wno-strict-prototypes -Wno-semicolon-before-method-body -index-store-path /Users/siam/Library/Developer/Xcode/DerivedData/Lingua_Quest-gvpckrqxtbgyprbgppjfqmimmmfw/Index.noindex/DataStore @/Users/siam/Library/Developer/Xcode/DerivedData/Lingua_Quest-gvpckrqxtbgyprbgppjfqmimmmfw/Build/Intermediates.noindex/AppCheck.build/Debug-iphonesimulator/AppCheckCore.build/Objects-normal/x86_64/e6072d4f65d7061329687fe24e3d63a7-common-args.resp -MMD -MT dependencies -MF /Users/siam/Library/Developer/Xcode/DerivedData/Lingua_Quest-gvpckrqxtbgyprbgppjfqmimmmfw/Build/Intermediates.noindex/AppCheck.build/Debug-iphonesimulator/AppCheckCore.build/Objects-normal/x86_64/DCAppAttestService+GACAppAttestService.d --serialize-diagnostics /Users/siam/Library/Developer/Xcode/DerivedData/Lingua_Quest-gvpckrqxtbgyprbgppjfqmimmmfw/Build/Intermediates.noindex/AppCheck.build/Debug-iphonesimulator/AppCheckCore.build/Objects-normal/x86_64/DCAppAttestService+GACAppAttestService.dia -c /Users/siam/Library/Developer/Xcode/DerivedData/Lingua_Quest-gvpckrqxtbgyprbgppjfqmimmmfw/SourcePackages/checkouts/app-check/AppCheckCore/Sources/AppAttestProvider/DCAppAttestService+GACAppAttestService.m -o /Users/siam/Library/Developer/Xcode/DerivedData/Lingua_Quest-gvpckrqxtbgyprbgppjfqmimmmfw/Build/Intermediates.noindex/AppCheck.build/Debug-iphonesimulator/AppCheckCore.build/Objects-normal/x86_64/DCAppAttestService+GACAppAttestService.o -index-unit-output-path /AppCheck.build/Debug-iphonesimulator/AppCheckCore.build/Objects-normal/x86_64/DCAppAttestService+GACAppAttestService.o

ScanDependencies /Users/siam/Library/Developer/Xcode/DerivedData/Lingua_Quest-gvpckrqxtbgyprbgppjfqmimmmfw/Build/Intermediates.noindex/AppCheck.build/Debug-iphonesimulator/AppCheckCore.build/Objects-normal/arm64/NSURLSession+GACPromises.o /Users/siam/Library/Developer/Xcode/DerivedData/Lingua_Quest-gvpckrqxtbgyprbgppjfqmimmmfw/SourcePackages/checkouts/app-check/AppCheckCore/Sources/Core/APIService/NSURLSession+GACPromises.m normal arm64 objective-c com.apple.compilers.llvm.clang.1_0.compiler (in target 'AppCheckCore' from project 'AppCheck')
    cd /Users/siam/Desktop/Lingua\ Quest/Lingua\ Quest.xcodeproj
    
    Using response file: /Users/siam/Library/Developer/Xcode/DerivedData/Lingua_Quest-gvpckrqxtbgyprbgppjfqmimmmfw/Build/Intermediates.noindex/AppCheck.build/Debug-iphonesimulator/AppCheckCore.build/Objects-normal/arm64/e6072d4f65d7061329687fe24e3d63a7-common-args.resp
    
    builtin-ScanDependencies -o /Users/siam/Library/Developer/Xcode/DerivedData/Lingua_Quest-gvpckrqxtbgyprbgppjfqmimmmfw/Build/Intermediates.noindex/AppCheck.build/Debug-iphonesimulator/AppCheckCore.build/Objects-normal/arm64/NSURLSession+GACPromises.o.scan -- /Applications/Xcode.app/Contents/Developer/Toolchains/XcodeDefault.xctoolchain/usr/bin/clang -x objective-c -ivfsstatcache /Users/siam/Library/Developer/Xcode/DerivedData/SDKStatCaches.noindex/iphonesimulator26.0-23A339-26257891a6c027eb51374368541b8346.sdkstatcache -fmessage-length\=0 -fdiagnostics-show-note-include-stack -fmacro-backtrace-limit\=0 -fno-color-diagnostics -fmodules-prune-interval\=86400 -fmodules-prune-after\=345600 -fbuild-session-file\=/Users/siam/Library/Developer/Xcode/DerivedData/ModuleCache.noindex/Session.modulevalidation -fmodules-validate-once-per-build-session -Wnon-modular-include-in-framework-module -Werror\=non-modular-include-in-framework-module -Wno-trigraphs -Wno-missing-field-initializers -Wno-missing-prototypes -Wno-return-type -Wno-implicit-atomic-properties -Wno-objc-interface-ivars -Wno-arc-repeated-use-of-weak -Wno-missing-braces -Wparentheses -Wswitch -Wno-unused-function -Wno-unused-label -Wno-unused-parameter -Wno-unused-variable -Wunused-value -Wno-empty-body -Wno-uninitialized -Wno-unknown-pragmas -w -Wno-shadow -Wno-four-char-constants -Wno-conversion -Wno-constant-conversion -Wno-int-conversion -Wno-bool-conversion -Wno-enum-conversion -Wno-float-conversion -Wno-non-literal-null-conversion -Wno-objc-literal-conversion -Wshorten-64-to-32 -Wpointer-sign -Wno-newline-eof -Wno-selector -Wno-strict-selector-match -Wno-undeclared-selector -Wno-deprecated-implementations -Wno-implicit-fallthrough -fstrict-aliasing -Wprotocol -Wdeprecated-declarations -Wno-sign-conversion -Wno-infinite-recursion -Wno-comma -Wno-block-capture-autoreleasing -Wno-strict-prototypes -Wno-semicolon-before-method-body -index-store-path /Users/siam/Library/Developer/Xcode/DerivedData/Lingua_Quest-gvpckrqxtbgyprbgppjfqmimmmfw/Index.noindex/DataStore @/Users/siam/Library/Developer/Xcode/DerivedData/Lingua_Quest-gvpckrqxtbgyprbgppjfqmimmmfw/Build/Intermediates.noindex/AppCheck.build/Debug-iphonesimulator/AppCheckCore.build/Objects-normal/arm64/e6072d4f65d7061329687fe24e3d63a7-common-args.resp -MMD -MT dependencies -MF /Users/siam/Library/Developer/Xcode/DerivedData/Lingua_Quest-gvpckrqxtbgyprbgppjfqmimmmfw/Build/Intermediates.noindex/AppCheck.build/Debug-iphonesimulator/AppCheckCore.build/Objects-normal/arm64/NSURLSession+GACPromises.d --serialize-diagnostics /Users/siam/Library/Developer/Xcode/DerivedData/Lingua_Quest-gvpckrqxtbgyprbgppjfqmimmmfw/Build/Intermediates.noindex/AppCheck.build/Debug-iphonesimulator/AppCheckCore.build/Objects-normal/arm64/NSURLSession+GACPromises.dia -c /Users/siam/Library/Developer/Xcode/DerivedData/Lingua_Quest-gvpckrqxtbgyprbgppjfqmimmmfw/SourcePackages/checkouts/app-check/AppCheckCore/Sources/Core/APIService/NSURLSession+GACPromises.m -o /Users/siam/Library/Developer/Xcode/DerivedData/Lingua_Quest-gvpckrqxtbgyprbgppjfqmimmmfw/Build/Intermediates.noindex/AppCheck.build/Debug-iphonesimulator/AppCheckCore.build/Objects-normal/arm64/NSURLSession+GACPromises.o -index-unit-output-path /AppCheck.build/Debug-iphonesimulator/AppCheckCore.build/Objects-normal/arm64/NSURLSession+GACPromises.o

ScanDependencies /Users/siam/Library/Developer/Xcode/DerivedData/Lingua_Quest-gvpckrqxtbgyprbgppjfqmimmmfw/Build/Intermediates.noindex/AppCheck.build/Debug-iphonesimulator/AppCheckCore.build/Objects-normal/arm64/GACURLSessionDataResponse.o /Users/siam/Library/Developer/Xcode/DerivedData/Lingua_Quest-gvpckrqxtbgyprbgppjfqmimmmfw/SourcePackages/checkouts/app-check/AppCheckCore/Sources/Core/APIService/GACURLSessionDataResponse.m normal arm64 objective-c com.apple.compilers.llvm.clang.1_0.compiler (in target 'AppCheckCore' from project 'AppCheck')
    cd /Users/siam/Desktop/Lingua\ Quest/Lingua\ Quest.xcodeproj
    
    Using response file: /Users/siam/Library/Developer/Xcode/DerivedData/Lingua_Quest-gvpckrqxtbgyprbgppjfqmimmmfw/Build/Intermediates.noindex/AppCheck.build/Debug-iphonesimulator/AppCheckCore.build/Objects-normal/arm64/e6072d4f65d7061329687fe24e3d63a7-common-args.resp
    
    builtin-ScanDependencies -o /Users/siam/Library/Developer/Xcode/DerivedData/Lingua_Quest-gvpckrqxtbgyprbgppjfqmimmmfw/Build/Intermediates.noindex/AppCheck.build/Debug-iphonesimulator/AppCheckCore.build/Objects-normal/arm64/GACURLSessionDataResponse.o.scan -- /Applications/Xcode.app/Contents/Developer/Toolchains/XcodeDefault.xctoolchain/usr/bin/clang -x objective-c -ivfsstatcache /Users/siam/Library/Developer/Xcode/DerivedData/SDKStatCaches.noindex/iphonesimulator26.0-23A339-26257891a6c027eb51374368541b8346.sdkstatcache -fmessage-length\=0 -fdiagnostics-show-note-include-stack -fmacro-backtrace-limit\=0 -fno-color-diagnostics -fmodules-prune-interval\=86400 -fmodules-prune-after\=345600 -fbuild-session-file\=/Users/siam/Library/Developer/Xcode/DerivedData/ModuleCache.noindex/Session.modulevalidation -fmodules-validate-once-per-build-session -Wnon-modular-include-in-framework-module -Werror\=non-modular-include-in-framework-module -Wno-trigraphs -Wno-missing-field-initializers -Wno-missing-prototypes -Wno-return-type -Wno-implicit-atomic-properties -Wno-objc-interface-ivars -Wno-arc-repeated-use-of-weak -Wno-missing-braces -Wparentheses -Wswitch -Wno-unused-function -Wno-unused-label -Wno-unused-parameter -Wno-unused-variable -Wunused-value -Wno-empty-body -Wno-uninitialized -Wno-unknown-pragmas -w -Wno-shadow -Wno-four-char-constants -Wno-conversion -Wno-constant-conversion -Wno-int-conversion -Wno-bool-conversion -Wno-enum-conversion -Wno-float-conversion -Wno-non-literal-null-conversion -Wno-objc-literal-conversion -Wshorten-64-to-32 -Wpointer-sign -Wno-newline-eof -Wno-selector -Wno-strict-selector-match -Wno-undeclared-selector -Wno-deprecated-implementations -Wno-implicit-fallthrough -fstrict-aliasing -Wprotocol -Wdeprecated-declarations -Wno-sign-conversion -Wno-infinite-recursion -Wno-comma -Wno-block-capture-autoreleasing -Wno-strict-prototypes -Wno-semicolon-before-method-body -index-store-path /Users/siam/Library/Developer/Xcode/DerivedData/Lingua_Quest-gvpckrqxtbgyprbgppjfqmimmmfw/Index.noindex/DataStore @/Users/siam/Library/Developer/Xcode/DerivedData/Lingua_Quest-gvpckrqxtbgyprbgppjfqmimmmfw/Build/Intermediates.noindex/AppCheck.build/Debug-iphonesimulator/AppCheckCore.build/Objects-normal/arm64/e6072d4f65d7061329687fe24e3d63a7-common-args.resp -MMD -MT dependencies -MF /Users/siam/Library/Developer/Xcode/DerivedData/Lingua_Quest-gvpckrqxtbgyprbgppjfqmimmmfw/Build/Intermediates.noindex/AppCheck.build/Debug-iphonesimulator/AppCheckCore.build/Objects-normal/arm64/GACURLSessionDataResponse.d --serialize-diagnostics /Users/siam/Library/Developer/Xcode/DerivedData/Lingua_Quest-gvpckrqxtbgyprbgppjfqmimmmfw/Build/Intermediates.noindex/AppCheck.build/Debug-iphonesimulator/AppCheckCore.build/Objects-normal/arm64/GACURLSessionDataResponse.dia -c /Users/siam/Library/Developer/Xcode/DerivedData/Lingua_Quest-gvpckrqxtbgyprbgppjfqmimmmfw/SourcePackages/checkouts/app-check/AppCheckCore/Sources/Core/APIService/GACURLSessionDataResponse.m -o /Users/siam/Library/Developer/Xcode/DerivedData/Lingua_Quest-gvpckrqxtbgyprbgppjfqmimmmfw/Build/Intermediates.noindex/AppCheck.build/Debug-iphonesimulator/AppCheckCore.build/Objects-normal/arm64/GACURLSessionDataResponse.o -index-unit-output-path /AppCheck.build/Debug-iphonesimulator/AppCheckCore.build/Objects-normal/arm64/GACURLSessionDataResponse.o

ScanDependencies /Users/siam/Library/Developer/Xcode/DerivedData/Lingua_Quest-gvpckrqxtbgyprbgppjfqmimmmfw/Build/Intermediates.noindex/AppCheck.build/Debug-iphonesimulator/AppCheckCore.build/Objects-normal/arm64/GACDeviceCheckProvider.o /Users/siam/Library/Developer/Xcode/DerivedData/Lingua_Quest-gvpckrqxtbgyprbgppjfqmimmmfw/SourcePackages/checkouts/app-check/AppCheckCore/Sources/DeviceCheckProvider/GACDeviceCheckProvider.m normal arm64 objective-c com.apple.compilers.llvm.clang.1_0.compiler (in target 'AppCheckCore' from project 'AppCheck')
    cd /Users/siam/Desktop/Lingua\ Quest/Lingua\ Quest.xcodeproj
    
    Using response file: /Users/siam/Library/Developer/Xcode/DerivedData/Lingua_Quest-gvpckrqxtbgyprbgppjfqmimmmfw/Build/Intermediates.noindex/AppCheck.build/Debug-iphonesimulator/AppCheckCore.build/Objects-normal/arm64/e6072d4f65d7061329687fe24e3d63a7-common-args.resp
    
    builtin-ScanDependencies -o /Users/siam/Library/Developer/Xcode/DerivedData/Lingua_Quest-gvpckrqxtbgyprbgppjfqmimmmfw/Build/Intermediates.noindex/AppCheck.build/Debug-iphonesimulator/AppCheckCore.build/Objects-normal/arm64/GACDeviceCheckProvider.o.scan -- /Applications/Xcode.app/Contents/Developer/Toolchains/XcodeDefault.xctoolchain/usr/bin/clang -x objective-c -ivfsstatcache /Users/siam/Library/Developer/Xcode/DerivedData/SDKStatCaches.noindex/iphonesimulator26.0-23A339-26257891a6c027eb51374368541b8346.sdkstatcache -fmessage-length\=0 -fdiagnostics-show-note-include-stack -fmacro-backtrace-limit\=0 -fno-color-diagnostics -fmodules-prune-interval\=86400 -fmodules-prune-after\=345600 -fbuild-session-file\=/Users/siam/Library/Developer/Xcode/DerivedData/ModuleCache.noindex/Session.modulevalidation -fmodules-validate-once-per-build-session -Wnon-modular-include-in-framework-module -Werror\=non-modular-include-in-framework-module -Wno-trigraphs -Wno-missing-field-initializers -Wno-missing-prototypes -Wno-return-type -Wno-implicit-atomic-properties -Wno-objc-interface-ivars -Wno-arc-repeated-use-of-weak -Wno-missing-braces -Wparentheses -Wswitch -Wno-unused-function -Wno-unused-label -Wno-unused-parameter -Wno-unused-variable -Wunused-value -Wno-empty-body -Wno-uninitialized -Wno-unknown-pragmas -w -Wno-shadow -Wno-four-char-constants -Wno-conversion -Wno-constant-conversion -Wno-int-conversion -Wno-bool-conversion -Wno-enum-conversion -Wno-float-conversion -Wno-non-literal-null-conversion -Wno-objc-literal-conversion -Wshorten-64-to-32 -Wpointer-sign -Wno-newline-eof -Wno-selector -Wno-strict-selector-match -Wno-undeclared-selector -Wno-deprecated-implementations -Wno-implicit-fallthrough -fstrict-aliasing -Wprotocol -Wdeprecated-declarations -Wno-sign-conversion -Wno-infinite-recursion -Wno-comma -Wno-block-capture-autoreleasing -Wno-strict-prototypes -Wno-semicolon-before-method-body -index-store-path /Users/siam/Library/Developer/Xcode/DerivedData/Lingua_Quest-gvpckrqxtbgyprbgppjfqmimmmfw/Index.noindex/DataStore @/Users/siam/Library/Developer/Xcode/DerivedData/Lingua_Quest-gvpckrqxtbgyprbgppjfqmimmmfw/Build/Intermediates.noindex/AppCheck.build/Debug-iphonesimulator/AppCheckCore.build/Objects-normal/arm64/e6072d4f65d7061329687fe24e3d63a7-common-args.resp -MMD -MT dependencies -MF /Users/siam/Library/Developer/Xcode/DerivedData/Lingua_Quest-gvpckrqxtbgyprbgppjfqmimmmfw/Build/Intermediates.noindex/AppCheck.build/Debug-iphonesimulator/AppCheckCore.build/Objects-normal/arm64/GACDeviceCheckProvider.d --serialize-diagnostics /Users/siam/Library/Developer/Xcode/DerivedData/Lingua_Quest-gvpckrqxtbgyprbgppjfqmimmmfw/Build/Intermediates.noindex/AppCheck.build/Debug-iphonesimulator/AppCheckCore.build/Objects-normal/arm64/GACDeviceCheckProvider.dia -c /Users/siam/Library/Developer/Xcode/DerivedData/Lingua_Quest-gvpckrqxtbgyprbgppjfqmimmmfw/SourcePackages/checkouts/app-check/AppCheckCore/Sources/DeviceCheckProvider/GACDeviceCheckProvider.m -o /Users/siam/Library/Developer/Xcode/DerivedData/Lingua_Quest-gvpckrqxtbgyprbgppjfqmimmmfw/Build/Intermediates.noindex/AppCheck.build/Debug-iphonesimulator/AppCheckCore.build/Objects-normal/arm64/GACDeviceCheckProvider.o -index-unit-output-path /AppCheck.build/Debug-iphonesimulator/AppCheckCore.build/Objects-normal/arm64/GACDeviceCheckProvider.o

ScanDependencies /Users/siam/Library/Developer/Xcode/DerivedData/Lingua_Quest-gvpckrqxtbgyprbgppjfqmimmmfw/Build/Intermediates.noindex/AppCheck.build/Debug-iphonesimulator/AppCheckCore.build/Objects-normal/arm64/GACDeviceCheckAPIService.o /Users/siam/Library/Developer/Xcode/DerivedData/Lingua_Quest-gvpckrqxtbgyprbgppjfqmimmmfw/SourcePackages/checkouts/app-check/AppCheckCore/Sources/DeviceCheckProvider/API/GACDeviceCheckAPIService.m normal arm64 objective-c com.apple.compilers.llvm.clang.1_0.compiler (in target 'AppCheckCore' from project 'AppCheck')
    cd /Users/siam/Desktop/Lingua\ Quest/Lingua\ Quest.xcodeproj
    
    Using response file: /Users/siam/Library/Developer/Xcode/DerivedData/Lingua_Quest-gvpckrqxtbgyprbgppjfqmimmmfw/Build/Intermediates.noindex/AppCheck.build/Debug-iphonesimulator/AppCheckCore.build/Objects-normal/arm64/e6072d4f65d7061329687fe24e3d63a7-common-args.resp
    
    builtin-ScanDependencies -o /Users/siam/Library/Developer/Xcode/DerivedData/Lingua_Quest-gvpckrqxtbgyprbgppjfqmimmmfw/Build/Intermediates.noindex/AppCheck.build/Debug-iphonesimulator/AppCheckCore.build/Objects-normal/arm64/GACDeviceCheckAPIService.o.scan -- /Applications/Xcode.app/Contents/Developer/Toolchains/XcodeDefault.xctoolchain/usr/bin/clang -x objective-c -ivfsstatcache /Users/siam/Library/Developer/Xcode/DerivedData/SDKStatCaches.noindex/iphonesimulator26.0-23A339-26257891a6c027eb51374368541b8346.sdkstatcache -fmessage-length\=0 -fdiagnostics-show-note-include-stack -fmacro-backtrace-limit\=0 -fno-color-diagnostics -fmodules-prune-interval\=86400 -fmodules-prune-after\=345600 -fbuild-session-file\=/Users/siam/Library/Developer/Xcode/DerivedData/ModuleCache.noindex/Session.modulevalidation -fmodules-validate-once-per-build-session -Wnon-modular-include-in-framework-module -Werror\=non-modular-include-in-framework-module -Wno-trigraphs -Wno-missing-field-initializers -Wno-missing-prototypes -Wno-return-type -Wno-implicit-atomic-properties -Wno-objc-interface-ivars -Wno-arc-repeated-use-of-weak -Wno-missing-braces -Wparentheses -Wswitch -Wno-unused-function -Wno-unused-label -Wno-unused-parameter -Wno-unused-variable -Wunused-value -Wno-empty-body -Wno-uninitialized -Wno-unknown-pragmas -w -Wno-shadow -Wno-four-char-constants -Wno-conversion -Wno-constant-conversion -Wno-int-conversion -Wno-bool-conversion -Wno-enum-conversion -Wno-float-conversion -Wno-non-literal-null-conversion -Wno-objc-literal-conversion -Wshorten-64-to-32 -Wpointer-sign -Wno-newline-eof -Wno-selector -Wno-strict-selector-match -Wno-undeclared-selector -Wno-deprecated-implementations -Wno-implicit-fallthrough -fstrict-aliasing -Wprotocol -Wdeprecated-declarations -Wno-sign-conversion -Wno-infinite-recursion -Wno-comma -Wno-block-capture-autoreleasing -Wno-strict-prototypes -Wno-semicolon-before-method-body -index-store-path /Users/siam/Library/Developer/Xcode/DerivedData/Lingua_Quest-gvpckrqxtbgyprbgppjfqmimmmfw/Index.noindex/DataStore @/Users/siam/Library/Developer/Xcode/DerivedData/Lingua_Quest-gvpckrqxtbgyprbgppjfqmimmmfw/Build/Intermediates.noindex/AppCheck.build/Debug-iphonesimulator/AppCheckCore.build/Objects-normal/arm64/e6072d4f65d7061329687fe24e3d63a7-common-args.resp -MMD -MT dependencies -MF /Users/siam/Library/Developer/Xcode/DerivedData/Lingua_Quest-gvpckrqxtbgyprbgppjfqmimmmfw/Build/Intermediates.noindex/AppCheck.build/Debug-iphonesimulator/AppCheckCore.build/Objects-normal/arm64/GACDeviceCheckAPIService.d --serialize-diagnostics /Users/siam/Library/Developer/Xcode/DerivedData/Lingua_Quest-gvpckrqxtbgyprbgppjfqmimmmfw/Build/Intermediates.noindex/AppCheck.build/Debug-iphonesimulator/AppCheckCore.build/Objects-normal/arm64/GACDeviceCheckAPIService.dia -c /Users/siam/Library/Developer/Xcode/DerivedData/Lingua_Quest-gvpckrqxtbgyprbgppjfqmimmmfw/SourcePackages/checkouts/app-check/AppCheckCore/Sources/DeviceCheckProvider/API/GACDeviceCheckAPIService.m -o /Users/siam/Library/Developer/Xcode/DerivedData/Lingua_Quest-gvpckrqxtbgyprbgppjfqmimmmfw/Build/Intermediates.noindex/AppCheck.build/Debug-iphonesimulator/AppCheckCore.build/Objects-normal/arm64/GACDeviceCheckAPIService.o -index-unit-output-path /AppCheck.build/Debug-iphonesimulator/AppCheckCore.build/Objects-normal/arm64/GACDeviceCheckAPIService.o

CompileC /Users/siam/Library/Developer/Xcode/DerivedData/Lingua_Quest-gvpckrqxtbgyprbgppjfqmimmmfw/Build/Intermediates.noindex/AppCheck.build/Debug-iphonesimulator/AppCheckCore.build/Objects-normal/x86_64/DCAppAttestService+GACAppAttestService.o /Users/siam/Library/Developer/Xcode/DerivedData/Lingua_Quest-gvpckrqxtbgyprbgppjfqmimmmfw/SourcePackages/checkouts/app-check/AppCheckCore/Sources/AppAttestProvider/DCAppAttestService+GACAppAttestService.m normal x86_64 objective-c com.apple.compilers.llvm.clang.1_0.compiler (in target 'AppCheckCore' from project 'AppCheck')
    cd /Users/siam/Desktop/Lingua\ Quest/Lingua\ Quest.xcodeproj
    
    Using response file: /Users/siam/Library/Developer/Xcode/DerivedData/Lingua_Quest-gvpckrqxtbgyprbgppjfqmimmmfw/Build/Intermediates.noindex/AppCheck.build/Debug-iphonesimulator/AppCheckCore.build/Objects-normal/x86_64/e6072d4f65d7061329687fe24e3d63a7-common-args.resp
    
    /Applications/Xcode.app/Contents/Developer/Toolchains/XcodeDefault.xctoolchain/usr/bin/clang -x objective-c -ivfsstatcache /Users/siam/Library/Developer/Xcode/DerivedData/SDKStatCaches.noindex/iphonesimulator26.0-23A339-26257891a6c027eb51374368541b8346.sdkstatcache -fmessage-length\=0 -fdiagnostics-show-note-include-stack -fmacro-backtrace-limit\=0 -fno-color-diagnostics -fmodules-prune-interval\=86400 -fmodules-prune-after\=345600 -fbuild-session-file\=/Users/siam/Library/Developer/Xcode/DerivedData/ModuleCache.noindex/Session.modulevalidation -fmodules-validate-once-per-build-session -Wnon-modular-include-in-framework-module -Werror\=non-modular-include-in-framework-module -Wno-trigraphs -Wno-missing-field-initializers -Wno-missing-prototypes -Wno-return-type -Wno-implicit-atomic-properties -Wno-objc-interface-ivars -Wno-arc-repeated-use-of-weak -Wno-missing-braces -Wparentheses -Wswitch -Wno-unused-function -Wno-unused-label -Wno-unused-parameter -Wno-unused-variable -Wunused-value -Wno-empty-body -Wno-uninitialized -Wno-unknown-pragmas -w -Wno-shadow -Wno-four-char-constants -Wno-conversion -Wno-constant-conversion -Wno-int-conversion -Wno-bool-conversion -Wno-enum-conversion -Wno-float-conversion -Wno-non-literal-null-conversion -Wno-objc-literal-conversion -Wshorten-64-to-32 -Wpointer-sign -Wno-newline-eof -Wno-selector -Wno-strict-selector-match -Wno-undeclared-selector -Wno-deprecated-implementations -Wno-implicit-fallthrough -fstrict-aliasing -Wprotocol -Wdeprecated-declarations -Wno-sign-conversion -Wno-infinite-recursion -Wno-comma -Wno-block-capture-autoreleasing -Wno-strict-prototypes -Wno-semicolon-before-method-body -index-store-path /Users/siam/Library/Developer/Xcode/DerivedData/Lingua_Quest-gvpckrqxtbgyprbgppjfqmimmmfw/Index.noindex/DataStore @/Users/siam/Library/Developer/Xcode/DerivedData/Lingua_Quest-gvpckrqxtbgyprbgppjfqmimmmfw/Build/Intermediates.noindex/AppCheck.build/Debug-iphonesimulator/AppCheckCore.build/Objects-normal/x86_64/e6072d4f65d7061329687fe24e3d63a7-common-args.resp -MMD -MT dependencies -MF /Users/siam/Library/Developer/Xcode/DerivedData/Lingua_Quest-gvpckrqxtbgyprbgppjfqmimmmfw/Build/Intermediates.noindex/AppCheck.build/Debug-iphonesimulator/AppCheckCore.build/Objects-normal/x86_64/DCAppAttestService+GACAppAttestService.d --serialize-diagnostics /Users/siam/Library/Developer/Xcode/DerivedData/Lingua_Quest-gvpckrqxtbgyprbgppjfqmimmmfw/Build/Intermediates.noindex/AppCheck.build/Debug-iphonesimulator/AppCheckCore.build/Objects-normal/x86_64/DCAppAttestService+GACAppAttestService.dia -c /Users/siam/Library/Developer/Xcode/DerivedData/Lingua_Quest-gvpckrqxtbgyprbgppjfqmimmmfw/SourcePackages/checkouts/app-check/AppCheckCore/Sources/AppAttestProvider/DCAppAttestService+GACAppAttestService.m -o /Users/siam/Library/Developer/Xcode/DerivedData/Lingua_Quest-gvpckrqxtbgyprbgppjfqmimmmfw/Build/Intermediates.noindex/AppCheck.build/Debug-iphonesimulator/AppCheckCore.build/Objects-normal/x86_64/DCAppAttestService+GACAppAttestService.o -index-unit-output-path /AppCheck.build/Debug-iphonesimulator/AppCheckCore.build/Objects-normal/x86_64/DCAppAttestService+GACAppAttestService.o

CompileC /Users/siam/Library/Developer/Xcode/DerivedData/Lingua_Quest-gvpckrqxtbgyprbgppjfqmimmmfw/Build/Intermediates.noindex/AppCheck.build/Debug-iphonesimulator/AppCheckCore.build/Objects-normal/x86_64/DCDevice+GACDeviceCheckTokenGenerator.o /Users/siam/Library/Developer/Xcode/DerivedData/Lingua_Quest-gvpckrqxtbgyprbgppjfqmimmmfw/SourcePackages/checkouts/app-check/AppCheckCore/Sources/DeviceCheckProvider/DCDevice+GACDeviceCheckTokenGenerator.m normal x86_64 objective-c com.apple.compilers.llvm.clang.1_0.compiler (in target 'AppCheckCore' from project 'AppCheck')
    cd /Users/siam/Desktop/Lingua\ Quest/Lingua\ Quest.xcodeproj
    
    Using response file: /Users/siam/Library/Developer/Xcode/DerivedData/Lingua_Quest-gvpckrqxtbgyprbgppjfqmimmmfw/Build/Intermediates.noindex/AppCheck.build/Debug-iphonesimulator/AppCheckCore.build/Objects-normal/x86_64/e6072d4f65d7061329687fe24e3d63a7-common-args.resp
    
    /Applications/Xcode.app/Contents/Developer/Toolchains/XcodeDefault.xctoolchain/usr/bin/clang -x objective-c -ivfsstatcache /Users/siam/Library/Developer/Xcode/DerivedData/SDKStatCaches.noindex/iphonesimulator26.0-23A339-26257891a6c027eb51374368541b8346.sdkstatcache -fmessage-length\=0 -fdiagnostics-show-note-include-stack -fmacro-backtrace-limit\=0 -fno-color-diagnostics -fmodules-prune-interval\=86400 -fmodules-prune-after\=345600 -fbuild-session-file\=/Users/siam/Library/Developer/Xcode/DerivedData/ModuleCache.noindex/Session.modulevalidation -fmodules-validate-once-per-build-session -Wnon-modular-include-in-framework-module -Werror\=non-modular-include-in-framework-module -Wno-trigraphs -Wno-missing-field-initializers -Wno-missing-prototypes -Wno-return-type -Wno-implicit-atomic-properties -Wno-objc-interface-ivars -Wno-arc-repeated-use-of-weak -Wno-missing-braces -Wparentheses -Wswitch -Wno-unused-function -Wno-unused-label -Wno-unused-parameter -Wno-unused-variable -Wunused-value -Wno-empty-body -Wno-uninitialized -Wno-unknown-pragmas -w -Wno-shadow -Wno-four-char-constants -Wno-conversion -Wno-constant-conversion -Wno-int-conversion -Wno-bool-conversion -Wno-enum-conversion -Wno-float-conversion -Wno-non-literal-null-conversion -Wno-objc-literal-conversion -Wshorten-64-to-32 -Wpointer-sign -Wno-newline-eof -Wno-selector -Wno-strict-selector-match -Wno-undeclared-selector -Wno-deprecated-implementations -Wno-implicit-fallthrough -fstrict-aliasing -Wprotocol -Wdeprecated-declarations -Wno-sign-conversion -Wno-infinite-recursion -Wno-comma -Wno-block-capture-autoreleasing -Wno-strict-prototypes -Wno-semicolon-before-method-body -index-store-path /Users/siam/Library/Developer/Xcode/DerivedData/Lingua_Quest-gvpckrqxtbgyprbgppjfqmimmmfw/Index.noindex/DataStore @/Users/siam/Library/Developer/Xcode/DerivedData/Lingua_Quest-gvpckrqxtbgyprbgppjfqmimmmfw/Build/Intermediates.noindex/AppCheck.build/Debug-iphonesimulator/AppCheckCore.build/Objects-normal/x86_64/e6072d4f65d7061329687fe24e3d63a7-common-args.resp -MMD -MT dependencies -MF /Users/siam/Library/Developer/Xcode/DerivedData/Lingua_Quest-gvpckrqxtbgyprbgppjfqmimmmfw/Build/Intermediates.noindex/AppCheck.build/Debug-iphonesimulator/AppCheckCore.build/Objects-normal/x86_64/DCDevice+GACDeviceCheckTokenGenerator.d --serialize-diagnostics /Users/siam/Library/Developer/Xcode/DerivedData/Lingua_Quest-gvpckrqxtbgyprbgppjfqmimmmfw/Build/Intermediates.noindex/AppCheck.build/Debug-iphonesimulator/AppCheckCore.build/Objects-normal/x86_64/DCDevice+GACDeviceCheckTokenGenerator.dia -c /Users/siam/Library/Developer/Xcode/DerivedData/Lingua_Quest-gvpckrqxtbgyprbgppjfqmimmmfw/SourcePackages/checkouts/app-check/AppCheckCore/Sources/DeviceCheckProvider/DCDevice+GACDeviceCheckTokenGenerator.m -o /Users/siam/Library/Developer/Xcode/DerivedData/Lingua_Quest-gvpckrqxtbgyprbgppjfqmimmmfw/Build/Intermediates.noindex/AppCheck.build/Debug-iphonesimulator/AppCheckCore.build/Objects-normal/x86_64/DCDevice+GACDeviceCheckTokenGenerator.o -index-unit-output-path /AppCheck.build/Debug-iphonesimulator/AppCheckCore.build/Objects-normal/x86_64/DCDevice+GACDeviceCheckTokenGenerator.o

CompileC /Users/siam/Library/Developer/Xcode/DerivedData/Lingua_Quest-gvpckrqxtbgyprbgppjfqmimmmfw/Build/Intermediates.noindex/AppCheck.build/Debug-iphonesimulator/AppCheckCore.build/Objects-normal/arm64/GACURLSessionDataResponse.o /Users/siam/Library/Developer/Xcode/DerivedData/Lingua_Quest-gvpckrqxtbgyprbgppjfqmimmmfw/SourcePackages/checkouts/app-check/AppCheckCore/Sources/Core/APIService/GACURLSessionDataResponse.m normal arm64 objective-c com.apple.compilers.llvm.clang.1_0.compiler (in target 'AppCheckCore' from project 'AppCheck')
    cd /Users/siam/Desktop/Lingua\ Quest/Lingua\ Quest.xcodeproj
    
    Using response file: /Users/siam/Library/Developer/Xcode/DerivedData/Lingua_Quest-gvpckrqxtbgyprbgppjfqmimmmfw/Build/Intermediates.noindex/AppCheck.build/Debug-iphonesimulator/AppCheckCore.build/Objects-normal/arm64/e6072d4f65d7061329687fe24e3d63a7-common-args.resp
    
    /Applications/Xcode.app/Contents/Developer/Toolchains/XcodeDefault.xctoolchain/usr/bin/clang -x objective-c -ivfsstatcache /Users/siam/Library/Developer/Xcode/DerivedData/SDKStatCaches.noindex/iphonesimulator26.0-23A339-26257891a6c027eb51374368541b8346.sdkstatcache -fmessage-length\=0 -fdiagnostics-show-note-include-stack -fmacro-backtrace-limit\=0 -fno-color-diagnostics -fmodules-prune-interval\=86400 -fmodules-prune-after\=345600 -fbuild-session-file\=/Users/siam/Library/Developer/Xcode/DerivedData/ModuleCache.noindex/Session.modulevalidation -fmodules-validate-once-per-build-session -Wnon-modular-include-in-framework-module -Werror\=non-modular-include-in-framework-module -Wno-trigraphs -Wno-missing-field-initializers -Wno-missing-prototypes -Wno-return-type -Wno-implicit-atomic-properties -Wno-objc-interface-ivars -Wno-arc-repeated-use-of-weak -Wno-missing-braces -Wparentheses -Wswitch -Wno-unused-function -Wno-unused-label -Wno-unused-parameter -Wno-unused-variable -Wunused-value -Wno-empty-body -Wno-uninitialized -Wno-unknown-pragmas -w -Wno-shadow -Wno-four-char-constants -Wno-conversion -Wno-constant-conversion -Wno-int-conversion -Wno-bool-conversion -Wno-enum-conversion -Wno-float-conversion -Wno-non-literal-null-conversion -Wno-objc-literal-conversion -Wshorten-64-to-32 -Wpointer-sign -Wno-newline-eof -Wno-selector -Wno-strict-selector-match -Wno-undeclared-selector -Wno-deprecated-implementations -Wno-implicit-fallthrough -fstrict-aliasing -Wprotocol -Wdeprecated-declarations -Wno-sign-conversion -Wno-infinite-recursion -Wno-comma -Wno-block-capture-autoreleasing -Wno-strict-prototypes -Wno-semicolon-before-method-body -index-store-path /Users/siam/Library/Developer/Xcode/DerivedData/Lingua_Quest-gvpckrqxtbgyprbgppjfqmimmmfw/Index.noindex/DataStore @/Users/siam/Library/Developer/Xcode/DerivedData/Lingua_Quest-gvpckrqxtbgyprbgppjfqmimmmfw/Build/Intermediates.noindex/AppCheck.build/Debug-iphonesimulator/AppCheckCore.build/Objects-normal/arm64/e6072d4f65d7061329687fe24e3d63a7-common-args.resp -MMD -MT dependencies -MF /Users/siam/Library/Developer/Xcode/DerivedData/Lingua_Quest-gvpckrqxtbgyprbgppjfqmimmmfw/Build/Intermediates.noindex/AppCheck.build/Debug-iphonesimulator/AppCheckCore.build/Objects-normal/arm64/GACURLSessionDataResponse.d --serialize-diagnostics /Users/siam/Library/Developer/Xcode/DerivedData/Lingua_Quest-gvpckrqxtbgyprbgppjfqmimmmfw/Build/Intermediates.noindex/AppCheck.build/Debug-iphonesimulator/AppCheckCore.build/Objects-normal/arm64/GACURLSessionDataResponse.dia -c /Users/siam/Library/Developer/Xcode/DerivedData/Lingua_Quest-gvpckrqxtbgyprbgppjfqmimmmfw/SourcePackages/checkouts/app-check/AppCheckCore/Sources/Core/APIService/GACURLSessionDataResponse.m -o /Users/siam/Library/Developer/Xcode/DerivedData/Lingua_Quest-gvpckrqxtbgyprbgppjfqmimmmfw/Build/Intermediates.noindex/AppCheck.build/Debug-iphonesimulator/AppCheckCore.build/Objects-normal/arm64/GACURLSessionDataResponse.o -index-unit-output-path /AppCheck.build/Debug-iphonesimulator/AppCheckCore.build/Objects-normal/arm64/GACURLSessionDataResponse.o

ScanDependencies /Users/siam/Library/Developer/Xcode/DerivedData/Lingua_Quest-gvpckrqxtbgyprbgppjfqmimmmfw/Build/Intermediates.noindex/AppCheck.build/Debug-iphonesimulator/AppCheckCore.build/Objects-normal/arm64/GACAppCheckTokenResult.o /Users/siam/Library/Developer/Xcode/DerivedData/Lingua_Quest-gvpckrqxtbgyprbgppjfqmimmmfw/SourcePackages/checkouts/app-check/AppCheckCore/Sources/Core/GACAppCheckTokenResult.m normal arm64 objective-c com.apple.compilers.llvm.clang.1_0.compiler (in target 'AppCheckCore' from project 'AppCheck')
    cd /Users/siam/Desktop/Lingua\ Quest/Lingua\ Quest.xcodeproj
    
    Using response file: /Users/siam/Library/Developer/Xcode/DerivedData/Lingua_Quest-gvpckrqxtbgyprbgppjfqmimmmfw/Build/Intermediates.noindex/AppCheck.build/Debug-iphonesimulator/AppCheckCore.build/Objects-normal/arm64/e6072d4f65d7061329687fe24e3d63a7-common-args.resp
    
    builtin-ScanDependencies -o /Users/siam/Library/Developer/Xcode/DerivedData/Lingua_Quest-gvpckrqxtbgyprbgppjfqmimmmfw/Build/Intermediates.noindex/AppCheck.build/Debug-iphonesimulator/AppCheckCore.build/Objects-normal/arm64/GACAppCheckTokenResult.o.scan -- /Applications/Xcode.app/Contents/Developer/Toolchains/XcodeDefault.xctoolchain/usr/bin/clang -x objective-c -ivfsstatcache /Users/siam/Library/Developer/Xcode/DerivedData/SDKStatCaches.noindex/iphonesimulator26.0-23A339-26257891a6c027eb51374368541b8346.sdkstatcache -fmessage-length\=0 -fdiagnostics-show-note-include-stack -fmacro-backtrace-limit\=0 -fno-color-diagnostics -fmodules-prune-interval\=86400 -fmodules-prune-after\=345600 -fbuild-session-file\=/Users/siam/Library/Developer/Xcode/DerivedData/ModuleCache.noindex/Session.modulevalidation -fmodules-validate-once-per-build-session -Wnon-modular-include-in-framework-module -Werror\=non-modular-include-in-framework-module -Wno-trigraphs -Wno-missing-field-initializers -Wno-missing-prototypes -Wno-return-type -Wno-implicit-atomic-properties -Wno-objc-interface-ivars -Wno-arc-repeated-use-of-weak -Wno-missing-braces -Wparentheses -Wswitch -Wno-unused-function -Wno-unused-label -Wno-unused-parameter -Wno-unused-variable -Wunused-value -Wno-empty-body -Wno-uninitialized -Wno-unknown-pragmas -w -Wno-shadow -Wno-four-char-constants -Wno-conversion -Wno-constant-conversion -Wno-int-conversion -Wno-bool-conversion -Wno-enum-conversion -Wno-float-conversion -Wno-non-literal-null-conversion -Wno-objc-literal-conversion -Wshorten-64-to-32 -Wpointer-sign -Wno-newline-eof -Wno-selector -Wno-strict-selector-match -Wno-undeclared-selector -Wno-deprecated-implementations -Wno-implicit-fallthrough -fstrict-aliasing -Wprotocol -Wdeprecated-declarations -Wno-sign-conversion -Wno-infinite-recursion -Wno-comma -Wno-block-capture-autoreleasing -Wno-strict-prototypes -Wno-semicolon-before-method-body -index-store-path /Users/siam/Library/Developer/Xcode/DerivedData/Lingua_Quest-gvpckrqxtbgyprbgppjfqmimmmfw/Index.noindex/DataStore @/Users/siam/Library/Developer/Xcode/DerivedData/Lingua_Quest-gvpckrqxtbgyprbgppjfqmimmmfw/Build/Intermediates.noindex/AppCheck.build/Debug-iphonesimulator/AppCheckCore.build/Objects-normal/arm64/e6072d4f65d7061329687fe24e3d63a7-common-args.resp -MMD -MT dependencies -MF /Users/siam/Library/Developer/Xcode/DerivedData/Lingua_Quest-gvpckrqxtbgyprbgppjfqmimmmfw/Build/Intermediates.noindex/AppCheck.build/Debug-iphonesimulator/AppCheckCore.build/Objects-normal/arm64/GACAppCheckTokenResult.d --serialize-diagnostics /Users/siam/Library/Developer/Xcode/DerivedData/Lingua_Quest-gvpckrqxtbgyprbgppjfqmimmmfw/Build/Intermediates.noindex/AppCheck.build/Debug-iphonesimulator/AppCheckCore.build/Objects-normal/arm64/GACAppCheckTokenResult.dia -c /Users/siam/Library/Developer/Xcode/DerivedData/Lingua_Quest-gvpckrqxtbgyprbgppjfqmimmmfw/SourcePackages/checkouts/app-check/AppCheckCore/Sources/Core/GACAppCheckTokenResult.m -o /Users/siam/Library/Developer/Xcode/DerivedData/Lingua_Quest-gvpckrqxtbgyprbgppjfqmimmmfw/Build/Intermediates.noindex/AppCheck.build/Debug-iphonesimulator/AppCheckCore.build/Objects-normal/arm64/GACAppCheckTokenResult.o -index-unit-output-path /AppCheck.build/Debug-iphonesimulator/AppCheckCore.build/Objects-normal/arm64/GACAppCheckTokenResult.o

ScanDependencies /Users/siam/Library/Developer/Xcode/DerivedData/Lingua_Quest-gvpckrqxtbgyprbgppjfqmimmmfw/Build/Intermediates.noindex/AppCheck.build/Debug-iphonesimulator/AppCheckCore.build/Objects-normal/arm64/GACAppCheckTokenRefresher.o /Users/siam/Library/Developer/Xcode/DerivedData/Lingua_Quest-gvpckrqxtbgyprbgppjfqmimmmfw/SourcePackages/checkouts/app-check/AppCheckCore/Sources/Core/TokenRefresh/GACAppCheckTokenRefresher.m normal arm64 objective-c com.apple.compilers.llvm.clang.1_0.compiler (in target 'AppCheckCore' from project 'AppCheck')
    cd /Users/siam/Desktop/Lingua\ Quest/Lingua\ Quest.xcodeproj
    
    Using response file: /Users/siam/Library/Developer/Xcode/DerivedData/Lingua_Quest-gvpckrqxtbgyprbgppjfqmimmmfw/Build/Intermediates.noindex/AppCheck.build/Debug-iphonesimulator/AppCheckCore.build/Objects-normal/arm64/e6072d4f65d7061329687fe24e3d63a7-common-args.resp
    
    builtin-ScanDependencies -o /Users/siam/Library/Developer/Xcode/DerivedData/Lingua_Quest-gvpckrqxtbgyprbgppjfqmimmmfw/Build/Intermediates.noindex/AppCheck.build/Debug-iphonesimulator/AppCheckCore.build/Objects-normal/arm64/GACAppCheckTokenRefresher.o.scan -- /Applications/Xcode.app/Contents/Developer/Toolchains/XcodeDefault.xctoolchain/usr/bin/clang -x objective-c -ivfsstatcache /Users/siam/Library/Developer/Xcode/DerivedData/SDKStatCaches.noindex/iphonesimulator26.0-23A339-26257891a6c027eb51374368541b8346.sdkstatcache -fmessage-length\=0 -fdiagnostics-show-note-include-stack -fmacro-backtrace-limit\=0 -fno-color-diagnostics -fmodules-prune-interval\=86400 -fmodules-prune-after\=345600 -fbuild-session-file\=/Users/siam/Library/Developer/Xcode/DerivedData/ModuleCache.noindex/Session.modulevalidation -fmodules-validate-once-per-build-session -Wnon-modular-include-in-framework-module -Werror\=non-modular-include-in-framework-module -Wno-trigraphs -Wno-missing-field-initializers -Wno-missing-prototypes -Wno-return-type -Wno-implicit-atomic-properties -Wno-objc-interface-ivars -Wno-arc-repeated-use-of-weak -Wno-missing-braces -Wparentheses -Wswitch -Wno-unused-function -Wno-unused-label -Wno-unused-parameter -Wno-unused-variable -Wunused-value -Wno-empty-body -Wno-uninitialized -Wno-unknown-pragmas -w -Wno-shadow -Wno-four-char-constants -Wno-conversion -Wno-constant-conversion -Wno-int-conversion -Wno-bool-conversion -Wno-enum-conversion -Wno-float-conversion -Wno-non-literal-null-conversion -Wno-objc-literal-conversion -Wshorten-64-to-32 -Wpointer-sign -Wno-newline-eof -Wno-selector -Wno-strict-selector-match -Wno-undeclared-selector -Wno-deprecated-implementations -Wno-implicit-fallthrough -fstrict-aliasing -Wprotocol -Wdeprecated-declarations -Wno-sign-conversion -Wno-infinite-recursion -Wno-comma -Wno-block-capture-autoreleasing -Wno-strict-prototypes -Wno-semicolon-before-method-body -index-store-path /Users/siam/Library/Developer/Xcode/DerivedData/Lingua_Quest-gvpckrqxtbgyprbgppjfqmimmmfw/Index.noindex/DataStore @/Users/siam/Library/Developer/Xcode/DerivedData/Lingua_Quest-gvpckrqxtbgyprbgppjfqmimmmfw/Build/Intermediates.noindex/AppCheck.build/Debug-iphonesimulator/AppCheckCore.build/Objects-normal/arm64/e6072d4f65d7061329687fe24e3d63a7-common-args.resp -MMD -MT dependencies -MF /Users/siam/Library/Developer/Xcode/DerivedData/Lingua_Quest-gvpckrqxtbgyprbgppjfqmimmmfw/Build/Intermediates.noindex/AppCheck.build/Debug-iphonesimulator/AppCheckCore.build/Objects-normal/arm64/GACAppCheckTokenRefresher.d --serialize-diagnostics /Users/siam/Library/Developer/Xcode/DerivedData/Lingua_Quest-gvpckrqxtbgyprbgppjfqmimmmfw/Build/Intermediates.noindex/AppCheck.build/Debug-iphonesimulator/AppCheckCore.build/Objects-normal/arm64/GACAppCheckTokenRefresher.dia -c /Users/siam/Library/Developer/Xcode/DerivedData/Lingua_Quest-gvpckrqxtbgyprbgppjfqmimmmfw/SourcePackages/checkouts/app-check/AppCheckCore/Sources/Core/TokenRefresh/GACAppCheckTokenRefresher.m -o /Users/siam/Library/Developer/Xcode/DerivedData/Lingua_Quest-gvpckrqxtbgyprbgppjfqmimmmfw/Build/Intermediates.noindex/AppCheck.build/Debug-iphonesimulator/AppCheckCore.build/Objects-normal/arm64/GACAppCheckTokenRefresher.o -index-unit-output-path /AppCheck.build/Debug-iphonesimulator/AppCheckCore.build/Objects-normal/arm64/GACAppCheckTokenRefresher.o

PrecompileModule /Users/siam/Library/Developer/Xcode/DerivedData/Lingua_Quest-gvpckrqxtbgyprbgppjfqmimmmfw/Build/Intermediates.noindex/ExplicitPrecompiledModules/FBLPromises-660TRG0K48LZ8S8N66B89Z4X8.scan
    cd /
    builtin-precompileModule /Users/siam/Library/Developer/Xcode/DerivedData/Lingua_Quest-gvpckrqxtbgyprbgppjfqmimmmfw/Build/Intermediates.noindex/ExplicitPrecompiledModules/FBLPromises-660TRG0K48LZ8S8N66B89Z4X8.scan

PrecompileModule /Users/siam/Library/Developer/Xcode/DerivedData/Lingua_Quest-gvpckrqxtbgyprbgppjfqmimmmfw/Build/Intermediates.noindex/ExplicitPrecompiledModules/DeviceCheck-3OXT2363DSCP5N1FA4QMR6VJS.scan
    cd /
    builtin-precompileModule /Users/siam/Library/Developer/Xcode/DerivedData/Lingua_Quest-gvpckrqxtbgyprbgppjfqmimmmfw/Build/Intermediates.noindex/ExplicitPrecompiledModules/DeviceCheck-3OXT2363DSCP5N1FA4QMR6VJS.scan

ScanDependencies /Users/siam/Library/Developer/Xcode/DerivedData/Lingua_Quest-gvpckrqxtbgyprbgppjfqmimmmfw/Build/Intermediates.noindex/AppCheck.build/Debug-iphonesimulator/AppCheckCore.build/Objects-normal/arm64/GACAppCheckTokenRefreshResult.o /Users/siam/Library/Developer/Xcode/DerivedData/Lingua_Quest-gvpckrqxtbgyprbgppjfqmimmmfw/SourcePackages/checkouts/app-check/AppCheckCore/Sources/Core/TokenRefresh/GACAppCheckTokenRefreshResult.m normal arm64 objective-c com.apple.compilers.llvm.clang.1_0.compiler (in target 'AppCheckCore' from project 'AppCheck')
    cd /Users/siam/Desktop/Lingua\ Quest/Lingua\ Quest.xcodeproj
    
    Using response file: /Users/siam/Library/Developer/Xcode/DerivedData/Lingua_Quest-gvpckrqxtbgyprbgppjfqmimmmfw/Build/Intermediates.noindex/AppCheck.build/Debug-iphonesimulator/AppCheckCore.build/Objects-normal/arm64/e6072d4f65d7061329687fe24e3d63a7-common-args.resp
    
    builtin-ScanDependencies -o /Users/siam/Library/Developer/Xcode/DerivedData/Lingua_Quest-gvpckrqxtbgyprbgppjfqmimmmfw/Build/Intermediates.noindex/AppCheck.build/Debug-iphonesimulator/AppCheckCore.build/Objects-normal/arm64/GACAppCheckTokenRefreshResult.o.scan -- /Applications/Xcode.app/Contents/Developer/Toolchains/XcodeDefault.xctoolchain/usr/bin/clang -x objective-c -ivfsstatcache /Users/siam/Library/Developer/Xcode/DerivedData/SDKStatCaches.noindex/iphonesimulator26.0-23A339-26257891a6c027eb51374368541b8346.sdkstatcache -fmessage-length\=0 -fdiagnostics-show-note-include-stack -fmacro-backtrace-limit\=0 -fno-color-diagnostics -fmodules-prune-interval\=86400 -fmodules-prune-after\=345600 -fbuild-session-file\=/Users/siam/Library/Developer/Xcode/DerivedData/ModuleCache.noindex/Session.modulevalidation -fmodules-validate-once-per-build-session -Wnon-modular-include-in-framework-module -Werror\=non-modular-include-in-framework-module -Wno-trigraphs -Wno-missing-field-initializers -Wno-missing-prototypes -Wno-return-type -Wno-implicit-atomic-properties -Wno-objc-interface-ivars -Wno-arc-repeated-use-of-weak -Wno-missing-braces -Wparentheses -Wswitch -Wno-unused-function -Wno-unused-label -Wno-unused-parameter -Wno-unused-variable -Wunused-value -Wno-empty-body -Wno-uninitialized -Wno-unknown-pragmas -w -Wno-shadow -Wno-four-char-constants -Wno-conversion -Wno-constant-conversion -Wno-int-conversion -Wno-bool-conversion -Wno-enum-conversion -Wno-float-conversion -Wno-non-literal-null-conversion -Wno-objc-literal-conversion -Wshorten-64-to-32 -Wpointer-sign -Wno-newline-eof -Wno-selector -Wno-strict-selector-match -Wno-undeclared-selector -Wno-deprecated-implementations -Wno-implicit-fallthrough -fstrict-aliasing -Wprotocol -Wdeprecated-declarations -Wno-sign-conversion -Wno-infinite-recursion -Wno-comma -Wno-block-capture-autoreleasing -Wno-strict-prototypes -Wno-semicolon-before-method-body -index-store-path /Users/siam/Library/Developer/Xcode/DerivedData/Lingua_Quest-gvpckrqxtbgyprbgppjfqmimmmfw/Index.noindex/DataStore @/Users/siam/Library/Developer/Xcode/DerivedData/Lingua_Quest-gvpckrqxtbgyprbgppjfqmimmmfw/Build/Intermediates.noindex/AppCheck.build/Debug-iphonesimulator/AppCheckCore.build/Objects-normal/arm64/e6072d4f65d7061329687fe24e3d63a7-common-args.resp -MMD -MT dependencies -MF /Users/siam/Library/Developer/Xcode/DerivedData/Lingua_Quest-gvpckrqxtbgyprbgppjfqmimmmfw/Build/Intermediates.noindex/AppCheck.build/Debug-iphonesimulator/AppCheckCore.build/Objects-normal/arm64/GACAppCheckTokenRefreshResult.d --serialize-diagnostics /Users/siam/Library/Developer/Xcode/DerivedData/Lingua_Quest-gvpckrqxtbgyprbgppjfqmimmmfw/Build/Intermediates.noindex/AppCheck.build/Debug-iphonesimulator/AppCheckCore.build/Objects-normal/arm64/GACAppCheckTokenRefreshResult.dia -c /Users/siam/Library/Developer/Xcode/DerivedData/Lingua_Quest-gvpckrqxtbgyprbgppjfqmimmmfw/SourcePackages/checkouts/app-check/AppCheckCore/Sources/Core/TokenRefresh/GACAppCheckTokenRefreshResult.m -o /Users/siam/Library/Developer/Xcode/DerivedData/Lingua_Quest-gvpckrqxtbgyprbgppjfqmimmmfw/Build/Intermediates.noindex/AppCheck.build/Debug-iphonesimulator/AppCheckCore.build/Objects-normal/arm64/GACAppCheckTokenRefreshResult.o -index-unit-output-path /AppCheck.build/Debug-iphonesimulator/AppCheckCore.build/Objects-normal/arm64/GACAppCheckTokenRefreshResult.o

ScanDependencies /Users/siam/Library/Developer/Xcode/DerivedData/Lingua_Quest-gvpckrqxtbgyprbgppjfqmimmmfw/Build/Intermediates.noindex/AppCheck.build/Debug-iphonesimulator/AppCheckCore.build/Objects-normal/arm64/GACAppCheckToken.o /Users/siam/Library/Developer/Xcode/DerivedData/Lingua_Quest-gvpckrqxtbgyprbgppjfqmimmmfw/SourcePackages/checkouts/app-check/AppCheckCore/Sources/Core/GACAppCheckToken.m normal arm64 objective-c com.apple.compilers.llvm.clang.1_0.compiler (in target 'AppCheckCore' from project 'AppCheck')
    cd /Users/siam/Desktop/Lingua\ Quest/Lingua\ Quest.xcodeproj
    
    Using response file: /Users/siam/Library/Developer/Xcode/DerivedData/Lingua_Quest-gvpckrqxtbgyprbgppjfqmimmmfw/Build/Intermediates.noindex/AppCheck.build/Debug-iphonesimulator/AppCheckCore.build/Objects-normal/arm64/e6072d4f65d7061329687fe24e3d63a7-common-args.resp
    
    builtin-ScanDependencies -o /Users/siam/Library/Developer/Xcode/DerivedData/Lingua_Quest-gvpckrqxtbgyprbgppjfqmimmmfw/Build/Intermediates.noindex/AppCheck.build/Debug-iphonesimulator/AppCheckCore.build/Objects-normal/arm64/GACAppCheckToken.o.scan -- /Applications/Xcode.app/Contents/Developer/Toolchains/XcodeDefault.xctoolchain/usr/bin/clang -x objective-c -ivfsstatcache /Users/siam/Library/Developer/Xcode/DerivedData/SDKStatCaches.noindex/iphonesimulator26.0-23A339-26257891a6c027eb51374368541b8346.sdkstatcache -fmessage-length\=0 -fdiagnostics-show-note-include-stack -fmacro-backtrace-limit\=0 -fno-color-diagnostics -fmodules-prune-interval\=86400 -fmodules-prune-after\=345600 -fbuild-session-file\=/Users/siam/Library/Developer/Xcode/DerivedData/ModuleCache.noindex/Session.modulevalidation -fmodules-validate-once-per-build-session -Wnon-modular-include-in-framework-module -Werror\=non-modular-include-in-framework-module -Wno-trigraphs -Wno-missing-field-initializers -Wno-missing-prototypes -Wno-return-type -Wno-implicit-atomic-properties -Wno-objc-interface-ivars -Wno-arc-repeated-use-of-weak -Wno-missing-braces -Wparentheses -Wswitch -Wno-unused-function -Wno-unused-label -Wno-unused-parameter -Wno-unused-variable -Wunused-value -Wno-empty-body -Wno-uninitialized -Wno-unknown-pragmas -w -Wno-shadow -Wno-four-char-constants -Wno-conversion -Wno-constant-conversion -Wno-int-conversion -Wno-bool-conversion -Wno-enum-conversion -Wno-float-conversion -Wno-non-literal-null-conversion -Wno-objc-literal-conversion -Wshorten-64-to-32 -Wpointer-sign -Wno-newline-eof -Wno-selector -Wno-strict-selector-match -Wno-undeclared-selector -Wno-deprecated-implementations -Wno-implicit-fallthrough -fstrict-aliasing -Wprotocol -Wdeprecated-declarations -Wno-sign-conversion -Wno-infinite-recursion -Wno-comma -Wno-block-capture-autoreleasing -Wno-strict-prototypes -Wno-semicolon-before-method-body -index-store-path /Users/siam/Library/Developer/Xcode/DerivedData/Lingua_Quest-gvpckrqxtbgyprbgppjfqmimmmfw/Index.noindex/DataStore @/Users/siam/Library/Developer/Xcode/DerivedData/Lingua_Quest-gvpckrqxtbgyprbgppjfqmimmmfw/Build/Intermediates.noindex/AppCheck.build/Debug-iphonesimulator/AppCheckCore.build/Objects-normal/arm64/e6072d4f65d7061329687fe24e3d63a7-common-args.resp -MMD -MT dependencies -MF /Users/siam/Library/Developer/Xcode/DerivedData/Lingua_Quest-gvpckrqxtbgyprbgppjfqmimmmfw/Build/Intermediates.noindex/AppCheck.build/Debug-iphonesimulator/AppCheckCore.build/Objects-normal/arm64/GACAppCheckToken.d --serialize-diagnostics /Users/siam/Library/Developer/Xcode/DerivedData/Lingua_Quest-gvpckrqxtbgyprbgppjfqmimmmfw/Build/Intermediates.noindex/AppCheck.build/Debug-iphonesimulator/AppCheckCore.build/Objects-normal/arm64/GACAppCheckToken.dia -c /Users/siam/Library/Developer/Xcode/DerivedData/Lingua_Quest-gvpckrqxtbgyprbgppjfqmimmmfw/SourcePackages/checkouts/app-check/AppCheckCore/Sources/Core/GACAppCheckToken.m -o /Users/siam/Library/Developer/Xcode/DerivedData/Lingua_Quest-gvpckrqxtbgyprbgppjfqmimmmfw/Build/Intermediates.noindex/AppCheck.build/Debug-iphonesimulator/AppCheckCore.build/Objects-normal/arm64/GACAppCheckToken.o -index-unit-output-path /AppCheck.build/Debug-iphonesimulator/AppCheckCore.build/Objects-normal/arm64/GACAppCheckToken.o

ScanDependencies /Users/siam/Library/Developer/Xcode/DerivedData/Lingua_Quest-gvpckrqxtbgyprbgppjfqmimmmfw/Build/Intermediates.noindex/AppCheck.build/Debug-iphonesimulator/AppCheckCore.build/Objects-normal/arm64/GACAppCheckToken+APIResponse.o /Users/siam/Library/Developer/Xcode/DerivedData/Lingua_Quest-gvpckrqxtbgyprbgppjfqmimmmfw/SourcePackages/checkouts/app-check/AppCheckCore/Sources/Core/APIService/GACAppCheckToken+APIResponse.m normal arm64 objective-c com.apple.compilers.llvm.clang.1_0.compiler (in target 'AppCheckCore' from project 'AppCheck')
    cd /Users/siam/Desktop/Lingua\ Quest/Lingua\ Quest.xcodeproj
    
    Using response file: /Users/siam/Library/Developer/Xcode/DerivedData/Lingua_Quest-gvpckrqxtbgyprbgppjfqmimmmfw/Build/Intermediates.noindex/AppCheck.build/Debug-iphonesimulator/AppCheckCore.build/Objects-normal/arm64/e6072d4f65d7061329687fe24e3d63a7-common-args.resp
    
    builtin-ScanDependencies -o /Users/siam/Library/Developer/Xcode/DerivedData/Lingua_Quest-gvpckrqxtbgyprbgppjfqmimmmfw/Build/Intermediates.noindex/AppCheck.build/Debug-iphonesimulator/AppCheckCore.build/Objects-normal/arm64/GACAppCheckToken+APIResponse.o.scan -- /Applications/Xcode.app/Contents/Developer/Toolchains/XcodeDefault.xctoolchain/usr/bin/clang -x objective-c -ivfsstatcache /Users/siam/Library/Developer/Xcode/DerivedData/SDKStatCaches.noindex/iphonesimulator26.0-23A339-26257891a6c027eb51374368541b8346.sdkstatcache -fmessage-length\=0 -fdiagnostics-show-note-include-stack -fmacro-backtrace-limit\=0 -fno-color-diagnostics -fmodules-prune-interval\=86400 -fmodules-prune-after\=345600 -fbuild-session-file\=/Users/siam/Library/Developer/Xcode/DerivedData/ModuleCache.noindex/Session.modulevalidation -fmodules-validate-once-per-build-session -Wnon-modular-include-in-framework-module -Werror\=non-modular-include-in-framework-module -Wno-trigraphs -Wno-missing-field-initializers -Wno-missing-prototypes -Wno-return-type -Wno-implicit-atomic-properties -Wno-objc-interface-ivars -Wno-arc-repeated-use-of-weak -Wno-missing-braces -Wparentheses -Wswitch -Wno-unused-function -Wno-unused-label -Wno-unused-parameter -Wno-unused-variable -Wunused-value -Wno-empty-body -Wno-uninitialized -Wno-unknown-pragmas -w -Wno-shadow -Wno-four-char-constants -Wno-conversion -Wno-constant-conversion -Wno-int-conversion -Wno-bool-conversion -Wno-enum-conversion -Wno-float-conversion -Wno-non-literal-null-conversion -Wno-objc-literal-conversion -Wshorten-64-to-32 -Wpointer-sign -Wno-newline-eof -Wno-selector -Wno-strict-selector-match -Wno-undeclared-selector -Wno-deprecated-implementations -Wno-implicit-fallthrough -fstrict-aliasing -Wprotocol -Wdeprecated-declarations -Wno-sign-conversion -Wno-infinite-recursion -Wno-comma -Wno-block-capture-autoreleasing -Wno-strict-prototypes -Wno-semicolon-before-method-body -index-store-path /Users/siam/Library/Developer/Xcode/DerivedData/Lingua_Quest-gvpckrqxtbgyprbgppjfqmimmmfw/Index.noindex/DataStore @/Users/siam/Library/Developer/Xcode/DerivedData/Lingua_Quest-gvpckrqxtbgyprbgppjfqmimmmfw/Build/Intermediates.noindex/AppCheck.build/Debug-iphonesimulator/AppCheckCore.build/Objects-normal/arm64/e6072d4f65d7061329687fe24e3d63a7-common-args.resp -MMD -MT dependencies -MF /Users/siam/Library/Developer/Xcode/DerivedData/Lingua_Quest-gvpckrqxtbgyprbgppjfqmimmmfw/Build/Intermediates.noindex/AppCheck.build/Debug-iphonesimulator/AppCheckCore.build/Objects-normal/arm64/GACAppCheckToken+APIResponse.d --serialize-diagnostics /Users/siam/Library/Developer/Xcode/DerivedData/Lingua_Quest-gvpckrqxtbgyprbgppjfqmimmmfw/Build/Intermediates.noindex/AppCheck.build/Debug-iphonesimulator/AppCheckCore.build/Objects-normal/arm64/GACAppCheckToken+APIResponse.dia -c /Users/siam/Library/Developer/Xcode/DerivedData/Lingua_Quest-gvpckrqxtbgyprbgppjfqmimmmfw/SourcePackages/checkouts/app-check/AppCheckCore/Sources/Core/APIService/GACAppCheckToken+APIResponse.m -o /Users/siam/Library/Developer/Xcode/DerivedData/Lingua_Quest-gvpckrqxtbgyprbgppjfqmimmmfw/Build/Intermediates.noindex/AppCheck.build/Debug-iphonesimulator/AppCheckCore.build/Objects-normal/arm64/GACAppCheckToken+APIResponse.o -index-unit-output-path /AppCheck.build/Debug-iphonesimulator/AppCheckCore.build/Objects-normal/arm64/GACAppCheckToken+APIResponse.o

PrecompileModule /Users/siam/Library/Developer/Xcode/DerivedData/Lingua_Quest-gvpckrqxtbgyprbgppjfqmimmmfw/Build/Intermediates.noindex/ExplicitPrecompiledModules/ObjectiveC-4JIBWYI8J37JTFOSP5II71M.scan
    cd /
    builtin-precompileModule /Users/siam/Library/Developer/Xcode/DerivedData/Lingua_Quest-gvpckrqxtbgyprbgppjfqmimmmfw/Build/Intermediates.noindex/ExplicitPrecompiledModules/ObjectiveC-4JIBWYI8J37JTFOSP5II71M.scan

ScanDependencies /Users/siam/Library/Developer/Xcode/DerivedData/Lingua_Quest-gvpckrqxtbgyprbgppjfqmimmmfw/Build/Intermediates.noindex/AppCheck.build/Debug-iphonesimulator/AppCheckCore.build/Objects-normal/arm64/GACAppCheckTimer.o /Users/siam/Library/Developer/Xcode/DerivedData/Lingua_Quest-gvpckrqxtbgyprbgppjfqmimmmfw/SourcePackages/checkouts/app-check/AppCheckCore/Sources/Core/TokenRefresh/GACAppCheckTimer.m normal arm64 objective-c com.apple.compilers.llvm.clang.1_0.compiler (in target 'AppCheckCore' from project 'AppCheck')
    cd /Users/siam/Desktop/Lingua\ Quest/Lingua\ Quest.xcodeproj
    
    Using response file: /Users/siam/Library/Developer/Xcode/DerivedData/Lingua_Quest-gvpckrqxtbgyprbgppjfqmimmmfw/Build/Intermediates.noindex/AppCheck.build/Debug-iphonesimulator/AppCheckCore.build/Objects-normal/arm64/e6072d4f65d7061329687fe24e3d63a7-common-args.resp
    
    builtin-ScanDependencies -o /Users/siam/Library/Developer/Xcode/DerivedData/Lingua_Quest-gvpckrqxtbgyprbgppjfqmimmmfw/Build/Intermediates.noindex/AppCheck.build/Debug-iphonesimulator/AppCheckCore.build/Objects-normal/arm64/GACAppCheckTimer.o.scan -- /Applications/Xcode.app/Contents/Developer/Toolchains/XcodeDefault.xctoolchain/usr/bin/clang -x objective-c -ivfsstatcache /Users/siam/Library/Developer/Xcode/DerivedData/SDKStatCaches.noindex/iphonesimulator26.0-23A339-26257891a6c027eb51374368541b8346.sdkstatcache -fmessage-length\=0 -fdiagnostics-show-note-include-stack -fmacro-backtrace-limit\=0 -fno-color-diagnostics -fmodules-prune-interval\=86400 -fmodules-prune-after\=345600 -fbuild-session-file\=/Users/siam/Library/Developer/Xcode/DerivedData/ModuleCache.noindex/Session.modulevalidation -fmodules-validate-once-per-build-session -Wnon-modular-include-in-framework-module -Werror\=non-modular-include-in-framework-module -Wno-trigraphs -Wno-missing-field-initializers -Wno-missing-prototypes -Wno-return-type -Wno-implicit-atomic-properties -Wno-objc-interface-ivars -Wno-arc-repeated-use-of-weak -Wno-missing-braces -Wparentheses -Wswitch -Wno-unused-function -Wno-unused-label -Wno-unused-parameter -Wno-unused-variable -Wunused-value -Wno-empty-body -Wno-uninitialized -Wno-unknown-pragmas -w -Wno-shadow -Wno-four-char-constants -Wno-conversion -Wno-constant-conversion -Wno-int-conversion -Wno-bool-conversion -Wno-enum-conversion -Wno-float-conversion -Wno-non-literal-null-conversion -Wno-objc-literal-conversion -Wshorten-64-to-32 -Wpointer-sign -Wno-newline-eof -Wno-selector -Wno-strict-selector-match -Wno-undeclared-selector -Wno-deprecated-implementations -Wno-implicit-fallthrough -fstrict-aliasing -Wprotocol -Wdeprecated-declarations -Wno-sign-conversion -Wno-infinite-recursion -Wno-comma -Wno-block-capture-autoreleasing -Wno-strict-prototypes -Wno-semicolon-before-method-body -index-store-path /Users/siam/Library/Developer/Xcode/DerivedData/Lingua_Quest-gvpckrqxtbgyprbgppjfqmimmmfw/Index.noindex/DataStore @/Users/siam/Library/Developer/Xcode/DerivedData/Lingua_Quest-gvpckrqxtbgyprbgppjfqmimmmfw/Build/Intermediates.noindex/AppCheck.build/Debug-iphonesimulator/AppCheckCore.build/Objects-normal/arm64/e6072d4f65d7061329687fe24e3d63a7-common-args.resp -MMD -MT dependencies -MF /Users/siam/Library/Developer/Xcode/DerivedData/Lingua_Quest-gvpckrqxtbgyprbgppjfqmimmmfw/Build/Intermediates.noindex/AppCheck.build/Debug-iphonesimulator/AppCheckCore.build/Objects-normal/arm64/GACAppCheckTimer.d --serialize-diagnostics /Users/siam/Library/Developer/Xcode/DerivedData/Lingua_Quest-gvpckrqxtbgyprbgppjfqmimmmfw/Build/Intermediates.noindex/AppCheck.build/Debug-iphonesimulator/AppCheckCore.build/Objects-normal/arm64/GACAppCheckTimer.dia -c /Users/siam/Library/Developer/Xcode/DerivedData/Lingua_Quest-gvpckrqxtbgyprbgppjfqmimmmfw/SourcePackages/checkouts/app-check/AppCheckCore/Sources/Core/TokenRefresh/GACAppCheckTimer.m -o /Users/siam/Library/Developer/Xcode/DerivedData/Lingua_Quest-gvpckrqxtbgyprbgppjfqmimmmfw/Build/Intermediates.noindex/AppCheck.build/Debug-iphonesimulator/AppCheckCore.build/Objects-normal/arm64/GACAppCheckTimer.o -index-unit-output-path /AppCheck.build/Debug-iphonesimulator/AppCheckCore.build/Objects-normal/arm64/GACAppCheckTimer.o

ScanDependencies /Users/siam/Library/Developer/Xcode/DerivedData/Lingua_Quest-gvpckrqxtbgyprbgppjfqmimmmfw/Build/Intermediates.noindex/AppCheck.build/Debug-iphonesimulator/AppCheckCore.build/Objects-normal/arm64/GACAppCheckStoredToken.o /Users/siam/Library/Developer/Xcode/DerivedData/Lingua_Quest-gvpckrqxtbgyprbgppjfqmimmmfw/SourcePackages/checkouts/app-check/AppCheckCore/Sources/Core/Storage/GACAppCheckStoredToken.m normal arm64 objective-c com.apple.compilers.llvm.clang.1_0.compiler (in target 'AppCheckCore' from project 'AppCheck')
    cd /Users/siam/Desktop/Lingua\ Quest/Lingua\ Quest.xcodeproj
    
    Using response file: /Users/siam/Library/Developer/Xcode/DerivedData/Lingua_Quest-gvpckrqxtbgyprbgppjfqmimmmfw/Build/Intermediates.noindex/AppCheck.build/Debug-iphonesimulator/AppCheckCore.build/Objects-normal/arm64/e6072d4f65d7061329687fe24e3d63a7-common-args.resp
    
    builtin-ScanDependencies -o /Users/siam/Library/Developer/Xcode/DerivedData/Lingua_Quest-gvpckrqxtbgyprbgppjfqmimmmfw/Build/Intermediates.noindex/AppCheck.build/Debug-iphonesimulator/AppCheckCore.build/Objects-normal/arm64/GACAppCheckStoredToken.o.scan -- /Applications/Xcode.app/Contents/Developer/Toolchains/XcodeDefault.xctoolchain/usr/bin/clang -x objective-c -ivfsstatcache /Users/siam/Library/Developer/Xcode/DerivedData/SDKStatCaches.noindex/iphonesimulator26.0-23A339-26257891a6c027eb51374368541b8346.sdkstatcache -fmessage-length\=0 -fdiagnostics-show-note-include-stack -fmacro-backtrace-limit\=0 -fno-color-diagnostics -fmodules-prune-interval\=86400 -fmodules-prune-after\=345600 -fbuild-session-file\=/Users/siam/Library/Developer/Xcode/DerivedData/ModuleCache.noindex/Session.modulevalidation -fmodules-validate-once-per-build-session -Wnon-modular-include-in-framework-module -Werror\=non-modular-include-in-framework-module -Wno-trigraphs -Wno-missing-field-initializers -Wno-missing-prototypes -Wno-return-type -Wno-implicit-atomic-properties -Wno-objc-interface-ivars -Wno-arc-repeated-use-of-weak -Wno-missing-braces -Wparentheses -Wswitch -Wno-unused-function -Wno-unused-label -Wno-unused-parameter -Wno-unused-variable -Wunused-value -Wno-empty-body -Wno-uninitialized -Wno-unknown-pragmas -w -Wno-shadow -Wno-four-char-constants -Wno-conversion -Wno-constant-conversion -Wno-int-conversion -Wno-bool-conversion -Wno-enum-conversion -Wno-float-conversion -Wno-non-literal-null-conversion -Wno-objc-literal-conversion -Wshorten-64-to-32 -Wpointer-sign -Wno-newline-eof -Wno-selector -Wno-strict-selector-match -Wno-undeclared-selector -Wno-deprecated-implementations -Wno-implicit-fallthrough -fstrict-aliasing -Wprotocol -Wdeprecated-declarations -Wno-sign-conversion -Wno-infinite-recursion -Wno-comma -Wno-block-capture-autoreleasing -Wno-strict-prototypes -Wno-semicolon-before-method-body -index-store-path /Users/siam/Library/Developer/Xcode/DerivedData/Lingua_Quest-gvpckrqxtbgyprbgppjfqmimmmfw/Index.noindex/DataStore @/Users/siam/Library/Developer/Xcode/DerivedData/Lingua_Quest-gvpckrqxtbgyprbgppjfqmimmmfw/Build/Intermediates.noindex/AppCheck.build/Debug-iphonesimulator/AppCheckCore.build/Objects-normal/arm64/e6072d4f65d7061329687fe24e3d63a7-common-args.resp -MMD -MT dependencies -MF /Users/siam/Library/Developer/Xcode/DerivedData/Lingua_Quest-gvpckrqxtbgyprbgppjfqmimmmfw/Build/Intermediates.noindex/AppCheck.build/Debug-iphonesimulator/AppCheckCore.build/Objects-normal/arm64/GACAppCheckStoredToken.d --serialize-diagnostics /Users/siam/Library/Developer/Xcode/DerivedData/Lingua_Quest-gvpckrqxtbgyprbgppjfqmimmmfw/Build/Intermediates.noindex/AppCheck.build/Debug-iphonesimulator/AppCheckCore.build/Objects-normal/arm64/GACAppCheckStoredToken.dia -c /Users/siam/Library/Developer/Xcode/DerivedData/Lingua_Quest-gvpckrqxtbgyprbgppjfqmimmmfw/SourcePackages/checkouts/app-check/AppCheckCore/Sources/Core/Storage/GACAppCheckStoredToken.m -o /Users/siam/Library/Developer/Xcode/DerivedData/Lingua_Quest-gvpckrqxtbgyprbgppjfqmimmmfw/Build/Intermediates.noindex/AppCheck.build/Debug-iphonesimulator/AppCheckCore.build/Objects-normal/arm64/GACAppCheckStoredToken.o -index-unit-output-path /AppCheck.build/Debug-iphonesimulator/AppCheckCore.build/Objects-normal/arm64/GACAppCheckStoredToken.o

CompileC /Users/siam/Library/Developer/Xcode/DerivedData/Lingua_Quest-gvpckrqxtbgyprbgppjfqmimmmfw/Build/Intermediates.noindex/AppCheck.build/Debug-iphonesimulator/AppCheckCore.build/Objects-normal/arm64/GACAppCheckTokenResult.o /Users/siam/Library/Developer/Xcode/DerivedData/Lingua_Quest-gvpckrqxtbgyprbgppjfqmimmmfw/SourcePackages/checkouts/app-check/AppCheckCore/Sources/Core/GACAppCheckTokenResult.m normal arm64 objective-c com.apple.compilers.llvm.clang.1_0.compiler (in target 'AppCheckCore' from project 'AppCheck')
    cd /Users/siam/Desktop/Lingua\ Quest/Lingua\ Quest.xcodeproj
    
    Using response file: /Users/siam/Library/Developer/Xcode/DerivedData/Lingua_Quest-gvpckrqxtbgyprbgppjfqmimmmfw/Build/Intermediates.noindex/AppCheck.build/Debug-iphonesimulator/AppCheckCore.build/Objects-normal/arm64/e6072d4f65d7061329687fe24e3d63a7-common-args.resp
    
    /Applications/Xcode.app/Contents/Developer/Toolchains/XcodeDefault.xctoolchain/usr/bin/clang -x objective-c -ivfsstatcache /Users/siam/Library/Developer/Xcode/DerivedData/SDKStatCaches.noindex/iphonesimulator26.0-23A339-26257891a6c027eb51374368541b8346.sdkstatcache -fmessage-length\=0 -fdiagnostics-show-note-include-stack -fmacro-backtrace-limit\=0 -fno-color-diagnostics -fmodules-prune-interval\=86400 -fmodules-prune-after\=345600 -fbuild-session-file\=/Users/siam/Library/Developer/Xcode/DerivedData/ModuleCache.noindex/Session.modulevalidation -fmodules-validate-once-per-build-session -Wnon-modular-include-in-framework-module -Werror\=non-modular-include-in-framework-module -Wno-trigraphs -Wno-missing-field-initializers -Wno-missing-prototypes -Wno-return-type -Wno-implicit-atomic-properties -Wno-objc-interface-ivars -Wno-arc-repeated-use-of-weak -Wno-missing-braces -Wparentheses -Wswitch -Wno-unused-function -Wno-unused-label -Wno-unused-parameter -Wno-unused-variable -Wunused-value -Wno-empty-body -Wno-uninitialized -Wno-unknown-pragmas -w -Wno-shadow -Wno-four-char-constants -Wno-conversion -Wno-constant-conversion -Wno-int-conversion -Wno-bool-conversion -Wno-enum-conversion -Wno-float-conversion -Wno-non-literal-null-conversion -Wno-objc-literal-conversion -Wshorten-64-to-32 -Wpointer-sign -Wno-newline-eof -Wno-selector -Wno-strict-selector-match -Wno-undeclared-selector -Wno-deprecated-implementations -Wno-implicit-fallthrough -fstrict-aliasing -Wprotocol -Wdeprecated-declarations -Wno-sign-conversion -Wno-infinite-recursion -Wno-comma -Wno-block-capture-autoreleasing -Wno-strict-prototypes -Wno-semicolon-before-method-body -index-store-path /Users/siam/Library/Developer/Xcode/DerivedData/Lingua_Quest-gvpckrqxtbgyprbgppjfqmimmmfw/Index.noindex/DataStore @/Users/siam/Library/Developer/Xcode/DerivedData/Lingua_Quest-gvpckrqxtbgyprbgppjfqmimmmfw/Build/Intermediates.noindex/AppCheck.build/Debug-iphonesimulator/AppCheckCore.build/Objects-normal/arm64/e6072d4f65d7061329687fe24e3d63a7-common-args.resp -MMD -MT dependencies -MF /Users/siam/Library/Developer/Xcode/DerivedData/Lingua_Quest-gvpckrqxtbgyprbgppjfqmimmmfw/Build/Intermediates.noindex/AppCheck.build/Debug-iphonesimulator/AppCheckCore.build/Objects-normal/arm64/GACAppCheckTokenResult.d --serialize-diagnostics /Users/siam/Library/Developer/Xcode/DerivedData/Lingua_Quest-gvpckrqxtbgyprbgppjfqmimmmfw/Build/Intermediates.noindex/AppCheck.build/Debug-iphonesimulator/AppCheckCore.build/Objects-normal/arm64/GACAppCheckTokenResult.dia -c /Users/siam/Library/Developer/Xcode/DerivedData/Lingua_Quest-gvpckrqxtbgyprbgppjfqmimmmfw/SourcePackages/checkouts/app-check/AppCheckCore/Sources/Core/GACAppCheckTokenResult.m -o /Users/siam/Library/Developer/Xcode/DerivedData/Lingua_Quest-gvpckrqxtbgyprbgppjfqmimmmfw/Build/Intermediates.noindex/AppCheck.build/Debug-iphonesimulator/AppCheckCore.build/Objects-normal/arm64/GACAppCheckTokenResult.o -index-unit-output-path /AppCheck.build/Debug-iphonesimulator/AppCheckCore.build/Objects-normal/arm64/GACAppCheckTokenResult.o

CompileC /Users/siam/Library/Developer/Xcode/DerivedData/Lingua_Quest-gvpckrqxtbgyprbgppjfqmimmmfw/Build/Intermediates.noindex/AppCheck.build/Debug-iphonesimulator/AppCheckCore.build/Objects-normal/arm64/GACAppCheckTimer.o /Users/siam/Library/Developer/Xcode/DerivedData/Lingua_Quest-gvpckrqxtbgyprbgppjfqmimmmfw/SourcePackages/checkouts/app-check/AppCheckCore/Sources/Core/TokenRefresh/GACAppCheckTimer.m normal arm64 objective-c com.apple.compilers.llvm.clang.1_0.compiler (in target 'AppCheckCore' from project 'AppCheck')
    cd /Users/siam/Desktop/Lingua\ Quest/Lingua\ Quest.xcodeproj
    
    Using response file: /Users/siam/Library/Developer/Xcode/DerivedData/Lingua_Quest-gvpckrqxtbgyprbgppjfqmimmmfw/Build/Intermediates.noindex/AppCheck.build/Debug-iphonesimulator/AppCheckCore.build/Objects-normal/arm64/e6072d4f65d7061329687fe24e3d63a7-common-args.resp
    
    /Applications/Xcode.app/Contents/Developer/Toolchains/XcodeDefault.xctoolchain/usr/bin/clang -x objective-c -ivfsstatcache /Users/siam/Library/Developer/Xcode/DerivedData/SDKStatCaches.noindex/iphonesimulator26.0-23A339-26257891a6c027eb51374368541b8346.sdkstatcache -fmessage-length\=0 -fdiagnostics-show-note-include-stack -fmacro-backtrace-limit\=0 -fno-color-diagnostics -fmodules-prune-interval\=86400 -fmodules-prune-after\=345600 -fbuild-session-file\=/Users/siam/Library/Developer/Xcode/DerivedData/ModuleCache.noindex/Session.modulevalidation -fmodules-validate-once-per-build-session -Wnon-modular-include-in-framework-module -Werror\=non-modular-include-in-framework-module -Wno-trigraphs -Wno-missing-field-initializers -Wno-missing-prototypes -Wno-return-type -Wno-implicit-atomic-properties -Wno-objc-interface-ivars -Wno-arc-repeated-use-of-weak -Wno-missing-braces -Wparentheses -Wswitch -Wno-unused-function -Wno-unused-label -Wno-unused-parameter -Wno-unused-variable -Wunused-value -Wno-empty-body -Wno-uninitialized -Wno-unknown-pragmas -w -Wno-shadow -Wno-four-char-constants -Wno-conversion -Wno-constant-conversion -Wno-int-conversion -Wno-bool-conversion -Wno-enum-conversion -Wno-float-conversion -Wno-non-literal-null-conversion -Wno-objc-literal-conversion -Wshorten-64-to-32 -Wpointer-sign -Wno-newline-eof -Wno-selector -Wno-strict-selector-match -Wno-undeclared-selector -Wno-deprecated-implementations -Wno-implicit-fallthrough -fstrict-aliasing -Wprotocol -Wdeprecated-declarations -Wno-sign-conversion -Wno-infinite-recursion -Wno-comma -Wno-block-capture-autoreleasing -Wno-strict-prototypes -Wno-semicolon-before-method-body -index-store-path /Users/siam/Library/Developer/Xcode/DerivedData/Lingua_Quest-gvpckrqxtbgyprbgppjfqmimmmfw/Index.noindex/DataStore @/Users/siam/Library/Developer/Xcode/DerivedData/Lingua_Quest-gvpckrqxtbgyprbgppjfqmimmmfw/Build/Intermediates.noindex/AppCheck.build/Debug-iphonesimulator/AppCheckCore.build/Objects-normal/arm64/e6072d4f65d7061329687fe24e3d63a7-common-args.resp -MMD -MT dependencies -MF /Users/siam/Library/Developer/Xcode/DerivedData/Lingua_Quest-gvpckrqxtbgyprbgppjfqmimmmfw/Build/Intermediates.noindex/AppCheck.build/Debug-iphonesimulator/AppCheckCore.build/Objects-normal/arm64/GACAppCheckTimer.d --serialize-diagnostics /Users/siam/Library/Developer/Xcode/DerivedData/Lingua_Quest-gvpckrqxtbgyprbgppjfqmimmmfw/Build/Intermediates.noindex/AppCheck.build/Debug-iphonesimulator/AppCheckCore.build/Objects-normal/arm64/GACAppCheckTimer.dia -c /Users/siam/Library/Developer/Xcode/DerivedData/Lingua_Quest-gvpckrqxtbgyprbgppjfqmimmmfw/SourcePackages/checkouts/app-check/AppCheckCore/Sources/Core/TokenRefresh/GACAppCheckTimer.m -o /Users/siam/Library/Developer/Xcode/DerivedData/Lingua_Quest-gvpckrqxtbgyprbgppjfqmimmmfw/Build/Intermediates.noindex/AppCheck.build/Debug-iphonesimulator/AppCheckCore.build/Objects-normal/arm64/GACAppCheckTimer.o -index-unit-output-path /AppCheck.build/Debug-iphonesimulator/AppCheckCore.build/Objects-normal/arm64/GACAppCheckTimer.o

ScanDependencies /Users/siam/Library/Developer/Xcode/DerivedData/Lingua_Quest-gvpckrqxtbgyprbgppjfqmimmmfw/Build/Intermediates.noindex/AppCheck.build/Debug-iphonesimulator/AppCheckCore.build/Objects-normal/arm64/GACAppCheckStoredToken+GACAppCheckToken.o /Users/siam/Library/Developer/Xcode/DerivedData/Lingua_Quest-gvpckrqxtbgyprbgppjfqmimmmfw/SourcePackages/checkouts/app-check/AppCheckCore/Sources/Core/Storage/GACAppCheckStoredToken+GACAppCheckToken.m normal arm64 objective-c com.apple.compilers.llvm.clang.1_0.compiler (in target 'AppCheckCore' from project 'AppCheck')
    cd /Users/siam/Desktop/Lingua\ Quest/Lingua\ Quest.xcodeproj
    
    Using response file: /Users/siam/Library/Developer/Xcode/DerivedData/Lingua_Quest-gvpckrqxtbgyprbgppjfqmimmmfw/Build/Intermediates.noindex/AppCheck.build/Debug-iphonesimulator/AppCheckCore.build/Objects-normal/arm64/e6072d4f65d7061329687fe24e3d63a7-common-args.resp
    
    builtin-ScanDependencies -o /Users/siam/Library/Developer/Xcode/DerivedData/Lingua_Quest-gvpckrqxtbgyprbgppjfqmimmmfw/Build/Intermediates.noindex/AppCheck.build/Debug-iphonesimulator/AppCheckCore.build/Objects-normal/arm64/GACAppCheckStoredToken+GACAppCheckToken.o.scan -- /Applications/Xcode.app/Contents/Developer/Toolchains/XcodeDefault.xctoolchain/usr/bin/clang -x objective-c -ivfsstatcache /Users/siam/Library/Developer/Xcode/DerivedData/SDKStatCaches.noindex/iphonesimulator26.0-23A339-26257891a6c027eb51374368541b8346.sdkstatcache -fmessage-length\=0 -fdiagnostics-show-note-include-stack -fmacro-backtrace-limit\=0 -fno-color-diagnostics -fmodules-prune-interval\=86400 -fmodules-prune-after\=345600 -fbuild-session-file\=/Users/siam/Library/Developer/Xcode/DerivedData/ModuleCache.noindex/Session.modulevalidation -fmodules-validate-once-per-build-session -Wnon-modular-include-in-framework-module -Werror\=non-modular-include-in-framework-module -Wno-trigraphs -Wno-missing-field-initializers -Wno-missing-prototypes -Wno-return-type -Wno-implicit-atomic-properties -Wno-objc-interface-ivars -Wno-arc-repeated-use-of-weak -Wno-missing-braces -Wparentheses -Wswitch -Wno-unused-function -Wno-unused-label -Wno-unused-parameter -Wno-unused-variable -Wunused-value -Wno-empty-body -Wno-uninitialized -Wno-unknown-pragmas -w -Wno-shadow -Wno-four-char-constants -Wno-conversion -Wno-constant-conversion -Wno-int-conversion -Wno-bool-conversion -Wno-enum-conversion -Wno-float-conversion -Wno-non-literal-null-conversion -Wno-objc-literal-conversion -Wshorten-64-to-32 -Wpointer-sign -Wno-newline-eof -Wno-selector -Wno-strict-selector-match -Wno-undeclared-selector -Wno-deprecated-implementations -Wno-implicit-fallthrough -fstrict-aliasing -Wprotocol -Wdeprecated-declarations -Wno-sign-conversion -Wno-infinite-recursion -Wno-comma -Wno-block-capture-autoreleasing -Wno-strict-prototypes -Wno-semicolon-before-method-body -index-store-path /Users/siam/Library/Developer/Xcode/DerivedData/Lingua_Quest-gvpckrqxtbgyprbgppjfqmimmmfw/Index.noindex/DataStore @/Users/siam/Library/Developer/Xcode/DerivedData/Lingua_Quest-gvpckrqxtbgyprbgppjfqmimmmfw/Build/Intermediates.noindex/AppCheck.build/Debug-iphonesimulator/AppCheckCore.build/Objects-normal/arm64/e6072d4f65d7061329687fe24e3d63a7-common-args.resp -MMD -MT dependencies -MF /Users/siam/Library/Developer/Xcode/DerivedData/Lingua_Quest-gvpckrqxtbgyprbgppjfqmimmmfw/Build/Intermediates.noindex/AppCheck.build/Debug-iphonesimulator/AppCheckCore.build/Objects-normal/arm64/GACAppCheckStoredToken+GACAppCheckToken.d --serialize-diagnostics /Users/siam/Library/Developer/Xcode/DerivedData/Lingua_Quest-gvpckrqxtbgyprbgppjfqmimmmfw/Build/Intermediates.noindex/AppCheck.build/Debug-iphonesimulator/AppCheckCore.build/Objects-normal/arm64/GACAppCheckStoredToken+GACAppCheckToken.dia -c /Users/siam/Library/Developer/Xcode/DerivedData/Lingua_Quest-gvpckrqxtbgyprbgppjfqmimmmfw/SourcePackages/checkouts/app-check/AppCheckCore/Sources/Core/Storage/GACAppCheckStoredToken+GACAppCheckToken.m -o /Users/siam/Library/Developer/Xcode/DerivedData/Lingua_Quest-gvpckrqxtbgyprbgppjfqmimmmfw/Build/Intermediates.noindex/AppCheck.build/Debug-iphonesimulator/AppCheckCore.build/Objects-normal/arm64/GACAppCheckStoredToken+GACAppCheckToken.o -index-unit-output-path /AppCheck.build/Debug-iphonesimulator/AppCheckCore.build/Objects-normal/arm64/GACAppCheckStoredToken+GACAppCheckToken.o

CompileC /Users/siam/Library/Developer/Xcode/DerivedData/Lingua_Quest-gvpckrqxtbgyprbgppjfqmimmmfw/Build/Intermediates.noindex/AppCheck.build/Debug-iphonesimulator/AppCheckCore.build/Objects-normal/arm64/GACAppCheckTokenRefresher.o /Users/siam/Library/Developer/Xcode/DerivedData/Lingua_Quest-gvpckrqxtbgyprbgppjfqmimmmfw/SourcePackages/checkouts/app-check/AppCheckCore/Sources/Core/TokenRefresh/GACAppCheckTokenRefresher.m normal arm64 objective-c com.apple.compilers.llvm.clang.1_0.compiler (in target 'AppCheckCore' from project 'AppCheck')
    cd /Users/siam/Desktop/Lingua\ Quest/Lingua\ Quest.xcodeproj
    
    Using response file: /Users/siam/Library/Developer/Xcode/DerivedData/Lingua_Quest-gvpckrqxtbgyprbgppjfqmimmmfw/Build/Intermediates.noindex/AppCheck.build/Debug-iphonesimulator/AppCheckCore.build/Objects-normal/arm64/e6072d4f65d7061329687fe24e3d63a7-common-args.resp
    
    /Applications/Xcode.app/Contents/Developer/Toolchains/XcodeDefault.xctoolchain/usr/bin/clang -x objective-c -ivfsstatcache /Users/siam/Library/Developer/Xcode/DerivedData/SDKStatCaches.noindex/iphonesimulator26.0-23A339-26257891a6c027eb51374368541b8346.sdkstatcache -fmessage-length\=0 -fdiagnostics-show-note-include-stack -fmacro-backtrace-limit\=0 -fno-color-diagnostics -fmodules-prune-interval\=86400 -fmodules-prune-after\=345600 -fbuild-session-file\=/Users/siam/Library/Developer/Xcode/DerivedData/ModuleCache.noindex/Session.modulevalidation -fmodules-validate-once-per-build-session -Wnon-modular-include-in-framework-module -Werror\=non-modular-include-in-framework-module -Wno-trigraphs -Wno-missing-field-initializers -Wno-missing-prototypes -Wno-return-type -Wno-implicit-atomic-properties -Wno-objc-interface-ivars -Wno-arc-repeated-use-of-weak -Wno-missing-braces -Wparentheses -Wswitch -Wno-unused-function -Wno-unused-label -Wno-unused-parameter -Wno-unused-variable -Wunused-value -Wno-empty-body -Wno-uninitialized -Wno-unknown-pragmas -w -Wno-shadow -Wno-four-char-constants -Wno-conversion -Wno-constant-conversion -Wno-int-conversion -Wno-bool-conversion -Wno-enum-conversion -Wno-float-conversion -Wno-non-literal-null-conversion -Wno-objc-literal-conversion -Wshorten-64-to-32 -Wpointer-sign -Wno-newline-eof -Wno-selector -Wno-strict-selector-match -Wno-undeclared-selector -Wno-deprecated-implementations -Wno-implicit-fallthrough -fstrict-aliasing -Wprotocol -Wdeprecated-declarations -Wno-sign-conversion -Wno-infinite-recursion -Wno-comma -Wno-block-capture-autoreleasing -Wno-strict-prototypes -Wno-semicolon-before-method-body -index-store-path /Users/siam/Library/Developer/Xcode/DerivedData/Lingua_Quest-gvpckrqxtbgyprbgppjfqmimmmfw/Index.noindex/DataStore @/Users/siam/Library/Developer/Xcode/DerivedData/Lingua_Quest-gvpckrqxtbgyprbgppjfqmimmmfw/Build/Intermediates.noindex/AppCheck.build/Debug-iphonesimulator/AppCheckCore.build/Objects-normal/arm64/e6072d4f65d7061329687fe24e3d63a7-common-args.resp -MMD -MT dependencies -MF /Users/siam/Library/Developer/Xcode/DerivedData/Lingua_Quest-gvpckrqxtbgyprbgppjfqmimmmfw/Build/Intermediates.noindex/AppCheck.build/Debug-iphonesimulator/AppCheckCore.build/Objects-normal/arm64/GACAppCheckTokenRefresher.d --serialize-diagnostics /Users/siam/Library/Developer/Xcode/DerivedData/Lingua_Quest-gvpckrqxtbgyprbgppjfqmimmmfw/Build/Intermediates.noindex/AppCheck.build/Debug-iphonesimulator/AppCheckCore.build/Objects-normal/arm64/GACAppCheckTokenRefresher.dia -c /Users/siam/Library/Developer/Xcode/DerivedData/Lingua_Quest-gvpckrqxtbgyprbgppjfqmimmmfw/SourcePackages/checkouts/app-check/AppCheckCore/Sources/Core/TokenRefresh/GACAppCheckTokenRefresher.m -o /Users/siam/Library/Developer/Xcode/DerivedData/Lingua_Quest-gvpckrqxtbgyprbgppjfqmimmmfw/Build/Intermediates.noindex/AppCheck.build/Debug-iphonesimulator/AppCheckCore.build/Objects-normal/arm64/GACAppCheckTokenRefresher.o -index-unit-output-path /AppCheck.build/Debug-iphonesimulator/AppCheckCore.build/Objects-normal/arm64/GACAppCheckTokenRefresher.o

CompileC /Users/siam/Library/Developer/Xcode/DerivedData/Lingua_Quest-gvpckrqxtbgyprbgppjfqmimmmfw/Build/Intermediates.noindex/AppCheck.build/Debug-iphonesimulator/AppCheckCore.build/Objects-normal/arm64/GACAppCheckTokenRefreshResult.o /Users/siam/Library/Developer/Xcode/DerivedData/Lingua_Quest-gvpckrqxtbgyprbgppjfqmimmmfw/SourcePackages/checkouts/app-check/AppCheckCore/Sources/Core/TokenRefresh/GACAppCheckTokenRefreshResult.m normal arm64 objective-c com.apple.compilers.llvm.clang.1_0.compiler (in target 'AppCheckCore' from project 'AppCheck')
    cd /Users/siam/Desktop/Lingua\ Quest/Lingua\ Quest.xcodeproj
    
    Using response file: /Users/siam/Library/Developer/Xcode/DerivedData/Lingua_Quest-gvpckrqxtbgyprbgppjfqmimmmfw/Build/Intermediates.noindex/AppCheck.build/Debug-iphonesimulator/AppCheckCore.build/Objects-normal/arm64/e6072d4f65d7061329687fe24e3d63a7-common-args.resp
    
    /Applications/Xcode.app/Contents/Developer/Toolchains/XcodeDefault.xctoolchain/usr/bin/clang -x objective-c -ivfsstatcache /Users/siam/Library/Developer/Xcode/DerivedData/SDKStatCaches.noindex/iphonesimulator26.0-23A339-26257891a6c027eb51374368541b8346.sdkstatcache -fmessage-length\=0 -fdiagnostics-show-note-include-stack -fmacro-backtrace-limit\=0 -fno-color-diagnostics -fmodules-prune-interval\=86400 -fmodules-prune-after\=345600 -fbuild-session-file\=/Users/siam/Library/Developer/Xcode/DerivedData/ModuleCache.noindex/Session.modulevalidation -fmodules-validate-once-per-build-session -Wnon-modular-include-in-framework-module -Werror\=non-modular-include-in-framework-module -Wno-trigraphs -Wno-missing-field-initializers -Wno-missing-prototypes -Wno-return-type -Wno-implicit-atomic-properties -Wno-objc-interface-ivars -Wno-arc-repeated-use-of-weak -Wno-missing-braces -Wparentheses -Wswitch -Wno-unused-function -Wno-unused-label -Wno-unused-parameter -Wno-unused-variable -Wunused-value -Wno-empty-body -Wno-uninitialized -Wno-unknown-pragmas -w -Wno-shadow -Wno-four-char-constants -Wno-conversion -Wno-constant-conversion -Wno-int-conversion -Wno-bool-conversion -Wno-enum-conversion -Wno-float-conversion -Wno-non-literal-null-conversion -Wno-objc-literal-conversion -Wshorten-64-to-32 -Wpointer-sign -Wno-newline-eof -Wno-selector -Wno-strict-selector-match -Wno-undeclared-selector -Wno-deprecated-implementations -Wno-implicit-fallthrough -fstrict-aliasing -Wprotocol -Wdeprecated-declarations -Wno-sign-conversion -Wno-infinite-recursion -Wno-comma -Wno-block-capture-autoreleasing -Wno-strict-prototypes -Wno-semicolon-before-method-body -index-store-path /Users/siam/Library/Developer/Xcode/DerivedData/Lingua_Quest-gvpckrqxtbgyprbgppjfqmimmmfw/Index.noindex/DataStore @/Users/siam/Library/Developer/Xcode/DerivedData/Lingua_Quest-gvpckrqxtbgyprbgppjfqmimmmfw/Build/Intermediates.noindex/AppCheck.build/Debug-iphonesimulator/AppCheckCore.build/Objects-normal/arm64/e6072d4f65d7061329687fe24e3d63a7-common-args.resp -MMD -MT dependencies -MF /Users/siam/Library/Developer/Xcode/DerivedData/Lingua_Quest-gvpckrqxtbgyprbgppjfqmimmmfw/Build/Intermediates.noindex/AppCheck.build/Debug-iphonesimulator/AppCheckCore.build/Objects-normal/arm64/GACAppCheckTokenRefreshResult.d --serialize-diagnostics /Users/siam/Library/Developer/Xcode/DerivedData/Lingua_Quest-gvpckrqxtbgyprbgppjfqmimmmfw/Build/Intermediates.noindex/AppCheck.build/Debug-iphonesimulator/AppCheckCore.build/Objects-normal/arm64/GACAppCheckTokenRefreshResult.dia -c /Users/siam/Library/Developer/Xcode/DerivedData/Lingua_Quest-gvpckrqxtbgyprbgppjfqmimmmfw/SourcePackages/checkouts/app-check/AppCheckCore/Sources/Core/TokenRefresh/GACAppCheckTokenRefreshResult.m -o /Users/siam/Library/Developer/Xcode/DerivedData/Lingua_Quest-gvpckrqxtbgyprbgppjfqmimmmfw/Build/Intermediates.noindex/AppCheck.build/Debug-iphonesimulator/AppCheckCore.build/Objects-normal/arm64/GACAppCheckTokenRefreshResult.o -index-unit-output-path /AppCheck.build/Debug-iphonesimulator/AppCheckCore.build/Objects-normal/arm64/GACAppCheckTokenRefreshResult.o

ScanDependencies /Users/siam/Library/Developer/Xcode/DerivedData/Lingua_Quest-gvpckrqxtbgyprbgppjfqmimmmfw/Build/Intermediates.noindex/AppCheck.build/Debug-iphonesimulator/AppCheckCore.build/Objects-normal/arm64/GACAppCheckStorage.o /Users/siam/Library/Developer/Xcode/DerivedData/Lingua_Quest-gvpckrqxtbgyprbgppjfqmimmmfw/SourcePackages/checkouts/app-check/AppCheckCore/Sources/Core/Storage/GACAppCheckStorage.m normal arm64 objective-c com.apple.compilers.llvm.clang.1_0.compiler (in target 'AppCheckCore' from project 'AppCheck')
    cd /Users/siam/Desktop/Lingua\ Quest/Lingua\ Quest.xcodeproj
    
    Using response file: /Users/siam/Library/Developer/Xcode/DerivedData/Lingua_Quest-gvpckrqxtbgyprbgppjfqmimmmfw/Build/Intermediates.noindex/AppCheck.build/Debug-iphonesimulator/AppCheckCore.build/Objects-normal/arm64/e6072d4f65d7061329687fe24e3d63a7-common-args.resp
    
    builtin-ScanDependencies -o /Users/siam/Library/Developer/Xcode/DerivedData/Lingua_Quest-gvpckrqxtbgyprbgppjfqmimmmfw/Build/Intermediates.noindex/AppCheck.build/Debug-iphonesimulator/AppCheckCore.build/Objects-normal/arm64/GACAppCheckStorage.o.scan -- /Applications/Xcode.app/Contents/Developer/Toolchains/XcodeDefault.xctoolchain/usr/bin/clang -x objective-c -ivfsstatcache /Users/siam/Library/Developer/Xcode/DerivedData/SDKStatCaches.noindex/iphonesimulator26.0-23A339-26257891a6c027eb51374368541b8346.sdkstatcache -fmessage-length\=0 -fdiagnostics-show-note-include-stack -fmacro-backtrace-limit\=0 -fno-color-diagnostics -fmodules-prune-interval\=86400 -fmodules-prune-after\=345600 -fbuild-session-file\=/Users/siam/Library/Developer/Xcode/DerivedData/ModuleCache.noindex/Session.modulevalidation -fmodules-validate-once-per-build-session -Wnon-modular-include-in-framework-module -Werror\=non-modular-include-in-framework-module -Wno-trigraphs -Wno-missing-field-initializers -Wno-missing-prototypes -Wno-return-type -Wno-implicit-atomic-properties -Wno-objc-interface-ivars -Wno-arc-repeated-use-of-weak -Wno-missing-braces -Wparentheses -Wswitch -Wno-unused-function -Wno-unused-label -Wno-unused-parameter -Wno-unused-variable -Wunused-value -Wno-empty-body -Wno-uninitialized -Wno-unknown-pragmas -w -Wno-shadow -Wno-four-char-constants -Wno-conversion -Wno-constant-conversion -Wno-int-conversion -Wno-bool-conversion -Wno-enum-conversion -Wno-float-conversion -Wno-non-literal-null-conversion -Wno-objc-literal-conversion -Wshorten-64-to-32 -Wpointer-sign -Wno-newline-eof -Wno-selector -Wno-strict-selector-match -Wno-undeclared-selector -Wno-deprecated-implementations -Wno-implicit-fallthrough -fstrict-aliasing -Wprotocol -Wdeprecated-declarations -Wno-sign-conversion -Wno-infinite-recursion -Wno-comma -Wno-block-capture-autoreleasing -Wno-strict-prototypes -Wno-semicolon-before-method-body -index-store-path /Users/siam/Library/Developer/Xcode/DerivedData/Lingua_Quest-gvpckrqxtbgyprbgppjfqmimmmfw/Index.noindex/DataStore @/Users/siam/Library/Developer/Xcode/DerivedData/Lingua_Quest-gvpckrqxtbgyprbgppjfqmimmmfw/Build/Intermediates.noindex/AppCheck.build/Debug-iphonesimulator/AppCheckCore.build/Objects-normal/arm64/e6072d4f65d7061329687fe24e3d63a7-common-args.resp -MMD -MT dependencies -MF /Users/siam/Library/Developer/Xcode/DerivedData/Lingua_Quest-gvpckrqxtbgyprbgppjfqmimmmfw/Build/Intermediates.noindex/AppCheck.build/Debug-iphonesimulator/AppCheckCore.build/Objects-normal/arm64/GACAppCheckStorage.d --serialize-diagnostics /Users/siam/Library/Developer/Xcode/DerivedData/Lingua_Quest-gvpckrqxtbgyprbgppjfqmimmmfw/Build/Intermediates.noindex/AppCheck.build/Debug-iphonesimulator/AppCheckCore.build/Objects-normal/arm64/GACAppCheckStorage.dia -c /Users/siam/Library/Developer/Xcode/DerivedData/Lingua_Quest-gvpckrqxtbgyprbgppjfqmimmmfw/SourcePackages/checkouts/app-check/AppCheckCore/Sources/Core/Storage/GACAppCheckStorage.m -o /Users/siam/Library/Developer/Xcode/DerivedData/Lingua_Quest-gvpckrqxtbgyprbgppjfqmimmmfw/Build/Intermediates.noindex/AppCheck.build/Debug-iphonesimulator/AppCheckCore.build/Objects-normal/arm64/GACAppCheckStorage.o -index-unit-output-path /AppCheck.build/Debug-iphonesimulator/AppCheckCore.build/Objects-normal/arm64/GACAppCheckStorage.o

CompileC /Users/siam/Library/Developer/Xcode/DerivedData/Lingua_Quest-gvpckrqxtbgyprbgppjfqmimmmfw/Build/Intermediates.noindex/AppCheck.build/Debug-iphonesimulator/AppCheckCore.build/Objects-normal/arm64/GACAppCheckStoredToken.o /Users/siam/Library/Developer/Xcode/DerivedData/Lingua_Quest-gvpckrqxtbgyprbgppjfqmimmmfw/SourcePackages/checkouts/app-check/AppCheckCore/Sources/Core/Storage/GACAppCheckStoredToken.m normal arm64 objective-c com.apple.compilers.llvm.clang.1_0.compiler (in target 'AppCheckCore' from project 'AppCheck')
    cd /Users/siam/Desktop/Lingua\ Quest/Lingua\ Quest.xcodeproj
    
    Using response file: /Users/siam/Library/Developer/Xcode/DerivedData/Lingua_Quest-gvpckrqxtbgyprbgppjfqmimmmfw/Build/Intermediates.noindex/AppCheck.build/Debug-iphonesimulator/AppCheckCore.build/Objects-normal/arm64/e6072d4f65d7061329687fe24e3d63a7-common-args.resp
    
    /Applications/Xcode.app/Contents/Developer/Toolchains/XcodeDefault.xctoolchain/usr/bin/clang -x objective-c -ivfsstatcache /Users/siam/Library/Developer/Xcode/DerivedData/SDKStatCaches.noindex/iphonesimulator26.0-23A339-26257891a6c027eb51374368541b8346.sdkstatcache -fmessage-length\=0 -fdiagnostics-show-note-include-stack -fmacro-backtrace-limit\=0 -fno-color-diagnostics -fmodules-prune-interval\=86400 -fmodules-prune-after\=345600 -fbuild-session-file\=/Users/siam/Library/Developer/Xcode/DerivedData/ModuleCache.noindex/Session.modulevalidation -fmodules-validate-once-per-build-session -Wnon-modular-include-in-framework-module -Werror\=non-modular-include-in-framework-module -Wno-trigraphs -Wno-missing-field-initializers -Wno-missing-prototypes -Wno-return-type -Wno-implicit-atomic-properties -Wno-objc-interface-ivars -Wno-arc-repeated-use-of-weak -Wno-missing-braces -Wparentheses -Wswitch -Wno-unused-function -Wno-unused-label -Wno-unused-parameter -Wno-unused-variable -Wunused-value -Wno-empty-body -Wno-uninitialized -Wno-unknown-pragmas -w -Wno-shadow -Wno-four-char-constants -Wno-conversion -Wno-constant-conversion -Wno-int-conversion -Wno-bool-conversion -Wno-enum-conversion -Wno-float-conversion -Wno-non-literal-null-conversion -Wno-objc-literal-conversion -Wshorten-64-to-32 -Wpointer-sign -Wno-newline-eof -Wno-selector -Wno-strict-selector-match -Wno-undeclared-selector -Wno-deprecated-implementations -Wno-implicit-fallthrough -fstrict-aliasing -Wprotocol -Wdeprecated-declarations -Wno-sign-conversion -Wno-infinite-recursion -Wno-comma -Wno-block-capture-autoreleasing -Wno-strict-prototypes -Wno-semicolon-before-method-body -index-store-path /Users/siam/Library/Developer/Xcode/DerivedData/Lingua_Quest-gvpckrqxtbgyprbgppjfqmimmmfw/Index.noindex/DataStore @/Users/siam/Library/Developer/Xcode/DerivedData/Lingua_Quest-gvpckrqxtbgyprbgppjfqmimmmfw/Build/Intermediates.noindex/AppCheck.build/Debug-iphonesimulator/AppCheckCore.build/Objects-normal/arm64/e6072d4f65d7061329687fe24e3d63a7-common-args.resp -MMD -MT dependencies -MF /Users/siam/Library/Developer/Xcode/DerivedData/Lingua_Quest-gvpckrqxtbgyprbgppjfqmimmmfw/Build/Intermediates.noindex/AppCheck.build/Debug-iphonesimulator/AppCheckCore.build/Objects-normal/arm64/GACAppCheckStoredToken.d --serialize-diagnostics /Users/siam/Library/Developer/Xcode/DerivedData/Lingua_Quest-gvpckrqxtbgyprbgppjfqmimmmfw/Build/Intermediates.noindex/AppCheck.build/Debug-iphonesimulator/AppCheckCore.build/Objects-normal/arm64/GACAppCheckStoredToken.dia -c /Users/siam/Library/Developer/Xcode/DerivedData/Lingua_Quest-gvpckrqxtbgyprbgppjfqmimmmfw/SourcePackages/checkouts/app-check/AppCheckCore/Sources/Core/Storage/GACAppCheckStoredToken.m -o /Users/siam/Library/Developer/Xcode/DerivedData/Lingua_Quest-gvpckrqxtbgyprbgppjfqmimmmfw/Build/Intermediates.noindex/AppCheck.build/Debug-iphonesimulator/AppCheckCore.build/Objects-normal/arm64/GACAppCheckStoredToken.o -index-unit-output-path /AppCheck.build/Debug-iphonesimulator/AppCheckCore.build/Objects-normal/arm64/GACAppCheckStoredToken.o

CompileC /Users/siam/Library/Developer/Xcode/DerivedData/Lingua_Quest-gvpckrqxtbgyprbgppjfqmimmmfw/Build/Intermediates.noindex/AppCheck.build/Debug-iphonesimulator/AppCheckCore.build/Objects-normal/arm64/NSURLSession+GACPromises.o /Users/siam/Library/Developer/Xcode/DerivedData/Lingua_Quest-gvpckrqxtbgyprbgppjfqmimmmfw/SourcePackages/checkouts/app-check/AppCheckCore/Sources/Core/APIService/NSURLSession+GACPromises.m normal arm64 objective-c com.apple.compilers.llvm.clang.1_0.compiler (in target 'AppCheckCore' from project 'AppCheck')
    cd /Users/siam/Desktop/Lingua\ Quest/Lingua\ Quest.xcodeproj
    
    Using response file: /Users/siam/Library/Developer/Xcode/DerivedData/Lingua_Quest-gvpckrqxtbgyprbgppjfqmimmmfw/Build/Intermediates.noindex/AppCheck.build/Debug-iphonesimulator/AppCheckCore.build/Objects-normal/arm64/e6072d4f65d7061329687fe24e3d63a7-common-args.resp
    
    /Applications/Xcode.app/Contents/Developer/Toolchains/XcodeDefault.xctoolchain/usr/bin/clang -x objective-c -ivfsstatcache /Users/siam/Library/Developer/Xcode/DerivedData/SDKStatCaches.noindex/iphonesimulator26.0-23A339-26257891a6c027eb51374368541b8346.sdkstatcache -fmessage-length\=0 -fdiagnostics-show-note-include-stack -fmacro-backtrace-limit\=0 -fno-color-diagnostics -fmodules-prune-interval\=86400 -fmodules-prune-after\=345600 -fbuild-session-file\=/Users/siam/Library/Developer/Xcode/DerivedData/ModuleCache.noindex/Session.modulevalidation -fmodules-validate-once-per-build-session -Wnon-modular-include-in-framework-module -Werror\=non-modular-include-in-framework-module -Wno-trigraphs -Wno-missing-field-initializers -Wno-missing-prototypes -Wno-return-type -Wno-implicit-atomic-properties -Wno-objc-interface-ivars -Wno-arc-repeated-use-of-weak -Wno-missing-braces -Wparentheses -Wswitch -Wno-unused-function -Wno-unused-label -Wno-unused-parameter -Wno-unused-variable -Wunused-value -Wno-empty-body -Wno-uninitialized -Wno-unknown-pragmas -w -Wno-shadow -Wno-four-char-constants -Wno-conversion -Wno-constant-conversion -Wno-int-conversion -Wno-bool-conversion -Wno-enum-conversion -Wno-float-conversion -Wno-non-literal-null-conversion -Wno-objc-literal-conversion -Wshorten-64-to-32 -Wpointer-sign -Wno-newline-eof -Wno-selector -Wno-strict-selector-match -Wno-undeclared-selector -Wno-deprecated-implementations -Wno-implicit-fallthrough -fstrict-aliasing -Wprotocol -Wdeprecated-declarations -Wno-sign-conversion -Wno-infinite-recursion -Wno-comma -Wno-block-capture-autoreleasing -Wno-strict-prototypes -Wno-semicolon-before-method-body -index-store-path /Users/siam/Library/Developer/Xcode/DerivedData/Lingua_Quest-gvpckrqxtbgyprbgppjfqmimmmfw/Index.noindex/DataStore @/Users/siam/Library/Developer/Xcode/DerivedData/Lingua_Quest-gvpckrqxtbgyprbgppjfqmimmmfw/Build/Intermediates.noindex/AppCheck.build/Debug-iphonesimulator/AppCheckCore.build/Objects-normal/arm64/e6072d4f65d7061329687fe24e3d63a7-common-args.resp -MMD -MT dependencies -MF /Users/siam/Library/Developer/Xcode/DerivedData/Lingua_Quest-gvpckrqxtbgyprbgppjfqmimmmfw/Build/Intermediates.noindex/AppCheck.build/Debug-iphonesimulator/AppCheckCore.build/Objects-normal/arm64/NSURLSession+GACPromises.d --serialize-diagnostics /Users/siam/Library/Developer/Xcode/DerivedData/Lingua_Quest-gvpckrqxtbgyprbgppjfqmimmmfw/Build/Intermediates.noindex/AppCheck.build/Debug-iphonesimulator/AppCheckCore.build/Objects-normal/arm64/NSURLSession+GACPromises.dia -c /Users/siam/Library/Developer/Xcode/DerivedData/Lingua_Quest-gvpckrqxtbgyprbgppjfqmimmmfw/SourcePackages/checkouts/app-check/AppCheckCore/Sources/Core/APIService/NSURLSession+GACPromises.m -o /Users/siam/Library/Developer/Xcode/DerivedData/Lingua_Quest-gvpckrqxtbgyprbgppjfqmimmmfw/Build/Intermediates.noindex/AppCheck.build/Debug-iphonesimulator/AppCheckCore.build/Objects-normal/arm64/NSURLSession+GACPromises.o -index-unit-output-path /AppCheck.build/Debug-iphonesimulator/AppCheckCore.build/Objects-normal/arm64/NSURLSession+GACPromises.o

CompileC /Users/siam/Library/Developer/Xcode/DerivedData/Lingua_Quest-gvpckrqxtbgyprbgppjfqmimmmfw/Build/Intermediates.noindex/AppCheck.build/Debug-iphonesimulator/AppCheckCore.build/Objects-normal/arm64/GACDeviceCheckProvider.o /Users/siam/Library/Developer/Xcode/DerivedData/Lingua_Quest-gvpckrqxtbgyprbgppjfqmimmmfw/SourcePackages/checkouts/app-check/AppCheckCore/Sources/DeviceCheckProvider/GACDeviceCheckProvider.m normal arm64 objective-c com.apple.compilers.llvm.clang.1_0.compiler (in target 'AppCheckCore' from project 'AppCheck')
    cd /Users/siam/Desktop/Lingua\ Quest/Lingua\ Quest.xcodeproj
    
    Using response file: /Users/siam/Library/Developer/Xcode/DerivedData/Lingua_Quest-gvpckrqxtbgyprbgppjfqmimmmfw/Build/Intermediates.noindex/AppCheck.build/Debug-iphonesimulator/AppCheckCore.build/Objects-normal/arm64/e6072d4f65d7061329687fe24e3d63a7-common-args.resp
    
    /Applications/Xcode.app/Contents/Developer/Toolchains/XcodeDefault.xctoolchain/usr/bin/clang -x objective-c -ivfsstatcache /Users/siam/Library/Developer/Xcode/DerivedData/SDKStatCaches.noindex/iphonesimulator26.0-23A339-26257891a6c027eb51374368541b8346.sdkstatcache -fmessage-length\=0 -fdiagnostics-show-note-include-stack -fmacro-backtrace-limit\=0 -fno-color-diagnostics -fmodules-prune-interval\=86400 -fmodules-prune-after\=345600 -fbuild-session-file\=/Users/siam/Library/Developer/Xcode/DerivedData/ModuleCache.noindex/Session.modulevalidation -fmodules-validate-once-per-build-session -Wnon-modular-include-in-framework-module -Werror\=non-modular-include-in-framework-module -Wno-trigraphs -Wno-missing-field-initializers -Wno-missing-prototypes -Wno-return-type -Wno-implicit-atomic-properties -Wno-objc-interface-ivars -Wno-arc-repeated-use-of-weak -Wno-missing-braces -Wparentheses -Wswitch -Wno-unused-function -Wno-unused-label -Wno-unused-parameter -Wno-unused-variable -Wunused-value -Wno-empty-body -Wno-uninitialized -Wno-unknown-pragmas -w -Wno-shadow -Wno-four-char-constants -Wno-conversion -Wno-constant-conversion -Wno-int-conversion -Wno-bool-conversion -Wno-enum-conversion -Wno-float-conversion -Wno-non-literal-null-conversion -Wno-objc-literal-conversion -Wshorten-64-to-32 -Wpointer-sign -Wno-newline-eof -Wno-selector -Wno-strict-selector-match -Wno-undeclared-selector -Wno-deprecated-implementations -Wno-implicit-fallthrough -fstrict-aliasing -Wprotocol -Wdeprecated-declarations -Wno-sign-conversion -Wno-infinite-recursion -Wno-comma -Wno-block-capture-autoreleasing -Wno-strict-prototypes -Wno-semicolon-before-method-body -index-store-path /Users/siam/Library/Developer/Xcode/DerivedData/Lingua_Quest-gvpckrqxtbgyprbgppjfqmimmmfw/Index.noindex/DataStore @/Users/siam/Library/Developer/Xcode/DerivedData/Lingua_Quest-gvpckrqxtbgyprbgppjfqmimmmfw/Build/Intermediates.noindex/AppCheck.build/Debug-iphonesimulator/AppCheckCore.build/Objects-normal/arm64/e6072d4f65d7061329687fe24e3d63a7-common-args.resp -MMD -MT dependencies -MF /Users/siam/Library/Developer/Xcode/DerivedData/Lingua_Quest-gvpckrqxtbgyprbgppjfqmimmmfw/Build/Intermediates.noindex/AppCheck.build/Debug-iphonesimulator/AppCheckCore.build/Objects-normal/arm64/GACDeviceCheckProvider.d --serialize-diagnostics /Users/siam/Library/Developer/Xcode/DerivedData/Lingua_Quest-gvpckrqxtbgyprbgppjfqmimmmfw/Build/Intermediates.noindex/AppCheck.build/Debug-iphonesimulator/AppCheckCore.build/Objects-normal/arm64/GACDeviceCheckProvider.dia -c /Users/siam/Library/Developer/Xcode/DerivedData/Lingua_Quest-gvpckrqxtbgyprbgppjfqmimmmfw/SourcePackages/checkouts/app-check/AppCheckCore/Sources/DeviceCheckProvider/GACDeviceCheckProvider.m -o /Users/siam/Library/Developer/Xcode/DerivedData/Lingua_Quest-gvpckrqxtbgyprbgppjfqmimmmfw/Build/Intermediates.noindex/AppCheck.build/Debug-iphonesimulator/AppCheckCore.build/Objects-normal/arm64/GACDeviceCheckProvider.o -index-unit-output-path /AppCheck.build/Debug-iphonesimulator/AppCheckCore.build/Objects-normal/arm64/GACDeviceCheckProvider.o

CompileC /Users/siam/Library/Developer/Xcode/DerivedData/Lingua_Quest-gvpckrqxtbgyprbgppjfqmimmmfw/Build/Intermediates.noindex/AppCheck.build/Debug-iphonesimulator/AppCheckCore.build/Objects-normal/arm64/GACDeviceCheckAPIService.o /Users/siam/Library/Developer/Xcode/DerivedData/Lingua_Quest-gvpckrqxtbgyprbgppjfqmimmmfw/SourcePackages/checkouts/app-check/AppCheckCore/Sources/DeviceCheckProvider/API/GACDeviceCheckAPIService.m normal arm64 objective-c com.apple.compilers.llvm.clang.1_0.compiler (in target 'AppCheckCore' from project 'AppCheck')
    cd /Users/siam/Desktop/Lingua\ Quest/Lingua\ Quest.xcodeproj
    
    Using response file: /Users/siam/Library/Developer/Xcode/DerivedData/Lingua_Quest-gvpckrqxtbgyprbgppjfqmimmmfw/Build/Intermediates.noindex/AppCheck.build/Debug-iphonesimulator/AppCheckCore.build/Objects-normal/arm64/e6072d4f65d7061329687fe24e3d63a7-common-args.resp
    
    /Applications/Xcode.app/Contents/Developer/Toolchains/XcodeDefault.xctoolchain/usr/bin/clang -x objective-c -ivfsstatcache /Users/siam/Library/Developer/Xcode/DerivedData/SDKStatCaches.noindex/iphonesimulator26.0-23A339-26257891a6c027eb51374368541b8346.sdkstatcache -fmessage-length\=0 -fdiagnostics-show-note-include-stack -fmacro-backtrace-limit\=0 -fno-color-diagnostics -fmodules-prune-interval\=86400 -fmodules-prune-after\=345600 -fbuild-session-file\=/Users/siam/Library/Developer/Xcode/DerivedData/ModuleCache.noindex/Session.modulevalidation -fmodules-validate-once-per-build-session -Wnon-modular-include-in-framework-module -Werror\=non-modular-include-in-framework-module -Wno-trigraphs -Wno-missing-field-initializers -Wno-missing-prototypes -Wno-return-type -Wno-implicit-atomic-properties -Wno-objc-interface-ivars -Wno-arc-repeated-use-of-weak -Wno-missing-braces -Wparentheses -Wswitch -Wno-unused-function -Wno-unused-label -Wno-unused-parameter -Wno-unused-variable -Wunused-value -Wno-empty-body -Wno-uninitialized -Wno-unknown-pragmas -w -Wno-shadow -Wno-four-char-constants -Wno-conversion -Wno-constant-conversion -Wno-int-conversion -Wno-bool-conversion -Wno-enum-conversion -Wno-float-conversion -Wno-non-literal-null-conversion -Wno-objc-literal-conversion -Wshorten-64-to-32 -Wpointer-sign -Wno-newline-eof -Wno-selector -Wno-strict-selector-match -Wno-undeclared-selector -Wno-deprecated-implementations -Wno-implicit-fallthrough -fstrict-aliasing -Wprotocol -Wdeprecated-declarations -Wno-sign-conversion -Wno-infinite-recursion -Wno-comma -Wno-block-capture-autoreleasing -Wno-strict-prototypes -Wno-semicolon-before-method-body -index-store-path /Users/siam/Library/Developer/Xcode/DerivedData/Lingua_Quest-gvpckrqxtbgyprbgppjfqmimmmfw/Index.noindex/DataStore @/Users/siam/Library/Developer/Xcode/DerivedData/Lingua_Quest-gvpckrqxtbgyprbgppjfqmimmmfw/Build/Intermediates.noindex/AppCheck.build/Debug-iphonesimulator/AppCheckCore.build/Objects-normal/arm64/e6072d4f65d7061329687fe24e3d63a7-common-args.resp -MMD -MT dependencies -MF /Users/siam/Library/Developer/Xcode/DerivedData/Lingua_Quest-gvpckrqxtbgyprbgppjfqmimmmfw/Build/Intermediates.noindex/AppCheck.build/Debug-iphonesimulator/AppCheckCore.build/Objects-normal/arm64/GACDeviceCheckAPIService.d --serialize-diagnostics /Users/siam/Library/Developer/Xcode/DerivedData/Lingua_Quest-gvpckrqxtbgyprbgppjfqmimmmfw/Build/Intermediates.noindex/AppCheck.build/Debug-iphonesimulator/AppCheckCore.build/Objects-normal/arm64/GACDeviceCheckAPIService.dia -c /Users/siam/Library/Developer/Xcode/DerivedData/Lingua_Quest-gvpckrqxtbgyprbgppjfqmimmmfw/SourcePackages/checkouts/app-check/AppCheckCore/Sources/DeviceCheckProvider/API/GACDeviceCheckAPIService.m -o /Users/siam/Library/Developer/Xcode/DerivedData/Lingua_Quest-gvpckrqxtbgyprbgppjfqmimmmfw/Build/Intermediates.noindex/AppCheck.build/Debug-iphonesimulator/AppCheckCore.build/Objects-normal/arm64/GACDeviceCheckAPIService.o -index-unit-output-path /AppCheck.build/Debug-iphonesimulator/AppCheckCore.build/Objects-normal/arm64/GACDeviceCheckAPIService.o

CompileC /Users/siam/Library/Developer/Xcode/DerivedData/Lingua_Quest-gvpckrqxtbgyprbgppjfqmimmmfw/Build/Intermediates.noindex/AppCheck.build/Debug-iphonesimulator/AppCheckCore.build/Objects-normal/arm64/GACAppCheckToken.o /Users/siam/Library/Developer/Xcode/DerivedData/Lingua_Quest-gvpckrqxtbgyprbgppjfqmimmmfw/SourcePackages/checkouts/app-check/AppCheckCore/Sources/Core/GACAppCheckToken.m normal arm64 objective-c com.apple.compilers.llvm.clang.1_0.compiler (in target 'AppCheckCore' from project 'AppCheck')
    cd /Users/siam/Desktop/Lingua\ Quest/Lingua\ Quest.xcodeproj
    
    Using response file: /Users/siam/Library/Developer/Xcode/DerivedData/Lingua_Quest-gvpckrqxtbgyprbgppjfqmimmmfw/Build/Intermediates.noindex/AppCheck.build/Debug-iphonesimulator/AppCheckCore.build/Objects-normal/arm64/e6072d4f65d7061329687fe24e3d63a7-common-args.resp
    
    /Applications/Xcode.app/Contents/Developer/Toolchains/XcodeDefault.xctoolchain/usr/bin/clang -x objective-c -ivfsstatcache /Users/siam/Library/Developer/Xcode/DerivedData/SDKStatCaches.noindex/iphonesimulator26.0-23A339-26257891a6c027eb51374368541b8346.sdkstatcache -fmessage-length\=0 -fdiagnostics-show-note-include-stack -fmacro-backtrace-limit\=0 -fno-color-diagnostics -fmodules-prune-interval\=86400 -fmodules-prune-after\=345600 -fbuild-session-file\=/Users/siam/Library/Developer/Xcode/DerivedData/ModuleCache.noindex/Session.modulevalidation -fmodules-validate-once-per-build-session -Wnon-modular-include-in-framework-module -Werror\=non-modular-include-in-framework-module -Wno-trigraphs -Wno-missing-field-initializers -Wno-missing-prototypes -Wno-return-type -Wno-implicit-atomic-properties -Wno-objc-interface-ivars -Wno-arc-repeated-use-of-weak -Wno-missing-braces -Wparentheses -Wswitch -Wno-unused-function -Wno-unused-label -Wno-unused-parameter -Wno-unused-variable -Wunused-value -Wno-empty-body -Wno-uninitialized -Wno-unknown-pragmas -w -Wno-shadow -Wno-four-char-constants -Wno-conversion -Wno-constant-conversion -Wno-int-conversion -Wno-bool-conversion -Wno-enum-conversion -Wno-float-conversion -Wno-non-literal-null-conversion -Wno-objc-literal-conversion -Wshorten-64-to-32 -Wpointer-sign -Wno-newline-eof -Wno-selector -Wno-strict-selector-match -Wno-undeclared-selector -Wno-deprecated-implementations -Wno-implicit-fallthrough -fstrict-aliasing -Wprotocol -Wdeprecated-declarations -Wno-sign-conversion -Wno-infinite-recursion -Wno-comma -Wno-block-capture-autoreleasing -Wno-strict-prototypes -Wno-semicolon-before-method-body -index-store-path /Users/siam/Library/Developer/Xcode/DerivedData/Lingua_Quest-gvpckrqxtbgyprbgppjfqmimmmfw/Index.noindex/DataStore @/Users/siam/Library/Developer/Xcode/DerivedData/Lingua_Quest-gvpckrqxtbgyprbgppjfqmimmmfw/Build/Intermediates.noindex/AppCheck.build/Debug-iphonesimulator/AppCheckCore.build/Objects-normal/arm64/e6072d4f65d7061329687fe24e3d63a7-common-args.resp -MMD -MT dependencies -MF /Users/siam/Library/Developer/Xcode/DerivedData/Lingua_Quest-gvpckrqxtbgyprbgppjfqmimmmfw/Build/Intermediates.noindex/AppCheck.build/Debug-iphonesimulator/AppCheckCore.build/Objects-normal/arm64/GACAppCheckToken.d --serialize-diagnostics /Users/siam/Library/Developer/Xcode/DerivedData/Lingua_Quest-gvpckrqxtbgyprbgppjfqmimmmfw/Build/Intermediates.noindex/AppCheck.build/Debug-iphonesimulator/AppCheckCore.build/Objects-normal/arm64/GACAppCheckToken.dia -c /Users/siam/Library/Developer/Xcode/DerivedData/Lingua_Quest-gvpckrqxtbgyprbgppjfqmimmmfw/SourcePackages/checkouts/app-check/AppCheckCore/Sources/Core/GACAppCheckToken.m -o /Users/siam/Library/Developer/Xcode/DerivedData/Lingua_Quest-gvpckrqxtbgyprbgppjfqmimmmfw/Build/Intermediates.noindex/AppCheck.build/Debug-iphonesimulator/AppCheckCore.build/Objects-normal/arm64/GACAppCheckToken.o -index-unit-output-path /AppCheck.build/Debug-iphonesimulator/AppCheckCore.build/Objects-normal/arm64/GACAppCheckToken.o

CompileC /Users/siam/Library/Developer/Xcode/DerivedData/Lingua_Quest-gvpckrqxtbgyprbgppjfqmimmmfw/Build/Intermediates.noindex/AppCheck.build/Debug-iphonesimulator/AppCheckCore.build/Objects-normal/arm64/GACAppCheckToken+APIResponse.o /Users/siam/Library/Developer/Xcode/DerivedData/Lingua_Quest-gvpckrqxtbgyprbgppjfqmimmmfw/SourcePackages/checkouts/app-check/AppCheckCore/Sources/Core/APIService/GACAppCheckToken+APIResponse.m normal arm64 objective-c com.apple.compilers.llvm.clang.1_0.compiler (in target 'AppCheckCore' from project 'AppCheck')
    cd /Users/siam/Desktop/Lingua\ Quest/Lingua\ Quest.xcodeproj
    
    Using response file: /Users/siam/Library/Developer/Xcode/DerivedData/Lingua_Quest-gvpckrqxtbgyprbgppjfqmimmmfw/Build/Intermediates.noindex/AppCheck.build/Debug-iphonesimulator/AppCheckCore.build/Objects-normal/arm64/e6072d4f65d7061329687fe24e3d63a7-common-args.resp
    
    /Applications/Xcode.app/Contents/Developer/Toolchains/XcodeDefault.xctoolchain/usr/bin/clang -x objective-c -ivfsstatcache /Users/siam/Library/Developer/Xcode/DerivedData/SDKStatCaches.noindex/iphonesimulator26.0-23A339-26257891a6c027eb51374368541b8346.sdkstatcache -fmessage-length\=0 -fdiagnostics-show-note-include-stack -fmacro-backtrace-limit\=0 -fno-color-diagnostics -fmodules-prune-interval\=86400 -fmodules-prune-after\=345600 -fbuild-session-file\=/Users/siam/Library/Developer/Xcode/DerivedData/ModuleCache.noindex/Session.modulevalidation -fmodules-validate-once-per-build-session -Wnon-modular-include-in-framework-module -Werror\=non-modular-include-in-framework-module -Wno-trigraphs -Wno-missing-field-initializers -Wno-missing-prototypes -Wno-return-type -Wno-implicit-atomic-properties -Wno-objc-interface-ivars -Wno-arc-repeated-use-of-weak -Wno-missing-braces -Wparentheses -Wswitch -Wno-unused-function -Wno-unused-label -Wno-unused-parameter -Wno-unused-variable -Wunused-value -Wno-empty-body -Wno-uninitialized -Wno-unknown-pragmas -w -Wno-shadow -Wno-four-char-constants -Wno-conversion -Wno-constant-conversion -Wno-int-conversion -Wno-bool-conversion -Wno-enum-conversion -Wno-float-conversion -Wno-non-literal-null-conversion -Wno-objc-literal-conversion -Wshorten-64-to-32 -Wpointer-sign -Wno-newline-eof -Wno-selector -Wno-strict-selector-match -Wno-undeclared-selector -Wno-deprecated-implementations -Wno-implicit-fallthrough -fstrict-aliasing -Wprotocol -Wdeprecated-declarations -Wno-sign-conversion -Wno-infinite-recursion -Wno-comma -Wno-block-capture-autoreleasing -Wno-strict-prototypes -Wno-semicolon-before-method-body -index-store-path /Users/siam/Library/Developer/Xcode/DerivedData/Lingua_Quest-gvpckrqxtbgyprbgppjfqmimmmfw/Index.noindex/DataStore @/Users/siam/Library/Developer/Xcode/DerivedData/Lingua_Quest-gvpckrqxtbgyprbgppjfqmimmmfw/Build/Intermediates.noindex/AppCheck.build/Debug-iphonesimulator/AppCheckCore.build/Objects-normal/arm64/e6072d4f65d7061329687fe24e3d63a7-common-args.resp -MMD -MT dependencies -MF /Users/siam/Library/Developer/Xcode/DerivedData/Lingua_Quest-gvpckrqxtbgyprbgppjfqmimmmfw/Build/Intermediates.noindex/AppCheck.build/Debug-iphonesimulator/AppCheckCore.build/Objects-normal/arm64/GACAppCheckToken+APIResponse.d --serialize-diagnostics /Users/siam/Library/Developer/Xcode/DerivedData/Lingua_Quest-gvpckrqxtbgyprbgppjfqmimmmfw/Build/Intermediates.noindex/AppCheck.build/Debug-iphonesimulator/AppCheckCore.build/Objects-normal/arm64/GACAppCheckToken+APIResponse.dia -c /Users/siam/Library/Developer/Xcode/DerivedData/Lingua_Quest-gvpckrqxtbgyprbgppjfqmimmmfw/SourcePackages/checkouts/app-check/AppCheckCore/Sources/Core/APIService/GACAppCheckToken+APIResponse.m -o /Users/siam/Library/Developer/Xcode/DerivedData/Lingua_Quest-gvpckrqxtbgyprbgppjfqmimmmfw/Build/Intermediates.noindex/AppCheck.build/Debug-iphonesimulator/AppCheckCore.build/Objects-normal/arm64/GACAppCheckToken+APIResponse.o -index-unit-output-path /AppCheck.build/Debug-iphonesimulator/AppCheckCore.build/Objects-normal/arm64/GACAppCheckToken+APIResponse.o

CompileC /Users/siam/Library/Developer/Xcode/DerivedData/Lingua_Quest-gvpckrqxtbgyprbgppjfqmimmmfw/Build/Intermediates.noindex/AppCheck.build/Debug-iphonesimulator/AppCheckCore.build/Objects-normal/arm64/GACAppCheckStoredToken+GACAppCheckToken.o /Users/siam/Library/Developer/Xcode/DerivedData/Lingua_Quest-gvpckrqxtbgyprbgppjfqmimmmfw/SourcePackages/checkouts/app-check/AppCheckCore/Sources/Core/Storage/GACAppCheckStoredToken+GACAppCheckToken.m normal arm64 objective-c com.apple.compilers.llvm.clang.1_0.compiler (in target 'AppCheckCore' from project 'AppCheck')
    cd /Users/siam/Desktop/Lingua\ Quest/Lingua\ Quest.xcodeproj
    
    Using response file: /Users/siam/Library/Developer/Xcode/DerivedData/Lingua_Quest-gvpckrqxtbgyprbgppjfqmimmmfw/Build/Intermediates.noindex/AppCheck.build/Debug-iphonesimulator/AppCheckCore.build/Objects-normal/arm64/e6072d4f65d7061329687fe24e3d63a7-common-args.resp
    
    /Applications/Xcode.app/Contents/Developer/Toolchains/XcodeDefault.xctoolchain/usr/bin/clang -x objective-c -ivfsstatcache /Users/siam/Library/Developer/Xcode/DerivedData/SDKStatCaches.noindex/iphonesimulator26.0-23A339-26257891a6c027eb51374368541b8346.sdkstatcache -fmessage-length\=0 -fdiagnostics-show-note-include-stack -fmacro-backtrace-limit\=0 -fno-color-diagnostics -fmodules-prune-interval\=86400 -fmodules-prune-after\=345600 -fbuild-session-file\=/Users/siam/Library/Developer/Xcode/DerivedData/ModuleCache.noindex/Session.modulevalidation -fmodules-validate-once-per-build-session -Wnon-modular-include-in-framework-module -Werror\=non-modular-include-in-framework-module -Wno-trigraphs -Wno-missing-field-initializers -Wno-missing-prototypes -Wno-return-type -Wno-implicit-atomic-properties -Wno-objc-interface-ivars -Wno-arc-repeated-use-of-weak -Wno-missing-braces -Wparentheses -Wswitch -Wno-unused-function -Wno-unused-label -Wno-unused-parameter -Wno-unused-variable -Wunused-value -Wno-empty-body -Wno-uninitialized -Wno-unknown-pragmas -w -Wno-shadow -Wno-four-char-constants -Wno-conversion -Wno-constant-conversion -Wno-int-conversion -Wno-bool-conversion -Wno-enum-conversion -Wno-float-conversion -Wno-non-literal-null-conversion -Wno-objc-literal-conversion -Wshorten-64-to-32 -Wpointer-sign -Wno-newline-eof -Wno-selector -Wno-strict-selector-match -Wno-undeclared-selector -Wno-deprecated-implementations -Wno-implicit-fallthrough -fstrict-aliasing -Wprotocol -Wdeprecated-declarations -Wno-sign-conversion -Wno-infinite-recursion -Wno-comma -Wno-block-capture-autoreleasing -Wno-strict-prototypes -Wno-semicolon-before-method-body -index-store-path /Users/siam/Library/Developer/Xcode/DerivedData/Lingua_Quest-gvpckrqxtbgyprbgppjfqmimmmfw/Index.noindex/DataStore @/Users/siam/Library/Developer/Xcode/DerivedData/Lingua_Quest-gvpckrqxtbgyprbgppjfqmimmmfw/Build/Intermediates.noindex/AppCheck.build/Debug-iphonesimulator/AppCheckCore.build/Objects-normal/arm64/e6072d4f65d7061329687fe24e3d63a7-common-args.resp -MMD -MT dependencies -MF /Users/siam/Library/Developer/Xcode/DerivedData/Lingua_Quest-gvpckrqxtbgyprbgppjfqmimmmfw/Build/Intermediates.noindex/AppCheck.build/Debug-iphonesimulator/AppCheckCore.build/Objects-normal/arm64/GACAppCheckStoredToken+GACAppCheckToken.d --serialize-diagnostics /Users/siam/Library/Developer/Xcode/DerivedData/Lingua_Quest-gvpckrqxtbgyprbgppjfqmimmmfw/Build/Intermediates.noindex/AppCheck.build/Debug-iphonesimulator/AppCheckCore.build/Objects-normal/arm64/GACAppCheckStoredToken+GACAppCheckToken.dia -c /Users/siam/Library/Developer/Xcode/DerivedData/Lingua_Quest-gvpckrqxtbgyprbgppjfqmimmmfw/SourcePackages/checkouts/app-check/AppCheckCore/Sources/Core/Storage/GACAppCheckStoredToken+GACAppCheckToken.m -o /Users/siam/Library/Developer/Xcode/DerivedData/Lingua_Quest-gvpckrqxtbgyprbgppjfqmimmmfw/Build/Intermediates.noindex/AppCheck.build/Debug-iphonesimulator/AppCheckCore.build/Objects-normal/arm64/GACAppCheckStoredToken+GACAppCheckToken.o -index-unit-output-path /AppCheck.build/Debug-iphonesimulator/AppCheckCore.build/Objects-normal/arm64/GACAppCheckStoredToken+GACAppCheckToken.o

PrecompileModule /Users/siam/Library/Developer/Xcode/DerivedData/Lingua_Quest-gvpckrqxtbgyprbgppjfqmimmmfw/Build/Intermediates.noindex/ExplicitPrecompiledModules/os_object-3ML39F2BX2TFY2ZAUW3QRNCV5.scan
    cd /
    builtin-precompileModule /Users/siam/Library/Developer/Xcode/DerivedData/Lingua_Quest-gvpckrqxtbgyprbgppjfqmimmmfw/Build/Intermediates.noindex/ExplicitPrecompiledModules/os_object-3ML39F2BX2TFY2ZAUW3QRNCV5.scan

ScanDependencies /Users/siam/Library/Developer/Xcode/DerivedData/Lingua_Quest-gvpckrqxtbgyprbgppjfqmimmmfw/Build/Intermediates.noindex/AppCheck.build/Debug-iphonesimulator/AppCheckCore.build/Objects-normal/arm64/GACAppCheckSettings.o /Users/siam/Library/Developer/Xcode/DerivedData/Lingua_Quest-gvpckrqxtbgyprbgppjfqmimmmfw/SourcePackages/checkouts/app-check/AppCheckCore/Sources/Core/GACAppCheckSettings.m normal arm64 objective-c com.apple.compilers.llvm.clang.1_0.compiler (in target 'AppCheckCore' from project 'AppCheck')
    cd /Users/siam/Desktop/Lingua\ Quest/Lingua\ Quest.xcodeproj
    
    Using response file: /Users/siam/Library/Developer/Xcode/DerivedData/Lingua_Quest-gvpckrqxtbgyprbgppjfqmimmmfw/Build/Intermediates.noindex/AppCheck.build/Debug-iphonesimulator/AppCheckCore.build/Objects-normal/arm64/e6072d4f65d7061329687fe24e3d63a7-common-args.resp
    
    builtin-ScanDependencies -o /Users/siam/Library/Developer/Xcode/DerivedData/Lingua_Quest-gvpckrqxtbgyprbgppjfqmimmmfw/Build/Intermediates.noindex/AppCheck.build/Debug-iphonesimulator/AppCheckCore.build/Objects-normal/arm64/GACAppCheckSettings.o.scan -- /Applications/Xcode.app/Contents/Developer/Toolchains/XcodeDefault.xctoolchain/usr/bin/clang -x objective-c -ivfsstatcache /Users/siam/Library/Developer/Xcode/DerivedData/SDKStatCaches.noindex/iphonesimulator26.0-23A339-26257891a6c027eb51374368541b8346.sdkstatcache -fmessage-length\=0 -fdiagnostics-show-note-include-stack -fmacro-backtrace-limit\=0 -fno-color-diagnostics -fmodules-prune-interval\=86400 -fmodules-prune-after\=345600 -fbuild-session-file\=/Users/siam/Library/Developer/Xcode/DerivedData/ModuleCache.noindex/Session.modulevalidation -fmodules-validate-once-per-build-session -Wnon-modular-include-in-framework-module -Werror\=non-modular-include-in-framework-module -Wno-trigraphs -Wno-missing-field-initializers -Wno-missing-prototypes -Wno-return-type -Wno-implicit-atomic-properties -Wno-objc-interface-ivars -Wno-arc-repeated-use-of-weak -Wno-missing-braces -Wparentheses -Wswitch -Wno-unused-function -Wno-unused-label -Wno-unused-parameter -Wno-unused-variable -Wunused-value -Wno-empty-body -Wno-uninitialized -Wno-unknown-pragmas -w -Wno-shadow -Wno-four-char-constants -Wno-conversion -Wno-constant-conversion -Wno-int-conversion -Wno-bool-conversion -Wno-enum-conversion -Wno-float-conversion -Wno-non-literal-null-conversion -Wno-objc-literal-conversion -Wshorten-64-to-32 -Wpointer-sign -Wno-newline-eof -Wno-selector -Wno-strict-selector-match -Wno-undeclared-selector -Wno-deprecated-implementations -Wno-implicit-fallthrough -fstrict-aliasing -Wprotocol -Wdeprecated-declarations -Wno-sign-conversion -Wno-infinite-recursion -Wno-comma -Wno-block-capture-autoreleasing -Wno-strict-prototypes -Wno-semicolon-before-method-body -index-store-path /Users/siam/Library/Developer/Xcode/DerivedData/Lingua_Quest-gvpckrqxtbgyprbgppjfqmimmmfw/Index.noindex/DataStore @/Users/siam/Library/Developer/Xcode/DerivedData/Lingua_Quest-gvpckrqxtbgyprbgppjfqmimmmfw/Build/Intermediates.noindex/AppCheck.build/Debug-iphonesimulator/AppCheckCore.build/Objects-normal/arm64/e6072d4f65d7061329687fe24e3d63a7-common-args.resp -MMD -MT dependencies -MF /Users/siam/Library/Developer/Xcode/DerivedData/Lingua_Quest-gvpckrqxtbgyprbgppjfqmimmmfw/Build/Intermediates.noindex/AppCheck.build/Debug-iphonesimulator/AppCheckCore.build/Objects-normal/arm64/GACAppCheckSettings.d --serialize-diagnostics /Users/siam/Library/Developer/Xcode/DerivedData/Lingua_Quest-gvpckrqxtbgyprbgppjfqmimmmfw/Build/Intermediates.noindex/AppCheck.build/Debug-iphonesimulator/AppCheckCore.build/Objects-normal/arm64/GACAppCheckSettings.dia -c /Users/siam/Library/Developer/Xcode/DerivedData/Lingua_Quest-gvpckrqxtbgyprbgppjfqmimmmfw/SourcePackages/checkouts/app-check/AppCheckCore/Sources/Core/GACAppCheckSettings.m -o /Users/siam/Library/Developer/Xcode/DerivedData/Lingua_Quest-gvpckrqxtbgyprbgppjfqmimmmfw/Build/Intermediates.noindex/AppCheck.build/Debug-iphonesimulator/AppCheckCore.build/Objects-normal/arm64/GACAppCheckSettings.o -index-unit-output-path /AppCheck.build/Debug-iphonesimulator/AppCheckCore.build/Objects-normal/arm64/GACAppCheckSettings.o

ScanDependencies /Users/siam/Library/Developer/Xcode/DerivedData/Lingua_Quest-gvpckrqxtbgyprbgppjfqmimmmfw/Build/Intermediates.noindex/AppCheck.build/Debug-iphonesimulator/AppCheckCore.build/Objects-normal/arm64/GACAppCheckLogger.o /Users/siam/Library/Developer/Xcode/DerivedData/Lingua_Quest-gvpckrqxtbgyprbgppjfqmimmmfw/SourcePackages/checkouts/app-check/AppCheckCore/Sources/Core/GACAppCheckLogger.m normal arm64 objective-c com.apple.compilers.llvm.clang.1_0.compiler (in target 'AppCheckCore' from project 'AppCheck')
    cd /Users/siam/Desktop/Lingua\ Quest/Lingua\ Quest.xcodeproj
    
    Using response file: /Users/siam/Library/Developer/Xcode/DerivedData/Lingua_Quest-gvpckrqxtbgyprbgppjfqmimmmfw/Build/Intermediates.noindex/AppCheck.build/Debug-iphonesimulator/AppCheckCore.build/Objects-normal/arm64/e6072d4f65d7061329687fe24e3d63a7-common-args.resp
    
    builtin-ScanDependencies -o /Users/siam/Library/Developer/Xcode/DerivedData/Lingua_Quest-gvpckrqxtbgyprbgppjfqmimmmfw/Build/Intermediates.noindex/AppCheck.build/Debug-iphonesimulator/AppCheckCore.build/Objects-normal/arm64/GACAppCheckLogger.o.scan -- /Applications/Xcode.app/Contents/Developer/Toolchains/XcodeDefault.xctoolchain/usr/bin/clang -x objective-c -ivfsstatcache /Users/siam/Library/Developer/Xcode/DerivedData/SDKStatCaches.noindex/iphonesimulator26.0-23A339-26257891a6c027eb51374368541b8346.sdkstatcache -fmessage-length\=0 -fdiagnostics-show-note-include-stack -fmacro-backtrace-limit\=0 -fno-color-diagnostics -fmodules-prune-interval\=86400 -fmodules-prune-after\=345600 -fbuild-session-file\=/Users/siam/Library/Developer/Xcode/DerivedData/ModuleCache.noindex/Session.modulevalidation -fmodules-validate-once-per-build-session -Wnon-modular-include-in-framework-module -Werror\=non-modular-include-in-framework-module -Wno-trigraphs -Wno-missing-field-initializers -Wno-missing-prototypes -Wno-return-type -Wno-implicit-atomic-properties -Wno-objc-interface-ivars -Wno-arc-repeated-use-of-weak -Wno-missing-braces -Wparentheses -Wswitch -Wno-unused-function -Wno-unused-label -Wno-unused-parameter -Wno-unused-variable -Wunused-value -Wno-empty-body -Wno-uninitialized -Wno-unknown-pragmas -w -Wno-shadow -Wno-four-char-constants -Wno-conversion -Wno-constant-conversion -Wno-int-conversion -Wno-bool-conversion -Wno-enum-conversion -Wno-float-conversion -Wno-non-literal-null-conversion -Wno-objc-literal-conversion -Wshorten-64-to-32 -Wpointer-sign -Wno-newline-eof -Wno-selector -Wno-strict-selector-match -Wno-undeclared-selector -Wno-deprecated-implementations -Wno-implicit-fallthrough -fstrict-aliasing -Wprotocol -Wdeprecated-declarations -Wno-sign-conversion -Wno-infinite-recursion -Wno-comma -Wno-block-capture-autoreleasing -Wno-strict-prototypes -Wno-semicolon-before-method-body -index-store-path /Users/siam/Library/Developer/Xcode/DerivedData/Lingua_Quest-gvpckrqxtbgyprbgppjfqmimmmfw/Index.noindex/DataStore @/Users/siam/Library/Developer/Xcode/DerivedData/Lingua_Quest-gvpckrqxtbgyprbgppjfqmimmmfw/Build/Intermediates.noindex/AppCheck.build/Debug-iphonesimulator/AppCheckCore.build/Objects-normal/arm64/e6072d4f65d7061329687fe24e3d63a7-common-args.resp -MMD -MT dependencies -MF /Users/siam/Library/Developer/Xcode/DerivedData/Lingua_Quest-gvpckrqxtbgyprbgppjfqmimmmfw/Build/Intermediates.noindex/AppCheck.build/Debug-iphonesimulator/AppCheckCore.build/Objects-normal/arm64/GACAppCheckLogger.d --serialize-diagnostics /Users/siam/Library/Developer/Xcode/DerivedData/Lingua_Quest-gvpckrqxtbgyprbgppjfqmimmmfw/Build/Intermediates.noindex/AppCheck.build/Debug-iphonesimulator/AppCheckCore.build/Objects-normal/arm64/GACAppCheckLogger.dia -c /Users/siam/Library/Developer/Xcode/DerivedData/Lingua_Quest-gvpckrqxtbgyprbgppjfqmimmmfw/SourcePackages/checkouts/app-check/AppCheckCore/Sources/Core/GACAppCheckLogger.m -o /Users/siam/Library/Developer/Xcode/DerivedData/Lingua_Quest-gvpckrqxtbgyprbgppjfqmimmmfw/Build/Intermediates.noindex/AppCheck.build/Debug-iphonesimulator/AppCheckCore.build/Objects-normal/arm64/GACAppCheckLogger.o -index-unit-output-path /AppCheck.build/Debug-iphonesimulator/AppCheckCore.build/Objects-normal/arm64/GACAppCheckLogger.o

ScanDependencies /Users/siam/Library/Developer/Xcode/DerivedData/Lingua_Quest-gvpckrqxtbgyprbgppjfqmimmmfw/Build/Intermediates.noindex/AppCheck.build/Debug-iphonesimulator/AppCheckCore.build/Objects-normal/arm64/GACAppCheckHTTPError.o /Users/siam/Library/Developer/Xcode/DerivedData/Lingua_Quest-gvpckrqxtbgyprbgppjfqmimmmfw/SourcePackages/checkouts/app-check/AppCheckCore/Sources/Core/Errors/GACAppCheckHTTPError.m normal arm64 objective-c com.apple.compilers.llvm.clang.1_0.compiler (in target 'AppCheckCore' from project 'AppCheck')
    cd /Users/siam/Desktop/Lingua\ Quest/Lingua\ Quest.xcodeproj
    
    Using response file: /Users/siam/Library/Developer/Xcode/DerivedData/Lingua_Quest-gvpckrqxtbgyprbgppjfqmimmmfw/Build/Intermediates.noindex/AppCheck.build/Debug-iphonesimulator/AppCheckCore.build/Objects-normal/arm64/e6072d4f65d7061329687fe24e3d63a7-common-args.resp
    
    builtin-ScanDependencies -o /Users/siam/Library/Developer/Xcode/DerivedData/Lingua_Quest-gvpckrqxtbgyprbgppjfqmimmmfw/Build/Intermediates.noindex/AppCheck.build/Debug-iphonesimulator/AppCheckCore.build/Objects-normal/arm64/GACAppCheckHTTPError.o.scan -- /Applications/Xcode.app/Contents/Developer/Toolchains/XcodeDefault.xctoolchain/usr/bin/clang -x objective-c -ivfsstatcache /Users/siam/Library/Developer/Xcode/DerivedData/SDKStatCaches.noindex/iphonesimulator26.0-23A339-26257891a6c027eb51374368541b8346.sdkstatcache -fmessage-length\=0 -fdiagnostics-show-note-include-stack -fmacro-backtrace-limit\=0 -fno-color-diagnostics -fmodules-prune-interval\=86400 -fmodules-prune-after\=345600 -fbuild-session-file\=/Users/siam/Library/Developer/Xcode/DerivedData/ModuleCache.noindex/Session.modulevalidation -fmodules-validate-once-per-build-session -Wnon-modular-include-in-framework-module -Werror\=non-modular-include-in-framework-module -Wno-trigraphs -Wno-missing-field-initializers -Wno-missing-prototypes -Wno-return-type -Wno-implicit-atomic-properties -Wno-objc-interface-ivars -Wno-arc-repeated-use-of-weak -Wno-missing-braces -Wparentheses -Wswitch -Wno-unused-function -Wno-unused-label -Wno-unused-parameter -Wno-unused-variable -Wunused-value -Wno-empty-body -Wno-uninitialized -Wno-unknown-pragmas -w -Wno-shadow -Wno-four-char-constants -Wno-conversion -Wno-constant-conversion -Wno-int-conversion -Wno-bool-conversion -Wno-enum-conversion -Wno-float-conversion -Wno-non-literal-null-conversion -Wno-objc-literal-conversion -Wshorten-64-to-32 -Wpointer-sign -Wno-newline-eof -Wno-selector -Wno-strict-selector-match -Wno-undeclared-selector -Wno-deprecated-implementations -Wno-implicit-fallthrough -fstrict-aliasing -Wprotocol -Wdeprecated-declarations -Wno-sign-conversion -Wno-infinite-recursion -Wno-comma -Wno-block-capture-autoreleasing -Wno-strict-prototypes -Wno-semicolon-before-method-body -index-store-path /Users/siam/Library/Developer/Xcode/DerivedData/Lingua_Quest-gvpckrqxtbgyprbgppjfqmimmmfw/Index.noindex/DataStore @/Users/siam/Library/Developer/Xcode/DerivedData/Lingua_Quest-gvpckrqxtbgyprbgppjfqmimmmfw/Build/Intermediates.noindex/AppCheck.build/Debug-iphonesimulator/AppCheckCore.build/Objects-normal/arm64/e6072d4f65d7061329687fe24e3d63a7-common-args.resp -MMD -MT dependencies -MF /Users/siam/Library/Developer/Xcode/DerivedData/Lingua_Quest-gvpckrqxtbgyprbgppjfqmimmmfw/Build/Intermediates.noindex/AppCheck.build/Debug-iphonesimulator/AppCheckCore.build/Objects-normal/arm64/GACAppCheckHTTPError.d --serialize-diagnostics /Users/siam/Library/Developer/Xcode/DerivedData/Lingua_Quest-gvpckrqxtbgyprbgppjfqmimmmfw/Build/Intermediates.noindex/AppCheck.build/Debug-iphonesimulator/AppCheckCore.build/Objects-normal/arm64/GACAppCheckHTTPError.dia -c /Users/siam/Library/Developer/Xcode/DerivedData/Lingua_Quest-gvpckrqxtbgyprbgppjfqmimmmfw/SourcePackages/checkouts/app-check/AppCheckCore/Sources/Core/Errors/GACAppCheckHTTPError.m -o /Users/siam/Library/Developer/Xcode/DerivedData/Lingua_Quest-gvpckrqxtbgyprbgppjfqmimmmfw/Build/Intermediates.noindex/AppCheck.build/Debug-iphonesimulator/AppCheckCore.build/Objects-normal/arm64/GACAppCheckHTTPError.o -index-unit-output-path /AppCheck.build/Debug-iphonesimulator/AppCheckCore.build/Objects-normal/arm64/GACAppCheckHTTPError.o

PrecompileModule /Users/siam/Library/Developer/Xcode/DerivedData/Lingua_Quest-gvpckrqxtbgyprbgppjfqmimmmfw/Build/Intermediates.noindex/ExplicitPrecompiledModules/GoogleUtilities_Environment-F2E60HF16RNHKR85C5ODCR9M4.scan
    cd /
    builtin-precompileModule /Users/siam/Library/Developer/Xcode/DerivedData/Lingua_Quest-gvpckrqxtbgyprbgppjfqmimmmfw/Build/Intermediates.noindex/ExplicitPrecompiledModules/GoogleUtilities_Environment-F2E60HF16RNHKR85C5ODCR9M4.scan

CompileC /Users/siam/Library/Developer/Xcode/DerivedData/Lingua_Quest-gvpckrqxtbgyprbgppjfqmimmmfw/Build/Intermediates.noindex/AppCheck.build/Debug-iphonesimulator/AppCheckCore.build/Objects-normal/arm64/GACAppCheckLogger.o /Users/siam/Library/Developer/Xcode/DerivedData/Lingua_Quest-gvpckrqxtbgyprbgppjfqmimmmfw/SourcePackages/checkouts/app-check/AppCheckCore/Sources/Core/GACAppCheckLogger.m normal arm64 objective-c com.apple.compilers.llvm.clang.1_0.compiler (in target 'AppCheckCore' from project 'AppCheck')
    cd /Users/siam/Desktop/Lingua\ Quest/Lingua\ Quest.xcodeproj
    
    Using response file: /Users/siam/Library/Developer/Xcode/DerivedData/Lingua_Quest-gvpckrqxtbgyprbgppjfqmimmmfw/Build/Intermediates.noindex/AppCheck.build/Debug-iphonesimulator/AppCheckCore.build/Objects-normal/arm64/e6072d4f65d7061329687fe24e3d63a7-common-args.resp
    
    /Applications/Xcode.app/Contents/Developer/Toolchains/XcodeDefault.xctoolchain/usr/bin/clang -x objective-c -ivfsstatcache /Users/siam/Library/Developer/Xcode/DerivedData/SDKStatCaches.noindex/iphonesimulator26.0-23A339-26257891a6c027eb51374368541b8346.sdkstatcache -fmessage-length\=0 -fdiagnostics-show-note-include-stack -fmacro-backtrace-limit\=0 -fno-color-diagnostics -fmodules-prune-interval\=86400 -fmodules-prune-after\=345600 -fbuild-session-file\=/Users/siam/Library/Developer/Xcode/DerivedData/ModuleCache.noindex/Session.modulevalidation -fmodules-validate-once-per-build-session -Wnon-modular-include-in-framework-module -Werror\=non-modular-include-in-framework-module -Wno-trigraphs -Wno-missing-field-initializers -Wno-missing-prototypes -Wno-return-type -Wno-implicit-atomic-properties -Wno-objc-interface-ivars -Wno-arc-repeated-use-of-weak -Wno-missing-braces -Wparentheses -Wswitch -Wno-unused-function -Wno-unused-label -Wno-unused-parameter -Wno-unused-variable -Wunused-value -Wno-empty-body -Wno-uninitialized -Wno-unknown-pragmas -w -Wno-shadow -Wno-four-char-constants -Wno-conversion -Wno-constant-conversion -Wno-int-conversion -Wno-bool-conversion -Wno-enum-conversion -Wno-float-conversion -Wno-non-literal-null-conversion -Wno-objc-literal-conversion -Wshorten-64-to-32 -Wpointer-sign -Wno-newline-eof -Wno-selector -Wno-strict-selector-match -Wno-undeclared-selector -Wno-deprecated-implementations -Wno-implicit-fallthrough -fstrict-aliasing -Wprotocol -Wdeprecated-declarations -Wno-sign-conversion -Wno-infinite-recursion -Wno-comma -Wno-block-capture-autoreleasing -Wno-strict-prototypes -Wno-semicolon-before-method-body -index-store-path /Users/siam/Library/Developer/Xcode/DerivedData/Lingua_Quest-gvpckrqxtbgyprbgppjfqmimmmfw/Index.noindex/DataStore @/Users/siam/Library/Developer/Xcode/DerivedData/Lingua_Quest-gvpckrqxtbgyprbgppjfqmimmmfw/Build/Intermediates.noindex/AppCheck.build/Debug-iphonesimulator/AppCheckCore.build/Objects-normal/arm64/e6072d4f65d7061329687fe24e3d63a7-common-args.resp -MMD -MT dependencies -MF /Users/siam/Library/Developer/Xcode/DerivedData/Lingua_Quest-gvpckrqxtbgyprbgppjfqmimmmfw/Build/Intermediates.noindex/AppCheck.build/Debug-iphonesimulator/AppCheckCore.build/Objects-normal/arm64/GACAppCheckLogger.d --serialize-diagnostics /Users/siam/Library/Developer/Xcode/DerivedData/Lingua_Quest-gvpckrqxtbgyprbgppjfqmimmmfw/Build/Intermediates.noindex/AppCheck.build/Debug-iphonesimulator/AppCheckCore.build/Objects-normal/arm64/GACAppCheckLogger.dia -c /Users/siam/Library/Developer/Xcode/DerivedData/Lingua_Quest-gvpckrqxtbgyprbgppjfqmimmmfw/SourcePackages/checkouts/app-check/AppCheckCore/Sources/Core/GACAppCheckLogger.m -o /Users/siam/Library/Developer/Xcode/DerivedData/Lingua_Quest-gvpckrqxtbgyprbgppjfqmimmmfw/Build/Intermediates.noindex/AppCheck.build/Debug-iphonesimulator/AppCheckCore.build/Objects-normal/arm64/GACAppCheckLogger.o -index-unit-output-path /AppCheck.build/Debug-iphonesimulator/AppCheckCore.build/Objects-normal/arm64/GACAppCheckLogger.o

ScanDependencies /Users/siam/Library/Developer/Xcode/DerivedData/Lingua_Quest-gvpckrqxtbgyprbgppjfqmimmmfw/Build/Intermediates.noindex/AppCheck.build/Debug-iphonesimulator/AppCheckCore.build/Objects-normal/arm64/GACAppCheckErrors.o /Users/siam/Library/Developer/Xcode/DerivedData/Lingua_Quest-gvpckrqxtbgyprbgppjfqmimmmfw/SourcePackages/checkouts/app-check/AppCheckCore/Sources/Core/Errors/GACAppCheckErrors.m normal arm64 objective-c com.apple.compilers.llvm.clang.1_0.compiler (in target 'AppCheckCore' from project 'AppCheck')
    cd /Users/siam/Desktop/Lingua\ Quest/Lingua\ Quest.xcodeproj
    
    Using response file: /Users/siam/Library/Developer/Xcode/DerivedData/Lingua_Quest-gvpckrqxtbgyprbgppjfqmimmmfw/Build/Intermediates.noindex/AppCheck.build/Debug-iphonesimulator/AppCheckCore.build/Objects-normal/arm64/e6072d4f65d7061329687fe24e3d63a7-common-args.resp
    
    builtin-ScanDependencies -o /Users/siam/Library/Developer/Xcode/DerivedData/Lingua_Quest-gvpckrqxtbgyprbgppjfqmimmmfw/Build/Intermediates.noindex/AppCheck.build/Debug-iphonesimulator/AppCheckCore.build/Objects-normal/arm64/GACAppCheckErrors.o.scan -- /Applications/Xcode.app/Contents/Developer/Toolchains/XcodeDefault.xctoolchain/usr/bin/clang -x objective-c -ivfsstatcache /Users/siam/Library/Developer/Xcode/DerivedData/SDKStatCaches.noindex/iphonesimulator26.0-23A339-26257891a6c027eb51374368541b8346.sdkstatcache -fmessage-length\=0 -fdiagnostics-show-note-include-stack -fmacro-backtrace-limit\=0 -fno-color-diagnostics -fmodules-prune-interval\=86400 -fmodules-prune-after\=345600 -fbuild-session-file\=/Users/siam/Library/Developer/Xcode/DerivedData/ModuleCache.noindex/Session.modulevalidation -fmodules-validate-once-per-build-session -Wnon-modular-include-in-framework-module -Werror\=non-modular-include-in-framework-module -Wno-trigraphs -Wno-missing-field-initializers -Wno-missing-prototypes -Wno-return-type -Wno-implicit-atomic-properties -Wno-objc-interface-ivars -Wno-arc-repeated-use-of-weak -Wno-missing-braces -Wparentheses -Wswitch -Wno-unused-function -Wno-unused-label -Wno-unused-parameter -Wno-unused-variable -Wunused-value -Wno-empty-body -Wno-uninitialized -Wno-unknown-pragmas -w -Wno-shadow -Wno-four-char-constants -Wno-conversion -Wno-constant-conversion -Wno-int-conversion -Wno-bool-conversion -Wno-enum-conversion -Wno-float-conversion -Wno-non-literal-null-conversion -Wno-objc-literal-conversion -Wshorten-64-to-32 -Wpointer-sign -Wno-newline-eof -Wno-selector -Wno-strict-selector-match -Wno-undeclared-selector -Wno-deprecated-implementations -Wno-implicit-fallthrough -fstrict-aliasing -Wprotocol -Wdeprecated-declarations -Wno-sign-conversion -Wno-infinite-recursion -Wno-comma -Wno-block-capture-autoreleasing -Wno-strict-prototypes -Wno-semicolon-before-method-body -index-store-path /Users/siam/Library/Developer/Xcode/DerivedData/Lingua_Quest-gvpckrqxtbgyprbgppjfqmimmmfw/Index.noindex/DataStore @/Users/siam/Library/Developer/Xcode/DerivedData/Lingua_Quest-gvpckrqxtbgyprbgppjfqmimmmfw/Build/Intermediates.noindex/AppCheck.build/Debug-iphonesimulator/AppCheckCore.build/Objects-normal/arm64/e6072d4f65d7061329687fe24e3d63a7-common-args.resp -MMD -MT dependencies -MF /Users/siam/Library/Developer/Xcode/DerivedData/Lingua_Quest-gvpckrqxtbgyprbgppjfqmimmmfw/Build/Intermediates.noindex/AppCheck.build/Debug-iphonesimulator/AppCheckCore.build/Objects-normal/arm64/GACAppCheckErrors.d --serialize-diagnostics /Users/siam/Library/Developer/Xcode/DerivedData/Lingua_Quest-gvpckrqxtbgyprbgppjfqmimmmfw/Build/Intermediates.noindex/AppCheck.build/Debug-iphonesimulator/AppCheckCore.build/Objects-normal/arm64/GACAppCheckErrors.dia -c /Users/siam/Library/Developer/Xcode/DerivedData/Lingua_Quest-gvpckrqxtbgyprbgppjfqmimmmfw/SourcePackages/checkouts/app-check/AppCheckCore/Sources/Core/Errors/GACAppCheckErrors.m -o /Users/siam/Library/Developer/Xcode/DerivedData/Lingua_Quest-gvpckrqxtbgyprbgppjfqmimmmfw/Build/Intermediates.noindex/AppCheck.build/Debug-iphonesimulator/AppCheckCore.build/Objects-normal/arm64/GACAppCheckErrors.o -index-unit-output-path /AppCheck.build/Debug-iphonesimulator/AppCheckCore.build/Objects-normal/arm64/GACAppCheckErrors.o

ScanDependencies /Users/siam/Library/Developer/Xcode/DerivedData/Lingua_Quest-gvpckrqxtbgyprbgppjfqmimmmfw/Build/Intermediates.noindex/AppCheck.build/Debug-iphonesimulator/AppCheckCore.build/Objects-normal/arm64/GACAppCheckErrorUtil.o /Users/siam/Library/Developer/Xcode/DerivedData/Lingua_Quest-gvpckrqxtbgyprbgppjfqmimmmfw/SourcePackages/checkouts/app-check/AppCheckCore/Sources/Core/Errors/GACAppCheckErrorUtil.m normal arm64 objective-c com.apple.compilers.llvm.clang.1_0.compiler (in target 'AppCheckCore' from project 'AppCheck')
    cd /Users/siam/Desktop/Lingua\ Quest/Lingua\ Quest.xcodeproj
    
    Using response file: /Users/siam/Library/Developer/Xcode/DerivedData/Lingua_Quest-gvpckrqxtbgyprbgppjfqmimmmfw/Build/Intermediates.noindex/AppCheck.build/Debug-iphonesimulator/AppCheckCore.build/Objects-normal/arm64/e6072d4f65d7061329687fe24e3d63a7-common-args.resp
    
    builtin-ScanDependencies -o /Users/siam/Library/Developer/Xcode/DerivedData/Lingua_Quest-gvpckrqxtbgyprbgppjfqmimmmfw/Build/Intermediates.noindex/AppCheck.build/Debug-iphonesimulator/AppCheckCore.build/Objects-normal/arm64/GACAppCheckErrorUtil.o.scan -- /Applications/Xcode.app/Contents/Developer/Toolchains/XcodeDefault.xctoolchain/usr/bin/clang -x objective-c -ivfsstatcache /Users/siam/Library/Developer/Xcode/DerivedData/SDKStatCaches.noindex/iphonesimulator26.0-23A339-26257891a6c027eb51374368541b8346.sdkstatcache -fmessage-length\=0 -fdiagnostics-show-note-include-stack -fmacro-backtrace-limit\=0 -fno-color-diagnostics -fmodules-prune-interval\=86400 -fmodules-prune-after\=345600 -fbuild-session-file\=/Users/siam/Library/Developer/Xcode/DerivedData/ModuleCache.noindex/Session.modulevalidation -fmodules-validate-once-per-build-session -Wnon-modular-include-in-framework-module -Werror\=non-modular-include-in-framework-module -Wno-trigraphs -Wno-missing-field-initializers -Wno-missing-prototypes -Wno-return-type -Wno-implicit-atomic-properties -Wno-objc-interface-ivars -Wno-arc-repeated-use-of-weak -Wno-missing-braces -Wparentheses -Wswitch -Wno-unused-function -Wno-unused-label -Wno-unused-parameter -Wno-unused-variable -Wunused-value -Wno-empty-body -Wno-uninitialized -Wno-unknown-pragmas -w -Wno-shadow -Wno-four-char-constants -Wno-conversion -Wno-constant-conversion -Wno-int-conversion -Wno-bool-conversion -Wno-enum-conversion -Wno-float-conversion -Wno-non-literal-null-conversion -Wno-objc-literal-conversion -Wshorten-64-to-32 -Wpointer-sign -Wno-newline-eof -Wno-selector -Wno-strict-selector-match -Wno-undeclared-selector -Wno-deprecated-implementations -Wno-implicit-fallthrough -fstrict-aliasing -Wprotocol -Wdeprecated-declarations -Wno-sign-conversion -Wno-infinite-recursion -Wno-comma -Wno-block-capture-autoreleasing -Wno-strict-prototypes -Wno-semicolon-before-method-body -index-store-path /Users/siam/Library/Developer/Xcode/DerivedData/Lingua_Quest-gvpckrqxtbgyprbgppjfqmimmmfw/Index.noindex/DataStore @/Users/siam/Library/Developer/Xcode/DerivedData/Lingua_Quest-gvpckrqxtbgyprbgppjfqmimmmfw/Build/Intermediates.noindex/AppCheck.build/Debug-iphonesimulator/AppCheckCore.build/Objects-normal/arm64/e6072d4f65d7061329687fe24e3d63a7-common-args.resp -MMD -MT dependencies -MF /Users/siam/Library/Developer/Xcode/DerivedData/Lingua_Quest-gvpckrqxtbgyprbgppjfqmimmmfw/Build/Intermediates.noindex/AppCheck.build/Debug-iphonesimulator/AppCheckCore.build/Objects-normal/arm64/GACAppCheckErrorUtil.d --serialize-diagnostics /Users/siam/Library/Developer/Xcode/DerivedData/Lingua_Quest-gvpckrqxtbgyprbgppjfqmimmmfw/Build/Intermediates.noindex/AppCheck.build/Debug-iphonesimulator/AppCheckCore.build/Objects-normal/arm64/GACAppCheckErrorUtil.dia -c /Users/siam/Library/Developer/Xcode/DerivedData/Lingua_Quest-gvpckrqxtbgyprbgppjfqmimmmfw/SourcePackages/checkouts/app-check/AppCheckCore/Sources/Core/Errors/GACAppCheckErrorUtil.m -o /Users/siam/Library/Developer/Xcode/DerivedData/Lingua_Quest-gvpckrqxtbgyprbgppjfqmimmmfw/Build/Intermediates.noindex/AppCheck.build/Debug-iphonesimulator/AppCheckCore.build/Objects-normal/arm64/GACAppCheckErrorUtil.o -index-unit-output-path /AppCheck.build/Debug-iphonesimulator/AppCheckCore.build/Objects-normal/arm64/GACAppCheckErrorUtil.o

PrecompileModule /Users/siam/Library/Developer/Xcode/DerivedData/Lingua_Quest-gvpckrqxtbgyprbgppjfqmimmmfw/Build/Intermediates.noindex/ExplicitPrecompiledModules/os_workgroup-NQ0E5VJHG4KIUVRITW4N2X40.scan
    cd /
    builtin-precompileModule /Users/siam/Library/Developer/Xcode/DerivedData/Lingua_Quest-gvpckrqxtbgyprbgppjfqmimmmfw/Build/Intermediates.noindex/ExplicitPrecompiledModules/os_workgroup-NQ0E5VJHG4KIUVRITW4N2X40.scan

CompileC /Users/siam/Library/Developer/Xcode/DerivedData/Lingua_Quest-gvpckrqxtbgyprbgppjfqmimmmfw/Build/Intermediates.noindex/AppCheck.build/Debug-iphonesimulator/AppCheckCore.build/Objects-normal/arm64/GACAppCheckSettings.o /Users/siam/Library/Developer/Xcode/DerivedData/Lingua_Quest-gvpckrqxtbgyprbgppjfqmimmmfw/SourcePackages/checkouts/app-check/AppCheckCore/Sources/Core/GACAppCheckSettings.m normal arm64 objective-c com.apple.compilers.llvm.clang.1_0.compiler (in target 'AppCheckCore' from project 'AppCheck')
    cd /Users/siam/Desktop/Lingua\ Quest/Lingua\ Quest.xcodeproj
    
    Using response file: /Users/siam/Library/Developer/Xcode/DerivedData/Lingua_Quest-gvpckrqxtbgyprbgppjfqmimmmfw/Build/Intermediates.noindex/AppCheck.build/Debug-iphonesimulator/AppCheckCore.build/Objects-normal/arm64/e6072d4f65d7061329687fe24e3d63a7-common-args.resp
    
    /Applications/Xcode.app/Contents/Developer/Toolchains/XcodeDefault.xctoolchain/usr/bin/clang -x objective-c -ivfsstatcache /Users/siam/Library/Developer/Xcode/DerivedData/SDKStatCaches.noindex/iphonesimulator26.0-23A339-26257891a6c027eb51374368541b8346.sdkstatcache -fmessage-length\=0 -fdiagnostics-show-note-include-stack -fmacro-backtrace-limit\=0 -fno-color-diagnostics -fmodules-prune-interval\=86400 -fmodules-prune-after\=345600 -fbuild-session-file\=/Users/siam/Library/Developer/Xcode/DerivedData/ModuleCache.noindex/Session.modulevalidation -fmodules-validate-once-per-build-session -Wnon-modular-include-in-framework-module -Werror\=non-modular-include-in-framework-module -Wno-trigraphs -Wno-missing-field-initializers -Wno-missing-prototypes -Wno-return-type -Wno-implicit-atomic-properties -Wno-objc-interface-ivars -Wno-arc-repeated-use-of-weak -Wno-missing-braces -Wparentheses -Wswitch -Wno-unused-function -Wno-unused-label -Wno-unused-parameter -Wno-unused-variable -Wunused-value -Wno-empty-body -Wno-uninitialized -Wno-unknown-pragmas -w -Wno-shadow -Wno-four-char-constants -Wno-conversion -Wno-constant-conversion -Wno-int-conversion -Wno-bool-conversion -Wno-enum-conversion -Wno-float-conversion -Wno-non-literal-null-conversion -Wno-objc-literal-conversion -Wshorten-64-to-32 -Wpointer-sign -Wno-newline-eof -Wno-selector -Wno-strict-selector-match -Wno-undeclared-selector -Wno-deprecated-implementations -Wno-implicit-fallthrough -fstrict-aliasing -Wprotocol -Wdeprecated-declarations -Wno-sign-conversion -Wno-infinite-recursion -Wno-comma -Wno-block-capture-autoreleasing -Wno-strict-prototypes -Wno-semicolon-before-method-body -index-store-path /Users/siam/Library/Developer/Xcode/DerivedData/Lingua_Quest-gvpckrqxtbgyprbgppjfqmimmmfw/Index.noindex/DataStore @/Users/siam/Library/Developer/Xcode/DerivedData/Lingua_Quest-gvpckrqxtbgyprbgppjfqmimmmfw/Build/Intermediates.noindex/AppCheck.build/Debug-iphonesimulator/AppCheckCore.build/Objects-normal/arm64/e6072d4f65d7061329687fe24e3d63a7-common-args.resp -MMD -MT dependencies -MF /Users/siam/Library/Developer/Xcode/DerivedData/Lingua_Quest-gvpckrqxtbgyprbgppjfqmimmmfw/Build/Intermediates.noindex/AppCheck.build/Debug-iphonesimulator/AppCheckCore.build/Objects-normal/arm64/GACAppCheckSettings.d --serialize-diagnostics /Users/siam/Library/Developer/Xcode/DerivedData/Lingua_Quest-gvpckrqxtbgyprbgppjfqmimmmfw/Build/Intermediates.noindex/AppCheck.build/Debug-iphonesimulator/AppCheckCore.build/Objects-normal/arm64/GACAppCheckSettings.dia -c /Users/siam/Library/Developer/Xcode/DerivedData/Lingua_Quest-gvpckrqxtbgyprbgppjfqmimmmfw/SourcePackages/checkouts/app-check/AppCheckCore/Sources/Core/GACAppCheckSettings.m -o /Users/siam/Library/Developer/Xcode/DerivedData/Lingua_Quest-gvpckrqxtbgyprbgppjfqmimmmfw/Build/Intermediates.noindex/AppCheck.build/Debug-iphonesimulator/AppCheckCore.build/Objects-normal/arm64/GACAppCheckSettings.o -index-unit-output-path /AppCheck.build/Debug-iphonesimulator/AppCheckCore.build/Objects-normal/arm64/GACAppCheckSettings.o

ScanDependencies /Users/siam/Library/Developer/Xcode/DerivedData/Lingua_Quest-gvpckrqxtbgyprbgppjfqmimmmfw/Build/Intermediates.noindex/AppCheck.build/Debug-iphonesimulator/AppCheckCore.build/Objects-normal/arm64/GACAppCheckDebugProviderAPIService.o /Users/siam/Library/Developer/Xcode/DerivedData/Lingua_Quest-gvpckrqxtbgyprbgppjfqmimmmfw/SourcePackages/checkouts/app-check/AppCheckCore/Sources/DebugProvider/API/GACAppCheckDebugProviderAPIService.m normal arm64 objective-c com.apple.compilers.llvm.clang.1_0.compiler (in target 'AppCheckCore' from project 'AppCheck')
    cd /Users/siam/Desktop/Lingua\ Quest/Lingua\ Quest.xcodeproj
    
    Using response file: /Users/siam/Library/Developer/Xcode/DerivedData/Lingua_Quest-gvpckrqxtbgyprbgppjfqmimmmfw/Build/Intermediates.noindex/AppCheck.build/Debug-iphonesimulator/AppCheckCore.build/Objects-normal/arm64/e6072d4f65d7061329687fe24e3d63a7-common-args.resp
    
    builtin-ScanDependencies -o /Users/siam/Library/Developer/Xcode/DerivedData/Lingua_Quest-gvpckrqxtbgyprbgppjfqmimmmfw/Build/Intermediates.noindex/AppCheck.build/Debug-iphonesimulator/AppCheckCore.build/Objects-normal/arm64/GACAppCheckDebugProviderAPIService.o.scan -- /Applications/Xcode.app/Contents/Developer/Toolchains/XcodeDefault.xctoolchain/usr/bin/clang -x objective-c -ivfsstatcache /Users/siam/Library/Developer/Xcode/DerivedData/SDKStatCaches.noindex/iphonesimulator26.0-23A339-26257891a6c027eb51374368541b8346.sdkstatcache -fmessage-length\=0 -fdiagnostics-show-note-include-stack -fmacro-backtrace-limit\=0 -fno-color-diagnostics -fmodules-prune-interval\=86400 -fmodules-prune-after\=345600 -fbuild-session-file\=/Users/siam/Library/Developer/Xcode/DerivedData/ModuleCache.noindex/Session.modulevalidation -fmodules-validate-once-per-build-session -Wnon-modular-include-in-framework-module -Werror\=non-modular-include-in-framework-module -Wno-trigraphs -Wno-missing-field-initializers -Wno-missing-prototypes -Wno-return-type -Wno-implicit-atomic-properties -Wno-objc-interface-ivars -Wno-arc-repeated-use-of-weak -Wno-missing-braces -Wparentheses -Wswitch -Wno-unused-function -Wno-unused-label -Wno-unused-parameter -Wno-unused-variable -Wunused-value -Wno-empty-body -Wno-uninitialized -Wno-unknown-pragmas -w -Wno-shadow -Wno-four-char-constants -Wno-conversion -Wno-constant-conversion -Wno-int-conversion -Wno-bool-conversion -Wno-enum-conversion -Wno-float-conversion -Wno-non-literal-null-conversion -Wno-objc-literal-conversion -Wshorten-64-to-32 -Wpointer-sign -Wno-newline-eof -Wno-selector -Wno-strict-selector-match -Wno-undeclared-selector -Wno-deprecated-implementations -Wno-implicit-fallthrough -fstrict-aliasing -Wprotocol -Wdeprecated-declarations -Wno-sign-conversion -Wno-infinite-recursion -Wno-comma -Wno-block-capture-autoreleasing -Wno-strict-prototypes -Wno-semicolon-before-method-body -index-store-path /Users/siam/Library/Developer/Xcode/DerivedData/Lingua_Quest-gvpckrqxtbgyprbgppjfqmimmmfw/Index.noindex/DataStore @/Users/siam/Library/Developer/Xcode/DerivedData/Lingua_Quest-gvpckrqxtbgyprbgppjfqmimmmfw/Build/Intermediates.noindex/AppCheck.build/Debug-iphonesimulator/AppCheckCore.build/Objects-normal/arm64/e6072d4f65d7061329687fe24e3d63a7-common-args.resp -MMD -MT dependencies -MF /Users/siam/Library/Developer/Xcode/DerivedData/Lingua_Quest-gvpckrqxtbgyprbgppjfqmimmmfw/Build/Intermediates.noindex/AppCheck.build/Debug-iphonesimulator/AppCheckCore.build/Objects-normal/arm64/GACAppCheckDebugProviderAPIService.d --serialize-diagnostics /Users/siam/Library/Developer/Xcode/DerivedData/Lingua_Quest-gvpckrqxtbgyprbgppjfqmimmmfw/Build/Intermediates.noindex/AppCheck.build/Debug-iphonesimulator/AppCheckCore.build/Objects-normal/arm64/GACAppCheckDebugProviderAPIService.dia -c /Users/siam/Library/Developer/Xcode/DerivedData/Lingua_Quest-gvpckrqxtbgyprbgppjfqmimmmfw/SourcePackages/checkouts/app-check/AppCheckCore/Sources/DebugProvider/API/GACAppCheckDebugProviderAPIService.m -o /Users/siam/Library/Developer/Xcode/DerivedData/Lingua_Quest-gvpckrqxtbgyprbgppjfqmimmmfw/Build/Intermediates.noindex/AppCheck.build/Debug-iphonesimulator/AppCheckCore.build/Objects-normal/arm64/GACAppCheckDebugProviderAPIService.o -index-unit-output-path /AppCheck.build/Debug-iphonesimulator/AppCheckCore.build/Objects-normal/arm64/GACAppCheckDebugProviderAPIService.o

ScanDependencies /Users/siam/Library/Developer/Xcode/DerivedData/Lingua_Quest-gvpckrqxtbgyprbgppjfqmimmmfw/Build/Intermediates.noindex/AppCheck.build/Debug-iphonesimulator/AppCheckCore.build/Objects-normal/arm64/GACAppCheckDebugProvider.o /Users/siam/Library/Developer/Xcode/DerivedData/Lingua_Quest-gvpckrqxtbgyprbgppjfqmimmmfw/SourcePackages/checkouts/app-check/AppCheckCore/Sources/DebugProvider/GACAppCheckDebugProvider.m normal arm64 objective-c com.apple.compilers.llvm.clang.1_0.compiler (in target 'AppCheckCore' from project 'AppCheck')
    cd /Users/siam/Desktop/Lingua\ Quest/Lingua\ Quest.xcodeproj
    
    Using response file: /Users/siam/Library/Developer/Xcode/DerivedData/Lingua_Quest-gvpckrqxtbgyprbgppjfqmimmmfw/Build/Intermediates.noindex/AppCheck.build/Debug-iphonesimulator/AppCheckCore.build/Objects-normal/arm64/e6072d4f65d7061329687fe24e3d63a7-common-args.resp
    
    builtin-ScanDependencies -o /Users/siam/Library/Developer/Xcode/DerivedData/Lingua_Quest-gvpckrqxtbgyprbgppjfqmimmmfw/Build/Intermediates.noindex/AppCheck.build/Debug-iphonesimulator/AppCheckCore.build/Objects-normal/arm64/GACAppCheckDebugProvider.o.scan -- /Applications/Xcode.app/Contents/Developer/Toolchains/XcodeDefault.xctoolchain/usr/bin/clang -x objective-c -ivfsstatcache /Users/siam/Library/Developer/Xcode/DerivedData/SDKStatCaches.noindex/iphonesimulator26.0-23A339-26257891a6c027eb51374368541b8346.sdkstatcache -fmessage-length\=0 -fdiagnostics-show-note-include-stack -fmacro-backtrace-limit\=0 -fno-color-diagnostics -fmodules-prune-interval\=86400 -fmodules-prune-after\=345600 -fbuild-session-file\=/Users/siam/Library/Developer/Xcode/DerivedData/ModuleCache.noindex/Session.modulevalidation -fmodules-validate-once-per-build-session -Wnon-modular-include-in-framework-module -Werror\=non-modular-include-in-framework-module -Wno-trigraphs -Wno-missing-field-initializers -Wno-missing-prototypes -Wno-return-type -Wno-implicit-atomic-properties -Wno-objc-interface-ivars -Wno-arc-repeated-use-of-weak -Wno-missing-braces -Wparentheses -Wswitch -Wno-unused-function -Wno-unused-label -Wno-unused-parameter -Wno-unused-variable -Wunused-value -Wno-empty-body -Wno-uninitialized -Wno-unknown-pragmas -w -Wno-shadow -Wno-four-char-constants -Wno-conversion -Wno-constant-conversion -Wno-int-conversion -Wno-bool-conversion -Wno-enum-conversion -Wno-float-conversion -Wno-non-literal-null-conversion -Wno-objc-literal-conversion -Wshorten-64-to-32 -Wpointer-sign -Wno-newline-eof -Wno-selector -Wno-strict-selector-match -Wno-undeclared-selector -Wno-deprecated-implementations -Wno-implicit-fallthrough -fstrict-aliasing -Wprotocol -Wdeprecated-declarations -Wno-sign-conversion -Wno-infinite-recursion -Wno-comma -Wno-block-capture-autoreleasing -Wno-strict-prototypes -Wno-semicolon-before-method-body -index-store-path /Users/siam/Library/Developer/Xcode/DerivedData/Lingua_Quest-gvpckrqxtbgyprbgppjfqmimmmfw/Index.noindex/DataStore @/Users/siam/Library/Developer/Xcode/DerivedData/Lingua_Quest-gvpckrqxtbgyprbgppjfqmimmmfw/Build/Intermediates.noindex/AppCheck.build/Debug-iphonesimulator/AppCheckCore.build/Objects-normal/arm64/e6072d4f65d7061329687fe24e3d63a7-common-args.resp -MMD -MT dependencies -MF /Users/siam/Library/Developer/Xcode/DerivedData/Lingua_Quest-gvpckrqxtbgyprbgppjfqmimmmfw/Build/Intermediates.noindex/AppCheck.build/Debug-iphonesimulator/AppCheckCore.build/Objects-normal/arm64/GACAppCheckDebugProvider.d --serialize-diagnostics /Users/siam/Library/Developer/Xcode/DerivedData/Lingua_Quest-gvpckrqxtbgyprbgppjfqmimmmfw/Build/Intermediates.noindex/AppCheck.build/Debug-iphonesimulator/AppCheckCore.build/Objects-normal/arm64/GACAppCheckDebugProvider.dia -c /Users/siam/Library/Developer/Xcode/DerivedData/Lingua_Quest-gvpckrqxtbgyprbgppjfqmimmmfw/SourcePackages/checkouts/app-check/AppCheckCore/Sources/DebugProvider/GACAppCheckDebugProvider.m -o /Users/siam/Library/Developer/Xcode/DerivedData/Lingua_Quest-gvpckrqxtbgyprbgppjfqmimmmfw/Build/Intermediates.noindex/AppCheck.build/Debug-iphonesimulator/AppCheckCore.build/Objects-normal/arm64/GACAppCheckDebugProvider.o -index-unit-output-path /AppCheck.build/Debug-iphonesimulator/AppCheckCore.build/Objects-normal/arm64/GACAppCheckDebugProvider.o

CompileC /Users/siam/Library/Developer/Xcode/DerivedData/Lingua_Quest-gvpckrqxtbgyprbgppjfqmimmmfw/Build/Intermediates.noindex/AppCheck.build/Debug-iphonesimulator/AppCheckCore.build/Objects-normal/arm64/GACAppCheckHTTPError.o /Users/siam/Library/Developer/Xcode/DerivedData/Lingua_Quest-gvpckrqxtbgyprbgppjfqmimmmfw/SourcePackages/checkouts/app-check/AppCheckCore/Sources/Core/Errors/GACAppCheckHTTPError.m normal arm64 objective-c com.apple.compilers.llvm.clang.1_0.compiler (in target 'AppCheckCore' from project 'AppCheck')
    cd /Users/siam/Desktop/Lingua\ Quest/Lingua\ Quest.xcodeproj
    
    Using response file: /Users/siam/Library/Developer/Xcode/DerivedData/Lingua_Quest-gvpckrqxtbgyprbgppjfqmimmmfw/Build/Intermediates.noindex/AppCheck.build/Debug-iphonesimulator/AppCheckCore.build/Objects-normal/arm64/e6072d4f65d7061329687fe24e3d63a7-common-args.resp
    
    /Applications/Xcode.app/Contents/Developer/Toolchains/XcodeDefault.xctoolchain/usr/bin/clang -x objective-c -ivfsstatcache /Users/siam/Library/Developer/Xcode/DerivedData/SDKStatCaches.noindex/iphonesimulator26.0-23A339-26257891a6c027eb51374368541b8346.sdkstatcache -fmessage-length\=0 -fdiagnostics-show-note-include-stack -fmacro-backtrace-limit\=0 -fno-color-diagnostics -fmodules-prune-interval\=86400 -fmodules-prune-after\=345600 -fbuild-session-file\=/Users/siam/Library/Developer/Xcode/DerivedData/ModuleCache.noindex/Session.modulevalidation -fmodules-validate-once-per-build-session -Wnon-modular-include-in-framework-module -Werror\=non-modular-include-in-framework-module -Wno-trigraphs -Wno-missing-field-initializers -Wno-missing-prototypes -Wno-return-type -Wno-implicit-atomic-properties -Wno-objc-interface-ivars -Wno-arc-repeated-use-of-weak -Wno-missing-braces -Wparentheses -Wswitch -Wno-unused-function -Wno-unused-label -Wno-unused-parameter -Wno-unused-variable -Wunused-value -Wno-empty-body -Wno-uninitialized -Wno-unknown-pragmas -w -Wno-shadow -Wno-four-char-constants -Wno-conversion -Wno-constant-conversion -Wno-int-conversion -Wno-bool-conversion -Wno-enum-conversion -Wno-float-conversion -Wno-non-literal-null-conversion -Wno-objc-literal-conversion -Wshorten-64-to-32 -Wpointer-sign -Wno-newline-eof -Wno-selector -Wno-strict-selector-match -Wno-undeclared-selector -Wno-deprecated-implementations -Wno-implicit-fallthrough -fstrict-aliasing -Wprotocol -Wdeprecated-declarations -Wno-sign-conversion -Wno-infinite-recursion -Wno-comma -Wno-block-capture-autoreleasing -Wno-strict-prototypes -Wno-semicolon-before-method-body -index-store-path /Users/siam/Library/Developer/Xcode/DerivedData/Lingua_Quest-gvpckrqxtbgyprbgppjfqmimmmfw/Index.noindex/DataStore @/Users/siam/Library/Developer/Xcode/DerivedData/Lingua_Quest-gvpckrqxtbgyprbgppjfqmimmmfw/Build/Intermediates.noindex/AppCheck.build/Debug-iphonesimulator/AppCheckCore.build/Objects-normal/arm64/e6072d4f65d7061329687fe24e3d63a7-common-args.resp -MMD -MT dependencies -MF /Users/siam/Library/Developer/Xcode/DerivedData/Lingua_Quest-gvpckrqxtbgyprbgppjfqmimmmfw/Build/Intermediates.noindex/AppCheck.build/Debug-iphonesimulator/AppCheckCore.build/Objects-normal/arm64/GACAppCheckHTTPError.d --serialize-diagnostics /Users/siam/Library/Developer/Xcode/DerivedData/Lingua_Quest-gvpckrqxtbgyprbgppjfqmimmmfw/Build/Intermediates.noindex/AppCheck.build/Debug-iphonesimulator/AppCheckCore.build/Objects-normal/arm64/GACAppCheckHTTPError.dia -c /Users/siam/Library/Developer/Xcode/DerivedData/Lingua_Quest-gvpckrqxtbgyprbgppjfqmimmmfw/SourcePackages/checkouts/app-check/AppCheckCore/Sources/Core/Errors/GACAppCheckHTTPError.m -o /Users/siam/Library/Developer/Xcode/DerivedData/Lingua_Quest-gvpckrqxtbgyprbgppjfqmimmmfw/Build/Intermediates.noindex/AppCheck.build/Debug-iphonesimulator/AppCheckCore.build/Objects-normal/arm64/GACAppCheckHTTPError.o -index-unit-output-path /AppCheck.build/Debug-iphonesimulator/AppCheckCore.build/Objects-normal/arm64/GACAppCheckHTTPError.o

ScanDependencies /Users/siam/Library/Developer/Xcode/DerivedData/Lingua_Quest-gvpckrqxtbgyprbgppjfqmimmmfw/Build/Intermediates.noindex/AppCheck.build/Debug-iphonesimulator/AppCheckCore.build/Objects-normal/arm64/GACAppCheckCryptoUtils.o /Users/siam/Library/Developer/Xcode/DerivedData/Lingua_Quest-gvpckrqxtbgyprbgppjfqmimmmfw/SourcePackages/checkouts/app-check/AppCheckCore/Sources/Core/Utils/GACAppCheckCryptoUtils.m normal arm64 objective-c com.apple.compilers.llvm.clang.1_0.compiler (in target 'AppCheckCore' from project 'AppCheck')
    cd /Users/siam/Desktop/Lingua\ Quest/Lingua\ Quest.xcodeproj
    
    Using response file: /Users/siam/Library/Developer/Xcode/DerivedData/Lingua_Quest-gvpckrqxtbgyprbgppjfqmimmmfw/Build/Intermediates.noindex/AppCheck.build/Debug-iphonesimulator/AppCheckCore.build/Objects-normal/arm64/e6072d4f65d7061329687fe24e3d63a7-common-args.resp
    
    builtin-ScanDependencies -o /Users/siam/Library/Developer/Xcode/DerivedData/Lingua_Quest-gvpckrqxtbgyprbgppjfqmimmmfw/Build/Intermediates.noindex/AppCheck.build/Debug-iphonesimulator/AppCheckCore.build/Objects-normal/arm64/GACAppCheckCryptoUtils.o.scan -- /Applications/Xcode.app/Contents/Developer/Toolchains/XcodeDefault.xctoolchain/usr/bin/clang -x objective-c -ivfsstatcache /Users/siam/Library/Developer/Xcode/DerivedData/SDKStatCaches.noindex/iphonesimulator26.0-23A339-26257891a6c027eb51374368541b8346.sdkstatcache -fmessage-length\=0 -fdiagnostics-show-note-include-stack -fmacro-backtrace-limit\=0 -fno-color-diagnostics -fmodules-prune-interval\=86400 -fmodules-prune-after\=345600 -fbuild-session-file\=/Users/siam/Library/Developer/Xcode/DerivedData/ModuleCache.noindex/Session.modulevalidation -fmodules-validate-once-per-build-session -Wnon-modular-include-in-framework-module -Werror\=non-modular-include-in-framework-module -Wno-trigraphs -Wno-missing-field-initializers -Wno-missing-prototypes -Wno-return-type -Wno-implicit-atomic-properties -Wno-objc-interface-ivars -Wno-arc-repeated-use-of-weak -Wno-missing-braces -Wparentheses -Wswitch -Wno-unused-function -Wno-unused-label -Wno-unused-parameter -Wno-unused-variable -Wunused-value -Wno-empty-body -Wno-uninitialized -Wno-unknown-pragmas -w -Wno-shadow -Wno-four-char-constants -Wno-conversion -Wno-constant-conversion -Wno-int-conversion -Wno-bool-conversion -Wno-enum-conversion -Wno-float-conversion -Wno-non-literal-null-conversion -Wno-objc-literal-conversion -Wshorten-64-to-32 -Wpointer-sign -Wno-newline-eof -Wno-selector -Wno-strict-selector-match -Wno-undeclared-selector -Wno-deprecated-implementations -Wno-implicit-fallthrough -fstrict-aliasing -Wprotocol -Wdeprecated-declarations -Wno-sign-conversion -Wno-infinite-recursion -Wno-comma -Wno-block-capture-autoreleasing -Wno-strict-prototypes -Wno-semicolon-before-method-body -index-store-path /Users/siam/Library/Developer/Xcode/DerivedData/Lingua_Quest-gvpckrqxtbgyprbgppjfqmimmmfw/Index.noindex/DataStore @/Users/siam/Library/Developer/Xcode/DerivedData/Lingua_Quest-gvpckrqxtbgyprbgppjfqmimmmfw/Build/Intermediates.noindex/AppCheck.build/Debug-iphonesimulator/AppCheckCore.build/Objects-normal/arm64/e6072d4f65d7061329687fe24e3d63a7-common-args.resp -MMD -MT dependencies -MF /Users/siam/Library/Developer/Xcode/DerivedData/Lingua_Quest-gvpckrqxtbgyprbgppjfqmimmmfw/Build/Intermediates.noindex/AppCheck.build/Debug-iphonesimulator/AppCheckCore.build/Objects-normal/arm64/GACAppCheckCryptoUtils.d --serialize-diagnostics /Users/siam/Library/Developer/Xcode/DerivedData/Lingua_Quest-gvpckrqxtbgyprbgppjfqmimmmfw/Build/Intermediates.noindex/AppCheck.build/Debug-iphonesimulator/AppCheckCore.build/Objects-normal/arm64/GACAppCheckCryptoUtils.dia -c /Users/siam/Library/Developer/Xcode/DerivedData/Lingua_Quest-gvpckrqxtbgyprbgppjfqmimmmfw/SourcePackages/checkouts/app-check/AppCheckCore/Sources/Core/Utils/GACAppCheckCryptoUtils.m -o /Users/siam/Library/Developer/Xcode/DerivedData/Lingua_Quest-gvpckrqxtbgyprbgppjfqmimmmfw/Build/Intermediates.noindex/AppCheck.build/Debug-iphonesimulator/AppCheckCore.build/Objects-normal/arm64/GACAppCheckCryptoUtils.o -index-unit-output-path /AppCheck.build/Debug-iphonesimulator/AppCheckCore.build/Objects-normal/arm64/GACAppCheckCryptoUtils.o

ScanDependencies /Users/siam/Library/Developer/Xcode/DerivedData/Lingua_Quest-gvpckrqxtbgyprbgppjfqmimmmfw/Build/Intermediates.noindex/AppCheck.build/Debug-iphonesimulator/AppCheckCore.build/Objects-normal/arm64/GACAppCheckBackoffWrapper.o /Users/siam/Library/Developer/Xcode/DerivedData/Lingua_Quest-gvpckrqxtbgyprbgppjfqmimmmfw/SourcePackages/checkouts/app-check/AppCheckCore/Sources/Core/Backoff/GACAppCheckBackoffWrapper.m normal arm64 objective-c com.apple.compilers.llvm.clang.1_0.compiler (in target 'AppCheckCore' from project 'AppCheck')
    cd /Users/siam/Desktop/Lingua\ Quest/Lingua\ Quest.xcodeproj
    
    Using response file: /Users/siam/Library/Developer/Xcode/DerivedData/Lingua_Quest-gvpckrqxtbgyprbgppjfqmimmmfw/Build/Intermediates.noindex/AppCheck.build/Debug-iphonesimulator/AppCheckCore.build/Objects-normal/arm64/e6072d4f65d7061329687fe24e3d63a7-common-args.resp
    
    builtin-ScanDependencies -o /Users/siam/Library/Developer/Xcode/DerivedData/Lingua_Quest-gvpckrqxtbgyprbgppjfqmimmmfw/Build/Intermediates.noindex/AppCheck.build/Debug-iphonesimulator/AppCheckCore.build/Objects-normal/arm64/GACAppCheckBackoffWrapper.o.scan -- /Applications/Xcode.app/Contents/Developer/Toolchains/XcodeDefault.xctoolchain/usr/bin/clang -x objective-c -ivfsstatcache /Users/siam/Library/Developer/Xcode/DerivedData/SDKStatCaches.noindex/iphonesimulator26.0-23A339-26257891a6c027eb51374368541b8346.sdkstatcache -fmessage-length\=0 -fdiagnostics-show-note-include-stack -fmacro-backtrace-limit\=0 -fno-color-diagnostics -fmodules-prune-interval\=86400 -fmodules-prune-after\=345600 -fbuild-session-file\=/Users/siam/Library/Developer/Xcode/DerivedData/ModuleCache.noindex/Session.modulevalidation -fmodules-validate-once-per-build-session -Wnon-modular-include-in-framework-module -Werror\=non-modular-include-in-framework-module -Wno-trigraphs -Wno-missing-field-initializers -Wno-missing-prototypes -Wno-return-type -Wno-implicit-atomic-properties -Wno-objc-interface-ivars -Wno-arc-repeated-use-of-weak -Wno-missing-braces -Wparentheses -Wswitch -Wno-unused-function -Wno-unused-label -Wno-unused-parameter -Wno-unused-variable -Wunused-value -Wno-empty-body -Wno-uninitialized -Wno-unknown-pragmas -w -Wno-shadow -Wno-four-char-constants -Wno-conversion -Wno-constant-conversion -Wno-int-conversion -Wno-bool-conversion -Wno-enum-conversion -Wno-float-conversion -Wno-non-literal-null-conversion -Wno-objc-literal-conversion -Wshorten-64-to-32 -Wpointer-sign -Wno-newline-eof -Wno-selector -Wno-strict-selector-match -Wno-undeclared-selector -Wno-deprecated-implementations -Wno-implicit-fallthrough -fstrict-aliasing -Wprotocol -Wdeprecated-declarations -Wno-sign-conversion -Wno-infinite-recursion -Wno-comma -Wno-block-capture-autoreleasing -Wno-strict-prototypes -Wno-semicolon-before-method-body -index-store-path /Users/siam/Library/Developer/Xcode/DerivedData/Lingua_Quest-gvpckrqxtbgyprbgppjfqmimmmfw/Index.noindex/DataStore @/Users/siam/Library/Developer/Xcode/DerivedData/Lingua_Quest-gvpckrqxtbgyprbgppjfqmimmmfw/Build/Intermediates.noindex/AppCheck.build/Debug-iphonesimulator/AppCheckCore.build/Objects-normal/arm64/e6072d4f65d7061329687fe24e3d63a7-common-args.resp -MMD -MT dependencies -MF /Users/siam/Library/Developer/Xcode/DerivedData/Lingua_Quest-gvpckrqxtbgyprbgppjfqmimmmfw/Build/Intermediates.noindex/AppCheck.build/Debug-iphonesimulator/AppCheckCore.build/Objects-normal/arm64/GACAppCheckBackoffWrapper.d --serialize-diagnostics /Users/siam/Library/Developer/Xcode/DerivedData/Lingua_Quest-gvpckrqxtbgyprbgppjfqmimmmfw/Build/Intermediates.noindex/AppCheck.build/Debug-iphonesimulator/AppCheckCore.build/Objects-normal/arm64/GACAppCheckBackoffWrapper.dia -c /Users/siam/Library/Developer/Xcode/DerivedData/Lingua_Quest-gvpckrqxtbgyprbgppjfqmimmmfw/SourcePackages/checkouts/app-check/AppCheckCore/Sources/Core/Backoff/GACAppCheckBackoffWrapper.m -o /Users/siam/Library/Developer/Xcode/DerivedData/Lingua_Quest-gvpckrqxtbgyprbgppjfqmimmmfw/Build/Intermediates.noindex/AppCheck.build/Debug-iphonesimulator/AppCheckCore.build/Objects-normal/arm64/GACAppCheckBackoffWrapper.o -index-unit-output-path /AppCheck.build/Debug-iphonesimulator/AppCheckCore.build/Objects-normal/arm64/GACAppCheckBackoffWrapper.o

ScanDependencies /Users/siam/Library/Developer/Xcode/DerivedData/Lingua_Quest-gvpckrqxtbgyprbgppjfqmimmmfw/Build/Intermediates.noindex/AppCheck.build/Debug-iphonesimulator/AppCheckCore.build/Objects-normal/arm64/GACAppCheckAPIService.o /Users/siam/Library/Developer/Xcode/DerivedData/Lingua_Quest-gvpckrqxtbgyprbgppjfqmimmmfw/SourcePackages/checkouts/app-check/AppCheckCore/Sources/Core/APIService/GACAppCheckAPIService.m normal arm64 objective-c com.apple.compilers.llvm.clang.1_0.compiler (in target 'AppCheckCore' from project 'AppCheck')
    cd /Users/siam/Desktop/Lingua\ Quest/Lingua\ Quest.xcodeproj
    
    Using response file: /Users/siam/Library/Developer/Xcode/DerivedData/Lingua_Quest-gvpckrqxtbgyprbgppjfqmimmmfw/Build/Intermediates.noindex/AppCheck.build/Debug-iphonesimulator/AppCheckCore.build/Objects-normal/arm64/e6072d4f65d7061329687fe24e3d63a7-common-args.resp
    
    builtin-ScanDependencies -o /Users/siam/Library/Developer/Xcode/DerivedData/Lingua_Quest-gvpckrqxtbgyprbgppjfqmimmmfw/Build/Intermediates.noindex/AppCheck.build/Debug-iphonesimulator/AppCheckCore.build/Objects-normal/arm64/GACAppCheckAPIService.o.scan -- /Applications/Xcode.app/Contents/Developer/Toolchains/XcodeDefault.xctoolchain/usr/bin/clang -x objective-c -ivfsstatcache /Users/siam/Library/Developer/Xcode/DerivedData/SDKStatCaches.noindex/iphonesimulator26.0-23A339-26257891a6c027eb51374368541b8346.sdkstatcache -fmessage-length\=0 -fdiagnostics-show-note-include-stack -fmacro-backtrace-limit\=0 -fno-color-diagnostics -fmodules-prune-interval\=86400 -fmodules-prune-after\=345600 -fbuild-session-file\=/Users/siam/Library/Developer/Xcode/DerivedData/ModuleCache.noindex/Session.modulevalidation -fmodules-validate-once-per-build-session -Wnon-modular-include-in-framework-module -Werror\=non-modular-include-in-framework-module -Wno-trigraphs -Wno-missing-field-initializers -Wno-missing-prototypes -Wno-return-type -Wno-implicit-atomic-properties -Wno-objc-interface-ivars -Wno-arc-repeated-use-of-weak -Wno-missing-braces -Wparentheses -Wswitch -Wno-unused-function -Wno-unused-label -Wno-unused-parameter -Wno-unused-variable -Wunused-value -Wno-empty-body -Wno-uninitialized -Wno-unknown-pragmas -w -Wno-shadow -Wno-four-char-constants -Wno-conversion -Wno-constant-conversion -Wno-int-conversion -Wno-bool-conversion -Wno-enum-conversion -Wno-float-conversion -Wno-non-literal-null-conversion -Wno-objc-literal-conversion -Wshorten-64-to-32 -Wpointer-sign -Wno-newline-eof -Wno-selector -Wno-strict-selector-match -Wno-undeclared-selector -Wno-deprecated-implementations -Wno-implicit-fallthrough -fstrict-aliasing -Wprotocol -Wdeprecated-declarations -Wno-sign-conversion -Wno-infinite-recursion -Wno-comma -Wno-block-capture-autoreleasing -Wno-strict-prototypes -Wno-semicolon-before-method-body -index-store-path /Users/siam/Library/Developer/Xcode/DerivedData/Lingua_Quest-gvpckrqxtbgyprbgppjfqmimmmfw/Index.noindex/DataStore @/Users/siam/Library/Developer/Xcode/DerivedData/Lingua_Quest-gvpckrqxtbgyprbgppjfqmimmmfw/Build/Intermediates.noindex/AppCheck.build/Debug-iphonesimulator/AppCheckCore.build/Objects-normal/arm64/e6072d4f65d7061329687fe24e3d63a7-common-args.resp -MMD -MT dependencies -MF /Users/siam/Library/Developer/Xcode/DerivedData/Lingua_Quest-gvpckrqxtbgyprbgppjfqmimmmfw/Build/Intermediates.noindex/AppCheck.build/Debug-iphonesimulator/AppCheckCore.build/Objects-normal/arm64/GACAppCheckAPIService.d --serialize-diagnostics /Users/siam/Library/Developer/Xcode/DerivedData/Lingua_Quest-gvpckrqxtbgyprbgppjfqmimmmfw/Build/Intermediates.noindex/AppCheck.build/Debug-iphonesimulator/AppCheckCore.build/Objects-normal/arm64/GACAppCheckAPIService.dia -c /Users/siam/Library/Developer/Xcode/DerivedData/Lingua_Quest-gvpckrqxtbgyprbgppjfqmimmmfw/SourcePackages/checkouts/app-check/AppCheckCore/Sources/Core/APIService/GACAppCheckAPIService.m -o /Users/siam/Library/Developer/Xcode/DerivedData/Lingua_Quest-gvpckrqxtbgyprbgppjfqmimmmfw/Build/Intermediates.noindex/AppCheck.build/Debug-iphonesimulator/AppCheckCore.build/Objects-normal/arm64/GACAppCheckAPIService.o -index-unit-output-path /AppCheck.build/Debug-iphonesimulator/AppCheckCore.build/Objects-normal/arm64/GACAppCheckAPIService.o

CompileC /Users/siam/Library/Developer/Xcode/DerivedData/Lingua_Quest-gvpckrqxtbgyprbgppjfqmimmmfw/Build/Intermediates.noindex/AppCheck.build/Debug-iphonesimulator/AppCheckCore.build/Objects-normal/arm64/GACAppCheckStorage.o /Users/siam/Library/Developer/Xcode/DerivedData/Lingua_Quest-gvpckrqxtbgyprbgppjfqmimmmfw/SourcePackages/checkouts/app-check/AppCheckCore/Sources/Core/Storage/GACAppCheckStorage.m normal arm64 objective-c com.apple.compilers.llvm.clang.1_0.compiler (in target 'AppCheckCore' from project 'AppCheck')
    cd /Users/siam/Desktop/Lingua\ Quest/Lingua\ Quest.xcodeproj
    
    Using response file: /Users/siam/Library/Developer/Xcode/DerivedData/Lingua_Quest-gvpckrqxtbgyprbgppjfqmimmmfw/Build/Intermediates.noindex/AppCheck.build/Debug-iphonesimulator/AppCheckCore.build/Objects-normal/arm64/e6072d4f65d7061329687fe24e3d63a7-common-args.resp
    
    /Applications/Xcode.app/Contents/Developer/Toolchains/XcodeDefault.xctoolchain/usr/bin/clang -x objective-c -ivfsstatcache /Users/siam/Library/Developer/Xcode/DerivedData/SDKStatCaches.noindex/iphonesimulator26.0-23A339-26257891a6c027eb51374368541b8346.sdkstatcache -fmessage-length\=0 -fdiagnostics-show-note-include-stack -fmacro-backtrace-limit\=0 -fno-color-diagnostics -fmodules-prune-interval\=86400 -fmodules-prune-after\=345600 -fbuild-session-file\=/Users/siam/Library/Developer/Xcode/DerivedData/ModuleCache.noindex/Session.modulevalidation -fmodules-validate-once-per-build-session -Wnon-modular-include-in-framework-module -Werror\=non-modular-include-in-framework-module -Wno-trigraphs -Wno-missing-field-initializers -Wno-missing-prototypes -Wno-return-type -Wno-implicit-atomic-properties -Wno-objc-interface-ivars -Wno-arc-repeated-use-of-weak -Wno-missing-braces -Wparentheses -Wswitch -Wno-unused-function -Wno-unused-label -Wno-unused-parameter -Wno-unused-variable -Wunused-value -Wno-empty-body -Wno-uninitialized -Wno-unknown-pragmas -w -Wno-shadow -Wno-four-char-constants -Wno-conversion -Wno-constant-conversion -Wno-int-conversion -Wno-bool-conversion -Wno-enum-conversion -Wno-float-conversion -Wno-non-literal-null-conversion -Wno-objc-literal-conversion -Wshorten-64-to-32 -Wpointer-sign -Wno-newline-eof -Wno-selector -Wno-strict-selector-match -Wno-undeclared-selector -Wno-deprecated-implementations -Wno-implicit-fallthrough -fstrict-aliasing -Wprotocol -Wdeprecated-declarations -Wno-sign-conversion -Wno-infinite-recursion -Wno-comma -Wno-block-capture-autoreleasing -Wno-strict-prototypes -Wno-semicolon-before-method-body -index-store-path /Users/siam/Library/Developer/Xcode/DerivedData/Lingua_Quest-gvpckrqxtbgyprbgppjfqmimmmfw/Index.noindex/DataStore @/Users/siam/Library/Developer/Xcode/DerivedData/Lingua_Quest-gvpckrqxtbgyprbgppjfqmimmmfw/Build/Intermediates.noindex/AppCheck.build/Debug-iphonesimulator/AppCheckCore.build/Objects-normal/arm64/e6072d4f65d7061329687fe24e3d63a7-common-args.resp -MMD -MT dependencies -MF /Users/siam/Library/Developer/Xcode/DerivedData/Lingua_Quest-gvpckrqxtbgyprbgppjfqmimmmfw/Build/Intermediates.noindex/AppCheck.build/Debug-iphonesimulator/AppCheckCore.build/Objects-normal/arm64/GACAppCheckStorage.d --serialize-diagnostics /Users/siam/Library/Developer/Xcode/DerivedData/Lingua_Quest-gvpckrqxtbgyprbgppjfqmimmmfw/Build/Intermediates.noindex/AppCheck.build/Debug-iphonesimulator/AppCheckCore.build/Objects-normal/arm64/GACAppCheckStorage.dia -c /Users/siam/Library/Developer/Xcode/DerivedData/Lingua_Quest-gvpckrqxtbgyprbgppjfqmimmmfw/SourcePackages/checkouts/app-check/AppCheckCore/Sources/Core/Storage/GACAppCheckStorage.m -o /Users/siam/Library/Developer/Xcode/DerivedData/Lingua_Quest-gvpckrqxtbgyprbgppjfqmimmmfw/Build/Intermediates.noindex/AppCheck.build/Debug-iphonesimulator/AppCheckCore.build/Objects-normal/arm64/GACAppCheckStorage.o -index-unit-output-path /AppCheck.build/Debug-iphonesimulator/AppCheckCore.build/Objects-normal/arm64/GACAppCheckStorage.o

CompileC /Users/siam/Library/Developer/Xcode/DerivedData/Lingua_Quest-gvpckrqxtbgyprbgppjfqmimmmfw/Build/Intermediates.noindex/AppCheck.build/Debug-iphonesimulator/AppCheckCore.build/Objects-normal/arm64/GACAppCheckErrorUtil.o /Users/siam/Library/Developer/Xcode/DerivedData/Lingua_Quest-gvpckrqxtbgyprbgppjfqmimmmfw/SourcePackages/checkouts/app-check/AppCheckCore/Sources/Core/Errors/GACAppCheckErrorUtil.m normal arm64 objective-c com.apple.compilers.llvm.clang.1_0.compiler (in target 'AppCheckCore' from project 'AppCheck')
    cd /Users/siam/Desktop/Lingua\ Quest/Lingua\ Quest.xcodeproj
    
    Using response file: /Users/siam/Library/Developer/Xcode/DerivedData/Lingua_Quest-gvpckrqxtbgyprbgppjfqmimmmfw/Build/Intermediates.noindex/AppCheck.build/Debug-iphonesimulator/AppCheckCore.build/Objects-normal/arm64/e6072d4f65d7061329687fe24e3d63a7-common-args.resp
    
    /Applications/Xcode.app/Contents/Developer/Toolchains/XcodeDefault.xctoolchain/usr/bin/clang -x objective-c -ivfsstatcache /Users/siam/Library/Developer/Xcode/DerivedData/SDKStatCaches.noindex/iphonesimulator26.0-23A339-26257891a6c027eb51374368541b8346.sdkstatcache -fmessage-length\=0 -fdiagnostics-show-note-include-stack -fmacro-backtrace-limit\=0 -fno-color-diagnostics -fmodules-prune-interval\=86400 -fmodules-prune-after\=345600 -fbuild-session-file\=/Users/siam/Library/Developer/Xcode/DerivedData/ModuleCache.noindex/Session.modulevalidation -fmodules-validate-once-per-build-session -Wnon-modular-include-in-framework-module -Werror\=non-modular-include-in-framework-module -Wno-trigraphs -Wno-missing-field-initializers -Wno-missing-prototypes -Wno-return-type -Wno-implicit-atomic-properties -Wno-objc-interface-ivars -Wno-arc-repeated-use-of-weak -Wno-missing-braces -Wparentheses -Wswitch -Wno-unused-function -Wno-unused-label -Wno-unused-parameter -Wno-unused-variable -Wunused-value -Wno-empty-body -Wno-uninitialized -Wno-unknown-pragmas -w -Wno-shadow -Wno-four-char-constants -Wno-conversion -Wno-constant-conversion -Wno-int-conversion -Wno-bool-conversion -Wno-enum-conversion -Wno-float-conversion -Wno-non-literal-null-conversion -Wno-objc-literal-conversion -Wshorten-64-to-32 -Wpointer-sign -Wno-newline-eof -Wno-selector -Wno-strict-selector-match -Wno-undeclared-selector -Wno-deprecated-implementations -Wno-implicit-fallthrough -fstrict-aliasing -Wprotocol -Wdeprecated-declarations -Wno-sign-conversion -Wno-infinite-recursion -Wno-comma -Wno-block-capture-autoreleasing -Wno-strict-prototypes -Wno-semicolon-before-method-body -index-store-path /Users/siam/Library/Developer/Xcode/DerivedData/Lingua_Quest-gvpckrqxtbgyprbgppjfqmimmmfw/Index.noindex/DataStore @/Users/siam/Library/Developer/Xcode/DerivedData/Lingua_Quest-gvpckrqxtbgyprbgppjfqmimmmfw/Build/Intermediates.noindex/AppCheck.build/Debug-iphonesimulator/AppCheckCore.build/Objects-normal/arm64/e6072d4f65d7061329687fe24e3d63a7-common-args.resp -MMD -MT dependencies -MF /Users/siam/Library/Developer/Xcode/DerivedData/Lingua_Quest-gvpckrqxtbgyprbgppjfqmimmmfw/Build/Intermediates.noindex/AppCheck.build/Debug-iphonesimulator/AppCheckCore.build/Objects-normal/arm64/GACAppCheckErrorUtil.d --serialize-diagnostics /Users/siam/Library/Developer/Xcode/DerivedData/Lingua_Quest-gvpckrqxtbgyprbgppjfqmimmmfw/Build/Intermediates.noindex/AppCheck.build/Debug-iphonesimulator/AppCheckCore.build/Objects-normal/arm64/GACAppCheckErrorUtil.dia -c /Users/siam/Library/Developer/Xcode/DerivedData/Lingua_Quest-gvpckrqxtbgyprbgppjfqmimmmfw/SourcePackages/checkouts/app-check/AppCheckCore/Sources/Core/Errors/GACAppCheckErrorUtil.m -o /Users/siam/Library/Developer/Xcode/DerivedData/Lingua_Quest-gvpckrqxtbgyprbgppjfqmimmmfw/Build/Intermediates.noindex/AppCheck.build/Debug-iphonesimulator/AppCheckCore.build/Objects-normal/arm64/GACAppCheckErrorUtil.o -index-unit-output-path /AppCheck.build/Debug-iphonesimulator/AppCheckCore.build/Objects-normal/arm64/GACAppCheckErrorUtil.o

ScanDependencies /Users/siam/Library/Developer/Xcode/DerivedData/Lingua_Quest-gvpckrqxtbgyprbgppjfqmimmmfw/Build/Intermediates.noindex/AppCheck.build/Debug-iphonesimulator/AppCheckCore.build/Objects-normal/arm64/GACAppCheck.o /Users/siam/Library/Developer/Xcode/DerivedData/Lingua_Quest-gvpckrqxtbgyprbgppjfqmimmmfw/SourcePackages/checkouts/app-check/AppCheckCore/Sources/Core/GACAppCheck.m normal arm64 objective-c com.apple.compilers.llvm.clang.1_0.compiler (in target 'AppCheckCore' from project 'AppCheck')
    cd /Users/siam/Desktop/Lingua\ Quest/Lingua\ Quest.xcodeproj
    
    Using response file: /Users/siam/Library/Developer/Xcode/DerivedData/Lingua_Quest-gvpckrqxtbgyprbgppjfqmimmmfw/Build/Intermediates.noindex/AppCheck.build/Debug-iphonesimulator/AppCheckCore.build/Objects-normal/arm64/e6072d4f65d7061329687fe24e3d63a7-common-args.resp
    
    builtin-ScanDependencies -o /Users/siam/Library/Developer/Xcode/DerivedData/Lingua_Quest-gvpckrqxtbgyprbgppjfqmimmmfw/Build/Intermediates.noindex/AppCheck.build/Debug-iphonesimulator/AppCheckCore.build/Objects-normal/arm64/GACAppCheck.o.scan -- /Applications/Xcode.app/Contents/Developer/Toolchains/XcodeDefault.xctoolchain/usr/bin/clang -x objective-c -ivfsstatcache /Users/siam/Library/Developer/Xcode/DerivedData/SDKStatCaches.noindex/iphonesimulator26.0-23A339-26257891a6c027eb51374368541b8346.sdkstatcache -fmessage-length\=0 -fdiagnostics-show-note-include-stack -fmacro-backtrace-limit\=0 -fno-color-diagnostics -fmodules-prune-interval\=86400 -fmodules-prune-after\=345600 -fbuild-session-file\=/Users/siam/Library/Developer/Xcode/DerivedData/ModuleCache.noindex/Session.modulevalidation -fmodules-validate-once-per-build-session -Wnon-modular-include-in-framework-module -Werror\=non-modular-include-in-framework-module -Wno-trigraphs -Wno-missing-field-initializers -Wno-missing-prototypes -Wno-return-type -Wno-implicit-atomic-properties -Wno-objc-interface-ivars -Wno-arc-repeated-use-of-weak -Wno-missing-braces -Wparentheses -Wswitch -Wno-unused-function -Wno-unused-label -Wno-unused-parameter -Wno-unused-variable -Wunused-value -Wno-empty-body -Wno-uninitialized -Wno-unknown-pragmas -w -Wno-shadow -Wno-four-char-constants -Wno-conversion -Wno-constant-conversion -Wno-int-conversion -Wno-bool-conversion -Wno-enum-conversion -Wno-float-conversion -Wno-non-literal-null-conversion -Wno-objc-literal-conversion -Wshorten-64-to-32 -Wpointer-sign -Wno-newline-eof -Wno-selector -Wno-strict-selector-match -Wno-undeclared-selector -Wno-deprecated-implementations -Wno-implicit-fallthrough -fstrict-aliasing -Wprotocol -Wdeprecated-declarations -Wno-sign-conversion -Wno-infinite-recursion -Wno-comma -Wno-block-capture-autoreleasing -Wno-strict-prototypes -Wno-semicolon-before-method-body -index-store-path /Users/siam/Library/Developer/Xcode/DerivedData/Lingua_Quest-gvpckrqxtbgyprbgppjfqmimmmfw/Index.noindex/DataStore @/Users/siam/Library/Developer/Xcode/DerivedData/Lingua_Quest-gvpckrqxtbgyprbgppjfqmimmmfw/Build/Intermediates.noindex/AppCheck.build/Debug-iphonesimulator/AppCheckCore.build/Objects-normal/arm64/e6072d4f65d7061329687fe24e3d63a7-common-args.resp -MMD -MT dependencies -MF /Users/siam/Library/Developer/Xcode/DerivedData/Lingua_Quest-gvpckrqxtbgyprbgppjfqmimmmfw/Build/Intermediates.noindex/AppCheck.build/Debug-iphonesimulator/AppCheckCore.build/Objects-normal/arm64/GACAppCheck.d --serialize-diagnostics /Users/siam/Library/Developer/Xcode/DerivedData/Lingua_Quest-gvpckrqxtbgyprbgppjfqmimmmfw/Build/Intermediates.noindex/AppCheck.build/Debug-iphonesimulator/AppCheckCore.build/Objects-normal/arm64/GACAppCheck.dia -c /Users/siam/Library/Developer/Xcode/DerivedData/Lingua_Quest-gvpckrqxtbgyprbgppjfqmimmmfw/SourcePackages/checkouts/app-check/AppCheckCore/Sources/Core/GACAppCheck.m -o /Users/siam/Library/Developer/Xcode/DerivedData/Lingua_Quest-gvpckrqxtbgyprbgppjfqmimmmfw/Build/Intermediates.noindex/AppCheck.build/Debug-iphonesimulator/AppCheckCore.build/Objects-normal/arm64/GACAppCheck.o -index-unit-output-path /AppCheck.build/Debug-iphonesimulator/AppCheckCore.build/Objects-normal/arm64/GACAppCheck.o

CompileC /Users/siam/Library/Developer/Xcode/DerivedData/Lingua_Quest-gvpckrqxtbgyprbgppjfqmimmmfw/Build/Intermediates.noindex/AppCheck.build/Debug-iphonesimulator/AppCheckCore.build/Objects-normal/arm64/GACAppCheckDebugProviderAPIService.o /Users/siam/Library/Developer/Xcode/DerivedData/Lingua_Quest-gvpckrqxtbgyprbgppjfqmimmmfw/SourcePackages/checkouts/app-check/AppCheckCore/Sources/DebugProvider/API/GACAppCheckDebugProviderAPIService.m normal arm64 objective-c com.apple.compilers.llvm.clang.1_0.compiler (in target 'AppCheckCore' from project 'AppCheck')
    cd /Users/siam/Desktop/Lingua\ Quest/Lingua\ Quest.xcodeproj
    
    Using response file: /Users/siam/Library/Developer/Xcode/DerivedData/Lingua_Quest-gvpckrqxtbgyprbgppjfqmimmmfw/Build/Intermediates.noindex/AppCheck.build/Debug-iphonesimulator/AppCheckCore.build/Objects-normal/arm64/e6072d4f65d7061329687fe24e3d63a7-common-args.resp
    
    /Applications/Xcode.app/Contents/Developer/Toolchains/XcodeDefault.xctoolchain/usr/bin/clang -x objective-c -ivfsstatcache /Users/siam/Library/Developer/Xcode/DerivedData/SDKStatCaches.noindex/iphonesimulator26.0-23A339-26257891a6c027eb51374368541b8346.sdkstatcache -fmessage-length\=0 -fdiagnostics-show-note-include-stack -fmacro-backtrace-limit\=0 -fno-color-diagnostics -fmodules-prune-interval\=86400 -fmodules-prune-after\=345600 -fbuild-session-file\=/Users/siam/Library/Developer/Xcode/DerivedData/ModuleCache.noindex/Session.modulevalidation -fmodules-validate-once-per-build-session -Wnon-modular-include-in-framework-module -Werror\=non-modular-include-in-framework-module -Wno-trigraphs -Wno-missing-field-initializers -Wno-missing-prototypes -Wno-return-type -Wno-implicit-atomic-properties -Wno-objc-interface-ivars -Wno-arc-repeated-use-of-weak -Wno-missing-braces -Wparentheses -Wswitch -Wno-unused-function -Wno-unused-label -Wno-unused-parameter -Wno-unused-variable -Wunused-value -Wno-empty-body -Wno-uninitialized -Wno-unknown-pragmas -w -Wno-shadow -Wno-four-char-constants -Wno-conversion -Wno-constant-conversion -Wno-int-conversion -Wno-bool-conversion -Wno-enum-conversion -Wno-float-conversion -Wno-non-literal-null-conversion -Wno-objc-literal-conversion -Wshorten-64-to-32 -Wpointer-sign -Wno-newline-eof -Wno-selector -Wno-strict-selector-match -Wno-undeclared-selector -Wno-deprecated-implementations -Wno-implicit-fallthrough -fstrict-aliasing -Wprotocol -Wdeprecated-declarations -Wno-sign-conversion -Wno-infinite-recursion -Wno-comma -Wno-block-capture-autoreleasing -Wno-strict-prototypes -Wno-semicolon-before-method-body -index-store-path /Users/siam/Library/Developer/Xcode/DerivedData/Lingua_Quest-gvpckrqxtbgyprbgppjfqmimmmfw/Index.noindex/DataStore @/Users/siam/Library/Developer/Xcode/DerivedData/Lingua_Quest-gvpckrqxtbgyprbgppjfqmimmmfw/Build/Intermediates.noindex/AppCheck.build/Debug-iphonesimulator/AppCheckCore.build/Objects-normal/arm64/e6072d4f65d7061329687fe24e3d63a7-common-args.resp -MMD -MT dependencies -MF /Users/siam/Library/Developer/Xcode/DerivedData/Lingua_Quest-gvpckrqxtbgyprbgppjfqmimmmfw/Build/Intermediates.noindex/AppCheck.build/Debug-iphonesimulator/AppCheckCore.build/Objects-normal/arm64/GACAppCheckDebugProviderAPIService.d --serialize-diagnostics /Users/siam/Library/Developer/Xcode/DerivedData/Lingua_Quest-gvpckrqxtbgyprbgppjfqmimmmfw/Build/Intermediates.noindex/AppCheck.build/Debug-iphonesimulator/AppCheckCore.build/Objects-normal/arm64/GACAppCheckDebugProviderAPIService.dia -c /Users/siam/Library/Developer/Xcode/DerivedData/Lingua_Quest-gvpckrqxtbgyprbgppjfqmimmmfw/SourcePackages/checkouts/app-check/AppCheckCore/Sources/DebugProvider/API/GACAppCheckDebugProviderAPIService.m -o /Users/siam/Library/Developer/Xcode/DerivedData/Lingua_Quest-gvpckrqxtbgyprbgppjfqmimmmfw/Build/Intermediates.noindex/AppCheck.build/Debug-iphonesimulator/AppCheckCore.build/Objects-normal/arm64/GACAppCheckDebugProviderAPIService.o -index-unit-output-path /AppCheck.build/Debug-iphonesimulator/AppCheckCore.build/Objects-normal/arm64/GACAppCheckDebugProviderAPIService.o

CompileC /Users/siam/Library/Developer/Xcode/DerivedData/Lingua_Quest-gvpckrqxtbgyprbgppjfqmimmmfw/Build/Intermediates.noindex/AppCheck.build/Debug-iphonesimulator/AppCheckCore.build/Objects-normal/arm64/GACAppCheckErrors.o /Users/siam/Library/Developer/Xcode/DerivedData/Lingua_Quest-gvpckrqxtbgyprbgppjfqmimmmfw/SourcePackages/checkouts/app-check/AppCheckCore/Sources/Core/Errors/GACAppCheckErrors.m normal arm64 objective-c com.apple.compilers.llvm.clang.1_0.compiler (in target 'AppCheckCore' from project 'AppCheck')
    cd /Users/siam/Desktop/Lingua\ Quest/Lingua\ Quest.xcodeproj
    
    Using response file: /Users/siam/Library/Developer/Xcode/DerivedData/Lingua_Quest-gvpckrqxtbgyprbgppjfqmimmmfw/Build/Intermediates.noindex/AppCheck.build/Debug-iphonesimulator/AppCheckCore.build/Objects-normal/arm64/e6072d4f65d7061329687fe24e3d63a7-common-args.resp
    
    /Applications/Xcode.app/Contents/Developer/Toolchains/XcodeDefault.xctoolchain/usr/bin/clang -x objective-c -ivfsstatcache /Users/siam/Library/Developer/Xcode/DerivedData/SDKStatCaches.noindex/iphonesimulator26.0-23A339-26257891a6c027eb51374368541b8346.sdkstatcache -fmessage-length\=0 -fdiagnostics-show-note-include-stack -fmacro-backtrace-limit\=0 -fno-color-diagnostics -fmodules-prune-interval\=86400 -fmodules-prune-after\=345600 -fbuild-session-file\=/Users/siam/Library/Developer/Xcode/DerivedData/ModuleCache.noindex/Session.modulevalidation -fmodules-validate-once-per-build-session -Wnon-modular-include-in-framework-module -Werror\=non-modular-include-in-framework-module -Wno-trigraphs -Wno-missing-field-initializers -Wno-missing-prototypes -Wno-return-type -Wno-implicit-atomic-properties -Wno-objc-interface-ivars -Wno-arc-repeated-use-of-weak -Wno-missing-braces -Wparentheses -Wswitch -Wno-unused-function -Wno-unused-label -Wno-unused-parameter -Wno-unused-variable -Wunused-value -Wno-empty-body -Wno-uninitialized -Wno-unknown-pragmas -w -Wno-shadow -Wno-four-char-constants -Wno-conversion -Wno-constant-conversion -Wno-int-conversion -Wno-bool-conversion -Wno-enum-conversion -Wno-float-conversion -Wno-non-literal-null-conversion -Wno-objc-literal-conversion -Wshorten-64-to-32 -Wpointer-sign -Wno-newline-eof -Wno-selector -Wno-strict-selector-match -Wno-undeclared-selector -Wno-deprecated-implementations -Wno-implicit-fallthrough -fstrict-aliasing -Wprotocol -Wdeprecated-declarations -Wno-sign-conversion -Wno-infinite-recursion -Wno-comma -Wno-block-capture-autoreleasing -Wno-strict-prototypes -Wno-semicolon-before-method-body -index-store-path /Users/siam/Library/Developer/Xcode/DerivedData/Lingua_Quest-gvpckrqxtbgyprbgppjfqmimmmfw/Index.noindex/DataStore @/Users/siam/Library/Developer/Xcode/DerivedData/Lingua_Quest-gvpckrqxtbgyprbgppjfqmimmmfw/Build/Intermediates.noindex/AppCheck.build/Debug-iphonesimulator/AppCheckCore.build/Objects-normal/arm64/e6072d4f65d7061329687fe24e3d63a7-common-args.resp -MMD -MT dependencies -MF /Users/siam/Library/Developer/Xcode/DerivedData/Lingua_Quest-gvpckrqxtbgyprbgppjfqmimmmfw/Build/Intermediates.noindex/AppCheck.build/Debug-iphonesimulator/AppCheckCore.build/Objects-normal/arm64/GACAppCheckErrors.d --serialize-diagnostics /Users/siam/Library/Developer/Xcode/DerivedData/Lingua_Quest-gvpckrqxtbgyprbgppjfqmimmmfw/Build/Intermediates.noindex/AppCheck.build/Debug-iphonesimulator/AppCheckCore.build/Objects-normal/arm64/GACAppCheckErrors.dia -c /Users/siam/Library/Developer/Xcode/DerivedData/Lingua_Quest-gvpckrqxtbgyprbgppjfqmimmmfw/SourcePackages/checkouts/app-check/AppCheckCore/Sources/Core/Errors/GACAppCheckErrors.m -o /Users/siam/Library/Developer/Xcode/DerivedData/Lingua_Quest-gvpckrqxtbgyprbgppjfqmimmmfw/Build/Intermediates.noindex/AppCheck.build/Debug-iphonesimulator/AppCheckCore.build/Objects-normal/arm64/GACAppCheckErrors.o -index-unit-output-path /AppCheck.build/Debug-iphonesimulator/AppCheckCore.build/Objects-normal/arm64/GACAppCheckErrors.o

ScanDependencies /Users/siam/Library/Developer/Xcode/DerivedData/Lingua_Quest-gvpckrqxtbgyprbgppjfqmimmmfw/Build/Intermediates.noindex/AppCheck.build/Debug-iphonesimulator/AppCheckCore.build/Objects-normal/arm64/GACAppAttestStoredArtifact.o /Users/siam/Library/Developer/Xcode/DerivedData/Lingua_Quest-gvpckrqxtbgyprbgppjfqmimmmfw/SourcePackages/checkouts/app-check/AppCheckCore/Sources/AppAttestProvider/Storage/GACAppAttestStoredArtifact.m normal arm64 objective-c com.apple.compilers.llvm.clang.1_0.compiler (in target 'AppCheckCore' from project 'AppCheck')
    cd /Users/siam/Desktop/Lingua\ Quest/Lingua\ Quest.xcodeproj
    
    Using response file: /Users/siam/Library/Developer/Xcode/DerivedData/Lingua_Quest-gvpckrqxtbgyprbgppjfqmimmmfw/Build/Intermediates.noindex/AppCheck.build/Debug-iphonesimulator/AppCheckCore.build/Objects-normal/arm64/e6072d4f65d7061329687fe24e3d63a7-common-args.resp
    
    builtin-ScanDependencies -o /Users/siam/Library/Developer/Xcode/DerivedData/Lingua_Quest-gvpckrqxtbgyprbgppjfqmimmmfw/Build/Intermediates.noindex/AppCheck.build/Debug-iphonesimulator/AppCheckCore.build/Objects-normal/arm64/GACAppAttestStoredArtifact.o.scan -- /Applications/Xcode.app/Contents/Developer/Toolchains/XcodeDefault.xctoolchain/usr/bin/clang -x objective-c -ivfsstatcache /Users/siam/Library/Developer/Xcode/DerivedData/SDKStatCaches.noindex/iphonesimulator26.0-23A339-26257891a6c027eb51374368541b8346.sdkstatcache -fmessage-length\=0 -fdiagnostics-show-note-include-stack -fmacro-backtrace-limit\=0 -fno-color-diagnostics -fmodules-prune-interval\=86400 -fmodules-prune-after\=345600 -fbuild-session-file\=/Users/siam/Library/Developer/Xcode/DerivedData/ModuleCache.noindex/Session.modulevalidation -fmodules-validate-once-per-build-session -Wnon-modular-include-in-framework-module -Werror\=non-modular-include-in-framework-module -Wno-trigraphs -Wno-missing-field-initializers -Wno-missing-prototypes -Wno-return-type -Wno-implicit-atomic-properties -Wno-objc-interface-ivars -Wno-arc-repeated-use-of-weak -Wno-missing-braces -Wparentheses -Wswitch -Wno-unused-function -Wno-unused-label -Wno-unused-parameter -Wno-unused-variable -Wunused-value -Wno-empty-body -Wno-uninitialized -Wno-unknown-pragmas -w -Wno-shadow -Wno-four-char-constants -Wno-conversion -Wno-constant-conversion -Wno-int-conversion -Wno-bool-conversion -Wno-enum-conversion -Wno-float-conversion -Wno-non-literal-null-conversion -Wno-objc-literal-conversion -Wshorten-64-to-32 -Wpointer-sign -Wno-newline-eof -Wno-selector -Wno-strict-selector-match -Wno-undeclared-selector -Wno-deprecated-implementations -Wno-implicit-fallthrough -fstrict-aliasing -Wprotocol -Wdeprecated-declarations -Wno-sign-conversion -Wno-infinite-recursion -Wno-comma -Wno-block-capture-autoreleasing -Wno-strict-prototypes -Wno-semicolon-before-method-body -index-store-path /Users/siam/Library/Developer/Xcode/DerivedData/Lingua_Quest-gvpckrqxtbgyprbgppjfqmimmmfw/Index.noindex/DataStore @/Users/siam/Library/Developer/Xcode/DerivedData/Lingua_Quest-gvpckrqxtbgyprbgppjfqmimmmfw/Build/Intermediates.noindex/AppCheck.build/Debug-iphonesimulator/AppCheckCore.build/Objects-normal/arm64/e6072d4f65d7061329687fe24e3d63a7-common-args.resp -MMD -MT dependencies -MF /Users/siam/Library/Developer/Xcode/DerivedData/Lingua_Quest-gvpckrqxtbgyprbgppjfqmimmmfw/Build/Intermediates.noindex/AppCheck.build/Debug-iphonesimulator/AppCheckCore.build/Objects-normal/arm64/GACAppAttestStoredArtifact.d --serialize-diagnostics /Users/siam/Library/Developer/Xcode/DerivedData/Lingua_Quest-gvpckrqxtbgyprbgppjfqmimmmfw/Build/Intermediates.noindex/AppCheck.build/Debug-iphonesimulator/AppCheckCore.build/Objects-normal/arm64/GACAppAttestStoredArtifact.dia -c /Users/siam/Library/Developer/Xcode/DerivedData/Lingua_Quest-gvpckrqxtbgyprbgppjfqmimmmfw/SourcePackages/checkouts/app-check/AppCheckCore/Sources/AppAttestProvider/Storage/GACAppAttestStoredArtifact.m -o /Users/siam/Library/Developer/Xcode/DerivedData/Lingua_Quest-gvpckrqxtbgyprbgppjfqmimmmfw/Build/Intermediates.noindex/AppCheck.build/Debug-iphonesimulator/AppCheckCore.build/Objects-normal/arm64/GACAppAttestStoredArtifact.o -index-unit-output-path /AppCheck.build/Debug-iphonesimulator/AppCheckCore.build/Objects-normal/arm64/GACAppAttestStoredArtifact.o

PrecompileModule /Users/siam/Library/Developer/Xcode/DerivedData/Lingua_Quest-gvpckrqxtbgyprbgppjfqmimmmfw/Build/Intermediates.noindex/ExplicitPrecompiledModules/GoogleUtilities_UserDefaults-DOTLKCKYPSOMLPFA1VMLUXFI0.scan
    cd /
    builtin-precompileModule /Users/siam/Library/Developer/Xcode/DerivedData/Lingua_Quest-gvpckrqxtbgyprbgppjfqmimmmfw/Build/Intermediates.noindex/ExplicitPrecompiledModules/GoogleUtilities_UserDefaults-DOTLKCKYPSOMLPFA1VMLUXFI0.scan

CompileC /Users/siam/Library/Developer/Xcode/DerivedData/Lingua_Quest-gvpckrqxtbgyprbgppjfqmimmmfw/Build/Intermediates.noindex/AppCheck.build/Debug-iphonesimulator/AppCheckCore.build/Objects-normal/arm64/GACAppCheck.o /Users/siam/Library/Developer/Xcode/DerivedData/Lingua_Quest-gvpckrqxtbgyprbgppjfqmimmmfw/SourcePackages/checkouts/app-check/AppCheckCore/Sources/Core/GACAppCheck.m normal arm64 objective-c com.apple.compilers.llvm.clang.1_0.compiler (in target 'AppCheckCore' from project 'AppCheck')
    cd /Users/siam/Desktop/Lingua\ Quest/Lingua\ Quest.xcodeproj
    
    Using response file: /Users/siam/Library/Developer/Xcode/DerivedData/Lingua_Quest-gvpckrqxtbgyprbgppjfqmimmmfw/Build/Intermediates.noindex/AppCheck.build/Debug-iphonesimulator/AppCheckCore.build/Objects-normal/arm64/e6072d4f65d7061329687fe24e3d63a7-common-args.resp
    
    /Applications/Xcode.app/Contents/Developer/Toolchains/XcodeDefault.xctoolchain/usr/bin/clang -x objective-c -ivfsstatcache /Users/siam/Library/Developer/Xcode/DerivedData/SDKStatCaches.noindex/iphonesimulator26.0-23A339-26257891a6c027eb51374368541b8346.sdkstatcache -fmessage-length\=0 -fdiagnostics-show-note-include-stack -fmacro-backtrace-limit\=0 -fno-color-diagnostics -fmodules-prune-interval\=86400 -fmodules-prune-after\=345600 -fbuild-session-file\=/Users/siam/Library/Developer/Xcode/DerivedData/ModuleCache.noindex/Session.modulevalidation -fmodules-validate-once-per-build-session -Wnon-modular-include-in-framework-module -Werror\=non-modular-include-in-framework-module -Wno-trigraphs -Wno-missing-field-initializers -Wno-missing-prototypes -Wno-return-type -Wno-implicit-atomic-properties -Wno-objc-interface-ivars -Wno-arc-repeated-use-of-weak -Wno-missing-braces -Wparentheses -Wswitch -Wno-unused-function -Wno-unused-label -Wno-unused-parameter -Wno-unused-variable -Wunused-value -Wno-empty-body -Wno-uninitialized -Wno-unknown-pragmas -w -Wno-shadow -Wno-four-char-constants -Wno-conversion -Wno-constant-conversion -Wno-int-conversion -Wno-bool-conversion -Wno-enum-conversion -Wno-float-conversion -Wno-non-literal-null-conversion -Wno-objc-literal-conversion -Wshorten-64-to-32 -Wpointer-sign -Wno-newline-eof -Wno-selector -Wno-strict-selector-match -Wno-undeclared-selector -Wno-deprecated-implementations -Wno-implicit-fallthrough -fstrict-aliasing -Wprotocol -Wdeprecated-declarations -Wno-sign-conversion -Wno-infinite-recursion -Wno-comma -Wno-block-capture-autoreleasing -Wno-strict-prototypes -Wno-semicolon-before-method-body -index-store-path /Users/siam/Library/Developer/Xcode/DerivedData/Lingua_Quest-gvpckrqxtbgyprbgppjfqmimmmfw/Index.noindex/DataStore @/Users/siam/Library/Developer/Xcode/DerivedData/Lingua_Quest-gvpckrqxtbgyprbgppjfqmimmmfw/Build/Intermediates.noindex/AppCheck.build/Debug-iphonesimulator/AppCheckCore.build/Objects-normal/arm64/e6072d4f65d7061329687fe24e3d63a7-common-args.resp -MMD -MT dependencies -MF /Users/siam/Library/Developer/Xcode/DerivedData/Lingua_Quest-gvpckrqxtbgyprbgppjfqmimmmfw/Build/Intermediates.noindex/AppCheck.build/Debug-iphonesimulator/AppCheckCore.build/Objects-normal/arm64/GACAppCheck.d --serialize-diagnostics /Users/siam/Library/Developer/Xcode/DerivedData/Lingua_Quest-gvpckrqxtbgyprbgppjfqmimmmfw/Build/Intermediates.noindex/AppCheck.build/Debug-iphonesimulator/AppCheckCore.build/Objects-normal/arm64/GACAppCheck.dia -c /Users/siam/Library/Developer/Xcode/DerivedData/Lingua_Quest-gvpckrqxtbgyprbgppjfqmimmmfw/SourcePackages/checkouts/app-check/AppCheckCore/Sources/Core/GACAppCheck.m -o /Users/siam/Library/Developer/Xcode/DerivedData/Lingua_Quest-gvpckrqxtbgyprbgppjfqmimmmfw/Build/Intermediates.noindex/AppCheck.build/Debug-iphonesimulator/AppCheckCore.build/Objects-normal/arm64/GACAppCheck.o -index-unit-output-path /AppCheck.build/Debug-iphonesimulator/AppCheckCore.build/Objects-normal/arm64/GACAppCheck.o

CompileC /Users/siam/Library/Developer/Xcode/DerivedData/Lingua_Quest-gvpckrqxtbgyprbgppjfqmimmmfw/Build/Intermediates.noindex/AppCheck.build/Debug-iphonesimulator/AppCheckCore.build/Objects-normal/arm64/GACAppCheckBackoffWrapper.o /Users/siam/Library/Developer/Xcode/DerivedData/Lingua_Quest-gvpckrqxtbgyprbgppjfqmimmmfw/SourcePackages/checkouts/app-check/AppCheckCore/Sources/Core/Backoff/GACAppCheckBackoffWrapper.m normal arm64 objective-c com.apple.compilers.llvm.clang.1_0.compiler (in target 'AppCheckCore' from project 'AppCheck')
    cd /Users/siam/Desktop/Lingua\ Quest/Lingua\ Quest.xcodeproj
    
    Using response file: /Users/siam/Library/Developer/Xcode/DerivedData/Lingua_Quest-gvpckrqxtbgyprbgppjfqmimmmfw/Build/Intermediates.noindex/AppCheck.build/Debug-iphonesimulator/AppCheckCore.build/Objects-normal/arm64/e6072d4f65d7061329687fe24e3d63a7-common-args.resp
    
    /Applications/Xcode.app/Contents/Developer/Toolchains/XcodeDefault.xctoolchain/usr/bin/clang -x objective-c -ivfsstatcache /Users/siam/Library/Developer/Xcode/DerivedData/SDKStatCaches.noindex/iphonesimulator26.0-23A339-26257891a6c027eb51374368541b8346.sdkstatcache -fmessage-length\=0 -fdiagnostics-show-note-include-stack -fmacro-backtrace-limit\=0 -fno-color-diagnostics -fmodules-prune-interval\=86400 -fmodules-prune-after\=345600 -fbuild-session-file\=/Users/siam/Library/Developer/Xcode/DerivedData/ModuleCache.noindex/Session.modulevalidation -fmodules-validate-once-per-build-session -Wnon-modular-include-in-framework-module -Werror\=non-modular-include-in-framework-module -Wno-trigraphs -Wno-missing-field-initializers -Wno-missing-prototypes -Wno-return-type -Wno-implicit-atomic-properties -Wno-objc-interface-ivars -Wno-arc-repeated-use-of-weak -Wno-missing-braces -Wparentheses -Wswitch -Wno-unused-function -Wno-unused-label -Wno-unused-parameter -Wno-unused-variable -Wunused-value -Wno-empty-body -Wno-uninitialized -Wno-unknown-pragmas -w -Wno-shadow -Wno-four-char-constants -Wno-conversion -Wno-constant-conversion -Wno-int-conversion -Wno-bool-conversion -Wno-enum-conversion -Wno-float-conversion -Wno-non-literal-null-conversion -Wno-objc-literal-conversion -Wshorten-64-to-32 -Wpointer-sign -Wno-newline-eof -Wno-selector -Wno-strict-selector-match -Wno-undeclared-selector -Wno-deprecated-implementations -Wno-implicit-fallthrough -fstrict-aliasing -Wprotocol -Wdeprecated-declarations -Wno-sign-conversion -Wno-infinite-recursion -Wno-comma -Wno-block-capture-autoreleasing -Wno-strict-prototypes -Wno-semicolon-before-method-body -index-store-path /Users/siam/Library/Developer/Xcode/DerivedData/Lingua_Quest-gvpckrqxtbgyprbgppjfqmimmmfw/Index.noindex/DataStore @/Users/siam/Library/Developer/Xcode/DerivedData/Lingua_Quest-gvpckrqxtbgyprbgppjfqmimmmfw/Build/Intermediates.noindex/AppCheck.build/Debug-iphonesimulator/AppCheckCore.build/Objects-normal/arm64/e6072d4f65d7061329687fe24e3d63a7-common-args.resp -MMD -MT dependencies -MF /Users/siam/Library/Developer/Xcode/DerivedData/Lingua_Quest-gvpckrqxtbgyprbgppjfqmimmmfw/Build/Intermediates.noindex/AppCheck.build/Debug-iphonesimulator/AppCheckCore.build/Objects-normal/arm64/GACAppCheckBackoffWrapper.d --serialize-diagnostics /Users/siam/Library/Developer/Xcode/DerivedData/Lingua_Quest-gvpckrqxtbgyprbgppjfqmimmmfw/Build/Intermediates.noindex/AppCheck.build/Debug-iphonesimulator/AppCheckCore.build/Objects-normal/arm64/GACAppCheckBackoffWrapper.dia -c /Users/siam/Library/Developer/Xcode/DerivedData/Lingua_Quest-gvpckrqxtbgyprbgppjfqmimmmfw/SourcePackages/checkouts/app-check/AppCheckCore/Sources/Core/Backoff/GACAppCheckBackoffWrapper.m -o /Users/siam/Library/Developer/Xcode/DerivedData/Lingua_Quest-gvpckrqxtbgyprbgppjfqmimmmfw/Build/Intermediates.noindex/AppCheck.build/Debug-iphonesimulator/AppCheckCore.build/Objects-normal/arm64/GACAppCheckBackoffWrapper.o -index-unit-output-path /AppCheck.build/Debug-iphonesimulator/AppCheckCore.build/Objects-normal/arm64/GACAppCheckBackoffWrapper.o

CompileC /Users/siam/Library/Developer/Xcode/DerivedData/Lingua_Quest-gvpckrqxtbgyprbgppjfqmimmmfw/Build/Intermediates.noindex/AppCheck.build/Debug-iphonesimulator/AppCheckCore.build/Objects-normal/arm64/GACAppCheckAPIService.o /Users/siam/Library/Developer/Xcode/DerivedData/Lingua_Quest-gvpckrqxtbgyprbgppjfqmimmmfw/SourcePackages/checkouts/app-check/AppCheckCore/Sources/Core/APIService/GACAppCheckAPIService.m normal arm64 objective-c com.apple.compilers.llvm.clang.1_0.compiler (in target 'AppCheckCore' from project 'AppCheck')
    cd /Users/siam/Desktop/Lingua\ Quest/Lingua\ Quest.xcodeproj
    
    Using response file: /Users/siam/Library/Developer/Xcode/DerivedData/Lingua_Quest-gvpckrqxtbgyprbgppjfqmimmmfw/Build/Intermediates.noindex/AppCheck.build/Debug-iphonesimulator/AppCheckCore.build/Objects-normal/arm64/e6072d4f65d7061329687fe24e3d63a7-common-args.resp
    
    /Applications/Xcode.app/Contents/Developer/Toolchains/XcodeDefault.xctoolchain/usr/bin/clang -x objective-c -ivfsstatcache /Users/siam/Library/Developer/Xcode/DerivedData/SDKStatCaches.noindex/iphonesimulator26.0-23A339-26257891a6c027eb51374368541b8346.sdkstatcache -fmessage-length\=0 -fdiagnostics-show-note-include-stack -fmacro-backtrace-limit\=0 -fno-color-diagnostics -fmodules-prune-interval\=86400 -fmodules-prune-after\=345600 -fbuild-session-file\=/Users/siam/Library/Developer/Xcode/DerivedData/ModuleCache.noindex/Session.modulevalidation -fmodules-validate-once-per-build-session -Wnon-modular-include-in-framework-module -Werror\=non-modular-include-in-framework-module -Wno-trigraphs -Wno-missing-field-initializers -Wno-missing-prototypes -Wno-return-type -Wno-implicit-atomic-properties -Wno-objc-interface-ivars -Wno-arc-repeated-use-of-weak -Wno-missing-braces -Wparentheses -Wswitch -Wno-unused-function -Wno-unused-label -Wno-unused-parameter -Wno-unused-variable -Wunused-value -Wno-empty-body -Wno-uninitialized -Wno-unknown-pragmas -w -Wno-shadow -Wno-four-char-constants -Wno-conversion -Wno-constant-conversion -Wno-int-conversion -Wno-bool-conversion -Wno-enum-conversion -Wno-float-conversion -Wno-non-literal-null-conversion -Wno-objc-literal-conversion -Wshorten-64-to-32 -Wpointer-sign -Wno-newline-eof -Wno-selector -Wno-strict-selector-match -Wno-undeclared-selector -Wno-deprecated-implementations -Wno-implicit-fallthrough -fstrict-aliasing -Wprotocol -Wdeprecated-declarations -Wno-sign-conversion -Wno-infinite-recursion -Wno-comma -Wno-block-capture-autoreleasing -Wno-strict-prototypes -Wno-semicolon-before-method-body -index-store-path /Users/siam/Library/Developer/Xcode/DerivedData/Lingua_Quest-gvpckrqxtbgyprbgppjfqmimmmfw/Index.noindex/DataStore @/Users/siam/Library/Developer/Xcode/DerivedData/Lingua_Quest-gvpckrqxtbgyprbgppjfqmimmmfw/Build/Intermediates.noindex/AppCheck.build/Debug-iphonesimulator/AppCheckCore.build/Objects-normal/arm64/e6072d4f65d7061329687fe24e3d63a7-common-args.resp -MMD -MT dependencies -MF /Users/siam/Library/Developer/Xcode/DerivedData/Lingua_Quest-gvpckrqxtbgyprbgppjfqmimmmfw/Build/Intermediates.noindex/AppCheck.build/Debug-iphonesimulator/AppCheckCore.build/Objects-normal/arm64/GACAppCheckAPIService.d --serialize-diagnostics /Users/siam/Library/Developer/Xcode/DerivedData/Lingua_Quest-gvpckrqxtbgyprbgppjfqmimmmfw/Build/Intermediates.noindex/AppCheck.build/Debug-iphonesimulator/AppCheckCore.build/Objects-normal/arm64/GACAppCheckAPIService.dia -c /Users/siam/Library/Developer/Xcode/DerivedData/Lingua_Quest-gvpckrqxtbgyprbgppjfqmimmmfw/SourcePackages/checkouts/app-check/AppCheckCore/Sources/Core/APIService/GACAppCheckAPIService.m -o /Users/siam/Library/Developer/Xcode/DerivedData/Lingua_Quest-gvpckrqxtbgyprbgppjfqmimmmfw/Build/Intermediates.noindex/AppCheck.build/Debug-iphonesimulator/AppCheckCore.build/Objects-normal/arm64/GACAppCheckAPIService.o -index-unit-output-path /AppCheck.build/Debug-iphonesimulator/AppCheckCore.build/Objects-normal/arm64/GACAppCheckAPIService.o

PrecompileModule /Users/siam/Library/Developer/Xcode/DerivedData/Lingua_Quest-gvpckrqxtbgyprbgppjfqmimmmfw/Build/Intermediates.noindex/ExplicitPrecompiledModules/Dispatch-A2E0NEUWPIZDWI9HBPFRUG8UN.scan
    cd /
    builtin-precompileModule /Users/siam/Library/Developer/Xcode/DerivedData/Lingua_Quest-gvpckrqxtbgyprbgppjfqmimmmfw/Build/Intermediates.noindex/ExplicitPrecompiledModules/Dispatch-A2E0NEUWPIZDWI9HBPFRUG8UN.scan

PrecompileModule /Users/siam/Library/Developer/Xcode/DerivedData/Lingua_Quest-gvpckrqxtbgyprbgppjfqmimmmfw/Build/Intermediates.noindex/ExplicitPrecompiledModules/CommonCrypto-AN2MWZ3U4GOLEBKELLYRZBN1K.scan
    cd /
    builtin-precompileModule /Users/siam/Library/Developer/Xcode/DerivedData/Lingua_Quest-gvpckrqxtbgyprbgppjfqmimmmfw/Build/Intermediates.noindex/ExplicitPrecompiledModules/CommonCrypto-AN2MWZ3U4GOLEBKELLYRZBN1K.scan

ScanDependencies /Users/siam/Library/Developer/Xcode/DerivedData/Lingua_Quest-gvpckrqxtbgyprbgppjfqmimmmfw/Build/Intermediates.noindex/AppCheck.build/Debug-iphonesimulator/AppCheckCore.build/Objects-normal/arm64/GACAppAttestRejectionError.o /Users/siam/Library/Developer/Xcode/DerivedData/Lingua_Quest-gvpckrqxtbgyprbgppjfqmimmmfw/SourcePackages/checkouts/app-check/AppCheckCore/Sources/AppAttestProvider/Errors/GACAppAttestRejectionError.m normal arm64 objective-c com.apple.compilers.llvm.clang.1_0.compiler (in target 'AppCheckCore' from project 'AppCheck')
    cd /Users/siam/Desktop/Lingua\ Quest/Lingua\ Quest.xcodeproj
    
    Using response file: /Users/siam/Library/Developer/Xcode/DerivedData/Lingua_Quest-gvpckrqxtbgyprbgppjfqmimmmfw/Build/Intermediates.noindex/AppCheck.build/Debug-iphonesimulator/AppCheckCore.build/Objects-normal/arm64/e6072d4f65d7061329687fe24e3d63a7-common-args.resp
    
    builtin-ScanDependencies -o /Users/siam/Library/Developer/Xcode/DerivedData/Lingua_Quest-gvpckrqxtbgyprbgppjfqmimmmfw/Build/Intermediates.noindex/AppCheck.build/Debug-iphonesimulator/AppCheckCore.build/Objects-normal/arm64/GACAppAttestRejectionError.o.scan -- /Applications/Xcode.app/Contents/Developer/Toolchains/XcodeDefault.xctoolchain/usr/bin/clang -x objective-c -ivfsstatcache /Users/siam/Library/Developer/Xcode/DerivedData/SDKStatCaches.noindex/iphonesimulator26.0-23A339-26257891a6c027eb51374368541b8346.sdkstatcache -fmessage-length\=0 -fdiagnostics-show-note-include-stack -fmacro-backtrace-limit\=0 -fno-color-diagnostics -fmodules-prune-interval\=86400 -fmodules-prune-after\=345600 -fbuild-session-file\=/Users/siam/Library/Developer/Xcode/DerivedData/ModuleCache.noindex/Session.modulevalidation -fmodules-validate-once-per-build-session -Wnon-modular-include-in-framework-module -Werror\=non-modular-include-in-framework-module -Wno-trigraphs -Wno-missing-field-initializers -Wno-missing-prototypes -Wno-return-type -Wno-implicit-atomic-properties -Wno-objc-interface-ivars -Wno-arc-repeated-use-of-weak -Wno-missing-braces -Wparentheses -Wswitch -Wno-unused-function -Wno-unused-label -Wno-unused-parameter -Wno-unused-variable -Wunused-value -Wno-empty-body -Wno-uninitialized -Wno-unknown-pragmas -w -Wno-shadow -Wno-four-char-constants -Wno-conversion -Wno-constant-conversion -Wno-int-conversion -Wno-bool-conversion -Wno-enum-conversion -Wno-float-conversion -Wno-non-literal-null-conversion -Wno-objc-literal-conversion -Wshorten-64-to-32 -Wpointer-sign -Wno-newline-eof -Wno-selector -Wno-strict-selector-match -Wno-undeclared-selector -Wno-deprecated-implementations -Wno-implicit-fallthrough -fstrict-aliasing -Wprotocol -Wdeprecated-declarations -Wno-sign-conversion -Wno-infinite-recursion -Wno-comma -Wno-block-capture-autoreleasing -Wno-strict-prototypes -Wno-semicolon-before-method-body -index-store-path /Users/siam/Library/Developer/Xcode/DerivedData/Lingua_Quest-gvpckrqxtbgyprbgppjfqmimmmfw/Index.noindex/DataStore @/Users/siam/Library/Developer/Xcode/DerivedData/Lingua_Quest-gvpckrqxtbgyprbgppjfqmimmmfw/Build/Intermediates.noindex/AppCheck.build/Debug-iphonesimulator/AppCheckCore.build/Objects-normal/arm64/e6072d4f65d7061329687fe24e3d63a7-common-args.resp -MMD -MT dependencies -MF /Users/siam/Library/Developer/Xcode/DerivedData/Lingua_Quest-gvpckrqxtbgyprbgppjfqmimmmfw/Build/Intermediates.noindex/AppCheck.build/Debug-iphonesimulator/AppCheckCore.build/Objects-normal/arm64/GACAppAttestRejectionError.d --serialize-diagnostics /Users/siam/Library/Developer/Xcode/DerivedData/Lingua_Quest-gvpckrqxtbgyprbgppjfqmimmmfw/Build/Intermediates.noindex/AppCheck.build/Debug-iphonesimulator/AppCheckCore.build/Objects-normal/arm64/GACAppAttestRejectionError.dia -c /Users/siam/Library/Developer/Xcode/DerivedData/Lingua_Quest-gvpckrqxtbgyprbgppjfqmimmmfw/SourcePackages/checkouts/app-check/AppCheckCore/Sources/AppAttestProvider/Errors/GACAppAttestRejectionError.m -o /Users/siam/Library/Developer/Xcode/DerivedData/Lingua_Quest-gvpckrqxtbgyprbgppjfqmimmmfw/Build/Intermediates.noindex/AppCheck.build/Debug-iphonesimulator/AppCheckCore.build/Objects-normal/arm64/GACAppAttestRejectionError.o -index-unit-output-path /AppCheck.build/Debug-iphonesimulator/AppCheckCore.build/Objects-normal/arm64/GACAppAttestRejectionError.o

CompileC /Users/siam/Library/Developer/Xcode/DerivedData/Lingua_Quest-gvpckrqxtbgyprbgppjfqmimmmfw/Build/Intermediates.noindex/AppCheck.build/Debug-iphonesimulator/AppCheckCore.build/Objects-normal/arm64/GACAppAttestStoredArtifact.o /Users/siam/Library/Developer/Xcode/DerivedData/Lingua_Quest-gvpckrqxtbgyprbgppjfqmimmmfw/SourcePackages/checkouts/app-check/AppCheckCore/Sources/AppAttestProvider/Storage/GACAppAttestStoredArtifact.m normal arm64 objective-c com.apple.compilers.llvm.clang.1_0.compiler (in target 'AppCheckCore' from project 'AppCheck')
    cd /Users/siam/Desktop/Lingua\ Quest/Lingua\ Quest.xcodeproj
    
    Using response file: /Users/siam/Library/Developer/Xcode/DerivedData/Lingua_Quest-gvpckrqxtbgyprbgppjfqmimmmfw/Build/Intermediates.noindex/AppCheck.build/Debug-iphonesimulator/AppCheckCore.build/Objects-normal/arm64/e6072d4f65d7061329687fe24e3d63a7-common-args.resp
    
    /Applications/Xcode.app/Contents/Developer/Toolchains/XcodeDefault.xctoolchain/usr/bin/clang -x objective-c -ivfsstatcache /Users/siam/Library/Developer/Xcode/DerivedData/SDKStatCaches.noindex/iphonesimulator26.0-23A339-26257891a6c027eb51374368541b8346.sdkstatcache -fmessage-length\=0 -fdiagnostics-show-note-include-stack -fmacro-backtrace-limit\=0 -fno-color-diagnostics -fmodules-prune-interval\=86400 -fmodules-prune-after\=345600 -fbuild-session-file\=/Users/siam/Library/Developer/Xcode/DerivedData/ModuleCache.noindex/Session.modulevalidation -fmodules-validate-once-per-build-session -Wnon-modular-include-in-framework-module -Werror\=non-modular-include-in-framework-module -Wno-trigraphs -Wno-missing-field-initializers -Wno-missing-prototypes -Wno-return-type -Wno-implicit-atomic-properties -Wno-objc-interface-ivars -Wno-arc-repeated-use-of-weak -Wno-missing-braces -Wparentheses -Wswitch -Wno-unused-function -Wno-unused-label -Wno-unused-parameter -Wno-unused-variable -Wunused-value -Wno-empty-body -Wno-uninitialized -Wno-unknown-pragmas -w -Wno-shadow -Wno-four-char-constants -Wno-conversion -Wno-constant-conversion -Wno-int-conversion -Wno-bool-conversion -Wno-enum-conversion -Wno-float-conversion -Wno-non-literal-null-conversion -Wno-objc-literal-conversion -Wshorten-64-to-32 -Wpointer-sign -Wno-newline-eof -Wno-selector -Wno-strict-selector-match -Wno-undeclared-selector -Wno-deprecated-implementations -Wno-implicit-fallthrough -fstrict-aliasing -Wprotocol -Wdeprecated-declarations -Wno-sign-conversion -Wno-infinite-recursion -Wno-comma -Wno-block-capture-autoreleasing -Wno-strict-prototypes -Wno-semicolon-before-method-body -index-store-path /Users/siam/Library/Developer/Xcode/DerivedData/Lingua_Quest-gvpckrqxtbgyprbgppjfqmimmmfw/Index.noindex/DataStore @/Users/siam/Library/Developer/Xcode/DerivedData/Lingua_Quest-gvpckrqxtbgyprbgppjfqmimmmfw/Build/Intermediates.noindex/AppCheck.build/Debug-iphonesimulator/AppCheckCore.build/Objects-normal/arm64/e6072d4f65d7061329687fe24e3d63a7-common-args.resp -MMD -MT dependencies -MF /Users/siam/Library/Developer/Xcode/DerivedData/Lingua_Quest-gvpckrqxtbgyprbgppjfqmimmmfw/Build/Intermediates.noindex/AppCheck.build/Debug-iphonesimulator/AppCheckCore.build/Objects-normal/arm64/GACAppAttestStoredArtifact.d --serialize-diagnostics /Users/siam/Library/Developer/Xcode/DerivedData/Lingua_Quest-gvpckrqxtbgyprbgppjfqmimmmfw/Build/Intermediates.noindex/AppCheck.build/Debug-iphonesimulator/AppCheckCore.build/Objects-normal/arm64/GACAppAttestStoredArtifact.dia -c /Users/siam/Library/Developer/Xcode/DerivedData/Lingua_Quest-gvpckrqxtbgyprbgppjfqmimmmfw/SourcePackages/checkouts/app-check/AppCheckCore/Sources/AppAttestProvider/Storage/GACAppAttestStoredArtifact.m -o /Users/siam/Library/Developer/Xcode/DerivedData/Lingua_Quest-gvpckrqxtbgyprbgppjfqmimmmfw/Build/Intermediates.noindex/AppCheck.build/Debug-iphonesimulator/AppCheckCore.build/Objects-normal/arm64/GACAppAttestStoredArtifact.o -index-unit-output-path /AppCheck.build/Debug-iphonesimulator/AppCheckCore.build/Objects-normal/arm64/GACAppAttestStoredArtifact.o

CompileC /Users/siam/Library/Developer/Xcode/DerivedData/Lingua_Quest-gvpckrqxtbgyprbgppjfqmimmmfw/Build/Intermediates.noindex/AppCheck.build/Debug-iphonesimulator/AppCheckCore.build/Objects-normal/arm64/GACAppCheckDebugProvider.o /Users/siam/Library/Developer/Xcode/DerivedData/Lingua_Quest-gvpckrqxtbgyprbgppjfqmimmmfw/SourcePackages/checkouts/app-check/AppCheckCore/Sources/DebugProvider/GACAppCheckDebugProvider.m normal arm64 objective-c com.apple.compilers.llvm.clang.1_0.compiler (in target 'AppCheckCore' from project 'AppCheck')
    cd /Users/siam/Desktop/Lingua\ Quest/Lingua\ Quest.xcodeproj
    
    Using response file: /Users/siam/Library/Developer/Xcode/DerivedData/Lingua_Quest-gvpckrqxtbgyprbgppjfqmimmmfw/Build/Intermediates.noindex/AppCheck.build/Debug-iphonesimulator/AppCheckCore.build/Objects-normal/arm64/e6072d4f65d7061329687fe24e3d63a7-common-args.resp
    
    /Applications/Xcode.app/Contents/Developer/Toolchains/XcodeDefault.xctoolchain/usr/bin/clang -x objective-c -ivfsstatcache /Users/siam/Library/Developer/Xcode/DerivedData/SDKStatCaches.noindex/iphonesimulator26.0-23A339-26257891a6c027eb51374368541b8346.sdkstatcache -fmessage-length\=0 -fdiagnostics-show-note-include-stack -fmacro-backtrace-limit\=0 -fno-color-diagnostics -fmodules-prune-interval\=86400 -fmodules-prune-after\=345600 -fbuild-session-file\=/Users/siam/Library/Developer/Xcode/DerivedData/ModuleCache.noindex/Session.modulevalidation -fmodules-validate-once-per-build-session -Wnon-modular-include-in-framework-module -Werror\=non-modular-include-in-framework-module -Wno-trigraphs -Wno-missing-field-initializers -Wno-missing-prototypes -Wno-return-type -Wno-implicit-atomic-properties -Wno-objc-interface-ivars -Wno-arc-repeated-use-of-weak -Wno-missing-braces -Wparentheses -Wswitch -Wno-unused-function -Wno-unused-label -Wno-unused-parameter -Wno-unused-variable -Wunused-value -Wno-empty-body -Wno-uninitialized -Wno-unknown-pragmas -w -Wno-shadow -Wno-four-char-constants -Wno-conversion -Wno-constant-conversion -Wno-int-conversion -Wno-bool-conversion -Wno-enum-conversion -Wno-float-conversion -Wno-non-literal-null-conversion -Wno-objc-literal-conversion -Wshorten-64-to-32 -Wpointer-sign -Wno-newline-eof -Wno-selector -Wno-strict-selector-match -Wno-undeclared-selector -Wno-deprecated-implementations -Wno-implicit-fallthrough -fstrict-aliasing -Wprotocol -Wdeprecated-declarations -Wno-sign-conversion -Wno-infinite-recursion -Wno-comma -Wno-block-capture-autoreleasing -Wno-strict-prototypes -Wno-semicolon-before-method-body -index-store-path /Users/siam/Library/Developer/Xcode/DerivedData/Lingua_Quest-gvpckrqxtbgyprbgppjfqmimmmfw/Index.noindex/DataStore @/Users/siam/Library/Developer/Xcode/DerivedData/Lingua_Quest-gvpckrqxtbgyprbgppjfqmimmmfw/Build/Intermediates.noindex/AppCheck.build/Debug-iphonesimulator/AppCheckCore.build/Objects-normal/arm64/e6072d4f65d7061329687fe24e3d63a7-common-args.resp -MMD -MT dependencies -MF /Users/siam/Library/Developer/Xcode/DerivedData/Lingua_Quest-gvpckrqxtbgyprbgppjfqmimmmfw/Build/Intermediates.noindex/AppCheck.build/Debug-iphonesimulator/AppCheckCore.build/Objects-normal/arm64/GACAppCheckDebugProvider.d --serialize-diagnostics /Users/siam/Library/Developer/Xcode/DerivedData/Lingua_Quest-gvpckrqxtbgyprbgppjfqmimmmfw/Build/Intermediates.noindex/AppCheck.build/Debug-iphonesimulator/AppCheckCore.build/Objects-normal/arm64/GACAppCheckDebugProvider.dia -c /Users/siam/Library/Developer/Xcode/DerivedData/Lingua_Quest-gvpckrqxtbgyprbgppjfqmimmmfw/SourcePackages/checkouts/app-check/AppCheckCore/Sources/DebugProvider/GACAppCheckDebugProvider.m -o /Users/siam/Library/Developer/Xcode/DerivedData/Lingua_Quest-gvpckrqxtbgyprbgppjfqmimmmfw/Build/Intermediates.noindex/AppCheck.build/Debug-iphonesimulator/AppCheckCore.build/Objects-normal/arm64/GACAppCheckDebugProvider.o -index-unit-output-path /AppCheck.build/Debug-iphonesimulator/AppCheckCore.build/Objects-normal/arm64/GACAppCheckDebugProvider.o

ScanDependencies /Users/siam/Library/Developer/Xcode/DerivedData/Lingua_Quest-gvpckrqxtbgyprbgppjfqmimmmfw/Build/Intermediates.noindex/AppCheck.build/Debug-iphonesimulator/AppCheckCore.build/Objects-normal/arm64/GACAppAttestProviderState.o /Users/siam/Library/Developer/Xcode/DerivedData/Lingua_Quest-gvpckrqxtbgyprbgppjfqmimmmfw/SourcePackages/checkouts/app-check/AppCheckCore/Sources/AppAttestProvider/GACAppAttestProviderState.m normal arm64 objective-c com.apple.compilers.llvm.clang.1_0.compiler (in target 'AppCheckCore' from project 'AppCheck')
    cd /Users/siam/Desktop/Lingua\ Quest/Lingua\ Quest.xcodeproj
    
    Using response file: /Users/siam/Library/Developer/Xcode/DerivedData/Lingua_Quest-gvpckrqxtbgyprbgppjfqmimmmfw/Build/Intermediates.noindex/AppCheck.build/Debug-iphonesimulator/AppCheckCore.build/Objects-normal/arm64/e6072d4f65d7061329687fe24e3d63a7-common-args.resp
    
    builtin-ScanDependencies -o /Users/siam/Library/Developer/Xcode/DerivedData/Lingua_Quest-gvpckrqxtbgyprbgppjfqmimmmfw/Build/Intermediates.noindex/AppCheck.build/Debug-iphonesimulator/AppCheckCore.build/Objects-normal/arm64/GACAppAttestProviderState.o.scan -- /Applications/Xcode.app/Contents/Developer/Toolchains/XcodeDefault.xctoolchain/usr/bin/clang -x objective-c -ivfsstatcache /Users/siam/Library/Developer/Xcode/DerivedData/SDKStatCaches.noindex/iphonesimulator26.0-23A339-26257891a6c027eb51374368541b8346.sdkstatcache -fmessage-length\=0 -fdiagnostics-show-note-include-stack -fmacro-backtrace-limit\=0 -fno-color-diagnostics -fmodules-prune-interval\=86400 -fmodules-prune-after\=345600 -fbuild-session-file\=/Users/siam/Library/Developer/Xcode/DerivedData/ModuleCache.noindex/Session.modulevalidation -fmodules-validate-once-per-build-session -Wnon-modular-include-in-framework-module -Werror\=non-modular-include-in-framework-module -Wno-trigraphs -Wno-missing-field-initializers -Wno-missing-prototypes -Wno-return-type -Wno-implicit-atomic-properties -Wno-objc-interface-ivars -Wno-arc-repeated-use-of-weak -Wno-missing-braces -Wparentheses -Wswitch -Wno-unused-function -Wno-unused-label -Wno-unused-parameter -Wno-unused-variable -Wunused-value -Wno-empty-body -Wno-uninitialized -Wno-unknown-pragmas -w -Wno-shadow -Wno-four-char-constants -Wno-conversion -Wno-constant-conversion -Wno-int-conversion -Wno-bool-conversion -Wno-enum-conversion -Wno-float-conversion -Wno-non-literal-null-conversion -Wno-objc-literal-conversion -Wshorten-64-to-32 -Wpointer-sign -Wno-newline-eof -Wno-selector -Wno-strict-selector-match -Wno-undeclared-selector -Wno-deprecated-implementations -Wno-implicit-fallthrough -fstrict-aliasing -Wprotocol -Wdeprecated-declarations -Wno-sign-conversion -Wno-infinite-recursion -Wno-comma -Wno-block-capture-autoreleasing -Wno-strict-prototypes -Wno-semicolon-before-method-body -index-store-path /Users/siam/Library/Developer/Xcode/DerivedData/Lingua_Quest-gvpckrqxtbgyprbgppjfqmimmmfw/Index.noindex/DataStore @/Users/siam/Library/Developer/Xcode/DerivedData/Lingua_Quest-gvpckrqxtbgyprbgppjfqmimmmfw/Build/Intermediates.noindex/AppCheck.build/Debug-iphonesimulator/AppCheckCore.build/Objects-normal/arm64/e6072d4f65d7061329687fe24e3d63a7-common-args.resp -MMD -MT dependencies -MF /Users/siam/Library/Developer/Xcode/DerivedData/Lingua_Quest-gvpckrqxtbgyprbgppjfqmimmmfw/Build/Intermediates.noindex/AppCheck.build/Debug-iphonesimulator/AppCheckCore.build/Objects-normal/arm64/GACAppAttestProviderState.d --serialize-diagnostics /Users/siam/Library/Developer/Xcode/DerivedData/Lingua_Quest-gvpckrqxtbgyprbgppjfqmimmmfw/Build/Intermediates.noindex/AppCheck.build/Debug-iphonesimulator/AppCheckCore.build/Objects-normal/arm64/GACAppAttestProviderState.dia -c /Users/siam/Library/Developer/Xcode/DerivedData/Lingua_Quest-gvpckrqxtbgyprbgppjfqmimmmfw/SourcePackages/checkouts/app-check/AppCheckCore/Sources/AppAttestProvider/GACAppAttestProviderState.m -o /Users/siam/Library/Developer/Xcode/DerivedData/Lingua_Quest-gvpckrqxtbgyprbgppjfqmimmmfw/Build/Intermediates.noindex/AppCheck.build/Debug-iphonesimulator/AppCheckCore.build/Objects-normal/arm64/GACAppAttestProviderState.o -index-unit-output-path /AppCheck.build/Debug-iphonesimulator/AppCheckCore.build/Objects-normal/arm64/GACAppAttestProviderState.o

ScanDependencies /Users/siam/Library/Developer/Xcode/DerivedData/Lingua_Quest-gvpckrqxtbgyprbgppjfqmimmmfw/Build/Intermediates.noindex/AppCheck.build/Debug-iphonesimulator/AppCheckCore.build/Objects-normal/arm64/GACAppAttestProvider.o /Users/siam/Library/Developer/Xcode/DerivedData/Lingua_Quest-gvpckrqxtbgyprbgppjfqmimmmfw/SourcePackages/checkouts/app-check/AppCheckCore/Sources/AppAttestProvider/GACAppAttestProvider.m normal arm64 objective-c com.apple.compilers.llvm.clang.1_0.compiler (in target 'AppCheckCore' from project 'AppCheck')
    cd /Users/siam/Desktop/Lingua\ Quest/Lingua\ Quest.xcodeproj
    
    Using response file: /Users/siam/Library/Developer/Xcode/DerivedData/Lingua_Quest-gvpckrqxtbgyprbgppjfqmimmmfw/Build/Intermediates.noindex/AppCheck.build/Debug-iphonesimulator/AppCheckCore.build/Objects-normal/arm64/e6072d4f65d7061329687fe24e3d63a7-common-args.resp
    
    builtin-ScanDependencies -o /Users/siam/Library/Developer/Xcode/DerivedData/Lingua_Quest-gvpckrqxtbgyprbgppjfqmimmmfw/Build/Intermediates.noindex/AppCheck.build/Debug-iphonesimulator/AppCheckCore.build/Objects-normal/arm64/GACAppAttestProvider.o.scan -- /Applications/Xcode.app/Contents/Developer/Toolchains/XcodeDefault.xctoolchain/usr/bin/clang -x objective-c -ivfsstatcache /Users/siam/Library/Developer/Xcode/DerivedData/SDKStatCaches.noindex/iphonesimulator26.0-23A339-26257891a6c027eb51374368541b8346.sdkstatcache -fmessage-length\=0 -fdiagnostics-show-note-include-stack -fmacro-backtrace-limit\=0 -fno-color-diagnostics -fmodules-prune-interval\=86400 -fmodules-prune-after\=345600 -fbuild-session-file\=/Users/siam/Library/Developer/Xcode/DerivedData/ModuleCache.noindex/Session.modulevalidation -fmodules-validate-once-per-build-session -Wnon-modular-include-in-framework-module -Werror\=non-modular-include-in-framework-module -Wno-trigraphs -Wno-missing-field-initializers -Wno-missing-prototypes -Wno-return-type -Wno-implicit-atomic-properties -Wno-objc-interface-ivars -Wno-arc-repeated-use-of-weak -Wno-missing-braces -Wparentheses -Wswitch -Wno-unused-function -Wno-unused-label -Wno-unused-parameter -Wno-unused-variable -Wunused-value -Wno-empty-body -Wno-uninitialized -Wno-unknown-pragmas -w -Wno-shadow -Wno-four-char-constants -Wno-conversion -Wno-constant-conversion -Wno-int-conversion -Wno-bool-conversion -Wno-enum-conversion -Wno-float-conversion -Wno-non-literal-null-conversion -Wno-objc-literal-conversion -Wshorten-64-to-32 -Wpointer-sign -Wno-newline-eof -Wno-selector -Wno-strict-selector-match -Wno-undeclared-selector -Wno-deprecated-implementations -Wno-implicit-fallthrough -fstrict-aliasing -Wprotocol -Wdeprecated-declarations -Wno-sign-conversion -Wno-infinite-recursion -Wno-comma -Wno-block-capture-autoreleasing -Wno-strict-prototypes -Wno-semicolon-before-method-body -index-store-path /Users/siam/Library/Developer/Xcode/DerivedData/Lingua_Quest-gvpckrqxtbgyprbgppjfqmimmmfw/Index.noindex/DataStore @/Users/siam/Library/Developer/Xcode/DerivedData/Lingua_Quest-gvpckrqxtbgyprbgppjfqmimmmfw/Build/Intermediates.noindex/AppCheck.build/Debug-iphonesimulator/AppCheckCore.build/Objects-normal/arm64/e6072d4f65d7061329687fe24e3d63a7-common-args.resp -MMD -MT dependencies -MF /Users/siam/Library/Developer/Xcode/DerivedData/Lingua_Quest-gvpckrqxtbgyprbgppjfqmimmmfw/Build/Intermediates.noindex/AppCheck.build/Debug-iphonesimulator/AppCheckCore.build/Objects-normal/arm64/GACAppAttestProvider.d --serialize-diagnostics /Users/siam/Library/Developer/Xcode/DerivedData/Lingua_Quest-gvpckrqxtbgyprbgppjfqmimmmfw/Build/Intermediates.noindex/AppCheck.build/Debug-iphonesimulator/AppCheckCore.build/Objects-normal/arm64/GACAppAttestProvider.dia -c /Users/siam/Library/Developer/Xcode/DerivedData/Lingua_Quest-gvpckrqxtbgyprbgppjfqmimmmfw/SourcePackages/checkouts/app-check/AppCheckCore/Sources/AppAttestProvider/GACAppAttestProvider.m -o /Users/siam/Library/Developer/Xcode/DerivedData/Lingua_Quest-gvpckrqxtbgyprbgppjfqmimmmfw/Build/Intermediates.noindex/AppCheck.build/Debug-iphonesimulator/AppCheckCore.build/Objects-normal/arm64/GACAppAttestProvider.o -index-unit-output-path /AppCheck.build/Debug-iphonesimulator/AppCheckCore.build/Objects-normal/arm64/GACAppAttestProvider.o

ScanDependencies /Users/siam/Library/Developer/Xcode/DerivedData/Lingua_Quest-gvpckrqxtbgyprbgppjfqmimmmfw/Build/Intermediates.noindex/AppCheck.build/Debug-iphonesimulator/AppCheckCore.build/Objects-normal/arm64/GACAppAttestKeyIDStorage.o /Users/siam/Library/Developer/Xcode/DerivedData/Lingua_Quest-gvpckrqxtbgyprbgppjfqmimmmfw/SourcePackages/checkouts/app-check/AppCheckCore/Sources/AppAttestProvider/Storage/GACAppAttestKeyIDStorage.m normal arm64 objective-c com.apple.compilers.llvm.clang.1_0.compiler (in target 'AppCheckCore' from project 'AppCheck')
    cd /Users/siam/Desktop/Lingua\ Quest/Lingua\ Quest.xcodeproj
    
    Using response file: /Users/siam/Library/Developer/Xcode/DerivedData/Lingua_Quest-gvpckrqxtbgyprbgppjfqmimmmfw/Build/Intermediates.noindex/AppCheck.build/Debug-iphonesimulator/AppCheckCore.build/Objects-normal/arm64/e6072d4f65d7061329687fe24e3d63a7-common-args.resp
    
    builtin-ScanDependencies -o /Users/siam/Library/Developer/Xcode/DerivedData/Lingua_Quest-gvpckrqxtbgyprbgppjfqmimmmfw/Build/Intermediates.noindex/AppCheck.build/Debug-iphonesimulator/AppCheckCore.build/Objects-normal/arm64/GACAppAttestKeyIDStorage.o.scan -- /Applications/Xcode.app/Contents/Developer/Toolchains/XcodeDefault.xctoolchain/usr/bin/clang -x objective-c -ivfsstatcache /Users/siam/Library/Developer/Xcode/DerivedData/SDKStatCaches.noindex/iphonesimulator26.0-23A339-26257891a6c027eb51374368541b8346.sdkstatcache -fmessage-length\=0 -fdiagnostics-show-note-include-stack -fmacro-backtrace-limit\=0 -fno-color-diagnostics -fmodules-prune-interval\=86400 -fmodules-prune-after\=345600 -fbuild-session-file\=/Users/siam/Library/Developer/Xcode/DerivedData/ModuleCache.noindex/Session.modulevalidation -fmodules-validate-once-per-build-session -Wnon-modular-include-in-framework-module -Werror\=non-modular-include-in-framework-module -Wno-trigraphs -Wno-missing-field-initializers -Wno-missing-prototypes -Wno-return-type -Wno-implicit-atomic-properties -Wno-objc-interface-ivars -Wno-arc-repeated-use-of-weak -Wno-missing-braces -Wparentheses -Wswitch -Wno-unused-function -Wno-unused-label -Wno-unused-parameter -Wno-unused-variable -Wunused-value -Wno-empty-body -Wno-uninitialized -Wno-unknown-pragmas -w -Wno-shadow -Wno-four-char-constants -Wno-conversion -Wno-constant-conversion -Wno-int-conversion -Wno-bool-conversion -Wno-enum-conversion -Wno-float-conversion -Wno-non-literal-null-conversion -Wno-objc-literal-conversion -Wshorten-64-to-32 -Wpointer-sign -Wno-newline-eof -Wno-selector -Wno-strict-selector-match -Wno-undeclared-selector -Wno-deprecated-implementations -Wno-implicit-fallthrough -fstrict-aliasing -Wprotocol -Wdeprecated-declarations -Wno-sign-conversion -Wno-infinite-recursion -Wno-comma -Wno-block-capture-autoreleasing -Wno-strict-prototypes -Wno-semicolon-before-method-body -index-store-path /Users/siam/Library/Developer/Xcode/DerivedData/Lingua_Quest-gvpckrqxtbgyprbgppjfqmimmmfw/Index.noindex/DataStore @/Users/siam/Library/Developer/Xcode/DerivedData/Lingua_Quest-gvpckrqxtbgyprbgppjfqmimmmfw/Build/Intermediates.noindex/AppCheck.build/Debug-iphonesimulator/AppCheckCore.build/Objects-normal/arm64/e6072d4f65d7061329687fe24e3d63a7-common-args.resp -MMD -MT dependencies -MF /Users/siam/Library/Developer/Xcode/DerivedData/Lingua_Quest-gvpckrqxtbgyprbgppjfqmimmmfw/Build/Intermediates.noindex/AppCheck.build/Debug-iphonesimulator/AppCheckCore.build/Objects-normal/arm64/GACAppAttestKeyIDStorage.d --serialize-diagnostics /Users/siam/Library/Developer/Xcode/DerivedData/Lingua_Quest-gvpckrqxtbgyprbgppjfqmimmmfw/Build/Intermediates.noindex/AppCheck.build/Debug-iphonesimulator/AppCheckCore.build/Objects-normal/arm64/GACAppAttestKeyIDStorage.dia -c /Users/siam/Library/Developer/Xcode/DerivedData/Lingua_Quest-gvpckrqxtbgyprbgppjfqmimmmfw/SourcePackages/checkouts/app-check/AppCheckCore/Sources/AppAttestProvider/Storage/GACAppAttestKeyIDStorage.m -o /Users/siam/Library/Developer/Xcode/DerivedData/Lingua_Quest-gvpckrqxtbgyprbgppjfqmimmmfw/Build/Intermediates.noindex/AppCheck.build/Debug-iphonesimulator/AppCheckCore.build/Objects-normal/arm64/GACAppAttestKeyIDStorage.o -index-unit-output-path /AppCheck.build/Debug-iphonesimulator/AppCheckCore.build/Objects-normal/arm64/GACAppAttestKeyIDStorage.o

CompileC /Users/siam/Library/Developer/Xcode/DerivedData/Lingua_Quest-gvpckrqxtbgyprbgppjfqmimmmfw/Build/Intermediates.noindex/AppCheck.build/Debug-iphonesimulator/AppCheckCore.build/Objects-normal/arm64/GACAppCheckCryptoUtils.o /Users/siam/Library/Developer/Xcode/DerivedData/Lingua_Quest-gvpckrqxtbgyprbgppjfqmimmmfw/SourcePackages/checkouts/app-check/AppCheckCore/Sources/Core/Utils/GACAppCheckCryptoUtils.m normal arm64 objective-c com.apple.compilers.llvm.clang.1_0.compiler (in target 'AppCheckCore' from project 'AppCheck')
    cd /Users/siam/Desktop/Lingua\ Quest/Lingua\ Quest.xcodeproj
    
    Using response file: /Users/siam/Library/Developer/Xcode/DerivedData/Lingua_Quest-gvpckrqxtbgyprbgppjfqmimmmfw/Build/Intermediates.noindex/AppCheck.build/Debug-iphonesimulator/AppCheckCore.build/Objects-normal/arm64/e6072d4f65d7061329687fe24e3d63a7-common-args.resp
    
    /Applications/Xcode.app/Contents/Developer/Toolchains/XcodeDefault.xctoolchain/usr/bin/clang -x objective-c -ivfsstatcache /Users/siam/Library/Developer/Xcode/DerivedData/SDKStatCaches.noindex/iphonesimulator26.0-23A339-26257891a6c027eb51374368541b8346.sdkstatcache -fmessage-length\=0 -fdiagnostics-show-note-include-stack -fmacro-backtrace-limit\=0 -fno-color-diagnostics -fmodules-prune-interval\=86400 -fmodules-prune-after\=345600 -fbuild-session-file\=/Users/siam/Library/Developer/Xcode/DerivedData/ModuleCache.noindex/Session.modulevalidation -fmodules-validate-once-per-build-session -Wnon-modular-include-in-framework-module -Werror\=non-modular-include-in-framework-module -Wno-trigraphs -Wno-missing-field-initializers -Wno-missing-prototypes -Wno-return-type -Wno-implicit-atomic-properties -Wno-objc-interface-ivars -Wno-arc-repeated-use-of-weak -Wno-missing-braces -Wparentheses -Wswitch -Wno-unused-function -Wno-unused-label -Wno-unused-parameter -Wno-unused-variable -Wunused-value -Wno-empty-body -Wno-uninitialized -Wno-unknown-pragmas -w -Wno-shadow -Wno-four-char-constants -Wno-conversion -Wno-constant-conversion -Wno-int-conversion -Wno-bool-conversion -Wno-enum-conversion -Wno-float-conversion -Wno-non-literal-null-conversion -Wno-objc-literal-conversion -Wshorten-64-to-32 -Wpointer-sign -Wno-newline-eof -Wno-selector -Wno-strict-selector-match -Wno-undeclared-selector -Wno-deprecated-implementations -Wno-implicit-fallthrough -fstrict-aliasing -Wprotocol -Wdeprecated-declarations -Wno-sign-conversion -Wno-infinite-recursion -Wno-comma -Wno-block-capture-autoreleasing -Wno-strict-prototypes -Wno-semicolon-before-method-body -index-store-path /Users/siam/Library/Developer/Xcode/DerivedData/Lingua_Quest-gvpckrqxtbgyprbgppjfqmimmmfw/Index.noindex/DataStore @/Users/siam/Library/Developer/Xcode/DerivedData/Lingua_Quest-gvpckrqxtbgyprbgppjfqmimmmfw/Build/Intermediates.noindex/AppCheck.build/Debug-iphonesimulator/AppCheckCore.build/Objects-normal/arm64/e6072d4f65d7061329687fe24e3d63a7-common-args.resp -MMD -MT dependencies -MF /Users/siam/Library/Developer/Xcode/DerivedData/Lingua_Quest-gvpckrqxtbgyprbgppjfqmimmmfw/Build/Intermediates.noindex/AppCheck.build/Debug-iphonesimulator/AppCheckCore.build/Objects-normal/arm64/GACAppCheckCryptoUtils.d --serialize-diagnostics /Users/siam/Library/Developer/Xcode/DerivedData/Lingua_Quest-gvpckrqxtbgyprbgppjfqmimmmfw/Build/Intermediates.noindex/AppCheck.build/Debug-iphonesimulator/AppCheckCore.build/Objects-normal/arm64/GACAppCheckCryptoUtils.dia -c /Users/siam/Library/Developer/Xcode/DerivedData/Lingua_Quest-gvpckrqxtbgyprbgppjfqmimmmfw/SourcePackages/checkouts/app-check/AppCheckCore/Sources/Core/Utils/GACAppCheckCryptoUtils.m -o /Users/siam/Library/Developer/Xcode/DerivedData/Lingua_Quest-gvpckrqxtbgyprbgppjfqmimmmfw/Build/Intermediates.noindex/AppCheck.build/Debug-iphonesimulator/AppCheckCore.build/Objects-normal/arm64/GACAppCheckCryptoUtils.o -index-unit-output-path /AppCheck.build/Debug-iphonesimulator/AppCheckCore.build/Objects-normal/arm64/GACAppCheckCryptoUtils.o

CompileC /Users/siam/Library/Developer/Xcode/DerivedData/Lingua_Quest-gvpckrqxtbgyprbgppjfqmimmmfw/Build/Intermediates.noindex/AppCheck.build/Debug-iphonesimulator/AppCheckCore.build/Objects-normal/arm64/GACAppAttestRejectionError.o /Users/siam/Library/Developer/Xcode/DerivedData/Lingua_Quest-gvpckrqxtbgyprbgppjfqmimmmfw/SourcePackages/checkouts/app-check/AppCheckCore/Sources/AppAttestProvider/Errors/GACAppAttestRejectionError.m normal arm64 objective-c com.apple.compilers.llvm.clang.1_0.compiler (in target 'AppCheckCore' from project 'AppCheck')
    cd /Users/siam/Desktop/Lingua\ Quest/Lingua\ Quest.xcodeproj
    
    Using response file: /Users/siam/Library/Developer/Xcode/DerivedData/Lingua_Quest-gvpckrqxtbgyprbgppjfqmimmmfw/Build/Intermediates.noindex/AppCheck.build/Debug-iphonesimulator/AppCheckCore.build/Objects-normal/arm64/e6072d4f65d7061329687fe24e3d63a7-common-args.resp
    
    /Applications/Xcode.app/Contents/Developer/Toolchains/XcodeDefault.xctoolchain/usr/bin/clang -x objective-c -ivfsstatcache /Users/siam/Library/Developer/Xcode/DerivedData/SDKStatCaches.noindex/iphonesimulator26.0-23A339-26257891a6c027eb51374368541b8346.sdkstatcache -fmessage-length\=0 -fdiagnostics-show-note-include-stack -fmacro-backtrace-limit\=0 -fno-color-diagnostics -fmodules-prune-interval\=86400 -fmodules-prune-after\=345600 -fbuild-session-file\=/Users/siam/Library/Developer/Xcode/DerivedData/ModuleCache.noindex/Session.modulevalidation -fmodules-validate-once-per-build-session -Wnon-modular-include-in-framework-module -Werror\=non-modular-include-in-framework-module -Wno-trigraphs -Wno-missing-field-initializers -Wno-missing-prototypes -Wno-return-type -Wno-implicit-atomic-properties -Wno-objc-interface-ivars -Wno-arc-repeated-use-of-weak -Wno-missing-braces -Wparentheses -Wswitch -Wno-unused-function -Wno-unused-label -Wno-unused-parameter -Wno-unused-variable -Wunused-value -Wno-empty-body -Wno-uninitialized -Wno-unknown-pragmas -w -Wno-shadow -Wno-four-char-constants -Wno-conversion -Wno-constant-conversion -Wno-int-conversion -Wno-bool-conversion -Wno-enum-conversion -Wno-float-conversion -Wno-non-literal-null-conversion -Wno-objc-literal-conversion -Wshorten-64-to-32 -Wpointer-sign -Wno-newline-eof -Wno-selector -Wno-strict-selector-match -Wno-undeclared-selector -Wno-deprecated-implementations -Wno-implicit-fallthrough -fstrict-aliasing -Wprotocol -Wdeprecated-declarations -Wno-sign-conversion -Wno-infinite-recursion -Wno-comma -Wno-block-capture-autoreleasing -Wno-strict-prototypes -Wno-semicolon-before-method-body -index-store-path /Users/siam/Library/Developer/Xcode/DerivedData/Lingua_Quest-gvpckrqxtbgyprbgppjfqmimmmfw/Index.noindex/DataStore @/Users/siam/Library/Developer/Xcode/DerivedData/Lingua_Quest-gvpckrqxtbgyprbgppjfqmimmmfw/Build/Intermediates.noindex/AppCheck.build/Debug-iphonesimulator/AppCheckCore.build/Objects-normal/arm64/e6072d4f65d7061329687fe24e3d63a7-common-args.resp -MMD -MT dependencies -MF /Users/siam/Library/Developer/Xcode/DerivedData/Lingua_Quest-gvpckrqxtbgyprbgppjfqmimmmfw/Build/Intermediates.noindex/AppCheck.build/Debug-iphonesimulator/AppCheckCore.build/Objects-normal/arm64/GACAppAttestRejectionError.d --serialize-diagnostics /Users/siam/Library/Developer/Xcode/DerivedData/Lingua_Quest-gvpckrqxtbgyprbgppjfqmimmmfw/Build/Intermediates.noindex/AppCheck.build/Debug-iphonesimulator/AppCheckCore.build/Objects-normal/arm64/GACAppAttestRejectionError.dia -c /Users/siam/Library/Developer/Xcode/DerivedData/Lingua_Quest-gvpckrqxtbgyprbgppjfqmimmmfw/SourcePackages/checkouts/app-check/AppCheckCore/Sources/AppAttestProvider/Errors/GACAppAttestRejectionError.m -o /Users/siam/Library/Developer/Xcode/DerivedData/Lingua_Quest-gvpckrqxtbgyprbgppjfqmimmmfw/Build/Intermediates.noindex/AppCheck.build/Debug-iphonesimulator/AppCheckCore.build/Objects-normal/arm64/GACAppAttestRejectionError.o -index-unit-output-path /AppCheck.build/Debug-iphonesimulator/AppCheckCore.build/Objects-normal/arm64/GACAppAttestRejectionError.o

CompileC /Users/siam/Library/Developer/Xcode/DerivedData/Lingua_Quest-gvpckrqxtbgyprbgppjfqmimmmfw/Build/Intermediates.noindex/AppCheck.build/Debug-iphonesimulator/AppCheckCore.build/Objects-normal/arm64/GACAppAttestProviderState.o /Users/siam/Library/Developer/Xcode/DerivedData/Lingua_Quest-gvpckrqxtbgyprbgppjfqmimmmfw/SourcePackages/checkouts/app-check/AppCheckCore/Sources/AppAttestProvider/GACAppAttestProviderState.m normal arm64 objective-c com.apple.compilers.llvm.clang.1_0.compiler (in target 'AppCheckCore' from project 'AppCheck')
    cd /Users/siam/Desktop/Lingua\ Quest/Lingua\ Quest.xcodeproj
    
    Using response file: /Users/siam/Library/Developer/Xcode/DerivedData/Lingua_Quest-gvpckrqxtbgyprbgppjfqmimmmfw/Build/Intermediates.noindex/AppCheck.build/Debug-iphonesimulator/AppCheckCore.build/Objects-normal/arm64/e6072d4f65d7061329687fe24e3d63a7-common-args.resp
    
    /Applications/Xcode.app/Contents/Developer/Toolchains/XcodeDefault.xctoolchain/usr/bin/clang -x objective-c -ivfsstatcache /Users/siam/Library/Developer/Xcode/DerivedData/SDKStatCaches.noindex/iphonesimulator26.0-23A339-26257891a6c027eb51374368541b8346.sdkstatcache -fmessage-length\=0 -fdiagnostics-show-note-include-stack -fmacro-backtrace-limit\=0 -fno-color-diagnostics -fmodules-prune-interval\=86400 -fmodules-prune-after\=345600 -fbuild-session-file\=/Users/siam/Library/Developer/Xcode/DerivedData/ModuleCache.noindex/Session.modulevalidation -fmodules-validate-once-per-build-session -Wnon-modular-include-in-framework-module -Werror\=non-modular-include-in-framework-module -Wno-trigraphs -Wno-missing-field-initializers -Wno-missing-prototypes -Wno-return-type -Wno-implicit-atomic-properties -Wno-objc-interface-ivars -Wno-arc-repeated-use-of-weak -Wno-missing-braces -Wparentheses -Wswitch -Wno-unused-function -Wno-unused-label -Wno-unused-parameter -Wno-unused-variable -Wunused-value -Wno-empty-body -Wno-uninitialized -Wno-unknown-pragmas -w -Wno-shadow -Wno-four-char-constants -Wno-conversion -Wno-constant-conversion -Wno-int-conversion -Wno-bool-conversion -Wno-enum-conversion -Wno-float-conversion -Wno-non-literal-null-conversion -Wno-objc-literal-conversion -Wshorten-64-to-32 -Wpointer-sign -Wno-newline-eof -Wno-selector -Wno-strict-selector-match -Wno-undeclared-selector -Wno-deprecated-implementations -Wno-implicit-fallthrough -fstrict-aliasing -Wprotocol -Wdeprecated-declarations -Wno-sign-conversion -Wno-infinite-recursion -Wno-comma -Wno-block-capture-autoreleasing -Wno-strict-prototypes -Wno-semicolon-before-method-body -index-store-path /Users/siam/Library/Developer/Xcode/DerivedData/Lingua_Quest-gvpckrqxtbgyprbgppjfqmimmmfw/Index.noindex/DataStore @/Users/siam/Library/Developer/Xcode/DerivedData/Lingua_Quest-gvpckrqxtbgyprbgppjfqmimmmfw/Build/Intermediates.noindex/AppCheck.build/Debug-iphonesimulator/AppCheckCore.build/Objects-normal/arm64/e6072d4f65d7061329687fe24e3d63a7-common-args.resp -MMD -MT dependencies -MF /Users/siam/Library/Developer/Xcode/DerivedData/Lingua_Quest-gvpckrqxtbgyprbgppjfqmimmmfw/Build/Intermediates.noindex/AppCheck.build/Debug-iphonesimulator/AppCheckCore.build/Objects-normal/arm64/GACAppAttestProviderState.d --serialize-diagnostics /Users/siam/Library/Developer/Xcode/DerivedData/Lingua_Quest-gvpckrqxtbgyprbgppjfqmimmmfw/Build/Intermediates.noindex/AppCheck.build/Debug-iphonesimulator/AppCheckCore.build/Objects-normal/arm64/GACAppAttestProviderState.dia -c /Users/siam/Library/Developer/Xcode/DerivedData/Lingua_Quest-gvpckrqxtbgyprbgppjfqmimmmfw/SourcePackages/checkouts/app-check/AppCheckCore/Sources/AppAttestProvider/GACAppAttestProviderState.m -o /Users/siam/Library/Developer/Xcode/DerivedData/Lingua_Quest-gvpckrqxtbgyprbgppjfqmimmmfw/Build/Intermediates.noindex/AppCheck.build/Debug-iphonesimulator/AppCheckCore.build/Objects-normal/arm64/GACAppAttestProviderState.o -index-unit-output-path /AppCheck.build/Debug-iphonesimulator/AppCheckCore.build/Objects-normal/arm64/GACAppAttestProviderState.o

PrecompileModule /Users/siam/Library/Developer/Xcode/DerivedData/Lingua_Quest-gvpckrqxtbgyprbgppjfqmimmmfw/Build/Intermediates.noindex/ExplicitPrecompiledModules/XPC-CKEH4VXPRNCQLITBSSOB69CTN.scan
    cd /
    builtin-precompileModule /Users/siam/Library/Developer/Xcode/DerivedData/Lingua_Quest-gvpckrqxtbgyprbgppjfqmimmmfw/Build/Intermediates.noindex/ExplicitPrecompiledModules/XPC-CKEH4VXPRNCQLITBSSOB69CTN.scan

PrecompileModule /Users/siam/Library/Developer/Xcode/DerivedData/Lingua_Quest-gvpckrqxtbgyprbgppjfqmimmmfw/Build/Intermediates.noindex/ExplicitPrecompiledModules/CoreFoundation-C8CS8V9BD8NSMVP2DR6HKSI2A.scan
    cd /
    builtin-precompileModule /Users/siam/Library/Developer/Xcode/DerivedData/Lingua_Quest-gvpckrqxtbgyprbgppjfqmimmmfw/Build/Intermediates.noindex/ExplicitPrecompiledModules/CoreFoundation-C8CS8V9BD8NSMVP2DR6HKSI2A.scan

ScanDependencies /Users/siam/Library/Developer/Xcode/DerivedData/Lingua_Quest-gvpckrqxtbgyprbgppjfqmimmmfw/Build/Intermediates.noindex/AppCheck.build/Debug-iphonesimulator/AppCheckCore.build/Objects-normal/arm64/GACAppAttestAttestationResponse.o /Users/siam/Library/Developer/Xcode/DerivedData/Lingua_Quest-gvpckrqxtbgyprbgppjfqmimmmfw/SourcePackages/checkouts/app-check/AppCheckCore/Sources/AppAttestProvider/API/GACAppAttestAttestationResponse.m normal arm64 objective-c com.apple.compilers.llvm.clang.1_0.compiler (in target 'AppCheckCore' from project 'AppCheck')
    cd /Users/siam/Desktop/Lingua\ Quest/Lingua\ Quest.xcodeproj
    
    Using response file: /Users/siam/Library/Developer/Xcode/DerivedData/Lingua_Quest-gvpckrqxtbgyprbgppjfqmimmmfw/Build/Intermediates.noindex/AppCheck.build/Debug-iphonesimulator/AppCheckCore.build/Objects-normal/arm64/e6072d4f65d7061329687fe24e3d63a7-common-args.resp
    
    builtin-ScanDependencies -o /Users/siam/Library/Developer/Xcode/DerivedData/Lingua_Quest-gvpckrqxtbgyprbgppjfqmimmmfw/Build/Intermediates.noindex/AppCheck.build/Debug-iphonesimulator/AppCheckCore.build/Objects-normal/arm64/GACAppAttestAttestationResponse.o.scan -- /Applications/Xcode.app/Contents/Developer/Toolchains/XcodeDefault.xctoolchain/usr/bin/clang -x objective-c -ivfsstatcache /Users/siam/Library/Developer/Xcode/DerivedData/SDKStatCaches.noindex/iphonesimulator26.0-23A339-26257891a6c027eb51374368541b8346.sdkstatcache -fmessage-length\=0 -fdiagnostics-show-note-include-stack -fmacro-backtrace-limit\=0 -fno-color-diagnostics -fmodules-prune-interval\=86400 -fmodules-prune-after\=345600 -fbuild-session-file\=/Users/siam/Library/Developer/Xcode/DerivedData/ModuleCache.noindex/Session.modulevalidation -fmodules-validate-once-per-build-session -Wnon-modular-include-in-framework-module -Werror\=non-modular-include-in-framework-module -Wno-trigraphs -Wno-missing-field-initializers -Wno-missing-prototypes -Wno-return-type -Wno-implicit-atomic-properties -Wno-objc-interface-ivars -Wno-arc-repeated-use-of-weak -Wno-missing-braces -Wparentheses -Wswitch -Wno-unused-function -Wno-unused-label -Wno-unused-parameter -Wno-unused-variable -Wunused-value -Wno-empty-body -Wno-uninitialized -Wno-unknown-pragmas -w -Wno-shadow -Wno-four-char-constants -Wno-conversion -Wno-constant-conversion -Wno-int-conversion -Wno-bool-conversion -Wno-enum-conversion -Wno-float-conversion -Wno-non-literal-null-conversion -Wno-objc-literal-conversion -Wshorten-64-to-32 -Wpointer-sign -Wno-newline-eof -Wno-selector -Wno-strict-selector-match -Wno-undeclared-selector -Wno-deprecated-implementations -Wno-implicit-fallthrough -fstrict-aliasing -Wprotocol -Wdeprecated-declarations -Wno-sign-conversion -Wno-infinite-recursion -Wno-comma -Wno-block-capture-autoreleasing -Wno-strict-prototypes -Wno-semicolon-before-method-body -index-store-path /Users/siam/Library/Developer/Xcode/DerivedData/Lingua_Quest-gvpckrqxtbgyprbgppjfqmimmmfw/Index.noindex/DataStore @/Users/siam/Library/Developer/Xcode/DerivedData/Lingua_Quest-gvpckrqxtbgyprbgppjfqmimmmfw/Build/Intermediates.noindex/AppCheck.build/Debug-iphonesimulator/AppCheckCore.build/Objects-normal/arm64/e6072d4f65d7061329687fe24e3d63a7-common-args.resp -MMD -MT dependencies -MF /Users/siam/Library/Developer/Xcode/DerivedData/Lingua_Quest-gvpckrqxtbgyprbgppjfqmimmmfw/Build/Intermediates.noindex/AppCheck.build/Debug-iphonesimulator/AppCheckCore.build/Objects-normal/arm64/GACAppAttestAttestationResponse.d --serialize-diagnostics /Users/siam/Library/Developer/Xcode/DerivedData/Lingua_Quest-gvpckrqxtbgyprbgppjfqmimmmfw/Build/Intermediates.noindex/AppCheck.build/Debug-iphonesimulator/AppCheckCore.build/Objects-normal/arm64/GACAppAttestAttestationResponse.dia -c /Users/siam/Library/Developer/Xcode/DerivedData/Lingua_Quest-gvpckrqxtbgyprbgppjfqmimmmfw/SourcePackages/checkouts/app-check/AppCheckCore/Sources/AppAttestProvider/API/GACAppAttestAttestationResponse.m -o /Users/siam/Library/Developer/Xcode/DerivedData/Lingua_Quest-gvpckrqxtbgyprbgppjfqmimmmfw/Build/Intermediates.noindex/AppCheck.build/Debug-iphonesimulator/AppCheckCore.build/Objects-normal/arm64/GACAppAttestAttestationResponse.o -index-unit-output-path /AppCheck.build/Debug-iphonesimulator/AppCheckCore.build/Objects-normal/arm64/GACAppAttestAttestationResponse.o

CompileC /Users/siam/Library/Developer/Xcode/DerivedData/Lingua_Quest-gvpckrqxtbgyprbgppjfqmimmmfw/Build/Intermediates.noindex/AppCheck.build/Debug-iphonesimulator/AppCheckCore.build/Objects-normal/arm64/GACAppAttestKeyIDStorage.o /Users/siam/Library/Developer/Xcode/DerivedData/Lingua_Quest-gvpckrqxtbgyprbgppjfqmimmmfw/SourcePackages/checkouts/app-check/AppCheckCore/Sources/AppAttestProvider/Storage/GACAppAttestKeyIDStorage.m normal arm64 objective-c com.apple.compilers.llvm.clang.1_0.compiler (in target 'AppCheckCore' from project 'AppCheck')
    cd /Users/siam/Desktop/Lingua\ Quest/Lingua\ Quest.xcodeproj
    
    Using response file: /Users/siam/Library/Developer/Xcode/DerivedData/Lingua_Quest-gvpckrqxtbgyprbgppjfqmimmmfw/Build/Intermediates.noindex/AppCheck.build/Debug-iphonesimulator/AppCheckCore.build/Objects-normal/arm64/e6072d4f65d7061329687fe24e3d63a7-common-args.resp
    
    /Applications/Xcode.app/Contents/Developer/Toolchains/XcodeDefault.xctoolchain/usr/bin/clang -x objective-c -ivfsstatcache /Users/siam/Library/Developer/Xcode/DerivedData/SDKStatCaches.noindex/iphonesimulator26.0-23A339-26257891a6c027eb51374368541b8346.sdkstatcache -fmessage-length\=0 -fdiagnostics-show-note-include-stack -fmacro-backtrace-limit\=0 -fno-color-diagnostics -fmodules-prune-interval\=86400 -fmodules-prune-after\=345600 -fbuild-session-file\=/Users/siam/Library/Developer/Xcode/DerivedData/ModuleCache.noindex/Session.modulevalidation -fmodules-validate-once-per-build-session -Wnon-modular-include-in-framework-module -Werror\=non-modular-include-in-framework-module -Wno-trigraphs -Wno-missing-field-initializers -Wno-missing-prototypes -Wno-return-type -Wno-implicit-atomic-properties -Wno-objc-interface-ivars -Wno-arc-repeated-use-of-weak -Wno-missing-braces -Wparentheses -Wswitch -Wno-unused-function -Wno-unused-label -Wno-unused-parameter -Wno-unused-variable -Wunused-value -Wno-empty-body -Wno-uninitialized -Wno-unknown-pragmas -w -Wno-shadow -Wno-four-char-constants -Wno-conversion -Wno-constant-conversion -Wno-int-conversion -Wno-bool-conversion -Wno-enum-conversion -Wno-float-conversion -Wno-non-literal-null-conversion -Wno-objc-literal-conversion -Wshorten-64-to-32 -Wpointer-sign -Wno-newline-eof -Wno-selector -Wno-strict-selector-match -Wno-undeclared-selector -Wno-deprecated-implementations -Wno-implicit-fallthrough -fstrict-aliasing -Wprotocol -Wdeprecated-declarations -Wno-sign-conversion -Wno-infinite-recursion -Wno-comma -Wno-block-capture-autoreleasing -Wno-strict-prototypes -Wno-semicolon-before-method-body -index-store-path /Users/siam/Library/Developer/Xcode/DerivedData/Lingua_Quest-gvpckrqxtbgyprbgppjfqmimmmfw/Index.noindex/DataStore @/Users/siam/Library/Developer/Xcode/DerivedData/Lingua_Quest-gvpckrqxtbgyprbgppjfqmimmmfw/Build/Intermediates.noindex/AppCheck.build/Debug-iphonesimulator/AppCheckCore.build/Objects-normal/arm64/e6072d4f65d7061329687fe24e3d63a7-common-args.resp -MMD -MT dependencies -MF /Users/siam/Library/Developer/Xcode/DerivedData/Lingua_Quest-gvpckrqxtbgyprbgppjfqmimmmfw/Build/Intermediates.noindex/AppCheck.build/Debug-iphonesimulator/AppCheckCore.build/Objects-normal/arm64/GACAppAttestKeyIDStorage.d --serialize-diagnostics /Users/siam/Library/Developer/Xcode/DerivedData/Lingua_Quest-gvpckrqxtbgyprbgppjfqmimmmfw/Build/Intermediates.noindex/AppCheck.build/Debug-iphonesimulator/AppCheckCore.build/Objects-normal/arm64/GACAppAttestKeyIDStorage.dia -c /Users/siam/Library/Developer/Xcode/DerivedData/Lingua_Quest-gvpckrqxtbgyprbgppjfqmimmmfw/SourcePackages/checkouts/app-check/AppCheckCore/Sources/AppAttestProvider/Storage/GACAppAttestKeyIDStorage.m -o /Users/siam/Library/Developer/Xcode/DerivedData/Lingua_Quest-gvpckrqxtbgyprbgppjfqmimmmfw/Build/Intermediates.noindex/AppCheck.build/Debug-iphonesimulator/AppCheckCore.build/Objects-normal/arm64/GACAppAttestKeyIDStorage.o -index-unit-output-path /AppCheck.build/Debug-iphonesimulator/AppCheckCore.build/Objects-normal/arm64/GACAppAttestKeyIDStorage.o

CompileC /Users/siam/Library/Developer/Xcode/DerivedData/Lingua_Quest-gvpckrqxtbgyprbgppjfqmimmmfw/Build/Intermediates.noindex/AppCheck.build/Debug-iphonesimulator/AppCheckCore.build/Objects-normal/arm64/GACAppAttestProvider.o /Users/siam/Library/Developer/Xcode/DerivedData/Lingua_Quest-gvpckrqxtbgyprbgppjfqmimmmfw/SourcePackages/checkouts/app-check/AppCheckCore/Sources/AppAttestProvider/GACAppAttestProvider.m normal arm64 objective-c com.apple.compilers.llvm.clang.1_0.compiler (in target 'AppCheckCore' from project 'AppCheck')
    cd /Users/siam/Desktop/Lingua\ Quest/Lingua\ Quest.xcodeproj
    
    Using response file: /Users/siam/Library/Developer/Xcode/DerivedData/Lingua_Quest-gvpckrqxtbgyprbgppjfqmimmmfw/Build/Intermediates.noindex/AppCheck.build/Debug-iphonesimulator/AppCheckCore.build/Objects-normal/arm64/e6072d4f65d7061329687fe24e3d63a7-common-args.resp
    
    /Applications/Xcode.app/Contents/Developer/Toolchains/XcodeDefault.xctoolchain/usr/bin/clang -x objective-c -ivfsstatcache /Users/siam/Library/Developer/Xcode/DerivedData/SDKStatCaches.noindex/iphonesimulator26.0-23A339-26257891a6c027eb51374368541b8346.sdkstatcache -fmessage-length\=0 -fdiagnostics-show-note-include-stack -fmacro-backtrace-limit\=0 -fno-color-diagnostics -fmodules-prune-interval\=86400 -fmodules-prune-after\=345600 -fbuild-session-file\=/Users/siam/Library/Developer/Xcode/DerivedData/ModuleCache.noindex/Session.modulevalidation -fmodules-validate-once-per-build-session -Wnon-modular-include-in-framework-module -Werror\=non-modular-include-in-framework-module -Wno-trigraphs -Wno-missing-field-initializers -Wno-missing-prototypes -Wno-return-type -Wno-implicit-atomic-properties -Wno-objc-interface-ivars -Wno-arc-repeated-use-of-weak -Wno-missing-braces -Wparentheses -Wswitch -Wno-unused-function -Wno-unused-label -Wno-unused-parameter -Wno-unused-variable -Wunused-value -Wno-empty-body -Wno-uninitialized -Wno-unknown-pragmas -w -Wno-shadow -Wno-four-char-constants -Wno-conversion -Wno-constant-conversion -Wno-int-conversion -Wno-bool-conversion -Wno-enum-conversion -Wno-float-conversion -Wno-non-literal-null-conversion -Wno-objc-literal-conversion -Wshorten-64-to-32 -Wpointer-sign -Wno-newline-eof -Wno-selector -Wno-strict-selector-match -Wno-undeclared-selector -Wno-deprecated-implementations -Wno-implicit-fallthrough -fstrict-aliasing -Wprotocol -Wdeprecated-declarations -Wno-sign-conversion -Wno-infinite-recursion -Wno-comma -Wno-block-capture-autoreleasing -Wno-strict-prototypes -Wno-semicolon-before-method-body -index-store-path /Users/siam/Library/Developer/Xcode/DerivedData/Lingua_Quest-gvpckrqxtbgyprbgppjfqmimmmfw/Index.noindex/DataStore @/Users/siam/Library/Developer/Xcode/DerivedData/Lingua_Quest-gvpckrqxtbgyprbgppjfqmimmmfw/Build/Intermediates.noindex/AppCheck.build/Debug-iphonesimulator/AppCheckCore.build/Objects-normal/arm64/e6072d4f65d7061329687fe24e3d63a7-common-args.resp -MMD -MT dependencies -MF /Users/siam/Library/Developer/Xcode/DerivedData/Lingua_Quest-gvpckrqxtbgyprbgppjfqmimmmfw/Build/Intermediates.noindex/AppCheck.build/Debug-iphonesimulator/AppCheckCore.build/Objects-normal/arm64/GACAppAttestProvider.d --serialize-diagnostics /Users/siam/Library/Developer/Xcode/DerivedData/Lingua_Quest-gvpckrqxtbgyprbgppjfqmimmmfw/Build/Intermediates.noindex/AppCheck.build/Debug-iphonesimulator/AppCheckCore.build/Objects-normal/arm64/GACAppAttestProvider.dia -c /Users/siam/Library/Developer/Xcode/DerivedData/Lingua_Quest-gvpckrqxtbgyprbgppjfqmimmmfw/SourcePackages/checkouts/app-check/AppCheckCore/Sources/AppAttestProvider/GACAppAttestProvider.m -o /Users/siam/Library/Developer/Xcode/DerivedData/Lingua_Quest-gvpckrqxtbgyprbgppjfqmimmmfw/Build/Intermediates.noindex/AppCheck.build/Debug-iphonesimulator/AppCheckCore.build/Objects-normal/arm64/GACAppAttestProvider.o -index-unit-output-path /AppCheck.build/Debug-iphonesimulator/AppCheckCore.build/Objects-normal/arm64/GACAppAttestProvider.o

ScanDependencies /Users/siam/Library/Developer/Xcode/DerivedData/Lingua_Quest-gvpckrqxtbgyprbgppjfqmimmmfw/Build/Intermediates.noindex/AppCheck.build/Debug-iphonesimulator/AppCheckCore.build/Objects-normal/arm64/GACAppAttestArtifactStorage.o /Users/siam/Library/Developer/Xcode/DerivedData/Lingua_Quest-gvpckrqxtbgyprbgppjfqmimmmfw/SourcePackages/checkouts/app-check/AppCheckCore/Sources/AppAttestProvider/Storage/GACAppAttestArtifactStorage.m normal arm64 objective-c com.apple.compilers.llvm.clang.1_0.compiler (in target 'AppCheckCore' from project 'AppCheck')
    cd /Users/siam/Desktop/Lingua\ Quest/Lingua\ Quest.xcodeproj
    
    Using response file: /Users/siam/Library/Developer/Xcode/DerivedData/Lingua_Quest-gvpckrqxtbgyprbgppjfqmimmmfw/Build/Intermediates.noindex/AppCheck.build/Debug-iphonesimulator/AppCheckCore.build/Objects-normal/arm64/e6072d4f65d7061329687fe24e3d63a7-common-args.resp
    
    builtin-ScanDependencies -o /Users/siam/Library/Developer/Xcode/DerivedData/Lingua_Quest-gvpckrqxtbgyprbgppjfqmimmmfw/Build/Intermediates.noindex/AppCheck.build/Debug-iphonesimulator/AppCheckCore.build/Objects-normal/arm64/GACAppAttestArtifactStorage.o.scan -- /Applications/Xcode.app/Contents/Developer/Toolchains/XcodeDefault.xctoolchain/usr/bin/clang -x objective-c -ivfsstatcache /Users/siam/Library/Developer/Xcode/DerivedData/SDKStatCaches.noindex/iphonesimulator26.0-23A339-26257891a6c027eb51374368541b8346.sdkstatcache -fmessage-length\=0 -fdiagnostics-show-note-include-stack -fmacro-backtrace-limit\=0 -fno-color-diagnostics -fmodules-prune-interval\=86400 -fmodules-prune-after\=345600 -fbuild-session-file\=/Users/siam/Library/Developer/Xcode/DerivedData/ModuleCache.noindex/Session.modulevalidation -fmodules-validate-once-per-build-session -Wnon-modular-include-in-framework-module -Werror\=non-modular-include-in-framework-module -Wno-trigraphs -Wno-missing-field-initializers -Wno-missing-prototypes -Wno-return-type -Wno-implicit-atomic-properties -Wno-objc-interface-ivars -Wno-arc-repeated-use-of-weak -Wno-missing-braces -Wparentheses -Wswitch -Wno-unused-function -Wno-unused-label -Wno-unused-parameter -Wno-unused-variable -Wunused-value -Wno-empty-body -Wno-uninitialized -Wno-unknown-pragmas -w -Wno-shadow -Wno-four-char-constants -Wno-conversion -Wno-constant-conversion -Wno-int-conversion -Wno-bool-conversion -Wno-enum-conversion -Wno-float-conversion -Wno-non-literal-null-conversion -Wno-objc-literal-conversion -Wshorten-64-to-32 -Wpointer-sign -Wno-newline-eof -Wno-selector -Wno-strict-selector-match -Wno-undeclared-selector -Wno-deprecated-implementations -Wno-implicit-fallthrough -fstrict-aliasing -Wprotocol -Wdeprecated-declarations -Wno-sign-conversion -Wno-infinite-recursion -Wno-comma -Wno-block-capture-autoreleasing -Wno-strict-prototypes -Wno-semicolon-before-method-body -index-store-path /Users/siam/Library/Developer/Xcode/DerivedData/Lingua_Quest-gvpckrqxtbgyprbgppjfqmimmmfw/Index.noindex/DataStore @/Users/siam/Library/Developer/Xcode/DerivedData/Lingua_Quest-gvpckrqxtbgyprbgppjfqmimmmfw/Build/Intermediates.noindex/AppCheck.build/Debug-iphonesimulator/AppCheckCore.build/Objects-normal/arm64/e6072d4f65d7061329687fe24e3d63a7-common-args.resp -MMD -MT dependencies -MF /Users/siam/Library/Developer/Xcode/DerivedData/Lingua_Quest-gvpckrqxtbgyprbgppjfqmimmmfw/Build/Intermediates.noindex/AppCheck.build/Debug-iphonesimulator/AppCheckCore.build/Objects-normal/arm64/GACAppAttestArtifactStorage.d --serialize-diagnostics /Users/siam/Library/Developer/Xcode/DerivedData/Lingua_Quest-gvpckrqxtbgyprbgppjfqmimmmfw/Build/Intermediates.noindex/AppCheck.build/Debug-iphonesimulator/AppCheckCore.build/Objects-normal/arm64/GACAppAttestArtifactStorage.dia -c /Users/siam/Library/Developer/Xcode/DerivedData/Lingua_Quest-gvpckrqxtbgyprbgppjfqmimmmfw/SourcePackages/checkouts/app-check/AppCheckCore/Sources/AppAttestProvider/Storage/GACAppAttestArtifactStorage.m -o /Users/siam/Library/Developer/Xcode/DerivedData/Lingua_Quest-gvpckrqxtbgyprbgppjfqmimmmfw/Build/Intermediates.noindex/AppCheck.build/Debug-iphonesimulator/AppCheckCore.build/Objects-normal/arm64/GACAppAttestArtifactStorage.o -index-unit-output-path /AppCheck.build/Debug-iphonesimulator/AppCheckCore.build/Objects-normal/arm64/GACAppAttestArtifactStorage.o

ScanDependencies /Users/siam/Library/Developer/Xcode/DerivedData/Lingua_Quest-gvpckrqxtbgyprbgppjfqmimmmfw/Build/Intermediates.noindex/AppCheck.build/Debug-iphonesimulator/AppCheckCore.build/Objects-normal/arm64/GACAppAttestAPIService.o /Users/siam/Library/Developer/Xcode/DerivedData/Lingua_Quest-gvpckrqxtbgyprbgppjfqmimmmfw/SourcePackages/checkouts/app-check/AppCheckCore/Sources/AppAttestProvider/API/GACAppAttestAPIService.m normal arm64 objective-c com.apple.compilers.llvm.clang.1_0.compiler (in target 'AppCheckCore' from project 'AppCheck')
    cd /Users/siam/Desktop/Lingua\ Quest/Lingua\ Quest.xcodeproj
    
    Using response file: /Users/siam/Library/Developer/Xcode/DerivedData/Lingua_Quest-gvpckrqxtbgyprbgppjfqmimmmfw/Build/Intermediates.noindex/AppCheck.build/Debug-iphonesimulator/AppCheckCore.build/Objects-normal/arm64/e6072d4f65d7061329687fe24e3d63a7-common-args.resp
    
    builtin-ScanDependencies -o /Users/siam/Library/Developer/Xcode/DerivedData/Lingua_Quest-gvpckrqxtbgyprbgppjfqmimmmfw/Build/Intermediates.noindex/AppCheck.build/Debug-iphonesimulator/AppCheckCore.build/Objects-normal/arm64/GACAppAttestAPIService.o.scan -- /Applications/Xcode.app/Contents/Developer/Toolchains/XcodeDefault.xctoolchain/usr/bin/clang -x objective-c -ivfsstatcache /Users/siam/Library/Developer/Xcode/DerivedData/SDKStatCaches.noindex/iphonesimulator26.0-23A339-26257891a6c027eb51374368541b8346.sdkstatcache -fmessage-length\=0 -fdiagnostics-show-note-include-stack -fmacro-backtrace-limit\=0 -fno-color-diagnostics -fmodules-prune-interval\=86400 -fmodules-prune-after\=345600 -fbuild-session-file\=/Users/siam/Library/Developer/Xcode/DerivedData/ModuleCache.noindex/Session.modulevalidation -fmodules-validate-once-per-build-session -Wnon-modular-include-in-framework-module -Werror\=non-modular-include-in-framework-module -Wno-trigraphs -Wno-missing-field-initializers -Wno-missing-prototypes -Wno-return-type -Wno-implicit-atomic-properties -Wno-objc-interface-ivars -Wno-arc-repeated-use-of-weak -Wno-missing-braces -Wparentheses -Wswitch -Wno-unused-function -Wno-unused-label -Wno-unused-parameter -Wno-unused-variable -Wunused-value -Wno-empty-body -Wno-uninitialized -Wno-unknown-pragmas -w -Wno-shadow -Wno-four-char-constants -Wno-conversion -Wno-constant-conversion -Wno-int-conversion -Wno-bool-conversion -Wno-enum-conversion -Wno-float-conversion -Wno-non-literal-null-conversion -Wno-objc-literal-conversion -Wshorten-64-to-32 -Wpointer-sign -Wno-newline-eof -Wno-selector -Wno-strict-selector-match -Wno-undeclared-selector -Wno-deprecated-implementations -Wno-implicit-fallthrough -fstrict-aliasing -Wprotocol -Wdeprecated-declarations -Wno-sign-conversion -Wno-infinite-recursion -Wno-comma -Wno-block-capture-autoreleasing -Wno-strict-prototypes -Wno-semicolon-before-method-body -index-store-path /Users/siam/Library/Developer/Xcode/DerivedData/Lingua_Quest-gvpckrqxtbgyprbgppjfqmimmmfw/Index.noindex/DataStore @/Users/siam/Library/Developer/Xcode/DerivedData/Lingua_Quest-gvpckrqxtbgyprbgppjfqmimmmfw/Build/Intermediates.noindex/AppCheck.build/Debug-iphonesimulator/AppCheckCore.build/Objects-normal/arm64/e6072d4f65d7061329687fe24e3d63a7-common-args.resp -MMD -MT dependencies -MF /Users/siam/Library/Developer/Xcode/DerivedData/Lingua_Quest-gvpckrqxtbgyprbgppjfqmimmmfw/Build/Intermediates.noindex/AppCheck.build/Debug-iphonesimulator/AppCheckCore.build/Objects-normal/arm64/GACAppAttestAPIService.d --serialize-diagnostics /Users/siam/Library/Developer/Xcode/DerivedData/Lingua_Quest-gvpckrqxtbgyprbgppjfqmimmmfw/Build/Intermediates.noindex/AppCheck.build/Debug-iphonesimulator/AppCheckCore.build/Objects-normal/arm64/GACAppAttestAPIService.dia -c /Users/siam/Library/Developer/Xcode/DerivedData/Lingua_Quest-gvpckrqxtbgyprbgppjfqmimmmfw/SourcePackages/checkouts/app-check/AppCheckCore/Sources/AppAttestProvider/API/GACAppAttestAPIService.m -o /Users/siam/Library/Developer/Xcode/DerivedData/Lingua_Quest-gvpckrqxtbgyprbgppjfqmimmmfw/Build/Intermediates.noindex/AppCheck.build/Debug-iphonesimulator/AppCheckCore.build/Objects-normal/arm64/GACAppAttestAPIService.o -index-unit-output-path /AppCheck.build/Debug-iphonesimulator/AppCheckCore.build/Objects-normal/arm64/GACAppAttestAPIService.o

ScanDependencies /Users/siam/Library/Developer/Xcode/DerivedData/Lingua_Quest-gvpckrqxtbgyprbgppjfqmimmmfw/Build/Intermediates.noindex/AppCheck.build/Debug-iphonesimulator/AppCheckCore.build/Objects-normal/arm64/DCDevice+GACDeviceCheckTokenGenerator.o /Users/siam/Library/Developer/Xcode/DerivedData/Lingua_Quest-gvpckrqxtbgyprbgppjfqmimmmfw/SourcePackages/checkouts/app-check/AppCheckCore/Sources/DeviceCheckProvider/DCDevice+GACDeviceCheckTokenGenerator.m normal arm64 objective-c com.apple.compilers.llvm.clang.1_0.compiler (in target 'AppCheckCore' from project 'AppCheck')
    cd /Users/siam/Desktop/Lingua\ Quest/Lingua\ Quest.xcodeproj
    
    Using response file: /Users/siam/Library/Developer/Xcode/DerivedData/Lingua_Quest-gvpckrqxtbgyprbgppjfqmimmmfw/Build/Intermediates.noindex/AppCheck.build/Debug-iphonesimulator/AppCheckCore.build/Objects-normal/arm64/e6072d4f65d7061329687fe24e3d63a7-common-args.resp
    
    builtin-ScanDependencies -o /Users/siam/Library/Developer/Xcode/DerivedData/Lingua_Quest-gvpckrqxtbgyprbgppjfqmimmmfw/Build/Intermediates.noindex/AppCheck.build/Debug-iphonesimulator/AppCheckCore.build/Objects-normal/arm64/DCDevice+GACDeviceCheckTokenGenerator.o.scan -- /Applications/Xcode.app/Contents/Developer/Toolchains/XcodeDefault.xctoolchain/usr/bin/clang -x objective-c -ivfsstatcache /Users/siam/Library/Developer/Xcode/DerivedData/SDKStatCaches.noindex/iphonesimulator26.0-23A339-26257891a6c027eb51374368541b8346.sdkstatcache -fmessage-length\=0 -fdiagnostics-show-note-include-stack -fmacro-backtrace-limit\=0 -fno-color-diagnostics -fmodules-prune-interval\=86400 -fmodules-prune-after\=345600 -fbuild-session-file\=/Users/siam/Library/Developer/Xcode/DerivedData/ModuleCache.noindex/Session.modulevalidation -fmodules-validate-once-per-build-session -Wnon-modular-include-in-framework-module -Werror\=non-modular-include-in-framework-module -Wno-trigraphs -Wno-missing-field-initializers -Wno-missing-prototypes -Wno-return-type -Wno-implicit-atomic-properties -Wno-objc-interface-ivars -Wno-arc-repeated-use-of-weak -Wno-missing-braces -Wparentheses -Wswitch -Wno-unused-function -Wno-unused-label -Wno-unused-parameter -Wno-unused-variable -Wunused-value -Wno-empty-body -Wno-uninitialized -Wno-unknown-pragmas -w -Wno-shadow -Wno-four-char-constants -Wno-conversion -Wno-constant-conversion -Wno-int-conversion -Wno-bool-conversion -Wno-enum-conversion -Wno-float-conversion -Wno-non-literal-null-conversion -Wno-objc-literal-conversion -Wshorten-64-to-32 -Wpointer-sign -Wno-newline-eof -Wno-selector -Wno-strict-selector-match -Wno-undeclared-selector -Wno-deprecated-implementations -Wno-implicit-fallthrough -fstrict-aliasing -Wprotocol -Wdeprecated-declarations -Wno-sign-conversion -Wno-infinite-recursion -Wno-comma -Wno-block-capture-autoreleasing -Wno-strict-prototypes -Wno-semicolon-before-method-body -index-store-path /Users/siam/Library/Developer/Xcode/DerivedData/Lingua_Quest-gvpckrqxtbgyprbgppjfqmimmmfw/Index.noindex/DataStore @/Users/siam/Library/Developer/Xcode/DerivedData/Lingua_Quest-gvpckrqxtbgyprbgppjfqmimmmfw/Build/Intermediates.noindex/AppCheck.build/Debug-iphonesimulator/AppCheckCore.build/Objects-normal/arm64/e6072d4f65d7061329687fe24e3d63a7-common-args.resp -MMD -MT dependencies -MF /Users/siam/Library/Developer/Xcode/DerivedData/Lingua_Quest-gvpckrqxtbgyprbgppjfqmimmmfw/Build/Intermediates.noindex/AppCheck.build/Debug-iphonesimulator/AppCheckCore.build/Objects-normal/arm64/DCDevice+GACDeviceCheckTokenGenerator.d --serialize-diagnostics /Users/siam/Library/Developer/Xcode/DerivedData/Lingua_Quest-gvpckrqxtbgyprbgppjfqmimmmfw/Build/Intermediates.noindex/AppCheck.build/Debug-iphonesimulator/AppCheckCore.build/Objects-normal/arm64/DCDevice+GACDeviceCheckTokenGenerator.dia -c /Users/siam/Library/Developer/Xcode/DerivedData/Lingua_Quest-gvpckrqxtbgyprbgppjfqmimmmfw/SourcePackages/checkouts/app-check/AppCheckCore/Sources/DeviceCheckProvider/DCDevice+GACDeviceCheckTokenGenerator.m -o /Users/siam/Library/Developer/Xcode/DerivedData/Lingua_Quest-gvpckrqxtbgyprbgppjfqmimmmfw/Build/Intermediates.noindex/AppCheck.build/Debug-iphonesimulator/AppCheckCore.build/Objects-normal/arm64/DCDevice+GACDeviceCheckTokenGenerator.o -index-unit-output-path /AppCheck.build/Debug-iphonesimulator/AppCheckCore.build/Objects-normal/arm64/DCDevice+GACDeviceCheckTokenGenerator.o

ScanDependencies /Users/siam/Library/Developer/Xcode/DerivedData/Lingua_Quest-gvpckrqxtbgyprbgppjfqmimmmfw/Build/Intermediates.noindex/AppCheck.build/Debug-iphonesimulator/AppCheckCore.build/Objects-normal/arm64/DCAppAttestService+GACAppAttestService.o /Users/siam/Library/Developer/Xcode/DerivedData/Lingua_Quest-gvpckrqxtbgyprbgppjfqmimmmfw/SourcePackages/checkouts/app-check/AppCheckCore/Sources/AppAttestProvider/DCAppAttestService+GACAppAttestService.m normal arm64 objective-c com.apple.compilers.llvm.clang.1_0.compiler (in target 'AppCheckCore' from project 'AppCheck')
    cd /Users/siam/Desktop/Lingua\ Quest/Lingua\ Quest.xcodeproj
    
    Using response file: /Users/siam/Library/Developer/Xcode/DerivedData/Lingua_Quest-gvpckrqxtbgyprbgppjfqmimmmfw/Build/Intermediates.noindex/AppCheck.build/Debug-iphonesimulator/AppCheckCore.build/Objects-normal/arm64/e6072d4f65d7061329687fe24e3d63a7-common-args.resp
    
    builtin-ScanDependencies -o /Users/siam/Library/Developer/Xcode/DerivedData/Lingua_Quest-gvpckrqxtbgyprbgppjfqmimmmfw/Build/Intermediates.noindex/AppCheck.build/Debug-iphonesimulator/AppCheckCore.build/Objects-normal/arm64/DCAppAttestService+GACAppAttestService.o.scan -- /Applications/Xcode.app/Contents/Developer/Toolchains/XcodeDefault.xctoolchain/usr/bin/clang -x objective-c -ivfsstatcache /Users/siam/Library/Developer/Xcode/DerivedData/SDKStatCaches.noindex/iphonesimulator26.0-23A339-26257891a6c027eb51374368541b8346.sdkstatcache -fmessage-length\=0 -fdiagnostics-show-note-include-stack -fmacro-backtrace-limit\=0 -fno-color-diagnostics -fmodules-prune-interval\=86400 -fmodules-prune-after\=345600 -fbuild-session-file\=/Users/siam/Library/Developer/Xcode/DerivedData/ModuleCache.noindex/Session.modulevalidation -fmodules-validate-once-per-build-session -Wnon-modular-include-in-framework-module -Werror\=non-modular-include-in-framework-module -Wno-trigraphs -Wno-missing-field-initializers -Wno-missing-prototypes -Wno-return-type -Wno-implicit-atomic-properties -Wno-objc-interface-ivars -Wno-arc-repeated-use-of-weak -Wno-missing-braces -Wparentheses -Wswitch -Wno-unused-function -Wno-unused-label -Wno-unused-parameter -Wno-unused-variable -Wunused-value -Wno-empty-body -Wno-uninitialized -Wno-unknown-pragmas -w -Wno-shadow -Wno-four-char-constants -Wno-conversion -Wno-constant-conversion -Wno-int-conversion -Wno-bool-conversion -Wno-enum-conversion -Wno-float-conversion -Wno-non-literal-null-conversion -Wno-objc-literal-conversion -Wshorten-64-to-32 -Wpointer-sign -Wno-newline-eof -Wno-selector -Wno-strict-selector-match -Wno-undeclared-selector -Wno-deprecated-implementations -Wno-implicit-fallthrough -fstrict-aliasing -Wprotocol -Wdeprecated-declarations -Wno-sign-conversion -Wno-infinite-recursion -Wno-comma -Wno-block-capture-autoreleasing -Wno-strict-prototypes -Wno-semicolon-before-method-body -index-store-path /Users/siam/Library/Developer/Xcode/DerivedData/Lingua_Quest-gvpckrqxtbgyprbgppjfqmimmmfw/Index.noindex/DataStore @/Users/siam/Library/Developer/Xcode/DerivedData/Lingua_Quest-gvpckrqxtbgyprbgppjfqmimmmfw/Build/Intermediates.noindex/AppCheck.build/Debug-iphonesimulator/AppCheckCore.build/Objects-normal/arm64/e6072d4f65d7061329687fe24e3d63a7-common-args.resp -MMD -MT dependencies -MF /Users/siam/Library/Developer/Xcode/DerivedData/Lingua_Quest-gvpckrqxtbgyprbgppjfqmimmmfw/Build/Intermediates.noindex/AppCheck.build/Debug-iphonesimulator/AppCheckCore.build/Objects-normal/arm64/DCAppAttestService+GACAppAttestService.d --serialize-diagnostics /Users/siam/Library/Developer/Xcode/DerivedData/Lingua_Quest-gvpckrqxtbgyprbgppjfqmimmmfw/Build/Intermediates.noindex/AppCheck.build/Debug-iphonesimulator/AppCheckCore.build/Objects-normal/arm64/DCAppAttestService+GACAppAttestService.dia -c /Users/siam/Library/Developer/Xcode/DerivedData/Lingua_Quest-gvpckrqxtbgyprbgppjfqmimmmfw/SourcePackages/checkouts/app-check/AppCheckCore/Sources/AppAttestProvider/DCAppAttestService+GACAppAttestService.m -o /Users/siam/Library/Developer/Xcode/DerivedData/Lingua_Quest-gvpckrqxtbgyprbgppjfqmimmmfw/Build/Intermediates.noindex/AppCheck.build/Debug-iphonesimulator/AppCheckCore.build/Objects-normal/arm64/DCAppAttestService+GACAppAttestService.o -index-unit-output-path /AppCheck.build/Debug-iphonesimulator/AppCheckCore.build/Objects-normal/arm64/DCAppAttestService+GACAppAttestService.o

CompileC /Users/siam/Library/Developer/Xcode/DerivedData/Lingua_Quest-gvpckrqxtbgyprbgppjfqmimmmfw/Build/Intermediates.noindex/AppCheck.build/Debug-iphonesimulator/AppCheckCore.build/Objects-normal/arm64/GACAppAttestAttestationResponse.o /Users/siam/Library/Developer/Xcode/DerivedData/Lingua_Quest-gvpckrqxtbgyprbgppjfqmimmmfw/SourcePackages/checkouts/app-check/AppCheckCore/Sources/AppAttestProvider/API/GACAppAttestAttestationResponse.m normal arm64 objective-c com.apple.compilers.llvm.clang.1_0.compiler (in target 'AppCheckCore' from project 'AppCheck')
    cd /Users/siam/Desktop/Lingua\ Quest/Lingua\ Quest.xcodeproj
    
    Using response file: /Users/siam/Library/Developer/Xcode/DerivedData/Lingua_Quest-gvpckrqxtbgyprbgppjfqmimmmfw/Build/Intermediates.noindex/AppCheck.build/Debug-iphonesimulator/AppCheckCore.build/Objects-normal/arm64/e6072d4f65d7061329687fe24e3d63a7-common-args.resp
    
    /Applications/Xcode.app/Contents/Developer/Toolchains/XcodeDefault.xctoolchain/usr/bin/clang -x objective-c -ivfsstatcache /Users/siam/Library/Developer/Xcode/DerivedData/SDKStatCaches.noindex/iphonesimulator26.0-23A339-26257891a6c027eb51374368541b8346.sdkstatcache -fmessage-length\=0 -fdiagnostics-show-note-include-stack -fmacro-backtrace-limit\=0 -fno-color-diagnostics -fmodules-prune-interval\=86400 -fmodules-prune-after\=345600 -fbuild-session-file\=/Users/siam/Library/Developer/Xcode/DerivedData/ModuleCache.noindex/Session.modulevalidation -fmodules-validate-once-per-build-session -Wnon-modular-include-in-framework-module -Werror\=non-modular-include-in-framework-module -Wno-trigraphs -Wno-missing-field-initializers -Wno-missing-prototypes -Wno-return-type -Wno-implicit-atomic-properties -Wno-objc-interface-ivars -Wno-arc-repeated-use-of-weak -Wno-missing-braces -Wparentheses -Wswitch -Wno-unused-function -Wno-unused-label -Wno-unused-parameter -Wno-unused-variable -Wunused-value -Wno-empty-body -Wno-uninitialized -Wno-unknown-pragmas -w -Wno-shadow -Wno-four-char-constants -Wno-conversion -Wno-constant-conversion -Wno-int-conversion -Wno-bool-conversion -Wno-enum-conversion -Wno-float-conversion -Wno-non-literal-null-conversion -Wno-objc-literal-conversion -Wshorten-64-to-32 -Wpointer-sign -Wno-newline-eof -Wno-selector -Wno-strict-selector-match -Wno-undeclared-selector -Wno-deprecated-implementations -Wno-implicit-fallthrough -fstrict-aliasing -Wprotocol -Wdeprecated-declarations -Wno-sign-conversion -Wno-infinite-recursion -Wno-comma -Wno-block-capture-autoreleasing -Wno-strict-prototypes -Wno-semicolon-before-method-body -index-store-path /Users/siam/Library/Developer/Xcode/DerivedData/Lingua_Quest-gvpckrqxtbgyprbgppjfqmimmmfw/Index.noindex/DataStore @/Users/siam/Library/Developer/Xcode/DerivedData/Lingua_Quest-gvpckrqxtbgyprbgppjfqmimmmfw/Build/Intermediates.noindex/AppCheck.build/Debug-iphonesimulator/AppCheckCore.build/Objects-normal/arm64/e6072d4f65d7061329687fe24e3d63a7-common-args.resp -MMD -MT dependencies -MF /Users/siam/Library/Developer/Xcode/DerivedData/Lingua_Quest-gvpckrqxtbgyprbgppjfqmimmmfw/Build/Intermediates.noindex/AppCheck.build/Debug-iphonesimulator/AppCheckCore.build/Objects-normal/arm64/GACAppAttestAttestationResponse.d --serialize-diagnostics /Users/siam/Library/Developer/Xcode/DerivedData/Lingua_Quest-gvpckrqxtbgyprbgppjfqmimmmfw/Build/Intermediates.noindex/AppCheck.build/Debug-iphonesimulator/AppCheckCore.build/Objects-normal/arm64/GACAppAttestAttestationResponse.dia -c /Users/siam/Library/Developer/Xcode/DerivedData/Lingua_Quest-gvpckrqxtbgyprbgppjfqmimmmfw/SourcePackages/checkouts/app-check/AppCheckCore/Sources/AppAttestProvider/API/GACAppAttestAttestationResponse.m -o /Users/siam/Library/Developer/Xcode/DerivedData/Lingua_Quest-gvpckrqxtbgyprbgppjfqmimmmfw/Build/Intermediates.noindex/AppCheck.build/Debug-iphonesimulator/AppCheckCore.build/Objects-normal/arm64/GACAppAttestAttestationResponse.o -index-unit-output-path /AppCheck.build/Debug-iphonesimulator/AppCheckCore.build/Objects-normal/arm64/GACAppAttestAttestationResponse.o

CompileC /Users/siam/Library/Developer/Xcode/DerivedData/Lingua_Quest-gvpckrqxtbgyprbgppjfqmimmmfw/Build/Intermediates.noindex/AppCheck.build/Debug-iphonesimulator/AppCheckCore.build/Objects-normal/arm64/GACAppAttestAPIService.o /Users/siam/Library/Developer/Xcode/DerivedData/Lingua_Quest-gvpckrqxtbgyprbgppjfqmimmmfw/SourcePackages/checkouts/app-check/AppCheckCore/Sources/AppAttestProvider/API/GACAppAttestAPIService.m normal arm64 objective-c com.apple.compilers.llvm.clang.1_0.compiler (in target 'AppCheckCore' from project 'AppCheck')
    cd /Users/siam/Desktop/Lingua\ Quest/Lingua\ Quest.xcodeproj
    
    Using response file: /Users/siam/Library/Developer/Xcode/DerivedData/Lingua_Quest-gvpckrqxtbgyprbgppjfqmimmmfw/Build/Intermediates.noindex/AppCheck.build/Debug-iphonesimulator/AppCheckCore.build/Objects-normal/arm64/e6072d4f65d7061329687fe24e3d63a7-common-args.resp
    
    /Applications/Xcode.app/Contents/Developer/Toolchains/XcodeDefault.xctoolchain/usr/bin/clang -x objective-c -ivfsstatcache /Users/siam/Library/Developer/Xcode/DerivedData/SDKStatCaches.noindex/iphonesimulator26.0-23A339-26257891a6c027eb51374368541b8346.sdkstatcache -fmessage-length\=0 -fdiagnostics-show-note-include-stack -fmacro-backtrace-limit\=0 -fno-color-diagnostics -fmodules-prune-interval\=86400 -fmodules-prune-after\=345600 -fbuild-session-file\=/Users/siam/Library/Developer/Xcode/DerivedData/ModuleCache.noindex/Session.modulevalidation -fmodules-validate-once-per-build-session -Wnon-modular-include-in-framework-module -Werror\=non-modular-include-in-framework-module -Wno-trigraphs -Wno-missing-field-initializers -Wno-missing-prototypes -Wno-return-type -Wno-implicit-atomic-properties -Wno-objc-interface-ivars -Wno-arc-repeated-use-of-weak -Wno-missing-braces -Wparentheses -Wswitch -Wno-unused-function -Wno-unused-label -Wno-unused-parameter -Wno-unused-variable -Wunused-value -Wno-empty-body -Wno-uninitialized -Wno-unknown-pragmas -w -Wno-shadow -Wno-four-char-constants -Wno-conversion -Wno-constant-conversion -Wno-int-conversion -Wno-bool-conversion -Wno-enum-conversion -Wno-float-conversion -Wno-non-literal-null-conversion -Wno-objc-literal-conversion -Wshorten-64-to-32 -Wpointer-sign -Wno-newline-eof -Wno-selector -Wno-strict-selector-match -Wno-undeclared-selector -Wno-deprecated-implementations -Wno-implicit-fallthrough -fstrict-aliasing -Wprotocol -Wdeprecated-declarations -Wno-sign-conversion -Wno-infinite-recursion -Wno-comma -Wno-block-capture-autoreleasing -Wno-strict-prototypes -Wno-semicolon-before-method-body -index-store-path /Users/siam/Library/Developer/Xcode/DerivedData/Lingua_Quest-gvpckrqxtbgyprbgppjfqmimmmfw/Index.noindex/DataStore @/Users/siam/Library/Developer/Xcode/DerivedData/Lingua_Quest-gvpckrqxtbgyprbgppjfqmimmmfw/Build/Intermediates.noindex/AppCheck.build/Debug-iphonesimulator/AppCheckCore.build/Objects-normal/arm64/e6072d4f65d7061329687fe24e3d63a7-common-args.resp -MMD -MT dependencies -MF /Users/siam/Library/Developer/Xcode/DerivedData/Lingua_Quest-gvpckrqxtbgyprbgppjfqmimmmfw/Build/Intermediates.noindex/AppCheck.build/Debug-iphonesimulator/AppCheckCore.build/Objects-normal/arm64/GACAppAttestAPIService.d --serialize-diagnostics /Users/siam/Library/Developer/Xcode/DerivedData/Lingua_Quest-gvpckrqxtbgyprbgppjfqmimmmfw/Build/Intermediates.noindex/AppCheck.build/Debug-iphonesimulator/AppCheckCore.build/Objects-normal/arm64/GACAppAttestAPIService.dia -c /Users/siam/Library/Developer/Xcode/DerivedData/Lingua_Quest-gvpckrqxtbgyprbgppjfqmimmmfw/SourcePackages/checkouts/app-check/AppCheckCore/Sources/AppAttestProvider/API/GACAppAttestAPIService.m -o /Users/siam/Library/Developer/Xcode/DerivedData/Lingua_Quest-gvpckrqxtbgyprbgppjfqmimmmfw/Build/Intermediates.noindex/AppCheck.build/Debug-iphonesimulator/AppCheckCore.build/Objects-normal/arm64/GACAppAttestAPIService.o -index-unit-output-path /AppCheck.build/Debug-iphonesimulator/AppCheckCore.build/Objects-normal/arm64/GACAppAttestAPIService.o

CpResource /Users/siam/Library/Developer/Xcode/DerivedData/Lingua_Quest-gvpckrqxtbgyprbgppjfqmimmmfw/Build/Products/Debug-iphonesimulator/AppAuth_AppAuthCore.bundle/PrivacyInfo.xcprivacy /Users/siam/Library/Developer/Xcode/DerivedData/Lingua_Quest-gvpckrqxtbgyprbgppjfqmimmmfw/SourcePackages/checkouts/AppAuth-iOS/Sources/AppAuthCore/Resources/PrivacyInfo.xcprivacy (in target 'AppAuth_AppAuthCore' from project 'AppAuth')
    cd /Users/siam/Library/Developer/Xcode/DerivedData/Lingua_Quest-gvpckrqxtbgyprbgppjfqmimmmfw/SourcePackages/checkouts/AppAuth-iOS
    builtin-copy -exclude .DS_Store -exclude CVS -exclude .svn -exclude .git -exclude .hg -resolve-src-symlinks /Users/siam/Library/Developer/Xcode/DerivedData/Lingua_Quest-gvpckrqxtbgyprbgppjfqmimmmfw/SourcePackages/checkouts/AppAuth-iOS/Sources/AppAuthCore/Resources/PrivacyInfo.xcprivacy /Users/siam/Library/Developer/Xcode/DerivedData/Lingua_Quest-gvpckrqxtbgyprbgppjfqmimmmfw/Build/Products/Debug-iphonesimulator/AppAuth_AppAuthCore.bundle

ProcessInfoPlistFile /Users/siam/Library/Developer/Xcode/DerivedData/Lingua_Quest-gvpckrqxtbgyprbgppjfqmimmmfw/Build/Products/Debug-iphonesimulator/AppAuth_AppAuth.bundle/Info.plist /Users/siam/Library/Developer/Xcode/DerivedData/Lingua_Quest-gvpckrqxtbgyprbgppjfqmimmmfw/Build/Intermediates.noindex/AppAuth.build/Debug-iphonesimulator/AppAuth_AppAuth.build/empty-AppAuth_AppAuth.plist (in target 'AppAuth_AppAuth' from project 'AppAuth')
    cd /Users/siam/Library/Developer/Xcode/DerivedData/Lingua_Quest-gvpckrqxtbgyprbgppjfqmimmmfw/SourcePackages/checkouts/AppAuth-iOS
    builtin-infoPlistUtility /Users/siam/Library/Developer/Xcode/DerivedData/Lingua_Quest-gvpckrqxtbgyprbgppjfqmimmmfw/Build/Intermediates.noindex/AppAuth.build/Debug-iphonesimulator/AppAuth_AppAuth.build/empty-AppAuth_AppAuth.plist -producttype com.apple.product-type.bundle -expandbuildsettings -format binary -platform iphonesimulator -o /Users/siam/Library/Developer/Xcode/DerivedData/Lingua_Quest-gvpckrqxtbgyprbgppjfqmimmmfw/Build/Products/Debug-iphonesimulator/AppAuth_AppAuth.bundle/Info.plist

ScanDependencies /Users/siam/Library/Developer/Xcode/DerivedData/Lingua_Quest-gvpckrqxtbgyprbgppjfqmimmmfw/Build/Intermediates.noindex/AppAuth.build/Debug-iphonesimulator/AppAuthCore.build/Objects-normal/x86_64/resource_bundle_accessor.o /Users/siam/Library/Developer/Xcode/DerivedData/Lingua_Quest-gvpckrqxtbgyprbgppjfqmimmmfw/Build/Intermediates.noindex/AppAuth.build/Debug-iphonesimulator/AppAuthCore.build/DerivedSources/resource_bundle_accessor.m normal x86_64 objective-c com.apple.compilers.llvm.clang.1_0.compiler (in target 'AppAuthCore' from project 'AppAuth')
    cd /Users/siam/Desktop/Lingua\ Quest/Lingua\ Quest.xcodeproj
    
    Using response file: /Users/siam/Library/Developer/Xcode/DerivedData/Lingua_Quest-gvpckrqxtbgyprbgppjfqmimmmfw/Build/Intermediates.noindex/AppAuth.build/Debug-iphonesimulator/AppAuthCore.build/Objects-normal/x86_64/e6072d4f65d7061329687fe24e3d63a7-common-args.resp
    
    builtin-ScanDependencies -o /Users/siam/Library/Developer/Xcode/DerivedData/Lingua_Quest-gvpckrqxtbgyprbgppjfqmimmmfw/Build/Intermediates.noindex/AppAuth.build/Debug-iphonesimulator/AppAuthCore.build/Objects-normal/x86_64/resource_bundle_accessor.o.scan -- /Applications/Xcode.app/Contents/Developer/Toolchains/XcodeDefault.xctoolchain/usr/bin/clang -x objective-c -ivfsstatcache /Users/siam/Library/Developer/Xcode/DerivedData/SDKStatCaches.noindex/iphonesimulator26.0-23A339-26257891a6c027eb51374368541b8346.sdkstatcache -fmessage-length\=0 -fdiagnostics-show-note-include-stack -fmacro-backtrace-limit\=0 -fno-color-diagnostics -fmodules-prune-interval\=86400 -fmodules-prune-after\=345600 -fbuild-session-file\=/Users/siam/Library/Developer/Xcode/DerivedData/ModuleCache.noindex/Session.modulevalidation -fmodules-validate-once-per-build-session -Wnon-modular-include-in-framework-module -Werror\=non-modular-include-in-framework-module -Wno-trigraphs -Wno-missing-field-initializers -Wno-missing-prototypes -Wno-return-type -Wno-implicit-atomic-properties -Wno-objc-interface-ivars -Wno-arc-repeated-use-of-weak -Wno-missing-braces -Wparentheses -Wswitch -Wno-unused-function -Wno-unused-label -Wno-unused-parameter -Wno-unused-variable -Wunused-value -Wno-empty-body -Wno-uninitialized -Wno-unknown-pragmas -w -Wno-shadow -Wno-four-char-constants -Wno-conversion -Wno-constant-conversion -Wno-int-conversion -Wno-bool-conversion -Wno-enum-conversion -Wno-float-conversion -Wno-non-literal-null-conversion -Wno-objc-literal-conversion -Wshorten-64-to-32 -Wpointer-sign -Wno-newline-eof -Wno-selector -Wno-strict-selector-match -Wno-undeclared-selector -Wno-deprecated-implementations -Wno-implicit-fallthrough -fstrict-aliasing -Wprotocol -Wdeprecated-declarations -Wno-sign-conversion -Wno-infinite-recursion -Wno-comma -Wno-block-capture-autoreleasing -Wno-strict-prototypes -Wno-semicolon-before-method-body -index-store-path /Users/siam/Library/Developer/Xcode/DerivedData/Lingua_Quest-gvpckrqxtbgyprbgppjfqmimmmfw/Index.noindex/DataStore @/Users/siam/Library/Developer/Xcode/DerivedData/Lingua_Quest-gvpckrqxtbgyprbgppjfqmimmmfw/Build/Intermediates.noindex/AppAuth.build/Debug-iphonesimulator/AppAuthCore.build/Objects-normal/x86_64/e6072d4f65d7061329687fe24e3d63a7-common-args.resp -include /Users/siam/Library/Developer/Xcode/DerivedData/Lingua_Quest-gvpckrqxtbgyprbgppjfqmimmmfw/Build/Intermediates.noindex/AppAuth.build/Debug-iphonesimulator/AppAuthCore.build/DerivedSources/resource_bundle_accessor.h -MMD -MT dependencies -MF /Users/siam/Library/Developer/Xcode/DerivedData/Lingua_Quest-gvpckrqxtbgyprbgppjfqmimmmfw/Build/Intermediates.noindex/AppAuth.build/Debug-iphonesimulator/AppAuthCore.build/Objects-normal/x86_64/resource_bundle_accessor.d --serialize-diagnostics /Users/siam/Library/Developer/Xcode/DerivedData/Lingua_Quest-gvpckrqxtbgyprbgppjfqmimmmfw/Build/Intermediates.noindex/AppAuth.build/Debug-iphonesimulator/AppAuthCore.build/Objects-normal/x86_64/resource_bundle_accessor.dia -c /Users/siam/Library/Developer/Xcode/DerivedData/Lingua_Quest-gvpckrqxtbgyprbgppjfqmimmmfw/Build/Intermediates.noindex/AppAuth.build/Debug-iphonesimulator/AppAuthCore.build/DerivedSources/resource_bundle_accessor.m -o /Users/siam/Library/Developer/Xcode/DerivedData/Lingua_Quest-gvpckrqxtbgyprbgppjfqmimmmfw/Build/Intermediates.noindex/AppAuth.build/Debug-iphonesimulator/AppAuthCore.build/Objects-normal/x86_64/resource_bundle_accessor.o -index-unit-output-path /AppAuth.build/Debug-iphonesimulator/AppAuthCore.build/Objects-normal/x86_64/resource_bundle_accessor.o

CompileC /Users/siam/Library/Developer/Xcode/DerivedData/Lingua_Quest-gvpckrqxtbgyprbgppjfqmimmmfw/Build/Intermediates.noindex/AppCheck.build/Debug-iphonesimulator/AppCheckCore.build/Objects-normal/arm64/GACAppAttestArtifactStorage.o /Users/siam/Library/Developer/Xcode/DerivedData/Lingua_Quest-gvpckrqxtbgyprbgppjfqmimmmfw/SourcePackages/checkouts/app-check/AppCheckCore/Sources/AppAttestProvider/Storage/GACAppAttestArtifactStorage.m normal arm64 objective-c com.apple.compilers.llvm.clang.1_0.compiler (in target 'AppCheckCore' from project 'AppCheck')
    cd /Users/siam/Desktop/Lingua\ Quest/Lingua\ Quest.xcodeproj
    
    Using response file: /Users/siam/Library/Developer/Xcode/DerivedData/Lingua_Quest-gvpckrqxtbgyprbgppjfqmimmmfw/Build/Intermediates.noindex/AppCheck.build/Debug-iphonesimulator/AppCheckCore.build/Objects-normal/arm64/e6072d4f65d7061329687fe24e3d63a7-common-args.resp
    
    /Applications/Xcode.app/Contents/Developer/Toolchains/XcodeDefault.xctoolchain/usr/bin/clang -x objective-c -ivfsstatcache /Users/siam/Library/Developer/Xcode/DerivedData/SDKStatCaches.noindex/iphonesimulator26.0-23A339-26257891a6c027eb51374368541b8346.sdkstatcache -fmessage-length\=0 -fdiagnostics-show-note-include-stack -fmacro-backtrace-limit\=0 -fno-color-diagnostics -fmodules-prune-interval\=86400 -fmodules-prune-after\=345600 -fbuild-session-file\=/Users/siam/Library/Developer/Xcode/DerivedData/ModuleCache.noindex/Session.modulevalidation -fmodules-validate-once-per-build-session -Wnon-modular-include-in-framework-module -Werror\=non-modular-include-in-framework-module -Wno-trigraphs -Wno-missing-field-initializers -Wno-missing-prototypes -Wno-return-type -Wno-implicit-atomic-properties -Wno-objc-interface-ivars -Wno-arc-repeated-use-of-weak -Wno-missing-braces -Wparentheses -Wswitch -Wno-unused-function -Wno-unused-label -Wno-unused-parameter -Wno-unused-variable -Wunused-value -Wno-empty-body -Wno-uninitialized -Wno-unknown-pragmas -w -Wno-shadow -Wno-four-char-constants -Wno-conversion -Wno-constant-conversion -Wno-int-conversion -Wno-bool-conversion -Wno-enum-conversion -Wno-float-conversion -Wno-non-literal-null-conversion -Wno-objc-literal-conversion -Wshorten-64-to-32 -Wpointer-sign -Wno-newline-eof -Wno-selector -Wno-strict-selector-match -Wno-undeclared-selector -Wno-deprecated-implementations -Wno-implicit-fallthrough -fstrict-aliasing -Wprotocol -Wdeprecated-declarations -Wno-sign-conversion -Wno-infinite-recursion -Wno-comma -Wno-block-capture-autoreleasing -Wno-strict-prototypes -Wno-semicolon-before-method-body -index-store-path /Users/siam/Library/Developer/Xcode/DerivedData/Lingua_Quest-gvpckrqxtbgyprbgppjfqmimmmfw/Index.noindex/DataStore @/Users/siam/Library/Developer/Xcode/DerivedData/Lingua_Quest-gvpckrqxtbgyprbgppjfqmimmmfw/Build/Intermediates.noindex/AppCheck.build/Debug-iphonesimulator/AppCheckCore.build/Objects-normal/arm64/e6072d4f65d7061329687fe24e3d63a7-common-args.resp -MMD -MT dependencies -MF /Users/siam/Library/Developer/Xcode/DerivedData/Lingua_Quest-gvpckrqxtbgyprbgppjfqmimmmfw/Build/Intermediates.noindex/AppCheck.build/Debug-iphonesimulator/AppCheckCore.build/Objects-normal/arm64/GACAppAttestArtifactStorage.d --serialize-diagnostics /Users/siam/Library/Developer/Xcode/DerivedData/Lingua_Quest-gvpckrqxtbgyprbgppjfqmimmmfw/Build/Intermediates.noindex/AppCheck.build/Debug-iphonesimulator/AppCheckCore.build/Objects-normal/arm64/GACAppAttestArtifactStorage.dia -c /Users/siam/Library/Developer/Xcode/DerivedData/Lingua_Quest-gvpckrqxtbgyprbgppjfqmimmmfw/SourcePackages/checkouts/app-check/AppCheckCore/Sources/AppAttestProvider/Storage/GACAppAttestArtifactStorage.m -o /Users/siam/Library/Developer/Xcode/DerivedData/Lingua_Quest-gvpckrqxtbgyprbgppjfqmimmmfw/Build/Intermediates.noindex/AppCheck.build/Debug-iphonesimulator/AppCheckCore.build/Objects-normal/arm64/GACAppAttestArtifactStorage.o -index-unit-output-path /AppCheck.build/Debug-iphonesimulator/AppCheckCore.build/Objects-normal/arm64/GACAppAttestArtifactStorage.o

CompileC /Users/siam/Library/Developer/Xcode/DerivedData/Lingua_Quest-gvpckrqxtbgyprbgppjfqmimmmfw/Build/Intermediates.noindex/AppCheck.build/Debug-iphonesimulator/AppCheckCore.build/Objects-normal/arm64/DCDevice+GACDeviceCheckTokenGenerator.o /Users/siam/Library/Developer/Xcode/DerivedData/Lingua_Quest-gvpckrqxtbgyprbgppjfqmimmmfw/SourcePackages/checkouts/app-check/AppCheckCore/Sources/DeviceCheckProvider/DCDevice+GACDeviceCheckTokenGenerator.m normal arm64 objective-c com.apple.compilers.llvm.clang.1_0.compiler (in target 'AppCheckCore' from project 'AppCheck')
    cd /Users/siam/Desktop/Lingua\ Quest/Lingua\ Quest.xcodeproj
    
    Using response file: /Users/siam/Library/Developer/Xcode/DerivedData/Lingua_Quest-gvpckrqxtbgyprbgppjfqmimmmfw/Build/Intermediates.noindex/AppCheck.build/Debug-iphonesimulator/AppCheckCore.build/Objects-normal/arm64/e6072d4f65d7061329687fe24e3d63a7-common-args.resp
    
    /Applications/Xcode.app/Contents/Developer/Toolchains/XcodeDefault.xctoolchain/usr/bin/clang -x objective-c -ivfsstatcache /Users/siam/Library/Developer/Xcode/DerivedData/SDKStatCaches.noindex/iphonesimulator26.0-23A339-26257891a6c027eb51374368541b8346.sdkstatcache -fmessage-length\=0 -fdiagnostics-show-note-include-stack -fmacro-backtrace-limit\=0 -fno-color-diagnostics -fmodules-prune-interval\=86400 -fmodules-prune-after\=345600 -fbuild-session-file\=/Users/siam/Library/Developer/Xcode/DerivedData/ModuleCache.noindex/Session.modulevalidation -fmodules-validate-once-per-build-session -Wnon-modular-include-in-framework-module -Werror\=non-modular-include-in-framework-module -Wno-trigraphs -Wno-missing-field-initializers -Wno-missing-prototypes -Wno-return-type -Wno-implicit-atomic-properties -Wno-objc-interface-ivars -Wno-arc-repeated-use-of-weak -Wno-missing-braces -Wparentheses -Wswitch -Wno-unused-function -Wno-unused-label -Wno-unused-parameter -Wno-unused-variable -Wunused-value -Wno-empty-body -Wno-uninitialized -Wno-unknown-pragmas -w -Wno-shadow -Wno-four-char-constants -Wno-conversion -Wno-constant-conversion -Wno-int-conversion -Wno-bool-conversion -Wno-enum-conversion -Wno-float-conversion -Wno-non-literal-null-conversion -Wno-objc-literal-conversion -Wshorten-64-to-32 -Wpointer-sign -Wno-newline-eof -Wno-selector -Wno-strict-selector-match -Wno-undeclared-selector -Wno-deprecated-implementations -Wno-implicit-fallthrough -fstrict-aliasing -Wprotocol -Wdeprecated-declarations -Wno-sign-conversion -Wno-infinite-recursion -Wno-comma -Wno-block-capture-autoreleasing -Wno-strict-prototypes -Wno-semicolon-before-method-body -index-store-path /Users/siam/Library/Developer/Xcode/DerivedData/Lingua_Quest-gvpckrqxtbgyprbgppjfqmimmmfw/Index.noindex/DataStore @/Users/siam/Library/Developer/Xcode/DerivedData/Lingua_Quest-gvpckrqxtbgyprbgppjfqmimmmfw/Build/Intermediates.noindex/AppCheck.build/Debug-iphonesimulator/AppCheckCore.build/Objects-normal/arm64/e6072d4f65d7061329687fe24e3d63a7-common-args.resp -MMD -MT dependencies -MF /Users/siam/Library/Developer/Xcode/DerivedData/Lingua_Quest-gvpckrqxtbgyprbgppjfqmimmmfw/Build/Intermediates.noindex/AppCheck.build/Debug-iphonesimulator/AppCheckCore.build/Objects-normal/arm64/DCDevice+GACDeviceCheckTokenGenerator.d --serialize-diagnostics /Users/siam/Library/Developer/Xcode/DerivedData/Lingua_Quest-gvpckrqxtbgyprbgppjfqmimmmfw/Build/Intermediates.noindex/AppCheck.build/Debug-iphonesimulator/AppCheckCore.build/Objects-normal/arm64/DCDevice+GACDeviceCheckTokenGenerator.dia -c /Users/siam/Library/Developer/Xcode/DerivedData/Lingua_Quest-gvpckrqxtbgyprbgppjfqmimmmfw/SourcePackages/checkouts/app-check/AppCheckCore/Sources/DeviceCheckProvider/DCDevice+GACDeviceCheckTokenGenerator.m -o /Users/siam/Library/Developer/Xcode/DerivedData/Lingua_Quest-gvpckrqxtbgyprbgppjfqmimmmfw/Build/Intermediates.noindex/AppCheck.build/Debug-iphonesimulator/AppCheckCore.build/Objects-normal/arm64/DCDevice+GACDeviceCheckTokenGenerator.o -index-unit-output-path /AppCheck.build/Debug-iphonesimulator/AppCheckCore.build/Objects-normal/arm64/DCDevice+GACDeviceCheckTokenGenerator.o

CpResource /Users/siam/Library/Developer/Xcode/DerivedData/Lingua_Quest-gvpckrqxtbgyprbgppjfqmimmmfw/Build/Products/Debug-iphonesimulator/AppAuth_AppAuth.bundle/PrivacyInfo.xcprivacy /Users/siam/Library/Developer/Xcode/DerivedData/Lingua_Quest-gvpckrqxtbgyprbgppjfqmimmmfw/SourcePackages/checkouts/AppAuth-iOS/Sources/AppAuth/Resources/PrivacyInfo.xcprivacy (in target 'AppAuth_AppAuth' from project 'AppAuth')
    cd /Users/siam/Library/Developer/Xcode/DerivedData/Lingua_Quest-gvpckrqxtbgyprbgppjfqmimmmfw/SourcePackages/checkouts/AppAuth-iOS
    builtin-copy -exclude .DS_Store -exclude CVS -exclude .svn -exclude .git -exclude .hg -resolve-src-symlinks /Users/siam/Library/Developer/Xcode/DerivedData/Lingua_Quest-gvpckrqxtbgyprbgppjfqmimmmfw/SourcePackages/checkouts/AppAuth-iOS/Sources/AppAuth/Resources/PrivacyInfo.xcprivacy /Users/siam/Library/Developer/Xcode/DerivedData/Lingua_Quest-gvpckrqxtbgyprbgppjfqmimmmfw/Build/Products/Debug-iphonesimulator/AppAuth_AppAuth.bundle

ScanDependencies /Users/siam/Library/Developer/Xcode/DerivedData/Lingua_Quest-gvpckrqxtbgyprbgppjfqmimmmfw/Build/Intermediates.noindex/AppAuth.build/Debug-iphonesimulator/AppAuthCore.build/Objects-normal/x86_64/OIDURLSessionProvider.o /Users/siam/Library/Developer/Xcode/DerivedData/Lingua_Quest-gvpckrqxtbgyprbgppjfqmimmmfw/SourcePackages/checkouts/AppAuth-iOS/Sources/AppAuthCore/OIDURLSessionProvider.m normal x86_64 objective-c com.apple.compilers.llvm.clang.1_0.compiler (in target 'AppAuthCore' from project 'AppAuth')
    cd /Users/siam/Desktop/Lingua\ Quest/Lingua\ Quest.xcodeproj
    
    Using response file: /Users/siam/Library/Developer/Xcode/DerivedData/Lingua_Quest-gvpckrqxtbgyprbgppjfqmimmmfw/Build/Intermediates.noindex/AppAuth.build/Debug-iphonesimulator/AppAuthCore.build/Objects-normal/x86_64/e6072d4f65d7061329687fe24e3d63a7-common-args.resp
    
    builtin-ScanDependencies -o /Users/siam/Library/Developer/Xcode/DerivedData/Lingua_Quest-gvpckrqxtbgyprbgppjfqmimmmfw/Build/Intermediates.noindex/AppAuth.build/Debug-iphonesimulator/AppAuthCore.build/Objects-normal/x86_64/OIDURLSessionProvider.o.scan -- /Applications/Xcode.app/Contents/Developer/Toolchains/XcodeDefault.xctoolchain/usr/bin/clang -x objective-c -ivfsstatcache /Users/siam/Library/Developer/Xcode/DerivedData/SDKStatCaches.noindex/iphonesimulator26.0-23A339-26257891a6c027eb51374368541b8346.sdkstatcache -fmessage-length\=0 -fdiagnostics-show-note-include-stack -fmacro-backtrace-limit\=0 -fno-color-diagnostics -fmodules-prune-interval\=86400 -fmodules-prune-after\=345600 -fbuild-session-file\=/Users/siam/Library/Developer/Xcode/DerivedData/ModuleCache.noindex/Session.modulevalidation -fmodules-validate-once-per-build-session -Wnon-modular-include-in-framework-module -Werror\=non-modular-include-in-framework-module -Wno-trigraphs -Wno-missing-field-initializers -Wno-missing-prototypes -Wno-return-type -Wno-implicit-atomic-properties -Wno-objc-interface-ivars -Wno-arc-repeated-use-of-weak -Wno-missing-braces -Wparentheses -Wswitch -Wno-unused-function -Wno-unused-label -Wno-unused-parameter -Wno-unused-variable -Wunused-value -Wno-empty-body -Wno-uninitialized -Wno-unknown-pragmas -w -Wno-shadow -Wno-four-char-constants -Wno-conversion -Wno-constant-conversion -Wno-int-conversion -Wno-bool-conversion -Wno-enum-conversion -Wno-float-conversion -Wno-non-literal-null-conversion -Wno-objc-literal-conversion -Wshorten-64-to-32 -Wpointer-sign -Wno-newline-eof -Wno-selector -Wno-strict-selector-match -Wno-undeclared-selector -Wno-deprecated-implementations -Wno-implicit-fallthrough -fstrict-aliasing -Wprotocol -Wdeprecated-declarations -Wno-sign-conversion -Wno-infinite-recursion -Wno-comma -Wno-block-capture-autoreleasing -Wno-strict-prototypes -Wno-semicolon-before-method-body -index-store-path /Users/siam/Library/Developer/Xcode/DerivedData/Lingua_Quest-gvpckrqxtbgyprbgppjfqmimmmfw/Index.noindex/DataStore @/Users/siam/Library/Developer/Xcode/DerivedData/Lingua_Quest-gvpckrqxtbgyprbgppjfqmimmmfw/Build/Intermediates.noindex/AppAuth.build/Debug-iphonesimulator/AppAuthCore.build/Objects-normal/x86_64/e6072d4f65d7061329687fe24e3d63a7-common-args.resp -include /Users/siam/Library/Developer/Xcode/DerivedData/Lingua_Quest-gvpckrqxtbgyprbgppjfqmimmmfw/Build/Intermediates.noindex/AppAuth.build/Debug-iphonesimulator/AppAuthCore.build/DerivedSources/resource_bundle_accessor.h -MMD -MT dependencies -MF /Users/siam/Library/Developer/Xcode/DerivedData/Lingua_Quest-gvpckrqxtbgyprbgppjfqmimmmfw/Build/Intermediates.noindex/AppAuth.build/Debug-iphonesimulator/AppAuthCore.build/Objects-normal/x86_64/OIDURLSessionProvider.d --serialize-diagnostics /Users/siam/Library/Developer/Xcode/DerivedData/Lingua_Quest-gvpckrqxtbgyprbgppjfqmimmmfw/Build/Intermediates.noindex/AppAuth.build/Debug-iphonesimulator/AppAuthCore.build/Objects-normal/x86_64/OIDURLSessionProvider.dia -c /Users/siam/Library/Developer/Xcode/DerivedData/Lingua_Quest-gvpckrqxtbgyprbgppjfqmimmmfw/SourcePackages/checkouts/AppAuth-iOS/Sources/AppAuthCore/OIDURLSessionProvider.m -o /Users/siam/Library/Developer/Xcode/DerivedData/Lingua_Quest-gvpckrqxtbgyprbgppjfqmimmmfw/Build/Intermediates.noindex/AppAuth.build/Debug-iphonesimulator/AppAuthCore.build/Objects-normal/x86_64/OIDURLSessionProvider.o -index-unit-output-path /AppAuth.build/Debug-iphonesimulator/AppAuthCore.build/Objects-normal/x86_64/OIDURLSessionProvider.o

ScanDependencies /Users/siam/Library/Developer/Xcode/DerivedData/Lingua_Quest-gvpckrqxtbgyprbgppjfqmimmmfw/Build/Intermediates.noindex/AppAuth.build/Debug-iphonesimulator/AppAuthCore.build/Objects-normal/x86_64/OIDURLQueryComponent.o /Users/siam/Library/Developer/Xcode/DerivedData/Lingua_Quest-gvpckrqxtbgyprbgppjfqmimmmfw/SourcePackages/checkouts/AppAuth-iOS/Sources/AppAuthCore/OIDURLQueryComponent.m normal x86_64 objective-c com.apple.compilers.llvm.clang.1_0.compiler (in target 'AppAuthCore' from project 'AppAuth')
    cd /Users/siam/Desktop/Lingua\ Quest/Lingua\ Quest.xcodeproj
    
    Using response file: /Users/siam/Library/Developer/Xcode/DerivedData/Lingua_Quest-gvpckrqxtbgyprbgppjfqmimmmfw/Build/Intermediates.noindex/AppAuth.build/Debug-iphonesimulator/AppAuthCore.build/Objects-normal/x86_64/e6072d4f65d7061329687fe24e3d63a7-common-args.resp
    
    builtin-ScanDependencies -o /Users/siam/Library/Developer/Xcode/DerivedData/Lingua_Quest-gvpckrqxtbgyprbgppjfqmimmmfw/Build/Intermediates.noindex/AppAuth.build/Debug-iphonesimulator/AppAuthCore.build/Objects-normal/x86_64/OIDURLQueryComponent.o.scan -- /Applications/Xcode.app/Contents/Developer/Toolchains/XcodeDefault.xctoolchain/usr/bin/clang -x objective-c -ivfsstatcache /Users/siam/Library/Developer/Xcode/DerivedData/SDKStatCaches.noindex/iphonesimulator26.0-23A339-26257891a6c027eb51374368541b8346.sdkstatcache -fmessage-length\=0 -fdiagnostics-show-note-include-stack -fmacro-backtrace-limit\=0 -fno-color-diagnostics -fmodules-prune-interval\=86400 -fmodules-prune-after\=345600 -fbuild-session-file\=/Users/siam/Library/Developer/Xcode/DerivedData/ModuleCache.noindex/Session.modulevalidation -fmodules-validate-once-per-build-session -Wnon-modular-include-in-framework-module -Werror\=non-modular-include-in-framework-module -Wno-trigraphs -Wno-missing-field-initializers -Wno-missing-prototypes -Wno-return-type -Wno-implicit-atomic-properties -Wno-objc-interface-ivars -Wno-arc-repeated-use-of-weak -Wno-missing-braces -Wparentheses -Wswitch -Wno-unused-function -Wno-unused-label -Wno-unused-parameter -Wno-unused-variable -Wunused-value -Wno-empty-body -Wno-uninitialized -Wno-unknown-pragmas -w -Wno-shadow -Wno-four-char-constants -Wno-conversion -Wno-constant-conversion -Wno-int-conversion -Wno-bool-conversion -Wno-enum-conversion -Wno-float-conversion -Wno-non-literal-null-conversion -Wno-objc-literal-conversion -Wshorten-64-to-32 -Wpointer-sign -Wno-newline-eof -Wno-selector -Wno-strict-selector-match -Wno-undeclared-selector -Wno-deprecated-implementations -Wno-implicit-fallthrough -fstrict-aliasing -Wprotocol -Wdeprecated-declarations -Wno-sign-conversion -Wno-infinite-recursion -Wno-comma -Wno-block-capture-autoreleasing -Wno-strict-prototypes -Wno-semicolon-before-method-body -index-store-path /Users/siam/Library/Developer/Xcode/DerivedData/Lingua_Quest-gvpckrqxtbgyprbgppjfqmimmmfw/Index.noindex/DataStore @/Users/siam/Library/Developer/Xcode/DerivedData/Lingua_Quest-gvpckrqxtbgyprbgppjfqmimmmfw/Build/Intermediates.noindex/AppAuth.build/Debug-iphonesimulator/AppAuthCore.build/Objects-normal/x86_64/e6072d4f65d7061329687fe24e3d63a7-common-args.resp -include /Users/siam/Library/Developer/Xcode/DerivedData/Lingua_Quest-gvpckrqxtbgyprbgppjfqmimmmfw/Build/Intermediates.noindex/AppAuth.build/Debug-iphonesimulator/AppAuthCore.build/DerivedSources/resource_bundle_accessor.h -MMD -MT dependencies -MF /Users/siam/Library/Developer/Xcode/DerivedData/Lingua_Quest-gvpckrqxtbgyprbgppjfqmimmmfw/Build/Intermediates.noindex/AppAuth.build/Debug-iphonesimulator/AppAuthCore.build/Objects-normal/x86_64/OIDURLQueryComponent.d --serialize-diagnostics /Users/siam/Library/Developer/Xcode/DerivedData/Lingua_Quest-gvpckrqxtbgyprbgppjfqmimmmfw/Build/Intermediates.noindex/AppAuth.build/Debug-iphonesimulator/AppAuthCore.build/Objects-normal/x86_64/OIDURLQueryComponent.dia -c /Users/siam/Library/Developer/Xcode/DerivedData/Lingua_Quest-gvpckrqxtbgyprbgppjfqmimmmfw/SourcePackages/checkouts/AppAuth-iOS/Sources/AppAuthCore/OIDURLQueryComponent.m -o /Users/siam/Library/Developer/Xcode/DerivedData/Lingua_Quest-gvpckrqxtbgyprbgppjfqmimmmfw/Build/Intermediates.noindex/AppAuth.build/Debug-iphonesimulator/AppAuthCore.build/Objects-normal/x86_64/OIDURLQueryComponent.o -index-unit-output-path /AppAuth.build/Debug-iphonesimulator/AppAuthCore.build/Objects-normal/x86_64/OIDURLQueryComponent.o

CompileC /Users/siam/Library/Developer/Xcode/DerivedData/Lingua_Quest-gvpckrqxtbgyprbgppjfqmimmmfw/Build/Intermediates.noindex/AppCheck.build/Debug-iphonesimulator/AppCheckCore.build/Objects-normal/arm64/DCAppAttestService+GACAppAttestService.o /Users/siam/Library/Developer/Xcode/DerivedData/Lingua_Quest-gvpckrqxtbgyprbgppjfqmimmmfw/SourcePackages/checkouts/app-check/AppCheckCore/Sources/AppAttestProvider/DCAppAttestService+GACAppAttestService.m normal arm64 objective-c com.apple.compilers.llvm.clang.1_0.compiler (in target 'AppCheckCore' from project 'AppCheck')
    cd /Users/siam/Desktop/Lingua\ Quest/Lingua\ Quest.xcodeproj
    
    Using response file: /Users/siam/Library/Developer/Xcode/DerivedData/Lingua_Quest-gvpckrqxtbgyprbgppjfqmimmmfw/Build/Intermediates.noindex/AppCheck.build/Debug-iphonesimulator/AppCheckCore.build/Objects-normal/arm64/e6072d4f65d7061329687fe24e3d63a7-common-args.resp
    
    /Applications/Xcode.app/Contents/Developer/Toolchains/XcodeDefault.xctoolchain/usr/bin/clang -x objective-c -ivfsstatcache /Users/siam/Library/Developer/Xcode/DerivedData/SDKStatCaches.noindex/iphonesimulator26.0-23A339-26257891a6c027eb51374368541b8346.sdkstatcache -fmessage-length\=0 -fdiagnostics-show-note-include-stack -fmacro-backtrace-limit\=0 -fno-color-diagnostics -fmodules-prune-interval\=86400 -fmodules-prune-after\=345600 -fbuild-session-file\=/Users/siam/Library/Developer/Xcode/DerivedData/ModuleCache.noindex/Session.modulevalidation -fmodules-validate-once-per-build-session -Wnon-modular-include-in-framework-module -Werror\=non-modular-include-in-framework-module -Wno-trigraphs -Wno-missing-field-initializers -Wno-missing-prototypes -Wno-return-type -Wno-implicit-atomic-properties -Wno-objc-interface-ivars -Wno-arc-repeated-use-of-weak -Wno-missing-braces -Wparentheses -Wswitch -Wno-unused-function -Wno-unused-label -Wno-unused-parameter -Wno-unused-variable -Wunused-value -Wno-empty-body -Wno-uninitialized -Wno-unknown-pragmas -w -Wno-shadow -Wno-four-char-constants -Wno-conversion -Wno-constant-conversion -Wno-int-conversion -Wno-bool-conversion -Wno-enum-conversion -Wno-float-conversion -Wno-non-literal-null-conversion -Wno-objc-literal-conversion -Wshorten-64-to-32 -Wpointer-sign -Wno-newline-eof -Wno-selector -Wno-strict-selector-match -Wno-undeclared-selector -Wno-deprecated-implementations -Wno-implicit-fallthrough -fstrict-aliasing -Wprotocol -Wdeprecated-declarations -Wno-sign-conversion -Wno-infinite-recursion -Wno-comma -Wno-block-capture-autoreleasing -Wno-strict-prototypes -Wno-semicolon-before-method-body -index-store-path /Users/siam/Library/Developer/Xcode/DerivedData/Lingua_Quest-gvpckrqxtbgyprbgppjfqmimmmfw/Index.noindex/DataStore @/Users/siam/Library/Developer/Xcode/DerivedData/Lingua_Quest-gvpckrqxtbgyprbgppjfqmimmmfw/Build/Intermediates.noindex/AppCheck.build/Debug-iphonesimulator/AppCheckCore.build/Objects-normal/arm64/e6072d4f65d7061329687fe24e3d63a7-common-args.resp -MMD -MT dependencies -MF /Users/siam/Library/Developer/Xcode/DerivedData/Lingua_Quest-gvpckrqxtbgyprbgppjfqmimmmfw/Build/Intermediates.noindex/AppCheck.build/Debug-iphonesimulator/AppCheckCore.build/Objects-normal/arm64/DCAppAttestService+GACAppAttestService.d --serialize-diagnostics /Users/siam/Library/Developer/Xcode/DerivedData/Lingua_Quest-gvpckrqxtbgyprbgppjfqmimmmfw/Build/Intermediates.noindex/AppCheck.build/Debug-iphonesimulator/AppCheckCore.build/Objects-normal/arm64/DCAppAttestService+GACAppAttestService.dia -c /Users/siam/Library/Developer/Xcode/DerivedData/Lingua_Quest-gvpckrqxtbgyprbgppjfqmimmmfw/SourcePackages/checkouts/app-check/AppCheckCore/Sources/AppAttestProvider/DCAppAttestService+GACAppAttestService.m -o /Users/siam/Library/Developer/Xcode/DerivedData/Lingua_Quest-gvpckrqxtbgyprbgppjfqmimmmfw/Build/Intermediates.noindex/AppCheck.build/Debug-iphonesimulator/AppCheckCore.build/Objects-normal/arm64/DCAppAttestService+GACAppAttestService.o -index-unit-output-path /AppCheck.build/Debug-iphonesimulator/AppCheckCore.build/Objects-normal/arm64/DCAppAttestService+GACAppAttestService.o

ScanDependencies /Users/siam/Library/Developer/Xcode/DerivedData/Lingua_Quest-gvpckrqxtbgyprbgppjfqmimmmfw/Build/Intermediates.noindex/AppAuth.build/Debug-iphonesimulator/AppAuthCore.build/Objects-normal/x86_64/OIDTokenUtilities.o /Users/siam/Library/Developer/Xcode/DerivedData/Lingua_Quest-gvpckrqxtbgyprbgppjfqmimmmfw/SourcePackages/checkouts/AppAuth-iOS/Sources/AppAuthCore/OIDTokenUtilities.m normal x86_64 objective-c com.apple.compilers.llvm.clang.1_0.compiler (in target 'AppAuthCore' from project 'AppAuth')
    cd /Users/siam/Desktop/Lingua\ Quest/Lingua\ Quest.xcodeproj
    
    Using response file: /Users/siam/Library/Developer/Xcode/DerivedData/Lingua_Quest-gvpckrqxtbgyprbgppjfqmimmmfw/Build/Intermediates.noindex/AppAuth.build/Debug-iphonesimulator/AppAuthCore.build/Objects-normal/x86_64/e6072d4f65d7061329687fe24e3d63a7-common-args.resp
    
    builtin-ScanDependencies -o /Users/siam/Library/Developer/Xcode/DerivedData/Lingua_Quest-gvpckrqxtbgyprbgppjfqmimmmfw/Build/Intermediates.noindex/AppAuth.build/Debug-iphonesimulator/AppAuthCore.build/Objects-normal/x86_64/OIDTokenUtilities.o.scan -- /Applications/Xcode.app/Contents/Developer/Toolchains/XcodeDefault.xctoolchain/usr/bin/clang -x objective-c -ivfsstatcache /Users/siam/Library/Developer/Xcode/DerivedData/SDKStatCaches.noindex/iphonesimulator26.0-23A339-26257891a6c027eb51374368541b8346.sdkstatcache -fmessage-length\=0 -fdiagnostics-show-note-include-stack -fmacro-backtrace-limit\=0 -fno-color-diagnostics -fmodules-prune-interval\=86400 -fmodules-prune-after\=345600 -fbuild-session-file\=/Users/siam/Library/Developer/Xcode/DerivedData/ModuleCache.noindex/Session.modulevalidation -fmodules-validate-once-per-build-session -Wnon-modular-include-in-framework-module -Werror\=non-modular-include-in-framework-module -Wno-trigraphs -Wno-missing-field-initializers -Wno-missing-prototypes -Wno-return-type -Wno-implicit-atomic-properties -Wno-objc-interface-ivars -Wno-arc-repeated-use-of-weak -Wno-missing-braces -Wparentheses -Wswitch -Wno-unused-function -Wno-unused-label -Wno-unused-parameter -Wno-unused-variable -Wunused-value -Wno-empty-body -Wno-uninitialized -Wno-unknown-pragmas -w -Wno-shadow -Wno-four-char-constants -Wno-conversion -Wno-constant-conversion -Wno-int-conversion -Wno-bool-conversion -Wno-enum-conversion -Wno-float-conversion -Wno-non-literal-null-conversion -Wno-objc-literal-conversion -Wshorten-64-to-32 -Wpointer-sign -Wno-newline-eof -Wno-selector -Wno-strict-selector-match -Wno-undeclared-selector -Wno-deprecated-implementations -Wno-implicit-fallthrough -fstrict-aliasing -Wprotocol -Wdeprecated-declarations -Wno-sign-conversion -Wno-infinite-recursion -Wno-comma -Wno-block-capture-autoreleasing -Wno-strict-prototypes -Wno-semicolon-before-method-body -index-store-path /Users/siam/Library/Developer/Xcode/DerivedData/Lingua_Quest-gvpckrqxtbgyprbgppjfqmimmmfw/Index.noindex/DataStore @/Users/siam/Library/Developer/Xcode/DerivedData/Lingua_Quest-gvpckrqxtbgyprbgppjfqmimmmfw/Build/Intermediates.noindex/AppAuth.build/Debug-iphonesimulator/AppAuthCore.build/Objects-normal/x86_64/e6072d4f65d7061329687fe24e3d63a7-common-args.resp -include /Users/siam/Library/Developer/Xcode/DerivedData/Lingua_Quest-gvpckrqxtbgyprbgppjfqmimmmfw/Build/Intermediates.noindex/AppAuth.build/Debug-iphonesimulator/AppAuthCore.build/DerivedSources/resource_bundle_accessor.h -MMD -MT dependencies -MF /Users/siam/Library/Developer/Xcode/DerivedData/Lingua_Quest-gvpckrqxtbgyprbgppjfqmimmmfw/Build/Intermediates.noindex/AppAuth.build/Debug-iphonesimulator/AppAuthCore.build/Objects-normal/x86_64/OIDTokenUtilities.d --serialize-diagnostics /Users/siam/Library/Developer/Xcode/DerivedData/Lingua_Quest-gvpckrqxtbgyprbgppjfqmimmmfw/Build/Intermediates.noindex/AppAuth.build/Debug-iphonesimulator/AppAuthCore.build/Objects-normal/x86_64/OIDTokenUtilities.dia -c /Users/siam/Library/Developer/Xcode/DerivedData/Lingua_Quest-gvpckrqxtbgyprbgppjfqmimmmfw/SourcePackages/checkouts/AppAuth-iOS/Sources/AppAuthCore/OIDTokenUtilities.m -o /Users/siam/Library/Developer/Xcode/DerivedData/Lingua_Quest-gvpckrqxtbgyprbgppjfqmimmmfw/Build/Intermediates.noindex/AppAuth.build/Debug-iphonesimulator/AppAuthCore.build/Objects-normal/x86_64/OIDTokenUtilities.o -index-unit-output-path /AppAuth.build/Debug-iphonesimulator/AppAuthCore.build/Objects-normal/x86_64/OIDTokenUtilities.o

CompileC /Users/siam/Library/Developer/Xcode/DerivedData/Lingua_Quest-gvpckrqxtbgyprbgppjfqmimmmfw/Build/Intermediates.noindex/AppAuth.build/Debug-iphonesimulator/AppAuthCore.build/Objects-normal/x86_64/resource_bundle_accessor.o /Users/siam/Library/Developer/Xcode/DerivedData/Lingua_Quest-gvpckrqxtbgyprbgppjfqmimmmfw/Build/Intermediates.noindex/AppAuth.build/Debug-iphonesimulator/AppAuthCore.build/DerivedSources/resource_bundle_accessor.m normal x86_64 objective-c com.apple.compilers.llvm.clang.1_0.compiler (in target 'AppAuthCore' from project 'AppAuth')
    cd /Users/siam/Desktop/Lingua\ Quest/Lingua\ Quest.xcodeproj
    
    Using response file: /Users/siam/Library/Developer/Xcode/DerivedData/Lingua_Quest-gvpckrqxtbgyprbgppjfqmimmmfw/Build/Intermediates.noindex/AppAuth.build/Debug-iphonesimulator/AppAuthCore.build/Objects-normal/x86_64/e6072d4f65d7061329687fe24e3d63a7-common-args.resp
    
    /Applications/Xcode.app/Contents/Developer/Toolchains/XcodeDefault.xctoolchain/usr/bin/clang -x objective-c -ivfsstatcache /Users/siam/Library/Developer/Xcode/DerivedData/SDKStatCaches.noindex/iphonesimulator26.0-23A339-26257891a6c027eb51374368541b8346.sdkstatcache -fmessage-length\=0 -fdiagnostics-show-note-include-stack -fmacro-backtrace-limit\=0 -fno-color-diagnostics -fmodules-prune-interval\=86400 -fmodules-prune-after\=345600 -fbuild-session-file\=/Users/siam/Library/Developer/Xcode/DerivedData/ModuleCache.noindex/Session.modulevalidation -fmodules-validate-once-per-build-session -Wnon-modular-include-in-framework-module -Werror\=non-modular-include-in-framework-module -Wno-trigraphs -Wno-missing-field-initializers -Wno-missing-prototypes -Wno-return-type -Wno-implicit-atomic-properties -Wno-objc-interface-ivars -Wno-arc-repeated-use-of-weak -Wno-missing-braces -Wparentheses -Wswitch -Wno-unused-function -Wno-unused-label -Wno-unused-parameter -Wno-unused-variable -Wunused-value -Wno-empty-body -Wno-uninitialized -Wno-unknown-pragmas -w -Wno-shadow -Wno-four-char-constants -Wno-conversion -Wno-constant-conversion -Wno-int-conversion -Wno-bool-conversion -Wno-enum-conversion -Wno-float-conversion -Wno-non-literal-null-conversion -Wno-objc-literal-conversion -Wshorten-64-to-32 -Wpointer-sign -Wno-newline-eof -Wno-selector -Wno-strict-selector-match -Wno-undeclared-selector -Wno-deprecated-implementations -Wno-implicit-fallthrough -fstrict-aliasing -Wprotocol -Wdeprecated-declarations -Wno-sign-conversion -Wno-infinite-recursion -Wno-comma -Wno-block-capture-autoreleasing -Wno-strict-prototypes -Wno-semicolon-before-method-body -index-store-path /Users/siam/Library/Developer/Xcode/DerivedData/Lingua_Quest-gvpckrqxtbgyprbgppjfqmimmmfw/Index.noindex/DataStore @/Users/siam/Library/Developer/Xcode/DerivedData/Lingua_Quest-gvpckrqxtbgyprbgppjfqmimmmfw/Build/Intermediates.noindex/AppAuth.build/Debug-iphonesimulator/AppAuthCore.build/Objects-normal/x86_64/e6072d4f65d7061329687fe24e3d63a7-common-args.resp -include /Users/siam/Library/Developer/Xcode/DerivedData/Lingua_Quest-gvpckrqxtbgyprbgppjfqmimmmfw/Build/Intermediates.noindex/AppAuth.build/Debug-iphonesimulator/AppAuthCore.build/DerivedSources/resource_bundle_accessor.h -MMD -MT dependencies -MF /Users/siam/Library/Developer/Xcode/DerivedData/Lingua_Quest-gvpckrqxtbgyprbgppjfqmimmmfw/Build/Intermediates.noindex/AppAuth.build/Debug-iphonesimulator/AppAuthCore.build/Objects-normal/x86_64/resource_bundle_accessor.d --serialize-diagnostics /Users/siam/Library/Developer/Xcode/DerivedData/Lingua_Quest-gvpckrqxtbgyprbgppjfqmimmmfw/Build/Intermediates.noindex/AppAuth.build/Debug-iphonesimulator/AppAuthCore.build/Objects-normal/x86_64/resource_bundle_accessor.dia -c /Users/siam/Library/Developer/Xcode/DerivedData/Lingua_Quest-gvpckrqxtbgyprbgppjfqmimmmfw/Build/Intermediates.noindex/AppAuth.build/Debug-iphonesimulator/AppAuthCore.build/DerivedSources/resource_bundle_accessor.m -o /Users/siam/Library/Developer/Xcode/DerivedData/Lingua_Quest-gvpckrqxtbgyprbgppjfqmimmmfw/Build/Intermediates.noindex/AppAuth.build/Debug-iphonesimulator/AppAuthCore.build/Objects-normal/x86_64/resource_bundle_accessor.o -index-unit-output-path /AppAuth.build/Debug-iphonesimulator/AppAuthCore.build/Objects-normal/x86_64/resource_bundle_accessor.o

ScanDependencies /Users/siam/Library/Developer/Xcode/DerivedData/Lingua_Quest-gvpckrqxtbgyprbgppjfqmimmmfw/Build/Intermediates.noindex/AppAuth.build/Debug-iphonesimulator/AppAuthCore.build/Objects-normal/x86_64/OIDTokenResponse.o /Users/siam/Library/Developer/Xcode/DerivedData/Lingua_Quest-gvpckrqxtbgyprbgppjfqmimmmfw/SourcePackages/checkouts/AppAuth-iOS/Sources/AppAuthCore/OIDTokenResponse.m normal x86_64 objective-c com.apple.compilers.llvm.clang.1_0.compiler (in target 'AppAuthCore' from project 'AppAuth')
    cd /Users/siam/Desktop/Lingua\ Quest/Lingua\ Quest.xcodeproj
    
    Using response file: /Users/siam/Library/Developer/Xcode/DerivedData/Lingua_Quest-gvpckrqxtbgyprbgppjfqmimmmfw/Build/Intermediates.noindex/AppAuth.build/Debug-iphonesimulator/AppAuthCore.build/Objects-normal/x86_64/e6072d4f65d7061329687fe24e3d63a7-common-args.resp
    
    builtin-ScanDependencies -o /Users/siam/Library/Developer/Xcode/DerivedData/Lingua_Quest-gvpckrqxtbgyprbgppjfqmimmmfw/Build/Intermediates.noindex/AppAuth.build/Debug-iphonesimulator/AppAuthCore.build/Objects-normal/x86_64/OIDTokenResponse.o.scan -- /Applications/Xcode.app/Contents/Developer/Toolchains/XcodeDefault.xctoolchain/usr/bin/clang -x objective-c -ivfsstatcache /Users/siam/Library/Developer/Xcode/DerivedData/SDKStatCaches.noindex/iphonesimulator26.0-23A339-26257891a6c027eb51374368541b8346.sdkstatcache -fmessage-length\=0 -fdiagnostics-show-note-include-stack -fmacro-backtrace-limit\=0 -fno-color-diagnostics -fmodules-prune-interval\=86400 -fmodules-prune-after\=345600 -fbuild-session-file\=/Users/siam/Library/Developer/Xcode/DerivedData/ModuleCache.noindex/Session.modulevalidation -fmodules-validate-once-per-build-session -Wnon-modular-include-in-framework-module -Werror\=non-modular-include-in-framework-module -Wno-trigraphs -Wno-missing-field-initializers -Wno-missing-prototypes -Wno-return-type -Wno-implicit-atomic-properties -Wno-objc-interface-ivars -Wno-arc-repeated-use-of-weak -Wno-missing-braces -Wparentheses -Wswitch -Wno-unused-function -Wno-unused-label -Wno-unused-parameter -Wno-unused-variable -Wunused-value -Wno-empty-body -Wno-uninitialized -Wno-unknown-pragmas -w -Wno-shadow -Wno-four-char-constants -Wno-conversion -Wno-constant-conversion -Wno-int-conversion -Wno-bool-conversion -Wno-enum-conversion -Wno-float-conversion -Wno-non-literal-null-conversion -Wno-objc-literal-conversion -Wshorten-64-to-32 -Wpointer-sign -Wno-newline-eof -Wno-selector -Wno-strict-selector-match -Wno-undeclared-selector -Wno-deprecated-implementations -Wno-implicit-fallthrough -fstrict-aliasing -Wprotocol -Wdeprecated-declarations -Wno-sign-conversion -Wno-infinite-recursion -Wno-comma -Wno-block-capture-autoreleasing -Wno-strict-prototypes -Wno-semicolon-before-method-body -index-store-path /Users/siam/Library/Developer/Xcode/DerivedData/Lingua_Quest-gvpckrqxtbgyprbgppjfqmimmmfw/Index.noindex/DataStore @/Users/siam/Library/Developer/Xcode/DerivedData/Lingua_Quest-gvpckrqxtbgyprbgppjfqmimmmfw/Build/Intermediates.noindex/AppAuth.build/Debug-iphonesimulator/AppAuthCore.build/Objects-normal/x86_64/e6072d4f65d7061329687fe24e3d63a7-common-args.resp -include /Users/siam/Library/Developer/Xcode/DerivedData/Lingua_Quest-gvpckrqxtbgyprbgppjfqmimmmfw/Build/Intermediates.noindex/AppAuth.build/Debug-iphonesimulator/AppAuthCore.build/DerivedSources/resource_bundle_accessor.h -MMD -MT dependencies -MF /Users/siam/Library/Developer/Xcode/DerivedData/Lingua_Quest-gvpckrqxtbgyprbgppjfqmimmmfw/Build/Intermediates.noindex/AppAuth.build/Debug-iphonesimulator/AppAuthCore.build/Objects-normal/x86_64/OIDTokenResponse.d --serialize-diagnostics /Users/siam/Library/Developer/Xcode/DerivedData/Lingua_Quest-gvpckrqxtbgyprbgppjfqmimmmfw/Build/Intermediates.noindex/AppAuth.build/Debug-iphonesimulator/AppAuthCore.build/Objects-normal/x86_64/OIDTokenResponse.dia -c /Users/siam/Library/Developer/Xcode/DerivedData/Lingua_Quest-gvpckrqxtbgyprbgppjfqmimmmfw/SourcePackages/checkouts/AppAuth-iOS/Sources/AppAuthCore/OIDTokenResponse.m -o /Users/siam/Library/Developer/Xcode/DerivedData/Lingua_Quest-gvpckrqxtbgyprbgppjfqmimmmfw/Build/Intermediates.noindex/AppAuth.build/Debug-iphonesimulator/AppAuthCore.build/Objects-normal/x86_64/OIDTokenResponse.o -index-unit-output-path /AppAuth.build/Debug-iphonesimulator/AppAuthCore.build/Objects-normal/x86_64/OIDTokenResponse.o

ScanDependencies /Users/siam/Library/Developer/Xcode/DerivedData/Lingua_Quest-gvpckrqxtbgyprbgppjfqmimmmfw/Build/Intermediates.noindex/AppAuth.build/Debug-iphonesimulator/AppAuthCore.build/Objects-normal/x86_64/OIDTokenRequest.o /Users/siam/Library/Developer/Xcode/DerivedData/Lingua_Quest-gvpckrqxtbgyprbgppjfqmimmmfw/SourcePackages/checkouts/AppAuth-iOS/Sources/AppAuthCore/OIDTokenRequest.m normal x86_64 objective-c com.apple.compilers.llvm.clang.1_0.compiler (in target 'AppAuthCore' from project 'AppAuth')
    cd /Users/siam/Desktop/Lingua\ Quest/Lingua\ Quest.xcodeproj
    
    Using response file: /Users/siam/Library/Developer/Xcode/DerivedData/Lingua_Quest-gvpckrqxtbgyprbgppjfqmimmmfw/Build/Intermediates.noindex/AppAuth.build/Debug-iphonesimulator/AppAuthCore.build/Objects-normal/x86_64/e6072d4f65d7061329687fe24e3d63a7-common-args.resp
    
    builtin-ScanDependencies -o /Users/siam/Library/Developer/Xcode/DerivedData/Lingua_Quest-gvpckrqxtbgyprbgppjfqmimmmfw/Build/Intermediates.noindex/AppAuth.build/Debug-iphonesimulator/AppAuthCore.build/Objects-normal/x86_64/OIDTokenRequest.o.scan -- /Applications/Xcode.app/Contents/Developer/Toolchains/XcodeDefault.xctoolchain/usr/bin/clang -x objective-c -ivfsstatcache /Users/siam/Library/Developer/Xcode/DerivedData/SDKStatCaches.noindex/iphonesimulator26.0-23A339-26257891a6c027eb51374368541b8346.sdkstatcache -fmessage-length\=0 -fdiagnostics-show-note-include-stack -fmacro-backtrace-limit\=0 -fno-color-diagnostics -fmodules-prune-interval\=86400 -fmodules-prune-after\=345600 -fbuild-session-file\=/Users/siam/Library/Developer/Xcode/DerivedData/ModuleCache.noindex/Session.modulevalidation -fmodules-validate-once-per-build-session -Wnon-modular-include-in-framework-module -Werror\=non-modular-include-in-framework-module -Wno-trigraphs -Wno-missing-field-initializers -Wno-missing-prototypes -Wno-return-type -Wno-implicit-atomic-properties -Wno-objc-interface-ivars -Wno-arc-repeated-use-of-weak -Wno-missing-braces -Wparentheses -Wswitch -Wno-unused-function -Wno-unused-label -Wno-unused-parameter -Wno-unused-variable -Wunused-value -Wno-empty-body -Wno-uninitialized -Wno-unknown-pragmas -w -Wno-shadow -Wno-four-char-constants -Wno-conversion -Wno-constant-conversion -Wno-int-conversion -Wno-bool-conversion -Wno-enum-conversion -Wno-float-conversion -Wno-non-literal-null-conversion -Wno-objc-literal-conversion -Wshorten-64-to-32 -Wpointer-sign -Wno-newline-eof -Wno-selector -Wno-strict-selector-match -Wno-undeclared-selector -Wno-deprecated-implementations -Wno-implicit-fallthrough -fstrict-aliasing -Wprotocol -Wdeprecated-declarations -Wno-sign-conversion -Wno-infinite-recursion -Wno-comma -Wno-block-capture-autoreleasing -Wno-strict-prototypes -Wno-semicolon-before-method-body -index-store-path /Users/siam/Library/Developer/Xcode/DerivedData/Lingua_Quest-gvpckrqxtbgyprbgppjfqmimmmfw/Index.noindex/DataStore @/Users/siam/Library/Developer/Xcode/DerivedData/Lingua_Quest-gvpckrqxtbgyprbgppjfqmimmmfw/Build/Intermediates.noindex/AppAuth.build/Debug-iphonesimulator/AppAuthCore.build/Objects-normal/x86_64/e6072d4f65d7061329687fe24e3d63a7-common-args.resp -include /Users/siam/Library/Developer/Xcode/DerivedData/Lingua_Quest-gvpckrqxtbgyprbgppjfqmimmmfw/Build/Intermediates.noindex/AppAuth.build/Debug-iphonesimulator/AppAuthCore.build/DerivedSources/resource_bundle_accessor.h -MMD -MT dependencies -MF /Users/siam/Library/Developer/Xcode/DerivedData/Lingua_Quest-gvpckrqxtbgyprbgppjfqmimmmfw/Build/Intermediates.noindex/AppAuth.build/Debug-iphonesimulator/AppAuthCore.build/Objects-normal/x86_64/OIDTokenRequest.d --serialize-diagnostics /Users/siam/Library/Developer/Xcode/DerivedData/Lingua_Quest-gvpckrqxtbgyprbgppjfqmimmmfw/Build/Intermediates.noindex/AppAuth.build/Debug-iphonesimulator/AppAuthCore.build/Objects-normal/x86_64/OIDTokenRequest.dia -c /Users/siam/Library/Developer/Xcode/DerivedData/Lingua_Quest-gvpckrqxtbgyprbgppjfqmimmmfw/SourcePackages/checkouts/AppAuth-iOS/Sources/AppAuthCore/OIDTokenRequest.m -o /Users/siam/Library/Developer/Xcode/DerivedData/Lingua_Quest-gvpckrqxtbgyprbgppjfqmimmmfw/Build/Intermediates.noindex/AppAuth.build/Debug-iphonesimulator/AppAuthCore.build/Objects-normal/x86_64/OIDTokenRequest.o -index-unit-output-path /AppAuth.build/Debug-iphonesimulator/AppAuthCore.build/Objects-normal/x86_64/OIDTokenRequest.o

CompileC /Users/siam/Library/Developer/Xcode/DerivedData/Lingua_Quest-gvpckrqxtbgyprbgppjfqmimmmfw/Build/Intermediates.noindex/AppAuth.build/Debug-iphonesimulator/AppAuthCore.build/Objects-normal/x86_64/OIDURLSessionProvider.o /Users/siam/Library/Developer/Xcode/DerivedData/Lingua_Quest-gvpckrqxtbgyprbgppjfqmimmmfw/SourcePackages/checkouts/AppAuth-iOS/Sources/AppAuthCore/OIDURLSessionProvider.m normal x86_64 objective-c com.apple.compilers.llvm.clang.1_0.compiler (in target 'AppAuthCore' from project 'AppAuth')
    cd /Users/siam/Desktop/Lingua\ Quest/Lingua\ Quest.xcodeproj
    
    Using response file: /Users/siam/Library/Developer/Xcode/DerivedData/Lingua_Quest-gvpckrqxtbgyprbgppjfqmimmmfw/Build/Intermediates.noindex/AppAuth.build/Debug-iphonesimulator/AppAuthCore.build/Objects-normal/x86_64/e6072d4f65d7061329687fe24e3d63a7-common-args.resp
    
    /Applications/Xcode.app/Contents/Developer/Toolchains/XcodeDefault.xctoolchain/usr/bin/clang -x objective-c -ivfsstatcache /Users/siam/Library/Developer/Xcode/DerivedData/SDKStatCaches.noindex/iphonesimulator26.0-23A339-26257891a6c027eb51374368541b8346.sdkstatcache -fmessage-length\=0 -fdiagnostics-show-note-include-stack -fmacro-backtrace-limit\=0 -fno-color-diagnostics -fmodules-prune-interval\=86400 -fmodules-prune-after\=345600 -fbuild-session-file\=/Users/siam/Library/Developer/Xcode/DerivedData/ModuleCache.noindex/Session.modulevalidation -fmodules-validate-once-per-build-session -Wnon-modular-include-in-framework-module -Werror\=non-modular-include-in-framework-module -Wno-trigraphs -Wno-missing-field-initializers -Wno-missing-prototypes -Wno-return-type -Wno-implicit-atomic-properties -Wno-objc-interface-ivars -Wno-arc-repeated-use-of-weak -Wno-missing-braces -Wparentheses -Wswitch -Wno-unused-function -Wno-unused-label -Wno-unused-parameter -Wno-unused-variable -Wunused-value -Wno-empty-body -Wno-uninitialized -Wno-unknown-pragmas -w -Wno-shadow -Wno-four-char-constants -Wno-conversion -Wno-constant-conversion -Wno-int-conversion -Wno-bool-conversion -Wno-enum-conversion -Wno-float-conversion -Wno-non-literal-null-conversion -Wno-objc-literal-conversion -Wshorten-64-to-32 -Wpointer-sign -Wno-newline-eof -Wno-selector -Wno-strict-selector-match -Wno-undeclared-selector -Wno-deprecated-implementations -Wno-implicit-fallthrough -fstrict-aliasing -Wprotocol -Wdeprecated-declarations -Wno-sign-conversion -Wno-infinite-recursion -Wno-comma -Wno-block-capture-autoreleasing -Wno-strict-prototypes -Wno-semicolon-before-method-body -index-store-path /Users/siam/Library/Developer/Xcode/DerivedData/Lingua_Quest-gvpckrqxtbgyprbgppjfqmimmmfw/Index.noindex/DataStore @/Users/siam/Library/Developer/Xcode/DerivedData/Lingua_Quest-gvpckrqxtbgyprbgppjfqmimmmfw/Build/Intermediates.noindex/AppAuth.build/Debug-iphonesimulator/AppAuthCore.build/Objects-normal/x86_64/e6072d4f65d7061329687fe24e3d63a7-common-args.resp -include /Users/siam/Library/Developer/Xcode/DerivedData/Lingua_Quest-gvpckrqxtbgyprbgppjfqmimmmfw/Build/Intermediates.noindex/AppAuth.build/Debug-iphonesimulator/AppAuthCore.build/DerivedSources/resource_bundle_accessor.h -MMD -MT dependencies -MF /Users/siam/Library/Developer/Xcode/DerivedData/Lingua_Quest-gvpckrqxtbgyprbgppjfqmimmmfw/Build/Intermediates.noindex/AppAuth.build/Debug-iphonesimulator/AppAuthCore.build/Objects-normal/x86_64/OIDURLSessionProvider.d --serialize-diagnostics /Users/siam/Library/Developer/Xcode/DerivedData/Lingua_Quest-gvpckrqxtbgyprbgppjfqmimmmfw/Build/Intermediates.noindex/AppAuth.build/Debug-iphonesimulator/AppAuthCore.build/Objects-normal/x86_64/OIDURLSessionProvider.dia -c /Users/siam/Library/Developer/Xcode/DerivedData/Lingua_Quest-gvpckrqxtbgyprbgppjfqmimmmfw/SourcePackages/checkouts/AppAuth-iOS/Sources/AppAuthCore/OIDURLSessionProvider.m -o /Users/siam/Library/Developer/Xcode/DerivedData/Lingua_Quest-gvpckrqxtbgyprbgppjfqmimmmfw/Build/Intermediates.noindex/AppAuth.build/Debug-iphonesimulator/AppAuthCore.build/Objects-normal/x86_64/OIDURLSessionProvider.o -index-unit-output-path /AppAuth.build/Debug-iphonesimulator/AppAuthCore.build/Objects-normal/x86_64/OIDURLSessionProvider.o

ScanDependencies /Users/siam/Library/Developer/Xcode/DerivedData/Lingua_Quest-gvpckrqxtbgyprbgppjfqmimmmfw/Build/Intermediates.noindex/AppAuth.build/Debug-iphonesimulator/AppAuthCore.build/Objects-normal/x86_64/OIDServiceDiscovery.o /Users/siam/Library/Developer/Xcode/DerivedData/Lingua_Quest-gvpckrqxtbgyprbgppjfqmimmmfw/SourcePackages/checkouts/AppAuth-iOS/Sources/AppAuthCore/OIDServiceDiscovery.m normal x86_64 objective-c com.apple.compilers.llvm.clang.1_0.compiler (in target 'AppAuthCore' from project 'AppAuth')
    cd /Users/siam/Desktop/Lingua\ Quest/Lingua\ Quest.xcodeproj
    
    Using response file: /Users/siam/Library/Developer/Xcode/DerivedData/Lingua_Quest-gvpckrqxtbgyprbgppjfqmimmmfw/Build/Intermediates.noindex/AppAuth.build/Debug-iphonesimulator/AppAuthCore.build/Objects-normal/x86_64/e6072d4f65d7061329687fe24e3d63a7-common-args.resp
    
    builtin-ScanDependencies -o /Users/siam/Library/Developer/Xcode/DerivedData/Lingua_Quest-gvpckrqxtbgyprbgppjfqmimmmfw/Build/Intermediates.noindex/AppAuth.build/Debug-iphonesimulator/AppAuthCore.build/Objects-normal/x86_64/OIDServiceDiscovery.o.scan -- /Applications/Xcode.app/Contents/Developer/Toolchains/XcodeDefault.xctoolchain/usr/bin/clang -x objective-c -ivfsstatcache /Users/siam/Library/Developer/Xcode/DerivedData/SDKStatCaches.noindex/iphonesimulator26.0-23A339-26257891a6c027eb51374368541b8346.sdkstatcache -fmessage-length\=0 -fdiagnostics-show-note-include-stack -fmacro-backtrace-limit\=0 -fno-color-diagnostics -fmodules-prune-interval\=86400 -fmodules-prune-after\=345600 -fbuild-session-file\=/Users/siam/Library/Developer/Xcode/DerivedData/ModuleCache.noindex/Session.modulevalidation -fmodules-validate-once-per-build-session -Wnon-modular-include-in-framework-module -Werror\=non-modular-include-in-framework-module -Wno-trigraphs -Wno-missing-field-initializers -Wno-missing-prototypes -Wno-return-type -Wno-implicit-atomic-properties -Wno-objc-interface-ivars -Wno-arc-repeated-use-of-weak -Wno-missing-braces -Wparentheses -Wswitch -Wno-unused-function -Wno-unused-label -Wno-unused-parameter -Wno-unused-variable -Wunused-value -Wno-empty-body -Wno-uninitialized -Wno-unknown-pragmas -w -Wno-shadow -Wno-four-char-constants -Wno-conversion -Wno-constant-conversion -Wno-int-conversion -Wno-bool-conversion -Wno-enum-conversion -Wno-float-conversion -Wno-non-literal-null-conversion -Wno-objc-literal-conversion -Wshorten-64-to-32 -Wpointer-sign -Wno-newline-eof -Wno-selector -Wno-strict-selector-match -Wno-undeclared-selector -Wno-deprecated-implementations -Wno-implicit-fallthrough -fstrict-aliasing -Wprotocol -Wdeprecated-declarations -Wno-sign-conversion -Wno-infinite-recursion -Wno-comma -Wno-block-capture-autoreleasing -Wno-strict-prototypes -Wno-semicolon-before-method-body -index-store-path /Users/siam/Library/Developer/Xcode/DerivedData/Lingua_Quest-gvpckrqxtbgyprbgppjfqmimmmfw/Index.noindex/DataStore @/Users/siam/Library/Developer/Xcode/DerivedData/Lingua_Quest-gvpckrqxtbgyprbgppjfqmimmmfw/Build/Intermediates.noindex/AppAuth.build/Debug-iphonesimulator/AppAuthCore.build/Objects-normal/x86_64/e6072d4f65d7061329687fe24e3d63a7-common-args.resp -include /Users/siam/Library/Developer/Xcode/DerivedData/Lingua_Quest-gvpckrqxtbgyprbgppjfqmimmmfw/Build/Intermediates.noindex/AppAuth.build/Debug-iphonesimulator/AppAuthCore.build/DerivedSources/resource_bundle_accessor.h -MMD -MT dependencies -MF /Users/siam/Library/Developer/Xcode/DerivedData/Lingua_Quest-gvpckrqxtbgyprbgppjfqmimmmfw/Build/Intermediates.noindex/AppAuth.build/Debug-iphonesimulator/AppAuthCore.build/Objects-normal/x86_64/OIDServiceDiscovery.d --serialize-diagnostics /Users/siam/Library/Developer/Xcode/DerivedData/Lingua_Quest-gvpckrqxtbgyprbgppjfqmimmmfw/Build/Intermediates.noindex/AppAuth.build/Debug-iphonesimulator/AppAuthCore.build/Objects-normal/x86_64/OIDServiceDiscovery.dia -c /Users/siam/Library/Developer/Xcode/DerivedData/Lingua_Quest-gvpckrqxtbgyprbgppjfqmimmmfw/SourcePackages/checkouts/AppAuth-iOS/Sources/AppAuthCore/OIDServiceDiscovery.m -o /Users/siam/Library/Developer/Xcode/DerivedData/Lingua_Quest-gvpckrqxtbgyprbgppjfqmimmmfw/Build/Intermediates.noindex/AppAuth.build/Debug-iphonesimulator/AppAuthCore.build/Objects-normal/x86_64/OIDServiceDiscovery.o -index-unit-output-path /AppAuth.build/Debug-iphonesimulator/AppAuthCore.build/Objects-normal/x86_64/OIDServiceDiscovery.o

CompileC /Users/siam/Library/Developer/Xcode/DerivedData/Lingua_Quest-gvpckrqxtbgyprbgppjfqmimmmfw/Build/Intermediates.noindex/AppAuth.build/Debug-iphonesimulator/AppAuthCore.build/Objects-normal/x86_64/OIDURLQueryComponent.o /Users/siam/Library/Developer/Xcode/DerivedData/Lingua_Quest-gvpckrqxtbgyprbgppjfqmimmmfw/SourcePackages/checkouts/AppAuth-iOS/Sources/AppAuthCore/OIDURLQueryComponent.m normal x86_64 objective-c com.apple.compilers.llvm.clang.1_0.compiler (in target 'AppAuthCore' from project 'AppAuth')
    cd /Users/siam/Desktop/Lingua\ Quest/Lingua\ Quest.xcodeproj
    
    Using response file: /Users/siam/Library/Developer/Xcode/DerivedData/Lingua_Quest-gvpckrqxtbgyprbgppjfqmimmmfw/Build/Intermediates.noindex/AppAuth.build/Debug-iphonesimulator/AppAuthCore.build/Objects-normal/x86_64/e6072d4f65d7061329687fe24e3d63a7-common-args.resp
    
    /Applications/Xcode.app/Contents/Developer/Toolchains/XcodeDefault.xctoolchain/usr/bin/clang -x objective-c -ivfsstatcache /Users/siam/Library/Developer/Xcode/DerivedData/SDKStatCaches.noindex/iphonesimulator26.0-23A339-26257891a6c027eb51374368541b8346.sdkstatcache -fmessage-length\=0 -fdiagnostics-show-note-include-stack -fmacro-backtrace-limit\=0 -fno-color-diagnostics -fmodules-prune-interval\=86400 -fmodules-prune-after\=345600 -fbuild-session-file\=/Users/siam/Library/Developer/Xcode/DerivedData/ModuleCache.noindex/Session.modulevalidation -fmodules-validate-once-per-build-session -Wnon-modular-include-in-framework-module -Werror\=non-modular-include-in-framework-module -Wno-trigraphs -Wno-missing-field-initializers -Wno-missing-prototypes -Wno-return-type -Wno-implicit-atomic-properties -Wno-objc-interface-ivars -Wno-arc-repeated-use-of-weak -Wno-missing-braces -Wparentheses -Wswitch -Wno-unused-function -Wno-unused-label -Wno-unused-parameter -Wno-unused-variable -Wunused-value -Wno-empty-body -Wno-uninitialized -Wno-unknown-pragmas -w -Wno-shadow -Wno-four-char-constants -Wno-conversion -Wno-constant-conversion -Wno-int-conversion -Wno-bool-conversion -Wno-enum-conversion -Wno-float-conversion -Wno-non-literal-null-conversion -Wno-objc-literal-conversion -Wshorten-64-to-32 -Wpointer-sign -Wno-newline-eof -Wno-selector -Wno-strict-selector-match -Wno-undeclared-selector -Wno-deprecated-implementations -Wno-implicit-fallthrough -fstrict-aliasing -Wprotocol -Wdeprecated-declarations -Wno-sign-conversion -Wno-infinite-recursion -Wno-comma -Wno-block-capture-autoreleasing -Wno-strict-prototypes -Wno-semicolon-before-method-body -index-store-path /Users/siam/Library/Developer/Xcode/DerivedData/Lingua_Quest-gvpckrqxtbgyprbgppjfqmimmmfw/Index.noindex/DataStore @/Users/siam/Library/Developer/Xcode/DerivedData/Lingua_Quest-gvpckrqxtbgyprbgppjfqmimmmfw/Build/Intermediates.noindex/AppAuth.build/Debug-iphonesimulator/AppAuthCore.build/Objects-normal/x86_64/e6072d4f65d7061329687fe24e3d63a7-common-args.resp -include /Users/siam/Library/Developer/Xcode/DerivedData/Lingua_Quest-gvpckrqxtbgyprbgppjfqmimmmfw/Build/Intermediates.noindex/AppAuth.build/Debug-iphonesimulator/AppAuthCore.build/DerivedSources/resource_bundle_accessor.h -MMD -MT dependencies -MF /Users/siam/Library/Developer/Xcode/DerivedData/Lingua_Quest-gvpckrqxtbgyprbgppjfqmimmmfw/Build/Intermediates.noindex/AppAuth.build/Debug-iphonesimulator/AppAuthCore.build/Objects-normal/x86_64/OIDURLQueryComponent.d --serialize-diagnostics /Users/siam/Library/Developer/Xcode/DerivedData/Lingua_Quest-gvpckrqxtbgyprbgppjfqmimmmfw/Build/Intermediates.noindex/AppAuth.build/Debug-iphonesimulator/AppAuthCore.build/Objects-normal/x86_64/OIDURLQueryComponent.dia -c /Users/siam/Library/Developer/Xcode/DerivedData/Lingua_Quest-gvpckrqxtbgyprbgppjfqmimmmfw/SourcePackages/checkouts/AppAuth-iOS/Sources/AppAuthCore/OIDURLQueryComponent.m -o /Users/siam/Library/Developer/Xcode/DerivedData/Lingua_Quest-gvpckrqxtbgyprbgppjfqmimmmfw/Build/Intermediates.noindex/AppAuth.build/Debug-iphonesimulator/AppAuthCore.build/Objects-normal/x86_64/OIDURLQueryComponent.o -index-unit-output-path /AppAuth.build/Debug-iphonesimulator/AppAuthCore.build/Objects-normal/x86_64/OIDURLQueryComponent.o

CompileC /Users/siam/Library/Developer/Xcode/DerivedData/Lingua_Quest-gvpckrqxtbgyprbgppjfqmimmmfw/Build/Intermediates.noindex/AppAuth.build/Debug-iphonesimulator/AppAuthCore.build/Objects-normal/x86_64/OIDTokenUtilities.o /Users/siam/Library/Developer/Xcode/DerivedData/Lingua_Quest-gvpckrqxtbgyprbgppjfqmimmmfw/SourcePackages/checkouts/AppAuth-iOS/Sources/AppAuthCore/OIDTokenUtilities.m normal x86_64 objective-c com.apple.compilers.llvm.clang.1_0.compiler (in target 'AppAuthCore' from project 'AppAuth')
    cd /Users/siam/Desktop/Lingua\ Quest/Lingua\ Quest.xcodeproj
    
    Using response file: /Users/siam/Library/Developer/Xcode/DerivedData/Lingua_Quest-gvpckrqxtbgyprbgppjfqmimmmfw/Build/Intermediates.noindex/AppAuth.build/Debug-iphonesimulator/AppAuthCore.build/Objects-normal/x86_64/e6072d4f65d7061329687fe24e3d63a7-common-args.resp
    
    /Applications/Xcode.app/Contents/Developer/Toolchains/XcodeDefault.xctoolchain/usr/bin/clang -x objective-c -ivfsstatcache /Users/siam/Library/Developer/Xcode/DerivedData/SDKStatCaches.noindex/iphonesimulator26.0-23A339-26257891a6c027eb51374368541b8346.sdkstatcache -fmessage-length\=0 -fdiagnostics-show-note-include-stack -fmacro-backtrace-limit\=0 -fno-color-diagnostics -fmodules-prune-interval\=86400 -fmodules-prune-after\=345600 -fbuild-session-file\=/Users/siam/Library/Developer/Xcode/DerivedData/ModuleCache.noindex/Session.modulevalidation -fmodules-validate-once-per-build-session -Wnon-modular-include-in-framework-module -Werror\=non-modular-include-in-framework-module -Wno-trigraphs -Wno-missing-field-initializers -Wno-missing-prototypes -Wno-return-type -Wno-implicit-atomic-properties -Wno-objc-interface-ivars -Wno-arc-repeated-use-of-weak -Wno-missing-braces -Wparentheses -Wswitch -Wno-unused-function -Wno-unused-label -Wno-unused-parameter -Wno-unused-variable -Wunused-value -Wno-empty-body -Wno-uninitialized -Wno-unknown-pragmas -w -Wno-shadow -Wno-four-char-constants -Wno-conversion -Wno-constant-conversion -Wno-int-conversion -Wno-bool-conversion -Wno-enum-conversion -Wno-float-conversion -Wno-non-literal-null-conversion -Wno-objc-literal-conversion -Wshorten-64-to-32 -Wpointer-sign -Wno-newline-eof -Wno-selector -Wno-strict-selector-match -Wno-undeclared-selector -Wno-deprecated-implementations -Wno-implicit-fallthrough -fstrict-aliasing -Wprotocol -Wdeprecated-declarations -Wno-sign-conversion -Wno-infinite-recursion -Wno-comma -Wno-block-capture-autoreleasing -Wno-strict-prototypes -Wno-semicolon-before-method-body -index-store-path /Users/siam/Library/Developer/Xcode/DerivedData/Lingua_Quest-gvpckrqxtbgyprbgppjfqmimmmfw/Index.noindex/DataStore @/Users/siam/Library/Developer/Xcode/DerivedData/Lingua_Quest-gvpckrqxtbgyprbgppjfqmimmmfw/Build/Intermediates.noindex/AppAuth.build/Debug-iphonesimulator/AppAuthCore.build/Objects-normal/x86_64/e6072d4f65d7061329687fe24e3d63a7-common-args.resp -include /Users/siam/Library/Developer/Xcode/DerivedData/Lingua_Quest-gvpckrqxtbgyprbgppjfqmimmmfw/Build/Intermediates.noindex/AppAuth.build/Debug-iphonesimulator/AppAuthCore.build/DerivedSources/resource_bundle_accessor.h -MMD -MT dependencies -MF /Users/siam/Library/Developer/Xcode/DerivedData/Lingua_Quest-gvpckrqxtbgyprbgppjfqmimmmfw/Build/Intermediates.noindex/AppAuth.build/Debug-iphonesimulator/AppAuthCore.build/Objects-normal/x86_64/OIDTokenUtilities.d --serialize-diagnostics /Users/siam/Library/Developer/Xcode/DerivedData/Lingua_Quest-gvpckrqxtbgyprbgppjfqmimmmfw/Build/Intermediates.noindex/AppAuth.build/Debug-iphonesimulator/AppAuthCore.build/Objects-normal/x86_64/OIDTokenUtilities.dia -c /Users/siam/Library/Developer/Xcode/DerivedData/Lingua_Quest-gvpckrqxtbgyprbgppjfqmimmmfw/SourcePackages/checkouts/AppAuth-iOS/Sources/AppAuthCore/OIDTokenUtilities.m -o /Users/siam/Library/Developer/Xcode/DerivedData/Lingua_Quest-gvpckrqxtbgyprbgppjfqmimmmfw/Build/Intermediates.noindex/AppAuth.build/Debug-iphonesimulator/AppAuthCore.build/Objects-normal/x86_64/OIDTokenUtilities.o -index-unit-output-path /AppAuth.build/Debug-iphonesimulator/AppAuthCore.build/Objects-normal/x86_64/OIDTokenUtilities.o

CompileC /Users/siam/Library/Developer/Xcode/DerivedData/Lingua_Quest-gvpckrqxtbgyprbgppjfqmimmmfw/Build/Intermediates.noindex/AppAuth.build/Debug-iphonesimulator/AppAuthCore.build/Objects-normal/x86_64/OIDTokenResponse.o /Users/siam/Library/Developer/Xcode/DerivedData/Lingua_Quest-gvpckrqxtbgyprbgppjfqmimmmfw/SourcePackages/checkouts/AppAuth-iOS/Sources/AppAuthCore/OIDTokenResponse.m normal x86_64 objective-c com.apple.compilers.llvm.clang.1_0.compiler (in target 'AppAuthCore' from project 'AppAuth')
    cd /Users/siam/Desktop/Lingua\ Quest/Lingua\ Quest.xcodeproj
    
    Using response file: /Users/siam/Library/Developer/Xcode/DerivedData/Lingua_Quest-gvpckrqxtbgyprbgppjfqmimmmfw/Build/Intermediates.noindex/AppAuth.build/Debug-iphonesimulator/AppAuthCore.build/Objects-normal/x86_64/e6072d4f65d7061329687fe24e3d63a7-common-args.resp
    
    /Applications/Xcode.app/Contents/Developer/Toolchains/XcodeDefault.xctoolchain/usr/bin/clang -x objective-c -ivfsstatcache /Users/siam/Library/Developer/Xcode/DerivedData/SDKStatCaches.noindex/iphonesimulator26.0-23A339-26257891a6c027eb51374368541b8346.sdkstatcache -fmessage-length\=0 -fdiagnostics-show-note-include-stack -fmacro-backtrace-limit\=0 -fno-color-diagnostics -fmodules-prune-interval\=86400 -fmodules-prune-after\=345600 -fbuild-session-file\=/Users/siam/Library/Developer/Xcode/DerivedData/ModuleCache.noindex/Session.modulevalidation -fmodules-validate-once-per-build-session -Wnon-modular-include-in-framework-module -Werror\=non-modular-include-in-framework-module -Wno-trigraphs -Wno-missing-field-initializers -Wno-missing-prototypes -Wno-return-type -Wno-implicit-atomic-properties -Wno-objc-interface-ivars -Wno-arc-repeated-use-of-weak -Wno-missing-braces -Wparentheses -Wswitch -Wno-unused-function -Wno-unused-label -Wno-unused-parameter -Wno-unused-variable -Wunused-value -Wno-empty-body -Wno-uninitialized -Wno-unknown-pragmas -w -Wno-shadow -Wno-four-char-constants -Wno-conversion -Wno-constant-conversion -Wno-int-conversion -Wno-bool-conversion -Wno-enum-conversion -Wno-float-conversion -Wno-non-literal-null-conversion -Wno-objc-literal-conversion -Wshorten-64-to-32 -Wpointer-sign -Wno-newline-eof -Wno-selector -Wno-strict-selector-match -Wno-undeclared-selector -Wno-deprecated-implementations -Wno-implicit-fallthrough -fstrict-aliasing -Wprotocol -Wdeprecated-declarations -Wno-sign-conversion -Wno-infinite-recursion -Wno-comma -Wno-block-capture-autoreleasing -Wno-strict-prototypes -Wno-semicolon-before-method-body -index-store-path /Users/siam/Library/Developer/Xcode/DerivedData/Lingua_Quest-gvpckrqxtbgyprbgppjfqmimmmfw/Index.noindex/DataStore @/Users/siam/Library/Developer/Xcode/DerivedData/Lingua_Quest-gvpckrqxtbgyprbgppjfqmimmmfw/Build/Intermediates.noindex/AppAuth.build/Debug-iphonesimulator/AppAuthCore.build/Objects-normal/x86_64/e6072d4f65d7061329687fe24e3d63a7-common-args.resp -include /Users/siam/Library/Developer/Xcode/DerivedData/Lingua_Quest-gvpckrqxtbgyprbgppjfqmimmmfw/Build/Intermediates.noindex/AppAuth.build/Debug-iphonesimulator/AppAuthCore.build/DerivedSources/resource_bundle_accessor.h -MMD -MT dependencies -MF /Users/siam/Library/Developer/Xcode/DerivedData/Lingua_Quest-gvpckrqxtbgyprbgppjfqmimmmfw/Build/Intermediates.noindex/AppAuth.build/Debug-iphonesimulator/AppAuthCore.build/Objects-normal/x86_64/OIDTokenResponse.d --serialize-diagnostics /Users/siam/Library/Developer/Xcode/DerivedData/Lingua_Quest-gvpckrqxtbgyprbgppjfqmimmmfw/Build/Intermediates.noindex/AppAuth.build/Debug-iphonesimulator/AppAuthCore.build/Objects-normal/x86_64/OIDTokenResponse.dia -c /Users/siam/Library/Developer/Xcode/DerivedData/Lingua_Quest-gvpckrqxtbgyprbgppjfqmimmmfw/SourcePackages/checkouts/AppAuth-iOS/Sources/AppAuthCore/OIDTokenResponse.m -o /Users/siam/Library/Developer/Xcode/DerivedData/Lingua_Quest-gvpckrqxtbgyprbgppjfqmimmmfw/Build/Intermediates.noindex/AppAuth.build/Debug-iphonesimulator/AppAuthCore.build/Objects-normal/x86_64/OIDTokenResponse.o -index-unit-output-path /AppAuth.build/Debug-iphonesimulator/AppAuthCore.build/Objects-normal/x86_64/OIDTokenResponse.o

ScanDependencies /Users/siam/Library/Developer/Xcode/DerivedData/Lingua_Quest-gvpckrqxtbgyprbgppjfqmimmmfw/Build/Intermediates.noindex/AppAuth.build/Debug-iphonesimulator/AppAuthCore.build/Objects-normal/x86_64/OIDServiceConfiguration.o /Users/siam/Library/Developer/Xcode/DerivedData/Lingua_Quest-gvpckrqxtbgyprbgppjfqmimmmfw/SourcePackages/checkouts/AppAuth-iOS/Sources/AppAuthCore/OIDServiceConfiguration.m normal x86_64 objective-c com.apple.compilers.llvm.clang.1_0.compiler (in target 'AppAuthCore' from project 'AppAuth')
    cd /Users/siam/Desktop/Lingua\ Quest/Lingua\ Quest.xcodeproj
    
    Using response file: /Users/siam/Library/Developer/Xcode/DerivedData/Lingua_Quest-gvpckrqxtbgyprbgppjfqmimmmfw/Build/Intermediates.noindex/AppAuth.build/Debug-iphonesimulator/AppAuthCore.build/Objects-normal/x86_64/e6072d4f65d7061329687fe24e3d63a7-common-args.resp
    
    builtin-ScanDependencies -o /Users/siam/Library/Developer/Xcode/DerivedData/Lingua_Quest-gvpckrqxtbgyprbgppjfqmimmmfw/Build/Intermediates.noindex/AppAuth.build/Debug-iphonesimulator/AppAuthCore.build/Objects-normal/x86_64/OIDServiceConfiguration.o.scan -- /Applications/Xcode.app/Contents/Developer/Toolchains/XcodeDefault.xctoolchain/usr/bin/clang -x objective-c -ivfsstatcache /Users/siam/Library/Developer/Xcode/DerivedData/SDKStatCaches.noindex/iphonesimulator26.0-23A339-26257891a6c027eb51374368541b8346.sdkstatcache -fmessage-length\=0 -fdiagnostics-show-note-include-stack -fmacro-backtrace-limit\=0 -fno-color-diagnostics -fmodules-prune-interval\=86400 -fmodules-prune-after\=345600 -fbuild-session-file\=/Users/siam/Library/Developer/Xcode/DerivedData/ModuleCache.noindex/Session.modulevalidation -fmodules-validate-once-per-build-session -Wnon-modular-include-in-framework-module -Werror\=non-modular-include-in-framework-module -Wno-trigraphs -Wno-missing-field-initializers -Wno-missing-prototypes -Wno-return-type -Wno-implicit-atomic-properties -Wno-objc-interface-ivars -Wno-arc-repeated-use-of-weak -Wno-missing-braces -Wparentheses -Wswitch -Wno-unused-function -Wno-unused-label -Wno-unused-parameter -Wno-unused-variable -Wunused-value -Wno-empty-body -Wno-uninitialized -Wno-unknown-pragmas -w -Wno-shadow -Wno-four-char-constants -Wno-conversion -Wno-constant-conversion -Wno-int-conversion -Wno-bool-conversion -Wno-enum-conversion -Wno-float-conversion -Wno-non-literal-null-conversion -Wno-objc-literal-conversion -Wshorten-64-to-32 -Wpointer-sign -Wno-newline-eof -Wno-selector -Wno-strict-selector-match -Wno-undeclared-selector -Wno-deprecated-implementations -Wno-implicit-fallthrough -fstrict-aliasing -Wprotocol -Wdeprecated-declarations -Wno-sign-conversion -Wno-infinite-recursion -Wno-comma -Wno-block-capture-autoreleasing -Wno-strict-prototypes -Wno-semicolon-before-method-body -index-store-path /Users/siam/Library/Developer/Xcode/DerivedData/Lingua_Quest-gvpckrqxtbgyprbgppjfqmimmmfw/Index.noindex/DataStore @/Users/siam/Library/Developer/Xcode/DerivedData/Lingua_Quest-gvpckrqxtbgyprbgppjfqmimmmfw/Build/Intermediates.noindex/AppAuth.build/Debug-iphonesimulator/AppAuthCore.build/Objects-normal/x86_64/e6072d4f65d7061329687fe24e3d63a7-common-args.resp -include /Users/siam/Library/Developer/Xcode/DerivedData/Lingua_Quest-gvpckrqxtbgyprbgppjfqmimmmfw/Build/Intermediates.noindex/AppAuth.build/Debug-iphonesimulator/AppAuthCore.build/DerivedSources/resource_bundle_accessor.h -MMD -MT dependencies -MF /Users/siam/Library/Developer/Xcode/DerivedData/Lingua_Quest-gvpckrqxtbgyprbgppjfqmimmmfw/Build/Intermediates.noindex/AppAuth.build/Debug-iphonesimulator/AppAuthCore.build/Objects-normal/x86_64/OIDServiceConfiguration.d --serialize-diagnostics /Users/siam/Library/Developer/Xcode/DerivedData/Lingua_Quest-gvpckrqxtbgyprbgppjfqmimmmfw/Build/Intermediates.noindex/AppAuth.build/Debug-iphonesimulator/AppAuthCore.build/Objects-normal/x86_64/OIDServiceConfiguration.dia -c /Users/siam/Library/Developer/Xcode/DerivedData/Lingua_Quest-gvpckrqxtbgyprbgppjfqmimmmfw/SourcePackages/checkouts/AppAuth-iOS/Sources/AppAuthCore/OIDServiceConfiguration.m -o /Users/siam/Library/Developer/Xcode/DerivedData/Lingua_Quest-gvpckrqxtbgyprbgppjfqmimmmfw/Build/Intermediates.noindex/AppAuth.build/Debug-iphonesimulator/AppAuthCore.build/Objects-normal/x86_64/OIDServiceConfiguration.o -index-unit-output-path /AppAuth.build/Debug-iphonesimulator/AppAuthCore.build/Objects-normal/x86_64/OIDServiceConfiguration.o

CompileC /Users/siam/Library/Developer/Xcode/DerivedData/Lingua_Quest-gvpckrqxtbgyprbgppjfqmimmmfw/Build/Intermediates.noindex/AppAuth.build/Debug-iphonesimulator/AppAuthCore.build/Objects-normal/x86_64/OIDTokenRequest.o /Users/siam/Library/Developer/Xcode/DerivedData/Lingua_Quest-gvpckrqxtbgyprbgppjfqmimmmfw/SourcePackages/checkouts/AppAuth-iOS/Sources/AppAuthCore/OIDTokenRequest.m normal x86_64 objective-c com.apple.compilers.llvm.clang.1_0.compiler (in target 'AppAuthCore' from project 'AppAuth')
    cd /Users/siam/Desktop/Lingua\ Quest/Lingua\ Quest.xcodeproj
    
    Using response file: /Users/siam/Library/Developer/Xcode/DerivedData/Lingua_Quest-gvpckrqxtbgyprbgppjfqmimmmfw/Build/Intermediates.noindex/AppAuth.build/Debug-iphonesimulator/AppAuthCore.build/Objects-normal/x86_64/e6072d4f65d7061329687fe24e3d63a7-common-args.resp
    
    /Applications/Xcode.app/Contents/Developer/Toolchains/XcodeDefault.xctoolchain/usr/bin/clang -x objective-c -ivfsstatcache /Users/siam/Library/Developer/Xcode/DerivedData/SDKStatCaches.noindex/iphonesimulator26.0-23A339-26257891a6c027eb51374368541b8346.sdkstatcache -fmessage-length\=0 -fdiagnostics-show-note-include-stack -fmacro-backtrace-limit\=0 -fno-color-diagnostics -fmodules-prune-interval\=86400 -fmodules-prune-after\=345600 -fbuild-session-file\=/Users/siam/Library/Developer/Xcode/DerivedData/ModuleCache.noindex/Session.modulevalidation -fmodules-validate-once-per-build-session -Wnon-modular-include-in-framework-module -Werror\=non-modular-include-in-framework-module -Wno-trigraphs -Wno-missing-field-initializers -Wno-missing-prototypes -Wno-return-type -Wno-implicit-atomic-properties -Wno-objc-interface-ivars -Wno-arc-repeated-use-of-weak -Wno-missing-braces -Wparentheses -Wswitch -Wno-unused-function -Wno-unused-label -Wno-unused-parameter -Wno-unused-variable -Wunused-value -Wno-empty-body -Wno-uninitialized -Wno-unknown-pragmas -w -Wno-shadow -Wno-four-char-constants -Wno-conversion -Wno-constant-conversion -Wno-int-conversion -Wno-bool-conversion -Wno-enum-conversion -Wno-float-conversion -Wno-non-literal-null-conversion -Wno-objc-literal-conversion -Wshorten-64-to-32 -Wpointer-sign -Wno-newline-eof -Wno-selector -Wno-strict-selector-match -Wno-undeclared-selector -Wno-deprecated-implementations -Wno-implicit-fallthrough -fstrict-aliasing -Wprotocol -Wdeprecated-declarations -Wno-sign-conversion -Wno-infinite-recursion -Wno-comma -Wno-block-capture-autoreleasing -Wno-strict-prototypes -Wno-semicolon-before-method-body -index-store-path /Users/siam/Library/Developer/Xcode/DerivedData/Lingua_Quest-gvpckrqxtbgyprbgppjfqmimmmfw/Index.noindex/DataStore @/Users/siam/Library/Developer/Xcode/DerivedData/Lingua_Quest-gvpckrqxtbgyprbgppjfqmimmmfw/Build/Intermediates.noindex/AppAuth.build/Debug-iphonesimulator/AppAuthCore.build/Objects-normal/x86_64/e6072d4f65d7061329687fe24e3d63a7-common-args.resp -include /Users/siam/Library/Developer/Xcode/DerivedData/Lingua_Quest-gvpckrqxtbgyprbgppjfqmimmmfw/Build/Intermediates.noindex/AppAuth.build/Debug-iphonesimulator/AppAuthCore.build/DerivedSources/resource_bundle_accessor.h -MMD -MT dependencies -MF /Users/siam/Library/Developer/Xcode/DerivedData/Lingua_Quest-gvpckrqxtbgyprbgppjfqmimmmfw/Build/Intermediates.noindex/AppAuth.build/Debug-iphonesimulator/AppAuthCore.build/Objects-normal/x86_64/OIDTokenRequest.d --serialize-diagnostics /Users/siam/Library/Developer/Xcode/DerivedData/Lingua_Quest-gvpckrqxtbgyprbgppjfqmimmmfw/Build/Intermediates.noindex/AppAuth.build/Debug-iphonesimulator/AppAuthCore.build/Objects-normal/x86_64/OIDTokenRequest.dia -c /Users/siam/Library/Developer/Xcode/DerivedData/Lingua_Quest-gvpckrqxtbgyprbgppjfqmimmmfw/SourcePackages/checkouts/AppAuth-iOS/Sources/AppAuthCore/OIDTokenRequest.m -o /Users/siam/Library/Developer/Xcode/DerivedData/Lingua_Quest-gvpckrqxtbgyprbgppjfqmimmmfw/Build/Intermediates.noindex/AppAuth.build/Debug-iphonesimulator/AppAuthCore.build/Objects-normal/x86_64/OIDTokenRequest.o -index-unit-output-path /AppAuth.build/Debug-iphonesimulator/AppAuthCore.build/Objects-normal/x86_64/OIDTokenRequest.o

CompileC /Users/siam/Library/Developer/Xcode/DerivedData/Lingua_Quest-gvpckrqxtbgyprbgppjfqmimmmfw/Build/Intermediates.noindex/AppAuth.build/Debug-iphonesimulator/AppAuthCore.build/Objects-normal/x86_64/OIDServiceDiscovery.o /Users/siam/Library/Developer/Xcode/DerivedData/Lingua_Quest-gvpckrqxtbgyprbgppjfqmimmmfw/SourcePackages/checkouts/AppAuth-iOS/Sources/AppAuthCore/OIDServiceDiscovery.m normal x86_64 objective-c com.apple.compilers.llvm.clang.1_0.compiler (in target 'AppAuthCore' from project 'AppAuth')
    cd /Users/siam/Desktop/Lingua\ Quest/Lingua\ Quest.xcodeproj
    
    Using response file: /Users/siam/Library/Developer/Xcode/DerivedData/Lingua_Quest-gvpckrqxtbgyprbgppjfqmimmmfw/Build/Intermediates.noindex/AppAuth.build/Debug-iphonesimulator/AppAuthCore.build/Objects-normal/x86_64/e6072d4f65d7061329687fe24e3d63a7-common-args.resp
    
    /Applications/Xcode.app/Contents/Developer/Toolchains/XcodeDefault.xctoolchain/usr/bin/clang -x objective-c -ivfsstatcache /Users/siam/Library/Developer/Xcode/DerivedData/SDKStatCaches.noindex/iphonesimulator26.0-23A339-26257891a6c027eb51374368541b8346.sdkstatcache -fmessage-length\=0 -fdiagnostics-show-note-include-stack -fmacro-backtrace-limit\=0 -fno-color-diagnostics -fmodules-prune-interval\=86400 -fmodules-prune-after\=345600 -fbuild-session-file\=/Users/siam/Library/Developer/Xcode/DerivedData/ModuleCache.noindex/Session.modulevalidation -fmodules-validate-once-per-build-session -Wnon-modular-include-in-framework-module -Werror\=non-modular-include-in-framework-module -Wno-trigraphs -Wno-missing-field-initializers -Wno-missing-prototypes -Wno-return-type -Wno-implicit-atomic-properties -Wno-objc-interface-ivars -Wno-arc-repeated-use-of-weak -Wno-missing-braces -Wparentheses -Wswitch -Wno-unused-function -Wno-unused-label -Wno-unused-parameter -Wno-unused-variable -Wunused-value -Wno-empty-body -Wno-uninitialized -Wno-unknown-pragmas -w -Wno-shadow -Wno-four-char-constants -Wno-conversion -Wno-constant-conversion -Wno-int-conversion -Wno-bool-conversion -Wno-enum-conversion -Wno-float-conversion -Wno-non-literal-null-conversion -Wno-objc-literal-conversion -Wshorten-64-to-32 -Wpointer-sign -Wno-newline-eof -Wno-selector -Wno-strict-selector-match -Wno-undeclared-selector -Wno-deprecated-implementations -Wno-implicit-fallthrough -fstrict-aliasing -Wprotocol -Wdeprecated-declarations -Wno-sign-conversion -Wno-infinite-recursion -Wno-comma -Wno-block-capture-autoreleasing -Wno-strict-prototypes -Wno-semicolon-before-method-body -index-store-path /Users/siam/Library/Developer/Xcode/DerivedData/Lingua_Quest-gvpckrqxtbgyprbgppjfqmimmmfw/Index.noindex/DataStore @/Users/siam/Library/Developer/Xcode/DerivedData/Lingua_Quest-gvpckrqxtbgyprbgppjfqmimmmfw/Build/Intermediates.noindex/AppAuth.build/Debug-iphonesimulator/AppAuthCore.build/Objects-normal/x86_64/e6072d4f65d7061329687fe24e3d63a7-common-args.resp -include /Users/siam/Library/Developer/Xcode/DerivedData/Lingua_Quest-gvpckrqxtbgyprbgppjfqmimmmfw/Build/Intermediates.noindex/AppAuth.build/Debug-iphonesimulator/AppAuthCore.build/DerivedSources/resource_bundle_accessor.h -MMD -MT dependencies -MF /Users/siam/Library/Developer/Xcode/DerivedData/Lingua_Quest-gvpckrqxtbgyprbgppjfqmimmmfw/Build/Intermediates.noindex/AppAuth.build/Debug-iphonesimulator/AppAuthCore.build/Objects-normal/x86_64/OIDServiceDiscovery.d --serialize-diagnostics /Users/siam/Library/Developer/Xcode/DerivedData/Lingua_Quest-gvpckrqxtbgyprbgppjfqmimmmfw/Build/Intermediates.noindex/AppAuth.build/Debug-iphonesimulator/AppAuthCore.build/Objects-normal/x86_64/OIDServiceDiscovery.dia -c /Users/siam/Library/Developer/Xcode/DerivedData/Lingua_Quest-gvpckrqxtbgyprbgppjfqmimmmfw/SourcePackages/checkouts/AppAuth-iOS/Sources/AppAuthCore/OIDServiceDiscovery.m -o /Users/siam/Library/Developer/Xcode/DerivedData/Lingua_Quest-gvpckrqxtbgyprbgppjfqmimmmfw/Build/Intermediates.noindex/AppAuth.build/Debug-iphonesimulator/AppAuthCore.build/Objects-normal/x86_64/OIDServiceDiscovery.o -index-unit-output-path /AppAuth.build/Debug-iphonesimulator/AppAuthCore.build/Objects-normal/x86_64/OIDServiceDiscovery.o

ScanDependencies /Users/siam/Library/Developer/Xcode/DerivedData/Lingua_Quest-gvpckrqxtbgyprbgppjfqmimmmfw/Build/Intermediates.noindex/AppAuth.build/Debug-iphonesimulator/AppAuthCore.build/Objects-normal/x86_64/OIDScopes.o /Users/siam/Library/Developer/Xcode/DerivedData/Lingua_Quest-gvpckrqxtbgyprbgppjfqmimmmfw/SourcePackages/checkouts/AppAuth-iOS/Sources/AppAuthCore/OIDScopes.m normal x86_64 objective-c com.apple.compilers.llvm.clang.1_0.compiler (in target 'AppAuthCore' from project 'AppAuth')
    cd /Users/siam/Desktop/Lingua\ Quest/Lingua\ Quest.xcodeproj
    
    Using response file: /Users/siam/Library/Developer/Xcode/DerivedData/Lingua_Quest-gvpckrqxtbgyprbgppjfqmimmmfw/Build/Intermediates.noindex/AppAuth.build/Debug-iphonesimulator/AppAuthCore.build/Objects-normal/x86_64/e6072d4f65d7061329687fe24e3d63a7-common-args.resp
    
    builtin-ScanDependencies -o /Users/siam/Library/Developer/Xcode/DerivedData/Lingua_Quest-gvpckrqxtbgyprbgppjfqmimmmfw/Build/Intermediates.noindex/AppAuth.build/Debug-iphonesimulator/AppAuthCore.build/Objects-normal/x86_64/OIDScopes.o.scan -- /Applications/Xcode.app/Contents/Developer/Toolchains/XcodeDefault.xctoolchain/usr/bin/clang -x objective-c -ivfsstatcache /Users/siam/Library/Developer/Xcode/DerivedData/SDKStatCaches.noindex/iphonesimulator26.0-23A339-26257891a6c027eb51374368541b8346.sdkstatcache -fmessage-length\=0 -fdiagnostics-show-note-include-stack -fmacro-backtrace-limit\=0 -fno-color-diagnostics -fmodules-prune-interval\=86400 -fmodules-prune-after\=345600 -fbuild-session-file\=/Users/siam/Library/Developer/Xcode/DerivedData/ModuleCache.noindex/Session.modulevalidation -fmodules-validate-once-per-build-session -Wnon-modular-include-in-framework-module -Werror\=non-modular-include-in-framework-module -Wno-trigraphs -Wno-missing-field-initializers -Wno-missing-prototypes -Wno-return-type -Wno-implicit-atomic-properties -Wno-objc-interface-ivars -Wno-arc-repeated-use-of-weak -Wno-missing-braces -Wparentheses -Wswitch -Wno-unused-function -Wno-unused-label -Wno-unused-parameter -Wno-unused-variable -Wunused-value -Wno-empty-body -Wno-uninitialized -Wno-unknown-pragmas -w -Wno-shadow -Wno-four-char-constants -Wno-conversion -Wno-constant-conversion -Wno-int-conversion -Wno-bool-conversion -Wno-enum-conversion -Wno-float-conversion -Wno-non-literal-null-conversion -Wno-objc-literal-conversion -Wshorten-64-to-32 -Wpointer-sign -Wno-newline-eof -Wno-selector -Wno-strict-selector-match -Wno-undeclared-selector -Wno-deprecated-implementations -Wno-implicit-fallthrough -fstrict-aliasing -Wprotocol -Wdeprecated-declarations -Wno-sign-conversion -Wno-infinite-recursion -Wno-comma -Wno-block-capture-autoreleasing -Wno-strict-prototypes -Wno-semicolon-before-method-body -index-store-path /Users/siam/Library/Developer/Xcode/DerivedData/Lingua_Quest-gvpckrqxtbgyprbgppjfqmimmmfw/Index.noindex/DataStore @/Users/siam/Library/Developer/Xcode/DerivedData/Lingua_Quest-gvpckrqxtbgyprbgppjfqmimmmfw/Build/Intermediates.noindex/AppAuth.build/Debug-iphonesimulator/AppAuthCore.build/Objects-normal/x86_64/e6072d4f65d7061329687fe24e3d63a7-common-args.resp -include /Users/siam/Library/Developer/Xcode/DerivedData/Lingua_Quest-gvpckrqxtbgyprbgppjfqmimmmfw/Build/Intermediates.noindex/AppAuth.build/Debug-iphonesimulator/AppAuthCore.build/DerivedSources/resource_bundle_accessor.h -MMD -MT dependencies -MF /Users/siam/Library/Developer/Xcode/DerivedData/Lingua_Quest-gvpckrqxtbgyprbgppjfqmimmmfw/Build/Intermediates.noindex/AppAuth.build/Debug-iphonesimulator/AppAuthCore.build/Objects-normal/x86_64/OIDScopes.d --serialize-diagnostics /Users/siam/Library/Developer/Xcode/DerivedData/Lingua_Quest-gvpckrqxtbgyprbgppjfqmimmmfw/Build/Intermediates.noindex/AppAuth.build/Debug-iphonesimulator/AppAuthCore.build/Objects-normal/x86_64/OIDScopes.dia -c /Users/siam/Library/Developer/Xcode/DerivedData/Lingua_Quest-gvpckrqxtbgyprbgppjfqmimmmfw/SourcePackages/checkouts/AppAuth-iOS/Sources/AppAuthCore/OIDScopes.m -o /Users/siam/Library/Developer/Xcode/DerivedData/Lingua_Quest-gvpckrqxtbgyprbgppjfqmimmmfw/Build/Intermediates.noindex/AppAuth.build/Debug-iphonesimulator/AppAuthCore.build/Objects-normal/x86_64/OIDScopes.o -index-unit-output-path /AppAuth.build/Debug-iphonesimulator/AppAuthCore.build/Objects-normal/x86_64/OIDScopes.o

ScanDependencies /Users/siam/Library/Developer/Xcode/DerivedData/Lingua_Quest-gvpckrqxtbgyprbgppjfqmimmmfw/Build/Intermediates.noindex/AppAuth.build/Debug-iphonesimulator/AppAuthCore.build/Objects-normal/x86_64/OIDScopeUtilities.o /Users/siam/Library/Developer/Xcode/DerivedData/Lingua_Quest-gvpckrqxtbgyprbgppjfqmimmmfw/SourcePackages/checkouts/AppAuth-iOS/Sources/AppAuthCore/OIDScopeUtilities.m normal x86_64 objective-c com.apple.compilers.llvm.clang.1_0.compiler (in target 'AppAuthCore' from project 'AppAuth')
    cd /Users/siam/Desktop/Lingua\ Quest/Lingua\ Quest.xcodeproj
    
    Using response file: /Users/siam/Library/Developer/Xcode/DerivedData/Lingua_Quest-gvpckrqxtbgyprbgppjfqmimmmfw/Build/Intermediates.noindex/AppAuth.build/Debug-iphonesimulator/AppAuthCore.build/Objects-normal/x86_64/e6072d4f65d7061329687fe24e3d63a7-common-args.resp
    
    builtin-ScanDependencies -o /Users/siam/Library/Developer/Xcode/DerivedData/Lingua_Quest-gvpckrqxtbgyprbgppjfqmimmmfw/Build/Intermediates.noindex/AppAuth.build/Debug-iphonesimulator/AppAuthCore.build/Objects-normal/x86_64/OIDScopeUtilities.o.scan -- /Applications/Xcode.app/Contents/Developer/Toolchains/XcodeDefault.xctoolchain/usr/bin/clang -x objective-c -ivfsstatcache /Users/siam/Library/Developer/Xcode/DerivedData/SDKStatCaches.noindex/iphonesimulator26.0-23A339-26257891a6c027eb51374368541b8346.sdkstatcache -fmessage-length\=0 -fdiagnostics-show-note-include-stack -fmacro-backtrace-limit\=0 -fno-color-diagnostics -fmodules-prune-interval\=86400 -fmodules-prune-after\=345600 -fbuild-session-file\=/Users/siam/Library/Developer/Xcode/DerivedData/ModuleCache.noindex/Session.modulevalidation -fmodules-validate-once-per-build-session -Wnon-modular-include-in-framework-module -Werror\=non-modular-include-in-framework-module -Wno-trigraphs -Wno-missing-field-initializers -Wno-missing-prototypes -Wno-return-type -Wno-implicit-atomic-properties -Wno-objc-interface-ivars -Wno-arc-repeated-use-of-weak -Wno-missing-braces -Wparentheses -Wswitch -Wno-unused-function -Wno-unused-label -Wno-unused-parameter -Wno-unused-variable -Wunused-value -Wno-empty-body -Wno-uninitialized -Wno-unknown-pragmas -w -Wno-shadow -Wno-four-char-constants -Wno-conversion -Wno-constant-conversion -Wno-int-conversion -Wno-bool-conversion -Wno-enum-conversion -Wno-float-conversion -Wno-non-literal-null-conversion -Wno-objc-literal-conversion -Wshorten-64-to-32 -Wpointer-sign -Wno-newline-eof -Wno-selector -Wno-strict-selector-match -Wno-undeclared-selector -Wno-deprecated-implementations -Wno-implicit-fallthrough -fstrict-aliasing -Wprotocol -Wdeprecated-declarations -Wno-sign-conversion -Wno-infinite-recursion -Wno-comma -Wno-block-capture-autoreleasing -Wno-strict-prototypes -Wno-semicolon-before-method-body -index-store-path /Users/siam/Library/Developer/Xcode/DerivedData/Lingua_Quest-gvpckrqxtbgyprbgppjfqmimmmfw/Index.noindex/DataStore @/Users/siam/Library/Developer/Xcode/DerivedData/Lingua_Quest-gvpckrqxtbgyprbgppjfqmimmmfw/Build/Intermediates.noindex/AppAuth.build/Debug-iphonesimulator/AppAuthCore.build/Objects-normal/x86_64/e6072d4f65d7061329687fe24e3d63a7-common-args.resp -include /Users/siam/Library/Developer/Xcode/DerivedData/Lingua_Quest-gvpckrqxtbgyprbgppjfqmimmmfw/Build/Intermediates.noindex/AppAuth.build/Debug-iphonesimulator/AppAuthCore.build/DerivedSources/resource_bundle_accessor.h -MMD -MT dependencies -MF /Users/siam/Library/Developer/Xcode/DerivedData/Lingua_Quest-gvpckrqxtbgyprbgppjfqmimmmfw/Build/Intermediates.noindex/AppAuth.build/Debug-iphonesimulator/AppAuthCore.build/Objects-normal/x86_64/OIDScopeUtilities.d --serialize-diagnostics /Users/siam/Library/Developer/Xcode/DerivedData/Lingua_Quest-gvpckrqxtbgyprbgppjfqmimmmfw/Build/Intermediates.noindex/AppAuth.build/Debug-iphonesimulator/AppAuthCore.build/Objects-normal/x86_64/OIDScopeUtilities.dia -c /Users/siam/Library/Developer/Xcode/DerivedData/Lingua_Quest-gvpckrqxtbgyprbgppjfqmimmmfw/SourcePackages/checkouts/AppAuth-iOS/Sources/AppAuthCore/OIDScopeUtilities.m -o /Users/siam/Library/Developer/Xcode/DerivedData/Lingua_Quest-gvpckrqxtbgyprbgppjfqmimmmfw/Build/Intermediates.noindex/AppAuth.build/Debug-iphonesimulator/AppAuthCore.build/Objects-normal/x86_64/OIDScopeUtilities.o -index-unit-output-path /AppAuth.build/Debug-iphonesimulator/AppAuthCore.build/Objects-normal/x86_64/OIDScopeUtilities.o

ScanDependencies /Users/siam/Library/Developer/Xcode/DerivedData/Lingua_Quest-gvpckrqxtbgyprbgppjfqmimmmfw/Build/Intermediates.noindex/AppAuth.build/Debug-iphonesimulator/AppAuthCore.build/Objects-normal/x86_64/OIDResponseTypes.o /Users/siam/Library/Developer/Xcode/DerivedData/Lingua_Quest-gvpckrqxtbgyprbgppjfqmimmmfw/SourcePackages/checkouts/AppAuth-iOS/Sources/AppAuthCore/OIDResponseTypes.m normal x86_64 objective-c com.apple.compilers.llvm.clang.1_0.compiler (in target 'AppAuthCore' from project 'AppAuth')
    cd /Users/siam/Desktop/Lingua\ Quest/Lingua\ Quest.xcodeproj
    
    Using response file: /Users/siam/Library/Developer/Xcode/DerivedData/Lingua_Quest-gvpckrqxtbgyprbgppjfqmimmmfw/Build/Intermediates.noindex/AppAuth.build/Debug-iphonesimulator/AppAuthCore.build/Objects-normal/x86_64/e6072d4f65d7061329687fe24e3d63a7-common-args.resp
    
    builtin-ScanDependencies -o /Users/siam/Library/Developer/Xcode/DerivedData/Lingua_Quest-gvpckrqxtbgyprbgppjfqmimmmfw/Build/Intermediates.noindex/AppAuth.build/Debug-iphonesimulator/AppAuthCore.build/Objects-normal/x86_64/OIDResponseTypes.o.scan -- /Applications/Xcode.app/Contents/Developer/Toolchains/XcodeDefault.xctoolchain/usr/bin/clang -x objective-c -ivfsstatcache /Users/siam/Library/Developer/Xcode/DerivedData/SDKStatCaches.noindex/iphonesimulator26.0-23A339-26257891a6c027eb51374368541b8346.sdkstatcache -fmessage-length\=0 -fdiagnostics-show-note-include-stack -fmacro-backtrace-limit\=0 -fno-color-diagnostics -fmodules-prune-interval\=86400 -fmodules-prune-after\=345600 -fbuild-session-file\=/Users/siam/Library/Developer/Xcode/DerivedData/ModuleCache.noindex/Session.modulevalidation -fmodules-validate-once-per-build-session -Wnon-modular-include-in-framework-module -Werror\=non-modular-include-in-framework-module -Wno-trigraphs -Wno-missing-field-initializers -Wno-missing-prototypes -Wno-return-type -Wno-implicit-atomic-properties -Wno-objc-interface-ivars -Wno-arc-repeated-use-of-weak -Wno-missing-braces -Wparentheses -Wswitch -Wno-unused-function -Wno-unused-label -Wno-unused-parameter -Wno-unused-variable -Wunused-value -Wno-empty-body -Wno-uninitialized -Wno-unknown-pragmas -w -Wno-shadow -Wno-four-char-constants -Wno-conversion -Wno-constant-conversion -Wno-int-conversion -Wno-bool-conversion -Wno-enum-conversion -Wno-float-conversion -Wno-non-literal-null-conversion -Wno-objc-literal-conversion -Wshorten-64-to-32 -Wpointer-sign -Wno-newline-eof -Wno-selector -Wno-strict-selector-match -Wno-undeclared-selector -Wno-deprecated-implementations -Wno-implicit-fallthrough -fstrict-aliasing -Wprotocol -Wdeprecated-declarations -Wno-sign-conversion -Wno-infinite-recursion -Wno-comma -Wno-block-capture-autoreleasing -Wno-strict-prototypes -Wno-semicolon-before-method-body -index-store-path /Users/siam/Library/Developer/Xcode/DerivedData/Lingua_Quest-gvpckrqxtbgyprbgppjfqmimmmfw/Index.noindex/DataStore @/Users/siam/Library/Developer/Xcode/DerivedData/Lingua_Quest-gvpckrqxtbgyprbgppjfqmimmmfw/Build/Intermediates.noindex/AppAuth.build/Debug-iphonesimulator/AppAuthCore.build/Objects-normal/x86_64/e6072d4f65d7061329687fe24e3d63a7-common-args.resp -include /Users/siam/Library/Developer/Xcode/DerivedData/Lingua_Quest-gvpckrqxtbgyprbgppjfqmimmmfw/Build/Intermediates.noindex/AppAuth.build/Debug-iphonesimulator/AppAuthCore.build/DerivedSources/resource_bundle_accessor.h -MMD -MT dependencies -MF /Users/siam/Library/Developer/Xcode/DerivedData/Lingua_Quest-gvpckrqxtbgyprbgppjfqmimmmfw/Build/Intermediates.noindex/AppAuth.build/Debug-iphonesimulator/AppAuthCore.build/Objects-normal/x86_64/OIDResponseTypes.d --serialize-diagnostics /Users/siam/Library/Developer/Xcode/DerivedData/Lingua_Quest-gvpckrqxtbgyprbgppjfqmimmmfw/Build/Intermediates.noindex/AppAuth.build/Debug-iphonesimulator/AppAuthCore.build/Objects-normal/x86_64/OIDResponseTypes.dia -c /Users/siam/Library/Developer/Xcode/DerivedData/Lingua_Quest-gvpckrqxtbgyprbgppjfqmimmmfw/SourcePackages/checkouts/AppAuth-iOS/Sources/AppAuthCore/OIDResponseTypes.m -o /Users/siam/Library/Developer/Xcode/DerivedData/Lingua_Quest-gvpckrqxtbgyprbgppjfqmimmmfw/Build/Intermediates.noindex/AppAuth.build/Debug-iphonesimulator/AppAuthCore.build/Objects-normal/x86_64/OIDResponseTypes.o -index-unit-output-path /AppAuth.build/Debug-iphonesimulator/AppAuthCore.build/Objects-normal/x86_64/OIDResponseTypes.o

CompileC /Users/siam/Library/Developer/Xcode/DerivedData/Lingua_Quest-gvpckrqxtbgyprbgppjfqmimmmfw/Build/Intermediates.noindex/AppAuth.build/Debug-iphonesimulator/AppAuthCore.build/Objects-normal/x86_64/OIDScopes.o /Users/siam/Library/Developer/Xcode/DerivedData/Lingua_Quest-gvpckrqxtbgyprbgppjfqmimmmfw/SourcePackages/checkouts/AppAuth-iOS/Sources/AppAuthCore/OIDScopes.m normal x86_64 objective-c com.apple.compilers.llvm.clang.1_0.compiler (in target 'AppAuthCore' from project 'AppAuth')
    cd /Users/siam/Desktop/Lingua\ Quest/Lingua\ Quest.xcodeproj
    
    Using response file: /Users/siam/Library/Developer/Xcode/DerivedData/Lingua_Quest-gvpckrqxtbgyprbgppjfqmimmmfw/Build/Intermediates.noindex/AppAuth.build/Debug-iphonesimulator/AppAuthCore.build/Objects-normal/x86_64/e6072d4f65d7061329687fe24e3d63a7-common-args.resp
    
    /Applications/Xcode.app/Contents/Developer/Toolchains/XcodeDefault.xctoolchain/usr/bin/clang -x objective-c -ivfsstatcache /Users/siam/Library/Developer/Xcode/DerivedData/SDKStatCaches.noindex/iphonesimulator26.0-23A339-26257891a6c027eb51374368541b8346.sdkstatcache -fmessage-length\=0 -fdiagnostics-show-note-include-stack -fmacro-backtrace-limit\=0 -fno-color-diagnostics -fmodules-prune-interval\=86400 -fmodules-prune-after\=345600 -fbuild-session-file\=/Users/siam/Library/Developer/Xcode/DerivedData/ModuleCache.noindex/Session.modulevalidation -fmodules-validate-once-per-build-session -Wnon-modular-include-in-framework-module -Werror\=non-modular-include-in-framework-module -Wno-trigraphs -Wno-missing-field-initializers -Wno-missing-prototypes -Wno-return-type -Wno-implicit-atomic-properties -Wno-objc-interface-ivars -Wno-arc-repeated-use-of-weak -Wno-missing-braces -Wparentheses -Wswitch -Wno-unused-function -Wno-unused-label -Wno-unused-parameter -Wno-unused-variable -Wunused-value -Wno-empty-body -Wno-uninitialized -Wno-unknown-pragmas -w -Wno-shadow -Wno-four-char-constants -Wno-conversion -Wno-constant-conversion -Wno-int-conversion -Wno-bool-conversion -Wno-enum-conversion -Wno-float-conversion -Wno-non-literal-null-conversion -Wno-objc-literal-conversion -Wshorten-64-to-32 -Wpointer-sign -Wno-newline-eof -Wno-selector -Wno-strict-selector-match -Wno-undeclared-selector -Wno-deprecated-implementations -Wno-implicit-fallthrough -fstrict-aliasing -Wprotocol -Wdeprecated-declarations -Wno-sign-conversion -Wno-infinite-recursion -Wno-comma -Wno-block-capture-autoreleasing -Wno-strict-prototypes -Wno-semicolon-before-method-body -index-store-path /Users/siam/Library/Developer/Xcode/DerivedData/Lingua_Quest-gvpckrqxtbgyprbgppjfqmimmmfw/Index.noindex/DataStore @/Users/siam/Library/Developer/Xcode/DerivedData/Lingua_Quest-gvpckrqxtbgyprbgppjfqmimmmfw/Build/Intermediates.noindex/AppAuth.build/Debug-iphonesimulator/AppAuthCore.build/Objects-normal/x86_64/e6072d4f65d7061329687fe24e3d63a7-common-args.resp -include /Users/siam/Library/Developer/Xcode/DerivedData/Lingua_Quest-gvpckrqxtbgyprbgppjfqmimmmfw/Build/Intermediates.noindex/AppAuth.build/Debug-iphonesimulator/AppAuthCore.build/DerivedSources/resource_bundle_accessor.h -MMD -MT dependencies -MF /Users/siam/Library/Developer/Xcode/DerivedData/Lingua_Quest-gvpckrqxtbgyprbgppjfqmimmmfw/Build/Intermediates.noindex/AppAuth.build/Debug-iphonesimulator/AppAuthCore.build/Objects-normal/x86_64/OIDScopes.d --serialize-diagnostics /Users/siam/Library/Developer/Xcode/DerivedData/Lingua_Quest-gvpckrqxtbgyprbgppjfqmimmmfw/Build/Intermediates.noindex/AppAuth.build/Debug-iphonesimulator/AppAuthCore.build/Objects-normal/x86_64/OIDScopes.dia -c /Users/siam/Library/Developer/Xcode/DerivedData/Lingua_Quest-gvpckrqxtbgyprbgppjfqmimmmfw/SourcePackages/checkouts/AppAuth-iOS/Sources/AppAuthCore/OIDScopes.m -o /Users/siam/Library/Developer/Xcode/DerivedData/Lingua_Quest-gvpckrqxtbgyprbgppjfqmimmmfw/Build/Intermediates.noindex/AppAuth.build/Debug-iphonesimulator/AppAuthCore.build/Objects-normal/x86_64/OIDScopes.o -index-unit-output-path /AppAuth.build/Debug-iphonesimulator/AppAuthCore.build/Objects-normal/x86_64/OIDScopes.o

ScanDependencies /Users/siam/Library/Developer/Xcode/DerivedData/Lingua_Quest-gvpckrqxtbgyprbgppjfqmimmmfw/Build/Intermediates.noindex/AppAuth.build/Debug-iphonesimulator/AppAuthCore.build/Objects-normal/x86_64/OIDRegistrationResponse.o /Users/siam/Library/Developer/Xcode/DerivedData/Lingua_Quest-gvpckrqxtbgyprbgppjfqmimmmfw/SourcePackages/checkouts/AppAuth-iOS/Sources/AppAuthCore/OIDRegistrationResponse.m normal x86_64 objective-c com.apple.compilers.llvm.clang.1_0.compiler (in target 'AppAuthCore' from project 'AppAuth')
    cd /Users/siam/Desktop/Lingua\ Quest/Lingua\ Quest.xcodeproj
    
    Using response file: /Users/siam/Library/Developer/Xcode/DerivedData/Lingua_Quest-gvpckrqxtbgyprbgppjfqmimmmfw/Build/Intermediates.noindex/AppAuth.build/Debug-iphonesimulator/AppAuthCore.build/Objects-normal/x86_64/e6072d4f65d7061329687fe24e3d63a7-common-args.resp
    
    builtin-ScanDependencies -o /Users/siam/Library/Developer/Xcode/DerivedData/Lingua_Quest-gvpckrqxtbgyprbgppjfqmimmmfw/Build/Intermediates.noindex/AppAuth.build/Debug-iphonesimulator/AppAuthCore.build/Objects-normal/x86_64/OIDRegistrationResponse.o.scan -- /Applications/Xcode.app/Contents/Developer/Toolchains/XcodeDefault.xctoolchain/usr/bin/clang -x objective-c -ivfsstatcache /Users/siam/Library/Developer/Xcode/DerivedData/SDKStatCaches.noindex/iphonesimulator26.0-23A339-26257891a6c027eb51374368541b8346.sdkstatcache -fmessage-length\=0 -fdiagnostics-show-note-include-stack -fmacro-backtrace-limit\=0 -fno-color-diagnostics -fmodules-prune-interval\=86400 -fmodules-prune-after\=345600 -fbuild-session-file\=/Users/siam/Library/Developer/Xcode/DerivedData/ModuleCache.noindex/Session.modulevalidation -fmodules-validate-once-per-build-session -Wnon-modular-include-in-framework-module -Werror\=non-modular-include-in-framework-module -Wno-trigraphs -Wno-missing-field-initializers -Wno-missing-prototypes -Wno-return-type -Wno-implicit-atomic-properties -Wno-objc-interface-ivars -Wno-arc-repeated-use-of-weak -Wno-missing-braces -Wparentheses -Wswitch -Wno-unused-function -Wno-unused-label -Wno-unused-parameter -Wno-unused-variable -Wunused-value -Wno-empty-body -Wno-uninitialized -Wno-unknown-pragmas -w -Wno-shadow -Wno-four-char-constants -Wno-conversion -Wno-constant-conversion -Wno-int-conversion -Wno-bool-conversion -Wno-enum-conversion -Wno-float-conversion -Wno-non-literal-null-conversion -Wno-objc-literal-conversion -Wshorten-64-to-32 -Wpointer-sign -Wno-newline-eof -Wno-selector -Wno-strict-selector-match -Wno-undeclared-selector -Wno-deprecated-implementations -Wno-implicit-fallthrough -fstrict-aliasing -Wprotocol -Wdeprecated-declarations -Wno-sign-conversion -Wno-infinite-recursion -Wno-comma -Wno-block-capture-autoreleasing -Wno-strict-prototypes -Wno-semicolon-before-method-body -index-store-path /Users/siam/Library/Developer/Xcode/DerivedData/Lingua_Quest-gvpckrqxtbgyprbgppjfqmimmmfw/Index.noindex/DataStore @/Users/siam/Library/Developer/Xcode/DerivedData/Lingua_Quest-gvpckrqxtbgyprbgppjfqmimmmfw/Build/Intermediates.noindex/AppAuth.build/Debug-iphonesimulator/AppAuthCore.build/Objects-normal/x86_64/e6072d4f65d7061329687fe24e3d63a7-common-args.resp -include /Users/siam/Library/Developer/Xcode/DerivedData/Lingua_Quest-gvpckrqxtbgyprbgppjfqmimmmfw/Build/Intermediates.noindex/AppAuth.build/Debug-iphonesimulator/AppAuthCore.build/DerivedSources/resource_bundle_accessor.h -MMD -MT dependencies -MF /Users/siam/Library/Developer/Xcode/DerivedData/Lingua_Quest-gvpckrqxtbgyprbgppjfqmimmmfw/Build/Intermediates.noindex/AppAuth.build/Debug-iphonesimulator/AppAuthCore.build/Objects-normal/x86_64/OIDRegistrationResponse.d --serialize-diagnostics /Users/siam/Library/Developer/Xcode/DerivedData/Lingua_Quest-gvpckrqxtbgyprbgppjfqmimmmfw/Build/Intermediates.noindex/AppAuth.build/Debug-iphonesimulator/AppAuthCore.build/Objects-normal/x86_64/OIDRegistrationResponse.dia -c /Users/siam/Library/Developer/Xcode/DerivedData/Lingua_Quest-gvpckrqxtbgyprbgppjfqmimmmfw/SourcePackages/checkouts/AppAuth-iOS/Sources/AppAuthCore/OIDRegistrationResponse.m -o /Users/siam/Library/Developer/Xcode/DerivedData/Lingua_Quest-gvpckrqxtbgyprbgppjfqmimmmfw/Build/Intermediates.noindex/AppAuth.build/Debug-iphonesimulator/AppAuthCore.build/Objects-normal/x86_64/OIDRegistrationResponse.o -index-unit-output-path /AppAuth.build/Debug-iphonesimulator/AppAuthCore.build/Objects-normal/x86_64/OIDRegistrationResponse.o

CompileC /Users/siam/Library/Developer/Xcode/DerivedData/Lingua_Quest-gvpckrqxtbgyprbgppjfqmimmmfw/Build/Intermediates.noindex/AppAuth.build/Debug-iphonesimulator/AppAuthCore.build/Objects-normal/x86_64/OIDScopeUtilities.o /Users/siam/Library/Developer/Xcode/DerivedData/Lingua_Quest-gvpckrqxtbgyprbgppjfqmimmmfw/SourcePackages/checkouts/AppAuth-iOS/Sources/AppAuthCore/OIDScopeUtilities.m normal x86_64 objective-c com.apple.compilers.llvm.clang.1_0.compiler (in target 'AppAuthCore' from project 'AppAuth')
    cd /Users/siam/Desktop/Lingua\ Quest/Lingua\ Quest.xcodeproj
    
    Using response file: /Users/siam/Library/Developer/Xcode/DerivedData/Lingua_Quest-gvpckrqxtbgyprbgppjfqmimmmfw/Build/Intermediates.noindex/AppAuth.build/Debug-iphonesimulator/AppAuthCore.build/Objects-normal/x86_64/e6072d4f65d7061329687fe24e3d63a7-common-args.resp
    
    /Applications/Xcode.app/Contents/Developer/Toolchains/XcodeDefault.xctoolchain/usr/bin/clang -x objective-c -ivfsstatcache /Users/siam/Library/Developer/Xcode/DerivedData/SDKStatCaches.noindex/iphonesimulator26.0-23A339-26257891a6c027eb51374368541b8346.sdkstatcache -fmessage-length\=0 -fdiagnostics-show-note-include-stack -fmacro-backtrace-limit\=0 -fno-color-diagnostics -fmodules-prune-interval\=86400 -fmodules-prune-after\=345600 -fbuild-session-file\=/Users/siam/Library/Developer/Xcode/DerivedData/ModuleCache.noindex/Session.modulevalidation -fmodules-validate-once-per-build-session -Wnon-modular-include-in-framework-module -Werror\=non-modular-include-in-framework-module -Wno-trigraphs -Wno-missing-field-initializers -Wno-missing-prototypes -Wno-return-type -Wno-implicit-atomic-properties -Wno-objc-interface-ivars -Wno-arc-repeated-use-of-weak -Wno-missing-braces -Wparentheses -Wswitch -Wno-unused-function -Wno-unused-label -Wno-unused-parameter -Wno-unused-variable -Wunused-value -Wno-empty-body -Wno-uninitialized -Wno-unknown-pragmas -w -Wno-shadow -Wno-four-char-constants -Wno-conversion -Wno-constant-conversion -Wno-int-conversion -Wno-bool-conversion -Wno-enum-conversion -Wno-float-conversion -Wno-non-literal-null-conversion -Wno-objc-literal-conversion -Wshorten-64-to-32 -Wpointer-sign -Wno-newline-eof -Wno-selector -Wno-strict-selector-match -Wno-undeclared-selector -Wno-deprecated-implementations -Wno-implicit-fallthrough -fstrict-aliasing -Wprotocol -Wdeprecated-declarations -Wno-sign-conversion -Wno-infinite-recursion -Wno-comma -Wno-block-capture-autoreleasing -Wno-strict-prototypes -Wno-semicolon-before-method-body -index-store-path /Users/siam/Library/Developer/Xcode/DerivedData/Lingua_Quest-gvpckrqxtbgyprbgppjfqmimmmfw/Index.noindex/DataStore @/Users/siam/Library/Developer/Xcode/DerivedData/Lingua_Quest-gvpckrqxtbgyprbgppjfqmimmmfw/Build/Intermediates.noindex/AppAuth.build/Debug-iphonesimulator/AppAuthCore.build/Objects-normal/x86_64/e6072d4f65d7061329687fe24e3d63a7-common-args.resp -include /Users/siam/Library/Developer/Xcode/DerivedData/Lingua_Quest-gvpckrqxtbgyprbgppjfqmimmmfw/Build/Intermediates.noindex/AppAuth.build/Debug-iphonesimulator/AppAuthCore.build/DerivedSources/resource_bundle_accessor.h -MMD -MT dependencies -MF /Users/siam/Library/Developer/Xcode/DerivedData/Lingua_Quest-gvpckrqxtbgyprbgppjfqmimmmfw/Build/Intermediates.noindex/AppAuth.build/Debug-iphonesimulator/AppAuthCore.build/Objects-normal/x86_64/OIDScopeUtilities.d --serialize-diagnostics /Users/siam/Library/Developer/Xcode/DerivedData/Lingua_Quest-gvpckrqxtbgyprbgppjfqmimmmfw/Build/Intermediates.noindex/AppAuth.build/Debug-iphonesimulator/AppAuthCore.build/Objects-normal/x86_64/OIDScopeUtilities.dia -c /Users/siam/Library/Developer/Xcode/DerivedData/Lingua_Quest-gvpckrqxtbgyprbgppjfqmimmmfw/SourcePackages/checkouts/AppAuth-iOS/Sources/AppAuthCore/OIDScopeUtilities.m -o /Users/siam/Library/Developer/Xcode/DerivedData/Lingua_Quest-gvpckrqxtbgyprbgppjfqmimmmfw/Build/Intermediates.noindex/AppAuth.build/Debug-iphonesimulator/AppAuthCore.build/Objects-normal/x86_64/OIDScopeUtilities.o -index-unit-output-path /AppAuth.build/Debug-iphonesimulator/AppAuthCore.build/Objects-normal/x86_64/OIDScopeUtilities.o

PrecompileModule /Users/siam/Library/Developer/Xcode/DerivedData/Lingua_Quest-gvpckrqxtbgyprbgppjfqmimmmfw/Build/Intermediates.noindex/ExplicitPrecompiledModules/Security-AIC8O7EDF5QFCP5APRTC6JLSE.scan
    cd /
    builtin-precompileModule /Users/siam/Library/Developer/Xcode/DerivedData/Lingua_Quest-gvpckrqxtbgyprbgppjfqmimmmfw/Build/Intermediates.noindex/ExplicitPrecompiledModules/Security-AIC8O7EDF5QFCP5APRTC6JLSE.scan

CompileC /Users/siam/Library/Developer/Xcode/DerivedData/Lingua_Quest-gvpckrqxtbgyprbgppjfqmimmmfw/Build/Intermediates.noindex/AppAuth.build/Debug-iphonesimulator/AppAuthCore.build/Objects-normal/x86_64/OIDServiceConfiguration.o /Users/siam/Library/Developer/Xcode/DerivedData/Lingua_Quest-gvpckrqxtbgyprbgppjfqmimmmfw/SourcePackages/checkouts/AppAuth-iOS/Sources/AppAuthCore/OIDServiceConfiguration.m normal x86_64 objective-c com.apple.compilers.llvm.clang.1_0.compiler (in target 'AppAuthCore' from project 'AppAuth')
    cd /Users/siam/Desktop/Lingua\ Quest/Lingua\ Quest.xcodeproj
    
    Using response file: /Users/siam/Library/Developer/Xcode/DerivedData/Lingua_Quest-gvpckrqxtbgyprbgppjfqmimmmfw/Build/Intermediates.noindex/AppAuth.build/Debug-iphonesimulator/AppAuthCore.build/Objects-normal/x86_64/e6072d4f65d7061329687fe24e3d63a7-common-args.resp
    
    /Applications/Xcode.app/Contents/Developer/Toolchains/XcodeDefault.xctoolchain/usr/bin/clang -x objective-c -ivfsstatcache /Users/siam/Library/Developer/Xcode/DerivedData/SDKStatCaches.noindex/iphonesimulator26.0-23A339-26257891a6c027eb51374368541b8346.sdkstatcache -fmessage-length\=0 -fdiagnostics-show-note-include-stack -fmacro-backtrace-limit\=0 -fno-color-diagnostics -fmodules-prune-interval\=86400 -fmodules-prune-after\=345600 -fbuild-session-file\=/Users/siam/Library/Developer/Xcode/DerivedData/ModuleCache.noindex/Session.modulevalidation -fmodules-validate-once-per-build-session -Wnon-modular-include-in-framework-module -Werror\=non-modular-include-in-framework-module -Wno-trigraphs -Wno-missing-field-initializers -Wno-missing-prototypes -Wno-return-type -Wno-implicit-atomic-properties -Wno-objc-interface-ivars -Wno-arc-repeated-use-of-weak -Wno-missing-braces -Wparentheses -Wswitch -Wno-unused-function -Wno-unused-label -Wno-unused-parameter -Wno-unused-variable -Wunused-value -Wno-empty-body -Wno-uninitialized -Wno-unknown-pragmas -w -Wno-shadow -Wno-four-char-constants -Wno-conversion -Wno-constant-conversion -Wno-int-conversion -Wno-bool-conversion -Wno-enum-conversion -Wno-float-conversion -Wno-non-literal-null-conversion -Wno-objc-literal-conversion -Wshorten-64-to-32 -Wpointer-sign -Wno-newline-eof -Wno-selector -Wno-strict-selector-match -Wno-undeclared-selector -Wno-deprecated-implementations -Wno-implicit-fallthrough -fstrict-aliasing -Wprotocol -Wdeprecated-declarations -Wno-sign-conversion -Wno-infinite-recursion -Wno-comma -Wno-block-capture-autoreleasing -Wno-strict-prototypes -Wno-semicolon-before-method-body -index-store-path /Users/siam/Library/Developer/Xcode/DerivedData/Lingua_Quest-gvpckrqxtbgyprbgppjfqmimmmfw/Index.noindex/DataStore @/Users/siam/Library/Developer/Xcode/DerivedData/Lingua_Quest-gvpckrqxtbgyprbgppjfqmimmmfw/Build/Intermediates.noindex/AppAuth.build/Debug-iphonesimulator/AppAuthCore.build/Objects-normal/x86_64/e6072d4f65d7061329687fe24e3d63a7-common-args.resp -include /Users/siam/Library/Developer/Xcode/DerivedData/Lingua_Quest-gvpckrqxtbgyprbgppjfqmimmmfw/Build/Intermediates.noindex/AppAuth.build/Debug-iphonesimulator/AppAuthCore.build/DerivedSources/resource_bundle_accessor.h -MMD -MT dependencies -MF /Users/siam/Library/Developer/Xcode/DerivedData/Lingua_Quest-gvpckrqxtbgyprbgppjfqmimmmfw/Build/Intermediates.noindex/AppAuth.build/Debug-iphonesimulator/AppAuthCore.build/Objects-normal/x86_64/OIDServiceConfiguration.d --serialize-diagnostics /Users/siam/Library/Developer/Xcode/DerivedData/Lingua_Quest-gvpckrqxtbgyprbgppjfqmimmmfw/Build/Intermediates.noindex/AppAuth.build/Debug-iphonesimulator/AppAuthCore.build/Objects-normal/x86_64/OIDServiceConfiguration.dia -c /Users/siam/Library/Developer/Xcode/DerivedData/Lingua_Quest-gvpckrqxtbgyprbgppjfqmimmmfw/SourcePackages/checkouts/AppAuth-iOS/Sources/AppAuthCore/OIDServiceConfiguration.m -o /Users/siam/Library/Developer/Xcode/DerivedData/Lingua_Quest-gvpckrqxtbgyprbgppjfqmimmmfw/Build/Intermediates.noindex/AppAuth.build/Debug-iphonesimulator/AppAuthCore.build/Objects-normal/x86_64/OIDServiceConfiguration.o -index-unit-output-path /AppAuth.build/Debug-iphonesimulator/AppAuthCore.build/Objects-normal/x86_64/OIDServiceConfiguration.o

PrecompileModule /Users/siam/Library/Developer/Xcode/DerivedData/Lingua_Quest-gvpckrqxtbgyprbgppjfqmimmmfw/Build/Intermediates.noindex/ExplicitPrecompiledModules/CFNetwork-CZDC7GW0WYB0PK2PV7MJKKQ0H.scan
    cd /
    builtin-precompileModule /Users/siam/Library/Developer/Xcode/DerivedData/Lingua_Quest-gvpckrqxtbgyprbgppjfqmimmmfw/Build/Intermediates.noindex/ExplicitPrecompiledModules/CFNetwork-CZDC7GW0WYB0PK2PV7MJKKQ0H.scan

ScanDependencies /Users/siam/Library/Developer/Xcode/DerivedData/Lingua_Quest-gvpckrqxtbgyprbgppjfqmimmmfw/Build/Intermediates.noindex/AppAuth.build/Debug-iphonesimulator/AppAuthCore.build/Objects-normal/x86_64/OIDRegistrationRequest.o /Users/siam/Library/Developer/Xcode/DerivedData/Lingua_Quest-gvpckrqxtbgyprbgppjfqmimmmfw/SourcePackages/checkouts/AppAuth-iOS/Sources/AppAuthCore/OIDRegistrationRequest.m normal x86_64 objective-c com.apple.compilers.llvm.clang.1_0.compiler (in target 'AppAuthCore' from project 'AppAuth')
    cd /Users/siam/Desktop/Lingua\ Quest/Lingua\ Quest.xcodeproj
    
    Using response file: /Users/siam/Library/Developer/Xcode/DerivedData/Lingua_Quest-gvpckrqxtbgyprbgppjfqmimmmfw/Build/Intermediates.noindex/AppAuth.build/Debug-iphonesimulator/AppAuthCore.build/Objects-normal/x86_64/e6072d4f65d7061329687fe24e3d63a7-common-args.resp
    
    builtin-ScanDependencies -o /Users/siam/Library/Developer/Xcode/DerivedData/Lingua_Quest-gvpckrqxtbgyprbgppjfqmimmmfw/Build/Intermediates.noindex/AppAuth.build/Debug-iphonesimulator/AppAuthCore.build/Objects-normal/x86_64/OIDRegistrationRequest.o.scan -- /Applications/Xcode.app/Contents/Developer/Toolchains/XcodeDefault.xctoolchain/usr/bin/clang -x objective-c -ivfsstatcache /Users/siam/Library/Developer/Xcode/DerivedData/SDKStatCaches.noindex/iphonesimulator26.0-23A339-26257891a6c027eb51374368541b8346.sdkstatcache -fmessage-length\=0 -fdiagnostics-show-note-include-stack -fmacro-backtrace-limit\=0 -fno-color-diagnostics -fmodules-prune-interval\=86400 -fmodules-prune-after\=345600 -fbuild-session-file\=/Users/siam/Library/Developer/Xcode/DerivedData/ModuleCache.noindex/Session.modulevalidation -fmodules-validate-once-per-build-session -Wnon-modular-include-in-framework-module -Werror\=non-modular-include-in-framework-module -Wno-trigraphs -Wno-missing-field-initializers -Wno-missing-prototypes -Wno-return-type -Wno-implicit-atomic-properties -Wno-objc-interface-ivars -Wno-arc-repeated-use-of-weak -Wno-missing-braces -Wparentheses -Wswitch -Wno-unused-function -Wno-unused-label -Wno-unused-parameter -Wno-unused-variable -Wunused-value -Wno-empty-body -Wno-uninitialized -Wno-unknown-pragmas -w -Wno-shadow -Wno-four-char-constants -Wno-conversion -Wno-constant-conversion -Wno-int-conversion -Wno-bool-conversion -Wno-enum-conversion -Wno-float-conversion -Wno-non-literal-null-conversion -Wno-objc-literal-conversion -Wshorten-64-to-32 -Wpointer-sign -Wno-newline-eof -Wno-selector -Wno-strict-selector-match -Wno-undeclared-selector -Wno-deprecated-implementations -Wno-implicit-fallthrough -fstrict-aliasing -Wprotocol -Wdeprecated-declarations -Wno-sign-conversion -Wno-infinite-recursion -Wno-comma -Wno-block-capture-autoreleasing -Wno-strict-prototypes -Wno-semicolon-before-method-body -index-store-path /Users/siam/Library/Developer/Xcode/DerivedData/Lingua_Quest-gvpckrqxtbgyprbgppjfqmimmmfw/Index.noindex/DataStore @/Users/siam/Library/Developer/Xcode/DerivedData/Lingua_Quest-gvpckrqxtbgyprbgppjfqmimmmfw/Build/Intermediates.noindex/AppAuth.build/Debug-iphonesimulator/AppAuthCore.build/Objects-normal/x86_64/e6072d4f65d7061329687fe24e3d63a7-common-args.resp -include /Users/siam/Library/Developer/Xcode/DerivedData/Lingua_Quest-gvpckrqxtbgyprbgppjfqmimmmfw/Build/Intermediates.noindex/AppAuth.build/Debug-iphonesimulator/AppAuthCore.build/DerivedSources/resource_bundle_accessor.h -MMD -MT dependencies -MF /Users/siam/Library/Developer/Xcode/DerivedData/Lingua_Quest-gvpckrqxtbgyprbgppjfqmimmmfw/Build/Intermediates.noindex/AppAuth.build/Debug-iphonesimulator/AppAuthCore.build/Objects-normal/x86_64/OIDRegistrationRequest.d --serialize-diagnostics /Users/siam/Library/Developer/Xcode/DerivedData/Lingua_Quest-gvpckrqxtbgyprbgppjfqmimmmfw/Build/Intermediates.noindex/AppAuth.build/Debug-iphonesimulator/AppAuthCore.build/Objects-normal/x86_64/OIDRegistrationRequest.dia -c /Users/siam/Library/Developer/Xcode/DerivedData/Lingua_Quest-gvpckrqxtbgyprbgppjfqmimmmfw/SourcePackages/checkouts/AppAuth-iOS/Sources/AppAuthCore/OIDRegistrationRequest.m -o /Users/siam/Library/Developer/Xcode/DerivedData/Lingua_Quest-gvpckrqxtbgyprbgppjfqmimmmfw/Build/Intermediates.noindex/AppAuth.build/Debug-iphonesimulator/AppAuthCore.build/Objects-normal/x86_64/OIDRegistrationRequest.o -index-unit-output-path /AppAuth.build/Debug-iphonesimulator/AppAuthCore.build/Objects-normal/x86_64/OIDRegistrationRequest.o

ScanDependencies /Users/siam/Library/Developer/Xcode/DerivedData/Lingua_Quest-gvpckrqxtbgyprbgppjfqmimmmfw/Build/Intermediates.noindex/AppAuth.build/Debug-iphonesimulator/AppAuthCore.build/Objects-normal/x86_64/OIDIDToken.o /Users/siam/Library/Developer/Xcode/DerivedData/Lingua_Quest-gvpckrqxtbgyprbgppjfqmimmmfw/SourcePackages/checkouts/AppAuth-iOS/Sources/AppAuthCore/OIDIDToken.m normal x86_64 objective-c com.apple.compilers.llvm.clang.1_0.compiler (in target 'AppAuthCore' from project 'AppAuth')
    cd /Users/siam/Desktop/Lingua\ Quest/Lingua\ Quest.xcodeproj
    
    Using response file: /Users/siam/Library/Developer/Xcode/DerivedData/Lingua_Quest-gvpckrqxtbgyprbgppjfqmimmmfw/Build/Intermediates.noindex/AppAuth.build/Debug-iphonesimulator/AppAuthCore.build/Objects-normal/x86_64/e6072d4f65d7061329687fe24e3d63a7-common-args.resp
    
    builtin-ScanDependencies -o /Users/siam/Library/Developer/Xcode/DerivedData/Lingua_Quest-gvpckrqxtbgyprbgppjfqmimmmfw/Build/Intermediates.noindex/AppAuth.build/Debug-iphonesimulator/AppAuthCore.build/Objects-normal/x86_64/OIDIDToken.o.scan -- /Applications/Xcode.app/Contents/Developer/Toolchains/XcodeDefault.xctoolchain/usr/bin/clang -x objective-c -ivfsstatcache /Users/siam/Library/Developer/Xcode/DerivedData/SDKStatCaches.noindex/iphonesimulator26.0-23A339-26257891a6c027eb51374368541b8346.sdkstatcache -fmessage-length\=0 -fdiagnostics-show-note-include-stack -fmacro-backtrace-limit\=0 -fno-color-diagnostics -fmodules-prune-interval\=86400 -fmodules-prune-after\=345600 -fbuild-session-file\=/Users/siam/Library/Developer/Xcode/DerivedData/ModuleCache.noindex/Session.modulevalidation -fmodules-validate-once-per-build-session -Wnon-modular-include-in-framework-module -Werror\=non-modular-include-in-framework-module -Wno-trigraphs -Wno-missing-field-initializers -Wno-missing-prototypes -Wno-return-type -Wno-implicit-atomic-properties -Wno-objc-interface-ivars -Wno-arc-repeated-use-of-weak -Wno-missing-braces -Wparentheses -Wswitch -Wno-unused-function -Wno-unused-label -Wno-unused-parameter -Wno-unused-variable -Wunused-value -Wno-empty-body -Wno-uninitialized -Wno-unknown-pragmas -w -Wno-shadow -Wno-four-char-constants -Wno-conversion -Wno-constant-conversion -Wno-int-conversion -Wno-bool-conversion -Wno-enum-conversion -Wno-float-conversion -Wno-non-literal-null-conversion -Wno-objc-literal-conversion -Wshorten-64-to-32 -Wpointer-sign -Wno-newline-eof -Wno-selector -Wno-strict-selector-match -Wno-undeclared-selector -Wno-deprecated-implementations -Wno-implicit-fallthrough -fstrict-aliasing -Wprotocol -Wdeprecated-declarations -Wno-sign-conversion -Wno-infinite-recursion -Wno-comma -Wno-block-capture-autoreleasing -Wno-strict-prototypes -Wno-semicolon-before-method-body -index-store-path /Users/siam/Library/Developer/Xcode/DerivedData/Lingua_Quest-gvpckrqxtbgyprbgppjfqmimmmfw/Index.noindex/DataStore @/Users/siam/Library/Developer/Xcode/DerivedData/Lingua_Quest-gvpckrqxtbgyprbgppjfqmimmmfw/Build/Intermediates.noindex/AppAuth.build/Debug-iphonesimulator/AppAuthCore.build/Objects-normal/x86_64/e6072d4f65d7061329687fe24e3d63a7-common-args.resp -include /Users/siam/Library/Developer/Xcode/DerivedData/Lingua_Quest-gvpckrqxtbgyprbgppjfqmimmmfw/Build/Intermediates.noindex/AppAuth.build/Debug-iphonesimulator/AppAuthCore.build/DerivedSources/resource_bundle_accessor.h -MMD -MT dependencies -MF /Users/siam/Library/Developer/Xcode/DerivedData/Lingua_Quest-gvpckrqxtbgyprbgppjfqmimmmfw/Build/Intermediates.noindex/AppAuth.build/Debug-iphonesimulator/AppAuthCore.build/Objects-normal/x86_64/OIDIDToken.d --serialize-diagnostics /Users/siam/Library/Developer/Xcode/DerivedData/Lingua_Quest-gvpckrqxtbgyprbgppjfqmimmmfw/Build/Intermediates.noindex/AppAuth.build/Debug-iphonesimulator/AppAuthCore.build/Objects-normal/x86_64/OIDIDToken.dia -c /Users/siam/Library/Developer/Xcode/DerivedData/Lingua_Quest-gvpckrqxtbgyprbgppjfqmimmmfw/SourcePackages/checkouts/AppAuth-iOS/Sources/AppAuthCore/OIDIDToken.m -o /Users/siam/Library/Developer/Xcode/DerivedData/Lingua_Quest-gvpckrqxtbgyprbgppjfqmimmmfw/Build/Intermediates.noindex/AppAuth.build/Debug-iphonesimulator/AppAuthCore.build/Objects-normal/x86_64/OIDIDToken.o -index-unit-output-path /AppAuth.build/Debug-iphonesimulator/AppAuthCore.build/Objects-normal/x86_64/OIDIDToken.o

ScanDependencies /Users/siam/Library/Developer/Xcode/DerivedData/Lingua_Quest-gvpckrqxtbgyprbgppjfqmimmmfw/Build/Intermediates.noindex/AppAuth.build/Debug-iphonesimulator/AppAuthCore.build/Objects-normal/x86_64/OIDGrantTypes.o /Users/siam/Library/Developer/Xcode/DerivedData/Lingua_Quest-gvpckrqxtbgyprbgppjfqmimmmfw/SourcePackages/checkouts/AppAuth-iOS/Sources/AppAuthCore/OIDGrantTypes.m normal x86_64 objective-c com.apple.compilers.llvm.clang.1_0.compiler (in target 'AppAuthCore' from project 'AppAuth')
    cd /Users/siam/Desktop/Lingua\ Quest/Lingua\ Quest.xcodeproj
    
    Using response file: /Users/siam/Library/Developer/Xcode/DerivedData/Lingua_Quest-gvpckrqxtbgyprbgppjfqmimmmfw/Build/Intermediates.noindex/AppAuth.build/Debug-iphonesimulator/AppAuthCore.build/Objects-normal/x86_64/e6072d4f65d7061329687fe24e3d63a7-common-args.resp
    
    builtin-ScanDependencies -o /Users/siam/Library/Developer/Xcode/DerivedData/Lingua_Quest-gvpckrqxtbgyprbgppjfqmimmmfw/Build/Intermediates.noindex/AppAuth.build/Debug-iphonesimulator/AppAuthCore.build/Objects-normal/x86_64/OIDGrantTypes.o.scan -- /Applications/Xcode.app/Contents/Developer/Toolchains/XcodeDefault.xctoolchain/usr/bin/clang -x objective-c -ivfsstatcache /Users/siam/Library/Developer/Xcode/DerivedData/SDKStatCaches.noindex/iphonesimulator26.0-23A339-26257891a6c027eb51374368541b8346.sdkstatcache -fmessage-length\=0 -fdiagnostics-show-note-include-stack -fmacro-backtrace-limit\=0 -fno-color-diagnostics -fmodules-prune-interval\=86400 -fmodules-prune-after\=345600 -fbuild-session-file\=/Users/siam/Library/Developer/Xcode/DerivedData/ModuleCache.noindex/Session.modulevalidation -fmodules-validate-once-per-build-session -Wnon-modular-include-in-framework-module -Werror\=non-modular-include-in-framework-module -Wno-trigraphs -Wno-missing-field-initializers -Wno-missing-prototypes -Wno-return-type -Wno-implicit-atomic-properties -Wno-objc-interface-ivars -Wno-arc-repeated-use-of-weak -Wno-missing-braces -Wparentheses -Wswitch -Wno-unused-function -Wno-unused-label -Wno-unused-parameter -Wno-unused-variable -Wunused-value -Wno-empty-body -Wno-uninitialized -Wno-unknown-pragmas -w -Wno-shadow -Wno-four-char-constants -Wno-conversion -Wno-constant-conversion -Wno-int-conversion -Wno-bool-conversion -Wno-enum-conversion -Wno-float-conversion -Wno-non-literal-null-conversion -Wno-objc-literal-conversion -Wshorten-64-to-32 -Wpointer-sign -Wno-newline-eof -Wno-selector -Wno-strict-selector-match -Wno-undeclared-selector -Wno-deprecated-implementations -Wno-implicit-fallthrough -fstrict-aliasing -Wprotocol -Wdeprecated-declarations -Wno-sign-conversion -Wno-infinite-recursion -Wno-comma -Wno-block-capture-autoreleasing -Wno-strict-prototypes -Wno-semicolon-before-method-body -index-store-path /Users/siam/Library/Developer/Xcode/DerivedData/Lingua_Quest-gvpckrqxtbgyprbgppjfqmimmmfw/Index.noindex/DataStore @/Users/siam/Library/Developer/Xcode/DerivedData/Lingua_Quest-gvpckrqxtbgyprbgppjfqmimmmfw/Build/Intermediates.noindex/AppAuth.build/Debug-iphonesimulator/AppAuthCore.build/Objects-normal/x86_64/e6072d4f65d7061329687fe24e3d63a7-common-args.resp -include /Users/siam/Library/Developer/Xcode/DerivedData/Lingua_Quest-gvpckrqxtbgyprbgppjfqmimmmfw/Build/Intermediates.noindex/AppAuth.build/Debug-iphonesimulator/AppAuthCore.build/DerivedSources/resource_bundle_accessor.h -MMD -MT dependencies -MF /Users/siam/Library/Developer/Xcode/DerivedData/Lingua_Quest-gvpckrqxtbgyprbgppjfqmimmmfw/Build/Intermediates.noindex/AppAuth.build/Debug-iphonesimulator/AppAuthCore.build/Objects-normal/x86_64/OIDGrantTypes.d --serialize-diagnostics /Users/siam/Library/Developer/Xcode/DerivedData/Lingua_Quest-gvpckrqxtbgyprbgppjfqmimmmfw/Build/Intermediates.noindex/AppAuth.build/Debug-iphonesimulator/AppAuthCore.build/Objects-normal/x86_64/OIDGrantTypes.dia -c /Users/siam/Library/Developer/Xcode/DerivedData/Lingua_Quest-gvpckrqxtbgyprbgppjfqmimmmfw/SourcePackages/checkouts/AppAuth-iOS/Sources/AppAuthCore/OIDGrantTypes.m -o /Users/siam/Library/Developer/Xcode/DerivedData/Lingua_Quest-gvpckrqxtbgyprbgppjfqmimmmfw/Build/Intermediates.noindex/AppAuth.build/Debug-iphonesimulator/AppAuthCore.build/Objects-normal/x86_64/OIDGrantTypes.o -index-unit-output-path /AppAuth.build/Debug-iphonesimulator/AppAuthCore.build/Objects-normal/x86_64/OIDGrantTypes.o

ScanDependencies /Users/siam/Library/Developer/Xcode/DerivedData/Lingua_Quest-gvpckrqxtbgyprbgppjfqmimmmfw/Build/Intermediates.noindex/AppAuth.build/Debug-iphonesimulator/AppAuthCore.build/Objects-normal/x86_64/OIDFieldMapping.o /Users/siam/Library/Developer/Xcode/DerivedData/Lingua_Quest-gvpckrqxtbgyprbgppjfqmimmmfw/SourcePackages/checkouts/AppAuth-iOS/Sources/AppAuthCore/OIDFieldMapping.m normal x86_64 objective-c com.apple.compilers.llvm.clang.1_0.compiler (in target 'AppAuthCore' from project 'AppAuth')
    cd /Users/siam/Desktop/Lingua\ Quest/Lingua\ Quest.xcodeproj
    
    Using response file: /Users/siam/Library/Developer/Xcode/DerivedData/Lingua_Quest-gvpckrqxtbgyprbgppjfqmimmmfw/Build/Intermediates.noindex/AppAuth.build/Debug-iphonesimulator/AppAuthCore.build/Objects-normal/x86_64/e6072d4f65d7061329687fe24e3d63a7-common-args.resp
    
    builtin-ScanDependencies -o /Users/siam/Library/Developer/Xcode/DerivedData/Lingua_Quest-gvpckrqxtbgyprbgppjfqmimmmfw/Build/Intermediates.noindex/AppAuth.build/Debug-iphonesimulator/AppAuthCore.build/Objects-normal/x86_64/OIDFieldMapping.o.scan -- /Applications/Xcode.app/Contents/Developer/Toolchains/XcodeDefault.xctoolchain/usr/bin/clang -x objective-c -ivfsstatcache /Users/siam/Library/Developer/Xcode/DerivedData/SDKStatCaches.noindex/iphonesimulator26.0-23A339-26257891a6c027eb51374368541b8346.sdkstatcache -fmessage-length\=0 -fdiagnostics-show-note-include-stack -fmacro-backtrace-limit\=0 -fno-color-diagnostics -fmodules-prune-interval\=86400 -fmodules-prune-after\=345600 -fbuild-session-file\=/Users/siam/Library/Developer/Xcode/DerivedData/ModuleCache.noindex/Session.modulevalidation -fmodules-validate-once-per-build-session -Wnon-modular-include-in-framework-module -Werror\=non-modular-include-in-framework-module -Wno-trigraphs -Wno-missing-field-initializers -Wno-missing-prototypes -Wno-return-type -Wno-implicit-atomic-properties -Wno-objc-interface-ivars -Wno-arc-repeated-use-of-weak -Wno-missing-braces -Wparentheses -Wswitch -Wno-unused-function -Wno-unused-label -Wno-unused-parameter -Wno-unused-variable -Wunused-value -Wno-empty-body -Wno-uninitialized -Wno-unknown-pragmas -w -Wno-shadow -Wno-four-char-constants -Wno-conversion -Wno-constant-conversion -Wno-int-conversion -Wno-bool-conversion -Wno-enum-conversion -Wno-float-conversion -Wno-non-literal-null-conversion -Wno-objc-literal-conversion -Wshorten-64-to-32 -Wpointer-sign -Wno-newline-eof -Wno-selector -Wno-strict-selector-match -Wno-undeclared-selector -Wno-deprecated-implementations -Wno-implicit-fallthrough -fstrict-aliasing -Wprotocol -Wdeprecated-declarations -Wno-sign-conversion -Wno-infinite-recursion -Wno-comma -Wno-block-capture-autoreleasing -Wno-strict-prototypes -Wno-semicolon-before-method-body -index-store-path /Users/siam/Library/Developer/Xcode/DerivedData/Lingua_Quest-gvpckrqxtbgyprbgppjfqmimmmfw/Index.noindex/DataStore @/Users/siam/Library/Developer/Xcode/DerivedData/Lingua_Quest-gvpckrqxtbgyprbgppjfqmimmmfw/Build/Intermediates.noindex/AppAuth.build/Debug-iphonesimulator/AppAuthCore.build/Objects-normal/x86_64/e6072d4f65d7061329687fe24e3d63a7-common-args.resp -include /Users/siam/Library/Developer/Xcode/DerivedData/Lingua_Quest-gvpckrqxtbgyprbgppjfqmimmmfw/Build/Intermediates.noindex/AppAuth.build/Debug-iphonesimulator/AppAuthCore.build/DerivedSources/resource_bundle_accessor.h -MMD -MT dependencies -MF /Users/siam/Library/Developer/Xcode/DerivedData/Lingua_Quest-gvpckrqxtbgyprbgppjfqmimmmfw/Build/Intermediates.noindex/AppAuth.build/Debug-iphonesimulator/AppAuthCore.build/Objects-normal/x86_64/OIDFieldMapping.d --serialize-diagnostics /Users/siam/Library/Developer/Xcode/DerivedData/Lingua_Quest-gvpckrqxtbgyprbgppjfqmimmmfw/Build/Intermediates.noindex/AppAuth.build/Debug-iphonesimulator/AppAuthCore.build/Objects-normal/x86_64/OIDFieldMapping.dia -c /Users/siam/Library/Developer/Xcode/DerivedData/Lingua_Quest-gvpckrqxtbgyprbgppjfqmimmmfw/SourcePackages/checkouts/AppAuth-iOS/Sources/AppAuthCore/OIDFieldMapping.m -o /Users/siam/Library/Developer/Xcode/DerivedData/Lingua_Quest-gvpckrqxtbgyprbgppjfqmimmmfw/Build/Intermediates.noindex/AppAuth.build/Debug-iphonesimulator/AppAuthCore.build/Objects-normal/x86_64/OIDFieldMapping.o -index-unit-output-path /AppAuth.build/Debug-iphonesimulator/AppAuthCore.build/Objects-normal/x86_64/OIDFieldMapping.o

CompileC /Users/siam/Library/Developer/Xcode/DerivedData/Lingua_Quest-gvpckrqxtbgyprbgppjfqmimmmfw/Build/Intermediates.noindex/AppAuth.build/Debug-iphonesimulator/AppAuthCore.build/Objects-normal/x86_64/OIDResponseTypes.o /Users/siam/Library/Developer/Xcode/DerivedData/Lingua_Quest-gvpckrqxtbgyprbgppjfqmimmmfw/SourcePackages/checkouts/AppAuth-iOS/Sources/AppAuthCore/OIDResponseTypes.m normal x86_64 objective-c com.apple.compilers.llvm.clang.1_0.compiler (in target 'AppAuthCore' from project 'AppAuth')
    cd /Users/siam/Desktop/Lingua\ Quest/Lingua\ Quest.xcodeproj
    
    Using response file: /Users/siam/Library/Developer/Xcode/DerivedData/Lingua_Quest-gvpckrqxtbgyprbgppjfqmimmmfw/Build/Intermediates.noindex/AppAuth.build/Debug-iphonesimulator/AppAuthCore.build/Objects-normal/x86_64/e6072d4f65d7061329687fe24e3d63a7-common-args.resp
    
    /Applications/Xcode.app/Contents/Developer/Toolchains/XcodeDefault.xctoolchain/usr/bin/clang -x objective-c -ivfsstatcache /Users/siam/Library/Developer/Xcode/DerivedData/SDKStatCaches.noindex/iphonesimulator26.0-23A339-26257891a6c027eb51374368541b8346.sdkstatcache -fmessage-length\=0 -fdiagnostics-show-note-include-stack -fmacro-backtrace-limit\=0 -fno-color-diagnostics -fmodules-prune-interval\=86400 -fmodules-prune-after\=345600 -fbuild-session-file\=/Users/siam/Library/Developer/Xcode/DerivedData/ModuleCache.noindex/Session.modulevalidation -fmodules-validate-once-per-build-session -Wnon-modular-include-in-framework-module -Werror\=non-modular-include-in-framework-module -Wno-trigraphs -Wno-missing-field-initializers -Wno-missing-prototypes -Wno-return-type -Wno-implicit-atomic-properties -Wno-objc-interface-ivars -Wno-arc-repeated-use-of-weak -Wno-missing-braces -Wparentheses -Wswitch -Wno-unused-function -Wno-unused-label -Wno-unused-parameter -Wno-unused-variable -Wunused-value -Wno-empty-body -Wno-uninitialized -Wno-unknown-pragmas -w -Wno-shadow -Wno-four-char-constants -Wno-conversion -Wno-constant-conversion -Wno-int-conversion -Wno-bool-conversion -Wno-enum-conversion -Wno-float-conversion -Wno-non-literal-null-conversion -Wno-objc-literal-conversion -Wshorten-64-to-32 -Wpointer-sign -Wno-newline-eof -Wno-selector -Wno-strict-selector-match -Wno-undeclared-selector -Wno-deprecated-implementations -Wno-implicit-fallthrough -fstrict-aliasing -Wprotocol -Wdeprecated-declarations -Wno-sign-conversion -Wno-infinite-recursion -Wno-comma -Wno-block-capture-autoreleasing -Wno-strict-prototypes -Wno-semicolon-before-method-body -index-store-path /Users/siam/Library/Developer/Xcode/DerivedData/Lingua_Quest-gvpckrqxtbgyprbgppjfqmimmmfw/Index.noindex/DataStore @/Users/siam/Library/Developer/Xcode/DerivedData/Lingua_Quest-gvpckrqxtbgyprbgppjfqmimmmfw/Build/Intermediates.noindex/AppAuth.build/Debug-iphonesimulator/AppAuthCore.build/Objects-normal/x86_64/e6072d4f65d7061329687fe24e3d63a7-common-args.resp -include /Users/siam/Library/Developer/Xcode/DerivedData/Lingua_Quest-gvpckrqxtbgyprbgppjfqmimmmfw/Build/Intermediates.noindex/AppAuth.build/Debug-iphonesimulator/AppAuthCore.build/DerivedSources/resource_bundle_accessor.h -MMD -MT dependencies -MF /Users/siam/Library/Developer/Xcode/DerivedData/Lingua_Quest-gvpckrqxtbgyprbgppjfqmimmmfw/Build/Intermediates.noindex/AppAuth.build/Debug-iphonesimulator/AppAuthCore.build/Objects-normal/x86_64/OIDResponseTypes.d --serialize-diagnostics /Users/siam/Library/Developer/Xcode/DerivedData/Lingua_Quest-gvpckrqxtbgyprbgppjfqmimmmfw/Build/Intermediates.noindex/AppAuth.build/Debug-iphonesimulator/AppAuthCore.build/Objects-normal/x86_64/OIDResponseTypes.dia -c /Users/siam/Library/Developer/Xcode/DerivedData/Lingua_Quest-gvpckrqxtbgyprbgppjfqmimmmfw/SourcePackages/checkouts/AppAuth-iOS/Sources/AppAuthCore/OIDResponseTypes.m -o /Users/siam/Library/Developer/Xcode/DerivedData/Lingua_Quest-gvpckrqxtbgyprbgppjfqmimmmfw/Build/Intermediates.noindex/AppAuth.build/Debug-iphonesimulator/AppAuthCore.build/Objects-normal/x86_64/OIDResponseTypes.o -index-unit-output-path /AppAuth.build/Debug-iphonesimulator/AppAuthCore.build/Objects-normal/x86_64/OIDResponseTypes.o

CompileC /Users/siam/Library/Developer/Xcode/DerivedData/Lingua_Quest-gvpckrqxtbgyprbgppjfqmimmmfw/Build/Intermediates.noindex/AppAuth.build/Debug-iphonesimulator/AppAuthCore.build/Objects-normal/x86_64/OIDRegistrationRequest.o /Users/siam/Library/Developer/Xcode/DerivedData/Lingua_Quest-gvpckrqxtbgyprbgppjfqmimmmfw/SourcePackages/checkouts/AppAuth-iOS/Sources/AppAuthCore/OIDRegistrationRequest.m normal x86_64 objective-c com.apple.compilers.llvm.clang.1_0.compiler (in target 'AppAuthCore' from project 'AppAuth')
    cd /Users/siam/Desktop/Lingua\ Quest/Lingua\ Quest.xcodeproj
    
    Using response file: /Users/siam/Library/Developer/Xcode/DerivedData/Lingua_Quest-gvpckrqxtbgyprbgppjfqmimmmfw/Build/Intermediates.noindex/AppAuth.build/Debug-iphonesimulator/AppAuthCore.build/Objects-normal/x86_64/e6072d4f65d7061329687fe24e3d63a7-common-args.resp
    
    /Applications/Xcode.app/Contents/Developer/Toolchains/XcodeDefault.xctoolchain/usr/bin/clang -x objective-c -ivfsstatcache /Users/siam/Library/Developer/Xcode/DerivedData/SDKStatCaches.noindex/iphonesimulator26.0-23A339-26257891a6c027eb51374368541b8346.sdkstatcache -fmessage-length\=0 -fdiagnostics-show-note-include-stack -fmacro-backtrace-limit\=0 -fno-color-diagnostics -fmodules-prune-interval\=86400 -fmodules-prune-after\=345600 -fbuild-session-file\=/Users/siam/Library/Developer/Xcode/DerivedData/ModuleCache.noindex/Session.modulevalidation -fmodules-validate-once-per-build-session -Wnon-modular-include-in-framework-module -Werror\=non-modular-include-in-framework-module -Wno-trigraphs -Wno-missing-field-initializers -Wno-missing-prototypes -Wno-return-type -Wno-implicit-atomic-properties -Wno-objc-interface-ivars -Wno-arc-repeated-use-of-weak -Wno-missing-braces -Wparentheses -Wswitch -Wno-unused-function -Wno-unused-label -Wno-unused-parameter -Wno-unused-variable -Wunused-value -Wno-empty-body -Wno-uninitialized -Wno-unknown-pragmas -w -Wno-shadow -Wno-four-char-constants -Wno-conversion -Wno-constant-conversion -Wno-int-conversion -Wno-bool-conversion -Wno-enum-conversion -Wno-float-conversion -Wno-non-literal-null-conversion -Wno-objc-literal-conversion -Wshorten-64-to-32 -Wpointer-sign -Wno-newline-eof -Wno-selector -Wno-strict-selector-match -Wno-undeclared-selector -Wno-deprecated-implementations -Wno-implicit-fallthrough -fstrict-aliasing -Wprotocol -Wdeprecated-declarations -Wno-sign-conversion -Wno-infinite-recursion -Wno-comma -Wno-block-capture-autoreleasing -Wno-strict-prototypes -Wno-semicolon-before-method-body -index-store-path /Users/siam/Library/Developer/Xcode/DerivedData/Lingua_Quest-gvpckrqxtbgyprbgppjfqmimmmfw/Index.noindex/DataStore @/Users/siam/Library/Developer/Xcode/DerivedData/Lingua_Quest-gvpckrqxtbgyprbgppjfqmimmmfw/Build/Intermediates.noindex/AppAuth.build/Debug-iphonesimulator/AppAuthCore.build/Objects-normal/x86_64/e6072d4f65d7061329687fe24e3d63a7-common-args.resp -include /Users/siam/Library/Developer/Xcode/DerivedData/Lingua_Quest-gvpckrqxtbgyprbgppjfqmimmmfw/Build/Intermediates.noindex/AppAuth.build/Debug-iphonesimulator/AppAuthCore.build/DerivedSources/resource_bundle_accessor.h -MMD -MT dependencies -MF /Users/siam/Library/Developer/Xcode/DerivedData/Lingua_Quest-gvpckrqxtbgyprbgppjfqmimmmfw/Build/Intermediates.noindex/AppAuth.build/Debug-iphonesimulator/AppAuthCore.build/Objects-normal/x86_64/OIDRegistrationRequest.d --serialize-diagnostics /Users/siam/Library/Developer/Xcode/DerivedData/Lingua_Quest-gvpckrqxtbgyprbgppjfqmimmmfw/Build/Intermediates.noindex/AppAuth.build/Debug-iphonesimulator/AppAuthCore.build/Objects-normal/x86_64/OIDRegistrationRequest.dia -c /Users/siam/Library/Developer/Xcode/DerivedData/Lingua_Quest-gvpckrqxtbgyprbgppjfqmimmmfw/SourcePackages/checkouts/AppAuth-iOS/Sources/AppAuthCore/OIDRegistrationRequest.m -o /Users/siam/Library/Developer/Xcode/DerivedData/Lingua_Quest-gvpckrqxtbgyprbgppjfqmimmmfw/Build/Intermediates.noindex/AppAuth.build/Debug-iphonesimulator/AppAuthCore.build/Objects-normal/x86_64/OIDRegistrationRequest.o -index-unit-output-path /AppAuth.build/Debug-iphonesimulator/AppAuthCore.build/Objects-normal/x86_64/OIDRegistrationRequest.o

ScanDependencies /Users/siam/Library/Developer/Xcode/DerivedData/Lingua_Quest-gvpckrqxtbgyprbgppjfqmimmmfw/Build/Intermediates.noindex/AppAuth.build/Debug-iphonesimulator/AppAuthCore.build/Objects-normal/x86_64/OIDErrorUtilities.o /Users/siam/Library/Developer/Xcode/DerivedData/Lingua_Quest-gvpckrqxtbgyprbgppjfqmimmmfw/SourcePackages/checkouts/AppAuth-iOS/Sources/AppAuthCore/OIDErrorUtilities.m normal x86_64 objective-c com.apple.compilers.llvm.clang.1_0.compiler (in target 'AppAuthCore' from project 'AppAuth')
    cd /Users/siam/Desktop/Lingua\ Quest/Lingua\ Quest.xcodeproj
    
    Using response file: /Users/siam/Library/Developer/Xcode/DerivedData/Lingua_Quest-gvpckrqxtbgyprbgppjfqmimmmfw/Build/Intermediates.noindex/AppAuth.build/Debug-iphonesimulator/AppAuthCore.build/Objects-normal/x86_64/e6072d4f65d7061329687fe24e3d63a7-common-args.resp
    
    builtin-ScanDependencies -o /Users/siam/Library/Developer/Xcode/DerivedData/Lingua_Quest-gvpckrqxtbgyprbgppjfqmimmmfw/Build/Intermediates.noindex/AppAuth.build/Debug-iphonesimulator/AppAuthCore.build/Objects-normal/x86_64/OIDErrorUtilities.o.scan -- /Applications/Xcode.app/Contents/Developer/Toolchains/XcodeDefault.xctoolchain/usr/bin/clang -x objective-c -ivfsstatcache /Users/siam/Library/Developer/Xcode/DerivedData/SDKStatCaches.noindex/iphonesimulator26.0-23A339-26257891a6c027eb51374368541b8346.sdkstatcache -fmessage-length\=0 -fdiagnostics-show-note-include-stack -fmacro-backtrace-limit\=0 -fno-color-diagnostics -fmodules-prune-interval\=86400 -fmodules-prune-after\=345600 -fbuild-session-file\=/Users/siam/Library/Developer/Xcode/DerivedData/ModuleCache.noindex/Session.modulevalidation -fmodules-validate-once-per-build-session -Wnon-modular-include-in-framework-module -Werror\=non-modular-include-in-framework-module -Wno-trigraphs -Wno-missing-field-initializers -Wno-missing-prototypes -Wno-return-type -Wno-implicit-atomic-properties -Wno-objc-interface-ivars -Wno-arc-repeated-use-of-weak -Wno-missing-braces -Wparentheses -Wswitch -Wno-unused-function -Wno-unused-label -Wno-unused-parameter -Wno-unused-variable -Wunused-value -Wno-empty-body -Wno-uninitialized -Wno-unknown-pragmas -w -Wno-shadow -Wno-four-char-constants -Wno-conversion -Wno-constant-conversion -Wno-int-conversion -Wno-bool-conversion -Wno-enum-conversion -Wno-float-conversion -Wno-non-literal-null-conversion -Wno-objc-literal-conversion -Wshorten-64-to-32 -Wpointer-sign -Wno-newline-eof -Wno-selector -Wno-strict-selector-match -Wno-undeclared-selector -Wno-deprecated-implementations -Wno-implicit-fallthrough -fstrict-aliasing -Wprotocol -Wdeprecated-declarations -Wno-sign-conversion -Wno-infinite-recursion -Wno-comma -Wno-block-capture-autoreleasing -Wno-strict-prototypes -Wno-semicolon-before-method-body -index-store-path /Users/siam/Library/Developer/Xcode/DerivedData/Lingua_Quest-gvpckrqxtbgyprbgppjfqmimmmfw/Index.noindex/DataStore @/Users/siam/Library/Developer/Xcode/DerivedData/Lingua_Quest-gvpckrqxtbgyprbgppjfqmimmmfw/Build/Intermediates.noindex/AppAuth.build/Debug-iphonesimulator/AppAuthCore.build/Objects-normal/x86_64/e6072d4f65d7061329687fe24e3d63a7-common-args.resp -include /Users/siam/Library/Developer/Xcode/DerivedData/Lingua_Quest-gvpckrqxtbgyprbgppjfqmimmmfw/Build/Intermediates.noindex/AppAuth.build/Debug-iphonesimulator/AppAuthCore.build/DerivedSources/resource_bundle_accessor.h -MMD -MT dependencies -MF /Users/siam/Library/Developer/Xcode/DerivedData/Lingua_Quest-gvpckrqxtbgyprbgppjfqmimmmfw/Build/Intermediates.noindex/AppAuth.build/Debug-iphonesimulator/AppAuthCore.build/Objects-normal/x86_64/OIDErrorUtilities.d --serialize-diagnostics /Users/siam/Library/Developer/Xcode/DerivedData/Lingua_Quest-gvpckrqxtbgyprbgppjfqmimmmfw/Build/Intermediates.noindex/AppAuth.build/Debug-iphonesimulator/AppAuthCore.build/Objects-normal/x86_64/OIDErrorUtilities.dia -c /Users/siam/Library/Developer/Xcode/DerivedData/Lingua_Quest-gvpckrqxtbgyprbgppjfqmimmmfw/SourcePackages/checkouts/AppAuth-iOS/Sources/AppAuthCore/OIDErrorUtilities.m -o /Users/siam/Library/Developer/Xcode/DerivedData/Lingua_Quest-gvpckrqxtbgyprbgppjfqmimmmfw/Build/Intermediates.noindex/AppAuth.build/Debug-iphonesimulator/AppAuthCore.build/Objects-normal/x86_64/OIDErrorUtilities.o -index-unit-output-path /AppAuth.build/Debug-iphonesimulator/AppAuthCore.build/Objects-normal/x86_64/OIDErrorUtilities.o

CompileC /Users/siam/Library/Developer/Xcode/DerivedData/Lingua_Quest-gvpckrqxtbgyprbgppjfqmimmmfw/Build/Intermediates.noindex/AppAuth.build/Debug-iphonesimulator/AppAuthCore.build/Objects-normal/x86_64/OIDRegistrationResponse.o /Users/siam/Library/Developer/Xcode/DerivedData/Lingua_Quest-gvpckrqxtbgyprbgppjfqmimmmfw/SourcePackages/checkouts/AppAuth-iOS/Sources/AppAuthCore/OIDRegistrationResponse.m normal x86_64 objective-c com.apple.compilers.llvm.clang.1_0.compiler (in target 'AppAuthCore' from project 'AppAuth')
    cd /Users/siam/Desktop/Lingua\ Quest/Lingua\ Quest.xcodeproj
    
    Using response file: /Users/siam/Library/Developer/Xcode/DerivedData/Lingua_Quest-gvpckrqxtbgyprbgppjfqmimmmfw/Build/Intermediates.noindex/AppAuth.build/Debug-iphonesimulator/AppAuthCore.build/Objects-normal/x86_64/e6072d4f65d7061329687fe24e3d63a7-common-args.resp
    
    /Applications/Xcode.app/Contents/Developer/Toolchains/XcodeDefault.xctoolchain/usr/bin/clang -x objective-c -ivfsstatcache /Users/siam/Library/Developer/Xcode/DerivedData/SDKStatCaches.noindex/iphonesimulator26.0-23A339-26257891a6c027eb51374368541b8346.sdkstatcache -fmessage-length\=0 -fdiagnostics-show-note-include-stack -fmacro-backtrace-limit\=0 -fno-color-diagnostics -fmodules-prune-interval\=86400 -fmodules-prune-after\=345600 -fbuild-session-file\=/Users/siam/Library/Developer/Xcode/DerivedData/ModuleCache.noindex/Session.modulevalidation -fmodules-validate-once-per-build-session -Wnon-modular-include-in-framework-module -Werror\=non-modular-include-in-framework-module -Wno-trigraphs -Wno-missing-field-initializers -Wno-missing-prototypes -Wno-return-type -Wno-implicit-atomic-properties -Wno-objc-interface-ivars -Wno-arc-repeated-use-of-weak -Wno-missing-braces -Wparentheses -Wswitch -Wno-unused-function -Wno-unused-label -Wno-unused-parameter -Wno-unused-variable -Wunused-value -Wno-empty-body -Wno-uninitialized -Wno-unknown-pragmas -w -Wno-shadow -Wno-four-char-constants -Wno-conversion -Wno-constant-conversion -Wno-int-conversion -Wno-bool-conversion -Wno-enum-conversion -Wno-float-conversion -Wno-non-literal-null-conversion -Wno-objc-literal-conversion -Wshorten-64-to-32 -Wpointer-sign -Wno-newline-eof -Wno-selector -Wno-strict-selector-match -Wno-undeclared-selector -Wno-deprecated-implementations -Wno-implicit-fallthrough -fstrict-aliasing -Wprotocol -Wdeprecated-declarations -Wno-sign-conversion -Wno-infinite-recursion -Wno-comma -Wno-block-capture-autoreleasing -Wno-strict-prototypes -Wno-semicolon-before-method-body -index-store-path /Users/siam/Library/Developer/Xcode/DerivedData/Lingua_Quest-gvpckrqxtbgyprbgppjfqmimmmfw/Index.noindex/DataStore @/Users/siam/Library/Developer/Xcode/DerivedData/Lingua_Quest-gvpckrqxtbgyprbgppjfqmimmmfw/Build/Intermediates.noindex/AppAuth.build/Debug-iphonesimulator/AppAuthCore.build/Objects-normal/x86_64/e6072d4f65d7061329687fe24e3d63a7-common-args.resp -include /Users/siam/Library/Developer/Xcode/DerivedData/Lingua_Quest-gvpckrqxtbgyprbgppjfqmimmmfw/Build/Intermediates.noindex/AppAuth.build/Debug-iphonesimulator/AppAuthCore.build/DerivedSources/resource_bundle_accessor.h -MMD -MT dependencies -MF /Users/siam/Library/Developer/Xcode/DerivedData/Lingua_Quest-gvpckrqxtbgyprbgppjfqmimmmfw/Build/Intermediates.noindex/AppAuth.build/Debug-iphonesimulator/AppAuthCore.build/Objects-normal/x86_64/OIDRegistrationResponse.d --serialize-diagnostics /Users/siam/Library/Developer/Xcode/DerivedData/Lingua_Quest-gvpckrqxtbgyprbgppjfqmimmmfw/Build/Intermediates.noindex/AppAuth.build/Debug-iphonesimulator/AppAuthCore.build/Objects-normal/x86_64/OIDRegistrationResponse.dia -c /Users/siam/Library/Developer/Xcode/DerivedData/Lingua_Quest-gvpckrqxtbgyprbgppjfqmimmmfw/SourcePackages/checkouts/AppAuth-iOS/Sources/AppAuthCore/OIDRegistrationResponse.m -o /Users/siam/Library/Developer/Xcode/DerivedData/Lingua_Quest-gvpckrqxtbgyprbgppjfqmimmmfw/Build/Intermediates.noindex/AppAuth.build/Debug-iphonesimulator/AppAuthCore.build/Objects-normal/x86_64/OIDRegistrationResponse.o -index-unit-output-path /AppAuth.build/Debug-iphonesimulator/AppAuthCore.build/Objects-normal/x86_64/OIDRegistrationResponse.o

ScanDependencies /Users/siam/Library/Developer/Xcode/DerivedData/Lingua_Quest-gvpckrqxtbgyprbgppjfqmimmmfw/Build/Intermediates.noindex/AppAuth.build/Debug-iphonesimulator/AppAuthCore.build/Objects-normal/x86_64/OIDError.o /Users/siam/Library/Developer/Xcode/DerivedData/Lingua_Quest-gvpckrqxtbgyprbgppjfqmimmmfw/SourcePackages/checkouts/AppAuth-iOS/Sources/AppAuthCore/OIDError.m normal x86_64 objective-c com.apple.compilers.llvm.clang.1_0.compiler (in target 'AppAuthCore' from project 'AppAuth')
    cd /Users/siam/Desktop/Lingua\ Quest/Lingua\ Quest.xcodeproj
    
    Using response file: /Users/siam/Library/Developer/Xcode/DerivedData/Lingua_Quest-gvpckrqxtbgyprbgppjfqmimmmfw/Build/Intermediates.noindex/AppAuth.build/Debug-iphonesimulator/AppAuthCore.build/Objects-normal/x86_64/e6072d4f65d7061329687fe24e3d63a7-common-args.resp
    
    builtin-ScanDependencies -o /Users/siam/Library/Developer/Xcode/DerivedData/Lingua_Quest-gvpckrqxtbgyprbgppjfqmimmmfw/Build/Intermediates.noindex/AppAuth.build/Debug-iphonesimulator/AppAuthCore.build/Objects-normal/x86_64/OIDError.o.scan -- /Applications/Xcode.app/Contents/Developer/Toolchains/XcodeDefault.xctoolchain/usr/bin/clang -x objective-c -ivfsstatcache /Users/siam/Library/Developer/Xcode/DerivedData/SDKStatCaches.noindex/iphonesimulator26.0-23A339-26257891a6c027eb51374368541b8346.sdkstatcache -fmessage-length\=0 -fdiagnostics-show-note-include-stack -fmacro-backtrace-limit\=0 -fno-color-diagnostics -fmodules-prune-interval\=86400 -fmodules-prune-after\=345600 -fbuild-session-file\=/Users/siam/Library/Developer/Xcode/DerivedData/ModuleCache.noindex/Session.modulevalidation -fmodules-validate-once-per-build-session -Wnon-modular-include-in-framework-module -Werror\=non-modular-include-in-framework-module -Wno-trigraphs -Wno-missing-field-initializers -Wno-missing-prototypes -Wno-return-type -Wno-implicit-atomic-properties -Wno-objc-interface-ivars -Wno-arc-repeated-use-of-weak -Wno-missing-braces -Wparentheses -Wswitch -Wno-unused-function -Wno-unused-label -Wno-unused-parameter -Wno-unused-variable -Wunused-value -Wno-empty-body -Wno-uninitialized -Wno-unknown-pragmas -w -Wno-shadow -Wno-four-char-constants -Wno-conversion -Wno-constant-conversion -Wno-int-conversion -Wno-bool-conversion -Wno-enum-conversion -Wno-float-conversion -Wno-non-literal-null-conversion -Wno-objc-literal-conversion -Wshorten-64-to-32 -Wpointer-sign -Wno-newline-eof -Wno-selector -Wno-strict-selector-match -Wno-undeclared-selector -Wno-deprecated-implementations -Wno-implicit-fallthrough -fstrict-aliasing -Wprotocol -Wdeprecated-declarations -Wno-sign-conversion -Wno-infinite-recursion -Wno-comma -Wno-block-capture-autoreleasing -Wno-strict-prototypes -Wno-semicolon-before-method-body -index-store-path /Users/siam/Library/Developer/Xcode/DerivedData/Lingua_Quest-gvpckrqxtbgyprbgppjfqmimmmfw/Index.noindex/DataStore @/Users/siam/Library/Developer/Xcode/DerivedData/Lingua_Quest-gvpckrqxtbgyprbgppjfqmimmmfw/Build/Intermediates.noindex/AppAuth.build/Debug-iphonesimulator/AppAuthCore.build/Objects-normal/x86_64/e6072d4f65d7061329687fe24e3d63a7-common-args.resp -include /Users/siam/Library/Developer/Xcode/DerivedData/Lingua_Quest-gvpckrqxtbgyprbgppjfqmimmmfw/Build/Intermediates.noindex/AppAuth.build/Debug-iphonesimulator/AppAuthCore.build/DerivedSources/resource_bundle_accessor.h -MMD -MT dependencies -MF /Users/siam/Library/Developer/Xcode/DerivedData/Lingua_Quest-gvpckrqxtbgyprbgppjfqmimmmfw/Build/Intermediates.noindex/AppAuth.build/Debug-iphonesimulator/AppAuthCore.build/Objects-normal/x86_64/OIDError.d --serialize-diagnostics /Users/siam/Library/Developer/Xcode/DerivedData/Lingua_Quest-gvpckrqxtbgyprbgppjfqmimmmfw/Build/Intermediates.noindex/AppAuth.build/Debug-iphonesimulator/AppAuthCore.build/Objects-normal/x86_64/OIDError.dia -c /Users/siam/Library/Developer/Xcode/DerivedData/Lingua_Quest-gvpckrqxtbgyprbgppjfqmimmmfw/SourcePackages/checkouts/AppAuth-iOS/Sources/AppAuthCore/OIDError.m -o /Users/siam/Library/Developer/Xcode/DerivedData/Lingua_Quest-gvpckrqxtbgyprbgppjfqmimmmfw/Build/Intermediates.noindex/AppAuth.build/Debug-iphonesimulator/AppAuthCore.build/Objects-normal/x86_64/OIDError.o -index-unit-output-path /AppAuth.build/Debug-iphonesimulator/AppAuthCore.build/Objects-normal/x86_64/OIDError.o

CompileC /Users/siam/Library/Developer/Xcode/DerivedData/Lingua_Quest-gvpckrqxtbgyprbgppjfqmimmmfw/Build/Intermediates.noindex/AppAuth.build/Debug-iphonesimulator/AppAuthCore.build/Objects-normal/x86_64/OIDGrantTypes.o /Users/siam/Library/Developer/Xcode/DerivedData/Lingua_Quest-gvpckrqxtbgyprbgppjfqmimmmfw/SourcePackages/checkouts/AppAuth-iOS/Sources/AppAuthCore/OIDGrantTypes.m normal x86_64 objective-c com.apple.compilers.llvm.clang.1_0.compiler (in target 'AppAuthCore' from project 'AppAuth')
    cd /Users/siam/Desktop/Lingua\ Quest/Lingua\ Quest.xcodeproj
    
    Using response file: /Users/siam/Library/Developer/Xcode/DerivedData/Lingua_Quest-gvpckrqxtbgyprbgppjfqmimmmfw/Build/Intermediates.noindex/AppAuth.build/Debug-iphonesimulator/AppAuthCore.build/Objects-normal/x86_64/e6072d4f65d7061329687fe24e3d63a7-common-args.resp
    
    /Applications/Xcode.app/Contents/Developer/Toolchains/XcodeDefault.xctoolchain/usr/bin/clang -x objective-c -ivfsstatcache /Users/siam/Library/Developer/Xcode/DerivedData/SDKStatCaches.noindex/iphonesimulator26.0-23A339-26257891a6c027eb51374368541b8346.sdkstatcache -fmessage-length\=0 -fdiagnostics-show-note-include-stack -fmacro-backtrace-limit\=0 -fno-color-diagnostics -fmodules-prune-interval\=86400 -fmodules-prune-after\=345600 -fbuild-session-file\=/Users/siam/Library/Developer/Xcode/DerivedData/ModuleCache.noindex/Session.modulevalidation -fmodules-validate-once-per-build-session -Wnon-modular-include-in-framework-module -Werror\=non-modular-include-in-framework-module -Wno-trigraphs -Wno-missing-field-initializers -Wno-missing-prototypes -Wno-return-type -Wno-implicit-atomic-properties -Wno-objc-interface-ivars -Wno-arc-repeated-use-of-weak -Wno-missing-braces -Wparentheses -Wswitch -Wno-unused-function -Wno-unused-label -Wno-unused-parameter -Wno-unused-variable -Wunused-value -Wno-empty-body -Wno-uninitialized -Wno-unknown-pragmas -w -Wno-shadow -Wno-four-char-constants -Wno-conversion -Wno-constant-conversion -Wno-int-conversion -Wno-bool-conversion -Wno-enum-conversion -Wno-float-conversion -Wno-non-literal-null-conversion -Wno-objc-literal-conversion -Wshorten-64-to-32 -Wpointer-sign -Wno-newline-eof -Wno-selector -Wno-strict-selector-match -Wno-undeclared-selector -Wno-deprecated-implementations -Wno-implicit-fallthrough -fstrict-aliasing -Wprotocol -Wdeprecated-declarations -Wno-sign-conversion -Wno-infinite-recursion -Wno-comma -Wno-block-capture-autoreleasing -Wno-strict-prototypes -Wno-semicolon-before-method-body -index-store-path /Users/siam/Library/Developer/Xcode/DerivedData/Lingua_Quest-gvpckrqxtbgyprbgppjfqmimmmfw/Index.noindex/DataStore @/Users/siam/Library/Developer/Xcode/DerivedData/Lingua_Quest-gvpckrqxtbgyprbgppjfqmimmmfw/Build/Intermediates.noindex/AppAuth.build/Debug-iphonesimulator/AppAuthCore.build/Objects-normal/x86_64/e6072d4f65d7061329687fe24e3d63a7-common-args.resp -include /Users/siam/Library/Developer/Xcode/DerivedData/Lingua_Quest-gvpckrqxtbgyprbgppjfqmimmmfw/Build/Intermediates.noindex/AppAuth.build/Debug-iphonesimulator/AppAuthCore.build/DerivedSources/resource_bundle_accessor.h -MMD -MT dependencies -MF /Users/siam/Library/Developer/Xcode/DerivedData/Lingua_Quest-gvpckrqxtbgyprbgppjfqmimmmfw/Build/Intermediates.noindex/AppAuth.build/Debug-iphonesimulator/AppAuthCore.build/Objects-normal/x86_64/OIDGrantTypes.d --serialize-diagnostics /Users/siam/Library/Developer/Xcode/DerivedData/Lingua_Quest-gvpckrqxtbgyprbgppjfqmimmmfw/Build/Intermediates.noindex/AppAuth.build/Debug-iphonesimulator/AppAuthCore.build/Objects-normal/x86_64/OIDGrantTypes.dia -c /Users/siam/Library/Developer/Xcode/DerivedData/Lingua_Quest-gvpckrqxtbgyprbgppjfqmimmmfw/SourcePackages/checkouts/AppAuth-iOS/Sources/AppAuthCore/OIDGrantTypes.m -o /Users/siam/Library/Developer/Xcode/DerivedData/Lingua_Quest-gvpckrqxtbgyprbgppjfqmimmmfw/Build/Intermediates.noindex/AppAuth.build/Debug-iphonesimulator/AppAuthCore.build/Objects-normal/x86_64/OIDGrantTypes.o -index-unit-output-path /AppAuth.build/Debug-iphonesimulator/AppAuthCore.build/Objects-normal/x86_64/OIDGrantTypes.o

CompileC /Users/siam/Library/Developer/Xcode/DerivedData/Lingua_Quest-gvpckrqxtbgyprbgppjfqmimmmfw/Build/Intermediates.noindex/AppAuth.build/Debug-iphonesimulator/AppAuthCore.build/Objects-normal/x86_64/OIDIDToken.o /Users/siam/Library/Developer/Xcode/DerivedData/Lingua_Quest-gvpckrqxtbgyprbgppjfqmimmmfw/SourcePackages/checkouts/AppAuth-iOS/Sources/AppAuthCore/OIDIDToken.m normal x86_64 objective-c com.apple.compilers.llvm.clang.1_0.compiler (in target 'AppAuthCore' from project 'AppAuth')
    cd /Users/siam/Desktop/Lingua\ Quest/Lingua\ Quest.xcodeproj
    
    Using response file: /Users/siam/Library/Developer/Xcode/DerivedData/Lingua_Quest-gvpckrqxtbgyprbgppjfqmimmmfw/Build/Intermediates.noindex/AppAuth.build/Debug-iphonesimulator/AppAuthCore.build/Objects-normal/x86_64/e6072d4f65d7061329687fe24e3d63a7-common-args.resp
    
    /Applications/Xcode.app/Contents/Developer/Toolchains/XcodeDefault.xctoolchain/usr/bin/clang -x objective-c -ivfsstatcache /Users/siam/Library/Developer/Xcode/DerivedData/SDKStatCaches.noindex/iphonesimulator26.0-23A339-26257891a6c027eb51374368541b8346.sdkstatcache -fmessage-length\=0 -fdiagnostics-show-note-include-stack -fmacro-backtrace-limit\=0 -fno-color-diagnostics -fmodules-prune-interval\=86400 -fmodules-prune-after\=345600 -fbuild-session-file\=/Users/siam/Library/Developer/Xcode/DerivedData/ModuleCache.noindex/Session.modulevalidation -fmodules-validate-once-per-build-session -Wnon-modular-include-in-framework-module -Werror\=non-modular-include-in-framework-module -Wno-trigraphs -Wno-missing-field-initializers -Wno-missing-prototypes -Wno-return-type -Wno-implicit-atomic-properties -Wno-objc-interface-ivars -Wno-arc-repeated-use-of-weak -Wno-missing-braces -Wparentheses -Wswitch -Wno-unused-function -Wno-unused-label -Wno-unused-parameter -Wno-unused-variable -Wunused-value -Wno-empty-body -Wno-uninitialized -Wno-unknown-pragmas -w -Wno-shadow -Wno-four-char-constants -Wno-conversion -Wno-constant-conversion -Wno-int-conversion -Wno-bool-conversion -Wno-enum-conversion -Wno-float-conversion -Wno-non-literal-null-conversion -Wno-objc-literal-conversion -Wshorten-64-to-32 -Wpointer-sign -Wno-newline-eof -Wno-selector -Wno-strict-selector-match -Wno-undeclared-selector -Wno-deprecated-implementations -Wno-implicit-fallthrough -fstrict-aliasing -Wprotocol -Wdeprecated-declarations -Wno-sign-conversion -Wno-infinite-recursion -Wno-comma -Wno-block-capture-autoreleasing -Wno-strict-prototypes -Wno-semicolon-before-method-body -index-store-path /Users/siam/Library/Developer/Xcode/DerivedData/Lingua_Quest-gvpckrqxtbgyprbgppjfqmimmmfw/Index.noindex/DataStore @/Users/siam/Library/Developer/Xcode/DerivedData/Lingua_Quest-gvpckrqxtbgyprbgppjfqmimmmfw/Build/Intermediates.noindex/AppAuth.build/Debug-iphonesimulator/AppAuthCore.build/Objects-normal/x86_64/e6072d4f65d7061329687fe24e3d63a7-common-args.resp -include /Users/siam/Library/Developer/Xcode/DerivedData/Lingua_Quest-gvpckrqxtbgyprbgppjfqmimmmfw/Build/Intermediates.noindex/AppAuth.build/Debug-iphonesimulator/AppAuthCore.build/DerivedSources/resource_bundle_accessor.h -MMD -MT dependencies -MF /Users/siam/Library/Developer/Xcode/DerivedData/Lingua_Quest-gvpckrqxtbgyprbgppjfqmimmmfw/Build/Intermediates.noindex/AppAuth.build/Debug-iphonesimulator/AppAuthCore.build/Objects-normal/x86_64/OIDIDToken.d --serialize-diagnostics /Users/siam/Library/Developer/Xcode/DerivedData/Lingua_Quest-gvpckrqxtbgyprbgppjfqmimmmfw/Build/Intermediates.noindex/AppAuth.build/Debug-iphonesimulator/AppAuthCore.build/Objects-normal/x86_64/OIDIDToken.dia -c /Users/siam/Library/Developer/Xcode/DerivedData/Lingua_Quest-gvpckrqxtbgyprbgppjfqmimmmfw/SourcePackages/checkouts/AppAuth-iOS/Sources/AppAuthCore/OIDIDToken.m -o /Users/siam/Library/Developer/Xcode/DerivedData/Lingua_Quest-gvpckrqxtbgyprbgppjfqmimmmfw/Build/Intermediates.noindex/AppAuth.build/Debug-iphonesimulator/AppAuthCore.build/Objects-normal/x86_64/OIDIDToken.o -index-unit-output-path /AppAuth.build/Debug-iphonesimulator/AppAuthCore.build/Objects-normal/x86_64/OIDIDToken.o

CompileC /Users/siam/Library/Developer/Xcode/DerivedData/Lingua_Quest-gvpckrqxtbgyprbgppjfqmimmmfw/Build/Intermediates.noindex/AppAuth.build/Debug-iphonesimulator/AppAuthCore.build/Objects-normal/x86_64/OIDFieldMapping.o /Users/siam/Library/Developer/Xcode/DerivedData/Lingua_Quest-gvpckrqxtbgyprbgppjfqmimmmfw/SourcePackages/checkouts/AppAuth-iOS/Sources/AppAuthCore/OIDFieldMapping.m normal x86_64 objective-c com.apple.compilers.llvm.clang.1_0.compiler (in target 'AppAuthCore' from project 'AppAuth')
    cd /Users/siam/Desktop/Lingua\ Quest/Lingua\ Quest.xcodeproj
    
    Using response file: /Users/siam/Library/Developer/Xcode/DerivedData/Lingua_Quest-gvpckrqxtbgyprbgppjfqmimmmfw/Build/Intermediates.noindex/AppAuth.build/Debug-iphonesimulator/AppAuthCore.build/Objects-normal/x86_64/e6072d4f65d7061329687fe24e3d63a7-common-args.resp
    
    /Applications/Xcode.app/Contents/Developer/Toolchains/XcodeDefault.xctoolchain/usr/bin/clang -x objective-c -ivfsstatcache /Users/siam/Library/Developer/Xcode/DerivedData/SDKStatCaches.noindex/iphonesimulator26.0-23A339-26257891a6c027eb51374368541b8346.sdkstatcache -fmessage-length\=0 -fdiagnostics-show-note-include-stack -fmacro-backtrace-limit\=0 -fno-color-diagnostics -fmodules-prune-interval\=86400 -fmodules-prune-after\=345600 -fbuild-session-file\=/Users/siam/Library/Developer/Xcode/DerivedData/ModuleCache.noindex/Session.modulevalidation -fmodules-validate-once-per-build-session -Wnon-modular-include-in-framework-module -Werror\=non-modular-include-in-framework-module -Wno-trigraphs -Wno-missing-field-initializers -Wno-missing-prototypes -Wno-return-type -Wno-implicit-atomic-properties -Wno-objc-interface-ivars -Wno-arc-repeated-use-of-weak -Wno-missing-braces -Wparentheses -Wswitch -Wno-unused-function -Wno-unused-label -Wno-unused-parameter -Wno-unused-variable -Wunused-value -Wno-empty-body -Wno-uninitialized -Wno-unknown-pragmas -w -Wno-shadow -Wno-four-char-constants -Wno-conversion -Wno-constant-conversion -Wno-int-conversion -Wno-bool-conversion -Wno-enum-conversion -Wno-float-conversion -Wno-non-literal-null-conversion -Wno-objc-literal-conversion -Wshorten-64-to-32 -Wpointer-sign -Wno-newline-eof -Wno-selector -Wno-strict-selector-match -Wno-undeclared-selector -Wno-deprecated-implementations -Wno-implicit-fallthrough -fstrict-aliasing -Wprotocol -Wdeprecated-declarations -Wno-sign-conversion -Wno-infinite-recursion -Wno-comma -Wno-block-capture-autoreleasing -Wno-strict-prototypes -Wno-semicolon-before-method-body -index-store-path /Users/siam/Library/Developer/Xcode/DerivedData/Lingua_Quest-gvpckrqxtbgyprbgppjfqmimmmfw/Index.noindex/DataStore @/Users/siam/Library/Developer/Xcode/DerivedData/Lingua_Quest-gvpckrqxtbgyprbgppjfqmimmmfw/Build/Intermediates.noindex/AppAuth.build/Debug-iphonesimulator/AppAuthCore.build/Objects-normal/x86_64/e6072d4f65d7061329687fe24e3d63a7-common-args.resp -include /Users/siam/Library/Developer/Xcode/DerivedData/Lingua_Quest-gvpckrqxtbgyprbgppjfqmimmmfw/Build/Intermediates.noindex/AppAuth.build/Debug-iphonesimulator/AppAuthCore.build/DerivedSources/resource_bundle_accessor.h -MMD -MT dependencies -MF /Users/siam/Library/Developer/Xcode/DerivedData/Lingua_Quest-gvpckrqxtbgyprbgppjfqmimmmfw/Build/Intermediates.noindex/AppAuth.build/Debug-iphonesimulator/AppAuthCore.build/Objects-normal/x86_64/OIDFieldMapping.d --serialize-diagnostics /Users/siam/Library/Developer/Xcode/DerivedData/Lingua_Quest-gvpckrqxtbgyprbgppjfqmimmmfw/Build/Intermediates.noindex/AppAuth.build/Debug-iphonesimulator/AppAuthCore.build/Objects-normal/x86_64/OIDFieldMapping.dia -c /Users/siam/Library/Developer/Xcode/DerivedData/Lingua_Quest-gvpckrqxtbgyprbgppjfqmimmmfw/SourcePackages/checkouts/AppAuth-iOS/Sources/AppAuthCore/OIDFieldMapping.m -o /Users/siam/Library/Developer/Xcode/DerivedData/Lingua_Quest-gvpckrqxtbgyprbgppjfqmimmmfw/Build/Intermediates.noindex/AppAuth.build/Debug-iphonesimulator/AppAuthCore.build/Objects-normal/x86_64/OIDFieldMapping.o -index-unit-output-path /AppAuth.build/Debug-iphonesimulator/AppAuthCore.build/Objects-normal/x86_64/OIDFieldMapping.o

ScanDependencies /Users/siam/Library/Developer/Xcode/DerivedData/Lingua_Quest-gvpckrqxtbgyprbgppjfqmimmmfw/Build/Intermediates.noindex/AppAuth.build/Debug-iphonesimulator/AppAuthCore.build/Objects-normal/x86_64/OIDEndSessionResponse.o /Users/siam/Library/Developer/Xcode/DerivedData/Lingua_Quest-gvpckrqxtbgyprbgppjfqmimmmfw/SourcePackages/checkouts/AppAuth-iOS/Sources/AppAuthCore/OIDEndSessionResponse.m normal x86_64 objective-c com.apple.compilers.llvm.clang.1_0.compiler (in target 'AppAuthCore' from project 'AppAuth')
    cd /Users/siam/Desktop/Lingua\ Quest/Lingua\ Quest.xcodeproj
    
    Using response file: /Users/siam/Library/Developer/Xcode/DerivedData/Lingua_Quest-gvpckrqxtbgyprbgppjfqmimmmfw/Build/Intermediates.noindex/AppAuth.build/Debug-iphonesimulator/AppAuthCore.build/Objects-normal/x86_64/e6072d4f65d7061329687fe24e3d63a7-common-args.resp
    
    builtin-ScanDependencies -o /Users/siam/Library/Developer/Xcode/DerivedData/Lingua_Quest-gvpckrqxtbgyprbgppjfqmimmmfw/Build/Intermediates.noindex/AppAuth.build/Debug-iphonesimulator/AppAuthCore.build/Objects-normal/x86_64/OIDEndSessionResponse.o.scan -- /Applications/Xcode.app/Contents/Developer/Toolchains/XcodeDefault.xctoolchain/usr/bin/clang -x objective-c -ivfsstatcache /Users/siam/Library/Developer/Xcode/DerivedData/SDKStatCaches.noindex/iphonesimulator26.0-23A339-26257891a6c027eb51374368541b8346.sdkstatcache -fmessage-length\=0 -fdiagnostics-show-note-include-stack -fmacro-backtrace-limit\=0 -fno-color-diagnostics -fmodules-prune-interval\=86400 -fmodules-prune-after\=345600 -fbuild-session-file\=/Users/siam/Library/Developer/Xcode/DerivedData/ModuleCache.noindex/Session.modulevalidation -fmodules-validate-once-per-build-session -Wnon-modular-include-in-framework-module -Werror\=non-modular-include-in-framework-module -Wno-trigraphs -Wno-missing-field-initializers -Wno-missing-prototypes -Wno-return-type -Wno-implicit-atomic-properties -Wno-objc-interface-ivars -Wno-arc-repeated-use-of-weak -Wno-missing-braces -Wparentheses -Wswitch -Wno-unused-function -Wno-unused-label -Wno-unused-parameter -Wno-unused-variable -Wunused-value -Wno-empty-body -Wno-uninitialized -Wno-unknown-pragmas -w -Wno-shadow -Wno-four-char-constants -Wno-conversion -Wno-constant-conversion -Wno-int-conversion -Wno-bool-conversion -Wno-enum-conversion -Wno-float-conversion -Wno-non-literal-null-conversion -Wno-objc-literal-conversion -Wshorten-64-to-32 -Wpointer-sign -Wno-newline-eof -Wno-selector -Wno-strict-selector-match -Wno-undeclared-selector -Wno-deprecated-implementations -Wno-implicit-fallthrough -fstrict-aliasing -Wprotocol -Wdeprecated-declarations -Wno-sign-conversion -Wno-infinite-recursion -Wno-comma -Wno-block-capture-autoreleasing -Wno-strict-prototypes -Wno-semicolon-before-method-body -index-store-path /Users/siam/Library/Developer/Xcode/DerivedData/Lingua_Quest-gvpckrqxtbgyprbgppjfqmimmmfw/Index.noindex/DataStore @/Users/siam/Library/Developer/Xcode/DerivedData/Lingua_Quest-gvpckrqxtbgyprbgppjfqmimmmfw/Build/Intermediates.noindex/AppAuth.build/Debug-iphonesimulator/AppAuthCore.build/Objects-normal/x86_64/e6072d4f65d7061329687fe24e3d63a7-common-args.resp -include /Users/siam/Library/Developer/Xcode/DerivedData/Lingua_Quest-gvpckrqxtbgyprbgppjfqmimmmfw/Build/Intermediates.noindex/AppAuth.build/Debug-iphonesimulator/AppAuthCore.build/DerivedSources/resource_bundle_accessor.h -MMD -MT dependencies -MF /Users/siam/Library/Developer/Xcode/DerivedData/Lingua_Quest-gvpckrqxtbgyprbgppjfqmimmmfw/Build/Intermediates.noindex/AppAuth.build/Debug-iphonesimulator/AppAuthCore.build/Objects-normal/x86_64/OIDEndSessionResponse.d --serialize-diagnostics /Users/siam/Library/Developer/Xcode/DerivedData/Lingua_Quest-gvpckrqxtbgyprbgppjfqmimmmfw/Build/Intermediates.noindex/AppAuth.build/Debug-iphonesimulator/AppAuthCore.build/Objects-normal/x86_64/OIDEndSessionResponse.dia -c /Users/siam/Library/Developer/Xcode/DerivedData/Lingua_Quest-gvpckrqxtbgyprbgppjfqmimmmfw/SourcePackages/checkouts/AppAuth-iOS/Sources/AppAuthCore/OIDEndSessionResponse.m -o /Users/siam/Library/Developer/Xcode/DerivedData/Lingua_Quest-gvpckrqxtbgyprbgppjfqmimmmfw/Build/Intermediates.noindex/AppAuth.build/Debug-iphonesimulator/AppAuthCore.build/Objects-normal/x86_64/OIDEndSessionResponse.o -index-unit-output-path /AppAuth.build/Debug-iphonesimulator/AppAuthCore.build/Objects-normal/x86_64/OIDEndSessionResponse.o

ScanDependencies /Users/siam/Library/Developer/Xcode/DerivedData/Lingua_Quest-gvpckrqxtbgyprbgppjfqmimmmfw/Build/Intermediates.noindex/AppAuth.build/Debug-iphonesimulator/AppAuthCore.build/Objects-normal/x86_64/OIDEndSessionRequest.o /Users/siam/Library/Developer/Xcode/DerivedData/Lingua_Quest-gvpckrqxtbgyprbgppjfqmimmmfw/SourcePackages/checkouts/AppAuth-iOS/Sources/AppAuthCore/OIDEndSessionRequest.m normal x86_64 objective-c com.apple.compilers.llvm.clang.1_0.compiler (in target 'AppAuthCore' from project 'AppAuth')
    cd /Users/siam/Desktop/Lingua\ Quest/Lingua\ Quest.xcodeproj
    
    Using response file: /Users/siam/Library/Developer/Xcode/DerivedData/Lingua_Quest-gvpckrqxtbgyprbgppjfqmimmmfw/Build/Intermediates.noindex/AppAuth.build/Debug-iphonesimulator/AppAuthCore.build/Objects-normal/x86_64/e6072d4f65d7061329687fe24e3d63a7-common-args.resp
    
    builtin-ScanDependencies -o /Users/siam/Library/Developer/Xcode/DerivedData/Lingua_Quest-gvpckrqxtbgyprbgppjfqmimmmfw/Build/Intermediates.noindex/AppAuth.build/Debug-iphonesimulator/AppAuthCore.build/Objects-normal/x86_64/OIDEndSessionRequest.o.scan -- /Applications/Xcode.app/Contents/Developer/Toolchains/XcodeDefault.xctoolchain/usr/bin/clang -x objective-c -ivfsstatcache /Users/siam/Library/Developer/Xcode/DerivedData/SDKStatCaches.noindex/iphonesimulator26.0-23A339-26257891a6c027eb51374368541b8346.sdkstatcache -fmessage-length\=0 -fdiagnostics-show-note-include-stack -fmacro-backtrace-limit\=0 -fno-color-diagnostics -fmodules-prune-interval\=86400 -fmodules-prune-after\=345600 -fbuild-session-file\=/Users/siam/Library/Developer/Xcode/DerivedData/ModuleCache.noindex/Session.modulevalidation -fmodules-validate-once-per-build-session -Wnon-modular-include-in-framework-module -Werror\=non-modular-include-in-framework-module -Wno-trigraphs -Wno-missing-field-initializers -Wno-missing-prototypes -Wno-return-type -Wno-implicit-atomic-properties -Wno-objc-interface-ivars -Wno-arc-repeated-use-of-weak -Wno-missing-braces -Wparentheses -Wswitch -Wno-unused-function -Wno-unused-label -Wno-unused-parameter -Wno-unused-variable -Wunused-value -Wno-empty-body -Wno-uninitialized -Wno-unknown-pragmas -w -Wno-shadow -Wno-four-char-constants -Wno-conversion -Wno-constant-conversion -Wno-int-conversion -Wno-bool-conversion -Wno-enum-conversion -Wno-float-conversion -Wno-non-literal-null-conversion -Wno-objc-literal-conversion -Wshorten-64-to-32 -Wpointer-sign -Wno-newline-eof -Wno-selector -Wno-strict-selector-match -Wno-undeclared-selector -Wno-deprecated-implementations -Wno-implicit-fallthrough -fstrict-aliasing -Wprotocol -Wdeprecated-declarations -Wno-sign-conversion -Wno-infinite-recursion -Wno-comma -Wno-block-capture-autoreleasing -Wno-strict-prototypes -Wno-semicolon-before-method-body -index-store-path /Users/siam/Library/Developer/Xcode/DerivedData/Lingua_Quest-gvpckrqxtbgyprbgppjfqmimmmfw/Index.noindex/DataStore @/Users/siam/Library/Developer/Xcode/DerivedData/Lingua_Quest-gvpckrqxtbgyprbgppjfqmimmmfw/Build/Intermediates.noindex/AppAuth.build/Debug-iphonesimulator/AppAuthCore.build/Objects-normal/x86_64/e6072d4f65d7061329687fe24e3d63a7-common-args.resp -include /Users/siam/Library/Developer/Xcode/DerivedData/Lingua_Quest-gvpckrqxtbgyprbgppjfqmimmmfw/Build/Intermediates.noindex/AppAuth.build/Debug-iphonesimulator/AppAuthCore.build/DerivedSources/resource_bundle_accessor.h -MMD -MT dependencies -MF /Users/siam/Library/Developer/Xcode/DerivedData/Lingua_Quest-gvpckrqxtbgyprbgppjfqmimmmfw/Build/Intermediates.noindex/AppAuth.build/Debug-iphonesimulator/AppAuthCore.build/Objects-normal/x86_64/OIDEndSessionRequest.d --serialize-diagnostics /Users/siam/Library/Developer/Xcode/DerivedData/Lingua_Quest-gvpckrqxtbgyprbgppjfqmimmmfw/Build/Intermediates.noindex/AppAuth.build/Debug-iphonesimulator/AppAuthCore.build/Objects-normal/x86_64/OIDEndSessionRequest.dia -c /Users/siam/Library/Developer/Xcode/DerivedData/Lingua_Quest-gvpckrqxtbgyprbgppjfqmimmmfw/SourcePackages/checkouts/AppAuth-iOS/Sources/AppAuthCore/OIDEndSessionRequest.m -o /Users/siam/Library/Developer/Xcode/DerivedData/Lingua_Quest-gvpckrqxtbgyprbgppjfqmimmmfw/Build/Intermediates.noindex/AppAuth.build/Debug-iphonesimulator/AppAuthCore.build/Objects-normal/x86_64/OIDEndSessionRequest.o -index-unit-output-path /AppAuth.build/Debug-iphonesimulator/AppAuthCore.build/Objects-normal/x86_64/OIDEndSessionRequest.o

ScanDependencies /Users/siam/Library/Developer/Xcode/DerivedData/Lingua_Quest-gvpckrqxtbgyprbgppjfqmimmmfw/Build/Intermediates.noindex/AppAuth.build/Debug-iphonesimulator/AppAuthCore.build/Objects-normal/x86_64/OIDClientMetadataParameters.o /Users/siam/Library/Developer/Xcode/DerivedData/Lingua_Quest-gvpckrqxtbgyprbgppjfqmimmmfw/SourcePackages/checkouts/AppAuth-iOS/Sources/AppAuthCore/OIDClientMetadataParameters.m normal x86_64 objective-c com.apple.compilers.llvm.clang.1_0.compiler (in target 'AppAuthCore' from project 'AppAuth')
    cd /Users/siam/Desktop/Lingua\ Quest/Lingua\ Quest.xcodeproj
    
    Using response file: /Users/siam/Library/Developer/Xcode/DerivedData/Lingua_Quest-gvpckrqxtbgyprbgppjfqmimmmfw/Build/Intermediates.noindex/AppAuth.build/Debug-iphonesimulator/AppAuthCore.build/Objects-normal/x86_64/e6072d4f65d7061329687fe24e3d63a7-common-args.resp
    
    builtin-ScanDependencies -o /Users/siam/Library/Developer/Xcode/DerivedData/Lingua_Quest-gvpckrqxtbgyprbgppjfqmimmmfw/Build/Intermediates.noindex/AppAuth.build/Debug-iphonesimulator/AppAuthCore.build/Objects-normal/x86_64/OIDClientMetadataParameters.o.scan -- /Applications/Xcode.app/Contents/Developer/Toolchains/XcodeDefault.xctoolchain/usr/bin/clang -x objective-c -ivfsstatcache /Users/siam/Library/Developer/Xcode/DerivedData/SDKStatCaches.noindex/iphonesimulator26.0-23A339-26257891a6c027eb51374368541b8346.sdkstatcache -fmessage-length\=0 -fdiagnostics-show-note-include-stack -fmacro-backtrace-limit\=0 -fno-color-diagnostics -fmodules-prune-interval\=86400 -fmodules-prune-after\=345600 -fbuild-session-file\=/Users/siam/Library/Developer/Xcode/DerivedData/ModuleCache.noindex/Session.modulevalidation -fmodules-validate-once-per-build-session -Wnon-modular-include-in-framework-module -Werror\=non-modular-include-in-framework-module -Wno-trigraphs -Wno-missing-field-initializers -Wno-missing-prototypes -Wno-return-type -Wno-implicit-atomic-properties -Wno-objc-interface-ivars -Wno-arc-repeated-use-of-weak -Wno-missing-braces -Wparentheses -Wswitch -Wno-unused-function -Wno-unused-label -Wno-unused-parameter -Wno-unused-variable -Wunused-value -Wno-empty-body -Wno-uninitialized -Wno-unknown-pragmas -w -Wno-shadow -Wno-four-char-constants -Wno-conversion -Wno-constant-conversion -Wno-int-conversion -Wno-bool-conversion -Wno-enum-conversion -Wno-float-conversion -Wno-non-literal-null-conversion -Wno-objc-literal-conversion -Wshorten-64-to-32 -Wpointer-sign -Wno-newline-eof -Wno-selector -Wno-strict-selector-match -Wno-undeclared-selector -Wno-deprecated-implementations -Wno-implicit-fallthrough -fstrict-aliasing -Wprotocol -Wdeprecated-declarations -Wno-sign-conversion -Wno-infinite-recursion -Wno-comma -Wno-block-capture-autoreleasing -Wno-strict-prototypes -Wno-semicolon-before-method-body -index-store-path /Users/siam/Library/Developer/Xcode/DerivedData/Lingua_Quest-gvpckrqxtbgyprbgppjfqmimmmfw/Index.noindex/DataStore @/Users/siam/Library/Developer/Xcode/DerivedData/Lingua_Quest-gvpckrqxtbgyprbgppjfqmimmmfw/Build/Intermediates.noindex/AppAuth.build/Debug-iphonesimulator/AppAuthCore.build/Objects-normal/x86_64/e6072d4f65d7061329687fe24e3d63a7-common-args.resp -include /Users/siam/Library/Developer/Xcode/DerivedData/Lingua_Quest-gvpckrqxtbgyprbgppjfqmimmmfw/Build/Intermediates.noindex/AppAuth.build/Debug-iphonesimulator/AppAuthCore.build/DerivedSources/resource_bundle_accessor.h -MMD -MT dependencies -MF /Users/siam/Library/Developer/Xcode/DerivedData/Lingua_Quest-gvpckrqxtbgyprbgppjfqmimmmfw/Build/Intermediates.noindex/AppAuth.build/Debug-iphonesimulator/AppAuthCore.build/Objects-normal/x86_64/OIDClientMetadataParameters.d --serialize-diagnostics /Users/siam/Library/Developer/Xcode/DerivedData/Lingua_Quest-gvpckrqxtbgyprbgppjfqmimmmfw/Build/Intermediates.noindex/AppAuth.build/Debug-iphonesimulator/AppAuthCore.build/Objects-normal/x86_64/OIDClientMetadataParameters.dia -c /Users/siam/Library/Developer/Xcode/DerivedData/Lingua_Quest-gvpckrqxtbgyprbgppjfqmimmmfw/SourcePackages/checkouts/AppAuth-iOS/Sources/AppAuthCore/OIDClientMetadataParameters.m -o /Users/siam/Library/Developer/Xcode/DerivedData/Lingua_Quest-gvpckrqxtbgyprbgppjfqmimmmfw/Build/Intermediates.noindex/AppAuth.build/Debug-iphonesimulator/AppAuthCore.build/Objects-normal/x86_64/OIDClientMetadataParameters.o -index-unit-output-path /AppAuth.build/Debug-iphonesimulator/AppAuthCore.build/Objects-normal/x86_64/OIDClientMetadataParameters.o

ScanDependencies /Users/siam/Library/Developer/Xcode/DerivedData/Lingua_Quest-gvpckrqxtbgyprbgppjfqmimmmfw/Build/Intermediates.noindex/AppAuth.build/Debug-iphonesimulator/AppAuthCore.build/Objects-normal/x86_64/OIDAuthorizationService.o /Users/siam/Library/Developer/Xcode/DerivedData/Lingua_Quest-gvpckrqxtbgyprbgppjfqmimmmfw/SourcePackages/checkouts/AppAuth-iOS/Sources/AppAuthCore/OIDAuthorizationService.m normal x86_64 objective-c com.apple.compilers.llvm.clang.1_0.compiler (in target 'AppAuthCore' from project 'AppAuth')
    cd /Users/siam/Desktop/Lingua\ Quest/Lingua\ Quest.xcodeproj
    
    Using response file: /Users/siam/Library/Developer/Xcode/DerivedData/Lingua_Quest-gvpckrqxtbgyprbgppjfqmimmmfw/Build/Intermediates.noindex/AppAuth.build/Debug-iphonesimulator/AppAuthCore.build/Objects-normal/x86_64/e6072d4f65d7061329687fe24e3d63a7-common-args.resp
    
    builtin-ScanDependencies -o /Users/siam/Library/Developer/Xcode/DerivedData/Lingua_Quest-gvpckrqxtbgyprbgppjfqmimmmfw/Build/Intermediates.noindex/AppAuth.build/Debug-iphonesimulator/AppAuthCore.build/Objects-normal/x86_64/OIDAuthorizationService.o.scan -- /Applications/Xcode.app/Contents/Developer/Toolchains/XcodeDefault.xctoolchain/usr/bin/clang -x objective-c -ivfsstatcache /Users/siam/Library/Developer/Xcode/DerivedData/SDKStatCaches.noindex/iphonesimulator26.0-23A339-26257891a6c027eb51374368541b8346.sdkstatcache -fmessage-length\=0 -fdiagnostics-show-note-include-stack -fmacro-backtrace-limit\=0 -fno-color-diagnostics -fmodules-prune-interval\=86400 -fmodules-prune-after\=345600 -fbuild-session-file\=/Users/siam/Library/Developer/Xcode/DerivedData/ModuleCache.noindex/Session.modulevalidation -fmodules-validate-once-per-build-session -Wnon-modular-include-in-framework-module -Werror\=non-modular-include-in-framework-module -Wno-trigraphs -Wno-missing-field-initializers -Wno-missing-prototypes -Wno-return-type -Wno-implicit-atomic-properties -Wno-objc-interface-ivars -Wno-arc-repeated-use-of-weak -Wno-missing-braces -Wparentheses -Wswitch -Wno-unused-function -Wno-unused-label -Wno-unused-parameter -Wno-unused-variable -Wunused-value -Wno-empty-body -Wno-uninitialized -Wno-unknown-pragmas -w -Wno-shadow -Wno-four-char-constants -Wno-conversion -Wno-constant-conversion -Wno-int-conversion -Wno-bool-conversion -Wno-enum-conversion -Wno-float-conversion -Wno-non-literal-null-conversion -Wno-objc-literal-conversion -Wshorten-64-to-32 -Wpointer-sign -Wno-newline-eof -Wno-selector -Wno-strict-selector-match -Wno-undeclared-selector -Wno-deprecated-implementations -Wno-implicit-fallthrough -fstrict-aliasing -Wprotocol -Wdeprecated-declarations -Wno-sign-conversion -Wno-infinite-recursion -Wno-comma -Wno-block-capture-autoreleasing -Wno-strict-prototypes -Wno-semicolon-before-method-body -index-store-path /Users/siam/Library/Developer/Xcode/DerivedData/Lingua_Quest-gvpckrqxtbgyprbgppjfqmimmmfw/Index.noindex/DataStore @/Users/siam/Library/Developer/Xcode/DerivedData/Lingua_Quest-gvpckrqxtbgyprbgppjfqmimmmfw/Build/Intermediates.noindex/AppAuth.build/Debug-iphonesimulator/AppAuthCore.build/Objects-normal/x86_64/e6072d4f65d7061329687fe24e3d63a7-common-args.resp -include /Users/siam/Library/Developer/Xcode/DerivedData/Lingua_Quest-gvpckrqxtbgyprbgppjfqmimmmfw/Build/Intermediates.noindex/AppAuth.build/Debug-iphonesimulator/AppAuthCore.build/DerivedSources/resource_bundle_accessor.h -MMD -MT dependencies -MF /Users/siam/Library/Developer/Xcode/DerivedData/Lingua_Quest-gvpckrqxtbgyprbgppjfqmimmmfw/Build/Intermediates.noindex/AppAuth.build/Debug-iphonesimulator/AppAuthCore.build/Objects-normal/x86_64/OIDAuthorizationService.d --serialize-diagnostics /Users/siam/Library/Developer/Xcode/DerivedData/Lingua_Quest-gvpckrqxtbgyprbgppjfqmimmmfw/Build/Intermediates.noindex/AppAuth.build/Debug-iphonesimulator/AppAuthCore.build/Objects-normal/x86_64/OIDAuthorizationService.dia -c /Users/siam/Library/Developer/Xcode/DerivedData/Lingua_Quest-gvpckrqxtbgyprbgppjfqmimmmfw/SourcePackages/checkouts/AppAuth-iOS/Sources/AppAuthCore/OIDAuthorizationService.m -o /Users/siam/Library/Developer/Xcode/DerivedData/Lingua_Quest-gvpckrqxtbgyprbgppjfqmimmmfw/Build/Intermediates.noindex/AppAuth.build/Debug-iphonesimulator/AppAuthCore.build/Objects-normal/x86_64/OIDAuthorizationService.o -index-unit-output-path /AppAuth.build/Debug-iphonesimulator/AppAuthCore.build/Objects-normal/x86_64/OIDAuthorizationService.o

CompileC /Users/siam/Library/Developer/Xcode/DerivedData/Lingua_Quest-gvpckrqxtbgyprbgppjfqmimmmfw/Build/Intermediates.noindex/AppAuth.build/Debug-iphonesimulator/AppAuthCore.build/Objects-normal/x86_64/OIDErrorUtilities.o /Users/siam/Library/Developer/Xcode/DerivedData/Lingua_Quest-gvpckrqxtbgyprbgppjfqmimmmfw/SourcePackages/checkouts/AppAuth-iOS/Sources/AppAuthCore/OIDErrorUtilities.m normal x86_64 objective-c com.apple.compilers.llvm.clang.1_0.compiler (in target 'AppAuthCore' from project 'AppAuth')
    cd /Users/siam/Desktop/Lingua\ Quest/Lingua\ Quest.xcodeproj
    
    Using response file: /Users/siam/Library/Developer/Xcode/DerivedData/Lingua_Quest-gvpckrqxtbgyprbgppjfqmimmmfw/Build/Intermediates.noindex/AppAuth.build/Debug-iphonesimulator/AppAuthCore.build/Objects-normal/x86_64/e6072d4f65d7061329687fe24e3d63a7-common-args.resp
    
    /Applications/Xcode.app/Contents/Developer/Toolchains/XcodeDefault.xctoolchain/usr/bin/clang -x objective-c -ivfsstatcache /Users/siam/Library/Developer/Xcode/DerivedData/SDKStatCaches.noindex/iphonesimulator26.0-23A339-26257891a6c027eb51374368541b8346.sdkstatcache -fmessage-length\=0 -fdiagnostics-show-note-include-stack -fmacro-backtrace-limit\=0 -fno-color-diagnostics -fmodules-prune-interval\=86400 -fmodules-prune-after\=345600 -fbuild-session-file\=/Users/siam/Library/Developer/Xcode/DerivedData/ModuleCache.noindex/Session.modulevalidation -fmodules-validate-once-per-build-session -Wnon-modular-include-in-framework-module -Werror\=non-modular-include-in-framework-module -Wno-trigraphs -Wno-missing-field-initializers -Wno-missing-prototypes -Wno-return-type -Wno-implicit-atomic-properties -Wno-objc-interface-ivars -Wno-arc-repeated-use-of-weak -Wno-missing-braces -Wparentheses -Wswitch -Wno-unused-function -Wno-unused-label -Wno-unused-parameter -Wno-unused-variable -Wunused-value -Wno-empty-body -Wno-uninitialized -Wno-unknown-pragmas -w -Wno-shadow -Wno-four-char-constants -Wno-conversion -Wno-constant-conversion -Wno-int-conversion -Wno-bool-conversion -Wno-enum-conversion -Wno-float-conversion -Wno-non-literal-null-conversion -Wno-objc-literal-conversion -Wshorten-64-to-32 -Wpointer-sign -Wno-newline-eof -Wno-selector -Wno-strict-selector-match -Wno-undeclared-selector -Wno-deprecated-implementations -Wno-implicit-fallthrough -fstrict-aliasing -Wprotocol -Wdeprecated-declarations -Wno-sign-conversion -Wno-infinite-recursion -Wno-comma -Wno-block-capture-autoreleasing -Wno-strict-prototypes -Wno-semicolon-before-method-body -index-store-path /Users/siam/Library/Developer/Xcode/DerivedData/Lingua_Quest-gvpckrqxtbgyprbgppjfqmimmmfw/Index.noindex/DataStore @/Users/siam/Library/Developer/Xcode/DerivedData/Lingua_Quest-gvpckrqxtbgyprbgppjfqmimmmfw/Build/Intermediates.noindex/AppAuth.build/Debug-iphonesimulator/AppAuthCore.build/Objects-normal/x86_64/e6072d4f65d7061329687fe24e3d63a7-common-args.resp -include /Users/siam/Library/Developer/Xcode/DerivedData/Lingua_Quest-gvpckrqxtbgyprbgppjfqmimmmfw/Build/Intermediates.noindex/AppAuth.build/Debug-iphonesimulator/AppAuthCore.build/DerivedSources/resource_bundle_accessor.h -MMD -MT dependencies -MF /Users/siam/Library/Developer/Xcode/DerivedData/Lingua_Quest-gvpckrqxtbgyprbgppjfqmimmmfw/Build/Intermediates.noindex/AppAuth.build/Debug-iphonesimulator/AppAuthCore.build/Objects-normal/x86_64/OIDErrorUtilities.d --serialize-diagnostics /Users/siam/Library/Developer/Xcode/DerivedData/Lingua_Quest-gvpckrqxtbgyprbgppjfqmimmmfw/Build/Intermediates.noindex/AppAuth.build/Debug-iphonesimulator/AppAuthCore.build/Objects-normal/x86_64/OIDErrorUtilities.dia -c /Users/siam/Library/Developer/Xcode/DerivedData/Lingua_Quest-gvpckrqxtbgyprbgppjfqmimmmfw/SourcePackages/checkouts/AppAuth-iOS/Sources/AppAuthCore/OIDErrorUtilities.m -o /Users/siam/Library/Developer/Xcode/DerivedData/Lingua_Quest-gvpckrqxtbgyprbgppjfqmimmmfw/Build/Intermediates.noindex/AppAuth.build/Debug-iphonesimulator/AppAuthCore.build/Objects-normal/x86_64/OIDErrorUtilities.o -index-unit-output-path /AppAuth.build/Debug-iphonesimulator/AppAuthCore.build/Objects-normal/x86_64/OIDErrorUtilities.o

CompileC /Users/siam/Library/Developer/Xcode/DerivedData/Lingua_Quest-gvpckrqxtbgyprbgppjfqmimmmfw/Build/Intermediates.noindex/AppAuth.build/Debug-iphonesimulator/AppAuthCore.build/Objects-normal/x86_64/OIDError.o /Users/siam/Library/Developer/Xcode/DerivedData/Lingua_Quest-gvpckrqxtbgyprbgppjfqmimmmfw/SourcePackages/checkouts/AppAuth-iOS/Sources/AppAuthCore/OIDError.m normal x86_64 objective-c com.apple.compilers.llvm.clang.1_0.compiler (in target 'AppAuthCore' from project 'AppAuth')
    cd /Users/siam/Desktop/Lingua\ Quest/Lingua\ Quest.xcodeproj
    
    Using response file: /Users/siam/Library/Developer/Xcode/DerivedData/Lingua_Quest-gvpckrqxtbgyprbgppjfqmimmmfw/Build/Intermediates.noindex/AppAuth.build/Debug-iphonesimulator/AppAuthCore.build/Objects-normal/x86_64/e6072d4f65d7061329687fe24e3d63a7-common-args.resp
    
    /Applications/Xcode.app/Contents/Developer/Toolchains/XcodeDefault.xctoolchain/usr/bin/clang -x objective-c -ivfsstatcache /Users/siam/Library/Developer/Xcode/DerivedData/SDKStatCaches.noindex/iphonesimulator26.0-23A339-26257891a6c027eb51374368541b8346.sdkstatcache -fmessage-length\=0 -fdiagnostics-show-note-include-stack -fmacro-backtrace-limit\=0 -fno-color-diagnostics -fmodules-prune-interval\=86400 -fmodules-prune-after\=345600 -fbuild-session-file\=/Users/siam/Library/Developer/Xcode/DerivedData/ModuleCache.noindex/Session.modulevalidation -fmodules-validate-once-per-build-session -Wnon-modular-include-in-framework-module -Werror\=non-modular-include-in-framework-module -Wno-trigraphs -Wno-missing-field-initializers -Wno-missing-prototypes -Wno-return-type -Wno-implicit-atomic-properties -Wno-objc-interface-ivars -Wno-arc-repeated-use-of-weak -Wno-missing-braces -Wparentheses -Wswitch -Wno-unused-function -Wno-unused-label -Wno-unused-parameter -Wno-unused-variable -Wunused-value -Wno-empty-body -Wno-uninitialized -Wno-unknown-pragmas -w -Wno-shadow -Wno-four-char-constants -Wno-conversion -Wno-constant-conversion -Wno-int-conversion -Wno-bool-conversion -Wno-enum-conversion -Wno-float-conversion -Wno-non-literal-null-conversion -Wno-objc-literal-conversion -Wshorten-64-to-32 -Wpointer-sign -Wno-newline-eof -Wno-selector -Wno-strict-selector-match -Wno-undeclared-selector -Wno-deprecated-implementations -Wno-implicit-fallthrough -fstrict-aliasing -Wprotocol -Wdeprecated-declarations -Wno-sign-conversion -Wno-infinite-recursion -Wno-comma -Wno-block-capture-autoreleasing -Wno-strict-prototypes -Wno-semicolon-before-method-body -index-store-path /Users/siam/Library/Developer/Xcode/DerivedData/Lingua_Quest-gvpckrqxtbgyprbgppjfqmimmmfw/Index.noindex/DataStore @/Users/siam/Library/Developer/Xcode/DerivedData/Lingua_Quest-gvpckrqxtbgyprbgppjfqmimmmfw/Build/Intermediates.noindex/AppAuth.build/Debug-iphonesimulator/AppAuthCore.build/Objects-normal/x86_64/e6072d4f65d7061329687fe24e3d63a7-common-args.resp -include /Users/siam/Library/Developer/Xcode/DerivedData/Lingua_Quest-gvpckrqxtbgyprbgppjfqmimmmfw/Build/Intermediates.noindex/AppAuth.build/Debug-iphonesimulator/AppAuthCore.build/DerivedSources/resource_bundle_accessor.h -MMD -MT dependencies -MF /Users/siam/Library/Developer/Xcode/DerivedData/Lingua_Quest-gvpckrqxtbgyprbgppjfqmimmmfw/Build/Intermediates.noindex/AppAuth.build/Debug-iphonesimulator/AppAuthCore.build/Objects-normal/x86_64/OIDError.d --serialize-diagnostics /Users/siam/Library/Developer/Xcode/DerivedData/Lingua_Quest-gvpckrqxtbgyprbgppjfqmimmmfw/Build/Intermediates.noindex/AppAuth.build/Debug-iphonesimulator/AppAuthCore.build/Objects-normal/x86_64/OIDError.dia -c /Users/siam/Library/Developer/Xcode/DerivedData/Lingua_Quest-gvpckrqxtbgyprbgppjfqmimmmfw/SourcePackages/checkouts/AppAuth-iOS/Sources/AppAuthCore/OIDError.m -o /Users/siam/Library/Developer/Xcode/DerivedData/Lingua_Quest-gvpckrqxtbgyprbgppjfqmimmmfw/Build/Intermediates.noindex/AppAuth.build/Debug-iphonesimulator/AppAuthCore.build/Objects-normal/x86_64/OIDError.o -index-unit-output-path /AppAuth.build/Debug-iphonesimulator/AppAuthCore.build/Objects-normal/x86_64/OIDError.o

ScanDependencies /Users/siam/Library/Developer/Xcode/DerivedData/Lingua_Quest-gvpckrqxtbgyprbgppjfqmimmmfw/Build/Intermediates.noindex/AppAuth.build/Debug-iphonesimulator/AppAuthCore.build/Objects-normal/x86_64/OIDAuthorizationResponse.o /Users/siam/Library/Developer/Xcode/DerivedData/Lingua_Quest-gvpckrqxtbgyprbgppjfqmimmmfw/SourcePackages/checkouts/AppAuth-iOS/Sources/AppAuthCore/OIDAuthorizationResponse.m normal x86_64 objective-c com.apple.compilers.llvm.clang.1_0.compiler (in target 'AppAuthCore' from project 'AppAuth')
    cd /Users/siam/Desktop/Lingua\ Quest/Lingua\ Quest.xcodeproj
    
    Using response file: /Users/siam/Library/Developer/Xcode/DerivedData/Lingua_Quest-gvpckrqxtbgyprbgppjfqmimmmfw/Build/Intermediates.noindex/AppAuth.build/Debug-iphonesimulator/AppAuthCore.build/Objects-normal/x86_64/e6072d4f65d7061329687fe24e3d63a7-common-args.resp
    
    builtin-ScanDependencies -o /Users/siam/Library/Developer/Xcode/DerivedData/Lingua_Quest-gvpckrqxtbgyprbgppjfqmimmmfw/Build/Intermediates.noindex/AppAuth.build/Debug-iphonesimulator/AppAuthCore.build/Objects-normal/x86_64/OIDAuthorizationResponse.o.scan -- /Applications/Xcode.app/Contents/Developer/Toolchains/XcodeDefault.xctoolchain/usr/bin/clang -x objective-c -ivfsstatcache /Users/siam/Library/Developer/Xcode/DerivedData/SDKStatCaches.noindex/iphonesimulator26.0-23A339-26257891a6c027eb51374368541b8346.sdkstatcache -fmessage-length\=0 -fdiagnostics-show-note-include-stack -fmacro-backtrace-limit\=0 -fno-color-diagnostics -fmodules-prune-interval\=86400 -fmodules-prune-after\=345600 -fbuild-session-file\=/Users/siam/Library/Developer/Xcode/DerivedData/ModuleCache.noindex/Session.modulevalidation -fmodules-validate-once-per-build-session -Wnon-modular-include-in-framework-module -Werror\=non-modular-include-in-framework-module -Wno-trigraphs -Wno-missing-field-initializers -Wno-missing-prototypes -Wno-return-type -Wno-implicit-atomic-properties -Wno-objc-interface-ivars -Wno-arc-repeated-use-of-weak -Wno-missing-braces -Wparentheses -Wswitch -Wno-unused-function -Wno-unused-label -Wno-unused-parameter -Wno-unused-variable -Wunused-value -Wno-empty-body -Wno-uninitialized -Wno-unknown-pragmas -w -Wno-shadow -Wno-four-char-constants -Wno-conversion -Wno-constant-conversion -Wno-int-conversion -Wno-bool-conversion -Wno-enum-conversion -Wno-float-conversion -Wno-non-literal-null-conversion -Wno-objc-literal-conversion -Wshorten-64-to-32 -Wpointer-sign -Wno-newline-eof -Wno-selector -Wno-strict-selector-match -Wno-undeclared-selector -Wno-deprecated-implementations -Wno-implicit-fallthrough -fstrict-aliasing -Wprotocol -Wdeprecated-declarations -Wno-sign-conversion -Wno-infinite-recursion -Wno-comma -Wno-block-capture-autoreleasing -Wno-strict-prototypes -Wno-semicolon-before-method-body -index-store-path /Users/siam/Library/Developer/Xcode/DerivedData/Lingua_Quest-gvpckrqxtbgyprbgppjfqmimmmfw/Index.noindex/DataStore @/Users/siam/Library/Developer/Xcode/DerivedData/Lingua_Quest-gvpckrqxtbgyprbgppjfqmimmmfw/Build/Intermediates.noindex/AppAuth.build/Debug-iphonesimulator/AppAuthCore.build/Objects-normal/x86_64/e6072d4f65d7061329687fe24e3d63a7-common-args.resp -include /Users/siam/Library/Developer/Xcode/DerivedData/Lingua_Quest-gvpckrqxtbgyprbgppjfqmimmmfw/Build/Intermediates.noindex/AppAuth.build/Debug-iphonesimulator/AppAuthCore.build/DerivedSources/resource_bundle_accessor.h -MMD -MT dependencies -MF /Users/siam/Library/Developer/Xcode/DerivedData/Lingua_Quest-gvpckrqxtbgyprbgppjfqmimmmfw/Build/Intermediates.noindex/AppAuth.build/Debug-iphonesimulator/AppAuthCore.build/Objects-normal/x86_64/OIDAuthorizationResponse.d --serialize-diagnostics /Users/siam/Library/Developer/Xcode/DerivedData/Lingua_Quest-gvpckrqxtbgyprbgppjfqmimmmfw/Build/Intermediates.noindex/AppAuth.build/Debug-iphonesimulator/AppAuthCore.build/Objects-normal/x86_64/OIDAuthorizationResponse.dia -c /Users/siam/Library/Developer/Xcode/DerivedData/Lingua_Quest-gvpckrqxtbgyprbgppjfqmimmmfw/SourcePackages/checkouts/AppAuth-iOS/Sources/AppAuthCore/OIDAuthorizationResponse.m -o /Users/siam/Library/Developer/Xcode/DerivedData/Lingua_Quest-gvpckrqxtbgyprbgppjfqmimmmfw/Build/Intermediates.noindex/AppAuth.build/Debug-iphonesimulator/AppAuthCore.build/Objects-normal/x86_64/OIDAuthorizationResponse.o -index-unit-output-path /AppAuth.build/Debug-iphonesimulator/AppAuthCore.build/Objects-normal/x86_64/OIDAuthorizationResponse.o

CompileC /Users/siam/Library/Developer/Xcode/DerivedData/Lingua_Quest-gvpckrqxtbgyprbgppjfqmimmmfw/Build/Intermediates.noindex/AppAuth.build/Debug-iphonesimulator/AppAuthCore.build/Objects-normal/x86_64/OIDEndSessionResponse.o /Users/siam/Library/Developer/Xcode/DerivedData/Lingua_Quest-gvpckrqxtbgyprbgppjfqmimmmfw/SourcePackages/checkouts/AppAuth-iOS/Sources/AppAuthCore/OIDEndSessionResponse.m normal x86_64 objective-c com.apple.compilers.llvm.clang.1_0.compiler (in target 'AppAuthCore' from project 'AppAuth')
    cd /Users/siam/Desktop/Lingua\ Quest/Lingua\ Quest.xcodeproj
    
    Using response file: /Users/siam/Library/Developer/Xcode/DerivedData/Lingua_Quest-gvpckrqxtbgyprbgppjfqmimmmfw/Build/Intermediates.noindex/AppAuth.build/Debug-iphonesimulator/AppAuthCore.build/Objects-normal/x86_64/e6072d4f65d7061329687fe24e3d63a7-common-args.resp
    
    /Applications/Xcode.app/Contents/Developer/Toolchains/XcodeDefault.xctoolchain/usr/bin/clang -x objective-c -ivfsstatcache /Users/siam/Library/Developer/Xcode/DerivedData/SDKStatCaches.noindex/iphonesimulator26.0-23A339-26257891a6c027eb51374368541b8346.sdkstatcache -fmessage-length\=0 -fdiagnostics-show-note-include-stack -fmacro-backtrace-limit\=0 -fno-color-diagnostics -fmodules-prune-interval\=86400 -fmodules-prune-after\=345600 -fbuild-session-file\=/Users/siam/Library/Developer/Xcode/DerivedData/ModuleCache.noindex/Session.modulevalidation -fmodules-validate-once-per-build-session -Wnon-modular-include-in-framework-module -Werror\=non-modular-include-in-framework-module -Wno-trigraphs -Wno-missing-field-initializers -Wno-missing-prototypes -Wno-return-type -Wno-implicit-atomic-properties -Wno-objc-interface-ivars -Wno-arc-repeated-use-of-weak -Wno-missing-braces -Wparentheses -Wswitch -Wno-unused-function -Wno-unused-label -Wno-unused-parameter -Wno-unused-variable -Wunused-value -Wno-empty-body -Wno-uninitialized -Wno-unknown-pragmas -w -Wno-shadow -Wno-four-char-constants -Wno-conversion -Wno-constant-conversion -Wno-int-conversion -Wno-bool-conversion -Wno-enum-conversion -Wno-float-conversion -Wno-non-literal-null-conversion -Wno-objc-literal-conversion -Wshorten-64-to-32 -Wpointer-sign -Wno-newline-eof -Wno-selector -Wno-strict-selector-match -Wno-undeclared-selector -Wno-deprecated-implementations -Wno-implicit-fallthrough -fstrict-aliasing -Wprotocol -Wdeprecated-declarations -Wno-sign-conversion -Wno-infinite-recursion -Wno-comma -Wno-block-capture-autoreleasing -Wno-strict-prototypes -Wno-semicolon-before-method-body -index-store-path /Users/siam/Library/Developer/Xcode/DerivedData/Lingua_Quest-gvpckrqxtbgyprbgppjfqmimmmfw/Index.noindex/DataStore @/Users/siam/Library/Developer/Xcode/DerivedData/Lingua_Quest-gvpckrqxtbgyprbgppjfqmimmmfw/Build/Intermediates.noindex/AppAuth.build/Debug-iphonesimulator/AppAuthCore.build/Objects-normal/x86_64/e6072d4f65d7061329687fe24e3d63a7-common-args.resp -include /Users/siam/Library/Developer/Xcode/DerivedData/Lingua_Quest-gvpckrqxtbgyprbgppjfqmimmmfw/Build/Intermediates.noindex/AppAuth.build/Debug-iphonesimulator/AppAuthCore.build/DerivedSources/resource_bundle_accessor.h -MMD -MT dependencies -MF /Users/siam/Library/Developer/Xcode/DerivedData/Lingua_Quest-gvpckrqxtbgyprbgppjfqmimmmfw/Build/Intermediates.noindex/AppAuth.build/Debug-iphonesimulator/AppAuthCore.build/Objects-normal/x86_64/OIDEndSessionResponse.d --serialize-diagnostics /Users/siam/Library/Developer/Xcode/DerivedData/Lingua_Quest-gvpckrqxtbgyprbgppjfqmimmmfw/Build/Intermediates.noindex/AppAuth.build/Debug-iphonesimulator/AppAuthCore.build/Objects-normal/x86_64/OIDEndSessionResponse.dia -c /Users/siam/Library/Developer/Xcode/DerivedData/Lingua_Quest-gvpckrqxtbgyprbgppjfqmimmmfw/SourcePackages/checkouts/AppAuth-iOS/Sources/AppAuthCore/OIDEndSessionResponse.m -o /Users/siam/Library/Developer/Xcode/DerivedData/Lingua_Quest-gvpckrqxtbgyprbgppjfqmimmmfw/Build/Intermediates.noindex/AppAuth.build/Debug-iphonesimulator/AppAuthCore.build/Objects-normal/x86_64/OIDEndSessionResponse.o -index-unit-output-path /AppAuth.build/Debug-iphonesimulator/AppAuthCore.build/Objects-normal/x86_64/OIDEndSessionResponse.o

ScanDependencies /Users/siam/Library/Developer/Xcode/DerivedData/Lingua_Quest-gvpckrqxtbgyprbgppjfqmimmmfw/Build/Intermediates.noindex/AppAuth.build/Debug-iphonesimulator/AppAuthCore.build/Objects-normal/x86_64/OIDAuthorizationRequest.o /Users/siam/Library/Developer/Xcode/DerivedData/Lingua_Quest-gvpckrqxtbgyprbgppjfqmimmmfw/SourcePackages/checkouts/AppAuth-iOS/Sources/AppAuthCore/OIDAuthorizationRequest.m normal x86_64 objective-c com.apple.compilers.llvm.clang.1_0.compiler (in target 'AppAuthCore' from project 'AppAuth')
    cd /Users/siam/Desktop/Lingua\ Quest/Lingua\ Quest.xcodeproj
    
    Using response file: /Users/siam/Library/Developer/Xcode/DerivedData/Lingua_Quest-gvpckrqxtbgyprbgppjfqmimmmfw/Build/Intermediates.noindex/AppAuth.build/Debug-iphonesimulator/AppAuthCore.build/Objects-normal/x86_64/e6072d4f65d7061329687fe24e3d63a7-common-args.resp
    
    builtin-ScanDependencies -o /Users/siam/Library/Developer/Xcode/DerivedData/Lingua_Quest-gvpckrqxtbgyprbgppjfqmimmmfw/Build/Intermediates.noindex/AppAuth.build/Debug-iphonesimulator/AppAuthCore.build/Objects-normal/x86_64/OIDAuthorizationRequest.o.scan -- /Applications/Xcode.app/Contents/Developer/Toolchains/XcodeDefault.xctoolchain/usr/bin/clang -x objective-c -ivfsstatcache /Users/siam/Library/Developer/Xcode/DerivedData/SDKStatCaches.noindex/iphonesimulator26.0-23A339-26257891a6c027eb51374368541b8346.sdkstatcache -fmessage-length\=0 -fdiagnostics-show-note-include-stack -fmacro-backtrace-limit\=0 -fno-color-diagnostics -fmodules-prune-interval\=86400 -fmodules-prune-after\=345600 -fbuild-session-file\=/Users/siam/Library/Developer/Xcode/DerivedData/ModuleCache.noindex/Session.modulevalidation -fmodules-validate-once-per-build-session -Wnon-modular-include-in-framework-module -Werror\=non-modular-include-in-framework-module -Wno-trigraphs -Wno-missing-field-initializers -Wno-missing-prototypes -Wno-return-type -Wno-implicit-atomic-properties -Wno-objc-interface-ivars -Wno-arc-repeated-use-of-weak -Wno-missing-braces -Wparentheses -Wswitch -Wno-unused-function -Wno-unused-label -Wno-unused-parameter -Wno-unused-variable -Wunused-value -Wno-empty-body -Wno-uninitialized -Wno-unknown-pragmas -w -Wno-shadow -Wno-four-char-constants -Wno-conversion -Wno-constant-conversion -Wno-int-conversion -Wno-bool-conversion -Wno-enum-conversion -Wno-float-conversion -Wno-non-literal-null-conversion -Wno-objc-literal-conversion -Wshorten-64-to-32 -Wpointer-sign -Wno-newline-eof -Wno-selector -Wno-strict-selector-match -Wno-undeclared-selector -Wno-deprecated-implementations -Wno-implicit-fallthrough -fstrict-aliasing -Wprotocol -Wdeprecated-declarations -Wno-sign-conversion -Wno-infinite-recursion -Wno-comma -Wno-block-capture-autoreleasing -Wno-strict-prototypes -Wno-semicolon-before-method-body -index-store-path /Users/siam/Library/Developer/Xcode/DerivedData/Lingua_Quest-gvpckrqxtbgyprbgppjfqmimmmfw/Index.noindex/DataStore @/Users/siam/Library/Developer/Xcode/DerivedData/Lingua_Quest-gvpckrqxtbgyprbgppjfqmimmmfw/Build/Intermediates.noindex/AppAuth.build/Debug-iphonesimulator/AppAuthCore.build/Objects-normal/x86_64/e6072d4f65d7061329687fe24e3d63a7-common-args.resp -include /Users/siam/Library/Developer/Xcode/DerivedData/Lingua_Quest-gvpckrqxtbgyprbgppjfqmimmmfw/Build/Intermediates.noindex/AppAuth.build/Debug-iphonesimulator/AppAuthCore.build/DerivedSources/resource_bundle_accessor.h -MMD -MT dependencies -MF /Users/siam/Library/Developer/Xcode/DerivedData/Lingua_Quest-gvpckrqxtbgyprbgppjfqmimmmfw/Build/Intermediates.noindex/AppAuth.build/Debug-iphonesimulator/AppAuthCore.build/Objects-normal/x86_64/OIDAuthorizationRequest.d --serialize-diagnostics /Users/siam/Library/Developer/Xcode/DerivedData/Lingua_Quest-gvpckrqxtbgyprbgppjfqmimmmfw/Build/Intermediates.noindex/AppAuth.build/Debug-iphonesimulator/AppAuthCore.build/Objects-normal/x86_64/OIDAuthorizationRequest.dia -c /Users/siam/Library/Developer/Xcode/DerivedData/Lingua_Quest-gvpckrqxtbgyprbgppjfqmimmmfw/SourcePackages/checkouts/AppAuth-iOS/Sources/AppAuthCore/OIDAuthorizationRequest.m -o /Users/siam/Library/Developer/Xcode/DerivedData/Lingua_Quest-gvpckrqxtbgyprbgppjfqmimmmfw/Build/Intermediates.noindex/AppAuth.build/Debug-iphonesimulator/AppAuthCore.build/Objects-normal/x86_64/OIDAuthorizationRequest.o -index-unit-output-path /AppAuth.build/Debug-iphonesimulator/AppAuthCore.build/Objects-normal/x86_64/OIDAuthorizationRequest.o

CompileC /Users/siam/Library/Developer/Xcode/DerivedData/Lingua_Quest-gvpckrqxtbgyprbgppjfqmimmmfw/Build/Intermediates.noindex/AppAuth.build/Debug-iphonesimulator/AppAuthCore.build/Objects-normal/x86_64/OIDEndSessionRequest.o /Users/siam/Library/Developer/Xcode/DerivedData/Lingua_Quest-gvpckrqxtbgyprbgppjfqmimmmfw/SourcePackages/checkouts/AppAuth-iOS/Sources/AppAuthCore/OIDEndSessionRequest.m normal x86_64 objective-c com.apple.compilers.llvm.clang.1_0.compiler (in target 'AppAuthCore' from project 'AppAuth')
    cd /Users/siam/Desktop/Lingua\ Quest/Lingua\ Quest.xcodeproj
    
    Using response file: /Users/siam/Library/Developer/Xcode/DerivedData/Lingua_Quest-gvpckrqxtbgyprbgppjfqmimmmfw/Build/Intermediates.noindex/AppAuth.build/Debug-iphonesimulator/AppAuthCore.build/Objects-normal/x86_64/e6072d4f65d7061329687fe24e3d63a7-common-args.resp
    
    /Applications/Xcode.app/Contents/Developer/Toolchains/XcodeDefault.xctoolchain/usr/bin/clang -x objective-c -ivfsstatcache /Users/siam/Library/Developer/Xcode/DerivedData/SDKStatCaches.noindex/iphonesimulator26.0-23A339-26257891a6c027eb51374368541b8346.sdkstatcache -fmessage-length\=0 -fdiagnostics-show-note-include-stack -fmacro-backtrace-limit\=0 -fno-color-diagnostics -fmodules-prune-interval\=86400 -fmodules-prune-after\=345600 -fbuild-session-file\=/Users/siam/Library/Developer/Xcode/DerivedData/ModuleCache.noindex/Session.modulevalidation -fmodules-validate-once-per-build-session -Wnon-modular-include-in-framework-module -Werror\=non-modular-include-in-framework-module -Wno-trigraphs -Wno-missing-field-initializers -Wno-missing-prototypes -Wno-return-type -Wno-implicit-atomic-properties -Wno-objc-interface-ivars -Wno-arc-repeated-use-of-weak -Wno-missing-braces -Wparentheses -Wswitch -Wno-unused-function -Wno-unused-label -Wno-unused-parameter -Wno-unused-variable -Wunused-value -Wno-empty-body -Wno-uninitialized -Wno-unknown-pragmas -w -Wno-shadow -Wno-four-char-constants -Wno-conversion -Wno-constant-conversion -Wno-int-conversion -Wno-bool-conversion -Wno-enum-conversion -Wno-float-conversion -Wno-non-literal-null-conversion -Wno-objc-literal-conversion -Wshorten-64-to-32 -Wpointer-sign -Wno-newline-eof -Wno-selector -Wno-strict-selector-match -Wno-undeclared-selector -Wno-deprecated-implementations -Wno-implicit-fallthrough -fstrict-aliasing -Wprotocol -Wdeprecated-declarations -Wno-sign-conversion -Wno-infinite-recursion -Wno-comma -Wno-block-capture-autoreleasing -Wno-strict-prototypes -Wno-semicolon-before-method-body -index-store-path /Users/siam/Library/Developer/Xcode/DerivedData/Lingua_Quest-gvpckrqxtbgyprbgppjfqmimmmfw/Index.noindex/DataStore @/Users/siam/Library/Developer/Xcode/DerivedData/Lingua_Quest-gvpckrqxtbgyprbgppjfqmimmmfw/Build/Intermediates.noindex/AppAuth.build/Debug-iphonesimulator/AppAuthCore.build/Objects-normal/x86_64/e6072d4f65d7061329687fe24e3d63a7-common-args.resp -include /Users/siam/Library/Developer/Xcode/DerivedData/Lingua_Quest-gvpckrqxtbgyprbgppjfqmimmmfw/Build/Intermediates.noindex/AppAuth.build/Debug-iphonesimulator/AppAuthCore.build/DerivedSources/resource_bundle_accessor.h -MMD -MT dependencies -MF /Users/siam/Library/Developer/Xcode/DerivedData/Lingua_Quest-gvpckrqxtbgyprbgppjfqmimmmfw/Build/Intermediates.noindex/AppAuth.build/Debug-iphonesimulator/AppAuthCore.build/Objects-normal/x86_64/OIDEndSessionRequest.d --serialize-diagnostics /Users/siam/Library/Developer/Xcode/DerivedData/Lingua_Quest-gvpckrqxtbgyprbgppjfqmimmmfw/Build/Intermediates.noindex/AppAuth.build/Debug-iphonesimulator/AppAuthCore.build/Objects-normal/x86_64/OIDEndSessionRequest.dia -c /Users/siam/Library/Developer/Xcode/DerivedData/Lingua_Quest-gvpckrqxtbgyprbgppjfqmimmmfw/SourcePackages/checkouts/AppAuth-iOS/Sources/AppAuthCore/OIDEndSessionRequest.m -o /Users/siam/Library/Developer/Xcode/DerivedData/Lingua_Quest-gvpckrqxtbgyprbgppjfqmimmmfw/Build/Intermediates.noindex/AppAuth.build/Debug-iphonesimulator/AppAuthCore.build/Objects-normal/x86_64/OIDEndSessionRequest.o -index-unit-output-path /AppAuth.build/Debug-iphonesimulator/AppAuthCore.build/Objects-normal/x86_64/OIDEndSessionRequest.o

CompileC /Users/siam/Library/Developer/Xcode/DerivedData/Lingua_Quest-gvpckrqxtbgyprbgppjfqmimmmfw/Build/Intermediates.noindex/AppAuth.build/Debug-iphonesimulator/AppAuthCore.build/Objects-normal/x86_64/OIDClientMetadataParameters.o /Users/siam/Library/Developer/Xcode/DerivedData/Lingua_Quest-gvpckrqxtbgyprbgppjfqmimmmfw/SourcePackages/checkouts/AppAuth-iOS/Sources/AppAuthCore/OIDClientMetadataParameters.m normal x86_64 objective-c com.apple.compilers.llvm.clang.1_0.compiler (in target 'AppAuthCore' from project 'AppAuth')
    cd /Users/siam/Desktop/Lingua\ Quest/Lingua\ Quest.xcodeproj
    
    Using response file: /Users/siam/Library/Developer/Xcode/DerivedData/Lingua_Quest-gvpckrqxtbgyprbgppjfqmimmmfw/Build/Intermediates.noindex/AppAuth.build/Debug-iphonesimulator/AppAuthCore.build/Objects-normal/x86_64/e6072d4f65d7061329687fe24e3d63a7-common-args.resp
    
    /Applications/Xcode.app/Contents/Developer/Toolchains/XcodeDefault.xctoolchain/usr/bin/clang -x objective-c -ivfsstatcache /Users/siam/Library/Developer/Xcode/DerivedData/SDKStatCaches.noindex/iphonesimulator26.0-23A339-26257891a6c027eb51374368541b8346.sdkstatcache -fmessage-length\=0 -fdiagnostics-show-note-include-stack -fmacro-backtrace-limit\=0 -fno-color-diagnostics -fmodules-prune-interval\=86400 -fmodules-prune-after\=345600 -fbuild-session-file\=/Users/siam/Library/Developer/Xcode/DerivedData/ModuleCache.noindex/Session.modulevalidation -fmodules-validate-once-per-build-session -Wnon-modular-include-in-framework-module -Werror\=non-modular-include-in-framework-module -Wno-trigraphs -Wno-missing-field-initializers -Wno-missing-prototypes -Wno-return-type -Wno-implicit-atomic-properties -Wno-objc-interface-ivars -Wno-arc-repeated-use-of-weak -Wno-missing-braces -Wparentheses -Wswitch -Wno-unused-function -Wno-unused-label -Wno-unused-parameter -Wno-unused-variable -Wunused-value -Wno-empty-body -Wno-uninitialized -Wno-unknown-pragmas -w -Wno-shadow -Wno-four-char-constants -Wno-conversion -Wno-constant-conversion -Wno-int-conversion -Wno-bool-conversion -Wno-enum-conversion -Wno-float-conversion -Wno-non-literal-null-conversion -Wno-objc-literal-conversion -Wshorten-64-to-32 -Wpointer-sign -Wno-newline-eof -Wno-selector -Wno-strict-selector-match -Wno-undeclared-selector -Wno-deprecated-implementations -Wno-implicit-fallthrough -fstrict-aliasing -Wprotocol -Wdeprecated-declarations -Wno-sign-conversion -Wno-infinite-recursion -Wno-comma -Wno-block-capture-autoreleasing -Wno-strict-prototypes -Wno-semicolon-before-method-body -index-store-path /Users/siam/Library/Developer/Xcode/DerivedData/Lingua_Quest-gvpckrqxtbgyprbgppjfqmimmmfw/Index.noindex/DataStore @/Users/siam/Library/Developer/Xcode/DerivedData/Lingua_Quest-gvpckrqxtbgyprbgppjfqmimmmfw/Build/Intermediates.noindex/AppAuth.build/Debug-iphonesimulator/AppAuthCore.build/Objects-normal/x86_64/e6072d4f65d7061329687fe24e3d63a7-common-args.resp -include /Users/siam/Library/Developer/Xcode/DerivedData/Lingua_Quest-gvpckrqxtbgyprbgppjfqmimmmfw/Build/Intermediates.noindex/AppAuth.build/Debug-iphonesimulator/AppAuthCore.build/DerivedSources/resource_bundle_accessor.h -MMD -MT dependencies -MF /Users/siam/Library/Developer/Xcode/DerivedData/Lingua_Quest-gvpckrqxtbgyprbgppjfqmimmmfw/Build/Intermediates.noindex/AppAuth.build/Debug-iphonesimulator/AppAuthCore.build/Objects-normal/x86_64/OIDClientMetadataParameters.d --serialize-diagnostics /Users/siam/Library/Developer/Xcode/DerivedData/Lingua_Quest-gvpckrqxtbgyprbgppjfqmimmmfw/Build/Intermediates.noindex/AppAuth.build/Debug-iphonesimulator/AppAuthCore.build/Objects-normal/x86_64/OIDClientMetadataParameters.dia -c /Users/siam/Library/Developer/Xcode/DerivedData/Lingua_Quest-gvpckrqxtbgyprbgppjfqmimmmfw/SourcePackages/checkouts/AppAuth-iOS/Sources/AppAuthCore/OIDClientMetadataParameters.m -o /Users/siam/Library/Developer/Xcode/DerivedData/Lingua_Quest-gvpckrqxtbgyprbgppjfqmimmmfw/Build/Intermediates.noindex/AppAuth.build/Debug-iphonesimulator/AppAuthCore.build/Objects-normal/x86_64/OIDClientMetadataParameters.o -index-unit-output-path /AppAuth.build/Debug-iphonesimulator/AppAuthCore.build/Objects-normal/x86_64/OIDClientMetadataParameters.o

ScanDependencies /Users/siam/Library/Developer/Xcode/DerivedData/Lingua_Quest-gvpckrqxtbgyprbgppjfqmimmmfw/Build/Intermediates.noindex/AppAuth.build/Debug-iphonesimulator/AppAuthCore.build/Objects-normal/x86_64/OIDAuthState.o /Users/siam/Library/Developer/Xcode/DerivedData/Lingua_Quest-gvpckrqxtbgyprbgppjfqmimmmfw/SourcePackages/checkouts/AppAuth-iOS/Sources/AppAuthCore/OIDAuthState.m normal x86_64 objective-c com.apple.compilers.llvm.clang.1_0.compiler (in target 'AppAuthCore' from project 'AppAuth')
    cd /Users/siam/Desktop/Lingua\ Quest/Lingua\ Quest.xcodeproj
    
    Using response file: /Users/siam/Library/Developer/Xcode/DerivedData/Lingua_Quest-gvpckrqxtbgyprbgppjfqmimmmfw/Build/Intermediates.noindex/AppAuth.build/Debug-iphonesimulator/AppAuthCore.build/Objects-normal/x86_64/e6072d4f65d7061329687fe24e3d63a7-common-args.resp
    
    builtin-ScanDependencies -o /Users/siam/Library/Developer/Xcode/DerivedData/Lingua_Quest-gvpckrqxtbgyprbgppjfqmimmmfw/Build/Intermediates.noindex/AppAuth.build/Debug-iphonesimulator/AppAuthCore.build/Objects-normal/x86_64/OIDAuthState.o.scan -- /Applications/Xcode.app/Contents/Developer/Toolchains/XcodeDefault.xctoolchain/usr/bin/clang -x objective-c -ivfsstatcache /Users/siam/Library/Developer/Xcode/DerivedData/SDKStatCaches.noindex/iphonesimulator26.0-23A339-26257891a6c027eb51374368541b8346.sdkstatcache -fmessage-length\=0 -fdiagnostics-show-note-include-stack -fmacro-backtrace-limit\=0 -fno-color-diagnostics -fmodules-prune-interval\=86400 -fmodules-prune-after\=345600 -fbuild-session-file\=/Users/siam/Library/Developer/Xcode/DerivedData/ModuleCache.noindex/Session.modulevalidation -fmodules-validate-once-per-build-session -Wnon-modular-include-in-framework-module -Werror\=non-modular-include-in-framework-module -Wno-trigraphs -Wno-missing-field-initializers -Wno-missing-prototypes -Wno-return-type -Wno-implicit-atomic-properties -Wno-objc-interface-ivars -Wno-arc-repeated-use-of-weak -Wno-missing-braces -Wparentheses -Wswitch -Wno-unused-function -Wno-unused-label -Wno-unused-parameter -Wno-unused-variable -Wunused-value -Wno-empty-body -Wno-uninitialized -Wno-unknown-pragmas -w -Wno-shadow -Wno-four-char-constants -Wno-conversion -Wno-constant-conversion -Wno-int-conversion -Wno-bool-conversion -Wno-enum-conversion -Wno-float-conversion -Wno-non-literal-null-conversion -Wno-objc-literal-conversion -Wshorten-64-to-32 -Wpointer-sign -Wno-newline-eof -Wno-selector -Wno-strict-selector-match -Wno-undeclared-selector -Wno-deprecated-implementations -Wno-implicit-fallthrough -fstrict-aliasing -Wprotocol -Wdeprecated-declarations -Wno-sign-conversion -Wno-infinite-recursion -Wno-comma -Wno-block-capture-autoreleasing -Wno-strict-prototypes -Wno-semicolon-before-method-body -index-store-path /Users/siam/Library/Developer/Xcode/DerivedData/Lingua_Quest-gvpckrqxtbgyprbgppjfqmimmmfw/Index.noindex/DataStore @/Users/siam/Library/Developer/Xcode/DerivedData/Lingua_Quest-gvpckrqxtbgyprbgppjfqmimmmfw/Build/Intermediates.noindex/AppAuth.build/Debug-iphonesimulator/AppAuthCore.build/Objects-normal/x86_64/e6072d4f65d7061329687fe24e3d63a7-common-args.resp -include /Users/siam/Library/Developer/Xcode/DerivedData/Lingua_Quest-gvpckrqxtbgyprbgppjfqmimmmfw/Build/Intermediates.noindex/AppAuth.build/Debug-iphonesimulator/AppAuthCore.build/DerivedSources/resource_bundle_accessor.h -MMD -MT dependencies -MF /Users/siam/Library/Developer/Xcode/DerivedData/Lingua_Quest-gvpckrqxtbgyprbgppjfqmimmmfw/Build/Intermediates.noindex/AppAuth.build/Debug-iphonesimulator/AppAuthCore.build/Objects-normal/x86_64/OIDAuthState.d --serialize-diagnostics /Users/siam/Library/Developer/Xcode/DerivedData/Lingua_Quest-gvpckrqxtbgyprbgppjfqmimmmfw/Build/Intermediates.noindex/AppAuth.build/Debug-iphonesimulator/AppAuthCore.build/Objects-normal/x86_64/OIDAuthState.dia -c /Users/siam/Library/Developer/Xcode/DerivedData/Lingua_Quest-gvpckrqxtbgyprbgppjfqmimmmfw/SourcePackages/checkouts/AppAuth-iOS/Sources/AppAuthCore/OIDAuthState.m -o /Users/siam/Library/Developer/Xcode/DerivedData/Lingua_Quest-gvpckrqxtbgyprbgppjfqmimmmfw/Build/Intermediates.noindex/AppAuth.build/Debug-iphonesimulator/AppAuthCore.build/Objects-normal/x86_64/OIDAuthState.o -index-unit-output-path /AppAuth.build/Debug-iphonesimulator/AppAuthCore.build/Objects-normal/x86_64/OIDAuthState.o

PrecompileModule /Users/siam/Library/Developer/Xcode/DerivedData/Lingua_Quest-gvpckrqxtbgyprbgppjfqmimmmfw/Build/Intermediates.noindex/ExplicitPrecompiledModules/Foundation-AWDM3KQRTZPFGL74WAU5Z83DF.scan
    cd /
    builtin-precompileModule /Users/siam/Library/Developer/Xcode/DerivedData/Lingua_Quest-gvpckrqxtbgyprbgppjfqmimmmfw/Build/Intermediates.noindex/ExplicitPrecompiledModules/Foundation-AWDM3KQRTZPFGL74WAU5Z83DF.scan

ScanDependencies /Users/siam/Library/Developer/Xcode/DerivedData/Lingua_Quest-gvpckrqxtbgyprbgppjfqmimmmfw/Build/Intermediates.noindex/AppAuth.build/Debug-iphonesimulator/AppAuthCore.build/Objects-normal/arm64/resource_bundle_accessor.o /Users/siam/Library/Developer/Xcode/DerivedData/Lingua_Quest-gvpckrqxtbgyprbgppjfqmimmmfw/Build/Intermediates.noindex/AppAuth.build/Debug-iphonesimulator/AppAuthCore.build/DerivedSources/resource_bundle_accessor.m normal arm64 objective-c com.apple.compilers.llvm.clang.1_0.compiler (in target 'AppAuthCore' from project 'AppAuth')
    cd /Users/siam/Desktop/Lingua\ Quest/Lingua\ Quest.xcodeproj
    
    Using response file: /Users/siam/Library/Developer/Xcode/DerivedData/Lingua_Quest-gvpckrqxtbgyprbgppjfqmimmmfw/Build/Intermediates.noindex/AppAuth.build/Debug-iphonesimulator/AppAuthCore.build/Objects-normal/arm64/e6072d4f65d7061329687fe24e3d63a7-common-args.resp
    
    builtin-ScanDependencies -o /Users/siam/Library/Developer/Xcode/DerivedData/Lingua_Quest-gvpckrqxtbgyprbgppjfqmimmmfw/Build/Intermediates.noindex/AppAuth.build/Debug-iphonesimulator/AppAuthCore.build/Objects-normal/arm64/resource_bundle_accessor.o.scan -- /Applications/Xcode.app/Contents/Developer/Toolchains/XcodeDefault.xctoolchain/usr/bin/clang -x objective-c -ivfsstatcache /Users/siam/Library/Developer/Xcode/DerivedData/SDKStatCaches.noindex/iphonesimulator26.0-23A339-26257891a6c027eb51374368541b8346.sdkstatcache -fmessage-length\=0 -fdiagnostics-show-note-include-stack -fmacro-backtrace-limit\=0 -fno-color-diagnostics -fmodules-prune-interval\=86400 -fmodules-prune-after\=345600 -fbuild-session-file\=/Users/siam/Library/Developer/Xcode/DerivedData/ModuleCache.noindex/Session.modulevalidation -fmodules-validate-once-per-build-session -Wnon-modular-include-in-framework-module -Werror\=non-modular-include-in-framework-module -Wno-trigraphs -Wno-missing-field-initializers -Wno-missing-prototypes -Wno-return-type -Wno-implicit-atomic-properties -Wno-objc-interface-ivars -Wno-arc-repeated-use-of-weak -Wno-missing-braces -Wparentheses -Wswitch -Wno-unused-function -Wno-unused-label -Wno-unused-parameter -Wno-unused-variable -Wunused-value -Wno-empty-body -Wno-uninitialized -Wno-unknown-pragmas -w -Wno-shadow -Wno-four-char-constants -Wno-conversion -Wno-constant-conversion -Wno-int-conversion -Wno-bool-conversion -Wno-enum-conversion -Wno-float-conversion -Wno-non-literal-null-conversion -Wno-objc-literal-conversion -Wshorten-64-to-32 -Wpointer-sign -Wno-newline-eof -Wno-selector -Wno-strict-selector-match -Wno-undeclared-selector -Wno-deprecated-implementations -Wno-implicit-fallthrough -fstrict-aliasing -Wprotocol -Wdeprecated-declarations -Wno-sign-conversion -Wno-infinite-recursion -Wno-comma -Wno-block-capture-autoreleasing -Wno-strict-prototypes -Wno-semicolon-before-method-body -index-store-path /Users/siam/Library/Developer/Xcode/DerivedData/Lingua_Quest-gvpckrqxtbgyprbgppjfqmimmmfw/Index.noindex/DataStore @/Users/siam/Library/Developer/Xcode/DerivedData/Lingua_Quest-gvpckrqxtbgyprbgppjfqmimmmfw/Build/Intermediates.noindex/AppAuth.build/Debug-iphonesimulator/AppAuthCore.build/Objects-normal/arm64/e6072d4f65d7061329687fe24e3d63a7-common-args.resp -include /Users/siam/Library/Developer/Xcode/DerivedData/Lingua_Quest-gvpckrqxtbgyprbgppjfqmimmmfw/Build/Intermediates.noindex/AppAuth.build/Debug-iphonesimulator/AppAuthCore.build/DerivedSources/resource_bundle_accessor.h -MMD -MT dependencies -MF /Users/siam/Library/Developer/Xcode/DerivedData/Lingua_Quest-gvpckrqxtbgyprbgppjfqmimmmfw/Build/Intermediates.noindex/AppAuth.build/Debug-iphonesimulator/AppAuthCore.build/Objects-normal/arm64/resource_bundle_accessor.d --serialize-diagnostics /Users/siam/Library/Developer/Xcode/DerivedData/Lingua_Quest-gvpckrqxtbgyprbgppjfqmimmmfw/Build/Intermediates.noindex/AppAuth.build/Debug-iphonesimulator/AppAuthCore.build/Objects-normal/arm64/resource_bundle_accessor.dia -c /Users/siam/Library/Developer/Xcode/DerivedData/Lingua_Quest-gvpckrqxtbgyprbgppjfqmimmmfw/Build/Intermediates.noindex/AppAuth.build/Debug-iphonesimulator/AppAuthCore.build/DerivedSources/resource_bundle_accessor.m -o /Users/siam/Library/Developer/Xcode/DerivedData/Lingua_Quest-gvpckrqxtbgyprbgppjfqmimmmfw/Build/Intermediates.noindex/AppAuth.build/Debug-iphonesimulator/AppAuthCore.build/Objects-normal/arm64/resource_bundle_accessor.o -index-unit-output-path /AppAuth.build/Debug-iphonesimulator/AppAuthCore.build/Objects-normal/arm64/resource_bundle_accessor.o

CompileC /Users/siam/Library/Developer/Xcode/DerivedData/Lingua_Quest-gvpckrqxtbgyprbgppjfqmimmmfw/Build/Intermediates.noindex/AppAuth.build/Debug-iphonesimulator/AppAuthCore.build/Objects-normal/x86_64/OIDAuthorizationService.o /Users/siam/Library/Developer/Xcode/DerivedData/Lingua_Quest-gvpckrqxtbgyprbgppjfqmimmmfw/SourcePackages/checkouts/AppAuth-iOS/Sources/AppAuthCore/OIDAuthorizationService.m normal x86_64 objective-c com.apple.compilers.llvm.clang.1_0.compiler (in target 'AppAuthCore' from project 'AppAuth')
    cd /Users/siam/Desktop/Lingua\ Quest/Lingua\ Quest.xcodeproj
    
    Using response file: /Users/siam/Library/Developer/Xcode/DerivedData/Lingua_Quest-gvpckrqxtbgyprbgppjfqmimmmfw/Build/Intermediates.noindex/AppAuth.build/Debug-iphonesimulator/AppAuthCore.build/Objects-normal/x86_64/e6072d4f65d7061329687fe24e3d63a7-common-args.resp
    
    /Applications/Xcode.app/Contents/Developer/Toolchains/XcodeDefault.xctoolchain/usr/bin/clang -x objective-c -ivfsstatcache /Users/siam/Library/Developer/Xcode/DerivedData/SDKStatCaches.noindex/iphonesimulator26.0-23A339-26257891a6c027eb51374368541b8346.sdkstatcache -fmessage-length\=0 -fdiagnostics-show-note-include-stack -fmacro-backtrace-limit\=0 -fno-color-diagnostics -fmodules-prune-interval\=86400 -fmodules-prune-after\=345600 -fbuild-session-file\=/Users/siam/Library/Developer/Xcode/DerivedData/ModuleCache.noindex/Session.modulevalidation -fmodules-validate-once-per-build-session -Wnon-modular-include-in-framework-module -Werror\=non-modular-include-in-framework-module -Wno-trigraphs -Wno-missing-field-initializers -Wno-missing-prototypes -Wno-return-type -Wno-implicit-atomic-properties -Wno-objc-interface-ivars -Wno-arc-repeated-use-of-weak -Wno-missing-braces -Wparentheses -Wswitch -Wno-unused-function -Wno-unused-label -Wno-unused-parameter -Wno-unused-variable -Wunused-value -Wno-empty-body -Wno-uninitialized -Wno-unknown-pragmas -w -Wno-shadow -Wno-four-char-constants -Wno-conversion -Wno-constant-conversion -Wno-int-conversion -Wno-bool-conversion -Wno-enum-conversion -Wno-float-conversion -Wno-non-literal-null-conversion -Wno-objc-literal-conversion -Wshorten-64-to-32 -Wpointer-sign -Wno-newline-eof -Wno-selector -Wno-strict-selector-match -Wno-undeclared-selector -Wno-deprecated-implementations -Wno-implicit-fallthrough -fstrict-aliasing -Wprotocol -Wdeprecated-declarations -Wno-sign-conversion -Wno-infinite-recursion -Wno-comma -Wno-block-capture-autoreleasing -Wno-strict-prototypes -Wno-semicolon-before-method-body -index-store-path /Users/siam/Library/Developer/Xcode/DerivedData/Lingua_Quest-gvpckrqxtbgyprbgppjfqmimmmfw/Index.noindex/DataStore @/Users/siam/Library/Developer/Xcode/DerivedData/Lingua_Quest-gvpckrqxtbgyprbgppjfqmimmmfw/Build/Intermediates.noindex/AppAuth.build/Debug-iphonesimulator/AppAuthCore.build/Objects-normal/x86_64/e6072d4f65d7061329687fe24e3d63a7-common-args.resp -include /Users/siam/Library/Developer/Xcode/DerivedData/Lingua_Quest-gvpckrqxtbgyprbgppjfqmimmmfw/Build/Intermediates.noindex/AppAuth.build/Debug-iphonesimulator/AppAuthCore.build/DerivedSources/resource_bundle_accessor.h -MMD -MT dependencies -MF /Users/siam/Library/Developer/Xcode/DerivedData/Lingua_Quest-gvpckrqxtbgyprbgppjfqmimmmfw/Build/Intermediates.noindex/AppAuth.build/Debug-iphonesimulator/AppAuthCore.build/Objects-normal/x86_64/OIDAuthorizationService.d --serialize-diagnostics /Users/siam/Library/Developer/Xcode/DerivedData/Lingua_Quest-gvpckrqxtbgyprbgppjfqmimmmfw/Build/Intermediates.noindex/AppAuth.build/Debug-iphonesimulator/AppAuthCore.build/Objects-normal/x86_64/OIDAuthorizationService.dia -c /Users/siam/Library/Developer/Xcode/DerivedData/Lingua_Quest-gvpckrqxtbgyprbgppjfqmimmmfw/SourcePackages/checkouts/AppAuth-iOS/Sources/AppAuthCore/OIDAuthorizationService.m -o /Users/siam/Library/Developer/Xcode/DerivedData/Lingua_Quest-gvpckrqxtbgyprbgppjfqmimmmfw/Build/Intermediates.noindex/AppAuth.build/Debug-iphonesimulator/AppAuthCore.build/Objects-normal/x86_64/OIDAuthorizationService.o -index-unit-output-path /AppAuth.build/Debug-iphonesimulator/AppAuthCore.build/Objects-normal/x86_64/OIDAuthorizationService.o

ScanDependencies /Users/siam/Library/Developer/Xcode/DerivedData/Lingua_Quest-gvpckrqxtbgyprbgppjfqmimmmfw/Build/Intermediates.noindex/AppAuth.build/Debug-iphonesimulator/AppAuthCore.build/Objects-normal/arm64/OIDURLSessionProvider.o /Users/siam/Library/Developer/Xcode/DerivedData/Lingua_Quest-gvpckrqxtbgyprbgppjfqmimmmfw/SourcePackages/checkouts/AppAuth-iOS/Sources/AppAuthCore/OIDURLSessionProvider.m normal arm64 objective-c com.apple.compilers.llvm.clang.1_0.compiler (in target 'AppAuthCore' from project 'AppAuth')
    cd /Users/siam/Desktop/Lingua\ Quest/Lingua\ Quest.xcodeproj
    
    Using response file: /Users/siam/Library/Developer/Xcode/DerivedData/Lingua_Quest-gvpckrqxtbgyprbgppjfqmimmmfw/Build/Intermediates.noindex/AppAuth.build/Debug-iphonesimulator/AppAuthCore.build/Objects-normal/arm64/e6072d4f65d7061329687fe24e3d63a7-common-args.resp
    
    builtin-ScanDependencies -o /Users/siam/Library/Developer/Xcode/DerivedData/Lingua_Quest-gvpckrqxtbgyprbgppjfqmimmmfw/Build/Intermediates.noindex/AppAuth.build/Debug-iphonesimulator/AppAuthCore.build/Objects-normal/arm64/OIDURLSessionProvider.o.scan -- /Applications/Xcode.app/Contents/Developer/Toolchains/XcodeDefault.xctoolchain/usr/bin/clang -x objective-c -ivfsstatcache /Users/siam/Library/Developer/Xcode/DerivedData/SDKStatCaches.noindex/iphonesimulator26.0-23A339-26257891a6c027eb51374368541b8346.sdkstatcache -fmessage-length\=0 -fdiagnostics-show-note-include-stack -fmacro-backtrace-limit\=0 -fno-color-diagnostics -fmodules-prune-interval\=86400 -fmodules-prune-after\=345600 -fbuild-session-file\=/Users/siam/Library/Developer/Xcode/DerivedData/ModuleCache.noindex/Session.modulevalidation -fmodules-validate-once-per-build-session -Wnon-modular-include-in-framework-module -Werror\=non-modular-include-in-framework-module -Wno-trigraphs -Wno-missing-field-initializers -Wno-missing-prototypes -Wno-return-type -Wno-implicit-atomic-properties -Wno-objc-interface-ivars -Wno-arc-repeated-use-of-weak -Wno-missing-braces -Wparentheses -Wswitch -Wno-unused-function -Wno-unused-label -Wno-unused-parameter -Wno-unused-variable -Wunused-value -Wno-empty-body -Wno-uninitialized -Wno-unknown-pragmas -w -Wno-shadow -Wno-four-char-constants -Wno-conversion -Wno-constant-conversion -Wno-int-conversion -Wno-bool-conversion -Wno-enum-conversion -Wno-float-conversion -Wno-non-literal-null-conversion -Wno-objc-literal-conversion -Wshorten-64-to-32 -Wpointer-sign -Wno-newline-eof -Wno-selector -Wno-strict-selector-match -Wno-undeclared-selector -Wno-deprecated-implementations -Wno-implicit-fallthrough -fstrict-aliasing -Wprotocol -Wdeprecated-declarations -Wno-sign-conversion -Wno-infinite-recursion -Wno-comma -Wno-block-capture-autoreleasing -Wno-strict-prototypes -Wno-semicolon-before-method-body -index-store-path /Users/siam/Library/Developer/Xcode/DerivedData/Lingua_Quest-gvpckrqxtbgyprbgppjfqmimmmfw/Index.noindex/DataStore @/Users/siam/Library/Developer/Xcode/DerivedData/Lingua_Quest-gvpckrqxtbgyprbgppjfqmimmmfw/Build/Intermediates.noindex/AppAuth.build/Debug-iphonesimulator/AppAuthCore.build/Objects-normal/arm64/e6072d4f65d7061329687fe24e3d63a7-common-args.resp -include /Users/siam/Library/Developer/Xcode/DerivedData/Lingua_Quest-gvpckrqxtbgyprbgppjfqmimmmfw/Build/Intermediates.noindex/AppAuth.build/Debug-iphonesimulator/AppAuthCore.build/DerivedSources/resource_bundle_accessor.h -MMD -MT dependencies -MF /Users/siam/Library/Developer/Xcode/DerivedData/Lingua_Quest-gvpckrqxtbgyprbgppjfqmimmmfw/Build/Intermediates.noindex/AppAuth.build/Debug-iphonesimulator/AppAuthCore.build/Objects-normal/arm64/OIDURLSessionProvider.d --serialize-diagnostics /Users/siam/Library/Developer/Xcode/DerivedData/Lingua_Quest-gvpckrqxtbgyprbgppjfqmimmmfw/Build/Intermediates.noindex/AppAuth.build/Debug-iphonesimulator/AppAuthCore.build/Objects-normal/arm64/OIDURLSessionProvider.dia -c /Users/siam/Library/Developer/Xcode/DerivedData/Lingua_Quest-gvpckrqxtbgyprbgppjfqmimmmfw/SourcePackages/checkouts/AppAuth-iOS/Sources/AppAuthCore/OIDURLSessionProvider.m -o /Users/siam/Library/Developer/Xcode/DerivedData/Lingua_Quest-gvpckrqxtbgyprbgppjfqmimmmfw/Build/Intermediates.noindex/AppAuth.build/Debug-iphonesimulator/AppAuthCore.build/Objects-normal/arm64/OIDURLSessionProvider.o -index-unit-output-path /AppAuth.build/Debug-iphonesimulator/AppAuthCore.build/Objects-normal/arm64/OIDURLSessionProvider.o

CompileC /Users/siam/Library/Developer/Xcode/DerivedData/Lingua_Quest-gvpckrqxtbgyprbgppjfqmimmmfw/Build/Intermediates.noindex/AppAuth.build/Debug-iphonesimulator/AppAuthCore.build/Objects-normal/x86_64/OIDAuthState.o /Users/siam/Library/Developer/Xcode/DerivedData/Lingua_Quest-gvpckrqxtbgyprbgppjfqmimmmfw/SourcePackages/checkouts/AppAuth-iOS/Sources/AppAuthCore/OIDAuthState.m normal x86_64 objective-c com.apple.compilers.llvm.clang.1_0.compiler (in target 'AppAuthCore' from project 'AppAuth')
    cd /Users/siam/Desktop/Lingua\ Quest/Lingua\ Quest.xcodeproj
    
    Using response file: /Users/siam/Library/Developer/Xcode/DerivedData/Lingua_Quest-gvpckrqxtbgyprbgppjfqmimmmfw/Build/Intermediates.noindex/AppAuth.build/Debug-iphonesimulator/AppAuthCore.build/Objects-normal/x86_64/e6072d4f65d7061329687fe24e3d63a7-common-args.resp
    
    /Applications/Xcode.app/Contents/Developer/Toolchains/XcodeDefault.xctoolchain/usr/bin/clang -x objective-c -ivfsstatcache /Users/siam/Library/Developer/Xcode/DerivedData/SDKStatCaches.noindex/iphonesimulator26.0-23A339-26257891a6c027eb51374368541b8346.sdkstatcache -fmessage-length\=0 -fdiagnostics-show-note-include-stack -fmacro-backtrace-limit\=0 -fno-color-diagnostics -fmodules-prune-interval\=86400 -fmodules-prune-after\=345600 -fbuild-session-file\=/Users/siam/Library/Developer/Xcode/DerivedData/ModuleCache.noindex/Session.modulevalidation -fmodules-validate-once-per-build-session -Wnon-modular-include-in-framework-module -Werror\=non-modular-include-in-framework-module -Wno-trigraphs -Wno-missing-field-initializers -Wno-missing-prototypes -Wno-return-type -Wno-implicit-atomic-properties -Wno-objc-interface-ivars -Wno-arc-repeated-use-of-weak -Wno-missing-braces -Wparentheses -Wswitch -Wno-unused-function -Wno-unused-label -Wno-unused-parameter -Wno-unused-variable -Wunused-value -Wno-empty-body -Wno-uninitialized -Wno-unknown-pragmas -w -Wno-shadow -Wno-four-char-constants -Wno-conversion -Wno-constant-conversion -Wno-int-conversion -Wno-bool-conversion -Wno-enum-conversion -Wno-float-conversion -Wno-non-literal-null-conversion -Wno-objc-literal-conversion -Wshorten-64-to-32 -Wpointer-sign -Wno-newline-eof -Wno-selector -Wno-strict-selector-match -Wno-undeclared-selector -Wno-deprecated-implementations -Wno-implicit-fallthrough -fstrict-aliasing -Wprotocol -Wdeprecated-declarations -Wno-sign-conversion -Wno-infinite-recursion -Wno-comma -Wno-block-capture-autoreleasing -Wno-strict-prototypes -Wno-semicolon-before-method-body -index-store-path /Users/siam/Library/Developer/Xcode/DerivedData/Lingua_Quest-gvpckrqxtbgyprbgppjfqmimmmfw/Index.noindex/DataStore @/Users/siam/Library/Developer/Xcode/DerivedData/Lingua_Quest-gvpckrqxtbgyprbgppjfqmimmmfw/Build/Intermediates.noindex/AppAuth.build/Debug-iphonesimulator/AppAuthCore.build/Objects-normal/x86_64/e6072d4f65d7061329687fe24e3d63a7-common-args.resp -include /Users/siam/Library/Developer/Xcode/DerivedData/Lingua_Quest-gvpckrqxtbgyprbgppjfqmimmmfw/Build/Intermediates.noindex/AppAuth.build/Debug-iphonesimulator/AppAuthCore.build/DerivedSources/resource_bundle_accessor.h -MMD -MT dependencies -MF /Users/siam/Library/Developer/Xcode/DerivedData/Lingua_Quest-gvpckrqxtbgyprbgppjfqmimmmfw/Build/Intermediates.noindex/AppAuth.build/Debug-iphonesimulator/AppAuthCore.build/Objects-normal/x86_64/OIDAuthState.d --serialize-diagnostics /Users/siam/Library/Developer/Xcode/DerivedData/Lingua_Quest-gvpckrqxtbgyprbgppjfqmimmmfw/Build/Intermediates.noindex/AppAuth.build/Debug-iphonesimulator/AppAuthCore.build/Objects-normal/x86_64/OIDAuthState.dia -c /Users/siam/Library/Developer/Xcode/DerivedData/Lingua_Quest-gvpckrqxtbgyprbgppjfqmimmmfw/SourcePackages/checkouts/AppAuth-iOS/Sources/AppAuthCore/OIDAuthState.m -o /Users/siam/Library/Developer/Xcode/DerivedData/Lingua_Quest-gvpckrqxtbgyprbgppjfqmimmmfw/Build/Intermediates.noindex/AppAuth.build/Debug-iphonesimulator/AppAuthCore.build/Objects-normal/x86_64/OIDAuthState.o -index-unit-output-path /AppAuth.build/Debug-iphonesimulator/AppAuthCore.build/Objects-normal/x86_64/OIDAuthState.o

ScanDependencies /Users/siam/Library/Developer/Xcode/DerivedData/Lingua_Quest-gvpckrqxtbgyprbgppjfqmimmmfw/Build/Intermediates.noindex/AppAuth.build/Debug-iphonesimulator/AppAuthCore.build/Objects-normal/arm64/OIDURLQueryComponent.o /Users/siam/Library/Developer/Xcode/DerivedData/Lingua_Quest-gvpckrqxtbgyprbgppjfqmimmmfw/SourcePackages/checkouts/AppAuth-iOS/Sources/AppAuthCore/OIDURLQueryComponent.m normal arm64 objective-c com.apple.compilers.llvm.clang.1_0.compiler (in target 'AppAuthCore' from project 'AppAuth')
    cd /Users/siam/Desktop/Lingua\ Quest/Lingua\ Quest.xcodeproj
    
    Using response file: /Users/siam/Library/Developer/Xcode/DerivedData/Lingua_Quest-gvpckrqxtbgyprbgppjfqmimmmfw/Build/Intermediates.noindex/AppAuth.build/Debug-iphonesimulator/AppAuthCore.build/Objects-normal/arm64/e6072d4f65d7061329687fe24e3d63a7-common-args.resp
    
    builtin-ScanDependencies -o /Users/siam/Library/Developer/Xcode/DerivedData/Lingua_Quest-gvpckrqxtbgyprbgppjfqmimmmfw/Build/Intermediates.noindex/AppAuth.build/Debug-iphonesimulator/AppAuthCore.build/Objects-normal/arm64/OIDURLQueryComponent.o.scan -- /Applications/Xcode.app/Contents/Developer/Toolchains/XcodeDefault.xctoolchain/usr/bin/clang -x objective-c -ivfsstatcache /Users/siam/Library/Developer/Xcode/DerivedData/SDKStatCaches.noindex/iphonesimulator26.0-23A339-26257891a6c027eb51374368541b8346.sdkstatcache -fmessage-length\=0 -fdiagnostics-show-note-include-stack -fmacro-backtrace-limit\=0 -fno-color-diagnostics -fmodules-prune-interval\=86400 -fmodules-prune-after\=345600 -fbuild-session-file\=/Users/siam/Library/Developer/Xcode/DerivedData/ModuleCache.noindex/Session.modulevalidation -fmodules-validate-once-per-build-session -Wnon-modular-include-in-framework-module -Werror\=non-modular-include-in-framework-module -Wno-trigraphs -Wno-missing-field-initializers -Wno-missing-prototypes -Wno-return-type -Wno-implicit-atomic-properties -Wno-objc-interface-ivars -Wno-arc-repeated-use-of-weak -Wno-missing-braces -Wparentheses -Wswitch -Wno-unused-function -Wno-unused-label -Wno-unused-parameter -Wno-unused-variable -Wunused-value -Wno-empty-body -Wno-uninitialized -Wno-unknown-pragmas -w -Wno-shadow -Wno-four-char-constants -Wno-conversion -Wno-constant-conversion -Wno-int-conversion -Wno-bool-conversion -Wno-enum-conversion -Wno-float-conversion -Wno-non-literal-null-conversion -Wno-objc-literal-conversion -Wshorten-64-to-32 -Wpointer-sign -Wno-newline-eof -Wno-selector -Wno-strict-selector-match -Wno-undeclared-selector -Wno-deprecated-implementations -Wno-implicit-fallthrough -fstrict-aliasing -Wprotocol -Wdeprecated-declarations -Wno-sign-conversion -Wno-infinite-recursion -Wno-comma -Wno-block-capture-autoreleasing -Wno-strict-prototypes -Wno-semicolon-before-method-body -index-store-path /Users/siam/Library/Developer/Xcode/DerivedData/Lingua_Quest-gvpckrqxtbgyprbgppjfqmimmmfw/Index.noindex/DataStore @/Users/siam/Library/Developer/Xcode/DerivedData/Lingua_Quest-gvpckrqxtbgyprbgppjfqmimmmfw/Build/Intermediates.noindex/AppAuth.build/Debug-iphonesimulator/AppAuthCore.build/Objects-normal/arm64/e6072d4f65d7061329687fe24e3d63a7-common-args.resp -include /Users/siam/Library/Developer/Xcode/DerivedData/Lingua_Quest-gvpckrqxtbgyprbgppjfqmimmmfw/Build/Intermediates.noindex/AppAuth.build/Debug-iphonesimulator/AppAuthCore.build/DerivedSources/resource_bundle_accessor.h -MMD -MT dependencies -MF /Users/siam/Library/Developer/Xcode/DerivedData/Lingua_Quest-gvpckrqxtbgyprbgppjfqmimmmfw/Build/Intermediates.noindex/AppAuth.build/Debug-iphonesimulator/AppAuthCore.build/Objects-normal/arm64/OIDURLQueryComponent.d --serialize-diagnostics /Users/siam/Library/Developer/Xcode/DerivedData/Lingua_Quest-gvpckrqxtbgyprbgppjfqmimmmfw/Build/Intermediates.noindex/AppAuth.build/Debug-iphonesimulator/AppAuthCore.build/Objects-normal/arm64/OIDURLQueryComponent.dia -c /Users/siam/Library/Developer/Xcode/DerivedData/Lingua_Quest-gvpckrqxtbgyprbgppjfqmimmmfw/SourcePackages/checkouts/AppAuth-iOS/Sources/AppAuthCore/OIDURLQueryComponent.m -o /Users/siam/Library/Developer/Xcode/DerivedData/Lingua_Quest-gvpckrqxtbgyprbgppjfqmimmmfw/Build/Intermediates.noindex/AppAuth.build/Debug-iphonesimulator/AppAuthCore.build/Objects-normal/arm64/OIDURLQueryComponent.o -index-unit-output-path /AppAuth.build/Debug-iphonesimulator/AppAuthCore.build/Objects-normal/arm64/OIDURLQueryComponent.o

CompileC /Users/siam/Library/Developer/Xcode/DerivedData/Lingua_Quest-gvpckrqxtbgyprbgppjfqmimmmfw/Build/Intermediates.noindex/AppAuth.build/Debug-iphonesimulator/AppAuthCore.build/Objects-normal/x86_64/OIDAuthorizationResponse.o /Users/siam/Library/Developer/Xcode/DerivedData/Lingua_Quest-gvpckrqxtbgyprbgppjfqmimmmfw/SourcePackages/checkouts/AppAuth-iOS/Sources/AppAuthCore/OIDAuthorizationResponse.m normal x86_64 objective-c com.apple.compilers.llvm.clang.1_0.compiler (in target 'AppAuthCore' from project 'AppAuth')
    cd /Users/siam/Desktop/Lingua\ Quest/Lingua\ Quest.xcodeproj
    
    Using response file: /Users/siam/Library/Developer/Xcode/DerivedData/Lingua_Quest-gvpckrqxtbgyprbgppjfqmimmmfw/Build/Intermediates.noindex/AppAuth.build/Debug-iphonesimulator/AppAuthCore.build/Objects-normal/x86_64/e6072d4f65d7061329687fe24e3d63a7-common-args.resp
    
    /Applications/Xcode.app/Contents/Developer/Toolchains/XcodeDefault.xctoolchain/usr/bin/clang -x objective-c -ivfsstatcache /Users/siam/Library/Developer/Xcode/DerivedData/SDKStatCaches.noindex/iphonesimulator26.0-23A339-26257891a6c027eb51374368541b8346.sdkstatcache -fmessage-length\=0 -fdiagnostics-show-note-include-stack -fmacro-backtrace-limit\=0 -fno-color-diagnostics -fmodules-prune-interval\=86400 -fmodules-prune-after\=345600 -fbuild-session-file\=/Users/siam/Library/Developer/Xcode/DerivedData/ModuleCache.noindex/Session.modulevalidation -fmodules-validate-once-per-build-session -Wnon-modular-include-in-framework-module -Werror\=non-modular-include-in-framework-module -Wno-trigraphs -Wno-missing-field-initializers -Wno-missing-prototypes -Wno-return-type -Wno-implicit-atomic-properties -Wno-objc-interface-ivars -Wno-arc-repeated-use-of-weak -Wno-missing-braces -Wparentheses -Wswitch -Wno-unused-function -Wno-unused-label -Wno-unused-parameter -Wno-unused-variable -Wunused-value -Wno-empty-body -Wno-uninitialized -Wno-unknown-pragmas -w -Wno-shadow -Wno-four-char-constants -Wno-conversion -Wno-constant-conversion -Wno-int-conversion -Wno-bool-conversion -Wno-enum-conversion -Wno-float-conversion -Wno-non-literal-null-conversion -Wno-objc-literal-conversion -Wshorten-64-to-32 -Wpointer-sign -Wno-newline-eof -Wno-selector -Wno-strict-selector-match -Wno-undeclared-selector -Wno-deprecated-implementations -Wno-implicit-fallthrough -fstrict-aliasing -Wprotocol -Wdeprecated-declarations -Wno-sign-conversion -Wno-infinite-recursion -Wno-comma -Wno-block-capture-autoreleasing -Wno-strict-prototypes -Wno-semicolon-before-method-body -index-store-path /Users/siam/Library/Developer/Xcode/DerivedData/Lingua_Quest-gvpckrqxtbgyprbgppjfqmimmmfw/Index.noindex/DataStore @/Users/siam/Library/Developer/Xcode/DerivedData/Lingua_Quest-gvpckrqxtbgyprbgppjfqmimmmfw/Build/Intermediates.noindex/AppAuth.build/Debug-iphonesimulator/AppAuthCore.build/Objects-normal/x86_64/e6072d4f65d7061329687fe24e3d63a7-common-args.resp -include /Users/siam/Library/Developer/Xcode/DerivedData/Lingua_Quest-gvpckrqxtbgyprbgppjfqmimmmfw/Build/Intermediates.noindex/AppAuth.build/Debug-iphonesimulator/AppAuthCore.build/DerivedSources/resource_bundle_accessor.h -MMD -MT dependencies -MF /Users/siam/Library/Developer/Xcode/DerivedData/Lingua_Quest-gvpckrqxtbgyprbgppjfqmimmmfw/Build/Intermediates.noindex/AppAuth.build/Debug-iphonesimulator/AppAuthCore.build/Objects-normal/x86_64/OIDAuthorizationResponse.d --serialize-diagnostics /Users/siam/Library/Developer/Xcode/DerivedData/Lingua_Quest-gvpckrqxtbgyprbgppjfqmimmmfw/Build/Intermediates.noindex/AppAuth.build/Debug-iphonesimulator/AppAuthCore.build/Objects-normal/x86_64/OIDAuthorizationResponse.dia -c /Users/siam/Library/Developer/Xcode/DerivedData/Lingua_Quest-gvpckrqxtbgyprbgppjfqmimmmfw/SourcePackages/checkouts/AppAuth-iOS/Sources/AppAuthCore/OIDAuthorizationResponse.m -o /Users/siam/Library/Developer/Xcode/DerivedData/Lingua_Quest-gvpckrqxtbgyprbgppjfqmimmmfw/Build/Intermediates.noindex/AppAuth.build/Debug-iphonesimulator/AppAuthCore.build/Objects-normal/x86_64/OIDAuthorizationResponse.o -index-unit-output-path /AppAuth.build/Debug-iphonesimulator/AppAuthCore.build/Objects-normal/x86_64/OIDAuthorizationResponse.o

ScanDependencies /Users/siam/Library/Developer/Xcode/DerivedData/Lingua_Quest-gvpckrqxtbgyprbgppjfqmimmmfw/Build/Intermediates.noindex/AppAuth.build/Debug-iphonesimulator/AppAuthCore.build/Objects-normal/arm64/OIDTokenUtilities.o /Users/siam/Library/Developer/Xcode/DerivedData/Lingua_Quest-gvpckrqxtbgyprbgppjfqmimmmfw/SourcePackages/checkouts/AppAuth-iOS/Sources/AppAuthCore/OIDTokenUtilities.m normal arm64 objective-c com.apple.compilers.llvm.clang.1_0.compiler (in target 'AppAuthCore' from project 'AppAuth')
    cd /Users/siam/Desktop/Lingua\ Quest/Lingua\ Quest.xcodeproj
    
    Using response file: /Users/siam/Library/Developer/Xcode/DerivedData/Lingua_Quest-gvpckrqxtbgyprbgppjfqmimmmfw/Build/Intermediates.noindex/AppAuth.build/Debug-iphonesimulator/AppAuthCore.build/Objects-normal/arm64/e6072d4f65d7061329687fe24e3d63a7-common-args.resp
    
    builtin-ScanDependencies -o /Users/siam/Library/Developer/Xcode/DerivedData/Lingua_Quest-gvpckrqxtbgyprbgppjfqmimmmfw/Build/Intermediates.noindex/AppAuth.build/Debug-iphonesimulator/AppAuthCore.build/Objects-normal/arm64/OIDTokenUtilities.o.scan -- /Applications/Xcode.app/Contents/Developer/Toolchains/XcodeDefault.xctoolchain/usr/bin/clang -x objective-c -ivfsstatcache /Users/siam/Library/Developer/Xcode/DerivedData/SDKStatCaches.noindex/iphonesimulator26.0-23A339-26257891a6c027eb51374368541b8346.sdkstatcache -fmessage-length\=0 -fdiagnostics-show-note-include-stack -fmacro-backtrace-limit\=0 -fno-color-diagnostics -fmodules-prune-interval\=86400 -fmodules-prune-after\=345600 -fbuild-session-file\=/Users/siam/Library/Developer/Xcode/DerivedData/ModuleCache.noindex/Session.modulevalidation -fmodules-validate-once-per-build-session -Wnon-modular-include-in-framework-module -Werror\=non-modular-include-in-framework-module -Wno-trigraphs -Wno-missing-field-initializers -Wno-missing-prototypes -Wno-return-type -Wno-implicit-atomic-properties -Wno-objc-interface-ivars -Wno-arc-repeated-use-of-weak -Wno-missing-braces -Wparentheses -Wswitch -Wno-unused-function -Wno-unused-label -Wno-unused-parameter -Wno-unused-variable -Wunused-value -Wno-empty-body -Wno-uninitialized -Wno-unknown-pragmas -w -Wno-shadow -Wno-four-char-constants -Wno-conversion -Wno-constant-conversion -Wno-int-conversion -Wno-bool-conversion -Wno-enum-conversion -Wno-float-conversion -Wno-non-literal-null-conversion -Wno-objc-literal-conversion -Wshorten-64-to-32 -Wpointer-sign -Wno-newline-eof -Wno-selector -Wno-strict-selector-match -Wno-undeclared-selector -Wno-deprecated-implementations -Wno-implicit-fallthrough -fstrict-aliasing -Wprotocol -Wdeprecated-declarations -Wno-sign-conversion -Wno-infinite-recursion -Wno-comma -Wno-block-capture-autoreleasing -Wno-strict-prototypes -Wno-semicolon-before-method-body -index-store-path /Users/siam/Library/Developer/Xcode/DerivedData/Lingua_Quest-gvpckrqxtbgyprbgppjfqmimmmfw/Index.noindex/DataStore @/Users/siam/Library/Developer/Xcode/DerivedData/Lingua_Quest-gvpckrqxtbgyprbgppjfqmimmmfw/Build/Intermediates.noindex/AppAuth.build/Debug-iphonesimulator/AppAuthCore.build/Objects-normal/arm64/e6072d4f65d7061329687fe24e3d63a7-common-args.resp -include /Users/siam/Library/Developer/Xcode/DerivedData/Lingua_Quest-gvpckrqxtbgyprbgppjfqmimmmfw/Build/Intermediates.noindex/AppAuth.build/Debug-iphonesimulator/AppAuthCore.build/DerivedSources/resource_bundle_accessor.h -MMD -MT dependencies -MF /Users/siam/Library/Developer/Xcode/DerivedData/Lingua_Quest-gvpckrqxtbgyprbgppjfqmimmmfw/Build/Intermediates.noindex/AppAuth.build/Debug-iphonesimulator/AppAuthCore.build/Objects-normal/arm64/OIDTokenUtilities.d --serialize-diagnostics /Users/siam/Library/Developer/Xcode/DerivedData/Lingua_Quest-gvpckrqxtbgyprbgppjfqmimmmfw/Build/Intermediates.noindex/AppAuth.build/Debug-iphonesimulator/AppAuthCore.build/Objects-normal/arm64/OIDTokenUtilities.dia -c /Users/siam/Library/Developer/Xcode/DerivedData/Lingua_Quest-gvpckrqxtbgyprbgppjfqmimmmfw/SourcePackages/checkouts/AppAuth-iOS/Sources/AppAuthCore/OIDTokenUtilities.m -o /Users/siam/Library/Developer/Xcode/DerivedData/Lingua_Quest-gvpckrqxtbgyprbgppjfqmimmmfw/Build/Intermediates.noindex/AppAuth.build/Debug-iphonesimulator/AppAuthCore.build/Objects-normal/arm64/OIDTokenUtilities.o -index-unit-output-path /AppAuth.build/Debug-iphonesimulator/AppAuthCore.build/Objects-normal/arm64/OIDTokenUtilities.o

CompileC /Users/siam/Library/Developer/Xcode/DerivedData/Lingua_Quest-gvpckrqxtbgyprbgppjfqmimmmfw/Build/Intermediates.noindex/AppAuth.build/Debug-iphonesimulator/AppAuthCore.build/Objects-normal/x86_64/OIDAuthorizationRequest.o /Users/siam/Library/Developer/Xcode/DerivedData/Lingua_Quest-gvpckrqxtbgyprbgppjfqmimmmfw/SourcePackages/checkouts/AppAuth-iOS/Sources/AppAuthCore/OIDAuthorizationRequest.m normal x86_64 objective-c com.apple.compilers.llvm.clang.1_0.compiler (in target 'AppAuthCore' from project 'AppAuth')
    cd /Users/siam/Desktop/Lingua\ Quest/Lingua\ Quest.xcodeproj
    
    Using response file: /Users/siam/Library/Developer/Xcode/DerivedData/Lingua_Quest-gvpckrqxtbgyprbgppjfqmimmmfw/Build/Intermediates.noindex/AppAuth.build/Debug-iphonesimulator/AppAuthCore.build/Objects-normal/x86_64/e6072d4f65d7061329687fe24e3d63a7-common-args.resp
    
    /Applications/Xcode.app/Contents/Developer/Toolchains/XcodeDefault.xctoolchain/usr/bin/clang -x objective-c -ivfsstatcache /Users/siam/Library/Developer/Xcode/DerivedData/SDKStatCaches.noindex/iphonesimulator26.0-23A339-26257891a6c027eb51374368541b8346.sdkstatcache -fmessage-length\=0 -fdiagnostics-show-note-include-stack -fmacro-backtrace-limit\=0 -fno-color-diagnostics -fmodules-prune-interval\=86400 -fmodules-prune-after\=345600 -fbuild-session-file\=/Users/siam/Library/Developer/Xcode/DerivedData/ModuleCache.noindex/Session.modulevalidation -fmodules-validate-once-per-build-session -Wnon-modular-include-in-framework-module -Werror\=non-modular-include-in-framework-module -Wno-trigraphs -Wno-missing-field-initializers -Wno-missing-prototypes -Wno-return-type -Wno-implicit-atomic-properties -Wno-objc-interface-ivars -Wno-arc-repeated-use-of-weak -Wno-missing-braces -Wparentheses -Wswitch -Wno-unused-function -Wno-unused-label -Wno-unused-parameter -Wno-unused-variable -Wunused-value -Wno-empty-body -Wno-uninitialized -Wno-unknown-pragmas -w -Wno-shadow -Wno-four-char-constants -Wno-conversion -Wno-constant-conversion -Wno-int-conversion -Wno-bool-conversion -Wno-enum-conversion -Wno-float-conversion -Wno-non-literal-null-conversion -Wno-objc-literal-conversion -Wshorten-64-to-32 -Wpointer-sign -Wno-newline-eof -Wno-selector -Wno-strict-selector-match -Wno-undeclared-selector -Wno-deprecated-implementations -Wno-implicit-fallthrough -fstrict-aliasing -Wprotocol -Wdeprecated-declarations -Wno-sign-conversion -Wno-infinite-recursion -Wno-comma -Wno-block-capture-autoreleasing -Wno-strict-prototypes -Wno-semicolon-before-method-body -index-store-path /Users/siam/Library/Developer/Xcode/DerivedData/Lingua_Quest-gvpckrqxtbgyprbgppjfqmimmmfw/Index.noindex/DataStore @/Users/siam/Library/Developer/Xcode/DerivedData/Lingua_Quest-gvpckrqxtbgyprbgppjfqmimmmfw/Build/Intermediates.noindex/AppAuth.build/Debug-iphonesimulator/AppAuthCore.build/Objects-normal/x86_64/e6072d4f65d7061329687fe24e3d63a7-common-args.resp -include /Users/siam/Library/Developer/Xcode/DerivedData/Lingua_Quest-gvpckrqxtbgyprbgppjfqmimmmfw/Build/Intermediates.noindex/AppAuth.build/Debug-iphonesimulator/AppAuthCore.build/DerivedSources/resource_bundle_accessor.h -MMD -MT dependencies -MF /Users/siam/Library/Developer/Xcode/DerivedData/Lingua_Quest-gvpckrqxtbgyprbgppjfqmimmmfw/Build/Intermediates.noindex/AppAuth.build/Debug-iphonesimulator/AppAuthCore.build/Objects-normal/x86_64/OIDAuthorizationRequest.d --serialize-diagnostics /Users/siam/Library/Developer/Xcode/DerivedData/Lingua_Quest-gvpckrqxtbgyprbgppjfqmimmmfw/Build/Intermediates.noindex/AppAuth.build/Debug-iphonesimulator/AppAuthCore.build/Objects-normal/x86_64/OIDAuthorizationRequest.dia -c /Users/siam/Library/Developer/Xcode/DerivedData/Lingua_Quest-gvpckrqxtbgyprbgppjfqmimmmfw/SourcePackages/checkouts/AppAuth-iOS/Sources/AppAuthCore/OIDAuthorizationRequest.m -o /Users/siam/Library/Developer/Xcode/DerivedData/Lingua_Quest-gvpckrqxtbgyprbgppjfqmimmmfw/Build/Intermediates.noindex/AppAuth.build/Debug-iphonesimulator/AppAuthCore.build/Objects-normal/x86_64/OIDAuthorizationRequest.o -index-unit-output-path /AppAuth.build/Debug-iphonesimulator/AppAuthCore.build/Objects-normal/x86_64/OIDAuthorizationRequest.o

ScanDependencies /Users/siam/Library/Developer/Xcode/DerivedData/Lingua_Quest-gvpckrqxtbgyprbgppjfqmimmmfw/Build/Intermediates.noindex/AppAuth.build/Debug-iphonesimulator/AppAuthCore.build/Objects-normal/arm64/OIDTokenResponse.o /Users/siam/Library/Developer/Xcode/DerivedData/Lingua_Quest-gvpckrqxtbgyprbgppjfqmimmmfw/SourcePackages/checkouts/AppAuth-iOS/Sources/AppAuthCore/OIDTokenResponse.m normal arm64 objective-c com.apple.compilers.llvm.clang.1_0.compiler (in target 'AppAuthCore' from project 'AppAuth')
    cd /Users/siam/Desktop/Lingua\ Quest/Lingua\ Quest.xcodeproj
    
    Using response file: /Users/siam/Library/Developer/Xcode/DerivedData/Lingua_Quest-gvpckrqxtbgyprbgppjfqmimmmfw/Build/Intermediates.noindex/AppAuth.build/Debug-iphonesimulator/AppAuthCore.build/Objects-normal/arm64/e6072d4f65d7061329687fe24e3d63a7-common-args.resp
    
    builtin-ScanDependencies -o /Users/siam/Library/Developer/Xcode/DerivedData/Lingua_Quest-gvpckrqxtbgyprbgppjfqmimmmfw/Build/Intermediates.noindex/AppAuth.build/Debug-iphonesimulator/AppAuthCore.build/Objects-normal/arm64/OIDTokenResponse.o.scan -- /Applications/Xcode.app/Contents/Developer/Toolchains/XcodeDefault.xctoolchain/usr/bin/clang -x objective-c -ivfsstatcache /Users/siam/Library/Developer/Xcode/DerivedData/SDKStatCaches.noindex/iphonesimulator26.0-23A339-26257891a6c027eb51374368541b8346.sdkstatcache -fmessage-length\=0 -fdiagnostics-show-note-include-stack -fmacro-backtrace-limit\=0 -fno-color-diagnostics -fmodules-prune-interval\=86400 -fmodules-prune-after\=345600 -fbuild-session-file\=/Users/siam/Library/Developer/Xcode/DerivedData/ModuleCache.noindex/Session.modulevalidation -fmodules-validate-once-per-build-session -Wnon-modular-include-in-framework-module -Werror\=non-modular-include-in-framework-module -Wno-trigraphs -Wno-missing-field-initializers -Wno-missing-prototypes -Wno-return-type -Wno-implicit-atomic-properties -Wno-objc-interface-ivars -Wno-arc-repeated-use-of-weak -Wno-missing-braces -Wparentheses -Wswitch -Wno-unused-function -Wno-unused-label -Wno-unused-parameter -Wno-unused-variable -Wunused-value -Wno-empty-body -Wno-uninitialized -Wno-unknown-pragmas -w -Wno-shadow -Wno-four-char-constants -Wno-conversion -Wno-constant-conversion -Wno-int-conversion -Wno-bool-conversion -Wno-enum-conversion -Wno-float-conversion -Wno-non-literal-null-conversion -Wno-objc-literal-conversion -Wshorten-64-to-32 -Wpointer-sign -Wno-newline-eof -Wno-selector -Wno-strict-selector-match -Wno-undeclared-selector -Wno-deprecated-implementations -Wno-implicit-fallthrough -fstrict-aliasing -Wprotocol -Wdeprecated-declarations -Wno-sign-conversion -Wno-infinite-recursion -Wno-comma -Wno-block-capture-autoreleasing -Wno-strict-prototypes -Wno-semicolon-before-method-body -index-store-path /Users/siam/Library/Developer/Xcode/DerivedData/Lingua_Quest-gvpckrqxtbgyprbgppjfqmimmmfw/Index.noindex/DataStore @/Users/siam/Library/Developer/Xcode/DerivedData/Lingua_Quest-gvpckrqxtbgyprbgppjfqmimmmfw/Build/Intermediates.noindex/AppAuth.build/Debug-iphonesimulator/AppAuthCore.build/Objects-normal/arm64/e6072d4f65d7061329687fe24e3d63a7-common-args.resp -include /Users/siam/Library/Developer/Xcode/DerivedData/Lingua_Quest-gvpckrqxtbgyprbgppjfqmimmmfw/Build/Intermediates.noindex/AppAuth.build/Debug-iphonesimulator/AppAuthCore.build/DerivedSources/resource_bundle_accessor.h -MMD -MT dependencies -MF /Users/siam/Library/Developer/Xcode/DerivedData/Lingua_Quest-gvpckrqxtbgyprbgppjfqmimmmfw/Build/Intermediates.noindex/AppAuth.build/Debug-iphonesimulator/AppAuthCore.build/Objects-normal/arm64/OIDTokenResponse.d --serialize-diagnostics /Users/siam/Library/Developer/Xcode/DerivedData/Lingua_Quest-gvpckrqxtbgyprbgppjfqmimmmfw/Build/Intermediates.noindex/AppAuth.build/Debug-iphonesimulator/AppAuthCore.build/Objects-normal/arm64/OIDTokenResponse.dia -c /Users/siam/Library/Developer/Xcode/DerivedData/Lingua_Quest-gvpckrqxtbgyprbgppjfqmimmmfw/SourcePackages/checkouts/AppAuth-iOS/Sources/AppAuthCore/OIDTokenResponse.m -o /Users/siam/Library/Developer/Xcode/DerivedData/Lingua_Quest-gvpckrqxtbgyprbgppjfqmimmmfw/Build/Intermediates.noindex/AppAuth.build/Debug-iphonesimulator/AppAuthCore.build/Objects-normal/arm64/OIDTokenResponse.o -index-unit-output-path /AppAuth.build/Debug-iphonesimulator/AppAuthCore.build/Objects-normal/arm64/OIDTokenResponse.o

CompileC /Users/siam/Library/Developer/Xcode/DerivedData/Lingua_Quest-gvpckrqxtbgyprbgppjfqmimmmfw/Build/Intermediates.noindex/AppAuth.build/Debug-iphonesimulator/AppAuthCore.build/Objects-normal/arm64/resource_bundle_accessor.o /Users/siam/Library/Developer/Xcode/DerivedData/Lingua_Quest-gvpckrqxtbgyprbgppjfqmimmmfw/Build/Intermediates.noindex/AppAuth.build/Debug-iphonesimulator/AppAuthCore.build/DerivedSources/resource_bundle_accessor.m normal arm64 objective-c com.apple.compilers.llvm.clang.1_0.compiler (in target 'AppAuthCore' from project 'AppAuth')
    cd /Users/siam/Desktop/Lingua\ Quest/Lingua\ Quest.xcodeproj
    
    Using response file: /Users/siam/Library/Developer/Xcode/DerivedData/Lingua_Quest-gvpckrqxtbgyprbgppjfqmimmmfw/Build/Intermediates.noindex/AppAuth.build/Debug-iphonesimulator/AppAuthCore.build/Objects-normal/arm64/e6072d4f65d7061329687fe24e3d63a7-common-args.resp
    
    /Applications/Xcode.app/Contents/Developer/Toolchains/XcodeDefault.xctoolchain/usr/bin/clang -x objective-c -ivfsstatcache /Users/siam/Library/Developer/Xcode/DerivedData/SDKStatCaches.noindex/iphonesimulator26.0-23A339-26257891a6c027eb51374368541b8346.sdkstatcache -fmessage-length\=0 -fdiagnostics-show-note-include-stack -fmacro-backtrace-limit\=0 -fno-color-diagnostics -fmodules-prune-interval\=86400 -fmodules-prune-after\=345600 -fbuild-session-file\=/Users/siam/Library/Developer/Xcode/DerivedData/ModuleCache.noindex/Session.modulevalidation -fmodules-validate-once-per-build-session -Wnon-modular-include-in-framework-module -Werror\=non-modular-include-in-framework-module -Wno-trigraphs -Wno-missing-field-initializers -Wno-missing-prototypes -Wno-return-type -Wno-implicit-atomic-properties -Wno-objc-interface-ivars -Wno-arc-repeated-use-of-weak -Wno-missing-braces -Wparentheses -Wswitch -Wno-unused-function -Wno-unused-label -Wno-unused-parameter -Wno-unused-variable -Wunused-value -Wno-empty-body -Wno-uninitialized -Wno-unknown-pragmas -w -Wno-shadow -Wno-four-char-constants -Wno-conversion -Wno-constant-conversion -Wno-int-conversion -Wno-bool-conversion -Wno-enum-conversion -Wno-float-conversion -Wno-non-literal-null-conversion -Wno-objc-literal-conversion -Wshorten-64-to-32 -Wpointer-sign -Wno-newline-eof -Wno-selector -Wno-strict-selector-match -Wno-undeclared-selector -Wno-deprecated-implementations -Wno-implicit-fallthrough -fstrict-aliasing -Wprotocol -Wdeprecated-declarations -Wno-sign-conversion -Wno-infinite-recursion -Wno-comma -Wno-block-capture-autoreleasing -Wno-strict-prototypes -Wno-semicolon-before-method-body -index-store-path /Users/siam/Library/Developer/Xcode/DerivedData/Lingua_Quest-gvpckrqxtbgyprbgppjfqmimmmfw/Index.noindex/DataStore @/Users/siam/Library/Developer/Xcode/DerivedData/Lingua_Quest-gvpckrqxtbgyprbgppjfqmimmmfw/Build/Intermediates.noindex/AppAuth.build/Debug-iphonesimulator/AppAuthCore.build/Objects-normal/arm64/e6072d4f65d7061329687fe24e3d63a7-common-args.resp -include /Users/siam/Library/Developer/Xcode/DerivedData/Lingua_Quest-gvpckrqxtbgyprbgppjfqmimmmfw/Build/Intermediates.noindex/AppAuth.build/Debug-iphonesimulator/AppAuthCore.build/DerivedSources/resource_bundle_accessor.h -MMD -MT dependencies -MF /Users/siam/Library/Developer/Xcode/DerivedData/Lingua_Quest-gvpckrqxtbgyprbgppjfqmimmmfw/Build/Intermediates.noindex/AppAuth.build/Debug-iphonesimulator/AppAuthCore.build/Objects-normal/arm64/resource_bundle_accessor.d --serialize-diagnostics /Users/siam/Library/Developer/Xcode/DerivedData/Lingua_Quest-gvpckrqxtbgyprbgppjfqmimmmfw/Build/Intermediates.noindex/AppAuth.build/Debug-iphonesimulator/AppAuthCore.build/Objects-normal/arm64/resource_bundle_accessor.dia -c /Users/siam/Library/Developer/Xcode/DerivedData/Lingua_Quest-gvpckrqxtbgyprbgppjfqmimmmfw/Build/Intermediates.noindex/AppAuth.build/Debug-iphonesimulator/AppAuthCore.build/DerivedSources/resource_bundle_accessor.m -o /Users/siam/Library/Developer/Xcode/DerivedData/Lingua_Quest-gvpckrqxtbgyprbgppjfqmimmmfw/Build/Intermediates.noindex/AppAuth.build/Debug-iphonesimulator/AppAuthCore.build/Objects-normal/arm64/resource_bundle_accessor.o -index-unit-output-path /AppAuth.build/Debug-iphonesimulator/AppAuthCore.build/Objects-normal/arm64/resource_bundle_accessor.o

CompileC /Users/siam/Library/Developer/Xcode/DerivedData/Lingua_Quest-gvpckrqxtbgyprbgppjfqmimmmfw/Build/Intermediates.noindex/AppAuth.build/Debug-iphonesimulator/AppAuthCore.build/Objects-normal/arm64/OIDURLSessionProvider.o /Users/siam/Library/Developer/Xcode/DerivedData/Lingua_Quest-gvpckrqxtbgyprbgppjfqmimmmfw/SourcePackages/checkouts/AppAuth-iOS/Sources/AppAuthCore/OIDURLSessionProvider.m normal arm64 objective-c com.apple.compilers.llvm.clang.1_0.compiler (in target 'AppAuthCore' from project 'AppAuth')
    cd /Users/siam/Desktop/Lingua\ Quest/Lingua\ Quest.xcodeproj
    
    Using response file: /Users/siam/Library/Developer/Xcode/DerivedData/Lingua_Quest-gvpckrqxtbgyprbgppjfqmimmmfw/Build/Intermediates.noindex/AppAuth.build/Debug-iphonesimulator/AppAuthCore.build/Objects-normal/arm64/e6072d4f65d7061329687fe24e3d63a7-common-args.resp
    
    /Applications/Xcode.app/Contents/Developer/Toolchains/XcodeDefault.xctoolchain/usr/bin/clang -x objective-c -ivfsstatcache /Users/siam/Library/Developer/Xcode/DerivedData/SDKStatCaches.noindex/iphonesimulator26.0-23A339-26257891a6c027eb51374368541b8346.sdkstatcache -fmessage-length\=0 -fdiagnostics-show-note-include-stack -fmacro-backtrace-limit\=0 -fno-color-diagnostics -fmodules-prune-interval\=86400 -fmodules-prune-after\=345600 -fbuild-session-file\=/Users/siam/Library/Developer/Xcode/DerivedData/ModuleCache.noindex/Session.modulevalidation -fmodules-validate-once-per-build-session -Wnon-modular-include-in-framework-module -Werror\=non-modular-include-in-framework-module -Wno-trigraphs -Wno-missing-field-initializers -Wno-missing-prototypes -Wno-return-type -Wno-implicit-atomic-properties -Wno-objc-interface-ivars -Wno-arc-repeated-use-of-weak -Wno-missing-braces -Wparentheses -Wswitch -Wno-unused-function -Wno-unused-label -Wno-unused-parameter -Wno-unused-variable -Wunused-value -Wno-empty-body -Wno-uninitialized -Wno-unknown-pragmas -w -Wno-shadow -Wno-four-char-constants -Wno-conversion -Wno-constant-conversion -Wno-int-conversion -Wno-bool-conversion -Wno-enum-conversion -Wno-float-conversion -Wno-non-literal-null-conversion -Wno-objc-literal-conversion -Wshorten-64-to-32 -Wpointer-sign -Wno-newline-eof -Wno-selector -Wno-strict-selector-match -Wno-undeclared-selector -Wno-deprecated-implementations -Wno-implicit-fallthrough -fstrict-aliasing -Wprotocol -Wdeprecated-declarations -Wno-sign-conversion -Wno-infinite-recursion -Wno-comma -Wno-block-capture-autoreleasing -Wno-strict-prototypes -Wno-semicolon-before-method-body -index-store-path /Users/siam/Library/Developer/Xcode/DerivedData/Lingua_Quest-gvpckrqxtbgyprbgppjfqmimmmfw/Index.noindex/DataStore @/Users/siam/Library/Developer/Xcode/DerivedData/Lingua_Quest-gvpckrqxtbgyprbgppjfqmimmmfw/Build/Intermediates.noindex/AppAuth.build/Debug-iphonesimulator/AppAuthCore.build/Objects-normal/arm64/e6072d4f65d7061329687fe24e3d63a7-common-args.resp -include /Users/siam/Library/Developer/Xcode/DerivedData/Lingua_Quest-gvpckrqxtbgyprbgppjfqmimmmfw/Build/Intermediates.noindex/AppAuth.build/Debug-iphonesimulator/AppAuthCore.build/DerivedSources/resource_bundle_accessor.h -MMD -MT dependencies -MF /Users/siam/Library/Developer/Xcode/DerivedData/Lingua_Quest-gvpckrqxtbgyprbgppjfqmimmmfw/Build/Intermediates.noindex/AppAuth.build/Debug-iphonesimulator/AppAuthCore.build/Objects-normal/arm64/OIDURLSessionProvider.d --serialize-diagnostics /Users/siam/Library/Developer/Xcode/DerivedData/Lingua_Quest-gvpckrqxtbgyprbgppjfqmimmmfw/Build/Intermediates.noindex/AppAuth.build/Debug-iphonesimulator/AppAuthCore.build/Objects-normal/arm64/OIDURLSessionProvider.dia -c /Users/siam/Library/Developer/Xcode/DerivedData/Lingua_Quest-gvpckrqxtbgyprbgppjfqmimmmfw/SourcePackages/checkouts/AppAuth-iOS/Sources/AppAuthCore/OIDURLSessionProvider.m -o /Users/siam/Library/Developer/Xcode/DerivedData/Lingua_Quest-gvpckrqxtbgyprbgppjfqmimmmfw/Build/Intermediates.noindex/AppAuth.build/Debug-iphonesimulator/AppAuthCore.build/Objects-normal/arm64/OIDURLSessionProvider.o -index-unit-output-path /AppAuth.build/Debug-iphonesimulator/AppAuthCore.build/Objects-normal/arm64/OIDURLSessionProvider.o

ScanDependencies /Users/siam/Library/Developer/Xcode/DerivedData/Lingua_Quest-gvpckrqxtbgyprbgppjfqmimmmfw/Build/Intermediates.noindex/AppAuth.build/Debug-iphonesimulator/AppAuthCore.build/Objects-normal/arm64/OIDTokenRequest.o /Users/siam/Library/Developer/Xcode/DerivedData/Lingua_Quest-gvpckrqxtbgyprbgppjfqmimmmfw/SourcePackages/checkouts/AppAuth-iOS/Sources/AppAuthCore/OIDTokenRequest.m normal arm64 objective-c com.apple.compilers.llvm.clang.1_0.compiler (in target 'AppAuthCore' from project 'AppAuth')
    cd /Users/siam/Desktop/Lingua\ Quest/Lingua\ Quest.xcodeproj
    
    Using response file: /Users/siam/Library/Developer/Xcode/DerivedData/Lingua_Quest-gvpckrqxtbgyprbgppjfqmimmmfw/Build/Intermediates.noindex/AppAuth.build/Debug-iphonesimulator/AppAuthCore.build/Objects-normal/arm64/e6072d4f65d7061329687fe24e3d63a7-common-args.resp
    
    builtin-ScanDependencies -o /Users/siam/Library/Developer/Xcode/DerivedData/Lingua_Quest-gvpckrqxtbgyprbgppjfqmimmmfw/Build/Intermediates.noindex/AppAuth.build/Debug-iphonesimulator/AppAuthCore.build/Objects-normal/arm64/OIDTokenRequest.o.scan -- /Applications/Xcode.app/Contents/Developer/Toolchains/XcodeDefault.xctoolchain/usr/bin/clang -x objective-c -ivfsstatcache /Users/siam/Library/Developer/Xcode/DerivedData/SDKStatCaches.noindex/iphonesimulator26.0-23A339-26257891a6c027eb51374368541b8346.sdkstatcache -fmessage-length\=0 -fdiagnostics-show-note-include-stack -fmacro-backtrace-limit\=0 -fno-color-diagnostics -fmodules-prune-interval\=86400 -fmodules-prune-after\=345600 -fbuild-session-file\=/Users/siam/Library/Developer/Xcode/DerivedData/ModuleCache.noindex/Session.modulevalidation -fmodules-validate-once-per-build-session -Wnon-modular-include-in-framework-module -Werror\=non-modular-include-in-framework-module -Wno-trigraphs -Wno-missing-field-initializers -Wno-missing-prototypes -Wno-return-type -Wno-implicit-atomic-properties -Wno-objc-interface-ivars -Wno-arc-repeated-use-of-weak -Wno-missing-braces -Wparentheses -Wswitch -Wno-unused-function -Wno-unused-label -Wno-unused-parameter -Wno-unused-variable -Wunused-value -Wno-empty-body -Wno-uninitialized -Wno-unknown-pragmas -w -Wno-shadow -Wno-four-char-constants -Wno-conversion -Wno-constant-conversion -Wno-int-conversion -Wno-bool-conversion -Wno-enum-conversion -Wno-float-conversion -Wno-non-literal-null-conversion -Wno-objc-literal-conversion -Wshorten-64-to-32 -Wpointer-sign -Wno-newline-eof -Wno-selector -Wno-strict-selector-match -Wno-undeclared-selector -Wno-deprecated-implementations -Wno-implicit-fallthrough -fstrict-aliasing -Wprotocol -Wdeprecated-declarations -Wno-sign-conversion -Wno-infinite-recursion -Wno-comma -Wno-block-capture-autoreleasing -Wno-strict-prototypes -Wno-semicolon-before-method-body -index-store-path /Users/siam/Library/Developer/Xcode/DerivedData/Lingua_Quest-gvpckrqxtbgyprbgppjfqmimmmfw/Index.noindex/DataStore @/Users/siam/Library/Developer/Xcode/DerivedData/Lingua_Quest-gvpckrqxtbgyprbgppjfqmimmmfw/Build/Intermediates.noindex/AppAuth.build/Debug-iphonesimulator/AppAuthCore.build/Objects-normal/arm64/e6072d4f65d7061329687fe24e3d63a7-common-args.resp -include /Users/siam/Library/Developer/Xcode/DerivedData/Lingua_Quest-gvpckrqxtbgyprbgppjfqmimmmfw/Build/Intermediates.noindex/AppAuth.build/Debug-iphonesimulator/AppAuthCore.build/DerivedSources/resource_bundle_accessor.h -MMD -MT dependencies -MF /Users/siam/Library/Developer/Xcode/DerivedData/Lingua_Quest-gvpckrqxtbgyprbgppjfqmimmmfw/Build/Intermediates.noindex/AppAuth.build/Debug-iphonesimulator/AppAuthCore.build/Objects-normal/arm64/OIDTokenRequest.d --serialize-diagnostics /Users/siam/Library/Developer/Xcode/DerivedData/Lingua_Quest-gvpckrqxtbgyprbgppjfqmimmmfw/Build/Intermediates.noindex/AppAuth.build/Debug-iphonesimulator/AppAuthCore.build/Objects-normal/arm64/OIDTokenRequest.dia -c /Users/siam/Library/Developer/Xcode/DerivedData/Lingua_Quest-gvpckrqxtbgyprbgppjfqmimmmfw/SourcePackages/checkouts/AppAuth-iOS/Sources/AppAuthCore/OIDTokenRequest.m -o /Users/siam/Library/Developer/Xcode/DerivedData/Lingua_Quest-gvpckrqxtbgyprbgppjfqmimmmfw/Build/Intermediates.noindex/AppAuth.build/Debug-iphonesimulator/AppAuthCore.build/Objects-normal/arm64/OIDTokenRequest.o -index-unit-output-path /AppAuth.build/Debug-iphonesimulator/AppAuthCore.build/Objects-normal/arm64/OIDTokenRequest.o

CompileC /Users/siam/Library/Developer/Xcode/DerivedData/Lingua_Quest-gvpckrqxtbgyprbgppjfqmimmmfw/Build/Intermediates.noindex/AppAuth.build/Debug-iphonesimulator/AppAuthCore.build/Objects-normal/arm64/OIDTokenResponse.o /Users/siam/Library/Developer/Xcode/DerivedData/Lingua_Quest-gvpckrqxtbgyprbgppjfqmimmmfw/SourcePackages/checkouts/AppAuth-iOS/Sources/AppAuthCore/OIDTokenResponse.m normal arm64 objective-c com.apple.compilers.llvm.clang.1_0.compiler (in target 'AppAuthCore' from project 'AppAuth')
    cd /Users/siam/Desktop/Lingua\ Quest/Lingua\ Quest.xcodeproj
    
    Using response file: /Users/siam/Library/Developer/Xcode/DerivedData/Lingua_Quest-gvpckrqxtbgyprbgppjfqmimmmfw/Build/Intermediates.noindex/AppAuth.build/Debug-iphonesimulator/AppAuthCore.build/Objects-normal/arm64/e6072d4f65d7061329687fe24e3d63a7-common-args.resp
    
    /Applications/Xcode.app/Contents/Developer/Toolchains/XcodeDefault.xctoolchain/usr/bin/clang -x objective-c -ivfsstatcache /Users/siam/Library/Developer/Xcode/DerivedData/SDKStatCaches.noindex/iphonesimulator26.0-23A339-26257891a6c027eb51374368541b8346.sdkstatcache -fmessage-length\=0 -fdiagnostics-show-note-include-stack -fmacro-backtrace-limit\=0 -fno-color-diagnostics -fmodules-prune-interval\=86400 -fmodules-prune-after\=345600 -fbuild-session-file\=/Users/siam/Library/Developer/Xcode/DerivedData/ModuleCache.noindex/Session.modulevalidation -fmodules-validate-once-per-build-session -Wnon-modular-include-in-framework-module -Werror\=non-modular-include-in-framework-module -Wno-trigraphs -Wno-missing-field-initializers -Wno-missing-prototypes -Wno-return-type -Wno-implicit-atomic-properties -Wno-objc-interface-ivars -Wno-arc-repeated-use-of-weak -Wno-missing-braces -Wparentheses -Wswitch -Wno-unused-function -Wno-unused-label -Wno-unused-parameter -Wno-unused-variable -Wunused-value -Wno-empty-body -Wno-uninitialized -Wno-unknown-pragmas -w -Wno-shadow -Wno-four-char-constants -Wno-conversion -Wno-constant-conversion -Wno-int-conversion -Wno-bool-conversion -Wno-enum-conversion -Wno-float-conversion -Wno-non-literal-null-conversion -Wno-objc-literal-conversion -Wshorten-64-to-32 -Wpointer-sign -Wno-newline-eof -Wno-selector -Wno-strict-selector-match -Wno-undeclared-selector -Wno-deprecated-implementations -Wno-implicit-fallthrough -fstrict-aliasing -Wprotocol -Wdeprecated-declarations -Wno-sign-conversion -Wno-infinite-recursion -Wno-comma -Wno-block-capture-autoreleasing -Wno-strict-prototypes -Wno-semicolon-before-method-body -index-store-path /Users/siam/Library/Developer/Xcode/DerivedData/Lingua_Quest-gvpckrqxtbgyprbgppjfqmimmmfw/Index.noindex/DataStore @/Users/siam/Library/Developer/Xcode/DerivedData/Lingua_Quest-gvpckrqxtbgyprbgppjfqmimmmfw/Build/Intermediates.noindex/AppAuth.build/Debug-iphonesimulator/AppAuthCore.build/Objects-normal/arm64/e6072d4f65d7061329687fe24e3d63a7-common-args.resp -include /Users/siam/Library/Developer/Xcode/DerivedData/Lingua_Quest-gvpckrqxtbgyprbgppjfqmimmmfw/Build/Intermediates.noindex/AppAuth.build/Debug-iphonesimulator/AppAuthCore.build/DerivedSources/resource_bundle_accessor.h -MMD -MT dependencies -MF /Users/siam/Library/Developer/Xcode/DerivedData/Lingua_Quest-gvpckrqxtbgyprbgppjfqmimmmfw/Build/Intermediates.noindex/AppAuth.build/Debug-iphonesimulator/AppAuthCore.build/Objects-normal/arm64/OIDTokenResponse.d --serialize-diagnostics /Users/siam/Library/Developer/Xcode/DerivedData/Lingua_Quest-gvpckrqxtbgyprbgppjfqmimmmfw/Build/Intermediates.noindex/AppAuth.build/Debug-iphonesimulator/AppAuthCore.build/Objects-normal/arm64/OIDTokenResponse.dia -c /Users/siam/Library/Developer/Xcode/DerivedData/Lingua_Quest-gvpckrqxtbgyprbgppjfqmimmmfw/SourcePackages/checkouts/AppAuth-iOS/Sources/AppAuthCore/OIDTokenResponse.m -o /Users/siam/Library/Developer/Xcode/DerivedData/Lingua_Quest-gvpckrqxtbgyprbgppjfqmimmmfw/Build/Intermediates.noindex/AppAuth.build/Debug-iphonesimulator/AppAuthCore.build/Objects-normal/arm64/OIDTokenResponse.o -index-unit-output-path /AppAuth.build/Debug-iphonesimulator/AppAuthCore.build/Objects-normal/arm64/OIDTokenResponse.o

CompileC /Users/siam/Library/Developer/Xcode/DerivedData/Lingua_Quest-gvpckrqxtbgyprbgppjfqmimmmfw/Build/Intermediates.noindex/AppAuth.build/Debug-iphonesimulator/AppAuthCore.build/Objects-normal/arm64/OIDURLQueryComponent.o /Users/siam/Library/Developer/Xcode/DerivedData/Lingua_Quest-gvpckrqxtbgyprbgppjfqmimmmfw/SourcePackages/checkouts/AppAuth-iOS/Sources/AppAuthCore/OIDURLQueryComponent.m normal arm64 objective-c com.apple.compilers.llvm.clang.1_0.compiler (in target 'AppAuthCore' from project 'AppAuth')
    cd /Users/siam/Desktop/Lingua\ Quest/Lingua\ Quest.xcodeproj
    
    Using response file: /Users/siam/Library/Developer/Xcode/DerivedData/Lingua_Quest-gvpckrqxtbgyprbgppjfqmimmmfw/Build/Intermediates.noindex/AppAuth.build/Debug-iphonesimulator/AppAuthCore.build/Objects-normal/arm64/e6072d4f65d7061329687fe24e3d63a7-common-args.resp
    
    /Applications/Xcode.app/Contents/Developer/Toolchains/XcodeDefault.xctoolchain/usr/bin/clang -x objective-c -ivfsstatcache /Users/siam/Library/Developer/Xcode/DerivedData/SDKStatCaches.noindex/iphonesimulator26.0-23A339-26257891a6c027eb51374368541b8346.sdkstatcache -fmessage-length\=0 -fdiagnostics-show-note-include-stack -fmacro-backtrace-limit\=0 -fno-color-diagnostics -fmodules-prune-interval\=86400 -fmodules-prune-after\=345600 -fbuild-session-file\=/Users/siam/Library/Developer/Xcode/DerivedData/ModuleCache.noindex/Session.modulevalidation -fmodules-validate-once-per-build-session -Wnon-modular-include-in-framework-module -Werror\=non-modular-include-in-framework-module -Wno-trigraphs -Wno-missing-field-initializers -Wno-missing-prototypes -Wno-return-type -Wno-implicit-atomic-properties -Wno-objc-interface-ivars -Wno-arc-repeated-use-of-weak -Wno-missing-braces -Wparentheses -Wswitch -Wno-unused-function -Wno-unused-label -Wno-unused-parameter -Wno-unused-variable -Wunused-value -Wno-empty-body -Wno-uninitialized -Wno-unknown-pragmas -w -Wno-shadow -Wno-four-char-constants -Wno-conversion -Wno-constant-conversion -Wno-int-conversion -Wno-bool-conversion -Wno-enum-conversion -Wno-float-conversion -Wno-non-literal-null-conversion -Wno-objc-literal-conversion -Wshorten-64-to-32 -Wpointer-sign -Wno-newline-eof -Wno-selector -Wno-strict-selector-match -Wno-undeclared-selector -Wno-deprecated-implementations -Wno-implicit-fallthrough -fstrict-aliasing -Wprotocol -Wdeprecated-declarations -Wno-sign-conversion -Wno-infinite-recursion -Wno-comma -Wno-block-capture-autoreleasing -Wno-strict-prototypes -Wno-semicolon-before-method-body -index-store-path /Users/siam/Library/Developer/Xcode/DerivedData/Lingua_Quest-gvpckrqxtbgyprbgppjfqmimmmfw/Index.noindex/DataStore @/Users/siam/Library/Developer/Xcode/DerivedData/Lingua_Quest-gvpckrqxtbgyprbgppjfqmimmmfw/Build/Intermediates.noindex/AppAuth.build/Debug-iphonesimulator/AppAuthCore.build/Objects-normal/arm64/e6072d4f65d7061329687fe24e3d63a7-common-args.resp -include /Users/siam/Library/Developer/Xcode/DerivedData/Lingua_Quest-gvpckrqxtbgyprbgppjfqmimmmfw/Build/Intermediates.noindex/AppAuth.build/Debug-iphonesimulator/AppAuthCore.build/DerivedSources/resource_bundle_accessor.h -MMD -MT dependencies -MF /Users/siam/Library/Developer/Xcode/DerivedData/Lingua_Quest-gvpckrqxtbgyprbgppjfqmimmmfw/Build/Intermediates.noindex/AppAuth.build/Debug-iphonesimulator/AppAuthCore.build/Objects-normal/arm64/OIDURLQueryComponent.d --serialize-diagnostics /Users/siam/Library/Developer/Xcode/DerivedData/Lingua_Quest-gvpckrqxtbgyprbgppjfqmimmmfw/Build/Intermediates.noindex/AppAuth.build/Debug-iphonesimulator/AppAuthCore.build/Objects-normal/arm64/OIDURLQueryComponent.dia -c /Users/siam/Library/Developer/Xcode/DerivedData/Lingua_Quest-gvpckrqxtbgyprbgppjfqmimmmfw/SourcePackages/checkouts/AppAuth-iOS/Sources/AppAuthCore/OIDURLQueryComponent.m -o /Users/siam/Library/Developer/Xcode/DerivedData/Lingua_Quest-gvpckrqxtbgyprbgppjfqmimmmfw/Build/Intermediates.noindex/AppAuth.build/Debug-iphonesimulator/AppAuthCore.build/Objects-normal/arm64/OIDURLQueryComponent.o -index-unit-output-path /AppAuth.build/Debug-iphonesimulator/AppAuthCore.build/Objects-normal/arm64/OIDURLQueryComponent.o

CompileC /Users/siam/Library/Developer/Xcode/DerivedData/Lingua_Quest-gvpckrqxtbgyprbgppjfqmimmmfw/Build/Intermediates.noindex/AppAuth.build/Debug-iphonesimulator/AppAuthCore.build/Objects-normal/arm64/OIDTokenUtilities.o /Users/siam/Library/Developer/Xcode/DerivedData/Lingua_Quest-gvpckrqxtbgyprbgppjfqmimmmfw/SourcePackages/checkouts/AppAuth-iOS/Sources/AppAuthCore/OIDTokenUtilities.m normal arm64 objective-c com.apple.compilers.llvm.clang.1_0.compiler (in target 'AppAuthCore' from project 'AppAuth')
    cd /Users/siam/Desktop/Lingua\ Quest/Lingua\ Quest.xcodeproj
    
    Using response file: /Users/siam/Library/Developer/Xcode/DerivedData/Lingua_Quest-gvpckrqxtbgyprbgppjfqmimmmfw/Build/Intermediates.noindex/AppAuth.build/Debug-iphonesimulator/AppAuthCore.build/Objects-normal/arm64/e6072d4f65d7061329687fe24e3d63a7-common-args.resp
    
    /Applications/Xcode.app/Contents/Developer/Toolchains/XcodeDefault.xctoolchain/usr/bin/clang -x objective-c -ivfsstatcache /Users/siam/Library/Developer/Xcode/DerivedData/SDKStatCaches.noindex/iphonesimulator26.0-23A339-26257891a6c027eb51374368541b8346.sdkstatcache -fmessage-length\=0 -fdiagnostics-show-note-include-stack -fmacro-backtrace-limit\=0 -fno-color-diagnostics -fmodules-prune-interval\=86400 -fmodules-prune-after\=345600 -fbuild-session-file\=/Users/siam/Library/Developer/Xcode/DerivedData/ModuleCache.noindex/Session.modulevalidation -fmodules-validate-once-per-build-session -Wnon-modular-include-in-framework-module -Werror\=non-modular-include-in-framework-module -Wno-trigraphs -Wno-missing-field-initializers -Wno-missing-prototypes -Wno-return-type -Wno-implicit-atomic-properties -Wno-objc-interface-ivars -Wno-arc-repeated-use-of-weak -Wno-missing-braces -Wparentheses -Wswitch -Wno-unused-function -Wno-unused-label -Wno-unused-parameter -Wno-unused-variable -Wunused-value -Wno-empty-body -Wno-uninitialized -Wno-unknown-pragmas -w -Wno-shadow -Wno-four-char-constants -Wno-conversion -Wno-constant-conversion -Wno-int-conversion -Wno-bool-conversion -Wno-enum-conversion -Wno-float-conversion -Wno-non-literal-null-conversion -Wno-objc-literal-conversion -Wshorten-64-to-32 -Wpointer-sign -Wno-newline-eof -Wno-selector -Wno-strict-selector-match -Wno-undeclared-selector -Wno-deprecated-implementations -Wno-implicit-fallthrough -fstrict-aliasing -Wprotocol -Wdeprecated-declarations -Wno-sign-conversion -Wno-infinite-recursion -Wno-comma -Wno-block-capture-autoreleasing -Wno-strict-prototypes -Wno-semicolon-before-method-body -index-store-path /Users/siam/Library/Developer/Xcode/DerivedData/Lingua_Quest-gvpckrqxtbgyprbgppjfqmimmmfw/Index.noindex/DataStore @/Users/siam/Library/Developer/Xcode/DerivedData/Lingua_Quest-gvpckrqxtbgyprbgppjfqmimmmfw/Build/Intermediates.noindex/AppAuth.build/Debug-iphonesimulator/AppAuthCore.build/Objects-normal/arm64/e6072d4f65d7061329687fe24e3d63a7-common-args.resp -include /Users/siam/Library/Developer/Xcode/DerivedData/Lingua_Quest-gvpckrqxtbgyprbgppjfqmimmmfw/Build/Intermediates.noindex/AppAuth.build/Debug-iphonesimulator/AppAuthCore.build/DerivedSources/resource_bundle_accessor.h -MMD -MT dependencies -MF /Users/siam/Library/Developer/Xcode/DerivedData/Lingua_Quest-gvpckrqxtbgyprbgppjfqmimmmfw/Build/Intermediates.noindex/AppAuth.build/Debug-iphonesimulator/AppAuthCore.build/Objects-normal/arm64/OIDTokenUtilities.d --serialize-diagnostics /Users/siam/Library/Developer/Xcode/DerivedData/Lingua_Quest-gvpckrqxtbgyprbgppjfqmimmmfw/Build/Intermediates.noindex/AppAuth.build/Debug-iphonesimulator/AppAuthCore.build/Objects-normal/arm64/OIDTokenUtilities.dia -c /Users/siam/Library/Developer/Xcode/DerivedData/Lingua_Quest-gvpckrqxtbgyprbgppjfqmimmmfw/SourcePackages/checkouts/AppAuth-iOS/Sources/AppAuthCore/OIDTokenUtilities.m -o /Users/siam/Library/Developer/Xcode/DerivedData/Lingua_Quest-gvpckrqxtbgyprbgppjfqmimmmfw/Build/Intermediates.noindex/AppAuth.build/Debug-iphonesimulator/AppAuthCore.build/Objects-normal/arm64/OIDTokenUtilities.o -index-unit-output-path /AppAuth.build/Debug-iphonesimulator/AppAuthCore.build/Objects-normal/arm64/OIDTokenUtilities.o

ScanDependencies /Users/siam/Library/Developer/Xcode/DerivedData/Lingua_Quest-gvpckrqxtbgyprbgppjfqmimmmfw/Build/Intermediates.noindex/AppAuth.build/Debug-iphonesimulator/AppAuthCore.build/Objects-normal/arm64/OIDServiceDiscovery.o /Users/siam/Library/Developer/Xcode/DerivedData/Lingua_Quest-gvpckrqxtbgyprbgppjfqmimmmfw/SourcePackages/checkouts/AppAuth-iOS/Sources/AppAuthCore/OIDServiceDiscovery.m normal arm64 objective-c com.apple.compilers.llvm.clang.1_0.compiler (in target 'AppAuthCore' from project 'AppAuth')
    cd /Users/siam/Desktop/Lingua\ Quest/Lingua\ Quest.xcodeproj
    
    Using response file: /Users/siam/Library/Developer/Xcode/DerivedData/Lingua_Quest-gvpckrqxtbgyprbgppjfqmimmmfw/Build/Intermediates.noindex/AppAuth.build/Debug-iphonesimulator/AppAuthCore.build/Objects-normal/arm64/e6072d4f65d7061329687fe24e3d63a7-common-args.resp
    
    builtin-ScanDependencies -o /Users/siam/Library/Developer/Xcode/DerivedData/Lingua_Quest-gvpckrqxtbgyprbgppjfqmimmmfw/Build/Intermediates.noindex/AppAuth.build/Debug-iphonesimulator/AppAuthCore.build/Objects-normal/arm64/OIDServiceDiscovery.o.scan -- /Applications/Xcode.app/Contents/Developer/Toolchains/XcodeDefault.xctoolchain/usr/bin/clang -x objective-c -ivfsstatcache /Users/siam/Library/Developer/Xcode/DerivedData/SDKStatCaches.noindex/iphonesimulator26.0-23A339-26257891a6c027eb51374368541b8346.sdkstatcache -fmessage-length\=0 -fdiagnostics-show-note-include-stack -fmacro-backtrace-limit\=0 -fno-color-diagnostics -fmodules-prune-interval\=86400 -fmodules-prune-after\=345600 -fbuild-session-file\=/Users/siam/Library/Developer/Xcode/DerivedData/ModuleCache.noindex/Session.modulevalidation -fmodules-validate-once-per-build-session -Wnon-modular-include-in-framework-module -Werror\=non-modular-include-in-framework-module -Wno-trigraphs -Wno-missing-field-initializers -Wno-missing-prototypes -Wno-return-type -Wno-implicit-atomic-properties -Wno-objc-interface-ivars -Wno-arc-repeated-use-of-weak -Wno-missing-braces -Wparentheses -Wswitch -Wno-unused-function -Wno-unused-label -Wno-unused-parameter -Wno-unused-variable -Wunused-value -Wno-empty-body -Wno-uninitialized -Wno-unknown-pragmas -w -Wno-shadow -Wno-four-char-constants -Wno-conversion -Wno-constant-conversion -Wno-int-conversion -Wno-bool-conversion -Wno-enum-conversion -Wno-float-conversion -Wno-non-literal-null-conversion -Wno-objc-literal-conversion -Wshorten-64-to-32 -Wpointer-sign -Wno-newline-eof -Wno-selector -Wno-strict-selector-match -Wno-undeclared-selector -Wno-deprecated-implementations -Wno-implicit-fallthrough -fstrict-aliasing -Wprotocol -Wdeprecated-declarations -Wno-sign-conversion -Wno-infinite-recursion -Wno-comma -Wno-block-capture-autoreleasing -Wno-strict-prototypes -Wno-semicolon-before-method-body -index-store-path /Users/siam/Library/Developer/Xcode/DerivedData/Lingua_Quest-gvpckrqxtbgyprbgppjfqmimmmfw/Index.noindex/DataStore @/Users/siam/Library/Developer/Xcode/DerivedData/Lingua_Quest-gvpckrqxtbgyprbgppjfqmimmmfw/Build/Intermediates.noindex/AppAuth.build/Debug-iphonesimulator/AppAuthCore.build/Objects-normal/arm64/e6072d4f65d7061329687fe24e3d63a7-common-args.resp -include /Users/siam/Library/Developer/Xcode/DerivedData/Lingua_Quest-gvpckrqxtbgyprbgppjfqmimmmfw/Build/Intermediates.noindex/AppAuth.build/Debug-iphonesimulator/AppAuthCore.build/DerivedSources/resource_bundle_accessor.h -MMD -MT dependencies -MF /Users/siam/Library/Developer/Xcode/DerivedData/Lingua_Quest-gvpckrqxtbgyprbgppjfqmimmmfw/Build/Intermediates.noindex/AppAuth.build/Debug-iphonesimulator/AppAuthCore.build/Objects-normal/arm64/OIDServiceDiscovery.d --serialize-diagnostics /Users/siam/Library/Developer/Xcode/DerivedData/Lingua_Quest-gvpckrqxtbgyprbgppjfqmimmmfw/Build/Intermediates.noindex/AppAuth.build/Debug-iphonesimulator/AppAuthCore.build/Objects-normal/arm64/OIDServiceDiscovery.dia -c /Users/siam/Library/Developer/Xcode/DerivedData/Lingua_Quest-gvpckrqxtbgyprbgppjfqmimmmfw/SourcePackages/checkouts/AppAuth-iOS/Sources/AppAuthCore/OIDServiceDiscovery.m -o /Users/siam/Library/Developer/Xcode/DerivedData/Lingua_Quest-gvpckrqxtbgyprbgppjfqmimmmfw/Build/Intermediates.noindex/AppAuth.build/Debug-iphonesimulator/AppAuthCore.build/Objects-normal/arm64/OIDServiceDiscovery.o -index-unit-output-path /AppAuth.build/Debug-iphonesimulator/AppAuthCore.build/Objects-normal/arm64/OIDServiceDiscovery.o

ScanDependencies /Users/siam/Library/Developer/Xcode/DerivedData/Lingua_Quest-gvpckrqxtbgyprbgppjfqmimmmfw/Build/Intermediates.noindex/AppAuth.build/Debug-iphonesimulator/AppAuthCore.build/Objects-normal/arm64/OIDServiceConfiguration.o /Users/siam/Library/Developer/Xcode/DerivedData/Lingua_Quest-gvpckrqxtbgyprbgppjfqmimmmfw/SourcePackages/checkouts/AppAuth-iOS/Sources/AppAuthCore/OIDServiceConfiguration.m normal arm64 objective-c com.apple.compilers.llvm.clang.1_0.compiler (in target 'AppAuthCore' from project 'AppAuth')
    cd /Users/siam/Desktop/Lingua\ Quest/Lingua\ Quest.xcodeproj
    
    Using response file: /Users/siam/Library/Developer/Xcode/DerivedData/Lingua_Quest-gvpckrqxtbgyprbgppjfqmimmmfw/Build/Intermediates.noindex/AppAuth.build/Debug-iphonesimulator/AppAuthCore.build/Objects-normal/arm64/e6072d4f65d7061329687fe24e3d63a7-common-args.resp
    
    builtin-ScanDependencies -o /Users/siam/Library/Developer/Xcode/DerivedData/Lingua_Quest-gvpckrqxtbgyprbgppjfqmimmmfw/Build/Intermediates.noindex/AppAuth.build/Debug-iphonesimulator/AppAuthCore.build/Objects-normal/arm64/OIDServiceConfiguration.o.scan -- /Applications/Xcode.app/Contents/Developer/Toolchains/XcodeDefault.xctoolchain/usr/bin/clang -x objective-c -ivfsstatcache /Users/siam/Library/Developer/Xcode/DerivedData/SDKStatCaches.noindex/iphonesimulator26.0-23A339-26257891a6c027eb51374368541b8346.sdkstatcache -fmessage-length\=0 -fdiagnostics-show-note-include-stack -fmacro-backtrace-limit\=0 -fno-color-diagnostics -fmodules-prune-interval\=86400 -fmodules-prune-after\=345600 -fbuild-session-file\=/Users/siam/Library/Developer/Xcode/DerivedData/ModuleCache.noindex/Session.modulevalidation -fmodules-validate-once-per-build-session -Wnon-modular-include-in-framework-module -Werror\=non-modular-include-in-framework-module -Wno-trigraphs -Wno-missing-field-initializers -Wno-missing-prototypes -Wno-return-type -Wno-implicit-atomic-properties -Wno-objc-interface-ivars -Wno-arc-repeated-use-of-weak -Wno-missing-braces -Wparentheses -Wswitch -Wno-unused-function -Wno-unused-label -Wno-unused-parameter -Wno-unused-variable -Wunused-value -Wno-empty-body -Wno-uninitialized -Wno-unknown-pragmas -w -Wno-shadow -Wno-four-char-constants -Wno-conversion -Wno-constant-conversion -Wno-int-conversion -Wno-bool-conversion -Wno-enum-conversion -Wno-float-conversion -Wno-non-literal-null-conversion -Wno-objc-literal-conversion -Wshorten-64-to-32 -Wpointer-sign -Wno-newline-eof -Wno-selector -Wno-strict-selector-match -Wno-undeclared-selector -Wno-deprecated-implementations -Wno-implicit-fallthrough -fstrict-aliasing -Wprotocol -Wdeprecated-declarations -Wno-sign-conversion -Wno-infinite-recursion -Wno-comma -Wno-block-capture-autoreleasing -Wno-strict-prototypes -Wno-semicolon-before-method-body -index-store-path /Users/siam/Library/Developer/Xcode/DerivedData/Lingua_Quest-gvpckrqxtbgyprbgppjfqmimmmfw/Index.noindex/DataStore @/Users/siam/Library/Developer/Xcode/DerivedData/Lingua_Quest-gvpckrqxtbgyprbgppjfqmimmmfw/Build/Intermediates.noindex/AppAuth.build/Debug-iphonesimulator/AppAuthCore.build/Objects-normal/arm64/e6072d4f65d7061329687fe24e3d63a7-common-args.resp -include /Users/siam/Library/Developer/Xcode/DerivedData/Lingua_Quest-gvpckrqxtbgyprbgppjfqmimmmfw/Build/Intermediates.noindex/AppAuth.build/Debug-iphonesimulator/AppAuthCore.build/DerivedSources/resource_bundle_accessor.h -MMD -MT dependencies -MF /Users/siam/Library/Developer/Xcode/DerivedData/Lingua_Quest-gvpckrqxtbgyprbgppjfqmimmmfw/Build/Intermediates.noindex/AppAuth.build/Debug-iphonesimulator/AppAuthCore.build/Objects-normal/arm64/OIDServiceConfiguration.d --serialize-diagnostics /Users/siam/Library/Developer/Xcode/DerivedData/Lingua_Quest-gvpckrqxtbgyprbgppjfqmimmmfw/Build/Intermediates.noindex/AppAuth.build/Debug-iphonesimulator/AppAuthCore.build/Objects-normal/arm64/OIDServiceConfiguration.dia -c /Users/siam/Library/Developer/Xcode/DerivedData/Lingua_Quest-gvpckrqxtbgyprbgppjfqmimmmfw/SourcePackages/checkouts/AppAuth-iOS/Sources/AppAuthCore/OIDServiceConfiguration.m -o /Users/siam/Library/Developer/Xcode/DerivedData/Lingua_Quest-gvpckrqxtbgyprbgppjfqmimmmfw/Build/Intermediates.noindex/AppAuth.build/Debug-iphonesimulator/AppAuthCore.build/Objects-normal/arm64/OIDServiceConfiguration.o -index-unit-output-path /AppAuth.build/Debug-iphonesimulator/AppAuthCore.build/Objects-normal/arm64/OIDServiceConfiguration.o

ScanDependencies /Users/siam/Library/Developer/Xcode/DerivedData/Lingua_Quest-gvpckrqxtbgyprbgppjfqmimmmfw/Build/Intermediates.noindex/AppAuth.build/Debug-iphonesimulator/AppAuthCore.build/Objects-normal/arm64/OIDScopes.o /Users/siam/Library/Developer/Xcode/DerivedData/Lingua_Quest-gvpckrqxtbgyprbgppjfqmimmmfw/SourcePackages/checkouts/AppAuth-iOS/Sources/AppAuthCore/OIDScopes.m normal arm64 objective-c com.apple.compilers.llvm.clang.1_0.compiler (in target 'AppAuthCore' from project 'AppAuth')
    cd /Users/siam/Desktop/Lingua\ Quest/Lingua\ Quest.xcodeproj
    
    Using response file: /Users/siam/Library/Developer/Xcode/DerivedData/Lingua_Quest-gvpckrqxtbgyprbgppjfqmimmmfw/Build/Intermediates.noindex/AppAuth.build/Debug-iphonesimulator/AppAuthCore.build/Objects-normal/arm64/e6072d4f65d7061329687fe24e3d63a7-common-args.resp
    
    builtin-ScanDependencies -o /Users/siam/Library/Developer/Xcode/DerivedData/Lingua_Quest-gvpckrqxtbgyprbgppjfqmimmmfw/Build/Intermediates.noindex/AppAuth.build/Debug-iphonesimulator/AppAuthCore.build/Objects-normal/arm64/OIDScopes.o.scan -- /Applications/Xcode.app/Contents/Developer/Toolchains/XcodeDefault.xctoolchain/usr/bin/clang -x objective-c -ivfsstatcache /Users/siam/Library/Developer/Xcode/DerivedData/SDKStatCaches.noindex/iphonesimulator26.0-23A339-26257891a6c027eb51374368541b8346.sdkstatcache -fmessage-length\=0 -fdiagnostics-show-note-include-stack -fmacro-backtrace-limit\=0 -fno-color-diagnostics -fmodules-prune-interval\=86400 -fmodules-prune-after\=345600 -fbuild-session-file\=/Users/siam/Library/Developer/Xcode/DerivedData/ModuleCache.noindex/Session.modulevalidation -fmodules-validate-once-per-build-session -Wnon-modular-include-in-framework-module -Werror\=non-modular-include-in-framework-module -Wno-trigraphs -Wno-missing-field-initializers -Wno-missing-prototypes -Wno-return-type -Wno-implicit-atomic-properties -Wno-objc-interface-ivars -Wno-arc-repeated-use-of-weak -Wno-missing-braces -Wparentheses -Wswitch -Wno-unused-function -Wno-unused-label -Wno-unused-parameter -Wno-unused-variable -Wunused-value -Wno-empty-body -Wno-uninitialized -Wno-unknown-pragmas -w -Wno-shadow -Wno-four-char-constants -Wno-conversion -Wno-constant-conversion -Wno-int-conversion -Wno-bool-conversion -Wno-enum-conversion -Wno-float-conversion -Wno-non-literal-null-conversion -Wno-objc-literal-conversion -Wshorten-64-to-32 -Wpointer-sign -Wno-newline-eof -Wno-selector -Wno-strict-selector-match -Wno-undeclared-selector -Wno-deprecated-implementations -Wno-implicit-fallthrough -fstrict-aliasing -Wprotocol -Wdeprecated-declarations -Wno-sign-conversion -Wno-infinite-recursion -Wno-comma -Wno-block-capture-autoreleasing -Wno-strict-prototypes -Wno-semicolon-before-method-body -index-store-path /Users/siam/Library/Developer/Xcode/DerivedData/Lingua_Quest-gvpckrqxtbgyprbgppjfqmimmmfw/Index.noindex/DataStore @/Users/siam/Library/Developer/Xcode/DerivedData/Lingua_Quest-gvpckrqxtbgyprbgppjfqmimmmfw/Build/Intermediates.noindex/AppAuth.build/Debug-iphonesimulator/AppAuthCore.build/Objects-normal/arm64/e6072d4f65d7061329687fe24e3d63a7-common-args.resp -include /Users/siam/Library/Developer/Xcode/DerivedData/Lingua_Quest-gvpckrqxtbgyprbgppjfqmimmmfw/Build/Intermediates.noindex/AppAuth.build/Debug-iphonesimulator/AppAuthCore.build/DerivedSources/resource_bundle_accessor.h -MMD -MT dependencies -MF /Users/siam/Library/Developer/Xcode/DerivedData/Lingua_Quest-gvpckrqxtbgyprbgppjfqmimmmfw/Build/Intermediates.noindex/AppAuth.build/Debug-iphonesimulator/AppAuthCore.build/Objects-normal/arm64/OIDScopes.d --serialize-diagnostics /Users/siam/Library/Developer/Xcode/DerivedData/Lingua_Quest-gvpckrqxtbgyprbgppjfqmimmmfw/Build/Intermediates.noindex/AppAuth.build/Debug-iphonesimulator/AppAuthCore.build/Objects-normal/arm64/OIDScopes.dia -c /Users/siam/Library/Developer/Xcode/DerivedData/Lingua_Quest-gvpckrqxtbgyprbgppjfqmimmmfw/SourcePackages/checkouts/AppAuth-iOS/Sources/AppAuthCore/OIDScopes.m -o /Users/siam/Library/Developer/Xcode/DerivedData/Lingua_Quest-gvpckrqxtbgyprbgppjfqmimmmfw/Build/Intermediates.noindex/AppAuth.build/Debug-iphonesimulator/AppAuthCore.build/Objects-normal/arm64/OIDScopes.o -index-unit-output-path /AppAuth.build/Debug-iphonesimulator/AppAuthCore.build/Objects-normal/arm64/OIDScopes.o

ScanDependencies /Users/siam/Library/Developer/Xcode/DerivedData/Lingua_Quest-gvpckrqxtbgyprbgppjfqmimmmfw/Build/Intermediates.noindex/AppAuth.build/Debug-iphonesimulator/AppAuthCore.build/Objects-normal/arm64/OIDScopeUtilities.o /Users/siam/Library/Developer/Xcode/DerivedData/Lingua_Quest-gvpckrqxtbgyprbgppjfqmimmmfw/SourcePackages/checkouts/AppAuth-iOS/Sources/AppAuthCore/OIDScopeUtilities.m normal arm64 objective-c com.apple.compilers.llvm.clang.1_0.compiler (in target 'AppAuthCore' from project 'AppAuth')
    cd /Users/siam/Desktop/Lingua\ Quest/Lingua\ Quest.xcodeproj
    
    Using response file: /Users/siam/Library/Developer/Xcode/DerivedData/Lingua_Quest-gvpckrqxtbgyprbgppjfqmimmmfw/Build/Intermediates.noindex/AppAuth.build/Debug-iphonesimulator/AppAuthCore.build/Objects-normal/arm64/e6072d4f65d7061329687fe24e3d63a7-common-args.resp
    
    builtin-ScanDependencies -o /Users/siam/Library/Developer/Xcode/DerivedData/Lingua_Quest-gvpckrqxtbgyprbgppjfqmimmmfw/Build/Intermediates.noindex/AppAuth.build/Debug-iphonesimulator/AppAuthCore.build/Objects-normal/arm64/OIDScopeUtilities.o.scan -- /Applications/Xcode.app/Contents/Developer/Toolchains/XcodeDefault.xctoolchain/usr/bin/clang -x objective-c -ivfsstatcache /Users/siam/Library/Developer/Xcode/DerivedData/SDKStatCaches.noindex/iphonesimulator26.0-23A339-26257891a6c027eb51374368541b8346.sdkstatcache -fmessage-length\=0 -fdiagnostics-show-note-include-stack -fmacro-backtrace-limit\=0 -fno-color-diagnostics -fmodules-prune-interval\=86400 -fmodules-prune-after\=345600 -fbuild-session-file\=/Users/siam/Library/Developer/Xcode/DerivedData/ModuleCache.noindex/Session.modulevalidation -fmodules-validate-once-per-build-session -Wnon-modular-include-in-framework-module -Werror\=non-modular-include-in-framework-module -Wno-trigraphs -Wno-missing-field-initializers -Wno-missing-prototypes -Wno-return-type -Wno-implicit-atomic-properties -Wno-objc-interface-ivars -Wno-arc-repeated-use-of-weak -Wno-missing-braces -Wparentheses -Wswitch -Wno-unused-function -Wno-unused-label -Wno-unused-parameter -Wno-unused-variable -Wunused-value -Wno-empty-body -Wno-uninitialized -Wno-unknown-pragmas -w -Wno-shadow -Wno-four-char-constants -Wno-conversion -Wno-constant-conversion -Wno-int-conversion -Wno-bool-conversion -Wno-enum-conversion -Wno-float-conversion -Wno-non-literal-null-conversion -Wno-objc-literal-conversion -Wshorten-64-to-32 -Wpointer-sign -Wno-newline-eof -Wno-selector -Wno-strict-selector-match -Wno-undeclared-selector -Wno-deprecated-implementations -Wno-implicit-fallthrough -fstrict-aliasing -Wprotocol -Wdeprecated-declarations -Wno-sign-conversion -Wno-infinite-recursion -Wno-comma -Wno-block-capture-autoreleasing -Wno-strict-prototypes -Wno-semicolon-before-method-body -index-store-path /Users/siam/Library/Developer/Xcode/DerivedData/Lingua_Quest-gvpckrqxtbgyprbgppjfqmimmmfw/Index.noindex/DataStore @/Users/siam/Library/Developer/Xcode/DerivedData/Lingua_Quest-gvpckrqxtbgyprbgppjfqmimmmfw/Build/Intermediates.noindex/AppAuth.build/Debug-iphonesimulator/AppAuthCore.build/Objects-normal/arm64/e6072d4f65d7061329687fe24e3d63a7-common-args.resp -include /Users/siam/Library/Developer/Xcode/DerivedData/Lingua_Quest-gvpckrqxtbgyprbgppjfqmimmmfw/Build/Intermediates.noindex/AppAuth.build/Debug-iphonesimulator/AppAuthCore.build/DerivedSources/resource_bundle_accessor.h -MMD -MT dependencies -MF /Users/siam/Library/Developer/Xcode/DerivedData/Lingua_Quest-gvpckrqxtbgyprbgppjfqmimmmfw/Build/Intermediates.noindex/AppAuth.build/Debug-iphonesimulator/AppAuthCore.build/Objects-normal/arm64/OIDScopeUtilities.d --serialize-diagnostics /Users/siam/Library/Developer/Xcode/DerivedData/Lingua_Quest-gvpckrqxtbgyprbgppjfqmimmmfw/Build/Intermediates.noindex/AppAuth.build/Debug-iphonesimulator/AppAuthCore.build/Objects-normal/arm64/OIDScopeUtilities.dia -c /Users/siam/Library/Developer/Xcode/DerivedData/Lingua_Quest-gvpckrqxtbgyprbgppjfqmimmmfw/SourcePackages/checkouts/AppAuth-iOS/Sources/AppAuthCore/OIDScopeUtilities.m -o /Users/siam/Library/Developer/Xcode/DerivedData/Lingua_Quest-gvpckrqxtbgyprbgppjfqmimmmfw/Build/Intermediates.noindex/AppAuth.build/Debug-iphonesimulator/AppAuthCore.build/Objects-normal/arm64/OIDScopeUtilities.o -index-unit-output-path /AppAuth.build/Debug-iphonesimulator/AppAuthCore.build/Objects-normal/arm64/OIDScopeUtilities.o

CompileC /Users/siam/Library/Developer/Xcode/DerivedData/Lingua_Quest-gvpckrqxtbgyprbgppjfqmimmmfw/Build/Intermediates.noindex/AppAuth.build/Debug-iphonesimulator/AppAuthCore.build/Objects-normal/arm64/OIDTokenRequest.o /Users/siam/Library/Developer/Xcode/DerivedData/Lingua_Quest-gvpckrqxtbgyprbgppjfqmimmmfw/SourcePackages/checkouts/AppAuth-iOS/Sources/AppAuthCore/OIDTokenRequest.m normal arm64 objective-c com.apple.compilers.llvm.clang.1_0.compiler (in target 'AppAuthCore' from project 'AppAuth')
    cd /Users/siam/Desktop/Lingua\ Quest/Lingua\ Quest.xcodeproj
    
    Using response file: /Users/siam/Library/Developer/Xcode/DerivedData/Lingua_Quest-gvpckrqxtbgyprbgppjfqmimmmfw/Build/Intermediates.noindex/AppAuth.build/Debug-iphonesimulator/AppAuthCore.build/Objects-normal/arm64/e6072d4f65d7061329687fe24e3d63a7-common-args.resp
    
    /Applications/Xcode.app/Contents/Developer/Toolchains/XcodeDefault.xctoolchain/usr/bin/clang -x objective-c -ivfsstatcache /Users/siam/Library/Developer/Xcode/DerivedData/SDKStatCaches.noindex/iphonesimulator26.0-23A339-26257891a6c027eb51374368541b8346.sdkstatcache -fmessage-length\=0 -fdiagnostics-show-note-include-stack -fmacro-backtrace-limit\=0 -fno-color-diagnostics -fmodules-prune-interval\=86400 -fmodules-prune-after\=345600 -fbuild-session-file\=/Users/siam/Library/Developer/Xcode/DerivedData/ModuleCache.noindex/Session.modulevalidation -fmodules-validate-once-per-build-session -Wnon-modular-include-in-framework-module -Werror\=non-modular-include-in-framework-module -Wno-trigraphs -Wno-missing-field-initializers -Wno-missing-prototypes -Wno-return-type -Wno-implicit-atomic-properties -Wno-objc-interface-ivars -Wno-arc-repeated-use-of-weak -Wno-missing-braces -Wparentheses -Wswitch -Wno-unused-function -Wno-unused-label -Wno-unused-parameter -Wno-unused-variable -Wunused-value -Wno-empty-body -Wno-uninitialized -Wno-unknown-pragmas -w -Wno-shadow -Wno-four-char-constants -Wno-conversion -Wno-constant-conversion -Wno-int-conversion -Wno-bool-conversion -Wno-enum-conversion -Wno-float-conversion -Wno-non-literal-null-conversion -Wno-objc-literal-conversion -Wshorten-64-to-32 -Wpointer-sign -Wno-newline-eof -Wno-selector -Wno-strict-selector-match -Wno-undeclared-selector -Wno-deprecated-implementations -Wno-implicit-fallthrough -fstrict-aliasing -Wprotocol -Wdeprecated-declarations -Wno-sign-conversion -Wno-infinite-recursion -Wno-comma -Wno-block-capture-autoreleasing -Wno-strict-prototypes -Wno-semicolon-before-method-body -index-store-path /Users/siam/Library/Developer/Xcode/DerivedData/Lingua_Quest-gvpckrqxtbgyprbgppjfqmimmmfw/Index.noindex/DataStore @/Users/siam/Library/Developer/Xcode/DerivedData/Lingua_Quest-gvpckrqxtbgyprbgppjfqmimmmfw/Build/Intermediates.noindex/AppAuth.build/Debug-iphonesimulator/AppAuthCore.build/Objects-normal/arm64/e6072d4f65d7061329687fe24e3d63a7-common-args.resp -include /Users/siam/Library/Developer/Xcode/DerivedData/Lingua_Quest-gvpckrqxtbgyprbgppjfqmimmmfw/Build/Intermediates.noindex/AppAuth.build/Debug-iphonesimulator/AppAuthCore.build/DerivedSources/resource_bundle_accessor.h -MMD -MT dependencies -MF /Users/siam/Library/Developer/Xcode/DerivedData/Lingua_Quest-gvpckrqxtbgyprbgppjfqmimmmfw/Build/Intermediates.noindex/AppAuth.build/Debug-iphonesimulator/AppAuthCore.build/Objects-normal/arm64/OIDTokenRequest.d --serialize-diagnostics /Users/siam/Library/Developer/Xcode/DerivedData/Lingua_Quest-gvpckrqxtbgyprbgppjfqmimmmfw/Build/Intermediates.noindex/AppAuth.build/Debug-iphonesimulator/AppAuthCore.build/Objects-normal/arm64/OIDTokenRequest.dia -c /Users/siam/Library/Developer/Xcode/DerivedData/Lingua_Quest-gvpckrqxtbgyprbgppjfqmimmmfw/SourcePackages/checkouts/AppAuth-iOS/Sources/AppAuthCore/OIDTokenRequest.m -o /Users/siam/Library/Developer/Xcode/DerivedData/Lingua_Quest-gvpckrqxtbgyprbgppjfqmimmmfw/Build/Intermediates.noindex/AppAuth.build/Debug-iphonesimulator/AppAuthCore.build/Objects-normal/arm64/OIDTokenRequest.o -index-unit-output-path /AppAuth.build/Debug-iphonesimulator/AppAuthCore.build/Objects-normal/arm64/OIDTokenRequest.o

CompileC /Users/siam/Library/Developer/Xcode/DerivedData/Lingua_Quest-gvpckrqxtbgyprbgppjfqmimmmfw/Build/Intermediates.noindex/AppAuth.build/Debug-iphonesimulator/AppAuthCore.build/Objects-normal/arm64/OIDServiceConfiguration.o /Users/siam/Library/Developer/Xcode/DerivedData/Lingua_Quest-gvpckrqxtbgyprbgppjfqmimmmfw/SourcePackages/checkouts/AppAuth-iOS/Sources/AppAuthCore/OIDServiceConfiguration.m normal arm64 objective-c com.apple.compilers.llvm.clang.1_0.compiler (in target 'AppAuthCore' from project 'AppAuth')
    cd /Users/siam/Desktop/Lingua\ Quest/Lingua\ Quest.xcodeproj
    
    Using response file: /Users/siam/Library/Developer/Xcode/DerivedData/Lingua_Quest-gvpckrqxtbgyprbgppjfqmimmmfw/Build/Intermediates.noindex/AppAuth.build/Debug-iphonesimulator/AppAuthCore.build/Objects-normal/arm64/e6072d4f65d7061329687fe24e3d63a7-common-args.resp
    
    /Applications/Xcode.app/Contents/Developer/Toolchains/XcodeDefault.xctoolchain/usr/bin/clang -x objective-c -ivfsstatcache /Users/siam/Library/Developer/Xcode/DerivedData/SDKStatCaches.noindex/iphonesimulator26.0-23A339-26257891a6c027eb51374368541b8346.sdkstatcache -fmessage-length\=0 -fdiagnostics-show-note-include-stack -fmacro-backtrace-limit\=0 -fno-color-diagnostics -fmodules-prune-interval\=86400 -fmodules-prune-after\=345600 -fbuild-session-file\=/Users/siam/Library/Developer/Xcode/DerivedData/ModuleCache.noindex/Session.modulevalidation -fmodules-validate-once-per-build-session -Wnon-modular-include-in-framework-module -Werror\=non-modular-include-in-framework-module -Wno-trigraphs -Wno-missing-field-initializers -Wno-missing-prototypes -Wno-return-type -Wno-implicit-atomic-properties -Wno-objc-interface-ivars -Wno-arc-repeated-use-of-weak -Wno-missing-braces -Wparentheses -Wswitch -Wno-unused-function -Wno-unused-label -Wno-unused-parameter -Wno-unused-variable -Wunused-value -Wno-empty-body -Wno-uninitialized -Wno-unknown-pragmas -w -Wno-shadow -Wno-four-char-constants -Wno-conversion -Wno-constant-conversion -Wno-int-conversion -Wno-bool-conversion -Wno-enum-conversion -Wno-float-conversion -Wno-non-literal-null-conversion -Wno-objc-literal-conversion -Wshorten-64-to-32 -Wpointer-sign -Wno-newline-eof -Wno-selector -Wno-strict-selector-match -Wno-undeclared-selector -Wno-deprecated-implementations -Wno-implicit-fallthrough -fstrict-aliasing -Wprotocol -Wdeprecated-declarations -Wno-sign-conversion -Wno-infinite-recursion -Wno-comma -Wno-block-capture-autoreleasing -Wno-strict-prototypes -Wno-semicolon-before-method-body -index-store-path /Users/siam/Library/Developer/Xcode/DerivedData/Lingua_Quest-gvpckrqxtbgyprbgppjfqmimmmfw/Index.noindex/DataStore @/Users/siam/Library/Developer/Xcode/DerivedData/Lingua_Quest-gvpckrqxtbgyprbgppjfqmimmmfw/Build/Intermediates.noindex/AppAuth.build/Debug-iphonesimulator/AppAuthCore.build/Objects-normal/arm64/e6072d4f65d7061329687fe24e3d63a7-common-args.resp -include /Users/siam/Library/Developer/Xcode/DerivedData/Lingua_Quest-gvpckrqxtbgyprbgppjfqmimmmfw/Build/Intermediates.noindex/AppAuth.build/Debug-iphonesimulator/AppAuthCore.build/DerivedSources/resource_bundle_accessor.h -MMD -MT dependencies -MF /Users/siam/Library/Developer/Xcode/DerivedData/Lingua_Quest-gvpckrqxtbgyprbgppjfqmimmmfw/Build/Intermediates.noindex/AppAuth.build/Debug-iphonesimulator/AppAuthCore.build/Objects-normal/arm64/OIDServiceConfiguration.d --serialize-diagnostics /Users/siam/Library/Developer/Xcode/DerivedData/Lingua_Quest-gvpckrqxtbgyprbgppjfqmimmmfw/Build/Intermediates.noindex/AppAuth.build/Debug-iphonesimulator/AppAuthCore.build/Objects-normal/arm64/OIDServiceConfiguration.dia -c /Users/siam/Library/Developer/Xcode/DerivedData/Lingua_Quest-gvpckrqxtbgyprbgppjfqmimmmfw/SourcePackages/checkouts/AppAuth-iOS/Sources/AppAuthCore/OIDServiceConfiguration.m -o /Users/siam/Library/Developer/Xcode/DerivedData/Lingua_Quest-gvpckrqxtbgyprbgppjfqmimmmfw/Build/Intermediates.noindex/AppAuth.build/Debug-iphonesimulator/AppAuthCore.build/Objects-normal/arm64/OIDServiceConfiguration.o -index-unit-output-path /AppAuth.build/Debug-iphonesimulator/AppAuthCore.build/Objects-normal/arm64/OIDServiceConfiguration.o

CompileC /Users/siam/Library/Developer/Xcode/DerivedData/Lingua_Quest-gvpckrqxtbgyprbgppjfqmimmmfw/Build/Intermediates.noindex/AppAuth.build/Debug-iphonesimulator/AppAuthCore.build/Objects-normal/arm64/OIDServiceDiscovery.o /Users/siam/Library/Developer/Xcode/DerivedData/Lingua_Quest-gvpckrqxtbgyprbgppjfqmimmmfw/SourcePackages/checkouts/AppAuth-iOS/Sources/AppAuthCore/OIDServiceDiscovery.m normal arm64 objective-c com.apple.compilers.llvm.clang.1_0.compiler (in target 'AppAuthCore' from project 'AppAuth')
    cd /Users/siam/Desktop/Lingua\ Quest/Lingua\ Quest.xcodeproj
    
    Using response file: /Users/siam/Library/Developer/Xcode/DerivedData/Lingua_Quest-gvpckrqxtbgyprbgppjfqmimmmfw/Build/Intermediates.noindex/AppAuth.build/Debug-iphonesimulator/AppAuthCore.build/Objects-normal/arm64/e6072d4f65d7061329687fe24e3d63a7-common-args.resp
    
    /Applications/Xcode.app/Contents/Developer/Toolchains/XcodeDefault.xctoolchain/usr/bin/clang -x objective-c -ivfsstatcache /Users/siam/Library/Developer/Xcode/DerivedData/SDKStatCaches.noindex/iphonesimulator26.0-23A339-26257891a6c027eb51374368541b8346.sdkstatcache -fmessage-length\=0 -fdiagnostics-show-note-include-stack -fmacro-backtrace-limit\=0 -fno-color-diagnostics -fmodules-prune-interval\=86400 -fmodules-prune-after\=345600 -fbuild-session-file\=/Users/siam/Library/Developer/Xcode/DerivedData/ModuleCache.noindex/Session.modulevalidation -fmodules-validate-once-per-build-session -Wnon-modular-include-in-framework-module -Werror\=non-modular-include-in-framework-module -Wno-trigraphs -Wno-missing-field-initializers -Wno-missing-prototypes -Wno-return-type -Wno-implicit-atomic-properties -Wno-objc-interface-ivars -Wno-arc-repeated-use-of-weak -Wno-missing-braces -Wparentheses -Wswitch -Wno-unused-function -Wno-unused-label -Wno-unused-parameter -Wno-unused-variable -Wunused-value -Wno-empty-body -Wno-uninitialized -Wno-unknown-pragmas -w -Wno-shadow -Wno-four-char-constants -Wno-conversion -Wno-constant-conversion -Wno-int-conversion -Wno-bool-conversion -Wno-enum-conversion -Wno-float-conversion -Wno-non-literal-null-conversion -Wno-objc-literal-conversion -Wshorten-64-to-32 -Wpointer-sign -Wno-newline-eof -Wno-selector -Wno-strict-selector-match -Wno-undeclared-selector -Wno-deprecated-implementations -Wno-implicit-fallthrough -fstrict-aliasing -Wprotocol -Wdeprecated-declarations -Wno-sign-conversion -Wno-infinite-recursion -Wno-comma -Wno-block-capture-autoreleasing -Wno-strict-prototypes -Wno-semicolon-before-method-body -index-store-path /Users/siam/Library/Developer/Xcode/DerivedData/Lingua_Quest-gvpckrqxtbgyprbgppjfqmimmmfw/Index.noindex/DataStore @/Users/siam/Library/Developer/Xcode/DerivedData/Lingua_Quest-gvpckrqxtbgyprbgppjfqmimmmfw/Build/Intermediates.noindex/AppAuth.build/Debug-iphonesimulator/AppAuthCore.build/Objects-normal/arm64/e6072d4f65d7061329687fe24e3d63a7-common-args.resp -include /Users/siam/Library/Developer/Xcode/DerivedData/Lingua_Quest-gvpckrqxtbgyprbgppjfqmimmmfw/Build/Intermediates.noindex/AppAuth.build/Debug-iphonesimulator/AppAuthCore.build/DerivedSources/resource_bundle_accessor.h -MMD -MT dependencies -MF /Users/siam/Library/Developer/Xcode/DerivedData/Lingua_Quest-gvpckrqxtbgyprbgppjfqmimmmfw/Build/Intermediates.noindex/AppAuth.build/Debug-iphonesimulator/AppAuthCore.build/Objects-normal/arm64/OIDServiceDiscovery.d --serialize-diagnostics /Users/siam/Library/Developer/Xcode/DerivedData/Lingua_Quest-gvpckrqxtbgyprbgppjfqmimmmfw/Build/Intermediates.noindex/AppAuth.build/Debug-iphonesimulator/AppAuthCore.build/Objects-normal/arm64/OIDServiceDiscovery.dia -c /Users/siam/Library/Developer/Xcode/DerivedData/Lingua_Quest-gvpckrqxtbgyprbgppjfqmimmmfw/SourcePackages/checkouts/AppAuth-iOS/Sources/AppAuthCore/OIDServiceDiscovery.m -o /Users/siam/Library/Developer/Xcode/DerivedData/Lingua_Quest-gvpckrqxtbgyprbgppjfqmimmmfw/Build/Intermediates.noindex/AppAuth.build/Debug-iphonesimulator/AppAuthCore.build/Objects-normal/arm64/OIDServiceDiscovery.o -index-unit-output-path /AppAuth.build/Debug-iphonesimulator/AppAuthCore.build/Objects-normal/arm64/OIDServiceDiscovery.o

ScanDependencies /Users/siam/Library/Developer/Xcode/DerivedData/Lingua_Quest-gvpckrqxtbgyprbgppjfqmimmmfw/Build/Intermediates.noindex/AppAuth.build/Debug-iphonesimulator/AppAuthCore.build/Objects-normal/arm64/OIDResponseTypes.o /Users/siam/Library/Developer/Xcode/DerivedData/Lingua_Quest-gvpckrqxtbgyprbgppjfqmimmmfw/SourcePackages/checkouts/AppAuth-iOS/Sources/AppAuthCore/OIDResponseTypes.m normal arm64 objective-c com.apple.compilers.llvm.clang.1_0.compiler (in target 'AppAuthCore' from project 'AppAuth')
    cd /Users/siam/Desktop/Lingua\ Quest/Lingua\ Quest.xcodeproj
    
    Using response file: /Users/siam/Library/Developer/Xcode/DerivedData/Lingua_Quest-gvpckrqxtbgyprbgppjfqmimmmfw/Build/Intermediates.noindex/AppAuth.build/Debug-iphonesimulator/AppAuthCore.build/Objects-normal/arm64/e6072d4f65d7061329687fe24e3d63a7-common-args.resp
    
    builtin-ScanDependencies -o /Users/siam/Library/Developer/Xcode/DerivedData/Lingua_Quest-gvpckrqxtbgyprbgppjfqmimmmfw/Build/Intermediates.noindex/AppAuth.build/Debug-iphonesimulator/AppAuthCore.build/Objects-normal/arm64/OIDResponseTypes.o.scan -- /Applications/Xcode.app/Contents/Developer/Toolchains/XcodeDefault.xctoolchain/usr/bin/clang -x objective-c -ivfsstatcache /Users/siam/Library/Developer/Xcode/DerivedData/SDKStatCaches.noindex/iphonesimulator26.0-23A339-26257891a6c027eb51374368541b8346.sdkstatcache -fmessage-length\=0 -fdiagnostics-show-note-include-stack -fmacro-backtrace-limit\=0 -fno-color-diagnostics -fmodules-prune-interval\=86400 -fmodules-prune-after\=345600 -fbuild-session-file\=/Users/siam/Library/Developer/Xcode/DerivedData/ModuleCache.noindex/Session.modulevalidation -fmodules-validate-once-per-build-session -Wnon-modular-include-in-framework-module -Werror\=non-modular-include-in-framework-module -Wno-trigraphs -Wno-missing-field-initializers -Wno-missing-prototypes -Wno-return-type -Wno-implicit-atomic-properties -Wno-objc-interface-ivars -Wno-arc-repeated-use-of-weak -Wno-missing-braces -Wparentheses -Wswitch -Wno-unused-function -Wno-unused-label -Wno-unused-parameter -Wno-unused-variable -Wunused-value -Wno-empty-body -Wno-uninitialized -Wno-unknown-pragmas -w -Wno-shadow -Wno-four-char-constants -Wno-conversion -Wno-constant-conversion -Wno-int-conversion -Wno-bool-conversion -Wno-enum-conversion -Wno-float-conversion -Wno-non-literal-null-conversion -Wno-objc-literal-conversion -Wshorten-64-to-32 -Wpointer-sign -Wno-newline-eof -Wno-selector -Wno-strict-selector-match -Wno-undeclared-selector -Wno-deprecated-implementations -Wno-implicit-fallthrough -fstrict-aliasing -Wprotocol -Wdeprecated-declarations -Wno-sign-conversion -Wno-infinite-recursion -Wno-comma -Wno-block-capture-autoreleasing -Wno-strict-prototypes -Wno-semicolon-before-method-body -index-store-path /Users/siam/Library/Developer/Xcode/DerivedData/Lingua_Quest-gvpckrqxtbgyprbgppjfqmimmmfw/Index.noindex/DataStore @/Users/siam/Library/Developer/Xcode/DerivedData/Lingua_Quest-gvpckrqxtbgyprbgppjfqmimmmfw/Build/Intermediates.noindex/AppAuth.build/Debug-iphonesimulator/AppAuthCore.build/Objects-normal/arm64/e6072d4f65d7061329687fe24e3d63a7-common-args.resp -include /Users/siam/Library/Developer/Xcode/DerivedData/Lingua_Quest-gvpckrqxtbgyprbgppjfqmimmmfw/Build/Intermediates.noindex/AppAuth.build/Debug-iphonesimulator/AppAuthCore.build/DerivedSources/resource_bundle_accessor.h -MMD -MT dependencies -MF /Users/siam/Library/Developer/Xcode/DerivedData/Lingua_Quest-gvpckrqxtbgyprbgppjfqmimmmfw/Build/Intermediates.noindex/AppAuth.build/Debug-iphonesimulator/AppAuthCore.build/Objects-normal/arm64/OIDResponseTypes.d --serialize-diagnostics /Users/siam/Library/Developer/Xcode/DerivedData/Lingua_Quest-gvpckrqxtbgyprbgppjfqmimmmfw/Build/Intermediates.noindex/AppAuth.build/Debug-iphonesimulator/AppAuthCore.build/Objects-normal/arm64/OIDResponseTypes.dia -c /Users/siam/Library/Developer/Xcode/DerivedData/Lingua_Quest-gvpckrqxtbgyprbgppjfqmimmmfw/SourcePackages/checkouts/AppAuth-iOS/Sources/AppAuthCore/OIDResponseTypes.m -o /Users/siam/Library/Developer/Xcode/DerivedData/Lingua_Quest-gvpckrqxtbgyprbgppjfqmimmmfw/Build/Intermediates.noindex/AppAuth.build/Debug-iphonesimulator/AppAuthCore.build/Objects-normal/arm64/OIDResponseTypes.o -index-unit-output-path /AppAuth.build/Debug-iphonesimulator/AppAuthCore.build/Objects-normal/arm64/OIDResponseTypes.o

CompileC /Users/siam/Library/Developer/Xcode/DerivedData/Lingua_Quest-gvpckrqxtbgyprbgppjfqmimmmfw/Build/Intermediates.noindex/AppAuth.build/Debug-iphonesimulator/AppAuthCore.build/Objects-normal/arm64/OIDScopes.o /Users/siam/Library/Developer/Xcode/DerivedData/Lingua_Quest-gvpckrqxtbgyprbgppjfqmimmmfw/SourcePackages/checkouts/AppAuth-iOS/Sources/AppAuthCore/OIDScopes.m normal arm64 objective-c com.apple.compilers.llvm.clang.1_0.compiler (in target 'AppAuthCore' from project 'AppAuth')
    cd /Users/siam/Desktop/Lingua\ Quest/Lingua\ Quest.xcodeproj
    
    Using response file: /Users/siam/Library/Developer/Xcode/DerivedData/Lingua_Quest-gvpckrqxtbgyprbgppjfqmimmmfw/Build/Intermediates.noindex/AppAuth.build/Debug-iphonesimulator/AppAuthCore.build/Objects-normal/arm64/e6072d4f65d7061329687fe24e3d63a7-common-args.resp
    
    /Applications/Xcode.app/Contents/Developer/Toolchains/XcodeDefault.xctoolchain/usr/bin/clang -x objective-c -ivfsstatcache /Users/siam/Library/Developer/Xcode/DerivedData/SDKStatCaches.noindex/iphonesimulator26.0-23A339-26257891a6c027eb51374368541b8346.sdkstatcache -fmessage-length\=0 -fdiagnostics-show-note-include-stack -fmacro-backtrace-limit\=0 -fno-color-diagnostics -fmodules-prune-interval\=86400 -fmodules-prune-after\=345600 -fbuild-session-file\=/Users/siam/Library/Developer/Xcode/DerivedData/ModuleCache.noindex/Session.modulevalidation -fmodules-validate-once-per-build-session -Wnon-modular-include-in-framework-module -Werror\=non-modular-include-in-framework-module -Wno-trigraphs -Wno-missing-field-initializers -Wno-missing-prototypes -Wno-return-type -Wno-implicit-atomic-properties -Wno-objc-interface-ivars -Wno-arc-repeated-use-of-weak -Wno-missing-braces -Wparentheses -Wswitch -Wno-unused-function -Wno-unused-label -Wno-unused-parameter -Wno-unused-variable -Wunused-value -Wno-empty-body -Wno-uninitialized -Wno-unknown-pragmas -w -Wno-shadow -Wno-four-char-constants -Wno-conversion -Wno-constant-conversion -Wno-int-conversion -Wno-bool-conversion -Wno-enum-conversion -Wno-float-conversion -Wno-non-literal-null-conversion -Wno-objc-literal-conversion -Wshorten-64-to-32 -Wpointer-sign -Wno-newline-eof -Wno-selector -Wno-strict-selector-match -Wno-undeclared-selector -Wno-deprecated-implementations -Wno-implicit-fallthrough -fstrict-aliasing -Wprotocol -Wdeprecated-declarations -Wno-sign-conversion -Wno-infinite-recursion -Wno-comma -Wno-block-capture-autoreleasing -Wno-strict-prototypes -Wno-semicolon-before-method-body -index-store-path /Users/siam/Library/Developer/Xcode/DerivedData/Lingua_Quest-gvpckrqxtbgyprbgppjfqmimmmfw/Index.noindex/DataStore @/Users/siam/Library/Developer/Xcode/DerivedData/Lingua_Quest-gvpckrqxtbgyprbgppjfqmimmmfw/Build/Intermediates.noindex/AppAuth.build/Debug-iphonesimulator/AppAuthCore.build/Objects-normal/arm64/e6072d4f65d7061329687fe24e3d63a7-common-args.resp -include /Users/siam/Library/Developer/Xcode/DerivedData/Lingua_Quest-gvpckrqxtbgyprbgppjfqmimmmfw/Build/Intermediates.noindex/AppAuth.build/Debug-iphonesimulator/AppAuthCore.build/DerivedSources/resource_bundle_accessor.h -MMD -MT dependencies -MF /Users/siam/Library/Developer/Xcode/DerivedData/Lingua_Quest-gvpckrqxtbgyprbgppjfqmimmmfw/Build/Intermediates.noindex/AppAuth.build/Debug-iphonesimulator/AppAuthCore.build/Objects-normal/arm64/OIDScopes.d --serialize-diagnostics /Users/siam/Library/Developer/Xcode/DerivedData/Lingua_Quest-gvpckrqxtbgyprbgppjfqmimmmfw/Build/Intermediates.noindex/AppAuth.build/Debug-iphonesimulator/AppAuthCore.build/Objects-normal/arm64/OIDScopes.dia -c /Users/siam/Library/Developer/Xcode/DerivedData/Lingua_Quest-gvpckrqxtbgyprbgppjfqmimmmfw/SourcePackages/checkouts/AppAuth-iOS/Sources/AppAuthCore/OIDScopes.m -o /Users/siam/Library/Developer/Xcode/DerivedData/Lingua_Quest-gvpckrqxtbgyprbgppjfqmimmmfw/Build/Intermediates.noindex/AppAuth.build/Debug-iphonesimulator/AppAuthCore.build/Objects-normal/arm64/OIDScopes.o -index-unit-output-path /AppAuth.build/Debug-iphonesimulator/AppAuthCore.build/Objects-normal/arm64/OIDScopes.o

ScanDependencies /Users/siam/Library/Developer/Xcode/DerivedData/Lingua_Quest-gvpckrqxtbgyprbgppjfqmimmmfw/Build/Intermediates.noindex/AppAuth.build/Debug-iphonesimulator/AppAuthCore.build/Objects-normal/arm64/OIDRegistrationResponse.o /Users/siam/Library/Developer/Xcode/DerivedData/Lingua_Quest-gvpckrqxtbgyprbgppjfqmimmmfw/SourcePackages/checkouts/AppAuth-iOS/Sources/AppAuthCore/OIDRegistrationResponse.m normal arm64 objective-c com.apple.compilers.llvm.clang.1_0.compiler (in target 'AppAuthCore' from project 'AppAuth')
    cd /Users/siam/Desktop/Lingua\ Quest/Lingua\ Quest.xcodeproj
    
    Using response file: /Users/siam/Library/Developer/Xcode/DerivedData/Lingua_Quest-gvpckrqxtbgyprbgppjfqmimmmfw/Build/Intermediates.noindex/AppAuth.build/Debug-iphonesimulator/AppAuthCore.build/Objects-normal/arm64/e6072d4f65d7061329687fe24e3d63a7-common-args.resp
    
    builtin-ScanDependencies -o /Users/siam/Library/Developer/Xcode/DerivedData/Lingua_Quest-gvpckrqxtbgyprbgppjfqmimmmfw/Build/Intermediates.noindex/AppAuth.build/Debug-iphonesimulator/AppAuthCore.build/Objects-normal/arm64/OIDRegistrationResponse.o.scan -- /Applications/Xcode.app/Contents/Developer/Toolchains/XcodeDefault.xctoolchain/usr/bin/clang -x objective-c -ivfsstatcache /Users/siam/Library/Developer/Xcode/DerivedData/SDKStatCaches.noindex/iphonesimulator26.0-23A339-26257891a6c027eb51374368541b8346.sdkstatcache -fmessage-length\=0 -fdiagnostics-show-note-include-stack -fmacro-backtrace-limit\=0 -fno-color-diagnostics -fmodules-prune-interval\=86400 -fmodules-prune-after\=345600 -fbuild-session-file\=/Users/siam/Library/Developer/Xcode/DerivedData/ModuleCache.noindex/Session.modulevalidation -fmodules-validate-once-per-build-session -Wnon-modular-include-in-framework-module -Werror\=non-modular-include-in-framework-module -Wno-trigraphs -Wno-missing-field-initializers -Wno-missing-prototypes -Wno-return-type -Wno-implicit-atomic-properties -Wno-objc-interface-ivars -Wno-arc-repeated-use-of-weak -Wno-missing-braces -Wparentheses -Wswitch -Wno-unused-function -Wno-unused-label -Wno-unused-parameter -Wno-unused-variable -Wunused-value -Wno-empty-body -Wno-uninitialized -Wno-unknown-pragmas -w -Wno-shadow -Wno-four-char-constants -Wno-conversion -Wno-constant-conversion -Wno-int-conversion -Wno-bool-conversion -Wno-enum-conversion -Wno-float-conversion -Wno-non-literal-null-conversion -Wno-objc-literal-conversion -Wshorten-64-to-32 -Wpointer-sign -Wno-newline-eof -Wno-selector -Wno-strict-selector-match -Wno-undeclared-selector -Wno-deprecated-implementations -Wno-implicit-fallthrough -fstrict-aliasing -Wprotocol -Wdeprecated-declarations -Wno-sign-conversion -Wno-infinite-recursion -Wno-comma -Wno-block-capture-autoreleasing -Wno-strict-prototypes -Wno-semicolon-before-method-body -index-store-path /Users/siam/Library/Developer/Xcode/DerivedData/Lingua_Quest-gvpckrqxtbgyprbgppjfqmimmmfw/Index.noindex/DataStore @/Users/siam/Library/Developer/Xcode/DerivedData/Lingua_Quest-gvpckrqxtbgyprbgppjfqmimmmfw/Build/Intermediates.noindex/AppAuth.build/Debug-iphonesimulator/AppAuthCore.build/Objects-normal/arm64/e6072d4f65d7061329687fe24e3d63a7-common-args.resp -include /Users/siam/Library/Developer/Xcode/DerivedData/Lingua_Quest-gvpckrqxtbgyprbgppjfqmimmmfw/Build/Intermediates.noindex/AppAuth.build/Debug-iphonesimulator/AppAuthCore.build/DerivedSources/resource_bundle_accessor.h -MMD -MT dependencies -MF /Users/siam/Library/Developer/Xcode/DerivedData/Lingua_Quest-gvpckrqxtbgyprbgppjfqmimmmfw/Build/Intermediates.noindex/AppAuth.build/Debug-iphonesimulator/AppAuthCore.build/Objects-normal/arm64/OIDRegistrationResponse.d --serialize-diagnostics /Users/siam/Library/Developer/Xcode/DerivedData/Lingua_Quest-gvpckrqxtbgyprbgppjfqmimmmfw/Build/Intermediates.noindex/AppAuth.build/Debug-iphonesimulator/AppAuthCore.build/Objects-normal/arm64/OIDRegistrationResponse.dia -c /Users/siam/Library/Developer/Xcode/DerivedData/Lingua_Quest-gvpckrqxtbgyprbgppjfqmimmmfw/SourcePackages/checkouts/AppAuth-iOS/Sources/AppAuthCore/OIDRegistrationResponse.m -o /Users/siam/Library/Developer/Xcode/DerivedData/Lingua_Quest-gvpckrqxtbgyprbgppjfqmimmmfw/Build/Intermediates.noindex/AppAuth.build/Debug-iphonesimulator/AppAuthCore.build/Objects-normal/arm64/OIDRegistrationResponse.o -index-unit-output-path /AppAuth.build/Debug-iphonesimulator/AppAuthCore.build/Objects-normal/arm64/OIDRegistrationResponse.o

ScanDependencies /Users/siam/Library/Developer/Xcode/DerivedData/Lingua_Quest-gvpckrqxtbgyprbgppjfqmimmmfw/Build/Intermediates.noindex/AppAuth.build/Debug-iphonesimulator/AppAuthCore.build/Objects-normal/arm64/OIDRegistrationRequest.o /Users/siam/Library/Developer/Xcode/DerivedData/Lingua_Quest-gvpckrqxtbgyprbgppjfqmimmmfw/SourcePackages/checkouts/AppAuth-iOS/Sources/AppAuthCore/OIDRegistrationRequest.m normal arm64 objective-c com.apple.compilers.llvm.clang.1_0.compiler (in target 'AppAuthCore' from project 'AppAuth')
    cd /Users/siam/Desktop/Lingua\ Quest/Lingua\ Quest.xcodeproj
    
    Using response file: /Users/siam/Library/Developer/Xcode/DerivedData/Lingua_Quest-gvpckrqxtbgyprbgppjfqmimmmfw/Build/Intermediates.noindex/AppAuth.build/Debug-iphonesimulator/AppAuthCore.build/Objects-normal/arm64/e6072d4f65d7061329687fe24e3d63a7-common-args.resp
    
    builtin-ScanDependencies -o /Users/siam/Library/Developer/Xcode/DerivedData/Lingua_Quest-gvpckrqxtbgyprbgppjfqmimmmfw/Build/Intermediates.noindex/AppAuth.build/Debug-iphonesimulator/AppAuthCore.build/Objects-normal/arm64/OIDRegistrationRequest.o.scan -- /Applications/Xcode.app/Contents/Developer/Toolchains/XcodeDefault.xctoolchain/usr/bin/clang -x objective-c -ivfsstatcache /Users/siam/Library/Developer/Xcode/DerivedData/SDKStatCaches.noindex/iphonesimulator26.0-23A339-26257891a6c027eb51374368541b8346.sdkstatcache -fmessage-length\=0 -fdiagnostics-show-note-include-stack -fmacro-backtrace-limit\=0 -fno-color-diagnostics -fmodules-prune-interval\=86400 -fmodules-prune-after\=345600 -fbuild-session-file\=/Users/siam/Library/Developer/Xcode/DerivedData/ModuleCache.noindex/Session.modulevalidation -fmodules-validate-once-per-build-session -Wnon-modular-include-in-framework-module -Werror\=non-modular-include-in-framework-module -Wno-trigraphs -Wno-missing-field-initializers -Wno-missing-prototypes -Wno-return-type -Wno-implicit-atomic-properties -Wno-objc-interface-ivars -Wno-arc-repeated-use-of-weak -Wno-missing-braces -Wparentheses -Wswitch -Wno-unused-function -Wno-unused-label -Wno-unused-parameter -Wno-unused-variable -Wunused-value -Wno-empty-body -Wno-uninitialized -Wno-unknown-pragmas -w -Wno-shadow -Wno-four-char-constants -Wno-conversion -Wno-constant-conversion -Wno-int-conversion -Wno-bool-conversion -Wno-enum-conversion -Wno-float-conversion -Wno-non-literal-null-conversion -Wno-objc-literal-conversion -Wshorten-64-to-32 -Wpointer-sign -Wno-newline-eof -Wno-selector -Wno-strict-selector-match -Wno-undeclared-selector -Wno-deprecated-implementations -Wno-implicit-fallthrough -fstrict-aliasing -Wprotocol -Wdeprecated-declarations -Wno-sign-conversion -Wno-infinite-recursion -Wno-comma -Wno-block-capture-autoreleasing -Wno-strict-prototypes -Wno-semicolon-before-method-body -index-store-path /Users/siam/Library/Developer/Xcode/DerivedData/Lingua_Quest-gvpckrqxtbgyprbgppjfqmimmmfw/Index.noindex/DataStore @/Users/siam/Library/Developer/Xcode/DerivedData/Lingua_Quest-gvpckrqxtbgyprbgppjfqmimmmfw/Build/Intermediates.noindex/AppAuth.build/Debug-iphonesimulator/AppAuthCore.build/Objects-normal/arm64/e6072d4f65d7061329687fe24e3d63a7-common-args.resp -include /Users/siam/Library/Developer/Xcode/DerivedData/Lingua_Quest-gvpckrqxtbgyprbgppjfqmimmmfw/Build/Intermediates.noindex/AppAuth.build/Debug-iphonesimulator/AppAuthCore.build/DerivedSources/resource_bundle_accessor.h -MMD -MT dependencies -MF /Users/siam/Library/Developer/Xcode/DerivedData/Lingua_Quest-gvpckrqxtbgyprbgppjfqmimmmfw/Build/Intermediates.noindex/AppAuth.build/Debug-iphonesimulator/AppAuthCore.build/Objects-normal/arm64/OIDRegistrationRequest.d --serialize-diagnostics /Users/siam/Library/Developer/Xcode/DerivedData/Lingua_Quest-gvpckrqxtbgyprbgppjfqmimmmfw/Build/Intermediates.noindex/AppAuth.build/Debug-iphonesimulator/AppAuthCore.build/Objects-normal/arm64/OIDRegistrationRequest.dia -c /Users/siam/Library/Developer/Xcode/DerivedData/Lingua_Quest-gvpckrqxtbgyprbgppjfqmimmmfw/SourcePackages/checkouts/AppAuth-iOS/Sources/AppAuthCore/OIDRegistrationRequest.m -o /Users/siam/Library/Developer/Xcode/DerivedData/Lingua_Quest-gvpckrqxtbgyprbgppjfqmimmmfw/Build/Intermediates.noindex/AppAuth.build/Debug-iphonesimulator/AppAuthCore.build/Objects-normal/arm64/OIDRegistrationRequest.o -index-unit-output-path /AppAuth.build/Debug-iphonesimulator/AppAuthCore.build/Objects-normal/arm64/OIDRegistrationRequest.o

ScanDependencies /Users/siam/Library/Developer/Xcode/DerivedData/Lingua_Quest-gvpckrqxtbgyprbgppjfqmimmmfw/Build/Intermediates.noindex/AppAuth.build/Debug-iphonesimulator/AppAuthCore.build/Objects-normal/arm64/OIDIDToken.o /Users/siam/Library/Developer/Xcode/DerivedData/Lingua_Quest-gvpckrqxtbgyprbgppjfqmimmmfw/SourcePackages/checkouts/AppAuth-iOS/Sources/AppAuthCore/OIDIDToken.m normal arm64 objective-c com.apple.compilers.llvm.clang.1_0.compiler (in target 'AppAuthCore' from project 'AppAuth')
    cd /Users/siam/Desktop/Lingua\ Quest/Lingua\ Quest.xcodeproj
    
    Using response file: /Users/siam/Library/Developer/Xcode/DerivedData/Lingua_Quest-gvpckrqxtbgyprbgppjfqmimmmfw/Build/Intermediates.noindex/AppAuth.build/Debug-iphonesimulator/AppAuthCore.build/Objects-normal/arm64/e6072d4f65d7061329687fe24e3d63a7-common-args.resp
    
    builtin-ScanDependencies -o /Users/siam/Library/Developer/Xcode/DerivedData/Lingua_Quest-gvpckrqxtbgyprbgppjfqmimmmfw/Build/Intermediates.noindex/AppAuth.build/Debug-iphonesimulator/AppAuthCore.build/Objects-normal/arm64/OIDIDToken.o.scan -- /Applications/Xcode.app/Contents/Developer/Toolchains/XcodeDefault.xctoolchain/usr/bin/clang -x objective-c -ivfsstatcache /Users/siam/Library/Developer/Xcode/DerivedData/SDKStatCaches.noindex/iphonesimulator26.0-23A339-26257891a6c027eb51374368541b8346.sdkstatcache -fmessage-length\=0 -fdiagnostics-show-note-include-stack -fmacro-backtrace-limit\=0 -fno-color-diagnostics -fmodules-prune-interval\=86400 -fmodules-prune-after\=345600 -fbuild-session-file\=/Users/siam/Library/Developer/Xcode/DerivedData/ModuleCache.noindex/Session.modulevalidation -fmodules-validate-once-per-build-session -Wnon-modular-include-in-framework-module -Werror\=non-modular-include-in-framework-module -Wno-trigraphs -Wno-missing-field-initializers -Wno-missing-prototypes -Wno-return-type -Wno-implicit-atomic-properties -Wno-objc-interface-ivars -Wno-arc-repeated-use-of-weak -Wno-missing-braces -Wparentheses -Wswitch -Wno-unused-function -Wno-unused-label -Wno-unused-parameter -Wno-unused-variable -Wunused-value -Wno-empty-body -Wno-uninitialized -Wno-unknown-pragmas -w -Wno-shadow -Wno-four-char-constants -Wno-conversion -Wno-constant-conversion -Wno-int-conversion -Wno-bool-conversion -Wno-enum-conversion -Wno-float-conversion -Wno-non-literal-null-conversion -Wno-objc-literal-conversion -Wshorten-64-to-32 -Wpointer-sign -Wno-newline-eof -Wno-selector -Wno-strict-selector-match -Wno-undeclared-selector -Wno-deprecated-implementations -Wno-implicit-fallthrough -fstrict-aliasing -Wprotocol -Wdeprecated-declarations -Wno-sign-conversion -Wno-infinite-recursion -Wno-comma -Wno-block-capture-autoreleasing -Wno-strict-prototypes -Wno-semicolon-before-method-body -index-store-path /Users/siam/Library/Developer/Xcode/DerivedData/Lingua_Quest-gvpckrqxtbgyprbgppjfqmimmmfw/Index.noindex/DataStore @/Users/siam/Library/Developer/Xcode/DerivedData/Lingua_Quest-gvpckrqxtbgyprbgppjfqmimmmfw/Build/Intermediates.noindex/AppAuth.build/Debug-iphonesimulator/AppAuthCore.build/Objects-normal/arm64/e6072d4f65d7061329687fe24e3d63a7-common-args.resp -include /Users/siam/Library/Developer/Xcode/DerivedData/Lingua_Quest-gvpckrqxtbgyprbgppjfqmimmmfw/Build/Intermediates.noindex/AppAuth.build/Debug-iphonesimulator/AppAuthCore.build/DerivedSources/resource_bundle_accessor.h -MMD -MT dependencies -MF /Users/siam/Library/Developer/Xcode/DerivedData/Lingua_Quest-gvpckrqxtbgyprbgppjfqmimmmfw/Build/Intermediates.noindex/AppAuth.build/Debug-iphonesimulator/AppAuthCore.build/Objects-normal/arm64/OIDIDToken.d --serialize-diagnostics /Users/siam/Library/Developer/Xcode/DerivedData/Lingua_Quest-gvpckrqxtbgyprbgppjfqmimmmfw/Build/Intermediates.noindex/AppAuth.build/Debug-iphonesimulator/AppAuthCore.build/Objects-normal/arm64/OIDIDToken.dia -c /Users/siam/Library/Developer/Xcode/DerivedData/Lingua_Quest-gvpckrqxtbgyprbgppjfqmimmmfw/SourcePackages/checkouts/AppAuth-iOS/Sources/AppAuthCore/OIDIDToken.m -o /Users/siam/Library/Developer/Xcode/DerivedData/Lingua_Quest-gvpckrqxtbgyprbgppjfqmimmmfw/Build/Intermediates.noindex/AppAuth.build/Debug-iphonesimulator/AppAuthCore.build/Objects-normal/arm64/OIDIDToken.o -index-unit-output-path /AppAuth.build/Debug-iphonesimulator/AppAuthCore.build/Objects-normal/arm64/OIDIDToken.o

ScanDependencies /Users/siam/Library/Developer/Xcode/DerivedData/Lingua_Quest-gvpckrqxtbgyprbgppjfqmimmmfw/Build/Intermediates.noindex/AppAuth.build/Debug-iphonesimulator/AppAuthCore.build/Objects-normal/arm64/OIDGrantTypes.o /Users/siam/Library/Developer/Xcode/DerivedData/Lingua_Quest-gvpckrqxtbgyprbgppjfqmimmmfw/SourcePackages/checkouts/AppAuth-iOS/Sources/AppAuthCore/OIDGrantTypes.m normal arm64 objective-c com.apple.compilers.llvm.clang.1_0.compiler (in target 'AppAuthCore' from project 'AppAuth')
    cd /Users/siam/Desktop/Lingua\ Quest/Lingua\ Quest.xcodeproj
    
    Using response file: /Users/siam/Library/Developer/Xcode/DerivedData/Lingua_Quest-gvpckrqxtbgyprbgppjfqmimmmfw/Build/Intermediates.noindex/AppAuth.build/Debug-iphonesimulator/AppAuthCore.build/Objects-normal/arm64/e6072d4f65d7061329687fe24e3d63a7-common-args.resp
    
    builtin-ScanDependencies -o /Users/siam/Library/Developer/Xcode/DerivedData/Lingua_Quest-gvpckrqxtbgyprbgppjfqmimmmfw/Build/Intermediates.noindex/AppAuth.build/Debug-iphonesimulator/AppAuthCore.build/Objects-normal/arm64/OIDGrantTypes.o.scan -- /Applications/Xcode.app/Contents/Developer/Toolchains/XcodeDefault.xctoolchain/usr/bin/clang -x objective-c -ivfsstatcache /Users/siam/Library/Developer/Xcode/DerivedData/SDKStatCaches.noindex/iphonesimulator26.0-23A339-26257891a6c027eb51374368541b8346.sdkstatcache -fmessage-length\=0 -fdiagnostics-show-note-include-stack -fmacro-backtrace-limit\=0 -fno-color-diagnostics -fmodules-prune-interval\=86400 -fmodules-prune-after\=345600 -fbuild-session-file\=/Users/siam/Library/Developer/Xcode/DerivedData/ModuleCache.noindex/Session.modulevalidation -fmodules-validate-once-per-build-session -Wnon-modular-include-in-framework-module -Werror\=non-modular-include-in-framework-module -Wno-trigraphs -Wno-missing-field-initializers -Wno-missing-prototypes -Wno-return-type -Wno-implicit-atomic-properties -Wno-objc-interface-ivars -Wno-arc-repeated-use-of-weak -Wno-missing-braces -Wparentheses -Wswitch -Wno-unused-function -Wno-unused-label -Wno-unused-parameter -Wno-unused-variable -Wunused-value -Wno-empty-body -Wno-uninitialized -Wno-unknown-pragmas -w -Wno-shadow -Wno-four-char-constants -Wno-conversion -Wno-constant-conversion -Wno-int-conversion -Wno-bool-conversion -Wno-enum-conversion -Wno-float-conversion -Wno-non-literal-null-conversion -Wno-objc-literal-conversion -Wshorten-64-to-32 -Wpointer-sign -Wno-newline-eof -Wno-selector -Wno-strict-selector-match -Wno-undeclared-selector -Wno-deprecated-implementations -Wno-implicit-fallthrough -fstrict-aliasing -Wprotocol -Wdeprecated-declarations -Wno-sign-conversion -Wno-infinite-recursion -Wno-comma -Wno-block-capture-autoreleasing -Wno-strict-prototypes -Wno-semicolon-before-method-body -index-store-path /Users/siam/Library/Developer/Xcode/DerivedData/Lingua_Quest-gvpckrqxtbgyprbgppjfqmimmmfw/Index.noindex/DataStore @/Users/siam/Library/Developer/Xcode/DerivedData/Lingua_Quest-gvpckrqxtbgyprbgppjfqmimmmfw/Build/Intermediates.noindex/AppAuth.build/Debug-iphonesimulator/AppAuthCore.build/Objects-normal/arm64/e6072d4f65d7061329687fe24e3d63a7-common-args.resp -include /Users/siam/Library/Developer/Xcode/DerivedData/Lingua_Quest-gvpckrqxtbgyprbgppjfqmimmmfw/Build/Intermediates.noindex/AppAuth.build/Debug-iphonesimulator/AppAuthCore.build/DerivedSources/resource_bundle_accessor.h -MMD -MT dependencies -MF /Users/siam/Library/Developer/Xcode/DerivedData/Lingua_Quest-gvpckrqxtbgyprbgppjfqmimmmfw/Build/Intermediates.noindex/AppAuth.build/Debug-iphonesimulator/AppAuthCore.build/Objects-normal/arm64/OIDGrantTypes.d --serialize-diagnostics /Users/siam/Library/Developer/Xcode/DerivedData/Lingua_Quest-gvpckrqxtbgyprbgppjfqmimmmfw/Build/Intermediates.noindex/AppAuth.build/Debug-iphonesimulator/AppAuthCore.build/Objects-normal/arm64/OIDGrantTypes.dia -c /Users/siam/Library/Developer/Xcode/DerivedData/Lingua_Quest-gvpckrqxtbgyprbgppjfqmimmmfw/SourcePackages/checkouts/AppAuth-iOS/Sources/AppAuthCore/OIDGrantTypes.m -o /Users/siam/Library/Developer/Xcode/DerivedData/Lingua_Quest-gvpckrqxtbgyprbgppjfqmimmmfw/Build/Intermediates.noindex/AppAuth.build/Debug-iphonesimulator/AppAuthCore.build/Objects-normal/arm64/OIDGrantTypes.o -index-unit-output-path /AppAuth.build/Debug-iphonesimulator/AppAuthCore.build/Objects-normal/arm64/OIDGrantTypes.o

CompileC /Users/siam/Library/Developer/Xcode/DerivedData/Lingua_Quest-gvpckrqxtbgyprbgppjfqmimmmfw/Build/Intermediates.noindex/AppAuth.build/Debug-iphonesimulator/AppAuthCore.build/Objects-normal/arm64/OIDRegistrationResponse.o /Users/siam/Library/Developer/Xcode/DerivedData/Lingua_Quest-gvpckrqxtbgyprbgppjfqmimmmfw/SourcePackages/checkouts/AppAuth-iOS/Sources/AppAuthCore/OIDRegistrationResponse.m normal arm64 objective-c com.apple.compilers.llvm.clang.1_0.compiler (in target 'AppAuthCore' from project 'AppAuth')
    cd /Users/siam/Desktop/Lingua\ Quest/Lingua\ Quest.xcodeproj
    
    Using response file: /Users/siam/Library/Developer/Xcode/DerivedData/Lingua_Quest-gvpckrqxtbgyprbgppjfqmimmmfw/Build/Intermediates.noindex/AppAuth.build/Debug-iphonesimulator/AppAuthCore.build/Objects-normal/arm64/e6072d4f65d7061329687fe24e3d63a7-common-args.resp
    
    /Applications/Xcode.app/Contents/Developer/Toolchains/XcodeDefault.xctoolchain/usr/bin/clang -x objective-c -ivfsstatcache /Users/siam/Library/Developer/Xcode/DerivedData/SDKStatCaches.noindex/iphonesimulator26.0-23A339-26257891a6c027eb51374368541b8346.sdkstatcache -fmessage-length\=0 -fdiagnostics-show-note-include-stack -fmacro-backtrace-limit\=0 -fno-color-diagnostics -fmodules-prune-interval\=86400 -fmodules-prune-after\=345600 -fbuild-session-file\=/Users/siam/Library/Developer/Xcode/DerivedData/ModuleCache.noindex/Session.modulevalidation -fmodules-validate-once-per-build-session -Wnon-modular-include-in-framework-module -Werror\=non-modular-include-in-framework-module -Wno-trigraphs -Wno-missing-field-initializers -Wno-missing-prototypes -Wno-return-type -Wno-implicit-atomic-properties -Wno-objc-interface-ivars -Wno-arc-repeated-use-of-weak -Wno-missing-braces -Wparentheses -Wswitch -Wno-unused-function -Wno-unused-label -Wno-unused-parameter -Wno-unused-variable -Wunused-value -Wno-empty-body -Wno-uninitialized -Wno-unknown-pragmas -w -Wno-shadow -Wno-four-char-constants -Wno-conversion -Wno-constant-conversion -Wno-int-conversion -Wno-bool-conversion -Wno-enum-conversion -Wno-float-conversion -Wno-non-literal-null-conversion -Wno-objc-literal-conversion -Wshorten-64-to-32 -Wpointer-sign -Wno-newline-eof -Wno-selector -Wno-strict-selector-match -Wno-undeclared-selector -Wno-deprecated-implementations -Wno-implicit-fallthrough -fstrict-aliasing -Wprotocol -Wdeprecated-declarations -Wno-sign-conversion -Wno-infinite-recursion -Wno-comma -Wno-block-capture-autoreleasing -Wno-strict-prototypes -Wno-semicolon-before-method-body -index-store-path /Users/siam/Library/Developer/Xcode/DerivedData/Lingua_Quest-gvpckrqxtbgyprbgppjfqmimmmfw/Index.noindex/DataStore @/Users/siam/Library/Developer/Xcode/DerivedData/Lingua_Quest-gvpckrqxtbgyprbgppjfqmimmmfw/Build/Intermediates.noindex/AppAuth.build/Debug-iphonesimulator/AppAuthCore.build/Objects-normal/arm64/e6072d4f65d7061329687fe24e3d63a7-common-args.resp -include /Users/siam/Library/Developer/Xcode/DerivedData/Lingua_Quest-gvpckrqxtbgyprbgppjfqmimmmfw/Build/Intermediates.noindex/AppAuth.build/Debug-iphonesimulator/AppAuthCore.build/DerivedSources/resource_bundle_accessor.h -MMD -MT dependencies -MF /Users/siam/Library/Developer/Xcode/DerivedData/Lingua_Quest-gvpckrqxtbgyprbgppjfqmimmmfw/Build/Intermediates.noindex/AppAuth.build/Debug-iphonesimulator/AppAuthCore.build/Objects-normal/arm64/OIDRegistrationResponse.d --serialize-diagnostics /Users/siam/Library/Developer/Xcode/DerivedData/Lingua_Quest-gvpckrqxtbgyprbgppjfqmimmmfw/Build/Intermediates.noindex/AppAuth.build/Debug-iphonesimulator/AppAuthCore.build/Objects-normal/arm64/OIDRegistrationResponse.dia -c /Users/siam/Library/Developer/Xcode/DerivedData/Lingua_Quest-gvpckrqxtbgyprbgppjfqmimmmfw/SourcePackages/checkouts/AppAuth-iOS/Sources/AppAuthCore/OIDRegistrationResponse.m -o /Users/siam/Library/Developer/Xcode/DerivedData/Lingua_Quest-gvpckrqxtbgyprbgppjfqmimmmfw/Build/Intermediates.noindex/AppAuth.build/Debug-iphonesimulator/AppAuthCore.build/Objects-normal/arm64/OIDRegistrationResponse.o -index-unit-output-path /AppAuth.build/Debug-iphonesimulator/AppAuthCore.build/Objects-normal/arm64/OIDRegistrationResponse.o

CompileC /Users/siam/Library/Developer/Xcode/DerivedData/Lingua_Quest-gvpckrqxtbgyprbgppjfqmimmmfw/Build/Intermediates.noindex/AppAuth.build/Debug-iphonesimulator/AppAuthCore.build/Objects-normal/arm64/OIDScopeUtilities.o /Users/siam/Library/Developer/Xcode/DerivedData/Lingua_Quest-gvpckrqxtbgyprbgppjfqmimmmfw/SourcePackages/checkouts/AppAuth-iOS/Sources/AppAuthCore/OIDScopeUtilities.m normal arm64 objective-c com.apple.compilers.llvm.clang.1_0.compiler (in target 'AppAuthCore' from project 'AppAuth')
    cd /Users/siam/Desktop/Lingua\ Quest/Lingua\ Quest.xcodeproj
    
    Using response file: /Users/siam/Library/Developer/Xcode/DerivedData/Lingua_Quest-gvpckrqxtbgyprbgppjfqmimmmfw/Build/Intermediates.noindex/AppAuth.build/Debug-iphonesimulator/AppAuthCore.build/Objects-normal/arm64/e6072d4f65d7061329687fe24e3d63a7-common-args.resp
    
    /Applications/Xcode.app/Contents/Developer/Toolchains/XcodeDefault.xctoolchain/usr/bin/clang -x objective-c -ivfsstatcache /Users/siam/Library/Developer/Xcode/DerivedData/SDKStatCaches.noindex/iphonesimulator26.0-23A339-26257891a6c027eb51374368541b8346.sdkstatcache -fmessage-length\=0 -fdiagnostics-show-note-include-stack -fmacro-backtrace-limit\=0 -fno-color-diagnostics -fmodules-prune-interval\=86400 -fmodules-prune-after\=345600 -fbuild-session-file\=/Users/siam/Library/Developer/Xcode/DerivedData/ModuleCache.noindex/Session.modulevalidation -fmodules-validate-once-per-build-session -Wnon-modular-include-in-framework-module -Werror\=non-modular-include-in-framework-module -Wno-trigraphs -Wno-missing-field-initializers -Wno-missing-prototypes -Wno-return-type -Wno-implicit-atomic-properties -Wno-objc-interface-ivars -Wno-arc-repeated-use-of-weak -Wno-missing-braces -Wparentheses -Wswitch -Wno-unused-function -Wno-unused-label -Wno-unused-parameter -Wno-unused-variable -Wunused-value -Wno-empty-body -Wno-uninitialized -Wno-unknown-pragmas -w -Wno-shadow -Wno-four-char-constants -Wno-conversion -Wno-constant-conversion -Wno-int-conversion -Wno-bool-conversion -Wno-enum-conversion -Wno-float-conversion -Wno-non-literal-null-conversion -Wno-objc-literal-conversion -Wshorten-64-to-32 -Wpointer-sign -Wno-newline-eof -Wno-selector -Wno-strict-selector-match -Wno-undeclared-selector -Wno-deprecated-implementations -Wno-implicit-fallthrough -fstrict-aliasing -Wprotocol -Wdeprecated-declarations -Wno-sign-conversion -Wno-infinite-recursion -Wno-comma -Wno-block-capture-autoreleasing -Wno-strict-prototypes -Wno-semicolon-before-method-body -index-store-path /Users/siam/Library/Developer/Xcode/DerivedData/Lingua_Quest-gvpckrqxtbgyprbgppjfqmimmmfw/Index.noindex/DataStore @/Users/siam/Library/Developer/Xcode/DerivedData/Lingua_Quest-gvpckrqxtbgyprbgppjfqmimmmfw/Build/Intermediates.noindex/AppAuth.build/Debug-iphonesimulator/AppAuthCore.build/Objects-normal/arm64/e6072d4f65d7061329687fe24e3d63a7-common-args.resp -include /Users/siam/Library/Developer/Xcode/DerivedData/Lingua_Quest-gvpckrqxtbgyprbgppjfqmimmmfw/Build/Intermediates.noindex/AppAuth.build/Debug-iphonesimulator/AppAuthCore.build/DerivedSources/resource_bundle_accessor.h -MMD -MT dependencies -MF /Users/siam/Library/Developer/Xcode/DerivedData/Lingua_Quest-gvpckrqxtbgyprbgppjfqmimmmfw/Build/Intermediates.noindex/AppAuth.build/Debug-iphonesimulator/AppAuthCore.build/Objects-normal/arm64/OIDScopeUtilities.d --serialize-diagnostics /Users/siam/Library/Developer/Xcode/DerivedData/Lingua_Quest-gvpckrqxtbgyprbgppjfqmimmmfw/Build/Intermediates.noindex/AppAuth.build/Debug-iphonesimulator/AppAuthCore.build/Objects-normal/arm64/OIDScopeUtilities.dia -c /Users/siam/Library/Developer/Xcode/DerivedData/Lingua_Quest-gvpckrqxtbgyprbgppjfqmimmmfw/SourcePackages/checkouts/AppAuth-iOS/Sources/AppAuthCore/OIDScopeUtilities.m -o /Users/siam/Library/Developer/Xcode/DerivedData/Lingua_Quest-gvpckrqxtbgyprbgppjfqmimmmfw/Build/Intermediates.noindex/AppAuth.build/Debug-iphonesimulator/AppAuthCore.build/Objects-normal/arm64/OIDScopeUtilities.o -index-unit-output-path /AppAuth.build/Debug-iphonesimulator/AppAuthCore.build/Objects-normal/arm64/OIDScopeUtilities.o

ScanDependencies /Users/siam/Library/Developer/Xcode/DerivedData/Lingua_Quest-gvpckrqxtbgyprbgppjfqmimmmfw/Build/Intermediates.noindex/AppAuth.build/Debug-iphonesimulator/AppAuthCore.build/Objects-normal/arm64/OIDFieldMapping.o /Users/siam/Library/Developer/Xcode/DerivedData/Lingua_Quest-gvpckrqxtbgyprbgppjfqmimmmfw/SourcePackages/checkouts/AppAuth-iOS/Sources/AppAuthCore/OIDFieldMapping.m normal arm64 objective-c com.apple.compilers.llvm.clang.1_0.compiler (in target 'AppAuthCore' from project 'AppAuth')
    cd /Users/siam/Desktop/Lingua\ Quest/Lingua\ Quest.xcodeproj
    
    Using response file: /Users/siam/Library/Developer/Xcode/DerivedData/Lingua_Quest-gvpckrqxtbgyprbgppjfqmimmmfw/Build/Intermediates.noindex/AppAuth.build/Debug-iphonesimulator/AppAuthCore.build/Objects-normal/arm64/e6072d4f65d7061329687fe24e3d63a7-common-args.resp
    
    builtin-ScanDependencies -o /Users/siam/Library/Developer/Xcode/DerivedData/Lingua_Quest-gvpckrqxtbgyprbgppjfqmimmmfw/Build/Intermediates.noindex/AppAuth.build/Debug-iphonesimulator/AppAuthCore.build/Objects-normal/arm64/OIDFieldMapping.o.scan -- /Applications/Xcode.app/Contents/Developer/Toolchains/XcodeDefault.xctoolchain/usr/bin/clang -x objective-c -ivfsstatcache /Users/siam/Library/Developer/Xcode/DerivedData/SDKStatCaches.noindex/iphonesimulator26.0-23A339-26257891a6c027eb51374368541b8346.sdkstatcache -fmessage-length\=0 -fdiagnostics-show-note-include-stack -fmacro-backtrace-limit\=0 -fno-color-diagnostics -fmodules-prune-interval\=86400 -fmodules-prune-after\=345600 -fbuild-session-file\=/Users/siam/Library/Developer/Xcode/DerivedData/ModuleCache.noindex/Session.modulevalidation -fmodules-validate-once-per-build-session -Wnon-modular-include-in-framework-module -Werror\=non-modular-include-in-framework-module -Wno-trigraphs -Wno-missing-field-initializers -Wno-missing-prototypes -Wno-return-type -Wno-implicit-atomic-properties -Wno-objc-interface-ivars -Wno-arc-repeated-use-of-weak -Wno-missing-braces -Wparentheses -Wswitch -Wno-unused-function -Wno-unused-label -Wno-unused-parameter -Wno-unused-variable -Wunused-value -Wno-empty-body -Wno-uninitialized -Wno-unknown-pragmas -w -Wno-shadow -Wno-four-char-constants -Wno-conversion -Wno-constant-conversion -Wno-int-conversion -Wno-bool-conversion -Wno-enum-conversion -Wno-float-conversion -Wno-non-literal-null-conversion -Wno-objc-literal-conversion -Wshorten-64-to-32 -Wpointer-sign -Wno-newline-eof -Wno-selector -Wno-strict-selector-match -Wno-undeclared-selector -Wno-deprecated-implementations -Wno-implicit-fallthrough -fstrict-aliasing -Wprotocol -Wdeprecated-declarations -Wno-sign-conversion -Wno-infinite-recursion -Wno-comma -Wno-block-capture-autoreleasing -Wno-strict-prototypes -Wno-semicolon-before-method-body -index-store-path /Users/siam/Library/Developer/Xcode/DerivedData/Lingua_Quest-gvpckrqxtbgyprbgppjfqmimmmfw/Index.noindex/DataStore @/Users/siam/Library/Developer/Xcode/DerivedData/Lingua_Quest-gvpckrqxtbgyprbgppjfqmimmmfw/Build/Intermediates.noindex/AppAuth.build/Debug-iphonesimulator/AppAuthCore.build/Objects-normal/arm64/e6072d4f65d7061329687fe24e3d63a7-common-args.resp -include /Users/siam/Library/Developer/Xcode/DerivedData/Lingua_Quest-gvpckrqxtbgyprbgppjfqmimmmfw/Build/Intermediates.noindex/AppAuth.build/Debug-iphonesimulator/AppAuthCore.build/DerivedSources/resource_bundle_accessor.h -MMD -MT dependencies -MF /Users/siam/Library/Developer/Xcode/DerivedData/Lingua_Quest-gvpckrqxtbgyprbgppjfqmimmmfw/Build/Intermediates.noindex/AppAuth.build/Debug-iphonesimulator/AppAuthCore.build/Objects-normal/arm64/OIDFieldMapping.d --serialize-diagnostics /Users/siam/Library/Developer/Xcode/DerivedData/Lingua_Quest-gvpckrqxtbgyprbgppjfqmimmmfw/Build/Intermediates.noindex/AppAuth.build/Debug-iphonesimulator/AppAuthCore.build/Objects-normal/arm64/OIDFieldMapping.dia -c /Users/siam/Library/Developer/Xcode/DerivedData/Lingua_Quest-gvpckrqxtbgyprbgppjfqmimmmfw/SourcePackages/checkouts/AppAuth-iOS/Sources/AppAuthCore/OIDFieldMapping.m -o /Users/siam/Library/Developer/Xcode/DerivedData/Lingua_Quest-gvpckrqxtbgyprbgppjfqmimmmfw/Build/Intermediates.noindex/AppAuth.build/Debug-iphonesimulator/AppAuthCore.build/Objects-normal/arm64/OIDFieldMapping.o -index-unit-output-path /AppAuth.build/Debug-iphonesimulator/AppAuthCore.build/Objects-normal/arm64/OIDFieldMapping.o

CompileC /Users/siam/Library/Developer/Xcode/DerivedData/Lingua_Quest-gvpckrqxtbgyprbgppjfqmimmmfw/Build/Intermediates.noindex/AppAuth.build/Debug-iphonesimulator/AppAuthCore.build/Objects-normal/arm64/OIDIDToken.o /Users/siam/Library/Developer/Xcode/DerivedData/Lingua_Quest-gvpckrqxtbgyprbgppjfqmimmmfw/SourcePackages/checkouts/AppAuth-iOS/Sources/AppAuthCore/OIDIDToken.m normal arm64 objective-c com.apple.compilers.llvm.clang.1_0.compiler (in target 'AppAuthCore' from project 'AppAuth')
    cd /Users/siam/Desktop/Lingua\ Quest/Lingua\ Quest.xcodeproj
    
    Using response file: /Users/siam/Library/Developer/Xcode/DerivedData/Lingua_Quest-gvpckrqxtbgyprbgppjfqmimmmfw/Build/Intermediates.noindex/AppAuth.build/Debug-iphonesimulator/AppAuthCore.build/Objects-normal/arm64/e6072d4f65d7061329687fe24e3d63a7-common-args.resp
    
    /Applications/Xcode.app/Contents/Developer/Toolchains/XcodeDefault.xctoolchain/usr/bin/clang -x objective-c -ivfsstatcache /Users/siam/Library/Developer/Xcode/DerivedData/SDKStatCaches.noindex/iphonesimulator26.0-23A339-26257891a6c027eb51374368541b8346.sdkstatcache -fmessage-length\=0 -fdiagnostics-show-note-include-stack -fmacro-backtrace-limit\=0 -fno-color-diagnostics -fmodules-prune-interval\=86400 -fmodules-prune-after\=345600 -fbuild-session-file\=/Users/siam/Library/Developer/Xcode/DerivedData/ModuleCache.noindex/Session.modulevalidation -fmodules-validate-once-per-build-session -Wnon-modular-include-in-framework-module -Werror\=non-modular-include-in-framework-module -Wno-trigraphs -Wno-missing-field-initializers -Wno-missing-prototypes -Wno-return-type -Wno-implicit-atomic-properties -Wno-objc-interface-ivars -Wno-arc-repeated-use-of-weak -Wno-missing-braces -Wparentheses -Wswitch -Wno-unused-function -Wno-unused-label -Wno-unused-parameter -Wno-unused-variable -Wunused-value -Wno-empty-body -Wno-uninitialized -Wno-unknown-pragmas -w -Wno-shadow -Wno-four-char-constants -Wno-conversion -Wno-constant-conversion -Wno-int-conversion -Wno-bool-conversion -Wno-enum-conversion -Wno-float-conversion -Wno-non-literal-null-conversion -Wno-objc-literal-conversion -Wshorten-64-to-32 -Wpointer-sign -Wno-newline-eof -Wno-selector -Wno-strict-selector-match -Wno-undeclared-selector -Wno-deprecated-implementations -Wno-implicit-fallthrough -fstrict-aliasing -Wprotocol -Wdeprecated-declarations -Wno-sign-conversion -Wno-infinite-recursion -Wno-comma -Wno-block-capture-autoreleasing -Wno-strict-prototypes -Wno-semicolon-before-method-body -index-store-path /Users/siam/Library/Developer/Xcode/DerivedData/Lingua_Quest-gvpckrqxtbgyprbgppjfqmimmmfw/Index.noindex/DataStore @/Users/siam/Library/Developer/Xcode/DerivedData/Lingua_Quest-gvpckrqxtbgyprbgppjfqmimmmfw/Build/Intermediates.noindex/AppAuth.build/Debug-iphonesimulator/AppAuthCore.build/Objects-normal/arm64/e6072d4f65d7061329687fe24e3d63a7-common-args.resp -include /Users/siam/Library/Developer/Xcode/DerivedData/Lingua_Quest-gvpckrqxtbgyprbgppjfqmimmmfw/Build/Intermediates.noindex/AppAuth.build/Debug-iphonesimulator/AppAuthCore.build/DerivedSources/resource_bundle_accessor.h -MMD -MT dependencies -MF /Users/siam/Library/Developer/Xcode/DerivedData/Lingua_Quest-gvpckrqxtbgyprbgppjfqmimmmfw/Build/Intermediates.noindex/AppAuth.build/Debug-iphonesimulator/AppAuthCore.build/Objects-normal/arm64/OIDIDToken.d --serialize-diagnostics /Users/siam/Library/Developer/Xcode/DerivedData/Lingua_Quest-gvpckrqxtbgyprbgppjfqmimmmfw/Build/Intermediates.noindex/AppAuth.build/Debug-iphonesimulator/AppAuthCore.build/Objects-normal/arm64/OIDIDToken.dia -c /Users/siam/Library/Developer/Xcode/DerivedData/Lingua_Quest-gvpckrqxtbgyprbgppjfqmimmmfw/SourcePackages/checkouts/AppAuth-iOS/Sources/AppAuthCore/OIDIDToken.m -o /Users/siam/Library/Developer/Xcode/DerivedData/Lingua_Quest-gvpckrqxtbgyprbgppjfqmimmmfw/Build/Intermediates.noindex/AppAuth.build/Debug-iphonesimulator/AppAuthCore.build/Objects-normal/arm64/OIDIDToken.o -index-unit-output-path /AppAuth.build/Debug-iphonesimulator/AppAuthCore.build/Objects-normal/arm64/OIDIDToken.o

CompileC /Users/siam/Library/Developer/Xcode/DerivedData/Lingua_Quest-gvpckrqxtbgyprbgppjfqmimmmfw/Build/Intermediates.noindex/AppAuth.build/Debug-iphonesimulator/AppAuthCore.build/Objects-normal/arm64/OIDResponseTypes.o /Users/siam/Library/Developer/Xcode/DerivedData/Lingua_Quest-gvpckrqxtbgyprbgppjfqmimmmfw/SourcePackages/checkouts/AppAuth-iOS/Sources/AppAuthCore/OIDResponseTypes.m normal arm64 objective-c com.apple.compilers.llvm.clang.1_0.compiler (in target 'AppAuthCore' from project 'AppAuth')
    cd /Users/siam/Desktop/Lingua\ Quest/Lingua\ Quest.xcodeproj
    
    Using response file: /Users/siam/Library/Developer/Xcode/DerivedData/Lingua_Quest-gvpckrqxtbgyprbgppjfqmimmmfw/Build/Intermediates.noindex/AppAuth.build/Debug-iphonesimulator/AppAuthCore.build/Objects-normal/arm64/e6072d4f65d7061329687fe24e3d63a7-common-args.resp
    
    /Applications/Xcode.app/Contents/Developer/Toolchains/XcodeDefault.xctoolchain/usr/bin/clang -x objective-c -ivfsstatcache /Users/siam/Library/Developer/Xcode/DerivedData/SDKStatCaches.noindex/iphonesimulator26.0-23A339-26257891a6c027eb51374368541b8346.sdkstatcache -fmessage-length\=0 -fdiagnostics-show-note-include-stack -fmacro-backtrace-limit\=0 -fno-color-diagnostics -fmodules-prune-interval\=86400 -fmodules-prune-after\=345600 -fbuild-session-file\=/Users/siam/Library/Developer/Xcode/DerivedData/ModuleCache.noindex/Session.modulevalidation -fmodules-validate-once-per-build-session -Wnon-modular-include-in-framework-module -Werror\=non-modular-include-in-framework-module -Wno-trigraphs -Wno-missing-field-initializers -Wno-missing-prototypes -Wno-return-type -Wno-implicit-atomic-properties -Wno-objc-interface-ivars -Wno-arc-repeated-use-of-weak -Wno-missing-braces -Wparentheses -Wswitch -Wno-unused-function -Wno-unused-label -Wno-unused-parameter -Wno-unused-variable -Wunused-value -Wno-empty-body -Wno-uninitialized -Wno-unknown-pragmas -w -Wno-shadow -Wno-four-char-constants -Wno-conversion -Wno-constant-conversion -Wno-int-conversion -Wno-bool-conversion -Wno-enum-conversion -Wno-float-conversion -Wno-non-literal-null-conversion -Wno-objc-literal-conversion -Wshorten-64-to-32 -Wpointer-sign -Wno-newline-eof -Wno-selector -Wno-strict-selector-match -Wno-undeclared-selector -Wno-deprecated-implementations -Wno-implicit-fallthrough -fstrict-aliasing -Wprotocol -Wdeprecated-declarations -Wno-sign-conversion -Wno-infinite-recursion -Wno-comma -Wno-block-capture-autoreleasing -Wno-strict-prototypes -Wno-semicolon-before-method-body -index-store-path /Users/siam/Library/Developer/Xcode/DerivedData/Lingua_Quest-gvpckrqxtbgyprbgppjfqmimmmfw/Index.noindex/DataStore @/Users/siam/Library/Developer/Xcode/DerivedData/Lingua_Quest-gvpckrqxtbgyprbgppjfqmimmmfw/Build/Intermediates.noindex/AppAuth.build/Debug-iphonesimulator/AppAuthCore.build/Objects-normal/arm64/e6072d4f65d7061329687fe24e3d63a7-common-args.resp -include /Users/siam/Library/Developer/Xcode/DerivedData/Lingua_Quest-gvpckrqxtbgyprbgppjfqmimmmfw/Build/Intermediates.noindex/AppAuth.build/Debug-iphonesimulator/AppAuthCore.build/DerivedSources/resource_bundle_accessor.h -MMD -MT dependencies -MF /Users/siam/Library/Developer/Xcode/DerivedData/Lingua_Quest-gvpckrqxtbgyprbgppjfqmimmmfw/Build/Intermediates.noindex/AppAuth.build/Debug-iphonesimulator/AppAuthCore.build/Objects-normal/arm64/OIDResponseTypes.d --serialize-diagnostics /Users/siam/Library/Developer/Xcode/DerivedData/Lingua_Quest-gvpckrqxtbgyprbgppjfqmimmmfw/Build/Intermediates.noindex/AppAuth.build/Debug-iphonesimulator/AppAuthCore.build/Objects-normal/arm64/OIDResponseTypes.dia -c /Users/siam/Library/Developer/Xcode/DerivedData/Lingua_Quest-gvpckrqxtbgyprbgppjfqmimmmfw/SourcePackages/checkouts/AppAuth-iOS/Sources/AppAuthCore/OIDResponseTypes.m -o /Users/siam/Library/Developer/Xcode/DerivedData/Lingua_Quest-gvpckrqxtbgyprbgppjfqmimmmfw/Build/Intermediates.noindex/AppAuth.build/Debug-iphonesimulator/AppAuthCore.build/Objects-normal/arm64/OIDResponseTypes.o -index-unit-output-path /AppAuth.build/Debug-iphonesimulator/AppAuthCore.build/Objects-normal/arm64/OIDResponseTypes.o

CompileC /Users/siam/Library/Developer/Xcode/DerivedData/Lingua_Quest-gvpckrqxtbgyprbgppjfqmimmmfw/Build/Intermediates.noindex/AppAuth.build/Debug-iphonesimulator/AppAuthCore.build/Objects-normal/arm64/OIDRegistrationRequest.o /Users/siam/Library/Developer/Xcode/DerivedData/Lingua_Quest-gvpckrqxtbgyprbgppjfqmimmmfw/SourcePackages/checkouts/AppAuth-iOS/Sources/AppAuthCore/OIDRegistrationRequest.m normal arm64 objective-c com.apple.compilers.llvm.clang.1_0.compiler (in target 'AppAuthCore' from project 'AppAuth')
    cd /Users/siam/Desktop/Lingua\ Quest/Lingua\ Quest.xcodeproj
    
    Using response file: /Users/siam/Library/Developer/Xcode/DerivedData/Lingua_Quest-gvpckrqxtbgyprbgppjfqmimmmfw/Build/Intermediates.noindex/AppAuth.build/Debug-iphonesimulator/AppAuthCore.build/Objects-normal/arm64/e6072d4f65d7061329687fe24e3d63a7-common-args.resp
    
    /Applications/Xcode.app/Contents/Developer/Toolchains/XcodeDefault.xctoolchain/usr/bin/clang -x objective-c -ivfsstatcache /Users/siam/Library/Developer/Xcode/DerivedData/SDKStatCaches.noindex/iphonesimulator26.0-23A339-26257891a6c027eb51374368541b8346.sdkstatcache -fmessage-length\=0 -fdiagnostics-show-note-include-stack -fmacro-backtrace-limit\=0 -fno-color-diagnostics -fmodules-prune-interval\=86400 -fmodules-prune-after\=345600 -fbuild-session-file\=/Users/siam/Library/Developer/Xcode/DerivedData/ModuleCache.noindex/Session.modulevalidation -fmodules-validate-once-per-build-session -Wnon-modular-include-in-framework-module -Werror\=non-modular-include-in-framework-module -Wno-trigraphs -Wno-missing-field-initializers -Wno-missing-prototypes -Wno-return-type -Wno-implicit-atomic-properties -Wno-objc-interface-ivars -Wno-arc-repeated-use-of-weak -Wno-missing-braces -Wparentheses -Wswitch -Wno-unused-function -Wno-unused-label -Wno-unused-parameter -Wno-unused-variable -Wunused-value -Wno-empty-body -Wno-uninitialized -Wno-unknown-pragmas -w -Wno-shadow -Wno-four-char-constants -Wno-conversion -Wno-constant-conversion -Wno-int-conversion -Wno-bool-conversion -Wno-enum-conversion -Wno-float-conversion -Wno-non-literal-null-conversion -Wno-objc-literal-conversion -Wshorten-64-to-32 -Wpointer-sign -Wno-newline-eof -Wno-selector -Wno-strict-selector-match -Wno-undeclared-selector -Wno-deprecated-implementations -Wno-implicit-fallthrough -fstrict-aliasing -Wprotocol -Wdeprecated-declarations -Wno-sign-conversion -Wno-infinite-recursion -Wno-comma -Wno-block-capture-autoreleasing -Wno-strict-prototypes -Wno-semicolon-before-method-body -index-store-path /Users/siam/Library/Developer/Xcode/DerivedData/Lingua_Quest-gvpckrqxtbgyprbgppjfqmimmmfw/Index.noindex/DataStore @/Users/siam/Library/Developer/Xcode/DerivedData/Lingua_Quest-gvpckrqxtbgyprbgppjfqmimmmfw/Build/Intermediates.noindex/AppAuth.build/Debug-iphonesimulator/AppAuthCore.build/Objects-normal/arm64/e6072d4f65d7061329687fe24e3d63a7-common-args.resp -include /Users/siam/Library/Developer/Xcode/DerivedData/Lingua_Quest-gvpckrqxtbgyprbgppjfqmimmmfw/Build/Intermediates.noindex/AppAuth.build/Debug-iphonesimulator/AppAuthCore.build/DerivedSources/resource_bundle_accessor.h -MMD -MT dependencies -MF /Users/siam/Library/Developer/Xcode/DerivedData/Lingua_Quest-gvpckrqxtbgyprbgppjfqmimmmfw/Build/Intermediates.noindex/AppAuth.build/Debug-iphonesimulator/AppAuthCore.build/Objects-normal/arm64/OIDRegistrationRequest.d --serialize-diagnostics /Users/siam/Library/Developer/Xcode/DerivedData/Lingua_Quest-gvpckrqxtbgyprbgppjfqmimmmfw/Build/Intermediates.noindex/AppAuth.build/Debug-iphonesimulator/AppAuthCore.build/Objects-normal/arm64/OIDRegistrationRequest.dia -c /Users/siam/Library/Developer/Xcode/DerivedData/Lingua_Quest-gvpckrqxtbgyprbgppjfqmimmmfw/SourcePackages/checkouts/AppAuth-iOS/Sources/AppAuthCore/OIDRegistrationRequest.m -o /Users/siam/Library/Developer/Xcode/DerivedData/Lingua_Quest-gvpckrqxtbgyprbgppjfqmimmmfw/Build/Intermediates.noindex/AppAuth.build/Debug-iphonesimulator/AppAuthCore.build/Objects-normal/arm64/OIDRegistrationRequest.o -index-unit-output-path /AppAuth.build/Debug-iphonesimulator/AppAuthCore.build/Objects-normal/arm64/OIDRegistrationRequest.o

CompileC /Users/siam/Library/Developer/Xcode/DerivedData/Lingua_Quest-gvpckrqxtbgyprbgppjfqmimmmfw/Build/Intermediates.noindex/AppAuth.build/Debug-iphonesimulator/AppAuthCore.build/Objects-normal/arm64/OIDGrantTypes.o /Users/siam/Library/Developer/Xcode/DerivedData/Lingua_Quest-gvpckrqxtbgyprbgppjfqmimmmfw/SourcePackages/checkouts/AppAuth-iOS/Sources/AppAuthCore/OIDGrantTypes.m normal arm64 objective-c com.apple.compilers.llvm.clang.1_0.compiler (in target 'AppAuthCore' from project 'AppAuth')
    cd /Users/siam/Desktop/Lingua\ Quest/Lingua\ Quest.xcodeproj
    
    Using response file: /Users/siam/Library/Developer/Xcode/DerivedData/Lingua_Quest-gvpckrqxtbgyprbgppjfqmimmmfw/Build/Intermediates.noindex/AppAuth.build/Debug-iphonesimulator/AppAuthCore.build/Objects-normal/arm64/e6072d4f65d7061329687fe24e3d63a7-common-args.resp
    
    /Applications/Xcode.app/Contents/Developer/Toolchains/XcodeDefault.xctoolchain/usr/bin/clang -x objective-c -ivfsstatcache /Users/siam/Library/Developer/Xcode/DerivedData/SDKStatCaches.noindex/iphonesimulator26.0-23A339-26257891a6c027eb51374368541b8346.sdkstatcache -fmessage-length\=0 -fdiagnostics-show-note-include-stack -fmacro-backtrace-limit\=0 -fno-color-diagnostics -fmodules-prune-interval\=86400 -fmodules-prune-after\=345600 -fbuild-session-file\=/Users/siam/Library/Developer/Xcode/DerivedData/ModuleCache.noindex/Session.modulevalidation -fmodules-validate-once-per-build-session -Wnon-modular-include-in-framework-module -Werror\=non-modular-include-in-framework-module -Wno-trigraphs -Wno-missing-field-initializers -Wno-missing-prototypes -Wno-return-type -Wno-implicit-atomic-properties -Wno-objc-interface-ivars -Wno-arc-repeated-use-of-weak -Wno-missing-braces -Wparentheses -Wswitch -Wno-unused-function -Wno-unused-label -Wno-unused-parameter -Wno-unused-variable -Wunused-value -Wno-empty-body -Wno-uninitialized -Wno-unknown-pragmas -w -Wno-shadow -Wno-four-char-constants -Wno-conversion -Wno-constant-conversion -Wno-int-conversion -Wno-bool-conversion -Wno-enum-conversion -Wno-float-conversion -Wno-non-literal-null-conversion -Wno-objc-literal-conversion -Wshorten-64-to-32 -Wpointer-sign -Wno-newline-eof -Wno-selector -Wno-strict-selector-match -Wno-undeclared-selector -Wno-deprecated-implementations -Wno-implicit-fallthrough -fstrict-aliasing -Wprotocol -Wdeprecated-declarations -Wno-sign-conversion -Wno-infinite-recursion -Wno-comma -Wno-block-capture-autoreleasing -Wno-strict-prototypes -Wno-semicolon-before-method-body -index-store-path /Users/siam/Library/Developer/Xcode/DerivedData/Lingua_Quest-gvpckrqxtbgyprbgppjfqmimmmfw/Index.noindex/DataStore @/Users/siam/Library/Developer/Xcode/DerivedData/Lingua_Quest-gvpckrqxtbgyprbgppjfqmimmmfw/Build/Intermediates.noindex/AppAuth.build/Debug-iphonesimulator/AppAuthCore.build/Objects-normal/arm64/e6072d4f65d7061329687fe24e3d63a7-common-args.resp -include /Users/siam/Library/Developer/Xcode/DerivedData/Lingua_Quest-gvpckrqxtbgyprbgppjfqmimmmfw/Build/Intermediates.noindex/AppAuth.build/Debug-iphonesimulator/AppAuthCore.build/DerivedSources/resource_bundle_accessor.h -MMD -MT dependencies -MF /Users/siam/Library/Developer/Xcode/DerivedData/Lingua_Quest-gvpckrqxtbgyprbgppjfqmimmmfw/Build/Intermediates.noindex/AppAuth.build/Debug-iphonesimulator/AppAuthCore.build/Objects-normal/arm64/OIDGrantTypes.d --serialize-diagnostics /Users/siam/Library/Developer/Xcode/DerivedData/Lingua_Quest-gvpckrqxtbgyprbgppjfqmimmmfw/Build/Intermediates.noindex/AppAuth.build/Debug-iphonesimulator/AppAuthCore.build/Objects-normal/arm64/OIDGrantTypes.dia -c /Users/siam/Library/Developer/Xcode/DerivedData/Lingua_Quest-gvpckrqxtbgyprbgppjfqmimmmfw/SourcePackages/checkouts/AppAuth-iOS/Sources/AppAuthCore/OIDGrantTypes.m -o /Users/siam/Library/Developer/Xcode/DerivedData/Lingua_Quest-gvpckrqxtbgyprbgppjfqmimmmfw/Build/Intermediates.noindex/AppAuth.build/Debug-iphonesimulator/AppAuthCore.build/Objects-normal/arm64/OIDGrantTypes.o -index-unit-output-path /AppAuth.build/Debug-iphonesimulator/AppAuthCore.build/Objects-normal/arm64/OIDGrantTypes.o

ScanDependencies /Users/siam/Library/Developer/Xcode/DerivedData/Lingua_Quest-gvpckrqxtbgyprbgppjfqmimmmfw/Build/Intermediates.noindex/AppAuth.build/Debug-iphonesimulator/AppAuthCore.build/Objects-normal/arm64/OIDErrorUtilities.o /Users/siam/Library/Developer/Xcode/DerivedData/Lingua_Quest-gvpckrqxtbgyprbgppjfqmimmmfw/SourcePackages/checkouts/AppAuth-iOS/Sources/AppAuthCore/OIDErrorUtilities.m normal arm64 objective-c com.apple.compilers.llvm.clang.1_0.compiler (in target 'AppAuthCore' from project 'AppAuth')
    cd /Users/siam/Desktop/Lingua\ Quest/Lingua\ Quest.xcodeproj
    
    Using response file: /Users/siam/Library/Developer/Xcode/DerivedData/Lingua_Quest-gvpckrqxtbgyprbgppjfqmimmmfw/Build/Intermediates.noindex/AppAuth.build/Debug-iphonesimulator/AppAuthCore.build/Objects-normal/arm64/e6072d4f65d7061329687fe24e3d63a7-common-args.resp
    
    builtin-ScanDependencies -o /Users/siam/Library/Developer/Xcode/DerivedData/Lingua_Quest-gvpckrqxtbgyprbgppjfqmimmmfw/Build/Intermediates.noindex/AppAuth.build/Debug-iphonesimulator/AppAuthCore.build/Objects-normal/arm64/OIDErrorUtilities.o.scan -- /Applications/Xcode.app/Contents/Developer/Toolchains/XcodeDefault.xctoolchain/usr/bin/clang -x objective-c -ivfsstatcache /Users/siam/Library/Developer/Xcode/DerivedData/SDKStatCaches.noindex/iphonesimulator26.0-23A339-26257891a6c027eb51374368541b8346.sdkstatcache -fmessage-length\=0 -fdiagnostics-show-note-include-stack -fmacro-backtrace-limit\=0 -fno-color-diagnostics -fmodules-prune-interval\=86400 -fmodules-prune-after\=345600 -fbuild-session-file\=/Users/siam/Library/Developer/Xcode/DerivedData/ModuleCache.noindex/Session.modulevalidation -fmodules-validate-once-per-build-session -Wnon-modular-include-in-framework-module -Werror\=non-modular-include-in-framework-module -Wno-trigraphs -Wno-missing-field-initializers -Wno-missing-prototypes -Wno-return-type -Wno-implicit-atomic-properties -Wno-objc-interface-ivars -Wno-arc-repeated-use-of-weak -Wno-missing-braces -Wparentheses -Wswitch -Wno-unused-function -Wno-unused-label -Wno-unused-parameter -Wno-unused-variable -Wunused-value -Wno-empty-body -Wno-uninitialized -Wno-unknown-pragmas -w -Wno-shadow -Wno-four-char-constants -Wno-conversion -Wno-constant-conversion -Wno-int-conversion -Wno-bool-conversion -Wno-enum-conversion -Wno-float-conversion -Wno-non-literal-null-conversion -Wno-objc-literal-conversion -Wshorten-64-to-32 -Wpointer-sign -Wno-newline-eof -Wno-selector -Wno-strict-selector-match -Wno-undeclared-selector -Wno-deprecated-implementations -Wno-implicit-fallthrough -fstrict-aliasing -Wprotocol -Wdeprecated-declarations -Wno-sign-conversion -Wno-infinite-recursion -Wno-comma -Wno-block-capture-autoreleasing -Wno-strict-prototypes -Wno-semicolon-before-method-body -index-store-path /Users/siam/Library/Developer/Xcode/DerivedData/Lingua_Quest-gvpckrqxtbgyprbgppjfqmimmmfw/Index.noindex/DataStore @/Users/siam/Library/Developer/Xcode/DerivedData/Lingua_Quest-gvpckrqxtbgyprbgppjfqmimmmfw/Build/Intermediates.noindex/AppAuth.build/Debug-iphonesimulator/AppAuthCore.build/Objects-normal/arm64/e6072d4f65d7061329687fe24e3d63a7-common-args.resp -include /Users/siam/Library/Developer/Xcode/DerivedData/Lingua_Quest-gvpckrqxtbgyprbgppjfqmimmmfw/Build/Intermediates.noindex/AppAuth.build/Debug-iphonesimulator/AppAuthCore.build/DerivedSources/resource_bundle_accessor.h -MMD -MT dependencies -MF /Users/siam/Library/Developer/Xcode/DerivedData/Lingua_Quest-gvpckrqxtbgyprbgppjfqmimmmfw/Build/Intermediates.noindex/AppAuth.build/Debug-iphonesimulator/AppAuthCore.build/Objects-normal/arm64/OIDErrorUtilities.d --serialize-diagnostics /Users/siam/Library/Developer/Xcode/DerivedData/Lingua_Quest-gvpckrqxtbgyprbgppjfqmimmmfw/Build/Intermediates.noindex/AppAuth.build/Debug-iphonesimulator/AppAuthCore.build/Objects-normal/arm64/OIDErrorUtilities.dia -c /Users/siam/Library/Developer/Xcode/DerivedData/Lingua_Quest-gvpckrqxtbgyprbgppjfqmimmmfw/SourcePackages/checkouts/AppAuth-iOS/Sources/AppAuthCore/OIDErrorUtilities.m -o /Users/siam/Library/Developer/Xcode/DerivedData/Lingua_Quest-gvpckrqxtbgyprbgppjfqmimmmfw/Build/Intermediates.noindex/AppAuth.build/Debug-iphonesimulator/AppAuthCore.build/Objects-normal/arm64/OIDErrorUtilities.o -index-unit-output-path /AppAuth.build/Debug-iphonesimulator/AppAuthCore.build/Objects-normal/arm64/OIDErrorUtilities.o

CompileC /Users/siam/Library/Developer/Xcode/DerivedData/Lingua_Quest-gvpckrqxtbgyprbgppjfqmimmmfw/Build/Intermediates.noindex/AppAuth.build/Debug-iphonesimulator/AppAuthCore.build/Objects-normal/arm64/OIDFieldMapping.o /Users/siam/Library/Developer/Xcode/DerivedData/Lingua_Quest-gvpckrqxtbgyprbgppjfqmimmmfw/SourcePackages/checkouts/AppAuth-iOS/Sources/AppAuthCore/OIDFieldMapping.m normal arm64 objective-c com.apple.compilers.llvm.clang.1_0.compiler (in target 'AppAuthCore' from project 'AppAuth')
    cd /Users/siam/Desktop/Lingua\ Quest/Lingua\ Quest.xcodeproj
    
    Using response file: /Users/siam/Library/Developer/Xcode/DerivedData/Lingua_Quest-gvpckrqxtbgyprbgppjfqmimmmfw/Build/Intermediates.noindex/AppAuth.build/Debug-iphonesimulator/AppAuthCore.build/Objects-normal/arm64/e6072d4f65d7061329687fe24e3d63a7-common-args.resp
    
    /Applications/Xcode.app/Contents/Developer/Toolchains/XcodeDefault.xctoolchain/usr/bin/clang -x objective-c -ivfsstatcache /Users/siam/Library/Developer/Xcode/DerivedData/SDKStatCaches.noindex/iphonesimulator26.0-23A339-26257891a6c027eb51374368541b8346.sdkstatcache -fmessage-length\=0 -fdiagnostics-show-note-include-stack -fmacro-backtrace-limit\=0 -fno-color-diagnostics -fmodules-prune-interval\=86400 -fmodules-prune-after\=345600 -fbuild-session-file\=/Users/siam/Library/Developer/Xcode/DerivedData/ModuleCache.noindex/Session.modulevalidation -fmodules-validate-once-per-build-session -Wnon-modular-include-in-framework-module -Werror\=non-modular-include-in-framework-module -Wno-trigraphs -Wno-missing-field-initializers -Wno-missing-prototypes -Wno-return-type -Wno-implicit-atomic-properties -Wno-objc-interface-ivars -Wno-arc-repeated-use-of-weak -Wno-missing-braces -Wparentheses -Wswitch -Wno-unused-function -Wno-unused-label -Wno-unused-parameter -Wno-unused-variable -Wunused-value -Wno-empty-body -Wno-uninitialized -Wno-unknown-pragmas -w -Wno-shadow -Wno-four-char-constants -Wno-conversion -Wno-constant-conversion -Wno-int-conversion -Wno-bool-conversion -Wno-enum-conversion -Wno-float-conversion -Wno-non-literal-null-conversion -Wno-objc-literal-conversion -Wshorten-64-to-32 -Wpointer-sign -Wno-newline-eof -Wno-selector -Wno-strict-selector-match -Wno-undeclared-selector -Wno-deprecated-implementations -Wno-implicit-fallthrough -fstrict-aliasing -Wprotocol -Wdeprecated-declarations -Wno-sign-conversion -Wno-infinite-recursion -Wno-comma -Wno-block-capture-autoreleasing -Wno-strict-prototypes -Wno-semicolon-before-method-body -index-store-path /Users/siam/Library/Developer/Xcode/DerivedData/Lingua_Quest-gvpckrqxtbgyprbgppjfqmimmmfw/Index.noindex/DataStore @/Users/siam/Library/Developer/Xcode/DerivedData/Lingua_Quest-gvpckrqxtbgyprbgppjfqmimmmfw/Build/Intermediates.noindex/AppAuth.build/Debug-iphonesimulator/AppAuthCore.build/Objects-normal/arm64/e6072d4f65d7061329687fe24e3d63a7-common-args.resp -include /Users/siam/Library/Developer/Xcode/DerivedData/Lingua_Quest-gvpckrqxtbgyprbgppjfqmimmmfw/Build/Intermediates.noindex/AppAuth.build/Debug-iphonesimulator/AppAuthCore.build/DerivedSources/resource_bundle_accessor.h -MMD -MT dependencies -MF /Users/siam/Library/Developer/Xcode/DerivedData/Lingua_Quest-gvpckrqxtbgyprbgppjfqmimmmfw/Build/Intermediates.noindex/AppAuth.build/Debug-iphonesimulator/AppAuthCore.build/Objects-normal/arm64/OIDFieldMapping.d --serialize-diagnostics /Users/siam/Library/Developer/Xcode/DerivedData/Lingua_Quest-gvpckrqxtbgyprbgppjfqmimmmfw/Build/Intermediates.noindex/AppAuth.build/Debug-iphonesimulator/AppAuthCore.build/Objects-normal/arm64/OIDFieldMapping.dia -c /Users/siam/Library/Developer/Xcode/DerivedData/Lingua_Quest-gvpckrqxtbgyprbgppjfqmimmmfw/SourcePackages/checkouts/AppAuth-iOS/Sources/AppAuthCore/OIDFieldMapping.m -o /Users/siam/Library/Developer/Xcode/DerivedData/Lingua_Quest-gvpckrqxtbgyprbgppjfqmimmmfw/Build/Intermediates.noindex/AppAuth.build/Debug-iphonesimulator/AppAuthCore.build/Objects-normal/arm64/OIDFieldMapping.o -index-unit-output-path /AppAuth.build/Debug-iphonesimulator/AppAuthCore.build/Objects-normal/arm64/OIDFieldMapping.o

ScanDependencies /Users/siam/Library/Developer/Xcode/DerivedData/Lingua_Quest-gvpckrqxtbgyprbgppjfqmimmmfw/Build/Intermediates.noindex/AppAuth.build/Debug-iphonesimulator/AppAuthCore.build/Objects-normal/arm64/OIDError.o /Users/siam/Library/Developer/Xcode/DerivedData/Lingua_Quest-gvpckrqxtbgyprbgppjfqmimmmfw/SourcePackages/checkouts/AppAuth-iOS/Sources/AppAuthCore/OIDError.m normal arm64 objective-c com.apple.compilers.llvm.clang.1_0.compiler (in target 'AppAuthCore' from project 'AppAuth')
    cd /Users/siam/Desktop/Lingua\ Quest/Lingua\ Quest.xcodeproj
    
    Using response file: /Users/siam/Library/Developer/Xcode/DerivedData/Lingua_Quest-gvpckrqxtbgyprbgppjfqmimmmfw/Build/Intermediates.noindex/AppAuth.build/Debug-iphonesimulator/AppAuthCore.build/Objects-normal/arm64/e6072d4f65d7061329687fe24e3d63a7-common-args.resp
    
    builtin-ScanDependencies -o /Users/siam/Library/Developer/Xcode/DerivedData/Lingua_Quest-gvpckrqxtbgyprbgppjfqmimmmfw/Build/Intermediates.noindex/AppAuth.build/Debug-iphonesimulator/AppAuthCore.build/Objects-normal/arm64/OIDError.o.scan -- /Applications/Xcode.app/Contents/Developer/Toolchains/XcodeDefault.xctoolchain/usr/bin/clang -x objective-c -ivfsstatcache /Users/siam/Library/Developer/Xcode/DerivedData/SDKStatCaches.noindex/iphonesimulator26.0-23A339-26257891a6c027eb51374368541b8346.sdkstatcache -fmessage-length\=0 -fdiagnostics-show-note-include-stack -fmacro-backtrace-limit\=0 -fno-color-diagnostics -fmodules-prune-interval\=86400 -fmodules-prune-after\=345600 -fbuild-session-file\=/Users/siam/Library/Developer/Xcode/DerivedData/ModuleCache.noindex/Session.modulevalidation -fmodules-validate-once-per-build-session -Wnon-modular-include-in-framework-module -Werror\=non-modular-include-in-framework-module -Wno-trigraphs -Wno-missing-field-initializers -Wno-missing-prototypes -Wno-return-type -Wno-implicit-atomic-properties -Wno-objc-interface-ivars -Wno-arc-repeated-use-of-weak -Wno-missing-braces -Wparentheses -Wswitch -Wno-unused-function -Wno-unused-label -Wno-unused-parameter -Wno-unused-variable -Wunused-value -Wno-empty-body -Wno-uninitialized -Wno-unknown-pragmas -w -Wno-shadow -Wno-four-char-constants -Wno-conversion -Wno-constant-conversion -Wno-int-conversion -Wno-bool-conversion -Wno-enum-conversion -Wno-float-conversion -Wno-non-literal-null-conversion -Wno-objc-literal-conversion -Wshorten-64-to-32 -Wpointer-sign -Wno-newline-eof -Wno-selector -Wno-strict-selector-match -Wno-undeclared-selector -Wno-deprecated-implementations -Wno-implicit-fallthrough -fstrict-aliasing -Wprotocol -Wdeprecated-declarations -Wno-sign-conversion -Wno-infinite-recursion -Wno-comma -Wno-block-capture-autoreleasing -Wno-strict-prototypes -Wno-semicolon-before-method-body -index-store-path /Users/siam/Library/Developer/Xcode/DerivedData/Lingua_Quest-gvpckrqxtbgyprbgppjfqmimmmfw/Index.noindex/DataStore @/Users/siam/Library/Developer/Xcode/DerivedData/Lingua_Quest-gvpckrqxtbgyprbgppjfqmimmmfw/Build/Intermediates.noindex/AppAuth.build/Debug-iphonesimulator/AppAuthCore.build/Objects-normal/arm64/e6072d4f65d7061329687fe24e3d63a7-common-args.resp -include /Users/siam/Library/Developer/Xcode/DerivedData/Lingua_Quest-gvpckrqxtbgyprbgppjfqmimmmfw/Build/Intermediates.noindex/AppAuth.build/Debug-iphonesimulator/AppAuthCore.build/DerivedSources/resource_bundle_accessor.h -MMD -MT dependencies -MF /Users/siam/Library/Developer/Xcode/DerivedData/Lingua_Quest-gvpckrqxtbgyprbgppjfqmimmmfw/Build/Intermediates.noindex/AppAuth.build/Debug-iphonesimulator/AppAuthCore.build/Objects-normal/arm64/OIDError.d --serialize-diagnostics /Users/siam/Library/Developer/Xcode/DerivedData/Lingua_Quest-gvpckrqxtbgyprbgppjfqmimmmfw/Build/Intermediates.noindex/AppAuth.build/Debug-iphonesimulator/AppAuthCore.build/Objects-normal/arm64/OIDError.dia -c /Users/siam/Library/Developer/Xcode/DerivedData/Lingua_Quest-gvpckrqxtbgyprbgppjfqmimmmfw/SourcePackages/checkouts/AppAuth-iOS/Sources/AppAuthCore/OIDError.m -o /Users/siam/Library/Developer/Xcode/DerivedData/Lingua_Quest-gvpckrqxtbgyprbgppjfqmimmmfw/Build/Intermediates.noindex/AppAuth.build/Debug-iphonesimulator/AppAuthCore.build/Objects-normal/arm64/OIDError.o -index-unit-output-path /AppAuth.build/Debug-iphonesimulator/AppAuthCore.build/Objects-normal/arm64/OIDError.o

ScanDependencies /Users/siam/Library/Developer/Xcode/DerivedData/Lingua_Quest-gvpckrqxtbgyprbgppjfqmimmmfw/Build/Intermediates.noindex/AppAuth.build/Debug-iphonesimulator/AppAuthCore.build/Objects-normal/arm64/OIDEndSessionResponse.o /Users/siam/Library/Developer/Xcode/DerivedData/Lingua_Quest-gvpckrqxtbgyprbgppjfqmimmmfw/SourcePackages/checkouts/AppAuth-iOS/Sources/AppAuthCore/OIDEndSessionResponse.m normal arm64 objective-c com.apple.compilers.llvm.clang.1_0.compiler (in target 'AppAuthCore' from project 'AppAuth')
    cd /Users/siam/Desktop/Lingua\ Quest/Lingua\ Quest.xcodeproj
    
    Using response file: /Users/siam/Library/Developer/Xcode/DerivedData/Lingua_Quest-gvpckrqxtbgyprbgppjfqmimmmfw/Build/Intermediates.noindex/AppAuth.build/Debug-iphonesimulator/AppAuthCore.build/Objects-normal/arm64/e6072d4f65d7061329687fe24e3d63a7-common-args.resp
    
    builtin-ScanDependencies -o /Users/siam/Library/Developer/Xcode/DerivedData/Lingua_Quest-gvpckrqxtbgyprbgppjfqmimmmfw/Build/Intermediates.noindex/AppAuth.build/Debug-iphonesimulator/AppAuthCore.build/Objects-normal/arm64/OIDEndSessionResponse.o.scan -- /Applications/Xcode.app/Contents/Developer/Toolchains/XcodeDefault.xctoolchain/usr/bin/clang -x objective-c -ivfsstatcache /Users/siam/Library/Developer/Xcode/DerivedData/SDKStatCaches.noindex/iphonesimulator26.0-23A339-26257891a6c027eb51374368541b8346.sdkstatcache -fmessage-length\=0 -fdiagnostics-show-note-include-stack -fmacro-backtrace-limit\=0 -fno-color-diagnostics -fmodules-prune-interval\=86400 -fmodules-prune-after\=345600 -fbuild-session-file\=/Users/siam/Library/Developer/Xcode/DerivedData/ModuleCache.noindex/Session.modulevalidation -fmodules-validate-once-per-build-session -Wnon-modular-include-in-framework-module -Werror\=non-modular-include-in-framework-module -Wno-trigraphs -Wno-missing-field-initializers -Wno-missing-prototypes -Wno-return-type -Wno-implicit-atomic-properties -Wno-objc-interface-ivars -Wno-arc-repeated-use-of-weak -Wno-missing-braces -Wparentheses -Wswitch -Wno-unused-function -Wno-unused-label -Wno-unused-parameter -Wno-unused-variable -Wunused-value -Wno-empty-body -Wno-uninitialized -Wno-unknown-pragmas -w -Wno-shadow -Wno-four-char-constants -Wno-conversion -Wno-constant-conversion -Wno-int-conversion -Wno-bool-conversion -Wno-enum-conversion -Wno-float-conversion -Wno-non-literal-null-conversion -Wno-objc-literal-conversion -Wshorten-64-to-32 -Wpointer-sign -Wno-newline-eof -Wno-selector -Wno-strict-selector-match -Wno-undeclared-selector -Wno-deprecated-implementations -Wno-implicit-fallthrough -fstrict-aliasing -Wprotocol -Wdeprecated-declarations -Wno-sign-conversion -Wno-infinite-recursion -Wno-comma -Wno-block-capture-autoreleasing -Wno-strict-prototypes -Wno-semicolon-before-method-body -index-store-path /Users/siam/Library/Developer/Xcode/DerivedData/Lingua_Quest-gvpckrqxtbgyprbgppjfqmimmmfw/Index.noindex/DataStore @/Users/siam/Library/Developer/Xcode/DerivedData/Lingua_Quest-gvpckrqxtbgyprbgppjfqmimmmfw/Build/Intermediates.noindex/AppAuth.build/Debug-iphonesimulator/AppAuthCore.build/Objects-normal/arm64/e6072d4f65d7061329687fe24e3d63a7-common-args.resp -include /Users/siam/Library/Developer/Xcode/DerivedData/Lingua_Quest-gvpckrqxtbgyprbgppjfqmimmmfw/Build/Intermediates.noindex/AppAuth.build/Debug-iphonesimulator/AppAuthCore.build/DerivedSources/resource_bundle_accessor.h -MMD -MT dependencies -MF /Users/siam/Library/Developer/Xcode/DerivedData/Lingua_Quest-gvpckrqxtbgyprbgppjfqmimmmfw/Build/Intermediates.noindex/AppAuth.build/Debug-iphonesimulator/AppAuthCore.build/Objects-normal/arm64/OIDEndSessionResponse.d --serialize-diagnostics /Users/siam/Library/Developer/Xcode/DerivedData/Lingua_Quest-gvpckrqxtbgyprbgppjfqmimmmfw/Build/Intermediates.noindex/AppAuth.build/Debug-iphonesimulator/AppAuthCore.build/Objects-normal/arm64/OIDEndSessionResponse.dia -c /Users/siam/Library/Developer/Xcode/DerivedData/Lingua_Quest-gvpckrqxtbgyprbgppjfqmimmmfw/SourcePackages/checkouts/AppAuth-iOS/Sources/AppAuthCore/OIDEndSessionResponse.m -o /Users/siam/Library/Developer/Xcode/DerivedData/Lingua_Quest-gvpckrqxtbgyprbgppjfqmimmmfw/Build/Intermediates.noindex/AppAuth.build/Debug-iphonesimulator/AppAuthCore.build/Objects-normal/arm64/OIDEndSessionResponse.o -index-unit-output-path /AppAuth.build/Debug-iphonesimulator/AppAuthCore.build/Objects-normal/arm64/OIDEndSessionResponse.o

ScanDependencies /Users/siam/Library/Developer/Xcode/DerivedData/Lingua_Quest-gvpckrqxtbgyprbgppjfqmimmmfw/Build/Intermediates.noindex/AppAuth.build/Debug-iphonesimulator/AppAuthCore.build/Objects-normal/arm64/OIDEndSessionRequest.o /Users/siam/Library/Developer/Xcode/DerivedData/Lingua_Quest-gvpckrqxtbgyprbgppjfqmimmmfw/SourcePackages/checkouts/AppAuth-iOS/Sources/AppAuthCore/OIDEndSessionRequest.m normal arm64 objective-c com.apple.compilers.llvm.clang.1_0.compiler (in target 'AppAuthCore' from project 'AppAuth')
    cd /Users/siam/Desktop/Lingua\ Quest/Lingua\ Quest.xcodeproj
    
    Using response file: /Users/siam/Library/Developer/Xcode/DerivedData/Lingua_Quest-gvpckrqxtbgyprbgppjfqmimmmfw/Build/Intermediates.noindex/AppAuth.build/Debug-iphonesimulator/AppAuthCore.build/Objects-normal/arm64/e6072d4f65d7061329687fe24e3d63a7-common-args.resp
    
    builtin-ScanDependencies -o /Users/siam/Library/Developer/Xcode/DerivedData/Lingua_Quest-gvpckrqxtbgyprbgppjfqmimmmfw/Build/Intermediates.noindex/AppAuth.build/Debug-iphonesimulator/AppAuthCore.build/Objects-normal/arm64/OIDEndSessionRequest.o.scan -- /Applications/Xcode.app/Contents/Developer/Toolchains/XcodeDefault.xctoolchain/usr/bin/clang -x objective-c -ivfsstatcache /Users/siam/Library/Developer/Xcode/DerivedData/SDKStatCaches.noindex/iphonesimulator26.0-23A339-26257891a6c027eb51374368541b8346.sdkstatcache -fmessage-length\=0 -fdiagnostics-show-note-include-stack -fmacro-backtrace-limit\=0 -fno-color-diagnostics -fmodules-prune-interval\=86400 -fmodules-prune-after\=345600 -fbuild-session-file\=/Users/siam/Library/Developer/Xcode/DerivedData/ModuleCache.noindex/Session.modulevalidation -fmodules-validate-once-per-build-session -Wnon-modular-include-in-framework-module -Werror\=non-modular-include-in-framework-module -Wno-trigraphs -Wno-missing-field-initializers -Wno-missing-prototypes -Wno-return-type -Wno-implicit-atomic-properties -Wno-objc-interface-ivars -Wno-arc-repeated-use-of-weak -Wno-missing-braces -Wparentheses -Wswitch -Wno-unused-function -Wno-unused-label -Wno-unused-parameter -Wno-unused-variable -Wunused-value -Wno-empty-body -Wno-uninitialized -Wno-unknown-pragmas -w -Wno-shadow -Wno-four-char-constants -Wno-conversion -Wno-constant-conversion -Wno-int-conversion -Wno-bool-conversion -Wno-enum-conversion -Wno-float-conversion -Wno-non-literal-null-conversion -Wno-objc-literal-conversion -Wshorten-64-to-32 -Wpointer-sign -Wno-newline-eof -Wno-selector -Wno-strict-selector-match -Wno-undeclared-selector -Wno-deprecated-implementations -Wno-implicit-fallthrough -fstrict-aliasing -Wprotocol -Wdeprecated-declarations -Wno-sign-conversion -Wno-infinite-recursion -Wno-comma -Wno-block-capture-autoreleasing -Wno-strict-prototypes -Wno-semicolon-before-method-body -index-store-path /Users/siam/Library/Developer/Xcode/DerivedData/Lingua_Quest-gvpckrqxtbgyprbgppjfqmimmmfw/Index.noindex/DataStore @/Users/siam/Library/Developer/Xcode/DerivedData/Lingua_Quest-gvpckrqxtbgyprbgppjfqmimmmfw/Build/Intermediates.noindex/AppAuth.build/Debug-iphonesimulator/AppAuthCore.build/Objects-normal/arm64/e6072d4f65d7061329687fe24e3d63a7-common-args.resp -include /Users/siam/Library/Developer/Xcode/DerivedData/Lingua_Quest-gvpckrqxtbgyprbgppjfqmimmmfw/Build/Intermediates.noindex/AppAuth.build/Debug-iphonesimulator/AppAuthCore.build/DerivedSources/resource_bundle_accessor.h -MMD -MT dependencies -MF /Users/siam/Library/Developer/Xcode/DerivedData/Lingua_Quest-gvpckrqxtbgyprbgppjfqmimmmfw/Build/Intermediates.noindex/AppAuth.build/Debug-iphonesimulator/AppAuthCore.build/Objects-normal/arm64/OIDEndSessionRequest.d --serialize-diagnostics /Users/siam/Library/Developer/Xcode/DerivedData/Lingua_Quest-gvpckrqxtbgyprbgppjfqmimmmfw/Build/Intermediates.noindex/AppAuth.build/Debug-iphonesimulator/AppAuthCore.build/Objects-normal/arm64/OIDEndSessionRequest.dia -c /Users/siam/Library/Developer/Xcode/DerivedData/Lingua_Quest-gvpckrqxtbgyprbgppjfqmimmmfw/SourcePackages/checkouts/AppAuth-iOS/Sources/AppAuthCore/OIDEndSessionRequest.m -o /Users/siam/Library/Developer/Xcode/DerivedData/Lingua_Quest-gvpckrqxtbgyprbgppjfqmimmmfw/Build/Intermediates.noindex/AppAuth.build/Debug-iphonesimulator/AppAuthCore.build/Objects-normal/arm64/OIDEndSessionRequest.o -index-unit-output-path /AppAuth.build/Debug-iphonesimulator/AppAuthCore.build/Objects-normal/arm64/OIDEndSessionRequest.o

ScanDependencies /Users/siam/Library/Developer/Xcode/DerivedData/Lingua_Quest-gvpckrqxtbgyprbgppjfqmimmmfw/Build/Intermediates.noindex/AppAuth.build/Debug-iphonesimulator/AppAuthCore.build/Objects-normal/arm64/OIDClientMetadataParameters.o /Users/siam/Library/Developer/Xcode/DerivedData/Lingua_Quest-gvpckrqxtbgyprbgppjfqmimmmfw/SourcePackages/checkouts/AppAuth-iOS/Sources/AppAuthCore/OIDClientMetadataParameters.m normal arm64 objective-c com.apple.compilers.llvm.clang.1_0.compiler (in target 'AppAuthCore' from project 'AppAuth')
    cd /Users/siam/Desktop/Lingua\ Quest/Lingua\ Quest.xcodeproj
    
    Using response file: /Users/siam/Library/Developer/Xcode/DerivedData/Lingua_Quest-gvpckrqxtbgyprbgppjfqmimmmfw/Build/Intermediates.noindex/AppAuth.build/Debug-iphonesimulator/AppAuthCore.build/Objects-normal/arm64/e6072d4f65d7061329687fe24e3d63a7-common-args.resp
    
    builtin-ScanDependencies -o /Users/siam/Library/Developer/Xcode/DerivedData/Lingua_Quest-gvpckrqxtbgyprbgppjfqmimmmfw/Build/Intermediates.noindex/AppAuth.build/Debug-iphonesimulator/AppAuthCore.build/Objects-normal/arm64/OIDClientMetadataParameters.o.scan -- /Applications/Xcode.app/Contents/Developer/Toolchains/XcodeDefault.xctoolchain/usr/bin/clang -x objective-c -ivfsstatcache /Users/siam/Library/Developer/Xcode/DerivedData/SDKStatCaches.noindex/iphonesimulator26.0-23A339-26257891a6c027eb51374368541b8346.sdkstatcache -fmessage-length\=0 -fdiagnostics-show-note-include-stack -fmacro-backtrace-limit\=0 -fno-color-diagnostics -fmodules-prune-interval\=86400 -fmodules-prune-after\=345600 -fbuild-session-file\=/Users/siam/Library/Developer/Xcode/DerivedData/ModuleCache.noindex/Session.modulevalidation -fmodules-validate-once-per-build-session -Wnon-modular-include-in-framework-module -Werror\=non-modular-include-in-framework-module -Wno-trigraphs -Wno-missing-field-initializers -Wno-missing-prototypes -Wno-return-type -Wno-implicit-atomic-properties -Wno-objc-interface-ivars -Wno-arc-repeated-use-of-weak -Wno-missing-braces -Wparentheses -Wswitch -Wno-unused-function -Wno-unused-label -Wno-unused-parameter -Wno-unused-variable -Wunused-value -Wno-empty-body -Wno-uninitialized -Wno-unknown-pragmas -w -Wno-shadow -Wno-four-char-constants -Wno-conversion -Wno-constant-conversion -Wno-int-conversion -Wno-bool-conversion -Wno-enum-conversion -Wno-float-conversion -Wno-non-literal-null-conversion -Wno-objc-literal-conversion -Wshorten-64-to-32 -Wpointer-sign -Wno-newline-eof -Wno-selector -Wno-strict-selector-match -Wno-undeclared-selector -Wno-deprecated-implementations -Wno-implicit-fallthrough -fstrict-aliasing -Wprotocol -Wdeprecated-declarations -Wno-sign-conversion -Wno-infinite-recursion -Wno-comma -Wno-block-capture-autoreleasing -Wno-strict-prototypes -Wno-semicolon-before-method-body -index-store-path /Users/siam/Library/Developer/Xcode/DerivedData/Lingua_Quest-gvpckrqxtbgyprbgppjfqmimmmfw/Index.noindex/DataStore @/Users/siam/Library/Developer/Xcode/DerivedData/Lingua_Quest-gvpckrqxtbgyprbgppjfqmimmmfw/Build/Intermediates.noindex/AppAuth.build/Debug-iphonesimulator/AppAuthCore.build/Objects-normal/arm64/e6072d4f65d7061329687fe24e3d63a7-common-args.resp -include /Users/siam/Library/Developer/Xcode/DerivedData/Lingua_Quest-gvpckrqxtbgyprbgppjfqmimmmfw/Build/Intermediates.noindex/AppAuth.build/Debug-iphonesimulator/AppAuthCore.build/DerivedSources/resource_bundle_accessor.h -MMD -MT dependencies -MF /Users/siam/Library/Developer/Xcode/DerivedData/Lingua_Quest-gvpckrqxtbgyprbgppjfqmimmmfw/Build/Intermediates.noindex/AppAuth.build/Debug-iphonesimulator/AppAuthCore.build/Objects-normal/arm64/OIDClientMetadataParameters.d --serialize-diagnostics /Users/siam/Library/Developer/Xcode/DerivedData/Lingua_Quest-gvpckrqxtbgyprbgppjfqmimmmfw/Build/Intermediates.noindex/AppAuth.build/Debug-iphonesimulator/AppAuthCore.build/Objects-normal/arm64/OIDClientMetadataParameters.dia -c /Users/siam/Library/Developer/Xcode/DerivedData/Lingua_Quest-gvpckrqxtbgyprbgppjfqmimmmfw/SourcePackages/checkouts/AppAuth-iOS/Sources/AppAuthCore/OIDClientMetadataParameters.m -o /Users/siam/Library/Developer/Xcode/DerivedData/Lingua_Quest-gvpckrqxtbgyprbgppjfqmimmmfw/Build/Intermediates.noindex/AppAuth.build/Debug-iphonesimulator/AppAuthCore.build/Objects-normal/arm64/OIDClientMetadataParameters.o -index-unit-output-path /AppAuth.build/Debug-iphonesimulator/AppAuthCore.build/Objects-normal/arm64/OIDClientMetadataParameters.o

ScanDependencies /Users/siam/Library/Developer/Xcode/DerivedData/Lingua_Quest-gvpckrqxtbgyprbgppjfqmimmmfw/Build/Intermediates.noindex/AppAuth.build/Debug-iphonesimulator/AppAuthCore.build/Objects-normal/arm64/OIDAuthorizationService.o /Users/siam/Library/Developer/Xcode/DerivedData/Lingua_Quest-gvpckrqxtbgyprbgppjfqmimmmfw/SourcePackages/checkouts/AppAuth-iOS/Sources/AppAuthCore/OIDAuthorizationService.m normal arm64 objective-c com.apple.compilers.llvm.clang.1_0.compiler (in target 'AppAuthCore' from project 'AppAuth')
    cd /Users/siam/Desktop/Lingua\ Quest/Lingua\ Quest.xcodeproj
    
    Using response file: /Users/siam/Library/Developer/Xcode/DerivedData/Lingua_Quest-gvpckrqxtbgyprbgppjfqmimmmfw/Build/Intermediates.noindex/AppAuth.build/Debug-iphonesimulator/AppAuthCore.build/Objects-normal/arm64/e6072d4f65d7061329687fe24e3d63a7-common-args.resp
    
    builtin-ScanDependencies -o /Users/siam/Library/Developer/Xcode/DerivedData/Lingua_Quest-gvpckrqxtbgyprbgppjfqmimmmfw/Build/Intermediates.noindex/AppAuth.build/Debug-iphonesimulator/AppAuthCore.build/Objects-normal/arm64/OIDAuthorizationService.o.scan -- /Applications/Xcode.app/Contents/Developer/Toolchains/XcodeDefault.xctoolchain/usr/bin/clang -x objective-c -ivfsstatcache /Users/siam/Library/Developer/Xcode/DerivedData/SDKStatCaches.noindex/iphonesimulator26.0-23A339-26257891a6c027eb51374368541b8346.sdkstatcache -fmessage-length\=0 -fdiagnostics-show-note-include-stack -fmacro-backtrace-limit\=0 -fno-color-diagnostics -fmodules-prune-interval\=86400 -fmodules-prune-after\=345600 -fbuild-session-file\=/Users/siam/Library/Developer/Xcode/DerivedData/ModuleCache.noindex/Session.modulevalidation -fmodules-validate-once-per-build-session -Wnon-modular-include-in-framework-module -Werror\=non-modular-include-in-framework-module -Wno-trigraphs -Wno-missing-field-initializers -Wno-missing-prototypes -Wno-return-type -Wno-implicit-atomic-properties -Wno-objc-interface-ivars -Wno-arc-repeated-use-of-weak -Wno-missing-braces -Wparentheses -Wswitch -Wno-unused-function -Wno-unused-label -Wno-unused-parameter -Wno-unused-variable -Wunused-value -Wno-empty-body -Wno-uninitialized -Wno-unknown-pragmas -w -Wno-shadow -Wno-four-char-constants -Wno-conversion -Wno-constant-conversion -Wno-int-conversion -Wno-bool-conversion -Wno-enum-conversion -Wno-float-conversion -Wno-non-literal-null-conversion -Wno-objc-literal-conversion -Wshorten-64-to-32 -Wpointer-sign -Wno-newline-eof -Wno-selector -Wno-strict-selector-match -Wno-undeclared-selector -Wno-deprecated-implementations -Wno-implicit-fallthrough -fstrict-aliasing -Wprotocol -Wdeprecated-declarations -Wno-sign-conversion -Wno-infinite-recursion -Wno-comma -Wno-block-capture-autoreleasing -Wno-strict-prototypes -Wno-semicolon-before-method-body -index-store-path /Users/siam/Library/Developer/Xcode/DerivedData/Lingua_Quest-gvpckrqxtbgyprbgppjfqmimmmfw/Index.noindex/DataStore @/Users/siam/Library/Developer/Xcode/DerivedData/Lingua_Quest-gvpckrqxtbgyprbgppjfqmimmmfw/Build/Intermediates.noindex/AppAuth.build/Debug-iphonesimulator/AppAuthCore.build/Objects-normal/arm64/e6072d4f65d7061329687fe24e3d63a7-common-args.resp -include /Users/siam/Library/Developer/Xcode/DerivedData/Lingua_Quest-gvpckrqxtbgyprbgppjfqmimmmfw/Build/Intermediates.noindex/AppAuth.build/Debug-iphonesimulator/AppAuthCore.build/DerivedSources/resource_bundle_accessor.h -MMD -MT dependencies -MF /Users/siam/Library/Developer/Xcode/DerivedData/Lingua_Quest-gvpckrqxtbgyprbgppjfqmimmmfw/Build/Intermediates.noindex/AppAuth.build/Debug-iphonesimulator/AppAuthCore.build/Objects-normal/arm64/OIDAuthorizationService.d --serialize-diagnostics /Users/siam/Library/Developer/Xcode/DerivedData/Lingua_Quest-gvpckrqxtbgyprbgppjfqmimmmfw/Build/Intermediates.noindex/AppAuth.build/Debug-iphonesimulator/AppAuthCore.build/Objects-normal/arm64/OIDAuthorizationService.dia -c /Users/siam/Library/Developer/Xcode/DerivedData/Lingua_Quest-gvpckrqxtbgyprbgppjfqmimmmfw/SourcePackages/checkouts/AppAuth-iOS/Sources/AppAuthCore/OIDAuthorizationService.m -o /Users/siam/Library/Developer/Xcode/DerivedData/Lingua_Quest-gvpckrqxtbgyprbgppjfqmimmmfw/Build/Intermediates.noindex/AppAuth.build/Debug-iphonesimulator/AppAuthCore.build/Objects-normal/arm64/OIDAuthorizationService.o -index-unit-output-path /AppAuth.build/Debug-iphonesimulator/AppAuthCore.build/Objects-normal/arm64/OIDAuthorizationService.o

ScanDependencies /Users/siam/Library/Developer/Xcode/DerivedData/Lingua_Quest-gvpckrqxtbgyprbgppjfqmimmmfw/Build/Intermediates.noindex/AppAuth.build/Debug-iphonesimulator/AppAuthCore.build/Objects-normal/arm64/OIDAuthorizationResponse.o /Users/siam/Library/Developer/Xcode/DerivedData/Lingua_Quest-gvpckrqxtbgyprbgppjfqmimmmfw/SourcePackages/checkouts/AppAuth-iOS/Sources/AppAuthCore/OIDAuthorizationResponse.m normal arm64 objective-c com.apple.compilers.llvm.clang.1_0.compiler (in target 'AppAuthCore' from project 'AppAuth')
    cd /Users/siam/Desktop/Lingua\ Quest/Lingua\ Quest.xcodeproj
    
    Using response file: /Users/siam/Library/Developer/Xcode/DerivedData/Lingua_Quest-gvpckrqxtbgyprbgppjfqmimmmfw/Build/Intermediates.noindex/AppAuth.build/Debug-iphonesimulator/AppAuthCore.build/Objects-normal/arm64/e6072d4f65d7061329687fe24e3d63a7-common-args.resp
    
    builtin-ScanDependencies -o /Users/siam/Library/Developer/Xcode/DerivedData/Lingua_Quest-gvpckrqxtbgyprbgppjfqmimmmfw/Build/Intermediates.noindex/AppAuth.build/Debug-iphonesimulator/AppAuthCore.build/Objects-normal/arm64/OIDAuthorizationResponse.o.scan -- /Applications/Xcode.app/Contents/Developer/Toolchains/XcodeDefault.xctoolchain/usr/bin/clang -x objective-c -ivfsstatcache /Users/siam/Library/Developer/Xcode/DerivedData/SDKStatCaches.noindex/iphonesimulator26.0-23A339-26257891a6c027eb51374368541b8346.sdkstatcache -fmessage-length\=0 -fdiagnostics-show-note-include-stack -fmacro-backtrace-limit\=0 -fno-color-diagnostics -fmodules-prune-interval\=86400 -fmodules-prune-after\=345600 -fbuild-session-file\=/Users/siam/Library/Developer/Xcode/DerivedData/ModuleCache.noindex/Session.modulevalidation -fmodules-validate-once-per-build-session -Wnon-modular-include-in-framework-module -Werror\=non-modular-include-in-framework-module -Wno-trigraphs -Wno-missing-field-initializers -Wno-missing-prototypes -Wno-return-type -Wno-implicit-atomic-properties -Wno-objc-interface-ivars -Wno-arc-repeated-use-of-weak -Wno-missing-braces -Wparentheses -Wswitch -Wno-unused-function -Wno-unused-label -Wno-unused-parameter -Wno-unused-variable -Wunused-value -Wno-empty-body -Wno-uninitialized -Wno-unknown-pragmas -w -Wno-shadow -Wno-four-char-constants -Wno-conversion -Wno-constant-conversion -Wno-int-conversion -Wno-bool-conversion -Wno-enum-conversion -Wno-float-conversion -Wno-non-literal-null-conversion -Wno-objc-literal-conversion -Wshorten-64-to-32 -Wpointer-sign -Wno-newline-eof -Wno-selector -Wno-strict-selector-match -Wno-undeclared-selector -Wno-deprecated-implementations -Wno-implicit-fallthrough -fstrict-aliasing -Wprotocol -Wdeprecated-declarations -Wno-sign-conversion -Wno-infinite-recursion -Wno-comma -Wno-block-capture-autoreleasing -Wno-strict-prototypes -Wno-semicolon-before-method-body -index-store-path /Users/siam/Library/Developer/Xcode/DerivedData/Lingua_Quest-gvpckrqxtbgyprbgppjfqmimmmfw/Index.noindex/DataStore @/Users/siam/Library/Developer/Xcode/DerivedData/Lingua_Quest-gvpckrqxtbgyprbgppjfqmimmmfw/Build/Intermediates.noindex/AppAuth.build/Debug-iphonesimulator/AppAuthCore.build/Objects-normal/arm64/e6072d4f65d7061329687fe24e3d63a7-common-args.resp -include /Users/siam/Library/Developer/Xcode/DerivedData/Lingua_Quest-gvpckrqxtbgyprbgppjfqmimmmfw/Build/Intermediates.noindex/AppAuth.build/Debug-iphonesimulator/AppAuthCore.build/DerivedSources/resource_bundle_accessor.h -MMD -MT dependencies -MF /Users/siam/Library/Developer/Xcode/DerivedData/Lingua_Quest-gvpckrqxtbgyprbgppjfqmimmmfw/Build/Intermediates.noindex/AppAuth.build/Debug-iphonesimulator/AppAuthCore.build/Objects-normal/arm64/OIDAuthorizationResponse.d --serialize-diagnostics /Users/siam/Library/Developer/Xcode/DerivedData/Lingua_Quest-gvpckrqxtbgyprbgppjfqmimmmfw/Build/Intermediates.noindex/AppAuth.build/Debug-iphonesimulator/AppAuthCore.build/Objects-normal/arm64/OIDAuthorizationResponse.dia -c /Users/siam/Library/Developer/Xcode/DerivedData/Lingua_Quest-gvpckrqxtbgyprbgppjfqmimmmfw/SourcePackages/checkouts/AppAuth-iOS/Sources/AppAuthCore/OIDAuthorizationResponse.m -o /Users/siam/Library/Developer/Xcode/DerivedData/Lingua_Quest-gvpckrqxtbgyprbgppjfqmimmmfw/Build/Intermediates.noindex/AppAuth.build/Debug-iphonesimulator/AppAuthCore.build/Objects-normal/arm64/OIDAuthorizationResponse.o -index-unit-output-path /AppAuth.build/Debug-iphonesimulator/AppAuthCore.build/Objects-normal/arm64/OIDAuthorizationResponse.o

CompileC /Users/siam/Library/Developer/Xcode/DerivedData/Lingua_Quest-gvpckrqxtbgyprbgppjfqmimmmfw/Build/Intermediates.noindex/AppAuth.build/Debug-iphonesimulator/AppAuthCore.build/Objects-normal/arm64/OIDError.o /Users/siam/Library/Developer/Xcode/DerivedData/Lingua_Quest-gvpckrqxtbgyprbgppjfqmimmmfw/SourcePackages/checkouts/AppAuth-iOS/Sources/AppAuthCore/OIDError.m normal arm64 objective-c com.apple.compilers.llvm.clang.1_0.compiler (in target 'AppAuthCore' from project 'AppAuth')
    cd /Users/siam/Desktop/Lingua\ Quest/Lingua\ Quest.xcodeproj
    
    Using response file: /Users/siam/Library/Developer/Xcode/DerivedData/Lingua_Quest-gvpckrqxtbgyprbgppjfqmimmmfw/Build/Intermediates.noindex/AppAuth.build/Debug-iphonesimulator/AppAuthCore.build/Objects-normal/arm64/e6072d4f65d7061329687fe24e3d63a7-common-args.resp
    
    /Applications/Xcode.app/Contents/Developer/Toolchains/XcodeDefault.xctoolchain/usr/bin/clang -x objective-c -ivfsstatcache /Users/siam/Library/Developer/Xcode/DerivedData/SDKStatCaches.noindex/iphonesimulator26.0-23A339-26257891a6c027eb51374368541b8346.sdkstatcache -fmessage-length\=0 -fdiagnostics-show-note-include-stack -fmacro-backtrace-limit\=0 -fno-color-diagnostics -fmodules-prune-interval\=86400 -fmodules-prune-after\=345600 -fbuild-session-file\=/Users/siam/Library/Developer/Xcode/DerivedData/ModuleCache.noindex/Session.modulevalidation -fmodules-validate-once-per-build-session -Wnon-modular-include-in-framework-module -Werror\=non-modular-include-in-framework-module -Wno-trigraphs -Wno-missing-field-initializers -Wno-missing-prototypes -Wno-return-type -Wno-implicit-atomic-properties -Wno-objc-interface-ivars -Wno-arc-repeated-use-of-weak -Wno-missing-braces -Wparentheses -Wswitch -Wno-unused-function -Wno-unused-label -Wno-unused-parameter -Wno-unused-variable -Wunused-value -Wno-empty-body -Wno-uninitialized -Wno-unknown-pragmas -w -Wno-shadow -Wno-four-char-constants -Wno-conversion -Wno-constant-conversion -Wno-int-conversion -Wno-bool-conversion -Wno-enum-conversion -Wno-float-conversion -Wno-non-literal-null-conversion -Wno-objc-literal-conversion -Wshorten-64-to-32 -Wpointer-sign -Wno-newline-eof -Wno-selector -Wno-strict-selector-match -Wno-undeclared-selector -Wno-deprecated-implementations -Wno-implicit-fallthrough -fstrict-aliasing -Wprotocol -Wdeprecated-declarations -Wno-sign-conversion -Wno-infinite-recursion -Wno-comma -Wno-block-capture-autoreleasing -Wno-strict-prototypes -Wno-semicolon-before-method-body -index-store-path /Users/siam/Library/Developer/Xcode/DerivedData/Lingua_Quest-gvpckrqxtbgyprbgppjfqmimmmfw/Index.noindex/DataStore @/Users/siam/Library/Developer/Xcode/DerivedData/Lingua_Quest-gvpckrqxtbgyprbgppjfqmimmmfw/Build/Intermediates.noindex/AppAuth.build/Debug-iphonesimulator/AppAuthCore.build/Objects-normal/arm64/e6072d4f65d7061329687fe24e3d63a7-common-args.resp -include /Users/siam/Library/Developer/Xcode/DerivedData/Lingua_Quest-gvpckrqxtbgyprbgppjfqmimmmfw/Build/Intermediates.noindex/AppAuth.build/Debug-iphonesimulator/AppAuthCore.build/DerivedSources/resource_bundle_accessor.h -MMD -MT dependencies -MF /Users/siam/Library/Developer/Xcode/DerivedData/Lingua_Quest-gvpckrqxtbgyprbgppjfqmimmmfw/Build/Intermediates.noindex/AppAuth.build/Debug-iphonesimulator/AppAuthCore.build/Objects-normal/arm64/OIDError.d --serialize-diagnostics /Users/siam/Library/Developer/Xcode/DerivedData/Lingua_Quest-gvpckrqxtbgyprbgppjfqmimmmfw/Build/Intermediates.noindex/AppAuth.build/Debug-iphonesimulator/AppAuthCore.build/Objects-normal/arm64/OIDError.dia -c /Users/siam/Library/Developer/Xcode/DerivedData/Lingua_Quest-gvpckrqxtbgyprbgppjfqmimmmfw/SourcePackages/checkouts/AppAuth-iOS/Sources/AppAuthCore/OIDError.m -o /Users/siam/Library/Developer/Xcode/DerivedData/Lingua_Quest-gvpckrqxtbgyprbgppjfqmimmmfw/Build/Intermediates.noindex/AppAuth.build/Debug-iphonesimulator/AppAuthCore.build/Objects-normal/arm64/OIDError.o -index-unit-output-path /AppAuth.build/Debug-iphonesimulator/AppAuthCore.build/Objects-normal/arm64/OIDError.o

ScanDependencies /Users/siam/Library/Developer/Xcode/DerivedData/Lingua_Quest-gvpckrqxtbgyprbgppjfqmimmmfw/Build/Intermediates.noindex/AppAuth.build/Debug-iphonesimulator/AppAuthCore.build/Objects-normal/arm64/OIDAuthorizationRequest.o /Users/siam/Library/Developer/Xcode/DerivedData/Lingua_Quest-gvpckrqxtbgyprbgppjfqmimmmfw/SourcePackages/checkouts/AppAuth-iOS/Sources/AppAuthCore/OIDAuthorizationRequest.m normal arm64 objective-c com.apple.compilers.llvm.clang.1_0.compiler (in target 'AppAuthCore' from project 'AppAuth')
    cd /Users/siam/Desktop/Lingua\ Quest/Lingua\ Quest.xcodeproj
    
    Using response file: /Users/siam/Library/Developer/Xcode/DerivedData/Lingua_Quest-gvpckrqxtbgyprbgppjfqmimmmfw/Build/Intermediates.noindex/AppAuth.build/Debug-iphonesimulator/AppAuthCore.build/Objects-normal/arm64/e6072d4f65d7061329687fe24e3d63a7-common-args.resp
    
    builtin-ScanDependencies -o /Users/siam/Library/Developer/Xcode/DerivedData/Lingua_Quest-gvpckrqxtbgyprbgppjfqmimmmfw/Build/Intermediates.noindex/AppAuth.build/Debug-iphonesimulator/AppAuthCore.build/Objects-normal/arm64/OIDAuthorizationRequest.o.scan -- /Applications/Xcode.app/Contents/Developer/Toolchains/XcodeDefault.xctoolchain/usr/bin/clang -x objective-c -ivfsstatcache /Users/siam/Library/Developer/Xcode/DerivedData/SDKStatCaches.noindex/iphonesimulator26.0-23A339-26257891a6c027eb51374368541b8346.sdkstatcache -fmessage-length\=0 -fdiagnostics-show-note-include-stack -fmacro-backtrace-limit\=0 -fno-color-diagnostics -fmodules-prune-interval\=86400 -fmodules-prune-after\=345600 -fbuild-session-file\=/Users/siam/Library/Developer/Xcode/DerivedData/ModuleCache.noindex/Session.modulevalidation -fmodules-validate-once-per-build-session -Wnon-modular-include-in-framework-module -Werror\=non-modular-include-in-framework-module -Wno-trigraphs -Wno-missing-field-initializers -Wno-missing-prototypes -Wno-return-type -Wno-implicit-atomic-properties -Wno-objc-interface-ivars -Wno-arc-repeated-use-of-weak -Wno-missing-braces -Wparentheses -Wswitch -Wno-unused-function -Wno-unused-label -Wno-unused-parameter -Wno-unused-variable -Wunused-value -Wno-empty-body -Wno-uninitialized -Wno-unknown-pragmas -w -Wno-shadow -Wno-four-char-constants -Wno-conversion -Wno-constant-conversion -Wno-int-conversion -Wno-bool-conversion -Wno-enum-conversion -Wno-float-conversion -Wno-non-literal-null-conversion -Wno-objc-literal-conversion -Wshorten-64-to-32 -Wpointer-sign -Wno-newline-eof -Wno-selector -Wno-strict-selector-match -Wno-undeclared-selector -Wno-deprecated-implementations -Wno-implicit-fallthrough -fstrict-aliasing -Wprotocol -Wdeprecated-declarations -Wno-sign-conversion -Wno-infinite-recursion -Wno-comma -Wno-block-capture-autoreleasing -Wno-strict-prototypes -Wno-semicolon-before-method-body -index-store-path /Users/siam/Library/Developer/Xcode/DerivedData/Lingua_Quest-gvpckrqxtbgyprbgppjfqmimmmfw/Index.noindex/DataStore @/Users/siam/Library/Developer/Xcode/DerivedData/Lingua_Quest-gvpckrqxtbgyprbgppjfqmimmmfw/Build/Intermediates.noindex/AppAuth.build/Debug-iphonesimulator/AppAuthCore.build/Objects-normal/arm64/e6072d4f65d7061329687fe24e3d63a7-common-args.resp -include /Users/siam/Library/Developer/Xcode/DerivedData/Lingua_Quest-gvpckrqxtbgyprbgppjfqmimmmfw/Build/Intermediates.noindex/AppAuth.build/Debug-iphonesimulator/AppAuthCore.build/DerivedSources/resource_bundle_accessor.h -MMD -MT dependencies -MF /Users/siam/Library/Developer/Xcode/DerivedData/Lingua_Quest-gvpckrqxtbgyprbgppjfqmimmmfw/Build/Intermediates.noindex/AppAuth.build/Debug-iphonesimulator/AppAuthCore.build/Objects-normal/arm64/OIDAuthorizationRequest.d --serialize-diagnostics /Users/siam/Library/Developer/Xcode/DerivedData/Lingua_Quest-gvpckrqxtbgyprbgppjfqmimmmfw/Build/Intermediates.noindex/AppAuth.build/Debug-iphonesimulator/AppAuthCore.build/Objects-normal/arm64/OIDAuthorizationRequest.dia -c /Users/siam/Library/Developer/Xcode/DerivedData/Lingua_Quest-gvpckrqxtbgyprbgppjfqmimmmfw/SourcePackages/checkouts/AppAuth-iOS/Sources/AppAuthCore/OIDAuthorizationRequest.m -o /Users/siam/Library/Developer/Xcode/DerivedData/Lingua_Quest-gvpckrqxtbgyprbgppjfqmimmmfw/Build/Intermediates.noindex/AppAuth.build/Debug-iphonesimulator/AppAuthCore.build/Objects-normal/arm64/OIDAuthorizationRequest.o -index-unit-output-path /AppAuth.build/Debug-iphonesimulator/AppAuthCore.build/Objects-normal/arm64/OIDAuthorizationRequest.o

CompileC /Users/siam/Library/Developer/Xcode/DerivedData/Lingua_Quest-gvpckrqxtbgyprbgppjfqmimmmfw/Build/Intermediates.noindex/AppAuth.build/Debug-iphonesimulator/AppAuthCore.build/Objects-normal/arm64/OIDEndSessionResponse.o /Users/siam/Library/Developer/Xcode/DerivedData/Lingua_Quest-gvpckrqxtbgyprbgppjfqmimmmfw/SourcePackages/checkouts/AppAuth-iOS/Sources/AppAuthCore/OIDEndSessionResponse.m normal arm64 objective-c com.apple.compilers.llvm.clang.1_0.compiler (in target 'AppAuthCore' from project 'AppAuth')
    cd /Users/siam/Desktop/Lingua\ Quest/Lingua\ Quest.xcodeproj
    
    Using response file: /Users/siam/Library/Developer/Xcode/DerivedData/Lingua_Quest-gvpckrqxtbgyprbgppjfqmimmmfw/Build/Intermediates.noindex/AppAuth.build/Debug-iphonesimulator/AppAuthCore.build/Objects-normal/arm64/e6072d4f65d7061329687fe24e3d63a7-common-args.resp
    
    /Applications/Xcode.app/Contents/Developer/Toolchains/XcodeDefault.xctoolchain/usr/bin/clang -x objective-c -ivfsstatcache /Users/siam/Library/Developer/Xcode/DerivedData/SDKStatCaches.noindex/iphonesimulator26.0-23A339-26257891a6c027eb51374368541b8346.sdkstatcache -fmessage-length\=0 -fdiagnostics-show-note-include-stack -fmacro-backtrace-limit\=0 -fno-color-diagnostics -fmodules-prune-interval\=86400 -fmodules-prune-after\=345600 -fbuild-session-file\=/Users/siam/Library/Developer/Xcode/DerivedData/ModuleCache.noindex/Session.modulevalidation -fmodules-validate-once-per-build-session -Wnon-modular-include-in-framework-module -Werror\=non-modular-include-in-framework-module -Wno-trigraphs -Wno-missing-field-initializers -Wno-missing-prototypes -Wno-return-type -Wno-implicit-atomic-properties -Wno-objc-interface-ivars -Wno-arc-repeated-use-of-weak -Wno-missing-braces -Wparentheses -Wswitch -Wno-unused-function -Wno-unused-label -Wno-unused-parameter -Wno-unused-variable -Wunused-value -Wno-empty-body -Wno-uninitialized -Wno-unknown-pragmas -w -Wno-shadow -Wno-four-char-constants -Wno-conversion -Wno-constant-conversion -Wno-int-conversion -Wno-bool-conversion -Wno-enum-conversion -Wno-float-conversion -Wno-non-literal-null-conversion -Wno-objc-literal-conversion -Wshorten-64-to-32 -Wpointer-sign -Wno-newline-eof -Wno-selector -Wno-strict-selector-match -Wno-undeclared-selector -Wno-deprecated-implementations -Wno-implicit-fallthrough -fstrict-aliasing -Wprotocol -Wdeprecated-declarations -Wno-sign-conversion -Wno-infinite-recursion -Wno-comma -Wno-block-capture-autoreleasing -Wno-strict-prototypes -Wno-semicolon-before-method-body -index-store-path /Users/siam/Library/Developer/Xcode/DerivedData/Lingua_Quest-gvpckrqxtbgyprbgppjfqmimmmfw/Index.noindex/DataStore @/Users/siam/Library/Developer/Xcode/DerivedData/Lingua_Quest-gvpckrqxtbgyprbgppjfqmimmmfw/Build/Intermediates.noindex/AppAuth.build/Debug-iphonesimulator/AppAuthCore.build/Objects-normal/arm64/e6072d4f65d7061329687fe24e3d63a7-common-args.resp -include /Users/siam/Library/Developer/Xcode/DerivedData/Lingua_Quest-gvpckrqxtbgyprbgppjfqmimmmfw/Build/Intermediates.noindex/AppAuth.build/Debug-iphonesimulator/AppAuthCore.build/DerivedSources/resource_bundle_accessor.h -MMD -MT dependencies -MF /Users/siam/Library/Developer/Xcode/DerivedData/Lingua_Quest-gvpckrqxtbgyprbgppjfqmimmmfw/Build/Intermediates.noindex/AppAuth.build/Debug-iphonesimulator/AppAuthCore.build/Objects-normal/arm64/OIDEndSessionResponse.d --serialize-diagnostics /Users/siam/Library/Developer/Xcode/DerivedData/Lingua_Quest-gvpckrqxtbgyprbgppjfqmimmmfw/Build/Intermediates.noindex/AppAuth.build/Debug-iphonesimulator/AppAuthCore.build/Objects-normal/arm64/OIDEndSessionResponse.dia -c /Users/siam/Library/Developer/Xcode/DerivedData/Lingua_Quest-gvpckrqxtbgyprbgppjfqmimmmfw/SourcePackages/checkouts/AppAuth-iOS/Sources/AppAuthCore/OIDEndSessionResponse.m -o /Users/siam/Library/Developer/Xcode/DerivedData/Lingua_Quest-gvpckrqxtbgyprbgppjfqmimmmfw/Build/Intermediates.noindex/AppAuth.build/Debug-iphonesimulator/AppAuthCore.build/Objects-normal/arm64/OIDEndSessionResponse.o -index-unit-output-path /AppAuth.build/Debug-iphonesimulator/AppAuthCore.build/Objects-normal/arm64/OIDEndSessionResponse.o

CompileC /Users/siam/Library/Developer/Xcode/DerivedData/Lingua_Quest-gvpckrqxtbgyprbgppjfqmimmmfw/Build/Intermediates.noindex/AppAuth.build/Debug-iphonesimulator/AppAuthCore.build/Objects-normal/arm64/OIDEndSessionRequest.o /Users/siam/Library/Developer/Xcode/DerivedData/Lingua_Quest-gvpckrqxtbgyprbgppjfqmimmmfw/SourcePackages/checkouts/AppAuth-iOS/Sources/AppAuthCore/OIDEndSessionRequest.m normal arm64 objective-c com.apple.compilers.llvm.clang.1_0.compiler (in target 'AppAuthCore' from project 'AppAuth')
    cd /Users/siam/Desktop/Lingua\ Quest/Lingua\ Quest.xcodeproj
    
    Using response file: /Users/siam/Library/Developer/Xcode/DerivedData/Lingua_Quest-gvpckrqxtbgyprbgppjfqmimmmfw/Build/Intermediates.noindex/AppAuth.build/Debug-iphonesimulator/AppAuthCore.build/Objects-normal/arm64/e6072d4f65d7061329687fe24e3d63a7-common-args.resp
    
    /Applications/Xcode.app/Contents/Developer/Toolchains/XcodeDefault.xctoolchain/usr/bin/clang -x objective-c -ivfsstatcache /Users/siam/Library/Developer/Xcode/DerivedData/SDKStatCaches.noindex/iphonesimulator26.0-23A339-26257891a6c027eb51374368541b8346.sdkstatcache -fmessage-length\=0 -fdiagnostics-show-note-include-stack -fmacro-backtrace-limit\=0 -fno-color-diagnostics -fmodules-prune-interval\=86400 -fmodules-prune-after\=345600 -fbuild-session-file\=/Users/siam/Library/Developer/Xcode/DerivedData/ModuleCache.noindex/Session.modulevalidation -fmodules-validate-once-per-build-session -Wnon-modular-include-in-framework-module -Werror\=non-modular-include-in-framework-module -Wno-trigraphs -Wno-missing-field-initializers -Wno-missing-prototypes -Wno-return-type -Wno-implicit-atomic-properties -Wno-objc-interface-ivars -Wno-arc-repeated-use-of-weak -Wno-missing-braces -Wparentheses -Wswitch -Wno-unused-function -Wno-unused-label -Wno-unused-parameter -Wno-unused-variable -Wunused-value -Wno-empty-body -Wno-uninitialized -Wno-unknown-pragmas -w -Wno-shadow -Wno-four-char-constants -Wno-conversion -Wno-constant-conversion -Wno-int-conversion -Wno-bool-conversion -Wno-enum-conversion -Wno-float-conversion -Wno-non-literal-null-conversion -Wno-objc-literal-conversion -Wshorten-64-to-32 -Wpointer-sign -Wno-newline-eof -Wno-selector -Wno-strict-selector-match -Wno-undeclared-selector -Wno-deprecated-implementations -Wno-implicit-fallthrough -fstrict-aliasing -Wprotocol -Wdeprecated-declarations -Wno-sign-conversion -Wno-infinite-recursion -Wno-comma -Wno-block-capture-autoreleasing -Wno-strict-prototypes -Wno-semicolon-before-method-body -index-store-path /Users/siam/Library/Developer/Xcode/DerivedData/Lingua_Quest-gvpckrqxtbgyprbgppjfqmimmmfw/Index.noindex/DataStore @/Users/siam/Library/Developer/Xcode/DerivedData/Lingua_Quest-gvpckrqxtbgyprbgppjfqmimmmfw/Build/Intermediates.noindex/AppAuth.build/Debug-iphonesimulator/AppAuthCore.build/Objects-normal/arm64/e6072d4f65d7061329687fe24e3d63a7-common-args.resp -include /Users/siam/Library/Developer/Xcode/DerivedData/Lingua_Quest-gvpckrqxtbgyprbgppjfqmimmmfw/Build/Intermediates.noindex/AppAuth.build/Debug-iphonesimulator/AppAuthCore.build/DerivedSources/resource_bundle_accessor.h -MMD -MT dependencies -MF /Users/siam/Library/Developer/Xcode/DerivedData/Lingua_Quest-gvpckrqxtbgyprbgppjfqmimmmfw/Build/Intermediates.noindex/AppAuth.build/Debug-iphonesimulator/AppAuthCore.build/Objects-normal/arm64/OIDEndSessionRequest.d --serialize-diagnostics /Users/siam/Library/Developer/Xcode/DerivedData/Lingua_Quest-gvpckrqxtbgyprbgppjfqmimmmfw/Build/Intermediates.noindex/AppAuth.build/Debug-iphonesimulator/AppAuthCore.build/Objects-normal/arm64/OIDEndSessionRequest.dia -c /Users/siam/Library/Developer/Xcode/DerivedData/Lingua_Quest-gvpckrqxtbgyprbgppjfqmimmmfw/SourcePackages/checkouts/AppAuth-iOS/Sources/AppAuthCore/OIDEndSessionRequest.m -o /Users/siam/Library/Developer/Xcode/DerivedData/Lingua_Quest-gvpckrqxtbgyprbgppjfqmimmmfw/Build/Intermediates.noindex/AppAuth.build/Debug-iphonesimulator/AppAuthCore.build/Objects-normal/arm64/OIDEndSessionRequest.o -index-unit-output-path /AppAuth.build/Debug-iphonesimulator/AppAuthCore.build/Objects-normal/arm64/OIDEndSessionRequest.o

CompileC /Users/siam/Library/Developer/Xcode/DerivedData/Lingua_Quest-gvpckrqxtbgyprbgppjfqmimmmfw/Build/Intermediates.noindex/AppAuth.build/Debug-iphonesimulator/AppAuthCore.build/Objects-normal/arm64/OIDErrorUtilities.o /Users/siam/Library/Developer/Xcode/DerivedData/Lingua_Quest-gvpckrqxtbgyprbgppjfqmimmmfw/SourcePackages/checkouts/AppAuth-iOS/Sources/AppAuthCore/OIDErrorUtilities.m normal arm64 objective-c com.apple.compilers.llvm.clang.1_0.compiler (in target 'AppAuthCore' from project 'AppAuth')
    cd /Users/siam/Desktop/Lingua\ Quest/Lingua\ Quest.xcodeproj
    
    Using response file: /Users/siam/Library/Developer/Xcode/DerivedData/Lingua_Quest-gvpckrqxtbgyprbgppjfqmimmmfw/Build/Intermediates.noindex/AppAuth.build/Debug-iphonesimulator/AppAuthCore.build/Objects-normal/arm64/e6072d4f65d7061329687fe24e3d63a7-common-args.resp
    
    /Applications/Xcode.app/Contents/Developer/Toolchains/XcodeDefault.xctoolchain/usr/bin/clang -x objective-c -ivfsstatcache /Users/siam/Library/Developer/Xcode/DerivedData/SDKStatCaches.noindex/iphonesimulator26.0-23A339-26257891a6c027eb51374368541b8346.sdkstatcache -fmessage-length\=0 -fdiagnostics-show-note-include-stack -fmacro-backtrace-limit\=0 -fno-color-diagnostics -fmodules-prune-interval\=86400 -fmodules-prune-after\=345600 -fbuild-session-file\=/Users/siam/Library/Developer/Xcode/DerivedData/ModuleCache.noindex/Session.modulevalidation -fmodules-validate-once-per-build-session -Wnon-modular-include-in-framework-module -Werror\=non-modular-include-in-framework-module -Wno-trigraphs -Wno-missing-field-initializers -Wno-missing-prototypes -Wno-return-type -Wno-implicit-atomic-properties -Wno-objc-interface-ivars -Wno-arc-repeated-use-of-weak -Wno-missing-braces -Wparentheses -Wswitch -Wno-unused-function -Wno-unused-label -Wno-unused-parameter -Wno-unused-variable -Wunused-value -Wno-empty-body -Wno-uninitialized -Wno-unknown-pragmas -w -Wno-shadow -Wno-four-char-constants -Wno-conversion -Wno-constant-conversion -Wno-int-conversion -Wno-bool-conversion -Wno-enum-conversion -Wno-float-conversion -Wno-non-literal-null-conversion -Wno-objc-literal-conversion -Wshorten-64-to-32 -Wpointer-sign -Wno-newline-eof -Wno-selector -Wno-strict-selector-match -Wno-undeclared-selector -Wno-deprecated-implementations -Wno-implicit-fallthrough -fstrict-aliasing -Wprotocol -Wdeprecated-declarations -Wno-sign-conversion -Wno-infinite-recursion -Wno-comma -Wno-block-capture-autoreleasing -Wno-strict-prototypes -Wno-semicolon-before-method-body -index-store-path /Users/siam/Library/Developer/Xcode/DerivedData/Lingua_Quest-gvpckrqxtbgyprbgppjfqmimmmfw/Index.noindex/DataStore @/Users/siam/Library/Developer/Xcode/DerivedData/Lingua_Quest-gvpckrqxtbgyprbgppjfqmimmmfw/Build/Intermediates.noindex/AppAuth.build/Debug-iphonesimulator/AppAuthCore.build/Objects-normal/arm64/e6072d4f65d7061329687fe24e3d63a7-common-args.resp -include /Users/siam/Library/Developer/Xcode/DerivedData/Lingua_Quest-gvpckrqxtbgyprbgppjfqmimmmfw/Build/Intermediates.noindex/AppAuth.build/Debug-iphonesimulator/AppAuthCore.build/DerivedSources/resource_bundle_accessor.h -MMD -MT dependencies -MF /Users/siam/Library/Developer/Xcode/DerivedData/Lingua_Quest-gvpckrqxtbgyprbgppjfqmimmmfw/Build/Intermediates.noindex/AppAuth.build/Debug-iphonesimulator/AppAuthCore.build/Objects-normal/arm64/OIDErrorUtilities.d --serialize-diagnostics /Users/siam/Library/Developer/Xcode/DerivedData/Lingua_Quest-gvpckrqxtbgyprbgppjfqmimmmfw/Build/Intermediates.noindex/AppAuth.build/Debug-iphonesimulator/AppAuthCore.build/Objects-normal/arm64/OIDErrorUtilities.dia -c /Users/siam/Library/Developer/Xcode/DerivedData/Lingua_Quest-gvpckrqxtbgyprbgppjfqmimmmfw/SourcePackages/checkouts/AppAuth-iOS/Sources/AppAuthCore/OIDErrorUtilities.m -o /Users/siam/Library/Developer/Xcode/DerivedData/Lingua_Quest-gvpckrqxtbgyprbgppjfqmimmmfw/Build/Intermediates.noindex/AppAuth.build/Debug-iphonesimulator/AppAuthCore.build/Objects-normal/arm64/OIDErrorUtilities.o -index-unit-output-path /AppAuth.build/Debug-iphonesimulator/AppAuthCore.build/Objects-normal/arm64/OIDErrorUtilities.o

CompileC /Users/siam/Library/Developer/Xcode/DerivedData/Lingua_Quest-gvpckrqxtbgyprbgppjfqmimmmfw/Build/Intermediates.noindex/AppAuth.build/Debug-iphonesimulator/AppAuthCore.build/Objects-normal/arm64/OIDClientMetadataParameters.o /Users/siam/Library/Developer/Xcode/DerivedData/Lingua_Quest-gvpckrqxtbgyprbgppjfqmimmmfw/SourcePackages/checkouts/AppAuth-iOS/Sources/AppAuthCore/OIDClientMetadataParameters.m normal arm64 objective-c com.apple.compilers.llvm.clang.1_0.compiler (in target 'AppAuthCore' from project 'AppAuth')
    cd /Users/siam/Desktop/Lingua\ Quest/Lingua\ Quest.xcodeproj
    
    Using response file: /Users/siam/Library/Developer/Xcode/DerivedData/Lingua_Quest-gvpckrqxtbgyprbgppjfqmimmmfw/Build/Intermediates.noindex/AppAuth.build/Debug-iphonesimulator/AppAuthCore.build/Objects-normal/arm64/e6072d4f65d7061329687fe24e3d63a7-common-args.resp
    
    /Applications/Xcode.app/Contents/Developer/Toolchains/XcodeDefault.xctoolchain/usr/bin/clang -x objective-c -ivfsstatcache /Users/siam/Library/Developer/Xcode/DerivedData/SDKStatCaches.noindex/iphonesimulator26.0-23A339-26257891a6c027eb51374368541b8346.sdkstatcache -fmessage-length\=0 -fdiagnostics-show-note-include-stack -fmacro-backtrace-limit\=0 -fno-color-diagnostics -fmodules-prune-interval\=86400 -fmodules-prune-after\=345600 -fbuild-session-file\=/Users/siam/Library/Developer/Xcode/DerivedData/ModuleCache.noindex/Session.modulevalidation -fmodules-validate-once-per-build-session -Wnon-modular-include-in-framework-module -Werror\=non-modular-include-in-framework-module -Wno-trigraphs -Wno-missing-field-initializers -Wno-missing-prototypes -Wno-return-type -Wno-implicit-atomic-properties -Wno-objc-interface-ivars -Wno-arc-repeated-use-of-weak -Wno-missing-braces -Wparentheses -Wswitch -Wno-unused-function -Wno-unused-label -Wno-unused-parameter -Wno-unused-variable -Wunused-value -Wno-empty-body -Wno-uninitialized -Wno-unknown-pragmas -w -Wno-shadow -Wno-four-char-constants -Wno-conversion -Wno-constant-conversion -Wno-int-conversion -Wno-bool-conversion -Wno-enum-conversion -Wno-float-conversion -Wno-non-literal-null-conversion -Wno-objc-literal-conversion -Wshorten-64-to-32 -Wpointer-sign -Wno-newline-eof -Wno-selector -Wno-strict-selector-match -Wno-undeclared-selector -Wno-deprecated-implementations -Wno-implicit-fallthrough -fstrict-aliasing -Wprotocol -Wdeprecated-declarations -Wno-sign-conversion -Wno-infinite-recursion -Wno-comma -Wno-block-capture-autoreleasing -Wno-strict-prototypes -Wno-semicolon-before-method-body -index-store-path /Users/siam/Library/Developer/Xcode/DerivedData/Lingua_Quest-gvpckrqxtbgyprbgppjfqmimmmfw/Index.noindex/DataStore @/Users/siam/Library/Developer/Xcode/DerivedData/Lingua_Quest-gvpckrqxtbgyprbgppjfqmimmmfw/Build/Intermediates.noindex/AppAuth.build/Debug-iphonesimulator/AppAuthCore.build/Objects-normal/arm64/e6072d4f65d7061329687fe24e3d63a7-common-args.resp -include /Users/siam/Library/Developer/Xcode/DerivedData/Lingua_Quest-gvpckrqxtbgyprbgppjfqmimmmfw/Build/Intermediates.noindex/AppAuth.build/Debug-iphonesimulator/AppAuthCore.build/DerivedSources/resource_bundle_accessor.h -MMD -MT dependencies -MF /Users/siam/Library/Developer/Xcode/DerivedData/Lingua_Quest-gvpckrqxtbgyprbgppjfqmimmmfw/Build/Intermediates.noindex/AppAuth.build/Debug-iphonesimulator/AppAuthCore.build/Objects-normal/arm64/OIDClientMetadataParameters.d --serialize-diagnostics /Users/siam/Library/Developer/Xcode/DerivedData/Lingua_Quest-gvpckrqxtbgyprbgppjfqmimmmfw/Build/Intermediates.noindex/AppAuth.build/Debug-iphonesimulator/AppAuthCore.build/Objects-normal/arm64/OIDClientMetadataParameters.dia -c /Users/siam/Library/Developer/Xcode/DerivedData/Lingua_Quest-gvpckrqxtbgyprbgppjfqmimmmfw/SourcePackages/checkouts/AppAuth-iOS/Sources/AppAuthCore/OIDClientMetadataParameters.m -o /Users/siam/Library/Developer/Xcode/DerivedData/Lingua_Quest-gvpckrqxtbgyprbgppjfqmimmmfw/Build/Intermediates.noindex/AppAuth.build/Debug-iphonesimulator/AppAuthCore.build/Objects-normal/arm64/OIDClientMetadataParameters.o -index-unit-output-path /AppAuth.build/Debug-iphonesimulator/AppAuthCore.build/Objects-normal/arm64/OIDClientMetadataParameters.o

CompileC /Users/siam/Library/Developer/Xcode/DerivedData/Lingua_Quest-gvpckrqxtbgyprbgppjfqmimmmfw/Build/Intermediates.noindex/AppAuth.build/Debug-iphonesimulator/AppAuthCore.build/Objects-normal/arm64/OIDAuthorizationService.o /Users/siam/Library/Developer/Xcode/DerivedData/Lingua_Quest-gvpckrqxtbgyprbgppjfqmimmmfw/SourcePackages/checkouts/AppAuth-iOS/Sources/AppAuthCore/OIDAuthorizationService.m normal arm64 objective-c com.apple.compilers.llvm.clang.1_0.compiler (in target 'AppAuthCore' from project 'AppAuth')
    cd /Users/siam/Desktop/Lingua\ Quest/Lingua\ Quest.xcodeproj
    
    Using response file: /Users/siam/Library/Developer/Xcode/DerivedData/Lingua_Quest-gvpckrqxtbgyprbgppjfqmimmmfw/Build/Intermediates.noindex/AppAuth.build/Debug-iphonesimulator/AppAuthCore.build/Objects-normal/arm64/e6072d4f65d7061329687fe24e3d63a7-common-args.resp
    
    /Applications/Xcode.app/Contents/Developer/Toolchains/XcodeDefault.xctoolchain/usr/bin/clang -x objective-c -ivfsstatcache /Users/siam/Library/Developer/Xcode/DerivedData/SDKStatCaches.noindex/iphonesimulator26.0-23A339-26257891a6c027eb51374368541b8346.sdkstatcache -fmessage-length\=0 -fdiagnostics-show-note-include-stack -fmacro-backtrace-limit\=0 -fno-color-diagnostics -fmodules-prune-interval\=86400 -fmodules-prune-after\=345600 -fbuild-session-file\=/Users/siam/Library/Developer/Xcode/DerivedData/ModuleCache.noindex/Session.modulevalidation -fmodules-validate-once-per-build-session -Wnon-modular-include-in-framework-module -Werror\=non-modular-include-in-framework-module -Wno-trigraphs -Wno-missing-field-initializers -Wno-missing-prototypes -Wno-return-type -Wno-implicit-atomic-properties -Wno-objc-interface-ivars -Wno-arc-repeated-use-of-weak -Wno-missing-braces -Wparentheses -Wswitch -Wno-unused-function -Wno-unused-label -Wno-unused-parameter -Wno-unused-variable -Wunused-value -Wno-empty-body -Wno-uninitialized -Wno-unknown-pragmas -w -Wno-shadow -Wno-four-char-constants -Wno-conversion -Wno-constant-conversion -Wno-int-conversion -Wno-bool-conversion -Wno-enum-conversion -Wno-float-conversion -Wno-non-literal-null-conversion -Wno-objc-literal-conversion -Wshorten-64-to-32 -Wpointer-sign -Wno-newline-eof -Wno-selector -Wno-strict-selector-match -Wno-undeclared-selector -Wno-deprecated-implementations -Wno-implicit-fallthrough -fstrict-aliasing -Wprotocol -Wdeprecated-declarations -Wno-sign-conversion -Wno-infinite-recursion -Wno-comma -Wno-block-capture-autoreleasing -Wno-strict-prototypes -Wno-semicolon-before-method-body -index-store-path /Users/siam/Library/Developer/Xcode/DerivedData/Lingua_Quest-gvpckrqxtbgyprbgppjfqmimmmfw/Index.noindex/DataStore @/Users/siam/Library/Developer/Xcode/DerivedData/Lingua_Quest-gvpckrqxtbgyprbgppjfqmimmmfw/Build/Intermediates.noindex/AppAuth.build/Debug-iphonesimulator/AppAuthCore.build/Objects-normal/arm64/e6072d4f65d7061329687fe24e3d63a7-common-args.resp -include /Users/siam/Library/Developer/Xcode/DerivedData/Lingua_Quest-gvpckrqxtbgyprbgppjfqmimmmfw/Build/Intermediates.noindex/AppAuth.build/Debug-iphonesimulator/AppAuthCore.build/DerivedSources/resource_bundle_accessor.h -MMD -MT dependencies -MF /Users/siam/Library/Developer/Xcode/DerivedData/Lingua_Quest-gvpckrqxtbgyprbgppjfqmimmmfw/Build/Intermediates.noindex/AppAuth.build/Debug-iphonesimulator/AppAuthCore.build/Objects-normal/arm64/OIDAuthorizationService.d --serialize-diagnostics /Users/siam/Library/Developer/Xcode/DerivedData/Lingua_Quest-gvpckrqxtbgyprbgppjfqmimmmfw/Build/Intermediates.noindex/AppAuth.build/Debug-iphonesimulator/AppAuthCore.build/Objects-normal/arm64/OIDAuthorizationService.dia -c /Users/siam/Library/Developer/Xcode/DerivedData/Lingua_Quest-gvpckrqxtbgyprbgppjfqmimmmfw/SourcePackages/checkouts/AppAuth-iOS/Sources/AppAuthCore/OIDAuthorizationService.m -o /Users/siam/Library/Developer/Xcode/DerivedData/Lingua_Quest-gvpckrqxtbgyprbgppjfqmimmmfw/Build/Intermediates.noindex/AppAuth.build/Debug-iphonesimulator/AppAuthCore.build/Objects-normal/arm64/OIDAuthorizationService.o -index-unit-output-path /AppAuth.build/Debug-iphonesimulator/AppAuthCore.build/Objects-normal/arm64/OIDAuthorizationService.o

ScanDependencies /Users/siam/Library/Developer/Xcode/DerivedData/Lingua_Quest-gvpckrqxtbgyprbgppjfqmimmmfw/Build/Intermediates.noindex/AppAuth.build/Debug-iphonesimulator/AppAuthCore.build/Objects-normal/arm64/OIDAuthState.o /Users/siam/Library/Developer/Xcode/DerivedData/Lingua_Quest-gvpckrqxtbgyprbgppjfqmimmmfw/SourcePackages/checkouts/AppAuth-iOS/Sources/AppAuthCore/OIDAuthState.m normal arm64 objective-c com.apple.compilers.llvm.clang.1_0.compiler (in target 'AppAuthCore' from project 'AppAuth')
    cd /Users/siam/Desktop/Lingua\ Quest/Lingua\ Quest.xcodeproj
    
    Using response file: /Users/siam/Library/Developer/Xcode/DerivedData/Lingua_Quest-gvpckrqxtbgyprbgppjfqmimmmfw/Build/Intermediates.noindex/AppAuth.build/Debug-iphonesimulator/AppAuthCore.build/Objects-normal/arm64/e6072d4f65d7061329687fe24e3d63a7-common-args.resp
    
    builtin-ScanDependencies -o /Users/siam/Library/Developer/Xcode/DerivedData/Lingua_Quest-gvpckrqxtbgyprbgppjfqmimmmfw/Build/Intermediates.noindex/AppAuth.build/Debug-iphonesimulator/AppAuthCore.build/Objects-normal/arm64/OIDAuthState.o.scan -- /Applications/Xcode.app/Contents/Developer/Toolchains/XcodeDefault.xctoolchain/usr/bin/clang -x objective-c -ivfsstatcache /Users/siam/Library/Developer/Xcode/DerivedData/SDKStatCaches.noindex/iphonesimulator26.0-23A339-26257891a6c027eb51374368541b8346.sdkstatcache -fmessage-length\=0 -fdiagnostics-show-note-include-stack -fmacro-backtrace-limit\=0 -fno-color-diagnostics -fmodules-prune-interval\=86400 -fmodules-prune-after\=345600 -fbuild-session-file\=/Users/siam/Library/Developer/Xcode/DerivedData/ModuleCache.noindex/Session.modulevalidation -fmodules-validate-once-per-build-session -Wnon-modular-include-in-framework-module -Werror\=non-modular-include-in-framework-module -Wno-trigraphs -Wno-missing-field-initializers -Wno-missing-prototypes -Wno-return-type -Wno-implicit-atomic-properties -Wno-objc-interface-ivars -Wno-arc-repeated-use-of-weak -Wno-missing-braces -Wparentheses -Wswitch -Wno-unused-function -Wno-unused-label -Wno-unused-parameter -Wno-unused-variable -Wunused-value -Wno-empty-body -Wno-uninitialized -Wno-unknown-pragmas -w -Wno-shadow -Wno-four-char-constants -Wno-conversion -Wno-constant-conversion -Wno-int-conversion -Wno-bool-conversion -Wno-enum-conversion -Wno-float-conversion -Wno-non-literal-null-conversion -Wno-objc-literal-conversion -Wshorten-64-to-32 -Wpointer-sign -Wno-newline-eof -Wno-selector -Wno-strict-selector-match -Wno-undeclared-selector -Wno-deprecated-implementations -Wno-implicit-fallthrough -fstrict-aliasing -Wprotocol -Wdeprecated-declarations -Wno-sign-conversion -Wno-infinite-recursion -Wno-comma -Wno-block-capture-autoreleasing -Wno-strict-prototypes -Wno-semicolon-before-method-body -index-store-path /Users/siam/Library/Developer/Xcode/DerivedData/Lingua_Quest-gvpckrqxtbgyprbgppjfqmimmmfw/Index.noindex/DataStore @/Users/siam/Library/Developer/Xcode/DerivedData/Lingua_Quest-gvpckrqxtbgyprbgppjfqmimmmfw/Build/Intermediates.noindex/AppAuth.build/Debug-iphonesimulator/AppAuthCore.build/Objects-normal/arm64/e6072d4f65d7061329687fe24e3d63a7-common-args.resp -include /Users/siam/Library/Developer/Xcode/DerivedData/Lingua_Quest-gvpckrqxtbgyprbgppjfqmimmmfw/Build/Intermediates.noindex/AppAuth.build/Debug-iphonesimulator/AppAuthCore.build/DerivedSources/resource_bundle_accessor.h -MMD -MT dependencies -MF /Users/siam/Library/Developer/Xcode/DerivedData/Lingua_Quest-gvpckrqxtbgyprbgppjfqmimmmfw/Build/Intermediates.noindex/AppAuth.build/Debug-iphonesimulator/AppAuthCore.build/Objects-normal/arm64/OIDAuthState.d --serialize-diagnostics /Users/siam/Library/Developer/Xcode/DerivedData/Lingua_Quest-gvpckrqxtbgyprbgppjfqmimmmfw/Build/Intermediates.noindex/AppAuth.build/Debug-iphonesimulator/AppAuthCore.build/Objects-normal/arm64/OIDAuthState.dia -c /Users/siam/Library/Developer/Xcode/DerivedData/Lingua_Quest-gvpckrqxtbgyprbgppjfqmimmmfw/SourcePackages/checkouts/AppAuth-iOS/Sources/AppAuthCore/OIDAuthState.m -o /Users/siam/Library/Developer/Xcode/DerivedData/Lingua_Quest-gvpckrqxtbgyprbgppjfqmimmmfw/Build/Intermediates.noindex/AppAuth.build/Debug-iphonesimulator/AppAuthCore.build/Objects-normal/arm64/OIDAuthState.o -index-unit-output-path /AppAuth.build/Debug-iphonesimulator/AppAuthCore.build/Objects-normal/arm64/OIDAuthState.o

ScanDependencies /Users/siam/Library/Developer/Xcode/DerivedData/Lingua_Quest-gvpckrqxtbgyprbgppjfqmimmmfw/Build/Intermediates.noindex/AppAuth.build/Debug-iphonesimulator/AppAuth.build/Objects-normal/x86_64/resource_bundle_accessor.o /Users/siam/Library/Developer/Xcode/DerivedData/Lingua_Quest-gvpckrqxtbgyprbgppjfqmimmmfw/Build/Intermediates.noindex/AppAuth.build/Debug-iphonesimulator/AppAuth.build/DerivedSources/resource_bundle_accessor.m normal x86_64 objective-c com.apple.compilers.llvm.clang.1_0.compiler (in target 'AppAuth' from project 'AppAuth')
    cd /Users/siam/Desktop/Lingua\ Quest/Lingua\ Quest.xcodeproj
    
    Using response file: /Users/siam/Library/Developer/Xcode/DerivedData/Lingua_Quest-gvpckrqxtbgyprbgppjfqmimmmfw/Build/Intermediates.noindex/AppAuth.build/Debug-iphonesimulator/AppAuth.build/Objects-normal/x86_64/e6072d4f65d7061329687fe24e3d63a7-common-args.resp
    
    builtin-ScanDependencies -o /Users/siam/Library/Developer/Xcode/DerivedData/Lingua_Quest-gvpckrqxtbgyprbgppjfqmimmmfw/Build/Intermediates.noindex/AppAuth.build/Debug-iphonesimulator/AppAuth.build/Objects-normal/x86_64/resource_bundle_accessor.o.scan -- /Applications/Xcode.app/Contents/Developer/Toolchains/XcodeDefault.xctoolchain/usr/bin/clang -x objective-c -ivfsstatcache /Users/siam/Library/Developer/Xcode/DerivedData/SDKStatCaches.noindex/iphonesimulator26.0-23A339-26257891a6c027eb51374368541b8346.sdkstatcache -fmessage-length\=0 -fdiagnostics-show-note-include-stack -fmacro-backtrace-limit\=0 -fno-color-diagnostics -fmodules-prune-interval\=86400 -fmodules-prune-after\=345600 -fbuild-session-file\=/Users/siam/Library/Developer/Xcode/DerivedData/ModuleCache.noindex/Session.modulevalidation -fmodules-validate-once-per-build-session -Wnon-modular-include-in-framework-module -Werror\=non-modular-include-in-framework-module -Wno-trigraphs -Wno-missing-field-initializers -Wno-missing-prototypes -Wno-return-type -Wno-implicit-atomic-properties -Wno-objc-interface-ivars -Wno-arc-repeated-use-of-weak -Wno-missing-braces -Wparentheses -Wswitch -Wno-unused-function -Wno-unused-label -Wno-unused-parameter -Wno-unused-variable -Wunused-value -Wno-empty-body -Wno-uninitialized -Wno-unknown-pragmas -w -Wno-shadow -Wno-four-char-constants -Wno-conversion -Wno-constant-conversion -Wno-int-conversion -Wno-bool-conversion -Wno-enum-conversion -Wno-float-conversion -Wno-non-literal-null-conversion -Wno-objc-literal-conversion -Wshorten-64-to-32 -Wpointer-sign -Wno-newline-eof -Wno-selector -Wno-strict-selector-match -Wno-undeclared-selector -Wno-deprecated-implementations -Wno-implicit-fallthrough -fstrict-aliasing -Wprotocol -Wdeprecated-declarations -Wno-sign-conversion -Wno-infinite-recursion -Wno-comma -Wno-block-capture-autoreleasing -Wno-strict-prototypes -Wno-semicolon-before-method-body -index-store-path /Users/siam/Library/Developer/Xcode/DerivedData/Lingua_Quest-gvpckrqxtbgyprbgppjfqmimmmfw/Index.noindex/DataStore @/Users/siam/Library/Developer/Xcode/DerivedData/Lingua_Quest-gvpckrqxtbgyprbgppjfqmimmmfw/Build/Intermediates.noindex/AppAuth.build/Debug-iphonesimulator/AppAuth.build/Objects-normal/x86_64/e6072d4f65d7061329687fe24e3d63a7-common-args.resp -include /Users/siam/Library/Developer/Xcode/DerivedData/Lingua_Quest-gvpckrqxtbgyprbgppjfqmimmmfw/Build/Intermediates.noindex/AppAuth.build/Debug-iphonesimulator/AppAuth.build/DerivedSources/resource_bundle_accessor.h -MMD -MT dependencies -MF /Users/siam/Library/Developer/Xcode/DerivedData/Lingua_Quest-gvpckrqxtbgyprbgppjfqmimmmfw/Build/Intermediates.noindex/AppAuth.build/Debug-iphonesimulator/AppAuth.build/Objects-normal/x86_64/resource_bundle_accessor.d --serialize-diagnostics /Users/siam/Library/Developer/Xcode/DerivedData/Lingua_Quest-gvpckrqxtbgyprbgppjfqmimmmfw/Build/Intermediates.noindex/AppAuth.build/Debug-iphonesimulator/AppAuth.build/Objects-normal/x86_64/resource_bundle_accessor.dia -c /Users/siam/Library/Developer/Xcode/DerivedData/Lingua_Quest-gvpckrqxtbgyprbgppjfqmimmmfw/Build/Intermediates.noindex/AppAuth.build/Debug-iphonesimulator/AppAuth.build/DerivedSources/resource_bundle_accessor.m -o /Users/siam/Library/Developer/Xcode/DerivedData/Lingua_Quest-gvpckrqxtbgyprbgppjfqmimmmfw/Build/Intermediates.noindex/AppAuth.build/Debug-iphonesimulator/AppAuth.build/Objects-normal/x86_64/resource_bundle_accessor.o -index-unit-output-path /AppAuth.build/Debug-iphonesimulator/AppAuth.build/Objects-normal/x86_64/resource_bundle_accessor.o

ScanDependencies /Users/siam/Library/Developer/Xcode/DerivedData/Lingua_Quest-gvpckrqxtbgyprbgppjfqmimmmfw/Build/Intermediates.noindex/AppAuth.build/Debug-iphonesimulator/AppAuth.build/Objects-normal/x86_64/OIDRedirectHTTPHandler.o /Users/siam/Library/Developer/Xcode/DerivedData/Lingua_Quest-gvpckrqxtbgyprbgppjfqmimmmfw/SourcePackages/checkouts/AppAuth-iOS/Sources/AppAuth/macOS/OIDRedirectHTTPHandler.m normal x86_64 objective-c com.apple.compilers.llvm.clang.1_0.compiler (in target 'AppAuth' from project 'AppAuth')
    cd /Users/siam/Desktop/Lingua\ Quest/Lingua\ Quest.xcodeproj
    
    Using response file: /Users/siam/Library/Developer/Xcode/DerivedData/Lingua_Quest-gvpckrqxtbgyprbgppjfqmimmmfw/Build/Intermediates.noindex/AppAuth.build/Debug-iphonesimulator/AppAuth.build/Objects-normal/x86_64/e6072d4f65d7061329687fe24e3d63a7-common-args.resp
    
    builtin-ScanDependencies -o /Users/siam/Library/Developer/Xcode/DerivedData/Lingua_Quest-gvpckrqxtbgyprbgppjfqmimmmfw/Build/Intermediates.noindex/AppAuth.build/Debug-iphonesimulator/AppAuth.build/Objects-normal/x86_64/OIDRedirectHTTPHandler.o.scan -- /Applications/Xcode.app/Contents/Developer/Toolchains/XcodeDefault.xctoolchain/usr/bin/clang -x objective-c -ivfsstatcache /Users/siam/Library/Developer/Xcode/DerivedData/SDKStatCaches.noindex/iphonesimulator26.0-23A339-26257891a6c027eb51374368541b8346.sdkstatcache -fmessage-length\=0 -fdiagnostics-show-note-include-stack -fmacro-backtrace-limit\=0 -fno-color-diagnostics -fmodules-prune-interval\=86400 -fmodules-prune-after\=345600 -fbuild-session-file\=/Users/siam/Library/Developer/Xcode/DerivedData/ModuleCache.noindex/Session.modulevalidation -fmodules-validate-once-per-build-session -Wnon-modular-include-in-framework-module -Werror\=non-modular-include-in-framework-module -Wno-trigraphs -Wno-missing-field-initializers -Wno-missing-prototypes -Wno-return-type -Wno-implicit-atomic-properties -Wno-objc-interface-ivars -Wno-arc-repeated-use-of-weak -Wno-missing-braces -Wparentheses -Wswitch -Wno-unused-function -Wno-unused-label -Wno-unused-parameter -Wno-unused-variable -Wunused-value -Wno-empty-body -Wno-uninitialized -Wno-unknown-pragmas -w -Wno-shadow -Wno-four-char-constants -Wno-conversion -Wno-constant-conversion -Wno-int-conversion -Wno-bool-conversion -Wno-enum-conversion -Wno-float-conversion -Wno-non-literal-null-conversion -Wno-objc-literal-conversion -Wshorten-64-to-32 -Wpointer-sign -Wno-newline-eof -Wno-selector -Wno-strict-selector-match -Wno-undeclared-selector -Wno-deprecated-implementations -Wno-implicit-fallthrough -fstrict-aliasing -Wprotocol -Wdeprecated-declarations -Wno-sign-conversion -Wno-infinite-recursion -Wno-comma -Wno-block-capture-autoreleasing -Wno-strict-prototypes -Wno-semicolon-before-method-body -index-store-path /Users/siam/Library/Developer/Xcode/DerivedData/Lingua_Quest-gvpckrqxtbgyprbgppjfqmimmmfw/Index.noindex/DataStore @/Users/siam/Library/Developer/Xcode/DerivedData/Lingua_Quest-gvpckrqxtbgyprbgppjfqmimmmfw/Build/Intermediates.noindex/AppAuth.build/Debug-iphonesimulator/AppAuth.build/Objects-normal/x86_64/e6072d4f65d7061329687fe24e3d63a7-common-args.resp -include /Users/siam/Library/Developer/Xcode/DerivedData/Lingua_Quest-gvpckrqxtbgyprbgppjfqmimmmfw/Build/Intermediates.noindex/AppAuth.build/Debug-iphonesimulator/AppAuth.build/DerivedSources/resource_bundle_accessor.h -MMD -MT dependencies -MF /Users/siam/Library/Developer/Xcode/DerivedData/Lingua_Quest-gvpckrqxtbgyprbgppjfqmimmmfw/Build/Intermediates.noindex/AppAuth.build/Debug-iphonesimulator/AppAuth.build/Objects-normal/x86_64/OIDRedirectHTTPHandler.d --serialize-diagnostics /Users/siam/Library/Developer/Xcode/DerivedData/Lingua_Quest-gvpckrqxtbgyprbgppjfqmimmmfw/Build/Intermediates.noindex/AppAuth.build/Debug-iphonesimulator/AppAuth.build/Objects-normal/x86_64/OIDRedirectHTTPHandler.dia -c /Users/siam/Library/Developer/Xcode/DerivedData/Lingua_Quest-gvpckrqxtbgyprbgppjfqmimmmfw/SourcePackages/checkouts/AppAuth-iOS/Sources/AppAuth/macOS/OIDRedirectHTTPHandler.m -o /Users/siam/Library/Developer/Xcode/DerivedData/Lingua_Quest-gvpckrqxtbgyprbgppjfqmimmmfw/Build/Intermediates.noindex/AppAuth.build/Debug-iphonesimulator/AppAuth.build/Objects-normal/x86_64/OIDRedirectHTTPHandler.o -index-unit-output-path /AppAuth.build/Debug-iphonesimulator/AppAuth.build/Objects-normal/x86_64/OIDRedirectHTTPHandler.o

RegisterExecutionPolicyException /Users/siam/Library/Developer/Xcode/DerivedData/Lingua_Quest-gvpckrqxtbgyprbgppjfqmimmmfw/Build/Products/Debug-iphonesimulator/third-party-IsAppEncrypted.o (in target 'third-party-IsAppEncrypted' from project 'GoogleUtilities')
    cd /Users/siam/Library/Developer/Xcode/DerivedData/Lingua_Quest-gvpckrqxtbgyprbgppjfqmimmmfw/SourcePackages/checkouts/GoogleUtilities
    builtin-RegisterExecutionPolicyException /Users/siam/Library/Developer/Xcode/DerivedData/Lingua_Quest-gvpckrqxtbgyprbgppjfqmimmmfw/Build/Products/Debug-iphonesimulator/third-party-IsAppEncrypted.o

CompileC /Users/siam/Library/Developer/Xcode/DerivedData/Lingua_Quest-gvpckrqxtbgyprbgppjfqmimmmfw/Build/Intermediates.noindex/AppAuth.build/Debug-iphonesimulator/AppAuthCore.build/Objects-normal/arm64/OIDAuthorizationResponse.o /Users/siam/Library/Developer/Xcode/DerivedData/Lingua_Quest-gvpckrqxtbgyprbgppjfqmimmmfw/SourcePackages/checkouts/AppAuth-iOS/Sources/AppAuthCore/OIDAuthorizationResponse.m normal arm64 objective-c com.apple.compilers.llvm.clang.1_0.compiler (in target 'AppAuthCore' from project 'AppAuth')
    cd /Users/siam/Desktop/Lingua\ Quest/Lingua\ Quest.xcodeproj
    
    Using response file: /Users/siam/Library/Developer/Xcode/DerivedData/Lingua_Quest-gvpckrqxtbgyprbgppjfqmimmmfw/Build/Intermediates.noindex/AppAuth.build/Debug-iphonesimulator/AppAuthCore.build/Objects-normal/arm64/e6072d4f65d7061329687fe24e3d63a7-common-args.resp
    
    /Applications/Xcode.app/Contents/Developer/Toolchains/XcodeDefault.xctoolchain/usr/bin/clang -x objective-c -ivfsstatcache /Users/siam/Library/Developer/Xcode/DerivedData/SDKStatCaches.noindex/iphonesimulator26.0-23A339-26257891a6c027eb51374368541b8346.sdkstatcache -fmessage-length\=0 -fdiagnostics-show-note-include-stack -fmacro-backtrace-limit\=0 -fno-color-diagnostics -fmodules-prune-interval\=86400 -fmodules-prune-after\=345600 -fbuild-session-file\=/Users/siam/Library/Developer/Xcode/DerivedData/ModuleCache.noindex/Session.modulevalidation -fmodules-validate-once-per-build-session -Wnon-modular-include-in-framework-module -Werror\=non-modular-include-in-framework-module -Wno-trigraphs -Wno-missing-field-initializers -Wno-missing-prototypes -Wno-return-type -Wno-implicit-atomic-properties -Wno-objc-interface-ivars -Wno-arc-repeated-use-of-weak -Wno-missing-braces -Wparentheses -Wswitch -Wno-unused-function -Wno-unused-label -Wno-unused-parameter -Wno-unused-variable -Wunused-value -Wno-empty-body -Wno-uninitialized -Wno-unknown-pragmas -w -Wno-shadow -Wno-four-char-constants -Wno-conversion -Wno-constant-conversion -Wno-int-conversion -Wno-bool-conversion -Wno-enum-conversion -Wno-float-conversion -Wno-non-literal-null-conversion -Wno-objc-literal-conversion -Wshorten-64-to-32 -Wpointer-sign -Wno-newline-eof -Wno-selector -Wno-strict-selector-match -Wno-undeclared-selector -Wno-deprecated-implementations -Wno-implicit-fallthrough -fstrict-aliasing -Wprotocol -Wdeprecated-declarations -Wno-sign-conversion -Wno-infinite-recursion -Wno-comma -Wno-block-capture-autoreleasing -Wno-strict-prototypes -Wno-semicolon-before-method-body -index-store-path /Users/siam/Library/Developer/Xcode/DerivedData/Lingua_Quest-gvpckrqxtbgyprbgppjfqmimmmfw/Index.noindex/DataStore @/Users/siam/Library/Developer/Xcode/DerivedData/Lingua_Quest-gvpckrqxtbgyprbgppjfqmimmmfw/Build/Intermediates.noindex/AppAuth.build/Debug-iphonesimulator/AppAuthCore.build/Objects-normal/arm64/e6072d4f65d7061329687fe24e3d63a7-common-args.resp -include /Users/siam/Library/Developer/Xcode/DerivedData/Lingua_Quest-gvpckrqxtbgyprbgppjfqmimmmfw/Build/Intermediates.noindex/AppAuth.build/Debug-iphonesimulator/AppAuthCore.build/DerivedSources/resource_bundle_accessor.h -MMD -MT dependencies -MF /Users/siam/Library/Developer/Xcode/DerivedData/Lingua_Quest-gvpckrqxtbgyprbgppjfqmimmmfw/Build/Intermediates.noindex/AppAuth.build/Debug-iphonesimulator/AppAuthCore.build/Objects-normal/arm64/OIDAuthorizationResponse.d --serialize-diagnostics /Users/siam/Library/Developer/Xcode/DerivedData/Lingua_Quest-gvpckrqxtbgyprbgppjfqmimmmfw/Build/Intermediates.noindex/AppAuth.build/Debug-iphonesimulator/AppAuthCore.build/Objects-normal/arm64/OIDAuthorizationResponse.dia -c /Users/siam/Library/Developer/Xcode/DerivedData/Lingua_Quest-gvpckrqxtbgyprbgppjfqmimmmfw/SourcePackages/checkouts/AppAuth-iOS/Sources/AppAuthCore/OIDAuthorizationResponse.m -o /Users/siam/Library/Developer/Xcode/DerivedData/Lingua_Quest-gvpckrqxtbgyprbgppjfqmimmmfw/Build/Intermediates.noindex/AppAuth.build/Debug-iphonesimulator/AppAuthCore.build/Objects-normal/arm64/OIDAuthorizationResponse.o -index-unit-output-path /AppAuth.build/Debug-iphonesimulator/AppAuthCore.build/Objects-normal/arm64/OIDAuthorizationResponse.o

CompileC /Users/siam/Library/Developer/Xcode/DerivedData/Lingua_Quest-gvpckrqxtbgyprbgppjfqmimmmfw/Build/Intermediates.noindex/AppAuth.build/Debug-iphonesimulator/AppAuthCore.build/Objects-normal/arm64/OIDAuthState.o /Users/siam/Library/Developer/Xcode/DerivedData/Lingua_Quest-gvpckrqxtbgyprbgppjfqmimmmfw/SourcePackages/checkouts/AppAuth-iOS/Sources/AppAuthCore/OIDAuthState.m normal arm64 objective-c com.apple.compilers.llvm.clang.1_0.compiler (in target 'AppAuthCore' from project 'AppAuth')
    cd /Users/siam/Desktop/Lingua\ Quest/Lingua\ Quest.xcodeproj
    
    Using response file: /Users/siam/Library/Developer/Xcode/DerivedData/Lingua_Quest-gvpckrqxtbgyprbgppjfqmimmmfw/Build/Intermediates.noindex/AppAuth.build/Debug-iphonesimulator/AppAuthCore.build/Objects-normal/arm64/e6072d4f65d7061329687fe24e3d63a7-common-args.resp
    
    /Applications/Xcode.app/Contents/Developer/Toolchains/XcodeDefault.xctoolchain/usr/bin/clang -x objective-c -ivfsstatcache /Users/siam/Library/Developer/Xcode/DerivedData/SDKStatCaches.noindex/iphonesimulator26.0-23A339-26257891a6c027eb51374368541b8346.sdkstatcache -fmessage-length\=0 -fdiagnostics-show-note-include-stack -fmacro-backtrace-limit\=0 -fno-color-diagnostics -fmodules-prune-interval\=86400 -fmodules-prune-after\=345600 -fbuild-session-file\=/Users/siam/Library/Developer/Xcode/DerivedData/ModuleCache.noindex/Session.modulevalidation -fmodules-validate-once-per-build-session -Wnon-modular-include-in-framework-module -Werror\=non-modular-include-in-framework-module -Wno-trigraphs -Wno-missing-field-initializers -Wno-missing-prototypes -Wno-return-type -Wno-implicit-atomic-properties -Wno-objc-interface-ivars -Wno-arc-repeated-use-of-weak -Wno-missing-braces -Wparentheses -Wswitch -Wno-unused-function -Wno-unused-label -Wno-unused-parameter -Wno-unused-variable -Wunused-value -Wno-empty-body -Wno-uninitialized -Wno-unknown-pragmas -w -Wno-shadow -Wno-four-char-constants -Wno-conversion -Wno-constant-conversion -Wno-int-conversion -Wno-bool-conversion -Wno-enum-conversion -Wno-float-conversion -Wno-non-literal-null-conversion -Wno-objc-literal-conversion -Wshorten-64-to-32 -Wpointer-sign -Wno-newline-eof -Wno-selector -Wno-strict-selector-match -Wno-undeclared-selector -Wno-deprecated-implementations -Wno-implicit-fallthrough -fstrict-aliasing -Wprotocol -Wdeprecated-declarations -Wno-sign-conversion -Wno-infinite-recursion -Wno-comma -Wno-block-capture-autoreleasing -Wno-strict-prototypes -Wno-semicolon-before-method-body -index-store-path /Users/siam/Library/Developer/Xcode/DerivedData/Lingua_Quest-gvpckrqxtbgyprbgppjfqmimmmfw/Index.noindex/DataStore @/Users/siam/Library/Developer/Xcode/DerivedData/Lingua_Quest-gvpckrqxtbgyprbgppjfqmimmmfw/Build/Intermediates.noindex/AppAuth.build/Debug-iphonesimulator/AppAuthCore.build/Objects-normal/arm64/e6072d4f65d7061329687fe24e3d63a7-common-args.resp -include /Users/siam/Library/Developer/Xcode/DerivedData/Lingua_Quest-gvpckrqxtbgyprbgppjfqmimmmfw/Build/Intermediates.noindex/AppAuth.build/Debug-iphonesimulator/AppAuthCore.build/DerivedSources/resource_bundle_accessor.h -MMD -MT dependencies -MF /Users/siam/Library/Developer/Xcode/DerivedData/Lingua_Quest-gvpckrqxtbgyprbgppjfqmimmmfw/Build/Intermediates.noindex/AppAuth.build/Debug-iphonesimulator/AppAuthCore.build/Objects-normal/arm64/OIDAuthState.d --serialize-diagnostics /Users/siam/Library/Developer/Xcode/DerivedData/Lingua_Quest-gvpckrqxtbgyprbgppjfqmimmmfw/Build/Intermediates.noindex/AppAuth.build/Debug-iphonesimulator/AppAuthCore.build/Objects-normal/arm64/OIDAuthState.dia -c /Users/siam/Library/Developer/Xcode/DerivedData/Lingua_Quest-gvpckrqxtbgyprbgppjfqmimmmfw/SourcePackages/checkouts/AppAuth-iOS/Sources/AppAuthCore/OIDAuthState.m -o /Users/siam/Library/Developer/Xcode/DerivedData/Lingua_Quest-gvpckrqxtbgyprbgppjfqmimmmfw/Build/Intermediates.noindex/AppAuth.build/Debug-iphonesimulator/AppAuthCore.build/Objects-normal/arm64/OIDAuthState.o -index-unit-output-path /AppAuth.build/Debug-iphonesimulator/AppAuthCore.build/Objects-normal/arm64/OIDAuthState.o

CompileC /Users/siam/Library/Developer/Xcode/DerivedData/Lingua_Quest-gvpckrqxtbgyprbgppjfqmimmmfw/Build/Intermediates.noindex/AppAuth.build/Debug-iphonesimulator/AppAuthCore.build/Objects-normal/arm64/OIDAuthorizationRequest.o /Users/siam/Library/Developer/Xcode/DerivedData/Lingua_Quest-gvpckrqxtbgyprbgppjfqmimmmfw/SourcePackages/checkouts/AppAuth-iOS/Sources/AppAuthCore/OIDAuthorizationRequest.m normal arm64 objective-c com.apple.compilers.llvm.clang.1_0.compiler (in target 'AppAuthCore' from project 'AppAuth')
    cd /Users/siam/Desktop/Lingua\ Quest/Lingua\ Quest.xcodeproj
    
    Using response file: /Users/siam/Library/Developer/Xcode/DerivedData/Lingua_Quest-gvpckrqxtbgyprbgppjfqmimmmfw/Build/Intermediates.noindex/AppAuth.build/Debug-iphonesimulator/AppAuthCore.build/Objects-normal/arm64/e6072d4f65d7061329687fe24e3d63a7-common-args.resp
    
    /Applications/Xcode.app/Contents/Developer/Toolchains/XcodeDefault.xctoolchain/usr/bin/clang -x objective-c -ivfsstatcache /Users/siam/Library/Developer/Xcode/DerivedData/SDKStatCaches.noindex/iphonesimulator26.0-23A339-26257891a6c027eb51374368541b8346.sdkstatcache -fmessage-length\=0 -fdiagnostics-show-note-include-stack -fmacro-backtrace-limit\=0 -fno-color-diagnostics -fmodules-prune-interval\=86400 -fmodules-prune-after\=345600 -fbuild-session-file\=/Users/siam/Library/Developer/Xcode/DerivedData/ModuleCache.noindex/Session.modulevalidation -fmodules-validate-once-per-build-session -Wnon-modular-include-in-framework-module -Werror\=non-modular-include-in-framework-module -Wno-trigraphs -Wno-missing-field-initializers -Wno-missing-prototypes -Wno-return-type -Wno-implicit-atomic-properties -Wno-objc-interface-ivars -Wno-arc-repeated-use-of-weak -Wno-missing-braces -Wparentheses -Wswitch -Wno-unused-function -Wno-unused-label -Wno-unused-parameter -Wno-unused-variable -Wunused-value -Wno-empty-body -Wno-uninitialized -Wno-unknown-pragmas -w -Wno-shadow -Wno-four-char-constants -Wno-conversion -Wno-constant-conversion -Wno-int-conversion -Wno-bool-conversion -Wno-enum-conversion -Wno-float-conversion -Wno-non-literal-null-conversion -Wno-objc-literal-conversion -Wshorten-64-to-32 -Wpointer-sign -Wno-newline-eof -Wno-selector -Wno-strict-selector-match -Wno-undeclared-selector -Wno-deprecated-implementations -Wno-implicit-fallthrough -fstrict-aliasing -Wprotocol -Wdeprecated-declarations -Wno-sign-conversion -Wno-infinite-recursion -Wno-comma -Wno-block-capture-autoreleasing -Wno-strict-prototypes -Wno-semicolon-before-method-body -index-store-path /Users/siam/Library/Developer/Xcode/DerivedData/Lingua_Quest-gvpckrqxtbgyprbgppjfqmimmmfw/Index.noindex/DataStore @/Users/siam/Library/Developer/Xcode/DerivedData/Lingua_Quest-gvpckrqxtbgyprbgppjfqmimmmfw/Build/Intermediates.noindex/AppAuth.build/Debug-iphonesimulator/AppAuthCore.build/Objects-normal/arm64/e6072d4f65d7061329687fe24e3d63a7-common-args.resp -include /Users/siam/Library/Developer/Xcode/DerivedData/Lingua_Quest-gvpckrqxtbgyprbgppjfqmimmmfw/Build/Intermediates.noindex/AppAuth.build/Debug-iphonesimulator/AppAuthCore.build/DerivedSources/resource_bundle_accessor.h -MMD -MT dependencies -MF /Users/siam/Library/Developer/Xcode/DerivedData/Lingua_Quest-gvpckrqxtbgyprbgppjfqmimmmfw/Build/Intermediates.noindex/AppAuth.build/Debug-iphonesimulator/AppAuthCore.build/Objects-normal/arm64/OIDAuthorizationRequest.d --serialize-diagnostics /Users/siam/Library/Developer/Xcode/DerivedData/Lingua_Quest-gvpckrqxtbgyprbgppjfqmimmmfw/Build/Intermediates.noindex/AppAuth.build/Debug-iphonesimulator/AppAuthCore.build/Objects-normal/arm64/OIDAuthorizationRequest.dia -c /Users/siam/Library/Developer/Xcode/DerivedData/Lingua_Quest-gvpckrqxtbgyprbgppjfqmimmmfw/SourcePackages/checkouts/AppAuth-iOS/Sources/AppAuthCore/OIDAuthorizationRequest.m -o /Users/siam/Library/Developer/Xcode/DerivedData/Lingua_Quest-gvpckrqxtbgyprbgppjfqmimmmfw/Build/Intermediates.noindex/AppAuth.build/Debug-iphonesimulator/AppAuthCore.build/Objects-normal/arm64/OIDAuthorizationRequest.o -index-unit-output-path /AppAuth.build/Debug-iphonesimulator/AppAuthCore.build/Objects-normal/arm64/OIDAuthorizationRequest.o

CompileC /Users/siam/Library/Developer/Xcode/DerivedData/Lingua_Quest-gvpckrqxtbgyprbgppjfqmimmmfw/Build/Intermediates.noindex/AppAuth.build/Debug-iphonesimulator/AppAuth.build/Objects-normal/x86_64/resource_bundle_accessor.o /Users/siam/Library/Developer/Xcode/DerivedData/Lingua_Quest-gvpckrqxtbgyprbgppjfqmimmmfw/Build/Intermediates.noindex/AppAuth.build/Debug-iphonesimulator/AppAuth.build/DerivedSources/resource_bundle_accessor.m normal x86_64 objective-c com.apple.compilers.llvm.clang.1_0.compiler (in target 'AppAuth' from project 'AppAuth')
    cd /Users/siam/Desktop/Lingua\ Quest/Lingua\ Quest.xcodeproj
    
    Using response file: /Users/siam/Library/Developer/Xcode/DerivedData/Lingua_Quest-gvpckrqxtbgyprbgppjfqmimmmfw/Build/Intermediates.noindex/AppAuth.build/Debug-iphonesimulator/AppAuth.build/Objects-normal/x86_64/e6072d4f65d7061329687fe24e3d63a7-common-args.resp
    
    /Applications/Xcode.app/Contents/Developer/Toolchains/XcodeDefault.xctoolchain/usr/bin/clang -x objective-c -ivfsstatcache /Users/siam/Library/Developer/Xcode/DerivedData/SDKStatCaches.noindex/iphonesimulator26.0-23A339-26257891a6c027eb51374368541b8346.sdkstatcache -fmessage-length\=0 -fdiagnostics-show-note-include-stack -fmacro-backtrace-limit\=0 -fno-color-diagnostics -fmodules-prune-interval\=86400 -fmodules-prune-after\=345600 -fbuild-session-file\=/Users/siam/Library/Developer/Xcode/DerivedData/ModuleCache.noindex/Session.modulevalidation -fmodules-validate-once-per-build-session -Wnon-modular-include-in-framework-module -Werror\=non-modular-include-in-framework-module -Wno-trigraphs -Wno-missing-field-initializers -Wno-missing-prototypes -Wno-return-type -Wno-implicit-atomic-properties -Wno-objc-interface-ivars -Wno-arc-repeated-use-of-weak -Wno-missing-braces -Wparentheses -Wswitch -Wno-unused-function -Wno-unused-label -Wno-unused-parameter -Wno-unused-variable -Wunused-value -Wno-empty-body -Wno-uninitialized -Wno-unknown-pragmas -w -Wno-shadow -Wno-four-char-constants -Wno-conversion -Wno-constant-conversion -Wno-int-conversion -Wno-bool-conversion -Wno-enum-conversion -Wno-float-conversion -Wno-non-literal-null-conversion -Wno-objc-literal-conversion -Wshorten-64-to-32 -Wpointer-sign -Wno-newline-eof -Wno-selector -Wno-strict-selector-match -Wno-undeclared-selector -Wno-deprecated-implementations -Wno-implicit-fallthrough -fstrict-aliasing -Wprotocol -Wdeprecated-declarations -Wno-sign-conversion -Wno-infinite-recursion -Wno-comma -Wno-block-capture-autoreleasing -Wno-strict-prototypes -Wno-semicolon-before-method-body -index-store-path /Users/siam/Library/Developer/Xcode/DerivedData/Lingua_Quest-gvpckrqxtbgyprbgppjfqmimmmfw/Index.noindex/DataStore @/Users/siam/Library/Developer/Xcode/DerivedData/Lingua_Quest-gvpckrqxtbgyprbgppjfqmimmmfw/Build/Intermediates.noindex/AppAuth.build/Debug-iphonesimulator/AppAuth.build/Objects-normal/x86_64/e6072d4f65d7061329687fe24e3d63a7-common-args.resp -include /Users/siam/Library/Developer/Xcode/DerivedData/Lingua_Quest-gvpckrqxtbgyprbgppjfqmimmmfw/Build/Intermediates.noindex/AppAuth.build/Debug-iphonesimulator/AppAuth.build/DerivedSources/resource_bundle_accessor.h -MMD -MT dependencies -MF /Users/siam/Library/Developer/Xcode/DerivedData/Lingua_Quest-gvpckrqxtbgyprbgppjfqmimmmfw/Build/Intermediates.noindex/AppAuth.build/Debug-iphonesimulator/AppAuth.build/Objects-normal/x86_64/resource_bundle_accessor.d --serialize-diagnostics /Users/siam/Library/Developer/Xcode/DerivedData/Lingua_Quest-gvpckrqxtbgyprbgppjfqmimmmfw/Build/Intermediates.noindex/AppAuth.build/Debug-iphonesimulator/AppAuth.build/Objects-normal/x86_64/resource_bundle_accessor.dia -c /Users/siam/Library/Developer/Xcode/DerivedData/Lingua_Quest-gvpckrqxtbgyprbgppjfqmimmmfw/Build/Intermediates.noindex/AppAuth.build/Debug-iphonesimulator/AppAuth.build/DerivedSources/resource_bundle_accessor.m -o /Users/siam/Library/Developer/Xcode/DerivedData/Lingua_Quest-gvpckrqxtbgyprbgppjfqmimmmfw/Build/Intermediates.noindex/AppAuth.build/Debug-iphonesimulator/AppAuth.build/Objects-normal/x86_64/resource_bundle_accessor.o -index-unit-output-path /AppAuth.build/Debug-iphonesimulator/AppAuth.build/Objects-normal/x86_64/resource_bundle_accessor.o

CompileC /Users/siam/Library/Developer/Xcode/DerivedData/Lingua_Quest-gvpckrqxtbgyprbgppjfqmimmmfw/Build/Intermediates.noindex/AppAuth.build/Debug-iphonesimulator/AppAuth.build/Objects-normal/x86_64/OIDRedirectHTTPHandler.o /Users/siam/Library/Developer/Xcode/DerivedData/Lingua_Quest-gvpckrqxtbgyprbgppjfqmimmmfw/SourcePackages/checkouts/AppAuth-iOS/Sources/AppAuth/macOS/OIDRedirectHTTPHandler.m normal x86_64 objective-c com.apple.compilers.llvm.clang.1_0.compiler (in target 'AppAuth' from project 'AppAuth')
    cd /Users/siam/Desktop/Lingua\ Quest/Lingua\ Quest.xcodeproj
    
    Using response file: /Users/siam/Library/Developer/Xcode/DerivedData/Lingua_Quest-gvpckrqxtbgyprbgppjfqmimmmfw/Build/Intermediates.noindex/AppAuth.build/Debug-iphonesimulator/AppAuth.build/Objects-normal/x86_64/e6072d4f65d7061329687fe24e3d63a7-common-args.resp
    
    /Applications/Xcode.app/Contents/Developer/Toolchains/XcodeDefault.xctoolchain/usr/bin/clang -x objective-c -ivfsstatcache /Users/siam/Library/Developer/Xcode/DerivedData/SDKStatCaches.noindex/iphonesimulator26.0-23A339-26257891a6c027eb51374368541b8346.sdkstatcache -fmessage-length\=0 -fdiagnostics-show-note-include-stack -fmacro-backtrace-limit\=0 -fno-color-diagnostics -fmodules-prune-interval\=86400 -fmodules-prune-after\=345600 -fbuild-session-file\=/Users/siam/Library/Developer/Xcode/DerivedData/ModuleCache.noindex/Session.modulevalidation -fmodules-validate-once-per-build-session -Wnon-modular-include-in-framework-module -Werror\=non-modular-include-in-framework-module -Wno-trigraphs -Wno-missing-field-initializers -Wno-missing-prototypes -Wno-return-type -Wno-implicit-atomic-properties -Wno-objc-interface-ivars -Wno-arc-repeated-use-of-weak -Wno-missing-braces -Wparentheses -Wswitch -Wno-unused-function -Wno-unused-label -Wno-unused-parameter -Wno-unused-variable -Wunused-value -Wno-empty-body -Wno-uninitialized -Wno-unknown-pragmas -w -Wno-shadow -Wno-four-char-constants -Wno-conversion -Wno-constant-conversion -Wno-int-conversion -Wno-bool-conversion -Wno-enum-conversion -Wno-float-conversion -Wno-non-literal-null-conversion -Wno-objc-literal-conversion -Wshorten-64-to-32 -Wpointer-sign -Wno-newline-eof -Wno-selector -Wno-strict-selector-match -Wno-undeclared-selector -Wno-deprecated-implementations -Wno-implicit-fallthrough -fstrict-aliasing -Wprotocol -Wdeprecated-declarations -Wno-sign-conversion -Wno-infinite-recursion -Wno-comma -Wno-block-capture-autoreleasing -Wno-strict-prototypes -Wno-semicolon-before-method-body -index-store-path /Users/siam/Library/Developer/Xcode/DerivedData/Lingua_Quest-gvpckrqxtbgyprbgppjfqmimmmfw/Index.noindex/DataStore @/Users/siam/Library/Developer/Xcode/DerivedData/Lingua_Quest-gvpckrqxtbgyprbgppjfqmimmmfw/Build/Intermediates.noindex/AppAuth.build/Debug-iphonesimulator/AppAuth.build/Objects-normal/x86_64/e6072d4f65d7061329687fe24e3d63a7-common-args.resp -include /Users/siam/Library/Developer/Xcode/DerivedData/Lingua_Quest-gvpckrqxtbgyprbgppjfqmimmmfw/Build/Intermediates.noindex/AppAuth.build/Debug-iphonesimulator/AppAuth.build/DerivedSources/resource_bundle_accessor.h -MMD -MT dependencies -MF /Users/siam/Library/Developer/Xcode/DerivedData/Lingua_Quest-gvpckrqxtbgyprbgppjfqmimmmfw/Build/Intermediates.noindex/AppAuth.build/Debug-iphonesimulator/AppAuth.build/Objects-normal/x86_64/OIDRedirectHTTPHandler.d --serialize-diagnostics /Users/siam/Library/Developer/Xcode/DerivedData/Lingua_Quest-gvpckrqxtbgyprbgppjfqmimmmfw/Build/Intermediates.noindex/AppAuth.build/Debug-iphonesimulator/AppAuth.build/Objects-normal/x86_64/OIDRedirectHTTPHandler.dia -c /Users/siam/Library/Developer/Xcode/DerivedData/Lingua_Quest-gvpckrqxtbgyprbgppjfqmimmmfw/SourcePackages/checkouts/AppAuth-iOS/Sources/AppAuth/macOS/OIDRedirectHTTPHandler.m -o /Users/siam/Library/Developer/Xcode/DerivedData/Lingua_Quest-gvpckrqxtbgyprbgppjfqmimmmfw/Build/Intermediates.noindex/AppAuth.build/Debug-iphonesimulator/AppAuth.build/Objects-normal/x86_64/OIDRedirectHTTPHandler.o -index-unit-output-path /AppAuth.build/Debug-iphonesimulator/AppAuth.build/Objects-normal/x86_64/OIDRedirectHTTPHandler.o

Ld /Users/siam/Library/Developer/Xcode/DerivedData/Lingua_Quest-gvpckrqxtbgyprbgppjfqmimmmfw/Build/Intermediates.noindex/nanopb.build/Debug-iphonesimulator/nanopb.build/Objects-normal/x86_64/Binary/nanopb.o normal x86_64 (in target 'nanopb' from project 'nanopb')
    cd /Users/siam/Library/Developer/Xcode/DerivedData/Lingua_Quest-gvpckrqxtbgyprbgppjfqmimmmfw/SourcePackages/checkouts/nanopb
    /Applications/Xcode.app/Contents/Developer/Toolchains/XcodeDefault.xctoolchain/usr/bin/clang -Xlinker -reproducible -target x86_64-apple-ios12.0-simulator -r -isysroot /Applications/Xcode.app/Contents/Developer/Platforms/iPhoneSimulator.platform/Developer/SDKs/iPhoneSimulator26.0.sdk -O0 -w -L/Users/siam/Library/Developer/Xcode/DerivedData/Lingua_Quest-gvpckrqxtbgyprbgppjfqmimmmfw/Build/Intermediates.noindex/EagerLinkingTBDs/Debug-iphonesimulator -L/Users/siam/Library/Developer/Xcode/DerivedData/Lingua_Quest-gvpckrqxtbgyprbgppjfqmimmmfw/Build/Products/Debug-iphonesimulator -L/Applications/Xcode.app/Contents/Developer/Platforms/iPhoneSimulator.platform/Developer/usr/lib -F/Users/siam/Library/Developer/Xcode/DerivedData/Lingua_Quest-gvpckrqxtbgyprbgppjfqmimmmfw/Build/Intermediates.noindex/EagerLinkingTBDs/Debug-iphonesimulator -F/Users/siam/Library/Developer/Xcode/DerivedData/Lingua_Quest-gvpckrqxtbgyprbgppjfqmimmmfw/Build/Products/Debug-iphonesimulator -iframework /Applications/Xcode.app/Contents/Developer/Platforms/iPhoneSimulator.platform/Developer/Library/Frameworks -iframework /Applications/Xcode.app/Contents/Developer/Platforms/iPhoneSimulator.platform/Developer/SDKs/iPhoneSimulator26.0.sdk/Developer/Library/Frameworks -filelist /Users/siam/Library/Developer/Xcode/DerivedData/Lingua_Quest-gvpckrqxtbgyprbgppjfqmimmmfw/Build/Intermediates.noindex/nanopb.build/Debug-iphonesimulator/nanopb.build/Objects-normal/x86_64/nanopb.LinkFileList -nostdlib -Xlinker -object_path_lto -Xlinker /Users/siam/Library/Developer/Xcode/DerivedData/Lingua_Quest-gvpckrqxtbgyprbgppjfqmimmmfw/Build/Intermediates.noindex/nanopb.build/Debug-iphonesimulator/nanopb.build/Objects-normal/x86_64/nanopb_lto.o -rdynamic -Xlinker -no_deduplicate -Xlinker -objc_abi_version -Xlinker 2 -Xlinker -debug_variant -Xlinker -dependency_info -Xlinker /Users/siam/Library/Developer/Xcode/DerivedData/Lingua_Quest-gvpckrqxtbgyprbgppjfqmimmmfw/Build/Intermediates.noindex/nanopb.build/Debug-iphonesimulator/nanopb.build/Objects-normal/x86_64/nanopb_dependency_info.dat -fobjc-arc -fobjc-link-runtime -o /Users/siam/Library/Developer/Xcode/DerivedData/Lingua_Quest-gvpckrqxtbgyprbgppjfqmimmmfw/Build/Intermediates.noindex/nanopb.build/Debug-iphonesimulator/nanopb.build/Objects-normal/x86_64/Binary/nanopb.o

Ld /Users/siam/Library/Developer/Xcode/DerivedData/Lingua_Quest-gvpckrqxtbgyprbgppjfqmimmmfw/Build/Intermediates.noindex/nanopb.build/Debug-iphonesimulator/nanopb.build/Objects-normal/arm64/Binary/nanopb.o normal arm64 (in target 'nanopb' from project 'nanopb')
    cd /Users/siam/Library/Developer/Xcode/DerivedData/Lingua_Quest-gvpckrqxtbgyprbgppjfqmimmmfw/SourcePackages/checkouts/nanopb
    /Applications/Xcode.app/Contents/Developer/Toolchains/XcodeDefault.xctoolchain/usr/bin/clang -Xlinker -reproducible -target arm64-apple-ios12.0-simulator -r -isysroot /Applications/Xcode.app/Contents/Developer/Platforms/iPhoneSimulator.platform/Developer/SDKs/iPhoneSimulator26.0.sdk -O0 -w -L/Users/siam/Library/Developer/Xcode/DerivedData/Lingua_Quest-gvpckrqxtbgyprbgppjfqmimmmfw/Build/Intermediates.noindex/EagerLinkingTBDs/Debug-iphonesimulator -L/Users/siam/Library/Developer/Xcode/DerivedData/Lingua_Quest-gvpckrqxtbgyprbgppjfqmimmmfw/Build/Products/Debug-iphonesimulator -L/Applications/Xcode.app/Contents/Developer/Platforms/iPhoneSimulator.platform/Developer/usr/lib -F/Users/siam/Library/Developer/Xcode/DerivedData/Lingua_Quest-gvpckrqxtbgyprbgppjfqmimmmfw/Build/Intermediates.noindex/EagerLinkingTBDs/Debug-iphonesimulator -F/Users/siam/Library/Developer/Xcode/DerivedData/Lingua_Quest-gvpckrqxtbgyprbgppjfqmimmmfw/Build/Products/Debug-iphonesimulator -iframework /Applications/Xcode.app/Contents/Developer/Platforms/iPhoneSimulator.platform/Developer/Library/Frameworks -iframework /Applications/Xcode.app/Contents/Developer/Platforms/iPhoneSimulator.platform/Developer/SDKs/iPhoneSimulator26.0.sdk/Developer/Library/Frameworks -filelist /Users/siam/Library/Developer/Xcode/DerivedData/Lingua_Quest-gvpckrqxtbgyprbgppjfqmimmmfw/Build/Intermediates.noindex/nanopb.build/Debug-iphonesimulator/nanopb.build/Objects-normal/arm64/nanopb.LinkFileList -nostdlib -Xlinker -object_path_lto -Xlinker /Users/siam/Library/Developer/Xcode/DerivedData/Lingua_Quest-gvpckrqxtbgyprbgppjfqmimmmfw/Build/Intermediates.noindex/nanopb.build/Debug-iphonesimulator/nanopb.build/Objects-normal/arm64/nanopb_lto.o -rdynamic -Xlinker -no_deduplicate -Xlinker -objc_abi_version -Xlinker 2 -Xlinker -debug_variant -Xlinker -dependency_info -Xlinker /Users/siam/Library/Developer/Xcode/DerivedData/Lingua_Quest-gvpckrqxtbgyprbgppjfqmimmmfw/Build/Intermediates.noindex/nanopb.build/Debug-iphonesimulator/nanopb.build/Objects-normal/arm64/nanopb_dependency_info.dat -fobjc-arc -fobjc-link-runtime -o /Users/siam/Library/Developer/Xcode/DerivedData/Lingua_Quest-gvpckrqxtbgyprbgppjfqmimmmfw/Build/Intermediates.noindex/nanopb.build/Debug-iphonesimulator/nanopb.build/Objects-normal/arm64/Binary/nanopb.o

ScanDependencies /Users/siam/Library/Developer/Xcode/DerivedData/Lingua_Quest-gvpckrqxtbgyprbgppjfqmimmmfw/Build/Intermediates.noindex/AppAuth.build/Debug-iphonesimulator/AppAuth.build/Objects-normal/x86_64/OIDLoopbackHTTPServer.o /Users/siam/Library/Developer/Xcode/DerivedData/Lingua_Quest-gvpckrqxtbgyprbgppjfqmimmmfw/SourcePackages/checkouts/AppAuth-iOS/Sources/AppAuth/macOS/LoopbackHTTPServer/OIDLoopbackHTTPServer.m normal x86_64 objective-c com.apple.compilers.llvm.clang.1_0.compiler (in target 'AppAuth' from project 'AppAuth')
    cd /Users/siam/Desktop/Lingua\ Quest/Lingua\ Quest.xcodeproj
    
    Using response file: /Users/siam/Library/Developer/Xcode/DerivedData/Lingua_Quest-gvpckrqxtbgyprbgppjfqmimmmfw/Build/Intermediates.noindex/AppAuth.build/Debug-iphonesimulator/AppAuth.build/Objects-normal/x86_64/e6072d4f65d7061329687fe24e3d63a7-common-args.resp
    
    builtin-ScanDependencies -o /Users/siam/Library/Developer/Xcode/DerivedData/Lingua_Quest-gvpckrqxtbgyprbgppjfqmimmmfw/Build/Intermediates.noindex/AppAuth.build/Debug-iphonesimulator/AppAuth.build/Objects-normal/x86_64/OIDLoopbackHTTPServer.o.scan -- /Applications/Xcode.app/Contents/Developer/Toolchains/XcodeDefault.xctoolchain/usr/bin/clang -x objective-c -ivfsstatcache /Users/siam/Library/Developer/Xcode/DerivedData/SDKStatCaches.noindex/iphonesimulator26.0-23A339-26257891a6c027eb51374368541b8346.sdkstatcache -fmessage-length\=0 -fdiagnostics-show-note-include-stack -fmacro-backtrace-limit\=0 -fno-color-diagnostics -fmodules-prune-interval\=86400 -fmodules-prune-after\=345600 -fbuild-session-file\=/Users/siam/Library/Developer/Xcode/DerivedData/ModuleCache.noindex/Session.modulevalidation -fmodules-validate-once-per-build-session -Wnon-modular-include-in-framework-module -Werror\=non-modular-include-in-framework-module -Wno-trigraphs -Wno-missing-field-initializers -Wno-missing-prototypes -Wno-return-type -Wno-implicit-atomic-properties -Wno-objc-interface-ivars -Wno-arc-repeated-use-of-weak -Wno-missing-braces -Wparentheses -Wswitch -Wno-unused-function -Wno-unused-label -Wno-unused-parameter -Wno-unused-variable -Wunused-value -Wno-empty-body -Wno-uninitialized -Wno-unknown-pragmas -w -Wno-shadow -Wno-four-char-constants -Wno-conversion -Wno-constant-conversion -Wno-int-conversion -Wno-bool-conversion -Wno-enum-conversion -Wno-float-conversion -Wno-non-literal-null-conversion -Wno-objc-literal-conversion -Wshorten-64-to-32 -Wpointer-sign -Wno-newline-eof -Wno-selector -Wno-strict-selector-match -Wno-undeclared-selector -Wno-deprecated-implementations -Wno-implicit-fallthrough -fstrict-aliasing -Wprotocol -Wdeprecated-declarations -Wno-sign-conversion -Wno-infinite-recursion -Wno-comma -Wno-block-capture-autoreleasing -Wno-strict-prototypes -Wno-semicolon-before-method-body -index-store-path /Users/siam/Library/Developer/Xcode/DerivedData/Lingua_Quest-gvpckrqxtbgyprbgppjfqmimmmfw/Index.noindex/DataStore @/Users/siam/Library/Developer/Xcode/DerivedData/Lingua_Quest-gvpckrqxtbgyprbgppjfqmimmmfw/Build/Intermediates.noindex/AppAuth.build/Debug-iphonesimulator/AppAuth.build/Objects-normal/x86_64/e6072d4f65d7061329687fe24e3d63a7-common-args.resp -include /Users/siam/Library/Developer/Xcode/DerivedData/Lingua_Quest-gvpckrqxtbgyprbgppjfqmimmmfw/Build/Intermediates.noindex/AppAuth.build/Debug-iphonesimulator/AppAuth.build/DerivedSources/resource_bundle_accessor.h -MMD -MT dependencies -MF /Users/siam/Library/Developer/Xcode/DerivedData/Lingua_Quest-gvpckrqxtbgyprbgppjfqmimmmfw/Build/Intermediates.noindex/AppAuth.build/Debug-iphonesimulator/AppAuth.build/Objects-normal/x86_64/OIDLoopbackHTTPServer.d --serialize-diagnostics /Users/siam/Library/Developer/Xcode/DerivedData/Lingua_Quest-gvpckrqxtbgyprbgppjfqmimmmfw/Build/Intermediates.noindex/AppAuth.build/Debug-iphonesimulator/AppAuth.build/Objects-normal/x86_64/OIDLoopbackHTTPServer.dia -c /Users/siam/Library/Developer/Xcode/DerivedData/Lingua_Quest-gvpckrqxtbgyprbgppjfqmimmmfw/SourcePackages/checkouts/AppAuth-iOS/Sources/AppAuth/macOS/LoopbackHTTPServer/OIDLoopbackHTTPServer.m -o /Users/siam/Library/Developer/Xcode/DerivedData/Lingua_Quest-gvpckrqxtbgyprbgppjfqmimmmfw/Build/Intermediates.noindex/AppAuth.build/Debug-iphonesimulator/AppAuth.build/Objects-normal/x86_64/OIDLoopbackHTTPServer.o -index-unit-output-path /AppAuth.build/Debug-iphonesimulator/AppAuth.build/Objects-normal/x86_64/OIDLoopbackHTTPServer.o

ScanDependencies /Users/siam/Library/Developer/Xcode/DerivedData/Lingua_Quest-gvpckrqxtbgyprbgppjfqmimmmfw/Build/Intermediates.noindex/AppAuth.build/Debug-iphonesimulator/AppAuth.build/Objects-normal/x86_64/OIDExternalUserAgentMac.o /Users/siam/Library/Developer/Xcode/DerivedData/Lingua_Quest-gvpckrqxtbgyprbgppjfqmimmmfw/SourcePackages/checkouts/AppAuth-iOS/Sources/AppAuth/macOS/OIDExternalUserAgentMac.m normal x86_64 objective-c com.apple.compilers.llvm.clang.1_0.compiler (in target 'AppAuth' from project 'AppAuth')
    cd /Users/siam/Desktop/Lingua\ Quest/Lingua\ Quest.xcodeproj
    
    Using response file: /Users/siam/Library/Developer/Xcode/DerivedData/Lingua_Quest-gvpckrqxtbgyprbgppjfqmimmmfw/Build/Intermediates.noindex/AppAuth.build/Debug-iphonesimulator/AppAuth.build/Objects-normal/x86_64/e6072d4f65d7061329687fe24e3d63a7-common-args.resp
    
    builtin-ScanDependencies -o /Users/siam/Library/Developer/Xcode/DerivedData/Lingua_Quest-gvpckrqxtbgyprbgppjfqmimmmfw/Build/Intermediates.noindex/AppAuth.build/Debug-iphonesimulator/AppAuth.build/Objects-normal/x86_64/OIDExternalUserAgentMac.o.scan -- /Applications/Xcode.app/Contents/Developer/Toolchains/XcodeDefault.xctoolchain/usr/bin/clang -x objective-c -ivfsstatcache /Users/siam/Library/Developer/Xcode/DerivedData/SDKStatCaches.noindex/iphonesimulator26.0-23A339-26257891a6c027eb51374368541b8346.sdkstatcache -fmessage-length\=0 -fdiagnostics-show-note-include-stack -fmacro-backtrace-limit\=0 -fno-color-diagnostics -fmodules-prune-interval\=86400 -fmodules-prune-after\=345600 -fbuild-session-file\=/Users/siam/Library/Developer/Xcode/DerivedData/ModuleCache.noindex/Session.modulevalidation -fmodules-validate-once-per-build-session -Wnon-modular-include-in-framework-module -Werror\=non-modular-include-in-framework-module -Wno-trigraphs -Wno-missing-field-initializers -Wno-missing-prototypes -Wno-return-type -Wno-implicit-atomic-properties -Wno-objc-interface-ivars -Wno-arc-repeated-use-of-weak -Wno-missing-braces -Wparentheses -Wswitch -Wno-unused-function -Wno-unused-label -Wno-unused-parameter -Wno-unused-variable -Wunused-value -Wno-empty-body -Wno-uninitialized -Wno-unknown-pragmas -w -Wno-shadow -Wno-four-char-constants -Wno-conversion -Wno-constant-conversion -Wno-int-conversion -Wno-bool-conversion -Wno-enum-conversion -Wno-float-conversion -Wno-non-literal-null-conversion -Wno-objc-literal-conversion -Wshorten-64-to-32 -Wpointer-sign -Wno-newline-eof -Wno-selector -Wno-strict-selector-match -Wno-undeclared-selector -Wno-deprecated-implementations -Wno-implicit-fallthrough -fstrict-aliasing -Wprotocol -Wdeprecated-declarations -Wno-sign-conversion -Wno-infinite-recursion -Wno-comma -Wno-block-capture-autoreleasing -Wno-strict-prototypes -Wno-semicolon-before-method-body -index-store-path /Users/siam/Library/Developer/Xcode/DerivedData/Lingua_Quest-gvpckrqxtbgyprbgppjfqmimmmfw/Index.noindex/DataStore @/Users/siam/Library/Developer/Xcode/DerivedData/Lingua_Quest-gvpckrqxtbgyprbgppjfqmimmmfw/Build/Intermediates.noindex/AppAuth.build/Debug-iphonesimulator/AppAuth.build/Objects-normal/x86_64/e6072d4f65d7061329687fe24e3d63a7-common-args.resp -include /Users/siam/Library/Developer/Xcode/DerivedData/Lingua_Quest-gvpckrqxtbgyprbgppjfqmimmmfw/Build/Intermediates.noindex/AppAuth.build/Debug-iphonesimulator/AppAuth.build/DerivedSources/resource_bundle_accessor.h -MMD -MT dependencies -MF /Users/siam/Library/Developer/Xcode/DerivedData/Lingua_Quest-gvpckrqxtbgyprbgppjfqmimmmfw/Build/Intermediates.noindex/AppAuth.build/Debug-iphonesimulator/AppAuth.build/Objects-normal/x86_64/OIDExternalUserAgentMac.d --serialize-diagnostics /Users/siam/Library/Developer/Xcode/DerivedData/Lingua_Quest-gvpckrqxtbgyprbgppjfqmimmmfw/Build/Intermediates.noindex/AppAuth.build/Debug-iphonesimulator/AppAuth.build/Objects-normal/x86_64/OIDExternalUserAgentMac.dia -c /Users/siam/Library/Developer/Xcode/DerivedData/Lingua_Quest-gvpckrqxtbgyprbgppjfqmimmmfw/SourcePackages/checkouts/AppAuth-iOS/Sources/AppAuth/macOS/OIDExternalUserAgentMac.m -o /Users/siam/Library/Developer/Xcode/DerivedData/Lingua_Quest-gvpckrqxtbgyprbgppjfqmimmmfw/Build/Intermediates.noindex/AppAuth.build/Debug-iphonesimulator/AppAuth.build/Objects-normal/x86_64/OIDExternalUserAgentMac.o -index-unit-output-path /AppAuth.build/Debug-iphonesimulator/AppAuth.build/Objects-normal/x86_64/OIDExternalUserAgentMac.o

ScanDependencies /Users/siam/Library/Developer/Xcode/DerivedData/Lingua_Quest-gvpckrqxtbgyprbgppjfqmimmmfw/Build/Intermediates.noindex/AppAuth.build/Debug-iphonesimulator/AppAuth.build/Objects-normal/x86_64/OIDExternalUserAgentIOSCustomBrowser.o /Users/siam/Library/Developer/Xcode/DerivedData/Lingua_Quest-gvpckrqxtbgyprbgppjfqmimmmfw/SourcePackages/checkouts/AppAuth-iOS/Sources/AppAuth/iOS/OIDExternalUserAgentIOSCustomBrowser.m normal x86_64 objective-c com.apple.compilers.llvm.clang.1_0.compiler (in target 'AppAuth' from project 'AppAuth')
    cd /Users/siam/Desktop/Lingua\ Quest/Lingua\ Quest.xcodeproj
    
    Using response file: /Users/siam/Library/Developer/Xcode/DerivedData/Lingua_Quest-gvpckrqxtbgyprbgppjfqmimmmfw/Build/Intermediates.noindex/AppAuth.build/Debug-iphonesimulator/AppAuth.build/Objects-normal/x86_64/e6072d4f65d7061329687fe24e3d63a7-common-args.resp
    
    builtin-ScanDependencies -o /Users/siam/Library/Developer/Xcode/DerivedData/Lingua_Quest-gvpckrqxtbgyprbgppjfqmimmmfw/Build/Intermediates.noindex/AppAuth.build/Debug-iphonesimulator/AppAuth.build/Objects-normal/x86_64/OIDExternalUserAgentIOSCustomBrowser.o.scan -- /Applications/Xcode.app/Contents/Developer/Toolchains/XcodeDefault.xctoolchain/usr/bin/clang -x objective-c -ivfsstatcache /Users/siam/Library/Developer/Xcode/DerivedData/SDKStatCaches.noindex/iphonesimulator26.0-23A339-26257891a6c027eb51374368541b8346.sdkstatcache -fmessage-length\=0 -fdiagnostics-show-note-include-stack -fmacro-backtrace-limit\=0 -fno-color-diagnostics -fmodules-prune-interval\=86400 -fmodules-prune-after\=345600 -fbuild-session-file\=/Users/siam/Library/Developer/Xcode/DerivedData/ModuleCache.noindex/Session.modulevalidation -fmodules-validate-once-per-build-session -Wnon-modular-include-in-framework-module -Werror\=non-modular-include-in-framework-module -Wno-trigraphs -Wno-missing-field-initializers -Wno-missing-prototypes -Wno-return-type -Wno-implicit-atomic-properties -Wno-objc-interface-ivars -Wno-arc-repeated-use-of-weak -Wno-missing-braces -Wparentheses -Wswitch -Wno-unused-function -Wno-unused-label -Wno-unused-parameter -Wno-unused-variable -Wunused-value -Wno-empty-body -Wno-uninitialized -Wno-unknown-pragmas -w -Wno-shadow -Wno-four-char-constants -Wno-conversion -Wno-constant-conversion -Wno-int-conversion -Wno-bool-conversion -Wno-enum-conversion -Wno-float-conversion -Wno-non-literal-null-conversion -Wno-objc-literal-conversion -Wshorten-64-to-32 -Wpointer-sign -Wno-newline-eof -Wno-selector -Wno-strict-selector-match -Wno-undeclared-selector -Wno-deprecated-implementations -Wno-implicit-fallthrough -fstrict-aliasing -Wprotocol -Wdeprecated-declarations -Wno-sign-conversion -Wno-infinite-recursion -Wno-comma -Wno-block-capture-autoreleasing -Wno-strict-prototypes -Wno-semicolon-before-method-body -index-store-path /Users/siam/Library/Developer/Xcode/DerivedData/Lingua_Quest-gvpckrqxtbgyprbgppjfqmimmmfw/Index.noindex/DataStore @/Users/siam/Library/Developer/Xcode/DerivedData/Lingua_Quest-gvpckrqxtbgyprbgppjfqmimmmfw/Build/Intermediates.noindex/AppAuth.build/Debug-iphonesimulator/AppAuth.build/Objects-normal/x86_64/e6072d4f65d7061329687fe24e3d63a7-common-args.resp -include /Users/siam/Library/Developer/Xcode/DerivedData/Lingua_Quest-gvpckrqxtbgyprbgppjfqmimmmfw/Build/Intermediates.noindex/AppAuth.build/Debug-iphonesimulator/AppAuth.build/DerivedSources/resource_bundle_accessor.h -MMD -MT dependencies -MF /Users/siam/Library/Developer/Xcode/DerivedData/Lingua_Quest-gvpckrqxtbgyprbgppjfqmimmmfw/Build/Intermediates.noindex/AppAuth.build/Debug-iphonesimulator/AppAuth.build/Objects-normal/x86_64/OIDExternalUserAgentIOSCustomBrowser.d --serialize-diagnostics /Users/siam/Library/Developer/Xcode/DerivedData/Lingua_Quest-gvpckrqxtbgyprbgppjfqmimmmfw/Build/Intermediates.noindex/AppAuth.build/Debug-iphonesimulator/AppAuth.build/Objects-normal/x86_64/OIDExternalUserAgentIOSCustomBrowser.dia -c /Users/siam/Library/Developer/Xcode/DerivedData/Lingua_Quest-gvpckrqxtbgyprbgppjfqmimmmfw/SourcePackages/checkouts/AppAuth-iOS/Sources/AppAuth/iOS/OIDExternalUserAgentIOSCustomBrowser.m -o /Users/siam/Library/Developer/Xcode/DerivedData/Lingua_Quest-gvpckrqxtbgyprbgppjfqmimmmfw/Build/Intermediates.noindex/AppAuth.build/Debug-iphonesimulator/AppAuth.build/Objects-normal/x86_64/OIDExternalUserAgentIOSCustomBrowser.o -index-unit-output-path /AppAuth.build/Debug-iphonesimulator/AppAuth.build/Objects-normal/x86_64/OIDExternalUserAgentIOSCustomBrowser.o

ScanDependencies /Users/siam/Library/Developer/Xcode/DerivedData/Lingua_Quest-gvpckrqxtbgyprbgppjfqmimmmfw/Build/Intermediates.noindex/AppAuth.build/Debug-iphonesimulator/AppAuth.build/Objects-normal/x86_64/OIDExternalUserAgentIOS.o /Users/siam/Library/Developer/Xcode/DerivedData/Lingua_Quest-gvpckrqxtbgyprbgppjfqmimmmfw/SourcePackages/checkouts/AppAuth-iOS/Sources/AppAuth/iOS/OIDExternalUserAgentIOS.m normal x86_64 objective-c com.apple.compilers.llvm.clang.1_0.compiler (in target 'AppAuth' from project 'AppAuth')
    cd /Users/siam/Desktop/Lingua\ Quest/Lingua\ Quest.xcodeproj
    
    Using response file: /Users/siam/Library/Developer/Xcode/DerivedData/Lingua_Quest-gvpckrqxtbgyprbgppjfqmimmmfw/Build/Intermediates.noindex/AppAuth.build/Debug-iphonesimulator/AppAuth.build/Objects-normal/x86_64/e6072d4f65d7061329687fe24e3d63a7-common-args.resp
    
    builtin-ScanDependencies -o /Users/siam/Library/Developer/Xcode/DerivedData/Lingua_Quest-gvpckrqxtbgyprbgppjfqmimmmfw/Build/Intermediates.noindex/AppAuth.build/Debug-iphonesimulator/AppAuth.build/Objects-normal/x86_64/OIDExternalUserAgentIOS.o.scan -- /Applications/Xcode.app/Contents/Developer/Toolchains/XcodeDefault.xctoolchain/usr/bin/clang -x objective-c -ivfsstatcache /Users/siam/Library/Developer/Xcode/DerivedData/SDKStatCaches.noindex/iphonesimulator26.0-23A339-26257891a6c027eb51374368541b8346.sdkstatcache -fmessage-length\=0 -fdiagnostics-show-note-include-stack -fmacro-backtrace-limit\=0 -fno-color-diagnostics -fmodules-prune-interval\=86400 -fmodules-prune-after\=345600 -fbuild-session-file\=/Users/siam/Library/Developer/Xcode/DerivedData/ModuleCache.noindex/Session.modulevalidation -fmodules-validate-once-per-build-session -Wnon-modular-include-in-framework-module -Werror\=non-modular-include-in-framework-module -Wno-trigraphs -Wno-missing-field-initializers -Wno-missing-prototypes -Wno-return-type -Wno-implicit-atomic-properties -Wno-objc-interface-ivars -Wno-arc-repeated-use-of-weak -Wno-missing-braces -Wparentheses -Wswitch -Wno-unused-function -Wno-unused-label -Wno-unused-parameter -Wno-unused-variable -Wunused-value -Wno-empty-body -Wno-uninitialized -Wno-unknown-pragmas -w -Wno-shadow -Wno-four-char-constants -Wno-conversion -Wno-constant-conversion -Wno-int-conversion -Wno-bool-conversion -Wno-enum-conversion -Wno-float-conversion -Wno-non-literal-null-conversion -Wno-objc-literal-conversion -Wshorten-64-to-32 -Wpointer-sign -Wno-newline-eof -Wno-selector -Wno-strict-selector-match -Wno-undeclared-selector -Wno-deprecated-implementations -Wno-implicit-fallthrough -fstrict-aliasing -Wprotocol -Wdeprecated-declarations -Wno-sign-conversion -Wno-infinite-recursion -Wno-comma -Wno-block-capture-autoreleasing -Wno-strict-prototypes -Wno-semicolon-before-method-body -index-store-path /Users/siam/Library/Developer/Xcode/DerivedData/Lingua_Quest-gvpckrqxtbgyprbgppjfqmimmmfw/Index.noindex/DataStore @/Users/siam/Library/Developer/Xcode/DerivedData/Lingua_Quest-gvpckrqxtbgyprbgppjfqmimmmfw/Build/Intermediates.noindex/AppAuth.build/Debug-iphonesimulator/AppAuth.build/Objects-normal/x86_64/e6072d4f65d7061329687fe24e3d63a7-common-args.resp -include /Users/siam/Library/Developer/Xcode/DerivedData/Lingua_Quest-gvpckrqxtbgyprbgppjfqmimmmfw/Build/Intermediates.noindex/AppAuth.build/Debug-iphonesimulator/AppAuth.build/DerivedSources/resource_bundle_accessor.h -MMD -MT dependencies -MF /Users/siam/Library/Developer/Xcode/DerivedData/Lingua_Quest-gvpckrqxtbgyprbgppjfqmimmmfw/Build/Intermediates.noindex/AppAuth.build/Debug-iphonesimulator/AppAuth.build/Objects-normal/x86_64/OIDExternalUserAgentIOS.d --serialize-diagnostics /Users/siam/Library/Developer/Xcode/DerivedData/Lingua_Quest-gvpckrqxtbgyprbgppjfqmimmmfw/Build/Intermediates.noindex/AppAuth.build/Debug-iphonesimulator/AppAuth.build/Objects-normal/x86_64/OIDExternalUserAgentIOS.dia -c /Users/siam/Library/Developer/Xcode/DerivedData/Lingua_Quest-gvpckrqxtbgyprbgppjfqmimmmfw/SourcePackages/checkouts/AppAuth-iOS/Sources/AppAuth/iOS/OIDExternalUserAgentIOS.m -o /Users/siam/Library/Developer/Xcode/DerivedData/Lingua_Quest-gvpckrqxtbgyprbgppjfqmimmmfw/Build/Intermediates.noindex/AppAuth.build/Debug-iphonesimulator/AppAuth.build/Objects-normal/x86_64/OIDExternalUserAgentIOS.o -index-unit-output-path /AppAuth.build/Debug-iphonesimulator/AppAuth.build/Objects-normal/x86_64/OIDExternalUserAgentIOS.o

ScanDependencies /Users/siam/Library/Developer/Xcode/DerivedData/Lingua_Quest-gvpckrqxtbgyprbgppjfqmimmmfw/Build/Intermediates.noindex/AppAuth.build/Debug-iphonesimulator/AppAuth.build/Objects-normal/x86_64/OIDExternalUserAgentCatalyst.o /Users/siam/Library/Developer/Xcode/DerivedData/Lingua_Quest-gvpckrqxtbgyprbgppjfqmimmmfw/SourcePackages/checkouts/AppAuth-iOS/Sources/AppAuth/iOS/OIDExternalUserAgentCatalyst.m normal x86_64 objective-c com.apple.compilers.llvm.clang.1_0.compiler (in target 'AppAuth' from project 'AppAuth')
    cd /Users/siam/Desktop/Lingua\ Quest/Lingua\ Quest.xcodeproj
    
    Using response file: /Users/siam/Library/Developer/Xcode/DerivedData/Lingua_Quest-gvpckrqxtbgyprbgppjfqmimmmfw/Build/Intermediates.noindex/AppAuth.build/Debug-iphonesimulator/AppAuth.build/Objects-normal/x86_64/e6072d4f65d7061329687fe24e3d63a7-common-args.resp
    
    builtin-ScanDependencies -o /Users/siam/Library/Developer/Xcode/DerivedData/Lingua_Quest-gvpckrqxtbgyprbgppjfqmimmmfw/Build/Intermediates.noindex/AppAuth.build/Debug-iphonesimulator/AppAuth.build/Objects-normal/x86_64/OIDExternalUserAgentCatalyst.o.scan -- /Applications/Xcode.app/Contents/Developer/Toolchains/XcodeDefault.xctoolchain/usr/bin/clang -x objective-c -ivfsstatcache /Users/siam/Library/Developer/Xcode/DerivedData/SDKStatCaches.noindex/iphonesimulator26.0-23A339-26257891a6c027eb51374368541b8346.sdkstatcache -fmessage-length\=0 -fdiagnostics-show-note-include-stack -fmacro-backtrace-limit\=0 -fno-color-diagnostics -fmodules-prune-interval\=86400 -fmodules-prune-after\=345600 -fbuild-session-file\=/Users/siam/Library/Developer/Xcode/DerivedData/ModuleCache.noindex/Session.modulevalidation -fmodules-validate-once-per-build-session -Wnon-modular-include-in-framework-module -Werror\=non-modular-include-in-framework-module -Wno-trigraphs -Wno-missing-field-initializers -Wno-missing-prototypes -Wno-return-type -Wno-implicit-atomic-properties -Wno-objc-interface-ivars -Wno-arc-repeated-use-of-weak -Wno-missing-braces -Wparentheses -Wswitch -Wno-unused-function -Wno-unused-label -Wno-unused-parameter -Wno-unused-variable -Wunused-value -Wno-empty-body -Wno-uninitialized -Wno-unknown-pragmas -w -Wno-shadow -Wno-four-char-constants -Wno-conversion -Wno-constant-conversion -Wno-int-conversion -Wno-bool-conversion -Wno-enum-conversion -Wno-float-conversion -Wno-non-literal-null-conversion -Wno-objc-literal-conversion -Wshorten-64-to-32 -Wpointer-sign -Wno-newline-eof -Wno-selector -Wno-strict-selector-match -Wno-undeclared-selector -Wno-deprecated-implementations -Wno-implicit-fallthrough -fstrict-aliasing -Wprotocol -Wdeprecated-declarations -Wno-sign-conversion -Wno-infinite-recursion -Wno-comma -Wno-block-capture-autoreleasing -Wno-strict-prototypes -Wno-semicolon-before-method-body -index-store-path /Users/siam/Library/Developer/Xcode/DerivedData/Lingua_Quest-gvpckrqxtbgyprbgppjfqmimmmfw/Index.noindex/DataStore @/Users/siam/Library/Developer/Xcode/DerivedData/Lingua_Quest-gvpckrqxtbgyprbgppjfqmimmmfw/Build/Intermediates.noindex/AppAuth.build/Debug-iphonesimulator/AppAuth.build/Objects-normal/x86_64/e6072d4f65d7061329687fe24e3d63a7-common-args.resp -include /Users/siam/Library/Developer/Xcode/DerivedData/Lingua_Quest-gvpckrqxtbgyprbgppjfqmimmmfw/Build/Intermediates.noindex/AppAuth.build/Debug-iphonesimulator/AppAuth.build/DerivedSources/resource_bundle_accessor.h -MMD -MT dependencies -MF /Users/siam/Library/Developer/Xcode/DerivedData/Lingua_Quest-gvpckrqxtbgyprbgppjfqmimmmfw/Build/Intermediates.noindex/AppAuth.build/Debug-iphonesimulator/AppAuth.build/Objects-normal/x86_64/OIDExternalUserAgentCatalyst.d --serialize-diagnostics /Users/siam/Library/Developer/Xcode/DerivedData/Lingua_Quest-gvpckrqxtbgyprbgppjfqmimmmfw/Build/Intermediates.noindex/AppAuth.build/Debug-iphonesimulator/AppAuth.build/Objects-normal/x86_64/OIDExternalUserAgentCatalyst.dia -c /Users/siam/Library/Developer/Xcode/DerivedData/Lingua_Quest-gvpckrqxtbgyprbgppjfqmimmmfw/SourcePackages/checkouts/AppAuth-iOS/Sources/AppAuth/iOS/OIDExternalUserAgentCatalyst.m -o /Users/siam/Library/Developer/Xcode/DerivedData/Lingua_Quest-gvpckrqxtbgyprbgppjfqmimmmfw/Build/Intermediates.noindex/AppAuth.build/Debug-iphonesimulator/AppAuth.build/Objects-normal/x86_64/OIDExternalUserAgentCatalyst.o -index-unit-output-path /AppAuth.build/Debug-iphonesimulator/AppAuth.build/Objects-normal/x86_64/OIDExternalUserAgentCatalyst.o

CreateUniversalBinary /Users/siam/Library/Developer/Xcode/DerivedData/Lingua_Quest-gvpckrqxtbgyprbgppjfqmimmmfw/Build/Products/Debug-iphonesimulator/nanopb.o normal arm64\ x86_64 (in target 'nanopb' from project 'nanopb')
    cd /Users/siam/Library/Developer/Xcode/DerivedData/Lingua_Quest-gvpckrqxtbgyprbgppjfqmimmmfw/SourcePackages/checkouts/nanopb
    /Applications/Xcode.app/Contents/Developer/Toolchains/XcodeDefault.xctoolchain/usr/bin/lipo -create /Users/siam/Library/Developer/Xcode/DerivedData/Lingua_Quest-gvpckrqxtbgyprbgppjfqmimmmfw/Build/Intermediates.noindex/nanopb.build/Debug-iphonesimulator/nanopb.build/Objects-normal/arm64/Binary/nanopb.o /Users/siam/Library/Developer/Xcode/DerivedData/Lingua_Quest-gvpckrqxtbgyprbgppjfqmimmmfw/Build/Intermediates.noindex/nanopb.build/Debug-iphonesimulator/nanopb.build/Objects-normal/x86_64/Binary/nanopb.o -output /Users/siam/Library/Developer/Xcode/DerivedData/Lingua_Quest-gvpckrqxtbgyprbgppjfqmimmmfw/Build/Products/Debug-iphonesimulator/nanopb.o

CompileC /Users/siam/Library/Developer/Xcode/DerivedData/Lingua_Quest-gvpckrqxtbgyprbgppjfqmimmmfw/Build/Intermediates.noindex/AppAuth.build/Debug-iphonesimulator/AppAuth.build/Objects-normal/x86_64/OIDLoopbackHTTPServer.o /Users/siam/Library/Developer/Xcode/DerivedData/Lingua_Quest-gvpckrqxtbgyprbgppjfqmimmmfw/SourcePackages/checkouts/AppAuth-iOS/Sources/AppAuth/macOS/LoopbackHTTPServer/OIDLoopbackHTTPServer.m normal x86_64 objective-c com.apple.compilers.llvm.clang.1_0.compiler (in target 'AppAuth' from project 'AppAuth')
    cd /Users/siam/Desktop/Lingua\ Quest/Lingua\ Quest.xcodeproj
    
    Using response file: /Users/siam/Library/Developer/Xcode/DerivedData/Lingua_Quest-gvpckrqxtbgyprbgppjfqmimmmfw/Build/Intermediates.noindex/AppAuth.build/Debug-iphonesimulator/AppAuth.build/Objects-normal/x86_64/e6072d4f65d7061329687fe24e3d63a7-common-args.resp
    
    /Applications/Xcode.app/Contents/Developer/Toolchains/XcodeDefault.xctoolchain/usr/bin/clang -x objective-c -ivfsstatcache /Users/siam/Library/Developer/Xcode/DerivedData/SDKStatCaches.noindex/iphonesimulator26.0-23A339-26257891a6c027eb51374368541b8346.sdkstatcache -fmessage-length\=0 -fdiagnostics-show-note-include-stack -fmacro-backtrace-limit\=0 -fno-color-diagnostics -fmodules-prune-interval\=86400 -fmodules-prune-after\=345600 -fbuild-session-file\=/Users/siam/Library/Developer/Xcode/DerivedData/ModuleCache.noindex/Session.modulevalidation -fmodules-validate-once-per-build-session -Wnon-modular-include-in-framework-module -Werror\=non-modular-include-in-framework-module -Wno-trigraphs -Wno-missing-field-initializers -Wno-missing-prototypes -Wno-return-type -Wno-implicit-atomic-properties -Wno-objc-interface-ivars -Wno-arc-repeated-use-of-weak -Wno-missing-braces -Wparentheses -Wswitch -Wno-unused-function -Wno-unused-label -Wno-unused-parameter -Wno-unused-variable -Wunused-value -Wno-empty-body -Wno-uninitialized -Wno-unknown-pragmas -w -Wno-shadow -Wno-four-char-constants -Wno-conversion -Wno-constant-conversion -Wno-int-conversion -Wno-bool-conversion -Wno-enum-conversion -Wno-float-conversion -Wno-non-literal-null-conversion -Wno-objc-literal-conversion -Wshorten-64-to-32 -Wpointer-sign -Wno-newline-eof -Wno-selector -Wno-strict-selector-match -Wno-undeclared-selector -Wno-deprecated-implementations -Wno-implicit-fallthrough -fstrict-aliasing -Wprotocol -Wdeprecated-declarations -Wno-sign-conversion -Wno-infinite-recursion -Wno-comma -Wno-block-capture-autoreleasing -Wno-strict-prototypes -Wno-semicolon-before-method-body -index-store-path /Users/siam/Library/Developer/Xcode/DerivedData/Lingua_Quest-gvpckrqxtbgyprbgppjfqmimmmfw/Index.noindex/DataStore @/Users/siam/Library/Developer/Xcode/DerivedData/Lingua_Quest-gvpckrqxtbgyprbgppjfqmimmmfw/Build/Intermediates.noindex/AppAuth.build/Debug-iphonesimulator/AppAuth.build/Objects-normal/x86_64/e6072d4f65d7061329687fe24e3d63a7-common-args.resp -include /Users/siam/Library/Developer/Xcode/DerivedData/Lingua_Quest-gvpckrqxtbgyprbgppjfqmimmmfw/Build/Intermediates.noindex/AppAuth.build/Debug-iphonesimulator/AppAuth.build/DerivedSources/resource_bundle_accessor.h -MMD -MT dependencies -MF /Users/siam/Library/Developer/Xcode/DerivedData/Lingua_Quest-gvpckrqxtbgyprbgppjfqmimmmfw/Build/Intermediates.noindex/AppAuth.build/Debug-iphonesimulator/AppAuth.build/Objects-normal/x86_64/OIDLoopbackHTTPServer.d --serialize-diagnostics /Users/siam/Library/Developer/Xcode/DerivedData/Lingua_Quest-gvpckrqxtbgyprbgppjfqmimmmfw/Build/Intermediates.noindex/AppAuth.build/Debug-iphonesimulator/AppAuth.build/Objects-normal/x86_64/OIDLoopbackHTTPServer.dia -c /Users/siam/Library/Developer/Xcode/DerivedData/Lingua_Quest-gvpckrqxtbgyprbgppjfqmimmmfw/SourcePackages/checkouts/AppAuth-iOS/Sources/AppAuth/macOS/LoopbackHTTPServer/OIDLoopbackHTTPServer.m -o /Users/siam/Library/Developer/Xcode/DerivedData/Lingua_Quest-gvpckrqxtbgyprbgppjfqmimmmfw/Build/Intermediates.noindex/AppAuth.build/Debug-iphonesimulator/AppAuth.build/Objects-normal/x86_64/OIDLoopbackHTTPServer.o -index-unit-output-path /AppAuth.build/Debug-iphonesimulator/AppAuth.build/Objects-normal/x86_64/OIDLoopbackHTTPServer.o

CompileC /Users/siam/Library/Developer/Xcode/DerivedData/Lingua_Quest-gvpckrqxtbgyprbgppjfqmimmmfw/Build/Intermediates.noindex/AppAuth.build/Debug-iphonesimulator/AppAuth.build/Objects-normal/x86_64/OIDExternalUserAgentMac.o /Users/siam/Library/Developer/Xcode/DerivedData/Lingua_Quest-gvpckrqxtbgyprbgppjfqmimmmfw/SourcePackages/checkouts/AppAuth-iOS/Sources/AppAuth/macOS/OIDExternalUserAgentMac.m normal x86_64 objective-c com.apple.compilers.llvm.clang.1_0.compiler (in target 'AppAuth' from project 'AppAuth')
    cd /Users/siam/Desktop/Lingua\ Quest/Lingua\ Quest.xcodeproj
    
    Using response file: /Users/siam/Library/Developer/Xcode/DerivedData/Lingua_Quest-gvpckrqxtbgyprbgppjfqmimmmfw/Build/Intermediates.noindex/AppAuth.build/Debug-iphonesimulator/AppAuth.build/Objects-normal/x86_64/e6072d4f65d7061329687fe24e3d63a7-common-args.resp
    
    /Applications/Xcode.app/Contents/Developer/Toolchains/XcodeDefault.xctoolchain/usr/bin/clang -x objective-c -ivfsstatcache /Users/siam/Library/Developer/Xcode/DerivedData/SDKStatCaches.noindex/iphonesimulator26.0-23A339-26257891a6c027eb51374368541b8346.sdkstatcache -fmessage-length\=0 -fdiagnostics-show-note-include-stack -fmacro-backtrace-limit\=0 -fno-color-diagnostics -fmodules-prune-interval\=86400 -fmodules-prune-after\=345600 -fbuild-session-file\=/Users/siam/Library/Developer/Xcode/DerivedData/ModuleCache.noindex/Session.modulevalidation -fmodules-validate-once-per-build-session -Wnon-modular-include-in-framework-module -Werror\=non-modular-include-in-framework-module -Wno-trigraphs -Wno-missing-field-initializers -Wno-missing-prototypes -Wno-return-type -Wno-implicit-atomic-properties -Wno-objc-interface-ivars -Wno-arc-repeated-use-of-weak -Wno-missing-braces -Wparentheses -Wswitch -Wno-unused-function -Wno-unused-label -Wno-unused-parameter -Wno-unused-variable -Wunused-value -Wno-empty-body -Wno-uninitialized -Wno-unknown-pragmas -w -Wno-shadow -Wno-four-char-constants -Wno-conversion -Wno-constant-conversion -Wno-int-conversion -Wno-bool-conversion -Wno-enum-conversion -Wno-float-conversion -Wno-non-literal-null-conversion -Wno-objc-literal-conversion -Wshorten-64-to-32 -Wpointer-sign -Wno-newline-eof -Wno-selector -Wno-strict-selector-match -Wno-undeclared-selector -Wno-deprecated-implementations -Wno-implicit-fallthrough -fstrict-aliasing -Wprotocol -Wdeprecated-declarations -Wno-sign-conversion -Wno-infinite-recursion -Wno-comma -Wno-block-capture-autoreleasing -Wno-strict-prototypes -Wno-semicolon-before-method-body -index-store-path /Users/siam/Library/Developer/Xcode/DerivedData/Lingua_Quest-gvpckrqxtbgyprbgppjfqmimmmfw/Index.noindex/DataStore @/Users/siam/Library/Developer/Xcode/DerivedData/Lingua_Quest-gvpckrqxtbgyprbgppjfqmimmmfw/Build/Intermediates.noindex/AppAuth.build/Debug-iphonesimulator/AppAuth.build/Objects-normal/x86_64/e6072d4f65d7061329687fe24e3d63a7-common-args.resp -include /Users/siam/Library/Developer/Xcode/DerivedData/Lingua_Quest-gvpckrqxtbgyprbgppjfqmimmmfw/Build/Intermediates.noindex/AppAuth.build/Debug-iphonesimulator/AppAuth.build/DerivedSources/resource_bundle_accessor.h -MMD -MT dependencies -MF /Users/siam/Library/Developer/Xcode/DerivedData/Lingua_Quest-gvpckrqxtbgyprbgppjfqmimmmfw/Build/Intermediates.noindex/AppAuth.build/Debug-iphonesimulator/AppAuth.build/Objects-normal/x86_64/OIDExternalUserAgentMac.d --serialize-diagnostics /Users/siam/Library/Developer/Xcode/DerivedData/Lingua_Quest-gvpckrqxtbgyprbgppjfqmimmmfw/Build/Intermediates.noindex/AppAuth.build/Debug-iphonesimulator/AppAuth.build/Objects-normal/x86_64/OIDExternalUserAgentMac.dia -c /Users/siam/Library/Developer/Xcode/DerivedData/Lingua_Quest-gvpckrqxtbgyprbgppjfqmimmmfw/SourcePackages/checkouts/AppAuth-iOS/Sources/AppAuth/macOS/OIDExternalUserAgentMac.m -o /Users/siam/Library/Developer/Xcode/DerivedData/Lingua_Quest-gvpckrqxtbgyprbgppjfqmimmmfw/Build/Intermediates.noindex/AppAuth.build/Debug-iphonesimulator/AppAuth.build/Objects-normal/x86_64/OIDExternalUserAgentMac.o -index-unit-output-path /AppAuth.build/Debug-iphonesimulator/AppAuth.build/Objects-normal/x86_64/OIDExternalUserAgentMac.o

ScanDependencies /Users/siam/Library/Developer/Xcode/DerivedData/Lingua_Quest-gvpckrqxtbgyprbgppjfqmimmmfw/Build/Intermediates.noindex/AppAuth.build/Debug-iphonesimulator/AppAuth.build/Objects-normal/x86_64/OIDAuthorizationService+Mac.o /Users/siam/Library/Developer/Xcode/DerivedData/Lingua_Quest-gvpckrqxtbgyprbgppjfqmimmmfw/SourcePackages/checkouts/AppAuth-iOS/Sources/AppAuth/macOS/OIDAuthorizationService+Mac.m normal x86_64 objective-c com.apple.compilers.llvm.clang.1_0.compiler (in target 'AppAuth' from project 'AppAuth')
    cd /Users/siam/Desktop/Lingua\ Quest/Lingua\ Quest.xcodeproj
    
    Using response file: /Users/siam/Library/Developer/Xcode/DerivedData/Lingua_Quest-gvpckrqxtbgyprbgppjfqmimmmfw/Build/Intermediates.noindex/AppAuth.build/Debug-iphonesimulator/AppAuth.build/Objects-normal/x86_64/e6072d4f65d7061329687fe24e3d63a7-common-args.resp
    
    builtin-ScanDependencies -o /Users/siam/Library/Developer/Xcode/DerivedData/Lingua_Quest-gvpckrqxtbgyprbgppjfqmimmmfw/Build/Intermediates.noindex/AppAuth.build/Debug-iphonesimulator/AppAuth.build/Objects-normal/x86_64/OIDAuthorizationService+Mac.o.scan -- /Applications/Xcode.app/Contents/Developer/Toolchains/XcodeDefault.xctoolchain/usr/bin/clang -x objective-c -ivfsstatcache /Users/siam/Library/Developer/Xcode/DerivedData/SDKStatCaches.noindex/iphonesimulator26.0-23A339-26257891a6c027eb51374368541b8346.sdkstatcache -fmessage-length\=0 -fdiagnostics-show-note-include-stack -fmacro-backtrace-limit\=0 -fno-color-diagnostics -fmodules-prune-interval\=86400 -fmodules-prune-after\=345600 -fbuild-session-file\=/Users/siam/Library/Developer/Xcode/DerivedData/ModuleCache.noindex/Session.modulevalidation -fmodules-validate-once-per-build-session -Wnon-modular-include-in-framework-module -Werror\=non-modular-include-in-framework-module -Wno-trigraphs -Wno-missing-field-initializers -Wno-missing-prototypes -Wno-return-type -Wno-implicit-atomic-properties -Wno-objc-interface-ivars -Wno-arc-repeated-use-of-weak -Wno-missing-braces -Wparentheses -Wswitch -Wno-unused-function -Wno-unused-label -Wno-unused-parameter -Wno-unused-variable -Wunused-value -Wno-empty-body -Wno-uninitialized -Wno-unknown-pragmas -w -Wno-shadow -Wno-four-char-constants -Wno-conversion -Wno-constant-conversion -Wno-int-conversion -Wno-bool-conversion -Wno-enum-conversion -Wno-float-conversion -Wno-non-literal-null-conversion -Wno-objc-literal-conversion -Wshorten-64-to-32 -Wpointer-sign -Wno-newline-eof -Wno-selector -Wno-strict-selector-match -Wno-undeclared-selector -Wno-deprecated-implementations -Wno-implicit-fallthrough -fstrict-aliasing -Wprotocol -Wdeprecated-declarations -Wno-sign-conversion -Wno-infinite-recursion -Wno-comma -Wno-block-capture-autoreleasing -Wno-strict-prototypes -Wno-semicolon-before-method-body -index-store-path /Users/siam/Library/Developer/Xcode/DerivedData/Lingua_Quest-gvpckrqxtbgyprbgppjfqmimmmfw/Index.noindex/DataStore @/Users/siam/Library/Developer/Xcode/DerivedData/Lingua_Quest-gvpckrqxtbgyprbgppjfqmimmmfw/Build/Intermediates.noindex/AppAuth.build/Debug-iphonesimulator/AppAuth.build/Objects-normal/x86_64/e6072d4f65d7061329687fe24e3d63a7-common-args.resp -include /Users/siam/Library/Developer/Xcode/DerivedData/Lingua_Quest-gvpckrqxtbgyprbgppjfqmimmmfw/Build/Intermediates.noindex/AppAuth.build/Debug-iphonesimulator/AppAuth.build/DerivedSources/resource_bundle_accessor.h -MMD -MT dependencies -MF /Users/siam/Library/Developer/Xcode/DerivedData/Lingua_Quest-gvpckrqxtbgyprbgppjfqmimmmfw/Build/Intermediates.noindex/AppAuth.build/Debug-iphonesimulator/AppAuth.build/Objects-normal/x86_64/OIDAuthorizationService+Mac.d --serialize-diagnostics /Users/siam/Library/Developer/Xcode/DerivedData/Lingua_Quest-gvpckrqxtbgyprbgppjfqmimmmfw/Build/Intermediates.noindex/AppAuth.build/Debug-iphonesimulator/AppAuth.build/Objects-normal/x86_64/OIDAuthorizationService+Mac.dia -c /Users/siam/Library/Developer/Xcode/DerivedData/Lingua_Quest-gvpckrqxtbgyprbgppjfqmimmmfw/SourcePackages/checkouts/AppAuth-iOS/Sources/AppAuth/macOS/OIDAuthorizationService+Mac.m -o /Users/siam/Library/Developer/Xcode/DerivedData/Lingua_Quest-gvpckrqxtbgyprbgppjfqmimmmfw/Build/Intermediates.noindex/AppAuth.build/Debug-iphonesimulator/AppAuth.build/Objects-normal/x86_64/OIDAuthorizationService+Mac.o -index-unit-output-path /AppAuth.build/Debug-iphonesimulator/AppAuth.build/Objects-normal/x86_64/OIDAuthorizationService+Mac.o

ScanDependencies /Users/siam/Library/Developer/Xcode/DerivedData/Lingua_Quest-gvpckrqxtbgyprbgppjfqmimmmfw/Build/Intermediates.noindex/AppAuth.build/Debug-iphonesimulator/AppAuth.build/Objects-normal/x86_64/OIDAuthorizationService+IOS.o /Users/siam/Library/Developer/Xcode/DerivedData/Lingua_Quest-gvpckrqxtbgyprbgppjfqmimmmfw/SourcePackages/checkouts/AppAuth-iOS/Sources/AppAuth/iOS/OIDAuthorizationService+IOS.m normal x86_64 objective-c com.apple.compilers.llvm.clang.1_0.compiler (in target 'AppAuth' from project 'AppAuth')
    cd /Users/siam/Desktop/Lingua\ Quest/Lingua\ Quest.xcodeproj
    
    Using response file: /Users/siam/Library/Developer/Xcode/DerivedData/Lingua_Quest-gvpckrqxtbgyprbgppjfqmimmmfw/Build/Intermediates.noindex/AppAuth.build/Debug-iphonesimulator/AppAuth.build/Objects-normal/x86_64/e6072d4f65d7061329687fe24e3d63a7-common-args.resp
    
    builtin-ScanDependencies -o /Users/siam/Library/Developer/Xcode/DerivedData/Lingua_Quest-gvpckrqxtbgyprbgppjfqmimmmfw/Build/Intermediates.noindex/AppAuth.build/Debug-iphonesimulator/AppAuth.build/Objects-normal/x86_64/OIDAuthorizationService+IOS.o.scan -- /Applications/Xcode.app/Contents/Developer/Toolchains/XcodeDefault.xctoolchain/usr/bin/clang -x objective-c -ivfsstatcache /Users/siam/Library/Developer/Xcode/DerivedData/SDKStatCaches.noindex/iphonesimulator26.0-23A339-26257891a6c027eb51374368541b8346.sdkstatcache -fmessage-length\=0 -fdiagnostics-show-note-include-stack -fmacro-backtrace-limit\=0 -fno-color-diagnostics -fmodules-prune-interval\=86400 -fmodules-prune-after\=345600 -fbuild-session-file\=/Users/siam/Library/Developer/Xcode/DerivedData/ModuleCache.noindex/Session.modulevalidation -fmodules-validate-once-per-build-session -Wnon-modular-include-in-framework-module -Werror\=non-modular-include-in-framework-module -Wno-trigraphs -Wno-missing-field-initializers -Wno-missing-prototypes -Wno-return-type -Wno-implicit-atomic-properties -Wno-objc-interface-ivars -Wno-arc-repeated-use-of-weak -Wno-missing-braces -Wparentheses -Wswitch -Wno-unused-function -Wno-unused-label -Wno-unused-parameter -Wno-unused-variable -Wunused-value -Wno-empty-body -Wno-uninitialized -Wno-unknown-pragmas -w -Wno-shadow -Wno-four-char-constants -Wno-conversion -Wno-constant-conversion -Wno-int-conversion -Wno-bool-conversion -Wno-enum-conversion -Wno-float-conversion -Wno-non-literal-null-conversion -Wno-objc-literal-conversion -Wshorten-64-to-32 -Wpointer-sign -Wno-newline-eof -Wno-selector -Wno-strict-selector-match -Wno-undeclared-selector -Wno-deprecated-implementations -Wno-implicit-fallthrough -fstrict-aliasing -Wprotocol -Wdeprecated-declarations -Wno-sign-conversion -Wno-infinite-recursion -Wno-comma -Wno-block-capture-autoreleasing -Wno-strict-prototypes -Wno-semicolon-before-method-body -index-store-path /Users/siam/Library/Developer/Xcode/DerivedData/Lingua_Quest-gvpckrqxtbgyprbgppjfqmimmmfw/Index.noindex/DataStore @/Users/siam/Library/Developer/Xcode/DerivedData/Lingua_Quest-gvpckrqxtbgyprbgppjfqmimmmfw/Build/Intermediates.noindex/AppAuth.build/Debug-iphonesimulator/AppAuth.build/Objects-normal/x86_64/e6072d4f65d7061329687fe24e3d63a7-common-args.resp -include /Users/siam/Library/Developer/Xcode/DerivedData/Lingua_Quest-gvpckrqxtbgyprbgppjfqmimmmfw/Build/Intermediates.noindex/AppAuth.build/Debug-iphonesimulator/AppAuth.build/DerivedSources/resource_bundle_accessor.h -MMD -MT dependencies -MF /Users/siam/Library/Developer/Xcode/DerivedData/Lingua_Quest-gvpckrqxtbgyprbgppjfqmimmmfw/Build/Intermediates.noindex/AppAuth.build/Debug-iphonesimulator/AppAuth.build/Objects-normal/x86_64/OIDAuthorizationService+IOS.d --serialize-diagnostics /Users/siam/Library/Developer/Xcode/DerivedData/Lingua_Quest-gvpckrqxtbgyprbgppjfqmimmmfw/Build/Intermediates.noindex/AppAuth.build/Debug-iphonesimulator/AppAuth.build/Objects-normal/x86_64/OIDAuthorizationService+IOS.dia -c /Users/siam/Library/Developer/Xcode/DerivedData/Lingua_Quest-gvpckrqxtbgyprbgppjfqmimmmfw/SourcePackages/checkouts/AppAuth-iOS/Sources/AppAuth/iOS/OIDAuthorizationService+IOS.m -o /Users/siam/Library/Developer/Xcode/DerivedData/Lingua_Quest-gvpckrqxtbgyprbgppjfqmimmmfw/Build/Intermediates.noindex/AppAuth.build/Debug-iphonesimulator/AppAuth.build/Objects-normal/x86_64/OIDAuthorizationService+IOS.o -index-unit-output-path /AppAuth.build/Debug-iphonesimulator/AppAuth.build/Objects-normal/x86_64/OIDAuthorizationService+IOS.o

ScanDependencies /Users/siam/Library/Developer/Xcode/DerivedData/Lingua_Quest-gvpckrqxtbgyprbgppjfqmimmmfw/Build/Intermediates.noindex/AppAuth.build/Debug-iphonesimulator/AppAuth.build/Objects-normal/x86_64/OIDAuthState+Mac.o /Users/siam/Library/Developer/Xcode/DerivedData/Lingua_Quest-gvpckrqxtbgyprbgppjfqmimmmfw/SourcePackages/checkouts/AppAuth-iOS/Sources/AppAuth/macOS/OIDAuthState+Mac.m normal x86_64 objective-c com.apple.compilers.llvm.clang.1_0.compiler (in target 'AppAuth' from project 'AppAuth')
    cd /Users/siam/Desktop/Lingua\ Quest/Lingua\ Quest.xcodeproj
    
    Using response file: /Users/siam/Library/Developer/Xcode/DerivedData/Lingua_Quest-gvpckrqxtbgyprbgppjfqmimmmfw/Build/Intermediates.noindex/AppAuth.build/Debug-iphonesimulator/AppAuth.build/Objects-normal/x86_64/e6072d4f65d7061329687fe24e3d63a7-common-args.resp
    
    builtin-ScanDependencies -o /Users/siam/Library/Developer/Xcode/DerivedData/Lingua_Quest-gvpckrqxtbgyprbgppjfqmimmmfw/Build/Intermediates.noindex/AppAuth.build/Debug-iphonesimulator/AppAuth.build/Objects-normal/x86_64/OIDAuthState+Mac.o.scan -- /Applications/Xcode.app/Contents/Developer/Toolchains/XcodeDefault.xctoolchain/usr/bin/clang -x objective-c -ivfsstatcache /Users/siam/Library/Developer/Xcode/DerivedData/SDKStatCaches.noindex/iphonesimulator26.0-23A339-26257891a6c027eb51374368541b8346.sdkstatcache -fmessage-length\=0 -fdiagnostics-show-note-include-stack -fmacro-backtrace-limit\=0 -fno-color-diagnostics -fmodules-prune-interval\=86400 -fmodules-prune-after\=345600 -fbuild-session-file\=/Users/siam/Library/Developer/Xcode/DerivedData/ModuleCache.noindex/Session.modulevalidation -fmodules-validate-once-per-build-session -Wnon-modular-include-in-framework-module -Werror\=non-modular-include-in-framework-module -Wno-trigraphs -Wno-missing-field-initializers -Wno-missing-prototypes -Wno-return-type -Wno-implicit-atomic-properties -Wno-objc-interface-ivars -Wno-arc-repeated-use-of-weak -Wno-missing-braces -Wparentheses -Wswitch -Wno-unused-function -Wno-unused-label -Wno-unused-parameter -Wno-unused-variable -Wunused-value -Wno-empty-body -Wno-uninitialized -Wno-unknown-pragmas -w -Wno-shadow -Wno-four-char-constants -Wno-conversion -Wno-constant-conversion -Wno-int-conversion -Wno-bool-conversion -Wno-enum-conversion -Wno-float-conversion -Wno-non-literal-null-conversion -Wno-objc-literal-conversion -Wshorten-64-to-32 -Wpointer-sign -Wno-newline-eof -Wno-selector -Wno-strict-selector-match -Wno-undeclared-selector -Wno-deprecated-implementations -Wno-implicit-fallthrough -fstrict-aliasing -Wprotocol -Wdeprecated-declarations -Wno-sign-conversion -Wno-infinite-recursion -Wno-comma -Wno-block-capture-autoreleasing -Wno-strict-prototypes -Wno-semicolon-before-method-body -index-store-path /Users/siam/Library/Developer/Xcode/DerivedData/Lingua_Quest-gvpckrqxtbgyprbgppjfqmimmmfw/Index.noindex/DataStore @/Users/siam/Library/Developer/Xcode/DerivedData/Lingua_Quest-gvpckrqxtbgyprbgppjfqmimmmfw/Build/Intermediates.noindex/AppAuth.build/Debug-iphonesimulator/AppAuth.build/Objects-normal/x86_64/e6072d4f65d7061329687fe24e3d63a7-common-args.resp -include /Users/siam/Library/Developer/Xcode/DerivedData/Lingua_Quest-gvpckrqxtbgyprbgppjfqmimmmfw/Build/Intermediates.noindex/AppAuth.build/Debug-iphonesimulator/AppAuth.build/DerivedSources/resource_bundle_accessor.h -MMD -MT dependencies -MF /Users/siam/Library/Developer/Xcode/DerivedData/Lingua_Quest-gvpckrqxtbgyprbgppjfqmimmmfw/Build/Intermediates.noindex/AppAuth.build/Debug-iphonesimulator/AppAuth.build/Objects-normal/x86_64/OIDAuthState+Mac.d --serialize-diagnostics /Users/siam/Library/Developer/Xcode/DerivedData/Lingua_Quest-gvpckrqxtbgyprbgppjfqmimmmfw/Build/Intermediates.noindex/AppAuth.build/Debug-iphonesimulator/AppAuth.build/Objects-normal/x86_64/OIDAuthState+Mac.dia -c /Users/siam/Library/Developer/Xcode/DerivedData/Lingua_Quest-gvpckrqxtbgyprbgppjfqmimmmfw/SourcePackages/checkouts/AppAuth-iOS/Sources/AppAuth/macOS/OIDAuthState+Mac.m -o /Users/siam/Library/Developer/Xcode/DerivedData/Lingua_Quest-gvpckrqxtbgyprbgppjfqmimmmfw/Build/Intermediates.noindex/AppAuth.build/Debug-iphonesimulator/AppAuth.build/Objects-normal/x86_64/OIDAuthState+Mac.o -index-unit-output-path /AppAuth.build/Debug-iphonesimulator/AppAuth.build/Objects-normal/x86_64/OIDAuthState+Mac.o

ScanDependencies /Users/siam/Library/Developer/Xcode/DerivedData/Lingua_Quest-gvpckrqxtbgyprbgppjfqmimmmfw/Build/Intermediates.noindex/AppAuth.build/Debug-iphonesimulator/AppAuth.build/Objects-normal/x86_64/OIDAuthState+IOS.o /Users/siam/Library/Developer/Xcode/DerivedData/Lingua_Quest-gvpckrqxtbgyprbgppjfqmimmmfw/SourcePackages/checkouts/AppAuth-iOS/Sources/AppAuth/iOS/OIDAuthState+IOS.m normal x86_64 objective-c com.apple.compilers.llvm.clang.1_0.compiler (in target 'AppAuth' from project 'AppAuth')
    cd /Users/siam/Desktop/Lingua\ Quest/Lingua\ Quest.xcodeproj
    
    Using response file: /Users/siam/Library/Developer/Xcode/DerivedData/Lingua_Quest-gvpckrqxtbgyprbgppjfqmimmmfw/Build/Intermediates.noindex/AppAuth.build/Debug-iphonesimulator/AppAuth.build/Objects-normal/x86_64/e6072d4f65d7061329687fe24e3d63a7-common-args.resp
    
    builtin-ScanDependencies -o /Users/siam/Library/Developer/Xcode/DerivedData/Lingua_Quest-gvpckrqxtbgyprbgppjfqmimmmfw/Build/Intermediates.noindex/AppAuth.build/Debug-iphonesimulator/AppAuth.build/Objects-normal/x86_64/OIDAuthState+IOS.o.scan -- /Applications/Xcode.app/Contents/Developer/Toolchains/XcodeDefault.xctoolchain/usr/bin/clang -x objective-c -ivfsstatcache /Users/siam/Library/Developer/Xcode/DerivedData/SDKStatCaches.noindex/iphonesimulator26.0-23A339-26257891a6c027eb51374368541b8346.sdkstatcache -fmessage-length\=0 -fdiagnostics-show-note-include-stack -fmacro-backtrace-limit\=0 -fno-color-diagnostics -fmodules-prune-interval\=86400 -fmodules-prune-after\=345600 -fbuild-session-file\=/Users/siam/Library/Developer/Xcode/DerivedData/ModuleCache.noindex/Session.modulevalidation -fmodules-validate-once-per-build-session -Wnon-modular-include-in-framework-module -Werror\=non-modular-include-in-framework-module -Wno-trigraphs -Wno-missing-field-initializers -Wno-missing-prototypes -Wno-return-type -Wno-implicit-atomic-properties -Wno-objc-interface-ivars -Wno-arc-repeated-use-of-weak -Wno-missing-braces -Wparentheses -Wswitch -Wno-unused-function -Wno-unused-label -Wno-unused-parameter -Wno-unused-variable -Wunused-value -Wno-empty-body -Wno-uninitialized -Wno-unknown-pragmas -w -Wno-shadow -Wno-four-char-constants -Wno-conversion -Wno-constant-conversion -Wno-int-conversion -Wno-bool-conversion -Wno-enum-conversion -Wno-float-conversion -Wno-non-literal-null-conversion -Wno-objc-literal-conversion -Wshorten-64-to-32 -Wpointer-sign -Wno-newline-eof -Wno-selector -Wno-strict-selector-match -Wno-undeclared-selector -Wno-deprecated-implementations -Wno-implicit-fallthrough -fstrict-aliasing -Wprotocol -Wdeprecated-declarations -Wno-sign-conversion -Wno-infinite-recursion -Wno-comma -Wno-block-capture-autoreleasing -Wno-strict-prototypes -Wno-semicolon-before-method-body -index-store-path /Users/siam/Library/Developer/Xcode/DerivedData/Lingua_Quest-gvpckrqxtbgyprbgppjfqmimmmfw/Index.noindex/DataStore @/Users/siam/Library/Developer/Xcode/DerivedData/Lingua_Quest-gvpckrqxtbgyprbgppjfqmimmmfw/Build/Intermediates.noindex/AppAuth.build/Debug-iphonesimulator/AppAuth.build/Objects-normal/x86_64/e6072d4f65d7061329687fe24e3d63a7-common-args.resp -include /Users/siam/Library/Developer/Xcode/DerivedData/Lingua_Quest-gvpckrqxtbgyprbgppjfqmimmmfw/Build/Intermediates.noindex/AppAuth.build/Debug-iphonesimulator/AppAuth.build/DerivedSources/resource_bundle_accessor.h -MMD -MT dependencies -MF /Users/siam/Library/Developer/Xcode/DerivedData/Lingua_Quest-gvpckrqxtbgyprbgppjfqmimmmfw/Build/Intermediates.noindex/AppAuth.build/Debug-iphonesimulator/AppAuth.build/Objects-normal/x86_64/OIDAuthState+IOS.d --serialize-diagnostics /Users/siam/Library/Developer/Xcode/DerivedData/Lingua_Quest-gvpckrqxtbgyprbgppjfqmimmmfw/Build/Intermediates.noindex/AppAuth.build/Debug-iphonesimulator/AppAuth.build/Objects-normal/x86_64/OIDAuthState+IOS.dia -c /Users/siam/Library/Developer/Xcode/DerivedData/Lingua_Quest-gvpckrqxtbgyprbgppjfqmimmmfw/SourcePackages/checkouts/AppAuth-iOS/Sources/AppAuth/iOS/OIDAuthState+IOS.m -o /Users/siam/Library/Developer/Xcode/DerivedData/Lingua_Quest-gvpckrqxtbgyprbgppjfqmimmmfw/Build/Intermediates.noindex/AppAuth.build/Debug-iphonesimulator/AppAuth.build/Objects-normal/x86_64/OIDAuthState+IOS.o -index-unit-output-path /AppAuth.build/Debug-iphonesimulator/AppAuth.build/Objects-normal/x86_64/OIDAuthState+IOS.o

ScanDependencies /Users/siam/Library/Developer/Xcode/DerivedData/Lingua_Quest-gvpckrqxtbgyprbgppjfqmimmmfw/Build/Intermediates.noindex/AppAuth.build/Debug-iphonesimulator/AppAuth.build/Objects-normal/arm64/resource_bundle_accessor.o /Users/siam/Library/Developer/Xcode/DerivedData/Lingua_Quest-gvpckrqxtbgyprbgppjfqmimmmfw/Build/Intermediates.noindex/AppAuth.build/Debug-iphonesimulator/AppAuth.build/DerivedSources/resource_bundle_accessor.m normal arm64 objective-c com.apple.compilers.llvm.clang.1_0.compiler (in target 'AppAuth' from project 'AppAuth')
    cd /Users/siam/Desktop/Lingua\ Quest/Lingua\ Quest.xcodeproj
    
    Using response file: /Users/siam/Library/Developer/Xcode/DerivedData/Lingua_Quest-gvpckrqxtbgyprbgppjfqmimmmfw/Build/Intermediates.noindex/AppAuth.build/Debug-iphonesimulator/AppAuth.build/Objects-normal/arm64/e6072d4f65d7061329687fe24e3d63a7-common-args.resp
    
    builtin-ScanDependencies -o /Users/siam/Library/Developer/Xcode/DerivedData/Lingua_Quest-gvpckrqxtbgyprbgppjfqmimmmfw/Build/Intermediates.noindex/AppAuth.build/Debug-iphonesimulator/AppAuth.build/Objects-normal/arm64/resource_bundle_accessor.o.scan -- /Applications/Xcode.app/Contents/Developer/Toolchains/XcodeDefault.xctoolchain/usr/bin/clang -x objective-c -ivfsstatcache /Users/siam/Library/Developer/Xcode/DerivedData/SDKStatCaches.noindex/iphonesimulator26.0-23A339-26257891a6c027eb51374368541b8346.sdkstatcache -fmessage-length\=0 -fdiagnostics-show-note-include-stack -fmacro-backtrace-limit\=0 -fno-color-diagnostics -fmodules-prune-interval\=86400 -fmodules-prune-after\=345600 -fbuild-session-file\=/Users/siam/Library/Developer/Xcode/DerivedData/ModuleCache.noindex/Session.modulevalidation -fmodules-validate-once-per-build-session -Wnon-modular-include-in-framework-module -Werror\=non-modular-include-in-framework-module -Wno-trigraphs -Wno-missing-field-initializers -Wno-missing-prototypes -Wno-return-type -Wno-implicit-atomic-properties -Wno-objc-interface-ivars -Wno-arc-repeated-use-of-weak -Wno-missing-braces -Wparentheses -Wswitch -Wno-unused-function -Wno-unused-label -Wno-unused-parameter -Wno-unused-variable -Wunused-value -Wno-empty-body -Wno-uninitialized -Wno-unknown-pragmas -w -Wno-shadow -Wno-four-char-constants -Wno-conversion -Wno-constant-conversion -Wno-int-conversion -Wno-bool-conversion -Wno-enum-conversion -Wno-float-conversion -Wno-non-literal-null-conversion -Wno-objc-literal-conversion -Wshorten-64-to-32 -Wpointer-sign -Wno-newline-eof -Wno-selector -Wno-strict-selector-match -Wno-undeclared-selector -Wno-deprecated-implementations -Wno-implicit-fallthrough -fstrict-aliasing -Wprotocol -Wdeprecated-declarations -Wno-sign-conversion -Wno-infinite-recursion -Wno-comma -Wno-block-capture-autoreleasing -Wno-strict-prototypes -Wno-semicolon-before-method-body -index-store-path /Users/siam/Library/Developer/Xcode/DerivedData/Lingua_Quest-gvpckrqxtbgyprbgppjfqmimmmfw/Index.noindex/DataStore @/Users/siam/Library/Developer/Xcode/DerivedData/Lingua_Quest-gvpckrqxtbgyprbgppjfqmimmmfw/Build/Intermediates.noindex/AppAuth.build/Debug-iphonesimulator/AppAuth.build/Objects-normal/arm64/e6072d4f65d7061329687fe24e3d63a7-common-args.resp -include /Users/siam/Library/Developer/Xcode/DerivedData/Lingua_Quest-gvpckrqxtbgyprbgppjfqmimmmfw/Build/Intermediates.noindex/AppAuth.build/Debug-iphonesimulator/AppAuth.build/DerivedSources/resource_bundle_accessor.h -MMD -MT dependencies -MF /Users/siam/Library/Developer/Xcode/DerivedData/Lingua_Quest-gvpckrqxtbgyprbgppjfqmimmmfw/Build/Intermediates.noindex/AppAuth.build/Debug-iphonesimulator/AppAuth.build/Objects-normal/arm64/resource_bundle_accessor.d --serialize-diagnostics /Users/siam/Library/Developer/Xcode/DerivedData/Lingua_Quest-gvpckrqxtbgyprbgppjfqmimmmfw/Build/Intermediates.noindex/AppAuth.build/Debug-iphonesimulator/AppAuth.build/Objects-normal/arm64/resource_bundle_accessor.dia -c /Users/siam/Library/Developer/Xcode/DerivedData/Lingua_Quest-gvpckrqxtbgyprbgppjfqmimmmfw/Build/Intermediates.noindex/AppAuth.build/Debug-iphonesimulator/AppAuth.build/DerivedSources/resource_bundle_accessor.m -o /Users/siam/Library/Developer/Xcode/DerivedData/Lingua_Quest-gvpckrqxtbgyprbgppjfqmimmmfw/Build/Intermediates.noindex/AppAuth.build/Debug-iphonesimulator/AppAuth.build/Objects-normal/arm64/resource_bundle_accessor.o -index-unit-output-path /AppAuth.build/Debug-iphonesimulator/AppAuth.build/Objects-normal/arm64/resource_bundle_accessor.o

CompileC /Users/siam/Library/Developer/Xcode/DerivedData/Lingua_Quest-gvpckrqxtbgyprbgppjfqmimmmfw/Build/Intermediates.noindex/AppAuth.build/Debug-iphonesimulator/AppAuth.build/Objects-normal/x86_64/OIDAuthorizationService+Mac.o /Users/siam/Library/Developer/Xcode/DerivedData/Lingua_Quest-gvpckrqxtbgyprbgppjfqmimmmfw/SourcePackages/checkouts/AppAuth-iOS/Sources/AppAuth/macOS/OIDAuthorizationService+Mac.m normal x86_64 objective-c com.apple.compilers.llvm.clang.1_0.compiler (in target 'AppAuth' from project 'AppAuth')
    cd /Users/siam/Desktop/Lingua\ Quest/Lingua\ Quest.xcodeproj
    
    Using response file: /Users/siam/Library/Developer/Xcode/DerivedData/Lingua_Quest-gvpckrqxtbgyprbgppjfqmimmmfw/Build/Intermediates.noindex/AppAuth.build/Debug-iphonesimulator/AppAuth.build/Objects-normal/x86_64/e6072d4f65d7061329687fe24e3d63a7-common-args.resp
    
    /Applications/Xcode.app/Contents/Developer/Toolchains/XcodeDefault.xctoolchain/usr/bin/clang -x objective-c -ivfsstatcache /Users/siam/Library/Developer/Xcode/DerivedData/SDKStatCaches.noindex/iphonesimulator26.0-23A339-26257891a6c027eb51374368541b8346.sdkstatcache -fmessage-length\=0 -fdiagnostics-show-note-include-stack -fmacro-backtrace-limit\=0 -fno-color-diagnostics -fmodules-prune-interval\=86400 -fmodules-prune-after\=345600 -fbuild-session-file\=/Users/siam/Library/Developer/Xcode/DerivedData/ModuleCache.noindex/Session.modulevalidation -fmodules-validate-once-per-build-session -Wnon-modular-include-in-framework-module -Werror\=non-modular-include-in-framework-module -Wno-trigraphs -Wno-missing-field-initializers -Wno-missing-prototypes -Wno-return-type -Wno-implicit-atomic-properties -Wno-objc-interface-ivars -Wno-arc-repeated-use-of-weak -Wno-missing-braces -Wparentheses -Wswitch -Wno-unused-function -Wno-unused-label -Wno-unused-parameter -Wno-unused-variable -Wunused-value -Wno-empty-body -Wno-uninitialized -Wno-unknown-pragmas -w -Wno-shadow -Wno-four-char-constants -Wno-conversion -Wno-constant-conversion -Wno-int-conversion -Wno-bool-conversion -Wno-enum-conversion -Wno-float-conversion -Wno-non-literal-null-conversion -Wno-objc-literal-conversion -Wshorten-64-to-32 -Wpointer-sign -Wno-newline-eof -Wno-selector -Wno-strict-selector-match -Wno-undeclared-selector -Wno-deprecated-implementations -Wno-implicit-fallthrough -fstrict-aliasing -Wprotocol -Wdeprecated-declarations -Wno-sign-conversion -Wno-infinite-recursion -Wno-comma -Wno-block-capture-autoreleasing -Wno-strict-prototypes -Wno-semicolon-before-method-body -index-store-path /Users/siam/Library/Developer/Xcode/DerivedData/Lingua_Quest-gvpckrqxtbgyprbgppjfqmimmmfw/Index.noindex/DataStore @/Users/siam/Library/Developer/Xcode/DerivedData/Lingua_Quest-gvpckrqxtbgyprbgppjfqmimmmfw/Build/Intermediates.noindex/AppAuth.build/Debug-iphonesimulator/AppAuth.build/Objects-normal/x86_64/e6072d4f65d7061329687fe24e3d63a7-common-args.resp -include /Users/siam/Library/Developer/Xcode/DerivedData/Lingua_Quest-gvpckrqxtbgyprbgppjfqmimmmfw/Build/Intermediates.noindex/AppAuth.build/Debug-iphonesimulator/AppAuth.build/DerivedSources/resource_bundle_accessor.h -MMD -MT dependencies -MF /Users/siam/Library/Developer/Xcode/DerivedData/Lingua_Quest-gvpckrqxtbgyprbgppjfqmimmmfw/Build/Intermediates.noindex/AppAuth.build/Debug-iphonesimulator/AppAuth.build/Objects-normal/x86_64/OIDAuthorizationService+Mac.d --serialize-diagnostics /Users/siam/Library/Developer/Xcode/DerivedData/Lingua_Quest-gvpckrqxtbgyprbgppjfqmimmmfw/Build/Intermediates.noindex/AppAuth.build/Debug-iphonesimulator/AppAuth.build/Objects-normal/x86_64/OIDAuthorizationService+Mac.dia -c /Users/siam/Library/Developer/Xcode/DerivedData/Lingua_Quest-gvpckrqxtbgyprbgppjfqmimmmfw/SourcePackages/checkouts/AppAuth-iOS/Sources/AppAuth/macOS/OIDAuthorizationService+Mac.m -o /Users/siam/Library/Developer/Xcode/DerivedData/Lingua_Quest-gvpckrqxtbgyprbgppjfqmimmmfw/Build/Intermediates.noindex/AppAuth.build/Debug-iphonesimulator/AppAuth.build/Objects-normal/x86_64/OIDAuthorizationService+Mac.o -index-unit-output-path /AppAuth.build/Debug-iphonesimulator/AppAuth.build/Objects-normal/x86_64/OIDAuthorizationService+Mac.o

PrecompileModule /Users/siam/Library/Developer/Xcode/DerivedData/Lingua_Quest-gvpckrqxtbgyprbgppjfqmimmmfw/Build/Intermediates.noindex/ExplicitPrecompiledModules/AppAuthCore-DEYUK443QTXHLZZ9ZT5GOMHE6.scan
    cd /
    builtin-precompileModule /Users/siam/Library/Developer/Xcode/DerivedData/Lingua_Quest-gvpckrqxtbgyprbgppjfqmimmmfw/Build/Intermediates.noindex/ExplicitPrecompiledModules/AppAuthCore-DEYUK443QTXHLZZ9ZT5GOMHE6.scan

ScanDependencies /Users/siam/Library/Developer/Xcode/DerivedData/Lingua_Quest-gvpckrqxtbgyprbgppjfqmimmmfw/Build/Intermediates.noindex/AppAuth.build/Debug-iphonesimulator/AppAuth.build/Objects-normal/arm64/OIDRedirectHTTPHandler.o /Users/siam/Library/Developer/Xcode/DerivedData/Lingua_Quest-gvpckrqxtbgyprbgppjfqmimmmfw/SourcePackages/checkouts/AppAuth-iOS/Sources/AppAuth/macOS/OIDRedirectHTTPHandler.m normal arm64 objective-c com.apple.compilers.llvm.clang.1_0.compiler (in target 'AppAuth' from project 'AppAuth')
    cd /Users/siam/Desktop/Lingua\ Quest/Lingua\ Quest.xcodeproj
    
    Using response file: /Users/siam/Library/Developer/Xcode/DerivedData/Lingua_Quest-gvpckrqxtbgyprbgppjfqmimmmfw/Build/Intermediates.noindex/AppAuth.build/Debug-iphonesimulator/AppAuth.build/Objects-normal/arm64/e6072d4f65d7061329687fe24e3d63a7-common-args.resp
    
    builtin-ScanDependencies -o /Users/siam/Library/Developer/Xcode/DerivedData/Lingua_Quest-gvpckrqxtbgyprbgppjfqmimmmfw/Build/Intermediates.noindex/AppAuth.build/Debug-iphonesimulator/AppAuth.build/Objects-normal/arm64/OIDRedirectHTTPHandler.o.scan -- /Applications/Xcode.app/Contents/Developer/Toolchains/XcodeDefault.xctoolchain/usr/bin/clang -x objective-c -ivfsstatcache /Users/siam/Library/Developer/Xcode/DerivedData/SDKStatCaches.noindex/iphonesimulator26.0-23A339-26257891a6c027eb51374368541b8346.sdkstatcache -fmessage-length\=0 -fdiagnostics-show-note-include-stack -fmacro-backtrace-limit\=0 -fno-color-diagnostics -fmodules-prune-interval\=86400 -fmodules-prune-after\=345600 -fbuild-session-file\=/Users/siam/Library/Developer/Xcode/DerivedData/ModuleCache.noindex/Session.modulevalidation -fmodules-validate-once-per-build-session -Wnon-modular-include-in-framework-module -Werror\=non-modular-include-in-framework-module -Wno-trigraphs -Wno-missing-field-initializers -Wno-missing-prototypes -Wno-return-type -Wno-implicit-atomic-properties -Wno-objc-interface-ivars -Wno-arc-repeated-use-of-weak -Wno-missing-braces -Wparentheses -Wswitch -Wno-unused-function -Wno-unused-label -Wno-unused-parameter -Wno-unused-variable -Wunused-value -Wno-empty-body -Wno-uninitialized -Wno-unknown-pragmas -w -Wno-shadow -Wno-four-char-constants -Wno-conversion -Wno-constant-conversion -Wno-int-conversion -Wno-bool-conversion -Wno-enum-conversion -Wno-float-conversion -Wno-non-literal-null-conversion -Wno-objc-literal-conversion -Wshorten-64-to-32 -Wpointer-sign -Wno-newline-eof -Wno-selector -Wno-strict-selector-match -Wno-undeclared-selector -Wno-deprecated-implementations -Wno-implicit-fallthrough -fstrict-aliasing -Wprotocol -Wdeprecated-declarations -Wno-sign-conversion -Wno-infinite-recursion -Wno-comma -Wno-block-capture-autoreleasing -Wno-strict-prototypes -Wno-semicolon-before-method-body -index-store-path /Users/siam/Library/Developer/Xcode/DerivedData/Lingua_Quest-gvpckrqxtbgyprbgppjfqmimmmfw/Index.noindex/DataStore @/Users/siam/Library/Developer/Xcode/DerivedData/Lingua_Quest-gvpckrqxtbgyprbgppjfqmimmmfw/Build/Intermediates.noindex/AppAuth.build/Debug-iphonesimulator/AppAuth.build/Objects-normal/arm64/e6072d4f65d7061329687fe24e3d63a7-common-args.resp -include /Users/siam/Library/Developer/Xcode/DerivedData/Lingua_Quest-gvpckrqxtbgyprbgppjfqmimmmfw/Build/Intermediates.noindex/AppAuth.build/Debug-iphonesimulator/AppAuth.build/DerivedSources/resource_bundle_accessor.h -MMD -MT dependencies -MF /Users/siam/Library/Developer/Xcode/DerivedData/Lingua_Quest-gvpckrqxtbgyprbgppjfqmimmmfw/Build/Intermediates.noindex/AppAuth.build/Debug-iphonesimulator/AppAuth.build/Objects-normal/arm64/OIDRedirectHTTPHandler.d --serialize-diagnostics /Users/siam/Library/Developer/Xcode/DerivedData/Lingua_Quest-gvpckrqxtbgyprbgppjfqmimmmfw/Build/Intermediates.noindex/AppAuth.build/Debug-iphonesimulator/AppAuth.build/Objects-normal/arm64/OIDRedirectHTTPHandler.dia -c /Users/siam/Library/Developer/Xcode/DerivedData/Lingua_Quest-gvpckrqxtbgyprbgppjfqmimmmfw/SourcePackages/checkouts/AppAuth-iOS/Sources/AppAuth/macOS/OIDRedirectHTTPHandler.m -o /Users/siam/Library/Developer/Xcode/DerivedData/Lingua_Quest-gvpckrqxtbgyprbgppjfqmimmmfw/Build/Intermediates.noindex/AppAuth.build/Debug-iphonesimulator/AppAuth.build/Objects-normal/arm64/OIDRedirectHTTPHandler.o -index-unit-output-path /AppAuth.build/Debug-iphonesimulator/AppAuth.build/Objects-normal/arm64/OIDRedirectHTTPHandler.o

ScanDependencies /Users/siam/Library/Developer/Xcode/DerivedData/Lingua_Quest-gvpckrqxtbgyprbgppjfqmimmmfw/Build/Intermediates.noindex/AppAuth.build/Debug-iphonesimulator/AppAuth.build/Objects-normal/arm64/OIDLoopbackHTTPServer.o /Users/siam/Library/Developer/Xcode/DerivedData/Lingua_Quest-gvpckrqxtbgyprbgppjfqmimmmfw/SourcePackages/checkouts/AppAuth-iOS/Sources/AppAuth/macOS/LoopbackHTTPServer/OIDLoopbackHTTPServer.m normal arm64 objective-c com.apple.compilers.llvm.clang.1_0.compiler (in target 'AppAuth' from project 'AppAuth')
    cd /Users/siam/Desktop/Lingua\ Quest/Lingua\ Quest.xcodeproj
    
    Using response file: /Users/siam/Library/Developer/Xcode/DerivedData/Lingua_Quest-gvpckrqxtbgyprbgppjfqmimmmfw/Build/Intermediates.noindex/AppAuth.build/Debug-iphonesimulator/AppAuth.build/Objects-normal/arm64/e6072d4f65d7061329687fe24e3d63a7-common-args.resp
    
    builtin-ScanDependencies -o /Users/siam/Library/Developer/Xcode/DerivedData/Lingua_Quest-gvpckrqxtbgyprbgppjfqmimmmfw/Build/Intermediates.noindex/AppAuth.build/Debug-iphonesimulator/AppAuth.build/Objects-normal/arm64/OIDLoopbackHTTPServer.o.scan -- /Applications/Xcode.app/Contents/Developer/Toolchains/XcodeDefault.xctoolchain/usr/bin/clang -x objective-c -ivfsstatcache /Users/siam/Library/Developer/Xcode/DerivedData/SDKStatCaches.noindex/iphonesimulator26.0-23A339-26257891a6c027eb51374368541b8346.sdkstatcache -fmessage-length\=0 -fdiagnostics-show-note-include-stack -fmacro-backtrace-limit\=0 -fno-color-diagnostics -fmodules-prune-interval\=86400 -fmodules-prune-after\=345600 -fbuild-session-file\=/Users/siam/Library/Developer/Xcode/DerivedData/ModuleCache.noindex/Session.modulevalidation -fmodules-validate-once-per-build-session -Wnon-modular-include-in-framework-module -Werror\=non-modular-include-in-framework-module -Wno-trigraphs -Wno-missing-field-initializers -Wno-missing-prototypes -Wno-return-type -Wno-implicit-atomic-properties -Wno-objc-interface-ivars -Wno-arc-repeated-use-of-weak -Wno-missing-braces -Wparentheses -Wswitch -Wno-unused-function -Wno-unused-label -Wno-unused-parameter -Wno-unused-variable -Wunused-value -Wno-empty-body -Wno-uninitialized -Wno-unknown-pragmas -w -Wno-shadow -Wno-four-char-constants -Wno-conversion -Wno-constant-conversion -Wno-int-conversion -Wno-bool-conversion -Wno-enum-conversion -Wno-float-conversion -Wno-non-literal-null-conversion -Wno-objc-literal-conversion -Wshorten-64-to-32 -Wpointer-sign -Wno-newline-eof -Wno-selector -Wno-strict-selector-match -Wno-undeclared-selector -Wno-deprecated-implementations -Wno-implicit-fallthrough -fstrict-aliasing -Wprotocol -Wdeprecated-declarations -Wno-sign-conversion -Wno-infinite-recursion -Wno-comma -Wno-block-capture-autoreleasing -Wno-strict-prototypes -Wno-semicolon-before-method-body -index-store-path /Users/siam/Library/Developer/Xcode/DerivedData/Lingua_Quest-gvpckrqxtbgyprbgppjfqmimmmfw/Index.noindex/DataStore @/Users/siam/Library/Developer/Xcode/DerivedData/Lingua_Quest-gvpckrqxtbgyprbgppjfqmimmmfw/Build/Intermediates.noindex/AppAuth.build/Debug-iphonesimulator/AppAuth.build/Objects-normal/arm64/e6072d4f65d7061329687fe24e3d63a7-common-args.resp -include /Users/siam/Library/Developer/Xcode/DerivedData/Lingua_Quest-gvpckrqxtbgyprbgppjfqmimmmfw/Build/Intermediates.noindex/AppAuth.build/Debug-iphonesimulator/AppAuth.build/DerivedSources/resource_bundle_accessor.h -MMD -MT dependencies -MF /Users/siam/Library/Developer/Xcode/DerivedData/Lingua_Quest-gvpckrqxtbgyprbgppjfqmimmmfw/Build/Intermediates.noindex/AppAuth.build/Debug-iphonesimulator/AppAuth.build/Objects-normal/arm64/OIDLoopbackHTTPServer.d --serialize-diagnostics /Users/siam/Library/Developer/Xcode/DerivedData/Lingua_Quest-gvpckrqxtbgyprbgppjfqmimmmfw/Build/Intermediates.noindex/AppAuth.build/Debug-iphonesimulator/AppAuth.build/Objects-normal/arm64/OIDLoopbackHTTPServer.dia -c /Users/siam/Library/Developer/Xcode/DerivedData/Lingua_Quest-gvpckrqxtbgyprbgppjfqmimmmfw/SourcePackages/checkouts/AppAuth-iOS/Sources/AppAuth/macOS/LoopbackHTTPServer/OIDLoopbackHTTPServer.m -o /Users/siam/Library/Developer/Xcode/DerivedData/Lingua_Quest-gvpckrqxtbgyprbgppjfqmimmmfw/Build/Intermediates.noindex/AppAuth.build/Debug-iphonesimulator/AppAuth.build/Objects-normal/arm64/OIDLoopbackHTTPServer.o -index-unit-output-path /AppAuth.build/Debug-iphonesimulator/AppAuth.build/Objects-normal/arm64/OIDLoopbackHTTPServer.o

CompileC /Users/siam/Library/Developer/Xcode/DerivedData/Lingua_Quest-gvpckrqxtbgyprbgppjfqmimmmfw/Build/Intermediates.noindex/AppAuth.build/Debug-iphonesimulator/AppAuth.build/Objects-normal/x86_64/OIDAuthState+Mac.o /Users/siam/Library/Developer/Xcode/DerivedData/Lingua_Quest-gvpckrqxtbgyprbgppjfqmimmmfw/SourcePackages/checkouts/AppAuth-iOS/Sources/AppAuth/macOS/OIDAuthState+Mac.m normal x86_64 objective-c com.apple.compilers.llvm.clang.1_0.compiler (in target 'AppAuth' from project 'AppAuth')
    cd /Users/siam/Desktop/Lingua\ Quest/Lingua\ Quest.xcodeproj
    
    Using response file: /Users/siam/Library/Developer/Xcode/DerivedData/Lingua_Quest-gvpckrqxtbgyprbgppjfqmimmmfw/Build/Intermediates.noindex/AppAuth.build/Debug-iphonesimulator/AppAuth.build/Objects-normal/x86_64/e6072d4f65d7061329687fe24e3d63a7-common-args.resp
    
    /Applications/Xcode.app/Contents/Developer/Toolchains/XcodeDefault.xctoolchain/usr/bin/clang -x objective-c -ivfsstatcache /Users/siam/Library/Developer/Xcode/DerivedData/SDKStatCaches.noindex/iphonesimulator26.0-23A339-26257891a6c027eb51374368541b8346.sdkstatcache -fmessage-length\=0 -fdiagnostics-show-note-include-stack -fmacro-backtrace-limit\=0 -fno-color-diagnostics -fmodules-prune-interval\=86400 -fmodules-prune-after\=345600 -fbuild-session-file\=/Users/siam/Library/Developer/Xcode/DerivedData/ModuleCache.noindex/Session.modulevalidation -fmodules-validate-once-per-build-session -Wnon-modular-include-in-framework-module -Werror\=non-modular-include-in-framework-module -Wno-trigraphs -Wno-missing-field-initializers -Wno-missing-prototypes -Wno-return-type -Wno-implicit-atomic-properties -Wno-objc-interface-ivars -Wno-arc-repeated-use-of-weak -Wno-missing-braces -Wparentheses -Wswitch -Wno-unused-function -Wno-unused-label -Wno-unused-parameter -Wno-unused-variable -Wunused-value -Wno-empty-body -Wno-uninitialized -Wno-unknown-pragmas -w -Wno-shadow -Wno-four-char-constants -Wno-conversion -Wno-constant-conversion -Wno-int-conversion -Wno-bool-conversion -Wno-enum-conversion -Wno-float-conversion -Wno-non-literal-null-conversion -Wno-objc-literal-conversion -Wshorten-64-to-32 -Wpointer-sign -Wno-newline-eof -Wno-selector -Wno-strict-selector-match -Wno-undeclared-selector -Wno-deprecated-implementations -Wno-implicit-fallthrough -fstrict-aliasing -Wprotocol -Wdeprecated-declarations -Wno-sign-conversion -Wno-infinite-recursion -Wno-comma -Wno-block-capture-autoreleasing -Wno-strict-prototypes -Wno-semicolon-before-method-body -index-store-path /Users/siam/Library/Developer/Xcode/DerivedData/Lingua_Quest-gvpckrqxtbgyprbgppjfqmimmmfw/Index.noindex/DataStore @/Users/siam/Library/Developer/Xcode/DerivedData/Lingua_Quest-gvpckrqxtbgyprbgppjfqmimmmfw/Build/Intermediates.noindex/AppAuth.build/Debug-iphonesimulator/AppAuth.build/Objects-normal/x86_64/e6072d4f65d7061329687fe24e3d63a7-common-args.resp -include /Users/siam/Library/Developer/Xcode/DerivedData/Lingua_Quest-gvpckrqxtbgyprbgppjfqmimmmfw/Build/Intermediates.noindex/AppAuth.build/Debug-iphonesimulator/AppAuth.build/DerivedSources/resource_bundle_accessor.h -MMD -MT dependencies -MF /Users/siam/Library/Developer/Xcode/DerivedData/Lingua_Quest-gvpckrqxtbgyprbgppjfqmimmmfw/Build/Intermediates.noindex/AppAuth.build/Debug-iphonesimulator/AppAuth.build/Objects-normal/x86_64/OIDAuthState+Mac.d --serialize-diagnostics /Users/siam/Library/Developer/Xcode/DerivedData/Lingua_Quest-gvpckrqxtbgyprbgppjfqmimmmfw/Build/Intermediates.noindex/AppAuth.build/Debug-iphonesimulator/AppAuth.build/Objects-normal/x86_64/OIDAuthState+Mac.dia -c /Users/siam/Library/Developer/Xcode/DerivedData/Lingua_Quest-gvpckrqxtbgyprbgppjfqmimmmfw/SourcePackages/checkouts/AppAuth-iOS/Sources/AppAuth/macOS/OIDAuthState+Mac.m -o /Users/siam/Library/Developer/Xcode/DerivedData/Lingua_Quest-gvpckrqxtbgyprbgppjfqmimmmfw/Build/Intermediates.noindex/AppAuth.build/Debug-iphonesimulator/AppAuth.build/Objects-normal/x86_64/OIDAuthState+Mac.o -index-unit-output-path /AppAuth.build/Debug-iphonesimulator/AppAuth.build/Objects-normal/x86_64/OIDAuthState+Mac.o

CompileC /Users/siam/Library/Developer/Xcode/DerivedData/Lingua_Quest-gvpckrqxtbgyprbgppjfqmimmmfw/Build/Intermediates.noindex/AppAuth.build/Debug-iphonesimulator/AppAuth.build/Objects-normal/arm64/resource_bundle_accessor.o /Users/siam/Library/Developer/Xcode/DerivedData/Lingua_Quest-gvpckrqxtbgyprbgppjfqmimmmfw/Build/Intermediates.noindex/AppAuth.build/Debug-iphonesimulator/AppAuth.build/DerivedSources/resource_bundle_accessor.m normal arm64 objective-c com.apple.compilers.llvm.clang.1_0.compiler (in target 'AppAuth' from project 'AppAuth')
    cd /Users/siam/Desktop/Lingua\ Quest/Lingua\ Quest.xcodeproj
    
    Using response file: /Users/siam/Library/Developer/Xcode/DerivedData/Lingua_Quest-gvpckrqxtbgyprbgppjfqmimmmfw/Build/Intermediates.noindex/AppAuth.build/Debug-iphonesimulator/AppAuth.build/Objects-normal/arm64/e6072d4f65d7061329687fe24e3d63a7-common-args.resp
    
    /Applications/Xcode.app/Contents/Developer/Toolchains/XcodeDefault.xctoolchain/usr/bin/clang -x objective-c -ivfsstatcache /Users/siam/Library/Developer/Xcode/DerivedData/SDKStatCaches.noindex/iphonesimulator26.0-23A339-26257891a6c027eb51374368541b8346.sdkstatcache -fmessage-length\=0 -fdiagnostics-show-note-include-stack -fmacro-backtrace-limit\=0 -fno-color-diagnostics -fmodules-prune-interval\=86400 -fmodules-prune-after\=345600 -fbuild-session-file\=/Users/siam/Library/Developer/Xcode/DerivedData/ModuleCache.noindex/Session.modulevalidation -fmodules-validate-once-per-build-session -Wnon-modular-include-in-framework-module -Werror\=non-modular-include-in-framework-module -Wno-trigraphs -Wno-missing-field-initializers -Wno-missing-prototypes -Wno-return-type -Wno-implicit-atomic-properties -Wno-objc-interface-ivars -Wno-arc-repeated-use-of-weak -Wno-missing-braces -Wparentheses -Wswitch -Wno-unused-function -Wno-unused-label -Wno-unused-parameter -Wno-unused-variable -Wunused-value -Wno-empty-body -Wno-uninitialized -Wno-unknown-pragmas -w -Wno-shadow -Wno-four-char-constants -Wno-conversion -Wno-constant-conversion -Wno-int-conversion -Wno-bool-conversion -Wno-enum-conversion -Wno-float-conversion -Wno-non-literal-null-conversion -Wno-objc-literal-conversion -Wshorten-64-to-32 -Wpointer-sign -Wno-newline-eof -Wno-selector -Wno-strict-selector-match -Wno-undeclared-selector -Wno-deprecated-implementations -Wno-implicit-fallthrough -fstrict-aliasing -Wprotocol -Wdeprecated-declarations -Wno-sign-conversion -Wno-infinite-recursion -Wno-comma -Wno-block-capture-autoreleasing -Wno-strict-prototypes -Wno-semicolon-before-method-body -index-store-path /Users/siam/Library/Developer/Xcode/DerivedData/Lingua_Quest-gvpckrqxtbgyprbgppjfqmimmmfw/Index.noindex/DataStore @/Users/siam/Library/Developer/Xcode/DerivedData/Lingua_Quest-gvpckrqxtbgyprbgppjfqmimmmfw/Build/Intermediates.noindex/AppAuth.build/Debug-iphonesimulator/AppAuth.build/Objects-normal/arm64/e6072d4f65d7061329687fe24e3d63a7-common-args.resp -include /Users/siam/Library/Developer/Xcode/DerivedData/Lingua_Quest-gvpckrqxtbgyprbgppjfqmimmmfw/Build/Intermediates.noindex/AppAuth.build/Debug-iphonesimulator/AppAuth.build/DerivedSources/resource_bundle_accessor.h -MMD -MT dependencies -MF /Users/siam/Library/Developer/Xcode/DerivedData/Lingua_Quest-gvpckrqxtbgyprbgppjfqmimmmfw/Build/Intermediates.noindex/AppAuth.build/Debug-iphonesimulator/AppAuth.build/Objects-normal/arm64/resource_bundle_accessor.d --serialize-diagnostics /Users/siam/Library/Developer/Xcode/DerivedData/Lingua_Quest-gvpckrqxtbgyprbgppjfqmimmmfw/Build/Intermediates.noindex/AppAuth.build/Debug-iphonesimulator/AppAuth.build/Objects-normal/arm64/resource_bundle_accessor.dia -c /Users/siam/Library/Developer/Xcode/DerivedData/Lingua_Quest-gvpckrqxtbgyprbgppjfqmimmmfw/Build/Intermediates.noindex/AppAuth.build/Debug-iphonesimulator/AppAuth.build/DerivedSources/resource_bundle_accessor.m -o /Users/siam/Library/Developer/Xcode/DerivedData/Lingua_Quest-gvpckrqxtbgyprbgppjfqmimmmfw/Build/Intermediates.noindex/AppAuth.build/Debug-iphonesimulator/AppAuth.build/Objects-normal/arm64/resource_bundle_accessor.o -index-unit-output-path /AppAuth.build/Debug-iphonesimulator/AppAuth.build/Objects-normal/arm64/resource_bundle_accessor.o

ScanDependencies /Users/siam/Library/Developer/Xcode/DerivedData/Lingua_Quest-gvpckrqxtbgyprbgppjfqmimmmfw/Build/Intermediates.noindex/AppAuth.build/Debug-iphonesimulator/AppAuth.build/Objects-normal/arm64/OIDExternalUserAgentMac.o /Users/siam/Library/Developer/Xcode/DerivedData/Lingua_Quest-gvpckrqxtbgyprbgppjfqmimmmfw/SourcePackages/checkouts/AppAuth-iOS/Sources/AppAuth/macOS/OIDExternalUserAgentMac.m normal arm64 objective-c com.apple.compilers.llvm.clang.1_0.compiler (in target 'AppAuth' from project 'AppAuth')
    cd /Users/siam/Desktop/Lingua\ Quest/Lingua\ Quest.xcodeproj
    
    Using response file: /Users/siam/Library/Developer/Xcode/DerivedData/Lingua_Quest-gvpckrqxtbgyprbgppjfqmimmmfw/Build/Intermediates.noindex/AppAuth.build/Debug-iphonesimulator/AppAuth.build/Objects-normal/arm64/e6072d4f65d7061329687fe24e3d63a7-common-args.resp
    
    builtin-ScanDependencies -o /Users/siam/Library/Developer/Xcode/DerivedData/Lingua_Quest-gvpckrqxtbgyprbgppjfqmimmmfw/Build/Intermediates.noindex/AppAuth.build/Debug-iphonesimulator/AppAuth.build/Objects-normal/arm64/OIDExternalUserAgentMac.o.scan -- /Applications/Xcode.app/Contents/Developer/Toolchains/XcodeDefault.xctoolchain/usr/bin/clang -x objective-c -ivfsstatcache /Users/siam/Library/Developer/Xcode/DerivedData/SDKStatCaches.noindex/iphonesimulator26.0-23A339-26257891a6c027eb51374368541b8346.sdkstatcache -fmessage-length\=0 -fdiagnostics-show-note-include-stack -fmacro-backtrace-limit\=0 -fno-color-diagnostics -fmodules-prune-interval\=86400 -fmodules-prune-after\=345600 -fbuild-session-file\=/Users/siam/Library/Developer/Xcode/DerivedData/ModuleCache.noindex/Session.modulevalidation -fmodules-validate-once-per-build-session -Wnon-modular-include-in-framework-module -Werror\=non-modular-include-in-framework-module -Wno-trigraphs -Wno-missing-field-initializers -Wno-missing-prototypes -Wno-return-type -Wno-implicit-atomic-properties -Wno-objc-interface-ivars -Wno-arc-repeated-use-of-weak -Wno-missing-braces -Wparentheses -Wswitch -Wno-unused-function -Wno-unused-label -Wno-unused-parameter -Wno-unused-variable -Wunused-value -Wno-empty-body -Wno-uninitialized -Wno-unknown-pragmas -w -Wno-shadow -Wno-four-char-constants -Wno-conversion -Wno-constant-conversion -Wno-int-conversion -Wno-bool-conversion -Wno-enum-conversion -Wno-float-conversion -Wno-non-literal-null-conversion -Wno-objc-literal-conversion -Wshorten-64-to-32 -Wpointer-sign -Wno-newline-eof -Wno-selector -Wno-strict-selector-match -Wno-undeclared-selector -Wno-deprecated-implementations -Wno-implicit-fallthrough -fstrict-aliasing -Wprotocol -Wdeprecated-declarations -Wno-sign-conversion -Wno-infinite-recursion -Wno-comma -Wno-block-capture-autoreleasing -Wno-strict-prototypes -Wno-semicolon-before-method-body -index-store-path /Users/siam/Library/Developer/Xcode/DerivedData/Lingua_Quest-gvpckrqxtbgyprbgppjfqmimmmfw/Index.noindex/DataStore @/Users/siam/Library/Developer/Xcode/DerivedData/Lingua_Quest-gvpckrqxtbgyprbgppjfqmimmmfw/Build/Intermediates.noindex/AppAuth.build/Debug-iphonesimulator/AppAuth.build/Objects-normal/arm64/e6072d4f65d7061329687fe24e3d63a7-common-args.resp -include /Users/siam/Library/Developer/Xcode/DerivedData/Lingua_Quest-gvpckrqxtbgyprbgppjfqmimmmfw/Build/Intermediates.noindex/AppAuth.build/Debug-iphonesimulator/AppAuth.build/DerivedSources/resource_bundle_accessor.h -MMD -MT dependencies -MF /Users/siam/Library/Developer/Xcode/DerivedData/Lingua_Quest-gvpckrqxtbgyprbgppjfqmimmmfw/Build/Intermediates.noindex/AppAuth.build/Debug-iphonesimulator/AppAuth.build/Objects-normal/arm64/OIDExternalUserAgentMac.d --serialize-diagnostics /Users/siam/Library/Developer/Xcode/DerivedData/Lingua_Quest-gvpckrqxtbgyprbgppjfqmimmmfw/Build/Intermediates.noindex/AppAuth.build/Debug-iphonesimulator/AppAuth.build/Objects-normal/arm64/OIDExternalUserAgentMac.dia -c /Users/siam/Library/Developer/Xcode/DerivedData/Lingua_Quest-gvpckrqxtbgyprbgppjfqmimmmfw/SourcePackages/checkouts/AppAuth-iOS/Sources/AppAuth/macOS/OIDExternalUserAgentMac.m -o /Users/siam/Library/Developer/Xcode/DerivedData/Lingua_Quest-gvpckrqxtbgyprbgppjfqmimmmfw/Build/Intermediates.noindex/AppAuth.build/Debug-iphonesimulator/AppAuth.build/Objects-normal/arm64/OIDExternalUserAgentMac.o -index-unit-output-path /AppAuth.build/Debug-iphonesimulator/AppAuth.build/Objects-normal/arm64/OIDExternalUserAgentMac.o

ScanDependencies /Users/siam/Library/Developer/Xcode/DerivedData/Lingua_Quest-gvpckrqxtbgyprbgppjfqmimmmfw/Build/Intermediates.noindex/AppAuth.build/Debug-iphonesimulator/AppAuth.build/Objects-normal/arm64/OIDExternalUserAgentIOSCustomBrowser.o /Users/siam/Library/Developer/Xcode/DerivedData/Lingua_Quest-gvpckrqxtbgyprbgppjfqmimmmfw/SourcePackages/checkouts/AppAuth-iOS/Sources/AppAuth/iOS/OIDExternalUserAgentIOSCustomBrowser.m normal arm64 objective-c com.apple.compilers.llvm.clang.1_0.compiler (in target 'AppAuth' from project 'AppAuth')
    cd /Users/siam/Desktop/Lingua\ Quest/Lingua\ Quest.xcodeproj
    
    Using response file: /Users/siam/Library/Developer/Xcode/DerivedData/Lingua_Quest-gvpckrqxtbgyprbgppjfqmimmmfw/Build/Intermediates.noindex/AppAuth.build/Debug-iphonesimulator/AppAuth.build/Objects-normal/arm64/e6072d4f65d7061329687fe24e3d63a7-common-args.resp
    
    builtin-ScanDependencies -o /Users/siam/Library/Developer/Xcode/DerivedData/Lingua_Quest-gvpckrqxtbgyprbgppjfqmimmmfw/Build/Intermediates.noindex/AppAuth.build/Debug-iphonesimulator/AppAuth.build/Objects-normal/arm64/OIDExternalUserAgentIOSCustomBrowser.o.scan -- /Applications/Xcode.app/Contents/Developer/Toolchains/XcodeDefault.xctoolchain/usr/bin/clang -x objective-c -ivfsstatcache /Users/siam/Library/Developer/Xcode/DerivedData/SDKStatCaches.noindex/iphonesimulator26.0-23A339-26257891a6c027eb51374368541b8346.sdkstatcache -fmessage-length\=0 -fdiagnostics-show-note-include-stack -fmacro-backtrace-limit\=0 -fno-color-diagnostics -fmodules-prune-interval\=86400 -fmodules-prune-after\=345600 -fbuild-session-file\=/Users/siam/Library/Developer/Xcode/DerivedData/ModuleCache.noindex/Session.modulevalidation -fmodules-validate-once-per-build-session -Wnon-modular-include-in-framework-module -Werror\=non-modular-include-in-framework-module -Wno-trigraphs -Wno-missing-field-initializers -Wno-missing-prototypes -Wno-return-type -Wno-implicit-atomic-properties -Wno-objc-interface-ivars -Wno-arc-repeated-use-of-weak -Wno-missing-braces -Wparentheses -Wswitch -Wno-unused-function -Wno-unused-label -Wno-unused-parameter -Wno-unused-variable -Wunused-value -Wno-empty-body -Wno-uninitialized -Wno-unknown-pragmas -w -Wno-shadow -Wno-four-char-constants -Wno-conversion -Wno-constant-conversion -Wno-int-conversion -Wno-bool-conversion -Wno-enum-conversion -Wno-float-conversion -Wno-non-literal-null-conversion -Wno-objc-literal-conversion -Wshorten-64-to-32 -Wpointer-sign -Wno-newline-eof -Wno-selector -Wno-strict-selector-match -Wno-undeclared-selector -Wno-deprecated-implementations -Wno-implicit-fallthrough -fstrict-aliasing -Wprotocol -Wdeprecated-declarations -Wno-sign-conversion -Wno-infinite-recursion -Wno-comma -Wno-block-capture-autoreleasing -Wno-strict-prototypes -Wno-semicolon-before-method-body -index-store-path /Users/siam/Library/Developer/Xcode/DerivedData/Lingua_Quest-gvpckrqxtbgyprbgppjfqmimmmfw/Index.noindex/DataStore @/Users/siam/Library/Developer/Xcode/DerivedData/Lingua_Quest-gvpckrqxtbgyprbgppjfqmimmmfw/Build/Intermediates.noindex/AppAuth.build/Debug-iphonesimulator/AppAuth.build/Objects-normal/arm64/e6072d4f65d7061329687fe24e3d63a7-common-args.resp -include /Users/siam/Library/Developer/Xcode/DerivedData/Lingua_Quest-gvpckrqxtbgyprbgppjfqmimmmfw/Build/Intermediates.noindex/AppAuth.build/Debug-iphonesimulator/AppAuth.build/DerivedSources/resource_bundle_accessor.h -MMD -MT dependencies -MF /Users/siam/Library/Developer/Xcode/DerivedData/Lingua_Quest-gvpckrqxtbgyprbgppjfqmimmmfw/Build/Intermediates.noindex/AppAuth.build/Debug-iphonesimulator/AppAuth.build/Objects-normal/arm64/OIDExternalUserAgentIOSCustomBrowser.d --serialize-diagnostics /Users/siam/Library/Developer/Xcode/DerivedData/Lingua_Quest-gvpckrqxtbgyprbgppjfqmimmmfw/Build/Intermediates.noindex/AppAuth.build/Debug-iphonesimulator/AppAuth.build/Objects-normal/arm64/OIDExternalUserAgentIOSCustomBrowser.dia -c /Users/siam/Library/Developer/Xcode/DerivedData/Lingua_Quest-gvpckrqxtbgyprbgppjfqmimmmfw/SourcePackages/checkouts/AppAuth-iOS/Sources/AppAuth/iOS/OIDExternalUserAgentIOSCustomBrowser.m -o /Users/siam/Library/Developer/Xcode/DerivedData/Lingua_Quest-gvpckrqxtbgyprbgppjfqmimmmfw/Build/Intermediates.noindex/AppAuth.build/Debug-iphonesimulator/AppAuth.build/Objects-normal/arm64/OIDExternalUserAgentIOSCustomBrowser.o -index-unit-output-path /AppAuth.build/Debug-iphonesimulator/AppAuth.build/Objects-normal/arm64/OIDExternalUserAgentIOSCustomBrowser.o

ScanDependencies /Users/siam/Library/Developer/Xcode/DerivedData/Lingua_Quest-gvpckrqxtbgyprbgppjfqmimmmfw/Build/Intermediates.noindex/AppAuth.build/Debug-iphonesimulator/AppAuth.build/Objects-normal/arm64/OIDExternalUserAgentIOS.o /Users/siam/Library/Developer/Xcode/DerivedData/Lingua_Quest-gvpckrqxtbgyprbgppjfqmimmmfw/SourcePackages/checkouts/AppAuth-iOS/Sources/AppAuth/iOS/OIDExternalUserAgentIOS.m normal arm64 objective-c com.apple.compilers.llvm.clang.1_0.compiler (in target 'AppAuth' from project 'AppAuth')
    cd /Users/siam/Desktop/Lingua\ Quest/Lingua\ Quest.xcodeproj
    
    Using response file: /Users/siam/Library/Developer/Xcode/DerivedData/Lingua_Quest-gvpckrqxtbgyprbgppjfqmimmmfw/Build/Intermediates.noindex/AppAuth.build/Debug-iphonesimulator/AppAuth.build/Objects-normal/arm64/e6072d4f65d7061329687fe24e3d63a7-common-args.resp
    
    builtin-ScanDependencies -o /Users/siam/Library/Developer/Xcode/DerivedData/Lingua_Quest-gvpckrqxtbgyprbgppjfqmimmmfw/Build/Intermediates.noindex/AppAuth.build/Debug-iphonesimulator/AppAuth.build/Objects-normal/arm64/OIDExternalUserAgentIOS.o.scan -- /Applications/Xcode.app/Contents/Developer/Toolchains/XcodeDefault.xctoolchain/usr/bin/clang -x objective-c -ivfsstatcache /Users/siam/Library/Developer/Xcode/DerivedData/SDKStatCaches.noindex/iphonesimulator26.0-23A339-26257891a6c027eb51374368541b8346.sdkstatcache -fmessage-length\=0 -fdiagnostics-show-note-include-stack -fmacro-backtrace-limit\=0 -fno-color-diagnostics -fmodules-prune-interval\=86400 -fmodules-prune-after\=345600 -fbuild-session-file\=/Users/siam/Library/Developer/Xcode/DerivedData/ModuleCache.noindex/Session.modulevalidation -fmodules-validate-once-per-build-session -Wnon-modular-include-in-framework-module -Werror\=non-modular-include-in-framework-module -Wno-trigraphs -Wno-missing-field-initializers -Wno-missing-prototypes -Wno-return-type -Wno-implicit-atomic-properties -Wno-objc-interface-ivars -Wno-arc-repeated-use-of-weak -Wno-missing-braces -Wparentheses -Wswitch -Wno-unused-function -Wno-unused-label -Wno-unused-parameter -Wno-unused-variable -Wunused-value -Wno-empty-body -Wno-uninitialized -Wno-unknown-pragmas -w -Wno-shadow -Wno-four-char-constants -Wno-conversion -Wno-constant-conversion -Wno-int-conversion -Wno-bool-conversion -Wno-enum-conversion -Wno-float-conversion -Wno-non-literal-null-conversion -Wno-objc-literal-conversion -Wshorten-64-to-32 -Wpointer-sign -Wno-newline-eof -Wno-selector -Wno-strict-selector-match -Wno-undeclared-selector -Wno-deprecated-implementations -Wno-implicit-fallthrough -fstrict-aliasing -Wprotocol -Wdeprecated-declarations -Wno-sign-conversion -Wno-infinite-recursion -Wno-comma -Wno-block-capture-autoreleasing -Wno-strict-prototypes -Wno-semicolon-before-method-body -index-store-path /Users/siam/Library/Developer/Xcode/DerivedData/Lingua_Quest-gvpckrqxtbgyprbgppjfqmimmmfw/Index.noindex/DataStore @/Users/siam/Library/Developer/Xcode/DerivedData/Lingua_Quest-gvpckrqxtbgyprbgppjfqmimmmfw/Build/Intermediates.noindex/AppAuth.build/Debug-iphonesimulator/AppAuth.build/Objects-normal/arm64/e6072d4f65d7061329687fe24e3d63a7-common-args.resp -include /Users/siam/Library/Developer/Xcode/DerivedData/Lingua_Quest-gvpckrqxtbgyprbgppjfqmimmmfw/Build/Intermediates.noindex/AppAuth.build/Debug-iphonesimulator/AppAuth.build/DerivedSources/resource_bundle_accessor.h -MMD -MT dependencies -MF /Users/siam/Library/Developer/Xcode/DerivedData/Lingua_Quest-gvpckrqxtbgyprbgppjfqmimmmfw/Build/Intermediates.noindex/AppAuth.build/Debug-iphonesimulator/AppAuth.build/Objects-normal/arm64/OIDExternalUserAgentIOS.d --serialize-diagnostics /Users/siam/Library/Developer/Xcode/DerivedData/Lingua_Quest-gvpckrqxtbgyprbgppjfqmimmmfw/Build/Intermediates.noindex/AppAuth.build/Debug-iphonesimulator/AppAuth.build/Objects-normal/arm64/OIDExternalUserAgentIOS.dia -c /Users/siam/Library/Developer/Xcode/DerivedData/Lingua_Quest-gvpckrqxtbgyprbgppjfqmimmmfw/SourcePackages/checkouts/AppAuth-iOS/Sources/AppAuth/iOS/OIDExternalUserAgentIOS.m -o /Users/siam/Library/Developer/Xcode/DerivedData/Lingua_Quest-gvpckrqxtbgyprbgppjfqmimmmfw/Build/Intermediates.noindex/AppAuth.build/Debug-iphonesimulator/AppAuth.build/Objects-normal/arm64/OIDExternalUserAgentIOS.o -index-unit-output-path /AppAuth.build/Debug-iphonesimulator/AppAuth.build/Objects-normal/arm64/OIDExternalUserAgentIOS.o

ScanDependencies /Users/siam/Library/Developer/Xcode/DerivedData/Lingua_Quest-gvpckrqxtbgyprbgppjfqmimmmfw/Build/Intermediates.noindex/AppAuth.build/Debug-iphonesimulator/AppAuth.build/Objects-normal/arm64/OIDExternalUserAgentCatalyst.o /Users/siam/Library/Developer/Xcode/DerivedData/Lingua_Quest-gvpckrqxtbgyprbgppjfqmimmmfw/SourcePackages/checkouts/AppAuth-iOS/Sources/AppAuth/iOS/OIDExternalUserAgentCatalyst.m normal arm64 objective-c com.apple.compilers.llvm.clang.1_0.compiler (in target 'AppAuth' from project 'AppAuth')
    cd /Users/siam/Desktop/Lingua\ Quest/Lingua\ Quest.xcodeproj
    
    Using response file: /Users/siam/Library/Developer/Xcode/DerivedData/Lingua_Quest-gvpckrqxtbgyprbgppjfqmimmmfw/Build/Intermediates.noindex/AppAuth.build/Debug-iphonesimulator/AppAuth.build/Objects-normal/arm64/e6072d4f65d7061329687fe24e3d63a7-common-args.resp
    
    builtin-ScanDependencies -o /Users/siam/Library/Developer/Xcode/DerivedData/Lingua_Quest-gvpckrqxtbgyprbgppjfqmimmmfw/Build/Intermediates.noindex/AppAuth.build/Debug-iphonesimulator/AppAuth.build/Objects-normal/arm64/OIDExternalUserAgentCatalyst.o.scan -- /Applications/Xcode.app/Contents/Developer/Toolchains/XcodeDefault.xctoolchain/usr/bin/clang -x objective-c -ivfsstatcache /Users/siam/Library/Developer/Xcode/DerivedData/SDKStatCaches.noindex/iphonesimulator26.0-23A339-26257891a6c027eb51374368541b8346.sdkstatcache -fmessage-length\=0 -fdiagnostics-show-note-include-stack -fmacro-backtrace-limit\=0 -fno-color-diagnostics -fmodules-prune-interval\=86400 -fmodules-prune-after\=345600 -fbuild-session-file\=/Users/siam/Library/Developer/Xcode/DerivedData/ModuleCache.noindex/Session.modulevalidation -fmodules-validate-once-per-build-session -Wnon-modular-include-in-framework-module -Werror\=non-modular-include-in-framework-module -Wno-trigraphs -Wno-missing-field-initializers -Wno-missing-prototypes -Wno-return-type -Wno-implicit-atomic-properties -Wno-objc-interface-ivars -Wno-arc-repeated-use-of-weak -Wno-missing-braces -Wparentheses -Wswitch -Wno-unused-function -Wno-unused-label -Wno-unused-parameter -Wno-unused-variable -Wunused-value -Wno-empty-body -Wno-uninitialized -Wno-unknown-pragmas -w -Wno-shadow -Wno-four-char-constants -Wno-conversion -Wno-constant-conversion -Wno-int-conversion -Wno-bool-conversion -Wno-enum-conversion -Wno-float-conversion -Wno-non-literal-null-conversion -Wno-objc-literal-conversion -Wshorten-64-to-32 -Wpointer-sign -Wno-newline-eof -Wno-selector -Wno-strict-selector-match -Wno-undeclared-selector -Wno-deprecated-implementations -Wno-implicit-fallthrough -fstrict-aliasing -Wprotocol -Wdeprecated-declarations -Wno-sign-conversion -Wno-infinite-recursion -Wno-comma -Wno-block-capture-autoreleasing -Wno-strict-prototypes -Wno-semicolon-before-method-body -index-store-path /Users/siam/Library/Developer/Xcode/DerivedData/Lingua_Quest-gvpckrqxtbgyprbgppjfqmimmmfw/Index.noindex/DataStore @/Users/siam/Library/Developer/Xcode/DerivedData/Lingua_Quest-gvpckrqxtbgyprbgppjfqmimmmfw/Build/Intermediates.noindex/AppAuth.build/Debug-iphonesimulator/AppAuth.build/Objects-normal/arm64/e6072d4f65d7061329687fe24e3d63a7-common-args.resp -include /Users/siam/Library/Developer/Xcode/DerivedData/Lingua_Quest-gvpckrqxtbgyprbgppjfqmimmmfw/Build/Intermediates.noindex/AppAuth.build/Debug-iphonesimulator/AppAuth.build/DerivedSources/resource_bundle_accessor.h -MMD -MT dependencies -MF /Users/siam/Library/Developer/Xcode/DerivedData/Lingua_Quest-gvpckrqxtbgyprbgppjfqmimmmfw/Build/Intermediates.noindex/AppAuth.build/Debug-iphonesimulator/AppAuth.build/Objects-normal/arm64/OIDExternalUserAgentCatalyst.d --serialize-diagnostics /Users/siam/Library/Developer/Xcode/DerivedData/Lingua_Quest-gvpckrqxtbgyprbgppjfqmimmmfw/Build/Intermediates.noindex/AppAuth.build/Debug-iphonesimulator/AppAuth.build/Objects-normal/arm64/OIDExternalUserAgentCatalyst.dia -c /Users/siam/Library/Developer/Xcode/DerivedData/Lingua_Quest-gvpckrqxtbgyprbgppjfqmimmmfw/SourcePackages/checkouts/AppAuth-iOS/Sources/AppAuth/iOS/OIDExternalUserAgentCatalyst.m -o /Users/siam/Library/Developer/Xcode/DerivedData/Lingua_Quest-gvpckrqxtbgyprbgppjfqmimmmfw/Build/Intermediates.noindex/AppAuth.build/Debug-iphonesimulator/AppAuth.build/Objects-normal/arm64/OIDExternalUserAgentCatalyst.o -index-unit-output-path /AppAuth.build/Debug-iphonesimulator/AppAuth.build/Objects-normal/arm64/OIDExternalUserAgentCatalyst.o

CompileC /Users/siam/Library/Developer/Xcode/DerivedData/Lingua_Quest-gvpckrqxtbgyprbgppjfqmimmmfw/Build/Intermediates.noindex/AppAuth.build/Debug-iphonesimulator/AppAuth.build/Objects-normal/arm64/OIDLoopbackHTTPServer.o /Users/siam/Library/Developer/Xcode/DerivedData/Lingua_Quest-gvpckrqxtbgyprbgppjfqmimmmfw/SourcePackages/checkouts/AppAuth-iOS/Sources/AppAuth/macOS/LoopbackHTTPServer/OIDLoopbackHTTPServer.m normal arm64 objective-c com.apple.compilers.llvm.clang.1_0.compiler (in target 'AppAuth' from project 'AppAuth')
    cd /Users/siam/Desktop/Lingua\ Quest/Lingua\ Quest.xcodeproj
    
    Using response file: /Users/siam/Library/Developer/Xcode/DerivedData/Lingua_Quest-gvpckrqxtbgyprbgppjfqmimmmfw/Build/Intermediates.noindex/AppAuth.build/Debug-iphonesimulator/AppAuth.build/Objects-normal/arm64/e6072d4f65d7061329687fe24e3d63a7-common-args.resp
    
    /Applications/Xcode.app/Contents/Developer/Toolchains/XcodeDefault.xctoolchain/usr/bin/clang -x objective-c -ivfsstatcache /Users/siam/Library/Developer/Xcode/DerivedData/SDKStatCaches.noindex/iphonesimulator26.0-23A339-26257891a6c027eb51374368541b8346.sdkstatcache -fmessage-length\=0 -fdiagnostics-show-note-include-stack -fmacro-backtrace-limit\=0 -fno-color-diagnostics -fmodules-prune-interval\=86400 -fmodules-prune-after\=345600 -fbuild-session-file\=/Users/siam/Library/Developer/Xcode/DerivedData/ModuleCache.noindex/Session.modulevalidation -fmodules-validate-once-per-build-session -Wnon-modular-include-in-framework-module -Werror\=non-modular-include-in-framework-module -Wno-trigraphs -Wno-missing-field-initializers -Wno-missing-prototypes -Wno-return-type -Wno-implicit-atomic-properties -Wno-objc-interface-ivars -Wno-arc-repeated-use-of-weak -Wno-missing-braces -Wparentheses -Wswitch -Wno-unused-function -Wno-unused-label -Wno-unused-parameter -Wno-unused-variable -Wunused-value -Wno-empty-body -Wno-uninitialized -Wno-unknown-pragmas -w -Wno-shadow -Wno-four-char-constants -Wno-conversion -Wno-constant-conversion -Wno-int-conversion -Wno-bool-conversion -Wno-enum-conversion -Wno-float-conversion -Wno-non-literal-null-conversion -Wno-objc-literal-conversion -Wshorten-64-to-32 -Wpointer-sign -Wno-newline-eof -Wno-selector -Wno-strict-selector-match -Wno-undeclared-selector -Wno-deprecated-implementations -Wno-implicit-fallthrough -fstrict-aliasing -Wprotocol -Wdeprecated-declarations -Wno-sign-conversion -Wno-infinite-recursion -Wno-comma -Wno-block-capture-autoreleasing -Wno-strict-prototypes -Wno-semicolon-before-method-body -index-store-path /Users/siam/Library/Developer/Xcode/DerivedData/Lingua_Quest-gvpckrqxtbgyprbgppjfqmimmmfw/Index.noindex/DataStore @/Users/siam/Library/Developer/Xcode/DerivedData/Lingua_Quest-gvpckrqxtbgyprbgppjfqmimmmfw/Build/Intermediates.noindex/AppAuth.build/Debug-iphonesimulator/AppAuth.build/Objects-normal/arm64/e6072d4f65d7061329687fe24e3d63a7-common-args.resp -include /Users/siam/Library/Developer/Xcode/DerivedData/Lingua_Quest-gvpckrqxtbgyprbgppjfqmimmmfw/Build/Intermediates.noindex/AppAuth.build/Debug-iphonesimulator/AppAuth.build/DerivedSources/resource_bundle_accessor.h -MMD -MT dependencies -MF /Users/siam/Library/Developer/Xcode/DerivedData/Lingua_Quest-gvpckrqxtbgyprbgppjfqmimmmfw/Build/Intermediates.noindex/AppAuth.build/Debug-iphonesimulator/AppAuth.build/Objects-normal/arm64/OIDLoopbackHTTPServer.d --serialize-diagnostics /Users/siam/Library/Developer/Xcode/DerivedData/Lingua_Quest-gvpckrqxtbgyprbgppjfqmimmmfw/Build/Intermediates.noindex/AppAuth.build/Debug-iphonesimulator/AppAuth.build/Objects-normal/arm64/OIDLoopbackHTTPServer.dia -c /Users/siam/Library/Developer/Xcode/DerivedData/Lingua_Quest-gvpckrqxtbgyprbgppjfqmimmmfw/SourcePackages/checkouts/AppAuth-iOS/Sources/AppAuth/macOS/LoopbackHTTPServer/OIDLoopbackHTTPServer.m -o /Users/siam/Library/Developer/Xcode/DerivedData/Lingua_Quest-gvpckrqxtbgyprbgppjfqmimmmfw/Build/Intermediates.noindex/AppAuth.build/Debug-iphonesimulator/AppAuth.build/Objects-normal/arm64/OIDLoopbackHTTPServer.o -index-unit-output-path /AppAuth.build/Debug-iphonesimulator/AppAuth.build/Objects-normal/arm64/OIDLoopbackHTTPServer.o

CompileC /Users/siam/Library/Developer/Xcode/DerivedData/Lingua_Quest-gvpckrqxtbgyprbgppjfqmimmmfw/Build/Intermediates.noindex/AppAuth.build/Debug-iphonesimulator/AppAuth.build/Objects-normal/arm64/OIDRedirectHTTPHandler.o /Users/siam/Library/Developer/Xcode/DerivedData/Lingua_Quest-gvpckrqxtbgyprbgppjfqmimmmfw/SourcePackages/checkouts/AppAuth-iOS/Sources/AppAuth/macOS/OIDRedirectHTTPHandler.m normal arm64 objective-c com.apple.compilers.llvm.clang.1_0.compiler (in target 'AppAuth' from project 'AppAuth')
    cd /Users/siam/Desktop/Lingua\ Quest/Lingua\ Quest.xcodeproj
    
    Using response file: /Users/siam/Library/Developer/Xcode/DerivedData/Lingua_Quest-gvpckrqxtbgyprbgppjfqmimmmfw/Build/Intermediates.noindex/AppAuth.build/Debug-iphonesimulator/AppAuth.build/Objects-normal/arm64/e6072d4f65d7061329687fe24e3d63a7-common-args.resp
    
    /Applications/Xcode.app/Contents/Developer/Toolchains/XcodeDefault.xctoolchain/usr/bin/clang -x objective-c -ivfsstatcache /Users/siam/Library/Developer/Xcode/DerivedData/SDKStatCaches.noindex/iphonesimulator26.0-23A339-26257891a6c027eb51374368541b8346.sdkstatcache -fmessage-length\=0 -fdiagnostics-show-note-include-stack -fmacro-backtrace-limit\=0 -fno-color-diagnostics -fmodules-prune-interval\=86400 -fmodules-prune-after\=345600 -fbuild-session-file\=/Users/siam/Library/Developer/Xcode/DerivedData/ModuleCache.noindex/Session.modulevalidation -fmodules-validate-once-per-build-session -Wnon-modular-include-in-framework-module -Werror\=non-modular-include-in-framework-module -Wno-trigraphs -Wno-missing-field-initializers -Wno-missing-prototypes -Wno-return-type -Wno-implicit-atomic-properties -Wno-objc-interface-ivars -Wno-arc-repeated-use-of-weak -Wno-missing-braces -Wparentheses -Wswitch -Wno-unused-function -Wno-unused-label -Wno-unused-parameter -Wno-unused-variable -Wunused-value -Wno-empty-body -Wno-uninitialized -Wno-unknown-pragmas -w -Wno-shadow -Wno-four-char-constants -Wno-conversion -Wno-constant-conversion -Wno-int-conversion -Wno-bool-conversion -Wno-enum-conversion -Wno-float-conversion -Wno-non-literal-null-conversion -Wno-objc-literal-conversion -Wshorten-64-to-32 -Wpointer-sign -Wno-newline-eof -Wno-selector -Wno-strict-selector-match -Wno-undeclared-selector -Wno-deprecated-implementations -Wno-implicit-fallthrough -fstrict-aliasing -Wprotocol -Wdeprecated-declarations -Wno-sign-conversion -Wno-infinite-recursion -Wno-comma -Wno-block-capture-autoreleasing -Wno-strict-prototypes -Wno-semicolon-before-method-body -index-store-path /Users/siam/Library/Developer/Xcode/DerivedData/Lingua_Quest-gvpckrqxtbgyprbgppjfqmimmmfw/Index.noindex/DataStore @/Users/siam/Library/Developer/Xcode/DerivedData/Lingua_Quest-gvpckrqxtbgyprbgppjfqmimmmfw/Build/Intermediates.noindex/AppAuth.build/Debug-iphonesimulator/AppAuth.build/Objects-normal/arm64/e6072d4f65d7061329687fe24e3d63a7-common-args.resp -include /Users/siam/Library/Developer/Xcode/DerivedData/Lingua_Quest-gvpckrqxtbgyprbgppjfqmimmmfw/Build/Intermediates.noindex/AppAuth.build/Debug-iphonesimulator/AppAuth.build/DerivedSources/resource_bundle_accessor.h -MMD -MT dependencies -MF /Users/siam/Library/Developer/Xcode/DerivedData/Lingua_Quest-gvpckrqxtbgyprbgppjfqmimmmfw/Build/Intermediates.noindex/AppAuth.build/Debug-iphonesimulator/AppAuth.build/Objects-normal/arm64/OIDRedirectHTTPHandler.d --serialize-diagnostics /Users/siam/Library/Developer/Xcode/DerivedData/Lingua_Quest-gvpckrqxtbgyprbgppjfqmimmmfw/Build/Intermediates.noindex/AppAuth.build/Debug-iphonesimulator/AppAuth.build/Objects-normal/arm64/OIDRedirectHTTPHandler.dia -c /Users/siam/Library/Developer/Xcode/DerivedData/Lingua_Quest-gvpckrqxtbgyprbgppjfqmimmmfw/SourcePackages/checkouts/AppAuth-iOS/Sources/AppAuth/macOS/OIDRedirectHTTPHandler.m -o /Users/siam/Library/Developer/Xcode/DerivedData/Lingua_Quest-gvpckrqxtbgyprbgppjfqmimmmfw/Build/Intermediates.noindex/AppAuth.build/Debug-iphonesimulator/AppAuth.build/Objects-normal/arm64/OIDRedirectHTTPHandler.o -index-unit-output-path /AppAuth.build/Debug-iphonesimulator/AppAuth.build/Objects-normal/arm64/OIDRedirectHTTPHandler.o

ScanDependencies /Users/siam/Library/Developer/Xcode/DerivedData/Lingua_Quest-gvpckrqxtbgyprbgppjfqmimmmfw/Build/Intermediates.noindex/AppAuth.build/Debug-iphonesimulator/AppAuth.build/Objects-normal/arm64/OIDAuthorizationService+Mac.o /Users/siam/Library/Developer/Xcode/DerivedData/Lingua_Quest-gvpckrqxtbgyprbgppjfqmimmmfw/SourcePackages/checkouts/AppAuth-iOS/Sources/AppAuth/macOS/OIDAuthorizationService+Mac.m normal arm64 objective-c com.apple.compilers.llvm.clang.1_0.compiler (in target 'AppAuth' from project 'AppAuth')
    cd /Users/siam/Desktop/Lingua\ Quest/Lingua\ Quest.xcodeproj
    
    Using response file: /Users/siam/Library/Developer/Xcode/DerivedData/Lingua_Quest-gvpckrqxtbgyprbgppjfqmimmmfw/Build/Intermediates.noindex/AppAuth.build/Debug-iphonesimulator/AppAuth.build/Objects-normal/arm64/e6072d4f65d7061329687fe24e3d63a7-common-args.resp
    
    builtin-ScanDependencies -o /Users/siam/Library/Developer/Xcode/DerivedData/Lingua_Quest-gvpckrqxtbgyprbgppjfqmimmmfw/Build/Intermediates.noindex/AppAuth.build/Debug-iphonesimulator/AppAuth.build/Objects-normal/arm64/OIDAuthorizationService+Mac.o.scan -- /Applications/Xcode.app/Contents/Developer/Toolchains/XcodeDefault.xctoolchain/usr/bin/clang -x objective-c -ivfsstatcache /Users/siam/Library/Developer/Xcode/DerivedData/SDKStatCaches.noindex/iphonesimulator26.0-23A339-26257891a6c027eb51374368541b8346.sdkstatcache -fmessage-length\=0 -fdiagnostics-show-note-include-stack -fmacro-backtrace-limit\=0 -fno-color-diagnostics -fmodules-prune-interval\=86400 -fmodules-prune-after\=345600 -fbuild-session-file\=/Users/siam/Library/Developer/Xcode/DerivedData/ModuleCache.noindex/Session.modulevalidation -fmodules-validate-once-per-build-session -Wnon-modular-include-in-framework-module -Werror\=non-modular-include-in-framework-module -Wno-trigraphs -Wno-missing-field-initializers -Wno-missing-prototypes -Wno-return-type -Wno-implicit-atomic-properties -Wno-objc-interface-ivars -Wno-arc-repeated-use-of-weak -Wno-missing-braces -Wparentheses -Wswitch -Wno-unused-function -Wno-unused-label -Wno-unused-parameter -Wno-unused-variable -Wunused-value -Wno-empty-body -Wno-uninitialized -Wno-unknown-pragmas -w -Wno-shadow -Wno-four-char-constants -Wno-conversion -Wno-constant-conversion -Wno-int-conversion -Wno-bool-conversion -Wno-enum-conversion -Wno-float-conversion -Wno-non-literal-null-conversion -Wno-objc-literal-conversion -Wshorten-64-to-32 -Wpointer-sign -Wno-newline-eof -Wno-selector -Wno-strict-selector-match -Wno-undeclared-selector -Wno-deprecated-implementations -Wno-implicit-fallthrough -fstrict-aliasing -Wprotocol -Wdeprecated-declarations -Wno-sign-conversion -Wno-infinite-recursion -Wno-comma -Wno-block-capture-autoreleasing -Wno-strict-prototypes -Wno-semicolon-before-method-body -index-store-path /Users/siam/Library/Developer/Xcode/DerivedData/Lingua_Quest-gvpckrqxtbgyprbgppjfqmimmmfw/Index.noindex/DataStore @/Users/siam/Library/Developer/Xcode/DerivedData/Lingua_Quest-gvpckrqxtbgyprbgppjfqmimmmfw/Build/Intermediates.noindex/AppAuth.build/Debug-iphonesimulator/AppAuth.build/Objects-normal/arm64/e6072d4f65d7061329687fe24e3d63a7-common-args.resp -include /Users/siam/Library/Developer/Xcode/DerivedData/Lingua_Quest-gvpckrqxtbgyprbgppjfqmimmmfw/Build/Intermediates.noindex/AppAuth.build/Debug-iphonesimulator/AppAuth.build/DerivedSources/resource_bundle_accessor.h -MMD -MT dependencies -MF /Users/siam/Library/Developer/Xcode/DerivedData/Lingua_Quest-gvpckrqxtbgyprbgppjfqmimmmfw/Build/Intermediates.noindex/AppAuth.build/Debug-iphonesimulator/AppAuth.build/Objects-normal/arm64/OIDAuthorizationService+Mac.d --serialize-diagnostics /Users/siam/Library/Developer/Xcode/DerivedData/Lingua_Quest-gvpckrqxtbgyprbgppjfqmimmmfw/Build/Intermediates.noindex/AppAuth.build/Debug-iphonesimulator/AppAuth.build/Objects-normal/arm64/OIDAuthorizationService+Mac.dia -c /Users/siam/Library/Developer/Xcode/DerivedData/Lingua_Quest-gvpckrqxtbgyprbgppjfqmimmmfw/SourcePackages/checkouts/AppAuth-iOS/Sources/AppAuth/macOS/OIDAuthorizationService+Mac.m -o /Users/siam/Library/Developer/Xcode/DerivedData/Lingua_Quest-gvpckrqxtbgyprbgppjfqmimmmfw/Build/Intermediates.noindex/AppAuth.build/Debug-iphonesimulator/AppAuth.build/Objects-normal/arm64/OIDAuthorizationService+Mac.o -index-unit-output-path /AppAuth.build/Debug-iphonesimulator/AppAuth.build/Objects-normal/arm64/OIDAuthorizationService+Mac.o

CompileC /Users/siam/Library/Developer/Xcode/DerivedData/Lingua_Quest-gvpckrqxtbgyprbgppjfqmimmmfw/Build/Intermediates.noindex/AppAuth.build/Debug-iphonesimulator/AppAuth.build/Objects-normal/x86_64/OIDExternalUserAgentIOSCustomBrowser.o /Users/siam/Library/Developer/Xcode/DerivedData/Lingua_Quest-gvpckrqxtbgyprbgppjfqmimmmfw/SourcePackages/checkouts/AppAuth-iOS/Sources/AppAuth/iOS/OIDExternalUserAgentIOSCustomBrowser.m normal x86_64 objective-c com.apple.compilers.llvm.clang.1_0.compiler (in target 'AppAuth' from project 'AppAuth')
    cd /Users/siam/Desktop/Lingua\ Quest/Lingua\ Quest.xcodeproj
    
    Using response file: /Users/siam/Library/Developer/Xcode/DerivedData/Lingua_Quest-gvpckrqxtbgyprbgppjfqmimmmfw/Build/Intermediates.noindex/AppAuth.build/Debug-iphonesimulator/AppAuth.build/Objects-normal/x86_64/e6072d4f65d7061329687fe24e3d63a7-common-args.resp
    
    /Applications/Xcode.app/Contents/Developer/Toolchains/XcodeDefault.xctoolchain/usr/bin/clang -x objective-c -ivfsstatcache /Users/siam/Library/Developer/Xcode/DerivedData/SDKStatCaches.noindex/iphonesimulator26.0-23A339-26257891a6c027eb51374368541b8346.sdkstatcache -fmessage-length\=0 -fdiagnostics-show-note-include-stack -fmacro-backtrace-limit\=0 -fno-color-diagnostics -fmodules-prune-interval\=86400 -fmodules-prune-after\=345600 -fbuild-session-file\=/Users/siam/Library/Developer/Xcode/DerivedData/ModuleCache.noindex/Session.modulevalidation -fmodules-validate-once-per-build-session -Wnon-modular-include-in-framework-module -Werror\=non-modular-include-in-framework-module -Wno-trigraphs -Wno-missing-field-initializers -Wno-missing-prototypes -Wno-return-type -Wno-implicit-atomic-properties -Wno-objc-interface-ivars -Wno-arc-repeated-use-of-weak -Wno-missing-braces -Wparentheses -Wswitch -Wno-unused-function -Wno-unused-label -Wno-unused-parameter -Wno-unused-variable -Wunused-value -Wno-empty-body -Wno-uninitialized -Wno-unknown-pragmas -w -Wno-shadow -Wno-four-char-constants -Wno-conversion -Wno-constant-conversion -Wno-int-conversion -Wno-bool-conversion -Wno-enum-conversion -Wno-float-conversion -Wno-non-literal-null-conversion -Wno-objc-literal-conversion -Wshorten-64-to-32 -Wpointer-sign -Wno-newline-eof -Wno-selector -Wno-strict-selector-match -Wno-undeclared-selector -Wno-deprecated-implementations -Wno-implicit-fallthrough -fstrict-aliasing -Wprotocol -Wdeprecated-declarations -Wno-sign-conversion -Wno-infinite-recursion -Wno-comma -Wno-block-capture-autoreleasing -Wno-strict-prototypes -Wno-semicolon-before-method-body -index-store-path /Users/siam/Library/Developer/Xcode/DerivedData/Lingua_Quest-gvpckrqxtbgyprbgppjfqmimmmfw/Index.noindex/DataStore @/Users/siam/Library/Developer/Xcode/DerivedData/Lingua_Quest-gvpckrqxtbgyprbgppjfqmimmmfw/Build/Intermediates.noindex/AppAuth.build/Debug-iphonesimulator/AppAuth.build/Objects-normal/x86_64/e6072d4f65d7061329687fe24e3d63a7-common-args.resp -include /Users/siam/Library/Developer/Xcode/DerivedData/Lingua_Quest-gvpckrqxtbgyprbgppjfqmimmmfw/Build/Intermediates.noindex/AppAuth.build/Debug-iphonesimulator/AppAuth.build/DerivedSources/resource_bundle_accessor.h -MMD -MT dependencies -MF /Users/siam/Library/Developer/Xcode/DerivedData/Lingua_Quest-gvpckrqxtbgyprbgppjfqmimmmfw/Build/Intermediates.noindex/AppAuth.build/Debug-iphonesimulator/AppAuth.build/Objects-normal/x86_64/OIDExternalUserAgentIOSCustomBrowser.d --serialize-diagnostics /Users/siam/Library/Developer/Xcode/DerivedData/Lingua_Quest-gvpckrqxtbgyprbgppjfqmimmmfw/Build/Intermediates.noindex/AppAuth.build/Debug-iphonesimulator/AppAuth.build/Objects-normal/x86_64/OIDExternalUserAgentIOSCustomBrowser.dia -c /Users/siam/Library/Developer/Xcode/DerivedData/Lingua_Quest-gvpckrqxtbgyprbgppjfqmimmmfw/SourcePackages/checkouts/AppAuth-iOS/Sources/AppAuth/iOS/OIDExternalUserAgentIOSCustomBrowser.m -o /Users/siam/Library/Developer/Xcode/DerivedData/Lingua_Quest-gvpckrqxtbgyprbgppjfqmimmmfw/Build/Intermediates.noindex/AppAuth.build/Debug-iphonesimulator/AppAuth.build/Objects-normal/x86_64/OIDExternalUserAgentIOSCustomBrowser.o -index-unit-output-path /AppAuth.build/Debug-iphonesimulator/AppAuth.build/Objects-normal/x86_64/OIDExternalUserAgentIOSCustomBrowser.o

CompileC /Users/siam/Library/Developer/Xcode/DerivedData/Lingua_Quest-gvpckrqxtbgyprbgppjfqmimmmfw/Build/Intermediates.noindex/AppAuth.build/Debug-iphonesimulator/AppAuth.build/Objects-normal/x86_64/OIDExternalUserAgentIOS.o /Users/siam/Library/Developer/Xcode/DerivedData/Lingua_Quest-gvpckrqxtbgyprbgppjfqmimmmfw/SourcePackages/checkouts/AppAuth-iOS/Sources/AppAuth/iOS/OIDExternalUserAgentIOS.m normal x86_64 objective-c com.apple.compilers.llvm.clang.1_0.compiler (in target 'AppAuth' from project 'AppAuth')
    cd /Users/siam/Desktop/Lingua\ Quest/Lingua\ Quest.xcodeproj
    
    Using response file: /Users/siam/Library/Developer/Xcode/DerivedData/Lingua_Quest-gvpckrqxtbgyprbgppjfqmimmmfw/Build/Intermediates.noindex/AppAuth.build/Debug-iphonesimulator/AppAuth.build/Objects-normal/x86_64/e6072d4f65d7061329687fe24e3d63a7-common-args.resp
    
    /Applications/Xcode.app/Contents/Developer/Toolchains/XcodeDefault.xctoolchain/usr/bin/clang -x objective-c -ivfsstatcache /Users/siam/Library/Developer/Xcode/DerivedData/SDKStatCaches.noindex/iphonesimulator26.0-23A339-26257891a6c027eb51374368541b8346.sdkstatcache -fmessage-length\=0 -fdiagnostics-show-note-include-stack -fmacro-backtrace-limit\=0 -fno-color-diagnostics -fmodules-prune-interval\=86400 -fmodules-prune-after\=345600 -fbuild-session-file\=/Users/siam/Library/Developer/Xcode/DerivedData/ModuleCache.noindex/Session.modulevalidation -fmodules-validate-once-per-build-session -Wnon-modular-include-in-framework-module -Werror\=non-modular-include-in-framework-module -Wno-trigraphs -Wno-missing-field-initializers -Wno-missing-prototypes -Wno-return-type -Wno-implicit-atomic-properties -Wno-objc-interface-ivars -Wno-arc-repeated-use-of-weak -Wno-missing-braces -Wparentheses -Wswitch -Wno-unused-function -Wno-unused-label -Wno-unused-parameter -Wno-unused-variable -Wunused-value -Wno-empty-body -Wno-uninitialized -Wno-unknown-pragmas -w -Wno-shadow -Wno-four-char-constants -Wno-conversion -Wno-constant-conversion -Wno-int-conversion -Wno-bool-conversion -Wno-enum-conversion -Wno-float-conversion -Wno-non-literal-null-conversion -Wno-objc-literal-conversion -Wshorten-64-to-32 -Wpointer-sign -Wno-newline-eof -Wno-selector -Wno-strict-selector-match -Wno-undeclared-selector -Wno-deprecated-implementations -Wno-implicit-fallthrough -fstrict-aliasing -Wprotocol -Wdeprecated-declarations -Wno-sign-conversion -Wno-infinite-recursion -Wno-comma -Wno-block-capture-autoreleasing -Wno-strict-prototypes -Wno-semicolon-before-method-body -index-store-path /Users/siam/Library/Developer/Xcode/DerivedData/Lingua_Quest-gvpckrqxtbgyprbgppjfqmimmmfw/Index.noindex/DataStore @/Users/siam/Library/Developer/Xcode/DerivedData/Lingua_Quest-gvpckrqxtbgyprbgppjfqmimmmfw/Build/Intermediates.noindex/AppAuth.build/Debug-iphonesimulator/AppAuth.build/Objects-normal/x86_64/e6072d4f65d7061329687fe24e3d63a7-common-args.resp -include /Users/siam/Library/Developer/Xcode/DerivedData/Lingua_Quest-gvpckrqxtbgyprbgppjfqmimmmfw/Build/Intermediates.noindex/AppAuth.build/Debug-iphonesimulator/AppAuth.build/DerivedSources/resource_bundle_accessor.h -MMD -MT dependencies -MF /Users/siam/Library/Developer/Xcode/DerivedData/Lingua_Quest-gvpckrqxtbgyprbgppjfqmimmmfw/Build/Intermediates.noindex/AppAuth.build/Debug-iphonesimulator/AppAuth.build/Objects-normal/x86_64/OIDExternalUserAgentIOS.d --serialize-diagnostics /Users/siam/Library/Developer/Xcode/DerivedData/Lingua_Quest-gvpckrqxtbgyprbgppjfqmimmmfw/Build/Intermediates.noindex/AppAuth.build/Debug-iphonesimulator/AppAuth.build/Objects-normal/x86_64/OIDExternalUserAgentIOS.dia -c /Users/siam/Library/Developer/Xcode/DerivedData/Lingua_Quest-gvpckrqxtbgyprbgppjfqmimmmfw/SourcePackages/checkouts/AppAuth-iOS/Sources/AppAuth/iOS/OIDExternalUserAgentIOS.m -o /Users/siam/Library/Developer/Xcode/DerivedData/Lingua_Quest-gvpckrqxtbgyprbgppjfqmimmmfw/Build/Intermediates.noindex/AppAuth.build/Debug-iphonesimulator/AppAuth.build/Objects-normal/x86_64/OIDExternalUserAgentIOS.o -index-unit-output-path /AppAuth.build/Debug-iphonesimulator/AppAuth.build/Objects-normal/x86_64/OIDExternalUserAgentIOS.o

CompileC /Users/siam/Library/Developer/Xcode/DerivedData/Lingua_Quest-gvpckrqxtbgyprbgppjfqmimmmfw/Build/Intermediates.noindex/AppAuth.build/Debug-iphonesimulator/AppAuth.build/Objects-normal/x86_64/OIDExternalUserAgentCatalyst.o /Users/siam/Library/Developer/Xcode/DerivedData/Lingua_Quest-gvpckrqxtbgyprbgppjfqmimmmfw/SourcePackages/checkouts/AppAuth-iOS/Sources/AppAuth/iOS/OIDExternalUserAgentCatalyst.m normal x86_64 objective-c com.apple.compilers.llvm.clang.1_0.compiler (in target 'AppAuth' from project 'AppAuth')
    cd /Users/siam/Desktop/Lingua\ Quest/Lingua\ Quest.xcodeproj
    
    Using response file: /Users/siam/Library/Developer/Xcode/DerivedData/Lingua_Quest-gvpckrqxtbgyprbgppjfqmimmmfw/Build/Intermediates.noindex/AppAuth.build/Debug-iphonesimulator/AppAuth.build/Objects-normal/x86_64/e6072d4f65d7061329687fe24e3d63a7-common-args.resp
    
    /Applications/Xcode.app/Contents/Developer/Toolchains/XcodeDefault.xctoolchain/usr/bin/clang -x objective-c -ivfsstatcache /Users/siam/Library/Developer/Xcode/DerivedData/SDKStatCaches.noindex/iphonesimulator26.0-23A339-26257891a6c027eb51374368541b8346.sdkstatcache -fmessage-length\=0 -fdiagnostics-show-note-include-stack -fmacro-backtrace-limit\=0 -fno-color-diagnostics -fmodules-prune-interval\=86400 -fmodules-prune-after\=345600 -fbuild-session-file\=/Users/siam/Library/Developer/Xcode/DerivedData/ModuleCache.noindex/Session.modulevalidation -fmodules-validate-once-per-build-session -Wnon-modular-include-in-framework-module -Werror\=non-modular-include-in-framework-module -Wno-trigraphs -Wno-missing-field-initializers -Wno-missing-prototypes -Wno-return-type -Wno-implicit-atomic-properties -Wno-objc-interface-ivars -Wno-arc-repeated-use-of-weak -Wno-missing-braces -Wparentheses -Wswitch -Wno-unused-function -Wno-unused-label -Wno-unused-parameter -Wno-unused-variable -Wunused-value -Wno-empty-body -Wno-uninitialized -Wno-unknown-pragmas -w -Wno-shadow -Wno-four-char-constants -Wno-conversion -Wno-constant-conversion -Wno-int-conversion -Wno-bool-conversion -Wno-enum-conversion -Wno-float-conversion -Wno-non-literal-null-conversion -Wno-objc-literal-conversion -Wshorten-64-to-32 -Wpointer-sign -Wno-newline-eof -Wno-selector -Wno-strict-selector-match -Wno-undeclared-selector -Wno-deprecated-implementations -Wno-implicit-fallthrough -fstrict-aliasing -Wprotocol -Wdeprecated-declarations -Wno-sign-conversion -Wno-infinite-recursion -Wno-comma -Wno-block-capture-autoreleasing -Wno-strict-prototypes -Wno-semicolon-before-method-body -index-store-path /Users/siam/Library/Developer/Xcode/DerivedData/Lingua_Quest-gvpckrqxtbgyprbgppjfqmimmmfw/Index.noindex/DataStore @/Users/siam/Library/Developer/Xcode/DerivedData/Lingua_Quest-gvpckrqxtbgyprbgppjfqmimmmfw/Build/Intermediates.noindex/AppAuth.build/Debug-iphonesimulator/AppAuth.build/Objects-normal/x86_64/e6072d4f65d7061329687fe24e3d63a7-common-args.resp -include /Users/siam/Library/Developer/Xcode/DerivedData/Lingua_Quest-gvpckrqxtbgyprbgppjfqmimmmfw/Build/Intermediates.noindex/AppAuth.build/Debug-iphonesimulator/AppAuth.build/DerivedSources/resource_bundle_accessor.h -MMD -MT dependencies -MF /Users/siam/Library/Developer/Xcode/DerivedData/Lingua_Quest-gvpckrqxtbgyprbgppjfqmimmmfw/Build/Intermediates.noindex/AppAuth.build/Debug-iphonesimulator/AppAuth.build/Objects-normal/x86_64/OIDExternalUserAgentCatalyst.d --serialize-diagnostics /Users/siam/Library/Developer/Xcode/DerivedData/Lingua_Quest-gvpckrqxtbgyprbgppjfqmimmmfw/Build/Intermediates.noindex/AppAuth.build/Debug-iphonesimulator/AppAuth.build/Objects-normal/x86_64/OIDExternalUserAgentCatalyst.dia -c /Users/siam/Library/Developer/Xcode/DerivedData/Lingua_Quest-gvpckrqxtbgyprbgppjfqmimmmfw/SourcePackages/checkouts/AppAuth-iOS/Sources/AppAuth/iOS/OIDExternalUserAgentCatalyst.m -o /Users/siam/Library/Developer/Xcode/DerivedData/Lingua_Quest-gvpckrqxtbgyprbgppjfqmimmmfw/Build/Intermediates.noindex/AppAuth.build/Debug-iphonesimulator/AppAuth.build/Objects-normal/x86_64/OIDExternalUserAgentCatalyst.o -index-unit-output-path /AppAuth.build/Debug-iphonesimulator/AppAuth.build/Objects-normal/x86_64/OIDExternalUserAgentCatalyst.o

CompileC /Users/siam/Library/Developer/Xcode/DerivedData/Lingua_Quest-gvpckrqxtbgyprbgppjfqmimmmfw/Build/Intermediates.noindex/AppAuth.build/Debug-iphonesimulator/AppAuth.build/Objects-normal/x86_64/OIDAuthorizationService+IOS.o /Users/siam/Library/Developer/Xcode/DerivedData/Lingua_Quest-gvpckrqxtbgyprbgppjfqmimmmfw/SourcePackages/checkouts/AppAuth-iOS/Sources/AppAuth/iOS/OIDAuthorizationService+IOS.m normal x86_64 objective-c com.apple.compilers.llvm.clang.1_0.compiler (in target 'AppAuth' from project 'AppAuth')
    cd /Users/siam/Desktop/Lingua\ Quest/Lingua\ Quest.xcodeproj
    
    Using response file: /Users/siam/Library/Developer/Xcode/DerivedData/Lingua_Quest-gvpckrqxtbgyprbgppjfqmimmmfw/Build/Intermediates.noindex/AppAuth.build/Debug-iphonesimulator/AppAuth.build/Objects-normal/x86_64/e6072d4f65d7061329687fe24e3d63a7-common-args.resp
    
    /Applications/Xcode.app/Contents/Developer/Toolchains/XcodeDefault.xctoolchain/usr/bin/clang -x objective-c -ivfsstatcache /Users/siam/Library/Developer/Xcode/DerivedData/SDKStatCaches.noindex/iphonesimulator26.0-23A339-26257891a6c027eb51374368541b8346.sdkstatcache -fmessage-length\=0 -fdiagnostics-show-note-include-stack -fmacro-backtrace-limit\=0 -fno-color-diagnostics -fmodules-prune-interval\=86400 -fmodules-prune-after\=345600 -fbuild-session-file\=/Users/siam/Library/Developer/Xcode/DerivedData/ModuleCache.noindex/Session.modulevalidation -fmodules-validate-once-per-build-session -Wnon-modular-include-in-framework-module -Werror\=non-modular-include-in-framework-module -Wno-trigraphs -Wno-missing-field-initializers -Wno-missing-prototypes -Wno-return-type -Wno-implicit-atomic-properties -Wno-objc-interface-ivars -Wno-arc-repeated-use-of-weak -Wno-missing-braces -Wparentheses -Wswitch -Wno-unused-function -Wno-unused-label -Wno-unused-parameter -Wno-unused-variable -Wunused-value -Wno-empty-body -Wno-uninitialized -Wno-unknown-pragmas -w -Wno-shadow -Wno-four-char-constants -Wno-conversion -Wno-constant-conversion -Wno-int-conversion -Wno-bool-conversion -Wno-enum-conversion -Wno-float-conversion -Wno-non-literal-null-conversion -Wno-objc-literal-conversion -Wshorten-64-to-32 -Wpointer-sign -Wno-newline-eof -Wno-selector -Wno-strict-selector-match -Wno-undeclared-selector -Wno-deprecated-implementations -Wno-implicit-fallthrough -fstrict-aliasing -Wprotocol -Wdeprecated-declarations -Wno-sign-conversion -Wno-infinite-recursion -Wno-comma -Wno-block-capture-autoreleasing -Wno-strict-prototypes -Wno-semicolon-before-method-body -index-store-path /Users/siam/Library/Developer/Xcode/DerivedData/Lingua_Quest-gvpckrqxtbgyprbgppjfqmimmmfw/Index.noindex/DataStore @/Users/siam/Library/Developer/Xcode/DerivedData/Lingua_Quest-gvpckrqxtbgyprbgppjfqmimmmfw/Build/Intermediates.noindex/AppAuth.build/Debug-iphonesimulator/AppAuth.build/Objects-normal/x86_64/e6072d4f65d7061329687fe24e3d63a7-common-args.resp -include /Users/siam/Library/Developer/Xcode/DerivedData/Lingua_Quest-gvpckrqxtbgyprbgppjfqmimmmfw/Build/Intermediates.noindex/AppAuth.build/Debug-iphonesimulator/AppAuth.build/DerivedSources/resource_bundle_accessor.h -MMD -MT dependencies -MF /Users/siam/Library/Developer/Xcode/DerivedData/Lingua_Quest-gvpckrqxtbgyprbgppjfqmimmmfw/Build/Intermediates.noindex/AppAuth.build/Debug-iphonesimulator/AppAuth.build/Objects-normal/x86_64/OIDAuthorizationService+IOS.d --serialize-diagnostics /Users/siam/Library/Developer/Xcode/DerivedData/Lingua_Quest-gvpckrqxtbgyprbgppjfqmimmmfw/Build/Intermediates.noindex/AppAuth.build/Debug-iphonesimulator/AppAuth.build/Objects-normal/x86_64/OIDAuthorizationService+IOS.dia -c /Users/siam/Library/Developer/Xcode/DerivedData/Lingua_Quest-gvpckrqxtbgyprbgppjfqmimmmfw/SourcePackages/checkouts/AppAuth-iOS/Sources/AppAuth/iOS/OIDAuthorizationService+IOS.m -o /Users/siam/Library/Developer/Xcode/DerivedData/Lingua_Quest-gvpckrqxtbgyprbgppjfqmimmmfw/Build/Intermediates.noindex/AppAuth.build/Debug-iphonesimulator/AppAuth.build/Objects-normal/x86_64/OIDAuthorizationService+IOS.o -index-unit-output-path /AppAuth.build/Debug-iphonesimulator/AppAuth.build/Objects-normal/x86_64/OIDAuthorizationService+IOS.o

CompileC /Users/siam/Library/Developer/Xcode/DerivedData/Lingua_Quest-gvpckrqxtbgyprbgppjfqmimmmfw/Build/Intermediates.noindex/GoogleUtilities.build/Debug-iphonesimulator/GoogleUtilities-Environment.build/Objects-normal/arm64/GULAppEnvironmentUtil.o /Users/siam/Library/Developer/Xcode/DerivedData/Lingua_Quest-gvpckrqxtbgyprbgppjfqmimmmfw/SourcePackages/checkouts/GoogleUtilities/GoogleUtilities/Environment/GULAppEnvironmentUtil.m normal arm64 objective-c com.apple.compilers.llvm.clang.1_0.compiler (in target 'GoogleUtilities-Environment' from project 'GoogleUtilities')
    cd /Users/siam/Desktop/Lingua\ Quest/Lingua\ Quest.xcodeproj
    
    Using response file: /Users/siam/Library/Developer/Xcode/DerivedData/Lingua_Quest-gvpckrqxtbgyprbgppjfqmimmmfw/Build/Intermediates.noindex/GoogleUtilities.build/Debug-iphonesimulator/GoogleUtilities-Environment.build/Objects-normal/arm64/e6072d4f65d7061329687fe24e3d63a7-common-args.resp
    
    /Applications/Xcode.app/Contents/Developer/Toolchains/XcodeDefault.xctoolchain/usr/bin/clang -x objective-c -ivfsstatcache /Users/siam/Library/Developer/Xcode/DerivedData/SDKStatCaches.noindex/iphonesimulator26.0-23A339-26257891a6c027eb51374368541b8346.sdkstatcache -fmessage-length\=0 -fdiagnostics-show-note-include-stack -fmacro-backtrace-limit\=0 -fno-color-diagnostics -fmodules-prune-interval\=86400 -fmodules-prune-after\=345600 -fbuild-session-file\=/Users/siam/Library/Developer/Xcode/DerivedData/ModuleCache.noindex/Session.modulevalidation -fmodules-validate-once-per-build-session -Wnon-modular-include-in-framework-module -Werror\=non-modular-include-in-framework-module -Wno-trigraphs -Wno-missing-field-initializers -Wno-missing-prototypes -Wno-return-type -Wno-implicit-atomic-properties -Wno-objc-interface-ivars -Wno-arc-repeated-use-of-weak -Wno-missing-braces -Wparentheses -Wswitch -Wno-unused-function -Wno-unused-label -Wno-unused-parameter -Wno-unused-variable -Wunused-value -Wno-empty-body -Wno-uninitialized -Wno-unknown-pragmas -w -Wno-shadow -Wno-four-char-constants -Wno-conversion -Wno-constant-conversion -Wno-int-conversion -Wno-bool-conversion -Wno-enum-conversion -Wno-float-conversion -Wno-non-literal-null-conversion -Wno-objc-literal-conversion -Wshorten-64-to-32 -Wpointer-sign -Wno-newline-eof -Wno-selector -Wno-strict-selector-match -Wno-undeclared-selector -Wno-deprecated-implementations -Wno-implicit-fallthrough -fstrict-aliasing -Wprotocol -Wdeprecated-declarations -Wno-sign-conversion -Wno-infinite-recursion -Wno-comma -Wno-block-capture-autoreleasing -Wno-strict-prototypes -Wno-semicolon-before-method-body -index-store-path /Users/siam/Library/Developer/Xcode/DerivedData/Lingua_Quest-gvpckrqxtbgyprbgppjfqmimmmfw/Index.noindex/DataStore @/Users/siam/Library/Developer/Xcode/DerivedData/Lingua_Quest-gvpckrqxtbgyprbgppjfqmimmmfw/Build/Intermediates.noindex/GoogleUtilities.build/Debug-iphonesimulator/GoogleUtilities-Environment.build/Objects-normal/arm64/e6072d4f65d7061329687fe24e3d63a7-common-args.resp -include /Users/siam/Library/Developer/Xcode/DerivedData/Lingua_Quest-gvpckrqxtbgyprbgppjfqmimmmfw/Build/Intermediates.noindex/GoogleUtilities.build/Debug-iphonesimulator/GoogleUtilities-Environment.build/DerivedSources/resource_bundle_accessor.h -MMD -MT dependencies -MF /Users/siam/Library/Developer/Xcode/DerivedData/Lingua_Quest-gvpckrqxtbgyprbgppjfqmimmmfw/Build/Intermediates.noindex/GoogleUtilities.build/Debug-iphonesimulator/GoogleUtilities-Environment.build/Objects-normal/arm64/GULAppEnvironmentUtil.d --serialize-diagnostics /Users/siam/Library/Developer/Xcode/DerivedData/Lingua_Quest-gvpckrqxtbgyprbgppjfqmimmmfw/Build/Intermediates.noindex/GoogleUtilities.build/Debug-iphonesimulator/GoogleUtilities-Environment.build/Objects-normal/arm64/GULAppEnvironmentUtil.dia -c /Users/siam/Library/Developer/Xcode/DerivedData/Lingua_Quest-gvpckrqxtbgyprbgppjfqmimmmfw/SourcePackages/checkouts/GoogleUtilities/GoogleUtilities/Environment/GULAppEnvironmentUtil.m -o /Users/siam/Library/Developer/Xcode/DerivedData/Lingua_Quest-gvpckrqxtbgyprbgppjfqmimmmfw/Build/Intermediates.noindex/GoogleUtilities.build/Debug-iphonesimulator/GoogleUtilities-Environment.build/Objects-normal/arm64/GULAppEnvironmentUtil.o -index-unit-output-path /GoogleUtilities.build/Debug-iphonesimulator/GoogleUtilities-Environment.build/Objects-normal/arm64/GULAppEnvironmentUtil.o

CompileC /Users/siam/Library/Developer/Xcode/DerivedData/Lingua_Quest-gvpckrqxtbgyprbgppjfqmimmmfw/Build/Intermediates.noindex/GoogleUtilities.build/Debug-iphonesimulator/GoogleUtilities-AppDelegateSwizzler.build/Objects-normal/arm64/GULSceneDelegateSwizzler.o /Users/siam/Library/Developer/Xcode/DerivedData/Lingua_Quest-gvpckrqxtbgyprbgppjfqmimmmfw/SourcePackages/checkouts/GoogleUtilities/GoogleUtilities/AppDelegateSwizzler/GULSceneDelegateSwizzler.m normal arm64 objective-c com.apple.compilers.llvm.clang.1_0.compiler (in target 'GoogleUtilities-AppDelegateSwizzler' from project 'GoogleUtilities')
    cd /Users/siam/Desktop/Lingua\ Quest/Lingua\ Quest.xcodeproj
    
    Using response file: /Users/siam/Library/Developer/Xcode/DerivedData/Lingua_Quest-gvpckrqxtbgyprbgppjfqmimmmfw/Build/Intermediates.noindex/GoogleUtilities.build/Debug-iphonesimulator/GoogleUtilities-AppDelegateSwizzler.build/Objects-normal/arm64/e6072d4f65d7061329687fe24e3d63a7-common-args.resp
    
    /Applications/Xcode.app/Contents/Developer/Toolchains/XcodeDefault.xctoolchain/usr/bin/clang -x objective-c -ivfsstatcache /Users/siam/Library/Developer/Xcode/DerivedData/SDKStatCaches.noindex/iphonesimulator26.0-23A339-26257891a6c027eb51374368541b8346.sdkstatcache -fmessage-length\=0 -fdiagnostics-show-note-include-stack -fmacro-backtrace-limit\=0 -fno-color-diagnostics -fmodules-prune-interval\=86400 -fmodules-prune-after\=345600 -fbuild-session-file\=/Users/siam/Library/Developer/Xcode/DerivedData/ModuleCache.noindex/Session.modulevalidation -fmodules-validate-once-per-build-session -Wnon-modular-include-in-framework-module -Werror\=non-modular-include-in-framework-module -Wno-trigraphs -Wno-missing-field-initializers -Wno-missing-prototypes -Wno-return-type -Wno-implicit-atomic-properties -Wno-objc-interface-ivars -Wno-arc-repeated-use-of-weak -Wno-missing-braces -Wparentheses -Wswitch -Wno-unused-function -Wno-unused-label -Wno-unused-parameter -Wno-unused-variable -Wunused-value -Wno-empty-body -Wno-uninitialized -Wno-unknown-pragmas -w -Wno-shadow -Wno-four-char-constants -Wno-conversion -Wno-constant-conversion -Wno-int-conversion -Wno-bool-conversion -Wno-enum-conversion -Wno-float-conversion -Wno-non-literal-null-conversion -Wno-objc-literal-conversion -Wshorten-64-to-32 -Wpointer-sign -Wno-newline-eof -Wno-selector -Wno-strict-selector-match -Wno-undeclared-selector -Wno-deprecated-implementations -Wno-implicit-fallthrough -fstrict-aliasing -Wprotocol -Wdeprecated-declarations -Wno-sign-conversion -Wno-infinite-recursion -Wno-comma -Wno-block-capture-autoreleasing -Wno-strict-prototypes -Wno-semicolon-before-method-body -index-store-path /Users/siam/Library/Developer/Xcode/DerivedData/Lingua_Quest-gvpckrqxtbgyprbgppjfqmimmmfw/Index.noindex/DataStore @/Users/siam/Library/Developer/Xcode/DerivedData/Lingua_Quest-gvpckrqxtbgyprbgppjfqmimmmfw/Build/Intermediates.noindex/GoogleUtilities.build/Debug-iphonesimulator/GoogleUtilities-AppDelegateSwizzler.build/Objects-normal/arm64/e6072d4f65d7061329687fe24e3d63a7-common-args.resp -include /Users/siam/Library/Developer/Xcode/DerivedData/Lingua_Quest-gvpckrqxtbgyprbgppjfqmimmmfw/Build/Intermediates.noindex/GoogleUtilities.build/Debug-iphonesimulator/GoogleUtilities-AppDelegateSwizzler.build/DerivedSources/resource_bundle_accessor.h -MMD -MT dependencies -MF /Users/siam/Library/Developer/Xcode/DerivedData/Lingua_Quest-gvpckrqxtbgyprbgppjfqmimmmfw/Build/Intermediates.noindex/GoogleUtilities.build/Debug-iphonesimulator/GoogleUtilities-AppDelegateSwizzler.build/Objects-normal/arm64/GULSceneDelegateSwizzler.d --serialize-diagnostics /Users/siam/Library/Developer/Xcode/DerivedData/Lingua_Quest-gvpckrqxtbgyprbgppjfqmimmmfw/Build/Intermediates.noindex/GoogleUtilities.build/Debug-iphonesimulator/GoogleUtilities-AppDelegateSwizzler.build/Objects-normal/arm64/GULSceneDelegateSwizzler.dia -c /Users/siam/Library/Developer/Xcode/DerivedData/Lingua_Quest-gvpckrqxtbgyprbgppjfqmimmmfw/SourcePackages/checkouts/GoogleUtilities/GoogleUtilities/AppDelegateSwizzler/GULSceneDelegateSwizzler.m -o /Users/siam/Library/Developer/Xcode/DerivedData/Lingua_Quest-gvpckrqxtbgyprbgppjfqmimmmfw/Build/Intermediates.noindex/GoogleUtilities.build/Debug-iphonesimulator/GoogleUtilities-AppDelegateSwizzler.build/Objects-normal/arm64/GULSceneDelegateSwizzler.o -index-unit-output-path /GoogleUtilities.build/Debug-iphonesimulator/GoogleUtilities-AppDelegateSwizzler.build/Objects-normal/arm64/GULSceneDelegateSwizzler.o

CompileC /Users/siam/Library/Developer/Xcode/DerivedData/Lingua_Quest-gvpckrqxtbgyprbgppjfqmimmmfw/Build/Intermediates.noindex/GoogleUtilities.build/Debug-iphonesimulator/GoogleUtilities-AppDelegateSwizzler.build/Objects-normal/arm64/GULAppDelegateSwizzler.o /Users/siam/Library/Developer/Xcode/DerivedData/Lingua_Quest-gvpckrqxtbgyprbgppjfqmimmmfw/SourcePackages/checkouts/GoogleUtilities/GoogleUtilities/AppDelegateSwizzler/GULAppDelegateSwizzler.m normal arm64 objective-c com.apple.compilers.llvm.clang.1_0.compiler (in target 'GoogleUtilities-AppDelegateSwizzler' from project 'GoogleUtilities')
    cd /Users/siam/Desktop/Lingua\ Quest/Lingua\ Quest.xcodeproj
    
    Using response file: /Users/siam/Library/Developer/Xcode/DerivedData/Lingua_Quest-gvpckrqxtbgyprbgppjfqmimmmfw/Build/Intermediates.noindex/GoogleUtilities.build/Debug-iphonesimulator/GoogleUtilities-AppDelegateSwizzler.build/Objects-normal/arm64/e6072d4f65d7061329687fe24e3d63a7-common-args.resp
    
    /Applications/Xcode.app/Contents/Developer/Toolchains/XcodeDefault.xctoolchain/usr/bin/clang -x objective-c -ivfsstatcache /Users/siam/Library/Developer/Xcode/DerivedData/SDKStatCaches.noindex/iphonesimulator26.0-23A339-26257891a6c027eb51374368541b8346.sdkstatcache -fmessage-length\=0 -fdiagnostics-show-note-include-stack -fmacro-backtrace-limit\=0 -fno-color-diagnostics -fmodules-prune-interval\=86400 -fmodules-prune-after\=345600 -fbuild-session-file\=/Users/siam/Library/Developer/Xcode/DerivedData/ModuleCache.noindex/Session.modulevalidation -fmodules-validate-once-per-build-session -Wnon-modular-include-in-framework-module -Werror\=non-modular-include-in-framework-module -Wno-trigraphs -Wno-missing-field-initializers -Wno-missing-prototypes -Wno-return-type -Wno-implicit-atomic-properties -Wno-objc-interface-ivars -Wno-arc-repeated-use-of-weak -Wno-missing-braces -Wparentheses -Wswitch -Wno-unused-function -Wno-unused-label -Wno-unused-parameter -Wno-unused-variable -Wunused-value -Wno-empty-body -Wno-uninitialized -Wno-unknown-pragmas -w -Wno-shadow -Wno-four-char-constants -Wno-conversion -Wno-constant-conversion -Wno-int-conversion -Wno-bool-conversion -Wno-enum-conversion -Wno-float-conversion -Wno-non-literal-null-conversion -Wno-objc-literal-conversion -Wshorten-64-to-32 -Wpointer-sign -Wno-newline-eof -Wno-selector -Wno-strict-selector-match -Wno-undeclared-selector -Wno-deprecated-implementations -Wno-implicit-fallthrough -fstrict-aliasing -Wprotocol -Wdeprecated-declarations -Wno-sign-conversion -Wno-infinite-recursion -Wno-comma -Wno-block-capture-autoreleasing -Wno-strict-prototypes -Wno-semicolon-before-method-body -index-store-path /Users/siam/Library/Developer/Xcode/DerivedData/Lingua_Quest-gvpckrqxtbgyprbgppjfqmimmmfw/Index.noindex/DataStore @/Users/siam/Library/Developer/Xcode/DerivedData/Lingua_Quest-gvpckrqxtbgyprbgppjfqmimmmfw/Build/Intermediates.noindex/GoogleUtilities.build/Debug-iphonesimulator/GoogleUtilities-AppDelegateSwizzler.build/Objects-normal/arm64/e6072d4f65d7061329687fe24e3d63a7-common-args.resp -include /Users/siam/Library/Developer/Xcode/DerivedData/Lingua_Quest-gvpckrqxtbgyprbgppjfqmimmmfw/Build/Intermediates.noindex/GoogleUtilities.build/Debug-iphonesimulator/GoogleUtilities-AppDelegateSwizzler.build/DerivedSources/resource_bundle_accessor.h -MMD -MT dependencies -MF /Users/siam/Library/Developer/Xcode/DerivedData/Lingua_Quest-gvpckrqxtbgyprbgppjfqmimmmfw/Build/Intermediates.noindex/GoogleUtilities.build/Debug-iphonesimulator/GoogleUtilities-AppDelegateSwizzler.build/Objects-normal/arm64/GULAppDelegateSwizzler.d --serialize-diagnostics /Users/siam/Library/Developer/Xcode/DerivedData/Lingua_Quest-gvpckrqxtbgyprbgppjfqmimmmfw/Build/Intermediates.noindex/GoogleUtilities.build/Debug-iphonesimulator/GoogleUtilities-AppDelegateSwizzler.build/Objects-normal/arm64/GULAppDelegateSwizzler.dia -c /Users/siam/Library/Developer/Xcode/DerivedData/Lingua_Quest-gvpckrqxtbgyprbgppjfqmimmmfw/SourcePackages/checkouts/GoogleUtilities/GoogleUtilities/AppDelegateSwizzler/GULAppDelegateSwizzler.m -o /Users/siam/Library/Developer/Xcode/DerivedData/Lingua_Quest-gvpckrqxtbgyprbgppjfqmimmmfw/Build/Intermediates.noindex/GoogleUtilities.build/Debug-iphonesimulator/GoogleUtilities-AppDelegateSwizzler.build/Objects-normal/arm64/GULAppDelegateSwizzler.o -index-unit-output-path /GoogleUtilities.build/Debug-iphonesimulator/GoogleUtilities-AppDelegateSwizzler.build/Objects-normal/arm64/GULAppDelegateSwizzler.o

CompileC /Users/siam/Library/Developer/Xcode/DerivedData/Lingua_Quest-gvpckrqxtbgyprbgppjfqmimmmfw/Build/Intermediates.noindex/GTMSessionFetcher.build/Debug-iphonesimulator/GTMSessionFetcherCore.build/Objects-normal/arm64/GTMSessionUploadFetcher.o /Users/siam/Library/Developer/Xcode/DerivedData/Lingua_Quest-gvpckrqxtbgyprbgppjfqmimmmfw/SourcePackages/checkouts/gtm-session-fetcher/Sources/Core/GTMSessionUploadFetcher.m normal arm64 objective-c com.apple.compilers.llvm.clang.1_0.compiler (in target 'GTMSessionFetcherCore' from project 'GTMSessionFetcher')
    cd /Users/siam/Desktop/Lingua\ Quest/Lingua\ Quest.xcodeproj
    
    Using response file: /Users/siam/Library/Developer/Xcode/DerivedData/Lingua_Quest-gvpckrqxtbgyprbgppjfqmimmmfw/Build/Intermediates.noindex/GTMSessionFetcher.build/Debug-iphonesimulator/GTMSessionFetcherCore.build/Objects-normal/arm64/e6072d4f65d7061329687fe24e3d63a7-common-args.resp
    
    /Applications/Xcode.app/Contents/Developer/Toolchains/XcodeDefault.xctoolchain/usr/bin/clang -x objective-c -ivfsstatcache /Users/siam/Library/Developer/Xcode/DerivedData/SDKStatCaches.noindex/iphonesimulator26.0-23A339-26257891a6c027eb51374368541b8346.sdkstatcache -fmessage-length\=0 -fdiagnostics-show-note-include-stack -fmacro-backtrace-limit\=0 -fno-color-diagnostics -fmodules-prune-interval\=86400 -fmodules-prune-after\=345600 -fbuild-session-file\=/Users/siam/Library/Developer/Xcode/DerivedData/ModuleCache.noindex/Session.modulevalidation -fmodules-validate-once-per-build-session -Wnon-modular-include-in-framework-module -Werror\=non-modular-include-in-framework-module -Wno-trigraphs -Wno-missing-field-initializers -Wno-missing-prototypes -Wno-return-type -Wno-implicit-atomic-properties -Wno-objc-interface-ivars -Wno-arc-repeated-use-of-weak -Wno-missing-braces -Wparentheses -Wswitch -Wno-unused-function -Wno-unused-label -Wno-unused-parameter -Wno-unused-variable -Wunused-value -Wno-empty-body -Wno-uninitialized -Wno-unknown-pragmas -w -Wno-shadow -Wno-four-char-constants -Wno-conversion -Wno-constant-conversion -Wno-int-conversion -Wno-bool-conversion -Wno-enum-conversion -Wno-float-conversion -Wno-non-literal-null-conversion -Wno-objc-literal-conversion -Wshorten-64-to-32 -Wpointer-sign -Wno-newline-eof -Wno-selector -Wno-strict-selector-match -Wno-undeclared-selector -Wno-deprecated-implementations -Wno-implicit-fallthrough -fstrict-aliasing -Wprotocol -Wdeprecated-declarations -Wno-sign-conversion -Wno-infinite-recursion -Wno-comma -Wno-block-capture-autoreleasing -Wno-strict-prototypes -Wno-semicolon-before-method-body -index-store-path /Users/siam/Library/Developer/Xcode/DerivedData/Lingua_Quest-gvpckrqxtbgyprbgppjfqmimmmfw/Index.noindex/DataStore @/Users/siam/Library/Developer/Xcode/DerivedData/Lingua_Quest-gvpckrqxtbgyprbgppjfqmimmmfw/Build/Intermediates.noindex/GTMSessionFetcher.build/Debug-iphonesimulator/GTMSessionFetcherCore.build/Objects-normal/arm64/e6072d4f65d7061329687fe24e3d63a7-common-args.resp -include /Users/siam/Library/Developer/Xcode/DerivedData/Lingua_Quest-gvpckrqxtbgyprbgppjfqmimmmfw/Build/Intermediates.noindex/GTMSessionFetcher.build/Debug-iphonesimulator/GTMSessionFetcherCore.build/DerivedSources/resource_bundle_accessor.h -MMD -MT dependencies -MF /Users/siam/Library/Developer/Xcode/DerivedData/Lingua_Quest-gvpckrqxtbgyprbgppjfqmimmmfw/Build/Intermediates.noindex/GTMSessionFetcher.build/Debug-iphonesimulator/GTMSessionFetcherCore.build/Objects-normal/arm64/GTMSessionUploadFetcher.d --serialize-diagnostics /Users/siam/Library/Developer/Xcode/DerivedData/Lingua_Quest-gvpckrqxtbgyprbgppjfqmimmmfw/Build/Intermediates.noindex/GTMSessionFetcher.build/Debug-iphonesimulator/GTMSessionFetcherCore.build/Objects-normal/arm64/GTMSessionUploadFetcher.dia -c /Users/siam/Library/Developer/Xcode/DerivedData/Lingua_Quest-gvpckrqxtbgyprbgppjfqmimmmfw/SourcePackages/checkouts/gtm-session-fetcher/Sources/Core/GTMSessionUploadFetcher.m -o /Users/siam/Library/Developer/Xcode/DerivedData/Lingua_Quest-gvpckrqxtbgyprbgppjfqmimmmfw/Build/Intermediates.noindex/GTMSessionFetcher.build/Debug-iphonesimulator/GTMSessionFetcherCore.build/Objects-normal/arm64/GTMSessionUploadFetcher.o -index-unit-output-path /GTMSessionFetcher.build/Debug-iphonesimulator/GTMSessionFetcherCore.build/Objects-normal/arm64/GTMSessionUploadFetcher.o

CompileC /Users/siam/Library/Developer/Xcode/DerivedData/Lingua_Quest-gvpckrqxtbgyprbgppjfqmimmmfw/Build/Intermediates.noindex/GTMSessionFetcher.build/Debug-iphonesimulator/GTMSessionFetcherCore.build/Objects-normal/arm64/GTMSessionFetcherService.o /Users/siam/Library/Developer/Xcode/DerivedData/Lingua_Quest-gvpckrqxtbgyprbgppjfqmimmmfw/SourcePackages/checkouts/gtm-session-fetcher/Sources/Core/GTMSessionFetcherService.m normal arm64 objective-c com.apple.compilers.llvm.clang.1_0.compiler (in target 'GTMSessionFetcherCore' from project 'GTMSessionFetcher')
    cd /Users/siam/Desktop/Lingua\ Quest/Lingua\ Quest.xcodeproj
    
    Using response file: /Users/siam/Library/Developer/Xcode/DerivedData/Lingua_Quest-gvpckrqxtbgyprbgppjfqmimmmfw/Build/Intermediates.noindex/GTMSessionFetcher.build/Debug-iphonesimulator/GTMSessionFetcherCore.build/Objects-normal/arm64/e6072d4f65d7061329687fe24e3d63a7-common-args.resp
    
    /Applications/Xcode.app/Contents/Developer/Toolchains/XcodeDefault.xctoolchain/usr/bin/clang -x objective-c -ivfsstatcache /Users/siam/Library/Developer/Xcode/DerivedData/SDKStatCaches.noindex/iphonesimulator26.0-23A339-26257891a6c027eb51374368541b8346.sdkstatcache -fmessage-length\=0 -fdiagnostics-show-note-include-stack -fmacro-backtrace-limit\=0 -fno-color-diagnostics -fmodules-prune-interval\=86400 -fmodules-prune-after\=345600 -fbuild-session-file\=/Users/siam/Library/Developer/Xcode/DerivedData/ModuleCache.noindex/Session.modulevalidation -fmodules-validate-once-per-build-session -Wnon-modular-include-in-framework-module -Werror\=non-modular-include-in-framework-module -Wno-trigraphs -Wno-missing-field-initializers -Wno-missing-prototypes -Wno-return-type -Wno-implicit-atomic-properties -Wno-objc-interface-ivars -Wno-arc-repeated-use-of-weak -Wno-missing-braces -Wparentheses -Wswitch -Wno-unused-function -Wno-unused-label -Wno-unused-parameter -Wno-unused-variable -Wunused-value -Wno-empty-body -Wno-uninitialized -Wno-unknown-pragmas -w -Wno-shadow -Wno-four-char-constants -Wno-conversion -Wno-constant-conversion -Wno-int-conversion -Wno-bool-conversion -Wno-enum-conversion -Wno-float-conversion -Wno-non-literal-null-conversion -Wno-objc-literal-conversion -Wshorten-64-to-32 -Wpointer-sign -Wno-newline-eof -Wno-selector -Wno-strict-selector-match -Wno-undeclared-selector -Wno-deprecated-implementations -Wno-implicit-fallthrough -fstrict-aliasing -Wprotocol -Wdeprecated-declarations -Wno-sign-conversion -Wno-infinite-recursion -Wno-comma -Wno-block-capture-autoreleasing -Wno-strict-prototypes -Wno-semicolon-before-method-body -index-store-path /Users/siam/Library/Developer/Xcode/DerivedData/Lingua_Quest-gvpckrqxtbgyprbgppjfqmimmmfw/Index.noindex/DataStore @/Users/siam/Library/Developer/Xcode/DerivedData/Lingua_Quest-gvpckrqxtbgyprbgppjfqmimmmfw/Build/Intermediates.noindex/GTMSessionFetcher.build/Debug-iphonesimulator/GTMSessionFetcherCore.build/Objects-normal/arm64/e6072d4f65d7061329687fe24e3d63a7-common-args.resp -include /Users/siam/Library/Developer/Xcode/DerivedData/Lingua_Quest-gvpckrqxtbgyprbgppjfqmimmmfw/Build/Intermediates.noindex/GTMSessionFetcher.build/Debug-iphonesimulator/GTMSessionFetcherCore.build/DerivedSources/resource_bundle_accessor.h -MMD -MT dependencies -MF /Users/siam/Library/Developer/Xcode/DerivedData/Lingua_Quest-gvpckrqxtbgyprbgppjfqmimmmfw/Build/Intermediates.noindex/GTMSessionFetcher.build/Debug-iphonesimulator/GTMSessionFetcherCore.build/Objects-normal/arm64/GTMSessionFetcherService.d --serialize-diagnostics /Users/siam/Library/Developer/Xcode/DerivedData/Lingua_Quest-gvpckrqxtbgyprbgppjfqmimmmfw/Build/Intermediates.noindex/GTMSessionFetcher.build/Debug-iphonesimulator/GTMSessionFetcherCore.build/Objects-normal/arm64/GTMSessionFetcherService.dia -c /Users/siam/Library/Developer/Xcode/DerivedData/Lingua_Quest-gvpckrqxtbgyprbgppjfqmimmmfw/SourcePackages/checkouts/gtm-session-fetcher/Sources/Core/GTMSessionFetcherService.m -o /Users/siam/Library/Developer/Xcode/DerivedData/Lingua_Quest-gvpckrqxtbgyprbgppjfqmimmmfw/Build/Intermediates.noindex/GTMSessionFetcher.build/Debug-iphonesimulator/GTMSessionFetcherCore.build/Objects-normal/arm64/GTMSessionFetcherService.o -index-unit-output-path /GTMSessionFetcher.build/Debug-iphonesimulator/GTMSessionFetcherCore.build/Objects-normal/arm64/GTMSessionFetcherService.o

CompileC /Users/siam/Library/Developer/Xcode/DerivedData/Lingua_Quest-gvpckrqxtbgyprbgppjfqmimmmfw/Build/Intermediates.noindex/GTMSessionFetcher.build/Debug-iphonesimulator/GTMSessionFetcherCore.build/Objects-normal/arm64/GTMSessionFetcherLogging.o /Users/siam/Library/Developer/Xcode/DerivedData/Lingua_Quest-gvpckrqxtbgyprbgppjfqmimmmfw/SourcePackages/checkouts/gtm-session-fetcher/Sources/Core/GTMSessionFetcherLogging.m normal arm64 objective-c com.apple.compilers.llvm.clang.1_0.compiler (in target 'GTMSessionFetcherCore' from project 'GTMSessionFetcher')
    cd /Users/siam/Desktop/Lingua\ Quest/Lingua\ Quest.xcodeproj
    
    Using response file: /Users/siam/Library/Developer/Xcode/DerivedData/Lingua_Quest-gvpckrqxtbgyprbgppjfqmimmmfw/Build/Intermediates.noindex/GTMSessionFetcher.build/Debug-iphonesimulator/GTMSessionFetcherCore.build/Objects-normal/arm64/e6072d4f65d7061329687fe24e3d63a7-common-args.resp
    
    /Applications/Xcode.app/Contents/Developer/Toolchains/XcodeDefault.xctoolchain/usr/bin/clang -x objective-c -ivfsstatcache /Users/siam/Library/Developer/Xcode/DerivedData/SDKStatCaches.noindex/iphonesimulator26.0-23A339-26257891a6c027eb51374368541b8346.sdkstatcache -fmessage-length\=0 -fdiagnostics-show-note-include-stack -fmacro-backtrace-limit\=0 -fno-color-diagnostics -fmodules-prune-interval\=86400 -fmodules-prune-after\=345600 -fbuild-session-file\=/Users/siam/Library/Developer/Xcode/DerivedData/ModuleCache.noindex/Session.modulevalidation -fmodules-validate-once-per-build-session -Wnon-modular-include-in-framework-module -Werror\=non-modular-include-in-framework-module -Wno-trigraphs -Wno-missing-field-initializers -Wno-missing-prototypes -Wno-return-type -Wno-implicit-atomic-properties -Wno-objc-interface-ivars -Wno-arc-repeated-use-of-weak -Wno-missing-braces -Wparentheses -Wswitch -Wno-unused-function -Wno-unused-label -Wno-unused-parameter -Wno-unused-variable -Wunused-value -Wno-empty-body -Wno-uninitialized -Wno-unknown-pragmas -w -Wno-shadow -Wno-four-char-constants -Wno-conversion -Wno-constant-conversion -Wno-int-conversion -Wno-bool-conversion -Wno-enum-conversion -Wno-float-conversion -Wno-non-literal-null-conversion -Wno-objc-literal-conversion -Wshorten-64-to-32 -Wpointer-sign -Wno-newline-eof -Wno-selector -Wno-strict-selector-match -Wno-undeclared-selector -Wno-deprecated-implementations -Wno-implicit-fallthrough -fstrict-aliasing -Wprotocol -Wdeprecated-declarations -Wno-sign-conversion -Wno-infinite-recursion -Wno-comma -Wno-block-capture-autoreleasing -Wno-strict-prototypes -Wno-semicolon-before-method-body -index-store-path /Users/siam/Library/Developer/Xcode/DerivedData/Lingua_Quest-gvpckrqxtbgyprbgppjfqmimmmfw/Index.noindex/DataStore @/Users/siam/Library/Developer/Xcode/DerivedData/Lingua_Quest-gvpckrqxtbgyprbgppjfqmimmmfw/Build/Intermediates.noindex/GTMSessionFetcher.build/Debug-iphonesimulator/GTMSessionFetcherCore.build/Objects-normal/arm64/e6072d4f65d7061329687fe24e3d63a7-common-args.resp -include /Users/siam/Library/Developer/Xcode/DerivedData/Lingua_Quest-gvpckrqxtbgyprbgppjfqmimmmfw/Build/Intermediates.noindex/GTMSessionFetcher.build/Debug-iphonesimulator/GTMSessionFetcherCore.build/DerivedSources/resource_bundle_accessor.h -MMD -MT dependencies -MF /Users/siam/Library/Developer/Xcode/DerivedData/Lingua_Quest-gvpckrqxtbgyprbgppjfqmimmmfw/Build/Intermediates.noindex/GTMSessionFetcher.build/Debug-iphonesimulator/GTMSessionFetcherCore.build/Objects-normal/arm64/GTMSessionFetcherLogging.d --serialize-diagnostics /Users/siam/Library/Developer/Xcode/DerivedData/Lingua_Quest-gvpckrqxtbgyprbgppjfqmimmmfw/Build/Intermediates.noindex/GTMSessionFetcher.build/Debug-iphonesimulator/GTMSessionFetcherCore.build/Objects-normal/arm64/GTMSessionFetcherLogging.dia -c /Users/siam/Library/Developer/Xcode/DerivedData/Lingua_Quest-gvpckrqxtbgyprbgppjfqmimmmfw/SourcePackages/checkouts/gtm-session-fetcher/Sources/Core/GTMSessionFetcherLogging.m -o /Users/siam/Library/Developer/Xcode/DerivedData/Lingua_Quest-gvpckrqxtbgyprbgppjfqmimmmfw/Build/Intermediates.noindex/GTMSessionFetcher.build/Debug-iphonesimulator/GTMSessionFetcherCore.build/Objects-normal/arm64/GTMSessionFetcherLogging.o -index-unit-output-path /GTMSessionFetcher.build/Debug-iphonesimulator/GTMSessionFetcherCore.build/Objects-normal/arm64/GTMSessionFetcherLogging.o

CompileC /Users/siam/Library/Developer/Xcode/DerivedData/Lingua_Quest-gvpckrqxtbgyprbgppjfqmimmmfw/Build/Intermediates.noindex/GTMSessionFetcher.build/Debug-iphonesimulator/GTMSessionFetcherCore.build/Objects-normal/arm64/GTMSessionFetcher.o /Users/siam/Library/Developer/Xcode/DerivedData/Lingua_Quest-gvpckrqxtbgyprbgppjfqmimmmfw/SourcePackages/checkouts/gtm-session-fetcher/Sources/Core/GTMSessionFetcher.m normal arm64 objective-c com.apple.compilers.llvm.clang.1_0.compiler (in target 'GTMSessionFetcherCore' from project 'GTMSessionFetcher')
    cd /Users/siam/Desktop/Lingua\ Quest/Lingua\ Quest.xcodeproj
    
    Using response file: /Users/siam/Library/Developer/Xcode/DerivedData/Lingua_Quest-gvpckrqxtbgyprbgppjfqmimmmfw/Build/Intermediates.noindex/GTMSessionFetcher.build/Debug-iphonesimulator/GTMSessionFetcherCore.build/Objects-normal/arm64/e6072d4f65d7061329687fe24e3d63a7-common-args.resp
    
    /Applications/Xcode.app/Contents/Developer/Toolchains/XcodeDefault.xctoolchain/usr/bin/clang -x objective-c -ivfsstatcache /Users/siam/Library/Developer/Xcode/DerivedData/SDKStatCaches.noindex/iphonesimulator26.0-23A339-26257891a6c027eb51374368541b8346.sdkstatcache -fmessage-length\=0 -fdiagnostics-show-note-include-stack -fmacro-backtrace-limit\=0 -fno-color-diagnostics -fmodules-prune-interval\=86400 -fmodules-prune-after\=345600 -fbuild-session-file\=/Users/siam/Library/Developer/Xcode/DerivedData/ModuleCache.noindex/Session.modulevalidation -fmodules-validate-once-per-build-session -Wnon-modular-include-in-framework-module -Werror\=non-modular-include-in-framework-module -Wno-trigraphs -Wno-missing-field-initializers -Wno-missing-prototypes -Wno-return-type -Wno-implicit-atomic-properties -Wno-objc-interface-ivars -Wno-arc-repeated-use-of-weak -Wno-missing-braces -Wparentheses -Wswitch -Wno-unused-function -Wno-unused-label -Wno-unused-parameter -Wno-unused-variable -Wunused-value -Wno-empty-body -Wno-uninitialized -Wno-unknown-pragmas -w -Wno-shadow -Wno-four-char-constants -Wno-conversion -Wno-constant-conversion -Wno-int-conversion -Wno-bool-conversion -Wno-enum-conversion -Wno-float-conversion -Wno-non-literal-null-conversion -Wno-objc-literal-conversion -Wshorten-64-to-32 -Wpointer-sign -Wno-newline-eof -Wno-selector -Wno-strict-selector-match -Wno-undeclared-selector -Wno-deprecated-implementations -Wno-implicit-fallthrough -fstrict-aliasing -Wprotocol -Wdeprecated-declarations -Wno-sign-conversion -Wno-infinite-recursion -Wno-comma -Wno-block-capture-autoreleasing -Wno-strict-prototypes -Wno-semicolon-before-method-body -index-store-path /Users/siam/Library/Developer/Xcode/DerivedData/Lingua_Quest-gvpckrqxtbgyprbgppjfqmimmmfw/Index.noindex/DataStore @/Users/siam/Library/Developer/Xcode/DerivedData/Lingua_Quest-gvpckrqxtbgyprbgppjfqmimmmfw/Build/Intermediates.noindex/GTMSessionFetcher.build/Debug-iphonesimulator/GTMSessionFetcherCore.build/Objects-normal/arm64/e6072d4f65d7061329687fe24e3d63a7-common-args.resp -include /Users/siam/Library/Developer/Xcode/DerivedData/Lingua_Quest-gvpckrqxtbgyprbgppjfqmimmmfw/Build/Intermediates.noindex/GTMSessionFetcher.build/Debug-iphonesimulator/GTMSessionFetcherCore.build/DerivedSources/resource_bundle_accessor.h -MMD -MT dependencies -MF /Users/siam/Library/Developer/Xcode/DerivedData/Lingua_Quest-gvpckrqxtbgyprbgppjfqmimmmfw/Build/Intermediates.noindex/GTMSessionFetcher.build/Debug-iphonesimulator/GTMSessionFetcherCore.build/Objects-normal/arm64/GTMSessionFetcher.d --serialize-diagnostics /Users/siam/Library/Developer/Xcode/DerivedData/Lingua_Quest-gvpckrqxtbgyprbgppjfqmimmmfw/Build/Intermediates.noindex/GTMSessionFetcher.build/Debug-iphonesimulator/GTMSessionFetcherCore.build/Objects-normal/arm64/GTMSessionFetcher.dia -c /Users/siam/Library/Developer/Xcode/DerivedData/Lingua_Quest-gvpckrqxtbgyprbgppjfqmimmmfw/SourcePackages/checkouts/gtm-session-fetcher/Sources/Core/GTMSessionFetcher.m -o /Users/siam/Library/Developer/Xcode/DerivedData/Lingua_Quest-gvpckrqxtbgyprbgppjfqmimmmfw/Build/Intermediates.noindex/GTMSessionFetcher.build/Debug-iphonesimulator/GTMSessionFetcherCore.build/Objects-normal/arm64/GTMSessionFetcher.o -index-unit-output-path /GTMSessionFetcher.build/Debug-iphonesimulator/GTMSessionFetcherCore.build/Objects-normal/arm64/GTMSessionFetcher.o

CompileC /Users/siam/Library/Developer/Xcode/DerivedData/Lingua_Quest-gvpckrqxtbgyprbgppjfqmimmmfw/Build/Intermediates.noindex/AppAuth.build/Debug-iphonesimulator/AppAuth.build/Objects-normal/x86_64/OIDAuthState+IOS.o /Users/siam/Library/Developer/Xcode/DerivedData/Lingua_Quest-gvpckrqxtbgyprbgppjfqmimmmfw/SourcePackages/checkouts/AppAuth-iOS/Sources/AppAuth/iOS/OIDAuthState+IOS.m normal x86_64 objective-c com.apple.compilers.llvm.clang.1_0.compiler (in target 'AppAuth' from project 'AppAuth')
    cd /Users/siam/Desktop/Lingua\ Quest/Lingua\ Quest.xcodeproj
    
    Using response file: /Users/siam/Library/Developer/Xcode/DerivedData/Lingua_Quest-gvpckrqxtbgyprbgppjfqmimmmfw/Build/Intermediates.noindex/AppAuth.build/Debug-iphonesimulator/AppAuth.build/Objects-normal/x86_64/e6072d4f65d7061329687fe24e3d63a7-common-args.resp
    
    /Applications/Xcode.app/Contents/Developer/Toolchains/XcodeDefault.xctoolchain/usr/bin/clang -x objective-c -ivfsstatcache /Users/siam/Library/Developer/Xcode/DerivedData/SDKStatCaches.noindex/iphonesimulator26.0-23A339-26257891a6c027eb51374368541b8346.sdkstatcache -fmessage-length\=0 -fdiagnostics-show-note-include-stack -fmacro-backtrace-limit\=0 -fno-color-diagnostics -fmodules-prune-interval\=86400 -fmodules-prune-after\=345600 -fbuild-session-file\=/Users/siam/Library/Developer/Xcode/DerivedData/ModuleCache.noindex/Session.modulevalidation -fmodules-validate-once-per-build-session -Wnon-modular-include-in-framework-module -Werror\=non-modular-include-in-framework-module -Wno-trigraphs -Wno-missing-field-initializers -Wno-missing-prototypes -Wno-return-type -Wno-implicit-atomic-properties -Wno-objc-interface-ivars -Wno-arc-repeated-use-of-weak -Wno-missing-braces -Wparentheses -Wswitch -Wno-unused-function -Wno-unused-label -Wno-unused-parameter -Wno-unused-variable -Wunused-value -Wno-empty-body -Wno-uninitialized -Wno-unknown-pragmas -w -Wno-shadow -Wno-four-char-constants -Wno-conversion -Wno-constant-conversion -Wno-int-conversion -Wno-bool-conversion -Wno-enum-conversion -Wno-float-conversion -Wno-non-literal-null-conversion -Wno-objc-literal-conversion -Wshorten-64-to-32 -Wpointer-sign -Wno-newline-eof -Wno-selector -Wno-strict-selector-match -Wno-undeclared-selector -Wno-deprecated-implementations -Wno-implicit-fallthrough -fstrict-aliasing -Wprotocol -Wdeprecated-declarations -Wno-sign-conversion -Wno-infinite-recursion -Wno-comma -Wno-block-capture-autoreleasing -Wno-strict-prototypes -Wno-semicolon-before-method-body -index-store-path /Users/siam/Library/Developer/Xcode/DerivedData/Lingua_Quest-gvpckrqxtbgyprbgppjfqmimmmfw/Index.noindex/DataStore @/Users/siam/Library/Developer/Xcode/DerivedData/Lingua_Quest-gvpckrqxtbgyprbgppjfqmimmmfw/Build/Intermediates.noindex/AppAuth.build/Debug-iphonesimulator/AppAuth.build/Objects-normal/x86_64/e6072d4f65d7061329687fe24e3d63a7-common-args.resp -include /Users/siam/Library/Developer/Xcode/DerivedData/Lingua_Quest-gvpckrqxtbgyprbgppjfqmimmmfw/Build/Intermediates.noindex/AppAuth.build/Debug-iphonesimulator/AppAuth.build/DerivedSources/resource_bundle_accessor.h -MMD -MT dependencies -MF /Users/siam/Library/Developer/Xcode/DerivedData/Lingua_Quest-gvpckrqxtbgyprbgppjfqmimmmfw/Build/Intermediates.noindex/AppAuth.build/Debug-iphonesimulator/AppAuth.build/Objects-normal/x86_64/OIDAuthState+IOS.d --serialize-diagnostics /Users/siam/Library/Developer/Xcode/DerivedData/Lingua_Quest-gvpckrqxtbgyprbgppjfqmimmmfw/Build/Intermediates.noindex/AppAuth.build/Debug-iphonesimulator/AppAuth.build/Objects-normal/x86_64/OIDAuthState+IOS.dia -c /Users/siam/Library/Developer/Xcode/DerivedData/Lingua_Quest-gvpckrqxtbgyprbgppjfqmimmmfw/SourcePackages/checkouts/AppAuth-iOS/Sources/AppAuth/iOS/OIDAuthState+IOS.m -o /Users/siam/Library/Developer/Xcode/DerivedData/Lingua_Quest-gvpckrqxtbgyprbgppjfqmimmmfw/Build/Intermediates.noindex/AppAuth.build/Debug-iphonesimulator/AppAuth.build/Objects-normal/x86_64/OIDAuthState+IOS.o -index-unit-output-path /AppAuth.build/Debug-iphonesimulator/AppAuth.build/Objects-normal/x86_64/OIDAuthState+IOS.o

CompileC /Users/siam/Library/Developer/Xcode/DerivedData/Lingua_Quest-gvpckrqxtbgyprbgppjfqmimmmfw/Build/Intermediates.noindex/AppAuth.build/Debug-iphonesimulator/AppAuth.build/Objects-normal/arm64/OIDExternalUserAgentMac.o /Users/siam/Library/Developer/Xcode/DerivedData/Lingua_Quest-gvpckrqxtbgyprbgppjfqmimmmfw/SourcePackages/checkouts/AppAuth-iOS/Sources/AppAuth/macOS/OIDExternalUserAgentMac.m normal arm64 objective-c com.apple.compilers.llvm.clang.1_0.compiler (in target 'AppAuth' from project 'AppAuth')
    cd /Users/siam/Desktop/Lingua\ Quest/Lingua\ Quest.xcodeproj
    
    Using response file: /Users/siam/Library/Developer/Xcode/DerivedData/Lingua_Quest-gvpckrqxtbgyprbgppjfqmimmmfw/Build/Intermediates.noindex/AppAuth.build/Debug-iphonesimulator/AppAuth.build/Objects-normal/arm64/e6072d4f65d7061329687fe24e3d63a7-common-args.resp
    
    /Applications/Xcode.app/Contents/Developer/Toolchains/XcodeDefault.xctoolchain/usr/bin/clang -x objective-c -ivfsstatcache /Users/siam/Library/Developer/Xcode/DerivedData/SDKStatCaches.noindex/iphonesimulator26.0-23A339-26257891a6c027eb51374368541b8346.sdkstatcache -fmessage-length\=0 -fdiagnostics-show-note-include-stack -fmacro-backtrace-limit\=0 -fno-color-diagnostics -fmodules-prune-interval\=86400 -fmodules-prune-after\=345600 -fbuild-session-file\=/Users/siam/Library/Developer/Xcode/DerivedData/ModuleCache.noindex/Session.modulevalidation -fmodules-validate-once-per-build-session -Wnon-modular-include-in-framework-module -Werror\=non-modular-include-in-framework-module -Wno-trigraphs -Wno-missing-field-initializers -Wno-missing-prototypes -Wno-return-type -Wno-implicit-atomic-properties -Wno-objc-interface-ivars -Wno-arc-repeated-use-of-weak -Wno-missing-braces -Wparentheses -Wswitch -Wno-unused-function -Wno-unused-label -Wno-unused-parameter -Wno-unused-variable -Wunused-value -Wno-empty-body -Wno-uninitialized -Wno-unknown-pragmas -w -Wno-shadow -Wno-four-char-constants -Wno-conversion -Wno-constant-conversion -Wno-int-conversion -Wno-bool-conversion -Wno-enum-conversion -Wno-float-conversion -Wno-non-literal-null-conversion -Wno-objc-literal-conversion -Wshorten-64-to-32 -Wpointer-sign -Wno-newline-eof -Wno-selector -Wno-strict-selector-match -Wno-undeclared-selector -Wno-deprecated-implementations -Wno-implicit-fallthrough -fstrict-aliasing -Wprotocol -Wdeprecated-declarations -Wno-sign-conversion -Wno-infinite-recursion -Wno-comma -Wno-block-capture-autoreleasing -Wno-strict-prototypes -Wno-semicolon-before-method-body -index-store-path /Users/siam/Library/Developer/Xcode/DerivedData/Lingua_Quest-gvpckrqxtbgyprbgppjfqmimmmfw/Index.noindex/DataStore @/Users/siam/Library/Developer/Xcode/DerivedData/Lingua_Quest-gvpckrqxtbgyprbgppjfqmimmmfw/Build/Intermediates.noindex/AppAuth.build/Debug-iphonesimulator/AppAuth.build/Objects-normal/arm64/e6072d4f65d7061329687fe24e3d63a7-common-args.resp -include /Users/siam/Library/Developer/Xcode/DerivedData/Lingua_Quest-gvpckrqxtbgyprbgppjfqmimmmfw/Build/Intermediates.noindex/AppAuth.build/Debug-iphonesimulator/AppAuth.build/DerivedSources/resource_bundle_accessor.h -MMD -MT dependencies -MF /Users/siam/Library/Developer/Xcode/DerivedData/Lingua_Quest-gvpckrqxtbgyprbgppjfqmimmmfw/Build/Intermediates.noindex/AppAuth.build/Debug-iphonesimulator/AppAuth.build/Objects-normal/arm64/OIDExternalUserAgentMac.d --serialize-diagnostics /Users/siam/Library/Developer/Xcode/DerivedData/Lingua_Quest-gvpckrqxtbgyprbgppjfqmimmmfw/Build/Intermediates.noindex/AppAuth.build/Debug-iphonesimulator/AppAuth.build/Objects-normal/arm64/OIDExternalUserAgentMac.dia -c /Users/siam/Library/Developer/Xcode/DerivedData/Lingua_Quest-gvpckrqxtbgyprbgppjfqmimmmfw/SourcePackages/checkouts/AppAuth-iOS/Sources/AppAuth/macOS/OIDExternalUserAgentMac.m -o /Users/siam/Library/Developer/Xcode/DerivedData/Lingua_Quest-gvpckrqxtbgyprbgppjfqmimmmfw/Build/Intermediates.noindex/AppAuth.build/Debug-iphonesimulator/AppAuth.build/Objects-normal/arm64/OIDExternalUserAgentMac.o -index-unit-output-path /AppAuth.build/Debug-iphonesimulator/AppAuth.build/Objects-normal/arm64/OIDExternalUserAgentMac.o

CompileC /Users/siam/Library/Developer/Xcode/DerivedData/Lingua_Quest-gvpckrqxtbgyprbgppjfqmimmmfw/Build/Intermediates.noindex/Firebase.build/Debug-iphonesimulator/FirebaseCoreExtension.build/Objects-normal/arm64/resource_bundle_accessor.o /Users/siam/Library/Developer/Xcode/DerivedData/Lingua_Quest-gvpckrqxtbgyprbgppjfqmimmmfw/Build/Intermediates.noindex/Firebase.build/Debug-iphonesimulator/FirebaseCoreExtension.build/DerivedSources/resource_bundle_accessor.m normal arm64 objective-c com.apple.compilers.llvm.clang.1_0.compiler (in target 'FirebaseCoreExtension' from project 'Firebase')
    cd /Users/siam/Desktop/Lingua\ Quest/Lingua\ Quest.xcodeproj
    
    Using response file: /Users/siam/Library/Developer/Xcode/DerivedData/Lingua_Quest-gvpckrqxtbgyprbgppjfqmimmmfw/Build/Intermediates.noindex/Firebase.build/Debug-iphonesimulator/FirebaseCoreExtension.build/Objects-normal/arm64/e6072d4f65d7061329687fe24e3d63a7-common-args.resp
    
    /Applications/Xcode.app/Contents/Developer/Toolchains/XcodeDefault.xctoolchain/usr/bin/clang -x objective-c -ivfsstatcache /Users/siam/Library/Developer/Xcode/DerivedData/SDKStatCaches.noindex/iphonesimulator26.0-23A339-26257891a6c027eb51374368541b8346.sdkstatcache -fmessage-length\=0 -fdiagnostics-show-note-include-stack -fmacro-backtrace-limit\=0 -fno-color-diagnostics -fmodules-prune-interval\=86400 -fmodules-prune-after\=345600 -fbuild-session-file\=/Users/siam/Library/Developer/Xcode/DerivedData/ModuleCache.noindex/Session.modulevalidation -fmodules-validate-once-per-build-session -Wnon-modular-include-in-framework-module -Werror\=non-modular-include-in-framework-module -Wno-trigraphs -Wno-missing-field-initializers -Wno-missing-prototypes -Wno-return-type -Wno-implicit-atomic-properties -Wno-objc-interface-ivars -Wno-arc-repeated-use-of-weak -Wno-missing-braces -Wparentheses -Wswitch -Wno-unused-function -Wno-unused-label -Wno-unused-parameter -Wno-unused-variable -Wunused-value -Wno-empty-body -Wno-uninitialized -Wno-unknown-pragmas -w -Wno-shadow -Wno-four-char-constants -Wno-conversion -Wno-constant-conversion -Wno-int-conversion -Wno-bool-conversion -Wno-enum-conversion -Wno-float-conversion -Wno-non-literal-null-conversion -Wno-objc-literal-conversion -Wshorten-64-to-32 -Wpointer-sign -Wno-newline-eof -Wno-selector -Wno-strict-selector-match -Wno-undeclared-selector -Wno-deprecated-implementations -Wno-implicit-fallthrough -fstrict-aliasing -Wprotocol -Wdeprecated-declarations -Wno-sign-conversion -Wno-infinite-recursion -Wno-comma -Wno-block-capture-autoreleasing -Wno-strict-prototypes -Wno-semicolon-before-method-body -index-store-path /Users/siam/Library/Developer/Xcode/DerivedData/Lingua_Quest-gvpckrqxtbgyprbgppjfqmimmmfw/Index.noindex/DataStore @/Users/siam/Library/Developer/Xcode/DerivedData/Lingua_Quest-gvpckrqxtbgyprbgppjfqmimmmfw/Build/Intermediates.noindex/Firebase.build/Debug-iphonesimulator/FirebaseCoreExtension.build/Objects-normal/arm64/e6072d4f65d7061329687fe24e3d63a7-common-args.resp -include /Users/siam/Library/Developer/Xcode/DerivedData/Lingua_Quest-gvpckrqxtbgyprbgppjfqmimmmfw/Build/Intermediates.noindex/Firebase.build/Debug-iphonesimulator/FirebaseCoreExtension.build/DerivedSources/resource_bundle_accessor.h -MMD -MT dependencies -MF /Users/siam/Library/Developer/Xcode/DerivedData/Lingua_Quest-gvpckrqxtbgyprbgppjfqmimmmfw/Build/Intermediates.noindex/Firebase.build/Debug-iphonesimulator/FirebaseCoreExtension.build/Objects-normal/arm64/resource_bundle_accessor.d --serialize-diagnostics /Users/siam/Library/Developer/Xcode/DerivedData/Lingua_Quest-gvpckrqxtbgyprbgppjfqmimmmfw/Build/Intermediates.noindex/Firebase.build/Debug-iphonesimulator/FirebaseCoreExtension.build/Objects-normal/arm64/resource_bundle_accessor.dia -c /Users/siam/Library/Developer/Xcode/DerivedData/Lingua_Quest-gvpckrqxtbgyprbgppjfqmimmmfw/Build/Intermediates.noindex/Firebase.build/Debug-iphonesimulator/FirebaseCoreExtension.build/DerivedSources/resource_bundle_accessor.m -o /Users/siam/Library/Developer/Xcode/DerivedData/Lingua_Quest-gvpckrqxtbgyprbgppjfqmimmmfw/Build/Intermediates.noindex/Firebase.build/Debug-iphonesimulator/FirebaseCoreExtension.build/Objects-normal/arm64/resource_bundle_accessor.o -index-unit-output-path /Firebase.build/Debug-iphonesimulator/FirebaseCoreExtension.build/Objects-normal/arm64/resource_bundle_accessor.o

CompileC /Users/siam/Library/Developer/Xcode/DerivedData/Lingua_Quest-gvpckrqxtbgyprbgppjfqmimmmfw/Build/Intermediates.noindex/Firebase.build/Debug-iphonesimulator/FirebaseCoreExtension.build/Objects-normal/arm64/dummy.o /Users/siam/Library/Developer/Xcode/DerivedData/Lingua_Quest-gvpckrqxtbgyprbgppjfqmimmmfw/SourcePackages/checkouts/firebase-ios-sdk/FirebaseCore/Extension/dummy.m normal arm64 objective-c com.apple.compilers.llvm.clang.1_0.compiler (in target 'FirebaseCoreExtension' from project 'Firebase')
    cd /Users/siam/Desktop/Lingua\ Quest/Lingua\ Quest.xcodeproj
    
    Using response file: /Users/siam/Library/Developer/Xcode/DerivedData/Lingua_Quest-gvpckrqxtbgyprbgppjfqmimmmfw/Build/Intermediates.noindex/Firebase.build/Debug-iphonesimulator/FirebaseCoreExtension.build/Objects-normal/arm64/e6072d4f65d7061329687fe24e3d63a7-common-args.resp
    
    /Applications/Xcode.app/Contents/Developer/Toolchains/XcodeDefault.xctoolchain/usr/bin/clang -x objective-c -ivfsstatcache /Users/siam/Library/Developer/Xcode/DerivedData/SDKStatCaches.noindex/iphonesimulator26.0-23A339-26257891a6c027eb51374368541b8346.sdkstatcache -fmessage-length\=0 -fdiagnostics-show-note-include-stack -fmacro-backtrace-limit\=0 -fno-color-diagnostics -fmodules-prune-interval\=86400 -fmodules-prune-after\=345600 -fbuild-session-file\=/Users/siam/Library/Developer/Xcode/DerivedData/ModuleCache.noindex/Session.modulevalidation -fmodules-validate-once-per-build-session -Wnon-modular-include-in-framework-module -Werror\=non-modular-include-in-framework-module -Wno-trigraphs -Wno-missing-field-initializers -Wno-missing-prototypes -Wno-return-type -Wno-implicit-atomic-properties -Wno-objc-interface-ivars -Wno-arc-repeated-use-of-weak -Wno-missing-braces -Wparentheses -Wswitch -Wno-unused-function -Wno-unused-label -Wno-unused-parameter -Wno-unused-variable -Wunused-value -Wno-empty-body -Wno-uninitialized -Wno-unknown-pragmas -w -Wno-shadow -Wno-four-char-constants -Wno-conversion -Wno-constant-conversion -Wno-int-conversion -Wno-bool-conversion -Wno-enum-conversion -Wno-float-conversion -Wno-non-literal-null-conversion -Wno-objc-literal-conversion -Wshorten-64-to-32 -Wpointer-sign -Wno-newline-eof -Wno-selector -Wno-strict-selector-match -Wno-undeclared-selector -Wno-deprecated-implementations -Wno-implicit-fallthrough -fstrict-aliasing -Wprotocol -Wdeprecated-declarations -Wno-sign-conversion -Wno-infinite-recursion -Wno-comma -Wno-block-capture-autoreleasing -Wno-strict-prototypes -Wno-semicolon-before-method-body -index-store-path /Users/siam/Library/Developer/Xcode/DerivedData/Lingua_Quest-gvpckrqxtbgyprbgppjfqmimmmfw/Index.noindex/DataStore @/Users/siam/Library/Developer/Xcode/DerivedData/Lingua_Quest-gvpckrqxtbgyprbgppjfqmimmmfw/Build/Intermediates.noindex/Firebase.build/Debug-iphonesimulator/FirebaseCoreExtension.build/Objects-normal/arm64/e6072d4f65d7061329687fe24e3d63a7-common-args.resp -include /Users/siam/Library/Developer/Xcode/DerivedData/Lingua_Quest-gvpckrqxtbgyprbgppjfqmimmmfw/Build/Intermediates.noindex/Firebase.build/Debug-iphonesimulator/FirebaseCoreExtension.build/DerivedSources/resource_bundle_accessor.h -MMD -MT dependencies -MF /Users/siam/Library/Developer/Xcode/DerivedData/Lingua_Quest-gvpckrqxtbgyprbgppjfqmimmmfw/Build/Intermediates.noindex/Firebase.build/Debug-iphonesimulator/FirebaseCoreExtension.build/Objects-normal/arm64/dummy.d --serialize-diagnostics /Users/siam/Library/Developer/Xcode/DerivedData/Lingua_Quest-gvpckrqxtbgyprbgppjfqmimmmfw/Build/Intermediates.noindex/Firebase.build/Debug-iphonesimulator/FirebaseCoreExtension.build/Objects-normal/arm64/dummy.dia -c /Users/siam/Library/Developer/Xcode/DerivedData/Lingua_Quest-gvpckrqxtbgyprbgppjfqmimmmfw/SourcePackages/checkouts/firebase-ios-sdk/FirebaseCore/Extension/dummy.m -o /Users/siam/Library/Developer/Xcode/DerivedData/Lingua_Quest-gvpckrqxtbgyprbgppjfqmimmmfw/Build/Intermediates.noindex/Firebase.build/Debug-iphonesimulator/FirebaseCoreExtension.build/Objects-normal/arm64/dummy.o -index-unit-output-path /Firebase.build/Debug-iphonesimulator/FirebaseCoreExtension.build/Objects-normal/arm64/dummy.o

CompileC /Users/siam/Library/Developer/Xcode/DerivedData/Lingua_Quest-gvpckrqxtbgyprbgppjfqmimmmfw/Build/Intermediates.noindex/Firebase.build/Debug-iphonesimulator/FirebaseAuthInternal.build/Objects-normal/arm64/FIRMultiFactorConstants.o /Users/siam/Library/Developer/Xcode/DerivedData/Lingua_Quest-gvpckrqxtbgyprbgppjfqmimmmfw/SourcePackages/checkouts/firebase-ios-sdk/FirebaseAuth/Sources/ObjC/FIRMultiFactorConstants.m normal arm64 objective-c com.apple.compilers.llvm.clang.1_0.compiler (in target 'FirebaseAuthInternal' from project 'Firebase')
    cd /Users/siam/Desktop/Lingua\ Quest/Lingua\ Quest.xcodeproj
    
    Using response file: /Users/siam/Library/Developer/Xcode/DerivedData/Lingua_Quest-gvpckrqxtbgyprbgppjfqmimmmfw/Build/Intermediates.noindex/Firebase.build/Debug-iphonesimulator/FirebaseAuthInternal.build/Objects-normal/arm64/e6072d4f65d7061329687fe24e3d63a7-common-args.resp
    
    /Applications/Xcode.app/Contents/Developer/Toolchains/XcodeDefault.xctoolchain/usr/bin/clang -x objective-c -ivfsstatcache /Users/siam/Library/Developer/Xcode/DerivedData/SDKStatCaches.noindex/iphonesimulator26.0-23A339-26257891a6c027eb51374368541b8346.sdkstatcache -fmessage-length\=0 -fdiagnostics-show-note-include-stack -fmacro-backtrace-limit\=0 -fno-color-diagnostics -fmodules-prune-interval\=86400 -fmodules-prune-after\=345600 -fbuild-session-file\=/Users/siam/Library/Developer/Xcode/DerivedData/ModuleCache.noindex/Session.modulevalidation -fmodules-validate-once-per-build-session -Wnon-modular-include-in-framework-module -Werror\=non-modular-include-in-framework-module -Wno-trigraphs -Wno-missing-field-initializers -Wno-missing-prototypes -Wno-return-type -Wno-implicit-atomic-properties -Wno-objc-interface-ivars -Wno-arc-repeated-use-of-weak -Wno-missing-braces -Wparentheses -Wswitch -Wno-unused-function -Wno-unused-label -Wno-unused-parameter -Wno-unused-variable -Wunused-value -Wno-empty-body -Wno-uninitialized -Wno-unknown-pragmas -w -Wno-shadow -Wno-four-char-constants -Wno-conversion -Wno-constant-conversion -Wno-int-conversion -Wno-bool-conversion -Wno-enum-conversion -Wno-float-conversion -Wno-non-literal-null-conversion -Wno-objc-literal-conversion -Wshorten-64-to-32 -Wpointer-sign -Wno-newline-eof -Wno-selector -Wno-strict-selector-match -Wno-undeclared-selector -Wno-deprecated-implementations -Wno-implicit-fallthrough -fstrict-aliasing -Wprotocol -Wdeprecated-declarations -Wno-sign-conversion -Wno-infinite-recursion -Wno-comma -Wno-block-capture-autoreleasing -Wno-strict-prototypes -Wno-semicolon-before-method-body -index-store-path /Users/siam/Library/Developer/Xcode/DerivedData/Lingua_Quest-gvpckrqxtbgyprbgppjfqmimmmfw/Index.noindex/DataStore @/Users/siam/Library/Developer/Xcode/DerivedData/Lingua_Quest-gvpckrqxtbgyprbgppjfqmimmmfw/Build/Intermediates.noindex/Firebase.build/Debug-iphonesimulator/FirebaseAuthInternal.build/Objects-normal/arm64/e6072d4f65d7061329687fe24e3d63a7-common-args.resp -MMD -MT dependencies -MF /Users/siam/Library/Developer/Xcode/DerivedData/Lingua_Quest-gvpckrqxtbgyprbgppjfqmimmmfw/Build/Intermediates.noindex/Firebase.build/Debug-iphonesimulator/FirebaseAuthInternal.build/Objects-normal/arm64/FIRMultiFactorConstants.d --serialize-diagnostics /Users/siam/Library/Developer/Xcode/DerivedData/Lingua_Quest-gvpckrqxtbgyprbgppjfqmimmmfw/Build/Intermediates.noindex/Firebase.build/Debug-iphonesimulator/FirebaseAuthInternal.build/Objects-normal/arm64/FIRMultiFactorConstants.dia -c /Users/siam/Library/Developer/Xcode/DerivedData/Lingua_Quest-gvpckrqxtbgyprbgppjfqmimmmfw/SourcePackages/checkouts/firebase-ios-sdk/FirebaseAuth/Sources/ObjC/FIRMultiFactorConstants.m -o /Users/siam/Library/Developer/Xcode/DerivedData/Lingua_Quest-gvpckrqxtbgyprbgppjfqmimmmfw/Build/Intermediates.noindex/Firebase.build/Debug-iphonesimulator/FirebaseAuthInternal.build/Objects-normal/arm64/FIRMultiFactorConstants.o -index-unit-output-path /Firebase.build/Debug-iphonesimulator/FirebaseAuthInternal.build/Objects-normal/arm64/FIRMultiFactorConstants.o

CompileC /Users/siam/Library/Developer/Xcode/DerivedData/Lingua_Quest-gvpckrqxtbgyprbgppjfqmimmmfw/Build/Intermediates.noindex/Firebase.build/Debug-iphonesimulator/FirebaseAuthInternal.build/Objects-normal/arm64/FIRAuthProvider.o /Users/siam/Library/Developer/Xcode/DerivedData/Lingua_Quest-gvpckrqxtbgyprbgppjfqmimmmfw/SourcePackages/checkouts/firebase-ios-sdk/FirebaseAuth/Sources/ObjC/FIRAuthProvider.m normal arm64 objective-c com.apple.compilers.llvm.clang.1_0.compiler (in target 'FirebaseAuthInternal' from project 'Firebase')
    cd /Users/siam/Desktop/Lingua\ Quest/Lingua\ Quest.xcodeproj
    
    Using response file: /Users/siam/Library/Developer/Xcode/DerivedData/Lingua_Quest-gvpckrqxtbgyprbgppjfqmimmmfw/Build/Intermediates.noindex/Firebase.build/Debug-iphonesimulator/FirebaseAuthInternal.build/Objects-normal/arm64/e6072d4f65d7061329687fe24e3d63a7-common-args.resp
    
    /Applications/Xcode.app/Contents/Developer/Toolchains/XcodeDefault.xctoolchain/usr/bin/clang -x objective-c -ivfsstatcache /Users/siam/Library/Developer/Xcode/DerivedData/SDKStatCaches.noindex/iphonesimulator26.0-23A339-26257891a6c027eb51374368541b8346.sdkstatcache -fmessage-length\=0 -fdiagnostics-show-note-include-stack -fmacro-backtrace-limit\=0 -fno-color-diagnostics -fmodules-prune-interval\=86400 -fmodules-prune-after\=345600 -fbuild-session-file\=/Users/siam/Library/Developer/Xcode/DerivedData/ModuleCache.noindex/Session.modulevalidation -fmodules-validate-once-per-build-session -Wnon-modular-include-in-framework-module -Werror\=non-modular-include-in-framework-module -Wno-trigraphs -Wno-missing-field-initializers -Wno-missing-prototypes -Wno-return-type -Wno-implicit-atomic-properties -Wno-objc-interface-ivars -Wno-arc-repeated-use-of-weak -Wno-missing-braces -Wparentheses -Wswitch -Wno-unused-function -Wno-unused-label -Wno-unused-parameter -Wno-unused-variable -Wunused-value -Wno-empty-body -Wno-uninitialized -Wno-unknown-pragmas -w -Wno-shadow -Wno-four-char-constants -Wno-conversion -Wno-constant-conversion -Wno-int-conversion -Wno-bool-conversion -Wno-enum-conversion -Wno-float-conversion -Wno-non-literal-null-conversion -Wno-objc-literal-conversion -Wshorten-64-to-32 -Wpointer-sign -Wno-newline-eof -Wno-selector -Wno-strict-selector-match -Wno-undeclared-selector -Wno-deprecated-implementations -Wno-implicit-fallthrough -fstrict-aliasing -Wprotocol -Wdeprecated-declarations -Wno-sign-conversion -Wno-infinite-recursion -Wno-comma -Wno-block-capture-autoreleasing -Wno-strict-prototypes -Wno-semicolon-before-method-body -index-store-path /Users/siam/Library/Developer/Xcode/DerivedData/Lingua_Quest-gvpckrqxtbgyprbgppjfqmimmmfw/Index.noindex/DataStore @/Users/siam/Library/Developer/Xcode/DerivedData/Lingua_Quest-gvpckrqxtbgyprbgppjfqmimmmfw/Build/Intermediates.noindex/Firebase.build/Debug-iphonesimulator/FirebaseAuthInternal.build/Objects-normal/arm64/e6072d4f65d7061329687fe24e3d63a7-common-args.resp -MMD -MT dependencies -MF /Users/siam/Library/Developer/Xcode/DerivedData/Lingua_Quest-gvpckrqxtbgyprbgppjfqmimmmfw/Build/Intermediates.noindex/Firebase.build/Debug-iphonesimulator/FirebaseAuthInternal.build/Objects-normal/arm64/FIRAuthProvider.d --serialize-diagnostics /Users/siam/Library/Developer/Xcode/DerivedData/Lingua_Quest-gvpckrqxtbgyprbgppjfqmimmmfw/Build/Intermediates.noindex/Firebase.build/Debug-iphonesimulator/FirebaseAuthInternal.build/Objects-normal/arm64/FIRAuthProvider.dia -c /Users/siam/Library/Developer/Xcode/DerivedData/Lingua_Quest-gvpckrqxtbgyprbgppjfqmimmmfw/SourcePackages/checkouts/firebase-ios-sdk/FirebaseAuth/Sources/ObjC/FIRAuthProvider.m -o /Users/siam/Library/Developer/Xcode/DerivedData/Lingua_Quest-gvpckrqxtbgyprbgppjfqmimmmfw/Build/Intermediates.noindex/Firebase.build/Debug-iphonesimulator/FirebaseAuthInternal.build/Objects-normal/arm64/FIRAuthProvider.o -index-unit-output-path /Firebase.build/Debug-iphonesimulator/FirebaseAuthInternal.build/Objects-normal/arm64/FIRAuthProvider.o

CompileC /Users/siam/Library/Developer/Xcode/DerivedData/Lingua_Quest-gvpckrqxtbgyprbgppjfqmimmmfw/Build/Intermediates.noindex/Firebase.build/Debug-iphonesimulator/FirebaseAuthInternal.build/Objects-normal/arm64/FIRAuthErrorUtils.o /Users/siam/Library/Developer/Xcode/DerivedData/Lingua_Quest-gvpckrqxtbgyprbgppjfqmimmmfw/SourcePackages/checkouts/firebase-ios-sdk/FirebaseAuth/Sources/ObjC/FIRAuthErrorUtils.m normal arm64 objective-c com.apple.compilers.llvm.clang.1_0.compiler (in target 'FirebaseAuthInternal' from project 'Firebase')
    cd /Users/siam/Desktop/Lingua\ Quest/Lingua\ Quest.xcodeproj
    
    Using response file: /Users/siam/Library/Developer/Xcode/DerivedData/Lingua_Quest-gvpckrqxtbgyprbgppjfqmimmmfw/Build/Intermediates.noindex/Firebase.build/Debug-iphonesimulator/FirebaseAuthInternal.build/Objects-normal/arm64/e6072d4f65d7061329687fe24e3d63a7-common-args.resp
    
    /Applications/Xcode.app/Contents/Developer/Toolchains/XcodeDefault.xctoolchain/usr/bin/clang -x objective-c -ivfsstatcache /Users/siam/Library/Developer/Xcode/DerivedData/SDKStatCaches.noindex/iphonesimulator26.0-23A339-26257891a6c027eb51374368541b8346.sdkstatcache -fmessage-length\=0 -fdiagnostics-show-note-include-stack -fmacro-backtrace-limit\=0 -fno-color-diagnostics -fmodules-prune-interval\=86400 -fmodules-prune-after\=345600 -fbuild-session-file\=/Users/siam/Library/Developer/Xcode/DerivedData/ModuleCache.noindex/Session.modulevalidation -fmodules-validate-once-per-build-session -Wnon-modular-include-in-framework-module -Werror\=non-modular-include-in-framework-module -Wno-trigraphs -Wno-missing-field-initializers -Wno-missing-prototypes -Wno-return-type -Wno-implicit-atomic-properties -Wno-objc-interface-ivars -Wno-arc-repeated-use-of-weak -Wno-missing-braces -Wparentheses -Wswitch -Wno-unused-function -Wno-unused-label -Wno-unused-parameter -Wno-unused-variable -Wunused-value -Wno-empty-body -Wno-uninitialized -Wno-unknown-pragmas -w -Wno-shadow -Wno-four-char-constants -Wno-conversion -Wno-constant-conversion -Wno-int-conversion -Wno-bool-conversion -Wno-enum-conversion -Wno-float-conversion -Wno-non-literal-null-conversion -Wno-objc-literal-conversion -Wshorten-64-to-32 -Wpointer-sign -Wno-newline-eof -Wno-selector -Wno-strict-selector-match -Wno-undeclared-selector -Wno-deprecated-implementations -Wno-implicit-fallthrough -fstrict-aliasing -Wprotocol -Wdeprecated-declarations -Wno-sign-conversion -Wno-infinite-recursion -Wno-comma -Wno-block-capture-autoreleasing -Wno-strict-prototypes -Wno-semicolon-before-method-body -index-store-path /Users/siam/Library/Developer/Xcode/DerivedData/Lingua_Quest-gvpckrqxtbgyprbgppjfqmimmmfw/Index.noindex/DataStore @/Users/siam/Library/Developer/Xcode/DerivedData/Lingua_Quest-gvpckrqxtbgyprbgppjfqmimmmfw/Build/Intermediates.noindex/Firebase.build/Debug-iphonesimulator/FirebaseAuthInternal.build/Objects-normal/arm64/e6072d4f65d7061329687fe24e3d63a7-common-args.resp -MMD -MT dependencies -MF /Users/siam/Library/Developer/Xcode/DerivedData/Lingua_Quest-gvpckrqxtbgyprbgppjfqmimmmfw/Build/Intermediates.noindex/Firebase.build/Debug-iphonesimulator/FirebaseAuthInternal.build/Objects-normal/arm64/FIRAuthErrorUtils.d --serialize-diagnostics /Users/siam/Library/Developer/Xcode/DerivedData/Lingua_Quest-gvpckrqxtbgyprbgppjfqmimmmfw/Build/Intermediates.noindex/Firebase.build/Debug-iphonesimulator/FirebaseAuthInternal.build/Objects-normal/arm64/FIRAuthErrorUtils.dia -c /Users/siam/Library/Developer/Xcode/DerivedData/Lingua_Quest-gvpckrqxtbgyprbgppjfqmimmmfw/SourcePackages/checkouts/firebase-ios-sdk/FirebaseAuth/Sources/ObjC/FIRAuthErrorUtils.m -o /Users/siam/Library/Developer/Xcode/DerivedData/Lingua_Quest-gvpckrqxtbgyprbgppjfqmimmmfw/Build/Intermediates.noindex/Firebase.build/Debug-iphonesimulator/FirebaseAuthInternal.build/Objects-normal/arm64/FIRAuthErrorUtils.o -index-unit-output-path /Firebase.build/Debug-iphonesimulator/FirebaseAuthInternal.build/Objects-normal/arm64/FIRAuthErrorUtils.o

CompileC /Users/siam/Library/Developer/Xcode/DerivedData/Lingua_Quest-gvpckrqxtbgyprbgppjfqmimmmfw/Build/Intermediates.noindex/Firebase.build/Debug-iphonesimulator/FirebaseAuthInternal.build/Objects-normal/arm64/FIRAuth.o /Users/siam/Library/Developer/Xcode/DerivedData/Lingua_Quest-gvpckrqxtbgyprbgppjfqmimmmfw/SourcePackages/checkouts/firebase-ios-sdk/FirebaseAuth/Sources/ObjC/FIRAuth.m normal arm64 objective-c com.apple.compilers.llvm.clang.1_0.compiler (in target 'FirebaseAuthInternal' from project 'Firebase')
    cd /Users/siam/Desktop/Lingua\ Quest/Lingua\ Quest.xcodeproj
    
    Using response file: /Users/siam/Library/Developer/Xcode/DerivedData/Lingua_Quest-gvpckrqxtbgyprbgppjfqmimmmfw/Build/Intermediates.noindex/Firebase.build/Debug-iphonesimulator/FirebaseAuthInternal.build/Objects-normal/arm64/e6072d4f65d7061329687fe24e3d63a7-common-args.resp
    
    /Applications/Xcode.app/Contents/Developer/Toolchains/XcodeDefault.xctoolchain/usr/bin/clang -x objective-c -ivfsstatcache /Users/siam/Library/Developer/Xcode/DerivedData/SDKStatCaches.noindex/iphonesimulator26.0-23A339-26257891a6c027eb51374368541b8346.sdkstatcache -fmessage-length\=0 -fdiagnostics-show-note-include-stack -fmacro-backtrace-limit\=0 -fno-color-diagnostics -fmodules-prune-interval\=86400 -fmodules-prune-after\=345600 -fbuild-session-file\=/Users/siam/Library/Developer/Xcode/DerivedData/ModuleCache.noindex/Session.modulevalidation -fmodules-validate-once-per-build-session -Wnon-modular-include-in-framework-module -Werror\=non-modular-include-in-framework-module -Wno-trigraphs -Wno-missing-field-initializers -Wno-missing-prototypes -Wno-return-type -Wno-implicit-atomic-properties -Wno-objc-interface-ivars -Wno-arc-repeated-use-of-weak -Wno-missing-braces -Wparentheses -Wswitch -Wno-unused-function -Wno-unused-label -Wno-unused-parameter -Wno-unused-variable -Wunused-value -Wno-empty-body -Wno-uninitialized -Wno-unknown-pragmas -w -Wno-shadow -Wno-four-char-constants -Wno-conversion -Wno-constant-conversion -Wno-int-conversion -Wno-bool-conversion -Wno-enum-conversion -Wno-float-conversion -Wno-non-literal-null-conversion -Wno-objc-literal-conversion -Wshorten-64-to-32 -Wpointer-sign -Wno-newline-eof -Wno-selector -Wno-strict-selector-match -Wno-undeclared-selector -Wno-deprecated-implementations -Wno-implicit-fallthrough -fstrict-aliasing -Wprotocol -Wdeprecated-declarations -Wno-sign-conversion -Wno-infinite-recursion -Wno-comma -Wno-block-capture-autoreleasing -Wno-strict-prototypes -Wno-semicolon-before-method-body -index-store-path /Users/siam/Library/Developer/Xcode/DerivedData/Lingua_Quest-gvpckrqxtbgyprbgppjfqmimmmfw/Index.noindex/DataStore @/Users/siam/Library/Developer/Xcode/DerivedData/Lingua_Quest-gvpckrqxtbgyprbgppjfqmimmmfw/Build/Intermediates.noindex/Firebase.build/Debug-iphonesimulator/FirebaseAuthInternal.build/Objects-normal/arm64/e6072d4f65d7061329687fe24e3d63a7-common-args.resp -MMD -MT dependencies -MF /Users/siam/Library/Developer/Xcode/DerivedData/Lingua_Quest-gvpckrqxtbgyprbgppjfqmimmmfw/Build/Intermediates.noindex/Firebase.build/Debug-iphonesimulator/FirebaseAuthInternal.build/Objects-normal/arm64/FIRAuth.d --serialize-diagnostics /Users/siam/Library/Developer/Xcode/DerivedData/Lingua_Quest-gvpckrqxtbgyprbgppjfqmimmmfw/Build/Intermediates.noindex/Firebase.build/Debug-iphonesimulator/FirebaseAuthInternal.build/Objects-normal/arm64/FIRAuth.dia -c /Users/siam/Library/Developer/Xcode/DerivedData/Lingua_Quest-gvpckrqxtbgyprbgppjfqmimmmfw/SourcePackages/checkouts/firebase-ios-sdk/FirebaseAuth/Sources/ObjC/FIRAuth.m -o /Users/siam/Library/Developer/Xcode/DerivedData/Lingua_Quest-gvpckrqxtbgyprbgppjfqmimmmfw/Build/Intermediates.noindex/Firebase.build/Debug-iphonesimulator/FirebaseAuthInternal.build/Objects-normal/arm64/FIRAuth.o -index-unit-output-path /Firebase.build/Debug-iphonesimulator/FirebaseAuthInternal.build/Objects-normal/arm64/FIRAuth.o

CompileC /Users/siam/Library/Developer/Xcode/DerivedData/Lingua_Quest-gvpckrqxtbgyprbgppjfqmimmmfw/Build/Intermediates.noindex/AppAuth.build/Debug-iphonesimulator/AppAuth.build/Objects-normal/arm64/OIDAuthorizationService+Mac.o /Users/siam/Library/Developer/Xcode/DerivedData/Lingua_Quest-gvpckrqxtbgyprbgppjfqmimmmfw/SourcePackages/checkouts/AppAuth-iOS/Sources/AppAuth/macOS/OIDAuthorizationService+Mac.m normal arm64 objective-c com.apple.compilers.llvm.clang.1_0.compiler (in target 'AppAuth' from project 'AppAuth')
    cd /Users/siam/Desktop/Lingua\ Quest/Lingua\ Quest.xcodeproj
    
    Using response file: /Users/siam/Library/Developer/Xcode/DerivedData/Lingua_Quest-gvpckrqxtbgyprbgppjfqmimmmfw/Build/Intermediates.noindex/AppAuth.build/Debug-iphonesimulator/AppAuth.build/Objects-normal/arm64/e6072d4f65d7061329687fe24e3d63a7-common-args.resp
    
    /Applications/Xcode.app/Contents/Developer/Toolchains/XcodeDefault.xctoolchain/usr/bin/clang -x objective-c -ivfsstatcache /Users/siam/Library/Developer/Xcode/DerivedData/SDKStatCaches.noindex/iphonesimulator26.0-23A339-26257891a6c027eb51374368541b8346.sdkstatcache -fmessage-length\=0 -fdiagnostics-show-note-include-stack -fmacro-backtrace-limit\=0 -fno-color-diagnostics -fmodules-prune-interval\=86400 -fmodules-prune-after\=345600 -fbuild-session-file\=/Users/siam/Library/Developer/Xcode/DerivedData/ModuleCache.noindex/Session.modulevalidation -fmodules-validate-once-per-build-session -Wnon-modular-include-in-framework-module -Werror\=non-modular-include-in-framework-module -Wno-trigraphs -Wno-missing-field-initializers -Wno-missing-prototypes -Wno-return-type -Wno-implicit-atomic-properties -Wno-objc-interface-ivars -Wno-arc-repeated-use-of-weak -Wno-missing-braces -Wparentheses -Wswitch -Wno-unused-function -Wno-unused-label -Wno-unused-parameter -Wno-unused-variable -Wunused-value -Wno-empty-body -Wno-uninitialized -Wno-unknown-pragmas -w -Wno-shadow -Wno-four-char-constants -Wno-conversion -Wno-constant-conversion -Wno-int-conversion -Wno-bool-conversion -Wno-enum-conversion -Wno-float-conversion -Wno-non-literal-null-conversion -Wno-objc-literal-conversion -Wshorten-64-to-32 -Wpointer-sign -Wno-newline-eof -Wno-selector -Wno-strict-selector-match -Wno-undeclared-selector -Wno-deprecated-implementations -Wno-implicit-fallthrough -fstrict-aliasing -Wprotocol -Wdeprecated-declarations -Wno-sign-conversion -Wno-infinite-recursion -Wno-comma -Wno-block-capture-autoreleasing -Wno-strict-prototypes -Wno-semicolon-before-method-body -index-store-path /Users/siam/Library/Developer/Xcode/DerivedData/Lingua_Quest-gvpckrqxtbgyprbgppjfqmimmmfw/Index.noindex/DataStore @/Users/siam/Library/Developer/Xcode/DerivedData/Lingua_Quest-gvpckrqxtbgyprbgppjfqmimmmfw/Build/Intermediates.noindex/AppAuth.build/Debug-iphonesimulator/AppAuth.build/Objects-normal/arm64/e6072d4f65d7061329687fe24e3d63a7-common-args.resp -include /Users/siam/Library/Developer/Xcode/DerivedData/Lingua_Quest-gvpckrqxtbgyprbgppjfqmimmmfw/Build/Intermediates.noindex/AppAuth.build/Debug-iphonesimulator/AppAuth.build/DerivedSources/resource_bundle_accessor.h -MMD -MT dependencies -MF /Users/siam/Library/Developer/Xcode/DerivedData/Lingua_Quest-gvpckrqxtbgyprbgppjfqmimmmfw/Build/Intermediates.noindex/AppAuth.build/Debug-iphonesimulator/AppAuth.build/Objects-normal/arm64/OIDAuthorizationService+Mac.d --serialize-diagnostics /Users/siam/Library/Developer/Xcode/DerivedData/Lingua_Quest-gvpckrqxtbgyprbgppjfqmimmmfw/Build/Intermediates.noindex/AppAuth.build/Debug-iphonesimulator/AppAuth.build/Objects-normal/arm64/OIDAuthorizationService+Mac.dia -c /Users/siam/Library/Developer/Xcode/DerivedData/Lingua_Quest-gvpckrqxtbgyprbgppjfqmimmmfw/SourcePackages/checkouts/AppAuth-iOS/Sources/AppAuth/macOS/OIDAuthorizationService+Mac.m -o /Users/siam/Library/Developer/Xcode/DerivedData/Lingua_Quest-gvpckrqxtbgyprbgppjfqmimmmfw/Build/Intermediates.noindex/AppAuth.build/Debug-iphonesimulator/AppAuth.build/Objects-normal/arm64/OIDAuthorizationService+Mac.o -index-unit-output-path /AppAuth.build/Debug-iphonesimulator/AppAuth.build/Objects-normal/arm64/OIDAuthorizationService+Mac.o

PrecompileModule /Users/siam/Library/Developer/Xcode/DerivedData/Lingua_Quest-gvpckrqxtbgyprbgppjfqmimmmfw/Build/Intermediates.noindex/ExplicitPrecompiledModules/AuthenticationServices-9IKR6VWW5HFVD1T6LDYIR36OF.scan
    cd /
    builtin-precompileModule /Users/siam/Library/Developer/Xcode/DerivedData/Lingua_Quest-gvpckrqxtbgyprbgppjfqmimmmfw/Build/Intermediates.noindex/ExplicitPrecompiledModules/AuthenticationServices-9IKR6VWW5HFVD1T6LDYIR36OF.scan

PrecompileModule /Users/siam/Library/Developer/Xcode/DerivedData/Lingua_Quest-gvpckrqxtbgyprbgppjfqmimmmfw/Build/Intermediates.noindex/ExplicitPrecompiledModules/AppAuthCore-71C7J7JDTF09SGV3PMPCXPQKT.scan
    cd /
    builtin-precompileModule /Users/siam/Library/Developer/Xcode/DerivedData/Lingua_Quest-gvpckrqxtbgyprbgppjfqmimmmfw/Build/Intermediates.noindex/ExplicitPrecompiledModules/AppAuthCore-71C7J7JDTF09SGV3PMPCXPQKT.scan

PrecompileModule /Users/siam/Library/Developer/Xcode/DerivedData/Lingua_Quest-gvpckrqxtbgyprbgppjfqmimmmfw/Build/Intermediates.noindex/ExplicitPrecompiledModules/SafariServices-208X7J9ZIMPRNWFS8RC1SOHLB.scan
    cd /
    builtin-precompileModule /Users/siam/Library/Developer/Xcode/DerivedData/Lingua_Quest-gvpckrqxtbgyprbgppjfqmimmmfw/Build/Intermediates.noindex/ExplicitPrecompiledModules/SafariServices-208X7J9ZIMPRNWFS8RC1SOHLB.scan

ScanDependencies /Users/siam/Library/Developer/Xcode/DerivedData/Lingua_Quest-gvpckrqxtbgyprbgppjfqmimmmfw/Build/Intermediates.noindex/AppAuth.build/Debug-iphonesimulator/AppAuth.build/Objects-normal/arm64/OIDAuthorizationService+IOS.o /Users/siam/Library/Developer/Xcode/DerivedData/Lingua_Quest-gvpckrqxtbgyprbgppjfqmimmmfw/SourcePackages/checkouts/AppAuth-iOS/Sources/AppAuth/iOS/OIDAuthorizationService+IOS.m normal arm64 objective-c com.apple.compilers.llvm.clang.1_0.compiler (in target 'AppAuth' from project 'AppAuth')
    cd /Users/siam/Desktop/Lingua\ Quest/Lingua\ Quest.xcodeproj
    
    Using response file: /Users/siam/Library/Developer/Xcode/DerivedData/Lingua_Quest-gvpckrqxtbgyprbgppjfqmimmmfw/Build/Intermediates.noindex/AppAuth.build/Debug-iphonesimulator/AppAuth.build/Objects-normal/arm64/e6072d4f65d7061329687fe24e3d63a7-common-args.resp
    
    builtin-ScanDependencies -o /Users/siam/Library/Developer/Xcode/DerivedData/Lingua_Quest-gvpckrqxtbgyprbgppjfqmimmmfw/Build/Intermediates.noindex/AppAuth.build/Debug-iphonesimulator/AppAuth.build/Objects-normal/arm64/OIDAuthorizationService+IOS.o.scan -- /Applications/Xcode.app/Contents/Developer/Toolchains/XcodeDefault.xctoolchain/usr/bin/clang -x objective-c -ivfsstatcache /Users/siam/Library/Developer/Xcode/DerivedData/SDKStatCaches.noindex/iphonesimulator26.0-23A339-26257891a6c027eb51374368541b8346.sdkstatcache -fmessage-length\=0 -fdiagnostics-show-note-include-stack -fmacro-backtrace-limit\=0 -fno-color-diagnostics -fmodules-prune-interval\=86400 -fmodules-prune-after\=345600 -fbuild-session-file\=/Users/siam/Library/Developer/Xcode/DerivedData/ModuleCache.noindex/Session.modulevalidation -fmodules-validate-once-per-build-session -Wnon-modular-include-in-framework-module -Werror\=non-modular-include-in-framework-module -Wno-trigraphs -Wno-missing-field-initializers -Wno-missing-prototypes -Wno-return-type -Wno-implicit-atomic-properties -Wno-objc-interface-ivars -Wno-arc-repeated-use-of-weak -Wno-missing-braces -Wparentheses -Wswitch -Wno-unused-function -Wno-unused-label -Wno-unused-parameter -Wno-unused-variable -Wunused-value -Wno-empty-body -Wno-uninitialized -Wno-unknown-pragmas -w -Wno-shadow -Wno-four-char-constants -Wno-conversion -Wno-constant-conversion -Wno-int-conversion -Wno-bool-conversion -Wno-enum-conversion -Wno-float-conversion -Wno-non-literal-null-conversion -Wno-objc-literal-conversion -Wshorten-64-to-32 -Wpointer-sign -Wno-newline-eof -Wno-selector -Wno-strict-selector-match -Wno-undeclared-selector -Wno-deprecated-implementations -Wno-implicit-fallthrough -fstrict-aliasing -Wprotocol -Wdeprecated-declarations -Wno-sign-conversion -Wno-infinite-recursion -Wno-comma -Wno-block-capture-autoreleasing -Wno-strict-prototypes -Wno-semicolon-before-method-body -index-store-path /Users/siam/Library/Developer/Xcode/DerivedData/Lingua_Quest-gvpckrqxtbgyprbgppjfqmimmmfw/Index.noindex/DataStore @/Users/siam/Library/Developer/Xcode/DerivedData/Lingua_Quest-gvpckrqxtbgyprbgppjfqmimmmfw/Build/Intermediates.noindex/AppAuth.build/Debug-iphonesimulator/AppAuth.build/Objects-normal/arm64/e6072d4f65d7061329687fe24e3d63a7-common-args.resp -include /Users/siam/Library/Developer/Xcode/DerivedData/Lingua_Quest-gvpckrqxtbgyprbgppjfqmimmmfw/Build/Intermediates.noindex/AppAuth.build/Debug-iphonesimulator/AppAuth.build/DerivedSources/resource_bundle_accessor.h -MMD -MT dependencies -MF /Users/siam/Library/Developer/Xcode/DerivedData/Lingua_Quest-gvpckrqxtbgyprbgppjfqmimmmfw/Build/Intermediates.noindex/AppAuth.build/Debug-iphonesimulator/AppAuth.build/Objects-normal/arm64/OIDAuthorizationService+IOS.d --serialize-diagnostics /Users/siam/Library/Developer/Xcode/DerivedData/Lingua_Quest-gvpckrqxtbgyprbgppjfqmimmmfw/Build/Intermediates.noindex/AppAuth.build/Debug-iphonesimulator/AppAuth.build/Objects-normal/arm64/OIDAuthorizationService+IOS.dia -c /Users/siam/Library/Developer/Xcode/DerivedData/Lingua_Quest-gvpckrqxtbgyprbgppjfqmimmmfw/SourcePackages/checkouts/AppAuth-iOS/Sources/AppAuth/iOS/OIDAuthorizationService+IOS.m -o /Users/siam/Library/Developer/Xcode/DerivedData/Lingua_Quest-gvpckrqxtbgyprbgppjfqmimmmfw/Build/Intermediates.noindex/AppAuth.build/Debug-iphonesimulator/AppAuth.build/Objects-normal/arm64/OIDAuthorizationService+IOS.o -index-unit-output-path /AppAuth.build/Debug-iphonesimulator/AppAuth.build/Objects-normal/arm64/OIDAuthorizationService+IOS.o

ScanDependencies /Users/siam/Library/Developer/Xcode/DerivedData/Lingua_Quest-gvpckrqxtbgyprbgppjfqmimmmfw/Build/Intermediates.noindex/AppAuth.build/Debug-iphonesimulator/AppAuth.build/Objects-normal/arm64/OIDAuthState+Mac.o /Users/siam/Library/Developer/Xcode/DerivedData/Lingua_Quest-gvpckrqxtbgyprbgppjfqmimmmfw/SourcePackages/checkouts/AppAuth-iOS/Sources/AppAuth/macOS/OIDAuthState+Mac.m normal arm64 objective-c com.apple.compilers.llvm.clang.1_0.compiler (in target 'AppAuth' from project 'AppAuth')
    cd /Users/siam/Desktop/Lingua\ Quest/Lingua\ Quest.xcodeproj
    
    Using response file: /Users/siam/Library/Developer/Xcode/DerivedData/Lingua_Quest-gvpckrqxtbgyprbgppjfqmimmmfw/Build/Intermediates.noindex/AppAuth.build/Debug-iphonesimulator/AppAuth.build/Objects-normal/arm64/e6072d4f65d7061329687fe24e3d63a7-common-args.resp
    
    builtin-ScanDependencies -o /Users/siam/Library/Developer/Xcode/DerivedData/Lingua_Quest-gvpckrqxtbgyprbgppjfqmimmmfw/Build/Intermediates.noindex/AppAuth.build/Debug-iphonesimulator/AppAuth.build/Objects-normal/arm64/OIDAuthState+Mac.o.scan -- /Applications/Xcode.app/Contents/Developer/Toolchains/XcodeDefault.xctoolchain/usr/bin/clang -x objective-c -ivfsstatcache /Users/siam/Library/Developer/Xcode/DerivedData/SDKStatCaches.noindex/iphonesimulator26.0-23A339-26257891a6c027eb51374368541b8346.sdkstatcache -fmessage-length\=0 -fdiagnostics-show-note-include-stack -fmacro-backtrace-limit\=0 -fno-color-diagnostics -fmodules-prune-interval\=86400 -fmodules-prune-after\=345600 -fbuild-session-file\=/Users/siam/Library/Developer/Xcode/DerivedData/ModuleCache.noindex/Session.modulevalidation -fmodules-validate-once-per-build-session -Wnon-modular-include-in-framework-module -Werror\=non-modular-include-in-framework-module -Wno-trigraphs -Wno-missing-field-initializers -Wno-missing-prototypes -Wno-return-type -Wno-implicit-atomic-properties -Wno-objc-interface-ivars -Wno-arc-repeated-use-of-weak -Wno-missing-braces -Wparentheses -Wswitch -Wno-unused-function -Wno-unused-label -Wno-unused-parameter -Wno-unused-variable -Wunused-value -Wno-empty-body -Wno-uninitialized -Wno-unknown-pragmas -w -Wno-shadow -Wno-four-char-constants -Wno-conversion -Wno-constant-conversion -Wno-int-conversion -Wno-bool-conversion -Wno-enum-conversion -Wno-float-conversion -Wno-non-literal-null-conversion -Wno-objc-literal-conversion -Wshorten-64-to-32 -Wpointer-sign -Wno-newline-eof -Wno-selector -Wno-strict-selector-match -Wno-undeclared-selector -Wno-deprecated-implementations -Wno-implicit-fallthrough -fstrict-aliasing -Wprotocol -Wdeprecated-declarations -Wno-sign-conversion -Wno-infinite-recursion -Wno-comma -Wno-block-capture-autoreleasing -Wno-strict-prototypes -Wno-semicolon-before-method-body -index-store-path /Users/siam/Library/Developer/Xcode/DerivedData/Lingua_Quest-gvpckrqxtbgyprbgppjfqmimmmfw/Index.noindex/DataStore @/Users/siam/Library/Developer/Xcode/DerivedData/Lingua_Quest-gvpckrqxtbgyprbgppjfqmimmmfw/Build/Intermediates.noindex/AppAuth.build/Debug-iphonesimulator/AppAuth.build/Objects-normal/arm64/e6072d4f65d7061329687fe24e3d63a7-common-args.resp -include /Users/siam/Library/Developer/Xcode/DerivedData/Lingua_Quest-gvpckrqxtbgyprbgppjfqmimmmfw/Build/Intermediates.noindex/AppAuth.build/Debug-iphonesimulator/AppAuth.build/DerivedSources/resource_bundle_accessor.h -MMD -MT dependencies -MF /Users/siam/Library/Developer/Xcode/DerivedData/Lingua_Quest-gvpckrqxtbgyprbgppjfqmimmmfw/Build/Intermediates.noindex/AppAuth.build/Debug-iphonesimulator/AppAuth.build/Objects-normal/arm64/OIDAuthState+Mac.d --serialize-diagnostics /Users/siam/Library/Developer/Xcode/DerivedData/Lingua_Quest-gvpckrqxtbgyprbgppjfqmimmmfw/Build/Intermediates.noindex/AppAuth.build/Debug-iphonesimulator/AppAuth.build/Objects-normal/arm64/OIDAuthState+Mac.dia -c /Users/siam/Library/Developer/Xcode/DerivedData/Lingua_Quest-gvpckrqxtbgyprbgppjfqmimmmfw/SourcePackages/checkouts/AppAuth-iOS/Sources/AppAuth/macOS/OIDAuthState+Mac.m -o /Users/siam/Library/Developer/Xcode/DerivedData/Lingua_Quest-gvpckrqxtbgyprbgppjfqmimmmfw/Build/Intermediates.noindex/AppAuth.build/Debug-iphonesimulator/AppAuth.build/Objects-normal/arm64/OIDAuthState+Mac.o -index-unit-output-path /AppAuth.build/Debug-iphonesimulator/AppAuth.build/Objects-normal/arm64/OIDAuthState+Mac.o

ScanDependencies /Users/siam/Library/Developer/Xcode/DerivedData/Lingua_Quest-gvpckrqxtbgyprbgppjfqmimmmfw/Build/Intermediates.noindex/AppAuth.build/Debug-iphonesimulator/AppAuth.build/Objects-normal/arm64/OIDAuthState+IOS.o /Users/siam/Library/Developer/Xcode/DerivedData/Lingua_Quest-gvpckrqxtbgyprbgppjfqmimmmfw/SourcePackages/checkouts/AppAuth-iOS/Sources/AppAuth/iOS/OIDAuthState+IOS.m normal arm64 objective-c com.apple.compilers.llvm.clang.1_0.compiler (in target 'AppAuth' from project 'AppAuth')
    cd /Users/siam/Desktop/Lingua\ Quest/Lingua\ Quest.xcodeproj
    
    Using response file: /Users/siam/Library/Developer/Xcode/DerivedData/Lingua_Quest-gvpckrqxtbgyprbgppjfqmimmmfw/Build/Intermediates.noindex/AppAuth.build/Debug-iphonesimulator/AppAuth.build/Objects-normal/arm64/e6072d4f65d7061329687fe24e3d63a7-common-args.resp
    
    builtin-ScanDependencies -o /Users/siam/Library/Developer/Xcode/DerivedData/Lingua_Quest-gvpckrqxtbgyprbgppjfqmimmmfw/Build/Intermediates.noindex/AppAuth.build/Debug-iphonesimulator/AppAuth.build/Objects-normal/arm64/OIDAuthState+IOS.o.scan -- /Applications/Xcode.app/Contents/Developer/Toolchains/XcodeDefault.xctoolchain/usr/bin/clang -x objective-c -ivfsstatcache /Users/siam/Library/Developer/Xcode/DerivedData/SDKStatCaches.noindex/iphonesimulator26.0-23A339-26257891a6c027eb51374368541b8346.sdkstatcache -fmessage-length\=0 -fdiagnostics-show-note-include-stack -fmacro-backtrace-limit\=0 -fno-color-diagnostics -fmodules-prune-interval\=86400 -fmodules-prune-after\=345600 -fbuild-session-file\=/Users/siam/Library/Developer/Xcode/DerivedData/ModuleCache.noindex/Session.modulevalidation -fmodules-validate-once-per-build-session -Wnon-modular-include-in-framework-module -Werror\=non-modular-include-in-framework-module -Wno-trigraphs -Wno-missing-field-initializers -Wno-missing-prototypes -Wno-return-type -Wno-implicit-atomic-properties -Wno-objc-interface-ivars -Wno-arc-repeated-use-of-weak -Wno-missing-braces -Wparentheses -Wswitch -Wno-unused-function -Wno-unused-label -Wno-unused-parameter -Wno-unused-variable -Wunused-value -Wno-empty-body -Wno-uninitialized -Wno-unknown-pragmas -w -Wno-shadow -Wno-four-char-constants -Wno-conversion -Wno-constant-conversion -Wno-int-conversion -Wno-bool-conversion -Wno-enum-conversion -Wno-float-conversion -Wno-non-literal-null-conversion -Wno-objc-literal-conversion -Wshorten-64-to-32 -Wpointer-sign -Wno-newline-eof -Wno-selector -Wno-strict-selector-match -Wno-undeclared-selector -Wno-deprecated-implementations -Wno-implicit-fallthrough -fstrict-aliasing -Wprotocol -Wdeprecated-declarations -Wno-sign-conversion -Wno-infinite-recursion -Wno-comma -Wno-block-capture-autoreleasing -Wno-strict-prototypes -Wno-semicolon-before-method-body -index-store-path /Users/siam/Library/Developer/Xcode/DerivedData/Lingua_Quest-gvpckrqxtbgyprbgppjfqmimmmfw/Index.noindex/DataStore @/Users/siam/Library/Developer/Xcode/DerivedData/Lingua_Quest-gvpckrqxtbgyprbgppjfqmimmmfw/Build/Intermediates.noindex/AppAuth.build/Debug-iphonesimulator/AppAuth.build/Objects-normal/arm64/e6072d4f65d7061329687fe24e3d63a7-common-args.resp -include /Users/siam/Library/Developer/Xcode/DerivedData/Lingua_Quest-gvpckrqxtbgyprbgppjfqmimmmfw/Build/Intermediates.noindex/AppAuth.build/Debug-iphonesimulator/AppAuth.build/DerivedSources/resource_bundle_accessor.h -MMD -MT dependencies -MF /Users/siam/Library/Developer/Xcode/DerivedData/Lingua_Quest-gvpckrqxtbgyprbgppjfqmimmmfw/Build/Intermediates.noindex/AppAuth.build/Debug-iphonesimulator/AppAuth.build/Objects-normal/arm64/OIDAuthState+IOS.d --serialize-diagnostics /Users/siam/Library/Developer/Xcode/DerivedData/Lingua_Quest-gvpckrqxtbgyprbgppjfqmimmmfw/Build/Intermediates.noindex/AppAuth.build/Debug-iphonesimulator/AppAuth.build/Objects-normal/arm64/OIDAuthState+IOS.dia -c /Users/siam/Library/Developer/Xcode/DerivedData/Lingua_Quest-gvpckrqxtbgyprbgppjfqmimmmfw/SourcePackages/checkouts/AppAuth-iOS/Sources/AppAuth/iOS/OIDAuthState+IOS.m -o /Users/siam/Library/Developer/Xcode/DerivedData/Lingua_Quest-gvpckrqxtbgyprbgppjfqmimmmfw/Build/Intermediates.noindex/AppAuth.build/Debug-iphonesimulator/AppAuth.build/Objects-normal/arm64/OIDAuthState+IOS.o -index-unit-output-path /AppAuth.build/Debug-iphonesimulator/AppAuth.build/Objects-normal/arm64/OIDAuthState+IOS.o

RegisterExecutionPolicyException /Users/siam/Library/Developer/Xcode/DerivedData/Lingua_Quest-gvpckrqxtbgyprbgppjfqmimmmfw/Build/Products/Debug-iphonesimulator/nanopb.o (in target 'nanopb' from project 'nanopb')
    cd /Users/siam/Library/Developer/Xcode/DerivedData/Lingua_Quest-gvpckrqxtbgyprbgppjfqmimmmfw/SourcePackages/checkouts/nanopb
    builtin-RegisterExecutionPolicyException /Users/siam/Library/Developer/Xcode/DerivedData/Lingua_Quest-gvpckrqxtbgyprbgppjfqmimmmfw/Build/Products/Debug-iphonesimulator/nanopb.o

SwiftDriver Swinject normal x86_64 com.apple.xcode.tools.swift.compiler (in target 'Swinject' from project 'Swinject')
    cd /Users/siam/Desktop/Lingua\ Quest/Lingua\ Quest.xcodeproj
    builtin-SwiftDriver -- /Applications/Xcode.app/Contents/Developer/Toolchains/XcodeDefault.xctoolchain/usr/bin/swiftc -module-name Swinject -Onone -enforce-exclusivity\=checked @/Users/siam/Library/Developer/Xcode/DerivedData/Lingua_Quest-gvpckrqxtbgyprbgppjfqmimmmfw/Build/Intermediates.noindex/Swinject.build/Debug-iphonesimulator/Swinject.build/Objects-normal/x86_64/Swinject.SwiftFileList -DSWIFT_PACKAGE -DDEBUG -DSWIFT_MODULE_RESOURCE_BUNDLE_AVAILABLE -DXcode -plugin-path /Applications/Xcode.app/Contents/Developer/Toolchains/XcodeDefault.xctoolchain/usr/lib/swift/host/plugins/testing -enable-experimental-feature DebugDescriptionMacro -sdk /Applications/Xcode.app/Contents/Developer/Platforms/iPhoneSimulator.platform/Developer/SDKs/iPhoneSimulator26.0.sdk -target x86_64-apple-ios12.0-simulator -g -module-cache-path /Users/siam/Library/Developer/Xcode/DerivedData/ModuleCache.noindex -Xfrontend -serialize-debugging-options -profile-coverage-mapping -profile-generate -enable-testing -suppress-warnings -index-store-path /Users/siam/Library/Developer/Xcode/DerivedData/Lingua_Quest-gvpckrqxtbgyprbgppjfqmimmmfw/Index.noindex/DataStore -Xcc -D_LIBCPP_HARDENING_MODE\=_LIBCPP_HARDENING_MODE_DEBUG -swift-version 6 -I /Users/siam/Library/Developer/Xcode/DerivedData/Lingua_Quest-gvpckrqxtbgyprbgppjfqmimmmfw/Build/Products/Debug-iphonesimulator -Isystem /Applications/Xcode.app/Contents/Developer/Platforms/iPhoneSimulator.platform/Developer/usr/lib -F /Users/siam/Library/Developer/Xcode/DerivedData/Lingua_Quest-gvpckrqxtbgyprbgppjfqmimmmfw/Build/Products/Debug-iphonesimulator -F /Applications/Xcode.app/Contents/Developer/Platforms/iPhoneSimulator.platform/Developer/Library/Frameworks -F /Applications/Xcode.app/Contents/Developer/Platforms/iPhoneSimulator.platform/Developer/SDKs/iPhoneSimulator26.0.sdk/Developer/Library/Frameworks -c -j12 -enable-batch-mode -incremental -Xcc -ivfsstatcache -Xcc /Users/siam/Library/Developer/Xcode/DerivedData/SDKStatCaches.noindex/iphonesimulator26.0-23A339-26257891a6c027eb51374368541b8346.sdkstatcache -output-file-map /Users/siam/Library/Developer/Xcode/DerivedData/Lingua_Quest-gvpckrqxtbgyprbgppjfqmimmmfw/Build/Intermediates.noindex/Swinject.build/Debug-iphonesimulator/Swinject.build/Objects-normal/x86_64/Swinject-OutputFileMap.json -use-frontend-parseable-output -save-temps -no-color-diagnostics -explicit-module-build -module-cache-path /Users/siam/Library/Developer/Xcode/DerivedData/Lingua_Quest-gvpckrqxtbgyprbgppjfqmimmmfw/Build/Intermediates.noindex/SwiftExplicitPrecompiledModules -clang-scanner-module-cache-path /Users/siam/Library/Developer/Xcode/DerivedData/ModuleCache.noindex -sdk-module-cache-path /Users/siam/Library/Developer/Xcode/DerivedData/ModuleCache.noindex -serialize-diagnostics -emit-dependencies -emit-module -emit-module-path /Users/siam/Library/Developer/Xcode/DerivedData/Lingua_Quest-gvpckrqxtbgyprbgppjfqmimmmfw/Build/Intermediates.noindex/Swinject.build/Debug-iphonesimulator/Swinject.build/Objects-normal/x86_64/Swinject.swiftmodule -user-module-version 2.10.0 -validate-clang-modules-once -clang-build-session-file /Users/siam/Library/Developer/Xcode/DerivedData/ModuleCache.noindex/Session.modulevalidation -package-name swinject -Xcc -I/Users/siam/Library/Developer/Xcode/DerivedData/Lingua_Quest-gvpckrqxtbgyprbgppjfqmimmmfw/Build/Intermediates.noindex/Swinject.build/Debug-iphonesimulator/Swinject.build/swift-overrides.hmap -emit-const-values -Xfrontend -const-gather-protocols-file -Xfrontend /Users/siam/Library/Developer/Xcode/DerivedData/Lingua_Quest-gvpckrqxtbgyprbgppjfqmimmmfw/Build/Intermediates.noindex/Swinject.build/Debug-iphonesimulator/Swinject.build/Objects-normal/x86_64/Swinject_const_extract_protocols.json -Xcc -I/Users/siam/Library/Developer/Xcode/DerivedData/Lingua_Quest-gvpckrqxtbgyprbgppjfqmimmmfw/Build/Products/Debug-iphonesimulator/include -Xcc -I/Users/siam/Library/Developer/Xcode/DerivedData/Lingua_Quest-gvpckrqxtbgyprbgppjfqmimmmfw/Build/Intermediates.noindex/Swinject.build/Debug-iphonesimulator/Swinject.build/DerivedSources-normal/x86_64 -Xcc -I/Users/siam/Library/Developer/Xcode/DerivedData/Lingua_Quest-gvpckrqxtbgyprbgppjfqmimmmfw/Build/Intermediates.noindex/Swinject.build/Debug-iphonesimulator/Swinject.build/DerivedSources/x86_64 -Xcc -I/Users/siam/Library/Developer/Xcode/DerivedData/Lingua_Quest-gvpckrqxtbgyprbgppjfqmimmmfw/Build/Intermediates.noindex/Swinject.build/Debug-iphonesimulator/Swinject.build/DerivedSources -Xcc -DSWIFT_PACKAGE -Xcc -DDEBUG\=1 -emit-objc-header -emit-objc-header-path /Users/siam/Library/Developer/Xcode/DerivedData/Lingua_Quest-gvpckrqxtbgyprbgppjfqmimmmfw/Build/Intermediates.noindex/Swinject.build/Debug-iphonesimulator/Swinject.build/Objects-normal/x86_64/Swinject-Swift.h -working-directory /Users/siam/Desktop/Lingua\ Quest/Lingua\ Quest.xcodeproj -experimental-emit-module-separately -disable-cmo

SwiftDriver Swinject normal arm64 com.apple.xcode.tools.swift.compiler (in target 'Swinject' from project 'Swinject')
    cd /Users/siam/Desktop/Lingua\ Quest/Lingua\ Quest.xcodeproj
    builtin-SwiftDriver -- /Applications/Xcode.app/Contents/Developer/Toolchains/XcodeDefault.xctoolchain/usr/bin/swiftc -module-name Swinject -Onone -enforce-exclusivity\=checked @/Users/siam/Library/Developer/Xcode/DerivedData/Lingua_Quest-gvpckrqxtbgyprbgppjfqmimmmfw/Build/Intermediates.noindex/Swinject.build/Debug-iphonesimulator/Swinject.build/Objects-normal/arm64/Swinject.SwiftFileList -DSWIFT_PACKAGE -DDEBUG -DSWIFT_MODULE_RESOURCE_BUNDLE_AVAILABLE -DXcode -plugin-path /Applications/Xcode.app/Contents/Developer/Toolchains/XcodeDefault.xctoolchain/usr/lib/swift/host/plugins/testing -enable-experimental-feature DebugDescriptionMacro -sdk /Applications/Xcode.app/Contents/Developer/Platforms/iPhoneSimulator.platform/Developer/SDKs/iPhoneSimulator26.0.sdk -target arm64-apple-ios12.0-simulator -g -module-cache-path /Users/siam/Library/Developer/Xcode/DerivedData/ModuleCache.noindex -Xfrontend -serialize-debugging-options -profile-coverage-mapping -profile-generate -enable-testing -suppress-warnings -index-store-path /Users/siam/Library/Developer/Xcode/DerivedData/Lingua_Quest-gvpckrqxtbgyprbgppjfqmimmmfw/Index.noindex/DataStore -Xcc -D_LIBCPP_HARDENING_MODE\=_LIBCPP_HARDENING_MODE_DEBUG -swift-version 6 -I /Users/siam/Library/Developer/Xcode/DerivedData/Lingua_Quest-gvpckrqxtbgyprbgppjfqmimmmfw/Build/Products/Debug-iphonesimulator -Isystem /Applications/Xcode.app/Contents/Developer/Platforms/iPhoneSimulator.platform/Developer/usr/lib -F /Users/siam/Library/Developer/Xcode/DerivedData/Lingua_Quest-gvpckrqxtbgyprbgppjfqmimmmfw/Build/Products/Debug-iphonesimulator -F /Applications/Xcode.app/Contents/Developer/Platforms/iPhoneSimulator.platform/Developer/Library/Frameworks -F /Applications/Xcode.app/Contents/Developer/Platforms/iPhoneSimulator.platform/Developer/SDKs/iPhoneSimulator26.0.sdk/Developer/Library/Frameworks -c -j12 -enable-batch-mode -incremental -Xcc -ivfsstatcache -Xcc /Users/siam/Library/Developer/Xcode/DerivedData/SDKStatCaches.noindex/iphonesimulator26.0-23A339-26257891a6c027eb51374368541b8346.sdkstatcache -output-file-map /Users/siam/Library/Developer/Xcode/DerivedData/Lingua_Quest-gvpckrqxtbgyprbgppjfqmimmmfw/Build/Intermediates.noindex/Swinject.build/Debug-iphonesimulator/Swinject.build/Objects-normal/arm64/Swinject-OutputFileMap.json -use-frontend-parseable-output -save-temps -no-color-diagnostics -explicit-module-build -module-cache-path /Users/siam/Library/Developer/Xcode/DerivedData/Lingua_Quest-gvpckrqxtbgyprbgppjfqmimmmfw/Build/Intermediates.noindex/SwiftExplicitPrecompiledModules -clang-scanner-module-cache-path /Users/siam/Library/Developer/Xcode/DerivedData/ModuleCache.noindex -sdk-module-cache-path /Users/siam/Library/Developer/Xcode/DerivedData/ModuleCache.noindex -serialize-diagnostics -emit-dependencies -emit-module -emit-module-path /Users/siam/Library/Developer/Xcode/DerivedData/Lingua_Quest-gvpckrqxtbgyprbgppjfqmimmmfw/Build/Intermediates.noindex/Swinject.build/Debug-iphonesimulator/Swinject.build/Objects-normal/arm64/Swinject.swiftmodule -user-module-version 2.10.0 -validate-clang-modules-once -clang-build-session-file /Users/siam/Library/Developer/Xcode/DerivedData/ModuleCache.noindex/Session.modulevalidation -package-name swinject -Xcc -I/Users/siam/Library/Developer/Xcode/DerivedData/Lingua_Quest-gvpckrqxtbgyprbgppjfqmimmmfw/Build/Intermediates.noindex/Swinject.build/Debug-iphonesimulator/Swinject.build/swift-overrides.hmap -emit-const-values -Xfrontend -const-gather-protocols-file -Xfrontend /Users/siam/Library/Developer/Xcode/DerivedData/Lingua_Quest-gvpckrqxtbgyprbgppjfqmimmmfw/Build/Intermediates.noindex/Swinject.build/Debug-iphonesimulator/Swinject.build/Objects-normal/arm64/Swinject_const_extract_protocols.json -Xcc -I/Users/siam/Library/Developer/Xcode/DerivedData/Lingua_Quest-gvpckrqxtbgyprbgppjfqmimmmfw/Build/Products/Debug-iphonesimulator/include -Xcc -I/Users/siam/Library/Developer/Xcode/DerivedData/Lingua_Quest-gvpckrqxtbgyprbgppjfqmimmmfw/Build/Intermediates.noindex/Swinject.build/Debug-iphonesimulator/Swinject.build/DerivedSources-normal/arm64 -Xcc -I/Users/siam/Library/Developer/Xcode/DerivedData/Lingua_Quest-gvpckrqxtbgyprbgppjfqmimmmfw/Build/Intermediates.noindex/Swinject.build/Debug-iphonesimulator/Swinject.build/DerivedSources/arm64 -Xcc -I/Users/siam/Library/Developer/Xcode/DerivedData/Lingua_Quest-gvpckrqxtbgyprbgppjfqmimmmfw/Build/Intermediates.noindex/Swinject.build/Debug-iphonesimulator/Swinject.build/DerivedSources -Xcc -DSWIFT_PACKAGE -Xcc -DDEBUG\=1 -emit-objc-header -emit-objc-header-path /Users/siam/Library/Developer/Xcode/DerivedData/Lingua_Quest-gvpckrqxtbgyprbgppjfqmimmmfw/Build/Intermediates.noindex/Swinject.build/Debug-iphonesimulator/Swinject.build/Objects-normal/arm64/Swinject-Swift.h -working-directory /Users/siam/Desktop/Lingua\ Quest/Lingua\ Quest.xcodeproj -experimental-emit-module-separately -disable-cmo

SwiftDriver Promises normal arm64 com.apple.xcode.tools.swift.compiler (in target 'Promises' from project 'Promises')
    cd /Users/siam/Desktop/Lingua\ Quest/Lingua\ Quest.xcodeproj
    builtin-SwiftDriver -- /Applications/Xcode.app/Contents/Developer/Toolchains/XcodeDefault.xctoolchain/usr/bin/swiftc -module-name Promises -Onone -enforce-exclusivity\=checked @/Users/siam/Library/Developer/Xcode/DerivedData/Lingua_Quest-gvpckrqxtbgyprbgppjfqmimmmfw/Build/Intermediates.noindex/Promises.build/Debug-iphonesimulator/Promises.build/Objects-normal/arm64/Promises.SwiftFileList -DSWIFT_PACKAGE -DDEBUG -DSWIFT_MODULE_RESOURCE_BUNDLE_AVAILABLE -DXcode -plugin-path /Applications/Xcode.app/Contents/Developer/Toolchains/XcodeDefault.xctoolchain/usr/lib/swift/host/plugins/testing -enable-experimental-feature DebugDescriptionMacro -sdk /Applications/Xcode.app/Contents/Developer/Platforms/iPhoneSimulator.platform/Developer/SDKs/iPhoneSimulator26.0.sdk -target arm64-apple-ios12.0-simulator -g -module-cache-path /Users/siam/Library/Developer/Xcode/DerivedData/ModuleCache.noindex -Xfrontend -serialize-debugging-options -profile-coverage-mapping -profile-generate -enable-testing -suppress-warnings -index-store-path /Users/siam/Library/Developer/Xcode/DerivedData/Lingua_Quest-gvpckrqxtbgyprbgppjfqmimmmfw/Index.noindex/DataStore -Xcc -D_LIBCPP_HARDENING_MODE\=_LIBCPP_HARDENING_MODE_DEBUG -swift-version 5 -I /Users/siam/Library/Developer/Xcode/DerivedData/Lingua_Quest-gvpckrqxtbgyprbgppjfqmimmmfw/Build/Products/Debug-iphonesimulator -Isystem /Applications/Xcode.app/Contents/Developer/Platforms/iPhoneSimulator.platform/Developer/usr/lib -F /Users/siam/Library/Developer/Xcode/DerivedData/Lingua_Quest-gvpckrqxtbgyprbgppjfqmimmmfw/Build/Products/Debug-iphonesimulator/PackageFrameworks -F /Users/siam/Library/Developer/Xcode/DerivedData/Lingua_Quest-gvpckrqxtbgyprbgppjfqmimmmfw/Build/Products/Debug-iphonesimulator -F /Applications/Xcode.app/Contents/Developer/Platforms/iPhoneSimulator.platform/Developer/Library/Frameworks -F /Applications/Xcode.app/Contents/Developer/Platforms/iPhoneSimulator.platform/Developer/SDKs/iPhoneSimulator26.0.sdk/Developer/Library/Frameworks -c -j12 -enable-batch-mode -incremental -Xcc -ivfsstatcache -Xcc /Users/siam/Library/Developer/Xcode/DerivedData/SDKStatCaches.noindex/iphonesimulator26.0-23A339-26257891a6c027eb51374368541b8346.sdkstatcache -output-file-map /Users/siam/Library/Developer/Xcode/DerivedData/Lingua_Quest-gvpckrqxtbgyprbgppjfqmimmmfw/Build/Intermediates.noindex/Promises.build/Debug-iphonesimulator/Promises.build/Objects-normal/arm64/Promises-OutputFileMap.json -use-frontend-parseable-output -save-temps -no-color-diagnostics -explicit-module-build -module-cache-path /Users/siam/Library/Developer/Xcode/DerivedData/Lingua_Quest-gvpckrqxtbgyprbgppjfqmimmmfw/Build/Intermediates.noindex/SwiftExplicitPrecompiledModules -clang-scanner-module-cache-path /Users/siam/Library/Developer/Xcode/DerivedData/ModuleCache.noindex -sdk-module-cache-path /Users/siam/Library/Developer/Xcode/DerivedData/ModuleCache.noindex -serialize-diagnostics -emit-dependencies -emit-module -emit-module-path /Users/siam/Library/Developer/Xcode/DerivedData/Lingua_Quest-gvpckrqxtbgyprbgppjfqmimmmfw/Build/Intermediates.noindex/Promises.build/Debug-iphonesimulator/Promises.build/Objects-normal/arm64/Promises.swiftmodule -validate-clang-modules-once -clang-build-session-file /Users/siam/Library/Developer/Xcode/DerivedData/ModuleCache.noindex/Session.modulevalidation -Xcc -I/Users/siam/Library/Developer/Xcode/DerivedData/Lingua_Quest-gvpckrqxtbgyprbgppjfqmimmmfw/Build/Intermediates.noindex/Promises.build/Debug-iphonesimulator/Promises.build/swift-overrides.hmap -emit-const-values -Xfrontend -const-gather-protocols-file -Xfrontend /Users/siam/Library/Developer/Xcode/DerivedData/Lingua_Quest-gvpckrqxtbgyprbgppjfqmimmmfw/Build/Intermediates.noindex/Promises.build/Debug-iphonesimulator/Promises.build/Objects-normal/arm64/Promises_const_extract_protocols.json -Xcc -I/Users/siam/Library/Developer/Xcode/DerivedData/Lingua_Quest-gvpckrqxtbgyprbgppjfqmimmmfw/SourcePackages/checkouts/promises/Sources/FBLPromises/include -Xcc -I/Users/siam/Library/Developer/Xcode/DerivedData/Lingua_Quest-gvpckrqxtbgyprbgppjfqmimmmfw/Build/Products/Debug-iphonesimulator/include -Xcc -I/Users/siam/Library/Developer/Xcode/DerivedData/Lingua_Quest-gvpckrqxtbgyprbgppjfqmimmmfw/Build/Intermediates.noindex/Promises.build/Debug-iphonesimulator/Promises.build/DerivedSources-normal/arm64 -Xcc -I/Users/siam/Library/Developer/Xcode/DerivedData/Lingua_Quest-gvpckrqxtbgyprbgppjfqmimmmfw/Build/Intermediates.noindex/Promises.build/Debug-iphonesimulator/Promises.build/DerivedSources/arm64 -Xcc -I/Users/siam/Library/Developer/Xcode/DerivedData/Lingua_Quest-gvpckrqxtbgyprbgppjfqmimmmfw/Build/Intermediates.noindex/Promises.build/Debug-iphonesimulator/Promises.build/DerivedSources -Xcc -DSWIFT_PACKAGE -Xcc -DDEBUG\=1 -emit-objc-header -emit-objc-header-path /Users/siam/Library/Developer/Xcode/DerivedData/Lingua_Quest-gvpckrqxtbgyprbgppjfqmimmmfw/Build/Intermediates.noindex/Promises.build/Debug-iphonesimulator/Promises.build/Objects-normal/arm64/Promises-Swift.h -working-directory /Users/siam/Desktop/Lingua\ Quest/Lingua\ Quest.xcodeproj -experimental-emit-module-separately -disable-cmo

SwiftDriver Promises normal x86_64 com.apple.xcode.tools.swift.compiler (in target 'Promises' from project 'Promises')
    cd /Users/siam/Desktop/Lingua\ Quest/Lingua\ Quest.xcodeproj
    builtin-SwiftDriver -- /Applications/Xcode.app/Contents/Developer/Toolchains/XcodeDefault.xctoolchain/usr/bin/swiftc -module-name Promises -Onone -enforce-exclusivity\=checked @/Users/siam/Library/Developer/Xcode/DerivedData/Lingua_Quest-gvpckrqxtbgyprbgppjfqmimmmfw/Build/Intermediates.noindex/Promises.build/Debug-iphonesimulator/Promises.build/Objects-normal/x86_64/Promises.SwiftFileList -DSWIFT_PACKAGE -DDEBUG -DSWIFT_MODULE_RESOURCE_BUNDLE_AVAILABLE -DXcode -plugin-path /Applications/Xcode.app/Contents/Developer/Toolchains/XcodeDefault.xctoolchain/usr/lib/swift/host/plugins/testing -enable-experimental-feature DebugDescriptionMacro -sdk /Applications/Xcode.app/Contents/Developer/Platforms/iPhoneSimulator.platform/Developer/SDKs/iPhoneSimulator26.0.sdk -target x86_64-apple-ios12.0-simulator -g -module-cache-path /Users/siam/Library/Developer/Xcode/DerivedData/ModuleCache.noindex -Xfrontend -serialize-debugging-options -profile-coverage-mapping -profile-generate -enable-testing -suppress-warnings -index-store-path /Users/siam/Library/Developer/Xcode/DerivedData/Lingua_Quest-gvpckrqxtbgyprbgppjfqmimmmfw/Index.noindex/DataStore -Xcc -D_LIBCPP_HARDENING_MODE\=_LIBCPP_HARDENING_MODE_DEBUG -swift-version 5 -I /Users/siam/Library/Developer/Xcode/DerivedData/Lingua_Quest-gvpckrqxtbgyprbgppjfqmimmmfw/Build/Products/Debug-iphonesimulator -Isystem /Applications/Xcode.app/Contents/Developer/Platforms/iPhoneSimulator.platform/Developer/usr/lib -F /Users/siam/Library/Developer/Xcode/DerivedData/Lingua_Quest-gvpckrqxtbgyprbgppjfqmimmmfw/Build/Products/Debug-iphonesimulator/PackageFrameworks -F /Users/siam/Library/Developer/Xcode/DerivedData/Lingua_Quest-gvpckrqxtbgyprbgppjfqmimmmfw/Build/Products/Debug-iphonesimulator -F /Applications/Xcode.app/Contents/Developer/Platforms/iPhoneSimulator.platform/Developer/Library/Frameworks -F /Applications/Xcode.app/Contents/Developer/Platforms/iPhoneSimulator.platform/Developer/SDKs/iPhoneSimulator26.0.sdk/Developer/Library/Frameworks -c -j12 -enable-batch-mode -incremental -Xcc -ivfsstatcache -Xcc /Users/siam/Library/Developer/Xcode/DerivedData/SDKStatCaches.noindex/iphonesimulator26.0-23A339-26257891a6c027eb51374368541b8346.sdkstatcache -output-file-map /Users/siam/Library/Developer/Xcode/DerivedData/Lingua_Quest-gvpckrqxtbgyprbgppjfqmimmmfw/Build/Intermediates.noindex/Promises.build/Debug-iphonesimulator/Promises.build/Objects-normal/x86_64/Promises-OutputFileMap.json -use-frontend-parseable-output -save-temps -no-color-diagnostics -explicit-module-build -module-cache-path /Users/siam/Library/Developer/Xcode/DerivedData/Lingua_Quest-gvpckrqxtbgyprbgppjfqmimmmfw/Build/Intermediates.noindex/SwiftExplicitPrecompiledModules -clang-scanner-module-cache-path /Users/siam/Library/Developer/Xcode/DerivedData/ModuleCache.noindex -sdk-module-cache-path /Users/siam/Library/Developer/Xcode/DerivedData/ModuleCache.noindex -serialize-diagnostics -emit-dependencies -emit-module -emit-module-path /Users/siam/Library/Developer/Xcode/DerivedData/Lingua_Quest-gvpckrqxtbgyprbgppjfqmimmmfw/Build/Intermediates.noindex/Promises.build/Debug-iphonesimulator/Promises.build/Objects-normal/x86_64/Promises.swiftmodule -validate-clang-modules-once -clang-build-session-file /Users/siam/Library/Developer/Xcode/DerivedData/ModuleCache.noindex/Session.modulevalidation -Xcc -I/Users/siam/Library/Developer/Xcode/DerivedData/Lingua_Quest-gvpckrqxtbgyprbgppjfqmimmmfw/Build/Intermediates.noindex/Promises.build/Debug-iphonesimulator/Promises.build/swift-overrides.hmap -emit-const-values -Xfrontend -const-gather-protocols-file -Xfrontend /Users/siam/Library/Developer/Xcode/DerivedData/Lingua_Quest-gvpckrqxtbgyprbgppjfqmimmmfw/Build/Intermediates.noindex/Promises.build/Debug-iphonesimulator/Promises.build/Objects-normal/x86_64/Promises_const_extract_protocols.json -Xcc -I/Users/siam/Library/Developer/Xcode/DerivedData/Lingua_Quest-gvpckrqxtbgyprbgppjfqmimmmfw/SourcePackages/checkouts/promises/Sources/FBLPromises/include -Xcc -I/Users/siam/Library/Developer/Xcode/DerivedData/Lingua_Quest-gvpckrqxtbgyprbgppjfqmimmmfw/Build/Products/Debug-iphonesimulator/include -Xcc -I/Users/siam/Library/Developer/Xcode/DerivedData/Lingua_Quest-gvpckrqxtbgyprbgppjfqmimmmfw/Build/Intermediates.noindex/Promises.build/Debug-iphonesimulator/Promises.build/DerivedSources-normal/x86_64 -Xcc -I/Users/siam/Library/Developer/Xcode/DerivedData/Lingua_Quest-gvpckrqxtbgyprbgppjfqmimmmfw/Build/Intermediates.noindex/Promises.build/Debug-iphonesimulator/Promises.build/DerivedSources/x86_64 -Xcc -I/Users/siam/Library/Developer/Xcode/DerivedData/Lingua_Quest-gvpckrqxtbgyprbgppjfqmimmmfw/Build/Intermediates.noindex/Promises.build/Debug-iphonesimulator/Promises.build/DerivedSources -Xcc -DSWIFT_PACKAGE -Xcc -DDEBUG\=1 -emit-objc-header -emit-objc-header-path /Users/siam/Library/Developer/Xcode/DerivedData/Lingua_Quest-gvpckrqxtbgyprbgppjfqmimmmfw/Build/Intermediates.noindex/Promises.build/Debug-iphonesimulator/Promises.build/Objects-normal/x86_64/Promises-Swift.h -working-directory /Users/siam/Desktop/Lingua\ Quest/Lingua\ Quest.xcodeproj -experimental-emit-module-separately -disable-cmo

SwiftDriver GTMAppAuth normal x86_64 com.apple.xcode.tools.swift.compiler (in target 'GTMAppAuth' from project 'GTMAppAuth')
    cd /Users/siam/Desktop/Lingua\ Quest/Lingua\ Quest.xcodeproj
    builtin-SwiftDriver -- /Applications/Xcode.app/Contents/Developer/Toolchains/XcodeDefault.xctoolchain/usr/bin/swiftc -module-name GTMAppAuth -Onone -enforce-exclusivity\=checked @/Users/siam/Library/Developer/Xcode/DerivedData/Lingua_Quest-gvpckrqxtbgyprbgppjfqmimmmfw/Build/Intermediates.noindex/GTMAppAuth.build/Debug-iphonesimulator/GTMAppAuth.build/Objects-normal/x86_64/GTMAppAuth.SwiftFileList -DSWIFT_PACKAGE -DDEBUG -DSWIFT_MODULE_RESOURCE_BUNDLE_AVAILABLE -Xcc -fmodule-map-file\=/Users/siam/Library/Developer/Xcode/DerivedData/Lingua_Quest-gvpckrqxtbgyprbgppjfqmimmmfw/Build/Intermediates.noindex/GeneratedModuleMaps-iphonesimulator/GTMSessionFetcherCore.modulemap -Xcc -fmodule-map-file\=/Users/siam/Library/Developer/Xcode/DerivedData/Lingua_Quest-gvpckrqxtbgyprbgppjfqmimmmfw/Build/Intermediates.noindex/GeneratedModuleMaps-iphonesimulator/AppAuthCore.modulemap -DXcode -plugin-path /Applications/Xcode.app/Contents/Developer/Toolchains/XcodeDefault.xctoolchain/usr/lib/swift/host/plugins/testing -enable-experimental-feature DebugDescriptionMacro -sdk /Applications/Xcode.app/Contents/Developer/Platforms/iPhoneSimulator.platform/Developer/SDKs/iPhoneSimulator26.0.sdk -target x86_64-apple-ios12.0-simulator -g -module-cache-path /Users/siam/Library/Developer/Xcode/DerivedData/ModuleCache.noindex -Xfrontend -serialize-debugging-options -profile-coverage-mapping -profile-generate -enable-testing -suppress-warnings -index-store-path /Users/siam/Library/Developer/Xcode/DerivedData/Lingua_Quest-gvpckrqxtbgyprbgppjfqmimmmfw/Index.noindex/DataStore -Xcc -D_LIBCPP_HARDENING_MODE\=_LIBCPP_HARDENING_MODE_DEBUG -swift-version 5 -I /Users/siam/Library/Developer/Xcode/DerivedData/Lingua_Quest-gvpckrqxtbgyprbgppjfqmimmmfw/Build/Products/Debug-iphonesimulator -Isystem /Applications/Xcode.app/Contents/Developer/Platforms/iPhoneSimulator.platform/Developer/usr/lib -F /Users/siam/Library/Developer/Xcode/DerivedData/Lingua_Quest-gvpckrqxtbgyprbgppjfqmimmmfw/Build/Products/Debug-iphonesimulator/PackageFrameworks -F /Users/siam/Library/Developer/Xcode/DerivedData/Lingua_Quest-gvpckrqxtbgyprbgppjfqmimmmfw/Build/Products/Debug-iphonesimulator/PackageFrameworks -F /Users/siam/Library/Developer/Xcode/DerivedData/Lingua_Quest-gvpckrqxtbgyprbgppjfqmimmmfw/Build/Products/Debug-iphonesimulator -F /Applications/Xcode.app/Contents/Developer/Platforms/iPhoneSimulator.platform/Developer/Library/Frameworks -F /Applications/Xcode.app/Contents/Developer/Platforms/iPhoneSimulator.platform/Developer/SDKs/iPhoneSimulator26.0.sdk/Developer/Library/Frameworks -c -j12 -enable-batch-mode -incremental -Xcc -ivfsstatcache -Xcc /Users/siam/Library/Developer/Xcode/DerivedData/SDKStatCaches.noindex/iphonesimulator26.0-23A339-26257891a6c027eb51374368541b8346.sdkstatcache -output-file-map /Users/siam/Library/Developer/Xcode/DerivedData/Lingua_Quest-gvpckrqxtbgyprbgppjfqmimmmfw/Build/Intermediates.noindex/GTMAppAuth.build/Debug-iphonesimulator/GTMAppAuth.build/Objects-normal/x86_64/GTMAppAuth-OutputFileMap.json -use-frontend-parseable-output -save-temps -no-color-diagnostics -explicit-module-build -module-cache-path /Users/siam/Library/Developer/Xcode/DerivedData/Lingua_Quest-gvpckrqxtbgyprbgppjfqmimmmfw/Build/Intermediates.noindex/SwiftExplicitPrecompiledModules -clang-scanner-module-cache-path /Users/siam/Library/Developer/Xcode/DerivedData/ModuleCache.noindex -sdk-module-cache-path /Users/siam/Library/Developer/Xcode/DerivedData/ModuleCache.noindex -serialize-diagnostics -emit-dependencies -emit-module -emit-module-path /Users/siam/Library/Developer/Xcode/DerivedData/Lingua_Quest-gvpckrqxtbgyprbgppjfqmimmmfw/Build/Intermediates.noindex/GTMAppAuth.build/Debug-iphonesimulator/GTMAppAuth.build/Objects-normal/x86_64/GTMAppAuth.swiftmodule -validate-clang-modules-once -clang-build-session-file /Users/siam/Library/Developer/Xcode/DerivedData/ModuleCache.noindex/Session.modulevalidation -Xcc -I/Users/siam/Library/Developer/Xcode/DerivedData/Lingua_Quest-gvpckrqxtbgyprbgppjfqmimmmfw/Build/Intermediates.noindex/GTMAppAuth.build/Debug-iphonesimulator/GTMAppAuth.build/swift-overrides.hmap -emit-const-values -Xfrontend -const-gather-protocols-file -Xfrontend /Users/siam/Library/Developer/Xcode/DerivedData/Lingua_Quest-gvpckrqxtbgyprbgppjfqmimmmfw/Build/Intermediates.noindex/GTMAppAuth.build/Debug-iphonesimulator/GTMAppAuth.build/Objects-normal/x86_64/GTMAppAuth_const_extract_protocols.json -Xcc -I/Users/siam/Library/Developer/Xcode/DerivedData/Lingua_Quest-gvpckrqxtbgyprbgppjfqmimmmfw/SourcePackages/checkouts/gtm-session-fetcher/Sources/Core/Public -Xcc -I/Users/siam/Library/Developer/Xcode/DerivedData/Lingua_Quest-gvpckrqxtbgyprbgppjfqmimmmfw/SourcePackages/checkouts/AppAuth-iOS/Sources/AppAuthCore -Xcc -I/Users/siam/Library/Developer/Xcode/DerivedData/Lingua_Quest-gvpckrqxtbgyprbgppjfqmimmmfw/Build/Products/Debug-iphonesimulator/include -Xcc -I/Users/siam/Library/Developer/Xcode/DerivedData/Lingua_Quest-gvpckrqxtbgyprbgppjfqmimmmfw/Build/Intermediates.noindex/GTMAppAuth.build/Debug-iphonesimulator/GTMAppAuth.build/DerivedSources-normal/x86_64 -Xcc -I/Users/siam/Library/Developer/Xcode/DerivedData/Lingua_Quest-gvpckrqxtbgyprbgppjfqmimmmfw/Build/Intermediates.noindex/GTMAppAuth.build/Debug-iphonesimulator/GTMAppAuth.build/DerivedSources/x86_64 -Xcc -I/Users/siam/Library/Developer/Xcode/DerivedData/Lingua_Quest-gvpckrqxtbgyprbgppjfqmimmmfw/Build/Intermediates.noindex/GTMAppAuth.build/Debug-iphonesimulator/GTMAppAuth.build/DerivedSources -Xcc -DSWIFT_PACKAGE -Xcc -DDEBUG\=1 -emit-objc-header -emit-objc-header-path /Users/siam/Library/Developer/Xcode/DerivedData/Lingua_Quest-gvpckrqxtbgyprbgppjfqmimmmfw/Build/Intermediates.noindex/GTMAppAuth.build/Debug-iphonesimulator/GTMAppAuth.build/Objects-normal/x86_64/GTMAppAuth-Swift.h -working-directory /Users/siam/Desktop/Lingua\ Quest/Lingua\ Quest.xcodeproj -experimental-emit-module-separately -disable-cmo

SwiftDriver GTMAppAuth normal arm64 com.apple.xcode.tools.swift.compiler (in target 'GTMAppAuth' from project 'GTMAppAuth')
    cd /Users/siam/Desktop/Lingua\ Quest/Lingua\ Quest.xcodeproj
    builtin-SwiftDriver -- /Applications/Xcode.app/Contents/Developer/Toolchains/XcodeDefault.xctoolchain/usr/bin/swiftc -module-name GTMAppAuth -Onone -enforce-exclusivity\=checked @/Users/siam/Library/Developer/Xcode/DerivedData/Lingua_Quest-gvpckrqxtbgyprbgppjfqmimmmfw/Build/Intermediates.noindex/GTMAppAuth.build/Debug-iphonesimulator/GTMAppAuth.build/Objects-normal/arm64/GTMAppAuth.SwiftFileList -DSWIFT_PACKAGE -DDEBUG -DSWIFT_MODULE_RESOURCE_BUNDLE_AVAILABLE -Xcc -fmodule-map-file\=/Users/siam/Library/Developer/Xcode/DerivedData/Lingua_Quest-gvpckrqxtbgyprbgppjfqmimmmfw/Build/Intermediates.noindex/GeneratedModuleMaps-iphonesimulator/GTMSessionFetcherCore.modulemap -Xcc -fmodule-map-file\=/Users/siam/Library/Developer/Xcode/DerivedData/Lingua_Quest-gvpckrqxtbgyprbgppjfqmimmmfw/Build/Intermediates.noindex/GeneratedModuleMaps-iphonesimulator/AppAuthCore.modulemap -DXcode -plugin-path /Applications/Xcode.app/Contents/Developer/Toolchains/XcodeDefault.xctoolchain/usr/lib/swift/host/plugins/testing -enable-experimental-feature DebugDescriptionMacro -sdk /Applications/Xcode.app/Contents/Developer/Platforms/iPhoneSimulator.platform/Developer/SDKs/iPhoneSimulator26.0.sdk -target arm64-apple-ios12.0-simulator -g -module-cache-path /Users/siam/Library/Developer/Xcode/DerivedData/ModuleCache.noindex -Xfrontend -serialize-debugging-options -profile-coverage-mapping -profile-generate -enable-testing -suppress-warnings -index-store-path /Users/siam/Library/Developer/Xcode/DerivedData/Lingua_Quest-gvpckrqxtbgyprbgppjfqmimmmfw/Index.noindex/DataStore -Xcc -D_LIBCPP_HARDENING_MODE\=_LIBCPP_HARDENING_MODE_DEBUG -swift-version 5 -I /Users/siam/Library/Developer/Xcode/DerivedData/Lingua_Quest-gvpckrqxtbgyprbgppjfqmimmmfw/Build/Products/Debug-iphonesimulator -Isystem /Applications/Xcode.app/Contents/Developer/Platforms/iPhoneSimulator.platform/Developer/usr/lib -F /Users/siam/Library/Developer/Xcode/DerivedData/Lingua_Quest-gvpckrqxtbgyprbgppjfqmimmmfw/Build/Products/Debug-iphonesimulator/PackageFrameworks -F /Users/siam/Library/Developer/Xcode/DerivedData/Lingua_Quest-gvpckrqxtbgyprbgppjfqmimmmfw/Build/Products/Debug-iphonesimulator/PackageFrameworks -F /Users/siam/Library/Developer/Xcode/DerivedData/Lingua_Quest-gvpckrqxtbgyprbgppjfqmimmmfw/Build/Products/Debug-iphonesimulator -F /Applications/Xcode.app/Contents/Developer/Platforms/iPhoneSimulator.platform/Developer/Library/Frameworks -F /Applications/Xcode.app/Contents/Developer/Platforms/iPhoneSimulator.platform/Developer/SDKs/iPhoneSimulator26.0.sdk/Developer/Library/Frameworks -c -j12 -enable-batch-mode -incremental -Xcc -ivfsstatcache -Xcc /Users/siam/Library/Developer/Xcode/DerivedData/SDKStatCaches.noindex/iphonesimulator26.0-23A339-26257891a6c027eb51374368541b8346.sdkstatcache -output-file-map /Users/siam/Library/Developer/Xcode/DerivedData/Lingua_Quest-gvpckrqxtbgyprbgppjfqmimmmfw/Build/Intermediates.noindex/GTMAppAuth.build/Debug-iphonesimulator/GTMAppAuth.build/Objects-normal/arm64/GTMAppAuth-OutputFileMap.json -use-frontend-parseable-output -save-temps -no-color-diagnostics -explicit-module-build -module-cache-path /Users/siam/Library/Developer/Xcode/DerivedData/Lingua_Quest-gvpckrqxtbgyprbgppjfqmimmmfw/Build/Intermediates.noindex/SwiftExplicitPrecompiledModules -clang-scanner-module-cache-path /Users/siam/Library/Developer/Xcode/DerivedData/ModuleCache.noindex -sdk-module-cache-path /Users/siam/Library/Developer/Xcode/DerivedData/ModuleCache.noindex -serialize-diagnostics -emit-dependencies -emit-module -emit-module-path /Users/siam/Library/Developer/Xcode/DerivedData/Lingua_Quest-gvpckrqxtbgyprbgppjfqmimmmfw/Build/Intermediates.noindex/GTMAppAuth.build/Debug-iphonesimulator/GTMAppAuth.build/Objects-normal/arm64/GTMAppAuth.swiftmodule -validate-clang-modules-once -clang-build-session-file /Users/siam/Library/Developer/Xcode/DerivedData/ModuleCache.noindex/Session.modulevalidation -Xcc -I/Users/siam/Library/Developer/Xcode/DerivedData/Lingua_Quest-gvpckrqxtbgyprbgppjfqmimmmfw/Build/Intermediates.noindex/GTMAppAuth.build/Debug-iphonesimulator/GTMAppAuth.build/swift-overrides.hmap -emit-const-values -Xfrontend -const-gather-protocols-file -Xfrontend /Users/siam/Library/Developer/Xcode/DerivedData/Lingua_Quest-gvpckrqxtbgyprbgppjfqmimmmfw/Build/Intermediates.noindex/GTMAppAuth.build/Debug-iphonesimulator/GTMAppAuth.build/Objects-normal/arm64/GTMAppAuth_const_extract_protocols.json -Xcc -I/Users/siam/Library/Developer/Xcode/DerivedData/Lingua_Quest-gvpckrqxtbgyprbgppjfqmimmmfw/SourcePackages/checkouts/gtm-session-fetcher/Sources/Core/Public -Xcc -I/Users/siam/Library/Developer/Xcode/DerivedData/Lingua_Quest-gvpckrqxtbgyprbgppjfqmimmmfw/SourcePackages/checkouts/AppAuth-iOS/Sources/AppAuthCore -Xcc -I/Users/siam/Library/Developer/Xcode/DerivedData/Lingua_Quest-gvpckrqxtbgyprbgppjfqmimmmfw/Build/Products/Debug-iphonesimulator/include -Xcc -I/Users/siam/Library/Developer/Xcode/DerivedData/Lingua_Quest-gvpckrqxtbgyprbgppjfqmimmmfw/Build/Intermediates.noindex/GTMAppAuth.build/Debug-iphonesimulator/GTMAppAuth.build/DerivedSources-normal/arm64 -Xcc -I/Users/siam/Library/Developer/Xcode/DerivedData/Lingua_Quest-gvpckrqxtbgyprbgppjfqmimmmfw/Build/Intermediates.noindex/GTMAppAuth.build/Debug-iphonesimulator/GTMAppAuth.build/DerivedSources/arm64 -Xcc -I/Users/siam/Library/Developer/Xcode/DerivedData/Lingua_Quest-gvpckrqxtbgyprbgppjfqmimmmfw/Build/Intermediates.noindex/GTMAppAuth.build/Debug-iphonesimulator/GTMAppAuth.build/DerivedSources -Xcc -DSWIFT_PACKAGE -Xcc -DDEBUG\=1 -emit-objc-header -emit-objc-header-path /Users/siam/Library/Developer/Xcode/DerivedData/Lingua_Quest-gvpckrqxtbgyprbgppjfqmimmmfw/Build/Intermediates.noindex/GTMAppAuth.build/Debug-iphonesimulator/GTMAppAuth.build/Objects-normal/arm64/GTMAppAuth-Swift.h -working-directory /Users/siam/Desktop/Lingua\ Quest/Lingua\ Quest.xcodeproj -experimental-emit-module-separately -disable-cmo

SwiftDriver FirebaseSharedSwift normal x86_64 com.apple.xcode.tools.swift.compiler (in target 'FirebaseSharedSwift' from project 'Firebase')
    cd /Users/siam/Desktop/Lingua\ Quest/Lingua\ Quest.xcodeproj
    builtin-SwiftDriver -- /Applications/Xcode.app/Contents/Developer/Toolchains/XcodeDefault.xctoolchain/usr/bin/swiftc -module-name FirebaseSharedSwift -Onone -enforce-exclusivity\=checked @/Users/siam/Library/Developer/Xcode/DerivedData/Lingua_Quest-gvpckrqxtbgyprbgppjfqmimmmfw/Build/Intermediates.noindex/Firebase.build/Debug-iphonesimulator/FirebaseSharedSwift.build/Objects-normal/x86_64/FirebaseSharedSwift.SwiftFileList -DSWIFT_PACKAGE -DDEBUG -DSWIFT_MODULE_RESOURCE_BUNDLE_UNAVAILABLE -DXcode -plugin-path /Applications/Xcode.app/Contents/Developer/Toolchains/XcodeDefault.xctoolchain/usr/lib/swift/host/plugins/testing -enable-experimental-feature DebugDescriptionMacro -sdk /Applications/Xcode.app/Contents/Developer/Platforms/iPhoneSimulator.platform/Developer/SDKs/iPhoneSimulator26.0.sdk -target x86_64-apple-ios15.0-simulator -g -module-cache-path /Users/siam/Library/Developer/Xcode/DerivedData/ModuleCache.noindex -Xfrontend -serialize-debugging-options -profile-coverage-mapping -profile-generate -enable-testing -suppress-warnings -index-store-path /Users/siam/Library/Developer/Xcode/DerivedData/Lingua_Quest-gvpckrqxtbgyprbgppjfqmimmmfw/Index.noindex/DataStore -Xcc -D_LIBCPP_HARDENING_MODE\=_LIBCPP_HARDENING_MODE_DEBUG -swift-version 5 -I /Users/siam/Library/Developer/Xcode/DerivedData/Lingua_Quest-gvpckrqxtbgyprbgppjfqmimmmfw/Build/Products/Debug-iphonesimulator -Isystem /Applications/Xcode.app/Contents/Developer/Platforms/iPhoneSimulator.platform/Developer/usr/lib -F /Users/siam/Library/Developer/Xcode/DerivedData/Lingua_Quest-gvpckrqxtbgyprbgppjfqmimmmfw/Build/Products/Debug-iphonesimulator -F /Applications/Xcode.app/Contents/Developer/Platforms/iPhoneSimulator.platform/Developer/Library/Frameworks -F /Applications/Xcode.app/Contents/Developer/Platforms/iPhoneSimulator.platform/Developer/SDKs/iPhoneSimulator26.0.sdk/Developer/Library/Frameworks -c -j12 -enable-batch-mode -incremental -Xcc -ivfsstatcache -Xcc /Users/siam/Library/Developer/Xcode/DerivedData/SDKStatCaches.noindex/iphonesimulator26.0-23A339-26257891a6c027eb51374368541b8346.sdkstatcache -output-file-map /Users/siam/Library/Developer/Xcode/DerivedData/Lingua_Quest-gvpckrqxtbgyprbgppjfqmimmmfw/Build/Intermediates.noindex/Firebase.build/Debug-iphonesimulator/FirebaseSharedSwift.build/Objects-normal/x86_64/FirebaseSharedSwift-OutputFileMap.json -use-frontend-parseable-output -save-temps -no-color-diagnostics -explicit-module-build -module-cache-path /Users/siam/Library/Developer/Xcode/DerivedData/Lingua_Quest-gvpckrqxtbgyprbgppjfqmimmmfw/Build/Intermediates.noindex/SwiftExplicitPrecompiledModules -clang-scanner-module-cache-path /Users/siam/Library/Developer/Xcode/DerivedData/ModuleCache.noindex -sdk-module-cache-path /Users/siam/Library/Developer/Xcode/DerivedData/ModuleCache.noindex -serialize-diagnostics -emit-dependencies -emit-module -emit-module-path /Users/siam/Library/Developer/Xcode/DerivedData/Lingua_Quest-gvpckrqxtbgyprbgppjfqmimmmfw/Build/Intermediates.noindex/Firebase.build/Debug-iphonesimulator/FirebaseSharedSwift.build/Objects-normal/x86_64/FirebaseSharedSwift.swiftmodule -user-module-version 12.16.0 -validate-clang-modules-once -clang-build-session-file /Users/siam/Library/Developer/Xcode/DerivedData/ModuleCache.noindex/Session.modulevalidation -package-name firebase_ios_sdk -Xcc -I/Users/siam/Library/Developer/Xcode/DerivedData/Lingua_Quest-gvpckrqxtbgyprbgppjfqmimmmfw/Build/Intermediates.noindex/Firebase.build/Debug-iphonesimulator/FirebaseSharedSwift.build/swift-overrides.hmap -emit-const-values -Xfrontend -const-gather-protocols-file -Xfrontend /Users/siam/Library/Developer/Xcode/DerivedData/Lingua_Quest-gvpckrqxtbgyprbgppjfqmimmmfw/Build/Intermediates.noindex/Firebase.build/Debug-iphonesimulator/FirebaseSharedSwift.build/Objects-normal/x86_64/FirebaseSharedSwift_const_extract_protocols.json -Xcc -I/Users/siam/Library/Developer/Xcode/DerivedData/Lingua_Quest-gvpckrqxtbgyprbgppjfqmimmmfw/Build/Products/Debug-iphonesimulator/include -Xcc -I/Users/siam/Library/Developer/Xcode/DerivedData/Lingua_Quest-gvpckrqxtbgyprbgppjfqmimmmfw/Build/Intermediates.noindex/Firebase.build/Debug-iphonesimulator/FirebaseSharedSwift.build/DerivedSources-normal/x86_64 -Xcc -I/Users/siam/Library/Developer/Xcode/DerivedData/Lingua_Quest-gvpckrqxtbgyprbgppjfqmimmmfw/Build/Intermediates.noindex/Firebase.build/Debug-iphonesimulator/FirebaseSharedSwift.build/DerivedSources/x86_64 -Xcc -I/Users/siam/Library/Developer/Xcode/DerivedData/Lingua_Quest-gvpckrqxtbgyprbgppjfqmimmmfw/Build/Intermediates.noindex/Firebase.build/Debug-iphonesimulator/FirebaseSharedSwift.build/DerivedSources -Xcc -DSWIFT_PACKAGE -Xcc -DDEBUG\=1 -emit-objc-header -emit-objc-header-path /Users/siam/Library/Developer/Xcode/DerivedData/Lingua_Quest-gvpckrqxtbgyprbgppjfqmimmmfw/Build/Intermediates.noindex/Firebase.build/Debug-iphonesimulator/FirebaseSharedSwift.build/Objects-normal/x86_64/FirebaseSharedSwift-Swift.h -working-directory /Users/siam/Desktop/Lingua\ Quest/Lingua\ Quest.xcodeproj -experimental-emit-module-separately -disable-cmo

SwiftDriver FirebaseSharedSwift normal arm64 com.apple.xcode.tools.swift.compiler (in target 'FirebaseSharedSwift' from project 'Firebase')
    cd /Users/siam/Desktop/Lingua\ Quest/Lingua\ Quest.xcodeproj
    builtin-SwiftDriver -- /Applications/Xcode.app/Contents/Developer/Toolchains/XcodeDefault.xctoolchain/usr/bin/swiftc -module-name FirebaseSharedSwift -Onone -enforce-exclusivity\=checked @/Users/siam/Library/Developer/Xcode/DerivedData/Lingua_Quest-gvpckrqxtbgyprbgppjfqmimmmfw/Build/Intermediates.noindex/Firebase.build/Debug-iphonesimulator/FirebaseSharedSwift.build/Objects-normal/arm64/FirebaseSharedSwift.SwiftFileList -DSWIFT_PACKAGE -DDEBUG -DSWIFT_MODULE_RESOURCE_BUNDLE_UNAVAILABLE -DXcode -plugin-path /Applications/Xcode.app/Contents/Developer/Toolchains/XcodeDefault.xctoolchain/usr/lib/swift/host/plugins/testing -enable-experimental-feature DebugDescriptionMacro -sdk /Applications/Xcode.app/Contents/Developer/Platforms/iPhoneSimulator.platform/Developer/SDKs/iPhoneSimulator26.0.sdk -target arm64-apple-ios15.0-simulator -g -module-cache-path /Users/siam/Library/Developer/Xcode/DerivedData/ModuleCache.noindex -Xfrontend -serialize-debugging-options -profile-coverage-mapping -profile-generate -enable-testing -suppress-warnings -index-store-path /Users/siam/Library/Developer/Xcode/DerivedData/Lingua_Quest-gvpckrqxtbgyprbgppjfqmimmmfw/Index.noindex/DataStore -Xcc -D_LIBCPP_HARDENING_MODE\=_LIBCPP_HARDENING_MODE_DEBUG -swift-version 5 -I /Users/siam/Library/Developer/Xcode/DerivedData/Lingua_Quest-gvpckrqxtbgyprbgppjfqmimmmfw/Build/Products/Debug-iphonesimulator -Isystem /Applications/Xcode.app/Contents/Developer/Platforms/iPhoneSimulator.platform/Developer/usr/lib -F /Users/siam/Library/Developer/Xcode/DerivedData/Lingua_Quest-gvpckrqxtbgyprbgppjfqmimmmfw/Build/Products/Debug-iphonesimulator -F /Applications/Xcode.app/Contents/Developer/Platforms/iPhoneSimulator.platform/Developer/Library/Frameworks -F /Applications/Xcode.app/Contents/Developer/Platforms/iPhoneSimulator.platform/Developer/SDKs/iPhoneSimulator26.0.sdk/Developer/Library/Frameworks -c -j12 -enable-batch-mode -incremental -Xcc -ivfsstatcache -Xcc /Users/siam/Library/Developer/Xcode/DerivedData/SDKStatCaches.noindex/iphonesimulator26.0-23A339-26257891a6c027eb51374368541b8346.sdkstatcache -output-file-map /Users/siam/Library/Developer/Xcode/DerivedData/Lingua_Quest-gvpckrqxtbgyprbgppjfqmimmmfw/Build/Intermediates.noindex/Firebase.build/Debug-iphonesimulator/FirebaseSharedSwift.build/Objects-normal/arm64/FirebaseSharedSwift-OutputFileMap.json -use-frontend-parseable-output -save-temps -no-color-diagnostics -explicit-module-build -module-cache-path /Users/siam/Library/Developer/Xcode/DerivedData/Lingua_Quest-gvpckrqxtbgyprbgppjfqmimmmfw/Build/Intermediates.noindex/SwiftExplicitPrecompiledModules -clang-scanner-module-cache-path /Users/siam/Library/Developer/Xcode/DerivedData/ModuleCache.noindex -sdk-module-cache-path /Users/siam/Library/Developer/Xcode/DerivedData/ModuleCache.noindex -serialize-diagnostics -emit-dependencies -emit-module -emit-module-path /Users/siam/Library/Developer/Xcode/DerivedData/Lingua_Quest-gvpckrqxtbgyprbgppjfqmimmmfw/Build/Intermediates.noindex/Firebase.build/Debug-iphonesimulator/FirebaseSharedSwift.build/Objects-normal/arm64/FirebaseSharedSwift.swiftmodule -user-module-version 12.16.0 -validate-clang-modules-once -clang-build-session-file /Users/siam/Library/Developer/Xcode/DerivedData/ModuleCache.noindex/Session.modulevalidation -package-name firebase_ios_sdk -Xcc -I/Users/siam/Library/Developer/Xcode/DerivedData/Lingua_Quest-gvpckrqxtbgyprbgppjfqmimmmfw/Build/Intermediates.noindex/Firebase.build/Debug-iphonesimulator/FirebaseSharedSwift.build/swift-overrides.hmap -emit-const-values -Xfrontend -const-gather-protocols-file -Xfrontend /Users/siam/Library/Developer/Xcode/DerivedData/Lingua_Quest-gvpckrqxtbgyprbgppjfqmimmmfw/Build/Intermediates.noindex/Firebase.build/Debug-iphonesimulator/FirebaseSharedSwift.build/Objects-normal/arm64/FirebaseSharedSwift_const_extract_protocols.json -Xcc -I/Users/siam/Library/Developer/Xcode/DerivedData/Lingua_Quest-gvpckrqxtbgyprbgppjfqmimmmfw/Build/Products/Debug-iphonesimulator/include -Xcc -I/Users/siam/Library/Developer/Xcode/DerivedData/Lingua_Quest-gvpckrqxtbgyprbgppjfqmimmmfw/Build/Intermediates.noindex/Firebase.build/Debug-iphonesimulator/FirebaseSharedSwift.build/DerivedSources-normal/arm64 -Xcc -I/Users/siam/Library/Developer/Xcode/DerivedData/Lingua_Quest-gvpckrqxtbgyprbgppjfqmimmmfw/Build/Intermediates.noindex/Firebase.build/Debug-iphonesimulator/FirebaseSharedSwift.build/DerivedSources/arm64 -Xcc -I/Users/siam/Library/Developer/Xcode/DerivedData/Lingua_Quest-gvpckrqxtbgyprbgppjfqmimmmfw/Build/Intermediates.noindex/Firebase.build/Debug-iphonesimulator/FirebaseSharedSwift.build/DerivedSources -Xcc -DSWIFT_PACKAGE -Xcc -DDEBUG\=1 -emit-objc-header -emit-objc-header-path /Users/siam/Library/Developer/Xcode/DerivedData/Lingua_Quest-gvpckrqxtbgyprbgppjfqmimmmfw/Build/Intermediates.noindex/Firebase.build/Debug-iphonesimulator/FirebaseSharedSwift.build/Objects-normal/arm64/FirebaseSharedSwift-Swift.h -working-directory /Users/siam/Desktop/Lingua\ Quest/Lingua\ Quest.xcodeproj -experimental-emit-module-separately -disable-cmo

SwiftDriver FirebaseCoreInternal normal x86_64 com.apple.xcode.tools.swift.compiler (in target 'FirebaseCoreInternal' from project 'Firebase')
    cd /Users/siam/Desktop/Lingua\ Quest/Lingua\ Quest.xcodeproj
    builtin-SwiftDriver -- /Applications/Xcode.app/Contents/Developer/Toolchains/XcodeDefault.xctoolchain/usr/bin/swiftc -module-name FirebaseCoreInternal -Onone -enforce-exclusivity\=checked @/Users/siam/Library/Developer/Xcode/DerivedData/Lingua_Quest-gvpckrqxtbgyprbgppjfqmimmmfw/Build/Intermediates.noindex/Firebase.build/Debug-iphonesimulator/FirebaseCoreInternal.build/Objects-normal/x86_64/FirebaseCoreInternal.SwiftFileList -DSWIFT_PACKAGE -DDEBUG -DSWIFT_MODULE_RESOURCE_BUNDLE_AVAILABLE -Xcc -fmodule-map-file\=/Users/siam/Library/Developer/Xcode/DerivedData/Lingua_Quest-gvpckrqxtbgyprbgppjfqmimmmfw/Build/Intermediates.noindex/GeneratedModuleMaps-iphonesimulator/GoogleUtilities-NSData.modulemap -DXcode -plugin-path /Applications/Xcode.app/Contents/Developer/Toolchains/XcodeDefault.xctoolchain/usr/lib/swift/host/plugins/testing -enable-experimental-feature DebugDescriptionMacro -sdk /Applications/Xcode.app/Contents/Developer/Platforms/iPhoneSimulator.platform/Developer/SDKs/iPhoneSimulator26.0.sdk -target x86_64-apple-ios15.0-simulator -g -module-cache-path /Users/siam/Library/Developer/Xcode/DerivedData/ModuleCache.noindex -Xfrontend -serialize-debugging-options -profile-coverage-mapping -profile-generate -enable-testing -suppress-warnings -index-store-path /Users/siam/Library/Developer/Xcode/DerivedData/Lingua_Quest-gvpckrqxtbgyprbgppjfqmimmmfw/Index.noindex/DataStore -Xcc -D_LIBCPP_HARDENING_MODE\=_LIBCPP_HARDENING_MODE_DEBUG -swift-version 6 -I /Users/siam/Library/Developer/Xcode/DerivedData/Lingua_Quest-gvpckrqxtbgyprbgppjfqmimmmfw/Build/Products/Debug-iphonesimulator -Isystem /Applications/Xcode.app/Contents/Developer/Platforms/iPhoneSimulator.platform/Developer/usr/lib -F /Users/siam/Library/Developer/Xcode/DerivedData/Lingua_Quest-gvpckrqxtbgyprbgppjfqmimmmfw/Build/Products/Debug-iphonesimulator/PackageFrameworks -F /Users/siam/Library/Developer/Xcode/DerivedData/Lingua_Quest-gvpckrqxtbgyprbgppjfqmimmmfw/Build/Products/Debug-iphonesimulator -F /Applications/Xcode.app/Contents/Developer/Platforms/iPhoneSimulator.platform/Developer/Library/Frameworks -F /Applications/Xcode.app/Contents/Developer/Platforms/iPhoneSimulator.platform/Developer/SDKs/iPhoneSimulator26.0.sdk/Developer/Library/Frameworks -c -j12 -enable-batch-mode -incremental -Xcc -ivfsstatcache -Xcc /Users/siam/Library/Developer/Xcode/DerivedData/SDKStatCaches.noindex/iphonesimulator26.0-23A339-26257891a6c027eb51374368541b8346.sdkstatcache -output-file-map /Users/siam/Library/Developer/Xcode/DerivedData/Lingua_Quest-gvpckrqxtbgyprbgppjfqmimmmfw/Build/Intermediates.noindex/Firebase.build/Debug-iphonesimulator/FirebaseCoreInternal.build/Objects-normal/x86_64/FirebaseCoreInternal-OutputFileMap.json -use-frontend-parseable-output -save-temps -no-color-diagnostics -explicit-module-build -module-cache-path /Users/siam/Library/Developer/Xcode/DerivedData/Lingua_Quest-gvpckrqxtbgyprbgppjfqmimmmfw/Build/Intermediates.noindex/SwiftExplicitPrecompiledModules -clang-scanner-module-cache-path /Users/siam/Library/Developer/Xcode/DerivedData/ModuleCache.noindex -sdk-module-cache-path /Users/siam/Library/Developer/Xcode/DerivedData/ModuleCache.noindex -serialize-diagnostics -emit-dependencies -emit-module -emit-module-path /Users/siam/Library/Developer/Xcode/DerivedData/Lingua_Quest-gvpckrqxtbgyprbgppjfqmimmmfw/Build/Intermediates.noindex/Firebase.build/Debug-iphonesimulator/FirebaseCoreInternal.build/Objects-normal/x86_64/FirebaseCoreInternal.swiftmodule -user-module-version 12.16.0 -validate-clang-modules-once -clang-build-session-file /Users/siam/Library/Developer/Xcode/DerivedData/ModuleCache.noindex/Session.modulevalidation -package-name firebase_ios_sdk -Xcc -I/Users/siam/Library/Developer/Xcode/DerivedData/Lingua_Quest-gvpckrqxtbgyprbgppjfqmimmmfw/Build/Intermediates.noindex/Firebase.build/Debug-iphonesimulator/FirebaseCoreInternal.build/swift-overrides.hmap -emit-const-values -Xfrontend -const-gather-protocols-file -Xfrontend /Users/siam/Library/Developer/Xcode/DerivedData/Lingua_Quest-gvpckrqxtbgyprbgppjfqmimmmfw/Build/Intermediates.noindex/Firebase.build/Debug-iphonesimulator/FirebaseCoreInternal.build/Objects-normal/x86_64/FirebaseCoreInternal_const_extract_protocols.json -Xcc -I/Users/siam/Library/Developer/Xcode/DerivedData/Lingua_Quest-gvpckrqxtbgyprbgppjfqmimmmfw/SourcePackages/checkouts/GoogleUtilities/GoogleUtilities/NSData+zlib/Public -Xcc -I/Users/siam/Library/Developer/Xcode/DerivedData/Lingua_Quest-gvpckrqxtbgyprbgppjfqmimmmfw/Build/Products/Debug-iphonesimulator/include -Xcc -I/Users/siam/Library/Developer/Xcode/DerivedData/Lingua_Quest-gvpckrqxtbgyprbgppjfqmimmmfw/Build/Intermediates.noindex/Firebase.build/Debug-iphonesimulator/FirebaseCoreInternal.build/DerivedSources-normal/x86_64 -Xcc -I/Users/siam/Library/Developer/Xcode/DerivedData/Lingua_Quest-gvpckrqxtbgyprbgppjfqmimmmfw/Build/Intermediates.noindex/Firebase.build/Debug-iphonesimulator/FirebaseCoreInternal.build/DerivedSources/x86_64 -Xcc -I/Users/siam/Library/Developer/Xcode/DerivedData/Lingua_Quest-gvpckrqxtbgyprbgppjfqmimmmfw/Build/Intermediates.noindex/Firebase.build/Debug-iphonesimulator/FirebaseCoreInternal.build/DerivedSources -Xcc -DSWIFT_PACKAGE -Xcc -DDEBUG\=1 -emit-objc-header -emit-objc-header-path /Users/siam/Library/Developer/Xcode/DerivedData/Lingua_Quest-gvpckrqxtbgyprbgppjfqmimmmfw/Build/Intermediates.noindex/Firebase.build/Debug-iphonesimulator/FirebaseCoreInternal.build/Objects-normal/x86_64/FirebaseCoreInternal-Swift.h -working-directory /Users/siam/Desktop/Lingua\ Quest/Lingua\ Quest.xcodeproj -experimental-emit-module-separately -disable-cmo

SwiftDriver FirebaseCoreInternal normal arm64 com.apple.xcode.tools.swift.compiler (in target 'FirebaseCoreInternal' from project 'Firebase')
    cd /Users/siam/Desktop/Lingua\ Quest/Lingua\ Quest.xcodeproj
    builtin-SwiftDriver -- /Applications/Xcode.app/Contents/Developer/Toolchains/XcodeDefault.xctoolchain/usr/bin/swiftc -module-name FirebaseCoreInternal -Onone -enforce-exclusivity\=checked @/Users/siam/Library/Developer/Xcode/DerivedData/Lingua_Quest-gvpckrqxtbgyprbgppjfqmimmmfw/Build/Intermediates.noindex/Firebase.build/Debug-iphonesimulator/FirebaseCoreInternal.build/Objects-normal/arm64/FirebaseCoreInternal.SwiftFileList -DSWIFT_PACKAGE -DDEBUG -DSWIFT_MODULE_RESOURCE_BUNDLE_AVAILABLE -Xcc -fmodule-map-file\=/Users/siam/Library/Developer/Xcode/DerivedData/Lingua_Quest-gvpckrqxtbgyprbgppjfqmimmmfw/Build/Intermediates.noindex/GeneratedModuleMaps-iphonesimulator/GoogleUtilities-NSData.modulemap -DXcode -plugin-path /Applications/Xcode.app/Contents/Developer/Toolchains/XcodeDefault.xctoolchain/usr/lib/swift/host/plugins/testing -enable-experimental-feature DebugDescriptionMacro -sdk /Applications/Xcode.app/Contents/Developer/Platforms/iPhoneSimulator.platform/Developer/SDKs/iPhoneSimulator26.0.sdk -target arm64-apple-ios15.0-simulator -g -module-cache-path /Users/siam/Library/Developer/Xcode/DerivedData/ModuleCache.noindex -Xfrontend -serialize-debugging-options -profile-coverage-mapping -profile-generate -enable-testing -suppress-warnings -index-store-path /Users/siam/Library/Developer/Xcode/DerivedData/Lingua_Quest-gvpckrqxtbgyprbgppjfqmimmmfw/Index.noindex/DataStore -Xcc -D_LIBCPP_HARDENING_MODE\=_LIBCPP_HARDENING_MODE_DEBUG -swift-version 6 -I /Users/siam/Library/Developer/Xcode/DerivedData/Lingua_Quest-gvpckrqxtbgyprbgppjfqmimmmfw/Build/Products/Debug-iphonesimulator -Isystem /Applications/Xcode.app/Contents/Developer/Platforms/iPhoneSimulator.platform/Developer/usr/lib -F /Users/siam/Library/Developer/Xcode/DerivedData/Lingua_Quest-gvpckrqxtbgyprbgppjfqmimmmfw/Build/Products/Debug-iphonesimulator/PackageFrameworks -F /Users/siam/Library/Developer/Xcode/DerivedData/Lingua_Quest-gvpckrqxtbgyprbgppjfqmimmmfw/Build/Products/Debug-iphonesimulator -F /Applications/Xcode.app/Contents/Developer/Platforms/iPhoneSimulator.platform/Developer/Library/Frameworks -F /Applications/Xcode.app/Contents/Developer/Platforms/iPhoneSimulator.platform/Developer/SDKs/iPhoneSimulator26.0.sdk/Developer/Library/Frameworks -c -j12 -enable-batch-mode -incremental -Xcc -ivfsstatcache -Xcc /Users/siam/Library/Developer/Xcode/DerivedData/SDKStatCaches.noindex/iphonesimulator26.0-23A339-26257891a6c027eb51374368541b8346.sdkstatcache -output-file-map /Users/siam/Library/Developer/Xcode/DerivedData/Lingua_Quest-gvpckrqxtbgyprbgppjfqmimmmfw/Build/Intermediates.noindex/Firebase.build/Debug-iphonesimulator/FirebaseCoreInternal.build/Objects-normal/arm64/FirebaseCoreInternal-OutputFileMap.json -use-frontend-parseable-output -save-temps -no-color-diagnostics -explicit-module-build -module-cache-path /Users/siam/Library/Developer/Xcode/DerivedData/Lingua_Quest-gvpckrqxtbgyprbgppjfqmimmmfw/Build/Intermediates.noindex/SwiftExplicitPrecompiledModules -clang-scanner-module-cache-path /Users/siam/Library/Developer/Xcode/DerivedData/ModuleCache.noindex -sdk-module-cache-path /Users/siam/Library/Developer/Xcode/DerivedData/ModuleCache.noindex -serialize-diagnostics -emit-dependencies -emit-module -emit-module-path /Users/siam/Library/Developer/Xcode/DerivedData/Lingua_Quest-gvpckrqxtbgyprbgppjfqmimmmfw/Build/Intermediates.noindex/Firebase.build/Debug-iphonesimulator/FirebaseCoreInternal.build/Objects-normal/arm64/FirebaseCoreInternal.swiftmodule -user-module-version 12.16.0 -validate-clang-modules-once -clang-build-session-file /Users/siam/Library/Developer/Xcode/DerivedData/ModuleCache.noindex/Session.modulevalidation -package-name firebase_ios_sdk -Xcc -I/Users/siam/Library/Developer/Xcode/DerivedData/Lingua_Quest-gvpckrqxtbgyprbgppjfqmimmmfw/Build/Intermediates.noindex/Firebase.build/Debug-iphonesimulator/FirebaseCoreInternal.build/swift-overrides.hmap -emit-const-values -Xfrontend -const-gather-protocols-file -Xfrontend /Users/siam/Library/Developer/Xcode/DerivedData/Lingua_Quest-gvpckrqxtbgyprbgppjfqmimmmfw/Build/Intermediates.noindex/Firebase.build/Debug-iphonesimulator/FirebaseCoreInternal.build/Objects-normal/arm64/FirebaseCoreInternal_const_extract_protocols.json -Xcc -I/Users/siam/Library/Developer/Xcode/DerivedData/Lingua_Quest-gvpckrqxtbgyprbgppjfqmimmmfw/SourcePackages/checkouts/GoogleUtilities/GoogleUtilities/NSData+zlib/Public -Xcc -I/Users/siam/Library/Developer/Xcode/DerivedData/Lingua_Quest-gvpckrqxtbgyprbgppjfqmimmmfw/Build/Products/Debug-iphonesimulator/include -Xcc -I/Users/siam/Library/Developer/Xcode/DerivedData/Lingua_Quest-gvpckrqxtbgyprbgppjfqmimmmfw/Build/Intermediates.noindex/Firebase.build/Debug-iphonesimulator/FirebaseCoreInternal.build/DerivedSources-normal/arm64 -Xcc -I/Users/siam/Library/Developer/Xcode/DerivedData/Lingua_Quest-gvpckrqxtbgyprbgppjfqmimmmfw/Build/Intermediates.noindex/Firebase.build/Debug-iphonesimulator/FirebaseCoreInternal.build/DerivedSources/arm64 -Xcc -I/Users/siam/Library/Developer/Xcode/DerivedData/Lingua_Quest-gvpckrqxtbgyprbgppjfqmimmmfw/Build/Intermediates.noindex/Firebase.build/Debug-iphonesimulator/FirebaseCoreInternal.build/DerivedSources -Xcc -DSWIFT_PACKAGE -Xcc -DDEBUG\=1 -emit-objc-header -emit-objc-header-path /Users/siam/Library/Developer/Xcode/DerivedData/Lingua_Quest-gvpckrqxtbgyprbgppjfqmimmmfw/Build/Intermediates.noindex/Firebase.build/Debug-iphonesimulator/FirebaseCoreInternal.build/Objects-normal/arm64/FirebaseCoreInternal-Swift.h -working-directory /Users/siam/Desktop/Lingua\ Quest/Lingua\ Quest.xcodeproj -experimental-emit-module-separately -disable-cmo

CompileC /Users/siam/Library/Developer/Xcode/DerivedData/Lingua_Quest-gvpckrqxtbgyprbgppjfqmimmmfw/Build/Intermediates.noindex/AppAuth.build/Debug-iphonesimulator/AppAuth.build/Objects-normal/arm64/OIDExternalUserAgentIOSCustomBrowser.o /Users/siam/Library/Developer/Xcode/DerivedData/Lingua_Quest-gvpckrqxtbgyprbgppjfqmimmmfw/SourcePackages/checkouts/AppAuth-iOS/Sources/AppAuth/iOS/OIDExternalUserAgentIOSCustomBrowser.m normal arm64 objective-c com.apple.compilers.llvm.clang.1_0.compiler (in target 'AppAuth' from project 'AppAuth')
    cd /Users/siam/Desktop/Lingua\ Quest/Lingua\ Quest.xcodeproj
    
    Using response file: /Users/siam/Library/Developer/Xcode/DerivedData/Lingua_Quest-gvpckrqxtbgyprbgppjfqmimmmfw/Build/Intermediates.noindex/AppAuth.build/Debug-iphonesimulator/AppAuth.build/Objects-normal/arm64/e6072d4f65d7061329687fe24e3d63a7-common-args.resp
    
    /Applications/Xcode.app/Contents/Developer/Toolchains/XcodeDefault.xctoolchain/usr/bin/clang -x objective-c -ivfsstatcache /Users/siam/Library/Developer/Xcode/DerivedData/SDKStatCaches.noindex/iphonesimulator26.0-23A339-26257891a6c027eb51374368541b8346.sdkstatcache -fmessage-length\=0 -fdiagnostics-show-note-include-stack -fmacro-backtrace-limit\=0 -fno-color-diagnostics -fmodules-prune-interval\=86400 -fmodules-prune-after\=345600 -fbuild-session-file\=/Users/siam/Library/Developer/Xcode/DerivedData/ModuleCache.noindex/Session.modulevalidation -fmodules-validate-once-per-build-session -Wnon-modular-include-in-framework-module -Werror\=non-modular-include-in-framework-module -Wno-trigraphs -Wno-missing-field-initializers -Wno-missing-prototypes -Wno-return-type -Wno-implicit-atomic-properties -Wno-objc-interface-ivars -Wno-arc-repeated-use-of-weak -Wno-missing-braces -Wparentheses -Wswitch -Wno-unused-function -Wno-unused-label -Wno-unused-parameter -Wno-unused-variable -Wunused-value -Wno-empty-body -Wno-uninitialized -Wno-unknown-pragmas -w -Wno-shadow -Wno-four-char-constants -Wno-conversion -Wno-constant-conversion -Wno-int-conversion -Wno-bool-conversion -Wno-enum-conversion -Wno-float-conversion -Wno-non-literal-null-conversion -Wno-objc-literal-conversion -Wshorten-64-to-32 -Wpointer-sign -Wno-newline-eof -Wno-selector -Wno-strict-selector-match -Wno-undeclared-selector -Wno-deprecated-implementations -Wno-implicit-fallthrough -fstrict-aliasing -Wprotocol -Wdeprecated-declarations -Wno-sign-conversion -Wno-infinite-recursion -Wno-comma -Wno-block-capture-autoreleasing -Wno-strict-prototypes -Wno-semicolon-before-method-body -index-store-path /Users/siam/Library/Developer/Xcode/DerivedData/Lingua_Quest-gvpckrqxtbgyprbgppjfqmimmmfw/Index.noindex/DataStore @/Users/siam/Library/Developer/Xcode/DerivedData/Lingua_Quest-gvpckrqxtbgyprbgppjfqmimmmfw/Build/Intermediates.noindex/AppAuth.build/Debug-iphonesimulator/AppAuth.build/Objects-normal/arm64/e6072d4f65d7061329687fe24e3d63a7-common-args.resp -include /Users/siam/Library/Developer/Xcode/DerivedData/Lingua_Quest-gvpckrqxtbgyprbgppjfqmimmmfw/Build/Intermediates.noindex/AppAuth.build/Debug-iphonesimulator/AppAuth.build/DerivedSources/resource_bundle_accessor.h -MMD -MT dependencies -MF /Users/siam/Library/Developer/Xcode/DerivedData/Lingua_Quest-gvpckrqxtbgyprbgppjfqmimmmfw/Build/Intermediates.noindex/AppAuth.build/Debug-iphonesimulator/AppAuth.build/Objects-normal/arm64/OIDExternalUserAgentIOSCustomBrowser.d --serialize-diagnostics /Users/siam/Library/Developer/Xcode/DerivedData/Lingua_Quest-gvpckrqxtbgyprbgppjfqmimmmfw/Build/Intermediates.noindex/AppAuth.build/Debug-iphonesimulator/AppAuth.build/Objects-normal/arm64/OIDExternalUserAgentIOSCustomBrowser.dia -c /Users/siam/Library/Developer/Xcode/DerivedData/Lingua_Quest-gvpckrqxtbgyprbgppjfqmimmmfw/SourcePackages/checkouts/AppAuth-iOS/Sources/AppAuth/iOS/OIDExternalUserAgentIOSCustomBrowser.m -o /Users/siam/Library/Developer/Xcode/DerivedData/Lingua_Quest-gvpckrqxtbgyprbgppjfqmimmmfw/Build/Intermediates.noindex/AppAuth.build/Debug-iphonesimulator/AppAuth.build/Objects-normal/arm64/OIDExternalUserAgentIOSCustomBrowser.o -index-unit-output-path /AppAuth.build/Debug-iphonesimulator/AppAuth.build/Objects-normal/arm64/OIDExternalUserAgentIOSCustomBrowser.o

CompileC /Users/siam/Library/Developer/Xcode/DerivedData/Lingua_Quest-gvpckrqxtbgyprbgppjfqmimmmfw/Build/Intermediates.noindex/AppAuth.build/Debug-iphonesimulator/AppAuth.build/Objects-normal/arm64/OIDExternalUserAgentIOS.o /Users/siam/Library/Developer/Xcode/DerivedData/Lingua_Quest-gvpckrqxtbgyprbgppjfqmimmmfw/SourcePackages/checkouts/AppAuth-iOS/Sources/AppAuth/iOS/OIDExternalUserAgentIOS.m normal arm64 objective-c com.apple.compilers.llvm.clang.1_0.compiler (in target 'AppAuth' from project 'AppAuth')
    cd /Users/siam/Desktop/Lingua\ Quest/Lingua\ Quest.xcodeproj
    
    Using response file: /Users/siam/Library/Developer/Xcode/DerivedData/Lingua_Quest-gvpckrqxtbgyprbgppjfqmimmmfw/Build/Intermediates.noindex/AppAuth.build/Debug-iphonesimulator/AppAuth.build/Objects-normal/arm64/e6072d4f65d7061329687fe24e3d63a7-common-args.resp
    
    /Applications/Xcode.app/Contents/Developer/Toolchains/XcodeDefault.xctoolchain/usr/bin/clang -x objective-c -ivfsstatcache /Users/siam/Library/Developer/Xcode/DerivedData/SDKStatCaches.noindex/iphonesimulator26.0-23A339-26257891a6c027eb51374368541b8346.sdkstatcache -fmessage-length\=0 -fdiagnostics-show-note-include-stack -fmacro-backtrace-limit\=0 -fno-color-diagnostics -fmodules-prune-interval\=86400 -fmodules-prune-after\=345600 -fbuild-session-file\=/Users/siam/Library/Developer/Xcode/DerivedData/ModuleCache.noindex/Session.modulevalidation -fmodules-validate-once-per-build-session -Wnon-modular-include-in-framework-module -Werror\=non-modular-include-in-framework-module -Wno-trigraphs -Wno-missing-field-initializers -Wno-missing-prototypes -Wno-return-type -Wno-implicit-atomic-properties -Wno-objc-interface-ivars -Wno-arc-repeated-use-of-weak -Wno-missing-braces -Wparentheses -Wswitch -Wno-unused-function -Wno-unused-label -Wno-unused-parameter -Wno-unused-variable -Wunused-value -Wno-empty-body -Wno-uninitialized -Wno-unknown-pragmas -w -Wno-shadow -Wno-four-char-constants -Wno-conversion -Wno-constant-conversion -Wno-int-conversion -Wno-bool-conversion -Wno-enum-conversion -Wno-float-conversion -Wno-non-literal-null-conversion -Wno-objc-literal-conversion -Wshorten-64-to-32 -Wpointer-sign -Wno-newline-eof -Wno-selector -Wno-strict-selector-match -Wno-undeclared-selector -Wno-deprecated-implementations -Wno-implicit-fallthrough -fstrict-aliasing -Wprotocol -Wdeprecated-declarations -Wno-sign-conversion -Wno-infinite-recursion -Wno-comma -Wno-block-capture-autoreleasing -Wno-strict-prototypes -Wno-semicolon-before-method-body -index-store-path /Users/siam/Library/Developer/Xcode/DerivedData/Lingua_Quest-gvpckrqxtbgyprbgppjfqmimmmfw/Index.noindex/DataStore @/Users/siam/Library/Developer/Xcode/DerivedData/Lingua_Quest-gvpckrqxtbgyprbgppjfqmimmmfw/Build/Intermediates.noindex/AppAuth.build/Debug-iphonesimulator/AppAuth.build/Objects-normal/arm64/e6072d4f65d7061329687fe24e3d63a7-common-args.resp -include /Users/siam/Library/Developer/Xcode/DerivedData/Lingua_Quest-gvpckrqxtbgyprbgppjfqmimmmfw/Build/Intermediates.noindex/AppAuth.build/Debug-iphonesimulator/AppAuth.build/DerivedSources/resource_bundle_accessor.h -MMD -MT dependencies -MF /Users/siam/Library/Developer/Xcode/DerivedData/Lingua_Quest-gvpckrqxtbgyprbgppjfqmimmmfw/Build/Intermediates.noindex/AppAuth.build/Debug-iphonesimulator/AppAuth.build/Objects-normal/arm64/OIDExternalUserAgentIOS.d --serialize-diagnostics /Users/siam/Library/Developer/Xcode/DerivedData/Lingua_Quest-gvpckrqxtbgyprbgppjfqmimmmfw/Build/Intermediates.noindex/AppAuth.build/Debug-iphonesimulator/AppAuth.build/Objects-normal/arm64/OIDExternalUserAgentIOS.dia -c /Users/siam/Library/Developer/Xcode/DerivedData/Lingua_Quest-gvpckrqxtbgyprbgppjfqmimmmfw/SourcePackages/checkouts/AppAuth-iOS/Sources/AppAuth/iOS/OIDExternalUserAgentIOS.m -o /Users/siam/Library/Developer/Xcode/DerivedData/Lingua_Quest-gvpckrqxtbgyprbgppjfqmimmmfw/Build/Intermediates.noindex/AppAuth.build/Debug-iphonesimulator/AppAuth.build/Objects-normal/arm64/OIDExternalUserAgentIOS.o -index-unit-output-path /AppAuth.build/Debug-iphonesimulator/AppAuth.build/Objects-normal/arm64/OIDExternalUserAgentIOS.o

CompileC /Users/siam/Library/Developer/Xcode/DerivedData/Lingua_Quest-gvpckrqxtbgyprbgppjfqmimmmfw/Build/Intermediates.noindex/AppAuth.build/Debug-iphonesimulator/AppAuth.build/Objects-normal/arm64/OIDExternalUserAgentCatalyst.o /Users/siam/Library/Developer/Xcode/DerivedData/Lingua_Quest-gvpckrqxtbgyprbgppjfqmimmmfw/SourcePackages/checkouts/AppAuth-iOS/Sources/AppAuth/iOS/OIDExternalUserAgentCatalyst.m normal arm64 objective-c com.apple.compilers.llvm.clang.1_0.compiler (in target 'AppAuth' from project 'AppAuth')
    cd /Users/siam/Desktop/Lingua\ Quest/Lingua\ Quest.xcodeproj
    
    Using response file: /Users/siam/Library/Developer/Xcode/DerivedData/Lingua_Quest-gvpckrqxtbgyprbgppjfqmimmmfw/Build/Intermediates.noindex/AppAuth.build/Debug-iphonesimulator/AppAuth.build/Objects-normal/arm64/e6072d4f65d7061329687fe24e3d63a7-common-args.resp
    
    /Applications/Xcode.app/Contents/Developer/Toolchains/XcodeDefault.xctoolchain/usr/bin/clang -x objective-c -ivfsstatcache /Users/siam/Library/Developer/Xcode/DerivedData/SDKStatCaches.noindex/iphonesimulator26.0-23A339-26257891a6c027eb51374368541b8346.sdkstatcache -fmessage-length\=0 -fdiagnostics-show-note-include-stack -fmacro-backtrace-limit\=0 -fno-color-diagnostics -fmodules-prune-interval\=86400 -fmodules-prune-after\=345600 -fbuild-session-file\=/Users/siam/Library/Developer/Xcode/DerivedData/ModuleCache.noindex/Session.modulevalidation -fmodules-validate-once-per-build-session -Wnon-modular-include-in-framework-module -Werror\=non-modular-include-in-framework-module -Wno-trigraphs -Wno-missing-field-initializers -Wno-missing-prototypes -Wno-return-type -Wno-implicit-atomic-properties -Wno-objc-interface-ivars -Wno-arc-repeated-use-of-weak -Wno-missing-braces -Wparentheses -Wswitch -Wno-unused-function -Wno-unused-label -Wno-unused-parameter -Wno-unused-variable -Wunused-value -Wno-empty-body -Wno-uninitialized -Wno-unknown-pragmas -w -Wno-shadow -Wno-four-char-constants -Wno-conversion -Wno-constant-conversion -Wno-int-conversion -Wno-bool-conversion -Wno-enum-conversion -Wno-float-conversion -Wno-non-literal-null-conversion -Wno-objc-literal-conversion -Wshorten-64-to-32 -Wpointer-sign -Wno-newline-eof -Wno-selector -Wno-strict-selector-match -Wno-undeclared-selector -Wno-deprecated-implementations -Wno-implicit-fallthrough -fstrict-aliasing -Wprotocol -Wdeprecated-declarations -Wno-sign-conversion -Wno-infinite-recursion -Wno-comma -Wno-block-capture-autoreleasing -Wno-strict-prototypes -Wno-semicolon-before-method-body -index-store-path /Users/siam/Library/Developer/Xcode/DerivedData/Lingua_Quest-gvpckrqxtbgyprbgppjfqmimmmfw/Index.noindex/DataStore @/Users/siam/Library/Developer/Xcode/DerivedData/Lingua_Quest-gvpckrqxtbgyprbgppjfqmimmmfw/Build/Intermediates.noindex/AppAuth.build/Debug-iphonesimulator/AppAuth.build/Objects-normal/arm64/e6072d4f65d7061329687fe24e3d63a7-common-args.resp -include /Users/siam/Library/Developer/Xcode/DerivedData/Lingua_Quest-gvpckrqxtbgyprbgppjfqmimmmfw/Build/Intermediates.noindex/AppAuth.build/Debug-iphonesimulator/AppAuth.build/DerivedSources/resource_bundle_accessor.h -MMD -MT dependencies -MF /Users/siam/Library/Developer/Xcode/DerivedData/Lingua_Quest-gvpckrqxtbgyprbgppjfqmimmmfw/Build/Intermediates.noindex/AppAuth.build/Debug-iphonesimulator/AppAuth.build/Objects-normal/arm64/OIDExternalUserAgentCatalyst.d --serialize-diagnostics /Users/siam/Library/Developer/Xcode/DerivedData/Lingua_Quest-gvpckrqxtbgyprbgppjfqmimmmfw/Build/Intermediates.noindex/AppAuth.build/Debug-iphonesimulator/AppAuth.build/Objects-normal/arm64/OIDExternalUserAgentCatalyst.dia -c /Users/siam/Library/Developer/Xcode/DerivedData/Lingua_Quest-gvpckrqxtbgyprbgppjfqmimmmfw/SourcePackages/checkouts/AppAuth-iOS/Sources/AppAuth/iOS/OIDExternalUserAgentCatalyst.m -o /Users/siam/Library/Developer/Xcode/DerivedData/Lingua_Quest-gvpckrqxtbgyprbgppjfqmimmmfw/Build/Intermediates.noindex/AppAuth.build/Debug-iphonesimulator/AppAuth.build/Objects-normal/arm64/OIDExternalUserAgentCatalyst.o -index-unit-output-path /AppAuth.build/Debug-iphonesimulator/AppAuth.build/Objects-normal/arm64/OIDExternalUserAgentCatalyst.o

SwiftEmitModule normal arm64 Emitting\ module\ for\ FirebaseSharedSwift (in target 'FirebaseSharedSwift' from project 'Firebase')
EmitSwiftModule normal arm64 (in target 'FirebaseSharedSwift' from project 'Firebase')
    cd /Users/siam/Desktop/Lingua\ Quest/Lingua\ Quest.xcodeproj
    

CompileC /Users/siam/Library/Developer/Xcode/DerivedData/Lingua_Quest-gvpckrqxtbgyprbgppjfqmimmmfw/Build/Intermediates.noindex/AppAuth.build/Debug-iphonesimulator/AppAuth.build/Objects-normal/arm64/OIDAuthorizationService+IOS.o /Users/siam/Library/Developer/Xcode/DerivedData/Lingua_Quest-gvpckrqxtbgyprbgppjfqmimmmfw/SourcePackages/checkouts/AppAuth-iOS/Sources/AppAuth/iOS/OIDAuthorizationService+IOS.m normal arm64 objective-c com.apple.compilers.llvm.clang.1_0.compiler (in target 'AppAuth' from project 'AppAuth')
    cd /Users/siam/Desktop/Lingua\ Quest/Lingua\ Quest.xcodeproj
    
    Using response file: /Users/siam/Library/Developer/Xcode/DerivedData/Lingua_Quest-gvpckrqxtbgyprbgppjfqmimmmfw/Build/Intermediates.noindex/AppAuth.build/Debug-iphonesimulator/AppAuth.build/Objects-normal/arm64/e6072d4f65d7061329687fe24e3d63a7-common-args.resp
    
    /Applications/Xcode.app/Contents/Developer/Toolchains/XcodeDefault.xctoolchain/usr/bin/clang -x objective-c -ivfsstatcache /Users/siam/Library/Developer/Xcode/DerivedData/SDKStatCaches.noindex/iphonesimulator26.0-23A339-26257891a6c027eb51374368541b8346.sdkstatcache -fmessage-length\=0 -fdiagnostics-show-note-include-stack -fmacro-backtrace-limit\=0 -fno-color-diagnostics -fmodules-prune-interval\=86400 -fmodules-prune-after\=345600 -fbuild-session-file\=/Users/siam/Library/Developer/Xcode/DerivedData/ModuleCache.noindex/Session.modulevalidation -fmodules-validate-once-per-build-session -Wnon-modular-include-in-framework-module -Werror\=non-modular-include-in-framework-module -Wno-trigraphs -Wno-missing-field-initializers -Wno-missing-prototypes -Wno-return-type -Wno-implicit-atomic-properties -Wno-objc-interface-ivars -Wno-arc-repeated-use-of-weak -Wno-missing-braces -Wparentheses -Wswitch -Wno-unused-function -Wno-unused-label -Wno-unused-parameter -Wno-unused-variable -Wunused-value -Wno-empty-body -Wno-uninitialized -Wno-unknown-pragmas -w -Wno-shadow -Wno-four-char-constants -Wno-conversion -Wno-constant-conversion -Wno-int-conversion -Wno-bool-conversion -Wno-enum-conversion -Wno-float-conversion -Wno-non-literal-null-conversion -Wno-objc-literal-conversion -Wshorten-64-to-32 -Wpointer-sign -Wno-newline-eof -Wno-selector -Wno-strict-selector-match -Wno-undeclared-selector -Wno-deprecated-implementations -Wno-implicit-fallthrough -fstrict-aliasing -Wprotocol -Wdeprecated-declarations -Wno-sign-conversion -Wno-infinite-recursion -Wno-comma -Wno-block-capture-autoreleasing -Wno-strict-prototypes -Wno-semicolon-before-method-body -index-store-path /Users/siam/Library/Developer/Xcode/DerivedData/Lingua_Quest-gvpckrqxtbgyprbgppjfqmimmmfw/Index.noindex/DataStore @/Users/siam/Library/Developer/Xcode/DerivedData/Lingua_Quest-gvpckrqxtbgyprbgppjfqmimmmfw/Build/Intermediates.noindex/AppAuth.build/Debug-iphonesimulator/AppAuth.build/Objects-normal/arm64/e6072d4f65d7061329687fe24e3d63a7-common-args.resp -include /Users/siam/Library/Developer/Xcode/DerivedData/Lingua_Quest-gvpckrqxtbgyprbgppjfqmimmmfw/Build/Intermediates.noindex/AppAuth.build/Debug-iphonesimulator/AppAuth.build/DerivedSources/resource_bundle_accessor.h -MMD -MT dependencies -MF /Users/siam/Library/Developer/Xcode/DerivedData/Lingua_Quest-gvpckrqxtbgyprbgppjfqmimmmfw/Build/Intermediates.noindex/AppAuth.build/Debug-iphonesimulator/AppAuth.build/Objects-normal/arm64/OIDAuthorizationService+IOS.d --serialize-diagnostics /Users/siam/Library/Developer/Xcode/DerivedData/Lingua_Quest-gvpckrqxtbgyprbgppjfqmimmmfw/Build/Intermediates.noindex/AppAuth.build/Debug-iphonesimulator/AppAuth.build/Objects-normal/arm64/OIDAuthorizationService+IOS.dia -c /Users/siam/Library/Developer/Xcode/DerivedData/Lingua_Quest-gvpckrqxtbgyprbgppjfqmimmmfw/SourcePackages/checkouts/AppAuth-iOS/Sources/AppAuth/iOS/OIDAuthorizationService+IOS.m -o /Users/siam/Library/Developer/Xcode/DerivedData/Lingua_Quest-gvpckrqxtbgyprbgppjfqmimmmfw/Build/Intermediates.noindex/AppAuth.build/Debug-iphonesimulator/AppAuth.build/Objects-normal/arm64/OIDAuthorizationService+IOS.o -index-unit-output-path /AppAuth.build/Debug-iphonesimulator/AppAuth.build/Objects-normal/arm64/OIDAuthorizationService+IOS.o

CompileC /Users/siam/Library/Developer/Xcode/DerivedData/Lingua_Quest-gvpckrqxtbgyprbgppjfqmimmmfw/Build/Intermediates.noindex/AppAuth.build/Debug-iphonesimulator/AppAuth.build/Objects-normal/arm64/OIDAuthState+Mac.o /Users/siam/Library/Developer/Xcode/DerivedData/Lingua_Quest-gvpckrqxtbgyprbgppjfqmimmmfw/SourcePackages/checkouts/AppAuth-iOS/Sources/AppAuth/macOS/OIDAuthState+Mac.m normal arm64 objective-c com.apple.compilers.llvm.clang.1_0.compiler (in target 'AppAuth' from project 'AppAuth')
    cd /Users/siam/Desktop/Lingua\ Quest/Lingua\ Quest.xcodeproj
    
    Using response file: /Users/siam/Library/Developer/Xcode/DerivedData/Lingua_Quest-gvpckrqxtbgyprbgppjfqmimmmfw/Build/Intermediates.noindex/AppAuth.build/Debug-iphonesimulator/AppAuth.build/Objects-normal/arm64/e6072d4f65d7061329687fe24e3d63a7-common-args.resp
    
    /Applications/Xcode.app/Contents/Developer/Toolchains/XcodeDefault.xctoolchain/usr/bin/clang -x objective-c -ivfsstatcache /Users/siam/Library/Developer/Xcode/DerivedData/SDKStatCaches.noindex/iphonesimulator26.0-23A339-26257891a6c027eb51374368541b8346.sdkstatcache -fmessage-length\=0 -fdiagnostics-show-note-include-stack -fmacro-backtrace-limit\=0 -fno-color-diagnostics -fmodules-prune-interval\=86400 -fmodules-prune-after\=345600 -fbuild-session-file\=/Users/siam/Library/Developer/Xcode/DerivedData/ModuleCache.noindex/Session.modulevalidation -fmodules-validate-once-per-build-session -Wnon-modular-include-in-framework-module -Werror\=non-modular-include-in-framework-module -Wno-trigraphs -Wno-missing-field-initializers -Wno-missing-prototypes -Wno-return-type -Wno-implicit-atomic-properties -Wno-objc-interface-ivars -Wno-arc-repeated-use-of-weak -Wno-missing-braces -Wparentheses -Wswitch -Wno-unused-function -Wno-unused-label -Wno-unused-parameter -Wno-unused-variable -Wunused-value -Wno-empty-body -Wno-uninitialized -Wno-unknown-pragmas -w -Wno-shadow -Wno-four-char-constants -Wno-conversion -Wno-constant-conversion -Wno-int-conversion -Wno-bool-conversion -Wno-enum-conversion -Wno-float-conversion -Wno-non-literal-null-conversion -Wno-objc-literal-conversion -Wshorten-64-to-32 -Wpointer-sign -Wno-newline-eof -Wno-selector -Wno-strict-selector-match -Wno-undeclared-selector -Wno-deprecated-implementations -Wno-implicit-fallthrough -fstrict-aliasing -Wprotocol -Wdeprecated-declarations -Wno-sign-conversion -Wno-infinite-recursion -Wno-comma -Wno-block-capture-autoreleasing -Wno-strict-prototypes -Wno-semicolon-before-method-body -index-store-path /Users/siam/Library/Developer/Xcode/DerivedData/Lingua_Quest-gvpckrqxtbgyprbgppjfqmimmmfw/Index.noindex/DataStore @/Users/siam/Library/Developer/Xcode/DerivedData/Lingua_Quest-gvpckrqxtbgyprbgppjfqmimmmfw/Build/Intermediates.noindex/AppAuth.build/Debug-iphonesimulator/AppAuth.build/Objects-normal/arm64/e6072d4f65d7061329687fe24e3d63a7-common-args.resp -include /Users/siam/Library/Developer/Xcode/DerivedData/Lingua_Quest-gvpckrqxtbgyprbgppjfqmimmmfw/Build/Intermediates.noindex/AppAuth.build/Debug-iphonesimulator/AppAuth.build/DerivedSources/resource_bundle_accessor.h -MMD -MT dependencies -MF /Users/siam/Library/Developer/Xcode/DerivedData/Lingua_Quest-gvpckrqxtbgyprbgppjfqmimmmfw/Build/Intermediates.noindex/AppAuth.build/Debug-iphonesimulator/AppAuth.build/Objects-normal/arm64/OIDAuthState+Mac.d --serialize-diagnostics /Users/siam/Library/Developer/Xcode/DerivedData/Lingua_Quest-gvpckrqxtbgyprbgppjfqmimmmfw/Build/Intermediates.noindex/AppAuth.build/Debug-iphonesimulator/AppAuth.build/Objects-normal/arm64/OIDAuthState+Mac.dia -c /Users/siam/Library/Developer/Xcode/DerivedData/Lingua_Quest-gvpckrqxtbgyprbgppjfqmimmmfw/SourcePackages/checkouts/AppAuth-iOS/Sources/AppAuth/macOS/OIDAuthState+Mac.m -o /Users/siam/Library/Developer/Xcode/DerivedData/Lingua_Quest-gvpckrqxtbgyprbgppjfqmimmmfw/Build/Intermediates.noindex/AppAuth.build/Debug-iphonesimulator/AppAuth.build/Objects-normal/arm64/OIDAuthState+Mac.o -index-unit-output-path /AppAuth.build/Debug-iphonesimulator/AppAuth.build/Objects-normal/arm64/OIDAuthState+Mac.o

SwiftDriver\ Compilation\ Requirements FirebaseSharedSwift normal x86_64 com.apple.xcode.tools.swift.compiler (in target 'FirebaseSharedSwift' from project 'Firebase')
    cd /Users/siam/Desktop/Lingua\ Quest/Lingua\ Quest.xcodeproj
    builtin-Swift-Compilation-Requirements -- /Applications/Xcode.app/Contents/Developer/Toolchains/XcodeDefault.xctoolchain/usr/bin/swiftc -module-name FirebaseSharedSwift -Onone -enforce-exclusivity\=checked @/Users/siam/Library/Developer/Xcode/DerivedData/Lingua_Quest-gvpckrqxtbgyprbgppjfqmimmmfw/Build/Intermediates.noindex/Firebase.build/Debug-iphonesimulator/FirebaseSharedSwift.build/Objects-normal/x86_64/FirebaseSharedSwift.SwiftFileList -DSWIFT_PACKAGE -DDEBUG -DSWIFT_MODULE_RESOURCE_BUNDLE_UNAVAILABLE -DXcode -plugin-path /Applications/Xcode.app/Contents/Developer/Toolchains/XcodeDefault.xctoolchain/usr/lib/swift/host/plugins/testing -enable-experimental-feature DebugDescriptionMacro -sdk /Applications/Xcode.app/Contents/Developer/Platforms/iPhoneSimulator.platform/Developer/SDKs/iPhoneSimulator26.0.sdk -target x86_64-apple-ios15.0-simulator -g -module-cache-path /Users/siam/Library/Developer/Xcode/DerivedData/ModuleCache.noindex -Xfrontend -serialize-debugging-options -profile-coverage-mapping -profile-generate -enable-testing -suppress-warnings -index-store-path /Users/siam/Library/Developer/Xcode/DerivedData/Lingua_Quest-gvpckrqxtbgyprbgppjfqmimmmfw/Index.noindex/DataStore -Xcc -D_LIBCPP_HARDENING_MODE\=_LIBCPP_HARDENING_MODE_DEBUG -swift-version 5 -I /Users/siam/Library/Developer/Xcode/DerivedData/Lingua_Quest-gvpckrqxtbgyprbgppjfqmimmmfw/Build/Products/Debug-iphonesimulator -Isystem /Applications/Xcode.app/Contents/Developer/Platforms/iPhoneSimulator.platform/Developer/usr/lib -F /Users/siam/Library/Developer/Xcode/DerivedData/Lingua_Quest-gvpckrqxtbgyprbgppjfqmimmmfw/Build/Products/Debug-iphonesimulator -F /Applications/Xcode.app/Contents/Developer/Platforms/iPhoneSimulator.platform/Developer/Library/Frameworks -F /Applications/Xcode.app/Contents/Developer/Platforms/iPhoneSimulator.platform/Developer/SDKs/iPhoneSimulator26.0.sdk/Developer/Library/Frameworks -c -j12 -enable-batch-mode -incremental -Xcc -ivfsstatcache -Xcc /Users/siam/Library/Developer/Xcode/DerivedData/SDKStatCaches.noindex/iphonesimulator26.0-23A339-26257891a6c027eb51374368541b8346.sdkstatcache -output-file-map /Users/siam/Library/Developer/Xcode/DerivedData/Lingua_Quest-gvpckrqxtbgyprbgppjfqmimmmfw/Build/Intermediates.noindex/Firebase.build/Debug-iphonesimulator/FirebaseSharedSwift.build/Objects-normal/x86_64/FirebaseSharedSwift-OutputFileMap.json -use-frontend-parseable-output -save-temps -no-color-diagnostics -explicit-module-build -module-cache-path /Users/siam/Library/Developer/Xcode/DerivedData/Lingua_Quest-gvpckrqxtbgyprbgppjfqmimmmfw/Build/Intermediates.noindex/SwiftExplicitPrecompiledModules -clang-scanner-module-cache-path /Users/siam/Library/Developer/Xcode/DerivedData/ModuleCache.noindex -sdk-module-cache-path /Users/siam/Library/Developer/Xcode/DerivedData/ModuleCache.noindex -serialize-diagnostics -emit-dependencies -emit-module -emit-module-path /Users/siam/Library/Developer/Xcode/DerivedData/Lingua_Quest-gvpckrqxtbgyprbgppjfqmimmmfw/Build/Intermediates.noindex/Firebase.build/Debug-iphonesimulator/FirebaseSharedSwift.build/Objects-normal/x86_64/FirebaseSharedSwift.swiftmodule -user-module-version 12.16.0 -validate-clang-modules-once -clang-build-session-file /Users/siam/Library/Developer/Xcode/DerivedData/ModuleCache.noindex/Session.modulevalidation -package-name firebase_ios_sdk -Xcc -I/Users/siam/Library/Developer/Xcode/DerivedData/Lingua_Quest-gvpckrqxtbgyprbgppjfqmimmmfw/Build/Intermediates.noindex/Firebase.build/Debug-iphonesimulator/FirebaseSharedSwift.build/swift-overrides.hmap -emit-const-values -Xfrontend -const-gather-protocols-file -Xfrontend /Users/siam/Library/Developer/Xcode/DerivedData/Lingua_Quest-gvpckrqxtbgyprbgppjfqmimmmfw/Build/Intermediates.noindex/Firebase.build/Debug-iphonesimulator/FirebaseSharedSwift.build/Objects-normal/x86_64/FirebaseSharedSwift_const_extract_protocols.json -Xcc -I/Users/siam/Library/Developer/Xcode/DerivedData/Lingua_Quest-gvpckrqxtbgyprbgppjfqmimmmfw/Build/Products/Debug-iphonesimulator/include -Xcc -I/Users/siam/Library/Developer/Xcode/DerivedData/Lingua_Quest-gvpckrqxtbgyprbgppjfqmimmmfw/Build/Intermediates.noindex/Firebase.build/Debug-iphonesimulator/FirebaseSharedSwift.build/DerivedSources-normal/x86_64 -Xcc -I/Users/siam/Library/Developer/Xcode/DerivedData/Lingua_Quest-gvpckrqxtbgyprbgppjfqmimmmfw/Build/Intermediates.noindex/Firebase.build/Debug-iphonesimulator/FirebaseSharedSwift.build/DerivedSources/x86_64 -Xcc -I/Users/siam/Library/Developer/Xcode/DerivedData/Lingua_Quest-gvpckrqxtbgyprbgppjfqmimmmfw/Build/Intermediates.noindex/Firebase.build/Debug-iphonesimulator/FirebaseSharedSwift.build/DerivedSources -Xcc -DSWIFT_PACKAGE -Xcc -DDEBUG\=1 -emit-objc-header -emit-objc-header-path /Users/siam/Library/Developer/Xcode/DerivedData/Lingua_Quest-gvpckrqxtbgyprbgppjfqmimmmfw/Build/Intermediates.noindex/Firebase.build/Debug-iphonesimulator/FirebaseSharedSwift.build/Objects-normal/x86_64/FirebaseSharedSwift-Swift.h -working-directory /Users/siam/Desktop/Lingua\ Quest/Lingua\ Quest.xcodeproj -experimental-emit-module-separately -disable-cmo

CompileC /Users/siam/Library/Developer/Xcode/DerivedData/Lingua_Quest-gvpckrqxtbgyprbgppjfqmimmmfw/Build/Intermediates.noindex/AppAuth.build/Debug-iphonesimulator/AppAuth.build/Objects-normal/arm64/OIDAuthState+IOS.o /Users/siam/Library/Developer/Xcode/DerivedData/Lingua_Quest-gvpckrqxtbgyprbgppjfqmimmmfw/SourcePackages/checkouts/AppAuth-iOS/Sources/AppAuth/iOS/OIDAuthState+IOS.m normal arm64 objective-c com.apple.compilers.llvm.clang.1_0.compiler (in target 'AppAuth' from project 'AppAuth')
    cd /Users/siam/Desktop/Lingua\ Quest/Lingua\ Quest.xcodeproj
    
    Using response file: /Users/siam/Library/Developer/Xcode/DerivedData/Lingua_Quest-gvpckrqxtbgyprbgppjfqmimmmfw/Build/Intermediates.noindex/AppAuth.build/Debug-iphonesimulator/AppAuth.build/Objects-normal/arm64/e6072d4f65d7061329687fe24e3d63a7-common-args.resp
    
    /Applications/Xcode.app/Contents/Developer/Toolchains/XcodeDefault.xctoolchain/usr/bin/clang -x objective-c -ivfsstatcache /Users/siam/Library/Developer/Xcode/DerivedData/SDKStatCaches.noindex/iphonesimulator26.0-23A339-26257891a6c027eb51374368541b8346.sdkstatcache -fmessage-length\=0 -fdiagnostics-show-note-include-stack -fmacro-backtrace-limit\=0 -fno-color-diagnostics -fmodules-prune-interval\=86400 -fmodules-prune-after\=345600 -fbuild-session-file\=/Users/siam/Library/Developer/Xcode/DerivedData/ModuleCache.noindex/Session.modulevalidation -fmodules-validate-once-per-build-session -Wnon-modular-include-in-framework-module -Werror\=non-modular-include-in-framework-module -Wno-trigraphs -Wno-missing-field-initializers -Wno-missing-prototypes -Wno-return-type -Wno-implicit-atomic-properties -Wno-objc-interface-ivars -Wno-arc-repeated-use-of-weak -Wno-missing-braces -Wparentheses -Wswitch -Wno-unused-function -Wno-unused-label -Wno-unused-parameter -Wno-unused-variable -Wunused-value -Wno-empty-body -Wno-uninitialized -Wno-unknown-pragmas -w -Wno-shadow -Wno-four-char-constants -Wno-conversion -Wno-constant-conversion -Wno-int-conversion -Wno-bool-conversion -Wno-enum-conversion -Wno-float-conversion -Wno-non-literal-null-conversion -Wno-objc-literal-conversion -Wshorten-64-to-32 -Wpointer-sign -Wno-newline-eof -Wno-selector -Wno-strict-selector-match -Wno-undeclared-selector -Wno-deprecated-implementations -Wno-implicit-fallthrough -fstrict-aliasing -Wprotocol -Wdeprecated-declarations -Wno-sign-conversion -Wno-infinite-recursion -Wno-comma -Wno-block-capture-autoreleasing -Wno-strict-prototypes -Wno-semicolon-before-method-body -index-store-path /Users/siam/Library/Developer/Xcode/DerivedData/Lingua_Quest-gvpckrqxtbgyprbgppjfqmimmmfw/Index.noindex/DataStore @/Users/siam/Library/Developer/Xcode/DerivedData/Lingua_Quest-gvpckrqxtbgyprbgppjfqmimmmfw/Build/Intermediates.noindex/AppAuth.build/Debug-iphonesimulator/AppAuth.build/Objects-normal/arm64/e6072d4f65d7061329687fe24e3d63a7-common-args.resp -include /Users/siam/Library/Developer/Xcode/DerivedData/Lingua_Quest-gvpckrqxtbgyprbgppjfqmimmmfw/Build/Intermediates.noindex/AppAuth.build/Debug-iphonesimulator/AppAuth.build/DerivedSources/resource_bundle_accessor.h -MMD -MT dependencies -MF /Users/siam/Library/Developer/Xcode/DerivedData/Lingua_Quest-gvpckrqxtbgyprbgppjfqmimmmfw/Build/Intermediates.noindex/AppAuth.build/Debug-iphonesimulator/AppAuth.build/Objects-normal/arm64/OIDAuthState+IOS.d --serialize-diagnostics /Users/siam/Library/Developer/Xcode/DerivedData/Lingua_Quest-gvpckrqxtbgyprbgppjfqmimmmfw/Build/Intermediates.noindex/AppAuth.build/Debug-iphonesimulator/AppAuth.build/Objects-normal/arm64/OIDAuthState+IOS.dia -c /Users/siam/Library/Developer/Xcode/DerivedData/Lingua_Quest-gvpckrqxtbgyprbgppjfqmimmmfw/SourcePackages/checkouts/AppAuth-iOS/Sources/AppAuth/iOS/OIDAuthState+IOS.m -o /Users/siam/Library/Developer/Xcode/DerivedData/Lingua_Quest-gvpckrqxtbgyprbgppjfqmimmmfw/Build/Intermediates.noindex/AppAuth.build/Debug-iphonesimulator/AppAuth.build/Objects-normal/arm64/OIDAuthState+IOS.o -index-unit-output-path /AppAuth.build/Debug-iphonesimulator/AppAuth.build/Objects-normal/arm64/OIDAuthState+IOS.o

Copy /Users/siam/Library/Developer/Xcode/DerivedData/Lingua_Quest-gvpckrqxtbgyprbgppjfqmimmmfw/Build/Products/Debug-iphonesimulator/FirebaseSharedSwift.swiftmodule/x86_64-apple-ios-simulator.swiftmodule /Users/siam/Library/Developer/Xcode/DerivedData/Lingua_Quest-gvpckrqxtbgyprbgppjfqmimmmfw/Build/Intermediates.noindex/Firebase.build/Debug-iphonesimulator/FirebaseSharedSwift.build/Objects-normal/x86_64/FirebaseSharedSwift.swiftmodule (in target 'FirebaseSharedSwift' from project 'Firebase')
    cd /Users/siam/Library/Developer/Xcode/DerivedData/Lingua_Quest-gvpckrqxtbgyprbgppjfqmimmmfw/SourcePackages/checkouts/firebase-ios-sdk
    builtin-copy -exclude .DS_Store -exclude CVS -exclude .svn -exclude .git -exclude .hg -resolve-src-symlinks -rename /Users/siam/Library/Developer/Xcode/DerivedData/Lingua_Quest-gvpckrqxtbgyprbgppjfqmimmmfw/Build/Intermediates.noindex/Firebase.build/Debug-iphonesimulator/FirebaseSharedSwift.build/Objects-normal/x86_64/FirebaseSharedSwift.swiftmodule /Users/siam/Library/Developer/Xcode/DerivedData/Lingua_Quest-gvpckrqxtbgyprbgppjfqmimmmfw/Build/Products/Debug-iphonesimulator/FirebaseSharedSwift.swiftmodule/x86_64-apple-ios-simulator.swiftmodule

Copy /Users/siam/Library/Developer/Xcode/DerivedData/Lingua_Quest-gvpckrqxtbgyprbgppjfqmimmmfw/Build/Products/Debug-iphonesimulator/FirebaseSharedSwift.swiftmodule/x86_64-apple-ios-simulator.swiftdoc /Users/siam/Library/Developer/Xcode/DerivedData/Lingua_Quest-gvpckrqxtbgyprbgppjfqmimmmfw/Build/Intermediates.noindex/Firebase.build/Debug-iphonesimulator/FirebaseSharedSwift.build/Objects-normal/x86_64/FirebaseSharedSwift.swiftdoc (in target 'FirebaseSharedSwift' from project 'Firebase')
    cd /Users/siam/Library/Developer/Xcode/DerivedData/Lingua_Quest-gvpckrqxtbgyprbgppjfqmimmmfw/SourcePackages/checkouts/firebase-ios-sdk
    builtin-copy -exclude .DS_Store -exclude CVS -exclude .svn -exclude .git -exclude .hg -resolve-src-symlinks -rename /Users/siam/Library/Developer/Xcode/DerivedData/Lingua_Quest-gvpckrqxtbgyprbgppjfqmimmmfw/Build/Intermediates.noindex/Firebase.build/Debug-iphonesimulator/FirebaseSharedSwift.build/Objects-normal/x86_64/FirebaseSharedSwift.swiftdoc /Users/siam/Library/Developer/Xcode/DerivedData/Lingua_Quest-gvpckrqxtbgyprbgppjfqmimmmfw/Build/Products/Debug-iphonesimulator/FirebaseSharedSwift.swiftmodule/x86_64-apple-ios-simulator.swiftdoc

Copy /Users/siam/Library/Developer/Xcode/DerivedData/Lingua_Quest-gvpckrqxtbgyprbgppjfqmimmmfw/Build/Products/Debug-iphonesimulator/FirebaseSharedSwift.swiftmodule/x86_64-apple-ios-simulator.abi.json /Users/siam/Library/Developer/Xcode/DerivedData/Lingua_Quest-gvpckrqxtbgyprbgppjfqmimmmfw/Build/Intermediates.noindex/Firebase.build/Debug-iphonesimulator/FirebaseSharedSwift.build/Objects-normal/x86_64/FirebaseSharedSwift.abi.json (in target 'FirebaseSharedSwift' from project 'Firebase')
    cd /Users/siam/Library/Developer/Xcode/DerivedData/Lingua_Quest-gvpckrqxtbgyprbgppjfqmimmmfw/SourcePackages/checkouts/firebase-ios-sdk
    builtin-copy -exclude .DS_Store -exclude CVS -exclude .svn -exclude .git -exclude .hg -resolve-src-symlinks -rename /Users/siam/Library/Developer/Xcode/DerivedData/Lingua_Quest-gvpckrqxtbgyprbgppjfqmimmmfw/Build/Intermediates.noindex/Firebase.build/Debug-iphonesimulator/FirebaseSharedSwift.build/Objects-normal/x86_64/FirebaseSharedSwift.abi.json /Users/siam/Library/Developer/Xcode/DerivedData/Lingua_Quest-gvpckrqxtbgyprbgppjfqmimmmfw/Build/Products/Debug-iphonesimulator/FirebaseSharedSwift.swiftmodule/x86_64-apple-ios-simulator.abi.json

Copy /Users/siam/Library/Developer/Xcode/DerivedData/Lingua_Quest-gvpckrqxtbgyprbgppjfqmimmmfw/Build/Products/Debug-iphonesimulator/FirebaseSharedSwift.swiftmodule/Project/x86_64-apple-ios-simulator.swiftsourceinfo /Users/siam/Library/Developer/Xcode/DerivedData/Lingua_Quest-gvpckrqxtbgyprbgppjfqmimmmfw/Build/Intermediates.noindex/Firebase.build/Debug-iphonesimulator/FirebaseSharedSwift.build/Objects-normal/x86_64/FirebaseSharedSwift.swiftsourceinfo (in target 'FirebaseSharedSwift' from project 'Firebase')
    cd /Users/siam/Library/Developer/Xcode/DerivedData/Lingua_Quest-gvpckrqxtbgyprbgppjfqmimmmfw/SourcePackages/checkouts/firebase-ios-sdk
    builtin-copy -exclude .DS_Store -exclude CVS -exclude .svn -exclude .git -exclude .hg -resolve-src-symlinks -rename /Users/siam/Library/Developer/Xcode/DerivedData/Lingua_Quest-gvpckrqxtbgyprbgppjfqmimmmfw/Build/Intermediates.noindex/Firebase.build/Debug-iphonesimulator/FirebaseSharedSwift.build/Objects-normal/x86_64/FirebaseSharedSwift.swiftsourceinfo /Users/siam/Library/Developer/Xcode/DerivedData/Lingua_Quest-gvpckrqxtbgyprbgppjfqmimmmfw/Build/Products/Debug-iphonesimulator/FirebaseSharedSwift.swiftmodule/Project/x86_64-apple-ios-simulator.swiftsourceinfo

Ld /Users/siam/Library/Developer/Xcode/DerivedData/Lingua_Quest-gvpckrqxtbgyprbgppjfqmimmmfw/Build/Intermediates.noindex/leveldb.build/Debug-iphonesimulator/leveldb.build/Objects-normal/x86_64/Binary/leveldb.o normal x86_64 (in target 'leveldb' from project 'leveldb')
    cd /Users/siam/Library/Developer/Xcode/DerivedData/Lingua_Quest-gvpckrqxtbgyprbgppjfqmimmmfw/SourcePackages/checkouts/leveldb
    /Applications/Xcode.app/Contents/Developer/Toolchains/XcodeDefault.xctoolchain/usr/bin/clang++ -Xlinker -reproducible -target x86_64-apple-ios12.0-simulator -r -isysroot /Applications/Xcode.app/Contents/Developer/Platforms/iPhoneSimulator.platform/Developer/SDKs/iPhoneSimulator26.0.sdk -O0 -w -L/Users/siam/Library/Developer/Xcode/DerivedData/Lingua_Quest-gvpckrqxtbgyprbgppjfqmimmmfw/Build/Intermediates.noindex/EagerLinkingTBDs/Debug-iphonesimulator -L/Users/siam/Library/Developer/Xcode/DerivedData/Lingua_Quest-gvpckrqxtbgyprbgppjfqmimmmfw/Build/Products/Debug-iphonesimulator -L/Applications/Xcode.app/Contents/Developer/Platforms/iPhoneSimulator.platform/Developer/usr/lib -F/Users/siam/Library/Developer/Xcode/DerivedData/Lingua_Quest-gvpckrqxtbgyprbgppjfqmimmmfw/Build/Intermediates.noindex/EagerLinkingTBDs/Debug-iphonesimulator -F/Users/siam/Library/Developer/Xcode/DerivedData/Lingua_Quest-gvpckrqxtbgyprbgppjfqmimmmfw/Build/Products/Debug-iphonesimulator -iframework /Applications/Xcode.app/Contents/Developer/Platforms/iPhoneSimulator.platform/Developer/Library/Frameworks -iframework /Applications/Xcode.app/Contents/Developer/Platforms/iPhoneSimulator.platform/Developer/SDKs/iPhoneSimulator26.0.sdk/Developer/Library/Frameworks -filelist /Users/siam/Library/Developer/Xcode/DerivedData/Lingua_Quest-gvpckrqxtbgyprbgppjfqmimmmfw/Build/Intermediates.noindex/leveldb.build/Debug-iphonesimulator/leveldb.build/Objects-normal/x86_64/leveldb.LinkFileList -nostdlib -Xlinker -object_path_lto -Xlinker /Users/siam/Library/Developer/Xcode/DerivedData/Lingua_Quest-gvpckrqxtbgyprbgppjfqmimmmfw/Build/Intermediates.noindex/leveldb.build/Debug-iphonesimulator/leveldb.build/Objects-normal/x86_64/leveldb_lto.o -rdynamic -Xlinker -no_deduplicate -Xlinker -objc_abi_version -Xlinker 2 -Xlinker -debug_variant -Xlinker -dependency_info -Xlinker /Users/siam/Library/Developer/Xcode/DerivedData/Lingua_Quest-gvpckrqxtbgyprbgppjfqmimmmfw/Build/Intermediates.noindex/leveldb.build/Debug-iphonesimulator/leveldb.build/Objects-normal/x86_64/leveldb_dependency_info.dat -fobjc-arc -fobjc-link-runtime -o /Users/siam/Library/Developer/Xcode/DerivedData/Lingua_Quest-gvpckrqxtbgyprbgppjfqmimmmfw/Build/Intermediates.noindex/leveldb.build/Debug-iphonesimulator/leveldb.build/Objects-normal/x86_64/Binary/leveldb.o

Ld /Users/siam/Library/Developer/Xcode/DerivedData/Lingua_Quest-gvpckrqxtbgyprbgppjfqmimmmfw/Build/Intermediates.noindex/leveldb.build/Debug-iphonesimulator/leveldb.build/Objects-normal/arm64/Binary/leveldb.o normal arm64 (in target 'leveldb' from project 'leveldb')
    cd /Users/siam/Library/Developer/Xcode/DerivedData/Lingua_Quest-gvpckrqxtbgyprbgppjfqmimmmfw/SourcePackages/checkouts/leveldb
    /Applications/Xcode.app/Contents/Developer/Toolchains/XcodeDefault.xctoolchain/usr/bin/clang++ -Xlinker -reproducible -target arm64-apple-ios12.0-simulator -r -isysroot /Applications/Xcode.app/Contents/Developer/Platforms/iPhoneSimulator.platform/Developer/SDKs/iPhoneSimulator26.0.sdk -O0 -w -L/Users/siam/Library/Developer/Xcode/DerivedData/Lingua_Quest-gvpckrqxtbgyprbgppjfqmimmmfw/Build/Intermediates.noindex/EagerLinkingTBDs/Debug-iphonesimulator -L/Users/siam/Library/Developer/Xcode/DerivedData/Lingua_Quest-gvpckrqxtbgyprbgppjfqmimmmfw/Build/Products/Debug-iphonesimulator -L/Applications/Xcode.app/Contents/Developer/Platforms/iPhoneSimulator.platform/Developer/usr/lib -F/Users/siam/Library/Developer/Xcode/DerivedData/Lingua_Quest-gvpckrqxtbgyprbgppjfqmimmmfw/Build/Intermediates.noindex/EagerLinkingTBDs/Debug-iphonesimulator -F/Users/siam/Library/Developer/Xcode/DerivedData/Lingua_Quest-gvpckrqxtbgyprbgppjfqmimmmfw/Build/Products/Debug-iphonesimulator -iframework /Applications/Xcode.app/Contents/Developer/Platforms/iPhoneSimulator.platform/Developer/Library/Frameworks -iframework /Applications/Xcode.app/Contents/Developer/Platforms/iPhoneSimulator.platform/Developer/SDKs/iPhoneSimulator26.0.sdk/Developer/Library/Frameworks -filelist /Users/siam/Library/Developer/Xcode/DerivedData/Lingua_Quest-gvpckrqxtbgyprbgppjfqmimmmfw/Build/Intermediates.noindex/leveldb.build/Debug-iphonesimulator/leveldb.build/Objects-normal/arm64/leveldb.LinkFileList -nostdlib -Xlinker -object_path_lto -Xlinker /Users/siam/Library/Developer/Xcode/DerivedData/Lingua_Quest-gvpckrqxtbgyprbgppjfqmimmmfw/Build/Intermediates.noindex/leveldb.build/Debug-iphonesimulator/leveldb.build/Objects-normal/arm64/leveldb_lto.o -rdynamic -Xlinker -no_deduplicate -Xlinker -objc_abi_version -Xlinker 2 -Xlinker -debug_variant -Xlinker -dependency_info -Xlinker /Users/siam/Library/Developer/Xcode/DerivedData/Lingua_Quest-gvpckrqxtbgyprbgppjfqmimmmfw/Build/Intermediates.noindex/leveldb.build/Debug-iphonesimulator/leveldb.build/Objects-normal/arm64/leveldb_dependency_info.dat -fobjc-arc -fobjc-link-runtime -o /Users/siam/Library/Developer/Xcode/DerivedData/Lingua_Quest-gvpckrqxtbgyprbgppjfqmimmmfw/Build/Intermediates.noindex/leveldb.build/Debug-iphonesimulator/leveldb.build/Objects-normal/arm64/Binary/leveldb.o

SwiftDriver\ Compilation\ Requirements Promises normal x86_64 com.apple.xcode.tools.swift.compiler (in target 'Promises' from project 'Promises')
    cd /Users/siam/Desktop/Lingua\ Quest/Lingua\ Quest.xcodeproj
    builtin-Swift-Compilation-Requirements -- /Applications/Xcode.app/Contents/Developer/Toolchains/XcodeDefault.xctoolchain/usr/bin/swiftc -module-name Promises -Onone -enforce-exclusivity\=checked @/Users/siam/Library/Developer/Xcode/DerivedData/Lingua_Quest-gvpckrqxtbgyprbgppjfqmimmmfw/Build/Intermediates.noindex/Promises.build/Debug-iphonesimulator/Promises.build/Objects-normal/x86_64/Promises.SwiftFileList -DSWIFT_PACKAGE -DDEBUG -DSWIFT_MODULE_RESOURCE_BUNDLE_AVAILABLE -DXcode -plugin-path /Applications/Xcode.app/Contents/Developer/Toolchains/XcodeDefault.xctoolchain/usr/lib/swift/host/plugins/testing -enable-experimental-feature DebugDescriptionMacro -sdk /Applications/Xcode.app/Contents/Developer/Platforms/iPhoneSimulator.platform/Developer/SDKs/iPhoneSimulator26.0.sdk -target x86_64-apple-ios12.0-simulator -g -module-cache-path /Users/siam/Library/Developer/Xcode/DerivedData/ModuleCache.noindex -Xfrontend -serialize-debugging-options -profile-coverage-mapping -profile-generate -enable-testing -suppress-warnings -index-store-path /Users/siam/Library/Developer/Xcode/DerivedData/Lingua_Quest-gvpckrqxtbgyprbgppjfqmimmmfw/Index.noindex/DataStore -Xcc -D_LIBCPP_HARDENING_MODE\=_LIBCPP_HARDENING_MODE_DEBUG -swift-version 5 -I /Users/siam/Library/Developer/Xcode/DerivedData/Lingua_Quest-gvpckrqxtbgyprbgppjfqmimmmfw/Build/Products/Debug-iphonesimulator -Isystem /Applications/Xcode.app/Contents/Developer/Platforms/iPhoneSimulator.platform/Developer/usr/lib -F /Users/siam/Library/Developer/Xcode/DerivedData/Lingua_Quest-gvpckrqxtbgyprbgppjfqmimmmfw/Build/Products/Debug-iphonesimulator/PackageFrameworks -F /Users/siam/Library/Developer/Xcode/DerivedData/Lingua_Quest-gvpckrqxtbgyprbgppjfqmimmmfw/Build/Products/Debug-iphonesimulator -F /Applications/Xcode.app/Contents/Developer/Platforms/iPhoneSimulator.platform/Developer/Library/Frameworks -F /Applications/Xcode.app/Contents/Developer/Platforms/iPhoneSimulator.platform/Developer/SDKs/iPhoneSimulator26.0.sdk/Developer/Library/Frameworks -c -j12 -enable-batch-mode -incremental -Xcc -ivfsstatcache -Xcc /Users/siam/Library/Developer/Xcode/DerivedData/SDKStatCaches.noindex/iphonesimulator26.0-23A339-26257891a6c027eb51374368541b8346.sdkstatcache -output-file-map /Users/siam/Library/Developer/Xcode/DerivedData/Lingua_Quest-gvpckrqxtbgyprbgppjfqmimmmfw/Build/Intermediates.noindex/Promises.build/Debug-iphonesimulator/Promises.build/Objects-normal/x86_64/Promises-OutputFileMap.json -use-frontend-parseable-output -save-temps -no-color-diagnostics -explicit-module-build -module-cache-path /Users/siam/Library/Developer/Xcode/DerivedData/Lingua_Quest-gvpckrqxtbgyprbgppjfqmimmmfw/Build/Intermediates.noindex/SwiftExplicitPrecompiledModules -clang-scanner-module-cache-path /Users/siam/Library/Developer/Xcode/DerivedData/ModuleCache.noindex -sdk-module-cache-path /Users/siam/Library/Developer/Xcode/DerivedData/ModuleCache.noindex -serialize-diagnostics -emit-dependencies -emit-module -emit-module-path /Users/siam/Library/Developer/Xcode/DerivedData/Lingua_Quest-gvpckrqxtbgyprbgppjfqmimmmfw/Build/Intermediates.noindex/Promises.build/Debug-iphonesimulator/Promises.build/Objects-normal/x86_64/Promises.swiftmodule -validate-clang-modules-once -clang-build-session-file /Users/siam/Library/Developer/Xcode/DerivedData/ModuleCache.noindex/Session.modulevalidation -Xcc -I/Users/siam/Library/Developer/Xcode/DerivedData/Lingua_Quest-gvpckrqxtbgyprbgppjfqmimmmfw/Build/Intermediates.noindex/Promises.build/Debug-iphonesimulator/Promises.build/swift-overrides.hmap -emit-const-values -Xfrontend -const-gather-protocols-file -Xfrontend /Users/siam/Library/Developer/Xcode/DerivedData/Lingua_Quest-gvpckrqxtbgyprbgppjfqmimmmfw/Build/Intermediates.noindex/Promises.build/Debug-iphonesimulator/Promises.build/Objects-normal/x86_64/Promises_const_extract_protocols.json -Xcc -I/Users/siam/Library/Developer/Xcode/DerivedData/Lingua_Quest-gvpckrqxtbgyprbgppjfqmimmmfw/SourcePackages/checkouts/promises/Sources/FBLPromises/include -Xcc -I/Users/siam/Library/Developer/Xcode/DerivedData/Lingua_Quest-gvpckrqxtbgyprbgppjfqmimmmfw/Build/Products/Debug-iphonesimulator/include -Xcc -I/Users/siam/Library/Developer/Xcode/DerivedData/Lingua_Quest-gvpckrqxtbgyprbgppjfqmimmmfw/Build/Intermediates.noindex/Promises.build/Debug-iphonesimulator/Promises.build/DerivedSources-normal/x86_64 -Xcc -I/Users/siam/Library/Developer/Xcode/DerivedData/Lingua_Quest-gvpckrqxtbgyprbgppjfqmimmmfw/Build/Intermediates.noindex/Promises.build/Debug-iphonesimulator/Promises.build/DerivedSources/x86_64 -Xcc -I/Users/siam/Library/Developer/Xcode/DerivedData/Lingua_Quest-gvpckrqxtbgyprbgppjfqmimmmfw/Build/Intermediates.noindex/Promises.build/Debug-iphonesimulator/Promises.build/DerivedSources -Xcc -DSWIFT_PACKAGE -Xcc -DDEBUG\=1 -emit-objc-header -emit-objc-header-path /Users/siam/Library/Developer/Xcode/DerivedData/Lingua_Quest-gvpckrqxtbgyprbgppjfqmimmmfw/Build/Intermediates.noindex/Promises.build/Debug-iphonesimulator/Promises.build/Objects-normal/x86_64/Promises-Swift.h -working-directory /Users/siam/Desktop/Lingua\ Quest/Lingua\ Quest.xcodeproj -experimental-emit-module-separately -disable-cmo

Ld /Users/siam/Library/Developer/Xcode/DerivedData/Lingua_Quest-gvpckrqxtbgyprbgppjfqmimmmfw/Build/Intermediates.noindex/gRPC.build/Debug-iphonesimulator/opensslWrapper.build/Objects-normal/x86_64/Binary/opensslWrapper.o normal x86_64 (in target 'opensslWrapper' from project 'gRPC')
    cd /Users/siam/Library/Developer/Xcode/DerivedData/Lingua_Quest-gvpckrqxtbgyprbgppjfqmimmmfw/SourcePackages/checkouts/grpc-binary
    /Applications/Xcode.app/Contents/Developer/Toolchains/XcodeDefault.xctoolchain/usr/bin/clang -Xlinker -reproducible -target x86_64-apple-ios12.0-simulator -r -isysroot /Applications/Xcode.app/Contents/Developer/Platforms/iPhoneSimulator.platform/Developer/SDKs/iPhoneSimulator26.0.sdk -O0 -w -L/Users/siam/Library/Developer/Xcode/DerivedData/Lingua_Quest-gvpckrqxtbgyprbgppjfqmimmmfw/Build/Intermediates.noindex/EagerLinkingTBDs/Debug-iphonesimulator -L/Users/siam/Library/Developer/Xcode/DerivedData/Lingua_Quest-gvpckrqxtbgyprbgppjfqmimmmfw/Build/Products/Debug-iphonesimulator -L/Applications/Xcode.app/Contents/Developer/Platforms/iPhoneSimulator.platform/Developer/usr/lib -F/Users/siam/Library/Developer/Xcode/DerivedData/Lingua_Quest-gvpckrqxtbgyprbgppjfqmimmmfw/Build/Intermediates.noindex/EagerLinkingTBDs/Debug-iphonesimulator -F/Users/siam/Library/Developer/Xcode/DerivedData/Lingua_Quest-gvpckrqxtbgyprbgppjfqmimmmfw/Build/Products/Debug-iphonesimulator -iframework /Applications/Xcode.app/Contents/Developer/Platforms/iPhoneSimulator.platform/Developer/Library/Frameworks -iframework /Applications/Xcode.app/Contents/Developer/Platforms/iPhoneSimulator.platform/Developer/SDKs/iPhoneSimulator26.0.sdk/Developer/Library/Frameworks -filelist /Users/siam/Library/Developer/Xcode/DerivedData/Lingua_Quest-gvpckrqxtbgyprbgppjfqmimmmfw/Build/Intermediates.noindex/gRPC.build/Debug-iphonesimulator/opensslWrapper.build/Objects-normal/x86_64/opensslWrapper.LinkFileList -nostdlib -Xlinker -object_path_lto -Xlinker /Users/siam/Library/Developer/Xcode/DerivedData/Lingua_Quest-gvpckrqxtbgyprbgppjfqmimmmfw/Build/Intermediates.noindex/gRPC.build/Debug-iphonesimulator/opensslWrapper.build/Objects-normal/x86_64/opensslWrapper_lto.o -rdynamic -Xlinker -no_deduplicate -Xlinker -objc_abi_version -Xlinker 2 -Xlinker -debug_variant -Xlinker -dependency_info -Xlinker /Users/siam/Library/Developer/Xcode/DerivedData/Lingua_Quest-gvpckrqxtbgyprbgppjfqmimmmfw/Build/Intermediates.noindex/gRPC.build/Debug-iphonesimulator/opensslWrapper.build/Objects-normal/x86_64/opensslWrapper_dependency_info.dat -fobjc-arc -fobjc-link-runtime -o /Users/siam/Library/Developer/Xcode/DerivedData/Lingua_Quest-gvpckrqxtbgyprbgppjfqmimmmfw/Build/Intermediates.noindex/gRPC.build/Debug-iphonesimulator/opensslWrapper.build/Objects-normal/x86_64/Binary/opensslWrapper.o

Ld /Users/siam/Library/Developer/Xcode/DerivedData/Lingua_Quest-gvpckrqxtbgyprbgppjfqmimmmfw/Build/Intermediates.noindex/gRPC.build/Debug-iphonesimulator/opensslWrapper.build/Objects-normal/arm64/Binary/opensslWrapper.o normal arm64 (in target 'opensslWrapper' from project 'gRPC')
    cd /Users/siam/Library/Developer/Xcode/DerivedData/Lingua_Quest-gvpckrqxtbgyprbgppjfqmimmmfw/SourcePackages/checkouts/grpc-binary
    /Applications/Xcode.app/Contents/Developer/Toolchains/XcodeDefault.xctoolchain/usr/bin/clang -Xlinker -reproducible -target arm64-apple-ios12.0-simulator -r -isysroot /Applications/Xcode.app/Contents/Developer/Platforms/iPhoneSimulator.platform/Developer/SDKs/iPhoneSimulator26.0.sdk -O0 -w -L/Users/siam/Library/Developer/Xcode/DerivedData/Lingua_Quest-gvpckrqxtbgyprbgppjfqmimmmfw/Build/Intermediates.noindex/EagerLinkingTBDs/Debug-iphonesimulator -L/Users/siam/Library/Developer/Xcode/DerivedData/Lingua_Quest-gvpckrqxtbgyprbgppjfqmimmmfw/Build/Products/Debug-iphonesimulator -L/Applications/Xcode.app/Contents/Developer/Platforms/iPhoneSimulator.platform/Developer/usr/lib -F/Users/siam/Library/Developer/Xcode/DerivedData/Lingua_Quest-gvpckrqxtbgyprbgppjfqmimmmfw/Build/Intermediates.noindex/EagerLinkingTBDs/Debug-iphonesimulator -F/Users/siam/Library/Developer/Xcode/DerivedData/Lingua_Quest-gvpckrqxtbgyprbgppjfqmimmmfw/Build/Products/Debug-iphonesimulator -iframework /Applications/Xcode.app/Contents/Developer/Platforms/iPhoneSimulator.platform/Developer/Library/Frameworks -iframework /Applications/Xcode.app/Contents/Developer/Platforms/iPhoneSimulator.platform/Developer/SDKs/iPhoneSimulator26.0.sdk/Developer/Library/Frameworks -filelist /Users/siam/Library/Developer/Xcode/DerivedData/Lingua_Quest-gvpckrqxtbgyprbgppjfqmimmmfw/Build/Intermediates.noindex/gRPC.build/Debug-iphonesimulator/opensslWrapper.build/Objects-normal/arm64/opensslWrapper.LinkFileList -nostdlib -Xlinker -object_path_lto -Xlinker /Users/siam/Library/Developer/Xcode/DerivedData/Lingua_Quest-gvpckrqxtbgyprbgppjfqmimmmfw/Build/Intermediates.noindex/gRPC.build/Debug-iphonesimulator/opensslWrapper.build/Objects-normal/arm64/opensslWrapper_lto.o -rdynamic -Xlinker -no_deduplicate -Xlinker -objc_abi_version -Xlinker 2 -Xlinker -debug_variant -Xlinker -dependency_info -Xlinker /Users/siam/Library/Developer/Xcode/DerivedData/Lingua_Quest-gvpckrqxtbgyprbgppjfqmimmmfw/Build/Intermediates.noindex/gRPC.build/Debug-iphonesimulator/opensslWrapper.build/Objects-normal/arm64/opensslWrapper_dependency_info.dat -fobjc-arc -fobjc-link-runtime -o /Users/siam/Library/Developer/Xcode/DerivedData/Lingua_Quest-gvpckrqxtbgyprbgppjfqmimmmfw/Build/Intermediates.noindex/gRPC.build/Debug-iphonesimulator/opensslWrapper.build/Objects-normal/arm64/Binary/opensslWrapper.o

SwiftDriver\ Compilation\ Requirements Swinject normal x86_64 com.apple.xcode.tools.swift.compiler (in target 'Swinject' from project 'Swinject')
    cd /Users/siam/Desktop/Lingua\ Quest/Lingua\ Quest.xcodeproj
    builtin-Swift-Compilation-Requirements -- /Applications/Xcode.app/Contents/Developer/Toolchains/XcodeDefault.xctoolchain/usr/bin/swiftc -module-name Swinject -Onone -enforce-exclusivity\=checked @/Users/siam/Library/Developer/Xcode/DerivedData/Lingua_Quest-gvpckrqxtbgyprbgppjfqmimmmfw/Build/Intermediates.noindex/Swinject.build/Debug-iphonesimulator/Swinject.build/Objects-normal/x86_64/Swinject.SwiftFileList -DSWIFT_PACKAGE -DDEBUG -DSWIFT_MODULE_RESOURCE_BUNDLE_AVAILABLE -DXcode -plugin-path /Applications/Xcode.app/Contents/Developer/Toolchains/XcodeDefault.xctoolchain/usr/lib/swift/host/plugins/testing -enable-experimental-feature DebugDescriptionMacro -sdk /Applications/Xcode.app/Contents/Developer/Platforms/iPhoneSimulator.platform/Developer/SDKs/iPhoneSimulator26.0.sdk -target x86_64-apple-ios12.0-simulator -g -module-cache-path /Users/siam/Library/Developer/Xcode/DerivedData/ModuleCache.noindex -Xfrontend -serialize-debugging-options -profile-coverage-mapping -profile-generate -enable-testing -suppress-warnings -index-store-path /Users/siam/Library/Developer/Xcode/DerivedData/Lingua_Quest-gvpckrqxtbgyprbgppjfqmimmmfw/Index.noindex/DataStore -Xcc -D_LIBCPP_HARDENING_MODE\=_LIBCPP_HARDENING_MODE_DEBUG -swift-version 6 -I /Users/siam/Library/Developer/Xcode/DerivedData/Lingua_Quest-gvpckrqxtbgyprbgppjfqmimmmfw/Build/Products/Debug-iphonesimulator -Isystem /Applications/Xcode.app/Contents/Developer/Platforms/iPhoneSimulator.platform/Developer/usr/lib -F /Users/siam/Library/Developer/Xcode/DerivedData/Lingua_Quest-gvpckrqxtbgyprbgppjfqmimmmfw/Build/Products/Debug-iphonesimulator -F /Applications/Xcode.app/Contents/Developer/Platforms/iPhoneSimulator.platform/Developer/Library/Frameworks -F /Applications/Xcode.app/Contents/Developer/Platforms/iPhoneSimulator.platform/Developer/SDKs/iPhoneSimulator26.0.sdk/Developer/Library/Frameworks -c -j12 -enable-batch-mode -incremental -Xcc -ivfsstatcache -Xcc /Users/siam/Library/Developer/Xcode/DerivedData/SDKStatCaches.noindex/iphonesimulator26.0-23A339-26257891a6c027eb51374368541b8346.sdkstatcache -output-file-map /Users/siam/Library/Developer/Xcode/DerivedData/Lingua_Quest-gvpckrqxtbgyprbgppjfqmimmmfw/Build/Intermediates.noindex/Swinject.build/Debug-iphonesimulator/Swinject.build/Objects-normal/x86_64/Swinject-OutputFileMap.json -use-frontend-parseable-output -save-temps -no-color-diagnostics -explicit-module-build -module-cache-path /Users/siam/Library/Developer/Xcode/DerivedData/Lingua_Quest-gvpckrqxtbgyprbgppjfqmimmmfw/Build/Intermediates.noindex/SwiftExplicitPrecompiledModules -clang-scanner-module-cache-path /Users/siam/Library/Developer/Xcode/DerivedData/ModuleCache.noindex -sdk-module-cache-path /Users/siam/Library/Developer/Xcode/DerivedData/ModuleCache.noindex -serialize-diagnostics -emit-dependencies -emit-module -emit-module-path /Users/siam/Library/Developer/Xcode/DerivedData/Lingua_Quest-gvpckrqxtbgyprbgppjfqmimmmfw/Build/Intermediates.noindex/Swinject.build/Debug-iphonesimulator/Swinject.build/Objects-normal/x86_64/Swinject.swiftmodule -user-module-version 2.10.0 -validate-clang-modules-once -clang-build-session-file /Users/siam/Library/Developer/Xcode/DerivedData/ModuleCache.noindex/Session.modulevalidation -package-name swinject -Xcc -I/Users/siam/Library/Developer/Xcode/DerivedData/Lingua_Quest-gvpckrqxtbgyprbgppjfqmimmmfw/Build/Intermediates.noindex/Swinject.build/Debug-iphonesimulator/Swinject.build/swift-overrides.hmap -emit-const-values -Xfrontend -const-gather-protocols-file -Xfrontend /Users/siam/Library/Developer/Xcode/DerivedData/Lingua_Quest-gvpckrqxtbgyprbgppjfqmimmmfw/Build/Intermediates.noindex/Swinject.build/Debug-iphonesimulator/Swinject.build/Objects-normal/x86_64/Swinject_const_extract_protocols.json -Xcc -I/Users/siam/Library/Developer/Xcode/DerivedData/Lingua_Quest-gvpckrqxtbgyprbgppjfqmimmmfw/Build/Products/Debug-iphonesimulator/include -Xcc -I/Users/siam/Library/Developer/Xcode/DerivedData/Lingua_Quest-gvpckrqxtbgyprbgppjfqmimmmfw/Build/Intermediates.noindex/Swinject.build/Debug-iphonesimulator/Swinject.build/DerivedSources-normal/x86_64 -Xcc -I/Users/siam/Library/Developer/Xcode/DerivedData/Lingua_Quest-gvpckrqxtbgyprbgppjfqmimmmfw/Build/Intermediates.noindex/Swinject.build/Debug-iphonesimulator/Swinject.build/DerivedSources/x86_64 -Xcc -I/Users/siam/Library/Developer/Xcode/DerivedData/Lingua_Quest-gvpckrqxtbgyprbgppjfqmimmmfw/Build/Intermediates.noindex/Swinject.build/Debug-iphonesimulator/Swinject.build/DerivedSources -Xcc -DSWIFT_PACKAGE -Xcc -DDEBUG\=1 -emit-objc-header -emit-objc-header-path /Users/siam/Library/Developer/Xcode/DerivedData/Lingua_Quest-gvpckrqxtbgyprbgppjfqmimmmfw/Build/Intermediates.noindex/Swinject.build/Debug-iphonesimulator/Swinject.build/Objects-normal/x86_64/Swinject-Swift.h -working-directory /Users/siam/Desktop/Lingua\ Quest/Lingua\ Quest.xcodeproj -experimental-emit-module-separately -disable-cmo

SwiftDriver\ Compilation\ Requirements Swinject normal arm64 com.apple.xcode.tools.swift.compiler (in target 'Swinject' from project 'Swinject')
    cd /Users/siam/Desktop/Lingua\ Quest/Lingua\ Quest.xcodeproj
    builtin-Swift-Compilation-Requirements -- /Applications/Xcode.app/Contents/Developer/Toolchains/XcodeDefault.xctoolchain/usr/bin/swiftc -module-name Swinject -Onone -enforce-exclusivity\=checked @/Users/siam/Library/Developer/Xcode/DerivedData/Lingua_Quest-gvpckrqxtbgyprbgppjfqmimmmfw/Build/Intermediates.noindex/Swinject.build/Debug-iphonesimulator/Swinject.build/Objects-normal/arm64/Swinject.SwiftFileList -DSWIFT_PACKAGE -DDEBUG -DSWIFT_MODULE_RESOURCE_BUNDLE_AVAILABLE -DXcode -plugin-path /Applications/Xcode.app/Contents/Developer/Toolchains/XcodeDefault.xctoolchain/usr/lib/swift/host/plugins/testing -enable-experimental-feature DebugDescriptionMacro -sdk /Applications/Xcode.app/Contents/Developer/Platforms/iPhoneSimulator.platform/Developer/SDKs/iPhoneSimulator26.0.sdk -target arm64-apple-ios12.0-simulator -g -module-cache-path /Users/siam/Library/Developer/Xcode/DerivedData/ModuleCache.noindex -Xfrontend -serialize-debugging-options -profile-coverage-mapping -profile-generate -enable-testing -suppress-warnings -index-store-path /Users/siam/Library/Developer/Xcode/DerivedData/Lingua_Quest-gvpckrqxtbgyprbgppjfqmimmmfw/Index.noindex/DataStore -Xcc -D_LIBCPP_HARDENING_MODE\=_LIBCPP_HARDENING_MODE_DEBUG -swift-version 6 -I /Users/siam/Library/Developer/Xcode/DerivedData/Lingua_Quest-gvpckrqxtbgyprbgppjfqmimmmfw/Build/Products/Debug-iphonesimulator -Isystem /Applications/Xcode.app/Contents/Developer/Platforms/iPhoneSimulator.platform/Developer/usr/lib -F /Users/siam/Library/Developer/Xcode/DerivedData/Lingua_Quest-gvpckrqxtbgyprbgppjfqmimmmfw/Build/Products/Debug-iphonesimulator -F /Applications/Xcode.app/Contents/Developer/Platforms/iPhoneSimulator.platform/Developer/Library/Frameworks -F /Applications/Xcode.app/Contents/Developer/Platforms/iPhoneSimulator.platform/Developer/SDKs/iPhoneSimulator26.0.sdk/Developer/Library/Frameworks -c -j12 -enable-batch-mode -incremental -Xcc -ivfsstatcache -Xcc /Users/siam/Library/Developer/Xcode/DerivedData/SDKStatCaches.noindex/iphonesimulator26.0-23A339-26257891a6c027eb51374368541b8346.sdkstatcache -output-file-map /Users/siam/Library/Developer/Xcode/DerivedData/Lingua_Quest-gvpckrqxtbgyprbgppjfqmimmmfw/Build/Intermediates.noindex/Swinject.build/Debug-iphonesimulator/Swinject.build/Objects-normal/arm64/Swinject-OutputFileMap.json -use-frontend-parseable-output -save-temps -no-color-diagnostics -explicit-module-build -module-cache-path /Users/siam/Library/Developer/Xcode/DerivedData/Lingua_Quest-gvpckrqxtbgyprbgppjfqmimmmfw/Build/Intermediates.noindex/SwiftExplicitPrecompiledModules -clang-scanner-module-cache-path /Users/siam/Library/Developer/Xcode/DerivedData/ModuleCache.noindex -sdk-module-cache-path /Users/siam/Library/Developer/Xcode/DerivedData/ModuleCache.noindex -serialize-diagnostics -emit-dependencies -emit-module -emit-module-path /Users/siam/Library/Developer/Xcode/DerivedData/Lingua_Quest-gvpckrqxtbgyprbgppjfqmimmmfw/Build/Intermediates.noindex/Swinject.build/Debug-iphonesimulator/Swinject.build/Objects-normal/arm64/Swinject.swiftmodule -user-module-version 2.10.0 -validate-clang-modules-once -clang-build-session-file /Users/siam/Library/Developer/Xcode/DerivedData/ModuleCache.noindex/Session.modulevalidation -package-name swinject -Xcc -I/Users/siam/Library/Developer/Xcode/DerivedData/Lingua_Quest-gvpckrqxtbgyprbgppjfqmimmmfw/Build/Intermediates.noindex/Swinject.build/Debug-iphonesimulator/Swinject.build/swift-overrides.hmap -emit-const-values -Xfrontend -const-gather-protocols-file -Xfrontend /Users/siam/Library/Developer/Xcode/DerivedData/Lingua_Quest-gvpckrqxtbgyprbgppjfqmimmmfw/Build/Intermediates.noindex/Swinject.build/Debug-iphonesimulator/Swinject.build/Objects-normal/arm64/Swinject_const_extract_protocols.json -Xcc -I/Users/siam/Library/Developer/Xcode/DerivedData/Lingua_Quest-gvpckrqxtbgyprbgppjfqmimmmfw/Build/Products/Debug-iphonesimulator/include -Xcc -I/Users/siam/Library/Developer/Xcode/DerivedData/Lingua_Quest-gvpckrqxtbgyprbgppjfqmimmmfw/Build/Intermediates.noindex/Swinject.build/Debug-iphonesimulator/Swinject.build/DerivedSources-normal/arm64 -Xcc -I/Users/siam/Library/Developer/Xcode/DerivedData/Lingua_Quest-gvpckrqxtbgyprbgppjfqmimmmfw/Build/Intermediates.noindex/Swinject.build/Debug-iphonesimulator/Swinject.build/DerivedSources/arm64 -Xcc -I/Users/siam/Library/Developer/Xcode/DerivedData/Lingua_Quest-gvpckrqxtbgyprbgppjfqmimmmfw/Build/Intermediates.noindex/Swinject.build/Debug-iphonesimulator/Swinject.build/DerivedSources -Xcc -DSWIFT_PACKAGE -Xcc -DDEBUG\=1 -emit-objc-header -emit-objc-header-path /Users/siam/Library/Developer/Xcode/DerivedData/Lingua_Quest-gvpckrqxtbgyprbgppjfqmimmmfw/Build/Intermediates.noindex/Swinject.build/Debug-iphonesimulator/Swinject.build/Objects-normal/arm64/Swinject-Swift.h -working-directory /Users/siam/Desktop/Lingua\ Quest/Lingua\ Quest.xcodeproj -experimental-emit-module-separately -disable-cmo

Copy /Users/siam/Library/Developer/Xcode/DerivedData/Lingua_Quest-gvpckrqxtbgyprbgppjfqmimmmfw/Build/Products/Debug-iphonesimulator/Swinject.swiftmodule/x86_64-apple-ios-simulator.swiftmodule /Users/siam/Library/Developer/Xcode/DerivedData/Lingua_Quest-gvpckrqxtbgyprbgppjfqmimmmfw/Build/Intermediates.noindex/Swinject.build/Debug-iphonesimulator/Swinject.build/Objects-normal/x86_64/Swinject.swiftmodule (in target 'Swinject' from project 'Swinject')
    cd /Users/siam/Library/Developer/Xcode/DerivedData/Lingua_Quest-gvpckrqxtbgyprbgppjfqmimmmfw/SourcePackages/checkouts/Swinject
    builtin-copy -exclude .DS_Store -exclude CVS -exclude .svn -exclude .git -exclude .hg -resolve-src-symlinks -rename /Users/siam/Library/Developer/Xcode/DerivedData/Lingua_Quest-gvpckrqxtbgyprbgppjfqmimmmfw/Build/Intermediates.noindex/Swinject.build/Debug-iphonesimulator/Swinject.build/Objects-normal/x86_64/Swinject.swiftmodule /Users/siam/Library/Developer/Xcode/DerivedData/Lingua_Quest-gvpckrqxtbgyprbgppjfqmimmmfw/Build/Products/Debug-iphonesimulator/Swinject.swiftmodule/x86_64-apple-ios-simulator.swiftmodule

Copy /Users/siam/Library/Developer/Xcode/DerivedData/Lingua_Quest-gvpckrqxtbgyprbgppjfqmimmmfw/Build/Products/Debug-iphonesimulator/Swinject.swiftmodule/x86_64-apple-ios-simulator.swiftdoc /Users/siam/Library/Developer/Xcode/DerivedData/Lingua_Quest-gvpckrqxtbgyprbgppjfqmimmmfw/Build/Intermediates.noindex/Swinject.build/Debug-iphonesimulator/Swinject.build/Objects-normal/x86_64/Swinject.swiftdoc (in target 'Swinject' from project 'Swinject')
    cd /Users/siam/Library/Developer/Xcode/DerivedData/Lingua_Quest-gvpckrqxtbgyprbgppjfqmimmmfw/SourcePackages/checkouts/Swinject
    builtin-copy -exclude .DS_Store -exclude CVS -exclude .svn -exclude .git -exclude .hg -resolve-src-symlinks -rename /Users/siam/Library/Developer/Xcode/DerivedData/Lingua_Quest-gvpckrqxtbgyprbgppjfqmimmmfw/Build/Intermediates.noindex/Swinject.build/Debug-iphonesimulator/Swinject.build/Objects-normal/x86_64/Swinject.swiftdoc /Users/siam/Library/Developer/Xcode/DerivedData/Lingua_Quest-gvpckrqxtbgyprbgppjfqmimmmfw/Build/Products/Debug-iphonesimulator/Swinject.swiftmodule/x86_64-apple-ios-simulator.swiftdoc

SwiftMergeGeneratedHeaders /Users/siam/Library/Developer/Xcode/DerivedData/Lingua_Quest-gvpckrqxtbgyprbgppjfqmimmmfw/Build/Intermediates.noindex/GeneratedModuleMaps-iphonesimulator/Swinject-Swift.h /Users/siam/Library/Developer/Xcode/DerivedData/Lingua_Quest-gvpckrqxtbgyprbgppjfqmimmmfw/Build/Intermediates.noindex/Swinject.build/Debug-iphonesimulator/Swinject.build/Objects-normal/arm64/Swinject-Swift.h /Users/siam/Library/Developer/Xcode/DerivedData/Lingua_Quest-gvpckrqxtbgyprbgppjfqmimmmfw/Build/Intermediates.noindex/Swinject.build/Debug-iphonesimulator/Swinject.build/Objects-normal/x86_64/Swinject-Swift.h (in target 'Swinject' from project 'Swinject')
    cd /Users/siam/Library/Developer/Xcode/DerivedData/Lingua_Quest-gvpckrqxtbgyprbgppjfqmimmmfw/SourcePackages/checkouts/Swinject
    builtin-swiftHeaderTool -arch arm64 /Users/siam/Library/Developer/Xcode/DerivedData/Lingua_Quest-gvpckrqxtbgyprbgppjfqmimmmfw/Build/Intermediates.noindex/Swinject.build/Debug-iphonesimulator/Swinject.build/Objects-normal/arm64/Swinject-Swift.h -arch x86_64 /Users/siam/Library/Developer/Xcode/DerivedData/Lingua_Quest-gvpckrqxtbgyprbgppjfqmimmmfw/Build/Intermediates.noindex/Swinject.build/Debug-iphonesimulator/Swinject.build/Objects-normal/x86_64/Swinject-Swift.h -o /Users/siam/Library/Developer/Xcode/DerivedData/Lingua_Quest-gvpckrqxtbgyprbgppjfqmimmmfw/Build/Intermediates.noindex/GeneratedModuleMaps-iphonesimulator/Swinject-Swift.h

CreateUniversalBinary /Users/siam/Library/Developer/Xcode/DerivedData/Lingua_Quest-gvpckrqxtbgyprbgppjfqmimmmfw/Build/Products/Debug-iphonesimulator/leveldb.o normal arm64\ x86_64 (in target 'leveldb' from project 'leveldb')
    cd /Users/siam/Library/Developer/Xcode/DerivedData/Lingua_Quest-gvpckrqxtbgyprbgppjfqmimmmfw/SourcePackages/checkouts/leveldb
    /Applications/Xcode.app/Contents/Developer/Toolchains/XcodeDefault.xctoolchain/usr/bin/lipo -create /Users/siam/Library/Developer/Xcode/DerivedData/Lingua_Quest-gvpckrqxtbgyprbgppjfqmimmmfw/Build/Intermediates.noindex/leveldb.build/Debug-iphonesimulator/leveldb.build/Objects-normal/arm64/Binary/leveldb.o /Users/siam/Library/Developer/Xcode/DerivedData/Lingua_Quest-gvpckrqxtbgyprbgppjfqmimmmfw/Build/Intermediates.noindex/leveldb.build/Debug-iphonesimulator/leveldb.build/Objects-normal/x86_64/Binary/leveldb.o -output /Users/siam/Library/Developer/Xcode/DerivedData/Lingua_Quest-gvpckrqxtbgyprbgppjfqmimmmfw/Build/Products/Debug-iphonesimulator/leveldb.o

Copy /Users/siam/Library/Developer/Xcode/DerivedData/Lingua_Quest-gvpckrqxtbgyprbgppjfqmimmmfw/Build/Products/Debug-iphonesimulator/Swinject.swiftmodule/x86_64-apple-ios-simulator.abi.json /Users/siam/Library/Developer/Xcode/DerivedData/Lingua_Quest-gvpckrqxtbgyprbgppjfqmimmmfw/Build/Intermediates.noindex/Swinject.build/Debug-iphonesimulator/Swinject.build/Objects-normal/x86_64/Swinject.abi.json (in target 'Swinject' from project 'Swinject')
    cd /Users/siam/Library/Developer/Xcode/DerivedData/Lingua_Quest-gvpckrqxtbgyprbgppjfqmimmmfw/SourcePackages/checkouts/Swinject
    builtin-copy -exclude .DS_Store -exclude CVS -exclude .svn -exclude .git -exclude .hg -resolve-src-symlinks -rename /Users/siam/Library/Developer/Xcode/DerivedData/Lingua_Quest-gvpckrqxtbgyprbgppjfqmimmmfw/Build/Intermediates.noindex/Swinject.build/Debug-iphonesimulator/Swinject.build/Objects-normal/x86_64/Swinject.abi.json /Users/siam/Library/Developer/Xcode/DerivedData/Lingua_Quest-gvpckrqxtbgyprbgppjfqmimmmfw/Build/Products/Debug-iphonesimulator/Swinject.swiftmodule/x86_64-apple-ios-simulator.abi.json

Copy /Users/siam/Library/Developer/Xcode/DerivedData/Lingua_Quest-gvpckrqxtbgyprbgppjfqmimmmfw/Build/Products/Debug-iphonesimulator/Swinject.swiftmodule/arm64-apple-ios-simulator.swiftmodule /Users/siam/Library/Developer/Xcode/DerivedData/Lingua_Quest-gvpckrqxtbgyprbgppjfqmimmmfw/Build/Intermediates.noindex/Swinject.build/Debug-iphonesimulator/Swinject.build/Objects-normal/arm64/Swinject.swiftmodule (in target 'Swinject' from project 'Swinject')
    cd /Users/siam/Library/Developer/Xcode/DerivedData/Lingua_Quest-gvpckrqxtbgyprbgppjfqmimmmfw/SourcePackages/checkouts/Swinject
    builtin-copy -exclude .DS_Store -exclude CVS -exclude .svn -exclude .git -exclude .hg -resolve-src-symlinks -rename /Users/siam/Library/Developer/Xcode/DerivedData/Lingua_Quest-gvpckrqxtbgyprbgppjfqmimmmfw/Build/Intermediates.noindex/Swinject.build/Debug-iphonesimulator/Swinject.build/Objects-normal/arm64/Swinject.swiftmodule /Users/siam/Library/Developer/Xcode/DerivedData/Lingua_Quest-gvpckrqxtbgyprbgppjfqmimmmfw/Build/Products/Debug-iphonesimulator/Swinject.swiftmodule/arm64-apple-ios-simulator.swiftmodule

Copy /Users/siam/Library/Developer/Xcode/DerivedData/Lingua_Quest-gvpckrqxtbgyprbgppjfqmimmmfw/Build/Products/Debug-iphonesimulator/Swinject.swiftmodule/arm64-apple-ios-simulator.swiftdoc /Users/siam/Library/Developer/Xcode/DerivedData/Lingua_Quest-gvpckrqxtbgyprbgppjfqmimmmfw/Build/Intermediates.noindex/Swinject.build/Debug-iphonesimulator/Swinject.build/Objects-normal/arm64/Swinject.swiftdoc (in target 'Swinject' from project 'Swinject')
    cd /Users/siam/Library/Developer/Xcode/DerivedData/Lingua_Quest-gvpckrqxtbgyprbgppjfqmimmmfw/SourcePackages/checkouts/Swinject
    builtin-copy -exclude .DS_Store -exclude CVS -exclude .svn -exclude .git -exclude .hg -resolve-src-symlinks -rename /Users/siam/Library/Developer/Xcode/DerivedData/Lingua_Quest-gvpckrqxtbgyprbgppjfqmimmmfw/Build/Intermediates.noindex/Swinject.build/Debug-iphonesimulator/Swinject.build/Objects-normal/arm64/Swinject.swiftdoc /Users/siam/Library/Developer/Xcode/DerivedData/Lingua_Quest-gvpckrqxtbgyprbgppjfqmimmmfw/Build/Products/Debug-iphonesimulator/Swinject.swiftmodule/arm64-apple-ios-simulator.swiftdoc

Copy /Users/siam/Library/Developer/Xcode/DerivedData/Lingua_Quest-gvpckrqxtbgyprbgppjfqmimmmfw/Build/Products/Debug-iphonesimulator/Swinject.swiftmodule/arm64-apple-ios-simulator.abi.json /Users/siam/Library/Developer/Xcode/DerivedData/Lingua_Quest-gvpckrqxtbgyprbgppjfqmimmmfw/Build/Intermediates.noindex/Swinject.build/Debug-iphonesimulator/Swinject.build/Objects-normal/arm64/Swinject.abi.json (in target 'Swinject' from project 'Swinject')
    cd /Users/siam/Library/Developer/Xcode/DerivedData/Lingua_Quest-gvpckrqxtbgyprbgppjfqmimmmfw/SourcePackages/checkouts/Swinject
    builtin-copy -exclude .DS_Store -exclude CVS -exclude .svn -exclude .git -exclude .hg -resolve-src-symlinks -rename /Users/siam/Library/Developer/Xcode/DerivedData/Lingua_Quest-gvpckrqxtbgyprbgppjfqmimmmfw/Build/Intermediates.noindex/Swinject.build/Debug-iphonesimulator/Swinject.build/Objects-normal/arm64/Swinject.abi.json /Users/siam/Library/Developer/Xcode/DerivedData/Lingua_Quest-gvpckrqxtbgyprbgppjfqmimmmfw/Build/Products/Debug-iphonesimulator/Swinject.swiftmodule/arm64-apple-ios-simulator.abi.json

Copy /Users/siam/Library/Developer/Xcode/DerivedData/Lingua_Quest-gvpckrqxtbgyprbgppjfqmimmmfw/Build/Products/Debug-iphonesimulator/Swinject.swiftmodule/Project/x86_64-apple-ios-simulator.swiftsourceinfo /Users/siam/Library/Developer/Xcode/DerivedData/Lingua_Quest-gvpckrqxtbgyprbgppjfqmimmmfw/Build/Intermediates.noindex/Swinject.build/Debug-iphonesimulator/Swinject.build/Objects-normal/x86_64/Swinject.swiftsourceinfo (in target 'Swinject' from project 'Swinject')
    cd /Users/siam/Library/Developer/Xcode/DerivedData/Lingua_Quest-gvpckrqxtbgyprbgppjfqmimmmfw/SourcePackages/checkouts/Swinject
    builtin-copy -exclude .DS_Store -exclude CVS -exclude .svn -exclude .git -exclude .hg -resolve-src-symlinks -rename /Users/siam/Library/Developer/Xcode/DerivedData/Lingua_Quest-gvpckrqxtbgyprbgppjfqmimmmfw/Build/Intermediates.noindex/Swinject.build/Debug-iphonesimulator/Swinject.build/Objects-normal/x86_64/Swinject.swiftsourceinfo /Users/siam/Library/Developer/Xcode/DerivedData/Lingua_Quest-gvpckrqxtbgyprbgppjfqmimmmfw/Build/Products/Debug-iphonesimulator/Swinject.swiftmodule/Project/x86_64-apple-ios-simulator.swiftsourceinfo

Copy /Users/siam/Library/Developer/Xcode/DerivedData/Lingua_Quest-gvpckrqxtbgyprbgppjfqmimmmfw/Build/Products/Debug-iphonesimulator/Swinject.swiftmodule/Project/arm64-apple-ios-simulator.swiftsourceinfo /Users/siam/Library/Developer/Xcode/DerivedData/Lingua_Quest-gvpckrqxtbgyprbgppjfqmimmmfw/Build/Intermediates.noindex/Swinject.build/Debug-iphonesimulator/Swinject.build/Objects-normal/arm64/Swinject.swiftsourceinfo (in target 'Swinject' from project 'Swinject')
    cd /Users/siam/Library/Developer/Xcode/DerivedData/Lingua_Quest-gvpckrqxtbgyprbgppjfqmimmmfw/SourcePackages/checkouts/Swinject
    builtin-copy -exclude .DS_Store -exclude CVS -exclude .svn -exclude .git -exclude .hg -resolve-src-symlinks -rename /Users/siam/Library/Developer/Xcode/DerivedData/Lingua_Quest-gvpckrqxtbgyprbgppjfqmimmmfw/Build/Intermediates.noindex/Swinject.build/Debug-iphonesimulator/Swinject.build/Objects-normal/arm64/Swinject.swiftsourceinfo /Users/siam/Library/Developer/Xcode/DerivedData/Lingua_Quest-gvpckrqxtbgyprbgppjfqmimmmfw/Build/Products/Debug-iphonesimulator/Swinject.swiftmodule/Project/arm64-apple-ios-simulator.swiftsourceinfo

Copy /Users/siam/Library/Developer/Xcode/DerivedData/Lingua_Quest-gvpckrqxtbgyprbgppjfqmimmmfw/Build/Products/Debug-iphonesimulator/Promises.swiftmodule/x86_64-apple-ios-simulator.swiftmodule /Users/siam/Library/Developer/Xcode/DerivedData/Lingua_Quest-gvpckrqxtbgyprbgppjfqmimmmfw/Build/Intermediates.noindex/Promises.build/Debug-iphonesimulator/Promises.build/Objects-normal/x86_64/Promises.swiftmodule (in target 'Promises' from project 'Promises')
    cd /Users/siam/Library/Developer/Xcode/DerivedData/Lingua_Quest-gvpckrqxtbgyprbgppjfqmimmmfw/SourcePackages/checkouts/promises
    builtin-copy -exclude .DS_Store -exclude CVS -exclude .svn -exclude .git -exclude .hg -resolve-src-symlinks -rename /Users/siam/Library/Developer/Xcode/DerivedData/Lingua_Quest-gvpckrqxtbgyprbgppjfqmimmmfw/Build/Intermediates.noindex/Promises.build/Debug-iphonesimulator/Promises.build/Objects-normal/x86_64/Promises.swiftmodule /Users/siam/Library/Developer/Xcode/DerivedData/Lingua_Quest-gvpckrqxtbgyprbgppjfqmimmmfw/Build/Products/Debug-iphonesimulator/Promises.swiftmodule/x86_64-apple-ios-simulator.swiftmodule

Copy /Users/siam/Library/Developer/Xcode/DerivedData/Lingua_Quest-gvpckrqxtbgyprbgppjfqmimmmfw/Build/Products/Debug-iphonesimulator/Promises.swiftmodule/x86_64-apple-ios-simulator.swiftdoc /Users/siam/Library/Developer/Xcode/DerivedData/Lingua_Quest-gvpckrqxtbgyprbgppjfqmimmmfw/Build/Intermediates.noindex/Promises.build/Debug-iphonesimulator/Promises.build/Objects-normal/x86_64/Promises.swiftdoc (in target 'Promises' from project 'Promises')
    cd /Users/siam/Library/Developer/Xcode/DerivedData/Lingua_Quest-gvpckrqxtbgyprbgppjfqmimmmfw/SourcePackages/checkouts/promises
    builtin-copy -exclude .DS_Store -exclude CVS -exclude .svn -exclude .git -exclude .hg -resolve-src-symlinks -rename /Users/siam/Library/Developer/Xcode/DerivedData/Lingua_Quest-gvpckrqxtbgyprbgppjfqmimmmfw/Build/Intermediates.noindex/Promises.build/Debug-iphonesimulator/Promises.build/Objects-normal/x86_64/Promises.swiftdoc /Users/siam/Library/Developer/Xcode/DerivedData/Lingua_Quest-gvpckrqxtbgyprbgppjfqmimmmfw/Build/Products/Debug-iphonesimulator/Promises.swiftmodule/x86_64-apple-ios-simulator.swiftdoc

Copy /Users/siam/Library/Developer/Xcode/DerivedData/Lingua_Quest-gvpckrqxtbgyprbgppjfqmimmmfw/Build/Products/Debug-iphonesimulator/Promises.swiftmodule/x86_64-apple-ios-simulator.abi.json /Users/siam/Library/Developer/Xcode/DerivedData/Lingua_Quest-gvpckrqxtbgyprbgppjfqmimmmfw/Build/Intermediates.noindex/Promises.build/Debug-iphonesimulator/Promises.build/Objects-normal/x86_64/Promises.abi.json (in target 'Promises' from project 'Promises')
    cd /Users/siam/Library/Developer/Xcode/DerivedData/Lingua_Quest-gvpckrqxtbgyprbgppjfqmimmmfw/SourcePackages/checkouts/promises
    builtin-copy -exclude .DS_Store -exclude CVS -exclude .svn -exclude .git -exclude .hg -resolve-src-symlinks -rename /Users/siam/Library/Developer/Xcode/DerivedData/Lingua_Quest-gvpckrqxtbgyprbgppjfqmimmmfw/Build/Intermediates.noindex/Promises.build/Debug-iphonesimulator/Promises.build/Objects-normal/x86_64/Promises.abi.json /Users/siam/Library/Developer/Xcode/DerivedData/Lingua_Quest-gvpckrqxtbgyprbgppjfqmimmmfw/Build/Products/Debug-iphonesimulator/Promises.swiftmodule/x86_64-apple-ios-simulator.abi.json

Copy /Users/siam/Library/Developer/Xcode/DerivedData/Lingua_Quest-gvpckrqxtbgyprbgppjfqmimmmfw/Build/Products/Debug-iphonesimulator/Promises.swiftmodule/Project/x86_64-apple-ios-simulator.swiftsourceinfo /Users/siam/Library/Developer/Xcode/DerivedData/Lingua_Quest-gvpckrqxtbgyprbgppjfqmimmmfw/Build/Intermediates.noindex/Promises.build/Debug-iphonesimulator/Promises.build/Objects-normal/x86_64/Promises.swiftsourceinfo (in target 'Promises' from project 'Promises')
    cd /Users/siam/Library/Developer/Xcode/DerivedData/Lingua_Quest-gvpckrqxtbgyprbgppjfqmimmmfw/SourcePackages/checkouts/promises
    builtin-copy -exclude .DS_Store -exclude CVS -exclude .svn -exclude .git -exclude .hg -resolve-src-symlinks -rename /Users/siam/Library/Developer/Xcode/DerivedData/Lingua_Quest-gvpckrqxtbgyprbgppjfqmimmmfw/Build/Intermediates.noindex/Promises.build/Debug-iphonesimulator/Promises.build/Objects-normal/x86_64/Promises.swiftsourceinfo /Users/siam/Library/Developer/Xcode/DerivedData/Lingua_Quest-gvpckrqxtbgyprbgppjfqmimmmfw/Build/Products/Debug-iphonesimulator/Promises.swiftmodule/Project/x86_64-apple-ios-simulator.swiftsourceinfo

SwiftEmitModule normal arm64 Emitting\ module\ for\ Promises (in target 'Promises' from project 'Promises')
EmitSwiftModule normal arm64 (in target 'Promises' from project 'Promises')
    cd /Users/siam/Desktop/Lingua\ Quest/Lingua\ Quest.xcodeproj
    

SwiftDriver\ Compilation Swinject normal arm64 com.apple.xcode.tools.swift.compiler (in target 'Swinject' from project 'Swinject')
    cd /Users/siam/Desktop/Lingua\ Quest/Lingua\ Quest.xcodeproj
    builtin-Swift-Compilation -- /Applications/Xcode.app/Contents/Developer/Toolchains/XcodeDefault.xctoolchain/usr/bin/swiftc -module-name Swinject -Onone -enforce-exclusivity\=checked @/Users/siam/Library/Developer/Xcode/DerivedData/Lingua_Quest-gvpckrqxtbgyprbgppjfqmimmmfw/Build/Intermediates.noindex/Swinject.build/Debug-iphonesimulator/Swinject.build/Objects-normal/arm64/Swinject.SwiftFileList -DSWIFT_PACKAGE -DDEBUG -DSWIFT_MODULE_RESOURCE_BUNDLE_AVAILABLE -DXcode -plugin-path /Applications/Xcode.app/Contents/Developer/Toolchains/XcodeDefault.xctoolchain/usr/lib/swift/host/plugins/testing -enable-experimental-feature DebugDescriptionMacro -sdk /Applications/Xcode.app/Contents/Developer/Platforms/iPhoneSimulator.platform/Developer/SDKs/iPhoneSimulator26.0.sdk -target arm64-apple-ios12.0-simulator -g -module-cache-path /Users/siam/Library/Developer/Xcode/DerivedData/ModuleCache.noindex -Xfrontend -serialize-debugging-options -profile-coverage-mapping -profile-generate -enable-testing -suppress-warnings -index-store-path /Users/siam/Library/Developer/Xcode/DerivedData/Lingua_Quest-gvpckrqxtbgyprbgppjfqmimmmfw/Index.noindex/DataStore -Xcc -D_LIBCPP_HARDENING_MODE\=_LIBCPP_HARDENING_MODE_DEBUG -swift-version 6 -I /Users/siam/Library/Developer/Xcode/DerivedData/Lingua_Quest-gvpckrqxtbgyprbgppjfqmimmmfw/Build/Products/Debug-iphonesimulator -Isystem /Applications/Xcode.app/Contents/Developer/Platforms/iPhoneSimulator.platform/Developer/usr/lib -F /Users/siam/Library/Developer/Xcode/DerivedData/Lingua_Quest-gvpckrqxtbgyprbgppjfqmimmmfw/Build/Products/Debug-iphonesimulator -F /Applications/Xcode.app/Contents/Developer/Platforms/iPhoneSimulator.platform/Developer/Library/Frameworks -F /Applications/Xcode.app/Contents/Developer/Platforms/iPhoneSimulator.platform/Developer/SDKs/iPhoneSimulator26.0.sdk/Developer/Library/Frameworks -c -j12 -enable-batch-mode -incremental -Xcc -ivfsstatcache -Xcc /Users/siam/Library/Developer/Xcode/DerivedData/SDKStatCaches.noindex/iphonesimulator26.0-23A339-26257891a6c027eb51374368541b8346.sdkstatcache -output-file-map /Users/siam/Library/Developer/Xcode/DerivedData/Lingua_Quest-gvpckrqxtbgyprbgppjfqmimmmfw/Build/Intermediates.noindex/Swinject.build/Debug-iphonesimulator/Swinject.build/Objects-normal/arm64/Swinject-OutputFileMap.json -use-frontend-parseable-output -save-temps -no-color-diagnostics -explicit-module-build -module-cache-path /Users/siam/Library/Developer/Xcode/DerivedData/Lingua_Quest-gvpckrqxtbgyprbgppjfqmimmmfw/Build/Intermediates.noindex/SwiftExplicitPrecompiledModules -clang-scanner-module-cache-path /Users/siam/Library/Developer/Xcode/DerivedData/ModuleCache.noindex -sdk-module-cache-path /Users/siam/Library/Developer/Xcode/DerivedData/ModuleCache.noindex -serialize-diagnostics -emit-dependencies -emit-module -emit-module-path /Users/siam/Library/Developer/Xcode/DerivedData/Lingua_Quest-gvpckrqxtbgyprbgppjfqmimmmfw/Build/Intermediates.noindex/Swinject.build/Debug-iphonesimulator/Swinject.build/Objects-normal/arm64/Swinject.swiftmodule -user-module-version 2.10.0 -validate-clang-modules-once -clang-build-session-file /Users/siam/Library/Developer/Xcode/DerivedData/ModuleCache.noindex/Session.modulevalidation -package-name swinject -Xcc -I/Users/siam/Library/Developer/Xcode/DerivedData/Lingua_Quest-gvpckrqxtbgyprbgppjfqmimmmfw/Build/Intermediates.noindex/Swinject.build/Debug-iphonesimulator/Swinject.build/swift-overrides.hmap -emit-const-values -Xfrontend -const-gather-protocols-file -Xfrontend /Users/siam/Library/Developer/Xcode/DerivedData/Lingua_Quest-gvpckrqxtbgyprbgppjfqmimmmfw/Build/Intermediates.noindex/Swinject.build/Debug-iphonesimulator/Swinject.build/Objects-normal/arm64/Swinject_const_extract_protocols.json -Xcc -I/Users/siam/Library/Developer/Xcode/DerivedData/Lingua_Quest-gvpckrqxtbgyprbgppjfqmimmmfw/Build/Products/Debug-iphonesimulator/include -Xcc -I/Users/siam/Library/Developer/Xcode/DerivedData/Lingua_Quest-gvpckrqxtbgyprbgppjfqmimmmfw/Build/Intermediates.noindex/Swinject.build/Debug-iphonesimulator/Swinject.build/DerivedSources-normal/arm64 -Xcc -I/Users/siam/Library/Developer/Xcode/DerivedData/Lingua_Quest-gvpckrqxtbgyprbgppjfqmimmmfw/Build/Intermediates.noindex/Swinject.build/Debug-iphonesimulator/Swinject.build/DerivedSources/arm64 -Xcc -I/Users/siam/Library/Developer/Xcode/DerivedData/Lingua_Quest-gvpckrqxtbgyprbgppjfqmimmmfw/Build/Intermediates.noindex/Swinject.build/Debug-iphonesimulator/Swinject.build/DerivedSources -Xcc -DSWIFT_PACKAGE -Xcc -DDEBUG\=1 -emit-objc-header -emit-objc-header-path /Users/siam/Library/Developer/Xcode/DerivedData/Lingua_Quest-gvpckrqxtbgyprbgppjfqmimmmfw/Build/Intermediates.noindex/Swinject.build/Debug-iphonesimulator/Swinject.build/Objects-normal/arm64/Swinject-Swift.h -working-directory /Users/siam/Desktop/Lingua\ Quest/Lingua\ Quest.xcodeproj -experimental-emit-module-separately -disable-cmo

SwiftDriver\ Compilation Swinject normal x86_64 com.apple.xcode.tools.swift.compiler (in target 'Swinject' from project 'Swinject')
    cd /Users/siam/Desktop/Lingua\ Quest/Lingua\ Quest.xcodeproj
    builtin-Swift-Compilation -- /Applications/Xcode.app/Contents/Developer/Toolchains/XcodeDefault.xctoolchain/usr/bin/swiftc -module-name Swinject -Onone -enforce-exclusivity\=checked @/Users/siam/Library/Developer/Xcode/DerivedData/Lingua_Quest-gvpckrqxtbgyprbgppjfqmimmmfw/Build/Intermediates.noindex/Swinject.build/Debug-iphonesimulator/Swinject.build/Objects-normal/x86_64/Swinject.SwiftFileList -DSWIFT_PACKAGE -DDEBUG -DSWIFT_MODULE_RESOURCE_BUNDLE_AVAILABLE -DXcode -plugin-path /Applications/Xcode.app/Contents/Developer/Toolchains/XcodeDefault.xctoolchain/usr/lib/swift/host/plugins/testing -enable-experimental-feature DebugDescriptionMacro -sdk /Applications/Xcode.app/Contents/Developer/Platforms/iPhoneSimulator.platform/Developer/SDKs/iPhoneSimulator26.0.sdk -target x86_64-apple-ios12.0-simulator -g -module-cache-path /Users/siam/Library/Developer/Xcode/DerivedData/ModuleCache.noindex -Xfrontend -serialize-debugging-options -profile-coverage-mapping -profile-generate -enable-testing -suppress-warnings -index-store-path /Users/siam/Library/Developer/Xcode/DerivedData/Lingua_Quest-gvpckrqxtbgyprbgppjfqmimmmfw/Index.noindex/DataStore -Xcc -D_LIBCPP_HARDENING_MODE\=_LIBCPP_HARDENING_MODE_DEBUG -swift-version 6 -I /Users/siam/Library/Developer/Xcode/DerivedData/Lingua_Quest-gvpckrqxtbgyprbgppjfqmimmmfw/Build/Products/Debug-iphonesimulator -Isystem /Applications/Xcode.app/Contents/Developer/Platforms/iPhoneSimulator.platform/Developer/usr/lib -F /Users/siam/Library/Developer/Xcode/DerivedData/Lingua_Quest-gvpckrqxtbgyprbgppjfqmimmmfw/Build/Products/Debug-iphonesimulator -F /Applications/Xcode.app/Contents/Developer/Platforms/iPhoneSimulator.platform/Developer/Library/Frameworks -F /Applications/Xcode.app/Contents/Developer/Platforms/iPhoneSimulator.platform/Developer/SDKs/iPhoneSimulator26.0.sdk/Developer/Library/Frameworks -c -j12 -enable-batch-mode -incremental -Xcc -ivfsstatcache -Xcc /Users/siam/Library/Developer/Xcode/DerivedData/SDKStatCaches.noindex/iphonesimulator26.0-23A339-26257891a6c027eb51374368541b8346.sdkstatcache -output-file-map /Users/siam/Library/Developer/Xcode/DerivedData/Lingua_Quest-gvpckrqxtbgyprbgppjfqmimmmfw/Build/Intermediates.noindex/Swinject.build/Debug-iphonesimulator/Swinject.build/Objects-normal/x86_64/Swinject-OutputFileMap.json -use-frontend-parseable-output -save-temps -no-color-diagnostics -explicit-module-build -module-cache-path /Users/siam/Library/Developer/Xcode/DerivedData/Lingua_Quest-gvpckrqxtbgyprbgppjfqmimmmfw/Build/Intermediates.noindex/SwiftExplicitPrecompiledModules -clang-scanner-module-cache-path /Users/siam/Library/Developer/Xcode/DerivedData/ModuleCache.noindex -sdk-module-cache-path /Users/siam/Library/Developer/Xcode/DerivedData/ModuleCache.noindex -serialize-diagnostics -emit-dependencies -emit-module -emit-module-path /Users/siam/Library/Developer/Xcode/DerivedData/Lingua_Quest-gvpckrqxtbgyprbgppjfqmimmmfw/Build/Intermediates.noindex/Swinject.build/Debug-iphonesimulator/Swinject.build/Objects-normal/x86_64/Swinject.swiftmodule -user-module-version 2.10.0 -validate-clang-modules-once -clang-build-session-file /Users/siam/Library/Developer/Xcode/DerivedData/ModuleCache.noindex/Session.modulevalidation -package-name swinject -Xcc -I/Users/siam/Library/Developer/Xcode/DerivedData/Lingua_Quest-gvpckrqxtbgyprbgppjfqmimmmfw/Build/Intermediates.noindex/Swinject.build/Debug-iphonesimulator/Swinject.build/swift-overrides.hmap -emit-const-values -Xfrontend -const-gather-protocols-file -Xfrontend /Users/siam/Library/Developer/Xcode/DerivedData/Lingua_Quest-gvpckrqxtbgyprbgppjfqmimmmfw/Build/Intermediates.noindex/Swinject.build/Debug-iphonesimulator/Swinject.build/Objects-normal/x86_64/Swinject_const_extract_protocols.json -Xcc -I/Users/siam/Library/Developer/Xcode/DerivedData/Lingua_Quest-gvpckrqxtbgyprbgppjfqmimmmfw/Build/Products/Debug-iphonesimulator/include -Xcc -I/Users/siam/Library/Developer/Xcode/DerivedData/Lingua_Quest-gvpckrqxtbgyprbgppjfqmimmmfw/Build/Intermediates.noindex/Swinject.build/Debug-iphonesimulator/Swinject.build/DerivedSources-normal/x86_64 -Xcc -I/Users/siam/Library/Developer/Xcode/DerivedData/Lingua_Quest-gvpckrqxtbgyprbgppjfqmimmmfw/Build/Intermediates.noindex/Swinject.build/Debug-iphonesimulator/Swinject.build/DerivedSources/x86_64 -Xcc -I/Users/siam/Library/Developer/Xcode/DerivedData/Lingua_Quest-gvpckrqxtbgyprbgppjfqmimmmfw/Build/Intermediates.noindex/Swinject.build/Debug-iphonesimulator/Swinject.build/DerivedSources -Xcc -DSWIFT_PACKAGE -Xcc -DDEBUG\=1 -emit-objc-header -emit-objc-header-path /Users/siam/Library/Developer/Xcode/DerivedData/Lingua_Quest-gvpckrqxtbgyprbgppjfqmimmmfw/Build/Intermediates.noindex/Swinject.build/Debug-iphonesimulator/Swinject.build/Objects-normal/x86_64/Swinject-Swift.h -working-directory /Users/siam/Desktop/Lingua\ Quest/Lingua\ Quest.xcodeproj -experimental-emit-module-separately -disable-cmo

CreateUniversalBinary /Users/siam/Library/Developer/Xcode/DerivedData/Lingua_Quest-gvpckrqxtbgyprbgppjfqmimmmfw/Build/Products/Debug-iphonesimulator/opensslWrapper.o normal arm64\ x86_64 (in target 'opensslWrapper' from project 'gRPC')
    cd /Users/siam/Library/Developer/Xcode/DerivedData/Lingua_Quest-gvpckrqxtbgyprbgppjfqmimmmfw/SourcePackages/checkouts/grpc-binary
    /Applications/Xcode.app/Contents/Developer/Toolchains/XcodeDefault.xctoolchain/usr/bin/lipo -create /Users/siam/Library/Developer/Xcode/DerivedData/Lingua_Quest-gvpckrqxtbgyprbgppjfqmimmmfw/Build/Intermediates.noindex/gRPC.build/Debug-iphonesimulator/opensslWrapper.build/Objects-normal/arm64/Binary/opensslWrapper.o /Users/siam/Library/Developer/Xcode/DerivedData/Lingua_Quest-gvpckrqxtbgyprbgppjfqmimmmfw/Build/Intermediates.noindex/gRPC.build/Debug-iphonesimulator/opensslWrapper.build/Objects-normal/x86_64/Binary/opensslWrapper.o -output /Users/siam/Library/Developer/Xcode/DerivedData/Lingua_Quest-gvpckrqxtbgyprbgppjfqmimmmfw/Build/Products/Debug-iphonesimulator/opensslWrapper.o

Ld /Users/siam/Library/Developer/Xcode/DerivedData/Lingua_Quest-gvpckrqxtbgyprbgppjfqmimmmfw/Build/Intermediates.noindex/gRPC.build/Debug-iphonesimulator/grpcWrapper.build/Objects-normal/x86_64/Binary/grpcWrapper.o normal x86_64 (in target 'grpcWrapper' from project 'gRPC')
    cd /Users/siam/Library/Developer/Xcode/DerivedData/Lingua_Quest-gvpckrqxtbgyprbgppjfqmimmmfw/SourcePackages/checkouts/grpc-binary
    /Applications/Xcode.app/Contents/Developer/Toolchains/XcodeDefault.xctoolchain/usr/bin/clang -Xlinker -reproducible -target x86_64-apple-ios12.0-simulator -r -isysroot /Applications/Xcode.app/Contents/Developer/Platforms/iPhoneSimulator.platform/Developer/SDKs/iPhoneSimulator26.0.sdk -O0 -w -L/Users/siam/Library/Developer/Xcode/DerivedData/Lingua_Quest-gvpckrqxtbgyprbgppjfqmimmmfw/Build/Intermediates.noindex/EagerLinkingTBDs/Debug-iphonesimulator -L/Users/siam/Library/Developer/Xcode/DerivedData/Lingua_Quest-gvpckrqxtbgyprbgppjfqmimmmfw/Build/Products/Debug-iphonesimulator -L/Applications/Xcode.app/Contents/Developer/Platforms/iPhoneSimulator.platform/Developer/usr/lib -F/Users/siam/Library/Developer/Xcode/DerivedData/Lingua_Quest-gvpckrqxtbgyprbgppjfqmimmmfw/Build/Intermediates.noindex/EagerLinkingTBDs/Debug-iphonesimulator -F/Users/siam/Library/Developer/Xcode/DerivedData/Lingua_Quest-gvpckrqxtbgyprbgppjfqmimmmfw/Build/Products/Debug-iphonesimulator -iframework /Applications/Xcode.app/Contents/Developer/Platforms/iPhoneSimulator.platform/Developer/Library/Frameworks -iframework /Applications/Xcode.app/Contents/Developer/Platforms/iPhoneSimulator.platform/Developer/SDKs/iPhoneSimulator26.0.sdk/Developer/Library/Frameworks -filelist /Users/siam/Library/Developer/Xcode/DerivedData/Lingua_Quest-gvpckrqxtbgyprbgppjfqmimmmfw/Build/Intermediates.noindex/gRPC.build/Debug-iphonesimulator/grpcWrapper.build/Objects-normal/x86_64/grpcWrapper.LinkFileList -nostdlib -Xlinker -object_path_lto -Xlinker /Users/siam/Library/Developer/Xcode/DerivedData/Lingua_Quest-gvpckrqxtbgyprbgppjfqmimmmfw/Build/Intermediates.noindex/gRPC.build/Debug-iphonesimulator/grpcWrapper.build/Objects-normal/x86_64/grpcWrapper_lto.o -rdynamic -Xlinker -no_deduplicate -Xlinker -objc_abi_version -Xlinker 2 -Xlinker -debug_variant -Xlinker -dependency_info -Xlinker /Users/siam/Library/Developer/Xcode/DerivedData/Lingua_Quest-gvpckrqxtbgyprbgppjfqmimmmfw/Build/Intermediates.noindex/gRPC.build/Debug-iphonesimulator/grpcWrapper.build/Objects-normal/x86_64/grpcWrapper_dependency_info.dat -fobjc-arc -fobjc-link-runtime -o /Users/siam/Library/Developer/Xcode/DerivedData/Lingua_Quest-gvpckrqxtbgyprbgppjfqmimmmfw/Build/Intermediates.noindex/gRPC.build/Debug-iphonesimulator/grpcWrapper.build/Objects-normal/x86_64/Binary/grpcWrapper.o

Ld /Users/siam/Library/Developer/Xcode/DerivedData/Lingua_Quest-gvpckrqxtbgyprbgppjfqmimmmfw/Build/Intermediates.noindex/gRPC.build/Debug-iphonesimulator/grpcWrapper.build/Objects-normal/arm64/Binary/grpcWrapper.o normal arm64 (in target 'grpcWrapper' from project 'gRPC')
    cd /Users/siam/Library/Developer/Xcode/DerivedData/Lingua_Quest-gvpckrqxtbgyprbgppjfqmimmmfw/SourcePackages/checkouts/grpc-binary
    /Applications/Xcode.app/Contents/Developer/Toolchains/XcodeDefault.xctoolchain/usr/bin/clang -Xlinker -reproducible -target arm64-apple-ios12.0-simulator -r -isysroot /Applications/Xcode.app/Contents/Developer/Platforms/iPhoneSimulator.platform/Developer/SDKs/iPhoneSimulator26.0.sdk -O0 -w -L/Users/siam/Library/Developer/Xcode/DerivedData/Lingua_Quest-gvpckrqxtbgyprbgppjfqmimmmfw/Build/Intermediates.noindex/EagerLinkingTBDs/Debug-iphonesimulator -L/Users/siam/Library/Developer/Xcode/DerivedData/Lingua_Quest-gvpckrqxtbgyprbgppjfqmimmmfw/Build/Products/Debug-iphonesimulator -L/Applications/Xcode.app/Contents/Developer/Platforms/iPhoneSimulator.platform/Developer/usr/lib -F/Users/siam/Library/Developer/Xcode/DerivedData/Lingua_Quest-gvpckrqxtbgyprbgppjfqmimmmfw/Build/Intermediates.noindex/EagerLinkingTBDs/Debug-iphonesimulator -F/Users/siam/Library/Developer/Xcode/DerivedData/Lingua_Quest-gvpckrqxtbgyprbgppjfqmimmmfw/Build/Products/Debug-iphonesimulator -iframework /Applications/Xcode.app/Contents/Developer/Platforms/iPhoneSimulator.platform/Developer/Library/Frameworks -iframework /Applications/Xcode.app/Contents/Developer/Platforms/iPhoneSimulator.platform/Developer/SDKs/iPhoneSimulator26.0.sdk/Developer/Library/Frameworks -filelist /Users/siam/Library/Developer/Xcode/DerivedData/Lingua_Quest-gvpckrqxtbgyprbgppjfqmimmmfw/Build/Intermediates.noindex/gRPC.build/Debug-iphonesimulator/grpcWrapper.build/Objects-normal/arm64/grpcWrapper.LinkFileList -nostdlib -Xlinker -object_path_lto -Xlinker /Users/siam/Library/Developer/Xcode/DerivedData/Lingua_Quest-gvpckrqxtbgyprbgppjfqmimmmfw/Build/Intermediates.noindex/gRPC.build/Debug-iphonesimulator/grpcWrapper.build/Objects-normal/arm64/grpcWrapper_lto.o -rdynamic -Xlinker -no_deduplicate -Xlinker -objc_abi_version -Xlinker 2 -Xlinker -debug_variant -Xlinker -dependency_info -Xlinker /Users/siam/Library/Developer/Xcode/DerivedData/Lingua_Quest-gvpckrqxtbgyprbgppjfqmimmmfw/Build/Intermediates.noindex/gRPC.build/Debug-iphonesimulator/grpcWrapper.build/Objects-normal/arm64/grpcWrapper_dependency_info.dat -fobjc-arc -fobjc-link-runtime -o /Users/siam/Library/Developer/Xcode/DerivedData/Lingua_Quest-gvpckrqxtbgyprbgppjfqmimmmfw/Build/Intermediates.noindex/gRPC.build/Debug-iphonesimulator/grpcWrapper.build/Objects-normal/arm64/Binary/grpcWrapper.o

Ld /Users/siam/Library/Developer/Xcode/DerivedData/Lingua_Quest-gvpckrqxtbgyprbgppjfqmimmmfw/Build/Intermediates.noindex/abseil.build/Debug-iphonesimulator/abslWrapper.build/Objects-normal/x86_64/Binary/abslWrapper.o normal x86_64 (in target 'abslWrapper' from project 'abseil')
    cd /Users/siam/Library/Developer/Xcode/DerivedData/Lingua_Quest-gvpckrqxtbgyprbgppjfqmimmmfw/SourcePackages/checkouts/abseil-cpp-binary
    /Applications/Xcode.app/Contents/Developer/Toolchains/XcodeDefault.xctoolchain/usr/bin/clang -Xlinker -reproducible -target x86_64-apple-ios12.0-simulator -r -isysroot /Applications/Xcode.app/Contents/Developer/Platforms/iPhoneSimulator.platform/Developer/SDKs/iPhoneSimulator26.0.sdk -O0 -w -L/Users/siam/Library/Developer/Xcode/DerivedData/Lingua_Quest-gvpckrqxtbgyprbgppjfqmimmmfw/Build/Intermediates.noindex/EagerLinkingTBDs/Debug-iphonesimulator -L/Users/siam/Library/Developer/Xcode/DerivedData/Lingua_Quest-gvpckrqxtbgyprbgppjfqmimmmfw/Build/Products/Debug-iphonesimulator -L/Applications/Xcode.app/Contents/Developer/Platforms/iPhoneSimulator.platform/Developer/usr/lib -F/Users/siam/Library/Developer/Xcode/DerivedData/Lingua_Quest-gvpckrqxtbgyprbgppjfqmimmmfw/Build/Intermediates.noindex/EagerLinkingTBDs/Debug-iphonesimulator -F/Users/siam/Library/Developer/Xcode/DerivedData/Lingua_Quest-gvpckrqxtbgyprbgppjfqmimmmfw/Build/Products/Debug-iphonesimulator -iframework /Applications/Xcode.app/Contents/Developer/Platforms/iPhoneSimulator.platform/Developer/Library/Frameworks -iframework /Applications/Xcode.app/Contents/Developer/Platforms/iPhoneSimulator.platform/Developer/SDKs/iPhoneSimulator26.0.sdk/Developer/Library/Frameworks -filelist /Users/siam/Library/Developer/Xcode/DerivedData/Lingua_Quest-gvpckrqxtbgyprbgppjfqmimmmfw/Build/Intermediates.noindex/abseil.build/Debug-iphonesimulator/abslWrapper.build/Objects-normal/x86_64/abslWrapper.LinkFileList -nostdlib -Xlinker -object_path_lto -Xlinker /Users/siam/Library/Developer/Xcode/DerivedData/Lingua_Quest-gvpckrqxtbgyprbgppjfqmimmmfw/Build/Intermediates.noindex/abseil.build/Debug-iphonesimulator/abslWrapper.build/Objects-normal/x86_64/abslWrapper_lto.o -rdynamic -Xlinker -no_deduplicate -Xlinker -objc_abi_version -Xlinker 2 -Xlinker -debug_variant -Xlinker -dependency_info -Xlinker /Users/siam/Library/Developer/Xcode/DerivedData/Lingua_Quest-gvpckrqxtbgyprbgppjfqmimmmfw/Build/Intermediates.noindex/abseil.build/Debug-iphonesimulator/abslWrapper.build/Objects-normal/x86_64/abslWrapper_dependency_info.dat -fobjc-arc -fobjc-link-runtime -o /Users/siam/Library/Developer/Xcode/DerivedData/Lingua_Quest-gvpckrqxtbgyprbgppjfqmimmmfw/Build/Intermediates.noindex/abseil.build/Debug-iphonesimulator/abslWrapper.build/Objects-normal/x86_64/Binary/abslWrapper.o

Ld /Users/siam/Library/Developer/Xcode/DerivedData/Lingua_Quest-gvpckrqxtbgyprbgppjfqmimmmfw/Build/Intermediates.noindex/abseil.build/Debug-iphonesimulator/abslWrapper.build/Objects-normal/arm64/Binary/abslWrapper.o normal arm64 (in target 'abslWrapper' from project 'abseil')
    cd /Users/siam/Library/Developer/Xcode/DerivedData/Lingua_Quest-gvpckrqxtbgyprbgppjfqmimmmfw/SourcePackages/checkouts/abseil-cpp-binary
    /Applications/Xcode.app/Contents/Developer/Toolchains/XcodeDefault.xctoolchain/usr/bin/clang -Xlinker -reproducible -target arm64-apple-ios12.0-simulator -r -isysroot /Applications/Xcode.app/Contents/Developer/Platforms/iPhoneSimulator.platform/Developer/SDKs/iPhoneSimulator26.0.sdk -O0 -w -L/Users/siam/Library/Developer/Xcode/DerivedData/Lingua_Quest-gvpckrqxtbgyprbgppjfqmimmmfw/Build/Intermediates.noindex/EagerLinkingTBDs/Debug-iphonesimulator -L/Users/siam/Library/Developer/Xcode/DerivedData/Lingua_Quest-gvpckrqxtbgyprbgppjfqmimmmfw/Build/Products/Debug-iphonesimulator -L/Applications/Xcode.app/Contents/Developer/Platforms/iPhoneSimulator.platform/Developer/usr/lib -F/Users/siam/Library/Developer/Xcode/DerivedData/Lingua_Quest-gvpckrqxtbgyprbgppjfqmimmmfw/Build/Intermediates.noindex/EagerLinkingTBDs/Debug-iphonesimulator -F/Users/siam/Library/Developer/Xcode/DerivedData/Lingua_Quest-gvpckrqxtbgyprbgppjfqmimmmfw/Build/Products/Debug-iphonesimulator -iframework /Applications/Xcode.app/Contents/Developer/Platforms/iPhoneSimulator.platform/Developer/Library/Frameworks -iframework /Applications/Xcode.app/Contents/Developer/Platforms/iPhoneSimulator.platform/Developer/SDKs/iPhoneSimulator26.0.sdk/Developer/Library/Frameworks -filelist /Users/siam/Library/Developer/Xcode/DerivedData/Lingua_Quest-gvpckrqxtbgyprbgppjfqmimmmfw/Build/Intermediates.noindex/abseil.build/Debug-iphonesimulator/abslWrapper.build/Objects-normal/arm64/abslWrapper.LinkFileList -nostdlib -Xlinker -object_path_lto -Xlinker /Users/siam/Library/Developer/Xcode/DerivedData/Lingua_Quest-gvpckrqxtbgyprbgppjfqmimmmfw/Build/Intermediates.noindex/abseil.build/Debug-iphonesimulator/abslWrapper.build/Objects-normal/arm64/abslWrapper_lto.o -rdynamic -Xlinker -no_deduplicate -Xlinker -objc_abi_version -Xlinker 2 -Xlinker -debug_variant -Xlinker -dependency_info -Xlinker /Users/siam/Library/Developer/Xcode/DerivedData/Lingua_Quest-gvpckrqxtbgyprbgppjfqmimmmfw/Build/Intermediates.noindex/abseil.build/Debug-iphonesimulator/abslWrapper.build/Objects-normal/arm64/abslWrapper_dependency_info.dat -fobjc-arc -fobjc-link-runtime -o /Users/siam/Library/Developer/Xcode/DerivedData/Lingua_Quest-gvpckrqxtbgyprbgppjfqmimmmfw/Build/Intermediates.noindex/abseil.build/Debug-iphonesimulator/abslWrapper.build/Objects-normal/arm64/Binary/abslWrapper.o

RegisterExecutionPolicyException /Users/siam/Library/Developer/Xcode/DerivedData/Lingua_Quest-gvpckrqxtbgyprbgppjfqmimmmfw/Build/Products/Debug-iphonesimulator/RecaptchaInterop.o (in target 'RecaptchaInterop' from project 'InteropForGoogle')
    cd /Users/siam/Library/Developer/Xcode/DerivedData/Lingua_Quest-gvpckrqxtbgyprbgppjfqmimmmfw/SourcePackages/checkouts/interop-ios-for-google-sdks
    builtin-RegisterExecutionPolicyException /Users/siam/Library/Developer/Xcode/DerivedData/Lingua_Quest-gvpckrqxtbgyprbgppjfqmimmmfw/Build/Products/Debug-iphonesimulator/RecaptchaInterop.o

CreateUniversalBinary /Users/siam/Library/Developer/Xcode/DerivedData/Lingua_Quest-gvpckrqxtbgyprbgppjfqmimmmfw/Build/Products/Debug-iphonesimulator/grpcWrapper.o normal arm64\ x86_64 (in target 'grpcWrapper' from project 'gRPC')
    cd /Users/siam/Library/Developer/Xcode/DerivedData/Lingua_Quest-gvpckrqxtbgyprbgppjfqmimmmfw/SourcePackages/checkouts/grpc-binary
    /Applications/Xcode.app/Contents/Developer/Toolchains/XcodeDefault.xctoolchain/usr/bin/lipo -create /Users/siam/Library/Developer/Xcode/DerivedData/Lingua_Quest-gvpckrqxtbgyprbgppjfqmimmmfw/Build/Intermediates.noindex/gRPC.build/Debug-iphonesimulator/grpcWrapper.build/Objects-normal/arm64/Binary/grpcWrapper.o /Users/siam/Library/Developer/Xcode/DerivedData/Lingua_Quest-gvpckrqxtbgyprbgppjfqmimmmfw/Build/Intermediates.noindex/gRPC.build/Debug-iphonesimulator/grpcWrapper.build/Objects-normal/x86_64/Binary/grpcWrapper.o -output /Users/siam/Library/Developer/Xcode/DerivedData/Lingua_Quest-gvpckrqxtbgyprbgppjfqmimmmfw/Build/Products/Debug-iphonesimulator/grpcWrapper.o

SwiftCompile normal arm64 Compiling\ Promise+Retry.swift,\ Promise+Testing.swift /Users/siam/Library/Developer/Xcode/DerivedData/Lingua_Quest-gvpckrqxtbgyprbgppjfqmimmmfw/SourcePackages/checkouts/promises/Sources/Promises/Promise+Retry.swift /Users/siam/Library/Developer/Xcode/DerivedData/Lingua_Quest-gvpckrqxtbgyprbgppjfqmimmmfw/SourcePackages/checkouts/promises/Sources/Promises/Promise+Testing.swift (in target 'Promises' from project 'Promises')

SwiftCompile normal arm64 /Users/siam/Library/Developer/Xcode/DerivedData/Lingua_Quest-gvpckrqxtbgyprbgppjfqmimmmfw/SourcePackages/checkouts/promises/Sources/Promises/Promise+Retry.swift (in target 'Promises' from project 'Promises')
    cd /Users/siam/Desktop/Lingua\ Quest/Lingua\ Quest.xcodeproj
    

SwiftCompile normal arm64 /Users/siam/Library/Developer/Xcode/DerivedData/Lingua_Quest-gvpckrqxtbgyprbgppjfqmimmmfw/SourcePackages/checkouts/promises/Sources/Promises/Promise+Testing.swift (in target 'Promises' from project 'Promises')
    cd /Users/siam/Desktop/Lingua\ Quest/Lingua\ Quest.xcodeproj
    

SwiftCompile normal arm64 Compiling\ PromiseError.swift /Users/siam/Library/Developer/Xcode/DerivedData/Lingua_Quest-gvpckrqxtbgyprbgppjfqmimmmfw/SourcePackages/checkouts/promises/Sources/Promises/PromiseError.swift (in target 'Promises' from project 'Promises')

SwiftCompile normal arm64 /Users/siam/Library/Developer/Xcode/DerivedData/Lingua_Quest-gvpckrqxtbgyprbgppjfqmimmmfw/SourcePackages/checkouts/promises/Sources/Promises/PromiseError.swift (in target 'Promises' from project 'Promises')
    cd /Users/siam/Desktop/Lingua\ Quest/Lingua\ Quest.xcodeproj
    

SwiftCompile normal arm64 Compiling\ Promise+Do.swift,\ Promise+Race.swift /Users/siam/Library/Developer/Xcode/DerivedData/Lingua_Quest-gvpckrqxtbgyprbgppjfqmimmmfw/SourcePackages/checkouts/promises/Sources/Promises/Promise+Do.swift /Users/siam/Library/Developer/Xcode/DerivedData/Lingua_Quest-gvpckrqxtbgyprbgppjfqmimmmfw/SourcePackages/checkouts/promises/Sources/Promises/Promise+Race.swift (in target 'Promises' from project 'Promises')

SwiftCompile normal arm64 /Users/siam/Library/Developer/Xcode/DerivedData/Lingua_Quest-gvpckrqxtbgyprbgppjfqmimmmfw/SourcePackages/checkouts/promises/Sources/Promises/Promise+Do.swift (in target 'Promises' from project 'Promises')
    cd /Users/siam/Desktop/Lingua\ Quest/Lingua\ Quest.xcodeproj
    

SwiftCompile normal arm64 /Users/siam/Library/Developer/Xcode/DerivedData/Lingua_Quest-gvpckrqxtbgyprbgppjfqmimmmfw/SourcePackages/checkouts/promises/Sources/Promises/Promise+Race.swift (in target 'Promises' from project 'Promises')
    cd /Users/siam/Desktop/Lingua\ Quest/Lingua\ Quest.xcodeproj
    

SwiftCompile normal arm64 Compiling\ resource_bundle_accessor.swift,\ Promise+All.swift /Users/siam/Library/Developer/Xcode/DerivedData/Lingua_Quest-gvpckrqxtbgyprbgppjfqmimmmfw/Build/Intermediates.noindex/Promises.build/Debug-iphonesimulator/Promises.build/DerivedSources/resource_bundle_accessor.swift /Users/siam/Library/Developer/Xcode/DerivedData/Lingua_Quest-gvpckrqxtbgyprbgppjfqmimmmfw/SourcePackages/checkouts/promises/Sources/Promises/Promise+All.swift (in target 'Promises' from project 'Promises')
SwiftCompile normal arm64 /Users/siam/Library/Developer/Xcode/DerivedData/Lingua_Quest-gvpckrqxtbgyprbgppjfqmimmmfw/Build/Intermediates.noindex/Promises.build/Debug-iphonesimulator/Promises.build/DerivedSources/resource_bundle_accessor.swift (in target 'Promises' from project 'Promises')
    cd /Users/siam/Desktop/Lingua\ Quest/Lingua\ Quest.xcodeproj
    

SwiftCompile normal arm64 /Users/siam/Library/Developer/Xcode/DerivedData/Lingua_Quest-gvpckrqxtbgyprbgppjfqmimmmfw/SourcePackages/checkouts/promises/Sources/Promises/Promise+All.swift (in target 'Promises' from project 'Promises')
    cd /Users/siam/Desktop/Lingua\ Quest/Lingua\ Quest.xcodeproj
    

SwiftDriver\ Compilation Promises normal x86_64 com.apple.xcode.tools.swift.compiler (in target 'Promises' from project 'Promises')
    cd /Users/siam/Desktop/Lingua\ Quest/Lingua\ Quest.xcodeproj
    builtin-Swift-Compilation -- /Applications/Xcode.app/Contents/Developer/Toolchains/XcodeDefault.xctoolchain/usr/bin/swiftc -module-name Promises -Onone -enforce-exclusivity\=checked @/Users/siam/Library/Developer/Xcode/DerivedData/Lingua_Quest-gvpckrqxtbgyprbgppjfqmimmmfw/Build/Intermediates.noindex/Promises.build/Debug-iphonesimulator/Promises.build/Objects-normal/x86_64/Promises.SwiftFileList -DSWIFT_PACKAGE -DDEBUG -DSWIFT_MODULE_RESOURCE_BUNDLE_AVAILABLE -DXcode -plugin-path /Applications/Xcode.app/Contents/Developer/Toolchains/XcodeDefault.xctoolchain/usr/lib/swift/host/plugins/testing -enable-experimental-feature DebugDescriptionMacro -sdk /Applications/Xcode.app/Contents/Developer/Platforms/iPhoneSimulator.platform/Developer/SDKs/iPhoneSimulator26.0.sdk -target x86_64-apple-ios12.0-simulator -g -module-cache-path /Users/siam/Library/Developer/Xcode/DerivedData/ModuleCache.noindex -Xfrontend -serialize-debugging-options -profile-coverage-mapping -profile-generate -enable-testing -suppress-warnings -index-store-path /Users/siam/Library/Developer/Xcode/DerivedData/Lingua_Quest-gvpckrqxtbgyprbgppjfqmimmmfw/Index.noindex/DataStore -Xcc -D_LIBCPP_HARDENING_MODE\=_LIBCPP_HARDENING_MODE_DEBUG -swift-version 5 -I /Users/siam/Library/Developer/Xcode/DerivedData/Lingua_Quest-gvpckrqxtbgyprbgppjfqmimmmfw/Build/Products/Debug-iphonesimulator -Isystem /Applications/Xcode.app/Contents/Developer/Platforms/iPhoneSimulator.platform/Developer/usr/lib -F /Users/siam/Library/Developer/Xcode/DerivedData/Lingua_Quest-gvpckrqxtbgyprbgppjfqmimmmfw/Build/Products/Debug-iphonesimulator/PackageFrameworks -F /Users/siam/Library/Developer/Xcode/DerivedData/Lingua_Quest-gvpckrqxtbgyprbgppjfqmimmmfw/Build/Products/Debug-iphonesimulator -F /Applications/Xcode.app/Contents/Developer/Platforms/iPhoneSimulator.platform/Developer/Library/Frameworks -F /Applications/Xcode.app/Contents/Developer/Platforms/iPhoneSimulator.platform/Developer/SDKs/iPhoneSimulator26.0.sdk/Developer/Library/Frameworks -c -j12 -enable-batch-mode -incremental -Xcc -ivfsstatcache -Xcc /Users/siam/Library/Developer/Xcode/DerivedData/SDKStatCaches.noindex/iphonesimulator26.0-23A339-26257891a6c027eb51374368541b8346.sdkstatcache -output-file-map /Users/siam/Library/Developer/Xcode/DerivedData/Lingua_Quest-gvpckrqxtbgyprbgppjfqmimmmfw/Build/Intermediates.noindex/Promises.build/Debug-iphonesimulator/Promises.build/Objects-normal/x86_64/Promises-OutputFileMap.json -use-frontend-parseable-output -save-temps -no-color-diagnostics -explicit-module-build -module-cache-path /Users/siam/Library/Developer/Xcode/DerivedData/Lingua_Quest-gvpckrqxtbgyprbgppjfqmimmmfw/Build/Intermediates.noindex/SwiftExplicitPrecompiledModules -clang-scanner-module-cache-path /Users/siam/Library/Developer/Xcode/DerivedData/ModuleCache.noindex -sdk-module-cache-path /Users/siam/Library/Developer/Xcode/DerivedData/ModuleCache.noindex -serialize-diagnostics -emit-dependencies -emit-module -emit-module-path /Users/siam/Library/Developer/Xcode/DerivedData/Lingua_Quest-gvpckrqxtbgyprbgppjfqmimmmfw/Build/Intermediates.noindex/Promises.build/Debug-iphonesimulator/Promises.build/Objects-normal/x86_64/Promises.swiftmodule -validate-clang-modules-once -clang-build-session-file /Users/siam/Library/Developer/Xcode/DerivedData/ModuleCache.noindex/Session.modulevalidation -Xcc -I/Users/siam/Library/Developer/Xcode/DerivedData/Lingua_Quest-gvpckrqxtbgyprbgppjfqmimmmfw/Build/Intermediates.noindex/Promises.build/Debug-iphonesimulator/Promises.build/swift-overrides.hmap -emit-const-values -Xfrontend -const-gather-protocols-file -Xfrontend /Users/siam/Library/Developer/Xcode/DerivedData/Lingua_Quest-gvpckrqxtbgyprbgppjfqmimmmfw/Build/Intermediates.noindex/Promises.build/Debug-iphonesimulator/Promises.build/Objects-normal/x86_64/Promises_const_extract_protocols.json -Xcc -I/Users/siam/Library/Developer/Xcode/DerivedData/Lingua_Quest-gvpckrqxtbgyprbgppjfqmimmmfw/SourcePackages/checkouts/promises/Sources/FBLPromises/include -Xcc -I/Users/siam/Library/Developer/Xcode/DerivedData/Lingua_Quest-gvpckrqxtbgyprbgppjfqmimmmfw/Build/Products/Debug-iphonesimulator/include -Xcc -I/Users/siam/Library/Developer/Xcode/DerivedData/Lingua_Quest-gvpckrqxtbgyprbgppjfqmimmmfw/Build/Intermediates.noindex/Promises.build/Debug-iphonesimulator/Promises.build/DerivedSources-normal/x86_64 -Xcc -I/Users/siam/Library/Developer/Xcode/DerivedData/Lingua_Quest-gvpckrqxtbgyprbgppjfqmimmmfw/Build/Intermediates.noindex/Promises.build/Debug-iphonesimulator/Promises.build/DerivedSources/x86_64 -Xcc -I/Users/siam/Library/Developer/Xcode/DerivedData/Lingua_Quest-gvpckrqxtbgyprbgppjfqmimmmfw/Build/Intermediates.noindex/Promises.build/Debug-iphonesimulator/Promises.build/DerivedSources -Xcc -DSWIFT_PACKAGE -Xcc -DDEBUG\=1 -emit-objc-header -emit-objc-header-path /Users/siam/Library/Developer/Xcode/DerivedData/Lingua_Quest-gvpckrqxtbgyprbgppjfqmimmmfw/Build/Intermediates.noindex/Promises.build/Debug-iphonesimulator/Promises.build/Objects-normal/x86_64/Promises-Swift.h -working-directory /Users/siam/Desktop/Lingua\ Quest/Lingua\ Quest.xcodeproj -experimental-emit-module-separately -disable-cmo

SwiftCompile normal arm64 Compiling\ Promise+Recover.swift,\ Promise+Reduce.swift /Users/siam/Library/Developer/Xcode/DerivedData/Lingua_Quest-gvpckrqxtbgyprbgppjfqmimmmfw/SourcePackages/checkouts/promises/Sources/Promises/Promise+Recover.swift /Users/siam/Library/Developer/Xcode/DerivedData/Lingua_Quest-gvpckrqxtbgyprbgppjfqmimmmfw/SourcePackages/checkouts/promises/Sources/Promises/Promise+Reduce.swift (in target 'Promises' from project 'Promises')

SwiftCompile normal arm64 /Users/siam/Library/Developer/Xcode/DerivedData/Lingua_Quest-gvpckrqxtbgyprbgppjfqmimmmfw/SourcePackages/checkouts/promises/Sources/Promises/Promise+Recover.swift (in target 'Promises' from project 'Promises')
    cd /Users/siam/Desktop/Lingua\ Quest/Lingua\ Quest.xcodeproj
    

SwiftCompile normal arm64 /Users/siam/Library/Developer/Xcode/DerivedData/Lingua_Quest-gvpckrqxtbgyprbgppjfqmimmmfw/SourcePackages/checkouts/promises/Sources/Promises/Promise+Reduce.swift (in target 'Promises' from project 'Promises')
    cd /Users/siam/Desktop/Lingua\ Quest/Lingua\ Quest.xcodeproj
    

SwiftCompile normal arm64 Compiling\ Promise+Then.swift,\ Promise+Timeout.swift /Users/siam/Library/Developer/Xcode/DerivedData/Lingua_Quest-gvpckrqxtbgyprbgppjfqmimmmfw/SourcePackages/checkouts/promises/Sources/Promises/Promise+Then.swift /Users/siam/Library/Developer/Xcode/DerivedData/Lingua_Quest-gvpckrqxtbgyprbgppjfqmimmmfw/SourcePackages/checkouts/promises/Sources/Promises/Promise+Timeout.swift (in target 'Promises' from project 'Promises')

SwiftCompile normal arm64 /Users/siam/Library/Developer/Xcode/DerivedData/Lingua_Quest-gvpckrqxtbgyprbgppjfqmimmmfw/SourcePackages/checkouts/promises/Sources/Promises/Promise+Then.swift (in target 'Promises' from project 'Promises')
    cd /Users/siam/Desktop/Lingua\ Quest/Lingua\ Quest.xcodeproj
    

SwiftCompile normal arm64 /Users/siam/Library/Developer/Xcode/DerivedData/Lingua_Quest-gvpckrqxtbgyprbgppjfqmimmmfw/SourcePackages/checkouts/promises/Sources/Promises/Promise+Timeout.swift (in target 'Promises' from project 'Promises')
    cd /Users/siam/Desktop/Lingua\ Quest/Lingua\ Quest.xcodeproj
    

CreateUniversalBinary /Users/siam/Library/Developer/Xcode/DerivedData/Lingua_Quest-gvpckrqxtbgyprbgppjfqmimmmfw/Build/Products/Debug-iphonesimulator/abslWrapper.o normal arm64\ x86_64 (in target 'abslWrapper' from project 'abseil')
    cd /Users/siam/Library/Developer/Xcode/DerivedData/Lingua_Quest-gvpckrqxtbgyprbgppjfqmimmmfw/SourcePackages/checkouts/abseil-cpp-binary
    /Applications/Xcode.app/Contents/Developer/Toolchains/XcodeDefault.xctoolchain/usr/bin/lipo -create /Users/siam/Library/Developer/Xcode/DerivedData/Lingua_Quest-gvpckrqxtbgyprbgppjfqmimmmfw/Build/Intermediates.noindex/abseil.build/Debug-iphonesimulator/abslWrapper.build/Objects-normal/arm64/Binary/abslWrapper.o /Users/siam/Library/Developer/Xcode/DerivedData/Lingua_Quest-gvpckrqxtbgyprbgppjfqmimmmfw/Build/Intermediates.noindex/abseil.build/Debug-iphonesimulator/abslWrapper.build/Objects-normal/x86_64/Binary/abslWrapper.o -output /Users/siam/Library/Developer/Xcode/DerivedData/Lingua_Quest-gvpckrqxtbgyprbgppjfqmimmmfw/Build/Products/Debug-iphonesimulator/abslWrapper.o

SwiftExplicitDependencyGeneratePcm x86_64 /Users/siam/Library/Developer/Xcode/DerivedData/Lingua_Quest-gvpckrqxtbgyprbgppjfqmimmmfw/Build/Intermediates.noindex/SwiftExplicitPrecompiledModules/GoogleUtilities_NSData-241B05EZIRBZ6KQ3IRAQKGR1X.pcm

SwiftExplicitDependencyGeneratePcm arm64 /Users/siam/Library/Developer/Xcode/DerivedData/Lingua_Quest-gvpckrqxtbgyprbgppjfqmimmmfw/Build/Intermediates.noindex/SwiftExplicitPrecompiledModules/GoogleUtilities_NSData-CCSEUMBX6ONV9IPJBC8GY0R2P.pcm

SwiftCompile normal arm64 Compiling\ Promise+Wrap.swift /Users/siam/Library/Developer/Xcode/DerivedData/Lingua_Quest-gvpckrqxtbgyprbgppjfqmimmmfw/SourcePackages/checkouts/promises/Sources/Promises/Promise+Wrap.swift (in target 'Promises' from project 'Promises')

SwiftCompile normal arm64 /Users/siam/Library/Developer/Xcode/DerivedData/Lingua_Quest-gvpckrqxtbgyprbgppjfqmimmmfw/SourcePackages/checkouts/promises/Sources/Promises/Promise+Wrap.swift (in target 'Promises' from project 'Promises')
    cd /Users/siam/Desktop/Lingua\ Quest/Lingua\ Quest.xcodeproj
    

SwiftExplicitDependencyGeneratePcm arm64 /Users/siam/Library/Developer/Xcode/DerivedData/Lingua_Quest-gvpckrqxtbgyprbgppjfqmimmmfw/Build/Intermediates.noindex/SwiftExplicitPrecompiledModules/GTMSessionFetcherCore-9QYKRM1SFZPRKU09S9QZD52VX.pcm

SwiftExplicitDependencyGeneratePcm arm64 /Users/siam/Library/Developer/Xcode/DerivedData/Lingua_Quest-gvpckrqxtbgyprbgppjfqmimmmfw/Build/Intermediates.noindex/SwiftExplicitPrecompiledModules/AppAuthCore-1MAHBDNRCMOTEA6X8KQTCEUDS.pcm

SwiftEmitModule normal x86_64 Emitting\ module\ for\ FirebaseCoreInternal (in target 'FirebaseCoreInternal' from project 'Firebase')
EmitSwiftModule normal x86_64 (in target 'FirebaseCoreInternal' from project 'Firebase')
    cd /Users/siam/Desktop/Lingua\ Quest/Lingua\ Quest.xcodeproj
    

SwiftEmitModule normal arm64 Emitting\ module\ for\ FirebaseCoreInternal (in target 'FirebaseCoreInternal' from project 'Firebase')
EmitSwiftModule normal arm64 (in target 'FirebaseCoreInternal' from project 'Firebase')
    cd /Users/siam/Desktop/Lingua\ Quest/Lingua\ Quest.xcodeproj
    

SwiftDriverJobDiscovery normal arm64 Compiling Promise+Retry.swift, Promise+Testing.swift (in target 'Promises' from project 'Promises')

SwiftExplicitDependencyGeneratePcm x86_64 /Users/siam/Library/Developer/Xcode/DerivedData/Lingua_Quest-gvpckrqxtbgyprbgppjfqmimmmfw/Build/Intermediates.noindex/SwiftExplicitPrecompiledModules/GTMSessionFetcherCore-3YQS82TX15GW90HLRP42MTSKC.pcm

SwiftDriverJobDiscovery normal arm64 Compiling Promise+Recover.swift, Promise+Reduce.swift (in target 'Promises' from project 'Promises')

SwiftExplicitDependencyGeneratePcm x86_64 /Users/siam/Library/Developer/Xcode/DerivedData/Lingua_Quest-gvpckrqxtbgyprbgppjfqmimmmfw/Build/Intermediates.noindex/SwiftExplicitPrecompiledModules/AppAuthCore-4ZARDPXS5SKLNVL5RJT4O0WLL.pcm

SwiftCompile normal arm64 Compiling\ Promise+Catch.swift,\ Promise+Delay.swift /Users/siam/Library/Developer/Xcode/DerivedData/Lingua_Quest-gvpckrqxtbgyprbgppjfqmimmmfw/SourcePackages/checkouts/promises/Sources/Promises/Promise+Catch.swift /Users/siam/Library/Developer/Xcode/DerivedData/Lingua_Quest-gvpckrqxtbgyprbgppjfqmimmmfw/SourcePackages/checkouts/promises/Sources/Promises/Promise+Delay.swift (in target 'Promises' from project 'Promises')

SwiftCompile normal arm64 /Users/siam/Library/Developer/Xcode/DerivedData/Lingua_Quest-gvpckrqxtbgyprbgppjfqmimmmfw/SourcePackages/checkouts/promises/Sources/Promises/Promise+Catch.swift (in target 'Promises' from project 'Promises')
    cd /Users/siam/Desktop/Lingua\ Quest/Lingua\ Quest.xcodeproj
    

SwiftCompile normal arm64 /Users/siam/Library/Developer/Xcode/DerivedData/Lingua_Quest-gvpckrqxtbgyprbgppjfqmimmmfw/SourcePackages/checkouts/promises/Sources/Promises/Promise+Delay.swift (in target 'Promises' from project 'Promises')
    cd /Users/siam/Desktop/Lingua\ Quest/Lingua\ Quest.xcodeproj
    

SwiftDriverJobDiscovery normal arm64 Compiling Promise+Do.swift, Promise+Race.swift (in target 'Promises' from project 'Promises')

SwiftCompile normal arm64 Compiling\ Promise+Async.swift,\ Promise+Await.swift /Users/siam/Library/Developer/Xcode/DerivedData/Lingua_Quest-gvpckrqxtbgyprbgppjfqmimmmfw/SourcePackages/checkouts/promises/Sources/Promises/Promise+Async.swift /Users/siam/Library/Developer/Xcode/DerivedData/Lingua_Quest-gvpckrqxtbgyprbgppjfqmimmmfw/SourcePackages/checkouts/promises/Sources/Promises/Promise+Await.swift (in target 'Promises' from project 'Promises')

SwiftCompile normal arm64 /Users/siam/Library/Developer/Xcode/DerivedData/Lingua_Quest-gvpckrqxtbgyprbgppjfqmimmmfw/SourcePackages/checkouts/promises/Sources/Promises/Promise+Async.swift (in target 'Promises' from project 'Promises')
    cd /Users/siam/Desktop/Lingua\ Quest/Lingua\ Quest.xcodeproj
    

SwiftCompile normal arm64 /Users/siam/Library/Developer/Xcode/DerivedData/Lingua_Quest-gvpckrqxtbgyprbgppjfqmimmmfw/SourcePackages/checkouts/promises/Sources/Promises/Promise+Await.swift (in target 'Promises' from project 'Promises')
    cd /Users/siam/Desktop/Lingua\ Quest/Lingua\ Quest.xcodeproj
    

SwiftEmitModule normal arm64 Emitting\ module\ for\ GTMAppAuth (in target 'GTMAppAuth' from project 'GTMAppAuth')
EmitSwiftModule normal arm64 (in target 'GTMAppAuth' from project 'GTMAppAuth')
    cd /Users/siam/Desktop/Lingua\ Quest/Lingua\ Quest.xcodeproj
    

SwiftDriverJobDiscovery normal arm64 Compiling PromiseError.swift (in target 'Promises' from project 'Promises')

SwiftCompile normal arm64 Compiling\ Promise.swift /Users/siam/Library/Developer/Xcode/DerivedData/Lingua_Quest-gvpckrqxtbgyprbgppjfqmimmmfw/SourcePackages/checkouts/promises/Sources/Promises/Promise.swift (in target 'Promises' from project 'Promises')

SwiftCompile normal arm64 /Users/siam/Library/Developer/Xcode/DerivedData/Lingua_Quest-gvpckrqxtbgyprbgppjfqmimmmfw/SourcePackages/checkouts/promises/Sources/Promises/Promise.swift (in target 'Promises' from project 'Promises')
    cd /Users/siam/Desktop/Lingua\ Quest/Lingua\ Quest.xcodeproj
    

SwiftDriverJobDiscovery normal arm64 Compiling Promise+Then.swift, Promise+Timeout.swift (in target 'Promises' from project 'Promises')

SwiftCompile normal arm64 Compiling\ Promise+Always.swift,\ Promise+Any.swift /Users/siam/Library/Developer/Xcode/DerivedData/Lingua_Quest-gvpckrqxtbgyprbgppjfqmimmmfw/SourcePackages/checkouts/promises/Sources/Promises/Promise+Always.swift /Users/siam/Library/Developer/Xcode/DerivedData/Lingua_Quest-gvpckrqxtbgyprbgppjfqmimmmfw/SourcePackages/checkouts/promises/Sources/Promises/Promise+Any.swift (in target 'Promises' from project 'Promises')

SwiftCompile normal arm64 /Users/siam/Library/Developer/Xcode/DerivedData/Lingua_Quest-gvpckrqxtbgyprbgppjfqmimmmfw/SourcePackages/checkouts/promises/Sources/Promises/Promise+Always.swift (in target 'Promises' from project 'Promises')
    cd /Users/siam/Desktop/Lingua\ Quest/Lingua\ Quest.xcodeproj
    

SwiftCompile normal arm64 /Users/siam/Library/Developer/Xcode/DerivedData/Lingua_Quest-gvpckrqxtbgyprbgppjfqmimmmfw/SourcePackages/checkouts/promises/Sources/Promises/Promise+Any.swift (in target 'Promises' from project 'Promises')
    cd /Users/siam/Desktop/Lingua\ Quest/Lingua\ Quest.xcodeproj
    

SwiftDriverJobDiscovery normal arm64 Compiling Promise+Wrap.swift (in target 'Promises' from project 'Promises')

SwiftCompile normal arm64 Compiling\ Promise+Validate.swift /Users/siam/Library/Developer/Xcode/DerivedData/Lingua_Quest-gvpckrqxtbgyprbgppjfqmimmmfw/SourcePackages/checkouts/promises/Sources/Promises/Promise+Validate.swift (in target 'Promises' from project 'Promises')

SwiftCompile normal arm64 /Users/siam/Library/Developer/Xcode/DerivedData/Lingua_Quest-gvpckrqxtbgyprbgppjfqmimmmfw/SourcePackages/checkouts/promises/Sources/Promises/Promise+Validate.swift (in target 'Promises' from project 'Promises')
    cd /Users/siam/Desktop/Lingua\ Quest/Lingua\ Quest.xcodeproj
    

SwiftDriverJobDiscovery normal arm64 Emitting module for FirebaseSharedSwift (in target 'FirebaseSharedSwift' from project 'Firebase')

SwiftDriver\ Compilation\ Requirements FirebaseSharedSwift normal arm64 com.apple.xcode.tools.swift.compiler (in target 'FirebaseSharedSwift' from project 'Firebase')
    cd /Users/siam/Desktop/Lingua\ Quest/Lingua\ Quest.xcodeproj
    builtin-Swift-Compilation-Requirements -- /Applications/Xcode.app/Contents/Developer/Toolchains/XcodeDefault.xctoolchain/usr/bin/swiftc -module-name FirebaseSharedSwift -Onone -enforce-exclusivity\=checked @/Users/siam/Library/Developer/Xcode/DerivedData/Lingua_Quest-gvpckrqxtbgyprbgppjfqmimmmfw/Build/Intermediates.noindex/Firebase.build/Debug-iphonesimulator/FirebaseSharedSwift.build/Objects-normal/arm64/FirebaseSharedSwift.SwiftFileList -DSWIFT_PACKAGE -DDEBUG -DSWIFT_MODULE_RESOURCE_BUNDLE_UNAVAILABLE -DXcode -plugin-path /Applications/Xcode.app/Contents/Developer/Toolchains/XcodeDefault.xctoolchain/usr/lib/swift/host/plugins/testing -enable-experimental-feature DebugDescriptionMacro -sdk /Applications/Xcode.app/Contents/Developer/Platforms/iPhoneSimulator.platform/Developer/SDKs/iPhoneSimulator26.0.sdk -target arm64-apple-ios15.0-simulator -g -module-cache-path /Users/siam/Library/Developer/Xcode/DerivedData/ModuleCache.noindex -Xfrontend -serialize-debugging-options -profile-coverage-mapping -profile-generate -enable-testing -suppress-warnings -index-store-path /Users/siam/Library/Developer/Xcode/DerivedData/Lingua_Quest-gvpckrqxtbgyprbgppjfqmimmmfw/Index.noindex/DataStore -Xcc -D_LIBCPP_HARDENING_MODE\=_LIBCPP_HARDENING_MODE_DEBUG -swift-version 5 -I /Users/siam/Library/Developer/Xcode/DerivedData/Lingua_Quest-gvpckrqxtbgyprbgppjfqmimmmfw/Build/Products/Debug-iphonesimulator -Isystem /Applications/Xcode.app/Contents/Developer/Platforms/iPhoneSimulator.platform/Developer/usr/lib -F /Users/siam/Library/Developer/Xcode/DerivedData/Lingua_Quest-gvpckrqxtbgyprbgppjfqmimmmfw/Build/Products/Debug-iphonesimulator -F /Applications/Xcode.app/Contents/Developer/Platforms/iPhoneSimulator.platform/Developer/Library/Frameworks -F /Applications/Xcode.app/Contents/Developer/Platforms/iPhoneSimulator.platform/Developer/SDKs/iPhoneSimulator26.0.sdk/Developer/Library/Frameworks -c -j12 -enable-batch-mode -incremental -Xcc -ivfsstatcache -Xcc /Users/siam/Library/Developer/Xcode/DerivedData/SDKStatCaches.noindex/iphonesimulator26.0-23A339-26257891a6c027eb51374368541b8346.sdkstatcache -output-file-map /Users/siam/Library/Developer/Xcode/DerivedData/Lingua_Quest-gvpckrqxtbgyprbgppjfqmimmmfw/Build/Intermediates.noindex/Firebase.build/Debug-iphonesimulator/FirebaseSharedSwift.build/Objects-normal/arm64/FirebaseSharedSwift-OutputFileMap.json -use-frontend-parseable-output -save-temps -no-color-diagnostics -explicit-module-build -module-cache-path /Users/siam/Library/Developer/Xcode/DerivedData/Lingua_Quest-gvpckrqxtbgyprbgppjfqmimmmfw/Build/Intermediates.noindex/SwiftExplicitPrecompiledModules -clang-scanner-module-cache-path /Users/siam/Library/Developer/Xcode/DerivedData/ModuleCache.noindex -sdk-module-cache-path /Users/siam/Library/Developer/Xcode/DerivedData/ModuleCache.noindex -serialize-diagnostics -emit-dependencies -emit-module -emit-module-path /Users/siam/Library/Developer/Xcode/DerivedData/Lingua_Quest-gvpckrqxtbgyprbgppjfqmimmmfw/Build/Intermediates.noindex/Firebase.build/Debug-iphonesimulator/FirebaseSharedSwift.build/Objects-normal/arm64/FirebaseSharedSwift.swiftmodule -user-module-version 12.16.0 -validate-clang-modules-once -clang-build-session-file /Users/siam/Library/Developer/Xcode/DerivedData/ModuleCache.noindex/Session.modulevalidation -package-name firebase_ios_sdk -Xcc -I/Users/siam/Library/Developer/Xcode/DerivedData/Lingua_Quest-gvpckrqxtbgyprbgppjfqmimmmfw/Build/Intermediates.noindex/Firebase.build/Debug-iphonesimulator/FirebaseSharedSwift.build/swift-overrides.hmap -emit-const-values -Xfrontend -const-gather-protocols-file -Xfrontend /Users/siam/Library/Developer/Xcode/DerivedData/Lingua_Quest-gvpckrqxtbgyprbgppjfqmimmmfw/Build/Intermediates.noindex/Firebase.build/Debug-iphonesimulator/FirebaseSharedSwift.build/Objects-normal/arm64/FirebaseSharedSwift_const_extract_protocols.json -Xcc -I/Users/siam/Library/Developer/Xcode/DerivedData/Lingua_Quest-gvpckrqxtbgyprbgppjfqmimmmfw/Build/Products/Debug-iphonesimulator/include -Xcc -I/Users/siam/Library/Developer/Xcode/DerivedData/Lingua_Quest-gvpckrqxtbgyprbgppjfqmimmmfw/Build/Intermediates.noindex/Firebase.build/Debug-iphonesimulator/FirebaseSharedSwift.build/DerivedSources-normal/arm64 -Xcc -I/Users/siam/Library/Developer/Xcode/DerivedData/Lingua_Quest-gvpckrqxtbgyprbgppjfqmimmmfw/Build/Intermediates.noindex/Firebase.build/Debug-iphonesimulator/FirebaseSharedSwift.build/DerivedSources/arm64 -Xcc -I/Users/siam/Library/Developer/Xcode/DerivedData/Lingua_Quest-gvpckrqxtbgyprbgppjfqmimmmfw/Build/Intermediates.noindex/Firebase.build/Debug-iphonesimulator/FirebaseSharedSwift.build/DerivedSources -Xcc -DSWIFT_PACKAGE -Xcc -DDEBUG\=1 -emit-objc-header -emit-objc-header-path /Users/siam/Library/Developer/Xcode/DerivedData/Lingua_Quest-gvpckrqxtbgyprbgppjfqmimmmfw/Build/Intermediates.noindex/Firebase.build/Debug-iphonesimulator/FirebaseSharedSwift.build/Objects-normal/arm64/FirebaseSharedSwift-Swift.h -working-directory /Users/siam/Desktop/Lingua\ Quest/Lingua\ Quest.xcodeproj -experimental-emit-module-separately -disable-cmo

SwiftDriverJobDiscovery normal arm64 Emitting module for Promises (in target 'Promises' from project 'Promises')

SwiftDriver\ Compilation\ Requirements Promises normal arm64 com.apple.xcode.tools.swift.compiler (in target 'Promises' from project 'Promises')
    cd /Users/siam/Desktop/Lingua\ Quest/Lingua\ Quest.xcodeproj
    builtin-Swift-Compilation-Requirements -- /Applications/Xcode.app/Contents/Developer/Toolchains/XcodeDefault.xctoolchain/usr/bin/swiftc -module-name Promises -Onone -enforce-exclusivity\=checked @/Users/siam/Library/Developer/Xcode/DerivedData/Lingua_Quest-gvpckrqxtbgyprbgppjfqmimmmfw/Build/Intermediates.noindex/Promises.build/Debug-iphonesimulator/Promises.build/Objects-normal/arm64/Promises.SwiftFileList -DSWIFT_PACKAGE -DDEBUG -DSWIFT_MODULE_RESOURCE_BUNDLE_AVAILABLE -DXcode -plugin-path /Applications/Xcode.app/Contents/Developer/Toolchains/XcodeDefault.xctoolchain/usr/lib/swift/host/plugins/testing -enable-experimental-feature DebugDescriptionMacro -sdk /Applications/Xcode.app/Contents/Developer/Platforms/iPhoneSimulator.platform/Developer/SDKs/iPhoneSimulator26.0.sdk -target arm64-apple-ios12.0-simulator -g -module-cache-path /Users/siam/Library/Developer/Xcode/DerivedData/ModuleCache.noindex -Xfrontend -serialize-debugging-options -profile-coverage-mapping -profile-generate -enable-testing -suppress-warnings -index-store-path /Users/siam/Library/Developer/Xcode/DerivedData/Lingua_Quest-gvpckrqxtbgyprbgppjfqmimmmfw/Index.noindex/DataStore -Xcc -D_LIBCPP_HARDENING_MODE\=_LIBCPP_HARDENING_MODE_DEBUG -swift-version 5 -I /Users/siam/Library/Developer/Xcode/DerivedData/Lingua_Quest-gvpckrqxtbgyprbgppjfqmimmmfw/Build/Products/Debug-iphonesimulator -Isystem /Applications/Xcode.app/Contents/Developer/Platforms/iPhoneSimulator.platform/Developer/usr/lib -F /Users/siam/Library/Developer/Xcode/DerivedData/Lingua_Quest-gvpckrqxtbgyprbgppjfqmimmmfw/Build/Products/Debug-iphonesimulator/PackageFrameworks -F /Users/siam/Library/Developer/Xcode/DerivedData/Lingua_Quest-gvpckrqxtbgyprbgppjfqmimmmfw/Build/Products/Debug-iphonesimulator -F /Applications/Xcode.app/Contents/Developer/Platforms/iPhoneSimulator.platform/Developer/Library/Frameworks -F /Applications/Xcode.app/Contents/Developer/Platforms/iPhoneSimulator.platform/Developer/SDKs/iPhoneSimulator26.0.sdk/Developer/Library/Frameworks -c -j12 -enable-batch-mode -incremental -Xcc -ivfsstatcache -Xcc /Users/siam/Library/Developer/Xcode/DerivedData/SDKStatCaches.noindex/iphonesimulator26.0-23A339-26257891a6c027eb51374368541b8346.sdkstatcache -output-file-map /Users/siam/Library/Developer/Xcode/DerivedData/Lingua_Quest-gvpckrqxtbgyprbgppjfqmimmmfw/Build/Intermediates.noindex/Promises.build/Debug-iphonesimulator/Promises.build/Objects-normal/arm64/Promises-OutputFileMap.json -use-frontend-parseable-output -save-temps -no-color-diagnostics -explicit-module-build -module-cache-path /Users/siam/Library/Developer/Xcode/DerivedData/Lingua_Quest-gvpckrqxtbgyprbgppjfqmimmmfw/Build/Intermediates.noindex/SwiftExplicitPrecompiledModules -clang-scanner-module-cache-path /Users/siam/Library/Developer/Xcode/DerivedData/ModuleCache.noindex -sdk-module-cache-path /Users/siam/Library/Developer/Xcode/DerivedData/ModuleCache.noindex -serialize-diagnostics -emit-dependencies -emit-module -emit-module-path /Users/siam/Library/Developer/Xcode/DerivedData/Lingua_Quest-gvpckrqxtbgyprbgppjfqmimmmfw/Build/Intermediates.noindex/Promises.build/Debug-iphonesimulator/Promises.build/Objects-normal/arm64/Promises.swiftmodule -validate-clang-modules-once -clang-build-session-file /Users/siam/Library/Developer/Xcode/DerivedData/ModuleCache.noindex/Session.modulevalidation -Xcc -I/Users/siam/Library/Developer/Xcode/DerivedData/Lingua_Quest-gvpckrqxtbgyprbgppjfqmimmmfw/Build/Intermediates.noindex/Promises.build/Debug-iphonesimulator/Promises.build/swift-overrides.hmap -emit-const-values -Xfrontend -const-gather-protocols-file -Xfrontend /Users/siam/Library/Developer/Xcode/DerivedData/Lingua_Quest-gvpckrqxtbgyprbgppjfqmimmmfw/Build/Intermediates.noindex/Promises.build/Debug-iphonesimulator/Promises.build/Objects-normal/arm64/Promises_const_extract_protocols.json -Xcc -I/Users/siam/Library/Developer/Xcode/DerivedData/Lingua_Quest-gvpckrqxtbgyprbgppjfqmimmmfw/SourcePackages/checkouts/promises/Sources/FBLPromises/include -Xcc -I/Users/siam/Library/Developer/Xcode/DerivedData/Lingua_Quest-gvpckrqxtbgyprbgppjfqmimmmfw/Build/Products/Debug-iphonesimulator/include -Xcc -I/Users/siam/Library/Developer/Xcode/DerivedData/Lingua_Quest-gvpckrqxtbgyprbgppjfqmimmmfw/Build/Intermediates.noindex/Promises.build/Debug-iphonesimulator/Promises.build/DerivedSources-normal/arm64 -Xcc -I/Users/siam/Library/Developer/Xcode/DerivedData/Lingua_Quest-gvpckrqxtbgyprbgppjfqmimmmfw/Build/Intermediates.noindex/Promises.build/Debug-iphonesimulator/Promises.build/DerivedSources/arm64 -Xcc -I/Users/siam/Library/Developer/Xcode/DerivedData/Lingua_Quest-gvpckrqxtbgyprbgppjfqmimmmfw/Build/Intermediates.noindex/Promises.build/Debug-iphonesimulator/Promises.build/DerivedSources -Xcc -DSWIFT_PACKAGE -Xcc -DDEBUG\=1 -emit-objc-header -emit-objc-header-path /Users/siam/Library/Developer/Xcode/DerivedData/Lingua_Quest-gvpckrqxtbgyprbgppjfqmimmmfw/Build/Intermediates.noindex/Promises.build/Debug-iphonesimulator/Promises.build/Objects-normal/arm64/Promises-Swift.h -working-directory /Users/siam/Desktop/Lingua\ Quest/Lingua\ Quest.xcodeproj -experimental-emit-module-separately -disable-cmo

SwiftMergeGeneratedHeaders /Users/siam/Library/Developer/Xcode/DerivedData/Lingua_Quest-gvpckrqxtbgyprbgppjfqmimmmfw/Build/Intermediates.noindex/GeneratedModuleMaps-iphonesimulator/FirebaseSharedSwift-Swift.h /Users/siam/Library/Developer/Xcode/DerivedData/Lingua_Quest-gvpckrqxtbgyprbgppjfqmimmmfw/Build/Intermediates.noindex/Firebase.build/Debug-iphonesimulator/FirebaseSharedSwift.build/Objects-normal/arm64/FirebaseSharedSwift-Swift.h /Users/siam/Library/Developer/Xcode/DerivedData/Lingua_Quest-gvpckrqxtbgyprbgppjfqmimmmfw/Build/Intermediates.noindex/Firebase.build/Debug-iphonesimulator/FirebaseSharedSwift.build/Objects-normal/x86_64/FirebaseSharedSwift-Swift.h (in target 'FirebaseSharedSwift' from project 'Firebase')
    cd /Users/siam/Library/Developer/Xcode/DerivedData/Lingua_Quest-gvpckrqxtbgyprbgppjfqmimmmfw/SourcePackages/checkouts/firebase-ios-sdk
    builtin-swiftHeaderTool -arch arm64 /Users/siam/Library/Developer/Xcode/DerivedData/Lingua_Quest-gvpckrqxtbgyprbgppjfqmimmmfw/Build/Intermediates.noindex/Firebase.build/Debug-iphonesimulator/FirebaseSharedSwift.build/Objects-normal/arm64/FirebaseSharedSwift-Swift.h -arch x86_64 /Users/siam/Library/Developer/Xcode/DerivedData/Lingua_Quest-gvpckrqxtbgyprbgppjfqmimmmfw/Build/Intermediates.noindex/Firebase.build/Debug-iphonesimulator/FirebaseSharedSwift.build/Objects-normal/x86_64/FirebaseSharedSwift-Swift.h -o /Users/siam/Library/Developer/Xcode/DerivedData/Lingua_Quest-gvpckrqxtbgyprbgppjfqmimmmfw/Build/Intermediates.noindex/GeneratedModuleMaps-iphonesimulator/FirebaseSharedSwift-Swift.h

SwiftMergeGeneratedHeaders /Users/siam/Library/Developer/Xcode/DerivedData/Lingua_Quest-gvpckrqxtbgyprbgppjfqmimmmfw/Build/Intermediates.noindex/GeneratedModuleMaps-iphonesimulator/Promises-Swift.h /Users/siam/Library/Developer/Xcode/DerivedData/Lingua_Quest-gvpckrqxtbgyprbgppjfqmimmmfw/Build/Intermediates.noindex/Promises.build/Debug-iphonesimulator/Promises.build/Objects-normal/arm64/Promises-Swift.h /Users/siam/Library/Developer/Xcode/DerivedData/Lingua_Quest-gvpckrqxtbgyprbgppjfqmimmmfw/Build/Intermediates.noindex/Promises.build/Debug-iphonesimulator/Promises.build/Objects-normal/x86_64/Promises-Swift.h (in target 'Promises' from project 'Promises')
    cd /Users/siam/Library/Developer/Xcode/DerivedData/Lingua_Quest-gvpckrqxtbgyprbgppjfqmimmmfw/SourcePackages/checkouts/promises
    builtin-swiftHeaderTool -arch arm64 /Users/siam/Library/Developer/Xcode/DerivedData/Lingua_Quest-gvpckrqxtbgyprbgppjfqmimmmfw/Build/Intermediates.noindex/Promises.build/Debug-iphonesimulator/Promises.build/Objects-normal/arm64/Promises-Swift.h -arch x86_64 /Users/siam/Library/Developer/Xcode/DerivedData/Lingua_Quest-gvpckrqxtbgyprbgppjfqmimmmfw/Build/Intermediates.noindex/Promises.build/Debug-iphonesimulator/Promises.build/Objects-normal/x86_64/Promises-Swift.h -o /Users/siam/Library/Developer/Xcode/DerivedData/Lingua_Quest-gvpckrqxtbgyprbgppjfqmimmmfw/Build/Intermediates.noindex/GeneratedModuleMaps-iphonesimulator/Promises-Swift.h

Copy /Users/siam/Library/Developer/Xcode/DerivedData/Lingua_Quest-gvpckrqxtbgyprbgppjfqmimmmfw/Build/Products/Debug-iphonesimulator/Promises.swiftmodule/arm64-apple-ios-simulator.swiftmodule /Users/siam/Library/Developer/Xcode/DerivedData/Lingua_Quest-gvpckrqxtbgyprbgppjfqmimmmfw/Build/Intermediates.noindex/Promises.build/Debug-iphonesimulator/Promises.build/Objects-normal/arm64/Promises.swiftmodule (in target 'Promises' from project 'Promises')
    cd /Users/siam/Library/Developer/Xcode/DerivedData/Lingua_Quest-gvpckrqxtbgyprbgppjfqmimmmfw/SourcePackages/checkouts/promises
    builtin-copy -exclude .DS_Store -exclude CVS -exclude .svn -exclude .git -exclude .hg -resolve-src-symlinks -rename /Users/siam/Library/Developer/Xcode/DerivedData/Lingua_Quest-gvpckrqxtbgyprbgppjfqmimmmfw/Build/Intermediates.noindex/Promises.build/Debug-iphonesimulator/Promises.build/Objects-normal/arm64/Promises.swiftmodule /Users/siam/Library/Developer/Xcode/DerivedData/Lingua_Quest-gvpckrqxtbgyprbgppjfqmimmmfw/Build/Products/Debug-iphonesimulator/Promises.swiftmodule/arm64-apple-ios-simulator.swiftmodule

Copy /Users/siam/Library/Developer/Xcode/DerivedData/Lingua_Quest-gvpckrqxtbgyprbgppjfqmimmmfw/Build/Products/Debug-iphonesimulator/Promises.swiftmodule/arm64-apple-ios-simulator.swiftdoc /Users/siam/Library/Developer/Xcode/DerivedData/Lingua_Quest-gvpckrqxtbgyprbgppjfqmimmmfw/Build/Intermediates.noindex/Promises.build/Debug-iphonesimulator/Promises.build/Objects-normal/arm64/Promises.swiftdoc (in target 'Promises' from project 'Promises')
    cd /Users/siam/Library/Developer/Xcode/DerivedData/Lingua_Quest-gvpckrqxtbgyprbgppjfqmimmmfw/SourcePackages/checkouts/promises
    builtin-copy -exclude .DS_Store -exclude CVS -exclude .svn -exclude .git -exclude .hg -resolve-src-symlinks -rename /Users/siam/Library/Developer/Xcode/DerivedData/Lingua_Quest-gvpckrqxtbgyprbgppjfqmimmmfw/Build/Intermediates.noindex/Promises.build/Debug-iphonesimulator/Promises.build/Objects-normal/arm64/Promises.swiftdoc /Users/siam/Library/Developer/Xcode/DerivedData/Lingua_Quest-gvpckrqxtbgyprbgppjfqmimmmfw/Build/Products/Debug-iphonesimulator/Promises.swiftmodule/arm64-apple-ios-simulator.swiftdoc

Copy /Users/siam/Library/Developer/Xcode/DerivedData/Lingua_Quest-gvpckrqxtbgyprbgppjfqmimmmfw/Build/Products/Debug-iphonesimulator/Promises.swiftmodule/arm64-apple-ios-simulator.abi.json /Users/siam/Library/Developer/Xcode/DerivedData/Lingua_Quest-gvpckrqxtbgyprbgppjfqmimmmfw/Build/Intermediates.noindex/Promises.build/Debug-iphonesimulator/Promises.build/Objects-normal/arm64/Promises.abi.json (in target 'Promises' from project 'Promises')
    cd /Users/siam/Library/Developer/Xcode/DerivedData/Lingua_Quest-gvpckrqxtbgyprbgppjfqmimmmfw/SourcePackages/checkouts/promises
    builtin-copy -exclude .DS_Store -exclude CVS -exclude .svn -exclude .git -exclude .hg -resolve-src-symlinks -rename /Users/siam/Library/Developer/Xcode/DerivedData/Lingua_Quest-gvpckrqxtbgyprbgppjfqmimmmfw/Build/Intermediates.noindex/Promises.build/Debug-iphonesimulator/Promises.build/Objects-normal/arm64/Promises.abi.json /Users/siam/Library/Developer/Xcode/DerivedData/Lingua_Quest-gvpckrqxtbgyprbgppjfqmimmmfw/Build/Products/Debug-iphonesimulator/Promises.swiftmodule/arm64-apple-ios-simulator.abi.json

Copy /Users/siam/Library/Developer/Xcode/DerivedData/Lingua_Quest-gvpckrqxtbgyprbgppjfqmimmmfw/Build/Products/Debug-iphonesimulator/Promises.swiftmodule/Project/arm64-apple-ios-simulator.swiftsourceinfo /Users/siam/Library/Developer/Xcode/DerivedData/Lingua_Quest-gvpckrqxtbgyprbgppjfqmimmmfw/Build/Intermediates.noindex/Promises.build/Debug-iphonesimulator/Promises.build/Objects-normal/arm64/Promises.swiftsourceinfo (in target 'Promises' from project 'Promises')
    cd /Users/siam/Library/Developer/Xcode/DerivedData/Lingua_Quest-gvpckrqxtbgyprbgppjfqmimmmfw/SourcePackages/checkouts/promises
    builtin-copy -exclude .DS_Store -exclude CVS -exclude .svn -exclude .git -exclude .hg -resolve-src-symlinks -rename /Users/siam/Library/Developer/Xcode/DerivedData/Lingua_Quest-gvpckrqxtbgyprbgppjfqmimmmfw/Build/Intermediates.noindex/Promises.build/Debug-iphonesimulator/Promises.build/Objects-normal/arm64/Promises.swiftsourceinfo /Users/siam/Library/Developer/Xcode/DerivedData/Lingua_Quest-gvpckrqxtbgyprbgppjfqmimmmfw/Build/Products/Debug-iphonesimulator/Promises.swiftmodule/Project/arm64-apple-ios-simulator.swiftsourceinfo

Copy /Users/siam/Library/Developer/Xcode/DerivedData/Lingua_Quest-gvpckrqxtbgyprbgppjfqmimmmfw/Build/Products/Debug-iphonesimulator/FirebaseSharedSwift.swiftmodule/arm64-apple-ios-simulator.swiftmodule /Users/siam/Library/Developer/Xcode/DerivedData/Lingua_Quest-gvpckrqxtbgyprbgppjfqmimmmfw/Build/Intermediates.noindex/Firebase.build/Debug-iphonesimulator/FirebaseSharedSwift.build/Objects-normal/arm64/FirebaseSharedSwift.swiftmodule (in target 'FirebaseSharedSwift' from project 'Firebase')
    cd /Users/siam/Library/Developer/Xcode/DerivedData/Lingua_Quest-gvpckrqxtbgyprbgppjfqmimmmfw/SourcePackages/checkouts/firebase-ios-sdk
    builtin-copy -exclude .DS_Store -exclude CVS -exclude .svn -exclude .git -exclude .hg -resolve-src-symlinks -rename /Users/siam/Library/Developer/Xcode/DerivedData/Lingua_Quest-gvpckrqxtbgyprbgppjfqmimmmfw/Build/Intermediates.noindex/Firebase.build/Debug-iphonesimulator/FirebaseSharedSwift.build/Objects-normal/arm64/FirebaseSharedSwift.swiftmodule /Users/siam/Library/Developer/Xcode/DerivedData/Lingua_Quest-gvpckrqxtbgyprbgppjfqmimmmfw/Build/Products/Debug-iphonesimulator/FirebaseSharedSwift.swiftmodule/arm64-apple-ios-simulator.swiftmodule

Copy /Users/siam/Library/Developer/Xcode/DerivedData/Lingua_Quest-gvpckrqxtbgyprbgppjfqmimmmfw/Build/Products/Debug-iphonesimulator/FirebaseSharedSwift.swiftmodule/arm64-apple-ios-simulator.swiftdoc /Users/siam/Library/Developer/Xcode/DerivedData/Lingua_Quest-gvpckrqxtbgyprbgppjfqmimmmfw/Build/Intermediates.noindex/Firebase.build/Debug-iphonesimulator/FirebaseSharedSwift.build/Objects-normal/arm64/FirebaseSharedSwift.swiftdoc (in target 'FirebaseSharedSwift' from project 'Firebase')
    cd /Users/siam/Library/Developer/Xcode/DerivedData/Lingua_Quest-gvpckrqxtbgyprbgppjfqmimmmfw/SourcePackages/checkouts/firebase-ios-sdk
    builtin-copy -exclude .DS_Store -exclude CVS -exclude .svn -exclude .git -exclude .hg -resolve-src-symlinks -rename /Users/siam/Library/Developer/Xcode/DerivedData/Lingua_Quest-gvpckrqxtbgyprbgppjfqmimmmfw/Build/Intermediates.noindex/Firebase.build/Debug-iphonesimulator/FirebaseSharedSwift.build/Objects-normal/arm64/FirebaseSharedSwift.swiftdoc /Users/siam/Library/Developer/Xcode/DerivedData/Lingua_Quest-gvpckrqxtbgyprbgppjfqmimmmfw/Build/Products/Debug-iphonesimulator/FirebaseSharedSwift.swiftmodule/arm64-apple-ios-simulator.swiftdoc

Copy /Users/siam/Library/Developer/Xcode/DerivedData/Lingua_Quest-gvpckrqxtbgyprbgppjfqmimmmfw/Build/Products/Debug-iphonesimulator/FirebaseSharedSwift.swiftmodule/arm64-apple-ios-simulator.abi.json /Users/siam/Library/Developer/Xcode/DerivedData/Lingua_Quest-gvpckrqxtbgyprbgppjfqmimmmfw/Build/Intermediates.noindex/Firebase.build/Debug-iphonesimulator/FirebaseSharedSwift.build/Objects-normal/arm64/FirebaseSharedSwift.abi.json (in target 'FirebaseSharedSwift' from project 'Firebase')
    cd /Users/siam/Library/Developer/Xcode/DerivedData/Lingua_Quest-gvpckrqxtbgyprbgppjfqmimmmfw/SourcePackages/checkouts/firebase-ios-sdk
    builtin-copy -exclude .DS_Store -exclude CVS -exclude .svn -exclude .git -exclude .hg -resolve-src-symlinks -rename /Users/siam/Library/Developer/Xcode/DerivedData/Lingua_Quest-gvpckrqxtbgyprbgppjfqmimmmfw/Build/Intermediates.noindex/Firebase.build/Debug-iphonesimulator/FirebaseSharedSwift.build/Objects-normal/arm64/FirebaseSharedSwift.abi.json /Users/siam/Library/Developer/Xcode/DerivedData/Lingua_Quest-gvpckrqxtbgyprbgppjfqmimmmfw/Build/Products/Debug-iphonesimulator/FirebaseSharedSwift.swiftmodule/arm64-apple-ios-simulator.abi.json

Copy /Users/siam/Library/Developer/Xcode/DerivedData/Lingua_Quest-gvpckrqxtbgyprbgppjfqmimmmfw/Build/Products/Debug-iphonesimulator/FirebaseSharedSwift.swiftmodule/Project/arm64-apple-ios-simulator.swiftsourceinfo /Users/siam/Library/Developer/Xcode/DerivedData/Lingua_Quest-gvpckrqxtbgyprbgppjfqmimmmfw/Build/Intermediates.noindex/Firebase.build/Debug-iphonesimulator/FirebaseSharedSwift.build/Objects-normal/arm64/FirebaseSharedSwift.swiftsourceinfo (in target 'FirebaseSharedSwift' from project 'Firebase')
    cd /Users/siam/Library/Developer/Xcode/DerivedData/Lingua_Quest-gvpckrqxtbgyprbgppjfqmimmmfw/SourcePackages/checkouts/firebase-ios-sdk
    builtin-copy -exclude .DS_Store -exclude CVS -exclude .svn -exclude .git -exclude .hg -resolve-src-symlinks -rename /Users/siam/Library/Developer/Xcode/DerivedData/Lingua_Quest-gvpckrqxtbgyprbgppjfqmimmmfw/Build/Intermediates.noindex/Firebase.build/Debug-iphonesimulator/FirebaseSharedSwift.build/Objects-normal/arm64/FirebaseSharedSwift.swiftsourceinfo /Users/siam/Library/Developer/Xcode/DerivedData/Lingua_Quest-gvpckrqxtbgyprbgppjfqmimmmfw/Build/Products/Debug-iphonesimulator/FirebaseSharedSwift.swiftmodule/Project/arm64-apple-ios-simulator.swiftsourceinfo

SwiftCompile normal arm64 Compiling\ AuthSession.swift /Users/siam/Library/Developer/Xcode/DerivedData/Lingua_Quest-gvpckrqxtbgyprbgppjfqmimmmfw/SourcePackages/checkouts/GTMAppAuth/GTMAppAuth/Sources/AuthSession.swift (in target 'GTMAppAuth' from project 'GTMAppAuth')
SwiftCompile normal arm64 /Users/siam/Library/Developer/Xcode/DerivedData/Lingua_Quest-gvpckrqxtbgyprbgppjfqmimmmfw/SourcePackages/checkouts/GTMAppAuth/GTMAppAuth/Sources/AuthSession.swift (in target 'GTMAppAuth' from project 'GTMAppAuth')
    cd /Users/siam/Desktop/Lingua\ Quest/Lingua\ Quest.xcodeproj
    

Ld /Users/siam/Library/Developer/Xcode/DerivedData/Lingua_Quest-gvpckrqxtbgyprbgppjfqmimmmfw/Build/Intermediates.noindex/GoogleUtilities.build/Debug-iphonesimulator/GoogleUtilities-NSData.build/Objects-normal/x86_64/Binary/GoogleUtilities-NSData.o normal x86_64 (in target 'GoogleUtilities-NSData' from project 'GoogleUtilities')
    cd /Users/siam/Library/Developer/Xcode/DerivedData/Lingua_Quest-gvpckrqxtbgyprbgppjfqmimmmfw/SourcePackages/checkouts/GoogleUtilities
    /Applications/Xcode.app/Contents/Developer/Toolchains/XcodeDefault.xctoolchain/usr/bin/clang -Xlinker -reproducible -target x86_64-apple-ios12.0-simulator -r -isysroot /Applications/Xcode.app/Contents/Developer/Platforms/iPhoneSimulator.platform/Developer/SDKs/iPhoneSimulator26.0.sdk -O0 -w -L/Users/siam/Library/Developer/Xcode/DerivedData/Lingua_Quest-gvpckrqxtbgyprbgppjfqmimmmfw/Build/Intermediates.noindex/EagerLinkingTBDs/Debug-iphonesimulator -L/Users/siam/Library/Developer/Xcode/DerivedData/Lingua_Quest-gvpckrqxtbgyprbgppjfqmimmmfw/Build/Products/Debug-iphonesimulator -L/Applications/Xcode.app/Contents/Developer/Platforms/iPhoneSimulator.platform/Developer/usr/lib -F/Users/siam/Library/Developer/Xcode/DerivedData/Lingua_Quest-gvpckrqxtbgyprbgppjfqmimmmfw/Build/Intermediates.noindex/EagerLinkingTBDs/Debug-iphonesimulator -F/Users/siam/Library/Developer/Xcode/DerivedData/Lingua_Quest-gvpckrqxtbgyprbgppjfqmimmmfw/Build/Products/Debug-iphonesimulator -iframework /Applications/Xcode.app/Contents/Developer/Platforms/iPhoneSimulator.platform/Developer/Library/Frameworks -iframework /Applications/Xcode.app/Contents/Developer/Platforms/iPhoneSimulator.platform/Developer/SDKs/iPhoneSimulator26.0.sdk/Developer/Library/Frameworks -filelist /Users/siam/Library/Developer/Xcode/DerivedData/Lingua_Quest-gvpckrqxtbgyprbgppjfqmimmmfw/Build/Intermediates.noindex/GoogleUtilities.build/Debug-iphonesimulator/GoogleUtilities-NSData.build/Objects-normal/x86_64/GoogleUtilities-NSData.LinkFileList -nostdlib -Xlinker -object_path_lto -Xlinker /Users/siam/Library/Developer/Xcode/DerivedData/Lingua_Quest-gvpckrqxtbgyprbgppjfqmimmmfw/Build/Intermediates.noindex/GoogleUtilities.build/Debug-iphonesimulator/GoogleUtilities-NSData.build/Objects-normal/x86_64/GoogleUtilities-NSData_lto.o -rdynamic -Xlinker -no_deduplicate -Xlinker -objc_abi_version -Xlinker 2 -Xlinker -debug_variant -Xlinker -dependency_info -Xlinker /Users/siam/Library/Developer/Xcode/DerivedData/Lingua_Quest-gvpckrqxtbgyprbgppjfqmimmmfw/Build/Intermediates.noindex/GoogleUtilities.build/Debug-iphonesimulator/GoogleUtilities-NSData.build/Objects-normal/x86_64/GoogleUtilities-NSData_dependency_info.dat -fobjc-arc -fobjc-link-runtime -o /Users/siam/Library/Developer/Xcode/DerivedData/Lingua_Quest-gvpckrqxtbgyprbgppjfqmimmmfw/Build/Intermediates.noindex/GoogleUtilities.build/Debug-iphonesimulator/GoogleUtilities-NSData.build/Objects-normal/x86_64/Binary/GoogleUtilities-NSData.o

Ld /Users/siam/Library/Developer/Xcode/DerivedData/Lingua_Quest-gvpckrqxtbgyprbgppjfqmimmmfw/Build/Intermediates.noindex/GoogleUtilities.build/Debug-iphonesimulator/GoogleUtilities-NSData.build/Objects-normal/arm64/Binary/GoogleUtilities-NSData.o normal arm64 (in target 'GoogleUtilities-NSData' from project 'GoogleUtilities')
    cd /Users/siam/Library/Developer/Xcode/DerivedData/Lingua_Quest-gvpckrqxtbgyprbgppjfqmimmmfw/SourcePackages/checkouts/GoogleUtilities
    /Applications/Xcode.app/Contents/Developer/Toolchains/XcodeDefault.xctoolchain/usr/bin/clang -Xlinker -reproducible -target arm64-apple-ios12.0-simulator -r -isysroot /Applications/Xcode.app/Contents/Developer/Platforms/iPhoneSimulator.platform/Developer/SDKs/iPhoneSimulator26.0.sdk -O0 -w -L/Users/siam/Library/Developer/Xcode/DerivedData/Lingua_Quest-gvpckrqxtbgyprbgppjfqmimmmfw/Build/Intermediates.noindex/EagerLinkingTBDs/Debug-iphonesimulator -L/Users/siam/Library/Developer/Xcode/DerivedData/Lingua_Quest-gvpckrqxtbgyprbgppjfqmimmmfw/Build/Products/Debug-iphonesimulator -L/Applications/Xcode.app/Contents/Developer/Platforms/iPhoneSimulator.platform/Developer/usr/lib -F/Users/siam/Library/Developer/Xcode/DerivedData/Lingua_Quest-gvpckrqxtbgyprbgppjfqmimmmfw/Build/Intermediates.noindex/EagerLinkingTBDs/Debug-iphonesimulator -F/Users/siam/Library/Developer/Xcode/DerivedData/Lingua_Quest-gvpckrqxtbgyprbgppjfqmimmmfw/Build/Products/Debug-iphonesimulator -iframework /Applications/Xcode.app/Contents/Developer/Platforms/iPhoneSimulator.platform/Developer/Library/Frameworks -iframework /Applications/Xcode.app/Contents/Developer/Platforms/iPhoneSimulator.platform/Developer/SDKs/iPhoneSimulator26.0.sdk/Developer/Library/Frameworks -filelist /Users/siam/Library/Developer/Xcode/DerivedData/Lingua_Quest-gvpckrqxtbgyprbgppjfqmimmmfw/Build/Intermediates.noindex/GoogleUtilities.build/Debug-iphonesimulator/GoogleUtilities-NSData.build/Objects-normal/arm64/GoogleUtilities-NSData.LinkFileList -nostdlib -Xlinker -object_path_lto -Xlinker /Users/siam/Library/Developer/Xcode/DerivedData/Lingua_Quest-gvpckrqxtbgyprbgppjfqmimmmfw/Build/Intermediates.noindex/GoogleUtilities.build/Debug-iphonesimulator/GoogleUtilities-NSData.build/Objects-normal/arm64/GoogleUtilities-NSData_lto.o -rdynamic -Xlinker -no_deduplicate -Xlinker -objc_abi_version -Xlinker 2 -Xlinker -debug_variant -Xlinker -dependency_info -Xlinker /Users/siam/Library/Developer/Xcode/DerivedData/Lingua_Quest-gvpckrqxtbgyprbgppjfqmimmmfw/Build/Intermediates.noindex/GoogleUtilities.build/Debug-iphonesimulator/GoogleUtilities-NSData.build/Objects-normal/arm64/GoogleUtilities-NSData_dependency_info.dat -fobjc-arc -fobjc-link-runtime -o /Users/siam/Library/Developer/Xcode/DerivedData/Lingua_Quest-gvpckrqxtbgyprbgppjfqmimmmfw/Build/Intermediates.noindex/GoogleUtilities.build/Debug-iphonesimulator/GoogleUtilities-NSData.build/Objects-normal/arm64/Binary/GoogleUtilities-NSData.o

SwiftDriverJobDiscovery normal arm64 Compiling resource_bundle_accessor.swift, Promise+All.swift (in target 'Promises' from project 'Promises')

SwiftEmitModule normal x86_64 Emitting\ module\ for\ GTMAppAuth (in target 'GTMAppAuth' from project 'GTMAppAuth')

EmitSwiftModule normal x86_64 (in target 'GTMAppAuth' from project 'GTMAppAuth')
    cd /Users/siam/Desktop/Lingua\ Quest/Lingua\ Quest.xcodeproj
    

Ld /Users/siam/Library/Developer/Xcode/DerivedData/Lingua_Quest-gvpckrqxtbgyprbgppjfqmimmmfw/Build/Intermediates.noindex/GoogleUtilities.build/Debug-iphonesimulator/GoogleUtilities-Environment.build/Objects-normal/x86_64/Binary/GoogleUtilities-Environment.o normal x86_64 (in target 'GoogleUtilities-Environment' from project 'GoogleUtilities')
    cd /Users/siam/Library/Developer/Xcode/DerivedData/Lingua_Quest-gvpckrqxtbgyprbgppjfqmimmmfw/SourcePackages/checkouts/GoogleUtilities
    /Applications/Xcode.app/Contents/Developer/Toolchains/XcodeDefault.xctoolchain/usr/bin/clang -Xlinker -reproducible -target x86_64-apple-ios12.0-simulator -r -isysroot /Applications/Xcode.app/Contents/Developer/Platforms/iPhoneSimulator.platform/Developer/SDKs/iPhoneSimulator26.0.sdk -O0 -w -L/Users/siam/Library/Developer/Xcode/DerivedData/Lingua_Quest-gvpckrqxtbgyprbgppjfqmimmmfw/Build/Intermediates.noindex/EagerLinkingTBDs/Debug-iphonesimulator -L/Users/siam/Library/Developer/Xcode/DerivedData/Lingua_Quest-gvpckrqxtbgyprbgppjfqmimmmfw/Build/Products/Debug-iphonesimulator -L/Applications/Xcode.app/Contents/Developer/Platforms/iPhoneSimulator.platform/Developer/usr/lib -F/Users/siam/Library/Developer/Xcode/DerivedData/Lingua_Quest-gvpckrqxtbgyprbgppjfqmimmmfw/Build/Intermediates.noindex/EagerLinkingTBDs/Debug-iphonesimulator -F/Users/siam/Library/Developer/Xcode/DerivedData/Lingua_Quest-gvpckrqxtbgyprbgppjfqmimmmfw/Build/Products/Debug-iphonesimulator/PackageFrameworks -F/Users/siam/Library/Developer/Xcode/DerivedData/Lingua_Quest-gvpckrqxtbgyprbgppjfqmimmmfw/Build/Products/Debug-iphonesimulator -iframework /Applications/Xcode.app/Contents/Developer/Platforms/iPhoneSimulator.platform/Developer/Library/Frameworks -iframework /Applications/Xcode.app/Contents/Developer/Platforms/iPhoneSimulator.platform/Developer/SDKs/iPhoneSimulator26.0.sdk/Developer/Library/Frameworks -filelist /Users/siam/Library/Developer/Xcode/DerivedData/Lingua_Quest-gvpckrqxtbgyprbgppjfqmimmmfw/Build/Intermediates.noindex/GoogleUtilities.build/Debug-iphonesimulator/GoogleUtilities-Environment.build/Objects-normal/x86_64/GoogleUtilities-Environment.LinkFileList -nostdlib -Xlinker -object_path_lto -Xlinker /Users/siam/Library/Developer/Xcode/DerivedData/Lingua_Quest-gvpckrqxtbgyprbgppjfqmimmmfw/Build/Intermediates.noindex/GoogleUtilities.build/Debug-iphonesimulator/GoogleUtilities-Environment.build/Objects-normal/x86_64/GoogleUtilities-Environment_lto.o -rdynamic -Xlinker -no_deduplicate -Xlinker -objc_abi_version -Xlinker 2 -Xlinker -debug_variant -Xlinker -dependency_info -Xlinker /Users/siam/Library/Developer/Xcode/DerivedData/Lingua_Quest-gvpckrqxtbgyprbgppjfqmimmmfw/Build/Intermediates.noindex/GoogleUtilities.build/Debug-iphonesimulator/GoogleUtilities-Environment.build/Objects-normal/x86_64/GoogleUtilities-Environment_dependency_info.dat -fobjc-arc -fobjc-link-runtime -o /Users/siam/Library/Developer/Xcode/DerivedData/Lingua_Quest-gvpckrqxtbgyprbgppjfqmimmmfw/Build/Intermediates.noindex/GoogleUtilities.build/Debug-iphonesimulator/GoogleUtilities-Environment.build/Objects-normal/x86_64/Binary/GoogleUtilities-Environment.o

Ld /Users/siam/Library/Developer/Xcode/DerivedData/Lingua_Quest-gvpckrqxtbgyprbgppjfqmimmmfw/Build/Intermediates.noindex/GoogleUtilities.build/Debug-iphonesimulator/GoogleUtilities-Environment.build/Objects-normal/arm64/Binary/GoogleUtilities-Environment.o normal arm64 (in target 'GoogleUtilities-Environment' from project 'GoogleUtilities')
    cd /Users/siam/Library/Developer/Xcode/DerivedData/Lingua_Quest-gvpckrqxtbgyprbgppjfqmimmmfw/SourcePackages/checkouts/GoogleUtilities
    /Applications/Xcode.app/Contents/Developer/Toolchains/XcodeDefault.xctoolchain/usr/bin/clang -Xlinker -reproducible -target arm64-apple-ios12.0-simulator -r -isysroot /Applications/Xcode.app/Contents/Developer/Platforms/iPhoneSimulator.platform/Developer/SDKs/iPhoneSimulator26.0.sdk -O0 -w -L/Users/siam/Library/Developer/Xcode/DerivedData/Lingua_Quest-gvpckrqxtbgyprbgppjfqmimmmfw/Build/Intermediates.noindex/EagerLinkingTBDs/Debug-iphonesimulator -L/Users/siam/Library/Developer/Xcode/DerivedData/Lingua_Quest-gvpckrqxtbgyprbgppjfqmimmmfw/Build/Products/Debug-iphonesimulator -L/Applications/Xcode.app/Contents/Developer/Platforms/iPhoneSimulator.platform/Developer/usr/lib -F/Users/siam/Library/Developer/Xcode/DerivedData/Lingua_Quest-gvpckrqxtbgyprbgppjfqmimmmfw/Build/Intermediates.noindex/EagerLinkingTBDs/Debug-iphonesimulator -F/Users/siam/Library/Developer/Xcode/DerivedData/Lingua_Quest-gvpckrqxtbgyprbgppjfqmimmmfw/Build/Products/Debug-iphonesimulator/PackageFrameworks -F/Users/siam/Library/Developer/Xcode/DerivedData/Lingua_Quest-gvpckrqxtbgyprbgppjfqmimmmfw/Build/Products/Debug-iphonesimulator -iframework /Applications/Xcode.app/Contents/Developer/Platforms/iPhoneSimulator.platform/Developer/Library/Frameworks -iframework /Applications/Xcode.app/Contents/Developer/Platforms/iPhoneSimulator.platform/Developer/SDKs/iPhoneSimulator26.0.sdk/Developer/Library/Frameworks -filelist /Users/siam/Library/Developer/Xcode/DerivedData/Lingua_Quest-gvpckrqxtbgyprbgppjfqmimmmfw/Build/Intermediates.noindex/GoogleUtilities.build/Debug-iphonesimulator/GoogleUtilities-Environment.build/Objects-normal/arm64/GoogleUtilities-Environment.LinkFileList -nostdlib -Xlinker -object_path_lto -Xlinker /Users/siam/Library/Developer/Xcode/DerivedData/Lingua_Quest-gvpckrqxtbgyprbgppjfqmimmmfw/Build/Intermediates.noindex/GoogleUtilities.build/Debug-iphonesimulator/GoogleUtilities-Environment.build/Objects-normal/arm64/GoogleUtilities-Environment_lto.o -rdynamic -Xlinker -no_deduplicate -Xlinker -objc_abi_version -Xlinker 2 -Xlinker -debug_variant -Xlinker -dependency_info -Xlinker /Users/siam/Library/Developer/Xcode/DerivedData/Lingua_Quest-gvpckrqxtbgyprbgppjfqmimmmfw/Build/Intermediates.noindex/GoogleUtilities.build/Debug-iphonesimulator/GoogleUtilities-Environment.build/Objects-normal/arm64/GoogleUtilities-Environment_dependency_info.dat -fobjc-arc -fobjc-link-runtime -o /Users/siam/Library/Developer/Xcode/DerivedData/Lingua_Quest-gvpckrqxtbgyprbgppjfqmimmmfw/Build/Intermediates.noindex/GoogleUtilities.build/Debug-iphonesimulator/GoogleUtilities-Environment.build/Objects-normal/arm64/Binary/GoogleUtilities-Environment.o

CreateUniversalBinary /Users/siam/Library/Developer/Xcode/DerivedData/Lingua_Quest-gvpckrqxtbgyprbgppjfqmimmmfw/Build/Products/Debug-iphonesimulator/GoogleUtilities-NSData.o normal arm64\ x86_64 (in target 'GoogleUtilities-NSData' from project 'GoogleUtilities')
    cd /Users/siam/Library/Developer/Xcode/DerivedData/Lingua_Quest-gvpckrqxtbgyprbgppjfqmimmmfw/SourcePackages/checkouts/GoogleUtilities
    /Applications/Xcode.app/Contents/Developer/Toolchains/XcodeDefault.xctoolchain/usr/bin/lipo -create /Users/siam/Library/Developer/Xcode/DerivedData/Lingua_Quest-gvpckrqxtbgyprbgppjfqmimmmfw/Build/Intermediates.noindex/GoogleUtilities.build/Debug-iphonesimulator/GoogleUtilities-NSData.build/Objects-normal/arm64/Binary/GoogleUtilities-NSData.o /Users/siam/Library/Developer/Xcode/DerivedData/Lingua_Quest-gvpckrqxtbgyprbgppjfqmimmmfw/Build/Intermediates.noindex/GoogleUtilities.build/Debug-iphonesimulator/GoogleUtilities-NSData.build/Objects-normal/x86_64/Binary/GoogleUtilities-NSData.o -output /Users/siam/Library/Developer/Xcode/DerivedData/Lingua_Quest-gvpckrqxtbgyprbgppjfqmimmmfw/Build/Products/Debug-iphonesimulator/GoogleUtilities-NSData.o

SwiftCompile normal x86_64 Compiling\ AuthSessionStore.swift /Users/siam/Library/Developer/Xcode/DerivedData/Lingua_Quest-gvpckrqxtbgyprbgppjfqmimmmfw/SourcePackages/checkouts/GTMAppAuth/GTMAppAuth/Sources/AuthSessionStore.swift (in target 'GTMAppAuth' from project 'GTMAppAuth')

SwiftCompile normal x86_64 /Users/siam/Library/Developer/Xcode/DerivedData/Lingua_Quest-gvpckrqxtbgyprbgppjfqmimmmfw/SourcePackages/checkouts/GTMAppAuth/GTMAppAuth/Sources/AuthSessionStore.swift (in target 'GTMAppAuth' from project 'GTMAppAuth')
    cd /Users/siam/Desktop/Lingua\ Quest/Lingua\ Quest.xcodeproj
    

Ld /Users/siam/Library/Developer/Xcode/DerivedData/Lingua_Quest-gvpckrqxtbgyprbgppjfqmimmmfw/Build/Intermediates.noindex/GTMSessionFetcher.build/Debug-iphonesimulator/GTMSessionFetcherCore.build/Objects-normal/x86_64/Binary/GTMSessionFetcherCore.o normal x86_64 (in target 'GTMSessionFetcherCore' from project 'GTMSessionFetcher')
    cd /Users/siam/Library/Developer/Xcode/DerivedData/Lingua_Quest-gvpckrqxtbgyprbgppjfqmimmmfw/SourcePackages/checkouts/gtm-session-fetcher
    /Applications/Xcode.app/Contents/Developer/Toolchains/XcodeDefault.xctoolchain/usr/bin/clang -Xlinker -reproducible -target x86_64-apple-ios12.0-simulator -r -isysroot /Applications/Xcode.app/Contents/Developer/Platforms/iPhoneSimulator.platform/Developer/SDKs/iPhoneSimulator26.0.sdk -O0 -w -L/Users/siam/Library/Developer/Xcode/DerivedData/Lingua_Quest-gvpckrqxtbgyprbgppjfqmimmmfw/Build/Intermediates.noindex/EagerLinkingTBDs/Debug-iphonesimulator -L/Users/siam/Library/Developer/Xcode/DerivedData/Lingua_Quest-gvpckrqxtbgyprbgppjfqmimmmfw/Build/Products/Debug-iphonesimulator -L/Applications/Xcode.app/Contents/Developer/Platforms/iPhoneSimulator.platform/Developer/usr/lib -F/Users/siam/Library/Developer/Xcode/DerivedData/Lingua_Quest-gvpckrqxtbgyprbgppjfqmimmmfw/Build/Intermediates.noindex/EagerLinkingTBDs/Debug-iphonesimulator -F/Users/siam/Library/Developer/Xcode/DerivedData/Lingua_Quest-gvpckrqxtbgyprbgppjfqmimmmfw/Build/Products/Debug-iphonesimulator -iframework /Applications/Xcode.app/Contents/Developer/Platforms/iPhoneSimulator.platform/Developer/Library/Frameworks -iframework /Applications/Xcode.app/Contents/Developer/Platforms/iPhoneSimulator.platform/Developer/SDKs/iPhoneSimulator26.0.sdk/Developer/Library/Frameworks -filelist /Users/siam/Library/Developer/Xcode/DerivedData/Lingua_Quest-gvpckrqxtbgyprbgppjfqmimmmfw/Build/Intermediates.noindex/GTMSessionFetcher.build/Debug-iphonesimulator/GTMSessionFetcherCore.build/Objects-normal/x86_64/GTMSessionFetcherCore.LinkFileList -nostdlib -Xlinker -object_path_lto -Xlinker /Users/siam/Library/Developer/Xcode/DerivedData/Lingua_Quest-gvpckrqxtbgyprbgppjfqmimmmfw/Build/Intermediates.noindex/GTMSessionFetcher.build/Debug-iphonesimulator/GTMSessionFetcherCore.build/Objects-normal/x86_64/GTMSessionFetcherCore_lto.o -rdynamic -Xlinker -no_deduplicate -Xlinker -objc_abi_version -Xlinker 2 -Xlinker -debug_variant -Xlinker -dependency_info -Xlinker /Users/siam/Library/Developer/Xcode/DerivedData/Lingua_Quest-gvpckrqxtbgyprbgppjfqmimmmfw/Build/Intermediates.noindex/GTMSessionFetcher.build/Debug-iphonesimulator/GTMSessionFetcherCore.build/Objects-normal/x86_64/GTMSessionFetcherCore_dependency_info.dat -fobjc-arc -fobjc-link-runtime -o /Users/siam/Library/Developer/Xcode/DerivedData/Lingua_Quest-gvpckrqxtbgyprbgppjfqmimmmfw/Build/Intermediates.noindex/GTMSessionFetcher.build/Debug-iphonesimulator/GTMSessionFetcherCore.build/Objects-normal/x86_64/Binary/GTMSessionFetcherCore.o

CreateUniversalBinary /Users/siam/Library/Developer/Xcode/DerivedData/Lingua_Quest-gvpckrqxtbgyprbgppjfqmimmmfw/Build/Products/Debug-iphonesimulator/GoogleUtilities-Environment.o normal arm64\ x86_64 (in target 'GoogleUtilities-Environment' from project 'GoogleUtilities')
    cd /Users/siam/Library/Developer/Xcode/DerivedData/Lingua_Quest-gvpckrqxtbgyprbgppjfqmimmmfw/SourcePackages/checkouts/GoogleUtilities
    /Applications/Xcode.app/Contents/Developer/Toolchains/XcodeDefault.xctoolchain/usr/bin/lipo -create /Users/siam/Library/Developer/Xcode/DerivedData/Lingua_Quest-gvpckrqxtbgyprbgppjfqmimmmfw/Build/Intermediates.noindex/GoogleUtilities.build/Debug-iphonesimulator/GoogleUtilities-Environment.build/Objects-normal/arm64/Binary/GoogleUtilities-Environment.o /Users/siam/Library/Developer/Xcode/DerivedData/Lingua_Quest-gvpckrqxtbgyprbgppjfqmimmmfw/Build/Intermediates.noindex/GoogleUtilities.build/Debug-iphonesimulator/GoogleUtilities-Environment.build/Objects-normal/x86_64/Binary/GoogleUtilities-Environment.o -output /Users/siam/Library/Developer/Xcode/DerivedData/Lingua_Quest-gvpckrqxtbgyprbgppjfqmimmmfw/Build/Products/Debug-iphonesimulator/GoogleUtilities-Environment.o

SwiftDriverJobDiscovery normal arm64 Compiling Promise+Catch.swift, Promise+Delay.swift (in target 'Promises' from project 'Promises')

Ld /Users/siam/Library/Developer/Xcode/DerivedData/Lingua_Quest-gvpckrqxtbgyprbgppjfqmimmmfw/Build/Intermediates.noindex/GTMSessionFetcher.build/Debug-iphonesimulator/GTMSessionFetcherCore.build/Objects-normal/arm64/Binary/GTMSessionFetcherCore.o normal arm64 (in target 'GTMSessionFetcherCore' from project 'GTMSessionFetcher')
    cd /Users/siam/Library/Developer/Xcode/DerivedData/Lingua_Quest-gvpckrqxtbgyprbgppjfqmimmmfw/SourcePackages/checkouts/gtm-session-fetcher
    /Applications/Xcode.app/Contents/Developer/Toolchains/XcodeDefault.xctoolchain/usr/bin/clang -Xlinker -reproducible -target arm64-apple-ios12.0-simulator -r -isysroot /Applications/Xcode.app/Contents/Developer/Platforms/iPhoneSimulator.platform/Developer/SDKs/iPhoneSimulator26.0.sdk -O0 -w -L/Users/siam/Library/Developer/Xcode/DerivedData/Lingua_Quest-gvpckrqxtbgyprbgppjfqmimmmfw/Build/Intermediates.noindex/EagerLinkingTBDs/Debug-iphonesimulator -L/Users/siam/Library/Developer/Xcode/DerivedData/Lingua_Quest-gvpckrqxtbgyprbgppjfqmimmmfw/Build/Products/Debug-iphonesimulator -L/Applications/Xcode.app/Contents/Developer/Platforms/iPhoneSimulator.platform/Developer/usr/lib -F/Users/siam/Library/Developer/Xcode/DerivedData/Lingua_Quest-gvpckrqxtbgyprbgppjfqmimmmfw/Build/Intermediates.noindex/EagerLinkingTBDs/Debug-iphonesimulator -F/Users/siam/Library/Developer/Xcode/DerivedData/Lingua_Quest-gvpckrqxtbgyprbgppjfqmimmmfw/Build/Products/Debug-iphonesimulator -iframework /Applications/Xcode.app/Contents/Developer/Platforms/iPhoneSimulator.platform/Developer/Library/Frameworks -iframework /Applications/Xcode.app/Contents/Developer/Platforms/iPhoneSimulator.platform/Developer/SDKs/iPhoneSimulator26.0.sdk/Developer/Library/Frameworks -filelist /Users/siam/Library/Developer/Xcode/DerivedData/Lingua_Quest-gvpckrqxtbgyprbgppjfqmimmmfw/Build/Intermediates.noindex/GTMSessionFetcher.build/Debug-iphonesimulator/GTMSessionFetcherCore.build/Objects-normal/arm64/GTMSessionFetcherCore.LinkFileList -nostdlib -Xlinker -object_path_lto -Xlinker /Users/siam/Library/Developer/Xcode/DerivedData/Lingua_Quest-gvpckrqxtbgyprbgppjfqmimmmfw/Build/Intermediates.noindex/GTMSessionFetcher.build/Debug-iphonesimulator/GTMSessionFetcherCore.build/Objects-normal/arm64/GTMSessionFetcherCore_lto.o -rdynamic -Xlinker -no_deduplicate -Xlinker -objc_abi_version -Xlinker 2 -Xlinker -debug_variant -Xlinker -dependency_info -Xlinker /Users/siam/Library/Developer/Xcode/DerivedData/Lingua_Quest-gvpckrqxtbgyprbgppjfqmimmmfw/Build/Intermediates.noindex/GTMSessionFetcher.build/Debug-iphonesimulator/GTMSessionFetcherCore.build/Objects-normal/arm64/GTMSessionFetcherCore_dependency_info.dat -fobjc-arc -fobjc-link-runtime -o /Users/siam/Library/Developer/Xcode/DerivedData/Lingua_Quest-gvpckrqxtbgyprbgppjfqmimmmfw/Build/Intermediates.noindex/GTMSessionFetcher.build/Debug-iphonesimulator/GTMSessionFetcherCore.build/Objects-normal/arm64/Binary/GTMSessionFetcherCore.o

SwiftCompile normal x86_64 Compiling\ KeychainHelper.swift /Users/siam/Library/Developer/Xcode/DerivedData/Lingua_Quest-gvpckrqxtbgyprbgppjfqmimmmfw/SourcePackages/checkouts/GTMAppAuth/GTMAppAuth/Sources/KeychainStore/KeychainHelper.swift (in target 'GTMAppAuth' from project 'GTMAppAuth')

SwiftCompile normal x86_64 /Users/siam/Library/Developer/Xcode/DerivedData/Lingua_Quest-gvpckrqxtbgyprbgppjfqmimmmfw/SourcePackages/checkouts/GTMAppAuth/GTMAppAuth/Sources/KeychainStore/KeychainHelper.swift (in target 'GTMAppAuth' from project 'GTMAppAuth')
    cd /Users/siam/Desktop/Lingua\ Quest/Lingua\ Quest.xcodeproj
    

SwiftDriverJobDiscovery normal arm64 Compiling Promise+Validate.swift (in target 'Promises' from project 'Promises')

SwiftCompile normal arm64 Compiling\ resource_bundle_accessor.swift /Users/siam/Library/Developer/Xcode/DerivedData/Lingua_Quest-gvpckrqxtbgyprbgppjfqmimmmfw/Build/Intermediates.noindex/GTMAppAuth.build/Debug-iphonesimulator/GTMAppAuth.build/DerivedSources/resource_bundle_accessor.swift (in target 'GTMAppAuth' from project 'GTMAppAuth')

SwiftCompile normal arm64 /Users/siam/Library/Developer/Xcode/DerivedData/Lingua_Quest-gvpckrqxtbgyprbgppjfqmimmmfw/Build/Intermediates.noindex/GTMAppAuth.build/Debug-iphonesimulator/GTMAppAuth.build/DerivedSources/resource_bundle_accessor.swift (in target 'GTMAppAuth' from project 'GTMAppAuth')
    cd /Users/siam/Desktop/Lingua\ Quest/Lingua\ Quest.xcodeproj
    

SwiftCompile normal arm64 Compiling\ KeychainHelper.swift /Users/siam/Library/Developer/Xcode/DerivedData/Lingua_Quest-gvpckrqxtbgyprbgppjfqmimmmfw/SourcePackages/checkouts/GTMAppAuth/GTMAppAuth/Sources/KeychainStore/KeychainHelper.swift (in target 'GTMAppAuth' from project 'GTMAppAuth')

SwiftCompile normal arm64 /Users/siam/Library/Developer/Xcode/DerivedData/Lingua_Quest-gvpckrqxtbgyprbgppjfqmimmmfw/SourcePackages/checkouts/GTMAppAuth/GTMAppAuth/Sources/KeychainStore/KeychainHelper.swift (in target 'GTMAppAuth' from project 'GTMAppAuth')
    cd /Users/siam/Desktop/Lingua\ Quest/Lingua\ Quest.xcodeproj
    

SwiftDriverJobDiscovery normal arm64 Compiling Promise+Async.swift, Promise+Await.swift (in target 'Promises' from project 'Promises')

SwiftCompile normal arm64 Compiling\ AuthSessionDelegate.swift /Users/siam/Library/Developer/Xcode/DerivedData/Lingua_Quest-gvpckrqxtbgyprbgppjfqmimmmfw/SourcePackages/checkouts/GTMAppAuth/GTMAppAuth/Sources/AuthSessionDelegate.swift (in target 'GTMAppAuth' from project 'GTMAppAuth')

SwiftCompile normal arm64 /Users/siam/Library/Developer/Xcode/DerivedData/Lingua_Quest-gvpckrqxtbgyprbgppjfqmimmmfw/SourcePackages/checkouts/GTMAppAuth/GTMAppAuth/Sources/AuthSessionDelegate.swift (in target 'GTMAppAuth' from project 'GTMAppAuth')
    cd /Users/siam/Desktop/Lingua\ Quest/Lingua\ Quest.xcodeproj
    

CreateUniversalBinary /Users/siam/Library/Developer/Xcode/DerivedData/Lingua_Quest-gvpckrqxtbgyprbgppjfqmimmmfw/Build/Products/Debug-iphonesimulator/GTMSessionFetcherCore.o normal arm64\ x86_64 (in target 'GTMSessionFetcherCore' from project 'GTMSessionFetcher')
    cd /Users/siam/Library/Developer/Xcode/DerivedData/Lingua_Quest-gvpckrqxtbgyprbgppjfqmimmmfw/SourcePackages/checkouts/gtm-session-fetcher
    /Applications/Xcode.app/Contents/Developer/Toolchains/XcodeDefault.xctoolchain/usr/bin/lipo -create /Users/siam/Library/Developer/Xcode/DerivedData/Lingua_Quest-gvpckrqxtbgyprbgppjfqmimmmfw/Build/Intermediates.noindex/GTMSessionFetcher.build/Debug-iphonesimulator/GTMSessionFetcherCore.build/Objects-normal/arm64/Binary/GTMSessionFetcherCore.o /Users/siam/Library/Developer/Xcode/DerivedData/Lingua_Quest-gvpckrqxtbgyprbgppjfqmimmmfw/Build/Intermediates.noindex/GTMSessionFetcher.build/Debug-iphonesimulator/GTMSessionFetcherCore.build/Objects-normal/x86_64/Binary/GTMSessionFetcherCore.o -output /Users/siam/Library/Developer/Xcode/DerivedData/Lingua_Quest-gvpckrqxtbgyprbgppjfqmimmmfw/Build/Products/Debug-iphonesimulator/GTMSessionFetcherCore.o

SwiftDriverJobDiscovery normal arm64 Compiling Promise.swift (in target 'Promises' from project 'Promises')

SwiftCompile normal x86_64 Compiling\ KeychainStore.swift /Users/siam/Library/Developer/Xcode/DerivedData/Lingua_Quest-gvpckrqxtbgyprbgppjfqmimmmfw/SourcePackages/checkouts/GTMAppAuth/GTMAppAuth/Sources/KeychainStore/KeychainStore.swift (in target 'GTMAppAuth' from project 'GTMAppAuth')
SwiftCompile normal x86_64 /Users/siam/Library/Developer/Xcode/DerivedData/Lingua_Quest-gvpckrqxtbgyprbgppjfqmimmmfw/SourcePackages/checkouts/GTMAppAuth/GTMAppAuth/Sources/KeychainStore/KeychainStore.swift (in target 'GTMAppAuth' from project 'GTMAppAuth')
    cd /Users/siam/Desktop/Lingua\ Quest/Lingua\ Quest.xcodeproj
    

SwiftDriverJobDiscovery normal x86_64 Emitting module for FirebaseCoreInternal (in target 'FirebaseCoreInternal' from project 'Firebase')

SwiftCompile normal x86_64 Compiling\ AuthSessionDelegate.swift /Users/siam/Library/Developer/Xcode/DerivedData/Lingua_Quest-gvpckrqxtbgyprbgppjfqmimmmfw/SourcePackages/checkouts/GTMAppAuth/GTMAppAuth/Sources/AuthSessionDelegate.swift (in target 'GTMAppAuth' from project 'GTMAppAuth')

SwiftCompile normal x86_64 /Users/siam/Library/Developer/Xcode/DerivedData/Lingua_Quest-gvpckrqxtbgyprbgppjfqmimmmfw/SourcePackages/checkouts/GTMAppAuth/GTMAppAuth/Sources/AuthSessionDelegate.swift (in target 'GTMAppAuth' from project 'GTMAppAuth')
    cd /Users/siam/Desktop/Lingua\ Quest/Lingua\ Quest.xcodeproj
    

SwiftDriver\ Compilation\ Requirements FirebaseCoreInternal normal x86_64 com.apple.xcode.tools.swift.compiler (in target 'FirebaseCoreInternal' from project 'Firebase')
    cd /Users/siam/Desktop/Lingua\ Quest/Lingua\ Quest.xcodeproj
    builtin-Swift-Compilation-Requirements -- /Applications/Xcode.app/Contents/Developer/Toolchains/XcodeDefault.xctoolchain/usr/bin/swiftc -module-name FirebaseCoreInternal -Onone -enforce-exclusivity\=checked @/Users/siam/Library/Developer/Xcode/DerivedData/Lingua_Quest-gvpckrqxtbgyprbgppjfqmimmmfw/Build/Intermediates.noindex/Firebase.build/Debug-iphonesimulator/FirebaseCoreInternal.build/Objects-normal/x86_64/FirebaseCoreInternal.SwiftFileList -DSWIFT_PACKAGE -DDEBUG -DSWIFT_MODULE_RESOURCE_BUNDLE_AVAILABLE -Xcc -fmodule-map-file\=/Users/siam/Library/Developer/Xcode/DerivedData/Lingua_Quest-gvpckrqxtbgyprbgppjfqmimmmfw/Build/Intermediates.noindex/GeneratedModuleMaps-iphonesimulator/GoogleUtilities-NSData.modulemap -DXcode -plugin-path /Applications/Xcode.app/Contents/Developer/Toolchains/XcodeDefault.xctoolchain/usr/lib/swift/host/plugins/testing -enable-experimental-feature DebugDescriptionMacro -sdk /Applications/Xcode.app/Contents/Developer/Platforms/iPhoneSimulator.platform/Developer/SDKs/iPhoneSimulator26.0.sdk -target x86_64-apple-ios15.0-simulator -g -module-cache-path /Users/siam/Library/Developer/Xcode/DerivedData/ModuleCache.noindex -Xfrontend -serialize-debugging-options -profile-coverage-mapping -profile-generate -enable-testing -suppress-warnings -index-store-path /Users/siam/Library/Developer/Xcode/DerivedData/Lingua_Quest-gvpckrqxtbgyprbgppjfqmimmmfw/Index.noindex/DataStore -Xcc -D_LIBCPP_HARDENING_MODE\=_LIBCPP_HARDENING_MODE_DEBUG -swift-version 6 -I /Users/siam/Library/Developer/Xcode/DerivedData/Lingua_Quest-gvpckrqxtbgyprbgppjfqmimmmfw/Build/Products/Debug-iphonesimulator -Isystem /Applications/Xcode.app/Contents/Developer/Platforms/iPhoneSimulator.platform/Developer/usr/lib -F /Users/siam/Library/Developer/Xcode/DerivedData/Lingua_Quest-gvpckrqxtbgyprbgppjfqmimmmfw/Build/Products/Debug-iphonesimulator/PackageFrameworks -F /Users/siam/Library/Developer/Xcode/DerivedData/Lingua_Quest-gvpckrqxtbgyprbgppjfqmimmmfw/Build/Products/Debug-iphonesimulator -F /Applications/Xcode.app/Contents/Developer/Platforms/iPhoneSimulator.platform/Developer/Library/Frameworks -F /Applications/Xcode.app/Contents/Developer/Platforms/iPhoneSimulator.platform/Developer/SDKs/iPhoneSimulator26.0.sdk/Developer/Library/Frameworks -c -j12 -enable-batch-mode -incremental -Xcc -ivfsstatcache -Xcc /Users/siam/Library/Developer/Xcode/DerivedData/SDKStatCaches.noindex/iphonesimulator26.0-23A339-26257891a6c027eb51374368541b8346.sdkstatcache -output-file-map /Users/siam/Library/Developer/Xcode/DerivedData/Lingua_Quest-gvpckrqxtbgyprbgppjfqmimmmfw/Build/Intermediates.noindex/Firebase.build/Debug-iphonesimulator/FirebaseCoreInternal.build/Objects-normal/x86_64/FirebaseCoreInternal-OutputFileMap.json -use-frontend-parseable-output -save-temps -no-color-diagnostics -explicit-module-build -module-cache-path /Users/siam/Library/Developer/Xcode/DerivedData/Lingua_Quest-gvpckrqxtbgyprbgppjfqmimmmfw/Build/Intermediates.noindex/SwiftExplicitPrecompiledModules -clang-scanner-module-cache-path /Users/siam/Library/Developer/Xcode/DerivedData/ModuleCache.noindex -sdk-module-cache-path /Users/siam/Library/Developer/Xcode/DerivedData/ModuleCache.noindex -serialize-diagnostics -emit-dependencies -emit-module -emit-module-path /Users/siam/Library/Developer/Xcode/DerivedData/Lingua_Quest-gvpckrqxtbgyprbgppjfqmimmmfw/Build/Intermediates.noindex/Firebase.build/Debug-iphonesimulator/FirebaseCoreInternal.build/Objects-normal/x86_64/FirebaseCoreInternal.swiftmodule -user-module-version 12.16.0 -validate-clang-modules-once -clang-build-session-file /Users/siam/Library/Developer/Xcode/DerivedData/ModuleCache.noindex/Session.modulevalidation -package-name firebase_ios_sdk -Xcc -I/Users/siam/Library/Developer/Xcode/DerivedData/Lingua_Quest-gvpckrqxtbgyprbgppjfqmimmmfw/Build/Intermediates.noindex/Firebase.build/Debug-iphonesimulator/FirebaseCoreInternal.build/swift-overrides.hmap -emit-const-values -Xfrontend -const-gather-protocols-file -Xfrontend /Users/siam/Library/Developer/Xcode/DerivedData/Lingua_Quest-gvpckrqxtbgyprbgppjfqmimmmfw/Build/Intermediates.noindex/Firebase.build/Debug-iphonesimulator/FirebaseCoreInternal.build/Objects-normal/x86_64/FirebaseCoreInternal_const_extract_protocols.json -Xcc -I/Users/siam/Library/Developer/Xcode/DerivedData/Lingua_Quest-gvpckrqxtbgyprbgppjfqmimmmfw/SourcePackages/checkouts/GoogleUtilities/GoogleUtilities/NSData+zlib/Public -Xcc -I/Users/siam/Library/Developer/Xcode/DerivedData/Lingua_Quest-gvpckrqxtbgyprbgppjfqmimmmfw/Build/Products/Debug-iphonesimulator/include -Xcc -I/Users/siam/Library/Developer/Xcode/DerivedData/Lingua_Quest-gvpckrqxtbgyprbgppjfqmimmmfw/Build/Intermediates.noindex/Firebase.build/Debug-iphonesimulator/FirebaseCoreInternal.build/DerivedSources-normal/x86_64 -Xcc -I/Users/siam/Library/Developer/Xcode/DerivedData/Lingua_Quest-gvpckrqxtbgyprbgppjfqmimmmfw/Build/Intermediates.noindex/Firebase.build/Debug-iphonesimulator/FirebaseCoreInternal.build/DerivedSources/x86_64 -Xcc -I/Users/siam/Library/Developer/Xcode/DerivedData/Lingua_Quest-gvpckrqxtbgyprbgppjfqmimmmfw/Build/Intermediates.noindex/Firebase.build/Debug-iphonesimulator/FirebaseCoreInternal.build/DerivedSources -Xcc -DSWIFT_PACKAGE -Xcc -DDEBUG\=1 -emit-objc-header -emit-objc-header-path /Users/siam/Library/Developer/Xcode/DerivedData/Lingua_Quest-gvpckrqxtbgyprbgppjfqmimmmfw/Build/Intermediates.noindex/Firebase.build/Debug-iphonesimulator/FirebaseCoreInternal.build/Objects-normal/x86_64/FirebaseCoreInternal-Swift.h -working-directory /Users/siam/Desktop/Lingua\ Quest/Lingua\ Quest.xcodeproj -experimental-emit-module-separately -disable-cmo

SwiftDriverJobDiscovery normal x86_64 Compiling AuthSessionStore.swift (in target 'GTMAppAuth' from project 'GTMAppAuth')

SwiftCompile normal arm64 Compiling\ GTMOAuth2Compatibility.swift /Users/siam/Library/Developer/Xcode/DerivedData/Lingua_Quest-gvpckrqxtbgyprbgppjfqmimmmfw/SourcePackages/checkouts/GTMAppAuth/GTMAppAuth/Sources/KeychainStore/GTMOAuth2Compatibility.swift (in target 'GTMAppAuth' from project 'GTMAppAuth')

SwiftCompile normal arm64 /Users/siam/Library/Developer/Xcode/DerivedData/Lingua_Quest-gvpckrqxtbgyprbgppjfqmimmmfw/SourcePackages/checkouts/GTMAppAuth/GTMAppAuth/Sources/KeychainStore/GTMOAuth2Compatibility.swift (in target 'GTMAppAuth' from project 'GTMAppAuth')
    cd /Users/siam/Desktop/Lingua\ Quest/Lingua\ Quest.xcodeproj
    

Copy /Users/siam/Library/Developer/Xcode/DerivedData/Lingua_Quest-gvpckrqxtbgyprbgppjfqmimmmfw/Build/Products/Debug-iphonesimulator/FirebaseCoreInternal.swiftmodule/x86_64-apple-ios-simulator.swiftmodule /Users/siam/Library/Developer/Xcode/DerivedData/Lingua_Quest-gvpckrqxtbgyprbgppjfqmimmmfw/Build/Intermediates.noindex/Firebase.build/Debug-iphonesimulator/FirebaseCoreInternal.build/Objects-normal/x86_64/FirebaseCoreInternal.swiftmodule (in target 'FirebaseCoreInternal' from project 'Firebase')
    cd /Users/siam/Library/Developer/Xcode/DerivedData/Lingua_Quest-gvpckrqxtbgyprbgppjfqmimmmfw/SourcePackages/checkouts/firebase-ios-sdk
    builtin-copy -exclude .DS_Store -exclude CVS -exclude .svn -exclude .git -exclude .hg -resolve-src-symlinks -rename /Users/siam/Library/Developer/Xcode/DerivedData/Lingua_Quest-gvpckrqxtbgyprbgppjfqmimmmfw/Build/Intermediates.noindex/Firebase.build/Debug-iphonesimulator/FirebaseCoreInternal.build/Objects-normal/x86_64/FirebaseCoreInternal.swiftmodule /Users/siam/Library/Developer/Xcode/DerivedData/Lingua_Quest-gvpckrqxtbgyprbgppjfqmimmmfw/Build/Products/Debug-iphonesimulator/FirebaseCoreInternal.swiftmodule/x86_64-apple-ios-simulator.swiftmodule

SwiftDriverJobDiscovery normal arm64 Emitting module for FirebaseCoreInternal (in target 'FirebaseCoreInternal' from project 'Firebase')

SwiftDriver\ Compilation\ Requirements FirebaseCoreInternal normal arm64 com.apple.xcode.tools.swift.compiler (in target 'FirebaseCoreInternal' from project 'Firebase')
    cd /Users/siam/Desktop/Lingua\ Quest/Lingua\ Quest.xcodeproj
    builtin-Swift-Compilation-Requirements -- /Applications/Xcode.app/Contents/Developer/Toolchains/XcodeDefault.xctoolchain/usr/bin/swiftc -module-name FirebaseCoreInternal -Onone -enforce-exclusivity\=checked @/Users/siam/Library/Developer/Xcode/DerivedData/Lingua_Quest-gvpckrqxtbgyprbgppjfqmimmmfw/Build/Intermediates.noindex/Firebase.build/Debug-iphonesimulator/FirebaseCoreInternal.build/Objects-normal/arm64/FirebaseCoreInternal.SwiftFileList -DSWIFT_PACKAGE -DDEBUG -DSWIFT_MODULE_RESOURCE_BUNDLE_AVAILABLE -Xcc -fmodule-map-file\=/Users/siam/Library/Developer/Xcode/DerivedData/Lingua_Quest-gvpckrqxtbgyprbgppjfqmimmmfw/Build/Intermediates.noindex/GeneratedModuleMaps-iphonesimulator/GoogleUtilities-NSData.modulemap -DXcode -plugin-path /Applications/Xcode.app/Contents/Developer/Toolchains/XcodeDefault.xctoolchain/usr/lib/swift/host/plugins/testing -enable-experimental-feature DebugDescriptionMacro -sdk /Applications/Xcode.app/Contents/Developer/Platforms/iPhoneSimulator.platform/Developer/SDKs/iPhoneSimulator26.0.sdk -target arm64-apple-ios15.0-simulator -g -module-cache-path /Users/siam/Library/Developer/Xcode/DerivedData/ModuleCache.noindex -Xfrontend -serialize-debugging-options -profile-coverage-mapping -profile-generate -enable-testing -suppress-warnings -index-store-path /Users/siam/Library/Developer/Xcode/DerivedData/Lingua_Quest-gvpckrqxtbgyprbgppjfqmimmmfw/Index.noindex/DataStore -Xcc -D_LIBCPP_HARDENING_MODE\=_LIBCPP_HARDENING_MODE_DEBUG -swift-version 6 -I /Users/siam/Library/Developer/Xcode/DerivedData/Lingua_Quest-gvpckrqxtbgyprbgppjfqmimmmfw/Build/Products/Debug-iphonesimulator -Isystem /Applications/Xcode.app/Contents/Developer/Platforms/iPhoneSimulator.platform/Developer/usr/lib -F /Users/siam/Library/Developer/Xcode/DerivedData/Lingua_Quest-gvpckrqxtbgyprbgppjfqmimmmfw/Build/Products/Debug-iphonesimulator/PackageFrameworks -F /Users/siam/Library/Developer/Xcode/DerivedData/Lingua_Quest-gvpckrqxtbgyprbgppjfqmimmmfw/Build/Products/Debug-iphonesimulator -F /Applications/Xcode.app/Contents/Developer/Platforms/iPhoneSimulator.platform/Developer/Library/Frameworks -F /Applications/Xcode.app/Contents/Developer/Platforms/iPhoneSimulator.platform/Developer/SDKs/iPhoneSimulator26.0.sdk/Developer/Library/Frameworks -c -j12 -enable-batch-mode -incremental -Xcc -ivfsstatcache -Xcc /Users/siam/Library/Developer/Xcode/DerivedData/SDKStatCaches.noindex/iphonesimulator26.0-23A339-26257891a6c027eb51374368541b8346.sdkstatcache -output-file-map /Users/siam/Library/Developer/Xcode/DerivedData/Lingua_Quest-gvpckrqxtbgyprbgppjfqmimmmfw/Build/Intermediates.noindex/Firebase.build/Debug-iphonesimulator/FirebaseCoreInternal.build/Objects-normal/arm64/FirebaseCoreInternal-OutputFileMap.json -use-frontend-parseable-output -save-temps -no-color-diagnostics -explicit-module-build -module-cache-path /Users/siam/Library/Developer/Xcode/DerivedData/Lingua_Quest-gvpckrqxtbgyprbgppjfqmimmmfw/Build/Intermediates.noindex/SwiftExplicitPrecompiledModules -clang-scanner-module-cache-path /Users/siam/Library/Developer/Xcode/DerivedData/ModuleCache.noindex -sdk-module-cache-path /Users/siam/Library/Developer/Xcode/DerivedData/ModuleCache.noindex -serialize-diagnostics -emit-dependencies -emit-module -emit-module-path /Users/siam/Library/Developer/Xcode/DerivedData/Lingua_Quest-gvpckrqxtbgyprbgppjfqmimmmfw/Build/Intermediates.noindex/Firebase.build/Debug-iphonesimulator/FirebaseCoreInternal.build/Objects-normal/arm64/FirebaseCoreInternal.swiftmodule -user-module-version 12.16.0 -validate-clang-modules-once -clang-build-session-file /Users/siam/Library/Developer/Xcode/DerivedData/ModuleCache.noindex/Session.modulevalidation -package-name firebase_ios_sdk -Xcc -I/Users/siam/Library/Developer/Xcode/DerivedData/Lingua_Quest-gvpckrqxtbgyprbgppjfqmimmmfw/Build/Intermediates.noindex/Firebase.build/Debug-iphonesimulator/FirebaseCoreInternal.build/swift-overrides.hmap -emit-const-values -Xfrontend -const-gather-protocols-file -Xfrontend /Users/siam/Library/Developer/Xcode/DerivedData/Lingua_Quest-gvpckrqxtbgyprbgppjfqmimmmfw/Build/Intermediates.noindex/Firebase.build/Debug-iphonesimulator/FirebaseCoreInternal.build/Objects-normal/arm64/FirebaseCoreInternal_const_extract_protocols.json -Xcc -I/Users/siam/Library/Developer/Xcode/DerivedData/Lingua_Quest-gvpckrqxtbgyprbgppjfqmimmmfw/SourcePackages/checkouts/GoogleUtilities/GoogleUtilities/NSData+zlib/Public -Xcc -I/Users/siam/Library/Developer/Xcode/DerivedData/Lingua_Quest-gvpckrqxtbgyprbgppjfqmimmmfw/Build/Products/Debug-iphonesimulator/include -Xcc -I/Users/siam/Library/Developer/Xcode/DerivedData/Lingua_Quest-gvpckrqxtbgyprbgppjfqmimmmfw/Build/Intermediates.noindex/Firebase.build/Debug-iphonesimulator/FirebaseCoreInternal.build/DerivedSources-normal/arm64 -Xcc -I/Users/siam/Library/Developer/Xcode/DerivedData/Lingua_Quest-gvpckrqxtbgyprbgppjfqmimmmfw/Build/Intermediates.noindex/Firebase.build/Debug-iphonesimulator/FirebaseCoreInternal.build/DerivedSources/arm64 -Xcc -I/Users/siam/Library/Developer/Xcode/DerivedData/Lingua_Quest-gvpckrqxtbgyprbgppjfqmimmmfw/Build/Intermediates.noindex/Firebase.build/Debug-iphonesimulator/FirebaseCoreInternal.build/DerivedSources -Xcc -DSWIFT_PACKAGE -Xcc -DDEBUG\=1 -emit-objc-header -emit-objc-header-path /Users/siam/Library/Developer/Xcode/DerivedData/Lingua_Quest-gvpckrqxtbgyprbgppjfqmimmmfw/Build/Intermediates.noindex/Firebase.build/Debug-iphonesimulator/FirebaseCoreInternal.build/Objects-normal/arm64/FirebaseCoreInternal-Swift.h -working-directory /Users/siam/Desktop/Lingua\ Quest/Lingua\ Quest.xcodeproj -experimental-emit-module-separately -disable-cmo

Copy /Users/siam/Library/Developer/Xcode/DerivedData/Lingua_Quest-gvpckrqxtbgyprbgppjfqmimmmfw/Build/Products/Debug-iphonesimulator/FirebaseCoreInternal.swiftmodule/x86_64-apple-ios-simulator.swiftdoc /Users/siam/Library/Developer/Xcode/DerivedData/Lingua_Quest-gvpckrqxtbgyprbgppjfqmimmmfw/Build/Intermediates.noindex/Firebase.build/Debug-iphonesimulator/FirebaseCoreInternal.build/Objects-normal/x86_64/FirebaseCoreInternal.swiftdoc (in target 'FirebaseCoreInternal' from project 'Firebase')
    cd /Users/siam/Library/Developer/Xcode/DerivedData/Lingua_Quest-gvpckrqxtbgyprbgppjfqmimmmfw/SourcePackages/checkouts/firebase-ios-sdk
    builtin-copy -exclude .DS_Store -exclude CVS -exclude .svn -exclude .git -exclude .hg -resolve-src-symlinks -rename /Users/siam/Library/Developer/Xcode/DerivedData/Lingua_Quest-gvpckrqxtbgyprbgppjfqmimmmfw/Build/Intermediates.noindex/Firebase.build/Debug-iphonesimulator/FirebaseCoreInternal.build/Objects-normal/x86_64/FirebaseCoreInternal.swiftdoc /Users/siam/Library/Developer/Xcode/DerivedData/Lingua_Quest-gvpckrqxtbgyprbgppjfqmimmmfw/Build/Products/Debug-iphonesimulator/FirebaseCoreInternal.swiftmodule/x86_64-apple-ios-simulator.swiftdoc

SwiftDriverJobDiscovery normal arm64 Compiling Promise+Always.swift, Promise+Any.swift (in target 'Promises' from project 'Promises')

Copy /Users/siam/Library/Developer/Xcode/DerivedData/Lingua_Quest-gvpckrqxtbgyprbgppjfqmimmmfw/Build/Products/Debug-iphonesimulator/FirebaseCoreInternal.swiftmodule/x86_64-apple-ios-simulator.abi.json /Users/siam/Library/Developer/Xcode/DerivedData/Lingua_Quest-gvpckrqxtbgyprbgppjfqmimmmfw/Build/Intermediates.noindex/Firebase.build/Debug-iphonesimulator/FirebaseCoreInternal.build/Objects-normal/x86_64/FirebaseCoreInternal.abi.json (in target 'FirebaseCoreInternal' from project 'Firebase')
    cd /Users/siam/Library/Developer/Xcode/DerivedData/Lingua_Quest-gvpckrqxtbgyprbgppjfqmimmmfw/SourcePackages/checkouts/firebase-ios-sdk
    builtin-copy -exclude .DS_Store -exclude CVS -exclude .svn -exclude .git -exclude .hg -resolve-src-symlinks -rename /Users/siam/Library/Developer/Xcode/DerivedData/Lingua_Quest-gvpckrqxtbgyprbgppjfqmimmmfw/Build/Intermediates.noindex/Firebase.build/Debug-iphonesimulator/FirebaseCoreInternal.build/Objects-normal/x86_64/FirebaseCoreInternal.abi.json /Users/siam/Library/Developer/Xcode/DerivedData/Lingua_Quest-gvpckrqxtbgyprbgppjfqmimmmfw/Build/Products/Debug-iphonesimulator/FirebaseCoreInternal.swiftmodule/x86_64-apple-ios-simulator.abi.json

Copy /Users/siam/Library/Developer/Xcode/DerivedData/Lingua_Quest-gvpckrqxtbgyprbgppjfqmimmmfw/Build/Products/Debug-iphonesimulator/FirebaseCoreInternal.swiftmodule/Project/x86_64-apple-ios-simulator.swiftsourceinfo /Users/siam/Library/Developer/Xcode/DerivedData/Lingua_Quest-gvpckrqxtbgyprbgppjfqmimmmfw/Build/Intermediates.noindex/Firebase.build/Debug-iphonesimulator/FirebaseCoreInternal.build/Objects-normal/x86_64/FirebaseCoreInternal.swiftsourceinfo (in target 'FirebaseCoreInternal' from project 'Firebase')
    cd /Users/siam/Library/Developer/Xcode/DerivedData/Lingua_Quest-gvpckrqxtbgyprbgppjfqmimmmfw/SourcePackages/checkouts/firebase-ios-sdk
    builtin-copy -exclude .DS_Store -exclude CVS -exclude .svn -exclude .git -exclude .hg -resolve-src-symlinks -rename /Users/siam/Library/Developer/Xcode/DerivedData/Lingua_Quest-gvpckrqxtbgyprbgppjfqmimmmfw/Build/Intermediates.noindex/Firebase.build/Debug-iphonesimulator/FirebaseCoreInternal.build/Objects-normal/x86_64/FirebaseCoreInternal.swiftsourceinfo /Users/siam/Library/Developer/Xcode/DerivedData/Lingua_Quest-gvpckrqxtbgyprbgppjfqmimmmfw/Build/Products/Debug-iphonesimulator/FirebaseCoreInternal.swiftmodule/Project/x86_64-apple-ios-simulator.swiftsourceinfo

SwiftMergeGeneratedHeaders /Users/siam/Library/Developer/Xcode/DerivedData/Lingua_Quest-gvpckrqxtbgyprbgppjfqmimmmfw/Build/Intermediates.noindex/GeneratedModuleMaps-iphonesimulator/FirebaseCoreInternal-Swift.h /Users/siam/Library/Developer/Xcode/DerivedData/Lingua_Quest-gvpckrqxtbgyprbgppjfqmimmmfw/Build/Intermediates.noindex/Firebase.build/Debug-iphonesimulator/FirebaseCoreInternal.build/Objects-normal/arm64/FirebaseCoreInternal-Swift.h /Users/siam/Library/Developer/Xcode/DerivedData/Lingua_Quest-gvpckrqxtbgyprbgppjfqmimmmfw/Build/Intermediates.noindex/Firebase.build/Debug-iphonesimulator/FirebaseCoreInternal.build/Objects-normal/x86_64/FirebaseCoreInternal-Swift.h (in target 'FirebaseCoreInternal' from project 'Firebase')
    cd /Users/siam/Library/Developer/Xcode/DerivedData/Lingua_Quest-gvpckrqxtbgyprbgppjfqmimmmfw/SourcePackages/checkouts/firebase-ios-sdk
    builtin-swiftHeaderTool -arch arm64 /Users/siam/Library/Developer/Xcode/DerivedData/Lingua_Quest-gvpckrqxtbgyprbgppjfqmimmmfw/Build/Intermediates.noindex/Firebase.build/Debug-iphonesimulator/FirebaseCoreInternal.build/Objects-normal/arm64/FirebaseCoreInternal-Swift.h -arch x86_64 /Users/siam/Library/Developer/Xcode/DerivedData/Lingua_Quest-gvpckrqxtbgyprbgppjfqmimmmfw/Build/Intermediates.noindex/Firebase.build/Debug-iphonesimulator/FirebaseCoreInternal.build/Objects-normal/x86_64/FirebaseCoreInternal-Swift.h -o /Users/siam/Library/Developer/Xcode/DerivedData/Lingua_Quest-gvpckrqxtbgyprbgppjfqmimmmfw/Build/Intermediates.noindex/GeneratedModuleMaps-iphonesimulator/FirebaseCoreInternal-Swift.h

Copy /Users/siam/Library/Developer/Xcode/DerivedData/Lingua_Quest-gvpckrqxtbgyprbgppjfqmimmmfw/Build/Products/Debug-iphonesimulator/FirebaseCoreInternal.swiftmodule/arm64-apple-ios-simulator.swiftmodule /Users/siam/Library/Developer/Xcode/DerivedData/Lingua_Quest-gvpckrqxtbgyprbgppjfqmimmmfw/Build/Intermediates.noindex/Firebase.build/Debug-iphonesimulator/FirebaseCoreInternal.build/Objects-normal/arm64/FirebaseCoreInternal.swiftmodule (in target 'FirebaseCoreInternal' from project 'Firebase')
    cd /Users/siam/Library/Developer/Xcode/DerivedData/Lingua_Quest-gvpckrqxtbgyprbgppjfqmimmmfw/SourcePackages/checkouts/firebase-ios-sdk
    builtin-copy -exclude .DS_Store -exclude CVS -exclude .svn -exclude .git -exclude .hg -resolve-src-symlinks -rename /Users/siam/Library/Developer/Xcode/DerivedData/Lingua_Quest-gvpckrqxtbgyprbgppjfqmimmmfw/Build/Intermediates.noindex/Firebase.build/Debug-iphonesimulator/FirebaseCoreInternal.build/Objects-normal/arm64/FirebaseCoreInternal.swiftmodule /Users/siam/Library/Developer/Xcode/DerivedData/Lingua_Quest-gvpckrqxtbgyprbgppjfqmimmmfw/Build/Products/Debug-iphonesimulator/FirebaseCoreInternal.swiftmodule/arm64-apple-ios-simulator.swiftmodule

Copy /Users/siam/Library/Developer/Xcode/DerivedData/Lingua_Quest-gvpckrqxtbgyprbgppjfqmimmmfw/Build/Products/Debug-iphonesimulator/FirebaseCoreInternal.swiftmodule/arm64-apple-ios-simulator.swiftdoc /Users/siam/Library/Developer/Xcode/DerivedData/Lingua_Quest-gvpckrqxtbgyprbgppjfqmimmmfw/Build/Intermediates.noindex/Firebase.build/Debug-iphonesimulator/FirebaseCoreInternal.build/Objects-normal/arm64/FirebaseCoreInternal.swiftdoc (in target 'FirebaseCoreInternal' from project 'Firebase')
    cd /Users/siam/Library/Developer/Xcode/DerivedData/Lingua_Quest-gvpckrqxtbgyprbgppjfqmimmmfw/SourcePackages/checkouts/firebase-ios-sdk
    builtin-copy -exclude .DS_Store -exclude CVS -exclude .svn -exclude .git -exclude .hg -resolve-src-symlinks -rename /Users/siam/Library/Developer/Xcode/DerivedData/Lingua_Quest-gvpckrqxtbgyprbgppjfqmimmmfw/Build/Intermediates.noindex/Firebase.build/Debug-iphonesimulator/FirebaseCoreInternal.build/Objects-normal/arm64/FirebaseCoreInternal.swiftdoc /Users/siam/Library/Developer/Xcode/DerivedData/Lingua_Quest-gvpckrqxtbgyprbgppjfqmimmmfw/Build/Products/Debug-iphonesimulator/FirebaseCoreInternal.swiftmodule/arm64-apple-ios-simulator.swiftdoc

Copy /Users/siam/Library/Developer/Xcode/DerivedData/Lingua_Quest-gvpckrqxtbgyprbgppjfqmimmmfw/Build/Products/Debug-iphonesimulator/FirebaseCoreInternal.swiftmodule/arm64-apple-ios-simulator.abi.json /Users/siam/Library/Developer/Xcode/DerivedData/Lingua_Quest-gvpckrqxtbgyprbgppjfqmimmmfw/Build/Intermediates.noindex/Firebase.build/Debug-iphonesimulator/FirebaseCoreInternal.build/Objects-normal/arm64/FirebaseCoreInternal.abi.json (in target 'FirebaseCoreInternal' from project 'Firebase')
    cd /Users/siam/Library/Developer/Xcode/DerivedData/Lingua_Quest-gvpckrqxtbgyprbgppjfqmimmmfw/SourcePackages/checkouts/firebase-ios-sdk
    builtin-copy -exclude .DS_Store -exclude CVS -exclude .svn -exclude .git -exclude .hg -resolve-src-symlinks -rename /Users/siam/Library/Developer/Xcode/DerivedData/Lingua_Quest-gvpckrqxtbgyprbgppjfqmimmmfw/Build/Intermediates.noindex/Firebase.build/Debug-iphonesimulator/FirebaseCoreInternal.build/Objects-normal/arm64/FirebaseCoreInternal.abi.json /Users/siam/Library/Developer/Xcode/DerivedData/Lingua_Quest-gvpckrqxtbgyprbgppjfqmimmmfw/Build/Products/Debug-iphonesimulator/FirebaseCoreInternal.swiftmodule/arm64-apple-ios-simulator.abi.json

Copy /Users/siam/Library/Developer/Xcode/DerivedData/Lingua_Quest-gvpckrqxtbgyprbgppjfqmimmmfw/Build/Products/Debug-iphonesimulator/FirebaseCoreInternal.swiftmodule/Project/arm64-apple-ios-simulator.swiftsourceinfo /Users/siam/Library/Developer/Xcode/DerivedData/Lingua_Quest-gvpckrqxtbgyprbgppjfqmimmmfw/Build/Intermediates.noindex/Firebase.build/Debug-iphonesimulator/FirebaseCoreInternal.build/Objects-normal/arm64/FirebaseCoreInternal.swiftsourceinfo (in target 'FirebaseCoreInternal' from project 'Firebase')
    cd /Users/siam/Library/Developer/Xcode/DerivedData/Lingua_Quest-gvpckrqxtbgyprbgppjfqmimmmfw/SourcePackages/checkouts/firebase-ios-sdk
    builtin-copy -exclude .DS_Store -exclude CVS -exclude .svn -exclude .git -exclude .hg -resolve-src-symlinks -rename /Users/siam/Library/Developer/Xcode/DerivedData/Lingua_Quest-gvpckrqxtbgyprbgppjfqmimmmfw/Build/Intermediates.noindex/Firebase.build/Debug-iphonesimulator/FirebaseCoreInternal.build/Objects-normal/arm64/FirebaseCoreInternal.swiftsourceinfo /Users/siam/Library/Developer/Xcode/DerivedData/Lingua_Quest-gvpckrqxtbgyprbgppjfqmimmmfw/Build/Products/Debug-iphonesimulator/FirebaseCoreInternal.swiftmodule/Project/arm64-apple-ios-simulator.swiftsourceinfo

SwiftDriver\ Compilation Promises normal arm64 com.apple.xcode.tools.swift.compiler (in target 'Promises' from project 'Promises')
    cd /Users/siam/Desktop/Lingua\ Quest/Lingua\ Quest.xcodeproj
    builtin-Swift-Compilation -- /Applications/Xcode.app/Contents/Developer/Toolchains/XcodeDefault.xctoolchain/usr/bin/swiftc -module-name Promises -Onone -enforce-exclusivity\=checked @/Users/siam/Library/Developer/Xcode/DerivedData/Lingua_Quest-gvpckrqxtbgyprbgppjfqmimmmfw/Build/Intermediates.noindex/Promises.build/Debug-iphonesimulator/Promises.build/Objects-normal/arm64/Promises.SwiftFileList -DSWIFT_PACKAGE -DDEBUG -DSWIFT_MODULE_RESOURCE_BUNDLE_AVAILABLE -DXcode -plugin-path /Applications/Xcode.app/Contents/Developer/Toolchains/XcodeDefault.xctoolchain/usr/lib/swift/host/plugins/testing -enable-experimental-feature DebugDescriptionMacro -sdk /Applications/Xcode.app/Contents/Developer/Platforms/iPhoneSimulator.platform/Developer/SDKs/iPhoneSimulator26.0.sdk -target arm64-apple-ios12.0-simulator -g -module-cache-path /Users/siam/Library/Developer/Xcode/DerivedData/ModuleCache.noindex -Xfrontend -serialize-debugging-options -profile-coverage-mapping -profile-generate -enable-testing -suppress-warnings -index-store-path /Users/siam/Library/Developer/Xcode/DerivedData/Lingua_Quest-gvpckrqxtbgyprbgppjfqmimmmfw/Index.noindex/DataStore -Xcc -D_LIBCPP_HARDENING_MODE\=_LIBCPP_HARDENING_MODE_DEBUG -swift-version 5 -I /Users/siam/Library/Developer/Xcode/DerivedData/Lingua_Quest-gvpckrqxtbgyprbgppjfqmimmmfw/Build/Products/Debug-iphonesimulator -Isystem /Applications/Xcode.app/Contents/Developer/Platforms/iPhoneSimulator.platform/Developer/usr/lib -F /Users/siam/Library/Developer/Xcode/DerivedData/Lingua_Quest-gvpckrqxtbgyprbgppjfqmimmmfw/Build/Products/Debug-iphonesimulator/PackageFrameworks -F /Users/siam/Library/Developer/Xcode/DerivedData/Lingua_Quest-gvpckrqxtbgyprbgppjfqmimmmfw/Build/Products/Debug-iphonesimulator -F /Applications/Xcode.app/Contents/Developer/Platforms/iPhoneSimulator.platform/Developer/Library/Frameworks -F /Applications/Xcode.app/Contents/Developer/Platforms/iPhoneSimulator.platform/Developer/SDKs/iPhoneSimulator26.0.sdk/Developer/Library/Frameworks -c -j12 -enable-batch-mode -incremental -Xcc -ivfsstatcache -Xcc /Users/siam/Library/Developer/Xcode/DerivedData/SDKStatCaches.noindex/iphonesimulator26.0-23A339-26257891a6c027eb51374368541b8346.sdkstatcache -output-file-map /Users/siam/Library/Developer/Xcode/DerivedData/Lingua_Quest-gvpckrqxtbgyprbgppjfqmimmmfw/Build/Intermediates.noindex/Promises.build/Debug-iphonesimulator/Promises.build/Objects-normal/arm64/Promises-OutputFileMap.json -use-frontend-parseable-output -save-temps -no-color-diagnostics -explicit-module-build -module-cache-path /Users/siam/Library/Developer/Xcode/DerivedData/Lingua_Quest-gvpckrqxtbgyprbgppjfqmimmmfw/Build/Intermediates.noindex/SwiftExplicitPrecompiledModules -clang-scanner-module-cache-path /Users/siam/Library/Developer/Xcode/DerivedData/ModuleCache.noindex -sdk-module-cache-path /Users/siam/Library/Developer/Xcode/DerivedData/ModuleCache.noindex -serialize-diagnostics -emit-dependencies -emit-module -emit-module-path /Users/siam/Library/Developer/Xcode/DerivedData/Lingua_Quest-gvpckrqxtbgyprbgppjfqmimmmfw/Build/Intermediates.noindex/Promises.build/Debug-iphonesimulator/Promises.build/Objects-normal/arm64/Promises.swiftmodule -validate-clang-modules-once -clang-build-session-file /Users/siam/Library/Developer/Xcode/DerivedData/ModuleCache.noindex/Session.modulevalidation -Xcc -I/Users/siam/Library/Developer/Xcode/DerivedData/Lingua_Quest-gvpckrqxtbgyprbgppjfqmimmmfw/Build/Intermediates.noindex/Promises.build/Debug-iphonesimulator/Promises.build/swift-overrides.hmap -emit-const-values -Xfrontend -const-gather-protocols-file -Xfrontend /Users/siam/Library/Developer/Xcode/DerivedData/Lingua_Quest-gvpckrqxtbgyprbgppjfqmimmmfw/Build/Intermediates.noindex/Promises.build/Debug-iphonesimulator/Promises.build/Objects-normal/arm64/Promises_const_extract_protocols.json -Xcc -I/Users/siam/Library/Developer/Xcode/DerivedData/Lingua_Quest-gvpckrqxtbgyprbgppjfqmimmmfw/SourcePackages/checkouts/promises/Sources/FBLPromises/include -Xcc -I/Users/siam/Library/Developer/Xcode/DerivedData/Lingua_Quest-gvpckrqxtbgyprbgppjfqmimmmfw/Build/Products/Debug-iphonesimulator/include -Xcc -I/Users/siam/Library/Developer/Xcode/DerivedData/Lingua_Quest-gvpckrqxtbgyprbgppjfqmimmmfw/Build/Intermediates.noindex/Promises.build/Debug-iphonesimulator/Promises.build/DerivedSources-normal/arm64 -Xcc -I/Users/siam/Library/Developer/Xcode/DerivedData/Lingua_Quest-gvpckrqxtbgyprbgppjfqmimmmfw/Build/Intermediates.noindex/Promises.build/Debug-iphonesimulator/Promises.build/DerivedSources/arm64 -Xcc -I/Users/siam/Library/Developer/Xcode/DerivedData/Lingua_Quest-gvpckrqxtbgyprbgppjfqmimmmfw/Build/Intermediates.noindex/Promises.build/Debug-iphonesimulator/Promises.build/DerivedSources -Xcc -DSWIFT_PACKAGE -Xcc -DDEBUG\=1 -emit-objc-header -emit-objc-header-path /Users/siam/Library/Developer/Xcode/DerivedData/Lingua_Quest-gvpckrqxtbgyprbgppjfqmimmmfw/Build/Intermediates.noindex/Promises.build/Debug-iphonesimulator/Promises.build/Objects-normal/arm64/Promises-Swift.h -working-directory /Users/siam/Desktop/Lingua\ Quest/Lingua\ Quest.xcodeproj -experimental-emit-module-separately -disable-cmo

SwiftCompile normal arm64 Compiling\ KeychainStore.swift /Users/siam/Library/Developer/Xcode/DerivedData/Lingua_Quest-gvpckrqxtbgyprbgppjfqmimmmfw/SourcePackages/checkouts/GTMAppAuth/GTMAppAuth/Sources/KeychainStore/KeychainStore.swift (in target 'GTMAppAuth' from project 'GTMAppAuth')
SwiftCompile normal arm64 /Users/siam/Library/Developer/Xcode/DerivedData/Lingua_Quest-gvpckrqxtbgyprbgppjfqmimmmfw/SourcePackages/checkouts/GTMAppAuth/GTMAppAuth/Sources/KeychainStore/KeychainStore.swift (in target 'GTMAppAuth' from project 'GTMAppAuth')
    cd /Users/siam/Desktop/Lingua\ Quest/Lingua\ Quest.xcodeproj
    

SwiftCompile normal x86_64 Compiling\ KeychainAttribute.swift /Users/siam/Library/Developer/Xcode/DerivedData/Lingua_Quest-gvpckrqxtbgyprbgppjfqmimmmfw/SourcePackages/checkouts/GTMAppAuth/GTMAppAuth/Sources/KeychainStore/KeychainAttribute.swift (in target 'GTMAppAuth' from project 'GTMAppAuth')

SwiftCompile normal x86_64 /Users/siam/Library/Developer/Xcode/DerivedData/Lingua_Quest-gvpckrqxtbgyprbgppjfqmimmmfw/SourcePackages/checkouts/GTMAppAuth/GTMAppAuth/Sources/KeychainStore/KeychainAttribute.swift (in target 'GTMAppAuth' from project 'GTMAppAuth')
    cd /Users/siam/Desktop/Lingua\ Quest/Lingua\ Quest.xcodeproj
    

SwiftCompile normal arm64 Compiling\ KeychainAttribute.swift /Users/siam/Library/Developer/Xcode/DerivedData/Lingua_Quest-gvpckrqxtbgyprbgppjfqmimmmfw/SourcePackages/checkouts/GTMAppAuth/GTMAppAuth/Sources/KeychainStore/KeychainAttribute.swift (in target 'GTMAppAuth' from project 'GTMAppAuth')

SwiftCompile normal arm64 /Users/siam/Library/Developer/Xcode/DerivedData/Lingua_Quest-gvpckrqxtbgyprbgppjfqmimmmfw/SourcePackages/checkouts/GTMAppAuth/GTMAppAuth/Sources/KeychainStore/KeychainAttribute.swift (in target 'GTMAppAuth' from project 'GTMAppAuth')
    cd /Users/siam/Desktop/Lingua\ Quest/Lingua\ Quest.xcodeproj
    

SwiftDriverJobDiscovery normal arm64 Compiling AuthSessionDelegate.swift (in target 'GTMAppAuth' from project 'GTMAppAuth')

SwiftCompile normal x86_64 Compiling\ AuthSession.swift /Users/siam/Library/Developer/Xcode/DerivedData/Lingua_Quest-gvpckrqxtbgyprbgppjfqmimmmfw/SourcePackages/checkouts/GTMAppAuth/GTMAppAuth/Sources/AuthSession.swift (in target 'GTMAppAuth' from project 'GTMAppAuth')
SwiftCompile normal x86_64 /Users/siam/Library/Developer/Xcode/DerivedData/Lingua_Quest-gvpckrqxtbgyprbgppjfqmimmmfw/SourcePackages/checkouts/GTMAppAuth/GTMAppAuth/Sources/AuthSession.swift (in target 'GTMAppAuth' from project 'GTMAppAuth')
    cd /Users/siam/Desktop/Lingua\ Quest/Lingua\ Quest.xcodeproj
    

SwiftDriverJobDiscovery normal arm64 Emitting module for GTMAppAuth (in target 'GTMAppAuth' from project 'GTMAppAuth')

SwiftDriver\ Compilation\ Requirements GTMAppAuth normal arm64 com.apple.xcode.tools.swift.compiler (in target 'GTMAppAuth' from project 'GTMAppAuth')
    cd /Users/siam/Desktop/Lingua\ Quest/Lingua\ Quest.xcodeproj
    builtin-Swift-Compilation-Requirements -- /Applications/Xcode.app/Contents/Developer/Toolchains/XcodeDefault.xctoolchain/usr/bin/swiftc -module-name GTMAppAuth -Onone -enforce-exclusivity\=checked @/Users/siam/Library/Developer/Xcode/DerivedData/Lingua_Quest-gvpckrqxtbgyprbgppjfqmimmmfw/Build/Intermediates.noindex/GTMAppAuth.build/Debug-iphonesimulator/GTMAppAuth.build/Objects-normal/arm64/GTMAppAuth.SwiftFileList -DSWIFT_PACKAGE -DDEBUG -DSWIFT_MODULE_RESOURCE_BUNDLE_AVAILABLE -Xcc -fmodule-map-file\=/Users/siam/Library/Developer/Xcode/DerivedData/Lingua_Quest-gvpckrqxtbgyprbgppjfqmimmmfw/Build/Intermediates.noindex/GeneratedModuleMaps-iphonesimulator/GTMSessionFetcherCore.modulemap -Xcc -fmodule-map-file\=/Users/siam/Library/Developer/Xcode/DerivedData/Lingua_Quest-gvpckrqxtbgyprbgppjfqmimmmfw/Build/Intermediates.noindex/GeneratedModuleMaps-iphonesimulator/AppAuthCore.modulemap -DXcode -plugin-path /Applications/Xcode.app/Contents/Developer/Toolchains/XcodeDefault.xctoolchain/usr/lib/swift/host/plugins/testing -enable-experimental-feature DebugDescriptionMacro -sdk /Applications/Xcode.app/Contents/Developer/Platforms/iPhoneSimulator.platform/Developer/SDKs/iPhoneSimulator26.0.sdk -target arm64-apple-ios12.0-simulator -g -module-cache-path /Users/siam/Library/Developer/Xcode/DerivedData/ModuleCache.noindex -Xfrontend -serialize-debugging-options -profile-coverage-mapping -profile-generate -enable-testing -suppress-warnings -index-store-path /Users/siam/Library/Developer/Xcode/DerivedData/Lingua_Quest-gvpckrqxtbgyprbgppjfqmimmmfw/Index.noindex/DataStore -Xcc -D_LIBCPP_HARDENING_MODE\=_LIBCPP_HARDENING_MODE_DEBUG -swift-version 5 -I /Users/siam/Library/Developer/Xcode/DerivedData/Lingua_Quest-gvpckrqxtbgyprbgppjfqmimmmfw/Build/Products/Debug-iphonesimulator -Isystem /Applications/Xcode.app/Contents/Developer/Platforms/iPhoneSimulator.platform/Developer/usr/lib -F /Users/siam/Library/Developer/Xcode/DerivedData/Lingua_Quest-gvpckrqxtbgyprbgppjfqmimmmfw/Build/Products/Debug-iphonesimulator/PackageFrameworks -F /Users/siam/Library/Developer/Xcode/DerivedData/Lingua_Quest-gvpckrqxtbgyprbgppjfqmimmmfw/Build/Products/Debug-iphonesimulator/PackageFrameworks -F /Users/siam/Library/Developer/Xcode/DerivedData/Lingua_Quest-gvpckrqxtbgyprbgppjfqmimmmfw/Build/Products/Debug-iphonesimulator -F /Applications/Xcode.app/Contents/Developer/Platforms/iPhoneSimulator.platform/Developer/Library/Frameworks -F /Applications/Xcode.app/Contents/Developer/Platforms/iPhoneSimulator.platform/Developer/SDKs/iPhoneSimulator26.0.sdk/Developer/Library/Frameworks -c -j12 -enable-batch-mode -incremental -Xcc -ivfsstatcache -Xcc /Users/siam/Library/Developer/Xcode/DerivedData/SDKStatCaches.noindex/iphonesimulator26.0-23A339-26257891a6c027eb51374368541b8346.sdkstatcache -output-file-map /Users/siam/Library/Developer/Xcode/DerivedData/Lingua_Quest-gvpckrqxtbgyprbgppjfqmimmmfw/Build/Intermediates.noindex/GTMAppAuth.build/Debug-iphonesimulator/GTMAppAuth.build/Objects-normal/arm64/GTMAppAuth-OutputFileMap.json -use-frontend-parseable-output -save-temps -no-color-diagnostics -explicit-module-build -module-cache-path /Users/siam/Library/Developer/Xcode/DerivedData/Lingua_Quest-gvpckrqxtbgyprbgppjfqmimmmfw/Build/Intermediates.noindex/SwiftExplicitPrecompiledModules -clang-scanner-module-cache-path /Users/siam/Library/Developer/Xcode/DerivedData/ModuleCache.noindex -sdk-module-cache-path /Users/siam/Library/Developer/Xcode/DerivedData/ModuleCache.noindex -serialize-diagnostics -emit-dependencies -emit-module -emit-module-path /Users/siam/Library/Developer/Xcode/DerivedData/Lingua_Quest-gvpckrqxtbgyprbgppjfqmimmmfw/Build/Intermediates.noindex/GTMAppAuth.build/Debug-iphonesimulator/GTMAppAuth.build/Objects-normal/arm64/GTMAppAuth.swiftmodule -validate-clang-modules-once -clang-build-session-file /Users/siam/Library/Developer/Xcode/DerivedData/ModuleCache.noindex/Session.modulevalidation -Xcc -I/Users/siam/Library/Developer/Xcode/DerivedData/Lingua_Quest-gvpckrqxtbgyprbgppjfqmimmmfw/Build/Intermediates.noindex/GTMAppAuth.build/Debug-iphonesimulator/GTMAppAuth.build/swift-overrides.hmap -emit-const-values -Xfrontend -const-gather-protocols-file -Xfrontend /Users/siam/Library/Developer/Xcode/DerivedData/Lingua_Quest-gvpckrqxtbgyprbgppjfqmimmmfw/Build/Intermediates.noindex/GTMAppAuth.build/Debug-iphonesimulator/GTMAppAuth.build/Objects-normal/arm64/GTMAppAuth_const_extract_protocols.json -Xcc -I/Users/siam/Library/Developer/Xcode/DerivedData/Lingua_Quest-gvpckrqxtbgyprbgppjfqmimmmfw/SourcePackages/checkouts/gtm-session-fetcher/Sources/Core/Public -Xcc -I/Users/siam/Library/Developer/Xcode/DerivedData/Lingua_Quest-gvpckrqxtbgyprbgppjfqmimmmfw/SourcePackages/checkouts/AppAuth-iOS/Sources/AppAuthCore -Xcc -I/Users/siam/Library/Developer/Xcode/DerivedData/Lingua_Quest-gvpckrqxtbgyprbgppjfqmimmmfw/Build/Products/Debug-iphonesimulator/include -Xcc -I/Users/siam/Library/Developer/Xcode/DerivedData/Lingua_Quest-gvpckrqxtbgyprbgppjfqmimmmfw/Build/Intermediates.noindex/GTMAppAuth.build/Debug-iphonesimulator/GTMAppAuth.build/DerivedSources-normal/arm64 -Xcc -I/Users/siam/Library/Developer/Xcode/DerivedData/Lingua_Quest-gvpckrqxtbgyprbgppjfqmimmmfw/Build/Intermediates.noindex/GTMAppAuth.build/Debug-iphonesimulator/GTMAppAuth.build/DerivedSources/arm64 -Xcc -I/Users/siam/Library/Developer/Xcode/DerivedData/Lingua_Quest-gvpckrqxtbgyprbgppjfqmimmmfw/Build/Intermediates.noindex/GTMAppAuth.build/Debug-iphonesimulator/GTMAppAuth.build/DerivedSources -Xcc -DSWIFT_PACKAGE -Xcc -DDEBUG\=1 -emit-objc-header -emit-objc-header-path /Users/siam/Library/Developer/Xcode/DerivedData/Lingua_Quest-gvpckrqxtbgyprbgppjfqmimmmfw/Build/Intermediates.noindex/GTMAppAuth.build/Debug-iphonesimulator/GTMAppAuth.build/Objects-normal/arm64/GTMAppAuth-Swift.h -working-directory /Users/siam/Desktop/Lingua\ Quest/Lingua\ Quest.xcodeproj -experimental-emit-module-separately -disable-cmo

SwiftDriverJobDiscovery normal x86_64 Compiling AuthSessionDelegate.swift (in target 'GTMAppAuth' from project 'GTMAppAuth')

SwiftCompile normal x86_64 Compiling\ GTMOAuth2Compatibility.swift /Users/siam/Library/Developer/Xcode/DerivedData/Lingua_Quest-gvpckrqxtbgyprbgppjfqmimmmfw/SourcePackages/checkouts/GTMAppAuth/GTMAppAuth/Sources/KeychainStore/GTMOAuth2Compatibility.swift (in target 'GTMAppAuth' from project 'GTMAppAuth')

SwiftCompile normal x86_64 /Users/siam/Library/Developer/Xcode/DerivedData/Lingua_Quest-gvpckrqxtbgyprbgppjfqmimmmfw/SourcePackages/checkouts/GTMAppAuth/GTMAppAuth/Sources/KeychainStore/GTMOAuth2Compatibility.swift (in target 'GTMAppAuth' from project 'GTMAppAuth')
    cd /Users/siam/Desktop/Lingua\ Quest/Lingua\ Quest.xcodeproj
    

Copy /Users/siam/Library/Developer/Xcode/DerivedData/Lingua_Quest-gvpckrqxtbgyprbgppjfqmimmmfw/Build/Products/Debug-iphonesimulator/GTMAppAuth.swiftmodule/arm64-apple-ios-simulator.swiftmodule /Users/siam/Library/Developer/Xcode/DerivedData/Lingua_Quest-gvpckrqxtbgyprbgppjfqmimmmfw/Build/Intermediates.noindex/GTMAppAuth.build/Debug-iphonesimulator/GTMAppAuth.build/Objects-normal/arm64/GTMAppAuth.swiftmodule (in target 'GTMAppAuth' from project 'GTMAppAuth')
    cd /Users/siam/Library/Developer/Xcode/DerivedData/Lingua_Quest-gvpckrqxtbgyprbgppjfqmimmmfw/SourcePackages/checkouts/GTMAppAuth
    builtin-copy -exclude .DS_Store -exclude CVS -exclude .svn -exclude .git -exclude .hg -resolve-src-symlinks -rename /Users/siam/Library/Developer/Xcode/DerivedData/Lingua_Quest-gvpckrqxtbgyprbgppjfqmimmmfw/Build/Intermediates.noindex/GTMAppAuth.build/Debug-iphonesimulator/GTMAppAuth.build/Objects-normal/arm64/GTMAppAuth.swiftmodule /Users/siam/Library/Developer/Xcode/DerivedData/Lingua_Quest-gvpckrqxtbgyprbgppjfqmimmmfw/Build/Products/Debug-iphonesimulator/GTMAppAuth.swiftmodule/arm64-apple-ios-simulator.swiftmodule

SwiftDriverJobDiscovery normal arm64 Compiling resource_bundle_accessor.swift (in target 'GTMAppAuth' from project 'GTMAppAuth')

Copy /Users/siam/Library/Developer/Xcode/DerivedData/Lingua_Quest-gvpckrqxtbgyprbgppjfqmimmmfw/Build/Products/Debug-iphonesimulator/GTMAppAuth.swiftmodule/arm64-apple-ios-simulator.swiftdoc /Users/siam/Library/Developer/Xcode/DerivedData/Lingua_Quest-gvpckrqxtbgyprbgppjfqmimmmfw/Build/Intermediates.noindex/GTMAppAuth.build/Debug-iphonesimulator/GTMAppAuth.build/Objects-normal/arm64/GTMAppAuth.swiftdoc (in target 'GTMAppAuth' from project 'GTMAppAuth')
    cd /Users/siam/Library/Developer/Xcode/DerivedData/Lingua_Quest-gvpckrqxtbgyprbgppjfqmimmmfw/SourcePackages/checkouts/GTMAppAuth
    builtin-copy -exclude .DS_Store -exclude CVS -exclude .svn -exclude .git -exclude .hg -resolve-src-symlinks -rename /Users/siam/Library/Developer/Xcode/DerivedData/Lingua_Quest-gvpckrqxtbgyprbgppjfqmimmmfw/Build/Intermediates.noindex/GTMAppAuth.build/Debug-iphonesimulator/GTMAppAuth.build/Objects-normal/arm64/GTMAppAuth.swiftdoc /Users/siam/Library/Developer/Xcode/DerivedData/Lingua_Quest-gvpckrqxtbgyprbgppjfqmimmmfw/Build/Products/Debug-iphonesimulator/GTMAppAuth.swiftmodule/arm64-apple-ios-simulator.swiftdoc

Copy /Users/siam/Library/Developer/Xcode/DerivedData/Lingua_Quest-gvpckrqxtbgyprbgppjfqmimmmfw/Build/Products/Debug-iphonesimulator/GTMAppAuth.swiftmodule/arm64-apple-ios-simulator.abi.json /Users/siam/Library/Developer/Xcode/DerivedData/Lingua_Quest-gvpckrqxtbgyprbgppjfqmimmmfw/Build/Intermediates.noindex/GTMAppAuth.build/Debug-iphonesimulator/GTMAppAuth.build/Objects-normal/arm64/GTMAppAuth.abi.json (in target 'GTMAppAuth' from project 'GTMAppAuth')
    cd /Users/siam/Library/Developer/Xcode/DerivedData/Lingua_Quest-gvpckrqxtbgyprbgppjfqmimmmfw/SourcePackages/checkouts/GTMAppAuth
    builtin-copy -exclude .DS_Store -exclude CVS -exclude .svn -exclude .git -exclude .hg -resolve-src-symlinks -rename /Users/siam/Library/Developer/Xcode/DerivedData/Lingua_Quest-gvpckrqxtbgyprbgppjfqmimmmfw/Build/Intermediates.noindex/GTMAppAuth.build/Debug-iphonesimulator/GTMAppAuth.build/Objects-normal/arm64/GTMAppAuth.abi.json /Users/siam/Library/Developer/Xcode/DerivedData/Lingua_Quest-gvpckrqxtbgyprbgppjfqmimmmfw/Build/Products/Debug-iphonesimulator/GTMAppAuth.swiftmodule/arm64-apple-ios-simulator.abi.json

Copy /Users/siam/Library/Developer/Xcode/DerivedData/Lingua_Quest-gvpckrqxtbgyprbgppjfqmimmmfw/Build/Products/Debug-iphonesimulator/GTMAppAuth.swiftmodule/Project/arm64-apple-ios-simulator.swiftsourceinfo /Users/siam/Library/Developer/Xcode/DerivedData/Lingua_Quest-gvpckrqxtbgyprbgppjfqmimmmfw/Build/Intermediates.noindex/GTMAppAuth.build/Debug-iphonesimulator/GTMAppAuth.build/Objects-normal/arm64/GTMAppAuth.swiftsourceinfo (in target 'GTMAppAuth' from project 'GTMAppAuth')
    cd /Users/siam/Library/Developer/Xcode/DerivedData/Lingua_Quest-gvpckrqxtbgyprbgppjfqmimmmfw/SourcePackages/checkouts/GTMAppAuth
    builtin-copy -exclude .DS_Store -exclude CVS -exclude .svn -exclude .git -exclude .hg -resolve-src-symlinks -rename /Users/siam/Library/Developer/Xcode/DerivedData/Lingua_Quest-gvpckrqxtbgyprbgppjfqmimmmfw/Build/Intermediates.noindex/GTMAppAuth.build/Debug-iphonesimulator/GTMAppAuth.build/Objects-normal/arm64/GTMAppAuth.swiftsourceinfo /Users/siam/Library/Developer/Xcode/DerivedData/Lingua_Quest-gvpckrqxtbgyprbgppjfqmimmmfw/Build/Products/Debug-iphonesimulator/GTMAppAuth.swiftmodule/Project/arm64-apple-ios-simulator.swiftsourceinfo

SwiftCompile normal x86_64 Compiling\ resource_bundle_accessor.swift /Users/siam/Library/Developer/Xcode/DerivedData/Lingua_Quest-gvpckrqxtbgyprbgppjfqmimmmfw/Build/Intermediates.noindex/GTMAppAuth.build/Debug-iphonesimulator/GTMAppAuth.build/DerivedSources/resource_bundle_accessor.swift (in target 'GTMAppAuth' from project 'GTMAppAuth')

SwiftCompile normal x86_64 /Users/siam/Library/Developer/Xcode/DerivedData/Lingua_Quest-gvpckrqxtbgyprbgppjfqmimmmfw/Build/Intermediates.noindex/GTMAppAuth.build/Debug-iphonesimulator/GTMAppAuth.build/DerivedSources/resource_bundle_accessor.swift (in target 'GTMAppAuth' from project 'GTMAppAuth')
    cd /Users/siam/Desktop/Lingua\ Quest/Lingua\ Quest.xcodeproj
    

SwiftCompile normal arm64 Compiling\ AuthSessionStore.swift /Users/siam/Library/Developer/Xcode/DerivedData/Lingua_Quest-gvpckrqxtbgyprbgppjfqmimmmfw/SourcePackages/checkouts/GTMAppAuth/GTMAppAuth/Sources/AuthSessionStore.swift (in target 'GTMAppAuth' from project 'GTMAppAuth')

SwiftCompile normal arm64 /Users/siam/Library/Developer/Xcode/DerivedData/Lingua_Quest-gvpckrqxtbgyprbgppjfqmimmmfw/SourcePackages/checkouts/GTMAppAuth/GTMAppAuth/Sources/AuthSessionStore.swift (in target 'GTMAppAuth' from project 'GTMAppAuth')
    cd /Users/siam/Desktop/Lingua\ Quest/Lingua\ Quest.xcodeproj
    

SwiftDriverJobDiscovery normal x86_64 Emitting module for GTMAppAuth (in target 'GTMAppAuth' from project 'GTMAppAuth')

SwiftDriver\ Compilation\ Requirements GTMAppAuth normal x86_64 com.apple.xcode.tools.swift.compiler (in target 'GTMAppAuth' from project 'GTMAppAuth')
    cd /Users/siam/Desktop/Lingua\ Quest/Lingua\ Quest.xcodeproj
    builtin-Swift-Compilation-Requirements -- /Applications/Xcode.app/Contents/Developer/Toolchains/XcodeDefault.xctoolchain/usr/bin/swiftc -module-name GTMAppAuth -Onone -enforce-exclusivity\=checked @/Users/siam/Library/Developer/Xcode/DerivedData/Lingua_Quest-gvpckrqxtbgyprbgppjfqmimmmfw/Build/Intermediates.noindex/GTMAppAuth.build/Debug-iphonesimulator/GTMAppAuth.build/Objects-normal/x86_64/GTMAppAuth.SwiftFileList -DSWIFT_PACKAGE -DDEBUG -DSWIFT_MODULE_RESOURCE_BUNDLE_AVAILABLE -Xcc -fmodule-map-file\=/Users/siam/Library/Developer/Xcode/DerivedData/Lingua_Quest-gvpckrqxtbgyprbgppjfqmimmmfw/Build/Intermediates.noindex/GeneratedModuleMaps-iphonesimulator/GTMSessionFetcherCore.modulemap -Xcc -fmodule-map-file\=/Users/siam/Library/Developer/Xcode/DerivedData/Lingua_Quest-gvpckrqxtbgyprbgppjfqmimmmfw/Build/Intermediates.noindex/GeneratedModuleMaps-iphonesimulator/AppAuthCore.modulemap -DXcode -plugin-path /Applications/Xcode.app/Contents/Developer/Toolchains/XcodeDefault.xctoolchain/usr/lib/swift/host/plugins/testing -enable-experimental-feature DebugDescriptionMacro -sdk /Applications/Xcode.app/Contents/Developer/Platforms/iPhoneSimulator.platform/Developer/SDKs/iPhoneSimulator26.0.sdk -target x86_64-apple-ios12.0-simulator -g -module-cache-path /Users/siam/Library/Developer/Xcode/DerivedData/ModuleCache.noindex -Xfrontend -serialize-debugging-options -profile-coverage-mapping -profile-generate -enable-testing -suppress-warnings -index-store-path /Users/siam/Library/Developer/Xcode/DerivedData/Lingua_Quest-gvpckrqxtbgyprbgppjfqmimmmfw/Index.noindex/DataStore -Xcc -D_LIBCPP_HARDENING_MODE\=_LIBCPP_HARDENING_MODE_DEBUG -swift-version 5 -I /Users/siam/Library/Developer/Xcode/DerivedData/Lingua_Quest-gvpckrqxtbgyprbgppjfqmimmmfw/Build/Products/Debug-iphonesimulator -Isystem /Applications/Xcode.app/Contents/Developer/Platforms/iPhoneSimulator.platform/Developer/usr/lib -F /Users/siam/Library/Developer/Xcode/DerivedData/Lingua_Quest-gvpckrqxtbgyprbgppjfqmimmmfw/Build/Products/Debug-iphonesimulator/PackageFrameworks -F /Users/siam/Library/Developer/Xcode/DerivedData/Lingua_Quest-gvpckrqxtbgyprbgppjfqmimmmfw/Build/Products/Debug-iphonesimulator/PackageFrameworks -F /Users/siam/Library/Developer/Xcode/DerivedData/Lingua_Quest-gvpckrqxtbgyprbgppjfqmimmmfw/Build/Products/Debug-iphonesimulator -F /Applications/Xcode.app/Contents/Developer/Platforms/iPhoneSimulator.platform/Developer/Library/Frameworks -F /Applications/Xcode.app/Contents/Developer/Platforms/iPhoneSimulator.platform/Developer/SDKs/iPhoneSimulator26.0.sdk/Developer/Library/Frameworks -c -j12 -enable-batch-mode -incremental -Xcc -ivfsstatcache -Xcc /Users/siam/Library/Developer/Xcode/DerivedData/SDKStatCaches.noindex/iphonesimulator26.0-23A339-26257891a6c027eb51374368541b8346.sdkstatcache -output-file-map /Users/siam/Library/Developer/Xcode/DerivedData/Lingua_Quest-gvpckrqxtbgyprbgppjfqmimmmfw/Build/Intermediates.noindex/GTMAppAuth.build/Debug-iphonesimulator/GTMAppAuth.build/Objects-normal/x86_64/GTMAppAuth-OutputFileMap.json -use-frontend-parseable-output -save-temps -no-color-diagnostics -explicit-module-build -module-cache-path /Users/siam/Library/Developer/Xcode/DerivedData/Lingua_Quest-gvpckrqxtbgyprbgppjfqmimmmfw/Build/Intermediates.noindex/SwiftExplicitPrecompiledModules -clang-scanner-module-cache-path /Users/siam/Library/Developer/Xcode/DerivedData/ModuleCache.noindex -sdk-module-cache-path /Users/siam/Library/Developer/Xcode/DerivedData/ModuleCache.noindex -serialize-diagnostics -emit-dependencies -emit-module -emit-module-path /Users/siam/Library/Developer/Xcode/DerivedData/Lingua_Quest-gvpckrqxtbgyprbgppjfqmimmmfw/Build/Intermediates.noindex/GTMAppAuth.build/Debug-iphonesimulator/GTMAppAuth.build/Objects-normal/x86_64/GTMAppAuth.swiftmodule -validate-clang-modules-once -clang-build-session-file /Users/siam/Library/Developer/Xcode/DerivedData/ModuleCache.noindex/Session.modulevalidation -Xcc -I/Users/siam/Library/Developer/Xcode/DerivedData/Lingua_Quest-gvpckrqxtbgyprbgppjfqmimmmfw/Build/Intermediates.noindex/GTMAppAuth.build/Debug-iphonesimulator/GTMAppAuth.build/swift-overrides.hmap -emit-const-values -Xfrontend -const-gather-protocols-file -Xfrontend /Users/siam/Library/Developer/Xcode/DerivedData/Lingua_Quest-gvpckrqxtbgyprbgppjfqmimmmfw/Build/Intermediates.noindex/GTMAppAuth.build/Debug-iphonesimulator/GTMAppAuth.build/Objects-normal/x86_64/GTMAppAuth_const_extract_protocols.json -Xcc -I/Users/siam/Library/Developer/Xcode/DerivedData/Lingua_Quest-gvpckrqxtbgyprbgppjfqmimmmfw/SourcePackages/checkouts/gtm-session-fetcher/Sources/Core/Public -Xcc -I/Users/siam/Library/Developer/Xcode/DerivedData/Lingua_Quest-gvpckrqxtbgyprbgppjfqmimmmfw/SourcePackages/checkouts/AppAuth-iOS/Sources/AppAuthCore -Xcc -I/Users/siam/Library/Developer/Xcode/DerivedData/Lingua_Quest-gvpckrqxtbgyprbgppjfqmimmmfw/Build/Products/Debug-iphonesimulator/include -Xcc -I/Users/siam/Library/Developer/Xcode/DerivedData/Lingua_Quest-gvpckrqxtbgyprbgppjfqmimmmfw/Build/Intermediates.noindex/GTMAppAuth.build/Debug-iphonesimulator/GTMAppAuth.build/DerivedSources-normal/x86_64 -Xcc -I/Users/siam/Library/Developer/Xcode/DerivedData/Lingua_Quest-gvpckrqxtbgyprbgppjfqmimmmfw/Build/Intermediates.noindex/GTMAppAuth.build/Debug-iphonesimulator/GTMAppAuth.build/DerivedSources/x86_64 -Xcc -I/Users/siam/Library/Developer/Xcode/DerivedData/Lingua_Quest-gvpckrqxtbgyprbgppjfqmimmmfw/Build/Intermediates.noindex/GTMAppAuth.build/Debug-iphonesimulator/GTMAppAuth.build/DerivedSources -Xcc -DSWIFT_PACKAGE -Xcc -DDEBUG\=1 -emit-objc-header -emit-objc-header-path /Users/siam/Library/Developer/Xcode/DerivedData/Lingua_Quest-gvpckrqxtbgyprbgppjfqmimmmfw/Build/Intermediates.noindex/GTMAppAuth.build/Debug-iphonesimulator/GTMAppAuth.build/Objects-normal/x86_64/GTMAppAuth-Swift.h -working-directory /Users/siam/Desktop/Lingua\ Quest/Lingua\ Quest.xcodeproj -experimental-emit-module-separately -disable-cmo

SwiftDriverJobDiscovery normal x86_64 Compiling KeychainHelper.swift (in target 'GTMAppAuth' from project 'GTMAppAuth')

SwiftCompile normal arm64 Compiling\ FirebaseDataEncoder.swift /Users/siam/Library/Developer/Xcode/DerivedData/Lingua_Quest-gvpckrqxtbgyprbgppjfqmimmmfw/SourcePackages/checkouts/firebase-ios-sdk/FirebaseSharedSwift/Sources/third_party/FirebaseDataEncoder/FirebaseDataEncoder.swift (in target 'FirebaseSharedSwift' from project 'Firebase')
SwiftCompile normal arm64 /Users/siam/Library/Developer/Xcode/DerivedData/Lingua_Quest-gvpckrqxtbgyprbgppjfqmimmmfw/SourcePackages/checkouts/firebase-ios-sdk/FirebaseSharedSwift/Sources/third_party/FirebaseDataEncoder/FirebaseDataEncoder.swift (in target 'FirebaseSharedSwift' from project 'Firebase')
    cd /Users/siam/Desktop/Lingua\ Quest/Lingua\ Quest.xcodeproj
    

SwiftMergeGeneratedHeaders /Users/siam/Library/Developer/Xcode/DerivedData/Lingua_Quest-gvpckrqxtbgyprbgppjfqmimmmfw/Build/Intermediates.noindex/GeneratedModuleMaps-iphonesimulator/GTMAppAuth-Swift.h /Users/siam/Library/Developer/Xcode/DerivedData/Lingua_Quest-gvpckrqxtbgyprbgppjfqmimmmfw/Build/Intermediates.noindex/GTMAppAuth.build/Debug-iphonesimulator/GTMAppAuth.build/Objects-normal/arm64/GTMAppAuth-Swift.h /Users/siam/Library/Developer/Xcode/DerivedData/Lingua_Quest-gvpckrqxtbgyprbgppjfqmimmmfw/Build/Intermediates.noindex/GTMAppAuth.build/Debug-iphonesimulator/GTMAppAuth.build/Objects-normal/x86_64/GTMAppAuth-Swift.h (in target 'GTMAppAuth' from project 'GTMAppAuth')
    cd /Users/siam/Library/Developer/Xcode/DerivedData/Lingua_Quest-gvpckrqxtbgyprbgppjfqmimmmfw/SourcePackages/checkouts/GTMAppAuth
    builtin-swiftHeaderTool -arch arm64 /Users/siam/Library/Developer/Xcode/DerivedData/Lingua_Quest-gvpckrqxtbgyprbgppjfqmimmmfw/Build/Intermediates.noindex/GTMAppAuth.build/Debug-iphonesimulator/GTMAppAuth.build/Objects-normal/arm64/GTMAppAuth-Swift.h -arch x86_64 /Users/siam/Library/Developer/Xcode/DerivedData/Lingua_Quest-gvpckrqxtbgyprbgppjfqmimmmfw/Build/Intermediates.noindex/GTMAppAuth.build/Debug-iphonesimulator/GTMAppAuth.build/Objects-normal/x86_64/GTMAppAuth-Swift.h -o /Users/siam/Library/Developer/Xcode/DerivedData/Lingua_Quest-gvpckrqxtbgyprbgppjfqmimmmfw/Build/Intermediates.noindex/GeneratedModuleMaps-iphonesimulator/GTMAppAuth-Swift.h

SwiftDriverJobDiscovery normal arm64 Compiling KeychainHelper.swift (in target 'GTMAppAuth' from project 'GTMAppAuth')

Copy /Users/siam/Library/Developer/Xcode/DerivedData/Lingua_Quest-gvpckrqxtbgyprbgppjfqmimmmfw/Build/Products/Debug-iphonesimulator/GTMAppAuth.swiftmodule/x86_64-apple-ios-simulator.swiftmodule /Users/siam/Library/Developer/Xcode/DerivedData/Lingua_Quest-gvpckrqxtbgyprbgppjfqmimmmfw/Build/Intermediates.noindex/GTMAppAuth.build/Debug-iphonesimulator/GTMAppAuth.build/Objects-normal/x86_64/GTMAppAuth.swiftmodule (in target 'GTMAppAuth' from project 'GTMAppAuth')
    cd /Users/siam/Library/Developer/Xcode/DerivedData/Lingua_Quest-gvpckrqxtbgyprbgppjfqmimmmfw/SourcePackages/checkouts/GTMAppAuth
    builtin-copy -exclude .DS_Store -exclude CVS -exclude .svn -exclude .git -exclude .hg -resolve-src-symlinks -rename /Users/siam/Library/Developer/Xcode/DerivedData/Lingua_Quest-gvpckrqxtbgyprbgppjfqmimmmfw/Build/Intermediates.noindex/GTMAppAuth.build/Debug-iphonesimulator/GTMAppAuth.build/Objects-normal/x86_64/GTMAppAuth.swiftmodule /Users/siam/Library/Developer/Xcode/DerivedData/Lingua_Quest-gvpckrqxtbgyprbgppjfqmimmmfw/Build/Products/Debug-iphonesimulator/GTMAppAuth.swiftmodule/x86_64-apple-ios-simulator.swiftmodule

Copy /Users/siam/Library/Developer/Xcode/DerivedData/Lingua_Quest-gvpckrqxtbgyprbgppjfqmimmmfw/Build/Products/Debug-iphonesimulator/GTMAppAuth.swiftmodule/x86_64-apple-ios-simulator.swiftdoc /Users/siam/Library/Developer/Xcode/DerivedData/Lingua_Quest-gvpckrqxtbgyprbgppjfqmimmmfw/Build/Intermediates.noindex/GTMAppAuth.build/Debug-iphonesimulator/GTMAppAuth.build/Objects-normal/x86_64/GTMAppAuth.swiftdoc (in target 'GTMAppAuth' from project 'GTMAppAuth')
    cd /Users/siam/Library/Developer/Xcode/DerivedData/Lingua_Quest-gvpckrqxtbgyprbgppjfqmimmmfw/SourcePackages/checkouts/GTMAppAuth
    builtin-copy -exclude .DS_Store -exclude CVS -exclude .svn -exclude .git -exclude .hg -resolve-src-symlinks -rename /Users/siam/Library/Developer/Xcode/DerivedData/Lingua_Quest-gvpckrqxtbgyprbgppjfqmimmmfw/Build/Intermediates.noindex/GTMAppAuth.build/Debug-iphonesimulator/GTMAppAuth.build/Objects-normal/x86_64/GTMAppAuth.swiftdoc /Users/siam/Library/Developer/Xcode/DerivedData/Lingua_Quest-gvpckrqxtbgyprbgppjfqmimmmfw/Build/Products/Debug-iphonesimulator/GTMAppAuth.swiftmodule/x86_64-apple-ios-simulator.swiftdoc

Copy /Users/siam/Library/Developer/Xcode/DerivedData/Lingua_Quest-gvpckrqxtbgyprbgppjfqmimmmfw/Build/Products/Debug-iphonesimulator/GTMAppAuth.swiftmodule/x86_64-apple-ios-simulator.abi.json /Users/siam/Library/Developer/Xcode/DerivedData/Lingua_Quest-gvpckrqxtbgyprbgppjfqmimmmfw/Build/Intermediates.noindex/GTMAppAuth.build/Debug-iphonesimulator/GTMAppAuth.build/Objects-normal/x86_64/GTMAppAuth.abi.json (in target 'GTMAppAuth' from project 'GTMAppAuth')
    cd /Users/siam/Library/Developer/Xcode/DerivedData/Lingua_Quest-gvpckrqxtbgyprbgppjfqmimmmfw/SourcePackages/checkouts/GTMAppAuth
    builtin-copy -exclude .DS_Store -exclude CVS -exclude .svn -exclude .git -exclude .hg -resolve-src-symlinks -rename /Users/siam/Library/Developer/Xcode/DerivedData/Lingua_Quest-gvpckrqxtbgyprbgppjfqmimmmfw/Build/Intermediates.noindex/GTMAppAuth.build/Debug-iphonesimulator/GTMAppAuth.build/Objects-normal/x86_64/GTMAppAuth.abi.json /Users/siam/Library/Developer/Xcode/DerivedData/Lingua_Quest-gvpckrqxtbgyprbgppjfqmimmmfw/Build/Products/Debug-iphonesimulator/GTMAppAuth.swiftmodule/x86_64-apple-ios-simulator.abi.json

Copy /Users/siam/Library/Developer/Xcode/DerivedData/Lingua_Quest-gvpckrqxtbgyprbgppjfqmimmmfw/Build/Products/Debug-iphonesimulator/GTMAppAuth.swiftmodule/Project/x86_64-apple-ios-simulator.swiftsourceinfo /Users/siam/Library/Developer/Xcode/DerivedData/Lingua_Quest-gvpckrqxtbgyprbgppjfqmimmmfw/Build/Intermediates.noindex/GTMAppAuth.build/Debug-iphonesimulator/GTMAppAuth.build/Objects-normal/x86_64/GTMAppAuth.swiftsourceinfo (in target 'GTMAppAuth' from project 'GTMAppAuth')
    cd /Users/siam/Library/Developer/Xcode/DerivedData/Lingua_Quest-gvpckrqxtbgyprbgppjfqmimmmfw/SourcePackages/checkouts/GTMAppAuth
    builtin-copy -exclude .DS_Store -exclude CVS -exclude .svn -exclude .git -exclude .hg -resolve-src-symlinks -rename /Users/siam/Library/Developer/Xcode/DerivedData/Lingua_Quest-gvpckrqxtbgyprbgppjfqmimmmfw/Build/Intermediates.noindex/GTMAppAuth.build/Debug-iphonesimulator/GTMAppAuth.build/Objects-normal/x86_64/GTMAppAuth.swiftsourceinfo /Users/siam/Library/Developer/Xcode/DerivedData/Lingua_Quest-gvpckrqxtbgyprbgppjfqmimmmfw/Build/Products/Debug-iphonesimulator/GTMAppAuth.swiftmodule/Project/x86_64-apple-ios-simulator.swiftsourceinfo

SwiftCompile normal arm64 Compiling\ FirebaseRemoteConfigValueDecoding.swift /Users/siam/Library/Developer/Xcode/DerivedData/Lingua_Quest-gvpckrqxtbgyprbgppjfqmimmmfw/SourcePackages/checkouts/firebase-ios-sdk/FirebaseSharedSwift/Sources/FirebaseRemoteConfigValueDecoding.swift (in target 'FirebaseSharedSwift' from project 'Firebase')

SwiftCompile normal arm64 /Users/siam/Library/Developer/Xcode/DerivedData/Lingua_Quest-gvpckrqxtbgyprbgppjfqmimmmfw/SourcePackages/checkouts/firebase-ios-sdk/FirebaseSharedSwift/Sources/FirebaseRemoteConfigValueDecoding.swift (in target 'FirebaseSharedSwift' from project 'Firebase')
    cd /Users/siam/Desktop/Lingua\ Quest/Lingua\ Quest.xcodeproj
    

SwiftDriverJobDiscovery normal x86_64 Compiling KeychainAttribute.swift (in target 'GTMAppAuth' from project 'GTMAppAuth')

SwiftDriver\ Compilation FirebaseSharedSwift normal x86_64 com.apple.xcode.tools.swift.compiler (in target 'FirebaseSharedSwift' from project 'Firebase')
    cd /Users/siam/Desktop/Lingua\ Quest/Lingua\ Quest.xcodeproj
    builtin-Swift-Compilation -- /Applications/Xcode.app/Contents/Developer/Toolchains/XcodeDefault.xctoolchain/usr/bin/swiftc -module-name FirebaseSharedSwift -Onone -enforce-exclusivity\=checked @/Users/siam/Library/Developer/Xcode/DerivedData/Lingua_Quest-gvpckrqxtbgyprbgppjfqmimmmfw/Build/Intermediates.noindex/Firebase.build/Debug-iphonesimulator/FirebaseSharedSwift.build/Objects-normal/x86_64/FirebaseSharedSwift.SwiftFileList -DSWIFT_PACKAGE -DDEBUG -DSWIFT_MODULE_RESOURCE_BUNDLE_UNAVAILABLE -DXcode -plugin-path /Applications/Xcode.app/Contents/Developer/Toolchains/XcodeDefault.xctoolchain/usr/lib/swift/host/plugins/testing -enable-experimental-feature DebugDescriptionMacro -sdk /Applications/Xcode.app/Contents/Developer/Platforms/iPhoneSimulator.platform/Developer/SDKs/iPhoneSimulator26.0.sdk -target x86_64-apple-ios15.0-simulator -g -module-cache-path /Users/siam/Library/Developer/Xcode/DerivedData/ModuleCache.noindex -Xfrontend -serialize-debugging-options -profile-coverage-mapping -profile-generate -enable-testing -suppress-warnings -index-store-path /Users/siam/Library/Developer/Xcode/DerivedData/Lingua_Quest-gvpckrqxtbgyprbgppjfqmimmmfw/Index.noindex/DataStore -Xcc -D_LIBCPP_HARDENING_MODE\=_LIBCPP_HARDENING_MODE_DEBUG -swift-version 5 -I /Users/siam/Library/Developer/Xcode/DerivedData/Lingua_Quest-gvpckrqxtbgyprbgppjfqmimmmfw/Build/Products/Debug-iphonesimulator -Isystem /Applications/Xcode.app/Contents/Developer/Platforms/iPhoneSimulator.platform/Developer/usr/lib -F /Users/siam/Library/Developer/Xcode/DerivedData/Lingua_Quest-gvpckrqxtbgyprbgppjfqmimmmfw/Build/Products/Debug-iphonesimulator -F /Applications/Xcode.app/Contents/Developer/Platforms/iPhoneSimulator.platform/Developer/Library/Frameworks -F /Applications/Xcode.app/Contents/Developer/Platforms/iPhoneSimulator.platform/Developer/SDKs/iPhoneSimulator26.0.sdk/Developer/Library/Frameworks -c -j12 -enable-batch-mode -incremental -Xcc -ivfsstatcache -Xcc /Users/siam/Library/Developer/Xcode/DerivedData/SDKStatCaches.noindex/iphonesimulator26.0-23A339-26257891a6c027eb51374368541b8346.sdkstatcache -output-file-map /Users/siam/Library/Developer/Xcode/DerivedData/Lingua_Quest-gvpckrqxtbgyprbgppjfqmimmmfw/Build/Intermediates.noindex/Firebase.build/Debug-iphonesimulator/FirebaseSharedSwift.build/Objects-normal/x86_64/FirebaseSharedSwift-OutputFileMap.json -use-frontend-parseable-output -save-temps -no-color-diagnostics -explicit-module-build -module-cache-path /Users/siam/Library/Developer/Xcode/DerivedData/Lingua_Quest-gvpckrqxtbgyprbgppjfqmimmmfw/Build/Intermediates.noindex/SwiftExplicitPrecompiledModules -clang-scanner-module-cache-path /Users/siam/Library/Developer/Xcode/DerivedData/ModuleCache.noindex -sdk-module-cache-path /Users/siam/Library/Developer/Xcode/DerivedData/ModuleCache.noindex -serialize-diagnostics -emit-dependencies -emit-module -emit-module-path /Users/siam/Library/Developer/Xcode/DerivedData/Lingua_Quest-gvpckrqxtbgyprbgppjfqmimmmfw/Build/Intermediates.noindex/Firebase.build/Debug-iphonesimulator/FirebaseSharedSwift.build/Objects-normal/x86_64/FirebaseSharedSwift.swiftmodule -user-module-version 12.16.0 -validate-clang-modules-once -clang-build-session-file /Users/siam/Library/Developer/Xcode/DerivedData/ModuleCache.noindex/Session.modulevalidation -package-name firebase_ios_sdk -Xcc -I/Users/siam/Library/Developer/Xcode/DerivedData/Lingua_Quest-gvpckrqxtbgyprbgppjfqmimmmfw/Build/Intermediates.noindex/Firebase.build/Debug-iphonesimulator/FirebaseSharedSwift.build/swift-overrides.hmap -emit-const-values -Xfrontend -const-gather-protocols-file -Xfrontend /Users/siam/Library/Developer/Xcode/DerivedData/Lingua_Quest-gvpckrqxtbgyprbgppjfqmimmmfw/Build/Intermediates.noindex/Firebase.build/Debug-iphonesimulator/FirebaseSharedSwift.build/Objects-normal/x86_64/FirebaseSharedSwift_const_extract_protocols.json -Xcc -I/Users/siam/Library/Developer/Xcode/DerivedData/Lingua_Quest-gvpckrqxtbgyprbgppjfqmimmmfw/Build/Products/Debug-iphonesimulator/include -Xcc -I/Users/siam/Library/Developer/Xcode/DerivedData/Lingua_Quest-gvpckrqxtbgyprbgppjfqmimmmfw/Build/Intermediates.noindex/Firebase.build/Debug-iphonesimulator/FirebaseSharedSwift.build/DerivedSources-normal/x86_64 -Xcc -I/Users/siam/Library/Developer/Xcode/DerivedData/Lingua_Quest-gvpckrqxtbgyprbgppjfqmimmmfw/Build/Intermediates.noindex/Firebase.build/Debug-iphonesimulator/FirebaseSharedSwift.build/DerivedSources/x86_64 -Xcc -I/Users/siam/Library/Developer/Xcode/DerivedData/Lingua_Quest-gvpckrqxtbgyprbgppjfqmimmmfw/Build/Intermediates.noindex/Firebase.build/Debug-iphonesimulator/FirebaseSharedSwift.build/DerivedSources -Xcc -DSWIFT_PACKAGE -Xcc -DDEBUG\=1 -emit-objc-header -emit-objc-header-path /Users/siam/Library/Developer/Xcode/DerivedData/Lingua_Quest-gvpckrqxtbgyprbgppjfqmimmmfw/Build/Intermediates.noindex/Firebase.build/Debug-iphonesimulator/FirebaseSharedSwift.build/Objects-normal/x86_64/FirebaseSharedSwift-Swift.h -working-directory /Users/siam/Desktop/Lingua\ Quest/Lingua\ Quest.xcodeproj -experimental-emit-module-separately -disable-cmo

RegisterExecutionPolicyException /Users/siam/Library/Developer/Xcode/DerivedData/Lingua_Quest-gvpckrqxtbgyprbgppjfqmimmmfw/Build/Products/Debug-iphonesimulator/FirebaseFirestoreInternalWrapper.o (in target 'FirebaseFirestoreInternalWrapper' from project 'Firebase')
    cd /Users/siam/Library/Developer/Xcode/DerivedData/Lingua_Quest-gvpckrqxtbgyprbgppjfqmimmmfw/SourcePackages/checkouts/firebase-ios-sdk
    builtin-RegisterExecutionPolicyException /Users/siam/Library/Developer/Xcode/DerivedData/Lingua_Quest-gvpckrqxtbgyprbgppjfqmimmmfw/Build/Products/Debug-iphonesimulator/FirebaseFirestoreInternalWrapper.o

ScanDependencies /Users/siam/Library/Developer/Xcode/DerivedData/Lingua_Quest-gvpckrqxtbgyprbgppjfqmimmmfw/Build/Intermediates.noindex/GoogleSignIn.build/Debug-iphonesimulator/GoogleSignIn.build/Objects-normal/x86_64/resource_bundle_accessor.o /Users/siam/Library/Developer/Xcode/DerivedData/Lingua_Quest-gvpckrqxtbgyprbgppjfqmimmmfw/Build/Intermediates.noindex/GoogleSignIn.build/Debug-iphonesimulator/GoogleSignIn.build/DerivedSources/resource_bundle_accessor.m normal x86_64 objective-c com.apple.compilers.llvm.clang.1_0.compiler (in target 'GoogleSignIn' from project 'GoogleSignIn')
    cd /Users/siam/Desktop/Lingua\ Quest/Lingua\ Quest.xcodeproj
    
    Using response file: /Users/siam/Library/Developer/Xcode/DerivedData/Lingua_Quest-gvpckrqxtbgyprbgppjfqmimmmfw/Build/Intermediates.noindex/GoogleSignIn.build/Debug-iphonesimulator/GoogleSignIn.build/Objects-normal/x86_64/e6072d4f65d7061329687fe24e3d63a7-common-args.resp
    
    builtin-ScanDependencies -o /Users/siam/Library/Developer/Xcode/DerivedData/Lingua_Quest-gvpckrqxtbgyprbgppjfqmimmmfw/Build/Intermediates.noindex/GoogleSignIn.build/Debug-iphonesimulator/GoogleSignIn.build/Objects-normal/x86_64/resource_bundle_accessor.o.scan -- /Applications/Xcode.app/Contents/Developer/Toolchains/XcodeDefault.xctoolchain/usr/bin/clang -x objective-c -ivfsstatcache /Users/siam/Library/Developer/Xcode/DerivedData/SDKStatCaches.noindex/iphonesimulator26.0-23A339-26257891a6c027eb51374368541b8346.sdkstatcache -fmessage-length\=0 -fdiagnostics-show-note-include-stack -fmacro-backtrace-limit\=0 -fno-color-diagnostics -fmodules-prune-interval\=86400 -fmodules-prune-after\=345600 -fbuild-session-file\=/Users/siam/Library/Developer/Xcode/DerivedData/ModuleCache.noindex/Session.modulevalidation -fmodules-validate-once-per-build-session -Wnon-modular-include-in-framework-module -Werror\=non-modular-include-in-framework-module -Wno-trigraphs -Wno-missing-field-initializers -Wno-missing-prototypes -Wno-return-type -Wno-implicit-atomic-properties -Wno-objc-interface-ivars -Wno-arc-repeated-use-of-weak -Wno-missing-braces -Wparentheses -Wswitch -Wno-unused-function -Wno-unused-label -Wno-unused-parameter -Wno-unused-variable -Wunused-value -Wno-empty-body -Wno-uninitialized -Wno-unknown-pragmas -w -Wno-shadow -Wno-four-char-constants -Wno-conversion -Wno-constant-conversion -Wno-int-conversion -Wno-bool-conversion -Wno-enum-conversion -Wno-float-conversion -Wno-non-literal-null-conversion -Wno-objc-literal-conversion -Wshorten-64-to-32 -Wpointer-sign -Wno-newline-eof -Wno-selector -Wno-strict-selector-match -Wno-undeclared-selector -Wno-deprecated-implementations -Wno-implicit-fallthrough -fstrict-aliasing -Wprotocol -Wdeprecated-declarations -Wno-sign-conversion -Wno-infinite-recursion -Wno-comma -Wno-block-capture-autoreleasing -Wno-strict-prototypes -Wno-semicolon-before-method-body -index-store-path /Users/siam/Library/Developer/Xcode/DerivedData/Lingua_Quest-gvpckrqxtbgyprbgppjfqmimmmfw/Index.noindex/DataStore @/Users/siam/Library/Developer/Xcode/DerivedData/Lingua_Quest-gvpckrqxtbgyprbgppjfqmimmmfw/Build/Intermediates.noindex/GoogleSignIn.build/Debug-iphonesimulator/GoogleSignIn.build/Objects-normal/x86_64/e6072d4f65d7061329687fe24e3d63a7-common-args.resp -include /Users/siam/Library/Developer/Xcode/DerivedData/Lingua_Quest-gvpckrqxtbgyprbgppjfqmimmmfw/Build/Intermediates.noindex/GoogleSignIn.build/Debug-iphonesimulator/GoogleSignIn.build/DerivedSources/resource_bundle_accessor.h -MMD -MT dependencies -MF /Users/siam/Library/Developer/Xcode/DerivedData/Lingua_Quest-gvpckrqxtbgyprbgppjfqmimmmfw/Build/Intermediates.noindex/GoogleSignIn.build/Debug-iphonesimulator/GoogleSignIn.build/Objects-normal/x86_64/resource_bundle_accessor.d --serialize-diagnostics /Users/siam/Library/Developer/Xcode/DerivedData/Lingua_Quest-gvpckrqxtbgyprbgppjfqmimmmfw/Build/Intermediates.noindex/GoogleSignIn.build/Debug-iphonesimulator/GoogleSignIn.build/Objects-normal/x86_64/resource_bundle_accessor.dia -c /Users/siam/Library/Developer/Xcode/DerivedData/Lingua_Quest-gvpckrqxtbgyprbgppjfqmimmmfw/Build/Intermediates.noindex/GoogleSignIn.build/Debug-iphonesimulator/GoogleSignIn.build/DerivedSources/resource_bundle_accessor.m -o /Users/siam/Library/Developer/Xcode/DerivedData/Lingua_Quest-gvpckrqxtbgyprbgppjfqmimmmfw/Build/Intermediates.noindex/GoogleSignIn.build/Debug-iphonesimulator/GoogleSignIn.build/Objects-normal/x86_64/resource_bundle_accessor.o -index-unit-output-path /GoogleSignIn.build/Debug-iphonesimulator/GoogleSignIn.build/Objects-normal/x86_64/resource_bundle_accessor.o

SwiftDriverJobDiscovery normal arm64 Compiling KeychainAttribute.swift (in target 'GTMAppAuth' from project 'GTMAppAuth')

ScanDependencies /Users/siam/Library/Developer/Xcode/DerivedData/Lingua_Quest-gvpckrqxtbgyprbgppjfqmimmmfw/Build/Intermediates.noindex/GoogleSignIn.build/Debug-iphonesimulator/GoogleSignIn.build/Objects-normal/x86_64/NSBundle+GID3PAdditions.o /Users/siam/Library/Developer/Xcode/DerivedData/Lingua_Quest-gvpckrqxtbgyprbgppjfqmimmmfw/SourcePackages/checkouts/GoogleSignIn-iOS/GoogleSignIn/Sources/NSBundle+GID3PAdditions.m normal x86_64 objective-c com.apple.compilers.llvm.clang.1_0.compiler (in target 'GoogleSignIn' from project 'GoogleSignIn')
    cd /Users/siam/Desktop/Lingua\ Quest/Lingua\ Quest.xcodeproj
    
    Using response file: /Users/siam/Library/Developer/Xcode/DerivedData/Lingua_Quest-gvpckrqxtbgyprbgppjfqmimmmfw/Build/Intermediates.noindex/GoogleSignIn.build/Debug-iphonesimulator/GoogleSignIn.build/Objects-normal/x86_64/e6072d4f65d7061329687fe24e3d63a7-common-args.resp
    
    builtin-ScanDependencies -o /Users/siam/Library/Developer/Xcode/DerivedData/Lingua_Quest-gvpckrqxtbgyprbgppjfqmimmmfw/Build/Intermediates.noindex/GoogleSignIn.build/Debug-iphonesimulator/GoogleSignIn.build/Objects-normal/x86_64/NSBundle+GID3PAdditions.o.scan -- /Applications/Xcode.app/Contents/Developer/Toolchains/XcodeDefault.xctoolchain/usr/bin/clang -x objective-c -ivfsstatcache /Users/siam/Library/Developer/Xcode/DerivedData/SDKStatCaches.noindex/iphonesimulator26.0-23A339-26257891a6c027eb51374368541b8346.sdkstatcache -fmessage-length\=0 -fdiagnostics-show-note-include-stack -fmacro-backtrace-limit\=0 -fno-color-diagnostics -fmodules-prune-interval\=86400 -fmodules-prune-after\=345600 -fbuild-session-file\=/Users/siam/Library/Developer/Xcode/DerivedData/ModuleCache.noindex/Session.modulevalidation -fmodules-validate-once-per-build-session -Wnon-modular-include-in-framework-module -Werror\=non-modular-include-in-framework-module -Wno-trigraphs -Wno-missing-field-initializers -Wno-missing-prototypes -Wno-return-type -Wno-implicit-atomic-properties -Wno-objc-interface-ivars -Wno-arc-repeated-use-of-weak -Wno-missing-braces -Wparentheses -Wswitch -Wno-unused-function -Wno-unused-label -Wno-unused-parameter -Wno-unused-variable -Wunused-value -Wno-empty-body -Wno-uninitialized -Wno-unknown-pragmas -w -Wno-shadow -Wno-four-char-constants -Wno-conversion -Wno-constant-conversion -Wno-int-conversion -Wno-bool-conversion -Wno-enum-conversion -Wno-float-conversion -Wno-non-literal-null-conversion -Wno-objc-literal-conversion -Wshorten-64-to-32 -Wpointer-sign -Wno-newline-eof -Wno-selector -Wno-strict-selector-match -Wno-undeclared-selector -Wno-deprecated-implementations -Wno-implicit-fallthrough -fstrict-aliasing -Wprotocol -Wdeprecated-declarations -Wno-sign-conversion -Wno-infinite-recursion -Wno-comma -Wno-block-capture-autoreleasing -Wno-strict-prototypes -Wno-semicolon-before-method-body -index-store-path /Users/siam/Library/Developer/Xcode/DerivedData/Lingua_Quest-gvpckrqxtbgyprbgppjfqmimmmfw/Index.noindex/DataStore @/Users/siam/Library/Developer/Xcode/DerivedData/Lingua_Quest-gvpckrqxtbgyprbgppjfqmimmmfw/Build/Intermediates.noindex/GoogleSignIn.build/Debug-iphonesimulator/GoogleSignIn.build/Objects-normal/x86_64/e6072d4f65d7061329687fe24e3d63a7-common-args.resp -include /Users/siam/Library/Developer/Xcode/DerivedData/Lingua_Quest-gvpckrqxtbgyprbgppjfqmimmmfw/Build/Intermediates.noindex/GoogleSignIn.build/Debug-iphonesimulator/GoogleSignIn.build/DerivedSources/resource_bundle_accessor.h -MMD -MT dependencies -MF /Users/siam/Library/Developer/Xcode/DerivedData/Lingua_Quest-gvpckrqxtbgyprbgppjfqmimmmfw/Build/Intermediates.noindex/GoogleSignIn.build/Debug-iphonesimulator/GoogleSignIn.build/Objects-normal/x86_64/NSBundle+GID3PAdditions.d --serialize-diagnostics /Users/siam/Library/Developer/Xcode/DerivedData/Lingua_Quest-gvpckrqxtbgyprbgppjfqmimmmfw/Build/Intermediates.noindex/GoogleSignIn.build/Debug-iphonesimulator/GoogleSignIn.build/Objects-normal/x86_64/NSBundle+GID3PAdditions.dia -c /Users/siam/Library/Developer/Xcode/DerivedData/Lingua_Quest-gvpckrqxtbgyprbgppjfqmimmmfw/SourcePackages/checkouts/GoogleSignIn-iOS/GoogleSignIn/Sources/NSBundle+GID3PAdditions.m -o /Users/siam/Library/Developer/Xcode/DerivedData/Lingua_Quest-gvpckrqxtbgyprbgppjfqmimmmfw/Build/Intermediates.noindex/GoogleSignIn.build/Debug-iphonesimulator/GoogleSignIn.build/Objects-normal/x86_64/NSBundle+GID3PAdditions.o -index-unit-output-path /GoogleSignIn.build/Debug-iphonesimulator/GoogleSignIn.build/Objects-normal/x86_64/NSBundle+GID3PAdditions.o

ScanDependencies /Users/siam/Library/Developer/Xcode/DerivedData/Lingua_Quest-gvpckrqxtbgyprbgppjfqmimmmfw/Build/Intermediates.noindex/GoogleSignIn.build/Debug-iphonesimulator/GoogleSignIn.build/Objects-normal/x86_64/GIDToken.o /Users/siam/Library/Developer/Xcode/DerivedData/Lingua_Quest-gvpckrqxtbgyprbgppjfqmimmmfw/SourcePackages/checkouts/GoogleSignIn-iOS/GoogleSignIn/Sources/GIDToken.m normal x86_64 objective-c com.apple.compilers.llvm.clang.1_0.compiler (in target 'GoogleSignIn' from project 'GoogleSignIn')
    cd /Users/siam/Desktop/Lingua\ Quest/Lingua\ Quest.xcodeproj
    
    Using response file: /Users/siam/Library/Developer/Xcode/DerivedData/Lingua_Quest-gvpckrqxtbgyprbgppjfqmimmmfw/Build/Intermediates.noindex/GoogleSignIn.build/Debug-iphonesimulator/GoogleSignIn.build/Objects-normal/x86_64/e6072d4f65d7061329687fe24e3d63a7-common-args.resp
    
    builtin-ScanDependencies -o /Users/siam/Library/Developer/Xcode/DerivedData/Lingua_Quest-gvpckrqxtbgyprbgppjfqmimmmfw/Build/Intermediates.noindex/GoogleSignIn.build/Debug-iphonesimulator/GoogleSignIn.build/Objects-normal/x86_64/GIDToken.o.scan -- /Applications/Xcode.app/Contents/Developer/Toolchains/XcodeDefault.xctoolchain/usr/bin/clang -x objective-c -ivfsstatcache /Users/siam/Library/Developer/Xcode/DerivedData/SDKStatCaches.noindex/iphonesimulator26.0-23A339-26257891a6c027eb51374368541b8346.sdkstatcache -fmessage-length\=0 -fdiagnostics-show-note-include-stack -fmacro-backtrace-limit\=0 -fno-color-diagnostics -fmodules-prune-interval\=86400 -fmodules-prune-after\=345600 -fbuild-session-file\=/Users/siam/Library/Developer/Xcode/DerivedData/ModuleCache.noindex/Session.modulevalidation -fmodules-validate-once-per-build-session -Wnon-modular-include-in-framework-module -Werror\=non-modular-include-in-framework-module -Wno-trigraphs -Wno-missing-field-initializers -Wno-missing-prototypes -Wno-return-type -Wno-implicit-atomic-properties -Wno-objc-interface-ivars -Wno-arc-repeated-use-of-weak -Wno-missing-braces -Wparentheses -Wswitch -Wno-unused-function -Wno-unused-label -Wno-unused-parameter -Wno-unused-variable -Wunused-value -Wno-empty-body -Wno-uninitialized -Wno-unknown-pragmas -w -Wno-shadow -Wno-four-char-constants -Wno-conversion -Wno-constant-conversion -Wno-int-conversion -Wno-bool-conversion -Wno-enum-conversion -Wno-float-conversion -Wno-non-literal-null-conversion -Wno-objc-literal-conversion -Wshorten-64-to-32 -Wpointer-sign -Wno-newline-eof -Wno-selector -Wno-strict-selector-match -Wno-undeclared-selector -Wno-deprecated-implementations -Wno-implicit-fallthrough -fstrict-aliasing -Wprotocol -Wdeprecated-declarations -Wno-sign-conversion -Wno-infinite-recursion -Wno-comma -Wno-block-capture-autoreleasing -Wno-strict-prototypes -Wno-semicolon-before-method-body -index-store-path /Users/siam/Library/Developer/Xcode/DerivedData/Lingua_Quest-gvpckrqxtbgyprbgppjfqmimmmfw/Index.noindex/DataStore @/Users/siam/Library/Developer/Xcode/DerivedData/Lingua_Quest-gvpckrqxtbgyprbgppjfqmimmmfw/Build/Intermediates.noindex/GoogleSignIn.build/Debug-iphonesimulator/GoogleSignIn.build/Objects-normal/x86_64/e6072d4f65d7061329687fe24e3d63a7-common-args.resp -include /Users/siam/Library/Developer/Xcode/DerivedData/Lingua_Quest-gvpckrqxtbgyprbgppjfqmimmmfw/Build/Intermediates.noindex/GoogleSignIn.build/Debug-iphonesimulator/GoogleSignIn.build/DerivedSources/resource_bundle_accessor.h -MMD -MT dependencies -MF /Users/siam/Library/Developer/Xcode/DerivedData/Lingua_Quest-gvpckrqxtbgyprbgppjfqmimmmfw/Build/Intermediates.noindex/GoogleSignIn.build/Debug-iphonesimulator/GoogleSignIn.build/Objects-normal/x86_64/GIDToken.d --serialize-diagnostics /Users/siam/Library/Developer/Xcode/DerivedData/Lingua_Quest-gvpckrqxtbgyprbgppjfqmimmmfw/Build/Intermediates.noindex/GoogleSignIn.build/Debug-iphonesimulator/GoogleSignIn.build/Objects-normal/x86_64/GIDToken.dia -c /Users/siam/Library/Developer/Xcode/DerivedData/Lingua_Quest-gvpckrqxtbgyprbgppjfqmimmmfw/SourcePackages/checkouts/GoogleSignIn-iOS/GoogleSignIn/Sources/GIDToken.m -o /Users/siam/Library/Developer/Xcode/DerivedData/Lingua_Quest-gvpckrqxtbgyprbgppjfqmimmmfw/Build/Intermediates.noindex/GoogleSignIn.build/Debug-iphonesimulator/GoogleSignIn.build/Objects-normal/x86_64/GIDToken.o -index-unit-output-path /GoogleSignIn.build/Debug-iphonesimulator/GoogleSignIn.build/Objects-normal/x86_64/GIDToken.o

CompileC /Users/siam/Library/Developer/Xcode/DerivedData/Lingua_Quest-gvpckrqxtbgyprbgppjfqmimmmfw/Build/Intermediates.noindex/GoogleSignIn.build/Debug-iphonesimulator/GoogleSignIn.build/Objects-normal/x86_64/resource_bundle_accessor.o /Users/siam/Library/Developer/Xcode/DerivedData/Lingua_Quest-gvpckrqxtbgyprbgppjfqmimmmfw/Build/Intermediates.noindex/GoogleSignIn.build/Debug-iphonesimulator/GoogleSignIn.build/DerivedSources/resource_bundle_accessor.m normal x86_64 objective-c com.apple.compilers.llvm.clang.1_0.compiler (in target 'GoogleSignIn' from project 'GoogleSignIn')
    cd /Users/siam/Desktop/Lingua\ Quest/Lingua\ Quest.xcodeproj
    
    Using response file: /Users/siam/Library/Developer/Xcode/DerivedData/Lingua_Quest-gvpckrqxtbgyprbgppjfqmimmmfw/Build/Intermediates.noindex/GoogleSignIn.build/Debug-iphonesimulator/GoogleSignIn.build/Objects-normal/x86_64/e6072d4f65d7061329687fe24e3d63a7-common-args.resp
    
    /Applications/Xcode.app/Contents/Developer/Toolchains/XcodeDefault.xctoolchain/usr/bin/clang -x objective-c -ivfsstatcache /Users/siam/Library/Developer/Xcode/DerivedData/SDKStatCaches.noindex/iphonesimulator26.0-23A339-26257891a6c027eb51374368541b8346.sdkstatcache -fmessage-length\=0 -fdiagnostics-show-note-include-stack -fmacro-backtrace-limit\=0 -fno-color-diagnostics -fmodules-prune-interval\=86400 -fmodules-prune-after\=345600 -fbuild-session-file\=/Users/siam/Library/Developer/Xcode/DerivedData/ModuleCache.noindex/Session.modulevalidation -fmodules-validate-once-per-build-session -Wnon-modular-include-in-framework-module -Werror\=non-modular-include-in-framework-module -Wno-trigraphs -Wno-missing-field-initializers -Wno-missing-prototypes -Wno-return-type -Wno-implicit-atomic-properties -Wno-objc-interface-ivars -Wno-arc-repeated-use-of-weak -Wno-missing-braces -Wparentheses -Wswitch -Wno-unused-function -Wno-unused-label -Wno-unused-parameter -Wno-unused-variable -Wunused-value -Wno-empty-body -Wno-uninitialized -Wno-unknown-pragmas -w -Wno-shadow -Wno-four-char-constants -Wno-conversion -Wno-constant-conversion -Wno-int-conversion -Wno-bool-conversion -Wno-enum-conversion -Wno-float-conversion -Wno-non-literal-null-conversion -Wno-objc-literal-conversion -Wshorten-64-to-32 -Wpointer-sign -Wno-newline-eof -Wno-selector -Wno-strict-selector-match -Wno-undeclared-selector -Wno-deprecated-implementations -Wno-implicit-fallthrough -fstrict-aliasing -Wprotocol -Wdeprecated-declarations -Wno-sign-conversion -Wno-infinite-recursion -Wno-comma -Wno-block-capture-autoreleasing -Wno-strict-prototypes -Wno-semicolon-before-method-body -index-store-path /Users/siam/Library/Developer/Xcode/DerivedData/Lingua_Quest-gvpckrqxtbgyprbgppjfqmimmmfw/Index.noindex/DataStore @/Users/siam/Library/Developer/Xcode/DerivedData/Lingua_Quest-gvpckrqxtbgyprbgppjfqmimmmfw/Build/Intermediates.noindex/GoogleSignIn.build/Debug-iphonesimulator/GoogleSignIn.build/Objects-normal/x86_64/e6072d4f65d7061329687fe24e3d63a7-common-args.resp -include /Users/siam/Library/Developer/Xcode/DerivedData/Lingua_Quest-gvpckrqxtbgyprbgppjfqmimmmfw/Build/Intermediates.noindex/GoogleSignIn.build/Debug-iphonesimulator/GoogleSignIn.build/DerivedSources/resource_bundle_accessor.h -MMD -MT dependencies -MF /Users/siam/Library/Developer/Xcode/DerivedData/Lingua_Quest-gvpckrqxtbgyprbgppjfqmimmmfw/Build/Intermediates.noindex/GoogleSignIn.build/Debug-iphonesimulator/GoogleSignIn.build/Objects-normal/x86_64/resource_bundle_accessor.d --serialize-diagnostics /Users/siam/Library/Developer/Xcode/DerivedData/Lingua_Quest-gvpckrqxtbgyprbgppjfqmimmmfw/Build/Intermediates.noindex/GoogleSignIn.build/Debug-iphonesimulator/GoogleSignIn.build/Objects-normal/x86_64/resource_bundle_accessor.dia -c /Users/siam/Library/Developer/Xcode/DerivedData/Lingua_Quest-gvpckrqxtbgyprbgppjfqmimmmfw/Build/Intermediates.noindex/GoogleSignIn.build/Debug-iphonesimulator/GoogleSignIn.build/DerivedSources/resource_bundle_accessor.m -o /Users/siam/Library/Developer/Xcode/DerivedData/Lingua_Quest-gvpckrqxtbgyprbgppjfqmimmmfw/Build/Intermediates.noindex/GoogleSignIn.build/Debug-iphonesimulator/GoogleSignIn.build/Objects-normal/x86_64/resource_bundle_accessor.o -index-unit-output-path /GoogleSignIn.build/Debug-iphonesimulator/GoogleSignIn.build/Objects-normal/x86_64/resource_bundle_accessor.o

CompileC /Users/siam/Library/Developer/Xcode/DerivedData/Lingua_Quest-gvpckrqxtbgyprbgppjfqmimmmfw/Build/Intermediates.noindex/GoogleSignIn.build/Debug-iphonesimulator/GoogleSignIn.build/Objects-normal/x86_64/NSBundle+GID3PAdditions.o /Users/siam/Library/Developer/Xcode/DerivedData/Lingua_Quest-gvpckrqxtbgyprbgppjfqmimmmfw/SourcePackages/checkouts/GoogleSignIn-iOS/GoogleSignIn/Sources/NSBundle+GID3PAdditions.m normal x86_64 objective-c com.apple.compilers.llvm.clang.1_0.compiler (in target 'GoogleSignIn' from project 'GoogleSignIn')
    cd /Users/siam/Desktop/Lingua\ Quest/Lingua\ Quest.xcodeproj
    
    Using response file: /Users/siam/Library/Developer/Xcode/DerivedData/Lingua_Quest-gvpckrqxtbgyprbgppjfqmimmmfw/Build/Intermediates.noindex/GoogleSignIn.build/Debug-iphonesimulator/GoogleSignIn.build/Objects-normal/x86_64/e6072d4f65d7061329687fe24e3d63a7-common-args.resp
    
    /Applications/Xcode.app/Contents/Developer/Toolchains/XcodeDefault.xctoolchain/usr/bin/clang -x objective-c -ivfsstatcache /Users/siam/Library/Developer/Xcode/DerivedData/SDKStatCaches.noindex/iphonesimulator26.0-23A339-26257891a6c027eb51374368541b8346.sdkstatcache -fmessage-length\=0 -fdiagnostics-show-note-include-stack -fmacro-backtrace-limit\=0 -fno-color-diagnostics -fmodules-prune-interval\=86400 -fmodules-prune-after\=345600 -fbuild-session-file\=/Users/siam/Library/Developer/Xcode/DerivedData/ModuleCache.noindex/Session.modulevalidation -fmodules-validate-once-per-build-session -Wnon-modular-include-in-framework-module -Werror\=non-modular-include-in-framework-module -Wno-trigraphs -Wno-missing-field-initializers -Wno-missing-prototypes -Wno-return-type -Wno-implicit-atomic-properties -Wno-objc-interface-ivars -Wno-arc-repeated-use-of-weak -Wno-missing-braces -Wparentheses -Wswitch -Wno-unused-function -Wno-unused-label -Wno-unused-parameter -Wno-unused-variable -Wunused-value -Wno-empty-body -Wno-uninitialized -Wno-unknown-pragmas -w -Wno-shadow -Wno-four-char-constants -Wno-conversion -Wno-constant-conversion -Wno-int-conversion -Wno-bool-conversion -Wno-enum-conversion -Wno-float-conversion -Wno-non-literal-null-conversion -Wno-objc-literal-conversion -Wshorten-64-to-32 -Wpointer-sign -Wno-newline-eof -Wno-selector -Wno-strict-selector-match -Wno-undeclared-selector -Wno-deprecated-implementations -Wno-implicit-fallthrough -fstrict-aliasing -Wprotocol -Wdeprecated-declarations -Wno-sign-conversion -Wno-infinite-recursion -Wno-comma -Wno-block-capture-autoreleasing -Wno-strict-prototypes -Wno-semicolon-before-method-body -index-store-path /Users/siam/Library/Developer/Xcode/DerivedData/Lingua_Quest-gvpckrqxtbgyprbgppjfqmimmmfw/Index.noindex/DataStore @/Users/siam/Library/Developer/Xcode/DerivedData/Lingua_Quest-gvpckrqxtbgyprbgppjfqmimmmfw/Build/Intermediates.noindex/GoogleSignIn.build/Debug-iphonesimulator/GoogleSignIn.build/Objects-normal/x86_64/e6072d4f65d7061329687fe24e3d63a7-common-args.resp -include /Users/siam/Library/Developer/Xcode/DerivedData/Lingua_Quest-gvpckrqxtbgyprbgppjfqmimmmfw/Build/Intermediates.noindex/GoogleSignIn.build/Debug-iphonesimulator/GoogleSignIn.build/DerivedSources/resource_bundle_accessor.h -MMD -MT dependencies -MF /Users/siam/Library/Developer/Xcode/DerivedData/Lingua_Quest-gvpckrqxtbgyprbgppjfqmimmmfw/Build/Intermediates.noindex/GoogleSignIn.build/Debug-iphonesimulator/GoogleSignIn.build/Objects-normal/x86_64/NSBundle+GID3PAdditions.d --serialize-diagnostics /Users/siam/Library/Developer/Xcode/DerivedData/Lingua_Quest-gvpckrqxtbgyprbgppjfqmimmmfw/Build/Intermediates.noindex/GoogleSignIn.build/Debug-iphonesimulator/GoogleSignIn.build/Objects-normal/x86_64/NSBundle+GID3PAdditions.dia -c /Users/siam/Library/Developer/Xcode/DerivedData/Lingua_Quest-gvpckrqxtbgyprbgppjfqmimmmfw/SourcePackages/checkouts/GoogleSignIn-iOS/GoogleSignIn/Sources/NSBundle+GID3PAdditions.m -o /Users/siam/Library/Developer/Xcode/DerivedData/Lingua_Quest-gvpckrqxtbgyprbgppjfqmimmmfw/Build/Intermediates.noindex/GoogleSignIn.build/Debug-iphonesimulator/GoogleSignIn.build/Objects-normal/x86_64/NSBundle+GID3PAdditions.o -index-unit-output-path /GoogleSignIn.build/Debug-iphonesimulator/GoogleSignIn.build/Objects-normal/x86_64/NSBundle+GID3PAdditions.o

CompileC /Users/siam/Library/Developer/Xcode/DerivedData/Lingua_Quest-gvpckrqxtbgyprbgppjfqmimmmfw/Build/Intermediates.noindex/GoogleSignIn.build/Debug-iphonesimulator/GoogleSignIn.build/Objects-normal/x86_64/GIDToken.o /Users/siam/Library/Developer/Xcode/DerivedData/Lingua_Quest-gvpckrqxtbgyprbgppjfqmimmmfw/SourcePackages/checkouts/GoogleSignIn-iOS/GoogleSignIn/Sources/GIDToken.m normal x86_64 objective-c com.apple.compilers.llvm.clang.1_0.compiler (in target 'GoogleSignIn' from project 'GoogleSignIn')
    cd /Users/siam/Desktop/Lingua\ Quest/Lingua\ Quest.xcodeproj
    
    Using response file: /Users/siam/Library/Developer/Xcode/DerivedData/Lingua_Quest-gvpckrqxtbgyprbgppjfqmimmmfw/Build/Intermediates.noindex/GoogleSignIn.build/Debug-iphonesimulator/GoogleSignIn.build/Objects-normal/x86_64/e6072d4f65d7061329687fe24e3d63a7-common-args.resp
    
    /Applications/Xcode.app/Contents/Developer/Toolchains/XcodeDefault.xctoolchain/usr/bin/clang -x objective-c -ivfsstatcache /Users/siam/Library/Developer/Xcode/DerivedData/SDKStatCaches.noindex/iphonesimulator26.0-23A339-26257891a6c027eb51374368541b8346.sdkstatcache -fmessage-length\=0 -fdiagnostics-show-note-include-stack -fmacro-backtrace-limit\=0 -fno-color-diagnostics -fmodules-prune-interval\=86400 -fmodules-prune-after\=345600 -fbuild-session-file\=/Users/siam/Library/Developer/Xcode/DerivedData/ModuleCache.noindex/Session.modulevalidation -fmodules-validate-once-per-build-session -Wnon-modular-include-in-framework-module -Werror\=non-modular-include-in-framework-module -Wno-trigraphs -Wno-missing-field-initializers -Wno-missing-prototypes -Wno-return-type -Wno-implicit-atomic-properties -Wno-objc-interface-ivars -Wno-arc-repeated-use-of-weak -Wno-missing-braces -Wparentheses -Wswitch -Wno-unused-function -Wno-unused-label -Wno-unused-parameter -Wno-unused-variable -Wunused-value -Wno-empty-body -Wno-uninitialized -Wno-unknown-pragmas -w -Wno-shadow -Wno-four-char-constants -Wno-conversion -Wno-constant-conversion -Wno-int-conversion -Wno-bool-conversion -Wno-enum-conversion -Wno-float-conversion -Wno-non-literal-null-conversion -Wno-objc-literal-conversion -Wshorten-64-to-32 -Wpointer-sign -Wno-newline-eof -Wno-selector -Wno-strict-selector-match -Wno-undeclared-selector -Wno-deprecated-implementations -Wno-implicit-fallthrough -fstrict-aliasing -Wprotocol -Wdeprecated-declarations -Wno-sign-conversion -Wno-infinite-recursion -Wno-comma -Wno-block-capture-autoreleasing -Wno-strict-prototypes -Wno-semicolon-before-method-body -index-store-path /Users/siam/Library/Developer/Xcode/DerivedData/Lingua_Quest-gvpckrqxtbgyprbgppjfqmimmmfw/Index.noindex/DataStore @/Users/siam/Library/Developer/Xcode/DerivedData/Lingua_Quest-gvpckrqxtbgyprbgppjfqmimmmfw/Build/Intermediates.noindex/GoogleSignIn.build/Debug-iphonesimulator/GoogleSignIn.build/Objects-normal/x86_64/e6072d4f65d7061329687fe24e3d63a7-common-args.resp -include /Users/siam/Library/Developer/Xcode/DerivedData/Lingua_Quest-gvpckrqxtbgyprbgppjfqmimmmfw/Build/Intermediates.noindex/GoogleSignIn.build/Debug-iphonesimulator/GoogleSignIn.build/DerivedSources/resource_bundle_accessor.h -MMD -MT dependencies -MF /Users/siam/Library/Developer/Xcode/DerivedData/Lingua_Quest-gvpckrqxtbgyprbgppjfqmimmmfw/Build/Intermediates.noindex/GoogleSignIn.build/Debug-iphonesimulator/GoogleSignIn.build/Objects-normal/x86_64/GIDToken.d --serialize-diagnostics /Users/siam/Library/Developer/Xcode/DerivedData/Lingua_Quest-gvpckrqxtbgyprbgppjfqmimmmfw/Build/Intermediates.noindex/GoogleSignIn.build/Debug-iphonesimulator/GoogleSignIn.build/Objects-normal/x86_64/GIDToken.dia -c /Users/siam/Library/Developer/Xcode/DerivedData/Lingua_Quest-gvpckrqxtbgyprbgppjfqmimmmfw/SourcePackages/checkouts/GoogleSignIn-iOS/GoogleSignIn/Sources/GIDToken.m -o /Users/siam/Library/Developer/Xcode/DerivedData/Lingua_Quest-gvpckrqxtbgyprbgppjfqmimmmfw/Build/Intermediates.noindex/GoogleSignIn.build/Debug-iphonesimulator/GoogleSignIn.build/Objects-normal/x86_64/GIDToken.o -index-unit-output-path /GoogleSignIn.build/Debug-iphonesimulator/GoogleSignIn.build/Objects-normal/x86_64/GIDToken.o

SwiftDriverJobDiscovery normal arm64 Compiling FirebaseRemoteConfigValueDecoding.swift (in target 'FirebaseSharedSwift' from project 'Firebase')

ScanDependencies /Users/siam/Library/Developer/Xcode/DerivedData/Lingua_Quest-gvpckrqxtbgyprbgppjfqmimmmfw/Build/Intermediates.noindex/GoogleSignIn.build/Debug-iphonesimulator/GoogleSignIn.build/Objects-normal/x86_64/GIDTimedLoader.o /Users/siam/Library/Developer/Xcode/DerivedData/Lingua_Quest-gvpckrqxtbgyprbgppjfqmimmmfw/SourcePackages/checkouts/GoogleSignIn-iOS/GoogleSignIn/Sources/GIDTimedLoader/GIDTimedLoader.m normal x86_64 objective-c com.apple.compilers.llvm.clang.1_0.compiler (in target 'GoogleSignIn' from project 'GoogleSignIn')
    cd /Users/siam/Desktop/Lingua\ Quest/Lingua\ Quest.xcodeproj
    
    Using response file: /Users/siam/Library/Developer/Xcode/DerivedData/Lingua_Quest-gvpckrqxtbgyprbgppjfqmimmmfw/Build/Intermediates.noindex/GoogleSignIn.build/Debug-iphonesimulator/GoogleSignIn.build/Objects-normal/x86_64/e6072d4f65d7061329687fe24e3d63a7-common-args.resp
    
    builtin-ScanDependencies -o /Users/siam/Library/Developer/Xcode/DerivedData/Lingua_Quest-gvpckrqxtbgyprbgppjfqmimmmfw/Build/Intermediates.noindex/GoogleSignIn.build/Debug-iphonesimulator/GoogleSignIn.build/Objects-normal/x86_64/GIDTimedLoader.o.scan -- /Applications/Xcode.app/Contents/Developer/Toolchains/XcodeDefault.xctoolchain/usr/bin/clang -x objective-c -ivfsstatcache /Users/siam/Library/Developer/Xcode/DerivedData/SDKStatCaches.noindex/iphonesimulator26.0-23A339-26257891a6c027eb51374368541b8346.sdkstatcache -fmessage-length\=0 -fdiagnostics-show-note-include-stack -fmacro-backtrace-limit\=0 -fno-color-diagnostics -fmodules-prune-interval\=86400 -fmodules-prune-after\=345600 -fbuild-session-file\=/Users/siam/Library/Developer/Xcode/DerivedData/ModuleCache.noindex/Session.modulevalidation -fmodules-validate-once-per-build-session -Wnon-modular-include-in-framework-module -Werror\=non-modular-include-in-framework-module -Wno-trigraphs -Wno-missing-field-initializers -Wno-missing-prototypes -Wno-return-type -Wno-implicit-atomic-properties -Wno-objc-interface-ivars -Wno-arc-repeated-use-of-weak -Wno-missing-braces -Wparentheses -Wswitch -Wno-unused-function -Wno-unused-label -Wno-unused-parameter -Wno-unused-variable -Wunused-value -Wno-empty-body -Wno-uninitialized -Wno-unknown-pragmas -w -Wno-shadow -Wno-four-char-constants -Wno-conversion -Wno-constant-conversion -Wno-int-conversion -Wno-bool-conversion -Wno-enum-conversion -Wno-float-conversion -Wno-non-literal-null-conversion -Wno-objc-literal-conversion -Wshorten-64-to-32 -Wpointer-sign -Wno-newline-eof -Wno-selector -Wno-strict-selector-match -Wno-undeclared-selector -Wno-deprecated-implementations -Wno-implicit-fallthrough -fstrict-aliasing -Wprotocol -Wdeprecated-declarations -Wno-sign-conversion -Wno-infinite-recursion -Wno-comma -Wno-block-capture-autoreleasing -Wno-strict-prototypes -Wno-semicolon-before-method-body -index-store-path /Users/siam/Library/Developer/Xcode/DerivedData/Lingua_Quest-gvpckrqxtbgyprbgppjfqmimmmfw/Index.noindex/DataStore @/Users/siam/Library/Developer/Xcode/DerivedData/Lingua_Quest-gvpckrqxtbgyprbgppjfqmimmmfw/Build/Intermediates.noindex/GoogleSignIn.build/Debug-iphonesimulator/GoogleSignIn.build/Objects-normal/x86_64/e6072d4f65d7061329687fe24e3d63a7-common-args.resp -include /Users/siam/Library/Developer/Xcode/DerivedData/Lingua_Quest-gvpckrqxtbgyprbgppjfqmimmmfw/Build/Intermediates.noindex/GoogleSignIn.build/Debug-iphonesimulator/GoogleSignIn.build/DerivedSources/resource_bundle_accessor.h -MMD -MT dependencies -MF /Users/siam/Library/Developer/Xcode/DerivedData/Lingua_Quest-gvpckrqxtbgyprbgppjfqmimmmfw/Build/Intermediates.noindex/GoogleSignIn.build/Debug-iphonesimulator/GoogleSignIn.build/Objects-normal/x86_64/GIDTimedLoader.d --serialize-diagnostics /Users/siam/Library/Developer/Xcode/DerivedData/Lingua_Quest-gvpckrqxtbgyprbgppjfqmimmmfw/Build/Intermediates.noindex/GoogleSignIn.build/Debug-iphonesimulator/GoogleSignIn.build/Objects-normal/x86_64/GIDTimedLoader.dia -c /Users/siam/Library/Developer/Xcode/DerivedData/Lingua_Quest-gvpckrqxtbgyprbgppjfqmimmmfw/SourcePackages/checkouts/GoogleSignIn-iOS/GoogleSignIn/Sources/GIDTimedLoader/GIDTimedLoader.m -o /Users/siam/Library/Developer/Xcode/DerivedData/Lingua_Quest-gvpckrqxtbgyprbgppjfqmimmmfw/Build/Intermediates.noindex/GoogleSignIn.build/Debug-iphonesimulator/GoogleSignIn.build/Objects-normal/x86_64/GIDTimedLoader.o -index-unit-output-path /GoogleSignIn.build/Debug-iphonesimulator/GoogleSignIn.build/Objects-normal/x86_64/GIDTimedLoader.o

ScanDependencies /Users/siam/Library/Developer/Xcode/DerivedData/Lingua_Quest-gvpckrqxtbgyprbgppjfqmimmmfw/Build/Intermediates.noindex/GoogleSignIn.build/Debug-iphonesimulator/GoogleSignIn.build/Objects-normal/x86_64/GIDSignInStrings.o /Users/siam/Library/Developer/Xcode/DerivedData/Lingua_Quest-gvpckrqxtbgyprbgppjfqmimmmfw/SourcePackages/checkouts/GoogleSignIn-iOS/GoogleSignIn/Sources/GIDSignInStrings.m normal x86_64 objective-c com.apple.compilers.llvm.clang.1_0.compiler (in target 'GoogleSignIn' from project 'GoogleSignIn')
    cd /Users/siam/Desktop/Lingua\ Quest/Lingua\ Quest.xcodeproj
    
    Using response file: /Users/siam/Library/Developer/Xcode/DerivedData/Lingua_Quest-gvpckrqxtbgyprbgppjfqmimmmfw/Build/Intermediates.noindex/GoogleSignIn.build/Debug-iphonesimulator/GoogleSignIn.build/Objects-normal/x86_64/e6072d4f65d7061329687fe24e3d63a7-common-args.resp
    
    builtin-ScanDependencies -o /Users/siam/Library/Developer/Xcode/DerivedData/Lingua_Quest-gvpckrqxtbgyprbgppjfqmimmmfw/Build/Intermediates.noindex/GoogleSignIn.build/Debug-iphonesimulator/GoogleSignIn.build/Objects-normal/x86_64/GIDSignInStrings.o.scan -- /Applications/Xcode.app/Contents/Developer/Toolchains/XcodeDefault.xctoolchain/usr/bin/clang -x objective-c -ivfsstatcache /Users/siam/Library/Developer/Xcode/DerivedData/SDKStatCaches.noindex/iphonesimulator26.0-23A339-26257891a6c027eb51374368541b8346.sdkstatcache -fmessage-length\=0 -fdiagnostics-show-note-include-stack -fmacro-backtrace-limit\=0 -fno-color-diagnostics -fmodules-prune-interval\=86400 -fmodules-prune-after\=345600 -fbuild-session-file\=/Users/siam/Library/Developer/Xcode/DerivedData/ModuleCache.noindex/Session.modulevalidation -fmodules-validate-once-per-build-session -Wnon-modular-include-in-framework-module -Werror\=non-modular-include-in-framework-module -Wno-trigraphs -Wno-missing-field-initializers -Wno-missing-prototypes -Wno-return-type -Wno-implicit-atomic-properties -Wno-objc-interface-ivars -Wno-arc-repeated-use-of-weak -Wno-missing-braces -Wparentheses -Wswitch -Wno-unused-function -Wno-unused-label -Wno-unused-parameter -Wno-unused-variable -Wunused-value -Wno-empty-body -Wno-uninitialized -Wno-unknown-pragmas -w -Wno-shadow -Wno-four-char-constants -Wno-conversion -Wno-constant-conversion -Wno-int-conversion -Wno-bool-conversion -Wno-enum-conversion -Wno-float-conversion -Wno-non-literal-null-conversion -Wno-objc-literal-conversion -Wshorten-64-to-32 -Wpointer-sign -Wno-newline-eof -Wno-selector -Wno-strict-selector-match -Wno-undeclared-selector -Wno-deprecated-implementations -Wno-implicit-fallthrough -fstrict-aliasing -Wprotocol -Wdeprecated-declarations -Wno-sign-conversion -Wno-infinite-recursion -Wno-comma -Wno-block-capture-autoreleasing -Wno-strict-prototypes -Wno-semicolon-before-method-body -index-store-path /Users/siam/Library/Developer/Xcode/DerivedData/Lingua_Quest-gvpckrqxtbgyprbgppjfqmimmmfw/Index.noindex/DataStore @/Users/siam/Library/Developer/Xcode/DerivedData/Lingua_Quest-gvpckrqxtbgyprbgppjfqmimmmfw/Build/Intermediates.noindex/GoogleSignIn.build/Debug-iphonesimulator/GoogleSignIn.build/Objects-normal/x86_64/e6072d4f65d7061329687fe24e3d63a7-common-args.resp -include /Users/siam/Library/Developer/Xcode/DerivedData/Lingua_Quest-gvpckrqxtbgyprbgppjfqmimmmfw/Build/Intermediates.noindex/GoogleSignIn.build/Debug-iphonesimulator/GoogleSignIn.build/DerivedSources/resource_bundle_accessor.h -MMD -MT dependencies -MF /Users/siam/Library/Developer/Xcode/DerivedData/Lingua_Quest-gvpckrqxtbgyprbgppjfqmimmmfw/Build/Intermediates.noindex/GoogleSignIn.build/Debug-iphonesimulator/GoogleSignIn.build/Objects-normal/x86_64/GIDSignInStrings.d --serialize-diagnostics /Users/siam/Library/Developer/Xcode/DerivedData/Lingua_Quest-gvpckrqxtbgyprbgppjfqmimmmfw/Build/Intermediates.noindex/GoogleSignIn.build/Debug-iphonesimulator/GoogleSignIn.build/Objects-normal/x86_64/GIDSignInStrings.dia -c /Users/siam/Library/Developer/Xcode/DerivedData/Lingua_Quest-gvpckrqxtbgyprbgppjfqmimmmfw/SourcePackages/checkouts/GoogleSignIn-iOS/GoogleSignIn/Sources/GIDSignInStrings.m -o /Users/siam/Library/Developer/Xcode/DerivedData/Lingua_Quest-gvpckrqxtbgyprbgppjfqmimmmfw/Build/Intermediates.noindex/GoogleSignIn.build/Debug-iphonesimulator/GoogleSignIn.build/Objects-normal/x86_64/GIDSignInStrings.o -index-unit-output-path /GoogleSignIn.build/Debug-iphonesimulator/GoogleSignIn.build/Objects-normal/x86_64/GIDSignInStrings.o

SwiftDriverJobDiscovery normal arm64 Compiling AuthSessionStore.swift (in target 'GTMAppAuth' from project 'GTMAppAuth')

ScanDependencies /Users/siam/Library/Developer/Xcode/DerivedData/Lingua_Quest-gvpckrqxtbgyprbgppjfqmimmmfw/Build/Intermediates.noindex/GoogleSignIn.build/Debug-iphonesimulator/GoogleSignIn.build/Objects-normal/x86_64/GIDSignInResult.o /Users/siam/Library/Developer/Xcode/DerivedData/Lingua_Quest-gvpckrqxtbgyprbgppjfqmimmmfw/SourcePackages/checkouts/GoogleSignIn-iOS/GoogleSignIn/Sources/GIDSignInResult.m normal x86_64 objective-c com.apple.compilers.llvm.clang.1_0.compiler (in target 'GoogleSignIn' from project 'GoogleSignIn')
    cd /Users/siam/Desktop/Lingua\ Quest/Lingua\ Quest.xcodeproj
    
    Using response file: /Users/siam/Library/Developer/Xcode/DerivedData/Lingua_Quest-gvpckrqxtbgyprbgppjfqmimmmfw/Build/Intermediates.noindex/GoogleSignIn.build/Debug-iphonesimulator/GoogleSignIn.build/Objects-normal/x86_64/e6072d4f65d7061329687fe24e3d63a7-common-args.resp
    
    builtin-ScanDependencies -o /Users/siam/Library/Developer/Xcode/DerivedData/Lingua_Quest-gvpckrqxtbgyprbgppjfqmimmmfw/Build/Intermediates.noindex/GoogleSignIn.build/Debug-iphonesimulator/GoogleSignIn.build/Objects-normal/x86_64/GIDSignInResult.o.scan -- /Applications/Xcode.app/Contents/Developer/Toolchains/XcodeDefault.xctoolchain/usr/bin/clang -x objective-c -ivfsstatcache /Users/siam/Library/Developer/Xcode/DerivedData/SDKStatCaches.noindex/iphonesimulator26.0-23A339-26257891a6c027eb51374368541b8346.sdkstatcache -fmessage-length\=0 -fdiagnostics-show-note-include-stack -fmacro-backtrace-limit\=0 -fno-color-diagnostics -fmodules-prune-interval\=86400 -fmodules-prune-after\=345600 -fbuild-session-file\=/Users/siam/Library/Developer/Xcode/DerivedData/ModuleCache.noindex/Session.modulevalidation -fmodules-validate-once-per-build-session -Wnon-modular-include-in-framework-module -Werror\=non-modular-include-in-framework-module -Wno-trigraphs -Wno-missing-field-initializers -Wno-missing-prototypes -Wno-return-type -Wno-implicit-atomic-properties -Wno-objc-interface-ivars -Wno-arc-repeated-use-of-weak -Wno-missing-braces -Wparentheses -Wswitch -Wno-unused-function -Wno-unused-label -Wno-unused-parameter -Wno-unused-variable -Wunused-value -Wno-empty-body -Wno-uninitialized -Wno-unknown-pragmas -w -Wno-shadow -Wno-four-char-constants -Wno-conversion -Wno-constant-conversion -Wno-int-conversion -Wno-bool-conversion -Wno-enum-conversion -Wno-float-conversion -Wno-non-literal-null-conversion -Wno-objc-literal-conversion -Wshorten-64-to-32 -Wpointer-sign -Wno-newline-eof -Wno-selector -Wno-strict-selector-match -Wno-undeclared-selector -Wno-deprecated-implementations -Wno-implicit-fallthrough -fstrict-aliasing -Wprotocol -Wdeprecated-declarations -Wno-sign-conversion -Wno-infinite-recursion -Wno-comma -Wno-block-capture-autoreleasing -Wno-strict-prototypes -Wno-semicolon-before-method-body -index-store-path /Users/siam/Library/Developer/Xcode/DerivedData/Lingua_Quest-gvpckrqxtbgyprbgppjfqmimmmfw/Index.noindex/DataStore @/Users/siam/Library/Developer/Xcode/DerivedData/Lingua_Quest-gvpckrqxtbgyprbgppjfqmimmmfw/Build/Intermediates.noindex/GoogleSignIn.build/Debug-iphonesimulator/GoogleSignIn.build/Objects-normal/x86_64/e6072d4f65d7061329687fe24e3d63a7-common-args.resp -include /Users/siam/Library/Developer/Xcode/DerivedData/Lingua_Quest-gvpckrqxtbgyprbgppjfqmimmmfw/Build/Intermediates.noindex/GoogleSignIn.build/Debug-iphonesimulator/GoogleSignIn.build/DerivedSources/resource_bundle_accessor.h -MMD -MT dependencies -MF /Users/siam/Library/Developer/Xcode/DerivedData/Lingua_Quest-gvpckrqxtbgyprbgppjfqmimmmfw/Build/Intermediates.noindex/GoogleSignIn.build/Debug-iphonesimulator/GoogleSignIn.build/Objects-normal/x86_64/GIDSignInResult.d --serialize-diagnostics /Users/siam/Library/Developer/Xcode/DerivedData/Lingua_Quest-gvpckrqxtbgyprbgppjfqmimmmfw/Build/Intermediates.noindex/GoogleSignIn.build/Debug-iphonesimulator/GoogleSignIn.build/Objects-normal/x86_64/GIDSignInResult.dia -c /Users/siam/Library/Developer/Xcode/DerivedData/Lingua_Quest-gvpckrqxtbgyprbgppjfqmimmmfw/SourcePackages/checkouts/GoogleSignIn-iOS/GoogleSignIn/Sources/GIDSignInResult.m -o /Users/siam/Library/Developer/Xcode/DerivedData/Lingua_Quest-gvpckrqxtbgyprbgppjfqmimmmfw/Build/Intermediates.noindex/GoogleSignIn.build/Debug-iphonesimulator/GoogleSignIn.build/Objects-normal/x86_64/GIDSignInResult.o -index-unit-output-path /GoogleSignIn.build/Debug-iphonesimulator/GoogleSignIn.build/Objects-normal/x86_64/GIDSignInResult.o

SwiftDriverJobDiscovery normal arm64 Compiling GTMOAuth2Compatibility.swift (in target 'GTMAppAuth' from project 'GTMAppAuth')

ScanDependencies /Users/siam/Library/Developer/Xcode/DerivedData/Lingua_Quest-gvpckrqxtbgyprbgppjfqmimmmfw/Build/Intermediates.noindex/GoogleSignIn.build/Debug-iphonesimulator/GoogleSignIn.build/Objects-normal/x86_64/GIDSignInPreferences.o /Users/siam/Library/Developer/Xcode/DerivedData/Lingua_Quest-gvpckrqxtbgyprbgppjfqmimmmfw/SourcePackages/checkouts/GoogleSignIn-iOS/GoogleSignIn/Sources/GIDSignInPreferences.m normal x86_64 objective-c com.apple.compilers.llvm.clang.1_0.compiler (in target 'GoogleSignIn' from project 'GoogleSignIn')
    cd /Users/siam/Desktop/Lingua\ Quest/Lingua\ Quest.xcodeproj
    
    Using response file: /Users/siam/Library/Developer/Xcode/DerivedData/Lingua_Quest-gvpckrqxtbgyprbgppjfqmimmmfw/Build/Intermediates.noindex/GoogleSignIn.build/Debug-iphonesimulator/GoogleSignIn.build/Objects-normal/x86_64/e6072d4f65d7061329687fe24e3d63a7-common-args.resp
    
    builtin-ScanDependencies -o /Users/siam/Library/Developer/Xcode/DerivedData/Lingua_Quest-gvpckrqxtbgyprbgppjfqmimmmfw/Build/Intermediates.noindex/GoogleSignIn.build/Debug-iphonesimulator/GoogleSignIn.build/Objects-normal/x86_64/GIDSignInPreferences.o.scan -- /Applications/Xcode.app/Contents/Developer/Toolchains/XcodeDefault.xctoolchain/usr/bin/clang -x objective-c -ivfsstatcache /Users/siam/Library/Developer/Xcode/DerivedData/SDKStatCaches.noindex/iphonesimulator26.0-23A339-26257891a6c027eb51374368541b8346.sdkstatcache -fmessage-length\=0 -fdiagnostics-show-note-include-stack -fmacro-backtrace-limit\=0 -fno-color-diagnostics -fmodules-prune-interval\=86400 -fmodules-prune-after\=345600 -fbuild-session-file\=/Users/siam/Library/Developer/Xcode/DerivedData/ModuleCache.noindex/Session.modulevalidation -fmodules-validate-once-per-build-session -Wnon-modular-include-in-framework-module -Werror\=non-modular-include-in-framework-module -Wno-trigraphs -Wno-missing-field-initializers -Wno-missing-prototypes -Wno-return-type -Wno-implicit-atomic-properties -Wno-objc-interface-ivars -Wno-arc-repeated-use-of-weak -Wno-missing-braces -Wparentheses -Wswitch -Wno-unused-function -Wno-unused-label -Wno-unused-parameter -Wno-unused-variable -Wunused-value -Wno-empty-body -Wno-uninitialized -Wno-unknown-pragmas -w -Wno-shadow -Wno-four-char-constants -Wno-conversion -Wno-constant-conversion -Wno-int-conversion -Wno-bool-conversion -Wno-enum-conversion -Wno-float-conversion -Wno-non-literal-null-conversion -Wno-objc-literal-conversion -Wshorten-64-to-32 -Wpointer-sign -Wno-newline-eof -Wno-selector -Wno-strict-selector-match -Wno-undeclared-selector -Wno-deprecated-implementations -Wno-implicit-fallthrough -fstrict-aliasing -Wprotocol -Wdeprecated-declarations -Wno-sign-conversion -Wno-infinite-recursion -Wno-comma -Wno-block-capture-autoreleasing -Wno-strict-prototypes -Wno-semicolon-before-method-body -index-store-path /Users/siam/Library/Developer/Xcode/DerivedData/Lingua_Quest-gvpckrqxtbgyprbgppjfqmimmmfw/Index.noindex/DataStore @/Users/siam/Library/Developer/Xcode/DerivedData/Lingua_Quest-gvpckrqxtbgyprbgppjfqmimmmfw/Build/Intermediates.noindex/GoogleSignIn.build/Debug-iphonesimulator/GoogleSignIn.build/Objects-normal/x86_64/e6072d4f65d7061329687fe24e3d63a7-common-args.resp -include /Users/siam/Library/Developer/Xcode/DerivedData/Lingua_Quest-gvpckrqxtbgyprbgppjfqmimmmfw/Build/Intermediates.noindex/GoogleSignIn.build/Debug-iphonesimulator/GoogleSignIn.build/DerivedSources/resource_bundle_accessor.h -MMD -MT dependencies -MF /Users/siam/Library/Developer/Xcode/DerivedData/Lingua_Quest-gvpckrqxtbgyprbgppjfqmimmmfw/Build/Intermediates.noindex/GoogleSignIn.build/Debug-iphonesimulator/GoogleSignIn.build/Objects-normal/x86_64/GIDSignInPreferences.d --serialize-diagnostics /Users/siam/Library/Developer/Xcode/DerivedData/Lingua_Quest-gvpckrqxtbgyprbgppjfqmimmmfw/Build/Intermediates.noindex/GoogleSignIn.build/Debug-iphonesimulator/GoogleSignIn.build/Objects-normal/x86_64/GIDSignInPreferences.dia -c /Users/siam/Library/Developer/Xcode/DerivedData/Lingua_Quest-gvpckrqxtbgyprbgppjfqmimmmfw/SourcePackages/checkouts/GoogleSignIn-iOS/GoogleSignIn/Sources/GIDSignInPreferences.m -o /Users/siam/Library/Developer/Xcode/DerivedData/Lingua_Quest-gvpckrqxtbgyprbgppjfqmimmmfw/Build/Intermediates.noindex/GoogleSignIn.build/Debug-iphonesimulator/GoogleSignIn.build/Objects-normal/x86_64/GIDSignInPreferences.o -index-unit-output-path /GoogleSignIn.build/Debug-iphonesimulator/GoogleSignIn.build/Objects-normal/x86_64/GIDSignInPreferences.o

CompileC /Users/siam/Library/Developer/Xcode/DerivedData/Lingua_Quest-gvpckrqxtbgyprbgppjfqmimmmfw/Build/Intermediates.noindex/GoogleSignIn.build/Debug-iphonesimulator/GoogleSignIn.build/Objects-normal/x86_64/GIDSignInStrings.o /Users/siam/Library/Developer/Xcode/DerivedData/Lingua_Quest-gvpckrqxtbgyprbgppjfqmimmmfw/SourcePackages/checkouts/GoogleSignIn-iOS/GoogleSignIn/Sources/GIDSignInStrings.m normal x86_64 objective-c com.apple.compilers.llvm.clang.1_0.compiler (in target 'GoogleSignIn' from project 'GoogleSignIn')
    cd /Users/siam/Desktop/Lingua\ Quest/Lingua\ Quest.xcodeproj
    
    Using response file: /Users/siam/Library/Developer/Xcode/DerivedData/Lingua_Quest-gvpckrqxtbgyprbgppjfqmimmmfw/Build/Intermediates.noindex/GoogleSignIn.build/Debug-iphonesimulator/GoogleSignIn.build/Objects-normal/x86_64/e6072d4f65d7061329687fe24e3d63a7-common-args.resp
    
    /Applications/Xcode.app/Contents/Developer/Toolchains/XcodeDefault.xctoolchain/usr/bin/clang -x objective-c -ivfsstatcache /Users/siam/Library/Developer/Xcode/DerivedData/SDKStatCaches.noindex/iphonesimulator26.0-23A339-26257891a6c027eb51374368541b8346.sdkstatcache -fmessage-length\=0 -fdiagnostics-show-note-include-stack -fmacro-backtrace-limit\=0 -fno-color-diagnostics -fmodules-prune-interval\=86400 -fmodules-prune-after\=345600 -fbuild-session-file\=/Users/siam/Library/Developer/Xcode/DerivedData/ModuleCache.noindex/Session.modulevalidation -fmodules-validate-once-per-build-session -Wnon-modular-include-in-framework-module -Werror\=non-modular-include-in-framework-module -Wno-trigraphs -Wno-missing-field-initializers -Wno-missing-prototypes -Wno-return-type -Wno-implicit-atomic-properties -Wno-objc-interface-ivars -Wno-arc-repeated-use-of-weak -Wno-missing-braces -Wparentheses -Wswitch -Wno-unused-function -Wno-unused-label -Wno-unused-parameter -Wno-unused-variable -Wunused-value -Wno-empty-body -Wno-uninitialized -Wno-unknown-pragmas -w -Wno-shadow -Wno-four-char-constants -Wno-conversion -Wno-constant-conversion -Wno-int-conversion -Wno-bool-conversion -Wno-enum-conversion -Wno-float-conversion -Wno-non-literal-null-conversion -Wno-objc-literal-conversion -Wshorten-64-to-32 -Wpointer-sign -Wno-newline-eof -Wno-selector -Wno-strict-selector-match -Wno-undeclared-selector -Wno-deprecated-implementations -Wno-implicit-fallthrough -fstrict-aliasing -Wprotocol -Wdeprecated-declarations -Wno-sign-conversion -Wno-infinite-recursion -Wno-comma -Wno-block-capture-autoreleasing -Wno-strict-prototypes -Wno-semicolon-before-method-body -index-store-path /Users/siam/Library/Developer/Xcode/DerivedData/Lingua_Quest-gvpckrqxtbgyprbgppjfqmimmmfw/Index.noindex/DataStore @/Users/siam/Library/Developer/Xcode/DerivedData/Lingua_Quest-gvpckrqxtbgyprbgppjfqmimmmfw/Build/Intermediates.noindex/GoogleSignIn.build/Debug-iphonesimulator/GoogleSignIn.build/Objects-normal/x86_64/e6072d4f65d7061329687fe24e3d63a7-common-args.resp -include /Users/siam/Library/Developer/Xcode/DerivedData/Lingua_Quest-gvpckrqxtbgyprbgppjfqmimmmfw/Build/Intermediates.noindex/GoogleSignIn.build/Debug-iphonesimulator/GoogleSignIn.build/DerivedSources/resource_bundle_accessor.h -MMD -MT dependencies -MF /Users/siam/Library/Developer/Xcode/DerivedData/Lingua_Quest-gvpckrqxtbgyprbgppjfqmimmmfw/Build/Intermediates.noindex/GoogleSignIn.build/Debug-iphonesimulator/GoogleSignIn.build/Objects-normal/x86_64/GIDSignInStrings.d --serialize-diagnostics /Users/siam/Library/Developer/Xcode/DerivedData/Lingua_Quest-gvpckrqxtbgyprbgppjfqmimmmfw/Build/Intermediates.noindex/GoogleSignIn.build/Debug-iphonesimulator/GoogleSignIn.build/Objects-normal/x86_64/GIDSignInStrings.dia -c /Users/siam/Library/Developer/Xcode/DerivedData/Lingua_Quest-gvpckrqxtbgyprbgppjfqmimmmfw/SourcePackages/checkouts/GoogleSignIn-iOS/GoogleSignIn/Sources/GIDSignInStrings.m -o /Users/siam/Library/Developer/Xcode/DerivedData/Lingua_Quest-gvpckrqxtbgyprbgppjfqmimmmfw/Build/Intermediates.noindex/GoogleSignIn.build/Debug-iphonesimulator/GoogleSignIn.build/Objects-normal/x86_64/GIDSignInStrings.o -index-unit-output-path /GoogleSignIn.build/Debug-iphonesimulator/GoogleSignIn.build/Objects-normal/x86_64/GIDSignInStrings.o

ScanDependencies /Users/siam/Library/Developer/Xcode/DerivedData/Lingua_Quest-gvpckrqxtbgyprbgppjfqmimmmfw/Build/Intermediates.noindex/GoogleSignIn.build/Debug-iphonesimulator/GoogleSignIn.build/Objects-normal/x86_64/GIDSignInInternalOptions.o /Users/siam/Library/Developer/Xcode/DerivedData/Lingua_Quest-gvpckrqxtbgyprbgppjfqmimmmfw/SourcePackages/checkouts/GoogleSignIn-iOS/GoogleSignIn/Sources/GIDSignInInternalOptions.m normal x86_64 objective-c com.apple.compilers.llvm.clang.1_0.compiler (in target 'GoogleSignIn' from project 'GoogleSignIn')
    cd /Users/siam/Desktop/Lingua\ Quest/Lingua\ Quest.xcodeproj
    
    Using response file: /Users/siam/Library/Developer/Xcode/DerivedData/Lingua_Quest-gvpckrqxtbgyprbgppjfqmimmmfw/Build/Intermediates.noindex/GoogleSignIn.build/Debug-iphonesimulator/GoogleSignIn.build/Objects-normal/x86_64/e6072d4f65d7061329687fe24e3d63a7-common-args.resp
    
    builtin-ScanDependencies -o /Users/siam/Library/Developer/Xcode/DerivedData/Lingua_Quest-gvpckrqxtbgyprbgppjfqmimmmfw/Build/Intermediates.noindex/GoogleSignIn.build/Debug-iphonesimulator/GoogleSignIn.build/Objects-normal/x86_64/GIDSignInInternalOptions.o.scan -- /Applications/Xcode.app/Contents/Developer/Toolchains/XcodeDefault.xctoolchain/usr/bin/clang -x objective-c -ivfsstatcache /Users/siam/Library/Developer/Xcode/DerivedData/SDKStatCaches.noindex/iphonesimulator26.0-23A339-26257891a6c027eb51374368541b8346.sdkstatcache -fmessage-length\=0 -fdiagnostics-show-note-include-stack -fmacro-backtrace-limit\=0 -fno-color-diagnostics -fmodules-prune-interval\=86400 -fmodules-prune-after\=345600 -fbuild-session-file\=/Users/siam/Library/Developer/Xcode/DerivedData/ModuleCache.noindex/Session.modulevalidation -fmodules-validate-once-per-build-session -Wnon-modular-include-in-framework-module -Werror\=non-modular-include-in-framework-module -Wno-trigraphs -Wno-missing-field-initializers -Wno-missing-prototypes -Wno-return-type -Wno-implicit-atomic-properties -Wno-objc-interface-ivars -Wno-arc-repeated-use-of-weak -Wno-missing-braces -Wparentheses -Wswitch -Wno-unused-function -Wno-unused-label -Wno-unused-parameter -Wno-unused-variable -Wunused-value -Wno-empty-body -Wno-uninitialized -Wno-unknown-pragmas -w -Wno-shadow -Wno-four-char-constants -Wno-conversion -Wno-constant-conversion -Wno-int-conversion -Wno-bool-conversion -Wno-enum-conversion -Wno-float-conversion -Wno-non-literal-null-conversion -Wno-objc-literal-conversion -Wshorten-64-to-32 -Wpointer-sign -Wno-newline-eof -Wno-selector -Wno-strict-selector-match -Wno-undeclared-selector -Wno-deprecated-implementations -Wno-implicit-fallthrough -fstrict-aliasing -Wprotocol -Wdeprecated-declarations -Wno-sign-conversion -Wno-infinite-recursion -Wno-comma -Wno-block-capture-autoreleasing -Wno-strict-prototypes -Wno-semicolon-before-method-body -index-store-path /Users/siam/Library/Developer/Xcode/DerivedData/Lingua_Quest-gvpckrqxtbgyprbgppjfqmimmmfw/Index.noindex/DataStore @/Users/siam/Library/Developer/Xcode/DerivedData/Lingua_Quest-gvpckrqxtbgyprbgppjfqmimmmfw/Build/Intermediates.noindex/GoogleSignIn.build/Debug-iphonesimulator/GoogleSignIn.build/Objects-normal/x86_64/e6072d4f65d7061329687fe24e3d63a7-common-args.resp -include /Users/siam/Library/Developer/Xcode/DerivedData/Lingua_Quest-gvpckrqxtbgyprbgppjfqmimmmfw/Build/Intermediates.noindex/GoogleSignIn.build/Debug-iphonesimulator/GoogleSignIn.build/DerivedSources/resource_bundle_accessor.h -MMD -MT dependencies -MF /Users/siam/Library/Developer/Xcode/DerivedData/Lingua_Quest-gvpckrqxtbgyprbgppjfqmimmmfw/Build/Intermediates.noindex/GoogleSignIn.build/Debug-iphonesimulator/GoogleSignIn.build/Objects-normal/x86_64/GIDSignInInternalOptions.d --serialize-diagnostics /Users/siam/Library/Developer/Xcode/DerivedData/Lingua_Quest-gvpckrqxtbgyprbgppjfqmimmmfw/Build/Intermediates.noindex/GoogleSignIn.build/Debug-iphonesimulator/GoogleSignIn.build/Objects-normal/x86_64/GIDSignInInternalOptions.dia -c /Users/siam/Library/Developer/Xcode/DerivedData/Lingua_Quest-gvpckrqxtbgyprbgppjfqmimmmfw/SourcePackages/checkouts/GoogleSignIn-iOS/GoogleSignIn/Sources/GIDSignInInternalOptions.m -o /Users/siam/Library/Developer/Xcode/DerivedData/Lingua_Quest-gvpckrqxtbgyprbgppjfqmimmmfw/Build/Intermediates.noindex/GoogleSignIn.build/Debug-iphonesimulator/GoogleSignIn.build/Objects-normal/x86_64/GIDSignInInternalOptions.o -index-unit-output-path /GoogleSignIn.build/Debug-iphonesimulator/GoogleSignIn.build/Objects-normal/x86_64/GIDSignInInternalOptions.o

CompileC /Users/siam/Library/Developer/Xcode/DerivedData/Lingua_Quest-gvpckrqxtbgyprbgppjfqmimmmfw/Build/Intermediates.noindex/GoogleSignIn.build/Debug-iphonesimulator/GoogleSignIn.build/Objects-normal/x86_64/GIDTimedLoader.o /Users/siam/Library/Developer/Xcode/DerivedData/Lingua_Quest-gvpckrqxtbgyprbgppjfqmimmmfw/SourcePackages/checkouts/GoogleSignIn-iOS/GoogleSignIn/Sources/GIDTimedLoader/GIDTimedLoader.m normal x86_64 objective-c com.apple.compilers.llvm.clang.1_0.compiler (in target 'GoogleSignIn' from project 'GoogleSignIn')
    cd /Users/siam/Desktop/Lingua\ Quest/Lingua\ Quest.xcodeproj
    
    Using response file: /Users/siam/Library/Developer/Xcode/DerivedData/Lingua_Quest-gvpckrqxtbgyprbgppjfqmimmmfw/Build/Intermediates.noindex/GoogleSignIn.build/Debug-iphonesimulator/GoogleSignIn.build/Objects-normal/x86_64/e6072d4f65d7061329687fe24e3d63a7-common-args.resp
    
    /Applications/Xcode.app/Contents/Developer/Toolchains/XcodeDefault.xctoolchain/usr/bin/clang -x objective-c -ivfsstatcache /Users/siam/Library/Developer/Xcode/DerivedData/SDKStatCaches.noindex/iphonesimulator26.0-23A339-26257891a6c027eb51374368541b8346.sdkstatcache -fmessage-length\=0 -fdiagnostics-show-note-include-stack -fmacro-backtrace-limit\=0 -fno-color-diagnostics -fmodules-prune-interval\=86400 -fmodules-prune-after\=345600 -fbuild-session-file\=/Users/siam/Library/Developer/Xcode/DerivedData/ModuleCache.noindex/Session.modulevalidation -fmodules-validate-once-per-build-session -Wnon-modular-include-in-framework-module -Werror\=non-modular-include-in-framework-module -Wno-trigraphs -Wno-missing-field-initializers -Wno-missing-prototypes -Wno-return-type -Wno-implicit-atomic-properties -Wno-objc-interface-ivars -Wno-arc-repeated-use-of-weak -Wno-missing-braces -Wparentheses -Wswitch -Wno-unused-function -Wno-unused-label -Wno-unused-parameter -Wno-unused-variable -Wunused-value -Wno-empty-body -Wno-uninitialized -Wno-unknown-pragmas -w -Wno-shadow -Wno-four-char-constants -Wno-conversion -Wno-constant-conversion -Wno-int-conversion -Wno-bool-conversion -Wno-enum-conversion -Wno-float-conversion -Wno-non-literal-null-conversion -Wno-objc-literal-conversion -Wshorten-64-to-32 -Wpointer-sign -Wno-newline-eof -Wno-selector -Wno-strict-selector-match -Wno-undeclared-selector -Wno-deprecated-implementations -Wno-implicit-fallthrough -fstrict-aliasing -Wprotocol -Wdeprecated-declarations -Wno-sign-conversion -Wno-infinite-recursion -Wno-comma -Wno-block-capture-autoreleasing -Wno-strict-prototypes -Wno-semicolon-before-method-body -index-store-path /Users/siam/Library/Developer/Xcode/DerivedData/Lingua_Quest-gvpckrqxtbgyprbgppjfqmimmmfw/Index.noindex/DataStore @/Users/siam/Library/Developer/Xcode/DerivedData/Lingua_Quest-gvpckrqxtbgyprbgppjfqmimmmfw/Build/Intermediates.noindex/GoogleSignIn.build/Debug-iphonesimulator/GoogleSignIn.build/Objects-normal/x86_64/e6072d4f65d7061329687fe24e3d63a7-common-args.resp -include /Users/siam/Library/Developer/Xcode/DerivedData/Lingua_Quest-gvpckrqxtbgyprbgppjfqmimmmfw/Build/Intermediates.noindex/GoogleSignIn.build/Debug-iphonesimulator/GoogleSignIn.build/DerivedSources/resource_bundle_accessor.h -MMD -MT dependencies -MF /Users/siam/Library/Developer/Xcode/DerivedData/Lingua_Quest-gvpckrqxtbgyprbgppjfqmimmmfw/Build/Intermediates.noindex/GoogleSignIn.build/Debug-iphonesimulator/GoogleSignIn.build/Objects-normal/x86_64/GIDTimedLoader.d --serialize-diagnostics /Users/siam/Library/Developer/Xcode/DerivedData/Lingua_Quest-gvpckrqxtbgyprbgppjfqmimmmfw/Build/Intermediates.noindex/GoogleSignIn.build/Debug-iphonesimulator/GoogleSignIn.build/Objects-normal/x86_64/GIDTimedLoader.dia -c /Users/siam/Library/Developer/Xcode/DerivedData/Lingua_Quest-gvpckrqxtbgyprbgppjfqmimmmfw/SourcePackages/checkouts/GoogleSignIn-iOS/GoogleSignIn/Sources/GIDTimedLoader/GIDTimedLoader.m -o /Users/siam/Library/Developer/Xcode/DerivedData/Lingua_Quest-gvpckrqxtbgyprbgppjfqmimmmfw/Build/Intermediates.noindex/GoogleSignIn.build/Debug-iphonesimulator/GoogleSignIn.build/Objects-normal/x86_64/GIDTimedLoader.o -index-unit-output-path /GoogleSignIn.build/Debug-iphonesimulator/GoogleSignIn.build/Objects-normal/x86_64/GIDTimedLoader.o

SwiftDriverJobDiscovery normal x86_64 Compiling resource_bundle_accessor.swift (in target 'GTMAppAuth' from project 'GTMAppAuth')

ScanDependencies /Users/siam/Library/Developer/Xcode/DerivedData/Lingua_Quest-gvpckrqxtbgyprbgppjfqmimmmfw/Build/Intermediates.noindex/GoogleSignIn.build/Debug-iphonesimulator/GoogleSignIn.build/Objects-normal/x86_64/GIDSignInCallbackSchemes.o /Users/siam/Library/Developer/Xcode/DerivedData/Lingua_Quest-gvpckrqxtbgyprbgppjfqmimmmfw/SourcePackages/checkouts/GoogleSignIn-iOS/GoogleSignIn/Sources/GIDSignInCallbackSchemes.m normal x86_64 objective-c com.apple.compilers.llvm.clang.1_0.compiler (in target 'GoogleSignIn' from project 'GoogleSignIn')
    cd /Users/siam/Desktop/Lingua\ Quest/Lingua\ Quest.xcodeproj
    
    Using response file: /Users/siam/Library/Developer/Xcode/DerivedData/Lingua_Quest-gvpckrqxtbgyprbgppjfqmimmmfw/Build/Intermediates.noindex/GoogleSignIn.build/Debug-iphonesimulator/GoogleSignIn.build/Objects-normal/x86_64/e6072d4f65d7061329687fe24e3d63a7-common-args.resp
    
    builtin-ScanDependencies -o /Users/siam/Library/Developer/Xcode/DerivedData/Lingua_Quest-gvpckrqxtbgyprbgppjfqmimmmfw/Build/Intermediates.noindex/GoogleSignIn.build/Debug-iphonesimulator/GoogleSignIn.build/Objects-normal/x86_64/GIDSignInCallbackSchemes.o.scan -- /Applications/Xcode.app/Contents/Developer/Toolchains/XcodeDefault.xctoolchain/usr/bin/clang -x objective-c -ivfsstatcache /Users/siam/Library/Developer/Xcode/DerivedData/SDKStatCaches.noindex/iphonesimulator26.0-23A339-26257891a6c027eb51374368541b8346.sdkstatcache -fmessage-length\=0 -fdiagnostics-show-note-include-stack -fmacro-backtrace-limit\=0 -fno-color-diagnostics -fmodules-prune-interval\=86400 -fmodules-prune-after\=345600 -fbuild-session-file\=/Users/siam/Library/Developer/Xcode/DerivedData/ModuleCache.noindex/Session.modulevalidation -fmodules-validate-once-per-build-session -Wnon-modular-include-in-framework-module -Werror\=non-modular-include-in-framework-module -Wno-trigraphs -Wno-missing-field-initializers -Wno-missing-prototypes -Wno-return-type -Wno-implicit-atomic-properties -Wno-objc-interface-ivars -Wno-arc-repeated-use-of-weak -Wno-missing-braces -Wparentheses -Wswitch -Wno-unused-function -Wno-unused-label -Wno-unused-parameter -Wno-unused-variable -Wunused-value -Wno-empty-body -Wno-uninitialized -Wno-unknown-pragmas -w -Wno-shadow -Wno-four-char-constants -Wno-conversion -Wno-constant-conversion -Wno-int-conversion -Wno-bool-conversion -Wno-enum-conversion -Wno-float-conversion -Wno-non-literal-null-conversion -Wno-objc-literal-conversion -Wshorten-64-to-32 -Wpointer-sign -Wno-newline-eof -Wno-selector -Wno-strict-selector-match -Wno-undeclared-selector -Wno-deprecated-implementations -Wno-implicit-fallthrough -fstrict-aliasing -Wprotocol -Wdeprecated-declarations -Wno-sign-conversion -Wno-infinite-recursion -Wno-comma -Wno-block-capture-autoreleasing -Wno-strict-prototypes -Wno-semicolon-before-method-body -index-store-path /Users/siam/Library/Developer/Xcode/DerivedData/Lingua_Quest-gvpckrqxtbgyprbgppjfqmimmmfw/Index.noindex/DataStore @/Users/siam/Library/Developer/Xcode/DerivedData/Lingua_Quest-gvpckrqxtbgyprbgppjfqmimmmfw/Build/Intermediates.noindex/GoogleSignIn.build/Debug-iphonesimulator/GoogleSignIn.build/Objects-normal/x86_64/e6072d4f65d7061329687fe24e3d63a7-common-args.resp -include /Users/siam/Library/Developer/Xcode/DerivedData/Lingua_Quest-gvpckrqxtbgyprbgppjfqmimmmfw/Build/Intermediates.noindex/GoogleSignIn.build/Debug-iphonesimulator/GoogleSignIn.build/DerivedSources/resource_bundle_accessor.h -MMD -MT dependencies -MF /Users/siam/Library/Developer/Xcode/DerivedData/Lingua_Quest-gvpckrqxtbgyprbgppjfqmimmmfw/Build/Intermediates.noindex/GoogleSignIn.build/Debug-iphonesimulator/GoogleSignIn.build/Objects-normal/x86_64/GIDSignInCallbackSchemes.d --serialize-diagnostics /Users/siam/Library/Developer/Xcode/DerivedData/Lingua_Quest-gvpckrqxtbgyprbgppjfqmimmmfw/Build/Intermediates.noindex/GoogleSignIn.build/Debug-iphonesimulator/GoogleSignIn.build/Objects-normal/x86_64/GIDSignInCallbackSchemes.dia -c /Users/siam/Library/Developer/Xcode/DerivedData/Lingua_Quest-gvpckrqxtbgyprbgppjfqmimmmfw/SourcePackages/checkouts/GoogleSignIn-iOS/GoogleSignIn/Sources/GIDSignInCallbackSchemes.m -o /Users/siam/Library/Developer/Xcode/DerivedData/Lingua_Quest-gvpckrqxtbgyprbgppjfqmimmmfw/Build/Intermediates.noindex/GoogleSignIn.build/Debug-iphonesimulator/GoogleSignIn.build/Objects-normal/x86_64/GIDSignInCallbackSchemes.o -index-unit-output-path /GoogleSignIn.build/Debug-iphonesimulator/GoogleSignIn.build/Objects-normal/x86_64/GIDSignInCallbackSchemes.o

ScanDependencies /Users/siam/Library/Developer/Xcode/DerivedData/Lingua_Quest-gvpckrqxtbgyprbgppjfqmimmmfw/Build/Intermediates.noindex/GoogleSignIn.build/Debug-iphonesimulator/GoogleSignIn.build/Objects-normal/x86_64/GIDSignInButton.o /Users/siam/Library/Developer/Xcode/DerivedData/Lingua_Quest-gvpckrqxtbgyprbgppjfqmimmmfw/SourcePackages/checkouts/GoogleSignIn-iOS/GoogleSignIn/Sources/GIDSignInButton.m normal x86_64 objective-c com.apple.compilers.llvm.clang.1_0.compiler (in target 'GoogleSignIn' from project 'GoogleSignIn')
    cd /Users/siam/Desktop/Lingua\ Quest/Lingua\ Quest.xcodeproj
    
    Using response file: /Users/siam/Library/Developer/Xcode/DerivedData/Lingua_Quest-gvpckrqxtbgyprbgppjfqmimmmfw/Build/Intermediates.noindex/GoogleSignIn.build/Debug-iphonesimulator/GoogleSignIn.build/Objects-normal/x86_64/e6072d4f65d7061329687fe24e3d63a7-common-args.resp
    
    builtin-ScanDependencies -o /Users/siam/Library/Developer/Xcode/DerivedData/Lingua_Quest-gvpckrqxtbgyprbgppjfqmimmmfw/Build/Intermediates.noindex/GoogleSignIn.build/Debug-iphonesimulator/GoogleSignIn.build/Objects-normal/x86_64/GIDSignInButton.o.scan -- /Applications/Xcode.app/Contents/Developer/Toolchains/XcodeDefault.xctoolchain/usr/bin/clang -x objective-c -ivfsstatcache /Users/siam/Library/Developer/Xcode/DerivedData/SDKStatCaches.noindex/iphonesimulator26.0-23A339-26257891a6c027eb51374368541b8346.sdkstatcache -fmessage-length\=0 -fdiagnostics-show-note-include-stack -fmacro-backtrace-limit\=0 -fno-color-diagnostics -fmodules-prune-interval\=86400 -fmodules-prune-after\=345600 -fbuild-session-file\=/Users/siam/Library/Developer/Xcode/DerivedData/ModuleCache.noindex/Session.modulevalidation -fmodules-validate-once-per-build-session -Wnon-modular-include-in-framework-module -Werror\=non-modular-include-in-framework-module -Wno-trigraphs -Wno-missing-field-initializers -Wno-missing-prototypes -Wno-return-type -Wno-implicit-atomic-properties -Wno-objc-interface-ivars -Wno-arc-repeated-use-of-weak -Wno-missing-braces -Wparentheses -Wswitch -Wno-unused-function -Wno-unused-label -Wno-unused-parameter -Wno-unused-variable -Wunused-value -Wno-empty-body -Wno-uninitialized -Wno-unknown-pragmas -w -Wno-shadow -Wno-four-char-constants -Wno-conversion -Wno-constant-conversion -Wno-int-conversion -Wno-bool-conversion -Wno-enum-conversion -Wno-float-conversion -Wno-non-literal-null-conversion -Wno-objc-literal-conversion -Wshorten-64-to-32 -Wpointer-sign -Wno-newline-eof -Wno-selector -Wno-strict-selector-match -Wno-undeclared-selector -Wno-deprecated-implementations -Wno-implicit-fallthrough -fstrict-aliasing -Wprotocol -Wdeprecated-declarations -Wno-sign-conversion -Wno-infinite-recursion -Wno-comma -Wno-block-capture-autoreleasing -Wno-strict-prototypes -Wno-semicolon-before-method-body -index-store-path /Users/siam/Library/Developer/Xcode/DerivedData/Lingua_Quest-gvpckrqxtbgyprbgppjfqmimmmfw/Index.noindex/DataStore @/Users/siam/Library/Developer/Xcode/DerivedData/Lingua_Quest-gvpckrqxtbgyprbgppjfqmimmmfw/Build/Intermediates.noindex/GoogleSignIn.build/Debug-iphonesimulator/GoogleSignIn.build/Objects-normal/x86_64/e6072d4f65d7061329687fe24e3d63a7-common-args.resp -include /Users/siam/Library/Developer/Xcode/DerivedData/Lingua_Quest-gvpckrqxtbgyprbgppjfqmimmmfw/Build/Intermediates.noindex/GoogleSignIn.build/Debug-iphonesimulator/GoogleSignIn.build/DerivedSources/resource_bundle_accessor.h -MMD -MT dependencies -MF /Users/siam/Library/Developer/Xcode/DerivedData/Lingua_Quest-gvpckrqxtbgyprbgppjfqmimmmfw/Build/Intermediates.noindex/GoogleSignIn.build/Debug-iphonesimulator/GoogleSignIn.build/Objects-normal/x86_64/GIDSignInButton.d --serialize-diagnostics /Users/siam/Library/Developer/Xcode/DerivedData/Lingua_Quest-gvpckrqxtbgyprbgppjfqmimmmfw/Build/Intermediates.noindex/GoogleSignIn.build/Debug-iphonesimulator/GoogleSignIn.build/Objects-normal/x86_64/GIDSignInButton.dia -c /Users/siam/Library/Developer/Xcode/DerivedData/Lingua_Quest-gvpckrqxtbgyprbgppjfqmimmmfw/SourcePackages/checkouts/GoogleSignIn-iOS/GoogleSignIn/Sources/GIDSignInButton.m -o /Users/siam/Library/Developer/Xcode/DerivedData/Lingua_Quest-gvpckrqxtbgyprbgppjfqmimmmfw/Build/Intermediates.noindex/GoogleSignIn.build/Debug-iphonesimulator/GoogleSignIn.build/Objects-normal/x86_64/GIDSignInButton.o -index-unit-output-path /GoogleSignIn.build/Debug-iphonesimulator/GoogleSignIn.build/Objects-normal/x86_64/GIDSignInButton.o

CompileC /Users/siam/Library/Developer/Xcode/DerivedData/Lingua_Quest-gvpckrqxtbgyprbgppjfqmimmmfw/Build/Intermediates.noindex/GoogleSignIn.build/Debug-iphonesimulator/GoogleSignIn.build/Objects-normal/x86_64/GIDSignInPreferences.o /Users/siam/Library/Developer/Xcode/DerivedData/Lingua_Quest-gvpckrqxtbgyprbgppjfqmimmmfw/SourcePackages/checkouts/GoogleSignIn-iOS/GoogleSignIn/Sources/GIDSignInPreferences.m normal x86_64 objective-c com.apple.compilers.llvm.clang.1_0.compiler (in target 'GoogleSignIn' from project 'GoogleSignIn')
    cd /Users/siam/Desktop/Lingua\ Quest/Lingua\ Quest.xcodeproj
    
    Using response file: /Users/siam/Library/Developer/Xcode/DerivedData/Lingua_Quest-gvpckrqxtbgyprbgppjfqmimmmfw/Build/Intermediates.noindex/GoogleSignIn.build/Debug-iphonesimulator/GoogleSignIn.build/Objects-normal/x86_64/e6072d4f65d7061329687fe24e3d63a7-common-args.resp
    
    /Applications/Xcode.app/Contents/Developer/Toolchains/XcodeDefault.xctoolchain/usr/bin/clang -x objective-c -ivfsstatcache /Users/siam/Library/Developer/Xcode/DerivedData/SDKStatCaches.noindex/iphonesimulator26.0-23A339-26257891a6c027eb51374368541b8346.sdkstatcache -fmessage-length\=0 -fdiagnostics-show-note-include-stack -fmacro-backtrace-limit\=0 -fno-color-diagnostics -fmodules-prune-interval\=86400 -fmodules-prune-after\=345600 -fbuild-session-file\=/Users/siam/Library/Developer/Xcode/DerivedData/ModuleCache.noindex/Session.modulevalidation -fmodules-validate-once-per-build-session -Wnon-modular-include-in-framework-module -Werror\=non-modular-include-in-framework-module -Wno-trigraphs -Wno-missing-field-initializers -Wno-missing-prototypes -Wno-return-type -Wno-implicit-atomic-properties -Wno-objc-interface-ivars -Wno-arc-repeated-use-of-weak -Wno-missing-braces -Wparentheses -Wswitch -Wno-unused-function -Wno-unused-label -Wno-unused-parameter -Wno-unused-variable -Wunused-value -Wno-empty-body -Wno-uninitialized -Wno-unknown-pragmas -w -Wno-shadow -Wno-four-char-constants -Wno-conversion -Wno-constant-conversion -Wno-int-conversion -Wno-bool-conversion -Wno-enum-conversion -Wno-float-conversion -Wno-non-literal-null-conversion -Wno-objc-literal-conversion -Wshorten-64-to-32 -Wpointer-sign -Wno-newline-eof -Wno-selector -Wno-strict-selector-match -Wno-undeclared-selector -Wno-deprecated-implementations -Wno-implicit-fallthrough -fstrict-aliasing -Wprotocol -Wdeprecated-declarations -Wno-sign-conversion -Wno-infinite-recursion -Wno-comma -Wno-block-capture-autoreleasing -Wno-strict-prototypes -Wno-semicolon-before-method-body -index-store-path /Users/siam/Library/Developer/Xcode/DerivedData/Lingua_Quest-gvpckrqxtbgyprbgppjfqmimmmfw/Index.noindex/DataStore @/Users/siam/Library/Developer/Xcode/DerivedData/Lingua_Quest-gvpckrqxtbgyprbgppjfqmimmmfw/Build/Intermediates.noindex/GoogleSignIn.build/Debug-iphonesimulator/GoogleSignIn.build/Objects-normal/x86_64/e6072d4f65d7061329687fe24e3d63a7-common-args.resp -include /Users/siam/Library/Developer/Xcode/DerivedData/Lingua_Quest-gvpckrqxtbgyprbgppjfqmimmmfw/Build/Intermediates.noindex/GoogleSignIn.build/Debug-iphonesimulator/GoogleSignIn.build/DerivedSources/resource_bundle_accessor.h -MMD -MT dependencies -MF /Users/siam/Library/Developer/Xcode/DerivedData/Lingua_Quest-gvpckrqxtbgyprbgppjfqmimmmfw/Build/Intermediates.noindex/GoogleSignIn.build/Debug-iphonesimulator/GoogleSignIn.build/Objects-normal/x86_64/GIDSignInPreferences.d --serialize-diagnostics /Users/siam/Library/Developer/Xcode/DerivedData/Lingua_Quest-gvpckrqxtbgyprbgppjfqmimmmfw/Build/Intermediates.noindex/GoogleSignIn.build/Debug-iphonesimulator/GoogleSignIn.build/Objects-normal/x86_64/GIDSignInPreferences.dia -c /Users/siam/Library/Developer/Xcode/DerivedData/Lingua_Quest-gvpckrqxtbgyprbgppjfqmimmmfw/SourcePackages/checkouts/GoogleSignIn-iOS/GoogleSignIn/Sources/GIDSignInPreferences.m -o /Users/siam/Library/Developer/Xcode/DerivedData/Lingua_Quest-gvpckrqxtbgyprbgppjfqmimmmfw/Build/Intermediates.noindex/GoogleSignIn.build/Debug-iphonesimulator/GoogleSignIn.build/Objects-normal/x86_64/GIDSignInPreferences.o -index-unit-output-path /GoogleSignIn.build/Debug-iphonesimulator/GoogleSignIn.build/Objects-normal/x86_64/GIDSignInPreferences.o

ScanDependencies /Users/siam/Library/Developer/Xcode/DerivedData/Lingua_Quest-gvpckrqxtbgyprbgppjfqmimmmfw/Build/Intermediates.noindex/GoogleSignIn.build/Debug-iphonesimulator/GoogleSignIn.build/Objects-normal/x86_64/GIDSignIn.o /Users/siam/Library/Developer/Xcode/DerivedData/Lingua_Quest-gvpckrqxtbgyprbgppjfqmimmmfw/SourcePackages/checkouts/GoogleSignIn-iOS/GoogleSignIn/Sources/GIDSignIn.m normal x86_64 objective-c com.apple.compilers.llvm.clang.1_0.compiler (in target 'GoogleSignIn' from project 'GoogleSignIn')
    cd /Users/siam/Desktop/Lingua\ Quest/Lingua\ Quest.xcodeproj
    
    Using response file: /Users/siam/Library/Developer/Xcode/DerivedData/Lingua_Quest-gvpckrqxtbgyprbgppjfqmimmmfw/Build/Intermediates.noindex/GoogleSignIn.build/Debug-iphonesimulator/GoogleSignIn.build/Objects-normal/x86_64/e6072d4f65d7061329687fe24e3d63a7-common-args.resp
    
    builtin-ScanDependencies -o /Users/siam/Library/Developer/Xcode/DerivedData/Lingua_Quest-gvpckrqxtbgyprbgppjfqmimmmfw/Build/Intermediates.noindex/GoogleSignIn.build/Debug-iphonesimulator/GoogleSignIn.build/Objects-normal/x86_64/GIDSignIn.o.scan -- /Applications/Xcode.app/Contents/Developer/Toolchains/XcodeDefault.xctoolchain/usr/bin/clang -x objective-c -ivfsstatcache /Users/siam/Library/Developer/Xcode/DerivedData/SDKStatCaches.noindex/iphonesimulator26.0-23A339-26257891a6c027eb51374368541b8346.sdkstatcache -fmessage-length\=0 -fdiagnostics-show-note-include-stack -fmacro-backtrace-limit\=0 -fno-color-diagnostics -fmodules-prune-interval\=86400 -fmodules-prune-after\=345600 -fbuild-session-file\=/Users/siam/Library/Developer/Xcode/DerivedData/ModuleCache.noindex/Session.modulevalidation -fmodules-validate-once-per-build-session -Wnon-modular-include-in-framework-module -Werror\=non-modular-include-in-framework-module -Wno-trigraphs -Wno-missing-field-initializers -Wno-missing-prototypes -Wno-return-type -Wno-implicit-atomic-properties -Wno-objc-interface-ivars -Wno-arc-repeated-use-of-weak -Wno-missing-braces -Wparentheses -Wswitch -Wno-unused-function -Wno-unused-label -Wno-unused-parameter -Wno-unused-variable -Wunused-value -Wno-empty-body -Wno-uninitialized -Wno-unknown-pragmas -w -Wno-shadow -Wno-four-char-constants -Wno-conversion -Wno-constant-conversion -Wno-int-conversion -Wno-bool-conversion -Wno-enum-conversion -Wno-float-conversion -Wno-non-literal-null-conversion -Wno-objc-literal-conversion -Wshorten-64-to-32 -Wpointer-sign -Wno-newline-eof -Wno-selector -Wno-strict-selector-match -Wno-undeclared-selector -Wno-deprecated-implementations -Wno-implicit-fallthrough -fstrict-aliasing -Wprotocol -Wdeprecated-declarations -Wno-sign-conversion -Wno-infinite-recursion -Wno-comma -Wno-block-capture-autoreleasing -Wno-strict-prototypes -Wno-semicolon-before-method-body -index-store-path /Users/siam/Library/Developer/Xcode/DerivedData/Lingua_Quest-gvpckrqxtbgyprbgppjfqmimmmfw/Index.noindex/DataStore @/Users/siam/Library/Developer/Xcode/DerivedData/Lingua_Quest-gvpckrqxtbgyprbgppjfqmimmmfw/Build/Intermediates.noindex/GoogleSignIn.build/Debug-iphonesimulator/GoogleSignIn.build/Objects-normal/x86_64/e6072d4f65d7061329687fe24e3d63a7-common-args.resp -include /Users/siam/Library/Developer/Xcode/DerivedData/Lingua_Quest-gvpckrqxtbgyprbgppjfqmimmmfw/Build/Intermediates.noindex/GoogleSignIn.build/Debug-iphonesimulator/GoogleSignIn.build/DerivedSources/resource_bundle_accessor.h -MMD -MT dependencies -MF /Users/siam/Library/Developer/Xcode/DerivedData/Lingua_Quest-gvpckrqxtbgyprbgppjfqmimmmfw/Build/Intermediates.noindex/GoogleSignIn.build/Debug-iphonesimulator/GoogleSignIn.build/Objects-normal/x86_64/GIDSignIn.d --serialize-diagnostics /Users/siam/Library/Developer/Xcode/DerivedData/Lingua_Quest-gvpckrqxtbgyprbgppjfqmimmmfw/Build/Intermediates.noindex/GoogleSignIn.build/Debug-iphonesimulator/GoogleSignIn.build/Objects-normal/x86_64/GIDSignIn.dia -c /Users/siam/Library/Developer/Xcode/DerivedData/Lingua_Quest-gvpckrqxtbgyprbgppjfqmimmmfw/SourcePackages/checkouts/GoogleSignIn-iOS/GoogleSignIn/Sources/GIDSignIn.m -o /Users/siam/Library/Developer/Xcode/DerivedData/Lingua_Quest-gvpckrqxtbgyprbgppjfqmimmmfw/Build/Intermediates.noindex/GoogleSignIn.build/Debug-iphonesimulator/GoogleSignIn.build/Objects-normal/x86_64/GIDSignIn.o -index-unit-output-path /GoogleSignIn.build/Debug-iphonesimulator/GoogleSignIn.build/Objects-normal/x86_64/GIDSignIn.o

PrecompileModule /Users/siam/Library/Developer/Xcode/DerivedData/Lingua_Quest-gvpckrqxtbgyprbgppjfqmimmmfw/Build/Intermediates.noindex/ExplicitPrecompiledModules/GTMSessionFetcherCore-E314EOS4RHE49IENFJZLLBRYR.scan
    cd /
    builtin-precompileModule /Users/siam/Library/Developer/Xcode/DerivedData/Lingua_Quest-gvpckrqxtbgyprbgppjfqmimmmfw/Build/Intermediates.noindex/ExplicitPrecompiledModules/GTMSessionFetcherCore-E314EOS4RHE49IENFJZLLBRYR.scan

SwiftDriverJobDiscovery normal arm64 Compiling AuthSession.swift (in target 'GTMAppAuth' from project 'GTMAppAuth')

ScanDependencies /Users/siam/Library/Developer/Xcode/DerivedData/Lingua_Quest-gvpckrqxtbgyprbgppjfqmimmmfw/Build/Intermediates.noindex/GoogleSignIn.build/Debug-iphonesimulator/GoogleSignIn.build/Objects-normal/x86_64/GIDScopes.o /Users/siam/Library/Developer/Xcode/DerivedData/Lingua_Quest-gvpckrqxtbgyprbgppjfqmimmmfw/SourcePackages/checkouts/GoogleSignIn-iOS/GoogleSignIn/Sources/GIDScopes.m normal x86_64 objective-c com.apple.compilers.llvm.clang.1_0.compiler (in target 'GoogleSignIn' from project 'GoogleSignIn')
    cd /Users/siam/Desktop/Lingua\ Quest/Lingua\ Quest.xcodeproj
    
    Using response file: /Users/siam/Library/Developer/Xcode/DerivedData/Lingua_Quest-gvpckrqxtbgyprbgppjfqmimmmfw/Build/Intermediates.noindex/GoogleSignIn.build/Debug-iphonesimulator/GoogleSignIn.build/Objects-normal/x86_64/e6072d4f65d7061329687fe24e3d63a7-common-args.resp
    
    builtin-ScanDependencies -o /Users/siam/Library/Developer/Xcode/DerivedData/Lingua_Quest-gvpckrqxtbgyprbgppjfqmimmmfw/Build/Intermediates.noindex/GoogleSignIn.build/Debug-iphonesimulator/GoogleSignIn.build/Objects-normal/x86_64/GIDScopes.o.scan -- /Applications/Xcode.app/Contents/Developer/Toolchains/XcodeDefault.xctoolchain/usr/bin/clang -x objective-c -ivfsstatcache /Users/siam/Library/Developer/Xcode/DerivedData/SDKStatCaches.noindex/iphonesimulator26.0-23A339-26257891a6c027eb51374368541b8346.sdkstatcache -fmessage-length\=0 -fdiagnostics-show-note-include-stack -fmacro-backtrace-limit\=0 -fno-color-diagnostics -fmodules-prune-interval\=86400 -fmodules-prune-after\=345600 -fbuild-session-file\=/Users/siam/Library/Developer/Xcode/DerivedData/ModuleCache.noindex/Session.modulevalidation -fmodules-validate-once-per-build-session -Wnon-modular-include-in-framework-module -Werror\=non-modular-include-in-framework-module -Wno-trigraphs -Wno-missing-field-initializers -Wno-missing-prototypes -Wno-return-type -Wno-implicit-atomic-properties -Wno-objc-interface-ivars -Wno-arc-repeated-use-of-weak -Wno-missing-braces -Wparentheses -Wswitch -Wno-unused-function -Wno-unused-label -Wno-unused-parameter -Wno-unused-variable -Wunused-value -Wno-empty-body -Wno-uninitialized -Wno-unknown-pragmas -w -Wno-shadow -Wno-four-char-constants -Wno-conversion -Wno-constant-conversion -Wno-int-conversion -Wno-bool-conversion -Wno-enum-conversion -Wno-float-conversion -Wno-non-literal-null-conversion -Wno-objc-literal-conversion -Wshorten-64-to-32 -Wpointer-sign -Wno-newline-eof -Wno-selector -Wno-strict-selector-match -Wno-undeclared-selector -Wno-deprecated-implementations -Wno-implicit-fallthrough -fstrict-aliasing -Wprotocol -Wdeprecated-declarations -Wno-sign-conversion -Wno-infinite-recursion -Wno-comma -Wno-block-capture-autoreleasing -Wno-strict-prototypes -Wno-semicolon-before-method-body -index-store-path /Users/siam/Library/Developer/Xcode/DerivedData/Lingua_Quest-gvpckrqxtbgyprbgppjfqmimmmfw/Index.noindex/DataStore @/Users/siam/Library/Developer/Xcode/DerivedData/Lingua_Quest-gvpckrqxtbgyprbgppjfqmimmmfw/Build/Intermediates.noindex/GoogleSignIn.build/Debug-iphonesimulator/GoogleSignIn.build/Objects-normal/x86_64/e6072d4f65d7061329687fe24e3d63a7-common-args.resp -include /Users/siam/Library/Developer/Xcode/DerivedData/Lingua_Quest-gvpckrqxtbgyprbgppjfqmimmmfw/Build/Intermediates.noindex/GoogleSignIn.build/Debug-iphonesimulator/GoogleSignIn.build/DerivedSources/resource_bundle_accessor.h -MMD -MT dependencies -MF /Users/siam/Library/Developer/Xcode/DerivedData/Lingua_Quest-gvpckrqxtbgyprbgppjfqmimmmfw/Build/Intermediates.noindex/GoogleSignIn.build/Debug-iphonesimulator/GoogleSignIn.build/Objects-normal/x86_64/GIDScopes.d --serialize-diagnostics /Users/siam/Library/Developer/Xcode/DerivedData/Lingua_Quest-gvpckrqxtbgyprbgppjfqmimmmfw/Build/Intermediates.noindex/GoogleSignIn.build/Debug-iphonesimulator/GoogleSignIn.build/Objects-normal/x86_64/GIDScopes.dia -c /Users/siam/Library/Developer/Xcode/DerivedData/Lingua_Quest-gvpckrqxtbgyprbgppjfqmimmmfw/SourcePackages/checkouts/GoogleSignIn-iOS/GoogleSignIn/Sources/GIDScopes.m -o /Users/siam/Library/Developer/Xcode/DerivedData/Lingua_Quest-gvpckrqxtbgyprbgppjfqmimmmfw/Build/Intermediates.noindex/GoogleSignIn.build/Debug-iphonesimulator/GoogleSignIn.build/Objects-normal/x86_64/GIDScopes.o -index-unit-output-path /GoogleSignIn.build/Debug-iphonesimulator/GoogleSignIn.build/Objects-normal/x86_64/GIDScopes.o

CompileC /Users/siam/Library/Developer/Xcode/DerivedData/Lingua_Quest-gvpckrqxtbgyprbgppjfqmimmmfw/Build/Intermediates.noindex/GoogleSignIn.build/Debug-iphonesimulator/GoogleSignIn.build/Objects-normal/x86_64/GIDSignInCallbackSchemes.o /Users/siam/Library/Developer/Xcode/DerivedData/Lingua_Quest-gvpckrqxtbgyprbgppjfqmimmmfw/SourcePackages/checkouts/GoogleSignIn-iOS/GoogleSignIn/Sources/GIDSignInCallbackSchemes.m normal x86_64 objective-c com.apple.compilers.llvm.clang.1_0.compiler (in target 'GoogleSignIn' from project 'GoogleSignIn')
    cd /Users/siam/Desktop/Lingua\ Quest/Lingua\ Quest.xcodeproj
    
    Using response file: /Users/siam/Library/Developer/Xcode/DerivedData/Lingua_Quest-gvpckrqxtbgyprbgppjfqmimmmfw/Build/Intermediates.noindex/GoogleSignIn.build/Debug-iphonesimulator/GoogleSignIn.build/Objects-normal/x86_64/e6072d4f65d7061329687fe24e3d63a7-common-args.resp
    
    /Applications/Xcode.app/Contents/Developer/Toolchains/XcodeDefault.xctoolchain/usr/bin/clang -x objective-c -ivfsstatcache /Users/siam/Library/Developer/Xcode/DerivedData/SDKStatCaches.noindex/iphonesimulator26.0-23A339-26257891a6c027eb51374368541b8346.sdkstatcache -fmessage-length\=0 -fdiagnostics-show-note-include-stack -fmacro-backtrace-limit\=0 -fno-color-diagnostics -fmodules-prune-interval\=86400 -fmodules-prune-after\=345600 -fbuild-session-file\=/Users/siam/Library/Developer/Xcode/DerivedData/ModuleCache.noindex/Session.modulevalidation -fmodules-validate-once-per-build-session -Wnon-modular-include-in-framework-module -Werror\=non-modular-include-in-framework-module -Wno-trigraphs -Wno-missing-field-initializers -Wno-missing-prototypes -Wno-return-type -Wno-implicit-atomic-properties -Wno-objc-interface-ivars -Wno-arc-repeated-use-of-weak -Wno-missing-braces -Wparentheses -Wswitch -Wno-unused-function -Wno-unused-label -Wno-unused-parameter -Wno-unused-variable -Wunused-value -Wno-empty-body -Wno-uninitialized -Wno-unknown-pragmas -w -Wno-shadow -Wno-four-char-constants -Wno-conversion -Wno-constant-conversion -Wno-int-conversion -Wno-bool-conversion -Wno-enum-conversion -Wno-float-conversion -Wno-non-literal-null-conversion -Wno-objc-literal-conversion -Wshorten-64-to-32 -Wpointer-sign -Wno-newline-eof -Wno-selector -Wno-strict-selector-match -Wno-undeclared-selector -Wno-deprecated-implementations -Wno-implicit-fallthrough -fstrict-aliasing -Wprotocol -Wdeprecated-declarations -Wno-sign-conversion -Wno-infinite-recursion -Wno-comma -Wno-block-capture-autoreleasing -Wno-strict-prototypes -Wno-semicolon-before-method-body -index-store-path /Users/siam/Library/Developer/Xcode/DerivedData/Lingua_Quest-gvpckrqxtbgyprbgppjfqmimmmfw/Index.noindex/DataStore @/Users/siam/Library/Developer/Xcode/DerivedData/Lingua_Quest-gvpckrqxtbgyprbgppjfqmimmmfw/Build/Intermediates.noindex/GoogleSignIn.build/Debug-iphonesimulator/GoogleSignIn.build/Objects-normal/x86_64/e6072d4f65d7061329687fe24e3d63a7-common-args.resp -include /Users/siam/Library/Developer/Xcode/DerivedData/Lingua_Quest-gvpckrqxtbgyprbgppjfqmimmmfw/Build/Intermediates.noindex/GoogleSignIn.build/Debug-iphonesimulator/GoogleSignIn.build/DerivedSources/resource_bundle_accessor.h -MMD -MT dependencies -MF /Users/siam/Library/Developer/Xcode/DerivedData/Lingua_Quest-gvpckrqxtbgyprbgppjfqmimmmfw/Build/Intermediates.noindex/GoogleSignIn.build/Debug-iphonesimulator/GoogleSignIn.build/Objects-normal/x86_64/GIDSignInCallbackSchemes.d --serialize-diagnostics /Users/siam/Library/Developer/Xcode/DerivedData/Lingua_Quest-gvpckrqxtbgyprbgppjfqmimmmfw/Build/Intermediates.noindex/GoogleSignIn.build/Debug-iphonesimulator/GoogleSignIn.build/Objects-normal/x86_64/GIDSignInCallbackSchemes.dia -c /Users/siam/Library/Developer/Xcode/DerivedData/Lingua_Quest-gvpckrqxtbgyprbgppjfqmimmmfw/SourcePackages/checkouts/GoogleSignIn-iOS/GoogleSignIn/Sources/GIDSignInCallbackSchemes.m -o /Users/siam/Library/Developer/Xcode/DerivedData/Lingua_Quest-gvpckrqxtbgyprbgppjfqmimmmfw/Build/Intermediates.noindex/GoogleSignIn.build/Debug-iphonesimulator/GoogleSignIn.build/Objects-normal/x86_64/GIDSignInCallbackSchemes.o -index-unit-output-path /GoogleSignIn.build/Debug-iphonesimulator/GoogleSignIn.build/Objects-normal/x86_64/GIDSignInCallbackSchemes.o

ScanDependencies /Users/siam/Library/Developer/Xcode/DerivedData/Lingua_Quest-gvpckrqxtbgyprbgppjfqmimmmfw/Build/Intermediates.noindex/GoogleSignIn.build/Debug-iphonesimulator/GoogleSignIn.build/Objects-normal/x86_64/GIDProfileData.o /Users/siam/Library/Developer/Xcode/DerivedData/Lingua_Quest-gvpckrqxtbgyprbgppjfqmimmmfw/SourcePackages/checkouts/GoogleSignIn-iOS/GoogleSignIn/Sources/GIDProfileData.m normal x86_64 objective-c com.apple.compilers.llvm.clang.1_0.compiler (in target 'GoogleSignIn' from project 'GoogleSignIn')
    cd /Users/siam/Desktop/Lingua\ Quest/Lingua\ Quest.xcodeproj
    
    Using response file: /Users/siam/Library/Developer/Xcode/DerivedData/Lingua_Quest-gvpckrqxtbgyprbgppjfqmimmmfw/Build/Intermediates.noindex/GoogleSignIn.build/Debug-iphonesimulator/GoogleSignIn.build/Objects-normal/x86_64/e6072d4f65d7061329687fe24e3d63a7-common-args.resp
    
    builtin-ScanDependencies -o /Users/siam/Library/Developer/Xcode/DerivedData/Lingua_Quest-gvpckrqxtbgyprbgppjfqmimmmfw/Build/Intermediates.noindex/GoogleSignIn.build/Debug-iphonesimulator/GoogleSignIn.build/Objects-normal/x86_64/GIDProfileData.o.scan -- /Applications/Xcode.app/Contents/Developer/Toolchains/XcodeDefault.xctoolchain/usr/bin/clang -x objective-c -ivfsstatcache /Users/siam/Library/Developer/Xcode/DerivedData/SDKStatCaches.noindex/iphonesimulator26.0-23A339-26257891a6c027eb51374368541b8346.sdkstatcache -fmessage-length\=0 -fdiagnostics-show-note-include-stack -fmacro-backtrace-limit\=0 -fno-color-diagnostics -fmodules-prune-interval\=86400 -fmodules-prune-after\=345600 -fbuild-session-file\=/Users/siam/Library/Developer/Xcode/DerivedData/ModuleCache.noindex/Session.modulevalidation -fmodules-validate-once-per-build-session -Wnon-modular-include-in-framework-module -Werror\=non-modular-include-in-framework-module -Wno-trigraphs -Wno-missing-field-initializers -Wno-missing-prototypes -Wno-return-type -Wno-implicit-atomic-properties -Wno-objc-interface-ivars -Wno-arc-repeated-use-of-weak -Wno-missing-braces -Wparentheses -Wswitch -Wno-unused-function -Wno-unused-label -Wno-unused-parameter -Wno-unused-variable -Wunused-value -Wno-empty-body -Wno-uninitialized -Wno-unknown-pragmas -w -Wno-shadow -Wno-four-char-constants -Wno-conversion -Wno-constant-conversion -Wno-int-conversion -Wno-bool-conversion -Wno-enum-conversion -Wno-float-conversion -Wno-non-literal-null-conversion -Wno-objc-literal-conversion -Wshorten-64-to-32 -Wpointer-sign -Wno-newline-eof -Wno-selector -Wno-strict-selector-match -Wno-undeclared-selector -Wno-deprecated-implementations -Wno-implicit-fallthrough -fstrict-aliasing -Wprotocol -Wdeprecated-declarations -Wno-sign-conversion -Wno-infinite-recursion -Wno-comma -Wno-block-capture-autoreleasing -Wno-strict-prototypes -Wno-semicolon-before-method-body -index-store-path /Users/siam/Library/Developer/Xcode/DerivedData/Lingua_Quest-gvpckrqxtbgyprbgppjfqmimmmfw/Index.noindex/DataStore @/Users/siam/Library/Developer/Xcode/DerivedData/Lingua_Quest-gvpckrqxtbgyprbgppjfqmimmmfw/Build/Intermediates.noindex/GoogleSignIn.build/Debug-iphonesimulator/GoogleSignIn.build/Objects-normal/x86_64/e6072d4f65d7061329687fe24e3d63a7-common-args.resp -include /Users/siam/Library/Developer/Xcode/DerivedData/Lingua_Quest-gvpckrqxtbgyprbgppjfqmimmmfw/Build/Intermediates.noindex/GoogleSignIn.build/Debug-iphonesimulator/GoogleSignIn.build/DerivedSources/resource_bundle_accessor.h -MMD -MT dependencies -MF /Users/siam/Library/Developer/Xcode/DerivedData/Lingua_Quest-gvpckrqxtbgyprbgppjfqmimmmfw/Build/Intermediates.noindex/GoogleSignIn.build/Debug-iphonesimulator/GoogleSignIn.build/Objects-normal/x86_64/GIDProfileData.d --serialize-diagnostics /Users/siam/Library/Developer/Xcode/DerivedData/Lingua_Quest-gvpckrqxtbgyprbgppjfqmimmmfw/Build/Intermediates.noindex/GoogleSignIn.build/Debug-iphonesimulator/GoogleSignIn.build/Objects-normal/x86_64/GIDProfileData.dia -c /Users/siam/Library/Developer/Xcode/DerivedData/Lingua_Quest-gvpckrqxtbgyprbgppjfqmimmmfw/SourcePackages/checkouts/GoogleSignIn-iOS/GoogleSignIn/Sources/GIDProfileData.m -o /Users/siam/Library/Developer/Xcode/DerivedData/Lingua_Quest-gvpckrqxtbgyprbgppjfqmimmmfw/Build/Intermediates.noindex/GoogleSignIn.build/Debug-iphonesimulator/GoogleSignIn.build/Objects-normal/x86_64/GIDProfileData.o -index-unit-output-path /GoogleSignIn.build/Debug-iphonesimulator/GoogleSignIn.build/Objects-normal/x86_64/GIDProfileData.o

SwiftDriverJobDiscovery normal x86_64 Compiling KeychainStore.swift (in target 'GTMAppAuth' from project 'GTMAppAuth')

ScanDependencies /Users/siam/Library/Developer/Xcode/DerivedData/Lingua_Quest-gvpckrqxtbgyprbgppjfqmimmmfw/Build/Intermediates.noindex/GoogleSignIn.build/Debug-iphonesimulator/GoogleSignIn.build/Objects-normal/x86_64/GIDMDMPasscodeState.o /Users/siam/Library/Developer/Xcode/DerivedData/Lingua_Quest-gvpckrqxtbgyprbgppjfqmimmmfw/SourcePackages/checkouts/GoogleSignIn-iOS/GoogleSignIn/Sources/GIDMDMPasscodeState.m normal x86_64 objective-c com.apple.compilers.llvm.clang.1_0.compiler (in target 'GoogleSignIn' from project 'GoogleSignIn')
    cd /Users/siam/Desktop/Lingua\ Quest/Lingua\ Quest.xcodeproj
    
    Using response file: /Users/siam/Library/Developer/Xcode/DerivedData/Lingua_Quest-gvpckrqxtbgyprbgppjfqmimmmfw/Build/Intermediates.noindex/GoogleSignIn.build/Debug-iphonesimulator/GoogleSignIn.build/Objects-normal/x86_64/e6072d4f65d7061329687fe24e3d63a7-common-args.resp
    
    builtin-ScanDependencies -o /Users/siam/Library/Developer/Xcode/DerivedData/Lingua_Quest-gvpckrqxtbgyprbgppjfqmimmmfw/Build/Intermediates.noindex/GoogleSignIn.build/Debug-iphonesimulator/GoogleSignIn.build/Objects-normal/x86_64/GIDMDMPasscodeState.o.scan -- /Applications/Xcode.app/Contents/Developer/Toolchains/XcodeDefault.xctoolchain/usr/bin/clang -x objective-c -ivfsstatcache /Users/siam/Library/Developer/Xcode/DerivedData/SDKStatCaches.noindex/iphonesimulator26.0-23A339-26257891a6c027eb51374368541b8346.sdkstatcache -fmessage-length\=0 -fdiagnostics-show-note-include-stack -fmacro-backtrace-limit\=0 -fno-color-diagnostics -fmodules-prune-interval\=86400 -fmodules-prune-after\=345600 -fbuild-session-file\=/Users/siam/Library/Developer/Xcode/DerivedData/ModuleCache.noindex/Session.modulevalidation -fmodules-validate-once-per-build-session -Wnon-modular-include-in-framework-module -Werror\=non-modular-include-in-framework-module -Wno-trigraphs -Wno-missing-field-initializers -Wno-missing-prototypes -Wno-return-type -Wno-implicit-atomic-properties -Wno-objc-interface-ivars -Wno-arc-repeated-use-of-weak -Wno-missing-braces -Wparentheses -Wswitch -Wno-unused-function -Wno-unused-label -Wno-unused-parameter -Wno-unused-variable -Wunused-value -Wno-empty-body -Wno-uninitialized -Wno-unknown-pragmas -w -Wno-shadow -Wno-four-char-constants -Wno-conversion -Wno-constant-conversion -Wno-int-conversion -Wno-bool-conversion -Wno-enum-conversion -Wno-float-conversion -Wno-non-literal-null-conversion -Wno-objc-literal-conversion -Wshorten-64-to-32 -Wpointer-sign -Wno-newline-eof -Wno-selector -Wno-strict-selector-match -Wno-undeclared-selector -Wno-deprecated-implementations -Wno-implicit-fallthrough -fstrict-aliasing -Wprotocol -Wdeprecated-declarations -Wno-sign-conversion -Wno-infinite-recursion -Wno-comma -Wno-block-capture-autoreleasing -Wno-strict-prototypes -Wno-semicolon-before-method-body -index-store-path /Users/siam/Library/Developer/Xcode/DerivedData/Lingua_Quest-gvpckrqxtbgyprbgppjfqmimmmfw/Index.noindex/DataStore @/Users/siam/Library/Developer/Xcode/DerivedData/Lingua_Quest-gvpckrqxtbgyprbgppjfqmimmmfw/Build/Intermediates.noindex/GoogleSignIn.build/Debug-iphonesimulator/GoogleSignIn.build/Objects-normal/x86_64/e6072d4f65d7061329687fe24e3d63a7-common-args.resp -include /Users/siam/Library/Developer/Xcode/DerivedData/Lingua_Quest-gvpckrqxtbgyprbgppjfqmimmmfw/Build/Intermediates.noindex/GoogleSignIn.build/Debug-iphonesimulator/GoogleSignIn.build/DerivedSources/resource_bundle_accessor.h -MMD -MT dependencies -MF /Users/siam/Library/Developer/Xcode/DerivedData/Lingua_Quest-gvpckrqxtbgyprbgppjfqmimmmfw/Build/Intermediates.noindex/GoogleSignIn.build/Debug-iphonesimulator/GoogleSignIn.build/Objects-normal/x86_64/GIDMDMPasscodeState.d --serialize-diagnostics /Users/siam/Library/Developer/Xcode/DerivedData/Lingua_Quest-gvpckrqxtbgyprbgppjfqmimmmfw/Build/Intermediates.noindex/GoogleSignIn.build/Debug-iphonesimulator/GoogleSignIn.build/Objects-normal/x86_64/GIDMDMPasscodeState.dia -c /Users/siam/Library/Developer/Xcode/DerivedData/Lingua_Quest-gvpckrqxtbgyprbgppjfqmimmmfw/SourcePackages/checkouts/GoogleSignIn-iOS/GoogleSignIn/Sources/GIDMDMPasscodeState.m -o /Users/siam/Library/Developer/Xcode/DerivedData/Lingua_Quest-gvpckrqxtbgyprbgppjfqmimmmfw/Build/Intermediates.noindex/GoogleSignIn.build/Debug-iphonesimulator/GoogleSignIn.build/Objects-normal/x86_64/GIDMDMPasscodeState.o -index-unit-output-path /GoogleSignIn.build/Debug-iphonesimulator/GoogleSignIn.build/Objects-normal/x86_64/GIDMDMPasscodeState.o

CompileC /Users/siam/Library/Developer/Xcode/DerivedData/Lingua_Quest-gvpckrqxtbgyprbgppjfqmimmmfw/Build/Intermediates.noindex/GoogleSignIn.build/Debug-iphonesimulator/GoogleSignIn.build/Objects-normal/x86_64/GIDSignInButton.o /Users/siam/Library/Developer/Xcode/DerivedData/Lingua_Quest-gvpckrqxtbgyprbgppjfqmimmmfw/SourcePackages/checkouts/GoogleSignIn-iOS/GoogleSignIn/Sources/GIDSignInButton.m normal x86_64 objective-c com.apple.compilers.llvm.clang.1_0.compiler (in target 'GoogleSignIn' from project 'GoogleSignIn')
    cd /Users/siam/Desktop/Lingua\ Quest/Lingua\ Quest.xcodeproj
    
    Using response file: /Users/siam/Library/Developer/Xcode/DerivedData/Lingua_Quest-gvpckrqxtbgyprbgppjfqmimmmfw/Build/Intermediates.noindex/GoogleSignIn.build/Debug-iphonesimulator/GoogleSignIn.build/Objects-normal/x86_64/e6072d4f65d7061329687fe24e3d63a7-common-args.resp
    
    /Applications/Xcode.app/Contents/Developer/Toolchains/XcodeDefault.xctoolchain/usr/bin/clang -x objective-c -ivfsstatcache /Users/siam/Library/Developer/Xcode/DerivedData/SDKStatCaches.noindex/iphonesimulator26.0-23A339-26257891a6c027eb51374368541b8346.sdkstatcache -fmessage-length\=0 -fdiagnostics-show-note-include-stack -fmacro-backtrace-limit\=0 -fno-color-diagnostics -fmodules-prune-interval\=86400 -fmodules-prune-after\=345600 -fbuild-session-file\=/Users/siam/Library/Developer/Xcode/DerivedData/ModuleCache.noindex/Session.modulevalidation -fmodules-validate-once-per-build-session -Wnon-modular-include-in-framework-module -Werror\=non-modular-include-in-framework-module -Wno-trigraphs -Wno-missing-field-initializers -Wno-missing-prototypes -Wno-return-type -Wno-implicit-atomic-properties -Wno-objc-interface-ivars -Wno-arc-repeated-use-of-weak -Wno-missing-braces -Wparentheses -Wswitch -Wno-unused-function -Wno-unused-label -Wno-unused-parameter -Wno-unused-variable -Wunused-value -Wno-empty-body -Wno-uninitialized -Wno-unknown-pragmas -w -Wno-shadow -Wno-four-char-constants -Wno-conversion -Wno-constant-conversion -Wno-int-conversion -Wno-bool-conversion -Wno-enum-conversion -Wno-float-conversion -Wno-non-literal-null-conversion -Wno-objc-literal-conversion -Wshorten-64-to-32 -Wpointer-sign -Wno-newline-eof -Wno-selector -Wno-strict-selector-match -Wno-undeclared-selector -Wno-deprecated-implementations -Wno-implicit-fallthrough -fstrict-aliasing -Wprotocol -Wdeprecated-declarations -Wno-sign-conversion -Wno-infinite-recursion -Wno-comma -Wno-block-capture-autoreleasing -Wno-strict-prototypes -Wno-semicolon-before-method-body -index-store-path /Users/siam/Library/Developer/Xcode/DerivedData/Lingua_Quest-gvpckrqxtbgyprbgppjfqmimmmfw/Index.noindex/DataStore @/Users/siam/Library/Developer/Xcode/DerivedData/Lingua_Quest-gvpckrqxtbgyprbgppjfqmimmmfw/Build/Intermediates.noindex/GoogleSignIn.build/Debug-iphonesimulator/GoogleSignIn.build/Objects-normal/x86_64/e6072d4f65d7061329687fe24e3d63a7-common-args.resp -include /Users/siam/Library/Developer/Xcode/DerivedData/Lingua_Quest-gvpckrqxtbgyprbgppjfqmimmmfw/Build/Intermediates.noindex/GoogleSignIn.build/Debug-iphonesimulator/GoogleSignIn.build/DerivedSources/resource_bundle_accessor.h -MMD -MT dependencies -MF /Users/siam/Library/Developer/Xcode/DerivedData/Lingua_Quest-gvpckrqxtbgyprbgppjfqmimmmfw/Build/Intermediates.noindex/GoogleSignIn.build/Debug-iphonesimulator/GoogleSignIn.build/Objects-normal/x86_64/GIDSignInButton.d --serialize-diagnostics /Users/siam/Library/Developer/Xcode/DerivedData/Lingua_Quest-gvpckrqxtbgyprbgppjfqmimmmfw/Build/Intermediates.noindex/GoogleSignIn.build/Debug-iphonesimulator/GoogleSignIn.build/Objects-normal/x86_64/GIDSignInButton.dia -c /Users/siam/Library/Developer/Xcode/DerivedData/Lingua_Quest-gvpckrqxtbgyprbgppjfqmimmmfw/SourcePackages/checkouts/GoogleSignIn-iOS/GoogleSignIn/Sources/GIDSignInButton.m -o /Users/siam/Library/Developer/Xcode/DerivedData/Lingua_Quest-gvpckrqxtbgyprbgppjfqmimmmfw/Build/Intermediates.noindex/GoogleSignIn.build/Debug-iphonesimulator/GoogleSignIn.build/Objects-normal/x86_64/GIDSignInButton.o -index-unit-output-path /GoogleSignIn.build/Debug-iphonesimulator/GoogleSignIn.build/Objects-normal/x86_64/GIDSignInButton.o

CompileC /Users/siam/Library/Developer/Xcode/DerivedData/Lingua_Quest-gvpckrqxtbgyprbgppjfqmimmmfw/Build/Intermediates.noindex/GoogleSignIn.build/Debug-iphonesimulator/GoogleSignIn.build/Objects-normal/x86_64/GIDScopes.o /Users/siam/Library/Developer/Xcode/DerivedData/Lingua_Quest-gvpckrqxtbgyprbgppjfqmimmmfw/SourcePackages/checkouts/GoogleSignIn-iOS/GoogleSignIn/Sources/GIDScopes.m normal x86_64 objective-c com.apple.compilers.llvm.clang.1_0.compiler (in target 'GoogleSignIn' from project 'GoogleSignIn')
    cd /Users/siam/Desktop/Lingua\ Quest/Lingua\ Quest.xcodeproj
    
    Using response file: /Users/siam/Library/Developer/Xcode/DerivedData/Lingua_Quest-gvpckrqxtbgyprbgppjfqmimmmfw/Build/Intermediates.noindex/GoogleSignIn.build/Debug-iphonesimulator/GoogleSignIn.build/Objects-normal/x86_64/e6072d4f65d7061329687fe24e3d63a7-common-args.resp
    
    /Applications/Xcode.app/Contents/Developer/Toolchains/XcodeDefault.xctoolchain/usr/bin/clang -x objective-c -ivfsstatcache /Users/siam/Library/Developer/Xcode/DerivedData/SDKStatCaches.noindex/iphonesimulator26.0-23A339-26257891a6c027eb51374368541b8346.sdkstatcache -fmessage-length\=0 -fdiagnostics-show-note-include-stack -fmacro-backtrace-limit\=0 -fno-color-diagnostics -fmodules-prune-interval\=86400 -fmodules-prune-after\=345600 -fbuild-session-file\=/Users/siam/Library/Developer/Xcode/DerivedData/ModuleCache.noindex/Session.modulevalidation -fmodules-validate-once-per-build-session -Wnon-modular-include-in-framework-module -Werror\=non-modular-include-in-framework-module -Wno-trigraphs -Wno-missing-field-initializers -Wno-missing-prototypes -Wno-return-type -Wno-implicit-atomic-properties -Wno-objc-interface-ivars -Wno-arc-repeated-use-of-weak -Wno-missing-braces -Wparentheses -Wswitch -Wno-unused-function -Wno-unused-label -Wno-unused-parameter -Wno-unused-variable -Wunused-value -Wno-empty-body -Wno-uninitialized -Wno-unknown-pragmas -w -Wno-shadow -Wno-four-char-constants -Wno-conversion -Wno-constant-conversion -Wno-int-conversion -Wno-bool-conversion -Wno-enum-conversion -Wno-float-conversion -Wno-non-literal-null-conversion -Wno-objc-literal-conversion -Wshorten-64-to-32 -Wpointer-sign -Wno-newline-eof -Wno-selector -Wno-strict-selector-match -Wno-undeclared-selector -Wno-deprecated-implementations -Wno-implicit-fallthrough -fstrict-aliasing -Wprotocol -Wdeprecated-declarations -Wno-sign-conversion -Wno-infinite-recursion -Wno-comma -Wno-block-capture-autoreleasing -Wno-strict-prototypes -Wno-semicolon-before-method-body -index-store-path /Users/siam/Library/Developer/Xcode/DerivedData/Lingua_Quest-gvpckrqxtbgyprbgppjfqmimmmfw/Index.noindex/DataStore @/Users/siam/Library/Developer/Xcode/DerivedData/Lingua_Quest-gvpckrqxtbgyprbgppjfqmimmmfw/Build/Intermediates.noindex/GoogleSignIn.build/Debug-iphonesimulator/GoogleSignIn.build/Objects-normal/x86_64/e6072d4f65d7061329687fe24e3d63a7-common-args.resp -include /Users/siam/Library/Developer/Xcode/DerivedData/Lingua_Quest-gvpckrqxtbgyprbgppjfqmimmmfw/Build/Intermediates.noindex/GoogleSignIn.build/Debug-iphonesimulator/GoogleSignIn.build/DerivedSources/resource_bundle_accessor.h -MMD -MT dependencies -MF /Users/siam/Library/Developer/Xcode/DerivedData/Lingua_Quest-gvpckrqxtbgyprbgppjfqmimmmfw/Build/Intermediates.noindex/GoogleSignIn.build/Debug-iphonesimulator/GoogleSignIn.build/Objects-normal/x86_64/GIDScopes.d --serialize-diagnostics /Users/siam/Library/Developer/Xcode/DerivedData/Lingua_Quest-gvpckrqxtbgyprbgppjfqmimmmfw/Build/Intermediates.noindex/GoogleSignIn.build/Debug-iphonesimulator/GoogleSignIn.build/Objects-normal/x86_64/GIDScopes.dia -c /Users/siam/Library/Developer/Xcode/DerivedData/Lingua_Quest-gvpckrqxtbgyprbgppjfqmimmmfw/SourcePackages/checkouts/GoogleSignIn-iOS/GoogleSignIn/Sources/GIDScopes.m -o /Users/siam/Library/Developer/Xcode/DerivedData/Lingua_Quest-gvpckrqxtbgyprbgppjfqmimmmfw/Build/Intermediates.noindex/GoogleSignIn.build/Debug-iphonesimulator/GoogleSignIn.build/Objects-normal/x86_64/GIDScopes.o -index-unit-output-path /GoogleSignIn.build/Debug-iphonesimulator/GoogleSignIn.build/Objects-normal/x86_64/GIDScopes.o

CompileC /Users/siam/Library/Developer/Xcode/DerivedData/Lingua_Quest-gvpckrqxtbgyprbgppjfqmimmmfw/Build/Intermediates.noindex/GoogleSignIn.build/Debug-iphonesimulator/GoogleSignIn.build/Objects-normal/x86_64/GIDSignInInternalOptions.o /Users/siam/Library/Developer/Xcode/DerivedData/Lingua_Quest-gvpckrqxtbgyprbgppjfqmimmmfw/SourcePackages/checkouts/GoogleSignIn-iOS/GoogleSignIn/Sources/GIDSignInInternalOptions.m normal x86_64 objective-c com.apple.compilers.llvm.clang.1_0.compiler (in target 'GoogleSignIn' from project 'GoogleSignIn')
    cd /Users/siam/Desktop/Lingua\ Quest/Lingua\ Quest.xcodeproj
    
    Using response file: /Users/siam/Library/Developer/Xcode/DerivedData/Lingua_Quest-gvpckrqxtbgyprbgppjfqmimmmfw/Build/Intermediates.noindex/GoogleSignIn.build/Debug-iphonesimulator/GoogleSignIn.build/Objects-normal/x86_64/e6072d4f65d7061329687fe24e3d63a7-common-args.resp
    
    /Applications/Xcode.app/Contents/Developer/Toolchains/XcodeDefault.xctoolchain/usr/bin/clang -x objective-c -ivfsstatcache /Users/siam/Library/Developer/Xcode/DerivedData/SDKStatCaches.noindex/iphonesimulator26.0-23A339-26257891a6c027eb51374368541b8346.sdkstatcache -fmessage-length\=0 -fdiagnostics-show-note-include-stack -fmacro-backtrace-limit\=0 -fno-color-diagnostics -fmodules-prune-interval\=86400 -fmodules-prune-after\=345600 -fbuild-session-file\=/Users/siam/Library/Developer/Xcode/DerivedData/ModuleCache.noindex/Session.modulevalidation -fmodules-validate-once-per-build-session -Wnon-modular-include-in-framework-module -Werror\=non-modular-include-in-framework-module -Wno-trigraphs -Wno-missing-field-initializers -Wno-missing-prototypes -Wno-return-type -Wno-implicit-atomic-properties -Wno-objc-interface-ivars -Wno-arc-repeated-use-of-weak -Wno-missing-braces -Wparentheses -Wswitch -Wno-unused-function -Wno-unused-label -Wno-unused-parameter -Wno-unused-variable -Wunused-value -Wno-empty-body -Wno-uninitialized -Wno-unknown-pragmas -w -Wno-shadow -Wno-four-char-constants -Wno-conversion -Wno-constant-conversion -Wno-int-conversion -Wno-bool-conversion -Wno-enum-conversion -Wno-float-conversion -Wno-non-literal-null-conversion -Wno-objc-literal-conversion -Wshorten-64-to-32 -Wpointer-sign -Wno-newline-eof -Wno-selector -Wno-strict-selector-match -Wno-undeclared-selector -Wno-deprecated-implementations -Wno-implicit-fallthrough -fstrict-aliasing -Wprotocol -Wdeprecated-declarations -Wno-sign-conversion -Wno-infinite-recursion -Wno-comma -Wno-block-capture-autoreleasing -Wno-strict-prototypes -Wno-semicolon-before-method-body -index-store-path /Users/siam/Library/Developer/Xcode/DerivedData/Lingua_Quest-gvpckrqxtbgyprbgppjfqmimmmfw/Index.noindex/DataStore @/Users/siam/Library/Developer/Xcode/DerivedData/Lingua_Quest-gvpckrqxtbgyprbgppjfqmimmmfw/Build/Intermediates.noindex/GoogleSignIn.build/Debug-iphonesimulator/GoogleSignIn.build/Objects-normal/x86_64/e6072d4f65d7061329687fe24e3d63a7-common-args.resp -include /Users/siam/Library/Developer/Xcode/DerivedData/Lingua_Quest-gvpckrqxtbgyprbgppjfqmimmmfw/Build/Intermediates.noindex/GoogleSignIn.build/Debug-iphonesimulator/GoogleSignIn.build/DerivedSources/resource_bundle_accessor.h -MMD -MT dependencies -MF /Users/siam/Library/Developer/Xcode/DerivedData/Lingua_Quest-gvpckrqxtbgyprbgppjfqmimmmfw/Build/Intermediates.noindex/GoogleSignIn.build/Debug-iphonesimulator/GoogleSignIn.build/Objects-normal/x86_64/GIDSignInInternalOptions.d --serialize-diagnostics /Users/siam/Library/Developer/Xcode/DerivedData/Lingua_Quest-gvpckrqxtbgyprbgppjfqmimmmfw/Build/Intermediates.noindex/GoogleSignIn.build/Debug-iphonesimulator/GoogleSignIn.build/Objects-normal/x86_64/GIDSignInInternalOptions.dia -c /Users/siam/Library/Developer/Xcode/DerivedData/Lingua_Quest-gvpckrqxtbgyprbgppjfqmimmmfw/SourcePackages/checkouts/GoogleSignIn-iOS/GoogleSignIn/Sources/GIDSignInInternalOptions.m -o /Users/siam/Library/Developer/Xcode/DerivedData/Lingua_Quest-gvpckrqxtbgyprbgppjfqmimmmfw/Build/Intermediates.noindex/GoogleSignIn.build/Debug-iphonesimulator/GoogleSignIn.build/Objects-normal/x86_64/GIDSignInInternalOptions.o -index-unit-output-path /GoogleSignIn.build/Debug-iphonesimulator/GoogleSignIn.build/Objects-normal/x86_64/GIDSignInInternalOptions.o

CompileC /Users/siam/Library/Developer/Xcode/DerivedData/Lingua_Quest-gvpckrqxtbgyprbgppjfqmimmmfw/Build/Intermediates.noindex/GoogleSignIn.build/Debug-iphonesimulator/GoogleSignIn.build/Objects-normal/x86_64/GIDMDMPasscodeState.o /Users/siam/Library/Developer/Xcode/DerivedData/Lingua_Quest-gvpckrqxtbgyprbgppjfqmimmmfw/SourcePackages/checkouts/GoogleSignIn-iOS/GoogleSignIn/Sources/GIDMDMPasscodeState.m normal x86_64 objective-c com.apple.compilers.llvm.clang.1_0.compiler (in target 'GoogleSignIn' from project 'GoogleSignIn')
    cd /Users/siam/Desktop/Lingua\ Quest/Lingua\ Quest.xcodeproj
    
    Using response file: /Users/siam/Library/Developer/Xcode/DerivedData/Lingua_Quest-gvpckrqxtbgyprbgppjfqmimmmfw/Build/Intermediates.noindex/GoogleSignIn.build/Debug-iphonesimulator/GoogleSignIn.build/Objects-normal/x86_64/e6072d4f65d7061329687fe24e3d63a7-common-args.resp
    
    /Applications/Xcode.app/Contents/Developer/Toolchains/XcodeDefault.xctoolchain/usr/bin/clang -x objective-c -ivfsstatcache /Users/siam/Library/Developer/Xcode/DerivedData/SDKStatCaches.noindex/iphonesimulator26.0-23A339-26257891a6c027eb51374368541b8346.sdkstatcache -fmessage-length\=0 -fdiagnostics-show-note-include-stack -fmacro-backtrace-limit\=0 -fno-color-diagnostics -fmodules-prune-interval\=86400 -fmodules-prune-after\=345600 -fbuild-session-file\=/Users/siam/Library/Developer/Xcode/DerivedData/ModuleCache.noindex/Session.modulevalidation -fmodules-validate-once-per-build-session -Wnon-modular-include-in-framework-module -Werror\=non-modular-include-in-framework-module -Wno-trigraphs -Wno-missing-field-initializers -Wno-missing-prototypes -Wno-return-type -Wno-implicit-atomic-properties -Wno-objc-interface-ivars -Wno-arc-repeated-use-of-weak -Wno-missing-braces -Wparentheses -Wswitch -Wno-unused-function -Wno-unused-label -Wno-unused-parameter -Wno-unused-variable -Wunused-value -Wno-empty-body -Wno-uninitialized -Wno-unknown-pragmas -w -Wno-shadow -Wno-four-char-constants -Wno-conversion -Wno-constant-conversion -Wno-int-conversion -Wno-bool-conversion -Wno-enum-conversion -Wno-float-conversion -Wno-non-literal-null-conversion -Wno-objc-literal-conversion -Wshorten-64-to-32 -Wpointer-sign -Wno-newline-eof -Wno-selector -Wno-strict-selector-match -Wno-undeclared-selector -Wno-deprecated-implementations -Wno-implicit-fallthrough -fstrict-aliasing -Wprotocol -Wdeprecated-declarations -Wno-sign-conversion -Wno-infinite-recursion -Wno-comma -Wno-block-capture-autoreleasing -Wno-strict-prototypes -Wno-semicolon-before-method-body -index-store-path /Users/siam/Library/Developer/Xcode/DerivedData/Lingua_Quest-gvpckrqxtbgyprbgppjfqmimmmfw/Index.noindex/DataStore @/Users/siam/Library/Developer/Xcode/DerivedData/Lingua_Quest-gvpckrqxtbgyprbgppjfqmimmmfw/Build/Intermediates.noindex/GoogleSignIn.build/Debug-iphonesimulator/GoogleSignIn.build/Objects-normal/x86_64/e6072d4f65d7061329687fe24e3d63a7-common-args.resp -include /Users/siam/Library/Developer/Xcode/DerivedData/Lingua_Quest-gvpckrqxtbgyprbgppjfqmimmmfw/Build/Intermediates.noindex/GoogleSignIn.build/Debug-iphonesimulator/GoogleSignIn.build/DerivedSources/resource_bundle_accessor.h -MMD -MT dependencies -MF /Users/siam/Library/Developer/Xcode/DerivedData/Lingua_Quest-gvpckrqxtbgyprbgppjfqmimmmfw/Build/Intermediates.noindex/GoogleSignIn.build/Debug-iphonesimulator/GoogleSignIn.build/Objects-normal/x86_64/GIDMDMPasscodeState.d --serialize-diagnostics /Users/siam/Library/Developer/Xcode/DerivedData/Lingua_Quest-gvpckrqxtbgyprbgppjfqmimmmfw/Build/Intermediates.noindex/GoogleSignIn.build/Debug-iphonesimulator/GoogleSignIn.build/Objects-normal/x86_64/GIDMDMPasscodeState.dia -c /Users/siam/Library/Developer/Xcode/DerivedData/Lingua_Quest-gvpckrqxtbgyprbgppjfqmimmmfw/SourcePackages/checkouts/GoogleSignIn-iOS/GoogleSignIn/Sources/GIDMDMPasscodeState.m -o /Users/siam/Library/Developer/Xcode/DerivedData/Lingua_Quest-gvpckrqxtbgyprbgppjfqmimmmfw/Build/Intermediates.noindex/GoogleSignIn.build/Debug-iphonesimulator/GoogleSignIn.build/Objects-normal/x86_64/GIDMDMPasscodeState.o -index-unit-output-path /GoogleSignIn.build/Debug-iphonesimulator/GoogleSignIn.build/Objects-normal/x86_64/GIDMDMPasscodeState.o

CompileC /Users/siam/Library/Developer/Xcode/DerivedData/Lingua_Quest-gvpckrqxtbgyprbgppjfqmimmmfw/Build/Intermediates.noindex/GoogleSignIn.build/Debug-iphonesimulator/GoogleSignIn.build/Objects-normal/x86_64/GIDProfileData.o /Users/siam/Library/Developer/Xcode/DerivedData/Lingua_Quest-gvpckrqxtbgyprbgppjfqmimmmfw/SourcePackages/checkouts/GoogleSignIn-iOS/GoogleSignIn/Sources/GIDProfileData.m normal x86_64 objective-c com.apple.compilers.llvm.clang.1_0.compiler (in target 'GoogleSignIn' from project 'GoogleSignIn')
    cd /Users/siam/Desktop/Lingua\ Quest/Lingua\ Quest.xcodeproj
    
    Using response file: /Users/siam/Library/Developer/Xcode/DerivedData/Lingua_Quest-gvpckrqxtbgyprbgppjfqmimmmfw/Build/Intermediates.noindex/GoogleSignIn.build/Debug-iphonesimulator/GoogleSignIn.build/Objects-normal/x86_64/e6072d4f65d7061329687fe24e3d63a7-common-args.resp
    
    /Applications/Xcode.app/Contents/Developer/Toolchains/XcodeDefault.xctoolchain/usr/bin/clang -x objective-c -ivfsstatcache /Users/siam/Library/Developer/Xcode/DerivedData/SDKStatCaches.noindex/iphonesimulator26.0-23A339-26257891a6c027eb51374368541b8346.sdkstatcache -fmessage-length\=0 -fdiagnostics-show-note-include-stack -fmacro-backtrace-limit\=0 -fno-color-diagnostics -fmodules-prune-interval\=86400 -fmodules-prune-after\=345600 -fbuild-session-file\=/Users/siam/Library/Developer/Xcode/DerivedData/ModuleCache.noindex/Session.modulevalidation -fmodules-validate-once-per-build-session -Wnon-modular-include-in-framework-module -Werror\=non-modular-include-in-framework-module -Wno-trigraphs -Wno-missing-field-initializers -Wno-missing-prototypes -Wno-return-type -Wno-implicit-atomic-properties -Wno-objc-interface-ivars -Wno-arc-repeated-use-of-weak -Wno-missing-braces -Wparentheses -Wswitch -Wno-unused-function -Wno-unused-label -Wno-unused-parameter -Wno-unused-variable -Wunused-value -Wno-empty-body -Wno-uninitialized -Wno-unknown-pragmas -w -Wno-shadow -Wno-four-char-constants -Wno-conversion -Wno-constant-conversion -Wno-int-conversion -Wno-bool-conversion -Wno-enum-conversion -Wno-float-conversion -Wno-non-literal-null-conversion -Wno-objc-literal-conversion -Wshorten-64-to-32 -Wpointer-sign -Wno-newline-eof -Wno-selector -Wno-strict-selector-match -Wno-undeclared-selector -Wno-deprecated-implementations -Wno-implicit-fallthrough -fstrict-aliasing -Wprotocol -Wdeprecated-declarations -Wno-sign-conversion -Wno-infinite-recursion -Wno-comma -Wno-block-capture-autoreleasing -Wno-strict-prototypes -Wno-semicolon-before-method-body -index-store-path /Users/siam/Library/Developer/Xcode/DerivedData/Lingua_Quest-gvpckrqxtbgyprbgppjfqmimmmfw/Index.noindex/DataStore @/Users/siam/Library/Developer/Xcode/DerivedData/Lingua_Quest-gvpckrqxtbgyprbgppjfqmimmmfw/Build/Intermediates.noindex/GoogleSignIn.build/Debug-iphonesimulator/GoogleSignIn.build/Objects-normal/x86_64/e6072d4f65d7061329687fe24e3d63a7-common-args.resp -include /Users/siam/Library/Developer/Xcode/DerivedData/Lingua_Quest-gvpckrqxtbgyprbgppjfqmimmmfw/Build/Intermediates.noindex/GoogleSignIn.build/Debug-iphonesimulator/GoogleSignIn.build/DerivedSources/resource_bundle_accessor.h -MMD -MT dependencies -MF /Users/siam/Library/Developer/Xcode/DerivedData/Lingua_Quest-gvpckrqxtbgyprbgppjfqmimmmfw/Build/Intermediates.noindex/GoogleSignIn.build/Debug-iphonesimulator/GoogleSignIn.build/Objects-normal/x86_64/GIDProfileData.d --serialize-diagnostics /Users/siam/Library/Developer/Xcode/DerivedData/Lingua_Quest-gvpckrqxtbgyprbgppjfqmimmmfw/Build/Intermediates.noindex/GoogleSignIn.build/Debug-iphonesimulator/GoogleSignIn.build/Objects-normal/x86_64/GIDProfileData.dia -c /Users/siam/Library/Developer/Xcode/DerivedData/Lingua_Quest-gvpckrqxtbgyprbgppjfqmimmmfw/SourcePackages/checkouts/GoogleSignIn-iOS/GoogleSignIn/Sources/GIDProfileData.m -o /Users/siam/Library/Developer/Xcode/DerivedData/Lingua_Quest-gvpckrqxtbgyprbgppjfqmimmmfw/Build/Intermediates.noindex/GoogleSignIn.build/Debug-iphonesimulator/GoogleSignIn.build/Objects-normal/x86_64/GIDProfileData.o -index-unit-output-path /GoogleSignIn.build/Debug-iphonesimulator/GoogleSignIn.build/Objects-normal/x86_64/GIDProfileData.o

CompileC /Users/siam/Library/Developer/Xcode/DerivedData/Lingua_Quest-gvpckrqxtbgyprbgppjfqmimmmfw/Build/Intermediates.noindex/GoogleSignIn.build/Debug-iphonesimulator/GoogleSignIn.build/Objects-normal/x86_64/GIDSignInResult.o /Users/siam/Library/Developer/Xcode/DerivedData/Lingua_Quest-gvpckrqxtbgyprbgppjfqmimmmfw/SourcePackages/checkouts/GoogleSignIn-iOS/GoogleSignIn/Sources/GIDSignInResult.m normal x86_64 objective-c com.apple.compilers.llvm.clang.1_0.compiler (in target 'GoogleSignIn' from project 'GoogleSignIn')
    cd /Users/siam/Desktop/Lingua\ Quest/Lingua\ Quest.xcodeproj
    
    Using response file: /Users/siam/Library/Developer/Xcode/DerivedData/Lingua_Quest-gvpckrqxtbgyprbgppjfqmimmmfw/Build/Intermediates.noindex/GoogleSignIn.build/Debug-iphonesimulator/GoogleSignIn.build/Objects-normal/x86_64/e6072d4f65d7061329687fe24e3d63a7-common-args.resp
    
    /Applications/Xcode.app/Contents/Developer/Toolchains/XcodeDefault.xctoolchain/usr/bin/clang -x objective-c -ivfsstatcache /Users/siam/Library/Developer/Xcode/DerivedData/SDKStatCaches.noindex/iphonesimulator26.0-23A339-26257891a6c027eb51374368541b8346.sdkstatcache -fmessage-length\=0 -fdiagnostics-show-note-include-stack -fmacro-backtrace-limit\=0 -fno-color-diagnostics -fmodules-prune-interval\=86400 -fmodules-prune-after\=345600 -fbuild-session-file\=/Users/siam/Library/Developer/Xcode/DerivedData/ModuleCache.noindex/Session.modulevalidation -fmodules-validate-once-per-build-session -Wnon-modular-include-in-framework-module -Werror\=non-modular-include-in-framework-module -Wno-trigraphs -Wno-missing-field-initializers -Wno-missing-prototypes -Wno-return-type -Wno-implicit-atomic-properties -Wno-objc-interface-ivars -Wno-arc-repeated-use-of-weak -Wno-missing-braces -Wparentheses -Wswitch -Wno-unused-function -Wno-unused-label -Wno-unused-parameter -Wno-unused-variable -Wunused-value -Wno-empty-body -Wno-uninitialized -Wno-unknown-pragmas -w -Wno-shadow -Wno-four-char-constants -Wno-conversion -Wno-constant-conversion -Wno-int-conversion -Wno-bool-conversion -Wno-enum-conversion -Wno-float-conversion -Wno-non-literal-null-conversion -Wno-objc-literal-conversion -Wshorten-64-to-32 -Wpointer-sign -Wno-newline-eof -Wno-selector -Wno-strict-selector-match -Wno-undeclared-selector -Wno-deprecated-implementations -Wno-implicit-fallthrough -fstrict-aliasing -Wprotocol -Wdeprecated-declarations -Wno-sign-conversion -Wno-infinite-recursion -Wno-comma -Wno-block-capture-autoreleasing -Wno-strict-prototypes -Wno-semicolon-before-method-body -index-store-path /Users/siam/Library/Developer/Xcode/DerivedData/Lingua_Quest-gvpckrqxtbgyprbgppjfqmimmmfw/Index.noindex/DataStore @/Users/siam/Library/Developer/Xcode/DerivedData/Lingua_Quest-gvpckrqxtbgyprbgppjfqmimmmfw/Build/Intermediates.noindex/GoogleSignIn.build/Debug-iphonesimulator/GoogleSignIn.build/Objects-normal/x86_64/e6072d4f65d7061329687fe24e3d63a7-common-args.resp -include /Users/siam/Library/Developer/Xcode/DerivedData/Lingua_Quest-gvpckrqxtbgyprbgppjfqmimmmfw/Build/Intermediates.noindex/GoogleSignIn.build/Debug-iphonesimulator/GoogleSignIn.build/DerivedSources/resource_bundle_accessor.h -MMD -MT dependencies -MF /Users/siam/Library/Developer/Xcode/DerivedData/Lingua_Quest-gvpckrqxtbgyprbgppjfqmimmmfw/Build/Intermediates.noindex/GoogleSignIn.build/Debug-iphonesimulator/GoogleSignIn.build/Objects-normal/x86_64/GIDSignInResult.d --serialize-diagnostics /Users/siam/Library/Developer/Xcode/DerivedData/Lingua_Quest-gvpckrqxtbgyprbgppjfqmimmmfw/Build/Intermediates.noindex/GoogleSignIn.build/Debug-iphonesimulator/GoogleSignIn.build/Objects-normal/x86_64/GIDSignInResult.dia -c /Users/siam/Library/Developer/Xcode/DerivedData/Lingua_Quest-gvpckrqxtbgyprbgppjfqmimmmfw/SourcePackages/checkouts/GoogleSignIn-iOS/GoogleSignIn/Sources/GIDSignInResult.m -o /Users/siam/Library/Developer/Xcode/DerivedData/Lingua_Quest-gvpckrqxtbgyprbgppjfqmimmmfw/Build/Intermediates.noindex/GoogleSignIn.build/Debug-iphonesimulator/GoogleSignIn.build/Objects-normal/x86_64/GIDSignInResult.o -index-unit-output-path /GoogleSignIn.build/Debug-iphonesimulator/GoogleSignIn.build/Objects-normal/x86_64/GIDSignInResult.o

ScanDependencies /Users/siam/Library/Developer/Xcode/DerivedData/Lingua_Quest-gvpckrqxtbgyprbgppjfqmimmmfw/Build/Intermediates.noindex/GoogleSignIn.build/Debug-iphonesimulator/GoogleSignIn.build/Objects-normal/x86_64/GIDMDMPasscodeCache.o /Users/siam/Library/Developer/Xcode/DerivedData/Lingua_Quest-gvpckrqxtbgyprbgppjfqmimmmfw/SourcePackages/checkouts/GoogleSignIn-iOS/GoogleSignIn/Sources/GIDMDMPasscodeCache.m normal x86_64 objective-c com.apple.compilers.llvm.clang.1_0.compiler (in target 'GoogleSignIn' from project 'GoogleSignIn')
    cd /Users/siam/Desktop/Lingua\ Quest/Lingua\ Quest.xcodeproj
    
    Using response file: /Users/siam/Library/Developer/Xcode/DerivedData/Lingua_Quest-gvpckrqxtbgyprbgppjfqmimmmfw/Build/Intermediates.noindex/GoogleSignIn.build/Debug-iphonesimulator/GoogleSignIn.build/Objects-normal/x86_64/e6072d4f65d7061329687fe24e3d63a7-common-args.resp
    
    builtin-ScanDependencies -o /Users/siam/Library/Developer/Xcode/DerivedData/Lingua_Quest-gvpckrqxtbgyprbgppjfqmimmmfw/Build/Intermediates.noindex/GoogleSignIn.build/Debug-iphonesimulator/GoogleSignIn.build/Objects-normal/x86_64/GIDMDMPasscodeCache.o.scan -- /Applications/Xcode.app/Contents/Developer/Toolchains/XcodeDefault.xctoolchain/usr/bin/clang -x objective-c -ivfsstatcache /Users/siam/Library/Developer/Xcode/DerivedData/SDKStatCaches.noindex/iphonesimulator26.0-23A339-26257891a6c027eb51374368541b8346.sdkstatcache -fmessage-length\=0 -fdiagnostics-show-note-include-stack -fmacro-backtrace-limit\=0 -fno-color-diagnostics -fmodules-prune-interval\=86400 -fmodules-prune-after\=345600 -fbuild-session-file\=/Users/siam/Library/Developer/Xcode/DerivedData/ModuleCache.noindex/Session.modulevalidation -fmodules-validate-once-per-build-session -Wnon-modular-include-in-framework-module -Werror\=non-modular-include-in-framework-module -Wno-trigraphs -Wno-missing-field-initializers -Wno-missing-prototypes -Wno-return-type -Wno-implicit-atomic-properties -Wno-objc-interface-ivars -Wno-arc-repeated-use-of-weak -Wno-missing-braces -Wparentheses -Wswitch -Wno-unused-function -Wno-unused-label -Wno-unused-parameter -Wno-unused-variable -Wunused-value -Wno-empty-body -Wno-uninitialized -Wno-unknown-pragmas -w -Wno-shadow -Wno-four-char-constants -Wno-conversion -Wno-constant-conversion -Wno-int-conversion -Wno-bool-conversion -Wno-enum-conversion -Wno-float-conversion -Wno-non-literal-null-conversion -Wno-objc-literal-conversion -Wshorten-64-to-32 -Wpointer-sign -Wno-newline-eof -Wno-selector -Wno-strict-selector-match -Wno-undeclared-selector -Wno-deprecated-implementations -Wno-implicit-fallthrough -fstrict-aliasing -Wprotocol -Wdeprecated-declarations -Wno-sign-conversion -Wno-infinite-recursion -Wno-comma -Wno-block-capture-autoreleasing -Wno-strict-prototypes -Wno-semicolon-before-method-body -index-store-path /Users/siam/Library/Developer/Xcode/DerivedData/Lingua_Quest-gvpckrqxtbgyprbgppjfqmimmmfw/Index.noindex/DataStore @/Users/siam/Library/Developer/Xcode/DerivedData/Lingua_Quest-gvpckrqxtbgyprbgppjfqmimmmfw/Build/Intermediates.noindex/GoogleSignIn.build/Debug-iphonesimulator/GoogleSignIn.build/Objects-normal/x86_64/e6072d4f65d7061329687fe24e3d63a7-common-args.resp -include /Users/siam/Library/Developer/Xcode/DerivedData/Lingua_Quest-gvpckrqxtbgyprbgppjfqmimmmfw/Build/Intermediates.noindex/GoogleSignIn.build/Debug-iphonesimulator/GoogleSignIn.build/DerivedSources/resource_bundle_accessor.h -MMD -MT dependencies -MF /Users/siam/Library/Developer/Xcode/DerivedData/Lingua_Quest-gvpckrqxtbgyprbgppjfqmimmmfw/Build/Intermediates.noindex/GoogleSignIn.build/Debug-iphonesimulator/GoogleSignIn.build/Objects-normal/x86_64/GIDMDMPasscodeCache.d --serialize-diagnostics /Users/siam/Library/Developer/Xcode/DerivedData/Lingua_Quest-gvpckrqxtbgyprbgppjfqmimmmfw/Build/Intermediates.noindex/GoogleSignIn.build/Debug-iphonesimulator/GoogleSignIn.build/Objects-normal/x86_64/GIDMDMPasscodeCache.dia -c /Users/siam/Library/Developer/Xcode/DerivedData/Lingua_Quest-gvpckrqxtbgyprbgppjfqmimmmfw/SourcePackages/checkouts/GoogleSignIn-iOS/GoogleSignIn/Sources/GIDMDMPasscodeCache.m -o /Users/siam/Library/Developer/Xcode/DerivedData/Lingua_Quest-gvpckrqxtbgyprbgppjfqmimmmfw/Build/Intermediates.noindex/GoogleSignIn.build/Debug-iphonesimulator/GoogleSignIn.build/Objects-normal/x86_64/GIDMDMPasscodeCache.o -index-unit-output-path /GoogleSignIn.build/Debug-iphonesimulator/GoogleSignIn.build/Objects-normal/x86_64/GIDMDMPasscodeCache.o

ScanDependencies /Users/siam/Library/Developer/Xcode/DerivedData/Lingua_Quest-gvpckrqxtbgyprbgppjfqmimmmfw/Build/Intermediates.noindex/GoogleSignIn.build/Debug-iphonesimulator/GoogleSignIn.build/Objects-normal/x86_64/GIDJSONSerializerImpl.o /Users/siam/Library/Developer/Xcode/DerivedData/Lingua_Quest-gvpckrqxtbgyprbgppjfqmimmmfw/SourcePackages/checkouts/GoogleSignIn-iOS/GoogleSignIn/Sources/GIDJSONSerializer/Implementation/GIDJSONSerializerImpl.m normal x86_64 objective-c com.apple.compilers.llvm.clang.1_0.compiler (in target 'GoogleSignIn' from project 'GoogleSignIn')
    cd /Users/siam/Desktop/Lingua\ Quest/Lingua\ Quest.xcodeproj
    
    Using response file: /Users/siam/Library/Developer/Xcode/DerivedData/Lingua_Quest-gvpckrqxtbgyprbgppjfqmimmmfw/Build/Intermediates.noindex/GoogleSignIn.build/Debug-iphonesimulator/GoogleSignIn.build/Objects-normal/x86_64/e6072d4f65d7061329687fe24e3d63a7-common-args.resp
    
    builtin-ScanDependencies -o /Users/siam/Library/Developer/Xcode/DerivedData/Lingua_Quest-gvpckrqxtbgyprbgppjfqmimmmfw/Build/Intermediates.noindex/GoogleSignIn.build/Debug-iphonesimulator/GoogleSignIn.build/Objects-normal/x86_64/GIDJSONSerializerImpl.o.scan -- /Applications/Xcode.app/Contents/Developer/Toolchains/XcodeDefault.xctoolchain/usr/bin/clang -x objective-c -ivfsstatcache /Users/siam/Library/Developer/Xcode/DerivedData/SDKStatCaches.noindex/iphonesimulator26.0-23A339-26257891a6c027eb51374368541b8346.sdkstatcache -fmessage-length\=0 -fdiagnostics-show-note-include-stack -fmacro-backtrace-limit\=0 -fno-color-diagnostics -fmodules-prune-interval\=86400 -fmodules-prune-after\=345600 -fbuild-session-file\=/Users/siam/Library/Developer/Xcode/DerivedData/ModuleCache.noindex/Session.modulevalidation -fmodules-validate-once-per-build-session -Wnon-modular-include-in-framework-module -Werror\=non-modular-include-in-framework-module -Wno-trigraphs -Wno-missing-field-initializers -Wno-missing-prototypes -Wno-return-type -Wno-implicit-atomic-properties -Wno-objc-interface-ivars -Wno-arc-repeated-use-of-weak -Wno-missing-braces -Wparentheses -Wswitch -Wno-unused-function -Wno-unused-label -Wno-unused-parameter -Wno-unused-variable -Wunused-value -Wno-empty-body -Wno-uninitialized -Wno-unknown-pragmas -w -Wno-shadow -Wno-four-char-constants -Wno-conversion -Wno-constant-conversion -Wno-int-conversion -Wno-bool-conversion -Wno-enum-conversion -Wno-float-conversion -Wno-non-literal-null-conversion -Wno-objc-literal-conversion -Wshorten-64-to-32 -Wpointer-sign -Wno-newline-eof -Wno-selector -Wno-strict-selector-match -Wno-undeclared-selector -Wno-deprecated-implementations -Wno-implicit-fallthrough -fstrict-aliasing -Wprotocol -Wdeprecated-declarations -Wno-sign-conversion -Wno-infinite-recursion -Wno-comma -Wno-block-capture-autoreleasing -Wno-strict-prototypes -Wno-semicolon-before-method-body -index-store-path /Users/siam/Library/Developer/Xcode/DerivedData/Lingua_Quest-gvpckrqxtbgyprbgppjfqmimmmfw/Index.noindex/DataStore @/Users/siam/Library/Developer/Xcode/DerivedData/Lingua_Quest-gvpckrqxtbgyprbgppjfqmimmmfw/Build/Intermediates.noindex/GoogleSignIn.build/Debug-iphonesimulator/GoogleSignIn.build/Objects-normal/x86_64/e6072d4f65d7061329687fe24e3d63a7-common-args.resp -include /Users/siam/Library/Developer/Xcode/DerivedData/Lingua_Quest-gvpckrqxtbgyprbgppjfqmimmmfw/Build/Intermediates.noindex/GoogleSignIn.build/Debug-iphonesimulator/GoogleSignIn.build/DerivedSources/resource_bundle_accessor.h -MMD -MT dependencies -MF /Users/siam/Library/Developer/Xcode/DerivedData/Lingua_Quest-gvpckrqxtbgyprbgppjfqmimmmfw/Build/Intermediates.noindex/GoogleSignIn.build/Debug-iphonesimulator/GoogleSignIn.build/Objects-normal/x86_64/GIDJSONSerializerImpl.d --serialize-diagnostics /Users/siam/Library/Developer/Xcode/DerivedData/Lingua_Quest-gvpckrqxtbgyprbgppjfqmimmmfw/Build/Intermediates.noindex/GoogleSignIn.build/Debug-iphonesimulator/GoogleSignIn.build/Objects-normal/x86_64/GIDJSONSerializerImpl.dia -c /Users/siam/Library/Developer/Xcode/DerivedData/Lingua_Quest-gvpckrqxtbgyprbgppjfqmimmmfw/SourcePackages/checkouts/GoogleSignIn-iOS/GoogleSignIn/Sources/GIDJSONSerializer/Implementation/GIDJSONSerializerImpl.m -o /Users/siam/Library/Developer/Xcode/DerivedData/Lingua_Quest-gvpckrqxtbgyprbgppjfqmimmmfw/Build/Intermediates.noindex/GoogleSignIn.build/Debug-iphonesimulator/GoogleSignIn.build/Objects-normal/x86_64/GIDJSONSerializerImpl.o -index-unit-output-path /GoogleSignIn.build/Debug-iphonesimulator/GoogleSignIn.build/Objects-normal/x86_64/GIDJSONSerializerImpl.o

PrecompileModule /Users/siam/Library/Developer/Xcode/DerivedData/Lingua_Quest-gvpckrqxtbgyprbgppjfqmimmmfw/Build/Intermediates.noindex/ExplicitPrecompiledModules/GTMAppAuth-CKRINUEVNMB1R9M0BEPCGMYIV.scan
    cd /
    builtin-precompileModule /Users/siam/Library/Developer/Xcode/DerivedData/Lingua_Quest-gvpckrqxtbgyprbgppjfqmimmmfw/Build/Intermediates.noindex/ExplicitPrecompiledModules/GTMAppAuth-CKRINUEVNMB1R9M0BEPCGMYIV.scan

PrecompileModule /Users/siam/Library/Developer/Xcode/DerivedData/Lingua_Quest-gvpckrqxtbgyprbgppjfqmimmmfw/Build/Intermediates.noindex/ExplicitPrecompiledModules/AppCheckCore-7JF5ZVBFKXBMEYJEQZB10ZCLZ.scan
    cd /
    builtin-precompileModule /Users/siam/Library/Developer/Xcode/DerivedData/Lingua_Quest-gvpckrqxtbgyprbgppjfqmimmmfw/Build/Intermediates.noindex/ExplicitPrecompiledModules/AppCheckCore-7JF5ZVBFKXBMEYJEQZB10ZCLZ.scan

SwiftDriverJobDiscovery normal x86_64 Compiling GTMOAuth2Compatibility.swift (in target 'GTMAppAuth' from project 'GTMAppAuth')

PrecompileModule /Users/siam/Library/Developer/Xcode/DerivedData/Lingua_Quest-gvpckrqxtbgyprbgppjfqmimmmfw/Build/Intermediates.noindex/ExplicitPrecompiledModules/AppAuthCore-CO29E2KX347JGG5XT8MV6HYCD.scan
    cd /
    builtin-precompileModule /Users/siam/Library/Developer/Xcode/DerivedData/Lingua_Quest-gvpckrqxtbgyprbgppjfqmimmmfw/Build/Intermediates.noindex/ExplicitPrecompiledModules/AppAuthCore-CO29E2KX347JGG5XT8MV6HYCD.scan

ScanDependencies /Users/siam/Library/Developer/Xcode/DerivedData/Lingua_Quest-gvpckrqxtbgyprbgppjfqmimmmfw/Build/Intermediates.noindex/GoogleSignIn.build/Debug-iphonesimulator/GoogleSignIn.build/Objects-normal/x86_64/GIDGoogleUser.o /Users/siam/Library/Developer/Xcode/DerivedData/Lingua_Quest-gvpckrqxtbgyprbgppjfqmimmmfw/SourcePackages/checkouts/GoogleSignIn-iOS/GoogleSignIn/Sources/GIDGoogleUser.m normal x86_64 objective-c com.apple.compilers.llvm.clang.1_0.compiler (in target 'GoogleSignIn' from project 'GoogleSignIn')
    cd /Users/siam/Desktop/Lingua\ Quest/Lingua\ Quest.xcodeproj
    
    Using response file: /Users/siam/Library/Developer/Xcode/DerivedData/Lingua_Quest-gvpckrqxtbgyprbgppjfqmimmmfw/Build/Intermediates.noindex/GoogleSignIn.build/Debug-iphonesimulator/GoogleSignIn.build/Objects-normal/x86_64/e6072d4f65d7061329687fe24e3d63a7-common-args.resp
    
    builtin-ScanDependencies -o /Users/siam/Library/Developer/Xcode/DerivedData/Lingua_Quest-gvpckrqxtbgyprbgppjfqmimmmfw/Build/Intermediates.noindex/GoogleSignIn.build/Debug-iphonesimulator/GoogleSignIn.build/Objects-normal/x86_64/GIDGoogleUser.o.scan -- /Applications/Xcode.app/Contents/Developer/Toolchains/XcodeDefault.xctoolchain/usr/bin/clang -x objective-c -ivfsstatcache /Users/siam/Library/Developer/Xcode/DerivedData/SDKStatCaches.noindex/iphonesimulator26.0-23A339-26257891a6c027eb51374368541b8346.sdkstatcache -fmessage-length\=0 -fdiagnostics-show-note-include-stack -fmacro-backtrace-limit\=0 -fno-color-diagnostics -fmodules-prune-interval\=86400 -fmodules-prune-after\=345600 -fbuild-session-file\=/Users/siam/Library/Developer/Xcode/DerivedData/ModuleCache.noindex/Session.modulevalidation -fmodules-validate-once-per-build-session -Wnon-modular-include-in-framework-module -Werror\=non-modular-include-in-framework-module -Wno-trigraphs -Wno-missing-field-initializers -Wno-missing-prototypes -Wno-return-type -Wno-implicit-atomic-properties -Wno-objc-interface-ivars -Wno-arc-repeated-use-of-weak -Wno-missing-braces -Wparentheses -Wswitch -Wno-unused-function -Wno-unused-label -Wno-unused-parameter -Wno-unused-variable -Wunused-value -Wno-empty-body -Wno-uninitialized -Wno-unknown-pragmas -w -Wno-shadow -Wno-four-char-constants -Wno-conversion -Wno-constant-conversion -Wno-int-conversion -Wno-bool-conversion -Wno-enum-conversion -Wno-float-conversion -Wno-non-literal-null-conversion -Wno-objc-literal-conversion -Wshorten-64-to-32 -Wpointer-sign -Wno-newline-eof -Wno-selector -Wno-strict-selector-match -Wno-undeclared-selector -Wno-deprecated-implementations -Wno-implicit-fallthrough -fstrict-aliasing -Wprotocol -Wdeprecated-declarations -Wno-sign-conversion -Wno-infinite-recursion -Wno-comma -Wno-block-capture-autoreleasing -Wno-strict-prototypes -Wno-semicolon-before-method-body -index-store-path /Users/siam/Library/Developer/Xcode/DerivedData/Lingua_Quest-gvpckrqxtbgyprbgppjfqmimmmfw/Index.noindex/DataStore @/Users/siam/Library/Developer/Xcode/DerivedData/Lingua_Quest-gvpckrqxtbgyprbgppjfqmimmmfw/Build/Intermediates.noindex/GoogleSignIn.build/Debug-iphonesimulator/GoogleSignIn.build/Objects-normal/x86_64/e6072d4f65d7061329687fe24e3d63a7-common-args.resp -include /Users/siam/Library/Developer/Xcode/DerivedData/Lingua_Quest-gvpckrqxtbgyprbgppjfqmimmmfw/Build/Intermediates.noindex/GoogleSignIn.build/Debug-iphonesimulator/GoogleSignIn.build/DerivedSources/resource_bundle_accessor.h -MMD -MT dependencies -MF /Users/siam/Library/Developer/Xcode/DerivedData/Lingua_Quest-gvpckrqxtbgyprbgppjfqmimmmfw/Build/Intermediates.noindex/GoogleSignIn.build/Debug-iphonesimulator/GoogleSignIn.build/Objects-normal/x86_64/GIDGoogleUser.d --serialize-diagnostics /Users/siam/Library/Developer/Xcode/DerivedData/Lingua_Quest-gvpckrqxtbgyprbgppjfqmimmmfw/Build/Intermediates.noindex/GoogleSignIn.build/Debug-iphonesimulator/GoogleSignIn.build/Objects-normal/x86_64/GIDGoogleUser.dia -c /Users/siam/Library/Developer/Xcode/DerivedData/Lingua_Quest-gvpckrqxtbgyprbgppjfqmimmmfw/SourcePackages/checkouts/GoogleSignIn-iOS/GoogleSignIn/Sources/GIDGoogleUser.m -o /Users/siam/Library/Developer/Xcode/DerivedData/Lingua_Quest-gvpckrqxtbgyprbgppjfqmimmmfw/Build/Intermediates.noindex/GoogleSignIn.build/Debug-iphonesimulator/GoogleSignIn.build/Objects-normal/x86_64/GIDGoogleUser.o -index-unit-output-path /GoogleSignIn.build/Debug-iphonesimulator/GoogleSignIn.build/Objects-normal/x86_64/GIDGoogleUser.o

ScanDependencies /Users/siam/Library/Developer/Xcode/DerivedData/Lingua_Quest-gvpckrqxtbgyprbgppjfqmimmmfw/Build/Intermediates.noindex/GoogleSignIn.build/Debug-iphonesimulator/GoogleSignIn.build/Objects-normal/x86_64/GIDFakeJSONSerializerImpl.o /Users/siam/Library/Developer/Xcode/DerivedData/Lingua_Quest-gvpckrqxtbgyprbgppjfqmimmmfw/SourcePackages/checkouts/GoogleSignIn-iOS/GoogleSignIn/Sources/GIDJSONSerializer/Fake/GIDFakeJSONSerializerImpl.m normal x86_64 objective-c com.apple.compilers.llvm.clang.1_0.compiler (in target 'GoogleSignIn' from project 'GoogleSignIn')
    cd /Users/siam/Desktop/Lingua\ Quest/Lingua\ Quest.xcodeproj
    
    Using response file: /Users/siam/Library/Developer/Xcode/DerivedData/Lingua_Quest-gvpckrqxtbgyprbgppjfqmimmmfw/Build/Intermediates.noindex/GoogleSignIn.build/Debug-iphonesimulator/GoogleSignIn.build/Objects-normal/x86_64/e6072d4f65d7061329687fe24e3d63a7-common-args.resp
    
    builtin-ScanDependencies -o /Users/siam/Library/Developer/Xcode/DerivedData/Lingua_Quest-gvpckrqxtbgyprbgppjfqmimmmfw/Build/Intermediates.noindex/GoogleSignIn.build/Debug-iphonesimulator/GoogleSignIn.build/Objects-normal/x86_64/GIDFakeJSONSerializerImpl.o.scan -- /Applications/Xcode.app/Contents/Developer/Toolchains/XcodeDefault.xctoolchain/usr/bin/clang -x objective-c -ivfsstatcache /Users/siam/Library/Developer/Xcode/DerivedData/SDKStatCaches.noindex/iphonesimulator26.0-23A339-26257891a6c027eb51374368541b8346.sdkstatcache -fmessage-length\=0 -fdiagnostics-show-note-include-stack -fmacro-backtrace-limit\=0 -fno-color-diagnostics -fmodules-prune-interval\=86400 -fmodules-prune-after\=345600 -fbuild-session-file\=/Users/siam/Library/Developer/Xcode/DerivedData/ModuleCache.noindex/Session.modulevalidation -fmodules-validate-once-per-build-session -Wnon-modular-include-in-framework-module -Werror\=non-modular-include-in-framework-module -Wno-trigraphs -Wno-missing-field-initializers -Wno-missing-prototypes -Wno-return-type -Wno-implicit-atomic-properties -Wno-objc-interface-ivars -Wno-arc-repeated-use-of-weak -Wno-missing-braces -Wparentheses -Wswitch -Wno-unused-function -Wno-unused-label -Wno-unused-parameter -Wno-unused-variable -Wunused-value -Wno-empty-body -Wno-uninitialized -Wno-unknown-pragmas -w -Wno-shadow -Wno-four-char-constants -Wno-conversion -Wno-constant-conversion -Wno-int-conversion -Wno-bool-conversion -Wno-enum-conversion -Wno-float-conversion -Wno-non-literal-null-conversion -Wno-objc-literal-conversion -Wshorten-64-to-32 -Wpointer-sign -Wno-newline-eof -Wno-selector -Wno-strict-selector-match -Wno-undeclared-selector -Wno-deprecated-implementations -Wno-implicit-fallthrough -fstrict-aliasing -Wprotocol -Wdeprecated-declarations -Wno-sign-conversion -Wno-infinite-recursion -Wno-comma -Wno-block-capture-autoreleasing -Wno-strict-prototypes -Wno-semicolon-before-method-body -index-store-path /Users/siam/Library/Developer/Xcode/DerivedData/Lingua_Quest-gvpckrqxtbgyprbgppjfqmimmmfw/Index.noindex/DataStore @/Users/siam/Library/Developer/Xcode/DerivedData/Lingua_Quest-gvpckrqxtbgyprbgppjfqmimmmfw/Build/Intermediates.noindex/GoogleSignIn.build/Debug-iphonesimulator/GoogleSignIn.build/Objects-normal/x86_64/e6072d4f65d7061329687fe24e3d63a7-common-args.resp -include /Users/siam/Library/Developer/Xcode/DerivedData/Lingua_Quest-gvpckrqxtbgyprbgppjfqmimmmfw/Build/Intermediates.noindex/GoogleSignIn.build/Debug-iphonesimulator/GoogleSignIn.build/DerivedSources/resource_bundle_accessor.h -MMD -MT dependencies -MF /Users/siam/Library/Developer/Xcode/DerivedData/Lingua_Quest-gvpckrqxtbgyprbgppjfqmimmmfw/Build/Intermediates.noindex/GoogleSignIn.build/Debug-iphonesimulator/GoogleSignIn.build/Objects-normal/x86_64/GIDFakeJSONSerializerImpl.d --serialize-diagnostics /Users/siam/Library/Developer/Xcode/DerivedData/Lingua_Quest-gvpckrqxtbgyprbgppjfqmimmmfw/Build/Intermediates.noindex/GoogleSignIn.build/Debug-iphonesimulator/GoogleSignIn.build/Objects-normal/x86_64/GIDFakeJSONSerializerImpl.dia -c /Users/siam/Library/Developer/Xcode/DerivedData/Lingua_Quest-gvpckrqxtbgyprbgppjfqmimmmfw/SourcePackages/checkouts/GoogleSignIn-iOS/GoogleSignIn/Sources/GIDJSONSerializer/Fake/GIDFakeJSONSerializerImpl.m -o /Users/siam/Library/Developer/Xcode/DerivedData/Lingua_Quest-gvpckrqxtbgyprbgppjfqmimmmfw/Build/Intermediates.noindex/GoogleSignIn.build/Debug-iphonesimulator/GoogleSignIn.build/Objects-normal/x86_64/GIDFakeJSONSerializerImpl.o -index-unit-output-path /GoogleSignIn.build/Debug-iphonesimulator/GoogleSignIn.build/Objects-normal/x86_64/GIDFakeJSONSerializerImpl.o

ScanDependencies /Users/siam/Library/Developer/Xcode/DerivedData/Lingua_Quest-gvpckrqxtbgyprbgppjfqmimmmfw/Build/Intermediates.noindex/GoogleSignIn.build/Debug-iphonesimulator/GoogleSignIn.build/Objects-normal/x86_64/GIDFakeAuthStateMigration.o /Users/siam/Library/Developer/Xcode/DerivedData/Lingua_Quest-gvpckrqxtbgyprbgppjfqmimmmfw/SourcePackages/checkouts/GoogleSignIn-iOS/GoogleSignIn/Sources/GIDAuthStateMigration/Fake/GIDFakeAuthStateMigration.m normal x86_64 objective-c com.apple.compilers.llvm.clang.1_0.compiler (in target 'GoogleSignIn' from project 'GoogleSignIn')
    cd /Users/siam/Desktop/Lingua\ Quest/Lingua\ Quest.xcodeproj
    
    Using response file: /Users/siam/Library/Developer/Xcode/DerivedData/Lingua_Quest-gvpckrqxtbgyprbgppjfqmimmmfw/Build/Intermediates.noindex/GoogleSignIn.build/Debug-iphonesimulator/GoogleSignIn.build/Objects-normal/x86_64/e6072d4f65d7061329687fe24e3d63a7-common-args.resp
    
    builtin-ScanDependencies -o /Users/siam/Library/Developer/Xcode/DerivedData/Lingua_Quest-gvpckrqxtbgyprbgppjfqmimmmfw/Build/Intermediates.noindex/GoogleSignIn.build/Debug-iphonesimulator/GoogleSignIn.build/Objects-normal/x86_64/GIDFakeAuthStateMigration.o.scan -- /Applications/Xcode.app/Contents/Developer/Toolchains/XcodeDefault.xctoolchain/usr/bin/clang -x objective-c -ivfsstatcache /Users/siam/Library/Developer/Xcode/DerivedData/SDKStatCaches.noindex/iphonesimulator26.0-23A339-26257891a6c027eb51374368541b8346.sdkstatcache -fmessage-length\=0 -fdiagnostics-show-note-include-stack -fmacro-backtrace-limit\=0 -fno-color-diagnostics -fmodules-prune-interval\=86400 -fmodules-prune-after\=345600 -fbuild-session-file\=/Users/siam/Library/Developer/Xcode/DerivedData/ModuleCache.noindex/Session.modulevalidation -fmodules-validate-once-per-build-session -Wnon-modular-include-in-framework-module -Werror\=non-modular-include-in-framework-module -Wno-trigraphs -Wno-missing-field-initializers -Wno-missing-prototypes -Wno-return-type -Wno-implicit-atomic-properties -Wno-objc-interface-ivars -Wno-arc-repeated-use-of-weak -Wno-missing-braces -Wparentheses -Wswitch -Wno-unused-function -Wno-unused-label -Wno-unused-parameter -Wno-unused-variable -Wunused-value -Wno-empty-body -Wno-uninitialized -Wno-unknown-pragmas -w -Wno-shadow -Wno-four-char-constants -Wno-conversion -Wno-constant-conversion -Wno-int-conversion -Wno-bool-conversion -Wno-enum-conversion -Wno-float-conversion -Wno-non-literal-null-conversion -Wno-objc-literal-conversion -Wshorten-64-to-32 -Wpointer-sign -Wno-newline-eof -Wno-selector -Wno-strict-selector-match -Wno-undeclared-selector -Wno-deprecated-implementations -Wno-implicit-fallthrough -fstrict-aliasing -Wprotocol -Wdeprecated-declarations -Wno-sign-conversion -Wno-infinite-recursion -Wno-comma -Wno-block-capture-autoreleasing -Wno-strict-prototypes -Wno-semicolon-before-method-body -index-store-path /Users/siam/Library/Developer/Xcode/DerivedData/Lingua_Quest-gvpckrqxtbgyprbgppjfqmimmmfw/Index.noindex/DataStore @/Users/siam/Library/Developer/Xcode/DerivedData/Lingua_Quest-gvpckrqxtbgyprbgppjfqmimmmfw/Build/Intermediates.noindex/GoogleSignIn.build/Debug-iphonesimulator/GoogleSignIn.build/Objects-normal/x86_64/e6072d4f65d7061329687fe24e3d63a7-common-args.resp -include /Users/siam/Library/Developer/Xcode/DerivedData/Lingua_Quest-gvpckrqxtbgyprbgppjfqmimmmfw/Build/Intermediates.noindex/GoogleSignIn.build/Debug-iphonesimulator/GoogleSignIn.build/DerivedSources/resource_bundle_accessor.h -MMD -MT dependencies -MF /Users/siam/Library/Developer/Xcode/DerivedData/Lingua_Quest-gvpckrqxtbgyprbgppjfqmimmmfw/Build/Intermediates.noindex/GoogleSignIn.build/Debug-iphonesimulator/GoogleSignIn.build/Objects-normal/x86_64/GIDFakeAuthStateMigration.d --serialize-diagnostics /Users/siam/Library/Developer/Xcode/DerivedData/Lingua_Quest-gvpckrqxtbgyprbgppjfqmimmmfw/Build/Intermediates.noindex/GoogleSignIn.build/Debug-iphonesimulator/GoogleSignIn.build/Objects-normal/x86_64/GIDFakeAuthStateMigration.dia -c /Users/siam/Library/Developer/Xcode/DerivedData/Lingua_Quest-gvpckrqxtbgyprbgppjfqmimmmfw/SourcePackages/checkouts/GoogleSignIn-iOS/GoogleSignIn/Sources/GIDAuthStateMigration/Fake/GIDFakeAuthStateMigration.m -o /Users/siam/Library/Developer/Xcode/DerivedData/Lingua_Quest-gvpckrqxtbgyprbgppjfqmimmmfw/Build/Intermediates.noindex/GoogleSignIn.build/Debug-iphonesimulator/GoogleSignIn.build/Objects-normal/x86_64/GIDFakeAuthStateMigration.o -index-unit-output-path /GoogleSignIn.build/Debug-iphonesimulator/GoogleSignIn.build/Objects-normal/x86_64/GIDFakeAuthStateMigration.o

CompileC /Users/siam/Library/Developer/Xcode/DerivedData/Lingua_Quest-gvpckrqxtbgyprbgppjfqmimmmfw/Build/Intermediates.noindex/GoogleSignIn.build/Debug-iphonesimulator/GoogleSignIn.build/Objects-normal/x86_64/GIDMDMPasscodeCache.o /Users/siam/Library/Developer/Xcode/DerivedData/Lingua_Quest-gvpckrqxtbgyprbgppjfqmimmmfw/SourcePackages/checkouts/GoogleSignIn-iOS/GoogleSignIn/Sources/GIDMDMPasscodeCache.m normal x86_64 objective-c com.apple.compilers.llvm.clang.1_0.compiler (in target 'GoogleSignIn' from project 'GoogleSignIn')
    cd /Users/siam/Desktop/Lingua\ Quest/Lingua\ Quest.xcodeproj
    
    Using response file: /Users/siam/Library/Developer/Xcode/DerivedData/Lingua_Quest-gvpckrqxtbgyprbgppjfqmimmmfw/Build/Intermediates.noindex/GoogleSignIn.build/Debug-iphonesimulator/GoogleSignIn.build/Objects-normal/x86_64/e6072d4f65d7061329687fe24e3d63a7-common-args.resp
    
    /Applications/Xcode.app/Contents/Developer/Toolchains/XcodeDefault.xctoolchain/usr/bin/clang -x objective-c -ivfsstatcache /Users/siam/Library/Developer/Xcode/DerivedData/SDKStatCaches.noindex/iphonesimulator26.0-23A339-26257891a6c027eb51374368541b8346.sdkstatcache -fmessage-length\=0 -fdiagnostics-show-note-include-stack -fmacro-backtrace-limit\=0 -fno-color-diagnostics -fmodules-prune-interval\=86400 -fmodules-prune-after\=345600 -fbuild-session-file\=/Users/siam/Library/Developer/Xcode/DerivedData/ModuleCache.noindex/Session.modulevalidation -fmodules-validate-once-per-build-session -Wnon-modular-include-in-framework-module -Werror\=non-modular-include-in-framework-module -Wno-trigraphs -Wno-missing-field-initializers -Wno-missing-prototypes -Wno-return-type -Wno-implicit-atomic-properties -Wno-objc-interface-ivars -Wno-arc-repeated-use-of-weak -Wno-missing-braces -Wparentheses -Wswitch -Wno-unused-function -Wno-unused-label -Wno-unused-parameter -Wno-unused-variable -Wunused-value -Wno-empty-body -Wno-uninitialized -Wno-unknown-pragmas -w -Wno-shadow -Wno-four-char-constants -Wno-conversion -Wno-constant-conversion -Wno-int-conversion -Wno-bool-conversion -Wno-enum-conversion -Wno-float-conversion -Wno-non-literal-null-conversion -Wno-objc-literal-conversion -Wshorten-64-to-32 -Wpointer-sign -Wno-newline-eof -Wno-selector -Wno-strict-selector-match -Wno-undeclared-selector -Wno-deprecated-implementations -Wno-implicit-fallthrough -fstrict-aliasing -Wprotocol -Wdeprecated-declarations -Wno-sign-conversion -Wno-infinite-recursion -Wno-comma -Wno-block-capture-autoreleasing -Wno-strict-prototypes -Wno-semicolon-before-method-body -index-store-path /Users/siam/Library/Developer/Xcode/DerivedData/Lingua_Quest-gvpckrqxtbgyprbgppjfqmimmmfw/Index.noindex/DataStore @/Users/siam/Library/Developer/Xcode/DerivedData/Lingua_Quest-gvpckrqxtbgyprbgppjfqmimmmfw/Build/Intermediates.noindex/GoogleSignIn.build/Debug-iphonesimulator/GoogleSignIn.build/Objects-normal/x86_64/e6072d4f65d7061329687fe24e3d63a7-common-args.resp -include /Users/siam/Library/Developer/Xcode/DerivedData/Lingua_Quest-gvpckrqxtbgyprbgppjfqmimmmfw/Build/Intermediates.noindex/GoogleSignIn.build/Debug-iphonesimulator/GoogleSignIn.build/DerivedSources/resource_bundle_accessor.h -MMD -MT dependencies -MF /Users/siam/Library/Developer/Xcode/DerivedData/Lingua_Quest-gvpckrqxtbgyprbgppjfqmimmmfw/Build/Intermediates.noindex/GoogleSignIn.build/Debug-iphonesimulator/GoogleSignIn.build/Objects-normal/x86_64/GIDMDMPasscodeCache.d --serialize-diagnostics /Users/siam/Library/Developer/Xcode/DerivedData/Lingua_Quest-gvpckrqxtbgyprbgppjfqmimmmfw/Build/Intermediates.noindex/GoogleSignIn.build/Debug-iphonesimulator/GoogleSignIn.build/Objects-normal/x86_64/GIDMDMPasscodeCache.dia -c /Users/siam/Library/Developer/Xcode/DerivedData/Lingua_Quest-gvpckrqxtbgyprbgppjfqmimmmfw/SourcePackages/checkouts/GoogleSignIn-iOS/GoogleSignIn/Sources/GIDMDMPasscodeCache.m -o /Users/siam/Library/Developer/Xcode/DerivedData/Lingua_Quest-gvpckrqxtbgyprbgppjfqmimmmfw/Build/Intermediates.noindex/GoogleSignIn.build/Debug-iphonesimulator/GoogleSignIn.build/Objects-normal/x86_64/GIDMDMPasscodeCache.o -index-unit-output-path /GoogleSignIn.build/Debug-iphonesimulator/GoogleSignIn.build/Objects-normal/x86_64/GIDMDMPasscodeCache.o

CompileC /Users/siam/Library/Developer/Xcode/DerivedData/Lingua_Quest-gvpckrqxtbgyprbgppjfqmimmmfw/Build/Intermediates.noindex/GoogleSignIn.build/Debug-iphonesimulator/GoogleSignIn.build/Objects-normal/x86_64/GIDJSONSerializerImpl.o /Users/siam/Library/Developer/Xcode/DerivedData/Lingua_Quest-gvpckrqxtbgyprbgppjfqmimmmfw/SourcePackages/checkouts/GoogleSignIn-iOS/GoogleSignIn/Sources/GIDJSONSerializer/Implementation/GIDJSONSerializerImpl.m normal x86_64 objective-c com.apple.compilers.llvm.clang.1_0.compiler (in target 'GoogleSignIn' from project 'GoogleSignIn')
    cd /Users/siam/Desktop/Lingua\ Quest/Lingua\ Quest.xcodeproj
    
    Using response file: /Users/siam/Library/Developer/Xcode/DerivedData/Lingua_Quest-gvpckrqxtbgyprbgppjfqmimmmfw/Build/Intermediates.noindex/GoogleSignIn.build/Debug-iphonesimulator/GoogleSignIn.build/Objects-normal/x86_64/e6072d4f65d7061329687fe24e3d63a7-common-args.resp
    
    /Applications/Xcode.app/Contents/Developer/Toolchains/XcodeDefault.xctoolchain/usr/bin/clang -x objective-c -ivfsstatcache /Users/siam/Library/Developer/Xcode/DerivedData/SDKStatCaches.noindex/iphonesimulator26.0-23A339-26257891a6c027eb51374368541b8346.sdkstatcache -fmessage-length\=0 -fdiagnostics-show-note-include-stack -fmacro-backtrace-limit\=0 -fno-color-diagnostics -fmodules-prune-interval\=86400 -fmodules-prune-after\=345600 -fbuild-session-file\=/Users/siam/Library/Developer/Xcode/DerivedData/ModuleCache.noindex/Session.modulevalidation -fmodules-validate-once-per-build-session -Wnon-modular-include-in-framework-module -Werror\=non-modular-include-in-framework-module -Wno-trigraphs -Wno-missing-field-initializers -Wno-missing-prototypes -Wno-return-type -Wno-implicit-atomic-properties -Wno-objc-interface-ivars -Wno-arc-repeated-use-of-weak -Wno-missing-braces -Wparentheses -Wswitch -Wno-unused-function -Wno-unused-label -Wno-unused-parameter -Wno-unused-variable -Wunused-value -Wno-empty-body -Wno-uninitialized -Wno-unknown-pragmas -w -Wno-shadow -Wno-four-char-constants -Wno-conversion -Wno-constant-conversion -Wno-int-conversion -Wno-bool-conversion -Wno-enum-conversion -Wno-float-conversion -Wno-non-literal-null-conversion -Wno-objc-literal-conversion -Wshorten-64-to-32 -Wpointer-sign -Wno-newline-eof -Wno-selector -Wno-strict-selector-match -Wno-undeclared-selector -Wno-deprecated-implementations -Wno-implicit-fallthrough -fstrict-aliasing -Wprotocol -Wdeprecated-declarations -Wno-sign-conversion -Wno-infinite-recursion -Wno-comma -Wno-block-capture-autoreleasing -Wno-strict-prototypes -Wno-semicolon-before-method-body -index-store-path /Users/siam/Library/Developer/Xcode/DerivedData/Lingua_Quest-gvpckrqxtbgyprbgppjfqmimmmfw/Index.noindex/DataStore @/Users/siam/Library/Developer/Xcode/DerivedData/Lingua_Quest-gvpckrqxtbgyprbgppjfqmimmmfw/Build/Intermediates.noindex/GoogleSignIn.build/Debug-iphonesimulator/GoogleSignIn.build/Objects-normal/x86_64/e6072d4f65d7061329687fe24e3d63a7-common-args.resp -include /Users/siam/Library/Developer/Xcode/DerivedData/Lingua_Quest-gvpckrqxtbgyprbgppjfqmimmmfw/Build/Intermediates.noindex/GoogleSignIn.build/Debug-iphonesimulator/GoogleSignIn.build/DerivedSources/resource_bundle_accessor.h -MMD -MT dependencies -MF /Users/siam/Library/Developer/Xcode/DerivedData/Lingua_Quest-gvpckrqxtbgyprbgppjfqmimmmfw/Build/Intermediates.noindex/GoogleSignIn.build/Debug-iphonesimulator/GoogleSignIn.build/Objects-normal/x86_64/GIDJSONSerializerImpl.d --serialize-diagnostics /Users/siam/Library/Developer/Xcode/DerivedData/Lingua_Quest-gvpckrqxtbgyprbgppjfqmimmmfw/Build/Intermediates.noindex/GoogleSignIn.build/Debug-iphonesimulator/GoogleSignIn.build/Objects-normal/x86_64/GIDJSONSerializerImpl.dia -c /Users/siam/Library/Developer/Xcode/DerivedData/Lingua_Quest-gvpckrqxtbgyprbgppjfqmimmmfw/SourcePackages/checkouts/GoogleSignIn-iOS/GoogleSignIn/Sources/GIDJSONSerializer/Implementation/GIDJSONSerializerImpl.m -o /Users/siam/Library/Developer/Xcode/DerivedData/Lingua_Quest-gvpckrqxtbgyprbgppjfqmimmmfw/Build/Intermediates.noindex/GoogleSignIn.build/Debug-iphonesimulator/GoogleSignIn.build/Objects-normal/x86_64/GIDJSONSerializerImpl.o -index-unit-output-path /GoogleSignIn.build/Debug-iphonesimulator/GoogleSignIn.build/Objects-normal/x86_64/GIDJSONSerializerImpl.o

ScanDependencies /Users/siam/Library/Developer/Xcode/DerivedData/Lingua_Quest-gvpckrqxtbgyprbgppjfqmimmmfw/Build/Intermediates.noindex/GoogleSignIn.build/Debug-iphonesimulator/GoogleSignIn.build/Objects-normal/x86_64/GIDEMMSupport.o /Users/siam/Library/Developer/Xcode/DerivedData/Lingua_Quest-gvpckrqxtbgyprbgppjfqmimmmfw/SourcePackages/checkouts/GoogleSignIn-iOS/GoogleSignIn/Sources/GIDEMMSupport.m normal x86_64 objective-c com.apple.compilers.llvm.clang.1_0.compiler (in target 'GoogleSignIn' from project 'GoogleSignIn')
    cd /Users/siam/Desktop/Lingua\ Quest/Lingua\ Quest.xcodeproj
    
    Using response file: /Users/siam/Library/Developer/Xcode/DerivedData/Lingua_Quest-gvpckrqxtbgyprbgppjfqmimmmfw/Build/Intermediates.noindex/GoogleSignIn.build/Debug-iphonesimulator/GoogleSignIn.build/Objects-normal/x86_64/e6072d4f65d7061329687fe24e3d63a7-common-args.resp
    
    builtin-ScanDependencies -o /Users/siam/Library/Developer/Xcode/DerivedData/Lingua_Quest-gvpckrqxtbgyprbgppjfqmimmmfw/Build/Intermediates.noindex/GoogleSignIn.build/Debug-iphonesimulator/GoogleSignIn.build/Objects-normal/x86_64/GIDEMMSupport.o.scan -- /Applications/Xcode.app/Contents/Developer/Toolchains/XcodeDefault.xctoolchain/usr/bin/clang -x objective-c -ivfsstatcache /Users/siam/Library/Developer/Xcode/DerivedData/SDKStatCaches.noindex/iphonesimulator26.0-23A339-26257891a6c027eb51374368541b8346.sdkstatcache -fmessage-length\=0 -fdiagnostics-show-note-include-stack -fmacro-backtrace-limit\=0 -fno-color-diagnostics -fmodules-prune-interval\=86400 -fmodules-prune-after\=345600 -fbuild-session-file\=/Users/siam/Library/Developer/Xcode/DerivedData/ModuleCache.noindex/Session.modulevalidation -fmodules-validate-once-per-build-session -Wnon-modular-include-in-framework-module -Werror\=non-modular-include-in-framework-module -Wno-trigraphs -Wno-missing-field-initializers -Wno-missing-prototypes -Wno-return-type -Wno-implicit-atomic-properties -Wno-objc-interface-ivars -Wno-arc-repeated-use-of-weak -Wno-missing-braces -Wparentheses -Wswitch -Wno-unused-function -Wno-unused-label -Wno-unused-parameter -Wno-unused-variable -Wunused-value -Wno-empty-body -Wno-uninitialized -Wno-unknown-pragmas -w -Wno-shadow -Wno-four-char-constants -Wno-conversion -Wno-constant-conversion -Wno-int-conversion -Wno-bool-conversion -Wno-enum-conversion -Wno-float-conversion -Wno-non-literal-null-conversion -Wno-objc-literal-conversion -Wshorten-64-to-32 -Wpointer-sign -Wno-newline-eof -Wno-selector -Wno-strict-selector-match -Wno-undeclared-selector -Wno-deprecated-implementations -Wno-implicit-fallthrough -fstrict-aliasing -Wprotocol -Wdeprecated-declarations -Wno-sign-conversion -Wno-infinite-recursion -Wno-comma -Wno-block-capture-autoreleasing -Wno-strict-prototypes -Wno-semicolon-before-method-body -index-store-path /Users/siam/Library/Developer/Xcode/DerivedData/Lingua_Quest-gvpckrqxtbgyprbgppjfqmimmmfw/Index.noindex/DataStore @/Users/siam/Library/Developer/Xcode/DerivedData/Lingua_Quest-gvpckrqxtbgyprbgppjfqmimmmfw/Build/Intermediates.noindex/GoogleSignIn.build/Debug-iphonesimulator/GoogleSignIn.build/Objects-normal/x86_64/e6072d4f65d7061329687fe24e3d63a7-common-args.resp -include /Users/siam/Library/Developer/Xcode/DerivedData/Lingua_Quest-gvpckrqxtbgyprbgppjfqmimmmfw/Build/Intermediates.noindex/GoogleSignIn.build/Debug-iphonesimulator/GoogleSignIn.build/DerivedSources/resource_bundle_accessor.h -MMD -MT dependencies -MF /Users/siam/Library/Developer/Xcode/DerivedData/Lingua_Quest-gvpckrqxtbgyprbgppjfqmimmmfw/Build/Intermediates.noindex/GoogleSignIn.build/Debug-iphonesimulator/GoogleSignIn.build/Objects-normal/x86_64/GIDEMMSupport.d --serialize-diagnostics /Users/siam/Library/Developer/Xcode/DerivedData/Lingua_Quest-gvpckrqxtbgyprbgppjfqmimmmfw/Build/Intermediates.noindex/GoogleSignIn.build/Debug-iphonesimulator/GoogleSignIn.build/Objects-normal/x86_64/GIDEMMSupport.dia -c /Users/siam/Library/Developer/Xcode/DerivedData/Lingua_Quest-gvpckrqxtbgyprbgppjfqmimmmfw/SourcePackages/checkouts/GoogleSignIn-iOS/GoogleSignIn/Sources/GIDEMMSupport.m -o /Users/siam/Library/Developer/Xcode/DerivedData/Lingua_Quest-gvpckrqxtbgyprbgppjfqmimmmfw/Build/Intermediates.noindex/GoogleSignIn.build/Debug-iphonesimulator/GoogleSignIn.build/Objects-normal/x86_64/GIDEMMSupport.o -index-unit-output-path /GoogleSignIn.build/Debug-iphonesimulator/GoogleSignIn.build/Objects-normal/x86_64/GIDEMMSupport.o

SwiftDriverJobDiscovery normal arm64 Compiling KeychainStore.swift (in target 'GTMAppAuth' from project 'GTMAppAuth')

ScanDependencies /Users/siam/Library/Developer/Xcode/DerivedData/Lingua_Quest-gvpckrqxtbgyprbgppjfqmimmmfw/Build/Intermediates.noindex/GoogleSignIn.build/Debug-iphonesimulator/GoogleSignIn.build/Objects-normal/x86_64/GIDEMMErrorHandler.o /Users/siam/Library/Developer/Xcode/DerivedData/Lingua_Quest-gvpckrqxtbgyprbgppjfqmimmmfw/SourcePackages/checkouts/GoogleSignIn-iOS/GoogleSignIn/Sources/GIDEMMErrorHandler.m normal x86_64 objective-c com.apple.compilers.llvm.clang.1_0.compiler (in target 'GoogleSignIn' from project 'GoogleSignIn')
    cd /Users/siam/Desktop/Lingua\ Quest/Lingua\ Quest.xcodeproj
    
    Using response file: /Users/siam/Library/Developer/Xcode/DerivedData/Lingua_Quest-gvpckrqxtbgyprbgppjfqmimmmfw/Build/Intermediates.noindex/GoogleSignIn.build/Debug-iphonesimulator/GoogleSignIn.build/Objects-normal/x86_64/e6072d4f65d7061329687fe24e3d63a7-common-args.resp
    
    builtin-ScanDependencies -o /Users/siam/Library/Developer/Xcode/DerivedData/Lingua_Quest-gvpckrqxtbgyprbgppjfqmimmmfw/Build/Intermediates.noindex/GoogleSignIn.build/Debug-iphonesimulator/GoogleSignIn.build/Objects-normal/x86_64/GIDEMMErrorHandler.o.scan -- /Applications/Xcode.app/Contents/Developer/Toolchains/XcodeDefault.xctoolchain/usr/bin/clang -x objective-c -ivfsstatcache /Users/siam/Library/Developer/Xcode/DerivedData/SDKStatCaches.noindex/iphonesimulator26.0-23A339-26257891a6c027eb51374368541b8346.sdkstatcache -fmessage-length\=0 -fdiagnostics-show-note-include-stack -fmacro-backtrace-limit\=0 -fno-color-diagnostics -fmodules-prune-interval\=86400 -fmodules-prune-after\=345600 -fbuild-session-file\=/Users/siam/Library/Developer/Xcode/DerivedData/ModuleCache.noindex/Session.modulevalidation -fmodules-validate-once-per-build-session -Wnon-modular-include-in-framework-module -Werror\=non-modular-include-in-framework-module -Wno-trigraphs -Wno-missing-field-initializers -Wno-missing-prototypes -Wno-return-type -Wno-implicit-atomic-properties -Wno-objc-interface-ivars -Wno-arc-repeated-use-of-weak -Wno-missing-braces -Wparentheses -Wswitch -Wno-unused-function -Wno-unused-label -Wno-unused-parameter -Wno-unused-variable -Wunused-value -Wno-empty-body -Wno-uninitialized -Wno-unknown-pragmas -w -Wno-shadow -Wno-four-char-constants -Wno-conversion -Wno-constant-conversion -Wno-int-conversion -Wno-bool-conversion -Wno-enum-conversion -Wno-float-conversion -Wno-non-literal-null-conversion -Wno-objc-literal-conversion -Wshorten-64-to-32 -Wpointer-sign -Wno-newline-eof -Wno-selector -Wno-strict-selector-match -Wno-undeclared-selector -Wno-deprecated-implementations -Wno-implicit-fallthrough -fstrict-aliasing -Wprotocol -Wdeprecated-declarations -Wno-sign-conversion -Wno-infinite-recursion -Wno-comma -Wno-block-capture-autoreleasing -Wno-strict-prototypes -Wno-semicolon-before-method-body -index-store-path /Users/siam/Library/Developer/Xcode/DerivedData/Lingua_Quest-gvpckrqxtbgyprbgppjfqmimmmfw/Index.noindex/DataStore @/Users/siam/Library/Developer/Xcode/DerivedData/Lingua_Quest-gvpckrqxtbgyprbgppjfqmimmmfw/Build/Intermediates.noindex/GoogleSignIn.build/Debug-iphonesimulator/GoogleSignIn.build/Objects-normal/x86_64/e6072d4f65d7061329687fe24e3d63a7-common-args.resp -include /Users/siam/Library/Developer/Xcode/DerivedData/Lingua_Quest-gvpckrqxtbgyprbgppjfqmimmmfw/Build/Intermediates.noindex/GoogleSignIn.build/Debug-iphonesimulator/GoogleSignIn.build/DerivedSources/resource_bundle_accessor.h -MMD -MT dependencies -MF /Users/siam/Library/Developer/Xcode/DerivedData/Lingua_Quest-gvpckrqxtbgyprbgppjfqmimmmfw/Build/Intermediates.noindex/GoogleSignIn.build/Debug-iphonesimulator/GoogleSignIn.build/Objects-normal/x86_64/GIDEMMErrorHandler.d --serialize-diagnostics /Users/siam/Library/Developer/Xcode/DerivedData/Lingua_Quest-gvpckrqxtbgyprbgppjfqmimmmfw/Build/Intermediates.noindex/GoogleSignIn.build/Debug-iphonesimulator/GoogleSignIn.build/Objects-normal/x86_64/GIDEMMErrorHandler.dia -c /Users/siam/Library/Developer/Xcode/DerivedData/Lingua_Quest-gvpckrqxtbgyprbgppjfqmimmmfw/SourcePackages/checkouts/GoogleSignIn-iOS/GoogleSignIn/Sources/GIDEMMErrorHandler.m -o /Users/siam/Library/Developer/Xcode/DerivedData/Lingua_Quest-gvpckrqxtbgyprbgppjfqmimmmfw/Build/Intermediates.noindex/GoogleSignIn.build/Debug-iphonesimulator/GoogleSignIn.build/Objects-normal/x86_64/GIDEMMErrorHandler.o -index-unit-output-path /GoogleSignIn.build/Debug-iphonesimulator/GoogleSignIn.build/Objects-normal/x86_64/GIDEMMErrorHandler.o

ScanDependencies /Users/siam/Library/Developer/Xcode/DerivedData/Lingua_Quest-gvpckrqxtbgyprbgppjfqmimmmfw/Build/Intermediates.noindex/GoogleSignIn.build/Debug-iphonesimulator/GoogleSignIn.build/Objects-normal/x86_64/GIDConfiguration.o /Users/siam/Library/Developer/Xcode/DerivedData/Lingua_Quest-gvpckrqxtbgyprbgppjfqmimmmfw/SourcePackages/checkouts/GoogleSignIn-iOS/GoogleSignIn/Sources/GIDConfiguration.m normal x86_64 objective-c com.apple.compilers.llvm.clang.1_0.compiler (in target 'GoogleSignIn' from project 'GoogleSignIn')
    cd /Users/siam/Desktop/Lingua\ Quest/Lingua\ Quest.xcodeproj
    
    Using response file: /Users/siam/Library/Developer/Xcode/DerivedData/Lingua_Quest-gvpckrqxtbgyprbgppjfqmimmmfw/Build/Intermediates.noindex/GoogleSignIn.build/Debug-iphonesimulator/GoogleSignIn.build/Objects-normal/x86_64/e6072d4f65d7061329687fe24e3d63a7-common-args.resp
    
    builtin-ScanDependencies -o /Users/siam/Library/Developer/Xcode/DerivedData/Lingua_Quest-gvpckrqxtbgyprbgppjfqmimmmfw/Build/Intermediates.noindex/GoogleSignIn.build/Debug-iphonesimulator/GoogleSignIn.build/Objects-normal/x86_64/GIDConfiguration.o.scan -- /Applications/Xcode.app/Contents/Developer/Toolchains/XcodeDefault.xctoolchain/usr/bin/clang -x objective-c -ivfsstatcache /Users/siam/Library/Developer/Xcode/DerivedData/SDKStatCaches.noindex/iphonesimulator26.0-23A339-26257891a6c027eb51374368541b8346.sdkstatcache -fmessage-length\=0 -fdiagnostics-show-note-include-stack -fmacro-backtrace-limit\=0 -fno-color-diagnostics -fmodules-prune-interval\=86400 -fmodules-prune-after\=345600 -fbuild-session-file\=/Users/siam/Library/Developer/Xcode/DerivedData/ModuleCache.noindex/Session.modulevalidation -fmodules-validate-once-per-build-session -Wnon-modular-include-in-framework-module -Werror\=non-modular-include-in-framework-module -Wno-trigraphs -Wno-missing-field-initializers -Wno-missing-prototypes -Wno-return-type -Wno-implicit-atomic-properties -Wno-objc-interface-ivars -Wno-arc-repeated-use-of-weak -Wno-missing-braces -Wparentheses -Wswitch -Wno-unused-function -Wno-unused-label -Wno-unused-parameter -Wno-unused-variable -Wunused-value -Wno-empty-body -Wno-uninitialized -Wno-unknown-pragmas -w -Wno-shadow -Wno-four-char-constants -Wno-conversion -Wno-constant-conversion -Wno-int-conversion -Wno-bool-conversion -Wno-enum-conversion -Wno-float-conversion -Wno-non-literal-null-conversion -Wno-objc-literal-conversion -Wshorten-64-to-32 -Wpointer-sign -Wno-newline-eof -Wno-selector -Wno-strict-selector-match -Wno-undeclared-selector -Wno-deprecated-implementations -Wno-implicit-fallthrough -fstrict-aliasing -Wprotocol -Wdeprecated-declarations -Wno-sign-conversion -Wno-infinite-recursion -Wno-comma -Wno-block-capture-autoreleasing -Wno-strict-prototypes -Wno-semicolon-before-method-body -index-store-path /Users/siam/Library/Developer/Xcode/DerivedData/Lingua_Quest-gvpckrqxtbgyprbgppjfqmimmmfw/Index.noindex/DataStore @/Users/siam/Library/Developer/Xcode/DerivedData/Lingua_Quest-gvpckrqxtbgyprbgppjfqmimmmfw/Build/Intermediates.noindex/GoogleSignIn.build/Debug-iphonesimulator/GoogleSignIn.build/Objects-normal/x86_64/e6072d4f65d7061329687fe24e3d63a7-common-args.resp -include /Users/siam/Library/Developer/Xcode/DerivedData/Lingua_Quest-gvpckrqxtbgyprbgppjfqmimmmfw/Build/Intermediates.noindex/GoogleSignIn.build/Debug-iphonesimulator/GoogleSignIn.build/DerivedSources/resource_bundle_accessor.h -MMD -MT dependencies -MF /Users/siam/Library/Developer/Xcode/DerivedData/Lingua_Quest-gvpckrqxtbgyprbgppjfqmimmmfw/Build/Intermediates.noindex/GoogleSignIn.build/Debug-iphonesimulator/GoogleSignIn.build/Objects-normal/x86_64/GIDConfiguration.d --serialize-diagnostics /Users/siam/Library/Developer/Xcode/DerivedData/Lingua_Quest-gvpckrqxtbgyprbgppjfqmimmmfw/Build/Intermediates.noindex/GoogleSignIn.build/Debug-iphonesimulator/GoogleSignIn.build/Objects-normal/x86_64/GIDConfiguration.dia -c /Users/siam/Library/Developer/Xcode/DerivedData/Lingua_Quest-gvpckrqxtbgyprbgppjfqmimmmfw/SourcePackages/checkouts/GoogleSignIn-iOS/GoogleSignIn/Sources/GIDConfiguration.m -o /Users/siam/Library/Developer/Xcode/DerivedData/Lingua_Quest-gvpckrqxtbgyprbgppjfqmimmmfw/Build/Intermediates.noindex/GoogleSignIn.build/Debug-iphonesimulator/GoogleSignIn.build/Objects-normal/x86_64/GIDConfiguration.o -index-unit-output-path /GoogleSignIn.build/Debug-iphonesimulator/GoogleSignIn.build/Objects-normal/x86_64/GIDConfiguration.o

CompileC /Users/siam/Library/Developer/Xcode/DerivedData/Lingua_Quest-gvpckrqxtbgyprbgppjfqmimmmfw/Build/Intermediates.noindex/GoogleSignIn.build/Debug-iphonesimulator/GoogleSignIn.build/Objects-normal/x86_64/GIDFakeAuthStateMigration.o /Users/siam/Library/Developer/Xcode/DerivedData/Lingua_Quest-gvpckrqxtbgyprbgppjfqmimmmfw/SourcePackages/checkouts/GoogleSignIn-iOS/GoogleSignIn/Sources/GIDAuthStateMigration/Fake/GIDFakeAuthStateMigration.m normal x86_64 objective-c com.apple.compilers.llvm.clang.1_0.compiler (in target 'GoogleSignIn' from project 'GoogleSignIn')
    cd /Users/siam/Desktop/Lingua\ Quest/Lingua\ Quest.xcodeproj
    
    Using response file: /Users/siam/Library/Developer/Xcode/DerivedData/Lingua_Quest-gvpckrqxtbgyprbgppjfqmimmmfw/Build/Intermediates.noindex/GoogleSignIn.build/Debug-iphonesimulator/GoogleSignIn.build/Objects-normal/x86_64/e6072d4f65d7061329687fe24e3d63a7-common-args.resp
    
    /Applications/Xcode.app/Contents/Developer/Toolchains/XcodeDefault.xctoolchain/usr/bin/clang -x objective-c -ivfsstatcache /Users/siam/Library/Developer/Xcode/DerivedData/SDKStatCaches.noindex/iphonesimulator26.0-23A339-26257891a6c027eb51374368541b8346.sdkstatcache -fmessage-length\=0 -fdiagnostics-show-note-include-stack -fmacro-backtrace-limit\=0 -fno-color-diagnostics -fmodules-prune-interval\=86400 -fmodules-prune-after\=345600 -fbuild-session-file\=/Users/siam/Library/Developer/Xcode/DerivedData/ModuleCache.noindex/Session.modulevalidation -fmodules-validate-once-per-build-session -Wnon-modular-include-in-framework-module -Werror\=non-modular-include-in-framework-module -Wno-trigraphs -Wno-missing-field-initializers -Wno-missing-prototypes -Wno-return-type -Wno-implicit-atomic-properties -Wno-objc-interface-ivars -Wno-arc-repeated-use-of-weak -Wno-missing-braces -Wparentheses -Wswitch -Wno-unused-function -Wno-unused-label -Wno-unused-parameter -Wno-unused-variable -Wunused-value -Wno-empty-body -Wno-uninitialized -Wno-unknown-pragmas -w -Wno-shadow -Wno-four-char-constants -Wno-conversion -Wno-constant-conversion -Wno-int-conversion -Wno-bool-conversion -Wno-enum-conversion -Wno-float-conversion -Wno-non-literal-null-conversion -Wno-objc-literal-conversion -Wshorten-64-to-32 -Wpointer-sign -Wno-newline-eof -Wno-selector -Wno-strict-selector-match -Wno-undeclared-selector -Wno-deprecated-implementations -Wno-implicit-fallthrough -fstrict-aliasing -Wprotocol -Wdeprecated-declarations -Wno-sign-conversion -Wno-infinite-recursion -Wno-comma -Wno-block-capture-autoreleasing -Wno-strict-prototypes -Wno-semicolon-before-method-body -index-store-path /Users/siam/Library/Developer/Xcode/DerivedData/Lingua_Quest-gvpckrqxtbgyprbgppjfqmimmmfw/Index.noindex/DataStore @/Users/siam/Library/Developer/Xcode/DerivedData/Lingua_Quest-gvpckrqxtbgyprbgppjfqmimmmfw/Build/Intermediates.noindex/GoogleSignIn.build/Debug-iphonesimulator/GoogleSignIn.build/Objects-normal/x86_64/e6072d4f65d7061329687fe24e3d63a7-common-args.resp -include /Users/siam/Library/Developer/Xcode/DerivedData/Lingua_Quest-gvpckrqxtbgyprbgppjfqmimmmfw/Build/Intermediates.noindex/GoogleSignIn.build/Debug-iphonesimulator/GoogleSignIn.build/DerivedSources/resource_bundle_accessor.h -MMD -MT dependencies -MF /Users/siam/Library/Developer/Xcode/DerivedData/Lingua_Quest-gvpckrqxtbgyprbgppjfqmimmmfw/Build/Intermediates.noindex/GoogleSignIn.build/Debug-iphonesimulator/GoogleSignIn.build/Objects-normal/x86_64/GIDFakeAuthStateMigration.d --serialize-diagnostics /Users/siam/Library/Developer/Xcode/DerivedData/Lingua_Quest-gvpckrqxtbgyprbgppjfqmimmmfw/Build/Intermediates.noindex/GoogleSignIn.build/Debug-iphonesimulator/GoogleSignIn.build/Objects-normal/x86_64/GIDFakeAuthStateMigration.dia -c /Users/siam/Library/Developer/Xcode/DerivedData/Lingua_Quest-gvpckrqxtbgyprbgppjfqmimmmfw/SourcePackages/checkouts/GoogleSignIn-iOS/GoogleSignIn/Sources/GIDAuthStateMigration/Fake/GIDFakeAuthStateMigration.m -o /Users/siam/Library/Developer/Xcode/DerivedData/Lingua_Quest-gvpckrqxtbgyprbgppjfqmimmmfw/Build/Intermediates.noindex/GoogleSignIn.build/Debug-iphonesimulator/GoogleSignIn.build/Objects-normal/x86_64/GIDFakeAuthStateMigration.o -index-unit-output-path /GoogleSignIn.build/Debug-iphonesimulator/GoogleSignIn.build/Objects-normal/x86_64/GIDFakeAuthStateMigration.o

ScanDependencies /Users/siam/Library/Developer/Xcode/DerivedData/Lingua_Quest-gvpckrqxtbgyprbgppjfqmimmmfw/Build/Intermediates.noindex/GoogleSignIn.build/Debug-iphonesimulator/GoogleSignIn.build/Objects-normal/x86_64/GIDClaimsInternalOptions.o /Users/siam/Library/Developer/Xcode/DerivedData/Lingua_Quest-gvpckrqxtbgyprbgppjfqmimmmfw/SourcePackages/checkouts/GoogleSignIn-iOS/GoogleSignIn/Sources/GIDClaimsInternalOptions.m normal x86_64 objective-c com.apple.compilers.llvm.clang.1_0.compiler (in target 'GoogleSignIn' from project 'GoogleSignIn')
    cd /Users/siam/Desktop/Lingua\ Quest/Lingua\ Quest.xcodeproj
    
    Using response file: /Users/siam/Library/Developer/Xcode/DerivedData/Lingua_Quest-gvpckrqxtbgyprbgppjfqmimmmfw/Build/Intermediates.noindex/GoogleSignIn.build/Debug-iphonesimulator/GoogleSignIn.build/Objects-normal/x86_64/e6072d4f65d7061329687fe24e3d63a7-common-args.resp
    
    builtin-ScanDependencies -o /Users/siam/Library/Developer/Xcode/DerivedData/Lingua_Quest-gvpckrqxtbgyprbgppjfqmimmmfw/Build/Intermediates.noindex/GoogleSignIn.build/Debug-iphonesimulator/GoogleSignIn.build/Objects-normal/x86_64/GIDClaimsInternalOptions.o.scan -- /Applications/Xcode.app/Contents/Developer/Toolchains/XcodeDefault.xctoolchain/usr/bin/clang -x objective-c -ivfsstatcache /Users/siam/Library/Developer/Xcode/DerivedData/SDKStatCaches.noindex/iphonesimulator26.0-23A339-26257891a6c027eb51374368541b8346.sdkstatcache -fmessage-length\=0 -fdiagnostics-show-note-include-stack -fmacro-backtrace-limit\=0 -fno-color-diagnostics -fmodules-prune-interval\=86400 -fmodules-prune-after\=345600 -fbuild-session-file\=/Users/siam/Library/Developer/Xcode/DerivedData/ModuleCache.noindex/Session.modulevalidation -fmodules-validate-once-per-build-session -Wnon-modular-include-in-framework-module -Werror\=non-modular-include-in-framework-module -Wno-trigraphs -Wno-missing-field-initializers -Wno-missing-prototypes -Wno-return-type -Wno-implicit-atomic-properties -Wno-objc-interface-ivars -Wno-arc-repeated-use-of-weak -Wno-missing-braces -Wparentheses -Wswitch -Wno-unused-function -Wno-unused-label -Wno-unused-parameter -Wno-unused-variable -Wunused-value -Wno-empty-body -Wno-uninitialized -Wno-unknown-pragmas -w -Wno-shadow -Wno-four-char-constants -Wno-conversion -Wno-constant-conversion -Wno-int-conversion -Wno-bool-conversion -Wno-enum-conversion -Wno-float-conversion -Wno-non-literal-null-conversion -Wno-objc-literal-conversion -Wshorten-64-to-32 -Wpointer-sign -Wno-newline-eof -Wno-selector -Wno-strict-selector-match -Wno-undeclared-selector -Wno-deprecated-implementations -Wno-implicit-fallthrough -fstrict-aliasing -Wprotocol -Wdeprecated-declarations -Wno-sign-conversion -Wno-infinite-recursion -Wno-comma -Wno-block-capture-autoreleasing -Wno-strict-prototypes -Wno-semicolon-before-method-body -index-store-path /Users/siam/Library/Developer/Xcode/DerivedData/Lingua_Quest-gvpckrqxtbgyprbgppjfqmimmmfw/Index.noindex/DataStore @/Users/siam/Library/Developer/Xcode/DerivedData/Lingua_Quest-gvpckrqxtbgyprbgppjfqmimmmfw/Build/Intermediates.noindex/GoogleSignIn.build/Debug-iphonesimulator/GoogleSignIn.build/Objects-normal/x86_64/e6072d4f65d7061329687fe24e3d63a7-common-args.resp -include /Users/siam/Library/Developer/Xcode/DerivedData/Lingua_Quest-gvpckrqxtbgyprbgppjfqmimmmfw/Build/Intermediates.noindex/GoogleSignIn.build/Debug-iphonesimulator/GoogleSignIn.build/DerivedSources/resource_bundle_accessor.h -MMD -MT dependencies -MF /Users/siam/Library/Developer/Xcode/DerivedData/Lingua_Quest-gvpckrqxtbgyprbgppjfqmimmmfw/Build/Intermediates.noindex/GoogleSignIn.build/Debug-iphonesimulator/GoogleSignIn.build/Objects-normal/x86_64/GIDClaimsInternalOptions.d --serialize-diagnostics /Users/siam/Library/Developer/Xcode/DerivedData/Lingua_Quest-gvpckrqxtbgyprbgppjfqmimmmfw/Build/Intermediates.noindex/GoogleSignIn.build/Debug-iphonesimulator/GoogleSignIn.build/Objects-normal/x86_64/GIDClaimsInternalOptions.dia -c /Users/siam/Library/Developer/Xcode/DerivedData/Lingua_Quest-gvpckrqxtbgyprbgppjfqmimmmfw/SourcePackages/checkouts/GoogleSignIn-iOS/GoogleSignIn/Sources/GIDClaimsInternalOptions.m -o /Users/siam/Library/Developer/Xcode/DerivedData/Lingua_Quest-gvpckrqxtbgyprbgppjfqmimmmfw/Build/Intermediates.noindex/GoogleSignIn.build/Debug-iphonesimulator/GoogleSignIn.build/Objects-normal/x86_64/GIDClaimsInternalOptions.o -index-unit-output-path /GoogleSignIn.build/Debug-iphonesimulator/GoogleSignIn.build/Objects-normal/x86_64/GIDClaimsInternalOptions.o

PrecompileModule /Users/siam/Library/Developer/Xcode/DerivedData/Lingua_Quest-gvpckrqxtbgyprbgppjfqmimmmfw/Build/Intermediates.noindex/ExplicitPrecompiledModules/AppAuth-1581O0ZOALPWANZJSUFWMOWLH.scan
    cd /
    builtin-precompileModule /Users/siam/Library/Developer/Xcode/DerivedData/Lingua_Quest-gvpckrqxtbgyprbgppjfqmimmmfw/Build/Intermediates.noindex/ExplicitPrecompiledModules/AppAuth-1581O0ZOALPWANZJSUFWMOWLH.scan

ScanDependencies /Users/siam/Library/Developer/Xcode/DerivedData/Lingua_Quest-gvpckrqxtbgyprbgppjfqmimmmfw/Build/Intermediates.noindex/GoogleSignIn.build/Debug-iphonesimulator/GoogleSignIn.build/Objects-normal/x86_64/GIDClaim.o /Users/siam/Library/Developer/Xcode/DerivedData/Lingua_Quest-gvpckrqxtbgyprbgppjfqmimmmfw/SourcePackages/checkouts/GoogleSignIn-iOS/GoogleSignIn/Sources/GIDClaim.m normal x86_64 objective-c com.apple.compilers.llvm.clang.1_0.compiler (in target 'GoogleSignIn' from project 'GoogleSignIn')
    cd /Users/siam/Desktop/Lingua\ Quest/Lingua\ Quest.xcodeproj
    
    Using response file: /Users/siam/Library/Developer/Xcode/DerivedData/Lingua_Quest-gvpckrqxtbgyprbgppjfqmimmmfw/Build/Intermediates.noindex/GoogleSignIn.build/Debug-iphonesimulator/GoogleSignIn.build/Objects-normal/x86_64/e6072d4f65d7061329687fe24e3d63a7-common-args.resp
    
    builtin-ScanDependencies -o /Users/siam/Library/Developer/Xcode/DerivedData/Lingua_Quest-gvpckrqxtbgyprbgppjfqmimmmfw/Build/Intermediates.noindex/GoogleSignIn.build/Debug-iphonesimulator/GoogleSignIn.build/Objects-normal/x86_64/GIDClaim.o.scan -- /Applications/Xcode.app/Contents/Developer/Toolchains/XcodeDefault.xctoolchain/usr/bin/clang -x objective-c -ivfsstatcache /Users/siam/Library/Developer/Xcode/DerivedData/SDKStatCaches.noindex/iphonesimulator26.0-23A339-26257891a6c027eb51374368541b8346.sdkstatcache -fmessage-length\=0 -fdiagnostics-show-note-include-stack -fmacro-backtrace-limit\=0 -fno-color-diagnostics -fmodules-prune-interval\=86400 -fmodules-prune-after\=345600 -fbuild-session-file\=/Users/siam/Library/Developer/Xcode/DerivedData/ModuleCache.noindex/Session.modulevalidation -fmodules-validate-once-per-build-session -Wnon-modular-include-in-framework-module -Werror\=non-modular-include-in-framework-module -Wno-trigraphs -Wno-missing-field-initializers -Wno-missing-prototypes -Wno-return-type -Wno-implicit-atomic-properties -Wno-objc-interface-ivars -Wno-arc-repeated-use-of-weak -Wno-missing-braces -Wparentheses -Wswitch -Wno-unused-function -Wno-unused-label -Wno-unused-parameter -Wno-unused-variable -Wunused-value -Wno-empty-body -Wno-uninitialized -Wno-unknown-pragmas -w -Wno-shadow -Wno-four-char-constants -Wno-conversion -Wno-constant-conversion -Wno-int-conversion -Wno-bool-conversion -Wno-enum-conversion -Wno-float-conversion -Wno-non-literal-null-conversion -Wno-objc-literal-conversion -Wshorten-64-to-32 -Wpointer-sign -Wno-newline-eof -Wno-selector -Wno-strict-selector-match -Wno-undeclared-selector -Wno-deprecated-implementations -Wno-implicit-fallthrough -fstrict-aliasing -Wprotocol -Wdeprecated-declarations -Wno-sign-conversion -Wno-infinite-recursion -Wno-comma -Wno-block-capture-autoreleasing -Wno-strict-prototypes -Wno-semicolon-before-method-body -index-store-path /Users/siam/Library/Developer/Xcode/DerivedData/Lingua_Quest-gvpckrqxtbgyprbgppjfqmimmmfw/Index.noindex/DataStore @/Users/siam/Library/Developer/Xcode/DerivedData/Lingua_Quest-gvpckrqxtbgyprbgppjfqmimmmfw/Build/Intermediates.noindex/GoogleSignIn.build/Debug-iphonesimulator/GoogleSignIn.build/Objects-normal/x86_64/e6072d4f65d7061329687fe24e3d63a7-common-args.resp -include /Users/siam/Library/Developer/Xcode/DerivedData/Lingua_Quest-gvpckrqxtbgyprbgppjfqmimmmfw/Build/Intermediates.noindex/GoogleSignIn.build/Debug-iphonesimulator/GoogleSignIn.build/DerivedSources/resource_bundle_accessor.h -MMD -MT dependencies -MF /Users/siam/Library/Developer/Xcode/DerivedData/Lingua_Quest-gvpckrqxtbgyprbgppjfqmimmmfw/Build/Intermediates.noindex/GoogleSignIn.build/Debug-iphonesimulator/GoogleSignIn.build/Objects-normal/x86_64/GIDClaim.d --serialize-diagnostics /Users/siam/Library/Developer/Xcode/DerivedData/Lingua_Quest-gvpckrqxtbgyprbgppjfqmimmmfw/Build/Intermediates.noindex/GoogleSignIn.build/Debug-iphonesimulator/GoogleSignIn.build/Objects-normal/x86_64/GIDClaim.dia -c /Users/siam/Library/Developer/Xcode/DerivedData/Lingua_Quest-gvpckrqxtbgyprbgppjfqmimmmfw/SourcePackages/checkouts/GoogleSignIn-iOS/GoogleSignIn/Sources/GIDClaim.m -o /Users/siam/Library/Developer/Xcode/DerivedData/Lingua_Quest-gvpckrqxtbgyprbgppjfqmimmmfw/Build/Intermediates.noindex/GoogleSignIn.build/Debug-iphonesimulator/GoogleSignIn.build/Objects-normal/x86_64/GIDClaim.o -index-unit-output-path /GoogleSignIn.build/Debug-iphonesimulator/GoogleSignIn.build/Objects-normal/x86_64/GIDClaim.o

CompileC /Users/siam/Library/Developer/Xcode/DerivedData/Lingua_Quest-gvpckrqxtbgyprbgppjfqmimmmfw/Build/Intermediates.noindex/GoogleSignIn.build/Debug-iphonesimulator/GoogleSignIn.build/Objects-normal/x86_64/GIDFakeJSONSerializerImpl.o /Users/siam/Library/Developer/Xcode/DerivedData/Lingua_Quest-gvpckrqxtbgyprbgppjfqmimmmfw/SourcePackages/checkouts/GoogleSignIn-iOS/GoogleSignIn/Sources/GIDJSONSerializer/Fake/GIDFakeJSONSerializerImpl.m normal x86_64 objective-c com.apple.compilers.llvm.clang.1_0.compiler (in target 'GoogleSignIn' from project 'GoogleSignIn')
    cd /Users/siam/Desktop/Lingua\ Quest/Lingua\ Quest.xcodeproj
    
    Using response file: /Users/siam/Library/Developer/Xcode/DerivedData/Lingua_Quest-gvpckrqxtbgyprbgppjfqmimmmfw/Build/Intermediates.noindex/GoogleSignIn.build/Debug-iphonesimulator/GoogleSignIn.build/Objects-normal/x86_64/e6072d4f65d7061329687fe24e3d63a7-common-args.resp
    
    /Applications/Xcode.app/Contents/Developer/Toolchains/XcodeDefault.xctoolchain/usr/bin/clang -x objective-c -ivfsstatcache /Users/siam/Library/Developer/Xcode/DerivedData/SDKStatCaches.noindex/iphonesimulator26.0-23A339-26257891a6c027eb51374368541b8346.sdkstatcache -fmessage-length\=0 -fdiagnostics-show-note-include-stack -fmacro-backtrace-limit\=0 -fno-color-diagnostics -fmodules-prune-interval\=86400 -fmodules-prune-after\=345600 -fbuild-session-file\=/Users/siam/Library/Developer/Xcode/DerivedData/ModuleCache.noindex/Session.modulevalidation -fmodules-validate-once-per-build-session -Wnon-modular-include-in-framework-module -Werror\=non-modular-include-in-framework-module -Wno-trigraphs -Wno-missing-field-initializers -Wno-missing-prototypes -Wno-return-type -Wno-implicit-atomic-properties -Wno-objc-interface-ivars -Wno-arc-repeated-use-of-weak -Wno-missing-braces -Wparentheses -Wswitch -Wno-unused-function -Wno-unused-label -Wno-unused-parameter -Wno-unused-variable -Wunused-value -Wno-empty-body -Wno-uninitialized -Wno-unknown-pragmas -w -Wno-shadow -Wno-four-char-constants -Wno-conversion -Wno-constant-conversion -Wno-int-conversion -Wno-bool-conversion -Wno-enum-conversion -Wno-float-conversion -Wno-non-literal-null-conversion -Wno-objc-literal-conversion -Wshorten-64-to-32 -Wpointer-sign -Wno-newline-eof -Wno-selector -Wno-strict-selector-match -Wno-undeclared-selector -Wno-deprecated-implementations -Wno-implicit-fallthrough -fstrict-aliasing -Wprotocol -Wdeprecated-declarations -Wno-sign-conversion -Wno-infinite-recursion -Wno-comma -Wno-block-capture-autoreleasing -Wno-strict-prototypes -Wno-semicolon-before-method-body -index-store-path /Users/siam/Library/Developer/Xcode/DerivedData/Lingua_Quest-gvpckrqxtbgyprbgppjfqmimmmfw/Index.noindex/DataStore @/Users/siam/Library/Developer/Xcode/DerivedData/Lingua_Quest-gvpckrqxtbgyprbgppjfqmimmmfw/Build/Intermediates.noindex/GoogleSignIn.build/Debug-iphonesimulator/GoogleSignIn.build/Objects-normal/x86_64/e6072d4f65d7061329687fe24e3d63a7-common-args.resp -include /Users/siam/Library/Developer/Xcode/DerivedData/Lingua_Quest-gvpckrqxtbgyprbgppjfqmimmmfw/Build/Intermediates.noindex/GoogleSignIn.build/Debug-iphonesimulator/GoogleSignIn.build/DerivedSources/resource_bundle_accessor.h -MMD -MT dependencies -MF /Users/siam/Library/Developer/Xcode/DerivedData/Lingua_Quest-gvpckrqxtbgyprbgppjfqmimmmfw/Build/Intermediates.noindex/GoogleSignIn.build/Debug-iphonesimulator/GoogleSignIn.build/Objects-normal/x86_64/GIDFakeJSONSerializerImpl.d --serialize-diagnostics /Users/siam/Library/Developer/Xcode/DerivedData/Lingua_Quest-gvpckrqxtbgyprbgppjfqmimmmfw/Build/Intermediates.noindex/GoogleSignIn.build/Debug-iphonesimulator/GoogleSignIn.build/Objects-normal/x86_64/GIDFakeJSONSerializerImpl.dia -c /Users/siam/Library/Developer/Xcode/DerivedData/Lingua_Quest-gvpckrqxtbgyprbgppjfqmimmmfw/SourcePackages/checkouts/GoogleSignIn-iOS/GoogleSignIn/Sources/GIDJSONSerializer/Fake/GIDFakeJSONSerializerImpl.m -o /Users/siam/Library/Developer/Xcode/DerivedData/Lingua_Quest-gvpckrqxtbgyprbgppjfqmimmmfw/Build/Intermediates.noindex/GoogleSignIn.build/Debug-iphonesimulator/GoogleSignIn.build/Objects-normal/x86_64/GIDFakeJSONSerializerImpl.o -index-unit-output-path /GoogleSignIn.build/Debug-iphonesimulator/GoogleSignIn.build/Objects-normal/x86_64/GIDFakeJSONSerializerImpl.o

ScanDependencies /Users/siam/Library/Developer/Xcode/DerivedData/Lingua_Quest-gvpckrqxtbgyprbgppjfqmimmmfw/Build/Intermediates.noindex/GoogleSignIn.build/Debug-iphonesimulator/GoogleSignIn.build/Objects-normal/x86_64/GIDCallbackQueue.o /Users/siam/Library/Developer/Xcode/DerivedData/Lingua_Quest-gvpckrqxtbgyprbgppjfqmimmmfw/SourcePackages/checkouts/GoogleSignIn-iOS/GoogleSignIn/Sources/GIDCallbackQueue.m normal x86_64 objective-c com.apple.compilers.llvm.clang.1_0.compiler (in target 'GoogleSignIn' from project 'GoogleSignIn')
    cd /Users/siam/Desktop/Lingua\ Quest/Lingua\ Quest.xcodeproj
    
    Using response file: /Users/siam/Library/Developer/Xcode/DerivedData/Lingua_Quest-gvpckrqxtbgyprbgppjfqmimmmfw/Build/Intermediates.noindex/GoogleSignIn.build/Debug-iphonesimulator/GoogleSignIn.build/Objects-normal/x86_64/e6072d4f65d7061329687fe24e3d63a7-common-args.resp
    
    builtin-ScanDependencies -o /Users/siam/Library/Developer/Xcode/DerivedData/Lingua_Quest-gvpckrqxtbgyprbgppjfqmimmmfw/Build/Intermediates.noindex/GoogleSignIn.build/Debug-iphonesimulator/GoogleSignIn.build/Objects-normal/x86_64/GIDCallbackQueue.o.scan -- /Applications/Xcode.app/Contents/Developer/Toolchains/XcodeDefault.xctoolchain/usr/bin/clang -x objective-c -ivfsstatcache /Users/siam/Library/Developer/Xcode/DerivedData/SDKStatCaches.noindex/iphonesimulator26.0-23A339-26257891a6c027eb51374368541b8346.sdkstatcache -fmessage-length\=0 -fdiagnostics-show-note-include-stack -fmacro-backtrace-limit\=0 -fno-color-diagnostics -fmodules-prune-interval\=86400 -fmodules-prune-after\=345600 -fbuild-session-file\=/Users/siam/Library/Developer/Xcode/DerivedData/ModuleCache.noindex/Session.modulevalidation -fmodules-validate-once-per-build-session -Wnon-modular-include-in-framework-module -Werror\=non-modular-include-in-framework-module -Wno-trigraphs -Wno-missing-field-initializers -Wno-missing-prototypes -Wno-return-type -Wno-implicit-atomic-properties -Wno-objc-interface-ivars -Wno-arc-repeated-use-of-weak -Wno-missing-braces -Wparentheses -Wswitch -Wno-unused-function -Wno-unused-label -Wno-unused-parameter -Wno-unused-variable -Wunused-value -Wno-empty-body -Wno-uninitialized -Wno-unknown-pragmas -w -Wno-shadow -Wno-four-char-constants -Wno-conversion -Wno-constant-conversion -Wno-int-conversion -Wno-bool-conversion -Wno-enum-conversion -Wno-float-conversion -Wno-non-literal-null-conversion -Wno-objc-literal-conversion -Wshorten-64-to-32 -Wpointer-sign -Wno-newline-eof -Wno-selector -Wno-strict-selector-match -Wno-undeclared-selector -Wno-deprecated-implementations -Wno-implicit-fallthrough -fstrict-aliasing -Wprotocol -Wdeprecated-declarations -Wno-sign-conversion -Wno-infinite-recursion -Wno-comma -Wno-block-capture-autoreleasing -Wno-strict-prototypes -Wno-semicolon-before-method-body -index-store-path /Users/siam/Library/Developer/Xcode/DerivedData/Lingua_Quest-gvpckrqxtbgyprbgppjfqmimmmfw/Index.noindex/DataStore @/Users/siam/Library/Developer/Xcode/DerivedData/Lingua_Quest-gvpckrqxtbgyprbgppjfqmimmmfw/Build/Intermediates.noindex/GoogleSignIn.build/Debug-iphonesimulator/GoogleSignIn.build/Objects-normal/x86_64/e6072d4f65d7061329687fe24e3d63a7-common-args.resp -include /Users/siam/Library/Developer/Xcode/DerivedData/Lingua_Quest-gvpckrqxtbgyprbgppjfqmimmmfw/Build/Intermediates.noindex/GoogleSignIn.build/Debug-iphonesimulator/GoogleSignIn.build/DerivedSources/resource_bundle_accessor.h -MMD -MT dependencies -MF /Users/siam/Library/Developer/Xcode/DerivedData/Lingua_Quest-gvpckrqxtbgyprbgppjfqmimmmfw/Build/Intermediates.noindex/GoogleSignIn.build/Debug-iphonesimulator/GoogleSignIn.build/Objects-normal/x86_64/GIDCallbackQueue.d --serialize-diagnostics /Users/siam/Library/Developer/Xcode/DerivedData/Lingua_Quest-gvpckrqxtbgyprbgppjfqmimmmfw/Build/Intermediates.noindex/GoogleSignIn.build/Debug-iphonesimulator/GoogleSignIn.build/Objects-normal/x86_64/GIDCallbackQueue.dia -c /Users/siam/Library/Developer/Xcode/DerivedData/Lingua_Quest-gvpckrqxtbgyprbgppjfqmimmmfw/SourcePackages/checkouts/GoogleSignIn-iOS/GoogleSignIn/Sources/GIDCallbackQueue.m -o /Users/siam/Library/Developer/Xcode/DerivedData/Lingua_Quest-gvpckrqxtbgyprbgppjfqmimmmfw/Build/Intermediates.noindex/GoogleSignIn.build/Debug-iphonesimulator/GoogleSignIn.build/Objects-normal/x86_64/GIDCallbackQueue.o -index-unit-output-path /GoogleSignIn.build/Debug-iphonesimulator/GoogleSignIn.build/Objects-normal/x86_64/GIDCallbackQueue.o

ScanDependencies /Users/siam/Library/Developer/Xcode/DerivedData/Lingua_Quest-gvpckrqxtbgyprbgppjfqmimmmfw/Build/Intermediates.noindex/GoogleSignIn.build/Debug-iphonesimulator/GoogleSignIn.build/Objects-normal/x86_64/GIDAuthentication.o /Users/siam/Library/Developer/Xcode/DerivedData/Lingua_Quest-gvpckrqxtbgyprbgppjfqmimmmfw/SourcePackages/checkouts/GoogleSignIn-iOS/GoogleSignIn/Sources/GIDAuthentication.m normal x86_64 objective-c com.apple.compilers.llvm.clang.1_0.compiler (in target 'GoogleSignIn' from project 'GoogleSignIn')
    cd /Users/siam/Desktop/Lingua\ Quest/Lingua\ Quest.xcodeproj
    
    Using response file: /Users/siam/Library/Developer/Xcode/DerivedData/Lingua_Quest-gvpckrqxtbgyprbgppjfqmimmmfw/Build/Intermediates.noindex/GoogleSignIn.build/Debug-iphonesimulator/GoogleSignIn.build/Objects-normal/x86_64/e6072d4f65d7061329687fe24e3d63a7-common-args.resp
    
    builtin-ScanDependencies -o /Users/siam/Library/Developer/Xcode/DerivedData/Lingua_Quest-gvpckrqxtbgyprbgppjfqmimmmfw/Build/Intermediates.noindex/GoogleSignIn.build/Debug-iphonesimulator/GoogleSignIn.build/Objects-normal/x86_64/GIDAuthentication.o.scan -- /Applications/Xcode.app/Contents/Developer/Toolchains/XcodeDefault.xctoolchain/usr/bin/clang -x objective-c -ivfsstatcache /Users/siam/Library/Developer/Xcode/DerivedData/SDKStatCaches.noindex/iphonesimulator26.0-23A339-26257891a6c027eb51374368541b8346.sdkstatcache -fmessage-length\=0 -fdiagnostics-show-note-include-stack -fmacro-backtrace-limit\=0 -fno-color-diagnostics -fmodules-prune-interval\=86400 -fmodules-prune-after\=345600 -fbuild-session-file\=/Users/siam/Library/Developer/Xcode/DerivedData/ModuleCache.noindex/Session.modulevalidation -fmodules-validate-once-per-build-session -Wnon-modular-include-in-framework-module -Werror\=non-modular-include-in-framework-module -Wno-trigraphs -Wno-missing-field-initializers -Wno-missing-prototypes -Wno-return-type -Wno-implicit-atomic-properties -Wno-objc-interface-ivars -Wno-arc-repeated-use-of-weak -Wno-missing-braces -Wparentheses -Wswitch -Wno-unused-function -Wno-unused-label -Wno-unused-parameter -Wno-unused-variable -Wunused-value -Wno-empty-body -Wno-uninitialized -Wno-unknown-pragmas -w -Wno-shadow -Wno-four-char-constants -Wno-conversion -Wno-constant-conversion -Wno-int-conversion -Wno-bool-conversion -Wno-enum-conversion -Wno-float-conversion -Wno-non-literal-null-conversion -Wno-objc-literal-conversion -Wshorten-64-to-32 -Wpointer-sign -Wno-newline-eof -Wno-selector -Wno-strict-selector-match -Wno-undeclared-selector -Wno-deprecated-implementations -Wno-implicit-fallthrough -fstrict-aliasing -Wprotocol -Wdeprecated-declarations -Wno-sign-conversion -Wno-infinite-recursion -Wno-comma -Wno-block-capture-autoreleasing -Wno-strict-prototypes -Wno-semicolon-before-method-body -index-store-path /Users/siam/Library/Developer/Xcode/DerivedData/Lingua_Quest-gvpckrqxtbgyprbgppjfqmimmmfw/Index.noindex/DataStore @/Users/siam/Library/Developer/Xcode/DerivedData/Lingua_Quest-gvpckrqxtbgyprbgppjfqmimmmfw/Build/Intermediates.noindex/GoogleSignIn.build/Debug-iphonesimulator/GoogleSignIn.build/Objects-normal/x86_64/e6072d4f65d7061329687fe24e3d63a7-common-args.resp -include /Users/siam/Library/Developer/Xcode/DerivedData/Lingua_Quest-gvpckrqxtbgyprbgppjfqmimmmfw/Build/Intermediates.noindex/GoogleSignIn.build/Debug-iphonesimulator/GoogleSignIn.build/DerivedSources/resource_bundle_accessor.h -MMD -MT dependencies -MF /Users/siam/Library/Developer/Xcode/DerivedData/Lingua_Quest-gvpckrqxtbgyprbgppjfqmimmmfw/Build/Intermediates.noindex/GoogleSignIn.build/Debug-iphonesimulator/GoogleSignIn.build/Objects-normal/x86_64/GIDAuthentication.d --serialize-diagnostics /Users/siam/Library/Developer/Xcode/DerivedData/Lingua_Quest-gvpckrqxtbgyprbgppjfqmimmmfw/Build/Intermediates.noindex/GoogleSignIn.build/Debug-iphonesimulator/GoogleSignIn.build/Objects-normal/x86_64/GIDAuthentication.dia -c /Users/siam/Library/Developer/Xcode/DerivedData/Lingua_Quest-gvpckrqxtbgyprbgppjfqmimmmfw/SourcePackages/checkouts/GoogleSignIn-iOS/GoogleSignIn/Sources/GIDAuthentication.m -o /Users/siam/Library/Developer/Xcode/DerivedData/Lingua_Quest-gvpckrqxtbgyprbgppjfqmimmmfw/Build/Intermediates.noindex/GoogleSignIn.build/Debug-iphonesimulator/GoogleSignIn.build/Objects-normal/x86_64/GIDAuthentication.o -index-unit-output-path /GoogleSignIn.build/Debug-iphonesimulator/GoogleSignIn.build/Objects-normal/x86_64/GIDAuthentication.o

CompileC /Users/siam/Library/Developer/Xcode/DerivedData/Lingua_Quest-gvpckrqxtbgyprbgppjfqmimmmfw/Build/Intermediates.noindex/GoogleSignIn.build/Debug-iphonesimulator/GoogleSignIn.build/Objects-normal/x86_64/GIDConfiguration.o /Users/siam/Library/Developer/Xcode/DerivedData/Lingua_Quest-gvpckrqxtbgyprbgppjfqmimmmfw/SourcePackages/checkouts/GoogleSignIn-iOS/GoogleSignIn/Sources/GIDConfiguration.m normal x86_64 objective-c com.apple.compilers.llvm.clang.1_0.compiler (in target 'GoogleSignIn' from project 'GoogleSignIn')
    cd /Users/siam/Desktop/Lingua\ Quest/Lingua\ Quest.xcodeproj
    
    Using response file: /Users/siam/Library/Developer/Xcode/DerivedData/Lingua_Quest-gvpckrqxtbgyprbgppjfqmimmmfw/Build/Intermediates.noindex/GoogleSignIn.build/Debug-iphonesimulator/GoogleSignIn.build/Objects-normal/x86_64/e6072d4f65d7061329687fe24e3d63a7-common-args.resp
    
    /Applications/Xcode.app/Contents/Developer/Toolchains/XcodeDefault.xctoolchain/usr/bin/clang -x objective-c -ivfsstatcache /Users/siam/Library/Developer/Xcode/DerivedData/SDKStatCaches.noindex/iphonesimulator26.0-23A339-26257891a6c027eb51374368541b8346.sdkstatcache -fmessage-length\=0 -fdiagnostics-show-note-include-stack -fmacro-backtrace-limit\=0 -fno-color-diagnostics -fmodules-prune-interval\=86400 -fmodules-prune-after\=345600 -fbuild-session-file\=/Users/siam/Library/Developer/Xcode/DerivedData/ModuleCache.noindex/Session.modulevalidation -fmodules-validate-once-per-build-session -Wnon-modular-include-in-framework-module -Werror\=non-modular-include-in-framework-module -Wno-trigraphs -Wno-missing-field-initializers -Wno-missing-prototypes -Wno-return-type -Wno-implicit-atomic-properties -Wno-objc-interface-ivars -Wno-arc-repeated-use-of-weak -Wno-missing-braces -Wparentheses -Wswitch -Wno-unused-function -Wno-unused-label -Wno-unused-parameter -Wno-unused-variable -Wunused-value -Wno-empty-body -Wno-uninitialized -Wno-unknown-pragmas -w -Wno-shadow -Wno-four-char-constants -Wno-conversion -Wno-constant-conversion -Wno-int-conversion -Wno-bool-conversion -Wno-enum-conversion -Wno-float-conversion -Wno-non-literal-null-conversion -Wno-objc-literal-conversion -Wshorten-64-to-32 -Wpointer-sign -Wno-newline-eof -Wno-selector -Wno-strict-selector-match -Wno-undeclared-selector -Wno-deprecated-implementations -Wno-implicit-fallthrough -fstrict-aliasing -Wprotocol -Wdeprecated-declarations -Wno-sign-conversion -Wno-infinite-recursion -Wno-comma -Wno-block-capture-autoreleasing -Wno-strict-prototypes -Wno-semicolon-before-method-body -index-store-path /Users/siam/Library/Developer/Xcode/DerivedData/Lingua_Quest-gvpckrqxtbgyprbgppjfqmimmmfw/Index.noindex/DataStore @/Users/siam/Library/Developer/Xcode/DerivedData/Lingua_Quest-gvpckrqxtbgyprbgppjfqmimmmfw/Build/Intermediates.noindex/GoogleSignIn.build/Debug-iphonesimulator/GoogleSignIn.build/Objects-normal/x86_64/e6072d4f65d7061329687fe24e3d63a7-common-args.resp -include /Users/siam/Library/Developer/Xcode/DerivedData/Lingua_Quest-gvpckrqxtbgyprbgppjfqmimmmfw/Build/Intermediates.noindex/GoogleSignIn.build/Debug-iphonesimulator/GoogleSignIn.build/DerivedSources/resource_bundle_accessor.h -MMD -MT dependencies -MF /Users/siam/Library/Developer/Xcode/DerivedData/Lingua_Quest-gvpckrqxtbgyprbgppjfqmimmmfw/Build/Intermediates.noindex/GoogleSignIn.build/Debug-iphonesimulator/GoogleSignIn.build/Objects-normal/x86_64/GIDConfiguration.d --serialize-diagnostics /Users/siam/Library/Developer/Xcode/DerivedData/Lingua_Quest-gvpckrqxtbgyprbgppjfqmimmmfw/Build/Intermediates.noindex/GoogleSignIn.build/Debug-iphonesimulator/GoogleSignIn.build/Objects-normal/x86_64/GIDConfiguration.dia -c /Users/siam/Library/Developer/Xcode/DerivedData/Lingua_Quest-gvpckrqxtbgyprbgppjfqmimmmfw/SourcePackages/checkouts/GoogleSignIn-iOS/GoogleSignIn/Sources/GIDConfiguration.m -o /Users/siam/Library/Developer/Xcode/DerivedData/Lingua_Quest-gvpckrqxtbgyprbgppjfqmimmmfw/Build/Intermediates.noindex/GoogleSignIn.build/Debug-iphonesimulator/GoogleSignIn.build/Objects-normal/x86_64/GIDConfiguration.o -index-unit-output-path /GoogleSignIn.build/Debug-iphonesimulator/GoogleSignIn.build/Objects-normal/x86_64/GIDConfiguration.o

ScanDependencies /Users/siam/Library/Developer/Xcode/DerivedData/Lingua_Quest-gvpckrqxtbgyprbgppjfqmimmmfw/Build/Intermediates.noindex/GoogleSignIn.build/Debug-iphonesimulator/GoogleSignIn.build/Objects-normal/x86_64/GIDAuthStateMigration.o /Users/siam/Library/Developer/Xcode/DerivedData/Lingua_Quest-gvpckrqxtbgyprbgppjfqmimmmfw/SourcePackages/checkouts/GoogleSignIn-iOS/GoogleSignIn/Sources/GIDAuthStateMigration/Implementation/GIDAuthStateMigration.m normal x86_64 objective-c com.apple.compilers.llvm.clang.1_0.compiler (in target 'GoogleSignIn' from project 'GoogleSignIn')
    cd /Users/siam/Desktop/Lingua\ Quest/Lingua\ Quest.xcodeproj
    
    Using response file: /Users/siam/Library/Developer/Xcode/DerivedData/Lingua_Quest-gvpckrqxtbgyprbgppjfqmimmmfw/Build/Intermediates.noindex/GoogleSignIn.build/Debug-iphonesimulator/GoogleSignIn.build/Objects-normal/x86_64/e6072d4f65d7061329687fe24e3d63a7-common-args.resp
    
    builtin-ScanDependencies -o /Users/siam/Library/Developer/Xcode/DerivedData/Lingua_Quest-gvpckrqxtbgyprbgppjfqmimmmfw/Build/Intermediates.noindex/GoogleSignIn.build/Debug-iphonesimulator/GoogleSignIn.build/Objects-normal/x86_64/GIDAuthStateMigration.o.scan -- /Applications/Xcode.app/Contents/Developer/Toolchains/XcodeDefault.xctoolchain/usr/bin/clang -x objective-c -ivfsstatcache /Users/siam/Library/Developer/Xcode/DerivedData/SDKStatCaches.noindex/iphonesimulator26.0-23A339-26257891a6c027eb51374368541b8346.sdkstatcache -fmessage-length\=0 -fdiagnostics-show-note-include-stack -fmacro-backtrace-limit\=0 -fno-color-diagnostics -fmodules-prune-interval\=86400 -fmodules-prune-after\=345600 -fbuild-session-file\=/Users/siam/Library/Developer/Xcode/DerivedData/ModuleCache.noindex/Session.modulevalidation -fmodules-validate-once-per-build-session -Wnon-modular-include-in-framework-module -Werror\=non-modular-include-in-framework-module -Wno-trigraphs -Wno-missing-field-initializers -Wno-missing-prototypes -Wno-return-type -Wno-implicit-atomic-properties -Wno-objc-interface-ivars -Wno-arc-repeated-use-of-weak -Wno-missing-braces -Wparentheses -Wswitch -Wno-unused-function -Wno-unused-label -Wno-unused-parameter -Wno-unused-variable -Wunused-value -Wno-empty-body -Wno-uninitialized -Wno-unknown-pragmas -w -Wno-shadow -Wno-four-char-constants -Wno-conversion -Wno-constant-conversion -Wno-int-conversion -Wno-bool-conversion -Wno-enum-conversion -Wno-float-conversion -Wno-non-literal-null-conversion -Wno-objc-literal-conversion -Wshorten-64-to-32 -Wpointer-sign -Wno-newline-eof -Wno-selector -Wno-strict-selector-match -Wno-undeclared-selector -Wno-deprecated-implementations -Wno-implicit-fallthrough -fstrict-aliasing -Wprotocol -Wdeprecated-declarations -Wno-sign-conversion -Wno-infinite-recursion -Wno-comma -Wno-block-capture-autoreleasing -Wno-strict-prototypes -Wno-semicolon-before-method-body -index-store-path /Users/siam/Library/Developer/Xcode/DerivedData/Lingua_Quest-gvpckrqxtbgyprbgppjfqmimmmfw/Index.noindex/DataStore @/Users/siam/Library/Developer/Xcode/DerivedData/Lingua_Quest-gvpckrqxtbgyprbgppjfqmimmmfw/Build/Intermediates.noindex/GoogleSignIn.build/Debug-iphonesimulator/GoogleSignIn.build/Objects-normal/x86_64/e6072d4f65d7061329687fe24e3d63a7-common-args.resp -include /Users/siam/Library/Developer/Xcode/DerivedData/Lingua_Quest-gvpckrqxtbgyprbgppjfqmimmmfw/Build/Intermediates.noindex/GoogleSignIn.build/Debug-iphonesimulator/GoogleSignIn.build/DerivedSources/resource_bundle_accessor.h -MMD -MT dependencies -MF /Users/siam/Library/Developer/Xcode/DerivedData/Lingua_Quest-gvpckrqxtbgyprbgppjfqmimmmfw/Build/Intermediates.noindex/GoogleSignIn.build/Debug-iphonesimulator/GoogleSignIn.build/Objects-normal/x86_64/GIDAuthStateMigration.d --serialize-diagnostics /Users/siam/Library/Developer/Xcode/DerivedData/Lingua_Quest-gvpckrqxtbgyprbgppjfqmimmmfw/Build/Intermediates.noindex/GoogleSignIn.build/Debug-iphonesimulator/GoogleSignIn.build/Objects-normal/x86_64/GIDAuthStateMigration.dia -c /Users/siam/Library/Developer/Xcode/DerivedData/Lingua_Quest-gvpckrqxtbgyprbgppjfqmimmmfw/SourcePackages/checkouts/GoogleSignIn-iOS/GoogleSignIn/Sources/GIDAuthStateMigration/Implementation/GIDAuthStateMigration.m -o /Users/siam/Library/Developer/Xcode/DerivedData/Lingua_Quest-gvpckrqxtbgyprbgppjfqmimmmfw/Build/Intermediates.noindex/GoogleSignIn.build/Debug-iphonesimulator/GoogleSignIn.build/Objects-normal/x86_64/GIDAuthStateMigration.o -index-unit-output-path /GoogleSignIn.build/Debug-iphonesimulator/GoogleSignIn.build/Objects-normal/x86_64/GIDAuthStateMigration.o

CompileC /Users/siam/Library/Developer/Xcode/DerivedData/Lingua_Quest-gvpckrqxtbgyprbgppjfqmimmmfw/Build/Intermediates.noindex/GoogleSignIn.build/Debug-iphonesimulator/GoogleSignIn.build/Objects-normal/x86_64/GIDEMMErrorHandler.o /Users/siam/Library/Developer/Xcode/DerivedData/Lingua_Quest-gvpckrqxtbgyprbgppjfqmimmmfw/SourcePackages/checkouts/GoogleSignIn-iOS/GoogleSignIn/Sources/GIDEMMErrorHandler.m normal x86_64 objective-c com.apple.compilers.llvm.clang.1_0.compiler (in target 'GoogleSignIn' from project 'GoogleSignIn')
    cd /Users/siam/Desktop/Lingua\ Quest/Lingua\ Quest.xcodeproj
    
    Using response file: /Users/siam/Library/Developer/Xcode/DerivedData/Lingua_Quest-gvpckrqxtbgyprbgppjfqmimmmfw/Build/Intermediates.noindex/GoogleSignIn.build/Debug-iphonesimulator/GoogleSignIn.build/Objects-normal/x86_64/e6072d4f65d7061329687fe24e3d63a7-common-args.resp
    
    /Applications/Xcode.app/Contents/Developer/Toolchains/XcodeDefault.xctoolchain/usr/bin/clang -x objective-c -ivfsstatcache /Users/siam/Library/Developer/Xcode/DerivedData/SDKStatCaches.noindex/iphonesimulator26.0-23A339-26257891a6c027eb51374368541b8346.sdkstatcache -fmessage-length\=0 -fdiagnostics-show-note-include-stack -fmacro-backtrace-limit\=0 -fno-color-diagnostics -fmodules-prune-interval\=86400 -fmodules-prune-after\=345600 -fbuild-session-file\=/Users/siam/Library/Developer/Xcode/DerivedData/ModuleCache.noindex/Session.modulevalidation -fmodules-validate-once-per-build-session -Wnon-modular-include-in-framework-module -Werror\=non-modular-include-in-framework-module -Wno-trigraphs -Wno-missing-field-initializers -Wno-missing-prototypes -Wno-return-type -Wno-implicit-atomic-properties -Wno-objc-interface-ivars -Wno-arc-repeated-use-of-weak -Wno-missing-braces -Wparentheses -Wswitch -Wno-unused-function -Wno-unused-label -Wno-unused-parameter -Wno-unused-variable -Wunused-value -Wno-empty-body -Wno-uninitialized -Wno-unknown-pragmas -w -Wno-shadow -Wno-four-char-constants -Wno-conversion -Wno-constant-conversion -Wno-int-conversion -Wno-bool-conversion -Wno-enum-conversion -Wno-float-conversion -Wno-non-literal-null-conversion -Wno-objc-literal-conversion -Wshorten-64-to-32 -Wpointer-sign -Wno-newline-eof -Wno-selector -Wno-strict-selector-match -Wno-undeclared-selector -Wno-deprecated-implementations -Wno-implicit-fallthrough -fstrict-aliasing -Wprotocol -Wdeprecated-declarations -Wno-sign-conversion -Wno-infinite-recursion -Wno-comma -Wno-block-capture-autoreleasing -Wno-strict-prototypes -Wno-semicolon-before-method-body -index-store-path /Users/siam/Library/Developer/Xcode/DerivedData/Lingua_Quest-gvpckrqxtbgyprbgppjfqmimmmfw/Index.noindex/DataStore @/Users/siam/Library/Developer/Xcode/DerivedData/Lingua_Quest-gvpckrqxtbgyprbgppjfqmimmmfw/Build/Intermediates.noindex/GoogleSignIn.build/Debug-iphonesimulator/GoogleSignIn.build/Objects-normal/x86_64/e6072d4f65d7061329687fe24e3d63a7-common-args.resp -include /Users/siam/Library/Developer/Xcode/DerivedData/Lingua_Quest-gvpckrqxtbgyprbgppjfqmimmmfw/Build/Intermediates.noindex/GoogleSignIn.build/Debug-iphonesimulator/GoogleSignIn.build/DerivedSources/resource_bundle_accessor.h -MMD -MT dependencies -MF /Users/siam/Library/Developer/Xcode/DerivedData/Lingua_Quest-gvpckrqxtbgyprbgppjfqmimmmfw/Build/Intermediates.noindex/GoogleSignIn.build/Debug-iphonesimulator/GoogleSignIn.build/Objects-normal/x86_64/GIDEMMErrorHandler.d --serialize-diagnostics /Users/siam/Library/Developer/Xcode/DerivedData/Lingua_Quest-gvpckrqxtbgyprbgppjfqmimmmfw/Build/Intermediates.noindex/GoogleSignIn.build/Debug-iphonesimulator/GoogleSignIn.build/Objects-normal/x86_64/GIDEMMErrorHandler.dia -c /Users/siam/Library/Developer/Xcode/DerivedData/Lingua_Quest-gvpckrqxtbgyprbgppjfqmimmmfw/SourcePackages/checkouts/GoogleSignIn-iOS/GoogleSignIn/Sources/GIDEMMErrorHandler.m -o /Users/siam/Library/Developer/Xcode/DerivedData/Lingua_Quest-gvpckrqxtbgyprbgppjfqmimmmfw/Build/Intermediates.noindex/GoogleSignIn.build/Debug-iphonesimulator/GoogleSignIn.build/Objects-normal/x86_64/GIDEMMErrorHandler.o -index-unit-output-path /GoogleSignIn.build/Debug-iphonesimulator/GoogleSignIn.build/Objects-normal/x86_64/GIDEMMErrorHandler.o

CompileC /Users/siam/Library/Developer/Xcode/DerivedData/Lingua_Quest-gvpckrqxtbgyprbgppjfqmimmmfw/Build/Intermediates.noindex/GoogleSignIn.build/Debug-iphonesimulator/GoogleSignIn.build/Objects-normal/x86_64/GIDClaimsInternalOptions.o /Users/siam/Library/Developer/Xcode/DerivedData/Lingua_Quest-gvpckrqxtbgyprbgppjfqmimmmfw/SourcePackages/checkouts/GoogleSignIn-iOS/GoogleSignIn/Sources/GIDClaimsInternalOptions.m normal x86_64 objective-c com.apple.compilers.llvm.clang.1_0.compiler (in target 'GoogleSignIn' from project 'GoogleSignIn')
    cd /Users/siam/Desktop/Lingua\ Quest/Lingua\ Quest.xcodeproj
    
    Using response file: /Users/siam/Library/Developer/Xcode/DerivedData/Lingua_Quest-gvpckrqxtbgyprbgppjfqmimmmfw/Build/Intermediates.noindex/GoogleSignIn.build/Debug-iphonesimulator/GoogleSignIn.build/Objects-normal/x86_64/e6072d4f65d7061329687fe24e3d63a7-common-args.resp
    
    /Applications/Xcode.app/Contents/Developer/Toolchains/XcodeDefault.xctoolchain/usr/bin/clang -x objective-c -ivfsstatcache /Users/siam/Library/Developer/Xcode/DerivedData/SDKStatCaches.noindex/iphonesimulator26.0-23A339-26257891a6c027eb51374368541b8346.sdkstatcache -fmessage-length\=0 -fdiagnostics-show-note-include-stack -fmacro-backtrace-limit\=0 -fno-color-diagnostics -fmodules-prune-interval\=86400 -fmodules-prune-after\=345600 -fbuild-session-file\=/Users/siam/Library/Developer/Xcode/DerivedData/ModuleCache.noindex/Session.modulevalidation -fmodules-validate-once-per-build-session -Wnon-modular-include-in-framework-module -Werror\=non-modular-include-in-framework-module -Wno-trigraphs -Wno-missing-field-initializers -Wno-missing-prototypes -Wno-return-type -Wno-implicit-atomic-properties -Wno-objc-interface-ivars -Wno-arc-repeated-use-of-weak -Wno-missing-braces -Wparentheses -Wswitch -Wno-unused-function -Wno-unused-label -Wno-unused-parameter -Wno-unused-variable -Wunused-value -Wno-empty-body -Wno-uninitialized -Wno-unknown-pragmas -w -Wno-shadow -Wno-four-char-constants -Wno-conversion -Wno-constant-conversion -Wno-int-conversion -Wno-bool-conversion -Wno-enum-conversion -Wno-float-conversion -Wno-non-literal-null-conversion -Wno-objc-literal-conversion -Wshorten-64-to-32 -Wpointer-sign -Wno-newline-eof -Wno-selector -Wno-strict-selector-match -Wno-undeclared-selector -Wno-deprecated-implementations -Wno-implicit-fallthrough -fstrict-aliasing -Wprotocol -Wdeprecated-declarations -Wno-sign-conversion -Wno-infinite-recursion -Wno-comma -Wno-block-capture-autoreleasing -Wno-strict-prototypes -Wno-semicolon-before-method-body -index-store-path /Users/siam/Library/Developer/Xcode/DerivedData/Lingua_Quest-gvpckrqxtbgyprbgppjfqmimmmfw/Index.noindex/DataStore @/Users/siam/Library/Developer/Xcode/DerivedData/Lingua_Quest-gvpckrqxtbgyprbgppjfqmimmmfw/Build/Intermediates.noindex/GoogleSignIn.build/Debug-iphonesimulator/GoogleSignIn.build/Objects-normal/x86_64/e6072d4f65d7061329687fe24e3d63a7-common-args.resp -include /Users/siam/Library/Developer/Xcode/DerivedData/Lingua_Quest-gvpckrqxtbgyprbgppjfqmimmmfw/Build/Intermediates.noindex/GoogleSignIn.build/Debug-iphonesimulator/GoogleSignIn.build/DerivedSources/resource_bundle_accessor.h -MMD -MT dependencies -MF /Users/siam/Library/Developer/Xcode/DerivedData/Lingua_Quest-gvpckrqxtbgyprbgppjfqmimmmfw/Build/Intermediates.noindex/GoogleSignIn.build/Debug-iphonesimulator/GoogleSignIn.build/Objects-normal/x86_64/GIDClaimsInternalOptions.d --serialize-diagnostics /Users/siam/Library/Developer/Xcode/DerivedData/Lingua_Quest-gvpckrqxtbgyprbgppjfqmimmmfw/Build/Intermediates.noindex/GoogleSignIn.build/Debug-iphonesimulator/GoogleSignIn.build/Objects-normal/x86_64/GIDClaimsInternalOptions.dia -c /Users/siam/Library/Developer/Xcode/DerivedData/Lingua_Quest-gvpckrqxtbgyprbgppjfqmimmmfw/SourcePackages/checkouts/GoogleSignIn-iOS/GoogleSignIn/Sources/GIDClaimsInternalOptions.m -o /Users/siam/Library/Developer/Xcode/DerivedData/Lingua_Quest-gvpckrqxtbgyprbgppjfqmimmmfw/Build/Intermediates.noindex/GoogleSignIn.build/Debug-iphonesimulator/GoogleSignIn.build/Objects-normal/x86_64/GIDClaimsInternalOptions.o -index-unit-output-path /GoogleSignIn.build/Debug-iphonesimulator/GoogleSignIn.build/Objects-normal/x86_64/GIDClaimsInternalOptions.o

CompileC /Users/siam/Library/Developer/Xcode/DerivedData/Lingua_Quest-gvpckrqxtbgyprbgppjfqmimmmfw/Build/Intermediates.noindex/GoogleSignIn.build/Debug-iphonesimulator/GoogleSignIn.build/Objects-normal/x86_64/GIDClaim.o /Users/siam/Library/Developer/Xcode/DerivedData/Lingua_Quest-gvpckrqxtbgyprbgppjfqmimmmfw/SourcePackages/checkouts/GoogleSignIn-iOS/GoogleSignIn/Sources/GIDClaim.m normal x86_64 objective-c com.apple.compilers.llvm.clang.1_0.compiler (in target 'GoogleSignIn' from project 'GoogleSignIn')
    cd /Users/siam/Desktop/Lingua\ Quest/Lingua\ Quest.xcodeproj
    
    Using response file: /Users/siam/Library/Developer/Xcode/DerivedData/Lingua_Quest-gvpckrqxtbgyprbgppjfqmimmmfw/Build/Intermediates.noindex/GoogleSignIn.build/Debug-iphonesimulator/GoogleSignIn.build/Objects-normal/x86_64/e6072d4f65d7061329687fe24e3d63a7-common-args.resp
    
    /Applications/Xcode.app/Contents/Developer/Toolchains/XcodeDefault.xctoolchain/usr/bin/clang -x objective-c -ivfsstatcache /Users/siam/Library/Developer/Xcode/DerivedData/SDKStatCaches.noindex/iphonesimulator26.0-23A339-26257891a6c027eb51374368541b8346.sdkstatcache -fmessage-length\=0 -fdiagnostics-show-note-include-stack -fmacro-backtrace-limit\=0 -fno-color-diagnostics -fmodules-prune-interval\=86400 -fmodules-prune-after\=345600 -fbuild-session-file\=/Users/siam/Library/Developer/Xcode/DerivedData/ModuleCache.noindex/Session.modulevalidation -fmodules-validate-once-per-build-session -Wnon-modular-include-in-framework-module -Werror\=non-modular-include-in-framework-module -Wno-trigraphs -Wno-missing-field-initializers -Wno-missing-prototypes -Wno-return-type -Wno-implicit-atomic-properties -Wno-objc-interface-ivars -Wno-arc-repeated-use-of-weak -Wno-missing-braces -Wparentheses -Wswitch -Wno-unused-function -Wno-unused-label -Wno-unused-parameter -Wno-unused-variable -Wunused-value -Wno-empty-body -Wno-uninitialized -Wno-unknown-pragmas -w -Wno-shadow -Wno-four-char-constants -Wno-conversion -Wno-constant-conversion -Wno-int-conversion -Wno-bool-conversion -Wno-enum-conversion -Wno-float-conversion -Wno-non-literal-null-conversion -Wno-objc-literal-conversion -Wshorten-64-to-32 -Wpointer-sign -Wno-newline-eof -Wno-selector -Wno-strict-selector-match -Wno-undeclared-selector -Wno-deprecated-implementations -Wno-implicit-fallthrough -fstrict-aliasing -Wprotocol -Wdeprecated-declarations -Wno-sign-conversion -Wno-infinite-recursion -Wno-comma -Wno-block-capture-autoreleasing -Wno-strict-prototypes -Wno-semicolon-before-method-body -index-store-path /Users/siam/Library/Developer/Xcode/DerivedData/Lingua_Quest-gvpckrqxtbgyprbgppjfqmimmmfw/Index.noindex/DataStore @/Users/siam/Library/Developer/Xcode/DerivedData/Lingua_Quest-gvpckrqxtbgyprbgppjfqmimmmfw/Build/Intermediates.noindex/GoogleSignIn.build/Debug-iphonesimulator/GoogleSignIn.build/Objects-normal/x86_64/e6072d4f65d7061329687fe24e3d63a7-common-args.resp -include /Users/siam/Library/Developer/Xcode/DerivedData/Lingua_Quest-gvpckrqxtbgyprbgppjfqmimmmfw/Build/Intermediates.noindex/GoogleSignIn.build/Debug-iphonesimulator/GoogleSignIn.build/DerivedSources/resource_bundle_accessor.h -MMD -MT dependencies -MF /Users/siam/Library/Developer/Xcode/DerivedData/Lingua_Quest-gvpckrqxtbgyprbgppjfqmimmmfw/Build/Intermediates.noindex/GoogleSignIn.build/Debug-iphonesimulator/GoogleSignIn.build/Objects-normal/x86_64/GIDClaim.d --serialize-diagnostics /Users/siam/Library/Developer/Xcode/DerivedData/Lingua_Quest-gvpckrqxtbgyprbgppjfqmimmmfw/Build/Intermediates.noindex/GoogleSignIn.build/Debug-iphonesimulator/GoogleSignIn.build/Objects-normal/x86_64/GIDClaim.dia -c /Users/siam/Library/Developer/Xcode/DerivedData/Lingua_Quest-gvpckrqxtbgyprbgppjfqmimmmfw/SourcePackages/checkouts/GoogleSignIn-iOS/GoogleSignIn/Sources/GIDClaim.m -o /Users/siam/Library/Developer/Xcode/DerivedData/Lingua_Quest-gvpckrqxtbgyprbgppjfqmimmmfw/Build/Intermediates.noindex/GoogleSignIn.build/Debug-iphonesimulator/GoogleSignIn.build/Objects-normal/x86_64/GIDClaim.o -index-unit-output-path /GoogleSignIn.build/Debug-iphonesimulator/GoogleSignIn.build/Objects-normal/x86_64/GIDClaim.o

ScanDependencies /Users/siam/Library/Developer/Xcode/DerivedData/Lingua_Quest-gvpckrqxtbgyprbgppjfqmimmmfw/Build/Intermediates.noindex/GoogleSignIn.build/Debug-iphonesimulator/GoogleSignIn.build/Objects-normal/x86_64/GIDAppCheckProviderFake.o /Users/siam/Library/Developer/Xcode/DerivedData/Lingua_Quest-gvpckrqxtbgyprbgppjfqmimmmfw/SourcePackages/checkouts/GoogleSignIn-iOS/GoogleSignIn/Sources/GIDAppCheck/Implementations/Fake/GIDAppCheckProviderFake.m normal x86_64 objective-c com.apple.compilers.llvm.clang.1_0.compiler (in target 'GoogleSignIn' from project 'GoogleSignIn')
    cd /Users/siam/Desktop/Lingua\ Quest/Lingua\ Quest.xcodeproj
    
    Using response file: /Users/siam/Library/Developer/Xcode/DerivedData/Lingua_Quest-gvpckrqxtbgyprbgppjfqmimmmfw/Build/Intermediates.noindex/GoogleSignIn.build/Debug-iphonesimulator/GoogleSignIn.build/Objects-normal/x86_64/e6072d4f65d7061329687fe24e3d63a7-common-args.resp
    
    builtin-ScanDependencies -o /Users/siam/Library/Developer/Xcode/DerivedData/Lingua_Quest-gvpckrqxtbgyprbgppjfqmimmmfw/Build/Intermediates.noindex/GoogleSignIn.build/Debug-iphonesimulator/GoogleSignIn.build/Objects-normal/x86_64/GIDAppCheckProviderFake.o.scan -- /Applications/Xcode.app/Contents/Developer/Toolchains/XcodeDefault.xctoolchain/usr/bin/clang -x objective-c -ivfsstatcache /Users/siam/Library/Developer/Xcode/DerivedData/SDKStatCaches.noindex/iphonesimulator26.0-23A339-26257891a6c027eb51374368541b8346.sdkstatcache -fmessage-length\=0 -fdiagnostics-show-note-include-stack -fmacro-backtrace-limit\=0 -fno-color-diagnostics -fmodules-prune-interval\=86400 -fmodules-prune-after\=345600 -fbuild-session-file\=/Users/siam/Library/Developer/Xcode/DerivedData/ModuleCache.noindex/Session.modulevalidation -fmodules-validate-once-per-build-session -Wnon-modular-include-in-framework-module -Werror\=non-modular-include-in-framework-module -Wno-trigraphs -Wno-missing-field-initializers -Wno-missing-prototypes -Wno-return-type -Wno-implicit-atomic-properties -Wno-objc-interface-ivars -Wno-arc-repeated-use-of-weak -Wno-missing-braces -Wparentheses -Wswitch -Wno-unused-function -Wno-unused-label -Wno-unused-parameter -Wno-unused-variable -Wunused-value -Wno-empty-body -Wno-uninitialized -Wno-unknown-pragmas -w -Wno-shadow -Wno-four-char-constants -Wno-conversion -Wno-constant-conversion -Wno-int-conversion -Wno-bool-conversion -Wno-enum-conversion -Wno-float-conversion -Wno-non-literal-null-conversion -Wno-objc-literal-conversion -Wshorten-64-to-32 -Wpointer-sign -Wno-newline-eof -Wno-selector -Wno-strict-selector-match -Wno-undeclared-selector -Wno-deprecated-implementations -Wno-implicit-fallthrough -fstrict-aliasing -Wprotocol -Wdeprecated-declarations -Wno-sign-conversion -Wno-infinite-recursion -Wno-comma -Wno-block-capture-autoreleasing -Wno-strict-prototypes -Wno-semicolon-before-method-body -index-store-path /Users/siam/Library/Developer/Xcode/DerivedData/Lingua_Quest-gvpckrqxtbgyprbgppjfqmimmmfw/Index.noindex/DataStore @/Users/siam/Library/Developer/Xcode/DerivedData/Lingua_Quest-gvpckrqxtbgyprbgppjfqmimmmfw/Build/Intermediates.noindex/GoogleSignIn.build/Debug-iphonesimulator/GoogleSignIn.build/Objects-normal/x86_64/e6072d4f65d7061329687fe24e3d63a7-common-args.resp -include /Users/siam/Library/Developer/Xcode/DerivedData/Lingua_Quest-gvpckrqxtbgyprbgppjfqmimmmfw/Build/Intermediates.noindex/GoogleSignIn.build/Debug-iphonesimulator/GoogleSignIn.build/DerivedSources/resource_bundle_accessor.h -MMD -MT dependencies -MF /Users/siam/Library/Developer/Xcode/DerivedData/Lingua_Quest-gvpckrqxtbgyprbgppjfqmimmmfw/Build/Intermediates.noindex/GoogleSignIn.build/Debug-iphonesimulator/GoogleSignIn.build/Objects-normal/x86_64/GIDAppCheckProviderFake.d --serialize-diagnostics /Users/siam/Library/Developer/Xcode/DerivedData/Lingua_Quest-gvpckrqxtbgyprbgppjfqmimmmfw/Build/Intermediates.noindex/GoogleSignIn.build/Debug-iphonesimulator/GoogleSignIn.build/Objects-normal/x86_64/GIDAppCheckProviderFake.dia -c /Users/siam/Library/Developer/Xcode/DerivedData/Lingua_Quest-gvpckrqxtbgyprbgppjfqmimmmfw/SourcePackages/checkouts/GoogleSignIn-iOS/GoogleSignIn/Sources/GIDAppCheck/Implementations/Fake/GIDAppCheckProviderFake.m -o /Users/siam/Library/Developer/Xcode/DerivedData/Lingua_Quest-gvpckrqxtbgyprbgppjfqmimmmfw/Build/Intermediates.noindex/GoogleSignIn.build/Debug-iphonesimulator/GoogleSignIn.build/Objects-normal/x86_64/GIDAppCheckProviderFake.o -index-unit-output-path /GoogleSignIn.build/Debug-iphonesimulator/GoogleSignIn.build/Objects-normal/x86_64/GIDAppCheckProviderFake.o

CompileC /Users/siam/Library/Developer/Xcode/DerivedData/Lingua_Quest-gvpckrqxtbgyprbgppjfqmimmmfw/Build/Intermediates.noindex/GoogleSignIn.build/Debug-iphonesimulator/GoogleSignIn.build/Objects-normal/x86_64/GIDCallbackQueue.o /Users/siam/Library/Developer/Xcode/DerivedData/Lingua_Quest-gvpckrqxtbgyprbgppjfqmimmmfw/SourcePackages/checkouts/GoogleSignIn-iOS/GoogleSignIn/Sources/GIDCallbackQueue.m normal x86_64 objective-c com.apple.compilers.llvm.clang.1_0.compiler (in target 'GoogleSignIn' from project 'GoogleSignIn')
    cd /Users/siam/Desktop/Lingua\ Quest/Lingua\ Quest.xcodeproj
    
    Using response file: /Users/siam/Library/Developer/Xcode/DerivedData/Lingua_Quest-gvpckrqxtbgyprbgppjfqmimmmfw/Build/Intermediates.noindex/GoogleSignIn.build/Debug-iphonesimulator/GoogleSignIn.build/Objects-normal/x86_64/e6072d4f65d7061329687fe24e3d63a7-common-args.resp
    
    /Applications/Xcode.app/Contents/Developer/Toolchains/XcodeDefault.xctoolchain/usr/bin/clang -x objective-c -ivfsstatcache /Users/siam/Library/Developer/Xcode/DerivedData/SDKStatCaches.noindex/iphonesimulator26.0-23A339-26257891a6c027eb51374368541b8346.sdkstatcache -fmessage-length\=0 -fdiagnostics-show-note-include-stack -fmacro-backtrace-limit\=0 -fno-color-diagnostics -fmodules-prune-interval\=86400 -fmodules-prune-after\=345600 -fbuild-session-file\=/Users/siam/Library/Developer/Xcode/DerivedData/ModuleCache.noindex/Session.modulevalidation -fmodules-validate-once-per-build-session -Wnon-modular-include-in-framework-module -Werror\=non-modular-include-in-framework-module -Wno-trigraphs -Wno-missing-field-initializers -Wno-missing-prototypes -Wno-return-type -Wno-implicit-atomic-properties -Wno-objc-interface-ivars -Wno-arc-repeated-use-of-weak -Wno-missing-braces -Wparentheses -Wswitch -Wno-unused-function -Wno-unused-label -Wno-unused-parameter -Wno-unused-variable -Wunused-value -Wno-empty-body -Wno-uninitialized -Wno-unknown-pragmas -w -Wno-shadow -Wno-four-char-constants -Wno-conversion -Wno-constant-conversion -Wno-int-conversion -Wno-bool-conversion -Wno-enum-conversion -Wno-float-conversion -Wno-non-literal-null-conversion -Wno-objc-literal-conversion -Wshorten-64-to-32 -Wpointer-sign -Wno-newline-eof -Wno-selector -Wno-strict-selector-match -Wno-undeclared-selector -Wno-deprecated-implementations -Wno-implicit-fallthrough -fstrict-aliasing -Wprotocol -Wdeprecated-declarations -Wno-sign-conversion -Wno-infinite-recursion -Wno-comma -Wno-block-capture-autoreleasing -Wno-strict-prototypes -Wno-semicolon-before-method-body -index-store-path /Users/siam/Library/Developer/Xcode/DerivedData/Lingua_Quest-gvpckrqxtbgyprbgppjfqmimmmfw/Index.noindex/DataStore @/Users/siam/Library/Developer/Xcode/DerivedData/Lingua_Quest-gvpckrqxtbgyprbgppjfqmimmmfw/Build/Intermediates.noindex/GoogleSignIn.build/Debug-iphonesimulator/GoogleSignIn.build/Objects-normal/x86_64/e6072d4f65d7061329687fe24e3d63a7-common-args.resp -include /Users/siam/Library/Developer/Xcode/DerivedData/Lingua_Quest-gvpckrqxtbgyprbgppjfqmimmmfw/Build/Intermediates.noindex/GoogleSignIn.build/Debug-iphonesimulator/GoogleSignIn.build/DerivedSources/resource_bundle_accessor.h -MMD -MT dependencies -MF /Users/siam/Library/Developer/Xcode/DerivedData/Lingua_Quest-gvpckrqxtbgyprbgppjfqmimmmfw/Build/Intermediates.noindex/GoogleSignIn.build/Debug-iphonesimulator/GoogleSignIn.build/Objects-normal/x86_64/GIDCallbackQueue.d --serialize-diagnostics /Users/siam/Library/Developer/Xcode/DerivedData/Lingua_Quest-gvpckrqxtbgyprbgppjfqmimmmfw/Build/Intermediates.noindex/GoogleSignIn.build/Debug-iphonesimulator/GoogleSignIn.build/Objects-normal/x86_64/GIDCallbackQueue.dia -c /Users/siam/Library/Developer/Xcode/DerivedData/Lingua_Quest-gvpckrqxtbgyprbgppjfqmimmmfw/SourcePackages/checkouts/GoogleSignIn-iOS/GoogleSignIn/Sources/GIDCallbackQueue.m -o /Users/siam/Library/Developer/Xcode/DerivedData/Lingua_Quest-gvpckrqxtbgyprbgppjfqmimmmfw/Build/Intermediates.noindex/GoogleSignIn.build/Debug-iphonesimulator/GoogleSignIn.build/Objects-normal/x86_64/GIDCallbackQueue.o -index-unit-output-path /GoogleSignIn.build/Debug-iphonesimulator/GoogleSignIn.build/Objects-normal/x86_64/GIDCallbackQueue.o

CompileC /Users/siam/Library/Developer/Xcode/DerivedData/Lingua_Quest-gvpckrqxtbgyprbgppjfqmimmmfw/Build/Intermediates.noindex/GoogleSignIn.build/Debug-iphonesimulator/GoogleSignIn.build/Objects-normal/x86_64/GIDSignIn.o /Users/siam/Library/Developer/Xcode/DerivedData/Lingua_Quest-gvpckrqxtbgyprbgppjfqmimmmfw/SourcePackages/checkouts/GoogleSignIn-iOS/GoogleSignIn/Sources/GIDSignIn.m normal x86_64 objective-c com.apple.compilers.llvm.clang.1_0.compiler (in target 'GoogleSignIn' from project 'GoogleSignIn')
    cd /Users/siam/Desktop/Lingua\ Quest/Lingua\ Quest.xcodeproj
    
    Using response file: /Users/siam/Library/Developer/Xcode/DerivedData/Lingua_Quest-gvpckrqxtbgyprbgppjfqmimmmfw/Build/Intermediates.noindex/GoogleSignIn.build/Debug-iphonesimulator/GoogleSignIn.build/Objects-normal/x86_64/e6072d4f65d7061329687fe24e3d63a7-common-args.resp
    
    /Applications/Xcode.app/Contents/Developer/Toolchains/XcodeDefault.xctoolchain/usr/bin/clang -x objective-c -ivfsstatcache /Users/siam/Library/Developer/Xcode/DerivedData/SDKStatCaches.noindex/iphonesimulator26.0-23A339-26257891a6c027eb51374368541b8346.sdkstatcache -fmessage-length\=0 -fdiagnostics-show-note-include-stack -fmacro-backtrace-limit\=0 -fno-color-diagnostics -fmodules-prune-interval\=86400 -fmodules-prune-after\=345600 -fbuild-session-file\=/Users/siam/Library/Developer/Xcode/DerivedData/ModuleCache.noindex/Session.modulevalidation -fmodules-validate-once-per-build-session -Wnon-modular-include-in-framework-module -Werror\=non-modular-include-in-framework-module -Wno-trigraphs -Wno-missing-field-initializers -Wno-missing-prototypes -Wno-return-type -Wno-implicit-atomic-properties -Wno-objc-interface-ivars -Wno-arc-repeated-use-of-weak -Wno-missing-braces -Wparentheses -Wswitch -Wno-unused-function -Wno-unused-label -Wno-unused-parameter -Wno-unused-variable -Wunused-value -Wno-empty-body -Wno-uninitialized -Wno-unknown-pragmas -w -Wno-shadow -Wno-four-char-constants -Wno-conversion -Wno-constant-conversion -Wno-int-conversion -Wno-bool-conversion -Wno-enum-conversion -Wno-float-conversion -Wno-non-literal-null-conversion -Wno-objc-literal-conversion -Wshorten-64-to-32 -Wpointer-sign -Wno-newline-eof -Wno-selector -Wno-strict-selector-match -Wno-undeclared-selector -Wno-deprecated-implementations -Wno-implicit-fallthrough -fstrict-aliasing -Wprotocol -Wdeprecated-declarations -Wno-sign-conversion -Wno-infinite-recursion -Wno-comma -Wno-block-capture-autoreleasing -Wno-strict-prototypes -Wno-semicolon-before-method-body -index-store-path /Users/siam/Library/Developer/Xcode/DerivedData/Lingua_Quest-gvpckrqxtbgyprbgppjfqmimmmfw/Index.noindex/DataStore @/Users/siam/Library/Developer/Xcode/DerivedData/Lingua_Quest-gvpckrqxtbgyprbgppjfqmimmmfw/Build/Intermediates.noindex/GoogleSignIn.build/Debug-iphonesimulator/GoogleSignIn.build/Objects-normal/x86_64/e6072d4f65d7061329687fe24e3d63a7-common-args.resp -include /Users/siam/Library/Developer/Xcode/DerivedData/Lingua_Quest-gvpckrqxtbgyprbgppjfqmimmmfw/Build/Intermediates.noindex/GoogleSignIn.build/Debug-iphonesimulator/GoogleSignIn.build/DerivedSources/resource_bundle_accessor.h -MMD -MT dependencies -MF /Users/siam/Library/Developer/Xcode/DerivedData/Lingua_Quest-gvpckrqxtbgyprbgppjfqmimmmfw/Build/Intermediates.noindex/GoogleSignIn.build/Debug-iphonesimulator/GoogleSignIn.build/Objects-normal/x86_64/GIDSignIn.d --serialize-diagnostics /Users/siam/Library/Developer/Xcode/DerivedData/Lingua_Quest-gvpckrqxtbgyprbgppjfqmimmmfw/Build/Intermediates.noindex/GoogleSignIn.build/Debug-iphonesimulator/GoogleSignIn.build/Objects-normal/x86_64/GIDSignIn.dia -c /Users/siam/Library/Developer/Xcode/DerivedData/Lingua_Quest-gvpckrqxtbgyprbgppjfqmimmmfw/SourcePackages/checkouts/GoogleSignIn-iOS/GoogleSignIn/Sources/GIDSignIn.m -o /Users/siam/Library/Developer/Xcode/DerivedData/Lingua_Quest-gvpckrqxtbgyprbgppjfqmimmmfw/Build/Intermediates.noindex/GoogleSignIn.build/Debug-iphonesimulator/GoogleSignIn.build/Objects-normal/x86_64/GIDSignIn.o -index-unit-output-path /GoogleSignIn.build/Debug-iphonesimulator/GoogleSignIn.build/Objects-normal/x86_64/GIDSignIn.o

CompileC /Users/siam/Library/Developer/Xcode/DerivedData/Lingua_Quest-gvpckrqxtbgyprbgppjfqmimmmfw/Build/Intermediates.noindex/GoogleSignIn.build/Debug-iphonesimulator/GoogleSignIn.build/Objects-normal/x86_64/GIDGoogleUser.o /Users/siam/Library/Developer/Xcode/DerivedData/Lingua_Quest-gvpckrqxtbgyprbgppjfqmimmmfw/SourcePackages/checkouts/GoogleSignIn-iOS/GoogleSignIn/Sources/GIDGoogleUser.m normal x86_64 objective-c com.apple.compilers.llvm.clang.1_0.compiler (in target 'GoogleSignIn' from project 'GoogleSignIn')
    cd /Users/siam/Desktop/Lingua\ Quest/Lingua\ Quest.xcodeproj
    
    Using response file: /Users/siam/Library/Developer/Xcode/DerivedData/Lingua_Quest-gvpckrqxtbgyprbgppjfqmimmmfw/Build/Intermediates.noindex/GoogleSignIn.build/Debug-iphonesimulator/GoogleSignIn.build/Objects-normal/x86_64/e6072d4f65d7061329687fe24e3d63a7-common-args.resp
    
    /Applications/Xcode.app/Contents/Developer/Toolchains/XcodeDefault.xctoolchain/usr/bin/clang -x objective-c -ivfsstatcache /Users/siam/Library/Developer/Xcode/DerivedData/SDKStatCaches.noindex/iphonesimulator26.0-23A339-26257891a6c027eb51374368541b8346.sdkstatcache -fmessage-length\=0 -fdiagnostics-show-note-include-stack -fmacro-backtrace-limit\=0 -fno-color-diagnostics -fmodules-prune-interval\=86400 -fmodules-prune-after\=345600 -fbuild-session-file\=/Users/siam/Library/Developer/Xcode/DerivedData/ModuleCache.noindex/Session.modulevalidation -fmodules-validate-once-per-build-session -Wnon-modular-include-in-framework-module -Werror\=non-modular-include-in-framework-module -Wno-trigraphs -Wno-missing-field-initializers -Wno-missing-prototypes -Wno-return-type -Wno-implicit-atomic-properties -Wno-objc-interface-ivars -Wno-arc-repeated-use-of-weak -Wno-missing-braces -Wparentheses -Wswitch -Wno-unused-function -Wno-unused-label -Wno-unused-parameter -Wno-unused-variable -Wunused-value -Wno-empty-body -Wno-uninitialized -Wno-unknown-pragmas -w -Wno-shadow -Wno-four-char-constants -Wno-conversion -Wno-constant-conversion -Wno-int-conversion -Wno-bool-conversion -Wno-enum-conversion -Wno-float-conversion -Wno-non-literal-null-conversion -Wno-objc-literal-conversion -Wshorten-64-to-32 -Wpointer-sign -Wno-newline-eof -Wno-selector -Wno-strict-selector-match -Wno-undeclared-selector -Wno-deprecated-implementations -Wno-implicit-fallthrough -fstrict-aliasing -Wprotocol -Wdeprecated-declarations -Wno-sign-conversion -Wno-infinite-recursion -Wno-comma -Wno-block-capture-autoreleasing -Wno-strict-prototypes -Wno-semicolon-before-method-body -index-store-path /Users/siam/Library/Developer/Xcode/DerivedData/Lingua_Quest-gvpckrqxtbgyprbgppjfqmimmmfw/Index.noindex/DataStore @/Users/siam/Library/Developer/Xcode/DerivedData/Lingua_Quest-gvpckrqxtbgyprbgppjfqmimmmfw/Build/Intermediates.noindex/GoogleSignIn.build/Debug-iphonesimulator/GoogleSignIn.build/Objects-normal/x86_64/e6072d4f65d7061329687fe24e3d63a7-common-args.resp -include /Users/siam/Library/Developer/Xcode/DerivedData/Lingua_Quest-gvpckrqxtbgyprbgppjfqmimmmfw/Build/Intermediates.noindex/GoogleSignIn.build/Debug-iphonesimulator/GoogleSignIn.build/DerivedSources/resource_bundle_accessor.h -MMD -MT dependencies -MF /Users/siam/Library/Developer/Xcode/DerivedData/Lingua_Quest-gvpckrqxtbgyprbgppjfqmimmmfw/Build/Intermediates.noindex/GoogleSignIn.build/Debug-iphonesimulator/GoogleSignIn.build/Objects-normal/x86_64/GIDGoogleUser.d --serialize-diagnostics /Users/siam/Library/Developer/Xcode/DerivedData/Lingua_Quest-gvpckrqxtbgyprbgppjfqmimmmfw/Build/Intermediates.noindex/GoogleSignIn.build/Debug-iphonesimulator/GoogleSignIn.build/Objects-normal/x86_64/GIDGoogleUser.dia -c /Users/siam/Library/Developer/Xcode/DerivedData/Lingua_Quest-gvpckrqxtbgyprbgppjfqmimmmfw/SourcePackages/checkouts/GoogleSignIn-iOS/GoogleSignIn/Sources/GIDGoogleUser.m -o /Users/siam/Library/Developer/Xcode/DerivedData/Lingua_Quest-gvpckrqxtbgyprbgppjfqmimmmfw/Build/Intermediates.noindex/GoogleSignIn.build/Debug-iphonesimulator/GoogleSignIn.build/Objects-normal/x86_64/GIDGoogleUser.o -index-unit-output-path /GoogleSignIn.build/Debug-iphonesimulator/GoogleSignIn.build/Objects-normal/x86_64/GIDGoogleUser.o

CompileC /Users/siam/Library/Developer/Xcode/DerivedData/Lingua_Quest-gvpckrqxtbgyprbgppjfqmimmmfw/Build/Intermediates.noindex/GoogleSignIn.build/Debug-iphonesimulator/GoogleSignIn.build/Objects-normal/x86_64/GIDEMMSupport.o /Users/siam/Library/Developer/Xcode/DerivedData/Lingua_Quest-gvpckrqxtbgyprbgppjfqmimmmfw/SourcePackages/checkouts/GoogleSignIn-iOS/GoogleSignIn/Sources/GIDEMMSupport.m normal x86_64 objective-c com.apple.compilers.llvm.clang.1_0.compiler (in target 'GoogleSignIn' from project 'GoogleSignIn')
    cd /Users/siam/Desktop/Lingua\ Quest/Lingua\ Quest.xcodeproj
    
    Using response file: /Users/siam/Library/Developer/Xcode/DerivedData/Lingua_Quest-gvpckrqxtbgyprbgppjfqmimmmfw/Build/Intermediates.noindex/GoogleSignIn.build/Debug-iphonesimulator/GoogleSignIn.build/Objects-normal/x86_64/e6072d4f65d7061329687fe24e3d63a7-common-args.resp
    
    /Applications/Xcode.app/Contents/Developer/Toolchains/XcodeDefault.xctoolchain/usr/bin/clang -x objective-c -ivfsstatcache /Users/siam/Library/Developer/Xcode/DerivedData/SDKStatCaches.noindex/iphonesimulator26.0-23A339-26257891a6c027eb51374368541b8346.sdkstatcache -fmessage-length\=0 -fdiagnostics-show-note-include-stack -fmacro-backtrace-limit\=0 -fno-color-diagnostics -fmodules-prune-interval\=86400 -fmodules-prune-after\=345600 -fbuild-session-file\=/Users/siam/Library/Developer/Xcode/DerivedData/ModuleCache.noindex/Session.modulevalidation -fmodules-validate-once-per-build-session -Wnon-modular-include-in-framework-module -Werror\=non-modular-include-in-framework-module -Wno-trigraphs -Wno-missing-field-initializers -Wno-missing-prototypes -Wno-return-type -Wno-implicit-atomic-properties -Wno-objc-interface-ivars -Wno-arc-repeated-use-of-weak -Wno-missing-braces -Wparentheses -Wswitch -Wno-unused-function -Wno-unused-label -Wno-unused-parameter -Wno-unused-variable -Wunused-value -Wno-empty-body -Wno-uninitialized -Wno-unknown-pragmas -w -Wno-shadow -Wno-four-char-constants -Wno-conversion -Wno-constant-conversion -Wno-int-conversion -Wno-bool-conversion -Wno-enum-conversion -Wno-float-conversion -Wno-non-literal-null-conversion -Wno-objc-literal-conversion -Wshorten-64-to-32 -Wpointer-sign -Wno-newline-eof -Wno-selector -Wno-strict-selector-match -Wno-undeclared-selector -Wno-deprecated-implementations -Wno-implicit-fallthrough -fstrict-aliasing -Wprotocol -Wdeprecated-declarations -Wno-sign-conversion -Wno-infinite-recursion -Wno-comma -Wno-block-capture-autoreleasing -Wno-strict-prototypes -Wno-semicolon-before-method-body -index-store-path /Users/siam/Library/Developer/Xcode/DerivedData/Lingua_Quest-gvpckrqxtbgyprbgppjfqmimmmfw/Index.noindex/DataStore @/Users/siam/Library/Developer/Xcode/DerivedData/Lingua_Quest-gvpckrqxtbgyprbgppjfqmimmmfw/Build/Intermediates.noindex/GoogleSignIn.build/Debug-iphonesimulator/GoogleSignIn.build/Objects-normal/x86_64/e6072d4f65d7061329687fe24e3d63a7-common-args.resp -include /Users/siam/Library/Developer/Xcode/DerivedData/Lingua_Quest-gvpckrqxtbgyprbgppjfqmimmmfw/Build/Intermediates.noindex/GoogleSignIn.build/Debug-iphonesimulator/GoogleSignIn.build/DerivedSources/resource_bundle_accessor.h -MMD -MT dependencies -MF /Users/siam/Library/Developer/Xcode/DerivedData/Lingua_Quest-gvpckrqxtbgyprbgppjfqmimmmfw/Build/Intermediates.noindex/GoogleSignIn.build/Debug-iphonesimulator/GoogleSignIn.build/Objects-normal/x86_64/GIDEMMSupport.d --serialize-diagnostics /Users/siam/Library/Developer/Xcode/DerivedData/Lingua_Quest-gvpckrqxtbgyprbgppjfqmimmmfw/Build/Intermediates.noindex/GoogleSignIn.build/Debug-iphonesimulator/GoogleSignIn.build/Objects-normal/x86_64/GIDEMMSupport.dia -c /Users/siam/Library/Developer/Xcode/DerivedData/Lingua_Quest-gvpckrqxtbgyprbgppjfqmimmmfw/SourcePackages/checkouts/GoogleSignIn-iOS/GoogleSignIn/Sources/GIDEMMSupport.m -o /Users/siam/Library/Developer/Xcode/DerivedData/Lingua_Quest-gvpckrqxtbgyprbgppjfqmimmmfw/Build/Intermediates.noindex/GoogleSignIn.build/Debug-iphonesimulator/GoogleSignIn.build/Objects-normal/x86_64/GIDEMMSupport.o -index-unit-output-path /GoogleSignIn.build/Debug-iphonesimulator/GoogleSignIn.build/Objects-normal/x86_64/GIDEMMSupport.o

CompileC /Users/siam/Library/Developer/Xcode/DerivedData/Lingua_Quest-gvpckrqxtbgyprbgppjfqmimmmfw/Build/Intermediates.noindex/GoogleSignIn.build/Debug-iphonesimulator/GoogleSignIn.build/Objects-normal/x86_64/GIDAuthentication.o /Users/siam/Library/Developer/Xcode/DerivedData/Lingua_Quest-gvpckrqxtbgyprbgppjfqmimmmfw/SourcePackages/checkouts/GoogleSignIn-iOS/GoogleSignIn/Sources/GIDAuthentication.m normal x86_64 objective-c com.apple.compilers.llvm.clang.1_0.compiler (in target 'GoogleSignIn' from project 'GoogleSignIn')
    cd /Users/siam/Desktop/Lingua\ Quest/Lingua\ Quest.xcodeproj
    
    Using response file: /Users/siam/Library/Developer/Xcode/DerivedData/Lingua_Quest-gvpckrqxtbgyprbgppjfqmimmmfw/Build/Intermediates.noindex/GoogleSignIn.build/Debug-iphonesimulator/GoogleSignIn.build/Objects-normal/x86_64/e6072d4f65d7061329687fe24e3d63a7-common-args.resp
    
    /Applications/Xcode.app/Contents/Developer/Toolchains/XcodeDefault.xctoolchain/usr/bin/clang -x objective-c -ivfsstatcache /Users/siam/Library/Developer/Xcode/DerivedData/SDKStatCaches.noindex/iphonesimulator26.0-23A339-26257891a6c027eb51374368541b8346.sdkstatcache -fmessage-length\=0 -fdiagnostics-show-note-include-stack -fmacro-backtrace-limit\=0 -fno-color-diagnostics -fmodules-prune-interval\=86400 -fmodules-prune-after\=345600 -fbuild-session-file\=/Users/siam/Library/Developer/Xcode/DerivedData/ModuleCache.noindex/Session.modulevalidation -fmodules-validate-once-per-build-session -Wnon-modular-include-in-framework-module -Werror\=non-modular-include-in-framework-module -Wno-trigraphs -Wno-missing-field-initializers -Wno-missing-prototypes -Wno-return-type -Wno-implicit-atomic-properties -Wno-objc-interface-ivars -Wno-arc-repeated-use-of-weak -Wno-missing-braces -Wparentheses -Wswitch -Wno-unused-function -Wno-unused-label -Wno-unused-parameter -Wno-unused-variable -Wunused-value -Wno-empty-body -Wno-uninitialized -Wno-unknown-pragmas -w -Wno-shadow -Wno-four-char-constants -Wno-conversion -Wno-constant-conversion -Wno-int-conversion -Wno-bool-conversion -Wno-enum-conversion -Wno-float-conversion -Wno-non-literal-null-conversion -Wno-objc-literal-conversion -Wshorten-64-to-32 -Wpointer-sign -Wno-newline-eof -Wno-selector -Wno-strict-selector-match -Wno-undeclared-selector -Wno-deprecated-implementations -Wno-implicit-fallthrough -fstrict-aliasing -Wprotocol -Wdeprecated-declarations -Wno-sign-conversion -Wno-infinite-recursion -Wno-comma -Wno-block-capture-autoreleasing -Wno-strict-prototypes -Wno-semicolon-before-method-body -index-store-path /Users/siam/Library/Developer/Xcode/DerivedData/Lingua_Quest-gvpckrqxtbgyprbgppjfqmimmmfw/Index.noindex/DataStore @/Users/siam/Library/Developer/Xcode/DerivedData/Lingua_Quest-gvpckrqxtbgyprbgppjfqmimmmfw/Build/Intermediates.noindex/GoogleSignIn.build/Debug-iphonesimulator/GoogleSignIn.build/Objects-normal/x86_64/e6072d4f65d7061329687fe24e3d63a7-common-args.resp -include /Users/siam/Library/Developer/Xcode/DerivedData/Lingua_Quest-gvpckrqxtbgyprbgppjfqmimmmfw/Build/Intermediates.noindex/GoogleSignIn.build/Debug-iphonesimulator/GoogleSignIn.build/DerivedSources/resource_bundle_accessor.h -MMD -MT dependencies -MF /Users/siam/Library/Developer/Xcode/DerivedData/Lingua_Quest-gvpckrqxtbgyprbgppjfqmimmmfw/Build/Intermediates.noindex/GoogleSignIn.build/Debug-iphonesimulator/GoogleSignIn.build/Objects-normal/x86_64/GIDAuthentication.d --serialize-diagnostics /Users/siam/Library/Developer/Xcode/DerivedData/Lingua_Quest-gvpckrqxtbgyprbgppjfqmimmmfw/Build/Intermediates.noindex/GoogleSignIn.build/Debug-iphonesimulator/GoogleSignIn.build/Objects-normal/x86_64/GIDAuthentication.dia -c /Users/siam/Library/Developer/Xcode/DerivedData/Lingua_Quest-gvpckrqxtbgyprbgppjfqmimmmfw/SourcePackages/checkouts/GoogleSignIn-iOS/GoogleSignIn/Sources/GIDAuthentication.m -o /Users/siam/Library/Developer/Xcode/DerivedData/Lingua_Quest-gvpckrqxtbgyprbgppjfqmimmmfw/Build/Intermediates.noindex/GoogleSignIn.build/Debug-iphonesimulator/GoogleSignIn.build/Objects-normal/x86_64/GIDAuthentication.o -index-unit-output-path /GoogleSignIn.build/Debug-iphonesimulator/GoogleSignIn.build/Objects-normal/x86_64/GIDAuthentication.o

ScanDependencies /Users/siam/Library/Developer/Xcode/DerivedData/Lingua_Quest-gvpckrqxtbgyprbgppjfqmimmmfw/Build/Intermediates.noindex/GoogleSignIn.build/Debug-iphonesimulator/GoogleSignIn.build/Objects-normal/x86_64/GIDAppCheck.o /Users/siam/Library/Developer/Xcode/DerivedData/Lingua_Quest-gvpckrqxtbgyprbgppjfqmimmmfw/SourcePackages/checkouts/GoogleSignIn-iOS/GoogleSignIn/Sources/GIDAppCheck/Implementations/GIDAppCheck.m normal x86_64 objective-c com.apple.compilers.llvm.clang.1_0.compiler (in target 'GoogleSignIn' from project 'GoogleSignIn')
    cd /Users/siam/Desktop/Lingua\ Quest/Lingua\ Quest.xcodeproj
    
    Using response file: /Users/siam/Library/Developer/Xcode/DerivedData/Lingua_Quest-gvpckrqxtbgyprbgppjfqmimmmfw/Build/Intermediates.noindex/GoogleSignIn.build/Debug-iphonesimulator/GoogleSignIn.build/Objects-normal/x86_64/e6072d4f65d7061329687fe24e3d63a7-common-args.resp
    
    builtin-ScanDependencies -o /Users/siam/Library/Developer/Xcode/DerivedData/Lingua_Quest-gvpckrqxtbgyprbgppjfqmimmmfw/Build/Intermediates.noindex/GoogleSignIn.build/Debug-iphonesimulator/GoogleSignIn.build/Objects-normal/x86_64/GIDAppCheck.o.scan -- /Applications/Xcode.app/Contents/Developer/Toolchains/XcodeDefault.xctoolchain/usr/bin/clang -x objective-c -ivfsstatcache /Users/siam/Library/Developer/Xcode/DerivedData/SDKStatCaches.noindex/iphonesimulator26.0-23A339-26257891a6c027eb51374368541b8346.sdkstatcache -fmessage-length\=0 -fdiagnostics-show-note-include-stack -fmacro-backtrace-limit\=0 -fno-color-diagnostics -fmodules-prune-interval\=86400 -fmodules-prune-after\=345600 -fbuild-session-file\=/Users/siam/Library/Developer/Xcode/DerivedData/ModuleCache.noindex/Session.modulevalidation -fmodules-validate-once-per-build-session -Wnon-modular-include-in-framework-module -Werror\=non-modular-include-in-framework-module -Wno-trigraphs -Wno-missing-field-initializers -Wno-missing-prototypes -Wno-return-type -Wno-implicit-atomic-properties -Wno-objc-interface-ivars -Wno-arc-repeated-use-of-weak -Wno-missing-braces -Wparentheses -Wswitch -Wno-unused-function -Wno-unused-label -Wno-unused-parameter -Wno-unused-variable -Wunused-value -Wno-empty-body -Wno-uninitialized -Wno-unknown-pragmas -w -Wno-shadow -Wno-four-char-constants -Wno-conversion -Wno-constant-conversion -Wno-int-conversion -Wno-bool-conversion -Wno-enum-conversion -Wno-float-conversion -Wno-non-literal-null-conversion -Wno-objc-literal-conversion -Wshorten-64-to-32 -Wpointer-sign -Wno-newline-eof -Wno-selector -Wno-strict-selector-match -Wno-undeclared-selector -Wno-deprecated-implementations -Wno-implicit-fallthrough -fstrict-aliasing -Wprotocol -Wdeprecated-declarations -Wno-sign-conversion -Wno-infinite-recursion -Wno-comma -Wno-block-capture-autoreleasing -Wno-strict-prototypes -Wno-semicolon-before-method-body -index-store-path /Users/siam/Library/Developer/Xcode/DerivedData/Lingua_Quest-gvpckrqxtbgyprbgppjfqmimmmfw/Index.noindex/DataStore @/Users/siam/Library/Developer/Xcode/DerivedData/Lingua_Quest-gvpckrqxtbgyprbgppjfqmimmmfw/Build/Intermediates.noindex/GoogleSignIn.build/Debug-iphonesimulator/GoogleSignIn.build/Objects-normal/x86_64/e6072d4f65d7061329687fe24e3d63a7-common-args.resp -include /Users/siam/Library/Developer/Xcode/DerivedData/Lingua_Quest-gvpckrqxtbgyprbgppjfqmimmmfw/Build/Intermediates.noindex/GoogleSignIn.build/Debug-iphonesimulator/GoogleSignIn.build/DerivedSources/resource_bundle_accessor.h -MMD -MT dependencies -MF /Users/siam/Library/Developer/Xcode/DerivedData/Lingua_Quest-gvpckrqxtbgyprbgppjfqmimmmfw/Build/Intermediates.noindex/GoogleSignIn.build/Debug-iphonesimulator/GoogleSignIn.build/Objects-normal/x86_64/GIDAppCheck.d --serialize-diagnostics /Users/siam/Library/Developer/Xcode/DerivedData/Lingua_Quest-gvpckrqxtbgyprbgppjfqmimmmfw/Build/Intermediates.noindex/GoogleSignIn.build/Debug-iphonesimulator/GoogleSignIn.build/Objects-normal/x86_64/GIDAppCheck.dia -c /Users/siam/Library/Developer/Xcode/DerivedData/Lingua_Quest-gvpckrqxtbgyprbgppjfqmimmmfw/SourcePackages/checkouts/GoogleSignIn-iOS/GoogleSignIn/Sources/GIDAppCheck/Implementations/GIDAppCheck.m -o /Users/siam/Library/Developer/Xcode/DerivedData/Lingua_Quest-gvpckrqxtbgyprbgppjfqmimmmfw/Build/Intermediates.noindex/GoogleSignIn.build/Debug-iphonesimulator/GoogleSignIn.build/Objects-normal/x86_64/GIDAppCheck.o -index-unit-output-path /GoogleSignIn.build/Debug-iphonesimulator/GoogleSignIn.build/Objects-normal/x86_64/GIDAppCheck.o

CompileC /Users/siam/Library/Developer/Xcode/DerivedData/Lingua_Quest-gvpckrqxtbgyprbgppjfqmimmmfw/Build/Intermediates.noindex/GoogleSignIn.build/Debug-iphonesimulator/GoogleSignIn.build/Objects-normal/x86_64/GIDAppCheckProviderFake.o /Users/siam/Library/Developer/Xcode/DerivedData/Lingua_Quest-gvpckrqxtbgyprbgppjfqmimmmfw/SourcePackages/checkouts/GoogleSignIn-iOS/GoogleSignIn/Sources/GIDAppCheck/Implementations/Fake/GIDAppCheckProviderFake.m normal x86_64 objective-c com.apple.compilers.llvm.clang.1_0.compiler (in target 'GoogleSignIn' from project 'GoogleSignIn')
    cd /Users/siam/Desktop/Lingua\ Quest/Lingua\ Quest.xcodeproj
    
    Using response file: /Users/siam/Library/Developer/Xcode/DerivedData/Lingua_Quest-gvpckrqxtbgyprbgppjfqmimmmfw/Build/Intermediates.noindex/GoogleSignIn.build/Debug-iphonesimulator/GoogleSignIn.build/Objects-normal/x86_64/e6072d4f65d7061329687fe24e3d63a7-common-args.resp
    
    /Applications/Xcode.app/Contents/Developer/Toolchains/XcodeDefault.xctoolchain/usr/bin/clang -x objective-c -ivfsstatcache /Users/siam/Library/Developer/Xcode/DerivedData/SDKStatCaches.noindex/iphonesimulator26.0-23A339-26257891a6c027eb51374368541b8346.sdkstatcache -fmessage-length\=0 -fdiagnostics-show-note-include-stack -fmacro-backtrace-limit\=0 -fno-color-diagnostics -fmodules-prune-interval\=86400 -fmodules-prune-after\=345600 -fbuild-session-file\=/Users/siam/Library/Developer/Xcode/DerivedData/ModuleCache.noindex/Session.modulevalidation -fmodules-validate-once-per-build-session -Wnon-modular-include-in-framework-module -Werror\=non-modular-include-in-framework-module -Wno-trigraphs -Wno-missing-field-initializers -Wno-missing-prototypes -Wno-return-type -Wno-implicit-atomic-properties -Wno-objc-interface-ivars -Wno-arc-repeated-use-of-weak -Wno-missing-braces -Wparentheses -Wswitch -Wno-unused-function -Wno-unused-label -Wno-unused-parameter -Wno-unused-variable -Wunused-value -Wno-empty-body -Wno-uninitialized -Wno-unknown-pragmas -w -Wno-shadow -Wno-four-char-constants -Wno-conversion -Wno-constant-conversion -Wno-int-conversion -Wno-bool-conversion -Wno-enum-conversion -Wno-float-conversion -Wno-non-literal-null-conversion -Wno-objc-literal-conversion -Wshorten-64-to-32 -Wpointer-sign -Wno-newline-eof -Wno-selector -Wno-strict-selector-match -Wno-undeclared-selector -Wno-deprecated-implementations -Wno-implicit-fallthrough -fstrict-aliasing -Wprotocol -Wdeprecated-declarations -Wno-sign-conversion -Wno-infinite-recursion -Wno-comma -Wno-block-capture-autoreleasing -Wno-strict-prototypes -Wno-semicolon-before-method-body -index-store-path /Users/siam/Library/Developer/Xcode/DerivedData/Lingua_Quest-gvpckrqxtbgyprbgppjfqmimmmfw/Index.noindex/DataStore @/Users/siam/Library/Developer/Xcode/DerivedData/Lingua_Quest-gvpckrqxtbgyprbgppjfqmimmmfw/Build/Intermediates.noindex/GoogleSignIn.build/Debug-iphonesimulator/GoogleSignIn.build/Objects-normal/x86_64/e6072d4f65d7061329687fe24e3d63a7-common-args.resp -include /Users/siam/Library/Developer/Xcode/DerivedData/Lingua_Quest-gvpckrqxtbgyprbgppjfqmimmmfw/Build/Intermediates.noindex/GoogleSignIn.build/Debug-iphonesimulator/GoogleSignIn.build/DerivedSources/resource_bundle_accessor.h -MMD -MT dependencies -MF /Users/siam/Library/Developer/Xcode/DerivedData/Lingua_Quest-gvpckrqxtbgyprbgppjfqmimmmfw/Build/Intermediates.noindex/GoogleSignIn.build/Debug-iphonesimulator/GoogleSignIn.build/Objects-normal/x86_64/GIDAppCheckProviderFake.d --serialize-diagnostics /Users/siam/Library/Developer/Xcode/DerivedData/Lingua_Quest-gvpckrqxtbgyprbgppjfqmimmmfw/Build/Intermediates.noindex/GoogleSignIn.build/Debug-iphonesimulator/GoogleSignIn.build/Objects-normal/x86_64/GIDAppCheckProviderFake.dia -c /Users/siam/Library/Developer/Xcode/DerivedData/Lingua_Quest-gvpckrqxtbgyprbgppjfqmimmmfw/SourcePackages/checkouts/GoogleSignIn-iOS/GoogleSignIn/Sources/GIDAppCheck/Implementations/Fake/GIDAppCheckProviderFake.m -o /Users/siam/Library/Developer/Xcode/DerivedData/Lingua_Quest-gvpckrqxtbgyprbgppjfqmimmmfw/Build/Intermediates.noindex/GoogleSignIn.build/Debug-iphonesimulator/GoogleSignIn.build/Objects-normal/x86_64/GIDAppCheckProviderFake.o -index-unit-output-path /GoogleSignIn.build/Debug-iphonesimulator/GoogleSignIn.build/Objects-normal/x86_64/GIDAppCheckProviderFake.o

ScanDependencies /Users/siam/Library/Developer/Xcode/DerivedData/Lingua_Quest-gvpckrqxtbgyprbgppjfqmimmmfw/Build/Intermediates.noindex/GoogleSignIn.build/Debug-iphonesimulator/GoogleSignIn.build/Objects-normal/x86_64/GIDActivityIndicatorViewController.o /Users/siam/Library/Developer/Xcode/DerivedData/Lingua_Quest-gvpckrqxtbgyprbgppjfqmimmmfw/SourcePackages/checkouts/GoogleSignIn-iOS/GoogleSignIn/Sources/GIDAppCheck/UI/GIDActivityIndicatorViewController.m normal x86_64 objective-c com.apple.compilers.llvm.clang.1_0.compiler (in target 'GoogleSignIn' from project 'GoogleSignIn')
    cd /Users/siam/Desktop/Lingua\ Quest/Lingua\ Quest.xcodeproj
    
    Using response file: /Users/siam/Library/Developer/Xcode/DerivedData/Lingua_Quest-gvpckrqxtbgyprbgppjfqmimmmfw/Build/Intermediates.noindex/GoogleSignIn.build/Debug-iphonesimulator/GoogleSignIn.build/Objects-normal/x86_64/e6072d4f65d7061329687fe24e3d63a7-common-args.resp
    
    builtin-ScanDependencies -o /Users/siam/Library/Developer/Xcode/DerivedData/Lingua_Quest-gvpckrqxtbgyprbgppjfqmimmmfw/Build/Intermediates.noindex/GoogleSignIn.build/Debug-iphonesimulator/GoogleSignIn.build/Objects-normal/x86_64/GIDActivityIndicatorViewController.o.scan -- /Applications/Xcode.app/Contents/Developer/Toolchains/XcodeDefault.xctoolchain/usr/bin/clang -x objective-c -ivfsstatcache /Users/siam/Library/Developer/Xcode/DerivedData/SDKStatCaches.noindex/iphonesimulator26.0-23A339-26257891a6c027eb51374368541b8346.sdkstatcache -fmessage-length\=0 -fdiagnostics-show-note-include-stack -fmacro-backtrace-limit\=0 -fno-color-diagnostics -fmodules-prune-interval\=86400 -fmodules-prune-after\=345600 -fbuild-session-file\=/Users/siam/Library/Developer/Xcode/DerivedData/ModuleCache.noindex/Session.modulevalidation -fmodules-validate-once-per-build-session -Wnon-modular-include-in-framework-module -Werror\=non-modular-include-in-framework-module -Wno-trigraphs -Wno-missing-field-initializers -Wno-missing-prototypes -Wno-return-type -Wno-implicit-atomic-properties -Wno-objc-interface-ivars -Wno-arc-repeated-use-of-weak -Wno-missing-braces -Wparentheses -Wswitch -Wno-unused-function -Wno-unused-label -Wno-unused-parameter -Wno-unused-variable -Wunused-value -Wno-empty-body -Wno-uninitialized -Wno-unknown-pragmas -w -Wno-shadow -Wno-four-char-constants -Wno-conversion -Wno-constant-conversion -Wno-int-conversion -Wno-bool-conversion -Wno-enum-conversion -Wno-float-conversion -Wno-non-literal-null-conversion -Wno-objc-literal-conversion -Wshorten-64-to-32 -Wpointer-sign -Wno-newline-eof -Wno-selector -Wno-strict-selector-match -Wno-undeclared-selector -Wno-deprecated-implementations -Wno-implicit-fallthrough -fstrict-aliasing -Wprotocol -Wdeprecated-declarations -Wno-sign-conversion -Wno-infinite-recursion -Wno-comma -Wno-block-capture-autoreleasing -Wno-strict-prototypes -Wno-semicolon-before-method-body -index-store-path /Users/siam/Library/Developer/Xcode/DerivedData/Lingua_Quest-gvpckrqxtbgyprbgppjfqmimmmfw/Index.noindex/DataStore @/Users/siam/Library/Developer/Xcode/DerivedData/Lingua_Quest-gvpckrqxtbgyprbgppjfqmimmmfw/Build/Intermediates.noindex/GoogleSignIn.build/Debug-iphonesimulator/GoogleSignIn.build/Objects-normal/x86_64/e6072d4f65d7061329687fe24e3d63a7-common-args.resp -include /Users/siam/Library/Developer/Xcode/DerivedData/Lingua_Quest-gvpckrqxtbgyprbgppjfqmimmmfw/Build/Intermediates.noindex/GoogleSignIn.build/Debug-iphonesimulator/GoogleSignIn.build/DerivedSources/resource_bundle_accessor.h -MMD -MT dependencies -MF /Users/siam/Library/Developer/Xcode/DerivedData/Lingua_Quest-gvpckrqxtbgyprbgppjfqmimmmfw/Build/Intermediates.noindex/GoogleSignIn.build/Debug-iphonesimulator/GoogleSignIn.build/Objects-normal/x86_64/GIDActivityIndicatorViewController.d --serialize-diagnostics /Users/siam/Library/Developer/Xcode/DerivedData/Lingua_Quest-gvpckrqxtbgyprbgppjfqmimmmfw/Build/Intermediates.noindex/GoogleSignIn.build/Debug-iphonesimulator/GoogleSignIn.build/Objects-normal/x86_64/GIDActivityIndicatorViewController.dia -c /Users/siam/Library/Developer/Xcode/DerivedData/Lingua_Quest-gvpckrqxtbgyprbgppjfqmimmmfw/SourcePackages/checkouts/GoogleSignIn-iOS/GoogleSignIn/Sources/GIDAppCheck/UI/GIDActivityIndicatorViewController.m -o /Users/siam/Library/Developer/Xcode/DerivedData/Lingua_Quest-gvpckrqxtbgyprbgppjfqmimmmfw/Build/Intermediates.noindex/GoogleSignIn.build/Debug-iphonesimulator/GoogleSignIn.build/Objects-normal/x86_64/GIDActivityIndicatorViewController.o -index-unit-output-path /GoogleSignIn.build/Debug-iphonesimulator/GoogleSignIn.build/Objects-normal/x86_64/GIDActivityIndicatorViewController.o

CompileC /Users/siam/Library/Developer/Xcode/DerivedData/Lingua_Quest-gvpckrqxtbgyprbgppjfqmimmmfw/Build/Intermediates.noindex/GoogleSignIn.build/Debug-iphonesimulator/GoogleSignIn.build/Objects-normal/x86_64/GIDAuthStateMigration.o /Users/siam/Library/Developer/Xcode/DerivedData/Lingua_Quest-gvpckrqxtbgyprbgppjfqmimmmfw/SourcePackages/checkouts/GoogleSignIn-iOS/GoogleSignIn/Sources/GIDAuthStateMigration/Implementation/GIDAuthStateMigration.m normal x86_64 objective-c com.apple.compilers.llvm.clang.1_0.compiler (in target 'GoogleSignIn' from project 'GoogleSignIn')
    cd /Users/siam/Desktop/Lingua\ Quest/Lingua\ Quest.xcodeproj
    
    Using response file: /Users/siam/Library/Developer/Xcode/DerivedData/Lingua_Quest-gvpckrqxtbgyprbgppjfqmimmmfw/Build/Intermediates.noindex/GoogleSignIn.build/Debug-iphonesimulator/GoogleSignIn.build/Objects-normal/x86_64/e6072d4f65d7061329687fe24e3d63a7-common-args.resp
    
    /Applications/Xcode.app/Contents/Developer/Toolchains/XcodeDefault.xctoolchain/usr/bin/clang -x objective-c -ivfsstatcache /Users/siam/Library/Developer/Xcode/DerivedData/SDKStatCaches.noindex/iphonesimulator26.0-23A339-26257891a6c027eb51374368541b8346.sdkstatcache -fmessage-length\=0 -fdiagnostics-show-note-include-stack -fmacro-backtrace-limit\=0 -fno-color-diagnostics -fmodules-prune-interval\=86400 -fmodules-prune-after\=345600 -fbuild-session-file\=/Users/siam/Library/Developer/Xcode/DerivedData/ModuleCache.noindex/Session.modulevalidation -fmodules-validate-once-per-build-session -Wnon-modular-include-in-framework-module -Werror\=non-modular-include-in-framework-module -Wno-trigraphs -Wno-missing-field-initializers -Wno-missing-prototypes -Wno-return-type -Wno-implicit-atomic-properties -Wno-objc-interface-ivars -Wno-arc-repeated-use-of-weak -Wno-missing-braces -Wparentheses -Wswitch -Wno-unused-function -Wno-unused-label -Wno-unused-parameter -Wno-unused-variable -Wunused-value -Wno-empty-body -Wno-uninitialized -Wno-unknown-pragmas -w -Wno-shadow -Wno-four-char-constants -Wno-conversion -Wno-constant-conversion -Wno-int-conversion -Wno-bool-conversion -Wno-enum-conversion -Wno-float-conversion -Wno-non-literal-null-conversion -Wno-objc-literal-conversion -Wshorten-64-to-32 -Wpointer-sign -Wno-newline-eof -Wno-selector -Wno-strict-selector-match -Wno-undeclared-selector -Wno-deprecated-implementations -Wno-implicit-fallthrough -fstrict-aliasing -Wprotocol -Wdeprecated-declarations -Wno-sign-conversion -Wno-infinite-recursion -Wno-comma -Wno-block-capture-autoreleasing -Wno-strict-prototypes -Wno-semicolon-before-method-body -index-store-path /Users/siam/Library/Developer/Xcode/DerivedData/Lingua_Quest-gvpckrqxtbgyprbgppjfqmimmmfw/Index.noindex/DataStore @/Users/siam/Library/Developer/Xcode/DerivedData/Lingua_Quest-gvpckrqxtbgyprbgppjfqmimmmfw/Build/Intermediates.noindex/GoogleSignIn.build/Debug-iphonesimulator/GoogleSignIn.build/Objects-normal/x86_64/e6072d4f65d7061329687fe24e3d63a7-common-args.resp -include /Users/siam/Library/Developer/Xcode/DerivedData/Lingua_Quest-gvpckrqxtbgyprbgppjfqmimmmfw/Build/Intermediates.noindex/GoogleSignIn.build/Debug-iphonesimulator/GoogleSignIn.build/DerivedSources/resource_bundle_accessor.h -MMD -MT dependencies -MF /Users/siam/Library/Developer/Xcode/DerivedData/Lingua_Quest-gvpckrqxtbgyprbgppjfqmimmmfw/Build/Intermediates.noindex/GoogleSignIn.build/Debug-iphonesimulator/GoogleSignIn.build/Objects-normal/x86_64/GIDAuthStateMigration.d --serialize-diagnostics /Users/siam/Library/Developer/Xcode/DerivedData/Lingua_Quest-gvpckrqxtbgyprbgppjfqmimmmfw/Build/Intermediates.noindex/GoogleSignIn.build/Debug-iphonesimulator/GoogleSignIn.build/Objects-normal/x86_64/GIDAuthStateMigration.dia -c /Users/siam/Library/Developer/Xcode/DerivedData/Lingua_Quest-gvpckrqxtbgyprbgppjfqmimmmfw/SourcePackages/checkouts/GoogleSignIn-iOS/GoogleSignIn/Sources/GIDAuthStateMigration/Implementation/GIDAuthStateMigration.m -o /Users/siam/Library/Developer/Xcode/DerivedData/Lingua_Quest-gvpckrqxtbgyprbgppjfqmimmmfw/Build/Intermediates.noindex/GoogleSignIn.build/Debug-iphonesimulator/GoogleSignIn.build/Objects-normal/x86_64/GIDAuthStateMigration.o -index-unit-output-path /GoogleSignIn.build/Debug-iphonesimulator/GoogleSignIn.build/Objects-normal/x86_64/GIDAuthStateMigration.o

ScanDependencies /Users/siam/Library/Developer/Xcode/DerivedData/Lingua_Quest-gvpckrqxtbgyprbgppjfqmimmmfw/Build/Intermediates.noindex/GoogleSignIn.build/Debug-iphonesimulator/GoogleSignIn.build/Objects-normal/arm64/resource_bundle_accessor.o /Users/siam/Library/Developer/Xcode/DerivedData/Lingua_Quest-gvpckrqxtbgyprbgppjfqmimmmfw/Build/Intermediates.noindex/GoogleSignIn.build/Debug-iphonesimulator/GoogleSignIn.build/DerivedSources/resource_bundle_accessor.m normal arm64 objective-c com.apple.compilers.llvm.clang.1_0.compiler (in target 'GoogleSignIn' from project 'GoogleSignIn')
    cd /Users/siam/Desktop/Lingua\ Quest/Lingua\ Quest.xcodeproj
    
    Using response file: /Users/siam/Library/Developer/Xcode/DerivedData/Lingua_Quest-gvpckrqxtbgyprbgppjfqmimmmfw/Build/Intermediates.noindex/GoogleSignIn.build/Debug-iphonesimulator/GoogleSignIn.build/Objects-normal/arm64/e6072d4f65d7061329687fe24e3d63a7-common-args.resp
    
    builtin-ScanDependencies -o /Users/siam/Library/Developer/Xcode/DerivedData/Lingua_Quest-gvpckrqxtbgyprbgppjfqmimmmfw/Build/Intermediates.noindex/GoogleSignIn.build/Debug-iphonesimulator/GoogleSignIn.build/Objects-normal/arm64/resource_bundle_accessor.o.scan -- /Applications/Xcode.app/Contents/Developer/Toolchains/XcodeDefault.xctoolchain/usr/bin/clang -x objective-c -ivfsstatcache /Users/siam/Library/Developer/Xcode/DerivedData/SDKStatCaches.noindex/iphonesimulator26.0-23A339-26257891a6c027eb51374368541b8346.sdkstatcache -fmessage-length\=0 -fdiagnostics-show-note-include-stack -fmacro-backtrace-limit\=0 -fno-color-diagnostics -fmodules-prune-interval\=86400 -fmodules-prune-after\=345600 -fbuild-session-file\=/Users/siam/Library/Developer/Xcode/DerivedData/ModuleCache.noindex/Session.modulevalidation -fmodules-validate-once-per-build-session -Wnon-modular-include-in-framework-module -Werror\=non-modular-include-in-framework-module -Wno-trigraphs -Wno-missing-field-initializers -Wno-missing-prototypes -Wno-return-type -Wno-implicit-atomic-properties -Wno-objc-interface-ivars -Wno-arc-repeated-use-of-weak -Wno-missing-braces -Wparentheses -Wswitch -Wno-unused-function -Wno-unused-label -Wno-unused-parameter -Wno-unused-variable -Wunused-value -Wno-empty-body -Wno-uninitialized -Wno-unknown-pragmas -w -Wno-shadow -Wno-four-char-constants -Wno-conversion -Wno-constant-conversion -Wno-int-conversion -Wno-bool-conversion -Wno-enum-conversion -Wno-float-conversion -Wno-non-literal-null-conversion -Wno-objc-literal-conversion -Wshorten-64-to-32 -Wpointer-sign -Wno-newline-eof -Wno-selector -Wno-strict-selector-match -Wno-undeclared-selector -Wno-deprecated-implementations -Wno-implicit-fallthrough -fstrict-aliasing -Wprotocol -Wdeprecated-declarations -Wno-sign-conversion -Wno-infinite-recursion -Wno-comma -Wno-block-capture-autoreleasing -Wno-strict-prototypes -Wno-semicolon-before-method-body -index-store-path /Users/siam/Library/Developer/Xcode/DerivedData/Lingua_Quest-gvpckrqxtbgyprbgppjfqmimmmfw/Index.noindex/DataStore @/Users/siam/Library/Developer/Xcode/DerivedData/Lingua_Quest-gvpckrqxtbgyprbgppjfqmimmmfw/Build/Intermediates.noindex/GoogleSignIn.build/Debug-iphonesimulator/GoogleSignIn.build/Objects-normal/arm64/e6072d4f65d7061329687fe24e3d63a7-common-args.resp -include /Users/siam/Library/Developer/Xcode/DerivedData/Lingua_Quest-gvpckrqxtbgyprbgppjfqmimmmfw/Build/Intermediates.noindex/GoogleSignIn.build/Debug-iphonesimulator/GoogleSignIn.build/DerivedSources/resource_bundle_accessor.h -MMD -MT dependencies -MF /Users/siam/Library/Developer/Xcode/DerivedData/Lingua_Quest-gvpckrqxtbgyprbgppjfqmimmmfw/Build/Intermediates.noindex/GoogleSignIn.build/Debug-iphonesimulator/GoogleSignIn.build/Objects-normal/arm64/resource_bundle_accessor.d --serialize-diagnostics /Users/siam/Library/Developer/Xcode/DerivedData/Lingua_Quest-gvpckrqxtbgyprbgppjfqmimmmfw/Build/Intermediates.noindex/GoogleSignIn.build/Debug-iphonesimulator/GoogleSignIn.build/Objects-normal/arm64/resource_bundle_accessor.dia -c /Users/siam/Library/Developer/Xcode/DerivedData/Lingua_Quest-gvpckrqxtbgyprbgppjfqmimmmfw/Build/Intermediates.noindex/GoogleSignIn.build/Debug-iphonesimulator/GoogleSignIn.build/DerivedSources/resource_bundle_accessor.m -o /Users/siam/Library/Developer/Xcode/DerivedData/Lingua_Quest-gvpckrqxtbgyprbgppjfqmimmmfw/Build/Intermediates.noindex/GoogleSignIn.build/Debug-iphonesimulator/GoogleSignIn.build/Objects-normal/arm64/resource_bundle_accessor.o -index-unit-output-path /GoogleSignIn.build/Debug-iphonesimulator/GoogleSignIn.build/Objects-normal/arm64/resource_bundle_accessor.o

ScanDependencies /Users/siam/Library/Developer/Xcode/DerivedData/Lingua_Quest-gvpckrqxtbgyprbgppjfqmimmmfw/Build/Intermediates.noindex/GoogleSignIn.build/Debug-iphonesimulator/GoogleSignIn.build/Objects-normal/arm64/NSBundle+GID3PAdditions.o /Users/siam/Library/Developer/Xcode/DerivedData/Lingua_Quest-gvpckrqxtbgyprbgppjfqmimmmfw/SourcePackages/checkouts/GoogleSignIn-iOS/GoogleSignIn/Sources/NSBundle+GID3PAdditions.m normal arm64 objective-c com.apple.compilers.llvm.clang.1_0.compiler (in target 'GoogleSignIn' from project 'GoogleSignIn')
    cd /Users/siam/Desktop/Lingua\ Quest/Lingua\ Quest.xcodeproj
    
    Using response file: /Users/siam/Library/Developer/Xcode/DerivedData/Lingua_Quest-gvpckrqxtbgyprbgppjfqmimmmfw/Build/Intermediates.noindex/GoogleSignIn.build/Debug-iphonesimulator/GoogleSignIn.build/Objects-normal/arm64/e6072d4f65d7061329687fe24e3d63a7-common-args.resp
    
    builtin-ScanDependencies -o /Users/siam/Library/Developer/Xcode/DerivedData/Lingua_Quest-gvpckrqxtbgyprbgppjfqmimmmfw/Build/Intermediates.noindex/GoogleSignIn.build/Debug-iphonesimulator/GoogleSignIn.build/Objects-normal/arm64/NSBundle+GID3PAdditions.o.scan -- /Applications/Xcode.app/Contents/Developer/Toolchains/XcodeDefault.xctoolchain/usr/bin/clang -x objective-c -ivfsstatcache /Users/siam/Library/Developer/Xcode/DerivedData/SDKStatCaches.noindex/iphonesimulator26.0-23A339-26257891a6c027eb51374368541b8346.sdkstatcache -fmessage-length\=0 -fdiagnostics-show-note-include-stack -fmacro-backtrace-limit\=0 -fno-color-diagnostics -fmodules-prune-interval\=86400 -fmodules-prune-after\=345600 -fbuild-session-file\=/Users/siam/Library/Developer/Xcode/DerivedData/ModuleCache.noindex/Session.modulevalidation -fmodules-validate-once-per-build-session -Wnon-modular-include-in-framework-module -Werror\=non-modular-include-in-framework-module -Wno-trigraphs -Wno-missing-field-initializers -Wno-missing-prototypes -Wno-return-type -Wno-implicit-atomic-properties -Wno-objc-interface-ivars -Wno-arc-repeated-use-of-weak -Wno-missing-braces -Wparentheses -Wswitch -Wno-unused-function -Wno-unused-label -Wno-unused-parameter -Wno-unused-variable -Wunused-value -Wno-empty-body -Wno-uninitialized -Wno-unknown-pragmas -w -Wno-shadow -Wno-four-char-constants -Wno-conversion -Wno-constant-conversion -Wno-int-conversion -Wno-bool-conversion -Wno-enum-conversion -Wno-float-conversion -Wno-non-literal-null-conversion -Wno-objc-literal-conversion -Wshorten-64-to-32 -Wpointer-sign -Wno-newline-eof -Wno-selector -Wno-strict-selector-match -Wno-undeclared-selector -Wno-deprecated-implementations -Wno-implicit-fallthrough -fstrict-aliasing -Wprotocol -Wdeprecated-declarations -Wno-sign-conversion -Wno-infinite-recursion -Wno-comma -Wno-block-capture-autoreleasing -Wno-strict-prototypes -Wno-semicolon-before-method-body -index-store-path /Users/siam/Library/Developer/Xcode/DerivedData/Lingua_Quest-gvpckrqxtbgyprbgppjfqmimmmfw/Index.noindex/DataStore @/Users/siam/Library/Developer/Xcode/DerivedData/Lingua_Quest-gvpckrqxtbgyprbgppjfqmimmmfw/Build/Intermediates.noindex/GoogleSignIn.build/Debug-iphonesimulator/GoogleSignIn.build/Objects-normal/arm64/e6072d4f65d7061329687fe24e3d63a7-common-args.resp -include /Users/siam/Library/Developer/Xcode/DerivedData/Lingua_Quest-gvpckrqxtbgyprbgppjfqmimmmfw/Build/Intermediates.noindex/GoogleSignIn.build/Debug-iphonesimulator/GoogleSignIn.build/DerivedSources/resource_bundle_accessor.h -MMD -MT dependencies -MF /Users/siam/Library/Developer/Xcode/DerivedData/Lingua_Quest-gvpckrqxtbgyprbgppjfqmimmmfw/Build/Intermediates.noindex/GoogleSignIn.build/Debug-iphonesimulator/GoogleSignIn.build/Objects-normal/arm64/NSBundle+GID3PAdditions.d --serialize-diagnostics /Users/siam/Library/Developer/Xcode/DerivedData/Lingua_Quest-gvpckrqxtbgyprbgppjfqmimmmfw/Build/Intermediates.noindex/GoogleSignIn.build/Debug-iphonesimulator/GoogleSignIn.build/Objects-normal/arm64/NSBundle+GID3PAdditions.dia -c /Users/siam/Library/Developer/Xcode/DerivedData/Lingua_Quest-gvpckrqxtbgyprbgppjfqmimmmfw/SourcePackages/checkouts/GoogleSignIn-iOS/GoogleSignIn/Sources/NSBundle+GID3PAdditions.m -o /Users/siam/Library/Developer/Xcode/DerivedData/Lingua_Quest-gvpckrqxtbgyprbgppjfqmimmmfw/Build/Intermediates.noindex/GoogleSignIn.build/Debug-iphonesimulator/GoogleSignIn.build/Objects-normal/arm64/NSBundle+GID3PAdditions.o -index-unit-output-path /GoogleSignIn.build/Debug-iphonesimulator/GoogleSignIn.build/Objects-normal/arm64/NSBundle+GID3PAdditions.o

CompileC /Users/siam/Library/Developer/Xcode/DerivedData/Lingua_Quest-gvpckrqxtbgyprbgppjfqmimmmfw/Build/Intermediates.noindex/GoogleSignIn.build/Debug-iphonesimulator/GoogleSignIn.build/Objects-normal/x86_64/GIDAppCheck.o /Users/siam/Library/Developer/Xcode/DerivedData/Lingua_Quest-gvpckrqxtbgyprbgppjfqmimmmfw/SourcePackages/checkouts/GoogleSignIn-iOS/GoogleSignIn/Sources/GIDAppCheck/Implementations/GIDAppCheck.m normal x86_64 objective-c com.apple.compilers.llvm.clang.1_0.compiler (in target 'GoogleSignIn' from project 'GoogleSignIn')
    cd /Users/siam/Desktop/Lingua\ Quest/Lingua\ Quest.xcodeproj
    
    Using response file: /Users/siam/Library/Developer/Xcode/DerivedData/Lingua_Quest-gvpckrqxtbgyprbgppjfqmimmmfw/Build/Intermediates.noindex/GoogleSignIn.build/Debug-iphonesimulator/GoogleSignIn.build/Objects-normal/x86_64/e6072d4f65d7061329687fe24e3d63a7-common-args.resp
    
    /Applications/Xcode.app/Contents/Developer/Toolchains/XcodeDefault.xctoolchain/usr/bin/clang -x objective-c -ivfsstatcache /Users/siam/Library/Developer/Xcode/DerivedData/SDKStatCaches.noindex/iphonesimulator26.0-23A339-26257891a6c027eb51374368541b8346.sdkstatcache -fmessage-length\=0 -fdiagnostics-show-note-include-stack -fmacro-backtrace-limit\=0 -fno-color-diagnostics -fmodules-prune-interval\=86400 -fmodules-prune-after\=345600 -fbuild-session-file\=/Users/siam/Library/Developer/Xcode/DerivedData/ModuleCache.noindex/Session.modulevalidation -fmodules-validate-once-per-build-session -Wnon-modular-include-in-framework-module -Werror\=non-modular-include-in-framework-module -Wno-trigraphs -Wno-missing-field-initializers -Wno-missing-prototypes -Wno-return-type -Wno-implicit-atomic-properties -Wno-objc-interface-ivars -Wno-arc-repeated-use-of-weak -Wno-missing-braces -Wparentheses -Wswitch -Wno-unused-function -Wno-unused-label -Wno-unused-parameter -Wno-unused-variable -Wunused-value -Wno-empty-body -Wno-uninitialized -Wno-unknown-pragmas -w -Wno-shadow -Wno-four-char-constants -Wno-conversion -Wno-constant-conversion -Wno-int-conversion -Wno-bool-conversion -Wno-enum-conversion -Wno-float-conversion -Wno-non-literal-null-conversion -Wno-objc-literal-conversion -Wshorten-64-to-32 -Wpointer-sign -Wno-newline-eof -Wno-selector -Wno-strict-selector-match -Wno-undeclared-selector -Wno-deprecated-implementations -Wno-implicit-fallthrough -fstrict-aliasing -Wprotocol -Wdeprecated-declarations -Wno-sign-conversion -Wno-infinite-recursion -Wno-comma -Wno-block-capture-autoreleasing -Wno-strict-prototypes -Wno-semicolon-before-method-body -index-store-path /Users/siam/Library/Developer/Xcode/DerivedData/Lingua_Quest-gvpckrqxtbgyprbgppjfqmimmmfw/Index.noindex/DataStore @/Users/siam/Library/Developer/Xcode/DerivedData/Lingua_Quest-gvpckrqxtbgyprbgppjfqmimmmfw/Build/Intermediates.noindex/GoogleSignIn.build/Debug-iphonesimulator/GoogleSignIn.build/Objects-normal/x86_64/e6072d4f65d7061329687fe24e3d63a7-common-args.resp -include /Users/siam/Library/Developer/Xcode/DerivedData/Lingua_Quest-gvpckrqxtbgyprbgppjfqmimmmfw/Build/Intermediates.noindex/GoogleSignIn.build/Debug-iphonesimulator/GoogleSignIn.build/DerivedSources/resource_bundle_accessor.h -MMD -MT dependencies -MF /Users/siam/Library/Developer/Xcode/DerivedData/Lingua_Quest-gvpckrqxtbgyprbgppjfqmimmmfw/Build/Intermediates.noindex/GoogleSignIn.build/Debug-iphonesimulator/GoogleSignIn.build/Objects-normal/x86_64/GIDAppCheck.d --serialize-diagnostics /Users/siam/Library/Developer/Xcode/DerivedData/Lingua_Quest-gvpckrqxtbgyprbgppjfqmimmmfw/Build/Intermediates.noindex/GoogleSignIn.build/Debug-iphonesimulator/GoogleSignIn.build/Objects-normal/x86_64/GIDAppCheck.dia -c /Users/siam/Library/Developer/Xcode/DerivedData/Lingua_Quest-gvpckrqxtbgyprbgppjfqmimmmfw/SourcePackages/checkouts/GoogleSignIn-iOS/GoogleSignIn/Sources/GIDAppCheck/Implementations/GIDAppCheck.m -o /Users/siam/Library/Developer/Xcode/DerivedData/Lingua_Quest-gvpckrqxtbgyprbgppjfqmimmmfw/Build/Intermediates.noindex/GoogleSignIn.build/Debug-iphonesimulator/GoogleSignIn.build/Objects-normal/x86_64/GIDAppCheck.o -index-unit-output-path /GoogleSignIn.build/Debug-iphonesimulator/GoogleSignIn.build/Objects-normal/x86_64/GIDAppCheck.o

ScanDependencies /Users/siam/Library/Developer/Xcode/DerivedData/Lingua_Quest-gvpckrqxtbgyprbgppjfqmimmmfw/Build/Intermediates.noindex/GoogleSignIn.build/Debug-iphonesimulator/GoogleSignIn.build/Objects-normal/arm64/GIDToken.o /Users/siam/Library/Developer/Xcode/DerivedData/Lingua_Quest-gvpckrqxtbgyprbgppjfqmimmmfw/SourcePackages/checkouts/GoogleSignIn-iOS/GoogleSignIn/Sources/GIDToken.m normal arm64 objective-c com.apple.compilers.llvm.clang.1_0.compiler (in target 'GoogleSignIn' from project 'GoogleSignIn')
    cd /Users/siam/Desktop/Lingua\ Quest/Lingua\ Quest.xcodeproj
    
    Using response file: /Users/siam/Library/Developer/Xcode/DerivedData/Lingua_Quest-gvpckrqxtbgyprbgppjfqmimmmfw/Build/Intermediates.noindex/GoogleSignIn.build/Debug-iphonesimulator/GoogleSignIn.build/Objects-normal/arm64/e6072d4f65d7061329687fe24e3d63a7-common-args.resp
    
    builtin-ScanDependencies -o /Users/siam/Library/Developer/Xcode/DerivedData/Lingua_Quest-gvpckrqxtbgyprbgppjfqmimmmfw/Build/Intermediates.noindex/GoogleSignIn.build/Debug-iphonesimulator/GoogleSignIn.build/Objects-normal/arm64/GIDToken.o.scan -- /Applications/Xcode.app/Contents/Developer/Toolchains/XcodeDefault.xctoolchain/usr/bin/clang -x objective-c -ivfsstatcache /Users/siam/Library/Developer/Xcode/DerivedData/SDKStatCaches.noindex/iphonesimulator26.0-23A339-26257891a6c027eb51374368541b8346.sdkstatcache -fmessage-length\=0 -fdiagnostics-show-note-include-stack -fmacro-backtrace-limit\=0 -fno-color-diagnostics -fmodules-prune-interval\=86400 -fmodules-prune-after\=345600 -fbuild-session-file\=/Users/siam/Library/Developer/Xcode/DerivedData/ModuleCache.noindex/Session.modulevalidation -fmodules-validate-once-per-build-session -Wnon-modular-include-in-framework-module -Werror\=non-modular-include-in-framework-module -Wno-trigraphs -Wno-missing-field-initializers -Wno-missing-prototypes -Wno-return-type -Wno-implicit-atomic-properties -Wno-objc-interface-ivars -Wno-arc-repeated-use-of-weak -Wno-missing-braces -Wparentheses -Wswitch -Wno-unused-function -Wno-unused-label -Wno-unused-parameter -Wno-unused-variable -Wunused-value -Wno-empty-body -Wno-uninitialized -Wno-unknown-pragmas -w -Wno-shadow -Wno-four-char-constants -Wno-conversion -Wno-constant-conversion -Wno-int-conversion -Wno-bool-conversion -Wno-enum-conversion -Wno-float-conversion -Wno-non-literal-null-conversion -Wno-objc-literal-conversion -Wshorten-64-to-32 -Wpointer-sign -Wno-newline-eof -Wno-selector -Wno-strict-selector-match -Wno-undeclared-selector -Wno-deprecated-implementations -Wno-implicit-fallthrough -fstrict-aliasing -Wprotocol -Wdeprecated-declarations -Wno-sign-conversion -Wno-infinite-recursion -Wno-comma -Wno-block-capture-autoreleasing -Wno-strict-prototypes -Wno-semicolon-before-method-body -index-store-path /Users/siam/Library/Developer/Xcode/DerivedData/Lingua_Quest-gvpckrqxtbgyprbgppjfqmimmmfw/Index.noindex/DataStore @/Users/siam/Library/Developer/Xcode/DerivedData/Lingua_Quest-gvpckrqxtbgyprbgppjfqmimmmfw/Build/Intermediates.noindex/GoogleSignIn.build/Debug-iphonesimulator/GoogleSignIn.build/Objects-normal/arm64/e6072d4f65d7061329687fe24e3d63a7-common-args.resp -include /Users/siam/Library/Developer/Xcode/DerivedData/Lingua_Quest-gvpckrqxtbgyprbgppjfqmimmmfw/Build/Intermediates.noindex/GoogleSignIn.build/Debug-iphonesimulator/GoogleSignIn.build/DerivedSources/resource_bundle_accessor.h -MMD -MT dependencies -MF /Users/siam/Library/Developer/Xcode/DerivedData/Lingua_Quest-gvpckrqxtbgyprbgppjfqmimmmfw/Build/Intermediates.noindex/GoogleSignIn.build/Debug-iphonesimulator/GoogleSignIn.build/Objects-normal/arm64/GIDToken.d --serialize-diagnostics /Users/siam/Library/Developer/Xcode/DerivedData/Lingua_Quest-gvpckrqxtbgyprbgppjfqmimmmfw/Build/Intermediates.noindex/GoogleSignIn.build/Debug-iphonesimulator/GoogleSignIn.build/Objects-normal/arm64/GIDToken.dia -c /Users/siam/Library/Developer/Xcode/DerivedData/Lingua_Quest-gvpckrqxtbgyprbgppjfqmimmmfw/SourcePackages/checkouts/GoogleSignIn-iOS/GoogleSignIn/Sources/GIDToken.m -o /Users/siam/Library/Developer/Xcode/DerivedData/Lingua_Quest-gvpckrqxtbgyprbgppjfqmimmmfw/Build/Intermediates.noindex/GoogleSignIn.build/Debug-iphonesimulator/GoogleSignIn.build/Objects-normal/arm64/GIDToken.o -index-unit-output-path /GoogleSignIn.build/Debug-iphonesimulator/GoogleSignIn.build/Objects-normal/arm64/GIDToken.o

ScanDependencies /Users/siam/Library/Developer/Xcode/DerivedData/Lingua_Quest-gvpckrqxtbgyprbgppjfqmimmmfw/Build/Intermediates.noindex/GoogleSignIn.build/Debug-iphonesimulator/GoogleSignIn.build/Objects-normal/arm64/GIDTimedLoader.o /Users/siam/Library/Developer/Xcode/DerivedData/Lingua_Quest-gvpckrqxtbgyprbgppjfqmimmmfw/SourcePackages/checkouts/GoogleSignIn-iOS/GoogleSignIn/Sources/GIDTimedLoader/GIDTimedLoader.m normal arm64 objective-c com.apple.compilers.llvm.clang.1_0.compiler (in target 'GoogleSignIn' from project 'GoogleSignIn')
    cd /Users/siam/Desktop/Lingua\ Quest/Lingua\ Quest.xcodeproj
    
    Using response file: /Users/siam/Library/Developer/Xcode/DerivedData/Lingua_Quest-gvpckrqxtbgyprbgppjfqmimmmfw/Build/Intermediates.noindex/GoogleSignIn.build/Debug-iphonesimulator/GoogleSignIn.build/Objects-normal/arm64/e6072d4f65d7061329687fe24e3d63a7-common-args.resp
    
    builtin-ScanDependencies -o /Users/siam/Library/Developer/Xcode/DerivedData/Lingua_Quest-gvpckrqxtbgyprbgppjfqmimmmfw/Build/Intermediates.noindex/GoogleSignIn.build/Debug-iphonesimulator/GoogleSignIn.build/Objects-normal/arm64/GIDTimedLoader.o.scan -- /Applications/Xcode.app/Contents/Developer/Toolchains/XcodeDefault.xctoolchain/usr/bin/clang -x objective-c -ivfsstatcache /Users/siam/Library/Developer/Xcode/DerivedData/SDKStatCaches.noindex/iphonesimulator26.0-23A339-26257891a6c027eb51374368541b8346.sdkstatcache -fmessage-length\=0 -fdiagnostics-show-note-include-stack -fmacro-backtrace-limit\=0 -fno-color-diagnostics -fmodules-prune-interval\=86400 -fmodules-prune-after\=345600 -fbuild-session-file\=/Users/siam/Library/Developer/Xcode/DerivedData/ModuleCache.noindex/Session.modulevalidation -fmodules-validate-once-per-build-session -Wnon-modular-include-in-framework-module -Werror\=non-modular-include-in-framework-module -Wno-trigraphs -Wno-missing-field-initializers -Wno-missing-prototypes -Wno-return-type -Wno-implicit-atomic-properties -Wno-objc-interface-ivars -Wno-arc-repeated-use-of-weak -Wno-missing-braces -Wparentheses -Wswitch -Wno-unused-function -Wno-unused-label -Wno-unused-parameter -Wno-unused-variable -Wunused-value -Wno-empty-body -Wno-uninitialized -Wno-unknown-pragmas -w -Wno-shadow -Wno-four-char-constants -Wno-conversion -Wno-constant-conversion -Wno-int-conversion -Wno-bool-conversion -Wno-enum-conversion -Wno-float-conversion -Wno-non-literal-null-conversion -Wno-objc-literal-conversion -Wshorten-64-to-32 -Wpointer-sign -Wno-newline-eof -Wno-selector -Wno-strict-selector-match -Wno-undeclared-selector -Wno-deprecated-implementations -Wno-implicit-fallthrough -fstrict-aliasing -Wprotocol -Wdeprecated-declarations -Wno-sign-conversion -Wno-infinite-recursion -Wno-comma -Wno-block-capture-autoreleasing -Wno-strict-prototypes -Wno-semicolon-before-method-body -index-store-path /Users/siam/Library/Developer/Xcode/DerivedData/Lingua_Quest-gvpckrqxtbgyprbgppjfqmimmmfw/Index.noindex/DataStore @/Users/siam/Library/Developer/Xcode/DerivedData/Lingua_Quest-gvpckrqxtbgyprbgppjfqmimmmfw/Build/Intermediates.noindex/GoogleSignIn.build/Debug-iphonesimulator/GoogleSignIn.build/Objects-normal/arm64/e6072d4f65d7061329687fe24e3d63a7-common-args.resp -include /Users/siam/Library/Developer/Xcode/DerivedData/Lingua_Quest-gvpckrqxtbgyprbgppjfqmimmmfw/Build/Intermediates.noindex/GoogleSignIn.build/Debug-iphonesimulator/GoogleSignIn.build/DerivedSources/resource_bundle_accessor.h -MMD -MT dependencies -MF /Users/siam/Library/Developer/Xcode/DerivedData/Lingua_Quest-gvpckrqxtbgyprbgppjfqmimmmfw/Build/Intermediates.noindex/GoogleSignIn.build/Debug-iphonesimulator/GoogleSignIn.build/Objects-normal/arm64/GIDTimedLoader.d --serialize-diagnostics /Users/siam/Library/Developer/Xcode/DerivedData/Lingua_Quest-gvpckrqxtbgyprbgppjfqmimmmfw/Build/Intermediates.noindex/GoogleSignIn.build/Debug-iphonesimulator/GoogleSignIn.build/Objects-normal/arm64/GIDTimedLoader.dia -c /Users/siam/Library/Developer/Xcode/DerivedData/Lingua_Quest-gvpckrqxtbgyprbgppjfqmimmmfw/SourcePackages/checkouts/GoogleSignIn-iOS/GoogleSignIn/Sources/GIDTimedLoader/GIDTimedLoader.m -o /Users/siam/Library/Developer/Xcode/DerivedData/Lingua_Quest-gvpckrqxtbgyprbgppjfqmimmmfw/Build/Intermediates.noindex/GoogleSignIn.build/Debug-iphonesimulator/GoogleSignIn.build/Objects-normal/arm64/GIDTimedLoader.o -index-unit-output-path /GoogleSignIn.build/Debug-iphonesimulator/GoogleSignIn.build/Objects-normal/arm64/GIDTimedLoader.o

ScanDependencies /Users/siam/Library/Developer/Xcode/DerivedData/Lingua_Quest-gvpckrqxtbgyprbgppjfqmimmmfw/Build/Intermediates.noindex/GoogleSignIn.build/Debug-iphonesimulator/GoogleSignIn.build/Objects-normal/arm64/GIDSignInStrings.o /Users/siam/Library/Developer/Xcode/DerivedData/Lingua_Quest-gvpckrqxtbgyprbgppjfqmimmmfw/SourcePackages/checkouts/GoogleSignIn-iOS/GoogleSignIn/Sources/GIDSignInStrings.m normal arm64 objective-c com.apple.compilers.llvm.clang.1_0.compiler (in target 'GoogleSignIn' from project 'GoogleSignIn')
    cd /Users/siam/Desktop/Lingua\ Quest/Lingua\ Quest.xcodeproj
    
    Using response file: /Users/siam/Library/Developer/Xcode/DerivedData/Lingua_Quest-gvpckrqxtbgyprbgppjfqmimmmfw/Build/Intermediates.noindex/GoogleSignIn.build/Debug-iphonesimulator/GoogleSignIn.build/Objects-normal/arm64/e6072d4f65d7061329687fe24e3d63a7-common-args.resp
    
    builtin-ScanDependencies -o /Users/siam/Library/Developer/Xcode/DerivedData/Lingua_Quest-gvpckrqxtbgyprbgppjfqmimmmfw/Build/Intermediates.noindex/GoogleSignIn.build/Debug-iphonesimulator/GoogleSignIn.build/Objects-normal/arm64/GIDSignInStrings.o.scan -- /Applications/Xcode.app/Contents/Developer/Toolchains/XcodeDefault.xctoolchain/usr/bin/clang -x objective-c -ivfsstatcache /Users/siam/Library/Developer/Xcode/DerivedData/SDKStatCaches.noindex/iphonesimulator26.0-23A339-26257891a6c027eb51374368541b8346.sdkstatcache -fmessage-length\=0 -fdiagnostics-show-note-include-stack -fmacro-backtrace-limit\=0 -fno-color-diagnostics -fmodules-prune-interval\=86400 -fmodules-prune-after\=345600 -fbuild-session-file\=/Users/siam/Library/Developer/Xcode/DerivedData/ModuleCache.noindex/Session.modulevalidation -fmodules-validate-once-per-build-session -Wnon-modular-include-in-framework-module -Werror\=non-modular-include-in-framework-module -Wno-trigraphs -Wno-missing-field-initializers -Wno-missing-prototypes -Wno-return-type -Wno-implicit-atomic-properties -Wno-objc-interface-ivars -Wno-arc-repeated-use-of-weak -Wno-missing-braces -Wparentheses -Wswitch -Wno-unused-function -Wno-unused-label -Wno-unused-parameter -Wno-unused-variable -Wunused-value -Wno-empty-body -Wno-uninitialized -Wno-unknown-pragmas -w -Wno-shadow -Wno-four-char-constants -Wno-conversion -Wno-constant-conversion -Wno-int-conversion -Wno-bool-conversion -Wno-enum-conversion -Wno-float-conversion -Wno-non-literal-null-conversion -Wno-objc-literal-conversion -Wshorten-64-to-32 -Wpointer-sign -Wno-newline-eof -Wno-selector -Wno-strict-selector-match -Wno-undeclared-selector -Wno-deprecated-implementations -Wno-implicit-fallthrough -fstrict-aliasing -Wprotocol -Wdeprecated-declarations -Wno-sign-conversion -Wno-infinite-recursion -Wno-comma -Wno-block-capture-autoreleasing -Wno-strict-prototypes -Wno-semicolon-before-method-body -index-store-path /Users/siam/Library/Developer/Xcode/DerivedData/Lingua_Quest-gvpckrqxtbgyprbgppjfqmimmmfw/Index.noindex/DataStore @/Users/siam/Library/Developer/Xcode/DerivedData/Lingua_Quest-gvpckrqxtbgyprbgppjfqmimmmfw/Build/Intermediates.noindex/GoogleSignIn.build/Debug-iphonesimulator/GoogleSignIn.build/Objects-normal/arm64/e6072d4f65d7061329687fe24e3d63a7-common-args.resp -include /Users/siam/Library/Developer/Xcode/DerivedData/Lingua_Quest-gvpckrqxtbgyprbgppjfqmimmmfw/Build/Intermediates.noindex/GoogleSignIn.build/Debug-iphonesimulator/GoogleSignIn.build/DerivedSources/resource_bundle_accessor.h -MMD -MT dependencies -MF /Users/siam/Library/Developer/Xcode/DerivedData/Lingua_Quest-gvpckrqxtbgyprbgppjfqmimmmfw/Build/Intermediates.noindex/GoogleSignIn.build/Debug-iphonesimulator/GoogleSignIn.build/Objects-normal/arm64/GIDSignInStrings.d --serialize-diagnostics /Users/siam/Library/Developer/Xcode/DerivedData/Lingua_Quest-gvpckrqxtbgyprbgppjfqmimmmfw/Build/Intermediates.noindex/GoogleSignIn.build/Debug-iphonesimulator/GoogleSignIn.build/Objects-normal/arm64/GIDSignInStrings.dia -c /Users/siam/Library/Developer/Xcode/DerivedData/Lingua_Quest-gvpckrqxtbgyprbgppjfqmimmmfw/SourcePackages/checkouts/GoogleSignIn-iOS/GoogleSignIn/Sources/GIDSignInStrings.m -o /Users/siam/Library/Developer/Xcode/DerivedData/Lingua_Quest-gvpckrqxtbgyprbgppjfqmimmmfw/Build/Intermediates.noindex/GoogleSignIn.build/Debug-iphonesimulator/GoogleSignIn.build/Objects-normal/arm64/GIDSignInStrings.o -index-unit-output-path /GoogleSignIn.build/Debug-iphonesimulator/GoogleSignIn.build/Objects-normal/arm64/GIDSignInStrings.o

CompileC /Users/siam/Library/Developer/Xcode/DerivedData/Lingua_Quest-gvpckrqxtbgyprbgppjfqmimmmfw/Build/Intermediates.noindex/GoogleSignIn.build/Debug-iphonesimulator/GoogleSignIn.build/Objects-normal/x86_64/GIDActivityIndicatorViewController.o /Users/siam/Library/Developer/Xcode/DerivedData/Lingua_Quest-gvpckrqxtbgyprbgppjfqmimmmfw/SourcePackages/checkouts/GoogleSignIn-iOS/GoogleSignIn/Sources/GIDAppCheck/UI/GIDActivityIndicatorViewController.m normal x86_64 objective-c com.apple.compilers.llvm.clang.1_0.compiler (in target 'GoogleSignIn' from project 'GoogleSignIn')
    cd /Users/siam/Desktop/Lingua\ Quest/Lingua\ Quest.xcodeproj
    
    Using response file: /Users/siam/Library/Developer/Xcode/DerivedData/Lingua_Quest-gvpckrqxtbgyprbgppjfqmimmmfw/Build/Intermediates.noindex/GoogleSignIn.build/Debug-iphonesimulator/GoogleSignIn.build/Objects-normal/x86_64/e6072d4f65d7061329687fe24e3d63a7-common-args.resp
    
    /Applications/Xcode.app/Contents/Developer/Toolchains/XcodeDefault.xctoolchain/usr/bin/clang -x objective-c -ivfsstatcache /Users/siam/Library/Developer/Xcode/DerivedData/SDKStatCaches.noindex/iphonesimulator26.0-23A339-26257891a6c027eb51374368541b8346.sdkstatcache -fmessage-length\=0 -fdiagnostics-show-note-include-stack -fmacro-backtrace-limit\=0 -fno-color-diagnostics -fmodules-prune-interval\=86400 -fmodules-prune-after\=345600 -fbuild-session-file\=/Users/siam/Library/Developer/Xcode/DerivedData/ModuleCache.noindex/Session.modulevalidation -fmodules-validate-once-per-build-session -Wnon-modular-include-in-framework-module -Werror\=non-modular-include-in-framework-module -Wno-trigraphs -Wno-missing-field-initializers -Wno-missing-prototypes -Wno-return-type -Wno-implicit-atomic-properties -Wno-objc-interface-ivars -Wno-arc-repeated-use-of-weak -Wno-missing-braces -Wparentheses -Wswitch -Wno-unused-function -Wno-unused-label -Wno-unused-parameter -Wno-unused-variable -Wunused-value -Wno-empty-body -Wno-uninitialized -Wno-unknown-pragmas -w -Wno-shadow -Wno-four-char-constants -Wno-conversion -Wno-constant-conversion -Wno-int-conversion -Wno-bool-conversion -Wno-enum-conversion -Wno-float-conversion -Wno-non-literal-null-conversion -Wno-objc-literal-conversion -Wshorten-64-to-32 -Wpointer-sign -Wno-newline-eof -Wno-selector -Wno-strict-selector-match -Wno-undeclared-selector -Wno-deprecated-implementations -Wno-implicit-fallthrough -fstrict-aliasing -Wprotocol -Wdeprecated-declarations -Wno-sign-conversion -Wno-infinite-recursion -Wno-comma -Wno-block-capture-autoreleasing -Wno-strict-prototypes -Wno-semicolon-before-method-body -index-store-path /Users/siam/Library/Developer/Xcode/DerivedData/Lingua_Quest-gvpckrqxtbgyprbgppjfqmimmmfw/Index.noindex/DataStore @/Users/siam/Library/Developer/Xcode/DerivedData/Lingua_Quest-gvpckrqxtbgyprbgppjfqmimmmfw/Build/Intermediates.noindex/GoogleSignIn.build/Debug-iphonesimulator/GoogleSignIn.build/Objects-normal/x86_64/e6072d4f65d7061329687fe24e3d63a7-common-args.resp -include /Users/siam/Library/Developer/Xcode/DerivedData/Lingua_Quest-gvpckrqxtbgyprbgppjfqmimmmfw/Build/Intermediates.noindex/GoogleSignIn.build/Debug-iphonesimulator/GoogleSignIn.build/DerivedSources/resource_bundle_accessor.h -MMD -MT dependencies -MF /Users/siam/Library/Developer/Xcode/DerivedData/Lingua_Quest-gvpckrqxtbgyprbgppjfqmimmmfw/Build/Intermediates.noindex/GoogleSignIn.build/Debug-iphonesimulator/GoogleSignIn.build/Objects-normal/x86_64/GIDActivityIndicatorViewController.d --serialize-diagnostics /Users/siam/Library/Developer/Xcode/DerivedData/Lingua_Quest-gvpckrqxtbgyprbgppjfqmimmmfw/Build/Intermediates.noindex/GoogleSignIn.build/Debug-iphonesimulator/GoogleSignIn.build/Objects-normal/x86_64/GIDActivityIndicatorViewController.dia -c /Users/siam/Library/Developer/Xcode/DerivedData/Lingua_Quest-gvpckrqxtbgyprbgppjfqmimmmfw/SourcePackages/checkouts/GoogleSignIn-iOS/GoogleSignIn/Sources/GIDAppCheck/UI/GIDActivityIndicatorViewController.m -o /Users/siam/Library/Developer/Xcode/DerivedData/Lingua_Quest-gvpckrqxtbgyprbgppjfqmimmmfw/Build/Intermediates.noindex/GoogleSignIn.build/Debug-iphonesimulator/GoogleSignIn.build/Objects-normal/x86_64/GIDActivityIndicatorViewController.o -index-unit-output-path /GoogleSignIn.build/Debug-iphonesimulator/GoogleSignIn.build/Objects-normal/x86_64/GIDActivityIndicatorViewController.o

ScanDependencies /Users/siam/Library/Developer/Xcode/DerivedData/Lingua_Quest-gvpckrqxtbgyprbgppjfqmimmmfw/Build/Intermediates.noindex/GoogleSignIn.build/Debug-iphonesimulator/GoogleSignIn.build/Objects-normal/arm64/GIDSignInResult.o /Users/siam/Library/Developer/Xcode/DerivedData/Lingua_Quest-gvpckrqxtbgyprbgppjfqmimmmfw/SourcePackages/checkouts/GoogleSignIn-iOS/GoogleSignIn/Sources/GIDSignInResult.m normal arm64 objective-c com.apple.compilers.llvm.clang.1_0.compiler (in target 'GoogleSignIn' from project 'GoogleSignIn')
    cd /Users/siam/Desktop/Lingua\ Quest/Lingua\ Quest.xcodeproj
    
    Using response file: /Users/siam/Library/Developer/Xcode/DerivedData/Lingua_Quest-gvpckrqxtbgyprbgppjfqmimmmfw/Build/Intermediates.noindex/GoogleSignIn.build/Debug-iphonesimulator/GoogleSignIn.build/Objects-normal/arm64/e6072d4f65d7061329687fe24e3d63a7-common-args.resp
    
    builtin-ScanDependencies -o /Users/siam/Library/Developer/Xcode/DerivedData/Lingua_Quest-gvpckrqxtbgyprbgppjfqmimmmfw/Build/Intermediates.noindex/GoogleSignIn.build/Debug-iphonesimulator/GoogleSignIn.build/Objects-normal/arm64/GIDSignInResult.o.scan -- /Applications/Xcode.app/Contents/Developer/Toolchains/XcodeDefault.xctoolchain/usr/bin/clang -x objective-c -ivfsstatcache /Users/siam/Library/Developer/Xcode/DerivedData/SDKStatCaches.noindex/iphonesimulator26.0-23A339-26257891a6c027eb51374368541b8346.sdkstatcache -fmessage-length\=0 -fdiagnostics-show-note-include-stack -fmacro-backtrace-limit\=0 -fno-color-diagnostics -fmodules-prune-interval\=86400 -fmodules-prune-after\=345600 -fbuild-session-file\=/Users/siam/Library/Developer/Xcode/DerivedData/ModuleCache.noindex/Session.modulevalidation -fmodules-validate-once-per-build-session -Wnon-modular-include-in-framework-module -Werror\=non-modular-include-in-framework-module -Wno-trigraphs -Wno-missing-field-initializers -Wno-missing-prototypes -Wno-return-type -Wno-implicit-atomic-properties -Wno-objc-interface-ivars -Wno-arc-repeated-use-of-weak -Wno-missing-braces -Wparentheses -Wswitch -Wno-unused-function -Wno-unused-label -Wno-unused-parameter -Wno-unused-variable -Wunused-value -Wno-empty-body -Wno-uninitialized -Wno-unknown-pragmas -w -Wno-shadow -Wno-four-char-constants -Wno-conversion -Wno-constant-conversion -Wno-int-conversion -Wno-bool-conversion -Wno-enum-conversion -Wno-float-conversion -Wno-non-literal-null-conversion -Wno-objc-literal-conversion -Wshorten-64-to-32 -Wpointer-sign -Wno-newline-eof -Wno-selector -Wno-strict-selector-match -Wno-undeclared-selector -Wno-deprecated-implementations -Wno-implicit-fallthrough -fstrict-aliasing -Wprotocol -Wdeprecated-declarations -Wno-sign-conversion -Wno-infinite-recursion -Wno-comma -Wno-block-capture-autoreleasing -Wno-strict-prototypes -Wno-semicolon-before-method-body -index-store-path /Users/siam/Library/Developer/Xcode/DerivedData/Lingua_Quest-gvpckrqxtbgyprbgppjfqmimmmfw/Index.noindex/DataStore @/Users/siam/Library/Developer/Xcode/DerivedData/Lingua_Quest-gvpckrqxtbgyprbgppjfqmimmmfw/Build/Intermediates.noindex/GoogleSignIn.build/Debug-iphonesimulator/GoogleSignIn.build/Objects-normal/arm64/e6072d4f65d7061329687fe24e3d63a7-common-args.resp -include /Users/siam/Library/Developer/Xcode/DerivedData/Lingua_Quest-gvpckrqxtbgyprbgppjfqmimmmfw/Build/Intermediates.noindex/GoogleSignIn.build/Debug-iphonesimulator/GoogleSignIn.build/DerivedSources/resource_bundle_accessor.h -MMD -MT dependencies -MF /Users/siam/Library/Developer/Xcode/DerivedData/Lingua_Quest-gvpckrqxtbgyprbgppjfqmimmmfw/Build/Intermediates.noindex/GoogleSignIn.build/Debug-iphonesimulator/GoogleSignIn.build/Objects-normal/arm64/GIDSignInResult.d --serialize-diagnostics /Users/siam/Library/Developer/Xcode/DerivedData/Lingua_Quest-gvpckrqxtbgyprbgppjfqmimmmfw/Build/Intermediates.noindex/GoogleSignIn.build/Debug-iphonesimulator/GoogleSignIn.build/Objects-normal/arm64/GIDSignInResult.dia -c /Users/siam/Library/Developer/Xcode/DerivedData/Lingua_Quest-gvpckrqxtbgyprbgppjfqmimmmfw/SourcePackages/checkouts/GoogleSignIn-iOS/GoogleSignIn/Sources/GIDSignInResult.m -o /Users/siam/Library/Developer/Xcode/DerivedData/Lingua_Quest-gvpckrqxtbgyprbgppjfqmimmmfw/Build/Intermediates.noindex/GoogleSignIn.build/Debug-iphonesimulator/GoogleSignIn.build/Objects-normal/arm64/GIDSignInResult.o -index-unit-output-path /GoogleSignIn.build/Debug-iphonesimulator/GoogleSignIn.build/Objects-normal/arm64/GIDSignInResult.o

ScanDependencies /Users/siam/Library/Developer/Xcode/DerivedData/Lingua_Quest-gvpckrqxtbgyprbgppjfqmimmmfw/Build/Intermediates.noindex/GoogleSignIn.build/Debug-iphonesimulator/GoogleSignIn.build/Objects-normal/arm64/GIDSignInPreferences.o /Users/siam/Library/Developer/Xcode/DerivedData/Lingua_Quest-gvpckrqxtbgyprbgppjfqmimmmfw/SourcePackages/checkouts/GoogleSignIn-iOS/GoogleSignIn/Sources/GIDSignInPreferences.m normal arm64 objective-c com.apple.compilers.llvm.clang.1_0.compiler (in target 'GoogleSignIn' from project 'GoogleSignIn')
    cd /Users/siam/Desktop/Lingua\ Quest/Lingua\ Quest.xcodeproj
    
    Using response file: /Users/siam/Library/Developer/Xcode/DerivedData/Lingua_Quest-gvpckrqxtbgyprbgppjfqmimmmfw/Build/Intermediates.noindex/GoogleSignIn.build/Debug-iphonesimulator/GoogleSignIn.build/Objects-normal/arm64/e6072d4f65d7061329687fe24e3d63a7-common-args.resp
    
    builtin-ScanDependencies -o /Users/siam/Library/Developer/Xcode/DerivedData/Lingua_Quest-gvpckrqxtbgyprbgppjfqmimmmfw/Build/Intermediates.noindex/GoogleSignIn.build/Debug-iphonesimulator/GoogleSignIn.build/Objects-normal/arm64/GIDSignInPreferences.o.scan -- /Applications/Xcode.app/Contents/Developer/Toolchains/XcodeDefault.xctoolchain/usr/bin/clang -x objective-c -ivfsstatcache /Users/siam/Library/Developer/Xcode/DerivedData/SDKStatCaches.noindex/iphonesimulator26.0-23A339-26257891a6c027eb51374368541b8346.sdkstatcache -fmessage-length\=0 -fdiagnostics-show-note-include-stack -fmacro-backtrace-limit\=0 -fno-color-diagnostics -fmodules-prune-interval\=86400 -fmodules-prune-after\=345600 -fbuild-session-file\=/Users/siam/Library/Developer/Xcode/DerivedData/ModuleCache.noindex/Session.modulevalidation -fmodules-validate-once-per-build-session -Wnon-modular-include-in-framework-module -Werror\=non-modular-include-in-framework-module -Wno-trigraphs -Wno-missing-field-initializers -Wno-missing-prototypes -Wno-return-type -Wno-implicit-atomic-properties -Wno-objc-interface-ivars -Wno-arc-repeated-use-of-weak -Wno-missing-braces -Wparentheses -Wswitch -Wno-unused-function -Wno-unused-label -Wno-unused-parameter -Wno-unused-variable -Wunused-value -Wno-empty-body -Wno-uninitialized -Wno-unknown-pragmas -w -Wno-shadow -Wno-four-char-constants -Wno-conversion -Wno-constant-conversion -Wno-int-conversion -Wno-bool-conversion -Wno-enum-conversion -Wno-float-conversion -Wno-non-literal-null-conversion -Wno-objc-literal-conversion -Wshorten-64-to-32 -Wpointer-sign -Wno-newline-eof -Wno-selector -Wno-strict-selector-match -Wno-undeclared-selector -Wno-deprecated-implementations -Wno-implicit-fallthrough -fstrict-aliasing -Wprotocol -Wdeprecated-declarations -Wno-sign-conversion -Wno-infinite-recursion -Wno-comma -Wno-block-capture-autoreleasing -Wno-strict-prototypes -Wno-semicolon-before-method-body -index-store-path /Users/siam/Library/Developer/Xcode/DerivedData/Lingua_Quest-gvpckrqxtbgyprbgppjfqmimmmfw/Index.noindex/DataStore @/Users/siam/Library/Developer/Xcode/DerivedData/Lingua_Quest-gvpckrqxtbgyprbgppjfqmimmmfw/Build/Intermediates.noindex/GoogleSignIn.build/Debug-iphonesimulator/GoogleSignIn.build/Objects-normal/arm64/e6072d4f65d7061329687fe24e3d63a7-common-args.resp -include /Users/siam/Library/Developer/Xcode/DerivedData/Lingua_Quest-gvpckrqxtbgyprbgppjfqmimmmfw/Build/Intermediates.noindex/GoogleSignIn.build/Debug-iphonesimulator/GoogleSignIn.build/DerivedSources/resource_bundle_accessor.h -MMD -MT dependencies -MF /Users/siam/Library/Developer/Xcode/DerivedData/Lingua_Quest-gvpckrqxtbgyprbgppjfqmimmmfw/Build/Intermediates.noindex/GoogleSignIn.build/Debug-iphonesimulator/GoogleSignIn.build/Objects-normal/arm64/GIDSignInPreferences.d --serialize-diagnostics /Users/siam/Library/Developer/Xcode/DerivedData/Lingua_Quest-gvpckrqxtbgyprbgppjfqmimmmfw/Build/Intermediates.noindex/GoogleSignIn.build/Debug-iphonesimulator/GoogleSignIn.build/Objects-normal/arm64/GIDSignInPreferences.dia -c /Users/siam/Library/Developer/Xcode/DerivedData/Lingua_Quest-gvpckrqxtbgyprbgppjfqmimmmfw/SourcePackages/checkouts/GoogleSignIn-iOS/GoogleSignIn/Sources/GIDSignInPreferences.m -o /Users/siam/Library/Developer/Xcode/DerivedData/Lingua_Quest-gvpckrqxtbgyprbgppjfqmimmmfw/Build/Intermediates.noindex/GoogleSignIn.build/Debug-iphonesimulator/GoogleSignIn.build/Objects-normal/arm64/GIDSignInPreferences.o -index-unit-output-path /GoogleSignIn.build/Debug-iphonesimulator/GoogleSignIn.build/Objects-normal/arm64/GIDSignInPreferences.o

ScanDependencies /Users/siam/Library/Developer/Xcode/DerivedData/Lingua_Quest-gvpckrqxtbgyprbgppjfqmimmmfw/Build/Intermediates.noindex/GoogleSignIn.build/Debug-iphonesimulator/GoogleSignIn.build/Objects-normal/arm64/GIDSignInInternalOptions.o /Users/siam/Library/Developer/Xcode/DerivedData/Lingua_Quest-gvpckrqxtbgyprbgppjfqmimmmfw/SourcePackages/checkouts/GoogleSignIn-iOS/GoogleSignIn/Sources/GIDSignInInternalOptions.m normal arm64 objective-c com.apple.compilers.llvm.clang.1_0.compiler (in target 'GoogleSignIn' from project 'GoogleSignIn')
    cd /Users/siam/Desktop/Lingua\ Quest/Lingua\ Quest.xcodeproj
    
    Using response file: /Users/siam/Library/Developer/Xcode/DerivedData/Lingua_Quest-gvpckrqxtbgyprbgppjfqmimmmfw/Build/Intermediates.noindex/GoogleSignIn.build/Debug-iphonesimulator/GoogleSignIn.build/Objects-normal/arm64/e6072d4f65d7061329687fe24e3d63a7-common-args.resp
    
    builtin-ScanDependencies -o /Users/siam/Library/Developer/Xcode/DerivedData/Lingua_Quest-gvpckrqxtbgyprbgppjfqmimmmfw/Build/Intermediates.noindex/GoogleSignIn.build/Debug-iphonesimulator/GoogleSignIn.build/Objects-normal/arm64/GIDSignInInternalOptions.o.scan -- /Applications/Xcode.app/Contents/Developer/Toolchains/XcodeDefault.xctoolchain/usr/bin/clang -x objective-c -ivfsstatcache /Users/siam/Library/Developer/Xcode/DerivedData/SDKStatCaches.noindex/iphonesimulator26.0-23A339-26257891a6c027eb51374368541b8346.sdkstatcache -fmessage-length\=0 -fdiagnostics-show-note-include-stack -fmacro-backtrace-limit\=0 -fno-color-diagnostics -fmodules-prune-interval\=86400 -fmodules-prune-after\=345600 -fbuild-session-file\=/Users/siam/Library/Developer/Xcode/DerivedData/ModuleCache.noindex/Session.modulevalidation -fmodules-validate-once-per-build-session -Wnon-modular-include-in-framework-module -Werror\=non-modular-include-in-framework-module -Wno-trigraphs -Wno-missing-field-initializers -Wno-missing-prototypes -Wno-return-type -Wno-implicit-atomic-properties -Wno-objc-interface-ivars -Wno-arc-repeated-use-of-weak -Wno-missing-braces -Wparentheses -Wswitch -Wno-unused-function -Wno-unused-label -Wno-unused-parameter -Wno-unused-variable -Wunused-value -Wno-empty-body -Wno-uninitialized -Wno-unknown-pragmas -w -Wno-shadow -Wno-four-char-constants -Wno-conversion -Wno-constant-conversion -Wno-int-conversion -Wno-bool-conversion -Wno-enum-conversion -Wno-float-conversion -Wno-non-literal-null-conversion -Wno-objc-literal-conversion -Wshorten-64-to-32 -Wpointer-sign -Wno-newline-eof -Wno-selector -Wno-strict-selector-match -Wno-undeclared-selector -Wno-deprecated-implementations -Wno-implicit-fallthrough -fstrict-aliasing -Wprotocol -Wdeprecated-declarations -Wno-sign-conversion -Wno-infinite-recursion -Wno-comma -Wno-block-capture-autoreleasing -Wno-strict-prototypes -Wno-semicolon-before-method-body -index-store-path /Users/siam/Library/Developer/Xcode/DerivedData/Lingua_Quest-gvpckrqxtbgyprbgppjfqmimmmfw/Index.noindex/DataStore @/Users/siam/Library/Developer/Xcode/DerivedData/Lingua_Quest-gvpckrqxtbgyprbgppjfqmimmmfw/Build/Intermediates.noindex/GoogleSignIn.build/Debug-iphonesimulator/GoogleSignIn.build/Objects-normal/arm64/e6072d4f65d7061329687fe24e3d63a7-common-args.resp -include /Users/siam/Library/Developer/Xcode/DerivedData/Lingua_Quest-gvpckrqxtbgyprbgppjfqmimmmfw/Build/Intermediates.noindex/GoogleSignIn.build/Debug-iphonesimulator/GoogleSignIn.build/DerivedSources/resource_bundle_accessor.h -MMD -MT dependencies -MF /Users/siam/Library/Developer/Xcode/DerivedData/Lingua_Quest-gvpckrqxtbgyprbgppjfqmimmmfw/Build/Intermediates.noindex/GoogleSignIn.build/Debug-iphonesimulator/GoogleSignIn.build/Objects-normal/arm64/GIDSignInInternalOptions.d --serialize-diagnostics /Users/siam/Library/Developer/Xcode/DerivedData/Lingua_Quest-gvpckrqxtbgyprbgppjfqmimmmfw/Build/Intermediates.noindex/GoogleSignIn.build/Debug-iphonesimulator/GoogleSignIn.build/Objects-normal/arm64/GIDSignInInternalOptions.dia -c /Users/siam/Library/Developer/Xcode/DerivedData/Lingua_Quest-gvpckrqxtbgyprbgppjfqmimmmfw/SourcePackages/checkouts/GoogleSignIn-iOS/GoogleSignIn/Sources/GIDSignInInternalOptions.m -o /Users/siam/Library/Developer/Xcode/DerivedData/Lingua_Quest-gvpckrqxtbgyprbgppjfqmimmmfw/Build/Intermediates.noindex/GoogleSignIn.build/Debug-iphonesimulator/GoogleSignIn.build/Objects-normal/arm64/GIDSignInInternalOptions.o -index-unit-output-path /GoogleSignIn.build/Debug-iphonesimulator/GoogleSignIn.build/Objects-normal/arm64/GIDSignInInternalOptions.o

PrecompileModule /Users/siam/Library/Developer/Xcode/DerivedData/Lingua_Quest-gvpckrqxtbgyprbgppjfqmimmmfw/Build/Intermediates.noindex/ExplicitPrecompiledModules/_Builtin_stdarg-EZXSIRFAQ55VP8SXFFKX8ACQM.scan
    cd /
    builtin-precompileModule /Users/siam/Library/Developer/Xcode/DerivedData/Lingua_Quest-gvpckrqxtbgyprbgppjfqmimmmfw/Build/Intermediates.noindex/ExplicitPrecompiledModules/_Builtin_stdarg-EZXSIRFAQ55VP8SXFFKX8ACQM.scan

PrecompileModule /Users/siam/Library/Developer/Xcode/DerivedData/Lingua_Quest-gvpckrqxtbgyprbgppjfqmimmmfw/Build/Intermediates.noindex/ExplicitPrecompiledModules/_Builtin_float-EKSNSNMF8IZ30EFWCOBQ1P52M.scan
    cd /
    builtin-precompileModule /Users/siam/Library/Developer/Xcode/DerivedData/Lingua_Quest-gvpckrqxtbgyprbgppjfqmimmmfw/Build/Intermediates.noindex/ExplicitPrecompiledModules/_Builtin_float-EKSNSNMF8IZ30EFWCOBQ1P52M.scan

PrecompileModule /Users/siam/Library/Developer/Xcode/DerivedData/Lingua_Quest-gvpckrqxtbgyprbgppjfqmimmmfw/Build/Intermediates.noindex/ExplicitPrecompiledModules/_Builtin_stdbool-A2ZJRH3LTBM9Z6QGMJNZVXSL7.scan
    cd /
    builtin-precompileModule /Users/siam/Library/Developer/Xcode/DerivedData/Lingua_Quest-gvpckrqxtbgyprbgppjfqmimmmfw/Build/Intermediates.noindex/ExplicitPrecompiledModules/_Builtin_stdbool-A2ZJRH3LTBM9Z6QGMJNZVXSL7.scan

PrecompileModule /Users/siam/Library/Developer/Xcode/DerivedData/Lingua_Quest-gvpckrqxtbgyprbgppjfqmimmmfw/Build/Intermediates.noindex/ExplicitPrecompiledModules/_Builtin_stddef-2XC6Z74PCGC3XHCNOYS760V1P.scan
    cd /
    builtin-precompileModule /Users/siam/Library/Developer/Xcode/DerivedData/Lingua_Quest-gvpckrqxtbgyprbgppjfqmimmmfw/Build/Intermediates.noindex/ExplicitPrecompiledModules/_Builtin_stddef-2XC6Z74PCGC3XHCNOYS760V1P.scan

PrecompileModule /Users/siam/Library/Developer/Xcode/DerivedData/Lingua_Quest-gvpckrqxtbgyprbgppjfqmimmmfw/Build/Intermediates.noindex/ExplicitPrecompiledModules/_AvailabilityInternal-E5RZSEF5M8PMHUBFQFSSW32E5.scan
    cd /
    builtin-precompileModule /Users/siam/Library/Developer/Xcode/DerivedData/Lingua_Quest-gvpckrqxtbgyprbgppjfqmimmmfw/Build/Intermediates.noindex/ExplicitPrecompiledModules/_AvailabilityInternal-E5RZSEF5M8PMHUBFQFSSW32E5.scan

PrecompileModule /Users/siam/Library/Developer/Xcode/DerivedData/Lingua_Quest-gvpckrqxtbgyprbgppjfqmimmmfw/Build/Intermediates.noindex/ExplicitPrecompiledModules/ptrauth-9RAHVYQP3DQV2GVW667LU8IR1.scan
    cd /
    builtin-precompileModule /Users/siam/Library/Developer/Xcode/DerivedData/Lingua_Quest-gvpckrqxtbgyprbgppjfqmimmmfw/Build/Intermediates.noindex/ExplicitPrecompiledModules/ptrauth-9RAHVYQP3DQV2GVW667LU8IR1.scan

PrecompileModule /Users/siam/Library/Developer/Xcode/DerivedData/Lingua_Quest-gvpckrqxtbgyprbgppjfqmimmmfw/Build/Intermediates.noindex/ExplicitPrecompiledModules/ptrcheck-DB380BLOMI1YBCHX1FMO4OFZK.scan
    cd /
    builtin-precompileModule /Users/siam/Library/Developer/Xcode/DerivedData/Lingua_Quest-gvpckrqxtbgyprbgppjfqmimmmfw/Build/Intermediates.noindex/ExplicitPrecompiledModules/ptrcheck-DB380BLOMI1YBCHX1FMO4OFZK.scan

ScanDependencies /Users/siam/Library/Developer/Xcode/DerivedData/Lingua_Quest-gvpckrqxtbgyprbgppjfqmimmmfw/Build/Intermediates.noindex/GoogleSignIn.build/Debug-iphonesimulator/GoogleSignIn.build/Objects-normal/arm64/GIDSignInCallbackSchemes.o /Users/siam/Library/Developer/Xcode/DerivedData/Lingua_Quest-gvpckrqxtbgyprbgppjfqmimmmfw/SourcePackages/checkouts/GoogleSignIn-iOS/GoogleSignIn/Sources/GIDSignInCallbackSchemes.m normal arm64 objective-c com.apple.compilers.llvm.clang.1_0.compiler (in target 'GoogleSignIn' from project 'GoogleSignIn')
    cd /Users/siam/Desktop/Lingua\ Quest/Lingua\ Quest.xcodeproj
    
    Using response file: /Users/siam/Library/Developer/Xcode/DerivedData/Lingua_Quest-gvpckrqxtbgyprbgppjfqmimmmfw/Build/Intermediates.noindex/GoogleSignIn.build/Debug-iphonesimulator/GoogleSignIn.build/Objects-normal/arm64/e6072d4f65d7061329687fe24e3d63a7-common-args.resp
    
    builtin-ScanDependencies -o /Users/siam/Library/Developer/Xcode/DerivedData/Lingua_Quest-gvpckrqxtbgyprbgppjfqmimmmfw/Build/Intermediates.noindex/GoogleSignIn.build/Debug-iphonesimulator/GoogleSignIn.build/Objects-normal/arm64/GIDSignInCallbackSchemes.o.scan -- /Applications/Xcode.app/Contents/Developer/Toolchains/XcodeDefault.xctoolchain/usr/bin/clang -x objective-c -ivfsstatcache /Users/siam/Library/Developer/Xcode/DerivedData/SDKStatCaches.noindex/iphonesimulator26.0-23A339-26257891a6c027eb51374368541b8346.sdkstatcache -fmessage-length\=0 -fdiagnostics-show-note-include-stack -fmacro-backtrace-limit\=0 -fno-color-diagnostics -fmodules-prune-interval\=86400 -fmodules-prune-after\=345600 -fbuild-session-file\=/Users/siam/Library/Developer/Xcode/DerivedData/ModuleCache.noindex/Session.modulevalidation -fmodules-validate-once-per-build-session -Wnon-modular-include-in-framework-module -Werror\=non-modular-include-in-framework-module -Wno-trigraphs -Wno-missing-field-initializers -Wno-missing-prototypes -Wno-return-type -Wno-implicit-atomic-properties -Wno-objc-interface-ivars -Wno-arc-repeated-use-of-weak -Wno-missing-braces -Wparentheses -Wswitch -Wno-unused-function -Wno-unused-label -Wno-unused-parameter -Wno-unused-variable -Wunused-value -Wno-empty-body -Wno-uninitialized -Wno-unknown-pragmas -w -Wno-shadow -Wno-four-char-constants -Wno-conversion -Wno-constant-conversion -Wno-int-conversion -Wno-bool-conversion -Wno-enum-conversion -Wno-float-conversion -Wno-non-literal-null-conversion -Wno-objc-literal-conversion -Wshorten-64-to-32 -Wpointer-sign -Wno-newline-eof -Wno-selector -Wno-strict-selector-match -Wno-undeclared-selector -Wno-deprecated-implementations -Wno-implicit-fallthrough -fstrict-aliasing -Wprotocol -Wdeprecated-declarations -Wno-sign-conversion -Wno-infinite-recursion -Wno-comma -Wno-block-capture-autoreleasing -Wno-strict-prototypes -Wno-semicolon-before-method-body -index-store-path /Users/siam/Library/Developer/Xcode/DerivedData/Lingua_Quest-gvpckrqxtbgyprbgppjfqmimmmfw/Index.noindex/DataStore @/Users/siam/Library/Developer/Xcode/DerivedData/Lingua_Quest-gvpckrqxtbgyprbgppjfqmimmmfw/Build/Intermediates.noindex/GoogleSignIn.build/Debug-iphonesimulator/GoogleSignIn.build/Objects-normal/arm64/e6072d4f65d7061329687fe24e3d63a7-common-args.resp -include /Users/siam/Library/Developer/Xcode/DerivedData/Lingua_Quest-gvpckrqxtbgyprbgppjfqmimmmfw/Build/Intermediates.noindex/GoogleSignIn.build/Debug-iphonesimulator/GoogleSignIn.build/DerivedSources/resource_bundle_accessor.h -MMD -MT dependencies -MF /Users/siam/Library/Developer/Xcode/DerivedData/Lingua_Quest-gvpckrqxtbgyprbgppjfqmimmmfw/Build/Intermediates.noindex/GoogleSignIn.build/Debug-iphonesimulator/GoogleSignIn.build/Objects-normal/arm64/GIDSignInCallbackSchemes.d --serialize-diagnostics /Users/siam/Library/Developer/Xcode/DerivedData/Lingua_Quest-gvpckrqxtbgyprbgppjfqmimmmfw/Build/Intermediates.noindex/GoogleSignIn.build/Debug-iphonesimulator/GoogleSignIn.build/Objects-normal/arm64/GIDSignInCallbackSchemes.dia -c /Users/siam/Library/Developer/Xcode/DerivedData/Lingua_Quest-gvpckrqxtbgyprbgppjfqmimmmfw/SourcePackages/checkouts/GoogleSignIn-iOS/GoogleSignIn/Sources/GIDSignInCallbackSchemes.m -o /Users/siam/Library/Developer/Xcode/DerivedData/Lingua_Quest-gvpckrqxtbgyprbgppjfqmimmmfw/Build/Intermediates.noindex/GoogleSignIn.build/Debug-iphonesimulator/GoogleSignIn.build/Objects-normal/arm64/GIDSignInCallbackSchemes.o -index-unit-output-path /GoogleSignIn.build/Debug-iphonesimulator/GoogleSignIn.build/Objects-normal/arm64/GIDSignInCallbackSchemes.o

ScanDependencies /Users/siam/Library/Developer/Xcode/DerivedData/Lingua_Quest-gvpckrqxtbgyprbgppjfqmimmmfw/Build/Intermediates.noindex/GoogleSignIn.build/Debug-iphonesimulator/GoogleSignIn.build/Objects-normal/arm64/GIDSignInButton.o /Users/siam/Library/Developer/Xcode/DerivedData/Lingua_Quest-gvpckrqxtbgyprbgppjfqmimmmfw/SourcePackages/checkouts/GoogleSignIn-iOS/GoogleSignIn/Sources/GIDSignInButton.m normal arm64 objective-c com.apple.compilers.llvm.clang.1_0.compiler (in target 'GoogleSignIn' from project 'GoogleSignIn')
    cd /Users/siam/Desktop/Lingua\ Quest/Lingua\ Quest.xcodeproj
    
    Using response file: /Users/siam/Library/Developer/Xcode/DerivedData/Lingua_Quest-gvpckrqxtbgyprbgppjfqmimmmfw/Build/Intermediates.noindex/GoogleSignIn.build/Debug-iphonesimulator/GoogleSignIn.build/Objects-normal/arm64/e6072d4f65d7061329687fe24e3d63a7-common-args.resp
    
    builtin-ScanDependencies -o /Users/siam/Library/Developer/Xcode/DerivedData/Lingua_Quest-gvpckrqxtbgyprbgppjfqmimmmfw/Build/Intermediates.noindex/GoogleSignIn.build/Debug-iphonesimulator/GoogleSignIn.build/Objects-normal/arm64/GIDSignInButton.o.scan -- /Applications/Xcode.app/Contents/Developer/Toolchains/XcodeDefault.xctoolchain/usr/bin/clang -x objective-c -ivfsstatcache /Users/siam/Library/Developer/Xcode/DerivedData/SDKStatCaches.noindex/iphonesimulator26.0-23A339-26257891a6c027eb51374368541b8346.sdkstatcache -fmessage-length\=0 -fdiagnostics-show-note-include-stack -fmacro-backtrace-limit\=0 -fno-color-diagnostics -fmodules-prune-interval\=86400 -fmodules-prune-after\=345600 -fbuild-session-file\=/Users/siam/Library/Developer/Xcode/DerivedData/ModuleCache.noindex/Session.modulevalidation -fmodules-validate-once-per-build-session -Wnon-modular-include-in-framework-module -Werror\=non-modular-include-in-framework-module -Wno-trigraphs -Wno-missing-field-initializers -Wno-missing-prototypes -Wno-return-type -Wno-implicit-atomic-properties -Wno-objc-interface-ivars -Wno-arc-repeated-use-of-weak -Wno-missing-braces -Wparentheses -Wswitch -Wno-unused-function -Wno-unused-label -Wno-unused-parameter -Wno-unused-variable -Wunused-value -Wno-empty-body -Wno-uninitialized -Wno-unknown-pragmas -w -Wno-shadow -Wno-four-char-constants -Wno-conversion -Wno-constant-conversion -Wno-int-conversion -Wno-bool-conversion -Wno-enum-conversion -Wno-float-conversion -Wno-non-literal-null-conversion -Wno-objc-literal-conversion -Wshorten-64-to-32 -Wpointer-sign -Wno-newline-eof -Wno-selector -Wno-strict-selector-match -Wno-undeclared-selector -Wno-deprecated-implementations -Wno-implicit-fallthrough -fstrict-aliasing -Wprotocol -Wdeprecated-declarations -Wno-sign-conversion -Wno-infinite-recursion -Wno-comma -Wno-block-capture-autoreleasing -Wno-strict-prototypes -Wno-semicolon-before-method-body -index-store-path /Users/siam/Library/Developer/Xcode/DerivedData/Lingua_Quest-gvpckrqxtbgyprbgppjfqmimmmfw/Index.noindex/DataStore @/Users/siam/Library/Developer/Xcode/DerivedData/Lingua_Quest-gvpckrqxtbgyprbgppjfqmimmmfw/Build/Intermediates.noindex/GoogleSignIn.build/Debug-iphonesimulator/GoogleSignIn.build/Objects-normal/arm64/e6072d4f65d7061329687fe24e3d63a7-common-args.resp -include /Users/siam/Library/Developer/Xcode/DerivedData/Lingua_Quest-gvpckrqxtbgyprbgppjfqmimmmfw/Build/Intermediates.noindex/GoogleSignIn.build/Debug-iphonesimulator/GoogleSignIn.build/DerivedSources/resource_bundle_accessor.h -MMD -MT dependencies -MF /Users/siam/Library/Developer/Xcode/DerivedData/Lingua_Quest-gvpckrqxtbgyprbgppjfqmimmmfw/Build/Intermediates.noindex/GoogleSignIn.build/Debug-iphonesimulator/GoogleSignIn.build/Objects-normal/arm64/GIDSignInButton.d --serialize-diagnostics /Users/siam/Library/Developer/Xcode/DerivedData/Lingua_Quest-gvpckrqxtbgyprbgppjfqmimmmfw/Build/Intermediates.noindex/GoogleSignIn.build/Debug-iphonesimulator/GoogleSignIn.build/Objects-normal/arm64/GIDSignInButton.dia -c /Users/siam/Library/Developer/Xcode/DerivedData/Lingua_Quest-gvpckrqxtbgyprbgppjfqmimmmfw/SourcePackages/checkouts/GoogleSignIn-iOS/GoogleSignIn/Sources/GIDSignInButton.m -o /Users/siam/Library/Developer/Xcode/DerivedData/Lingua_Quest-gvpckrqxtbgyprbgppjfqmimmmfw/Build/Intermediates.noindex/GoogleSignIn.build/Debug-iphonesimulator/GoogleSignIn.build/Objects-normal/arm64/GIDSignInButton.o -index-unit-output-path /GoogleSignIn.build/Debug-iphonesimulator/GoogleSignIn.build/Objects-normal/arm64/GIDSignInButton.o

ScanDependencies /Users/siam/Library/Developer/Xcode/DerivedData/Lingua_Quest-gvpckrqxtbgyprbgppjfqmimmmfw/Build/Intermediates.noindex/GoogleSignIn.build/Debug-iphonesimulator/GoogleSignIn.build/Objects-normal/arm64/GIDSignIn.o /Users/siam/Library/Developer/Xcode/DerivedData/Lingua_Quest-gvpckrqxtbgyprbgppjfqmimmmfw/SourcePackages/checkouts/GoogleSignIn-iOS/GoogleSignIn/Sources/GIDSignIn.m normal arm64 objective-c com.apple.compilers.llvm.clang.1_0.compiler (in target 'GoogleSignIn' from project 'GoogleSignIn')
    cd /Users/siam/Desktop/Lingua\ Quest/Lingua\ Quest.xcodeproj
    
    Using response file: /Users/siam/Library/Developer/Xcode/DerivedData/Lingua_Quest-gvpckrqxtbgyprbgppjfqmimmmfw/Build/Intermediates.noindex/GoogleSignIn.build/Debug-iphonesimulator/GoogleSignIn.build/Objects-normal/arm64/e6072d4f65d7061329687fe24e3d63a7-common-args.resp
    
    builtin-ScanDependencies -o /Users/siam/Library/Developer/Xcode/DerivedData/Lingua_Quest-gvpckrqxtbgyprbgppjfqmimmmfw/Build/Intermediates.noindex/GoogleSignIn.build/Debug-iphonesimulator/GoogleSignIn.build/Objects-normal/arm64/GIDSignIn.o.scan -- /Applications/Xcode.app/Contents/Developer/Toolchains/XcodeDefault.xctoolchain/usr/bin/clang -x objective-c -ivfsstatcache /Users/siam/Library/Developer/Xcode/DerivedData/SDKStatCaches.noindex/iphonesimulator26.0-23A339-26257891a6c027eb51374368541b8346.sdkstatcache -fmessage-length\=0 -fdiagnostics-show-note-include-stack -fmacro-backtrace-limit\=0 -fno-color-diagnostics -fmodules-prune-interval\=86400 -fmodules-prune-after\=345600 -fbuild-session-file\=/Users/siam/Library/Developer/Xcode/DerivedData/ModuleCache.noindex/Session.modulevalidation -fmodules-validate-once-per-build-session -Wnon-modular-include-in-framework-module -Werror\=non-modular-include-in-framework-module -Wno-trigraphs -Wno-missing-field-initializers -Wno-missing-prototypes -Wno-return-type -Wno-implicit-atomic-properties -Wno-objc-interface-ivars -Wno-arc-repeated-use-of-weak -Wno-missing-braces -Wparentheses -Wswitch -Wno-unused-function -Wno-unused-label -Wno-unused-parameter -Wno-unused-variable -Wunused-value -Wno-empty-body -Wno-uninitialized -Wno-unknown-pragmas -w -Wno-shadow -Wno-four-char-constants -Wno-conversion -Wno-constant-conversion -Wno-int-conversion -Wno-bool-conversion -Wno-enum-conversion -Wno-float-conversion -Wno-non-literal-null-conversion -Wno-objc-literal-conversion -Wshorten-64-to-32 -Wpointer-sign -Wno-newline-eof -Wno-selector -Wno-strict-selector-match -Wno-undeclared-selector -Wno-deprecated-implementations -Wno-implicit-fallthrough -fstrict-aliasing -Wprotocol -Wdeprecated-declarations -Wno-sign-conversion -Wno-infinite-recursion -Wno-comma -Wno-block-capture-autoreleasing -Wno-strict-prototypes -Wno-semicolon-before-method-body -index-store-path /Users/siam/Library/Developer/Xcode/DerivedData/Lingua_Quest-gvpckrqxtbgyprbgppjfqmimmmfw/Index.noindex/DataStore @/Users/siam/Library/Developer/Xcode/DerivedData/Lingua_Quest-gvpckrqxtbgyprbgppjfqmimmmfw/Build/Intermediates.noindex/GoogleSignIn.build/Debug-iphonesimulator/GoogleSignIn.build/Objects-normal/arm64/e6072d4f65d7061329687fe24e3d63a7-common-args.resp -include /Users/siam/Library/Developer/Xcode/DerivedData/Lingua_Quest-gvpckrqxtbgyprbgppjfqmimmmfw/Build/Intermediates.noindex/GoogleSignIn.build/Debug-iphonesimulator/GoogleSignIn.build/DerivedSources/resource_bundle_accessor.h -MMD -MT dependencies -MF /Users/siam/Library/Developer/Xcode/DerivedData/Lingua_Quest-gvpckrqxtbgyprbgppjfqmimmmfw/Build/Intermediates.noindex/GoogleSignIn.build/Debug-iphonesimulator/GoogleSignIn.build/Objects-normal/arm64/GIDSignIn.d --serialize-diagnostics /Users/siam/Library/Developer/Xcode/DerivedData/Lingua_Quest-gvpckrqxtbgyprbgppjfqmimmmfw/Build/Intermediates.noindex/GoogleSignIn.build/Debug-iphonesimulator/GoogleSignIn.build/Objects-normal/arm64/GIDSignIn.dia -c /Users/siam/Library/Developer/Xcode/DerivedData/Lingua_Quest-gvpckrqxtbgyprbgppjfqmimmmfw/SourcePackages/checkouts/GoogleSignIn-iOS/GoogleSignIn/Sources/GIDSignIn.m -o /Users/siam/Library/Developer/Xcode/DerivedData/Lingua_Quest-gvpckrqxtbgyprbgppjfqmimmmfw/Build/Intermediates.noindex/GoogleSignIn.build/Debug-iphonesimulator/GoogleSignIn.build/Objects-normal/arm64/GIDSignIn.o -index-unit-output-path /GoogleSignIn.build/Debug-iphonesimulator/GoogleSignIn.build/Objects-normal/arm64/GIDSignIn.o

ScanDependencies /Users/siam/Library/Developer/Xcode/DerivedData/Lingua_Quest-gvpckrqxtbgyprbgppjfqmimmmfw/Build/Intermediates.noindex/GoogleSignIn.build/Debug-iphonesimulator/GoogleSignIn.build/Objects-normal/arm64/GIDScopes.o /Users/siam/Library/Developer/Xcode/DerivedData/Lingua_Quest-gvpckrqxtbgyprbgppjfqmimmmfw/SourcePackages/checkouts/GoogleSignIn-iOS/GoogleSignIn/Sources/GIDScopes.m normal arm64 objective-c com.apple.compilers.llvm.clang.1_0.compiler (in target 'GoogleSignIn' from project 'GoogleSignIn')
    cd /Users/siam/Desktop/Lingua\ Quest/Lingua\ Quest.xcodeproj
    
    Using response file: /Users/siam/Library/Developer/Xcode/DerivedData/Lingua_Quest-gvpckrqxtbgyprbgppjfqmimmmfw/Build/Intermediates.noindex/GoogleSignIn.build/Debug-iphonesimulator/GoogleSignIn.build/Objects-normal/arm64/e6072d4f65d7061329687fe24e3d63a7-common-args.resp
    
    builtin-ScanDependencies -o /Users/siam/Library/Developer/Xcode/DerivedData/Lingua_Quest-gvpckrqxtbgyprbgppjfqmimmmfw/Build/Intermediates.noindex/GoogleSignIn.build/Debug-iphonesimulator/GoogleSignIn.build/Objects-normal/arm64/GIDScopes.o.scan -- /Applications/Xcode.app/Contents/Developer/Toolchains/XcodeDefault.xctoolchain/usr/bin/clang -x objective-c -ivfsstatcache /Users/siam/Library/Developer/Xcode/DerivedData/SDKStatCaches.noindex/iphonesimulator26.0-23A339-26257891a6c027eb51374368541b8346.sdkstatcache -fmessage-length\=0 -fdiagnostics-show-note-include-stack -fmacro-backtrace-limit\=0 -fno-color-diagnostics -fmodules-prune-interval\=86400 -fmodules-prune-after\=345600 -fbuild-session-file\=/Users/siam/Library/Developer/Xcode/DerivedData/ModuleCache.noindex/Session.modulevalidation -fmodules-validate-once-per-build-session -Wnon-modular-include-in-framework-module -Werror\=non-modular-include-in-framework-module -Wno-trigraphs -Wno-missing-field-initializers -Wno-missing-prototypes -Wno-return-type -Wno-implicit-atomic-properties -Wno-objc-interface-ivars -Wno-arc-repeated-use-of-weak -Wno-missing-braces -Wparentheses -Wswitch -Wno-unused-function -Wno-unused-label -Wno-unused-parameter -Wno-unused-variable -Wunused-value -Wno-empty-body -Wno-uninitialized -Wno-unknown-pragmas -w -Wno-shadow -Wno-four-char-constants -Wno-conversion -Wno-constant-conversion -Wno-int-conversion -Wno-bool-conversion -Wno-enum-conversion -Wno-float-conversion -Wno-non-literal-null-conversion -Wno-objc-literal-conversion -Wshorten-64-to-32 -Wpointer-sign -Wno-newline-eof -Wno-selector -Wno-strict-selector-match -Wno-undeclared-selector -Wno-deprecated-implementations -Wno-implicit-fallthrough -fstrict-aliasing -Wprotocol -Wdeprecated-declarations -Wno-sign-conversion -Wno-infinite-recursion -Wno-comma -Wno-block-capture-autoreleasing -Wno-strict-prototypes -Wno-semicolon-before-method-body -index-store-path /Users/siam/Library/Developer/Xcode/DerivedData/Lingua_Quest-gvpckrqxtbgyprbgppjfqmimmmfw/Index.noindex/DataStore @/Users/siam/Library/Developer/Xcode/DerivedData/Lingua_Quest-gvpckrqxtbgyprbgppjfqmimmmfw/Build/Intermediates.noindex/GoogleSignIn.build/Debug-iphonesimulator/GoogleSignIn.build/Objects-normal/arm64/e6072d4f65d7061329687fe24e3d63a7-common-args.resp -include /Users/siam/Library/Developer/Xcode/DerivedData/Lingua_Quest-gvpckrqxtbgyprbgppjfqmimmmfw/Build/Intermediates.noindex/GoogleSignIn.build/Debug-iphonesimulator/GoogleSignIn.build/DerivedSources/resource_bundle_accessor.h -MMD -MT dependencies -MF /Users/siam/Library/Developer/Xcode/DerivedData/Lingua_Quest-gvpckrqxtbgyprbgppjfqmimmmfw/Build/Intermediates.noindex/GoogleSignIn.build/Debug-iphonesimulator/GoogleSignIn.build/Objects-normal/arm64/GIDScopes.d --serialize-diagnostics /Users/siam/Library/Developer/Xcode/DerivedData/Lingua_Quest-gvpckrqxtbgyprbgppjfqmimmmfw/Build/Intermediates.noindex/GoogleSignIn.build/Debug-iphonesimulator/GoogleSignIn.build/Objects-normal/arm64/GIDScopes.dia -c /Users/siam/Library/Developer/Xcode/DerivedData/Lingua_Quest-gvpckrqxtbgyprbgppjfqmimmmfw/SourcePackages/checkouts/GoogleSignIn-iOS/GoogleSignIn/Sources/GIDScopes.m -o /Users/siam/Library/Developer/Xcode/DerivedData/Lingua_Quest-gvpckrqxtbgyprbgppjfqmimmmfw/Build/Intermediates.noindex/GoogleSignIn.build/Debug-iphonesimulator/GoogleSignIn.build/Objects-normal/arm64/GIDScopes.o -index-unit-output-path /GoogleSignIn.build/Debug-iphonesimulator/GoogleSignIn.build/Objects-normal/arm64/GIDScopes.o

ScanDependencies /Users/siam/Library/Developer/Xcode/DerivedData/Lingua_Quest-gvpckrqxtbgyprbgppjfqmimmmfw/Build/Intermediates.noindex/GoogleSignIn.build/Debug-iphonesimulator/GoogleSignIn.build/Objects-normal/arm64/GIDProfileData.o /Users/siam/Library/Developer/Xcode/DerivedData/Lingua_Quest-gvpckrqxtbgyprbgppjfqmimmmfw/SourcePackages/checkouts/GoogleSignIn-iOS/GoogleSignIn/Sources/GIDProfileData.m normal arm64 objective-c com.apple.compilers.llvm.clang.1_0.compiler (in target 'GoogleSignIn' from project 'GoogleSignIn')
    cd /Users/siam/Desktop/Lingua\ Quest/Lingua\ Quest.xcodeproj
    
    Using response file: /Users/siam/Library/Developer/Xcode/DerivedData/Lingua_Quest-gvpckrqxtbgyprbgppjfqmimmmfw/Build/Intermediates.noindex/GoogleSignIn.build/Debug-iphonesimulator/GoogleSignIn.build/Objects-normal/arm64/e6072d4f65d7061329687fe24e3d63a7-common-args.resp
    
    builtin-ScanDependencies -o /Users/siam/Library/Developer/Xcode/DerivedData/Lingua_Quest-gvpckrqxtbgyprbgppjfqmimmmfw/Build/Intermediates.noindex/GoogleSignIn.build/Debug-iphonesimulator/GoogleSignIn.build/Objects-normal/arm64/GIDProfileData.o.scan -- /Applications/Xcode.app/Contents/Developer/Toolchains/XcodeDefault.xctoolchain/usr/bin/clang -x objective-c -ivfsstatcache /Users/siam/Library/Developer/Xcode/DerivedData/SDKStatCaches.noindex/iphonesimulator26.0-23A339-26257891a6c027eb51374368541b8346.sdkstatcache -fmessage-length\=0 -fdiagnostics-show-note-include-stack -fmacro-backtrace-limit\=0 -fno-color-diagnostics -fmodules-prune-interval\=86400 -fmodules-prune-after\=345600 -fbuild-session-file\=/Users/siam/Library/Developer/Xcode/DerivedData/ModuleCache.noindex/Session.modulevalidation -fmodules-validate-once-per-build-session -Wnon-modular-include-in-framework-module -Werror\=non-modular-include-in-framework-module -Wno-trigraphs -Wno-missing-field-initializers -Wno-missing-prototypes -Wno-return-type -Wno-implicit-atomic-properties -Wno-objc-interface-ivars -Wno-arc-repeated-use-of-weak -Wno-missing-braces -Wparentheses -Wswitch -Wno-unused-function -Wno-unused-label -Wno-unused-parameter -Wno-unused-variable -Wunused-value -Wno-empty-body -Wno-uninitialized -Wno-unknown-pragmas -w -Wno-shadow -Wno-four-char-constants -Wno-conversion -Wno-constant-conversion -Wno-int-conversion -Wno-bool-conversion -Wno-enum-conversion -Wno-float-conversion -Wno-non-literal-null-conversion -Wno-objc-literal-conversion -Wshorten-64-to-32 -Wpointer-sign -Wno-newline-eof -Wno-selector -Wno-strict-selector-match -Wno-undeclared-selector -Wno-deprecated-implementations -Wno-implicit-fallthrough -fstrict-aliasing -Wprotocol -Wdeprecated-declarations -Wno-sign-conversion -Wno-infinite-recursion -Wno-comma -Wno-block-capture-autoreleasing -Wno-strict-prototypes -Wno-semicolon-before-method-body -index-store-path /Users/siam/Library/Developer/Xcode/DerivedData/Lingua_Quest-gvpckrqxtbgyprbgppjfqmimmmfw/Index.noindex/DataStore @/Users/siam/Library/Developer/Xcode/DerivedData/Lingua_Quest-gvpckrqxtbgyprbgppjfqmimmmfw/Build/Intermediates.noindex/GoogleSignIn.build/Debug-iphonesimulator/GoogleSignIn.build/Objects-normal/arm64/e6072d4f65d7061329687fe24e3d63a7-common-args.resp -include /Users/siam/Library/Developer/Xcode/DerivedData/Lingua_Quest-gvpckrqxtbgyprbgppjfqmimmmfw/Build/Intermediates.noindex/GoogleSignIn.build/Debug-iphonesimulator/GoogleSignIn.build/DerivedSources/resource_bundle_accessor.h -MMD -MT dependencies -MF /Users/siam/Library/Developer/Xcode/DerivedData/Lingua_Quest-gvpckrqxtbgyprbgppjfqmimmmfw/Build/Intermediates.noindex/GoogleSignIn.build/Debug-iphonesimulator/GoogleSignIn.build/Objects-normal/arm64/GIDProfileData.d --serialize-diagnostics /Users/siam/Library/Developer/Xcode/DerivedData/Lingua_Quest-gvpckrqxtbgyprbgppjfqmimmmfw/Build/Intermediates.noindex/GoogleSignIn.build/Debug-iphonesimulator/GoogleSignIn.build/Objects-normal/arm64/GIDProfileData.dia -c /Users/siam/Library/Developer/Xcode/DerivedData/Lingua_Quest-gvpckrqxtbgyprbgppjfqmimmmfw/SourcePackages/checkouts/GoogleSignIn-iOS/GoogleSignIn/Sources/GIDProfileData.m -o /Users/siam/Library/Developer/Xcode/DerivedData/Lingua_Quest-gvpckrqxtbgyprbgppjfqmimmmfw/Build/Intermediates.noindex/GoogleSignIn.build/Debug-iphonesimulator/GoogleSignIn.build/Objects-normal/arm64/GIDProfileData.o -index-unit-output-path /GoogleSignIn.build/Debug-iphonesimulator/GoogleSignIn.build/Objects-normal/arm64/GIDProfileData.o

ScanDependencies /Users/siam/Library/Developer/Xcode/DerivedData/Lingua_Quest-gvpckrqxtbgyprbgppjfqmimmmfw/Build/Intermediates.noindex/GoogleSignIn.build/Debug-iphonesimulator/GoogleSignIn.build/Objects-normal/arm64/GIDMDMPasscodeState.o /Users/siam/Library/Developer/Xcode/DerivedData/Lingua_Quest-gvpckrqxtbgyprbgppjfqmimmmfw/SourcePackages/checkouts/GoogleSignIn-iOS/GoogleSignIn/Sources/GIDMDMPasscodeState.m normal arm64 objective-c com.apple.compilers.llvm.clang.1_0.compiler (in target 'GoogleSignIn' from project 'GoogleSignIn')
    cd /Users/siam/Desktop/Lingua\ Quest/Lingua\ Quest.xcodeproj
    
    Using response file: /Users/siam/Library/Developer/Xcode/DerivedData/Lingua_Quest-gvpckrqxtbgyprbgppjfqmimmmfw/Build/Intermediates.noindex/GoogleSignIn.build/Debug-iphonesimulator/GoogleSignIn.build/Objects-normal/arm64/e6072d4f65d7061329687fe24e3d63a7-common-args.resp
    
    builtin-ScanDependencies -o /Users/siam/Library/Developer/Xcode/DerivedData/Lingua_Quest-gvpckrqxtbgyprbgppjfqmimmmfw/Build/Intermediates.noindex/GoogleSignIn.build/Debug-iphonesimulator/GoogleSignIn.build/Objects-normal/arm64/GIDMDMPasscodeState.o.scan -- /Applications/Xcode.app/Contents/Developer/Toolchains/XcodeDefault.xctoolchain/usr/bin/clang -x objective-c -ivfsstatcache /Users/siam/Library/Developer/Xcode/DerivedData/SDKStatCaches.noindex/iphonesimulator26.0-23A339-26257891a6c027eb51374368541b8346.sdkstatcache -fmessage-length\=0 -fdiagnostics-show-note-include-stack -fmacro-backtrace-limit\=0 -fno-color-diagnostics -fmodules-prune-interval\=86400 -fmodules-prune-after\=345600 -fbuild-session-file\=/Users/siam/Library/Developer/Xcode/DerivedData/ModuleCache.noindex/Session.modulevalidation -fmodules-validate-once-per-build-session -Wnon-modular-include-in-framework-module -Werror\=non-modular-include-in-framework-module -Wno-trigraphs -Wno-missing-field-initializers -Wno-missing-prototypes -Wno-return-type -Wno-implicit-atomic-properties -Wno-objc-interface-ivars -Wno-arc-repeated-use-of-weak -Wno-missing-braces -Wparentheses -Wswitch -Wno-unused-function -Wno-unused-label -Wno-unused-parameter -Wno-unused-variable -Wunused-value -Wno-empty-body -Wno-uninitialized -Wno-unknown-pragmas -w -Wno-shadow -Wno-four-char-constants -Wno-conversion -Wno-constant-conversion -Wno-int-conversion -Wno-bool-conversion -Wno-enum-conversion -Wno-float-conversion -Wno-non-literal-null-conversion -Wno-objc-literal-conversion -Wshorten-64-to-32 -Wpointer-sign -Wno-newline-eof -Wno-selector -Wno-strict-selector-match -Wno-undeclared-selector -Wno-deprecated-implementations -Wno-implicit-fallthrough -fstrict-aliasing -Wprotocol -Wdeprecated-declarations -Wno-sign-conversion -Wno-infinite-recursion -Wno-comma -Wno-block-capture-autoreleasing -Wno-strict-prototypes -Wno-semicolon-before-method-body -index-store-path /Users/siam/Library/Developer/Xcode/DerivedData/Lingua_Quest-gvpckrqxtbgyprbgppjfqmimmmfw/Index.noindex/DataStore @/Users/siam/Library/Developer/Xcode/DerivedData/Lingua_Quest-gvpckrqxtbgyprbgppjfqmimmmfw/Build/Intermediates.noindex/GoogleSignIn.build/Debug-iphonesimulator/GoogleSignIn.build/Objects-normal/arm64/e6072d4f65d7061329687fe24e3d63a7-common-args.resp -include /Users/siam/Library/Developer/Xcode/DerivedData/Lingua_Quest-gvpckrqxtbgyprbgppjfqmimmmfw/Build/Intermediates.noindex/GoogleSignIn.build/Debug-iphonesimulator/GoogleSignIn.build/DerivedSources/resource_bundle_accessor.h -MMD -MT dependencies -MF /Users/siam/Library/Developer/Xcode/DerivedData/Lingua_Quest-gvpckrqxtbgyprbgppjfqmimmmfw/Build/Intermediates.noindex/GoogleSignIn.build/Debug-iphonesimulator/GoogleSignIn.build/Objects-normal/arm64/GIDMDMPasscodeState.d --serialize-diagnostics /Users/siam/Library/Developer/Xcode/DerivedData/Lingua_Quest-gvpckrqxtbgyprbgppjfqmimmmfw/Build/Intermediates.noindex/GoogleSignIn.build/Debug-iphonesimulator/GoogleSignIn.build/Objects-normal/arm64/GIDMDMPasscodeState.dia -c /Users/siam/Library/Developer/Xcode/DerivedData/Lingua_Quest-gvpckrqxtbgyprbgppjfqmimmmfw/SourcePackages/checkouts/GoogleSignIn-iOS/GoogleSignIn/Sources/GIDMDMPasscodeState.m -o /Users/siam/Library/Developer/Xcode/DerivedData/Lingua_Quest-gvpckrqxtbgyprbgppjfqmimmmfw/Build/Intermediates.noindex/GoogleSignIn.build/Debug-iphonesimulator/GoogleSignIn.build/Objects-normal/arm64/GIDMDMPasscodeState.o -index-unit-output-path /GoogleSignIn.build/Debug-iphonesimulator/GoogleSignIn.build/Objects-normal/arm64/GIDMDMPasscodeState.o

ScanDependencies /Users/siam/Library/Developer/Xcode/DerivedData/Lingua_Quest-gvpckrqxtbgyprbgppjfqmimmmfw/Build/Intermediates.noindex/GoogleSignIn.build/Debug-iphonesimulator/GoogleSignIn.build/Objects-normal/arm64/GIDMDMPasscodeCache.o /Users/siam/Library/Developer/Xcode/DerivedData/Lingua_Quest-gvpckrqxtbgyprbgppjfqmimmmfw/SourcePackages/checkouts/GoogleSignIn-iOS/GoogleSignIn/Sources/GIDMDMPasscodeCache.m normal arm64 objective-c com.apple.compilers.llvm.clang.1_0.compiler (in target 'GoogleSignIn' from project 'GoogleSignIn')
    cd /Users/siam/Desktop/Lingua\ Quest/Lingua\ Quest.xcodeproj
    
    Using response file: /Users/siam/Library/Developer/Xcode/DerivedData/Lingua_Quest-gvpckrqxtbgyprbgppjfqmimmmfw/Build/Intermediates.noindex/GoogleSignIn.build/Debug-iphonesimulator/GoogleSignIn.build/Objects-normal/arm64/e6072d4f65d7061329687fe24e3d63a7-common-args.resp
    
    builtin-ScanDependencies -o /Users/siam/Library/Developer/Xcode/DerivedData/Lingua_Quest-gvpckrqxtbgyprbgppjfqmimmmfw/Build/Intermediates.noindex/GoogleSignIn.build/Debug-iphonesimulator/GoogleSignIn.build/Objects-normal/arm64/GIDMDMPasscodeCache.o.scan -- /Applications/Xcode.app/Contents/Developer/Toolchains/XcodeDefault.xctoolchain/usr/bin/clang -x objective-c -ivfsstatcache /Users/siam/Library/Developer/Xcode/DerivedData/SDKStatCaches.noindex/iphonesimulator26.0-23A339-26257891a6c027eb51374368541b8346.sdkstatcache -fmessage-length\=0 -fdiagnostics-show-note-include-stack -fmacro-backtrace-limit\=0 -fno-color-diagnostics -fmodules-prune-interval\=86400 -fmodules-prune-after\=345600 -fbuild-session-file\=/Users/siam/Library/Developer/Xcode/DerivedData/ModuleCache.noindex/Session.modulevalidation -fmodules-validate-once-per-build-session -Wnon-modular-include-in-framework-module -Werror\=non-modular-include-in-framework-module -Wno-trigraphs -Wno-missing-field-initializers -Wno-missing-prototypes -Wno-return-type -Wno-implicit-atomic-properties -Wno-objc-interface-ivars -Wno-arc-repeated-use-of-weak -Wno-missing-braces -Wparentheses -Wswitch -Wno-unused-function -Wno-unused-label -Wno-unused-parameter -Wno-unused-variable -Wunused-value -Wno-empty-body -Wno-uninitialized -Wno-unknown-pragmas -w -Wno-shadow -Wno-four-char-constants -Wno-conversion -Wno-constant-conversion -Wno-int-conversion -Wno-bool-conversion -Wno-enum-conversion -Wno-float-conversion -Wno-non-literal-null-conversion -Wno-objc-literal-conversion -Wshorten-64-to-32 -Wpointer-sign -Wno-newline-eof -Wno-selector -Wno-strict-selector-match -Wno-undeclared-selector -Wno-deprecated-implementations -Wno-implicit-fallthrough -fstrict-aliasing -Wprotocol -Wdeprecated-declarations -Wno-sign-conversion -Wno-infinite-recursion -Wno-comma -Wno-block-capture-autoreleasing -Wno-strict-prototypes -Wno-semicolon-before-method-body -index-store-path /Users/siam/Library/Developer/Xcode/DerivedData/Lingua_Quest-gvpckrqxtbgyprbgppjfqmimmmfw/Index.noindex/DataStore @/Users/siam/Library/Developer/Xcode/DerivedData/Lingua_Quest-gvpckrqxtbgyprbgppjfqmimmmfw/Build/Intermediates.noindex/GoogleSignIn.build/Debug-iphonesimulator/GoogleSignIn.build/Objects-normal/arm64/e6072d4f65d7061329687fe24e3d63a7-common-args.resp -include /Users/siam/Library/Developer/Xcode/DerivedData/Lingua_Quest-gvpckrqxtbgyprbgppjfqmimmmfw/Build/Intermediates.noindex/GoogleSignIn.build/Debug-iphonesimulator/GoogleSignIn.build/DerivedSources/resource_bundle_accessor.h -MMD -MT dependencies -MF /Users/siam/Library/Developer/Xcode/DerivedData/Lingua_Quest-gvpckrqxtbgyprbgppjfqmimmmfw/Build/Intermediates.noindex/GoogleSignIn.build/Debug-iphonesimulator/GoogleSignIn.build/Objects-normal/arm64/GIDMDMPasscodeCache.d --serialize-diagnostics /Users/siam/Library/Developer/Xcode/DerivedData/Lingua_Quest-gvpckrqxtbgyprbgppjfqmimmmfw/Build/Intermediates.noindex/GoogleSignIn.build/Debug-iphonesimulator/GoogleSignIn.build/Objects-normal/arm64/GIDMDMPasscodeCache.dia -c /Users/siam/Library/Developer/Xcode/DerivedData/Lingua_Quest-gvpckrqxtbgyprbgppjfqmimmmfw/SourcePackages/checkouts/GoogleSignIn-iOS/GoogleSignIn/Sources/GIDMDMPasscodeCache.m -o /Users/siam/Library/Developer/Xcode/DerivedData/Lingua_Quest-gvpckrqxtbgyprbgppjfqmimmmfw/Build/Intermediates.noindex/GoogleSignIn.build/Debug-iphonesimulator/GoogleSignIn.build/Objects-normal/arm64/GIDMDMPasscodeCache.o -index-unit-output-path /GoogleSignIn.build/Debug-iphonesimulator/GoogleSignIn.build/Objects-normal/arm64/GIDMDMPasscodeCache.o

ScanDependencies /Users/siam/Library/Developer/Xcode/DerivedData/Lingua_Quest-gvpckrqxtbgyprbgppjfqmimmmfw/Build/Intermediates.noindex/GoogleSignIn.build/Debug-iphonesimulator/GoogleSignIn.build/Objects-normal/arm64/GIDJSONSerializerImpl.o /Users/siam/Library/Developer/Xcode/DerivedData/Lingua_Quest-gvpckrqxtbgyprbgppjfqmimmmfw/SourcePackages/checkouts/GoogleSignIn-iOS/GoogleSignIn/Sources/GIDJSONSerializer/Implementation/GIDJSONSerializerImpl.m normal arm64 objective-c com.apple.compilers.llvm.clang.1_0.compiler (in target 'GoogleSignIn' from project 'GoogleSignIn')
    cd /Users/siam/Desktop/Lingua\ Quest/Lingua\ Quest.xcodeproj
    
    Using response file: /Users/siam/Library/Developer/Xcode/DerivedData/Lingua_Quest-gvpckrqxtbgyprbgppjfqmimmmfw/Build/Intermediates.noindex/GoogleSignIn.build/Debug-iphonesimulator/GoogleSignIn.build/Objects-normal/arm64/e6072d4f65d7061329687fe24e3d63a7-common-args.resp
    
    builtin-ScanDependencies -o /Users/siam/Library/Developer/Xcode/DerivedData/Lingua_Quest-gvpckrqxtbgyprbgppjfqmimmmfw/Build/Intermediates.noindex/GoogleSignIn.build/Debug-iphonesimulator/GoogleSignIn.build/Objects-normal/arm64/GIDJSONSerializerImpl.o.scan -- /Applications/Xcode.app/Contents/Developer/Toolchains/XcodeDefault.xctoolchain/usr/bin/clang -x objective-c -ivfsstatcache /Users/siam/Library/Developer/Xcode/DerivedData/SDKStatCaches.noindex/iphonesimulator26.0-23A339-26257891a6c027eb51374368541b8346.sdkstatcache -fmessage-length\=0 -fdiagnostics-show-note-include-stack -fmacro-backtrace-limit\=0 -fno-color-diagnostics -fmodules-prune-interval\=86400 -fmodules-prune-after\=345600 -fbuild-session-file\=/Users/siam/Library/Developer/Xcode/DerivedData/ModuleCache.noindex/Session.modulevalidation -fmodules-validate-once-per-build-session -Wnon-modular-include-in-framework-module -Werror\=non-modular-include-in-framework-module -Wno-trigraphs -Wno-missing-field-initializers -Wno-missing-prototypes -Wno-return-type -Wno-implicit-atomic-properties -Wno-objc-interface-ivars -Wno-arc-repeated-use-of-weak -Wno-missing-braces -Wparentheses -Wswitch -Wno-unused-function -Wno-unused-label -Wno-unused-parameter -Wno-unused-variable -Wunused-value -Wno-empty-body -Wno-uninitialized -Wno-unknown-pragmas -w -Wno-shadow -Wno-four-char-constants -Wno-conversion -Wno-constant-conversion -Wno-int-conversion -Wno-bool-conversion -Wno-enum-conversion -Wno-float-conversion -Wno-non-literal-null-conversion -Wno-objc-literal-conversion -Wshorten-64-to-32 -Wpointer-sign -Wno-newline-eof -Wno-selector -Wno-strict-selector-match -Wno-undeclared-selector -Wno-deprecated-implementations -Wno-implicit-fallthrough -fstrict-aliasing -Wprotocol -Wdeprecated-declarations -Wno-sign-conversion -Wno-infinite-recursion -Wno-comma -Wno-block-capture-autoreleasing -Wno-strict-prototypes -Wno-semicolon-before-method-body -index-store-path /Users/siam/Library/Developer/Xcode/DerivedData/Lingua_Quest-gvpckrqxtbgyprbgppjfqmimmmfw/Index.noindex/DataStore @/Users/siam/Library/Developer/Xcode/DerivedData/Lingua_Quest-gvpckrqxtbgyprbgppjfqmimmmfw/Build/Intermediates.noindex/GoogleSignIn.build/Debug-iphonesimulator/GoogleSignIn.build/Objects-normal/arm64/e6072d4f65d7061329687fe24e3d63a7-common-args.resp -include /Users/siam/Library/Developer/Xcode/DerivedData/Lingua_Quest-gvpckrqxtbgyprbgppjfqmimmmfw/Build/Intermediates.noindex/GoogleSignIn.build/Debug-iphonesimulator/GoogleSignIn.build/DerivedSources/resource_bundle_accessor.h -MMD -MT dependencies -MF /Users/siam/Library/Developer/Xcode/DerivedData/Lingua_Quest-gvpckrqxtbgyprbgppjfqmimmmfw/Build/Intermediates.noindex/GoogleSignIn.build/Debug-iphonesimulator/GoogleSignIn.build/Objects-normal/arm64/GIDJSONSerializerImpl.d --serialize-diagnostics /Users/siam/Library/Developer/Xcode/DerivedData/Lingua_Quest-gvpckrqxtbgyprbgppjfqmimmmfw/Build/Intermediates.noindex/GoogleSignIn.build/Debug-iphonesimulator/GoogleSignIn.build/Objects-normal/arm64/GIDJSONSerializerImpl.dia -c /Users/siam/Library/Developer/Xcode/DerivedData/Lingua_Quest-gvpckrqxtbgyprbgppjfqmimmmfw/SourcePackages/checkouts/GoogleSignIn-iOS/GoogleSignIn/Sources/GIDJSONSerializer/Implementation/GIDJSONSerializerImpl.m -o /Users/siam/Library/Developer/Xcode/DerivedData/Lingua_Quest-gvpckrqxtbgyprbgppjfqmimmmfw/Build/Intermediates.noindex/GoogleSignIn.build/Debug-iphonesimulator/GoogleSignIn.build/Objects-normal/arm64/GIDJSONSerializerImpl.o -index-unit-output-path /GoogleSignIn.build/Debug-iphonesimulator/GoogleSignIn.build/Objects-normal/arm64/GIDJSONSerializerImpl.o

PrecompileModule /Users/siam/Library/Developer/Xcode/DerivedData/Lingua_Quest-gvpckrqxtbgyprbgppjfqmimmmfw/Build/Intermediates.noindex/ExplicitPrecompiledModules/_DarwinFoundation1-5FWY3G2OHG14IC0EWU4EEDPFB.scan
    cd /
    builtin-precompileModule /Users/siam/Library/Developer/Xcode/DerivedData/Lingua_Quest-gvpckrqxtbgyprbgppjfqmimmmfw/Build/Intermediates.noindex/ExplicitPrecompiledModules/_DarwinFoundation1-5FWY3G2OHG14IC0EWU4EEDPFB.scan

ScanDependencies /Users/siam/Library/Developer/Xcode/DerivedData/Lingua_Quest-gvpckrqxtbgyprbgppjfqmimmmfw/Build/Intermediates.noindex/GoogleSignIn.build/Debug-iphonesimulator/GoogleSignIn.build/Objects-normal/arm64/GIDGoogleUser.o /Users/siam/Library/Developer/Xcode/DerivedData/Lingua_Quest-gvpckrqxtbgyprbgppjfqmimmmfw/SourcePackages/checkouts/GoogleSignIn-iOS/GoogleSignIn/Sources/GIDGoogleUser.m normal arm64 objective-c com.apple.compilers.llvm.clang.1_0.compiler (in target 'GoogleSignIn' from project 'GoogleSignIn')
    cd /Users/siam/Desktop/Lingua\ Quest/Lingua\ Quest.xcodeproj
    
    Using response file: /Users/siam/Library/Developer/Xcode/DerivedData/Lingua_Quest-gvpckrqxtbgyprbgppjfqmimmmfw/Build/Intermediates.noindex/GoogleSignIn.build/Debug-iphonesimulator/GoogleSignIn.build/Objects-normal/arm64/e6072d4f65d7061329687fe24e3d63a7-common-args.resp
    
    builtin-ScanDependencies -o /Users/siam/Library/Developer/Xcode/DerivedData/Lingua_Quest-gvpckrqxtbgyprbgppjfqmimmmfw/Build/Intermediates.noindex/GoogleSignIn.build/Debug-iphonesimulator/GoogleSignIn.build/Objects-normal/arm64/GIDGoogleUser.o.scan -- /Applications/Xcode.app/Contents/Developer/Toolchains/XcodeDefault.xctoolchain/usr/bin/clang -x objective-c -ivfsstatcache /Users/siam/Library/Developer/Xcode/DerivedData/SDKStatCaches.noindex/iphonesimulator26.0-23A339-26257891a6c027eb51374368541b8346.sdkstatcache -fmessage-length\=0 -fdiagnostics-show-note-include-stack -fmacro-backtrace-limit\=0 -fno-color-diagnostics -fmodules-prune-interval\=86400 -fmodules-prune-after\=345600 -fbuild-session-file\=/Users/siam/Library/Developer/Xcode/DerivedData/ModuleCache.noindex/Session.modulevalidation -fmodules-validate-once-per-build-session -Wnon-modular-include-in-framework-module -Werror\=non-modular-include-in-framework-module -Wno-trigraphs -Wno-missing-field-initializers -Wno-missing-prototypes -Wno-return-type -Wno-implicit-atomic-properties -Wno-objc-interface-ivars -Wno-arc-repeated-use-of-weak -Wno-missing-braces -Wparentheses -Wswitch -Wno-unused-function -Wno-unused-label -Wno-unused-parameter -Wno-unused-variable -Wunused-value -Wno-empty-body -Wno-uninitialized -Wno-unknown-pragmas -w -Wno-shadow -Wno-four-char-constants -Wno-conversion -Wno-constant-conversion -Wno-int-conversion -Wno-bool-conversion -Wno-enum-conversion -Wno-float-conversion -Wno-non-literal-null-conversion -Wno-objc-literal-conversion -Wshorten-64-to-32 -Wpointer-sign -Wno-newline-eof -Wno-selector -Wno-strict-selector-match -Wno-undeclared-selector -Wno-deprecated-implementations -Wno-implicit-fallthrough -fstrict-aliasing -Wprotocol -Wdeprecated-declarations -Wno-sign-conversion -Wno-infinite-recursion -Wno-comma -Wno-block-capture-autoreleasing -Wno-strict-prototypes -Wno-semicolon-before-method-body -index-store-path /Users/siam/Library/Developer/Xcode/DerivedData/Lingua_Quest-gvpckrqxtbgyprbgppjfqmimmmfw/Index.noindex/DataStore @/Users/siam/Library/Developer/Xcode/DerivedData/Lingua_Quest-gvpckrqxtbgyprbgppjfqmimmmfw/Build/Intermediates.noindex/GoogleSignIn.build/Debug-iphonesimulator/GoogleSignIn.build/Objects-normal/arm64/e6072d4f65d7061329687fe24e3d63a7-common-args.resp -include /Users/siam/Library/Developer/Xcode/DerivedData/Lingua_Quest-gvpckrqxtbgyprbgppjfqmimmmfw/Build/Intermediates.noindex/GoogleSignIn.build/Debug-iphonesimulator/GoogleSignIn.build/DerivedSources/resource_bundle_accessor.h -MMD -MT dependencies -MF /Users/siam/Library/Developer/Xcode/DerivedData/Lingua_Quest-gvpckrqxtbgyprbgppjfqmimmmfw/Build/Intermediates.noindex/GoogleSignIn.build/Debug-iphonesimulator/GoogleSignIn.build/Objects-normal/arm64/GIDGoogleUser.d --serialize-diagnostics /Users/siam/Library/Developer/Xcode/DerivedData/Lingua_Quest-gvpckrqxtbgyprbgppjfqmimmmfw/Build/Intermediates.noindex/GoogleSignIn.build/Debug-iphonesimulator/GoogleSignIn.build/Objects-normal/arm64/GIDGoogleUser.dia -c /Users/siam/Library/Developer/Xcode/DerivedData/Lingua_Quest-gvpckrqxtbgyprbgppjfqmimmmfw/SourcePackages/checkouts/GoogleSignIn-iOS/GoogleSignIn/Sources/GIDGoogleUser.m -o /Users/siam/Library/Developer/Xcode/DerivedData/Lingua_Quest-gvpckrqxtbgyprbgppjfqmimmmfw/Build/Intermediates.noindex/GoogleSignIn.build/Debug-iphonesimulator/GoogleSignIn.build/Objects-normal/arm64/GIDGoogleUser.o -index-unit-output-path /GoogleSignIn.build/Debug-iphonesimulator/GoogleSignIn.build/Objects-normal/arm64/GIDGoogleUser.o

ScanDependencies /Users/siam/Library/Developer/Xcode/DerivedData/Lingua_Quest-gvpckrqxtbgyprbgppjfqmimmmfw/Build/Intermediates.noindex/GoogleSignIn.build/Debug-iphonesimulator/GoogleSignIn.build/Objects-normal/arm64/GIDFakeJSONSerializerImpl.o /Users/siam/Library/Developer/Xcode/DerivedData/Lingua_Quest-gvpckrqxtbgyprbgppjfqmimmmfw/SourcePackages/checkouts/GoogleSignIn-iOS/GoogleSignIn/Sources/GIDJSONSerializer/Fake/GIDFakeJSONSerializerImpl.m normal arm64 objective-c com.apple.compilers.llvm.clang.1_0.compiler (in target 'GoogleSignIn' from project 'GoogleSignIn')
    cd /Users/siam/Desktop/Lingua\ Quest/Lingua\ Quest.xcodeproj
    
    Using response file: /Users/siam/Library/Developer/Xcode/DerivedData/Lingua_Quest-gvpckrqxtbgyprbgppjfqmimmmfw/Build/Intermediates.noindex/GoogleSignIn.build/Debug-iphonesimulator/GoogleSignIn.build/Objects-normal/arm64/e6072d4f65d7061329687fe24e3d63a7-common-args.resp
    
    builtin-ScanDependencies -o /Users/siam/Library/Developer/Xcode/DerivedData/Lingua_Quest-gvpckrqxtbgyprbgppjfqmimmmfw/Build/Intermediates.noindex/GoogleSignIn.build/Debug-iphonesimulator/GoogleSignIn.build/Objects-normal/arm64/GIDFakeJSONSerializerImpl.o.scan -- /Applications/Xcode.app/Contents/Developer/Toolchains/XcodeDefault.xctoolchain/usr/bin/clang -x objective-c -ivfsstatcache /Users/siam/Library/Developer/Xcode/DerivedData/SDKStatCaches.noindex/iphonesimulator26.0-23A339-26257891a6c027eb51374368541b8346.sdkstatcache -fmessage-length\=0 -fdiagnostics-show-note-include-stack -fmacro-backtrace-limit\=0 -fno-color-diagnostics -fmodules-prune-interval\=86400 -fmodules-prune-after\=345600 -fbuild-session-file\=/Users/siam/Library/Developer/Xcode/DerivedData/ModuleCache.noindex/Session.modulevalidation -fmodules-validate-once-per-build-session -Wnon-modular-include-in-framework-module -Werror\=non-modular-include-in-framework-module -Wno-trigraphs -Wno-missing-field-initializers -Wno-missing-prototypes -Wno-return-type -Wno-implicit-atomic-properties -Wno-objc-interface-ivars -Wno-arc-repeated-use-of-weak -Wno-missing-braces -Wparentheses -Wswitch -Wno-unused-function -Wno-unused-label -Wno-unused-parameter -Wno-unused-variable -Wunused-value -Wno-empty-body -Wno-uninitialized -Wno-unknown-pragmas -w -Wno-shadow -Wno-four-char-constants -Wno-conversion -Wno-constant-conversion -Wno-int-conversion -Wno-bool-conversion -Wno-enum-conversion -Wno-float-conversion -Wno-non-literal-null-conversion -Wno-objc-literal-conversion -Wshorten-64-to-32 -Wpointer-sign -Wno-newline-eof -Wno-selector -Wno-strict-selector-match -Wno-undeclared-selector -Wno-deprecated-implementations -Wno-implicit-fallthrough -fstrict-aliasing -Wprotocol -Wdeprecated-declarations -Wno-sign-conversion -Wno-infinite-recursion -Wno-comma -Wno-block-capture-autoreleasing -Wno-strict-prototypes -Wno-semicolon-before-method-body -index-store-path /Users/siam/Library/Developer/Xcode/DerivedData/Lingua_Quest-gvpckrqxtbgyprbgppjfqmimmmfw/Index.noindex/DataStore @/Users/siam/Library/Developer/Xcode/DerivedData/Lingua_Quest-gvpckrqxtbgyprbgppjfqmimmmfw/Build/Intermediates.noindex/GoogleSignIn.build/Debug-iphonesimulator/GoogleSignIn.build/Objects-normal/arm64/e6072d4f65d7061329687fe24e3d63a7-common-args.resp -include /Users/siam/Library/Developer/Xcode/DerivedData/Lingua_Quest-gvpckrqxtbgyprbgppjfqmimmmfw/Build/Intermediates.noindex/GoogleSignIn.build/Debug-iphonesimulator/GoogleSignIn.build/DerivedSources/resource_bundle_accessor.h -MMD -MT dependencies -MF /Users/siam/Library/Developer/Xcode/DerivedData/Lingua_Quest-gvpckrqxtbgyprbgppjfqmimmmfw/Build/Intermediates.noindex/GoogleSignIn.build/Debug-iphonesimulator/GoogleSignIn.build/Objects-normal/arm64/GIDFakeJSONSerializerImpl.d --serialize-diagnostics /Users/siam/Library/Developer/Xcode/DerivedData/Lingua_Quest-gvpckrqxtbgyprbgppjfqmimmmfw/Build/Intermediates.noindex/GoogleSignIn.build/Debug-iphonesimulator/GoogleSignIn.build/Objects-normal/arm64/GIDFakeJSONSerializerImpl.dia -c /Users/siam/Library/Developer/Xcode/DerivedData/Lingua_Quest-gvpckrqxtbgyprbgppjfqmimmmfw/SourcePackages/checkouts/GoogleSignIn-iOS/GoogleSignIn/Sources/GIDJSONSerializer/Fake/GIDFakeJSONSerializerImpl.m -o /Users/siam/Library/Developer/Xcode/DerivedData/Lingua_Quest-gvpckrqxtbgyprbgppjfqmimmmfw/Build/Intermediates.noindex/GoogleSignIn.build/Debug-iphonesimulator/GoogleSignIn.build/Objects-normal/arm64/GIDFakeJSONSerializerImpl.o -index-unit-output-path /GoogleSignIn.build/Debug-iphonesimulator/GoogleSignIn.build/Objects-normal/arm64/GIDFakeJSONSerializerImpl.o

ScanDependencies /Users/siam/Library/Developer/Xcode/DerivedData/Lingua_Quest-gvpckrqxtbgyprbgppjfqmimmmfw/Build/Intermediates.noindex/GoogleSignIn.build/Debug-iphonesimulator/GoogleSignIn.build/Objects-normal/arm64/GIDFakeAuthStateMigration.o /Users/siam/Library/Developer/Xcode/DerivedData/Lingua_Quest-gvpckrqxtbgyprbgppjfqmimmmfw/SourcePackages/checkouts/GoogleSignIn-iOS/GoogleSignIn/Sources/GIDAuthStateMigration/Fake/GIDFakeAuthStateMigration.m normal arm64 objective-c com.apple.compilers.llvm.clang.1_0.compiler (in target 'GoogleSignIn' from project 'GoogleSignIn')
    cd /Users/siam/Desktop/Lingua\ Quest/Lingua\ Quest.xcodeproj
    
    Using response file: /Users/siam/Library/Developer/Xcode/DerivedData/Lingua_Quest-gvpckrqxtbgyprbgppjfqmimmmfw/Build/Intermediates.noindex/GoogleSignIn.build/Debug-iphonesimulator/GoogleSignIn.build/Objects-normal/arm64/e6072d4f65d7061329687fe24e3d63a7-common-args.resp
    
    builtin-ScanDependencies -o /Users/siam/Library/Developer/Xcode/DerivedData/Lingua_Quest-gvpckrqxtbgyprbgppjfqmimmmfw/Build/Intermediates.noindex/GoogleSignIn.build/Debug-iphonesimulator/GoogleSignIn.build/Objects-normal/arm64/GIDFakeAuthStateMigration.o.scan -- /Applications/Xcode.app/Contents/Developer/Toolchains/XcodeDefault.xctoolchain/usr/bin/clang -x objective-c -ivfsstatcache /Users/siam/Library/Developer/Xcode/DerivedData/SDKStatCaches.noindex/iphonesimulator26.0-23A339-26257891a6c027eb51374368541b8346.sdkstatcache -fmessage-length\=0 -fdiagnostics-show-note-include-stack -fmacro-backtrace-limit\=0 -fno-color-diagnostics -fmodules-prune-interval\=86400 -fmodules-prune-after\=345600 -fbuild-session-file\=/Users/siam/Library/Developer/Xcode/DerivedData/ModuleCache.noindex/Session.modulevalidation -fmodules-validate-once-per-build-session -Wnon-modular-include-in-framework-module -Werror\=non-modular-include-in-framework-module -Wno-trigraphs -Wno-missing-field-initializers -Wno-missing-prototypes -Wno-return-type -Wno-implicit-atomic-properties -Wno-objc-interface-ivars -Wno-arc-repeated-use-of-weak -Wno-missing-braces -Wparentheses -Wswitch -Wno-unused-function -Wno-unused-label -Wno-unused-parameter -Wno-unused-variable -Wunused-value -Wno-empty-body -Wno-uninitialized -Wno-unknown-pragmas -w -Wno-shadow -Wno-four-char-constants -Wno-conversion -Wno-constant-conversion -Wno-int-conversion -Wno-bool-conversion -Wno-enum-conversion -Wno-float-conversion -Wno-non-literal-null-conversion -Wno-objc-literal-conversion -Wshorten-64-to-32 -Wpointer-sign -Wno-newline-eof -Wno-selector -Wno-strict-selector-match -Wno-undeclared-selector -Wno-deprecated-implementations -Wno-implicit-fallthrough -fstrict-aliasing -Wprotocol -Wdeprecated-declarations -Wno-sign-conversion -Wno-infinite-recursion -Wno-comma -Wno-block-capture-autoreleasing -Wno-strict-prototypes -Wno-semicolon-before-method-body -index-store-path /Users/siam/Library/Developer/Xcode/DerivedData/Lingua_Quest-gvpckrqxtbgyprbgppjfqmimmmfw/Index.noindex/DataStore @/Users/siam/Library/Developer/Xcode/DerivedData/Lingua_Quest-gvpckrqxtbgyprbgppjfqmimmmfw/Build/Intermediates.noindex/GoogleSignIn.build/Debug-iphonesimulator/GoogleSignIn.build/Objects-normal/arm64/e6072d4f65d7061329687fe24e3d63a7-common-args.resp -include /Users/siam/Library/Developer/Xcode/DerivedData/Lingua_Quest-gvpckrqxtbgyprbgppjfqmimmmfw/Build/Intermediates.noindex/GoogleSignIn.build/Debug-iphonesimulator/GoogleSignIn.build/DerivedSources/resource_bundle_accessor.h -MMD -MT dependencies -MF /Users/siam/Library/Developer/Xcode/DerivedData/Lingua_Quest-gvpckrqxtbgyprbgppjfqmimmmfw/Build/Intermediates.noindex/GoogleSignIn.build/Debug-iphonesimulator/GoogleSignIn.build/Objects-normal/arm64/GIDFakeAuthStateMigration.d --serialize-diagnostics /Users/siam/Library/Developer/Xcode/DerivedData/Lingua_Quest-gvpckrqxtbgyprbgppjfqmimmmfw/Build/Intermediates.noindex/GoogleSignIn.build/Debug-iphonesimulator/GoogleSignIn.build/Objects-normal/arm64/GIDFakeAuthStateMigration.dia -c /Users/siam/Library/Developer/Xcode/DerivedData/Lingua_Quest-gvpckrqxtbgyprbgppjfqmimmmfw/SourcePackages/checkouts/GoogleSignIn-iOS/GoogleSignIn/Sources/GIDAuthStateMigration/Fake/GIDFakeAuthStateMigration.m -o /Users/siam/Library/Developer/Xcode/DerivedData/Lingua_Quest-gvpckrqxtbgyprbgppjfqmimmmfw/Build/Intermediates.noindex/GoogleSignIn.build/Debug-iphonesimulator/GoogleSignIn.build/Objects-normal/arm64/GIDFakeAuthStateMigration.o -index-unit-output-path /GoogleSignIn.build/Debug-iphonesimulator/GoogleSignIn.build/Objects-normal/arm64/GIDFakeAuthStateMigration.o

ScanDependencies /Users/siam/Library/Developer/Xcode/DerivedData/Lingua_Quest-gvpckrqxtbgyprbgppjfqmimmmfw/Build/Intermediates.noindex/GoogleSignIn.build/Debug-iphonesimulator/GoogleSignIn.build/Objects-normal/arm64/GIDEMMSupport.o /Users/siam/Library/Developer/Xcode/DerivedData/Lingua_Quest-gvpckrqxtbgyprbgppjfqmimmmfw/SourcePackages/checkouts/GoogleSignIn-iOS/GoogleSignIn/Sources/GIDEMMSupport.m normal arm64 objective-c com.apple.compilers.llvm.clang.1_0.compiler (in target 'GoogleSignIn' from project 'GoogleSignIn')
    cd /Users/siam/Desktop/Lingua\ Quest/Lingua\ Quest.xcodeproj
    
    Using response file: /Users/siam/Library/Developer/Xcode/DerivedData/Lingua_Quest-gvpckrqxtbgyprbgppjfqmimmmfw/Build/Intermediates.noindex/GoogleSignIn.build/Debug-iphonesimulator/GoogleSignIn.build/Objects-normal/arm64/e6072d4f65d7061329687fe24e3d63a7-common-args.resp
    
    builtin-ScanDependencies -o /Users/siam/Library/Developer/Xcode/DerivedData/Lingua_Quest-gvpckrqxtbgyprbgppjfqmimmmfw/Build/Intermediates.noindex/GoogleSignIn.build/Debug-iphonesimulator/GoogleSignIn.build/Objects-normal/arm64/GIDEMMSupport.o.scan -- /Applications/Xcode.app/Contents/Developer/Toolchains/XcodeDefault.xctoolchain/usr/bin/clang -x objective-c -ivfsstatcache /Users/siam/Library/Developer/Xcode/DerivedData/SDKStatCaches.noindex/iphonesimulator26.0-23A339-26257891a6c027eb51374368541b8346.sdkstatcache -fmessage-length\=0 -fdiagnostics-show-note-include-stack -fmacro-backtrace-limit\=0 -fno-color-diagnostics -fmodules-prune-interval\=86400 -fmodules-prune-after\=345600 -fbuild-session-file\=/Users/siam/Library/Developer/Xcode/DerivedData/ModuleCache.noindex/Session.modulevalidation -fmodules-validate-once-per-build-session -Wnon-modular-include-in-framework-module -Werror\=non-modular-include-in-framework-module -Wno-trigraphs -Wno-missing-field-initializers -Wno-missing-prototypes -Wno-return-type -Wno-implicit-atomic-properties -Wno-objc-interface-ivars -Wno-arc-repeated-use-of-weak -Wno-missing-braces -Wparentheses -Wswitch -Wno-unused-function -Wno-unused-label -Wno-unused-parameter -Wno-unused-variable -Wunused-value -Wno-empty-body -Wno-uninitialized -Wno-unknown-pragmas -w -Wno-shadow -Wno-four-char-constants -Wno-conversion -Wno-constant-conversion -Wno-int-conversion -Wno-bool-conversion -Wno-enum-conversion -Wno-float-conversion -Wno-non-literal-null-conversion -Wno-objc-literal-conversion -Wshorten-64-to-32 -Wpointer-sign -Wno-newline-eof -Wno-selector -Wno-strict-selector-match -Wno-undeclared-selector -Wno-deprecated-implementations -Wno-implicit-fallthrough -fstrict-aliasing -Wprotocol -Wdeprecated-declarations -Wno-sign-conversion -Wno-infinite-recursion -Wno-comma -Wno-block-capture-autoreleasing -Wno-strict-prototypes -Wno-semicolon-before-method-body -index-store-path /Users/siam/Library/Developer/Xcode/DerivedData/Lingua_Quest-gvpckrqxtbgyprbgppjfqmimmmfw/Index.noindex/DataStore @/Users/siam/Library/Developer/Xcode/DerivedData/Lingua_Quest-gvpckrqxtbgyprbgppjfqmimmmfw/Build/Intermediates.noindex/GoogleSignIn.build/Debug-iphonesimulator/GoogleSignIn.build/Objects-normal/arm64/e6072d4f65d7061329687fe24e3d63a7-common-args.resp -include /Users/siam/Library/Developer/Xcode/DerivedData/Lingua_Quest-gvpckrqxtbgyprbgppjfqmimmmfw/Build/Intermediates.noindex/GoogleSignIn.build/Debug-iphonesimulator/GoogleSignIn.build/DerivedSources/resource_bundle_accessor.h -MMD -MT dependencies -MF /Users/siam/Library/Developer/Xcode/DerivedData/Lingua_Quest-gvpckrqxtbgyprbgppjfqmimmmfw/Build/Intermediates.noindex/GoogleSignIn.build/Debug-iphonesimulator/GoogleSignIn.build/Objects-normal/arm64/GIDEMMSupport.d --serialize-diagnostics /Users/siam/Library/Developer/Xcode/DerivedData/Lingua_Quest-gvpckrqxtbgyprbgppjfqmimmmfw/Build/Intermediates.noindex/GoogleSignIn.build/Debug-iphonesimulator/GoogleSignIn.build/Objects-normal/arm64/GIDEMMSupport.dia -c /Users/siam/Library/Developer/Xcode/DerivedData/Lingua_Quest-gvpckrqxtbgyprbgppjfqmimmmfw/SourcePackages/checkouts/GoogleSignIn-iOS/GoogleSignIn/Sources/GIDEMMSupport.m -o /Users/siam/Library/Developer/Xcode/DerivedData/Lingua_Quest-gvpckrqxtbgyprbgppjfqmimmmfw/Build/Intermediates.noindex/GoogleSignIn.build/Debug-iphonesimulator/GoogleSignIn.build/Objects-normal/arm64/GIDEMMSupport.o -index-unit-output-path /GoogleSignIn.build/Debug-iphonesimulator/GoogleSignIn.build/Objects-normal/arm64/GIDEMMSupport.o

SwiftDriverJobDiscovery normal x86_64 Compiling AuthSession.swift (in target 'GTMAppAuth' from project 'GTMAppAuth')

ScanDependencies /Users/siam/Library/Developer/Xcode/DerivedData/Lingua_Quest-gvpckrqxtbgyprbgppjfqmimmmfw/Build/Intermediates.noindex/GoogleSignIn.build/Debug-iphonesimulator/GoogleSignIn.build/Objects-normal/arm64/GIDEMMErrorHandler.o /Users/siam/Library/Developer/Xcode/DerivedData/Lingua_Quest-gvpckrqxtbgyprbgppjfqmimmmfw/SourcePackages/checkouts/GoogleSignIn-iOS/GoogleSignIn/Sources/GIDEMMErrorHandler.m normal arm64 objective-c com.apple.compilers.llvm.clang.1_0.compiler (in target 'GoogleSignIn' from project 'GoogleSignIn')
    cd /Users/siam/Desktop/Lingua\ Quest/Lingua\ Quest.xcodeproj
    
    Using response file: /Users/siam/Library/Developer/Xcode/DerivedData/Lingua_Quest-gvpckrqxtbgyprbgppjfqmimmmfw/Build/Intermediates.noindex/GoogleSignIn.build/Debug-iphonesimulator/GoogleSignIn.build/Objects-normal/arm64/e6072d4f65d7061329687fe24e3d63a7-common-args.resp
    
    builtin-ScanDependencies -o /Users/siam/Library/Developer/Xcode/DerivedData/Lingua_Quest-gvpckrqxtbgyprbgppjfqmimmmfw/Build/Intermediates.noindex/GoogleSignIn.build/Debug-iphonesimulator/GoogleSignIn.build/Objects-normal/arm64/GIDEMMErrorHandler.o.scan -- /Applications/Xcode.app/Contents/Developer/Toolchains/XcodeDefault.xctoolchain/usr/bin/clang -x objective-c -ivfsstatcache /Users/siam/Library/Developer/Xcode/DerivedData/SDKStatCaches.noindex/iphonesimulator26.0-23A339-26257891a6c027eb51374368541b8346.sdkstatcache -fmessage-length\=0 -fdiagnostics-show-note-include-stack -fmacro-backtrace-limit\=0 -fno-color-diagnostics -fmodules-prune-interval\=86400 -fmodules-prune-after\=345600 -fbuild-session-file\=/Users/siam/Library/Developer/Xcode/DerivedData/ModuleCache.noindex/Session.modulevalidation -fmodules-validate-once-per-build-session -Wnon-modular-include-in-framework-module -Werror\=non-modular-include-in-framework-module -Wno-trigraphs -Wno-missing-field-initializers -Wno-missing-prototypes -Wno-return-type -Wno-implicit-atomic-properties -Wno-objc-interface-ivars -Wno-arc-repeated-use-of-weak -Wno-missing-braces -Wparentheses -Wswitch -Wno-unused-function -Wno-unused-label -Wno-unused-parameter -Wno-unused-variable -Wunused-value -Wno-empty-body -Wno-uninitialized -Wno-unknown-pragmas -w -Wno-shadow -Wno-four-char-constants -Wno-conversion -Wno-constant-conversion -Wno-int-conversion -Wno-bool-conversion -Wno-enum-conversion -Wno-float-conversion -Wno-non-literal-null-conversion -Wno-objc-literal-conversion -Wshorten-64-to-32 -Wpointer-sign -Wno-newline-eof -Wno-selector -Wno-strict-selector-match -Wno-undeclared-selector -Wno-deprecated-implementations -Wno-implicit-fallthrough -fstrict-aliasing -Wprotocol -Wdeprecated-declarations -Wno-sign-conversion -Wno-infinite-recursion -Wno-comma -Wno-block-capture-autoreleasing -Wno-strict-prototypes -Wno-semicolon-before-method-body -index-store-path /Users/siam/Library/Developer/Xcode/DerivedData/Lingua_Quest-gvpckrqxtbgyprbgppjfqmimmmfw/Index.noindex/DataStore @/Users/siam/Library/Developer/Xcode/DerivedData/Lingua_Quest-gvpckrqxtbgyprbgppjfqmimmmfw/Build/Intermediates.noindex/GoogleSignIn.build/Debug-iphonesimulator/GoogleSignIn.build/Objects-normal/arm64/e6072d4f65d7061329687fe24e3d63a7-common-args.resp -include /Users/siam/Library/Developer/Xcode/DerivedData/Lingua_Quest-gvpckrqxtbgyprbgppjfqmimmmfw/Build/Intermediates.noindex/GoogleSignIn.build/Debug-iphonesimulator/GoogleSignIn.build/DerivedSources/resource_bundle_accessor.h -MMD -MT dependencies -MF /Users/siam/Library/Developer/Xcode/DerivedData/Lingua_Quest-gvpckrqxtbgyprbgppjfqmimmmfw/Build/Intermediates.noindex/GoogleSignIn.build/Debug-iphonesimulator/GoogleSignIn.build/Objects-normal/arm64/GIDEMMErrorHandler.d --serialize-diagnostics /Users/siam/Library/Developer/Xcode/DerivedData/Lingua_Quest-gvpckrqxtbgyprbgppjfqmimmmfw/Build/Intermediates.noindex/GoogleSignIn.build/Debug-iphonesimulator/GoogleSignIn.build/Objects-normal/arm64/GIDEMMErrorHandler.dia -c /Users/siam/Library/Developer/Xcode/DerivedData/Lingua_Quest-gvpckrqxtbgyprbgppjfqmimmmfw/SourcePackages/checkouts/GoogleSignIn-iOS/GoogleSignIn/Sources/GIDEMMErrorHandler.m -o /Users/siam/Library/Developer/Xcode/DerivedData/Lingua_Quest-gvpckrqxtbgyprbgppjfqmimmmfw/Build/Intermediates.noindex/GoogleSignIn.build/Debug-iphonesimulator/GoogleSignIn.build/Objects-normal/arm64/GIDEMMErrorHandler.o -index-unit-output-path /GoogleSignIn.build/Debug-iphonesimulator/GoogleSignIn.build/Objects-normal/arm64/GIDEMMErrorHandler.o

ScanDependencies /Users/siam/Library/Developer/Xcode/DerivedData/Lingua_Quest-gvpckrqxtbgyprbgppjfqmimmmfw/Build/Intermediates.noindex/GoogleSignIn.build/Debug-iphonesimulator/GoogleSignIn.build/Objects-normal/arm64/GIDConfiguration.o /Users/siam/Library/Developer/Xcode/DerivedData/Lingua_Quest-gvpckrqxtbgyprbgppjfqmimmmfw/SourcePackages/checkouts/GoogleSignIn-iOS/GoogleSignIn/Sources/GIDConfiguration.m normal arm64 objective-c com.apple.compilers.llvm.clang.1_0.compiler (in target 'GoogleSignIn' from project 'GoogleSignIn')
    cd /Users/siam/Desktop/Lingua\ Quest/Lingua\ Quest.xcodeproj
    
    Using response file: /Users/siam/Library/Developer/Xcode/DerivedData/Lingua_Quest-gvpckrqxtbgyprbgppjfqmimmmfw/Build/Intermediates.noindex/GoogleSignIn.build/Debug-iphonesimulator/GoogleSignIn.build/Objects-normal/arm64/e6072d4f65d7061329687fe24e3d63a7-common-args.resp
    
    builtin-ScanDependencies -o /Users/siam/Library/Developer/Xcode/DerivedData/Lingua_Quest-gvpckrqxtbgyprbgppjfqmimmmfw/Build/Intermediates.noindex/GoogleSignIn.build/Debug-iphonesimulator/GoogleSignIn.build/Objects-normal/arm64/GIDConfiguration.o.scan -- /Applications/Xcode.app/Contents/Developer/Toolchains/XcodeDefault.xctoolchain/usr/bin/clang -x objective-c -ivfsstatcache /Users/siam/Library/Developer/Xcode/DerivedData/SDKStatCaches.noindex/iphonesimulator26.0-23A339-26257891a6c027eb51374368541b8346.sdkstatcache -fmessage-length\=0 -fdiagnostics-show-note-include-stack -fmacro-backtrace-limit\=0 -fno-color-diagnostics -fmodules-prune-interval\=86400 -fmodules-prune-after\=345600 -fbuild-session-file\=/Users/siam/Library/Developer/Xcode/DerivedData/ModuleCache.noindex/Session.modulevalidation -fmodules-validate-once-per-build-session -Wnon-modular-include-in-framework-module -Werror\=non-modular-include-in-framework-module -Wno-trigraphs -Wno-missing-field-initializers -Wno-missing-prototypes -Wno-return-type -Wno-implicit-atomic-properties -Wno-objc-interface-ivars -Wno-arc-repeated-use-of-weak -Wno-missing-braces -Wparentheses -Wswitch -Wno-unused-function -Wno-unused-label -Wno-unused-parameter -Wno-unused-variable -Wunused-value -Wno-empty-body -Wno-uninitialized -Wno-unknown-pragmas -w -Wno-shadow -Wno-four-char-constants -Wno-conversion -Wno-constant-conversion -Wno-int-conversion -Wno-bool-conversion -Wno-enum-conversion -Wno-float-conversion -Wno-non-literal-null-conversion -Wno-objc-literal-conversion -Wshorten-64-to-32 -Wpointer-sign -Wno-newline-eof -Wno-selector -Wno-strict-selector-match -Wno-undeclared-selector -Wno-deprecated-implementations -Wno-implicit-fallthrough -fstrict-aliasing -Wprotocol -Wdeprecated-declarations -Wno-sign-conversion -Wno-infinite-recursion -Wno-comma -Wno-block-capture-autoreleasing -Wno-strict-prototypes -Wno-semicolon-before-method-body -index-store-path /Users/siam/Library/Developer/Xcode/DerivedData/Lingua_Quest-gvpckrqxtbgyprbgppjfqmimmmfw/Index.noindex/DataStore @/Users/siam/Library/Developer/Xcode/DerivedData/Lingua_Quest-gvpckrqxtbgyprbgppjfqmimmmfw/Build/Intermediates.noindex/GoogleSignIn.build/Debug-iphonesimulator/GoogleSignIn.build/Objects-normal/arm64/e6072d4f65d7061329687fe24e3d63a7-common-args.resp -include /Users/siam/Library/Developer/Xcode/DerivedData/Lingua_Quest-gvpckrqxtbgyprbgppjfqmimmmfw/Build/Intermediates.noindex/GoogleSignIn.build/Debug-iphonesimulator/GoogleSignIn.build/DerivedSources/resource_bundle_accessor.h -MMD -MT dependencies -MF /Users/siam/Library/Developer/Xcode/DerivedData/Lingua_Quest-gvpckrqxtbgyprbgppjfqmimmmfw/Build/Intermediates.noindex/GoogleSignIn.build/Debug-iphonesimulator/GoogleSignIn.build/Objects-normal/arm64/GIDConfiguration.d --serialize-diagnostics /Users/siam/Library/Developer/Xcode/DerivedData/Lingua_Quest-gvpckrqxtbgyprbgppjfqmimmmfw/Build/Intermediates.noindex/GoogleSignIn.build/Debug-iphonesimulator/GoogleSignIn.build/Objects-normal/arm64/GIDConfiguration.dia -c /Users/siam/Library/Developer/Xcode/DerivedData/Lingua_Quest-gvpckrqxtbgyprbgppjfqmimmmfw/SourcePackages/checkouts/GoogleSignIn-iOS/GoogleSignIn/Sources/GIDConfiguration.m -o /Users/siam/Library/Developer/Xcode/DerivedData/Lingua_Quest-gvpckrqxtbgyprbgppjfqmimmmfw/Build/Intermediates.noindex/GoogleSignIn.build/Debug-iphonesimulator/GoogleSignIn.build/Objects-normal/arm64/GIDConfiguration.o -index-unit-output-path /GoogleSignIn.build/Debug-iphonesimulator/GoogleSignIn.build/Objects-normal/arm64/GIDConfiguration.o

ScanDependencies /Users/siam/Library/Developer/Xcode/DerivedData/Lingua_Quest-gvpckrqxtbgyprbgppjfqmimmmfw/Build/Intermediates.noindex/GoogleSignIn.build/Debug-iphonesimulator/GoogleSignIn.build/Objects-normal/arm64/GIDClaimsInternalOptions.o /Users/siam/Library/Developer/Xcode/DerivedData/Lingua_Quest-gvpckrqxtbgyprbgppjfqmimmmfw/SourcePackages/checkouts/GoogleSignIn-iOS/GoogleSignIn/Sources/GIDClaimsInternalOptions.m normal arm64 objective-c com.apple.compilers.llvm.clang.1_0.compiler (in target 'GoogleSignIn' from project 'GoogleSignIn')
    cd /Users/siam/Desktop/Lingua\ Quest/Lingua\ Quest.xcodeproj
    
    Using response file: /Users/siam/Library/Developer/Xcode/DerivedData/Lingua_Quest-gvpckrqxtbgyprbgppjfqmimmmfw/Build/Intermediates.noindex/GoogleSignIn.build/Debug-iphonesimulator/GoogleSignIn.build/Objects-normal/arm64/e6072d4f65d7061329687fe24e3d63a7-common-args.resp
    
    builtin-ScanDependencies -o /Users/siam/Library/Developer/Xcode/DerivedData/Lingua_Quest-gvpckrqxtbgyprbgppjfqmimmmfw/Build/Intermediates.noindex/GoogleSignIn.build/Debug-iphonesimulator/GoogleSignIn.build/Objects-normal/arm64/GIDClaimsInternalOptions.o.scan -- /Applications/Xcode.app/Contents/Developer/Toolchains/XcodeDefault.xctoolchain/usr/bin/clang -x objective-c -ivfsstatcache /Users/siam/Library/Developer/Xcode/DerivedData/SDKStatCaches.noindex/iphonesimulator26.0-23A339-26257891a6c027eb51374368541b8346.sdkstatcache -fmessage-length\=0 -fdiagnostics-show-note-include-stack -fmacro-backtrace-limit\=0 -fno-color-diagnostics -fmodules-prune-interval\=86400 -fmodules-prune-after\=345600 -fbuild-session-file\=/Users/siam/Library/Developer/Xcode/DerivedData/ModuleCache.noindex/Session.modulevalidation -fmodules-validate-once-per-build-session -Wnon-modular-include-in-framework-module -Werror\=non-modular-include-in-framework-module -Wno-trigraphs -Wno-missing-field-initializers -Wno-missing-prototypes -Wno-return-type -Wno-implicit-atomic-properties -Wno-objc-interface-ivars -Wno-arc-repeated-use-of-weak -Wno-missing-braces -Wparentheses -Wswitch -Wno-unused-function -Wno-unused-label -Wno-unused-parameter -Wno-unused-variable -Wunused-value -Wno-empty-body -Wno-uninitialized -Wno-unknown-pragmas -w -Wno-shadow -Wno-four-char-constants -Wno-conversion -Wno-constant-conversion -Wno-int-conversion -Wno-bool-conversion -Wno-enum-conversion -Wno-float-conversion -Wno-non-literal-null-conversion -Wno-objc-literal-conversion -Wshorten-64-to-32 -Wpointer-sign -Wno-newline-eof -Wno-selector -Wno-strict-selector-match -Wno-undeclared-selector -Wno-deprecated-implementations -Wno-implicit-fallthrough -fstrict-aliasing -Wprotocol -Wdeprecated-declarations -Wno-sign-conversion -Wno-infinite-recursion -Wno-comma -Wno-block-capture-autoreleasing -Wno-strict-prototypes -Wno-semicolon-before-method-body -index-store-path /Users/siam/Library/Developer/Xcode/DerivedData/Lingua_Quest-gvpckrqxtbgyprbgppjfqmimmmfw/Index.noindex/DataStore @/Users/siam/Library/Developer/Xcode/DerivedData/Lingua_Quest-gvpckrqxtbgyprbgppjfqmimmmfw/Build/Intermediates.noindex/GoogleSignIn.build/Debug-iphonesimulator/GoogleSignIn.build/Objects-normal/arm64/e6072d4f65d7061329687fe24e3d63a7-common-args.resp -include /Users/siam/Library/Developer/Xcode/DerivedData/Lingua_Quest-gvpckrqxtbgyprbgppjfqmimmmfw/Build/Intermediates.noindex/GoogleSignIn.build/Debug-iphonesimulator/GoogleSignIn.build/DerivedSources/resource_bundle_accessor.h -MMD -MT dependencies -MF /Users/siam/Library/Developer/Xcode/DerivedData/Lingua_Quest-gvpckrqxtbgyprbgppjfqmimmmfw/Build/Intermediates.noindex/GoogleSignIn.build/Debug-iphonesimulator/GoogleSignIn.build/Objects-normal/arm64/GIDClaimsInternalOptions.d --serialize-diagnostics /Users/siam/Library/Developer/Xcode/DerivedData/Lingua_Quest-gvpckrqxtbgyprbgppjfqmimmmfw/Build/Intermediates.noindex/GoogleSignIn.build/Debug-iphonesimulator/GoogleSignIn.build/Objects-normal/arm64/GIDClaimsInternalOptions.dia -c /Users/siam/Library/Developer/Xcode/DerivedData/Lingua_Quest-gvpckrqxtbgyprbgppjfqmimmmfw/SourcePackages/checkouts/GoogleSignIn-iOS/GoogleSignIn/Sources/GIDClaimsInternalOptions.m -o /Users/siam/Library/Developer/Xcode/DerivedData/Lingua_Quest-gvpckrqxtbgyprbgppjfqmimmmfw/Build/Intermediates.noindex/GoogleSignIn.build/Debug-iphonesimulator/GoogleSignIn.build/Objects-normal/arm64/GIDClaimsInternalOptions.o -index-unit-output-path /GoogleSignIn.build/Debug-iphonesimulator/GoogleSignIn.build/Objects-normal/arm64/GIDClaimsInternalOptions.o

ScanDependencies /Users/siam/Library/Developer/Xcode/DerivedData/Lingua_Quest-gvpckrqxtbgyprbgppjfqmimmmfw/Build/Intermediates.noindex/GoogleSignIn.build/Debug-iphonesimulator/GoogleSignIn.build/Objects-normal/arm64/GIDClaim.o /Users/siam/Library/Developer/Xcode/DerivedData/Lingua_Quest-gvpckrqxtbgyprbgppjfqmimmmfw/SourcePackages/checkouts/GoogleSignIn-iOS/GoogleSignIn/Sources/GIDClaim.m normal arm64 objective-c com.apple.compilers.llvm.clang.1_0.compiler (in target 'GoogleSignIn' from project 'GoogleSignIn')
    cd /Users/siam/Desktop/Lingua\ Quest/Lingua\ Quest.xcodeproj
    
    Using response file: /Users/siam/Library/Developer/Xcode/DerivedData/Lingua_Quest-gvpckrqxtbgyprbgppjfqmimmmfw/Build/Intermediates.noindex/GoogleSignIn.build/Debug-iphonesimulator/GoogleSignIn.build/Objects-normal/arm64/e6072d4f65d7061329687fe24e3d63a7-common-args.resp
    
    builtin-ScanDependencies -o /Users/siam/Library/Developer/Xcode/DerivedData/Lingua_Quest-gvpckrqxtbgyprbgppjfqmimmmfw/Build/Intermediates.noindex/GoogleSignIn.build/Debug-iphonesimulator/GoogleSignIn.build/Objects-normal/arm64/GIDClaim.o.scan -- /Applications/Xcode.app/Contents/Developer/Toolchains/XcodeDefault.xctoolchain/usr/bin/clang -x objective-c -ivfsstatcache /Users/siam/Library/Developer/Xcode/DerivedData/SDKStatCaches.noindex/iphonesimulator26.0-23A339-26257891a6c027eb51374368541b8346.sdkstatcache -fmessage-length\=0 -fdiagnostics-show-note-include-stack -fmacro-backtrace-limit\=0 -fno-color-diagnostics -fmodules-prune-interval\=86400 -fmodules-prune-after\=345600 -fbuild-session-file\=/Users/siam/Library/Developer/Xcode/DerivedData/ModuleCache.noindex/Session.modulevalidation -fmodules-validate-once-per-build-session -Wnon-modular-include-in-framework-module -Werror\=non-modular-include-in-framework-module -Wno-trigraphs -Wno-missing-field-initializers -Wno-missing-prototypes -Wno-return-type -Wno-implicit-atomic-properties -Wno-objc-interface-ivars -Wno-arc-repeated-use-of-weak -Wno-missing-braces -Wparentheses -Wswitch -Wno-unused-function -Wno-unused-label -Wno-unused-parameter -Wno-unused-variable -Wunused-value -Wno-empty-body -Wno-uninitialized -Wno-unknown-pragmas -w -Wno-shadow -Wno-four-char-constants -Wno-conversion -Wno-constant-conversion -Wno-int-conversion -Wno-bool-conversion -Wno-enum-conversion -Wno-float-conversion -Wno-non-literal-null-conversion -Wno-objc-literal-conversion -Wshorten-64-to-32 -Wpointer-sign -Wno-newline-eof -Wno-selector -Wno-strict-selector-match -Wno-undeclared-selector -Wno-deprecated-implementations -Wno-implicit-fallthrough -fstrict-aliasing -Wprotocol -Wdeprecated-declarations -Wno-sign-conversion -Wno-infinite-recursion -Wno-comma -Wno-block-capture-autoreleasing -Wno-strict-prototypes -Wno-semicolon-before-method-body -index-store-path /Users/siam/Library/Developer/Xcode/DerivedData/Lingua_Quest-gvpckrqxtbgyprbgppjfqmimmmfw/Index.noindex/DataStore @/Users/siam/Library/Developer/Xcode/DerivedData/Lingua_Quest-gvpckrqxtbgyprbgppjfqmimmmfw/Build/Intermediates.noindex/GoogleSignIn.build/Debug-iphonesimulator/GoogleSignIn.build/Objects-normal/arm64/e6072d4f65d7061329687fe24e3d63a7-common-args.resp -include /Users/siam/Library/Developer/Xcode/DerivedData/Lingua_Quest-gvpckrqxtbgyprbgppjfqmimmmfw/Build/Intermediates.noindex/GoogleSignIn.build/Debug-iphonesimulator/GoogleSignIn.build/DerivedSources/resource_bundle_accessor.h -MMD -MT dependencies -MF /Users/siam/Library/Developer/Xcode/DerivedData/Lingua_Quest-gvpckrqxtbgyprbgppjfqmimmmfw/Build/Intermediates.noindex/GoogleSignIn.build/Debug-iphonesimulator/GoogleSignIn.build/Objects-normal/arm64/GIDClaim.d --serialize-diagnostics /Users/siam/Library/Developer/Xcode/DerivedData/Lingua_Quest-gvpckrqxtbgyprbgppjfqmimmmfw/Build/Intermediates.noindex/GoogleSignIn.build/Debug-iphonesimulator/GoogleSignIn.build/Objects-normal/arm64/GIDClaim.dia -c /Users/siam/Library/Developer/Xcode/DerivedData/Lingua_Quest-gvpckrqxtbgyprbgppjfqmimmmfw/SourcePackages/checkouts/GoogleSignIn-iOS/GoogleSignIn/Sources/GIDClaim.m -o /Users/siam/Library/Developer/Xcode/DerivedData/Lingua_Quest-gvpckrqxtbgyprbgppjfqmimmmfw/Build/Intermediates.noindex/GoogleSignIn.build/Debug-iphonesimulator/GoogleSignIn.build/Objects-normal/arm64/GIDClaim.o -index-unit-output-path /GoogleSignIn.build/Debug-iphonesimulator/GoogleSignIn.build/Objects-normal/arm64/GIDClaim.o

ScanDependencies /Users/siam/Library/Developer/Xcode/DerivedData/Lingua_Quest-gvpckrqxtbgyprbgppjfqmimmmfw/Build/Intermediates.noindex/GoogleSignIn.build/Debug-iphonesimulator/GoogleSignIn.build/Objects-normal/arm64/GIDCallbackQueue.o /Users/siam/Library/Developer/Xcode/DerivedData/Lingua_Quest-gvpckrqxtbgyprbgppjfqmimmmfw/SourcePackages/checkouts/GoogleSignIn-iOS/GoogleSignIn/Sources/GIDCallbackQueue.m normal arm64 objective-c com.apple.compilers.llvm.clang.1_0.compiler (in target 'GoogleSignIn' from project 'GoogleSignIn')
    cd /Users/siam/Desktop/Lingua\ Quest/Lingua\ Quest.xcodeproj
    
    Using response file: /Users/siam/Library/Developer/Xcode/DerivedData/Lingua_Quest-gvpckrqxtbgyprbgppjfqmimmmfw/Build/Intermediates.noindex/GoogleSignIn.build/Debug-iphonesimulator/GoogleSignIn.build/Objects-normal/arm64/e6072d4f65d7061329687fe24e3d63a7-common-args.resp
    
    builtin-ScanDependencies -o /Users/siam/Library/Developer/Xcode/DerivedData/Lingua_Quest-gvpckrqxtbgyprbgppjfqmimmmfw/Build/Intermediates.noindex/GoogleSignIn.build/Debug-iphonesimulator/GoogleSignIn.build/Objects-normal/arm64/GIDCallbackQueue.o.scan -- /Applications/Xcode.app/Contents/Developer/Toolchains/XcodeDefault.xctoolchain/usr/bin/clang -x objective-c -ivfsstatcache /Users/siam/Library/Developer/Xcode/DerivedData/SDKStatCaches.noindex/iphonesimulator26.0-23A339-26257891a6c027eb51374368541b8346.sdkstatcache -fmessage-length\=0 -fdiagnostics-show-note-include-stack -fmacro-backtrace-limit\=0 -fno-color-diagnostics -fmodules-prune-interval\=86400 -fmodules-prune-after\=345600 -fbuild-session-file\=/Users/siam/Library/Developer/Xcode/DerivedData/ModuleCache.noindex/Session.modulevalidation -fmodules-validate-once-per-build-session -Wnon-modular-include-in-framework-module -Werror\=non-modular-include-in-framework-module -Wno-trigraphs -Wno-missing-field-initializers -Wno-missing-prototypes -Wno-return-type -Wno-implicit-atomic-properties -Wno-objc-interface-ivars -Wno-arc-repeated-use-of-weak -Wno-missing-braces -Wparentheses -Wswitch -Wno-unused-function -Wno-unused-label -Wno-unused-parameter -Wno-unused-variable -Wunused-value -Wno-empty-body -Wno-uninitialized -Wno-unknown-pragmas -w -Wno-shadow -Wno-four-char-constants -Wno-conversion -Wno-constant-conversion -Wno-int-conversion -Wno-bool-conversion -Wno-enum-conversion -Wno-float-conversion -Wno-non-literal-null-conversion -Wno-objc-literal-conversion -Wshorten-64-to-32 -Wpointer-sign -Wno-newline-eof -Wno-selector -Wno-strict-selector-match -Wno-undeclared-selector -Wno-deprecated-implementations -Wno-implicit-fallthrough -fstrict-aliasing -Wprotocol -Wdeprecated-declarations -Wno-sign-conversion -Wno-infinite-recursion -Wno-comma -Wno-block-capture-autoreleasing -Wno-strict-prototypes -Wno-semicolon-before-method-body -index-store-path /Users/siam/Library/Developer/Xcode/DerivedData/Lingua_Quest-gvpckrqxtbgyprbgppjfqmimmmfw/Index.noindex/DataStore @/Users/siam/Library/Developer/Xcode/DerivedData/Lingua_Quest-gvpckrqxtbgyprbgppjfqmimmmfw/Build/Intermediates.noindex/GoogleSignIn.build/Debug-iphonesimulator/GoogleSignIn.build/Objects-normal/arm64/e6072d4f65d7061329687fe24e3d63a7-common-args.resp -include /Users/siam/Library/Developer/Xcode/DerivedData/Lingua_Quest-gvpckrqxtbgyprbgppjfqmimmmfw/Build/Intermediates.noindex/GoogleSignIn.build/Debug-iphonesimulator/GoogleSignIn.build/DerivedSources/resource_bundle_accessor.h -MMD -MT dependencies -MF /Users/siam/Library/Developer/Xcode/DerivedData/Lingua_Quest-gvpckrqxtbgyprbgppjfqmimmmfw/Build/Intermediates.noindex/GoogleSignIn.build/Debug-iphonesimulator/GoogleSignIn.build/Objects-normal/arm64/GIDCallbackQueue.d --serialize-diagnostics /Users/siam/Library/Developer/Xcode/DerivedData/Lingua_Quest-gvpckrqxtbgyprbgppjfqmimmmfw/Build/Intermediates.noindex/GoogleSignIn.build/Debug-iphonesimulator/GoogleSignIn.build/Objects-normal/arm64/GIDCallbackQueue.dia -c /Users/siam/Library/Developer/Xcode/DerivedData/Lingua_Quest-gvpckrqxtbgyprbgppjfqmimmmfw/SourcePackages/checkouts/GoogleSignIn-iOS/GoogleSignIn/Sources/GIDCallbackQueue.m -o /Users/siam/Library/Developer/Xcode/DerivedData/Lingua_Quest-gvpckrqxtbgyprbgppjfqmimmmfw/Build/Intermediates.noindex/GoogleSignIn.build/Debug-iphonesimulator/GoogleSignIn.build/Objects-normal/arm64/GIDCallbackQueue.o -index-unit-output-path /GoogleSignIn.build/Debug-iphonesimulator/GoogleSignIn.build/Objects-normal/arm64/GIDCallbackQueue.o

ScanDependencies /Users/siam/Library/Developer/Xcode/DerivedData/Lingua_Quest-gvpckrqxtbgyprbgppjfqmimmmfw/Build/Intermediates.noindex/GoogleSignIn.build/Debug-iphonesimulator/GoogleSignIn.build/Objects-normal/arm64/GIDAuthentication.o /Users/siam/Library/Developer/Xcode/DerivedData/Lingua_Quest-gvpckrqxtbgyprbgppjfqmimmmfw/SourcePackages/checkouts/GoogleSignIn-iOS/GoogleSignIn/Sources/GIDAuthentication.m normal arm64 objective-c com.apple.compilers.llvm.clang.1_0.compiler (in target 'GoogleSignIn' from project 'GoogleSignIn')
    cd /Users/siam/Desktop/Lingua\ Quest/Lingua\ Quest.xcodeproj
    
    Using response file: /Users/siam/Library/Developer/Xcode/DerivedData/Lingua_Quest-gvpckrqxtbgyprbgppjfqmimmmfw/Build/Intermediates.noindex/GoogleSignIn.build/Debug-iphonesimulator/GoogleSignIn.build/Objects-normal/arm64/e6072d4f65d7061329687fe24e3d63a7-common-args.resp
    
    builtin-ScanDependencies -o /Users/siam/Library/Developer/Xcode/DerivedData/Lingua_Quest-gvpckrqxtbgyprbgppjfqmimmmfw/Build/Intermediates.noindex/GoogleSignIn.build/Debug-iphonesimulator/GoogleSignIn.build/Objects-normal/arm64/GIDAuthentication.o.scan -- /Applications/Xcode.app/Contents/Developer/Toolchains/XcodeDefault.xctoolchain/usr/bin/clang -x objective-c -ivfsstatcache /Users/siam/Library/Developer/Xcode/DerivedData/SDKStatCaches.noindex/iphonesimulator26.0-23A339-26257891a6c027eb51374368541b8346.sdkstatcache -fmessage-length\=0 -fdiagnostics-show-note-include-stack -fmacro-backtrace-limit\=0 -fno-color-diagnostics -fmodules-prune-interval\=86400 -fmodules-prune-after\=345600 -fbuild-session-file\=/Users/siam/Library/Developer/Xcode/DerivedData/ModuleCache.noindex/Session.modulevalidation -fmodules-validate-once-per-build-session -Wnon-modular-include-in-framework-module -Werror\=non-modular-include-in-framework-module -Wno-trigraphs -Wno-missing-field-initializers -Wno-missing-prototypes -Wno-return-type -Wno-implicit-atomic-properties -Wno-objc-interface-ivars -Wno-arc-repeated-use-of-weak -Wno-missing-braces -Wparentheses -Wswitch -Wno-unused-function -Wno-unused-label -Wno-unused-parameter -Wno-unused-variable -Wunused-value -Wno-empty-body -Wno-uninitialized -Wno-unknown-pragmas -w -Wno-shadow -Wno-four-char-constants -Wno-conversion -Wno-constant-conversion -Wno-int-conversion -Wno-bool-conversion -Wno-enum-conversion -Wno-float-conversion -Wno-non-literal-null-conversion -Wno-objc-literal-conversion -Wshorten-64-to-32 -Wpointer-sign -Wno-newline-eof -Wno-selector -Wno-strict-selector-match -Wno-undeclared-selector -Wno-deprecated-implementations -Wno-implicit-fallthrough -fstrict-aliasing -Wprotocol -Wdeprecated-declarations -Wno-sign-conversion -Wno-infinite-recursion -Wno-comma -Wno-block-capture-autoreleasing -Wno-strict-prototypes -Wno-semicolon-before-method-body -index-store-path /Users/siam/Library/Developer/Xcode/DerivedData/Lingua_Quest-gvpckrqxtbgyprbgppjfqmimmmfw/Index.noindex/DataStore @/Users/siam/Library/Developer/Xcode/DerivedData/Lingua_Quest-gvpckrqxtbgyprbgppjfqmimmmfw/Build/Intermediates.noindex/GoogleSignIn.build/Debug-iphonesimulator/GoogleSignIn.build/Objects-normal/arm64/e6072d4f65d7061329687fe24e3d63a7-common-args.resp -include /Users/siam/Library/Developer/Xcode/DerivedData/Lingua_Quest-gvpckrqxtbgyprbgppjfqmimmmfw/Build/Intermediates.noindex/GoogleSignIn.build/Debug-iphonesimulator/GoogleSignIn.build/DerivedSources/resource_bundle_accessor.h -MMD -MT dependencies -MF /Users/siam/Library/Developer/Xcode/DerivedData/Lingua_Quest-gvpckrqxtbgyprbgppjfqmimmmfw/Build/Intermediates.noindex/GoogleSignIn.build/Debug-iphonesimulator/GoogleSignIn.build/Objects-normal/arm64/GIDAuthentication.d --serialize-diagnostics /Users/siam/Library/Developer/Xcode/DerivedData/Lingua_Quest-gvpckrqxtbgyprbgppjfqmimmmfw/Build/Intermediates.noindex/GoogleSignIn.build/Debug-iphonesimulator/GoogleSignIn.build/Objects-normal/arm64/GIDAuthentication.dia -c /Users/siam/Library/Developer/Xcode/DerivedData/Lingua_Quest-gvpckrqxtbgyprbgppjfqmimmmfw/SourcePackages/checkouts/GoogleSignIn-iOS/GoogleSignIn/Sources/GIDAuthentication.m -o /Users/siam/Library/Developer/Xcode/DerivedData/Lingua_Quest-gvpckrqxtbgyprbgppjfqmimmmfw/Build/Intermediates.noindex/GoogleSignIn.build/Debug-iphonesimulator/GoogleSignIn.build/Objects-normal/arm64/GIDAuthentication.o -index-unit-output-path /GoogleSignIn.build/Debug-iphonesimulator/GoogleSignIn.build/Objects-normal/arm64/GIDAuthentication.o

ScanDependencies /Users/siam/Library/Developer/Xcode/DerivedData/Lingua_Quest-gvpckrqxtbgyprbgppjfqmimmmfw/Build/Intermediates.noindex/GoogleSignIn.build/Debug-iphonesimulator/GoogleSignIn.build/Objects-normal/arm64/GIDAuthStateMigration.o /Users/siam/Library/Developer/Xcode/DerivedData/Lingua_Quest-gvpckrqxtbgyprbgppjfqmimmmfw/SourcePackages/checkouts/GoogleSignIn-iOS/GoogleSignIn/Sources/GIDAuthStateMigration/Implementation/GIDAuthStateMigration.m normal arm64 objective-c com.apple.compilers.llvm.clang.1_0.compiler (in target 'GoogleSignIn' from project 'GoogleSignIn')
    cd /Users/siam/Desktop/Lingua\ Quest/Lingua\ Quest.xcodeproj
    
    Using response file: /Users/siam/Library/Developer/Xcode/DerivedData/Lingua_Quest-gvpckrqxtbgyprbgppjfqmimmmfw/Build/Intermediates.noindex/GoogleSignIn.build/Debug-iphonesimulator/GoogleSignIn.build/Objects-normal/arm64/e6072d4f65d7061329687fe24e3d63a7-common-args.resp
    
    builtin-ScanDependencies -o /Users/siam/Library/Developer/Xcode/DerivedData/Lingua_Quest-gvpckrqxtbgyprbgppjfqmimmmfw/Build/Intermediates.noindex/GoogleSignIn.build/Debug-iphonesimulator/GoogleSignIn.build/Objects-normal/arm64/GIDAuthStateMigration.o.scan -- /Applications/Xcode.app/Contents/Developer/Toolchains/XcodeDefault.xctoolchain/usr/bin/clang -x objective-c -ivfsstatcache /Users/siam/Library/Developer/Xcode/DerivedData/SDKStatCaches.noindex/iphonesimulator26.0-23A339-26257891a6c027eb51374368541b8346.sdkstatcache -fmessage-length\=0 -fdiagnostics-show-note-include-stack -fmacro-backtrace-limit\=0 -fno-color-diagnostics -fmodules-prune-interval\=86400 -fmodules-prune-after\=345600 -fbuild-session-file\=/Users/siam/Library/Developer/Xcode/DerivedData/ModuleCache.noindex/Session.modulevalidation -fmodules-validate-once-per-build-session -Wnon-modular-include-in-framework-module -Werror\=non-modular-include-in-framework-module -Wno-trigraphs -Wno-missing-field-initializers -Wno-missing-prototypes -Wno-return-type -Wno-implicit-atomic-properties -Wno-objc-interface-ivars -Wno-arc-repeated-use-of-weak -Wno-missing-braces -Wparentheses -Wswitch -Wno-unused-function -Wno-unused-label -Wno-unused-parameter -Wno-unused-variable -Wunused-value -Wno-empty-body -Wno-uninitialized -Wno-unknown-pragmas -w -Wno-shadow -Wno-four-char-constants -Wno-conversion -Wno-constant-conversion -Wno-int-conversion -Wno-bool-conversion -Wno-enum-conversion -Wno-float-conversion -Wno-non-literal-null-conversion -Wno-objc-literal-conversion -Wshorten-64-to-32 -Wpointer-sign -Wno-newline-eof -Wno-selector -Wno-strict-selector-match -Wno-undeclared-selector -Wno-deprecated-implementations -Wno-implicit-fallthrough -fstrict-aliasing -Wprotocol -Wdeprecated-declarations -Wno-sign-conversion -Wno-infinite-recursion -Wno-comma -Wno-block-capture-autoreleasing -Wno-strict-prototypes -Wno-semicolon-before-method-body -index-store-path /Users/siam/Library/Developer/Xcode/DerivedData/Lingua_Quest-gvpckrqxtbgyprbgppjfqmimmmfw/Index.noindex/DataStore @/Users/siam/Library/Developer/Xcode/DerivedData/Lingua_Quest-gvpckrqxtbgyprbgppjfqmimmmfw/Build/Intermediates.noindex/GoogleSignIn.build/Debug-iphonesimulator/GoogleSignIn.build/Objects-normal/arm64/e6072d4f65d7061329687fe24e3d63a7-common-args.resp -include /Users/siam/Library/Developer/Xcode/DerivedData/Lingua_Quest-gvpckrqxtbgyprbgppjfqmimmmfw/Build/Intermediates.noindex/GoogleSignIn.build/Debug-iphonesimulator/GoogleSignIn.build/DerivedSources/resource_bundle_accessor.h -MMD -MT dependencies -MF /Users/siam/Library/Developer/Xcode/DerivedData/Lingua_Quest-gvpckrqxtbgyprbgppjfqmimmmfw/Build/Intermediates.noindex/GoogleSignIn.build/Debug-iphonesimulator/GoogleSignIn.build/Objects-normal/arm64/GIDAuthStateMigration.d --serialize-diagnostics /Users/siam/Library/Developer/Xcode/DerivedData/Lingua_Quest-gvpckrqxtbgyprbgppjfqmimmmfw/Build/Intermediates.noindex/GoogleSignIn.build/Debug-iphonesimulator/GoogleSignIn.build/Objects-normal/arm64/GIDAuthStateMigration.dia -c /Users/siam/Library/Developer/Xcode/DerivedData/Lingua_Quest-gvpckrqxtbgyprbgppjfqmimmmfw/SourcePackages/checkouts/GoogleSignIn-iOS/GoogleSignIn/Sources/GIDAuthStateMigration/Implementation/GIDAuthStateMigration.m -o /Users/siam/Library/Developer/Xcode/DerivedData/Lingua_Quest-gvpckrqxtbgyprbgppjfqmimmmfw/Build/Intermediates.noindex/GoogleSignIn.build/Debug-iphonesimulator/GoogleSignIn.build/Objects-normal/arm64/GIDAuthStateMigration.o -index-unit-output-path /GoogleSignIn.build/Debug-iphonesimulator/GoogleSignIn.build/Objects-normal/arm64/GIDAuthStateMigration.o

ScanDependencies /Users/siam/Library/Developer/Xcode/DerivedData/Lingua_Quest-gvpckrqxtbgyprbgppjfqmimmmfw/Build/Intermediates.noindex/GoogleSignIn.build/Debug-iphonesimulator/GoogleSignIn.build/Objects-normal/arm64/GIDAppCheckProviderFake.o /Users/siam/Library/Developer/Xcode/DerivedData/Lingua_Quest-gvpckrqxtbgyprbgppjfqmimmmfw/SourcePackages/checkouts/GoogleSignIn-iOS/GoogleSignIn/Sources/GIDAppCheck/Implementations/Fake/GIDAppCheckProviderFake.m normal arm64 objective-c com.apple.compilers.llvm.clang.1_0.compiler (in target 'GoogleSignIn' from project 'GoogleSignIn')
    cd /Users/siam/Desktop/Lingua\ Quest/Lingua\ Quest.xcodeproj
    
    Using response file: /Users/siam/Library/Developer/Xcode/DerivedData/Lingua_Quest-gvpckrqxtbgyprbgppjfqmimmmfw/Build/Intermediates.noindex/GoogleSignIn.build/Debug-iphonesimulator/GoogleSignIn.build/Objects-normal/arm64/e6072d4f65d7061329687fe24e3d63a7-common-args.resp
    
    builtin-ScanDependencies -o /Users/siam/Library/Developer/Xcode/DerivedData/Lingua_Quest-gvpckrqxtbgyprbgppjfqmimmmfw/Build/Intermediates.noindex/GoogleSignIn.build/Debug-iphonesimulator/GoogleSignIn.build/Objects-normal/arm64/GIDAppCheckProviderFake.o.scan -- /Applications/Xcode.app/Contents/Developer/Toolchains/XcodeDefault.xctoolchain/usr/bin/clang -x objective-c -ivfsstatcache /Users/siam/Library/Developer/Xcode/DerivedData/SDKStatCaches.noindex/iphonesimulator26.0-23A339-26257891a6c027eb51374368541b8346.sdkstatcache -fmessage-length\=0 -fdiagnostics-show-note-include-stack -fmacro-backtrace-limit\=0 -fno-color-diagnostics -fmodules-prune-interval\=86400 -fmodules-prune-after\=345600 -fbuild-session-file\=/Users/siam/Library/Developer/Xcode/DerivedData/ModuleCache.noindex/Session.modulevalidation -fmodules-validate-once-per-build-session -Wnon-modular-include-in-framework-module -Werror\=non-modular-include-in-framework-module -Wno-trigraphs -Wno-missing-field-initializers -Wno-missing-prototypes -Wno-return-type -Wno-implicit-atomic-properties -Wno-objc-interface-ivars -Wno-arc-repeated-use-of-weak -Wno-missing-braces -Wparentheses -Wswitch -Wno-unused-function -Wno-unused-label -Wno-unused-parameter -Wno-unused-variable -Wunused-value -Wno-empty-body -Wno-uninitialized -Wno-unknown-pragmas -w -Wno-shadow -Wno-four-char-constants -Wno-conversion -Wno-constant-conversion -Wno-int-conversion -Wno-bool-conversion -Wno-enum-conversion -Wno-float-conversion -Wno-non-literal-null-conversion -Wno-objc-literal-conversion -Wshorten-64-to-32 -Wpointer-sign -Wno-newline-eof -Wno-selector -Wno-strict-selector-match -Wno-undeclared-selector -Wno-deprecated-implementations -Wno-implicit-fallthrough -fstrict-aliasing -Wprotocol -Wdeprecated-declarations -Wno-sign-conversion -Wno-infinite-recursion -Wno-comma -Wno-block-capture-autoreleasing -Wno-strict-prototypes -Wno-semicolon-before-method-body -index-store-path /Users/siam/Library/Developer/Xcode/DerivedData/Lingua_Quest-gvpckrqxtbgyprbgppjfqmimmmfw/Index.noindex/DataStore @/Users/siam/Library/Developer/Xcode/DerivedData/Lingua_Quest-gvpckrqxtbgyprbgppjfqmimmmfw/Build/Intermediates.noindex/GoogleSignIn.build/Debug-iphonesimulator/GoogleSignIn.build/Objects-normal/arm64/e6072d4f65d7061329687fe24e3d63a7-common-args.resp -include /Users/siam/Library/Developer/Xcode/DerivedData/Lingua_Quest-gvpckrqxtbgyprbgppjfqmimmmfw/Build/Intermediates.noindex/GoogleSignIn.build/Debug-iphonesimulator/GoogleSignIn.build/DerivedSources/resource_bundle_accessor.h -MMD -MT dependencies -MF /Users/siam/Library/Developer/Xcode/DerivedData/Lingua_Quest-gvpckrqxtbgyprbgppjfqmimmmfw/Build/Intermediates.noindex/GoogleSignIn.build/Debug-iphonesimulator/GoogleSignIn.build/Objects-normal/arm64/GIDAppCheckProviderFake.d --serialize-diagnostics /Users/siam/Library/Developer/Xcode/DerivedData/Lingua_Quest-gvpckrqxtbgyprbgppjfqmimmmfw/Build/Intermediates.noindex/GoogleSignIn.build/Debug-iphonesimulator/GoogleSignIn.build/Objects-normal/arm64/GIDAppCheckProviderFake.dia -c /Users/siam/Library/Developer/Xcode/DerivedData/Lingua_Quest-gvpckrqxtbgyprbgppjfqmimmmfw/SourcePackages/checkouts/GoogleSignIn-iOS/GoogleSignIn/Sources/GIDAppCheck/Implementations/Fake/GIDAppCheckProviderFake.m -o /Users/siam/Library/Developer/Xcode/DerivedData/Lingua_Quest-gvpckrqxtbgyprbgppjfqmimmmfw/Build/Intermediates.noindex/GoogleSignIn.build/Debug-iphonesimulator/GoogleSignIn.build/Objects-normal/arm64/GIDAppCheckProviderFake.o -index-unit-output-path /GoogleSignIn.build/Debug-iphonesimulator/GoogleSignIn.build/Objects-normal/arm64/GIDAppCheckProviderFake.o

ScanDependencies /Users/siam/Library/Developer/Xcode/DerivedData/Lingua_Quest-gvpckrqxtbgyprbgppjfqmimmmfw/Build/Intermediates.noindex/GoogleSignIn.build/Debug-iphonesimulator/GoogleSignIn.build/Objects-normal/arm64/GIDAppCheck.o /Users/siam/Library/Developer/Xcode/DerivedData/Lingua_Quest-gvpckrqxtbgyprbgppjfqmimmmfw/SourcePackages/checkouts/GoogleSignIn-iOS/GoogleSignIn/Sources/GIDAppCheck/Implementations/GIDAppCheck.m normal arm64 objective-c com.apple.compilers.llvm.clang.1_0.compiler (in target 'GoogleSignIn' from project 'GoogleSignIn')
    cd /Users/siam/Desktop/Lingua\ Quest/Lingua\ Quest.xcodeproj
    
    Using response file: /Users/siam/Library/Developer/Xcode/DerivedData/Lingua_Quest-gvpckrqxtbgyprbgppjfqmimmmfw/Build/Intermediates.noindex/GoogleSignIn.build/Debug-iphonesimulator/GoogleSignIn.build/Objects-normal/arm64/e6072d4f65d7061329687fe24e3d63a7-common-args.resp
    
    builtin-ScanDependencies -o /Users/siam/Library/Developer/Xcode/DerivedData/Lingua_Quest-gvpckrqxtbgyprbgppjfqmimmmfw/Build/Intermediates.noindex/GoogleSignIn.build/Debug-iphonesimulator/GoogleSignIn.build/Objects-normal/arm64/GIDAppCheck.o.scan -- /Applications/Xcode.app/Contents/Developer/Toolchains/XcodeDefault.xctoolchain/usr/bin/clang -x objective-c -ivfsstatcache /Users/siam/Library/Developer/Xcode/DerivedData/SDKStatCaches.noindex/iphonesimulator26.0-23A339-26257891a6c027eb51374368541b8346.sdkstatcache -fmessage-length\=0 -fdiagnostics-show-note-include-stack -fmacro-backtrace-limit\=0 -fno-color-diagnostics -fmodules-prune-interval\=86400 -fmodules-prune-after\=345600 -fbuild-session-file\=/Users/siam/Library/Developer/Xcode/DerivedData/ModuleCache.noindex/Session.modulevalidation -fmodules-validate-once-per-build-session -Wnon-modular-include-in-framework-module -Werror\=non-modular-include-in-framework-module -Wno-trigraphs -Wno-missing-field-initializers -Wno-missing-prototypes -Wno-return-type -Wno-implicit-atomic-properties -Wno-objc-interface-ivars -Wno-arc-repeated-use-of-weak -Wno-missing-braces -Wparentheses -Wswitch -Wno-unused-function -Wno-unused-label -Wno-unused-parameter -Wno-unused-variable -Wunused-value -Wno-empty-body -Wno-uninitialized -Wno-unknown-pragmas -w -Wno-shadow -Wno-four-char-constants -Wno-conversion -Wno-constant-conversion -Wno-int-conversion -Wno-bool-conversion -Wno-enum-conversion -Wno-float-conversion -Wno-non-literal-null-conversion -Wno-objc-literal-conversion -Wshorten-64-to-32 -Wpointer-sign -Wno-newline-eof -Wno-selector -Wno-strict-selector-match -Wno-undeclared-selector -Wno-deprecated-implementations -Wno-implicit-fallthrough -fstrict-aliasing -Wprotocol -Wdeprecated-declarations -Wno-sign-conversion -Wno-infinite-recursion -Wno-comma -Wno-block-capture-autoreleasing -Wno-strict-prototypes -Wno-semicolon-before-method-body -index-store-path /Users/siam/Library/Developer/Xcode/DerivedData/Lingua_Quest-gvpckrqxtbgyprbgppjfqmimmmfw/Index.noindex/DataStore @/Users/siam/Library/Developer/Xcode/DerivedData/Lingua_Quest-gvpckrqxtbgyprbgppjfqmimmmfw/Build/Intermediates.noindex/GoogleSignIn.build/Debug-iphonesimulator/GoogleSignIn.build/Objects-normal/arm64/e6072d4f65d7061329687fe24e3d63a7-common-args.resp -include /Users/siam/Library/Developer/Xcode/DerivedData/Lingua_Quest-gvpckrqxtbgyprbgppjfqmimmmfw/Build/Intermediates.noindex/GoogleSignIn.build/Debug-iphonesimulator/GoogleSignIn.build/DerivedSources/resource_bundle_accessor.h -MMD -MT dependencies -MF /Users/siam/Library/Developer/Xcode/DerivedData/Lingua_Quest-gvpckrqxtbgyprbgppjfqmimmmfw/Build/Intermediates.noindex/GoogleSignIn.build/Debug-iphonesimulator/GoogleSignIn.build/Objects-normal/arm64/GIDAppCheck.d --serialize-diagnostics /Users/siam/Library/Developer/Xcode/DerivedData/Lingua_Quest-gvpckrqxtbgyprbgppjfqmimmmfw/Build/Intermediates.noindex/GoogleSignIn.build/Debug-iphonesimulator/GoogleSignIn.build/Objects-normal/arm64/GIDAppCheck.dia -c /Users/siam/Library/Developer/Xcode/DerivedData/Lingua_Quest-gvpckrqxtbgyprbgppjfqmimmmfw/SourcePackages/checkouts/GoogleSignIn-iOS/GoogleSignIn/Sources/GIDAppCheck/Implementations/GIDAppCheck.m -o /Users/siam/Library/Developer/Xcode/DerivedData/Lingua_Quest-gvpckrqxtbgyprbgppjfqmimmmfw/Build/Intermediates.noindex/GoogleSignIn.build/Debug-iphonesimulator/GoogleSignIn.build/Objects-normal/arm64/GIDAppCheck.o -index-unit-output-path /GoogleSignIn.build/Debug-iphonesimulator/GoogleSignIn.build/Objects-normal/arm64/GIDAppCheck.o

PrecompileModule /Users/siam/Library/Developer/Xcode/DerivedData/Lingua_Quest-gvpckrqxtbgyprbgppjfqmimmmfw/Build/Intermediates.noindex/ExplicitPrecompiledModules/_Builtin_limits-9VE0BL5FLOC8DK9M096DJW8AA.scan
    cd /
    builtin-precompileModule /Users/siam/Library/Developer/Xcode/DerivedData/Lingua_Quest-gvpckrqxtbgyprbgppjfqmimmmfw/Build/Intermediates.noindex/ExplicitPrecompiledModules/_Builtin_limits-9VE0BL5FLOC8DK9M096DJW8AA.scan

PrecompileModule /Users/siam/Library/Developer/Xcode/DerivedData/Lingua_Quest-gvpckrqxtbgyprbgppjfqmimmmfw/Build/Intermediates.noindex/ExplicitPrecompiledModules/_DarwinFoundation2-4GFAJ8B3J9QD3BGL4010NY3F.scan
    cd /
    builtin-precompileModule /Users/siam/Library/Developer/Xcode/DerivedData/Lingua_Quest-gvpckrqxtbgyprbgppjfqmimmmfw/Build/Intermediates.noindex/ExplicitPrecompiledModules/_DarwinFoundation2-4GFAJ8B3J9QD3BGL4010NY3F.scan

ScanDependencies /Users/siam/Library/Developer/Xcode/DerivedData/Lingua_Quest-gvpckrqxtbgyprbgppjfqmimmmfw/Build/Intermediates.noindex/GoogleSignIn.build/Debug-iphonesimulator/GoogleSignIn.build/Objects-normal/arm64/GIDActivityIndicatorViewController.o /Users/siam/Library/Developer/Xcode/DerivedData/Lingua_Quest-gvpckrqxtbgyprbgppjfqmimmmfw/SourcePackages/checkouts/GoogleSignIn-iOS/GoogleSignIn/Sources/GIDAppCheck/UI/GIDActivityIndicatorViewController.m normal arm64 objective-c com.apple.compilers.llvm.clang.1_0.compiler (in target 'GoogleSignIn' from project 'GoogleSignIn')
    cd /Users/siam/Desktop/Lingua\ Quest/Lingua\ Quest.xcodeproj
    
    Using response file: /Users/siam/Library/Developer/Xcode/DerivedData/Lingua_Quest-gvpckrqxtbgyprbgppjfqmimmmfw/Build/Intermediates.noindex/GoogleSignIn.build/Debug-iphonesimulator/GoogleSignIn.build/Objects-normal/arm64/e6072d4f65d7061329687fe24e3d63a7-common-args.resp
    
    builtin-ScanDependencies -o /Users/siam/Library/Developer/Xcode/DerivedData/Lingua_Quest-gvpckrqxtbgyprbgppjfqmimmmfw/Build/Intermediates.noindex/GoogleSignIn.build/Debug-iphonesimulator/GoogleSignIn.build/Objects-normal/arm64/GIDActivityIndicatorViewController.o.scan -- /Applications/Xcode.app/Contents/Developer/Toolchains/XcodeDefault.xctoolchain/usr/bin/clang -x objective-c -ivfsstatcache /Users/siam/Library/Developer/Xcode/DerivedData/SDKStatCaches.noindex/iphonesimulator26.0-23A339-26257891a6c027eb51374368541b8346.sdkstatcache -fmessage-length\=0 -fdiagnostics-show-note-include-stack -fmacro-backtrace-limit\=0 -fno-color-diagnostics -fmodules-prune-interval\=86400 -fmodules-prune-after\=345600 -fbuild-session-file\=/Users/siam/Library/Developer/Xcode/DerivedData/ModuleCache.noindex/Session.modulevalidation -fmodules-validate-once-per-build-session -Wnon-modular-include-in-framework-module -Werror\=non-modular-include-in-framework-module -Wno-trigraphs -Wno-missing-field-initializers -Wno-missing-prototypes -Wno-return-type -Wno-implicit-atomic-properties -Wno-objc-interface-ivars -Wno-arc-repeated-use-of-weak -Wno-missing-braces -Wparentheses -Wswitch -Wno-unused-function -Wno-unused-label -Wno-unused-parameter -Wno-unused-variable -Wunused-value -Wno-empty-body -Wno-uninitialized -Wno-unknown-pragmas -w -Wno-shadow -Wno-four-char-constants -Wno-conversion -Wno-constant-conversion -Wno-int-conversion -Wno-bool-conversion -Wno-enum-conversion -Wno-float-conversion -Wno-non-literal-null-conversion -Wno-objc-literal-conversion -Wshorten-64-to-32 -Wpointer-sign -Wno-newline-eof -Wno-selector -Wno-strict-selector-match -Wno-undeclared-selector -Wno-deprecated-implementations -Wno-implicit-fallthrough -fstrict-aliasing -Wprotocol -Wdeprecated-declarations -Wno-sign-conversion -Wno-infinite-recursion -Wno-comma -Wno-block-capture-autoreleasing -Wno-strict-prototypes -Wno-semicolon-before-method-body -index-store-path /Users/siam/Library/Developer/Xcode/DerivedData/Lingua_Quest-gvpckrqxtbgyprbgppjfqmimmmfw/Index.noindex/DataStore @/Users/siam/Library/Developer/Xcode/DerivedData/Lingua_Quest-gvpckrqxtbgyprbgppjfqmimmmfw/Build/Intermediates.noindex/GoogleSignIn.build/Debug-iphonesimulator/GoogleSignIn.build/Objects-normal/arm64/e6072d4f65d7061329687fe24e3d63a7-common-args.resp -include /Users/siam/Library/Developer/Xcode/DerivedData/Lingua_Quest-gvpckrqxtbgyprbgppjfqmimmmfw/Build/Intermediates.noindex/GoogleSignIn.build/Debug-iphonesimulator/GoogleSignIn.build/DerivedSources/resource_bundle_accessor.h -MMD -MT dependencies -MF /Users/siam/Library/Developer/Xcode/DerivedData/Lingua_Quest-gvpckrqxtbgyprbgppjfqmimmmfw/Build/Intermediates.noindex/GoogleSignIn.build/Debug-iphonesimulator/GoogleSignIn.build/Objects-normal/arm64/GIDActivityIndicatorViewController.d --serialize-diagnostics /Users/siam/Library/Developer/Xcode/DerivedData/Lingua_Quest-gvpckrqxtbgyprbgppjfqmimmmfw/Build/Intermediates.noindex/GoogleSignIn.build/Debug-iphonesimulator/GoogleSignIn.build/Objects-normal/arm64/GIDActivityIndicatorViewController.dia -c /Users/siam/Library/Developer/Xcode/DerivedData/Lingua_Quest-gvpckrqxtbgyprbgppjfqmimmmfw/SourcePackages/checkouts/GoogleSignIn-iOS/GoogleSignIn/Sources/GIDAppCheck/UI/GIDActivityIndicatorViewController.m -o /Users/siam/Library/Developer/Xcode/DerivedData/Lingua_Quest-gvpckrqxtbgyprbgppjfqmimmmfw/Build/Intermediates.noindex/GoogleSignIn.build/Debug-iphonesimulator/GoogleSignIn.build/Objects-normal/arm64/GIDActivityIndicatorViewController.o -index-unit-output-path /GoogleSignIn.build/Debug-iphonesimulator/GoogleSignIn.build/Objects-normal/arm64/GIDActivityIndicatorViewController.o

SwiftDriver\ Compilation GTMAppAuth normal x86_64 com.apple.xcode.tools.swift.compiler (in target 'GTMAppAuth' from project 'GTMAppAuth')
    cd /Users/siam/Desktop/Lingua\ Quest/Lingua\ Quest.xcodeproj
    builtin-Swift-Compilation -- /Applications/Xcode.app/Contents/Developer/Toolchains/XcodeDefault.xctoolchain/usr/bin/swiftc -module-name GTMAppAuth -Onone -enforce-exclusivity\=checked @/Users/siam/Library/Developer/Xcode/DerivedData/Lingua_Quest-gvpckrqxtbgyprbgppjfqmimmmfw/Build/Intermediates.noindex/GTMAppAuth.build/Debug-iphonesimulator/GTMAppAuth.build/Objects-normal/x86_64/GTMAppAuth.SwiftFileList -DSWIFT_PACKAGE -DDEBUG -DSWIFT_MODULE_RESOURCE_BUNDLE_AVAILABLE -Xcc -fmodule-map-file\=/Users/siam/Library/Developer/Xcode/DerivedData/Lingua_Quest-gvpckrqxtbgyprbgppjfqmimmmfw/Build/Intermediates.noindex/GeneratedModuleMaps-iphonesimulator/GTMSessionFetcherCore.modulemap -Xcc -fmodule-map-file\=/Users/siam/Library/Developer/Xcode/DerivedData/Lingua_Quest-gvpckrqxtbgyprbgppjfqmimmmfw/Build/Intermediates.noindex/GeneratedModuleMaps-iphonesimulator/AppAuthCore.modulemap -DXcode -plugin-path /Applications/Xcode.app/Contents/Developer/Toolchains/XcodeDefault.xctoolchain/usr/lib/swift/host/plugins/testing -enable-experimental-feature DebugDescriptionMacro -sdk /Applications/Xcode.app/Contents/Developer/Platforms/iPhoneSimulator.platform/Developer/SDKs/iPhoneSimulator26.0.sdk -target x86_64-apple-ios12.0-simulator -g -module-cache-path /Users/siam/Library/Developer/Xcode/DerivedData/ModuleCache.noindex -Xfrontend -serialize-debugging-options -profile-coverage-mapping -profile-generate -enable-testing -suppress-warnings -index-store-path /Users/siam/Library/Developer/Xcode/DerivedData/Lingua_Quest-gvpckrqxtbgyprbgppjfqmimmmfw/Index.noindex/DataStore -Xcc -D_LIBCPP_HARDENING_MODE\=_LIBCPP_HARDENING_MODE_DEBUG -swift-version 5 -I /Users/siam/Library/Developer/Xcode/DerivedData/Lingua_Quest-gvpckrqxtbgyprbgppjfqmimmmfw/Build/Products/Debug-iphonesimulator -Isystem /Applications/Xcode.app/Contents/Developer/Platforms/iPhoneSimulator.platform/Developer/usr/lib -F /Users/siam/Library/Developer/Xcode/DerivedData/Lingua_Quest-gvpckrqxtbgyprbgppjfqmimmmfw/Build/Products/Debug-iphonesimulator/PackageFrameworks -F /Users/siam/Library/Developer/Xcode/DerivedData/Lingua_Quest-gvpckrqxtbgyprbgppjfqmimmmfw/Build/Products/Debug-iphonesimulator/PackageFrameworks -F /Users/siam/Library/Developer/Xcode/DerivedData/Lingua_Quest-gvpckrqxtbgyprbgppjfqmimmmfw/Build/Products/Debug-iphonesimulator -F /Applications/Xcode.app/Contents/Developer/Platforms/iPhoneSimulator.platform/Developer/Library/Frameworks -F /Applications/Xcode.app/Contents/Developer/Platforms/iPhoneSimulator.platform/Developer/SDKs/iPhoneSimulator26.0.sdk/Developer/Library/Frameworks -c -j12 -enable-batch-mode -incremental -Xcc -ivfsstatcache -Xcc /Users/siam/Library/Developer/Xcode/DerivedData/SDKStatCaches.noindex/iphonesimulator26.0-23A339-26257891a6c027eb51374368541b8346.sdkstatcache -output-file-map /Users/siam/Library/Developer/Xcode/DerivedData/Lingua_Quest-gvpckrqxtbgyprbgppjfqmimmmfw/Build/Intermediates.noindex/GTMAppAuth.build/Debug-iphonesimulator/GTMAppAuth.build/Objects-normal/x86_64/GTMAppAuth-OutputFileMap.json -use-frontend-parseable-output -save-temps -no-color-diagnostics -explicit-module-build -module-cache-path /Users/siam/Library/Developer/Xcode/DerivedData/Lingua_Quest-gvpckrqxtbgyprbgppjfqmimmmfw/Build/Intermediates.noindex/SwiftExplicitPrecompiledModules -clang-scanner-module-cache-path /Users/siam/Library/Developer/Xcode/DerivedData/ModuleCache.noindex -sdk-module-cache-path /Users/siam/Library/Developer/Xcode/DerivedData/ModuleCache.noindex -serialize-diagnostics -emit-dependencies -emit-module -emit-module-path /Users/siam/Library/Developer/Xcode/DerivedData/Lingua_Quest-gvpckrqxtbgyprbgppjfqmimmmfw/Build/Intermediates.noindex/GTMAppAuth.build/Debug-iphonesimulator/GTMAppAuth.build/Objects-normal/x86_64/GTMAppAuth.swiftmodule -validate-clang-modules-once -clang-build-session-file /Users/siam/Library/Developer/Xcode/DerivedData/ModuleCache.noindex/Session.modulevalidation -Xcc -I/Users/siam/Library/Developer/Xcode/DerivedData/Lingua_Quest-gvpckrqxtbgyprbgppjfqmimmmfw/Build/Intermediates.noindex/GTMAppAuth.build/Debug-iphonesimulator/GTMAppAuth.build/swift-overrides.hmap -emit-const-values -Xfrontend -const-gather-protocols-file -Xfrontend /Users/siam/Library/Developer/Xcode/DerivedData/Lingua_Quest-gvpckrqxtbgyprbgppjfqmimmmfw/Build/Intermediates.noindex/GTMAppAuth.build/Debug-iphonesimulator/GTMAppAuth.build/Objects-normal/x86_64/GTMAppAuth_const_extract_protocols.json -Xcc -I/Users/siam/Library/Developer/Xcode/DerivedData/Lingua_Quest-gvpckrqxtbgyprbgppjfqmimmmfw/SourcePackages/checkouts/gtm-session-fetcher/Sources/Core/Public -Xcc -I/Users/siam/Library/Developer/Xcode/DerivedData/Lingua_Quest-gvpckrqxtbgyprbgppjfqmimmmfw/SourcePackages/checkouts/AppAuth-iOS/Sources/AppAuthCore -Xcc -I/Users/siam/Library/Developer/Xcode/DerivedData/Lingua_Quest-gvpckrqxtbgyprbgppjfqmimmmfw/Build/Products/Debug-iphonesimulator/include -Xcc -I/Users/siam/Library/Developer/Xcode/DerivedData/Lingua_Quest-gvpckrqxtbgyprbgppjfqmimmmfw/Build/Intermediates.noindex/GTMAppAuth.build/Debug-iphonesimulator/GTMAppAuth.build/DerivedSources-normal/x86_64 -Xcc -I/Users/siam/Library/Developer/Xcode/DerivedData/Lingua_Quest-gvpckrqxtbgyprbgppjfqmimmmfw/Build/Intermediates.noindex/GTMAppAuth.build/Debug-iphonesimulator/GTMAppAuth.build/DerivedSources/x86_64 -Xcc -I/Users/siam/Library/Developer/Xcode/DerivedData/Lingua_Quest-gvpckrqxtbgyprbgppjfqmimmmfw/Build/Intermediates.noindex/GTMAppAuth.build/Debug-iphonesimulator/GTMAppAuth.build/DerivedSources -Xcc -DSWIFT_PACKAGE -Xcc -DDEBUG\=1 -emit-objc-header -emit-objc-header-path /Users/siam/Library/Developer/Xcode/DerivedData/Lingua_Quest-gvpckrqxtbgyprbgppjfqmimmmfw/Build/Intermediates.noindex/GTMAppAuth.build/Debug-iphonesimulator/GTMAppAuth.build/Objects-normal/x86_64/GTMAppAuth-Swift.h -working-directory /Users/siam/Desktop/Lingua\ Quest/Lingua\ Quest.xcodeproj -experimental-emit-module-separately -disable-cmo

SwiftDriver\ Compilation GTMAppAuth normal arm64 com.apple.xcode.tools.swift.compiler (in target 'GTMAppAuth' from project 'GTMAppAuth')
    cd /Users/siam/Desktop/Lingua\ Quest/Lingua\ Quest.xcodeproj
    builtin-Swift-Compilation -- /Applications/Xcode.app/Contents/Developer/Toolchains/XcodeDefault.xctoolchain/usr/bin/swiftc -module-name GTMAppAuth -Onone -enforce-exclusivity\=checked @/Users/siam/Library/Developer/Xcode/DerivedData/Lingua_Quest-gvpckrqxtbgyprbgppjfqmimmmfw/Build/Intermediates.noindex/GTMAppAuth.build/Debug-iphonesimulator/GTMAppAuth.build/Objects-normal/arm64/GTMAppAuth.SwiftFileList -DSWIFT_PACKAGE -DDEBUG -DSWIFT_MODULE_RESOURCE_BUNDLE_AVAILABLE -Xcc -fmodule-map-file\=/Users/siam/Library/Developer/Xcode/DerivedData/Lingua_Quest-gvpckrqxtbgyprbgppjfqmimmmfw/Build/Intermediates.noindex/GeneratedModuleMaps-iphonesimulator/GTMSessionFetcherCore.modulemap -Xcc -fmodule-map-file\=/Users/siam/Library/Developer/Xcode/DerivedData/Lingua_Quest-gvpckrqxtbgyprbgppjfqmimmmfw/Build/Intermediates.noindex/GeneratedModuleMaps-iphonesimulator/AppAuthCore.modulemap -DXcode -plugin-path /Applications/Xcode.app/Contents/Developer/Toolchains/XcodeDefault.xctoolchain/usr/lib/swift/host/plugins/testing -enable-experimental-feature DebugDescriptionMacro -sdk /Applications/Xcode.app/Contents/Developer/Platforms/iPhoneSimulator.platform/Developer/SDKs/iPhoneSimulator26.0.sdk -target arm64-apple-ios12.0-simulator -g -module-cache-path /Users/siam/Library/Developer/Xcode/DerivedData/ModuleCache.noindex -Xfrontend -serialize-debugging-options -profile-coverage-mapping -profile-generate -enable-testing -suppress-warnings -index-store-path /Users/siam/Library/Developer/Xcode/DerivedData/Lingua_Quest-gvpckrqxtbgyprbgppjfqmimmmfw/Index.noindex/DataStore -Xcc -D_LIBCPP_HARDENING_MODE\=_LIBCPP_HARDENING_MODE_DEBUG -swift-version 5 -I /Users/siam/Library/Developer/Xcode/DerivedData/Lingua_Quest-gvpckrqxtbgyprbgppjfqmimmmfw/Build/Products/Debug-iphonesimulator -Isystem /Applications/Xcode.app/Contents/Developer/Platforms/iPhoneSimulator.platform/Developer/usr/lib -F /Users/siam/Library/Developer/Xcode/DerivedData/Lingua_Quest-gvpckrqxtbgyprbgppjfqmimmmfw/Build/Products/Debug-iphonesimulator/PackageFrameworks -F /Users/siam/Library/Developer/Xcode/DerivedData/Lingua_Quest-gvpckrqxtbgyprbgppjfqmimmmfw/Build/Products/Debug-iphonesimulator/PackageFrameworks -F /Users/siam/Library/Developer/Xcode/DerivedData/Lingua_Quest-gvpckrqxtbgyprbgppjfqmimmmfw/Build/Products/Debug-iphonesimulator -F /Applications/Xcode.app/Contents/Developer/Platforms/iPhoneSimulator.platform/Developer/Library/Frameworks -F /Applications/Xcode.app/Contents/Developer/Platforms/iPhoneSimulator.platform/Developer/SDKs/iPhoneSimulator26.0.sdk/Developer/Library/Frameworks -c -j12 -enable-batch-mode -incremental -Xcc -ivfsstatcache -Xcc /Users/siam/Library/Developer/Xcode/DerivedData/SDKStatCaches.noindex/iphonesimulator26.0-23A339-26257891a6c027eb51374368541b8346.sdkstatcache -output-file-map /Users/siam/Library/Developer/Xcode/DerivedData/Lingua_Quest-gvpckrqxtbgyprbgppjfqmimmmfw/Build/Intermediates.noindex/GTMAppAuth.build/Debug-iphonesimulator/GTMAppAuth.build/Objects-normal/arm64/GTMAppAuth-OutputFileMap.json -use-frontend-parseable-output -save-temps -no-color-diagnostics -explicit-module-build -module-cache-path /Users/siam/Library/Developer/Xcode/DerivedData/Lingua_Quest-gvpckrqxtbgyprbgppjfqmimmmfw/Build/Intermediates.noindex/SwiftExplicitPrecompiledModules -clang-scanner-module-cache-path /Users/siam/Library/Developer/Xcode/DerivedData/ModuleCache.noindex -sdk-module-cache-path /Users/siam/Library/Developer/Xcode/DerivedData/ModuleCache.noindex -serialize-diagnostics -emit-dependencies -emit-module -emit-module-path /Users/siam/Library/Developer/Xcode/DerivedData/Lingua_Quest-gvpckrqxtbgyprbgppjfqmimmmfw/Build/Intermediates.noindex/GTMAppAuth.build/Debug-iphonesimulator/GTMAppAuth.build/Objects-normal/arm64/GTMAppAuth.swiftmodule -validate-clang-modules-once -clang-build-session-file /Users/siam/Library/Developer/Xcode/DerivedData/ModuleCache.noindex/Session.modulevalidation -Xcc -I/Users/siam/Library/Developer/Xcode/DerivedData/Lingua_Quest-gvpckrqxtbgyprbgppjfqmimmmfw/Build/Intermediates.noindex/GTMAppAuth.build/Debug-iphonesimulator/GTMAppAuth.build/swift-overrides.hmap -emit-const-values -Xfrontend -const-gather-protocols-file -Xfrontend /Users/siam/Library/Developer/Xcode/DerivedData/Lingua_Quest-gvpckrqxtbgyprbgppjfqmimmmfw/Build/Intermediates.noindex/GTMAppAuth.build/Debug-iphonesimulator/GTMAppAuth.build/Objects-normal/arm64/GTMAppAuth_const_extract_protocols.json -Xcc -I/Users/siam/Library/Developer/Xcode/DerivedData/Lingua_Quest-gvpckrqxtbgyprbgppjfqmimmmfw/SourcePackages/checkouts/gtm-session-fetcher/Sources/Core/Public -Xcc -I/Users/siam/Library/Developer/Xcode/DerivedData/Lingua_Quest-gvpckrqxtbgyprbgppjfqmimmmfw/SourcePackages/checkouts/AppAuth-iOS/Sources/AppAuthCore -Xcc -I/Users/siam/Library/Developer/Xcode/DerivedData/Lingua_Quest-gvpckrqxtbgyprbgppjfqmimmmfw/Build/Products/Debug-iphonesimulator/include -Xcc -I/Users/siam/Library/Developer/Xcode/DerivedData/Lingua_Quest-gvpckrqxtbgyprbgppjfqmimmmfw/Build/Intermediates.noindex/GTMAppAuth.build/Debug-iphonesimulator/GTMAppAuth.build/DerivedSources-normal/arm64 -Xcc -I/Users/siam/Library/Developer/Xcode/DerivedData/Lingua_Quest-gvpckrqxtbgyprbgppjfqmimmmfw/Build/Intermediates.noindex/GTMAppAuth.build/Debug-iphonesimulator/GTMAppAuth.build/DerivedSources/arm64 -Xcc -I/Users/siam/Library/Developer/Xcode/DerivedData/Lingua_Quest-gvpckrqxtbgyprbgppjfqmimmmfw/Build/Intermediates.noindex/GTMAppAuth.build/Debug-iphonesimulator/GTMAppAuth.build/DerivedSources -Xcc -DSWIFT_PACKAGE -Xcc -DDEBUG\=1 -emit-objc-header -emit-objc-header-path /Users/siam/Library/Developer/Xcode/DerivedData/Lingua_Quest-gvpckrqxtbgyprbgppjfqmimmmfw/Build/Intermediates.noindex/GTMAppAuth.build/Debug-iphonesimulator/GTMAppAuth.build/Objects-normal/arm64/GTMAppAuth-Swift.h -working-directory /Users/siam/Desktop/Lingua\ Quest/Lingua\ Quest.xcodeproj -experimental-emit-module-separately -disable-cmo

SwiftCompile normal x86_64 Compiling\ HeartbeatsPayload.swift /Users/siam/Library/Developer/Xcode/DerivedData/Lingua_Quest-gvpckrqxtbgyprbgppjfqmimmmfw/SourcePackages/checkouts/firebase-ios-sdk/FirebaseCore/Internal/Sources/HeartbeatLogging/HeartbeatsPayload.swift (in target 'FirebaseCoreInternal' from project 'Firebase')

SwiftCompile normal x86_64 /Users/siam/Library/Developer/Xcode/DerivedData/Lingua_Quest-gvpckrqxtbgyprbgppjfqmimmmfw/SourcePackages/checkouts/firebase-ios-sdk/FirebaseCore/Internal/Sources/HeartbeatLogging/HeartbeatsPayload.swift (in target 'FirebaseCoreInternal' from project 'Firebase')
    cd /Users/siam/Desktop/Lingua\ Quest/Lingua\ Quest.xcodeproj
    

SwiftCompile normal arm64 Compiling\ _ObjC_HeartbeatController.swift /Users/siam/Library/Developer/Xcode/DerivedData/Lingua_Quest-gvpckrqxtbgyprbgppjfqmimmmfw/SourcePackages/checkouts/firebase-ios-sdk/FirebaseCore/Internal/Sources/HeartbeatLogging/_ObjC_HeartbeatController.swift (in target 'FirebaseCoreInternal' from project 'Firebase')

SwiftCompile normal arm64 /Users/siam/Library/Developer/Xcode/DerivedData/Lingua_Quest-gvpckrqxtbgyprbgppjfqmimmmfw/SourcePackages/checkouts/firebase-ios-sdk/FirebaseCore/Internal/Sources/HeartbeatLogging/_ObjC_HeartbeatController.swift (in target 'FirebaseCoreInternal' from project 'Firebase')
    cd /Users/siam/Desktop/Lingua\ Quest/Lingua\ Quest.xcodeproj
    

SwiftCompile normal arm64 Compiling\ UnfairLock.swift /Users/siam/Library/Developer/Xcode/DerivedData/Lingua_Quest-gvpckrqxtbgyprbgppjfqmimmmfw/SourcePackages/checkouts/firebase-ios-sdk/FirebaseCore/Internal/Sources/Utilities/UnfairLock.swift (in target 'FirebaseCoreInternal' from project 'Firebase')

SwiftCompile normal arm64 /Users/siam/Library/Developer/Xcode/DerivedData/Lingua_Quest-gvpckrqxtbgyprbgppjfqmimmmfw/SourcePackages/checkouts/firebase-ios-sdk/FirebaseCore/Internal/Sources/Utilities/UnfairLock.swift (in target 'FirebaseCoreInternal' from project 'Firebase')
    cd /Users/siam/Desktop/Lingua\ Quest/Lingua\ Quest.xcodeproj
    

SwiftCompile normal x86_64 Compiling\ HeartbeatController.swift,\ HeartbeatLoggingTestUtils.swift /Users/siam/Library/Developer/Xcode/DerivedData/Lingua_Quest-gvpckrqxtbgyprbgppjfqmimmmfw/SourcePackages/checkouts/firebase-ios-sdk/FirebaseCore/Internal/Sources/HeartbeatLogging/HeartbeatController.swift /Users/siam/Library/Developer/Xcode/DerivedData/Lingua_Quest-gvpckrqxtbgyprbgppjfqmimmmfw/SourcePackages/checkouts/firebase-ios-sdk/FirebaseCore/Internal/Sources/HeartbeatLogging/HeartbeatLoggingTestUtils.swift (in target 'FirebaseCoreInternal' from project 'Firebase')

SwiftCompile normal x86_64 /Users/siam/Library/Developer/Xcode/DerivedData/Lingua_Quest-gvpckrqxtbgyprbgppjfqmimmmfw/SourcePackages/checkouts/firebase-ios-sdk/FirebaseCore/Internal/Sources/HeartbeatLogging/HeartbeatController.swift (in target 'FirebaseCoreInternal' from project 'Firebase')
    cd /Users/siam/Desktop/Lingua\ Quest/Lingua\ Quest.xcodeproj
    

SwiftCompile normal x86_64 /Users/siam/Library/Developer/Xcode/DerivedData/Lingua_Quest-gvpckrqxtbgyprbgppjfqmimmmfw/SourcePackages/checkouts/firebase-ios-sdk/FirebaseCore/Internal/Sources/HeartbeatLogging/HeartbeatLoggingTestUtils.swift (in target 'FirebaseCoreInternal' from project 'Firebase')
    cd /Users/siam/Desktop/Lingua\ Quest/Lingua\ Quest.xcodeproj
    

SwiftCompile normal x86_64 Compiling\ HeartbeatsBundle.swift /Users/siam/Library/Developer/Xcode/DerivedData/Lingua_Quest-gvpckrqxtbgyprbgppjfqmimmmfw/SourcePackages/checkouts/firebase-ios-sdk/FirebaseCore/Internal/Sources/HeartbeatLogging/HeartbeatsBundle.swift (in target 'FirebaseCoreInternal' from project 'Firebase')

SwiftCompile normal x86_64 /Users/siam/Library/Developer/Xcode/DerivedData/Lingua_Quest-gvpckrqxtbgyprbgppjfqmimmmfw/SourcePackages/checkouts/firebase-ios-sdk/FirebaseCore/Internal/Sources/HeartbeatLogging/HeartbeatsBundle.swift (in target 'FirebaseCoreInternal' from project 'Firebase')
    cd /Users/siam/Desktop/Lingua\ Quest/Lingua\ Quest.xcodeproj
    

SwiftCompile normal x86_64 Compiling\ Storage.swift /Users/siam/Library/Developer/Xcode/DerivedData/Lingua_Quest-gvpckrqxtbgyprbgppjfqmimmmfw/SourcePackages/checkouts/firebase-ios-sdk/FirebaseCore/Internal/Sources/HeartbeatLogging/Storage.swift (in target 'FirebaseCoreInternal' from project 'Firebase')

SwiftCompile normal x86_64 /Users/siam/Library/Developer/Xcode/DerivedData/Lingua_Quest-gvpckrqxtbgyprbgppjfqmimmmfw/SourcePackages/checkouts/firebase-ios-sdk/FirebaseCore/Internal/Sources/HeartbeatLogging/Storage.swift (in target 'FirebaseCoreInternal' from project 'Firebase')
    cd /Users/siam/Desktop/Lingua\ Quest/Lingua\ Quest.xcodeproj
    

SwiftCompile normal arm64 Compiling\ HeartbeatController.swift,\ HeartbeatLoggingTestUtils.swift /Users/siam/Library/Developer/Xcode/DerivedData/Lingua_Quest-gvpckrqxtbgyprbgppjfqmimmmfw/SourcePackages/checkouts/firebase-ios-sdk/FirebaseCore/Internal/Sources/HeartbeatLogging/HeartbeatController.swift /Users/siam/Library/Developer/Xcode/DerivedData/Lingua_Quest-gvpckrqxtbgyprbgppjfqmimmmfw/SourcePackages/checkouts/firebase-ios-sdk/FirebaseCore/Internal/Sources/HeartbeatLogging/HeartbeatLoggingTestUtils.swift (in target 'FirebaseCoreInternal' from project 'Firebase')

SwiftCompile normal arm64 /Users/siam/Library/Developer/Xcode/DerivedData/Lingua_Quest-gvpckrqxtbgyprbgppjfqmimmmfw/SourcePackages/checkouts/firebase-ios-sdk/FirebaseCore/Internal/Sources/HeartbeatLogging/HeartbeatController.swift (in target 'FirebaseCoreInternal' from project 'Firebase')
    cd /Users/siam/Desktop/Lingua\ Quest/Lingua\ Quest.xcodeproj
    

SwiftCompile normal arm64 /Users/siam/Library/Developer/Xcode/DerivedData/Lingua_Quest-gvpckrqxtbgyprbgppjfqmimmmfw/SourcePackages/checkouts/firebase-ios-sdk/FirebaseCore/Internal/Sources/HeartbeatLogging/HeartbeatLoggingTestUtils.swift (in target 'FirebaseCoreInternal' from project 'Firebase')
    cd /Users/siam/Desktop/Lingua\ Quest/Lingua\ Quest.xcodeproj
    

SwiftCompile normal arm64 Compiling\ HeartbeatStorage.swift /Users/siam/Library/Developer/Xcode/DerivedData/Lingua_Quest-gvpckrqxtbgyprbgppjfqmimmmfw/SourcePackages/checkouts/firebase-ios-sdk/FirebaseCore/Internal/Sources/HeartbeatLogging/HeartbeatStorage.swift (in target 'FirebaseCoreInternal' from project 'Firebase')

SwiftCompile normal arm64 /Users/siam/Library/Developer/Xcode/DerivedData/Lingua_Quest-gvpckrqxtbgyprbgppjfqmimmmfw/SourcePackages/checkouts/firebase-ios-sdk/FirebaseCore/Internal/Sources/HeartbeatLogging/HeartbeatStorage.swift (in target 'FirebaseCoreInternal' from project 'Firebase')
    cd /Users/siam/Desktop/Lingua\ Quest/Lingua\ Quest.xcodeproj
    

SwiftCompile normal x86_64 Compiling\ _ObjC_HeartbeatsPayload.swift /Users/siam/Library/Developer/Xcode/DerivedData/Lingua_Quest-gvpckrqxtbgyprbgppjfqmimmmfw/SourcePackages/checkouts/firebase-ios-sdk/FirebaseCore/Internal/Sources/HeartbeatLogging/_ObjC_HeartbeatsPayload.swift (in target 'FirebaseCoreInternal' from project 'Firebase')

SwiftCompile normal x86_64 /Users/siam/Library/Developer/Xcode/DerivedData/Lingua_Quest-gvpckrqxtbgyprbgppjfqmimmmfw/SourcePackages/checkouts/firebase-ios-sdk/FirebaseCore/Internal/Sources/HeartbeatLogging/_ObjC_HeartbeatsPayload.swift (in target 'FirebaseCoreInternal' from project 'Firebase')
    cd /Users/siam/Desktop/Lingua\ Quest/Lingua\ Quest.xcodeproj
    

SwiftCompile normal arm64 Compiling\ resource_bundle_accessor.swift,\ Heartbeat.swift /Users/siam/Library/Developer/Xcode/DerivedData/Lingua_Quest-gvpckrqxtbgyprbgppjfqmimmmfw/Build/Intermediates.noindex/Firebase.build/Debug-iphonesimulator/FirebaseCoreInternal.build/DerivedSources/resource_bundle_accessor.swift /Users/siam/Library/Developer/Xcode/DerivedData/Lingua_Quest-gvpckrqxtbgyprbgppjfqmimmmfw/SourcePackages/checkouts/firebase-ios-sdk/FirebaseCore/Internal/Sources/HeartbeatLogging/Heartbeat.swift (in target 'FirebaseCoreInternal' from project 'Firebase')

SwiftCompile normal arm64 /Users/siam/Library/Developer/Xcode/DerivedData/Lingua_Quest-gvpckrqxtbgyprbgppjfqmimmmfw/Build/Intermediates.noindex/Firebase.build/Debug-iphonesimulator/FirebaseCoreInternal.build/DerivedSources/resource_bundle_accessor.swift (in target 'FirebaseCoreInternal' from project 'Firebase')
    cd /Users/siam/Desktop/Lingua\ Quest/Lingua\ Quest.xcodeproj
    

SwiftCompile normal arm64 /Users/siam/Library/Developer/Xcode/DerivedData/Lingua_Quest-gvpckrqxtbgyprbgppjfqmimmmfw/SourcePackages/checkouts/firebase-ios-sdk/FirebaseCore/Internal/Sources/HeartbeatLogging/Heartbeat.swift (in target 'FirebaseCoreInternal' from project 'Firebase')
    cd /Users/siam/Desktop/Lingua\ Quest/Lingua\ Quest.xcodeproj
    

SwiftCompile normal arm64 Compiling\ HeartbeatsBundle.swift /Users/siam/Library/Developer/Xcode/DerivedData/Lingua_Quest-gvpckrqxtbgyprbgppjfqmimmmfw/SourcePackages/checkouts/firebase-ios-sdk/FirebaseCore/Internal/Sources/HeartbeatLogging/HeartbeatsBundle.swift (in target 'FirebaseCoreInternal' from project 'Firebase')

SwiftCompile normal arm64 /Users/siam/Library/Developer/Xcode/DerivedData/Lingua_Quest-gvpckrqxtbgyprbgppjfqmimmmfw/SourcePackages/checkouts/firebase-ios-sdk/FirebaseCore/Internal/Sources/HeartbeatLogging/HeartbeatsBundle.swift (in target 'FirebaseCoreInternal' from project 'Firebase')
    cd /Users/siam/Desktop/Lingua\ Quest/Lingua\ Quest.xcodeproj
    

PrecompileModule /Users/siam/Library/Developer/Xcode/DerivedData/Lingua_Quest-gvpckrqxtbgyprbgppjfqmimmmfw/Build/Intermediates.noindex/ExplicitPrecompiledModules/_Builtin_stdint-F4W86654XA8P03P8H90139VBO.scan
    cd /
    builtin-precompileModule /Users/siam/Library/Developer/Xcode/DerivedData/Lingua_Quest-gvpckrqxtbgyprbgppjfqmimmmfw/Build/Intermediates.noindex/ExplicitPrecompiledModules/_Builtin_stdint-F4W86654XA8P03P8H90139VBO.scan

SwiftDriverJobDiscovery normal arm64 Compiling UnfairLock.swift (in target 'FirebaseCoreInternal' from project 'Firebase')

SwiftCompile normal x86_64 Compiling\ WeakContainer.swift /Users/siam/Library/Developer/Xcode/DerivedData/Lingua_Quest-gvpckrqxtbgyprbgppjfqmimmmfw/SourcePackages/checkouts/firebase-ios-sdk/FirebaseCore/Internal/Sources/HeartbeatLogging/WeakContainer.swift (in target 'FirebaseCoreInternal' from project 'Firebase')

SwiftCompile normal x86_64 /Users/siam/Library/Developer/Xcode/DerivedData/Lingua_Quest-gvpckrqxtbgyprbgppjfqmimmmfw/SourcePackages/checkouts/firebase-ios-sdk/FirebaseCore/Internal/Sources/HeartbeatLogging/WeakContainer.swift (in target 'FirebaseCoreInternal' from project 'Firebase')
    cd /Users/siam/Desktop/Lingua\ Quest/Lingua\ Quest.xcodeproj
    

PrecompileModule /Users/siam/Library/Developer/Xcode/DerivedData/Lingua_Quest-gvpckrqxtbgyprbgppjfqmimmmfw/Build/Intermediates.noindex/ExplicitPrecompiledModules/_DarwinFoundation3-4TWGLNP6GIZQMBHP5M39GSBZ7.scan
    cd /
    builtin-precompileModule /Users/siam/Library/Developer/Xcode/DerivedData/Lingua_Quest-gvpckrqxtbgyprbgppjfqmimmmfw/Build/Intermediates.noindex/ExplicitPrecompiledModules/_DarwinFoundation3-4TWGLNP6GIZQMBHP5M39GSBZ7.scan

SwiftDriverJobDiscovery normal arm64 Compiling _ObjC_HeartbeatController.swift (in target 'FirebaseCoreInternal' from project 'Firebase')

SwiftCompile normal arm64 Compiling\ Storage.swift /Users/siam/Library/Developer/Xcode/DerivedData/Lingua_Quest-gvpckrqxtbgyprbgppjfqmimmmfw/SourcePackages/checkouts/firebase-ios-sdk/FirebaseCore/Internal/Sources/HeartbeatLogging/Storage.swift (in target 'FirebaseCoreInternal' from project 'Firebase')

SwiftCompile normal arm64 /Users/siam/Library/Developer/Xcode/DerivedData/Lingua_Quest-gvpckrqxtbgyprbgppjfqmimmmfw/SourcePackages/checkouts/firebase-ios-sdk/FirebaseCore/Internal/Sources/HeartbeatLogging/Storage.swift (in target 'FirebaseCoreInternal' from project 'Firebase')
    cd /Users/siam/Desktop/Lingua\ Quest/Lingua\ Quest.xcodeproj
    

SwiftDriverJobDiscovery normal x86_64 Compiling _ObjC_HeartbeatsPayload.swift (in target 'FirebaseCoreInternal' from project 'Firebase')

SwiftCompile normal arm64 Compiling\ RingBuffer.swift /Users/siam/Library/Developer/Xcode/DerivedData/Lingua_Quest-gvpckrqxtbgyprbgppjfqmimmmfw/SourcePackages/checkouts/firebase-ios-sdk/FirebaseCore/Internal/Sources/HeartbeatLogging/RingBuffer.swift (in target 'FirebaseCoreInternal' from project 'Firebase')

SwiftCompile normal arm64 /Users/siam/Library/Developer/Xcode/DerivedData/Lingua_Quest-gvpckrqxtbgyprbgppjfqmimmmfw/SourcePackages/checkouts/firebase-ios-sdk/FirebaseCore/Internal/Sources/HeartbeatLogging/RingBuffer.swift (in target 'FirebaseCoreInternal' from project 'Firebase')
    cd /Users/siam/Desktop/Lingua\ Quest/Lingua\ Quest.xcodeproj
    

PrecompileModule /Users/siam/Library/Developer/Xcode/DerivedData/Lingua_Quest-gvpckrqxtbgyprbgppjfqmimmmfw/Build/Intermediates.noindex/ExplicitPrecompiledModules/_Builtin_inttypes-3IKD5X2SEZ4UU3TCO68G9K833.scan
    cd /
    builtin-precompileModule /Users/siam/Library/Developer/Xcode/DerivedData/Lingua_Quest-gvpckrqxtbgyprbgppjfqmimmmfw/Build/Intermediates.noindex/ExplicitPrecompiledModules/_Builtin_inttypes-3IKD5X2SEZ4UU3TCO68G9K833.scan

SwiftDriverJobDiscovery normal x86_64 Compiling Storage.swift (in target 'FirebaseCoreInternal' from project 'Firebase')

SwiftCompile normal x86_64 Compiling\ UnfairLock.swift /Users/siam/Library/Developer/Xcode/DerivedData/Lingua_Quest-gvpckrqxtbgyprbgppjfqmimmmfw/SourcePackages/checkouts/firebase-ios-sdk/FirebaseCore/Internal/Sources/Utilities/UnfairLock.swift (in target 'FirebaseCoreInternal' from project 'Firebase')

SwiftCompile normal x86_64 /Users/siam/Library/Developer/Xcode/DerivedData/Lingua_Quest-gvpckrqxtbgyprbgppjfqmimmmfw/SourcePackages/checkouts/firebase-ios-sdk/FirebaseCore/Internal/Sources/Utilities/UnfairLock.swift (in target 'FirebaseCoreInternal' from project 'Firebase')
    cd /Users/siam/Desktop/Lingua\ Quest/Lingua\ Quest.xcodeproj
    

SwiftDriverJobDiscovery normal arm64 Compiling HeartbeatStorage.swift (in target 'FirebaseCoreInternal' from project 'Firebase')

SwiftCompile normal arm64 Compiling\ WeakContainer.swift /Users/siam/Library/Developer/Xcode/DerivedData/Lingua_Quest-gvpckrqxtbgyprbgppjfqmimmmfw/SourcePackages/checkouts/firebase-ios-sdk/FirebaseCore/Internal/Sources/HeartbeatLogging/WeakContainer.swift (in target 'FirebaseCoreInternal' from project 'Firebase')

SwiftCompile normal arm64 /Users/siam/Library/Developer/Xcode/DerivedData/Lingua_Quest-gvpckrqxtbgyprbgppjfqmimmmfw/SourcePackages/checkouts/firebase-ios-sdk/FirebaseCore/Internal/Sources/HeartbeatLogging/WeakContainer.swift (in target 'FirebaseCoreInternal' from project 'Firebase')
    cd /Users/siam/Desktop/Lingua\ Quest/Lingua\ Quest.xcodeproj
    

SwiftDriverJobDiscovery normal x86_64 Compiling WeakContainer.swift (in target 'FirebaseCoreInternal' from project 'Firebase')

SwiftCompile normal x86_64 Compiling\ _ObjC_HeartbeatController.swift /Users/siam/Library/Developer/Xcode/DerivedData/Lingua_Quest-gvpckrqxtbgyprbgppjfqmimmmfw/SourcePackages/checkouts/firebase-ios-sdk/FirebaseCore/Internal/Sources/HeartbeatLogging/_ObjC_HeartbeatController.swift (in target 'FirebaseCoreInternal' from project 'Firebase')

SwiftCompile normal x86_64 /Users/siam/Library/Developer/Xcode/DerivedData/Lingua_Quest-gvpckrqxtbgyprbgppjfqmimmmfw/SourcePackages/checkouts/firebase-ios-sdk/FirebaseCore/Internal/Sources/HeartbeatLogging/_ObjC_HeartbeatController.swift (in target 'FirebaseCoreInternal' from project 'Firebase')
    cd /Users/siam/Desktop/Lingua\ Quest/Lingua\ Quest.xcodeproj
    

PrecompileModule /Users/siam/Library/Developer/Xcode/DerivedData/Lingua_Quest-gvpckrqxtbgyprbgppjfqmimmmfw/Build/Intermediates.noindex/ExplicitPrecompiledModules/Darwin-DJK8KFNG9VUG8P15OIZJZ70HU.scan
    cd /
    builtin-precompileModule /Users/siam/Library/Developer/Xcode/DerivedData/Lingua_Quest-gvpckrqxtbgyprbgppjfqmimmmfw/Build/Intermediates.noindex/ExplicitPrecompiledModules/Darwin-DJK8KFNG9VUG8P15OIZJZ70HU.scan

SwiftDriverJobDiscovery normal x86_64 Compiling HeartbeatsBundle.swift (in target 'FirebaseCoreInternal' from project 'Firebase')

SwiftCompile normal x86_64 Compiling\ RingBuffer.swift /Users/siam/Library/Developer/Xcode/DerivedData/Lingua_Quest-gvpckrqxtbgyprbgppjfqmimmmfw/SourcePackages/checkouts/firebase-ios-sdk/FirebaseCore/Internal/Sources/HeartbeatLogging/RingBuffer.swift (in target 'FirebaseCoreInternal' from project 'Firebase')

SwiftCompile normal x86_64 /Users/siam/Library/Developer/Xcode/DerivedData/Lingua_Quest-gvpckrqxtbgyprbgppjfqmimmmfw/SourcePackages/checkouts/firebase-ios-sdk/FirebaseCore/Internal/Sources/HeartbeatLogging/RingBuffer.swift (in target 'FirebaseCoreInternal' from project 'Firebase')
    cd /Users/siam/Desktop/Lingua\ Quest/Lingua\ Quest.xcodeproj
    

SwiftDriverJobDiscovery normal arm64 Compiling resource_bundle_accessor.swift, Heartbeat.swift (in target 'FirebaseCoreInternal' from project 'Firebase')

SwiftCompile normal arm64 Compiling\ StorageFactory.swift /Users/siam/Library/Developer/Xcode/DerivedData/Lingua_Quest-gvpckrqxtbgyprbgppjfqmimmmfw/SourcePackages/checkouts/firebase-ios-sdk/FirebaseCore/Internal/Sources/HeartbeatLogging/StorageFactory.swift (in target 'FirebaseCoreInternal' from project 'Firebase')

SwiftCompile normal arm64 /Users/siam/Library/Developer/Xcode/DerivedData/Lingua_Quest-gvpckrqxtbgyprbgppjfqmimmmfw/SourcePackages/checkouts/firebase-ios-sdk/FirebaseCore/Internal/Sources/HeartbeatLogging/StorageFactory.swift (in target 'FirebaseCoreInternal' from project 'Firebase')
    cd /Users/siam/Desktop/Lingua\ Quest/Lingua\ Quest.xcodeproj
    

SwiftDriverJobDiscovery normal x86_64 Compiling HeartbeatsPayload.swift (in target 'FirebaseCoreInternal' from project 'Firebase')

SwiftCompile normal x86_64 Compiling\ HeartbeatStorage.swift /Users/siam/Library/Developer/Xcode/DerivedData/Lingua_Quest-gvpckrqxtbgyprbgppjfqmimmmfw/SourcePackages/checkouts/firebase-ios-sdk/FirebaseCore/Internal/Sources/HeartbeatLogging/HeartbeatStorage.swift (in target 'FirebaseCoreInternal' from project 'Firebase')

SwiftCompile normal x86_64 /Users/siam/Library/Developer/Xcode/DerivedData/Lingua_Quest-gvpckrqxtbgyprbgppjfqmimmmfw/SourcePackages/checkouts/firebase-ios-sdk/FirebaseCore/Internal/Sources/HeartbeatLogging/HeartbeatStorage.swift (in target 'FirebaseCoreInternal' from project 'Firebase')
    cd /Users/siam/Desktop/Lingua\ Quest/Lingua\ Quest.xcodeproj
    

SwiftDriverJobDiscovery normal arm64 Compiling WeakContainer.swift (in target 'FirebaseCoreInternal' from project 'Firebase')

SwiftCompile normal arm64 Compiling\ _ObjC_HeartbeatsPayload.swift /Users/siam/Library/Developer/Xcode/DerivedData/Lingua_Quest-gvpckrqxtbgyprbgppjfqmimmmfw/SourcePackages/checkouts/firebase-ios-sdk/FirebaseCore/Internal/Sources/HeartbeatLogging/_ObjC_HeartbeatsPayload.swift (in target 'FirebaseCoreInternal' from project 'Firebase')

SwiftCompile normal arm64 /Users/siam/Library/Developer/Xcode/DerivedData/Lingua_Quest-gvpckrqxtbgyprbgppjfqmimmmfw/SourcePackages/checkouts/firebase-ios-sdk/FirebaseCore/Internal/Sources/HeartbeatLogging/_ObjC_HeartbeatsPayload.swift (in target 'FirebaseCoreInternal' from project 'Firebase')
    cd /Users/siam/Desktop/Lingua\ Quest/Lingua\ Quest.xcodeproj
    

SwiftDriverJobDiscovery normal x86_64 Compiling HeartbeatController.swift, HeartbeatLoggingTestUtils.swift (in target 'FirebaseCoreInternal' from project 'Firebase')

SwiftCompile normal x86_64 Compiling\ StorageFactory.swift /Users/siam/Library/Developer/Xcode/DerivedData/Lingua_Quest-gvpckrqxtbgyprbgppjfqmimmmfw/SourcePackages/checkouts/firebase-ios-sdk/FirebaseCore/Internal/Sources/HeartbeatLogging/StorageFactory.swift (in target 'FirebaseCoreInternal' from project 'Firebase')

SwiftCompile normal x86_64 /Users/siam/Library/Developer/Xcode/DerivedData/Lingua_Quest-gvpckrqxtbgyprbgppjfqmimmmfw/SourcePackages/checkouts/firebase-ios-sdk/FirebaseCore/Internal/Sources/HeartbeatLogging/StorageFactory.swift (in target 'FirebaseCoreInternal' from project 'Firebase')
    cd /Users/siam/Desktop/Lingua\ Quest/Lingua\ Quest.xcodeproj
    

SwiftDriverJobDiscovery normal arm64 Compiling HeartbeatController.swift, HeartbeatLoggingTestUtils.swift (in target 'FirebaseCoreInternal' from project 'Firebase')

SwiftCompile normal x86_64 Compiling\ resource_bundle_accessor.swift,\ Heartbeat.swift /Users/siam/Library/Developer/Xcode/DerivedData/Lingua_Quest-gvpckrqxtbgyprbgppjfqmimmmfw/Build/Intermediates.noindex/Firebase.build/Debug-iphonesimulator/FirebaseCoreInternal.build/DerivedSources/resource_bundle_accessor.swift /Users/siam/Library/Developer/Xcode/DerivedData/Lingua_Quest-gvpckrqxtbgyprbgppjfqmimmmfw/SourcePackages/checkouts/firebase-ios-sdk/FirebaseCore/Internal/Sources/HeartbeatLogging/Heartbeat.swift (in target 'FirebaseCoreInternal' from project 'Firebase')

SwiftCompile normal x86_64 /Users/siam/Library/Developer/Xcode/DerivedData/Lingua_Quest-gvpckrqxtbgyprbgppjfqmimmmfw/Build/Intermediates.noindex/Firebase.build/Debug-iphonesimulator/FirebaseCoreInternal.build/DerivedSources/resource_bundle_accessor.swift (in target 'FirebaseCoreInternal' from project 'Firebase')
    cd /Users/siam/Desktop/Lingua\ Quest/Lingua\ Quest.xcodeproj
    

SwiftCompile normal x86_64 /Users/siam/Library/Developer/Xcode/DerivedData/Lingua_Quest-gvpckrqxtbgyprbgppjfqmimmmfw/SourcePackages/checkouts/firebase-ios-sdk/FirebaseCore/Internal/Sources/HeartbeatLogging/Heartbeat.swift (in target 'FirebaseCoreInternal' from project 'Firebase')
    cd /Users/siam/Desktop/Lingua\ Quest/Lingua\ Quest.xcodeproj
    

SwiftDriverJobDiscovery normal x86_64 Compiling UnfairLock.swift (in target 'FirebaseCoreInternal' from project 'Firebase')

SwiftCompile normal arm64 Compiling\ HeartbeatsPayload.swift /Users/siam/Library/Developer/Xcode/DerivedData/Lingua_Quest-gvpckrqxtbgyprbgppjfqmimmmfw/SourcePackages/checkouts/firebase-ios-sdk/FirebaseCore/Internal/Sources/HeartbeatLogging/HeartbeatsPayload.swift (in target 'FirebaseCoreInternal' from project 'Firebase')

SwiftCompile normal arm64 /Users/siam/Library/Developer/Xcode/DerivedData/Lingua_Quest-gvpckrqxtbgyprbgppjfqmimmmfw/SourcePackages/checkouts/firebase-ios-sdk/FirebaseCore/Internal/Sources/HeartbeatLogging/HeartbeatsPayload.swift (in target 'FirebaseCoreInternal' from project 'Firebase')
    cd /Users/siam/Desktop/Lingua\ Quest/Lingua\ Quest.xcodeproj
    

SwiftDriverJobDiscovery normal arm64 Compiling HeartbeatsBundle.swift (in target 'FirebaseCoreInternal' from project 'Firebase')

SwiftDriverJobDiscovery normal arm64 Compiling Storage.swift (in target 'FirebaseCoreInternal' from project 'Firebase')

RegisterExecutionPolicyException /Users/siam/Library/Developer/Xcode/DerivedData/Lingua_Quest-gvpckrqxtbgyprbgppjfqmimmmfw/Build/Products/Debug-iphonesimulator/FirebaseAuthInterop.o (in target 'FirebaseAuthInterop' from project 'Firebase')
    cd /Users/siam/Library/Developer/Xcode/DerivedData/Lingua_Quest-gvpckrqxtbgyprbgppjfqmimmmfw/SourcePackages/checkouts/firebase-ios-sdk
    builtin-RegisterExecutionPolicyException /Users/siam/Library/Developer/Xcode/DerivedData/Lingua_Quest-gvpckrqxtbgyprbgppjfqmimmmfw/Build/Products/Debug-iphonesimulator/FirebaseAuthInterop.o

Ld /Users/siam/Library/Developer/Xcode/DerivedData/Lingua_Quest-gvpckrqxtbgyprbgppjfqmimmmfw/Build/Intermediates.noindex/Firebase.build/Debug-iphonesimulator/FirebaseCoreExtension.build/Objects-normal/x86_64/Binary/FirebaseCoreExtension.o normal x86_64 (in target 'FirebaseCoreExtension' from project 'Firebase')
    cd /Users/siam/Library/Developer/Xcode/DerivedData/Lingua_Quest-gvpckrqxtbgyprbgppjfqmimmmfw/SourcePackages/checkouts/firebase-ios-sdk
    /Applications/Xcode.app/Contents/Developer/Toolchains/XcodeDefault.xctoolchain/usr/bin/clang -Xlinker -reproducible -target x86_64-apple-ios15.0-simulator -r -isysroot /Applications/Xcode.app/Contents/Developer/Platforms/iPhoneSimulator.platform/Developer/SDKs/iPhoneSimulator26.0.sdk -O0 -w -L/Users/siam/Library/Developer/Xcode/DerivedData/Lingua_Quest-gvpckrqxtbgyprbgppjfqmimmmfw/Build/Intermediates.noindex/EagerLinkingTBDs/Debug-iphonesimulator -L/Users/siam/Library/Developer/Xcode/DerivedData/Lingua_Quest-gvpckrqxtbgyprbgppjfqmimmmfw/Build/Products/Debug-iphonesimulator -L/Applications/Xcode.app/Contents/Developer/Platforms/iPhoneSimulator.platform/Developer/usr/lib -F/Users/siam/Library/Developer/Xcode/DerivedData/Lingua_Quest-gvpckrqxtbgyprbgppjfqmimmmfw/Build/Intermediates.noindex/EagerLinkingTBDs/Debug-iphonesimulator -F/Users/siam/Library/Developer/Xcode/DerivedData/Lingua_Quest-gvpckrqxtbgyprbgppjfqmimmmfw/Build/Products/Debug-iphonesimulator -iframework /Applications/Xcode.app/Contents/Developer/Platforms/iPhoneSimulator.platform/Developer/Library/Frameworks -iframework /Applications/Xcode.app/Contents/Developer/Platforms/iPhoneSimulator.platform/Developer/SDKs/iPhoneSimulator26.0.sdk/Developer/Library/Frameworks -filelist /Users/siam/Library/Developer/Xcode/DerivedData/Lingua_Quest-gvpckrqxtbgyprbgppjfqmimmmfw/Build/Intermediates.noindex/Firebase.build/Debug-iphonesimulator/FirebaseCoreExtension.build/Objects-normal/x86_64/FirebaseCoreExtension.LinkFileList -nostdlib -Xlinker -object_path_lto -Xlinker /Users/siam/Library/Developer/Xcode/DerivedData/Lingua_Quest-gvpckrqxtbgyprbgppjfqmimmmfw/Build/Intermediates.noindex/Firebase.build/Debug-iphonesimulator/FirebaseCoreExtension.build/Objects-normal/x86_64/FirebaseCoreExtension_lto.o -rdynamic -Xlinker -no_deduplicate -Xlinker -objc_abi_version -Xlinker 2 -Xlinker -debug_variant -Xlinker -dependency_info -Xlinker /Users/siam/Library/Developer/Xcode/DerivedData/Lingua_Quest-gvpckrqxtbgyprbgppjfqmimmmfw/Build/Intermediates.noindex/Firebase.build/Debug-iphonesimulator/FirebaseCoreExtension.build/Objects-normal/x86_64/FirebaseCoreExtension_dependency_info.dat -fobjc-arc -fobjc-link-runtime -o /Users/siam/Library/Developer/Xcode/DerivedData/Lingua_Quest-gvpckrqxtbgyprbgppjfqmimmmfw/Build/Intermediates.noindex/Firebase.build/Debug-iphonesimulator/FirebaseCoreExtension.build/Objects-normal/x86_64/Binary/FirebaseCoreExtension.o

SwiftDriverJobDiscovery normal x86_64 Compiling _ObjC_HeartbeatController.swift (in target 'FirebaseCoreInternal' from project 'Firebase')

Ld /Users/siam/Library/Developer/Xcode/DerivedData/Lingua_Quest-gvpckrqxtbgyprbgppjfqmimmmfw/Build/Intermediates.noindex/Firebase.build/Debug-iphonesimulator/FirebaseCoreExtension.build/Objects-normal/arm64/Binary/FirebaseCoreExtension.o normal arm64 (in target 'FirebaseCoreExtension' from project 'Firebase')
    cd /Users/siam/Library/Developer/Xcode/DerivedData/Lingua_Quest-gvpckrqxtbgyprbgppjfqmimmmfw/SourcePackages/checkouts/firebase-ios-sdk
    /Applications/Xcode.app/Contents/Developer/Toolchains/XcodeDefault.xctoolchain/usr/bin/clang -Xlinker -reproducible -target arm64-apple-ios15.0-simulator -r -isysroot /Applications/Xcode.app/Contents/Developer/Platforms/iPhoneSimulator.platform/Developer/SDKs/iPhoneSimulator26.0.sdk -O0 -w -L/Users/siam/Library/Developer/Xcode/DerivedData/Lingua_Quest-gvpckrqxtbgyprbgppjfqmimmmfw/Build/Intermediates.noindex/EagerLinkingTBDs/Debug-iphonesimulator -L/Users/siam/Library/Developer/Xcode/DerivedData/Lingua_Quest-gvpckrqxtbgyprbgppjfqmimmmfw/Build/Products/Debug-iphonesimulator -L/Applications/Xcode.app/Contents/Developer/Platforms/iPhoneSimulator.platform/Developer/usr/lib -F/Users/siam/Library/Developer/Xcode/DerivedData/Lingua_Quest-gvpckrqxtbgyprbgppjfqmimmmfw/Build/Intermediates.noindex/EagerLinkingTBDs/Debug-iphonesimulator -F/Users/siam/Library/Developer/Xcode/DerivedData/Lingua_Quest-gvpckrqxtbgyprbgppjfqmimmmfw/Build/Products/Debug-iphonesimulator -iframework /Applications/Xcode.app/Contents/Developer/Platforms/iPhoneSimulator.platform/Developer/Library/Frameworks -iframework /Applications/Xcode.app/Contents/Developer/Platforms/iPhoneSimulator.platform/Developer/SDKs/iPhoneSimulator26.0.sdk/Developer/Library/Frameworks -filelist /Users/siam/Library/Developer/Xcode/DerivedData/Lingua_Quest-gvpckrqxtbgyprbgppjfqmimmmfw/Build/Intermediates.noindex/Firebase.build/Debug-iphonesimulator/FirebaseCoreExtension.build/Objects-normal/arm64/FirebaseCoreExtension.LinkFileList -nostdlib -Xlinker -object_path_lto -Xlinker /Users/siam/Library/Developer/Xcode/DerivedData/Lingua_Quest-gvpckrqxtbgyprbgppjfqmimmmfw/Build/Intermediates.noindex/Firebase.build/Debug-iphonesimulator/FirebaseCoreExtension.build/Objects-normal/arm64/FirebaseCoreExtension_lto.o -rdynamic -Xlinker -no_deduplicate -Xlinker -objc_abi_version -Xlinker 2 -Xlinker -debug_variant -Xlinker -dependency_info -Xlinker /Users/siam/Library/Developer/Xcode/DerivedData/Lingua_Quest-gvpckrqxtbgyprbgppjfqmimmmfw/Build/Intermediates.noindex/Firebase.build/Debug-iphonesimulator/FirebaseCoreExtension.build/Objects-normal/arm64/FirebaseCoreExtension_dependency_info.dat -fobjc-arc -fobjc-link-runtime -o /Users/siam/Library/Developer/Xcode/DerivedData/Lingua_Quest-gvpckrqxtbgyprbgppjfqmimmmfw/Build/Intermediates.noindex/Firebase.build/Debug-iphonesimulator/FirebaseCoreExtension.build/Objects-normal/arm64/Binary/FirebaseCoreExtension.o

ScanDependencies /Users/siam/Library/Developer/Xcode/DerivedData/Lingua_Quest-gvpckrqxtbgyprbgppjfqmimmmfw/Build/Intermediates.noindex/Firebase.build/Debug-iphonesimulator/FirebaseCore.build/Objects-normal/x86_64/resource_bundle_accessor.o /Users/siam/Library/Developer/Xcode/DerivedData/Lingua_Quest-gvpckrqxtbgyprbgppjfqmimmmfw/Build/Intermediates.noindex/Firebase.build/Debug-iphonesimulator/FirebaseCore.build/DerivedSources/resource_bundle_accessor.m normal x86_64 objective-c com.apple.compilers.llvm.clang.1_0.compiler (in target 'FirebaseCore' from project 'Firebase')
    cd /Users/siam/Desktop/Lingua\ Quest/Lingua\ Quest.xcodeproj
    
    Using response file: /Users/siam/Library/Developer/Xcode/DerivedData/Lingua_Quest-gvpckrqxtbgyprbgppjfqmimmmfw/Build/Intermediates.noindex/Firebase.build/Debug-iphonesimulator/FirebaseCore.build/Objects-normal/x86_64/e6072d4f65d7061329687fe24e3d63a7-common-args.resp
    
    builtin-ScanDependencies -o /Users/siam/Library/Developer/Xcode/DerivedData/Lingua_Quest-gvpckrqxtbgyprbgppjfqmimmmfw/Build/Intermediates.noindex/Firebase.build/Debug-iphonesimulator/FirebaseCore.build/Objects-normal/x86_64/resource_bundle_accessor.o.scan -- /Applications/Xcode.app/Contents/Developer/Toolchains/XcodeDefault.xctoolchain/usr/bin/clang -x objective-c -ivfsstatcache /Users/siam/Library/Developer/Xcode/DerivedData/SDKStatCaches.noindex/iphonesimulator26.0-23A339-26257891a6c027eb51374368541b8346.sdkstatcache -fmessage-length\=0 -fdiagnostics-show-note-include-stack -fmacro-backtrace-limit\=0 -fno-color-diagnostics -fmodules-prune-interval\=86400 -fmodules-prune-after\=345600 -fbuild-session-file\=/Users/siam/Library/Developer/Xcode/DerivedData/ModuleCache.noindex/Session.modulevalidation -fmodules-validate-once-per-build-session -Wnon-modular-include-in-framework-module -Werror\=non-modular-include-in-framework-module -Wno-trigraphs -Wno-missing-field-initializers -Wno-missing-prototypes -Wno-return-type -Wno-implicit-atomic-properties -Wno-objc-interface-ivars -Wno-arc-repeated-use-of-weak -Wno-missing-braces -Wparentheses -Wswitch -Wno-unused-function -Wno-unused-label -Wno-unused-parameter -Wno-unused-variable -Wunused-value -Wno-empty-body -Wno-uninitialized -Wno-unknown-pragmas -w -Wno-shadow -Wno-four-char-constants -Wno-conversion -Wno-constant-conversion -Wno-int-conversion -Wno-bool-conversion -Wno-enum-conversion -Wno-float-conversion -Wno-non-literal-null-conversion -Wno-objc-literal-conversion -Wshorten-64-to-32 -Wpointer-sign -Wno-newline-eof -Wno-selector -Wno-strict-selector-match -Wno-undeclared-selector -Wno-deprecated-implementations -Wno-implicit-fallthrough -fstrict-aliasing -Wprotocol -Wdeprecated-declarations -Wno-sign-conversion -Wno-infinite-recursion -Wno-comma -Wno-block-capture-autoreleasing -Wno-strict-prototypes -Wno-semicolon-before-method-body -index-store-path /Users/siam/Library/Developer/Xcode/DerivedData/Lingua_Quest-gvpckrqxtbgyprbgppjfqmimmmfw/Index.noindex/DataStore @/Users/siam/Library/Developer/Xcode/DerivedData/Lingua_Quest-gvpckrqxtbgyprbgppjfqmimmmfw/Build/Intermediates.noindex/Firebase.build/Debug-iphonesimulator/FirebaseCore.build/Objects-normal/x86_64/e6072d4f65d7061329687fe24e3d63a7-common-args.resp -include /Users/siam/Library/Developer/Xcode/DerivedData/Lingua_Quest-gvpckrqxtbgyprbgppjfqmimmmfw/Build/Intermediates.noindex/Firebase.build/Debug-iphonesimulator/FirebaseCore.build/DerivedSources/resource_bundle_accessor.h -MMD -MT dependencies -MF /Users/siam/Library/Developer/Xcode/DerivedData/Lingua_Quest-gvpckrqxtbgyprbgppjfqmimmmfw/Build/Intermediates.noindex/Firebase.build/Debug-iphonesimulator/FirebaseCore.build/Objects-normal/x86_64/resource_bundle_accessor.d --serialize-diagnostics /Users/siam/Library/Developer/Xcode/DerivedData/Lingua_Quest-gvpckrqxtbgyprbgppjfqmimmmfw/Build/Intermediates.noindex/Firebase.build/Debug-iphonesimulator/FirebaseCore.build/Objects-normal/x86_64/resource_bundle_accessor.dia -c /Users/siam/Library/Developer/Xcode/DerivedData/Lingua_Quest-gvpckrqxtbgyprbgppjfqmimmmfw/Build/Intermediates.noindex/Firebase.build/Debug-iphonesimulator/FirebaseCore.build/DerivedSources/resource_bundle_accessor.m -o /Users/siam/Library/Developer/Xcode/DerivedData/Lingua_Quest-gvpckrqxtbgyprbgppjfqmimmmfw/Build/Intermediates.noindex/Firebase.build/Debug-iphonesimulator/FirebaseCore.build/Objects-normal/x86_64/resource_bundle_accessor.o -index-unit-output-path /Firebase.build/Debug-iphonesimulator/FirebaseCore.build/Objects-normal/x86_64/resource_bundle_accessor.o

ScanDependencies /Users/siam/Library/Developer/Xcode/DerivedData/Lingua_Quest-gvpckrqxtbgyprbgppjfqmimmmfw/Build/Intermediates.noindex/Firebase.build/Debug-iphonesimulator/FirebaseCore.build/Objects-normal/x86_64/FIRVersion.o /Users/siam/Library/Developer/Xcode/DerivedData/Lingua_Quest-gvpckrqxtbgyprbgppjfqmimmmfw/SourcePackages/checkouts/firebase-ios-sdk/FirebaseCore/Sources/FIRVersion.m normal x86_64 objective-c com.apple.compilers.llvm.clang.1_0.compiler (in target 'FirebaseCore' from project 'Firebase')
    cd /Users/siam/Desktop/Lingua\ Quest/Lingua\ Quest.xcodeproj
    
    Using response file: /Users/siam/Library/Developer/Xcode/DerivedData/Lingua_Quest-gvpckrqxtbgyprbgppjfqmimmmfw/Build/Intermediates.noindex/Firebase.build/Debug-iphonesimulator/FirebaseCore.build/Objects-normal/x86_64/e6072d4f65d7061329687fe24e3d63a7-common-args.resp
    
    builtin-ScanDependencies -o /Users/siam/Library/Developer/Xcode/DerivedData/Lingua_Quest-gvpckrqxtbgyprbgppjfqmimmmfw/Build/Intermediates.noindex/Firebase.build/Debug-iphonesimulator/FirebaseCore.build/Objects-normal/x86_64/FIRVersion.o.scan -- /Applications/Xcode.app/Contents/Developer/Toolchains/XcodeDefault.xctoolchain/usr/bin/clang -x objective-c -ivfsstatcache /Users/siam/Library/Developer/Xcode/DerivedData/SDKStatCaches.noindex/iphonesimulator26.0-23A339-26257891a6c027eb51374368541b8346.sdkstatcache -fmessage-length\=0 -fdiagnostics-show-note-include-stack -fmacro-backtrace-limit\=0 -fno-color-diagnostics -fmodules-prune-interval\=86400 -fmodules-prune-after\=345600 -fbuild-session-file\=/Users/siam/Library/Developer/Xcode/DerivedData/ModuleCache.noindex/Session.modulevalidation -fmodules-validate-once-per-build-session -Wnon-modular-include-in-framework-module -Werror\=non-modular-include-in-framework-module -Wno-trigraphs -Wno-missing-field-initializers -Wno-missing-prototypes -Wno-return-type -Wno-implicit-atomic-properties -Wno-objc-interface-ivars -Wno-arc-repeated-use-of-weak -Wno-missing-braces -Wparentheses -Wswitch -Wno-unused-function -Wno-unused-label -Wno-unused-parameter -Wno-unused-variable -Wunused-value -Wno-empty-body -Wno-uninitialized -Wno-unknown-pragmas -w -Wno-shadow -Wno-four-char-constants -Wno-conversion -Wno-constant-conversion -Wno-int-conversion -Wno-bool-conversion -Wno-enum-conversion -Wno-float-conversion -Wno-non-literal-null-conversion -Wno-objc-literal-conversion -Wshorten-64-to-32 -Wpointer-sign -Wno-newline-eof -Wno-selector -Wno-strict-selector-match -Wno-undeclared-selector -Wno-deprecated-implementations -Wno-implicit-fallthrough -fstrict-aliasing -Wprotocol -Wdeprecated-declarations -Wno-sign-conversion -Wno-infinite-recursion -Wno-comma -Wno-block-capture-autoreleasing -Wno-strict-prototypes -Wno-semicolon-before-method-body -index-store-path /Users/siam/Library/Developer/Xcode/DerivedData/Lingua_Quest-gvpckrqxtbgyprbgppjfqmimmmfw/Index.noindex/DataStore @/Users/siam/Library/Developer/Xcode/DerivedData/Lingua_Quest-gvpckrqxtbgyprbgppjfqmimmmfw/Build/Intermediates.noindex/Firebase.build/Debug-iphonesimulator/FirebaseCore.build/Objects-normal/x86_64/e6072d4f65d7061329687fe24e3d63a7-common-args.resp -include /Users/siam/Library/Developer/Xcode/DerivedData/Lingua_Quest-gvpckrqxtbgyprbgppjfqmimmmfw/Build/Intermediates.noindex/Firebase.build/Debug-iphonesimulator/FirebaseCore.build/DerivedSources/resource_bundle_accessor.h -MMD -MT dependencies -MF /Users/siam/Library/Developer/Xcode/DerivedData/Lingua_Quest-gvpckrqxtbgyprbgppjfqmimmmfw/Build/Intermediates.noindex/Firebase.build/Debug-iphonesimulator/FirebaseCore.build/Objects-normal/x86_64/FIRVersion.d --serialize-diagnostics /Users/siam/Library/Developer/Xcode/DerivedData/Lingua_Quest-gvpckrqxtbgyprbgppjfqmimmmfw/Build/Intermediates.noindex/Firebase.build/Debug-iphonesimulator/FirebaseCore.build/Objects-normal/x86_64/FIRVersion.dia -c /Users/siam/Library/Developer/Xcode/DerivedData/Lingua_Quest-gvpckrqxtbgyprbgppjfqmimmmfw/SourcePackages/checkouts/firebase-ios-sdk/FirebaseCore/Sources/FIRVersion.m -o /Users/siam/Library/Developer/Xcode/DerivedData/Lingua_Quest-gvpckrqxtbgyprbgppjfqmimmmfw/Build/Intermediates.noindex/Firebase.build/Debug-iphonesimulator/FirebaseCore.build/Objects-normal/x86_64/FIRVersion.o -index-unit-output-path /Firebase.build/Debug-iphonesimulator/FirebaseCore.build/Objects-normal/x86_64/FIRVersion.o

CreateUniversalBinary /Users/siam/Library/Developer/Xcode/DerivedData/Lingua_Quest-gvpckrqxtbgyprbgppjfqmimmmfw/Build/Products/Debug-iphonesimulator/FirebaseCoreExtension.o normal arm64\ x86_64 (in target 'FirebaseCoreExtension' from project 'Firebase')
    cd /Users/siam/Library/Developer/Xcode/DerivedData/Lingua_Quest-gvpckrqxtbgyprbgppjfqmimmmfw/SourcePackages/checkouts/firebase-ios-sdk
    /Applications/Xcode.app/Contents/Developer/Toolchains/XcodeDefault.xctoolchain/usr/bin/lipo -create /Users/siam/Library/Developer/Xcode/DerivedData/Lingua_Quest-gvpckrqxtbgyprbgppjfqmimmmfw/Build/Intermediates.noindex/Firebase.build/Debug-iphonesimulator/FirebaseCoreExtension.build/Objects-normal/arm64/Binary/FirebaseCoreExtension.o /Users/siam/Library/Developer/Xcode/DerivedData/Lingua_Quest-gvpckrqxtbgyprbgppjfqmimmmfw/Build/Intermediates.noindex/Firebase.build/Debug-iphonesimulator/FirebaseCoreExtension.build/Objects-normal/x86_64/Binary/FirebaseCoreExtension.o -output /Users/siam/Library/Developer/Xcode/DerivedData/Lingua_Quest-gvpckrqxtbgyprbgppjfqmimmmfw/Build/Products/Debug-iphonesimulator/FirebaseCoreExtension.o

CompileC /Users/siam/Library/Developer/Xcode/DerivedData/Lingua_Quest-gvpckrqxtbgyprbgppjfqmimmmfw/Build/Intermediates.noindex/Firebase.build/Debug-iphonesimulator/FirebaseCore.build/Objects-normal/x86_64/FIRVersion.o /Users/siam/Library/Developer/Xcode/DerivedData/Lingua_Quest-gvpckrqxtbgyprbgppjfqmimmmfw/SourcePackages/checkouts/firebase-ios-sdk/FirebaseCore/Sources/FIRVersion.m normal x86_64 objective-c com.apple.compilers.llvm.clang.1_0.compiler (in target 'FirebaseCore' from project 'Firebase')
    cd /Users/siam/Desktop/Lingua\ Quest/Lingua\ Quest.xcodeproj
    
    Using response file: /Users/siam/Library/Developer/Xcode/DerivedData/Lingua_Quest-gvpckrqxtbgyprbgppjfqmimmmfw/Build/Intermediates.noindex/Firebase.build/Debug-iphonesimulator/FirebaseCore.build/Objects-normal/x86_64/e6072d4f65d7061329687fe24e3d63a7-common-args.resp
    
    /Applications/Xcode.app/Contents/Developer/Toolchains/XcodeDefault.xctoolchain/usr/bin/clang -x objective-c -ivfsstatcache /Users/siam/Library/Developer/Xcode/DerivedData/SDKStatCaches.noindex/iphonesimulator26.0-23A339-26257891a6c027eb51374368541b8346.sdkstatcache -fmessage-length\=0 -fdiagnostics-show-note-include-stack -fmacro-backtrace-limit\=0 -fno-color-diagnostics -fmodules-prune-interval\=86400 -fmodules-prune-after\=345600 -fbuild-session-file\=/Users/siam/Library/Developer/Xcode/DerivedData/ModuleCache.noindex/Session.modulevalidation -fmodules-validate-once-per-build-session -Wnon-modular-include-in-framework-module -Werror\=non-modular-include-in-framework-module -Wno-trigraphs -Wno-missing-field-initializers -Wno-missing-prototypes -Wno-return-type -Wno-implicit-atomic-properties -Wno-objc-interface-ivars -Wno-arc-repeated-use-of-weak -Wno-missing-braces -Wparentheses -Wswitch -Wno-unused-function -Wno-unused-label -Wno-unused-parameter -Wno-unused-variable -Wunused-value -Wno-empty-body -Wno-uninitialized -Wno-unknown-pragmas -w -Wno-shadow -Wno-four-char-constants -Wno-conversion -Wno-constant-conversion -Wno-int-conversion -Wno-bool-conversion -Wno-enum-conversion -Wno-float-conversion -Wno-non-literal-null-conversion -Wno-objc-literal-conversion -Wshorten-64-to-32 -Wpointer-sign -Wno-newline-eof -Wno-selector -Wno-strict-selector-match -Wno-undeclared-selector -Wno-deprecated-implementations -Wno-implicit-fallthrough -fstrict-aliasing -Wprotocol -Wdeprecated-declarations -Wno-sign-conversion -Wno-infinite-recursion -Wno-comma -Wno-block-capture-autoreleasing -Wno-strict-prototypes -Wno-semicolon-before-method-body -index-store-path /Users/siam/Library/Developer/Xcode/DerivedData/Lingua_Quest-gvpckrqxtbgyprbgppjfqmimmmfw/Index.noindex/DataStore @/Users/siam/Library/Developer/Xcode/DerivedData/Lingua_Quest-gvpckrqxtbgyprbgppjfqmimmmfw/Build/Intermediates.noindex/Firebase.build/Debug-iphonesimulator/FirebaseCore.build/Objects-normal/x86_64/e6072d4f65d7061329687fe24e3d63a7-common-args.resp -include /Users/siam/Library/Developer/Xcode/DerivedData/Lingua_Quest-gvpckrqxtbgyprbgppjfqmimmmfw/Build/Intermediates.noindex/Firebase.build/Debug-iphonesimulator/FirebaseCore.build/DerivedSources/resource_bundle_accessor.h -MMD -MT dependencies -MF /Users/siam/Library/Developer/Xcode/DerivedData/Lingua_Quest-gvpckrqxtbgyprbgppjfqmimmmfw/Build/Intermediates.noindex/Firebase.build/Debug-iphonesimulator/FirebaseCore.build/Objects-normal/x86_64/FIRVersion.d --serialize-diagnostics /Users/siam/Library/Developer/Xcode/DerivedData/Lingua_Quest-gvpckrqxtbgyprbgppjfqmimmmfw/Build/Intermediates.noindex/Firebase.build/Debug-iphonesimulator/FirebaseCore.build/Objects-normal/x86_64/FIRVersion.dia -c /Users/siam/Library/Developer/Xcode/DerivedData/Lingua_Quest-gvpckrqxtbgyprbgppjfqmimmmfw/SourcePackages/checkouts/firebase-ios-sdk/FirebaseCore/Sources/FIRVersion.m -o /Users/siam/Library/Developer/Xcode/DerivedData/Lingua_Quest-gvpckrqxtbgyprbgppjfqmimmmfw/Build/Intermediates.noindex/Firebase.build/Debug-iphonesimulator/FirebaseCore.build/Objects-normal/x86_64/FIRVersion.o -index-unit-output-path /Firebase.build/Debug-iphonesimulator/FirebaseCore.build/Objects-normal/x86_64/FIRVersion.o

CompileC /Users/siam/Library/Developer/Xcode/DerivedData/Lingua_Quest-gvpckrqxtbgyprbgppjfqmimmmfw/Build/Intermediates.noindex/Firebase.build/Debug-iphonesimulator/FirebaseCore.build/Objects-normal/x86_64/resource_bundle_accessor.o /Users/siam/Library/Developer/Xcode/DerivedData/Lingua_Quest-gvpckrqxtbgyprbgppjfqmimmmfw/Build/Intermediates.noindex/Firebase.build/Debug-iphonesimulator/FirebaseCore.build/DerivedSources/resource_bundle_accessor.m normal x86_64 objective-c com.apple.compilers.llvm.clang.1_0.compiler (in target 'FirebaseCore' from project 'Firebase')
    cd /Users/siam/Desktop/Lingua\ Quest/Lingua\ Quest.xcodeproj
    
    Using response file: /Users/siam/Library/Developer/Xcode/DerivedData/Lingua_Quest-gvpckrqxtbgyprbgppjfqmimmmfw/Build/Intermediates.noindex/Firebase.build/Debug-iphonesimulator/FirebaseCore.build/Objects-normal/x86_64/e6072d4f65d7061329687fe24e3d63a7-common-args.resp
    
    /Applications/Xcode.app/Contents/Developer/Toolchains/XcodeDefault.xctoolchain/usr/bin/clang -x objective-c -ivfsstatcache /Users/siam/Library/Developer/Xcode/DerivedData/SDKStatCaches.noindex/iphonesimulator26.0-23A339-26257891a6c027eb51374368541b8346.sdkstatcache -fmessage-length\=0 -fdiagnostics-show-note-include-stack -fmacro-backtrace-limit\=0 -fno-color-diagnostics -fmodules-prune-interval\=86400 -fmodules-prune-after\=345600 -fbuild-session-file\=/Users/siam/Library/Developer/Xcode/DerivedData/ModuleCache.noindex/Session.modulevalidation -fmodules-validate-once-per-build-session -Wnon-modular-include-in-framework-module -Werror\=non-modular-include-in-framework-module -Wno-trigraphs -Wno-missing-field-initializers -Wno-missing-prototypes -Wno-return-type -Wno-implicit-atomic-properties -Wno-objc-interface-ivars -Wno-arc-repeated-use-of-weak -Wno-missing-braces -Wparentheses -Wswitch -Wno-unused-function -Wno-unused-label -Wno-unused-parameter -Wno-unused-variable -Wunused-value -Wno-empty-body -Wno-uninitialized -Wno-unknown-pragmas -w -Wno-shadow -Wno-four-char-constants -Wno-conversion -Wno-constant-conversion -Wno-int-conversion -Wno-bool-conversion -Wno-enum-conversion -Wno-float-conversion -Wno-non-literal-null-conversion -Wno-objc-literal-conversion -Wshorten-64-to-32 -Wpointer-sign -Wno-newline-eof -Wno-selector -Wno-strict-selector-match -Wno-undeclared-selector -Wno-deprecated-implementations -Wno-implicit-fallthrough -fstrict-aliasing -Wprotocol -Wdeprecated-declarations -Wno-sign-conversion -Wno-infinite-recursion -Wno-comma -Wno-block-capture-autoreleasing -Wno-strict-prototypes -Wno-semicolon-before-method-body -index-store-path /Users/siam/Library/Developer/Xcode/DerivedData/Lingua_Quest-gvpckrqxtbgyprbgppjfqmimmmfw/Index.noindex/DataStore @/Users/siam/Library/Developer/Xcode/DerivedData/Lingua_Quest-gvpckrqxtbgyprbgppjfqmimmmfw/Build/Intermediates.noindex/Firebase.build/Debug-iphonesimulator/FirebaseCore.build/Objects-normal/x86_64/e6072d4f65d7061329687fe24e3d63a7-common-args.resp -include /Users/siam/Library/Developer/Xcode/DerivedData/Lingua_Quest-gvpckrqxtbgyprbgppjfqmimmmfw/Build/Intermediates.noindex/Firebase.build/Debug-iphonesimulator/FirebaseCore.build/DerivedSources/resource_bundle_accessor.h -MMD -MT dependencies -MF /Users/siam/Library/Developer/Xcode/DerivedData/Lingua_Quest-gvpckrqxtbgyprbgppjfqmimmmfw/Build/Intermediates.noindex/Firebase.build/Debug-iphonesimulator/FirebaseCore.build/Objects-normal/x86_64/resource_bundle_accessor.d --serialize-diagnostics /Users/siam/Library/Developer/Xcode/DerivedData/Lingua_Quest-gvpckrqxtbgyprbgppjfqmimmmfw/Build/Intermediates.noindex/Firebase.build/Debug-iphonesimulator/FirebaseCore.build/Objects-normal/x86_64/resource_bundle_accessor.dia -c /Users/siam/Library/Developer/Xcode/DerivedData/Lingua_Quest-gvpckrqxtbgyprbgppjfqmimmmfw/Build/Intermediates.noindex/Firebase.build/Debug-iphonesimulator/FirebaseCore.build/DerivedSources/resource_bundle_accessor.m -o /Users/siam/Library/Developer/Xcode/DerivedData/Lingua_Quest-gvpckrqxtbgyprbgppjfqmimmmfw/Build/Intermediates.noindex/Firebase.build/Debug-iphonesimulator/FirebaseCore.build/Objects-normal/x86_64/resource_bundle_accessor.o -index-unit-output-path /Firebase.build/Debug-iphonesimulator/FirebaseCore.build/Objects-normal/x86_64/resource_bundle_accessor.o

ScanDependencies /Users/siam/Library/Developer/Xcode/DerivedData/Lingua_Quest-gvpckrqxtbgyprbgppjfqmimmmfw/Build/Intermediates.noindex/Firebase.build/Debug-iphonesimulator/FirebaseCore.build/Objects-normal/x86_64/FIRTimestamp.o /Users/siam/Library/Developer/Xcode/DerivedData/Lingua_Quest-gvpckrqxtbgyprbgppjfqmimmmfw/SourcePackages/checkouts/firebase-ios-sdk/FirebaseCore/Sources/FIRTimestamp.m normal x86_64 objective-c com.apple.compilers.llvm.clang.1_0.compiler (in target 'FirebaseCore' from project 'Firebase')
    cd /Users/siam/Desktop/Lingua\ Quest/Lingua\ Quest.xcodeproj
    
    Using response file: /Users/siam/Library/Developer/Xcode/DerivedData/Lingua_Quest-gvpckrqxtbgyprbgppjfqmimmmfw/Build/Intermediates.noindex/Firebase.build/Debug-iphonesimulator/FirebaseCore.build/Objects-normal/x86_64/e6072d4f65d7061329687fe24e3d63a7-common-args.resp
    
    builtin-ScanDependencies -o /Users/siam/Library/Developer/Xcode/DerivedData/Lingua_Quest-gvpckrqxtbgyprbgppjfqmimmmfw/Build/Intermediates.noindex/Firebase.build/Debug-iphonesimulator/FirebaseCore.build/Objects-normal/x86_64/FIRTimestamp.o.scan -- /Applications/Xcode.app/Contents/Developer/Toolchains/XcodeDefault.xctoolchain/usr/bin/clang -x objective-c -ivfsstatcache /Users/siam/Library/Developer/Xcode/DerivedData/SDKStatCaches.noindex/iphonesimulator26.0-23A339-26257891a6c027eb51374368541b8346.sdkstatcache -fmessage-length\=0 -fdiagnostics-show-note-include-stack -fmacro-backtrace-limit\=0 -fno-color-diagnostics -fmodules-prune-interval\=86400 -fmodules-prune-after\=345600 -fbuild-session-file\=/Users/siam/Library/Developer/Xcode/DerivedData/ModuleCache.noindex/Session.modulevalidation -fmodules-validate-once-per-build-session -Wnon-modular-include-in-framework-module -Werror\=non-modular-include-in-framework-module -Wno-trigraphs -Wno-missing-field-initializers -Wno-missing-prototypes -Wno-return-type -Wno-implicit-atomic-properties -Wno-objc-interface-ivars -Wno-arc-repeated-use-of-weak -Wno-missing-braces -Wparentheses -Wswitch -Wno-unused-function -Wno-unused-label -Wno-unused-parameter -Wno-unused-variable -Wunused-value -Wno-empty-body -Wno-uninitialized -Wno-unknown-pragmas -w -Wno-shadow -Wno-four-char-constants -Wno-conversion -Wno-constant-conversion -Wno-int-conversion -Wno-bool-conversion -Wno-enum-conversion -Wno-float-conversion -Wno-non-literal-null-conversion -Wno-objc-literal-conversion -Wshorten-64-to-32 -Wpointer-sign -Wno-newline-eof -Wno-selector -Wno-strict-selector-match -Wno-undeclared-selector -Wno-deprecated-implementations -Wno-implicit-fallthrough -fstrict-aliasing -Wprotocol -Wdeprecated-declarations -Wno-sign-conversion -Wno-infinite-recursion -Wno-comma -Wno-block-capture-autoreleasing -Wno-strict-prototypes -Wno-semicolon-before-method-body -index-store-path /Users/siam/Library/Developer/Xcode/DerivedData/Lingua_Quest-gvpckrqxtbgyprbgppjfqmimmmfw/Index.noindex/DataStore @/Users/siam/Library/Developer/Xcode/DerivedData/Lingua_Quest-gvpckrqxtbgyprbgppjfqmimmmfw/Build/Intermediates.noindex/Firebase.build/Debug-iphonesimulator/FirebaseCore.build/Objects-normal/x86_64/e6072d4f65d7061329687fe24e3d63a7-common-args.resp -include /Users/siam/Library/Developer/Xcode/DerivedData/Lingua_Quest-gvpckrqxtbgyprbgppjfqmimmmfw/Build/Intermediates.noindex/Firebase.build/Debug-iphonesimulator/FirebaseCore.build/DerivedSources/resource_bundle_accessor.h -MMD -MT dependencies -MF /Users/siam/Library/Developer/Xcode/DerivedData/Lingua_Quest-gvpckrqxtbgyprbgppjfqmimmmfw/Build/Intermediates.noindex/Firebase.build/Debug-iphonesimulator/FirebaseCore.build/Objects-normal/x86_64/FIRTimestamp.d --serialize-diagnostics /Users/siam/Library/Developer/Xcode/DerivedData/Lingua_Quest-gvpckrqxtbgyprbgppjfqmimmmfw/Build/Intermediates.noindex/Firebase.build/Debug-iphonesimulator/FirebaseCore.build/Objects-normal/x86_64/FIRTimestamp.dia -c /Users/siam/Library/Developer/Xcode/DerivedData/Lingua_Quest-gvpckrqxtbgyprbgppjfqmimmmfw/SourcePackages/checkouts/firebase-ios-sdk/FirebaseCore/Sources/FIRTimestamp.m -o /Users/siam/Library/Developer/Xcode/DerivedData/Lingua_Quest-gvpckrqxtbgyprbgppjfqmimmmfw/Build/Intermediates.noindex/Firebase.build/Debug-iphonesimulator/FirebaseCore.build/Objects-normal/x86_64/FIRTimestamp.o -index-unit-output-path /Firebase.build/Debug-iphonesimulator/FirebaseCore.build/Objects-normal/x86_64/FIRTimestamp.o

ScanDependencies /Users/siam/Library/Developer/Xcode/DerivedData/Lingua_Quest-gvpckrqxtbgyprbgppjfqmimmmfw/Build/Intermediates.noindex/Firebase.build/Debug-iphonesimulator/FirebaseCore.build/Objects-normal/x86_64/FIROptions.o /Users/siam/Library/Developer/Xcode/DerivedData/Lingua_Quest-gvpckrqxtbgyprbgppjfqmimmmfw/SourcePackages/checkouts/firebase-ios-sdk/FirebaseCore/Sources/FIROptions.m normal x86_64 objective-c com.apple.compilers.llvm.clang.1_0.compiler (in target 'FirebaseCore' from project 'Firebase')
    cd /Users/siam/Desktop/Lingua\ Quest/Lingua\ Quest.xcodeproj
    
    Using response file: /Users/siam/Library/Developer/Xcode/DerivedData/Lingua_Quest-gvpckrqxtbgyprbgppjfqmimmmfw/Build/Intermediates.noindex/Firebase.build/Debug-iphonesimulator/FirebaseCore.build/Objects-normal/x86_64/e6072d4f65d7061329687fe24e3d63a7-common-args.resp
    
    builtin-ScanDependencies -o /Users/siam/Library/Developer/Xcode/DerivedData/Lingua_Quest-gvpckrqxtbgyprbgppjfqmimmmfw/Build/Intermediates.noindex/Firebase.build/Debug-iphonesimulator/FirebaseCore.build/Objects-normal/x86_64/FIROptions.o.scan -- /Applications/Xcode.app/Contents/Developer/Toolchains/XcodeDefault.xctoolchain/usr/bin/clang -x objective-c -ivfsstatcache /Users/siam/Library/Developer/Xcode/DerivedData/SDKStatCaches.noindex/iphonesimulator26.0-23A339-26257891a6c027eb51374368541b8346.sdkstatcache -fmessage-length\=0 -fdiagnostics-show-note-include-stack -fmacro-backtrace-limit\=0 -fno-color-diagnostics -fmodules-prune-interval\=86400 -fmodules-prune-after\=345600 -fbuild-session-file\=/Users/siam/Library/Developer/Xcode/DerivedData/ModuleCache.noindex/Session.modulevalidation -fmodules-validate-once-per-build-session -Wnon-modular-include-in-framework-module -Werror\=non-modular-include-in-framework-module -Wno-trigraphs -Wno-missing-field-initializers -Wno-missing-prototypes -Wno-return-type -Wno-implicit-atomic-properties -Wno-objc-interface-ivars -Wno-arc-repeated-use-of-weak -Wno-missing-braces -Wparentheses -Wswitch -Wno-unused-function -Wno-unused-label -Wno-unused-parameter -Wno-unused-variable -Wunused-value -Wno-empty-body -Wno-uninitialized -Wno-unknown-pragmas -w -Wno-shadow -Wno-four-char-constants -Wno-conversion -Wno-constant-conversion -Wno-int-conversion -Wno-bool-conversion -Wno-enum-conversion -Wno-float-conversion -Wno-non-literal-null-conversion -Wno-objc-literal-conversion -Wshorten-64-to-32 -Wpointer-sign -Wno-newline-eof -Wno-selector -Wno-strict-selector-match -Wno-undeclared-selector -Wno-deprecated-implementations -Wno-implicit-fallthrough -fstrict-aliasing -Wprotocol -Wdeprecated-declarations -Wno-sign-conversion -Wno-infinite-recursion -Wno-comma -Wno-block-capture-autoreleasing -Wno-strict-prototypes -Wno-semicolon-before-method-body -index-store-path /Users/siam/Library/Developer/Xcode/DerivedData/Lingua_Quest-gvpckrqxtbgyprbgppjfqmimmmfw/Index.noindex/DataStore @/Users/siam/Library/Developer/Xcode/DerivedData/Lingua_Quest-gvpckrqxtbgyprbgppjfqmimmmfw/Build/Intermediates.noindex/Firebase.build/Debug-iphonesimulator/FirebaseCore.build/Objects-normal/x86_64/e6072d4f65d7061329687fe24e3d63a7-common-args.resp -include /Users/siam/Library/Developer/Xcode/DerivedData/Lingua_Quest-gvpckrqxtbgyprbgppjfqmimmmfw/Build/Intermediates.noindex/Firebase.build/Debug-iphonesimulator/FirebaseCore.build/DerivedSources/resource_bundle_accessor.h -MMD -MT dependencies -MF /Users/siam/Library/Developer/Xcode/DerivedData/Lingua_Quest-gvpckrqxtbgyprbgppjfqmimmmfw/Build/Intermediates.noindex/Firebase.build/Debug-iphonesimulator/FirebaseCore.build/Objects-normal/x86_64/FIROptions.d --serialize-diagnostics /Users/siam/Library/Developer/Xcode/DerivedData/Lingua_Quest-gvpckrqxtbgyprbgppjfqmimmmfw/Build/Intermediates.noindex/Firebase.build/Debug-iphonesimulator/FirebaseCore.build/Objects-normal/x86_64/FIROptions.dia -c /Users/siam/Library/Developer/Xcode/DerivedData/Lingua_Quest-gvpckrqxtbgyprbgppjfqmimmmfw/SourcePackages/checkouts/firebase-ios-sdk/FirebaseCore/Sources/FIROptions.m -o /Users/siam/Library/Developer/Xcode/DerivedData/Lingua_Quest-gvpckrqxtbgyprbgppjfqmimmmfw/Build/Intermediates.noindex/Firebase.build/Debug-iphonesimulator/FirebaseCore.build/Objects-normal/x86_64/FIROptions.o -index-unit-output-path /Firebase.build/Debug-iphonesimulator/FirebaseCore.build/Objects-normal/x86_64/FIROptions.o

ScanDependencies /Users/siam/Library/Developer/Xcode/DerivedData/Lingua_Quest-gvpckrqxtbgyprbgppjfqmimmmfw/Build/Intermediates.noindex/Firebase.build/Debug-iphonesimulator/FirebaseCore.build/Objects-normal/x86_64/FIRLogger.o /Users/siam/Library/Developer/Xcode/DerivedData/Lingua_Quest-gvpckrqxtbgyprbgppjfqmimmmfw/SourcePackages/checkouts/firebase-ios-sdk/FirebaseCore/Sources/FIRLogger.m normal x86_64 objective-c com.apple.compilers.llvm.clang.1_0.compiler (in target 'FirebaseCore' from project 'Firebase')
    cd /Users/siam/Desktop/Lingua\ Quest/Lingua\ Quest.xcodeproj
    
    Using response file: /Users/siam/Library/Developer/Xcode/DerivedData/Lingua_Quest-gvpckrqxtbgyprbgppjfqmimmmfw/Build/Intermediates.noindex/Firebase.build/Debug-iphonesimulator/FirebaseCore.build/Objects-normal/x86_64/e6072d4f65d7061329687fe24e3d63a7-common-args.resp
    
    builtin-ScanDependencies -o /Users/siam/Library/Developer/Xcode/DerivedData/Lingua_Quest-gvpckrqxtbgyprbgppjfqmimmmfw/Build/Intermediates.noindex/Firebase.build/Debug-iphonesimulator/FirebaseCore.build/Objects-normal/x86_64/FIRLogger.o.scan -- /Applications/Xcode.app/Contents/Developer/Toolchains/XcodeDefault.xctoolchain/usr/bin/clang -x objective-c -ivfsstatcache /Users/siam/Library/Developer/Xcode/DerivedData/SDKStatCaches.noindex/iphonesimulator26.0-23A339-26257891a6c027eb51374368541b8346.sdkstatcache -fmessage-length\=0 -fdiagnostics-show-note-include-stack -fmacro-backtrace-limit\=0 -fno-color-diagnostics -fmodules-prune-interval\=86400 -fmodules-prune-after\=345600 -fbuild-session-file\=/Users/siam/Library/Developer/Xcode/DerivedData/ModuleCache.noindex/Session.modulevalidation -fmodules-validate-once-per-build-session -Wnon-modular-include-in-framework-module -Werror\=non-modular-include-in-framework-module -Wno-trigraphs -Wno-missing-field-initializers -Wno-missing-prototypes -Wno-return-type -Wno-implicit-atomic-properties -Wno-objc-interface-ivars -Wno-arc-repeated-use-of-weak -Wno-missing-braces -Wparentheses -Wswitch -Wno-unused-function -Wno-unused-label -Wno-unused-parameter -Wno-unused-variable -Wunused-value -Wno-empty-body -Wno-uninitialized -Wno-unknown-pragmas -w -Wno-shadow -Wno-four-char-constants -Wno-conversion -Wno-constant-conversion -Wno-int-conversion -Wno-bool-conversion -Wno-enum-conversion -Wno-float-conversion -Wno-non-literal-null-conversion -Wno-objc-literal-conversion -Wshorten-64-to-32 -Wpointer-sign -Wno-newline-eof -Wno-selector -Wno-strict-selector-match -Wno-undeclared-selector -Wno-deprecated-implementations -Wno-implicit-fallthrough -fstrict-aliasing -Wprotocol -Wdeprecated-declarations -Wno-sign-conversion -Wno-infinite-recursion -Wno-comma -Wno-block-capture-autoreleasing -Wno-strict-prototypes -Wno-semicolon-before-method-body -index-store-path /Users/siam/Library/Developer/Xcode/DerivedData/Lingua_Quest-gvpckrqxtbgyprbgppjfqmimmmfw/Index.noindex/DataStore @/Users/siam/Library/Developer/Xcode/DerivedData/Lingua_Quest-gvpckrqxtbgyprbgppjfqmimmmfw/Build/Intermediates.noindex/Firebase.build/Debug-iphonesimulator/FirebaseCore.build/Objects-normal/x86_64/e6072d4f65d7061329687fe24e3d63a7-common-args.resp -include /Users/siam/Library/Developer/Xcode/DerivedData/Lingua_Quest-gvpckrqxtbgyprbgppjfqmimmmfw/Build/Intermediates.noindex/Firebase.build/Debug-iphonesimulator/FirebaseCore.build/DerivedSources/resource_bundle_accessor.h -MMD -MT dependencies -MF /Users/siam/Library/Developer/Xcode/DerivedData/Lingua_Quest-gvpckrqxtbgyprbgppjfqmimmmfw/Build/Intermediates.noindex/Firebase.build/Debug-iphonesimulator/FirebaseCore.build/Objects-normal/x86_64/FIRLogger.d --serialize-diagnostics /Users/siam/Library/Developer/Xcode/DerivedData/Lingua_Quest-gvpckrqxtbgyprbgppjfqmimmmfw/Build/Intermediates.noindex/Firebase.build/Debug-iphonesimulator/FirebaseCore.build/Objects-normal/x86_64/FIRLogger.dia -c /Users/siam/Library/Developer/Xcode/DerivedData/Lingua_Quest-gvpckrqxtbgyprbgppjfqmimmmfw/SourcePackages/checkouts/firebase-ios-sdk/FirebaseCore/Sources/FIRLogger.m -o /Users/siam/Library/Developer/Xcode/DerivedData/Lingua_Quest-gvpckrqxtbgyprbgppjfqmimmmfw/Build/Intermediates.noindex/Firebase.build/Debug-iphonesimulator/FirebaseCore.build/Objects-normal/x86_64/FIRLogger.o -index-unit-output-path /Firebase.build/Debug-iphonesimulator/FirebaseCore.build/Objects-normal/x86_64/FIRLogger.o

CompileC /Users/siam/Library/Developer/Xcode/DerivedData/Lingua_Quest-gvpckrqxtbgyprbgppjfqmimmmfw/Build/Intermediates.noindex/Firebase.build/Debug-iphonesimulator/FirebaseCore.build/Objects-normal/x86_64/FIRTimestamp.o /Users/siam/Library/Developer/Xcode/DerivedData/Lingua_Quest-gvpckrqxtbgyprbgppjfqmimmmfw/SourcePackages/checkouts/firebase-ios-sdk/FirebaseCore/Sources/FIRTimestamp.m normal x86_64 objective-c com.apple.compilers.llvm.clang.1_0.compiler (in target 'FirebaseCore' from project 'Firebase')
    cd /Users/siam/Desktop/Lingua\ Quest/Lingua\ Quest.xcodeproj
    
    Using response file: /Users/siam/Library/Developer/Xcode/DerivedData/Lingua_Quest-gvpckrqxtbgyprbgppjfqmimmmfw/Build/Intermediates.noindex/Firebase.build/Debug-iphonesimulator/FirebaseCore.build/Objects-normal/x86_64/e6072d4f65d7061329687fe24e3d63a7-common-args.resp
    
    /Applications/Xcode.app/Contents/Developer/Toolchains/XcodeDefault.xctoolchain/usr/bin/clang -x objective-c -ivfsstatcache /Users/siam/Library/Developer/Xcode/DerivedData/SDKStatCaches.noindex/iphonesimulator26.0-23A339-26257891a6c027eb51374368541b8346.sdkstatcache -fmessage-length\=0 -fdiagnostics-show-note-include-stack -fmacro-backtrace-limit\=0 -fno-color-diagnostics -fmodules-prune-interval\=86400 -fmodules-prune-after\=345600 -fbuild-session-file\=/Users/siam/Library/Developer/Xcode/DerivedData/ModuleCache.noindex/Session.modulevalidation -fmodules-validate-once-per-build-session -Wnon-modular-include-in-framework-module -Werror\=non-modular-include-in-framework-module -Wno-trigraphs -Wno-missing-field-initializers -Wno-missing-prototypes -Wno-return-type -Wno-implicit-atomic-properties -Wno-objc-interface-ivars -Wno-arc-repeated-use-of-weak -Wno-missing-braces -Wparentheses -Wswitch -Wno-unused-function -Wno-unused-label -Wno-unused-parameter -Wno-unused-variable -Wunused-value -Wno-empty-body -Wno-uninitialized -Wno-unknown-pragmas -w -Wno-shadow -Wno-four-char-constants -Wno-conversion -Wno-constant-conversion -Wno-int-conversion -Wno-bool-conversion -Wno-enum-conversion -Wno-float-conversion -Wno-non-literal-null-conversion -Wno-objc-literal-conversion -Wshorten-64-to-32 -Wpointer-sign -Wno-newline-eof -Wno-selector -Wno-strict-selector-match -Wno-undeclared-selector -Wno-deprecated-implementations -Wno-implicit-fallthrough -fstrict-aliasing -Wprotocol -Wdeprecated-declarations -Wno-sign-conversion -Wno-infinite-recursion -Wno-comma -Wno-block-capture-autoreleasing -Wno-strict-prototypes -Wno-semicolon-before-method-body -index-store-path /Users/siam/Library/Developer/Xcode/DerivedData/Lingua_Quest-gvpckrqxtbgyprbgppjfqmimmmfw/Index.noindex/DataStore @/Users/siam/Library/Developer/Xcode/DerivedData/Lingua_Quest-gvpckrqxtbgyprbgppjfqmimmmfw/Build/Intermediates.noindex/Firebase.build/Debug-iphonesimulator/FirebaseCore.build/Objects-normal/x86_64/e6072d4f65d7061329687fe24e3d63a7-common-args.resp -include /Users/siam/Library/Developer/Xcode/DerivedData/Lingua_Quest-gvpckrqxtbgyprbgppjfqmimmmfw/Build/Intermediates.noindex/Firebase.build/Debug-iphonesimulator/FirebaseCore.build/DerivedSources/resource_bundle_accessor.h -MMD -MT dependencies -MF /Users/siam/Library/Developer/Xcode/DerivedData/Lingua_Quest-gvpckrqxtbgyprbgppjfqmimmmfw/Build/Intermediates.noindex/Firebase.build/Debug-iphonesimulator/FirebaseCore.build/Objects-normal/x86_64/FIRTimestamp.d --serialize-diagnostics /Users/siam/Library/Developer/Xcode/DerivedData/Lingua_Quest-gvpckrqxtbgyprbgppjfqmimmmfw/Build/Intermediates.noindex/Firebase.build/Debug-iphonesimulator/FirebaseCore.build/Objects-normal/x86_64/FIRTimestamp.dia -c /Users/siam/Library/Developer/Xcode/DerivedData/Lingua_Quest-gvpckrqxtbgyprbgppjfqmimmmfw/SourcePackages/checkouts/firebase-ios-sdk/FirebaseCore/Sources/FIRTimestamp.m -o /Users/siam/Library/Developer/Xcode/DerivedData/Lingua_Quest-gvpckrqxtbgyprbgppjfqmimmmfw/Build/Intermediates.noindex/Firebase.build/Debug-iphonesimulator/FirebaseCore.build/Objects-normal/x86_64/FIRTimestamp.o -index-unit-output-path /Firebase.build/Debug-iphonesimulator/FirebaseCore.build/Objects-normal/x86_64/FIRTimestamp.o

SwiftDriverJobDiscovery normal arm64 Compiling RingBuffer.swift (in target 'FirebaseCoreInternal' from project 'Firebase')

ScanDependencies /Users/siam/Library/Developer/Xcode/DerivedData/Lingua_Quest-gvpckrqxtbgyprbgppjfqmimmmfw/Build/Intermediates.noindex/Firebase.build/Debug-iphonesimulator/FirebaseCore.build/Objects-normal/x86_64/FIRHeartbeatLogger.o /Users/siam/Library/Developer/Xcode/DerivedData/Lingua_Quest-gvpckrqxtbgyprbgppjfqmimmmfw/SourcePackages/checkouts/firebase-ios-sdk/FirebaseCore/Sources/FIRHeartbeatLogger.m normal x86_64 objective-c com.apple.compilers.llvm.clang.1_0.compiler (in target 'FirebaseCore' from project 'Firebase')
    cd /Users/siam/Desktop/Lingua\ Quest/Lingua\ Quest.xcodeproj
    
    Using response file: /Users/siam/Library/Developer/Xcode/DerivedData/Lingua_Quest-gvpckrqxtbgyprbgppjfqmimmmfw/Build/Intermediates.noindex/Firebase.build/Debug-iphonesimulator/FirebaseCore.build/Objects-normal/x86_64/e6072d4f65d7061329687fe24e3d63a7-common-args.resp
    
    builtin-ScanDependencies -o /Users/siam/Library/Developer/Xcode/DerivedData/Lingua_Quest-gvpckrqxtbgyprbgppjfqmimmmfw/Build/Intermediates.noindex/Firebase.build/Debug-iphonesimulator/FirebaseCore.build/Objects-normal/x86_64/FIRHeartbeatLogger.o.scan -- /Applications/Xcode.app/Contents/Developer/Toolchains/XcodeDefault.xctoolchain/usr/bin/clang -x objective-c -ivfsstatcache /Users/siam/Library/Developer/Xcode/DerivedData/SDKStatCaches.noindex/iphonesimulator26.0-23A339-26257891a6c027eb51374368541b8346.sdkstatcache -fmessage-length\=0 -fdiagnostics-show-note-include-stack -fmacro-backtrace-limit\=0 -fno-color-diagnostics -fmodules-prune-interval\=86400 -fmodules-prune-after\=345600 -fbuild-session-file\=/Users/siam/Library/Developer/Xcode/DerivedData/ModuleCache.noindex/Session.modulevalidation -fmodules-validate-once-per-build-session -Wnon-modular-include-in-framework-module -Werror\=non-modular-include-in-framework-module -Wno-trigraphs -Wno-missing-field-initializers -Wno-missing-prototypes -Wno-return-type -Wno-implicit-atomic-properties -Wno-objc-interface-ivars -Wno-arc-repeated-use-of-weak -Wno-missing-braces -Wparentheses -Wswitch -Wno-unused-function -Wno-unused-label -Wno-unused-parameter -Wno-unused-variable -Wunused-value -Wno-empty-body -Wno-uninitialized -Wno-unknown-pragmas -w -Wno-shadow -Wno-four-char-constants -Wno-conversion -Wno-constant-conversion -Wno-int-conversion -Wno-bool-conversion -Wno-enum-conversion -Wno-float-conversion -Wno-non-literal-null-conversion -Wno-objc-literal-conversion -Wshorten-64-to-32 -Wpointer-sign -Wno-newline-eof -Wno-selector -Wno-strict-selector-match -Wno-undeclared-selector -Wno-deprecated-implementations -Wno-implicit-fallthrough -fstrict-aliasing -Wprotocol -Wdeprecated-declarations -Wno-sign-conversion -Wno-infinite-recursion -Wno-comma -Wno-block-capture-autoreleasing -Wno-strict-prototypes -Wno-semicolon-before-method-body -index-store-path /Users/siam/Library/Developer/Xcode/DerivedData/Lingua_Quest-gvpckrqxtbgyprbgppjfqmimmmfw/Index.noindex/DataStore @/Users/siam/Library/Developer/Xcode/DerivedData/Lingua_Quest-gvpckrqxtbgyprbgppjfqmimmmfw/Build/Intermediates.noindex/Firebase.build/Debug-iphonesimulator/FirebaseCore.build/Objects-normal/x86_64/e6072d4f65d7061329687fe24e3d63a7-common-args.resp -include /Users/siam/Library/Developer/Xcode/DerivedData/Lingua_Quest-gvpckrqxtbgyprbgppjfqmimmmfw/Build/Intermediates.noindex/Firebase.build/Debug-iphonesimulator/FirebaseCore.build/DerivedSources/resource_bundle_accessor.h -MMD -MT dependencies -MF /Users/siam/Library/Developer/Xcode/DerivedData/Lingua_Quest-gvpckrqxtbgyprbgppjfqmimmmfw/Build/Intermediates.noindex/Firebase.build/Debug-iphonesimulator/FirebaseCore.build/Objects-normal/x86_64/FIRHeartbeatLogger.d --serialize-diagnostics /Users/siam/Library/Developer/Xcode/DerivedData/Lingua_Quest-gvpckrqxtbgyprbgppjfqmimmmfw/Build/Intermediates.noindex/Firebase.build/Debug-iphonesimulator/FirebaseCore.build/Objects-normal/x86_64/FIRHeartbeatLogger.dia -c /Users/siam/Library/Developer/Xcode/DerivedData/Lingua_Quest-gvpckrqxtbgyprbgppjfqmimmmfw/SourcePackages/checkouts/firebase-ios-sdk/FirebaseCore/Sources/FIRHeartbeatLogger.m -o /Users/siam/Library/Developer/Xcode/DerivedData/Lingua_Quest-gvpckrqxtbgyprbgppjfqmimmmfw/Build/Intermediates.noindex/Firebase.build/Debug-iphonesimulator/FirebaseCore.build/Objects-normal/x86_64/FIRHeartbeatLogger.o -index-unit-output-path /Firebase.build/Debug-iphonesimulator/FirebaseCore.build/Objects-normal/x86_64/FIRHeartbeatLogger.o

CompileC /Users/siam/Library/Developer/Xcode/DerivedData/Lingua_Quest-gvpckrqxtbgyprbgppjfqmimmmfw/Build/Intermediates.noindex/Firebase.build/Debug-iphonesimulator/FirebaseCore.build/Objects-normal/x86_64/FIROptions.o /Users/siam/Library/Developer/Xcode/DerivedData/Lingua_Quest-gvpckrqxtbgyprbgppjfqmimmmfw/SourcePackages/checkouts/firebase-ios-sdk/FirebaseCore/Sources/FIROptions.m normal x86_64 objective-c com.apple.compilers.llvm.clang.1_0.compiler (in target 'FirebaseCore' from project 'Firebase')
    cd /Users/siam/Desktop/Lingua\ Quest/Lingua\ Quest.xcodeproj
    
    Using response file: /Users/siam/Library/Developer/Xcode/DerivedData/Lingua_Quest-gvpckrqxtbgyprbgppjfqmimmmfw/Build/Intermediates.noindex/Firebase.build/Debug-iphonesimulator/FirebaseCore.build/Objects-normal/x86_64/e6072d4f65d7061329687fe24e3d63a7-common-args.resp
    
    /Applications/Xcode.app/Contents/Developer/Toolchains/XcodeDefault.xctoolchain/usr/bin/clang -x objective-c -ivfsstatcache /Users/siam/Library/Developer/Xcode/DerivedData/SDKStatCaches.noindex/iphonesimulator26.0-23A339-26257891a6c027eb51374368541b8346.sdkstatcache -fmessage-length\=0 -fdiagnostics-show-note-include-stack -fmacro-backtrace-limit\=0 -fno-color-diagnostics -fmodules-prune-interval\=86400 -fmodules-prune-after\=345600 -fbuild-session-file\=/Users/siam/Library/Developer/Xcode/DerivedData/ModuleCache.noindex/Session.modulevalidation -fmodules-validate-once-per-build-session -Wnon-modular-include-in-framework-module -Werror\=non-modular-include-in-framework-module -Wno-trigraphs -Wno-missing-field-initializers -Wno-missing-prototypes -Wno-return-type -Wno-implicit-atomic-properties -Wno-objc-interface-ivars -Wno-arc-repeated-use-of-weak -Wno-missing-braces -Wparentheses -Wswitch -Wno-unused-function -Wno-unused-label -Wno-unused-parameter -Wno-unused-variable -Wunused-value -Wno-empty-body -Wno-uninitialized -Wno-unknown-pragmas -w -Wno-shadow -Wno-four-char-constants -Wno-conversion -Wno-constant-conversion -Wno-int-conversion -Wno-bool-conversion -Wno-enum-conversion -Wno-float-conversion -Wno-non-literal-null-conversion -Wno-objc-literal-conversion -Wshorten-64-to-32 -Wpointer-sign -Wno-newline-eof -Wno-selector -Wno-strict-selector-match -Wno-undeclared-selector -Wno-deprecated-implementations -Wno-implicit-fallthrough -fstrict-aliasing -Wprotocol -Wdeprecated-declarations -Wno-sign-conversion -Wno-infinite-recursion -Wno-comma -Wno-block-capture-autoreleasing -Wno-strict-prototypes -Wno-semicolon-before-method-body -index-store-path /Users/siam/Library/Developer/Xcode/DerivedData/Lingua_Quest-gvpckrqxtbgyprbgppjfqmimmmfw/Index.noindex/DataStore @/Users/siam/Library/Developer/Xcode/DerivedData/Lingua_Quest-gvpckrqxtbgyprbgppjfqmimmmfw/Build/Intermediates.noindex/Firebase.build/Debug-iphonesimulator/FirebaseCore.build/Objects-normal/x86_64/e6072d4f65d7061329687fe24e3d63a7-common-args.resp -include /Users/siam/Library/Developer/Xcode/DerivedData/Lingua_Quest-gvpckrqxtbgyprbgppjfqmimmmfw/Build/Intermediates.noindex/Firebase.build/Debug-iphonesimulator/FirebaseCore.build/DerivedSources/resource_bundle_accessor.h -MMD -MT dependencies -MF /Users/siam/Library/Developer/Xcode/DerivedData/Lingua_Quest-gvpckrqxtbgyprbgppjfqmimmmfw/Build/Intermediates.noindex/Firebase.build/Debug-iphonesimulator/FirebaseCore.build/Objects-normal/x86_64/FIROptions.d --serialize-diagnostics /Users/siam/Library/Developer/Xcode/DerivedData/Lingua_Quest-gvpckrqxtbgyprbgppjfqmimmmfw/Build/Intermediates.noindex/Firebase.build/Debug-iphonesimulator/FirebaseCore.build/Objects-normal/x86_64/FIROptions.dia -c /Users/siam/Library/Developer/Xcode/DerivedData/Lingua_Quest-gvpckrqxtbgyprbgppjfqmimmmfw/SourcePackages/checkouts/firebase-ios-sdk/FirebaseCore/Sources/FIROptions.m -o /Users/siam/Library/Developer/Xcode/DerivedData/Lingua_Quest-gvpckrqxtbgyprbgppjfqmimmmfw/Build/Intermediates.noindex/Firebase.build/Debug-iphonesimulator/FirebaseCore.build/Objects-normal/x86_64/FIROptions.o -index-unit-output-path /Firebase.build/Debug-iphonesimulator/FirebaseCore.build/Objects-normal/x86_64/FIROptions.o

SwiftDriverJobDiscovery normal arm64 Compiling _ObjC_HeartbeatsPayload.swift (in target 'FirebaseCoreInternal' from project 'Firebase')

ScanDependencies /Users/siam/Library/Developer/Xcode/DerivedData/Lingua_Quest-gvpckrqxtbgyprbgppjfqmimmmfw/Build/Intermediates.noindex/Firebase.build/Debug-iphonesimulator/FirebaseCore.build/Objects-normal/x86_64/FIRFirebaseUserAgent.o /Users/siam/Library/Developer/Xcode/DerivedData/Lingua_Quest-gvpckrqxtbgyprbgppjfqmimmmfw/SourcePackages/checkouts/firebase-ios-sdk/FirebaseCore/Sources/FIRFirebaseUserAgent.m normal x86_64 objective-c com.apple.compilers.llvm.clang.1_0.compiler (in target 'FirebaseCore' from project 'Firebase')
    cd /Users/siam/Desktop/Lingua\ Quest/Lingua\ Quest.xcodeproj
    
    Using response file: /Users/siam/Library/Developer/Xcode/DerivedData/Lingua_Quest-gvpckrqxtbgyprbgppjfqmimmmfw/Build/Intermediates.noindex/Firebase.build/Debug-iphonesimulator/FirebaseCore.build/Objects-normal/x86_64/e6072d4f65d7061329687fe24e3d63a7-common-args.resp
    
    builtin-ScanDependencies -o /Users/siam/Library/Developer/Xcode/DerivedData/Lingua_Quest-gvpckrqxtbgyprbgppjfqmimmmfw/Build/Intermediates.noindex/Firebase.build/Debug-iphonesimulator/FirebaseCore.build/Objects-normal/x86_64/FIRFirebaseUserAgent.o.scan -- /Applications/Xcode.app/Contents/Developer/Toolchains/XcodeDefault.xctoolchain/usr/bin/clang -x objective-c -ivfsstatcache /Users/siam/Library/Developer/Xcode/DerivedData/SDKStatCaches.noindex/iphonesimulator26.0-23A339-26257891a6c027eb51374368541b8346.sdkstatcache -fmessage-length\=0 -fdiagnostics-show-note-include-stack -fmacro-backtrace-limit\=0 -fno-color-diagnostics -fmodules-prune-interval\=86400 -fmodules-prune-after\=345600 -fbuild-session-file\=/Users/siam/Library/Developer/Xcode/DerivedData/ModuleCache.noindex/Session.modulevalidation -fmodules-validate-once-per-build-session -Wnon-modular-include-in-framework-module -Werror\=non-modular-include-in-framework-module -Wno-trigraphs -Wno-missing-field-initializers -Wno-missing-prototypes -Wno-return-type -Wno-implicit-atomic-properties -Wno-objc-interface-ivars -Wno-arc-repeated-use-of-weak -Wno-missing-braces -Wparentheses -Wswitch -Wno-unused-function -Wno-unused-label -Wno-unused-parameter -Wno-unused-variable -Wunused-value -Wno-empty-body -Wno-uninitialized -Wno-unknown-pragmas -w -Wno-shadow -Wno-four-char-constants -Wno-conversion -Wno-constant-conversion -Wno-int-conversion -Wno-bool-conversion -Wno-enum-conversion -Wno-float-conversion -Wno-non-literal-null-conversion -Wno-objc-literal-conversion -Wshorten-64-to-32 -Wpointer-sign -Wno-newline-eof -Wno-selector -Wno-strict-selector-match -Wno-undeclared-selector -Wno-deprecated-implementations -Wno-implicit-fallthrough -fstrict-aliasing -Wprotocol -Wdeprecated-declarations -Wno-sign-conversion -Wno-infinite-recursion -Wno-comma -Wno-block-capture-autoreleasing -Wno-strict-prototypes -Wno-semicolon-before-method-body -index-store-path /Users/siam/Library/Developer/Xcode/DerivedData/Lingua_Quest-gvpckrqxtbgyprbgppjfqmimmmfw/Index.noindex/DataStore @/Users/siam/Library/Developer/Xcode/DerivedData/Lingua_Quest-gvpckrqxtbgyprbgppjfqmimmmfw/Build/Intermediates.noindex/Firebase.build/Debug-iphonesimulator/FirebaseCore.build/Objects-normal/x86_64/e6072d4f65d7061329687fe24e3d63a7-common-args.resp -include /Users/siam/Library/Developer/Xcode/DerivedData/Lingua_Quest-gvpckrqxtbgyprbgppjfqmimmmfw/Build/Intermediates.noindex/Firebase.build/Debug-iphonesimulator/FirebaseCore.build/DerivedSources/resource_bundle_accessor.h -MMD -MT dependencies -MF /Users/siam/Library/Developer/Xcode/DerivedData/Lingua_Quest-gvpckrqxtbgyprbgppjfqmimmmfw/Build/Intermediates.noindex/Firebase.build/Debug-iphonesimulator/FirebaseCore.build/Objects-normal/x86_64/FIRFirebaseUserAgent.d --serialize-diagnostics /Users/siam/Library/Developer/Xcode/DerivedData/Lingua_Quest-gvpckrqxtbgyprbgppjfqmimmmfw/Build/Intermediates.noindex/Firebase.build/Debug-iphonesimulator/FirebaseCore.build/Objects-normal/x86_64/FIRFirebaseUserAgent.dia -c /Users/siam/Library/Developer/Xcode/DerivedData/Lingua_Quest-gvpckrqxtbgyprbgppjfqmimmmfw/SourcePackages/checkouts/firebase-ios-sdk/FirebaseCore/Sources/FIRFirebaseUserAgent.m -o /Users/siam/Library/Developer/Xcode/DerivedData/Lingua_Quest-gvpckrqxtbgyprbgppjfqmimmmfw/Build/Intermediates.noindex/Firebase.build/Debug-iphonesimulator/FirebaseCore.build/Objects-normal/x86_64/FIRFirebaseUserAgent.o -index-unit-output-path /Firebase.build/Debug-iphonesimulator/FirebaseCore.build/Objects-normal/x86_64/FIRFirebaseUserAgent.o

PrecompileModule /Users/siam/Library/Developer/Xcode/DerivedData/Lingua_Quest-gvpckrqxtbgyprbgppjfqmimmmfw/Build/Intermediates.noindex/ExplicitPrecompiledModules/FirebaseCoreInternal-CVASKORWOC4V5JC3EMGQZDVGP.scan
    cd /
    builtin-precompileModule /Users/siam/Library/Developer/Xcode/DerivedData/Lingua_Quest-gvpckrqxtbgyprbgppjfqmimmmfw/Build/Intermediates.noindex/ExplicitPrecompiledModules/FirebaseCoreInternal-CVASKORWOC4V5JC3EMGQZDVGP.scan

SwiftDriverJobDiscovery normal arm64 Compiling StorageFactory.swift (in target 'FirebaseCoreInternal' from project 'Firebase')

ScanDependencies /Users/siam/Library/Developer/Xcode/DerivedData/Lingua_Quest-gvpckrqxtbgyprbgppjfqmimmmfw/Build/Intermediates.noindex/Firebase.build/Debug-iphonesimulator/FirebaseCore.build/Objects-normal/x86_64/FIRConfiguration.o /Users/siam/Library/Developer/Xcode/DerivedData/Lingua_Quest-gvpckrqxtbgyprbgppjfqmimmmfw/SourcePackages/checkouts/firebase-ios-sdk/FirebaseCore/Sources/FIRConfiguration.m normal x86_64 objective-c com.apple.compilers.llvm.clang.1_0.compiler (in target 'FirebaseCore' from project 'Firebase')
    cd /Users/siam/Desktop/Lingua\ Quest/Lingua\ Quest.xcodeproj
    
    Using response file: /Users/siam/Library/Developer/Xcode/DerivedData/Lingua_Quest-gvpckrqxtbgyprbgppjfqmimmmfw/Build/Intermediates.noindex/Firebase.build/Debug-iphonesimulator/FirebaseCore.build/Objects-normal/x86_64/e6072d4f65d7061329687fe24e3d63a7-common-args.resp
    
    builtin-ScanDependencies -o /Users/siam/Library/Developer/Xcode/DerivedData/Lingua_Quest-gvpckrqxtbgyprbgppjfqmimmmfw/Build/Intermediates.noindex/Firebase.build/Debug-iphonesimulator/FirebaseCore.build/Objects-normal/x86_64/FIRConfiguration.o.scan -- /Applications/Xcode.app/Contents/Developer/Toolchains/XcodeDefault.xctoolchain/usr/bin/clang -x objective-c -ivfsstatcache /Users/siam/Library/Developer/Xcode/DerivedData/SDKStatCaches.noindex/iphonesimulator26.0-23A339-26257891a6c027eb51374368541b8346.sdkstatcache -fmessage-length\=0 -fdiagnostics-show-note-include-stack -fmacro-backtrace-limit\=0 -fno-color-diagnostics -fmodules-prune-interval\=86400 -fmodules-prune-after\=345600 -fbuild-session-file\=/Users/siam/Library/Developer/Xcode/DerivedData/ModuleCache.noindex/Session.modulevalidation -fmodules-validate-once-per-build-session -Wnon-modular-include-in-framework-module -Werror\=non-modular-include-in-framework-module -Wno-trigraphs -Wno-missing-field-initializers -Wno-missing-prototypes -Wno-return-type -Wno-implicit-atomic-properties -Wno-objc-interface-ivars -Wno-arc-repeated-use-of-weak -Wno-missing-braces -Wparentheses -Wswitch -Wno-unused-function -Wno-unused-label -Wno-unused-parameter -Wno-unused-variable -Wunused-value -Wno-empty-body -Wno-uninitialized -Wno-unknown-pragmas -w -Wno-shadow -Wno-four-char-constants -Wno-conversion -Wno-constant-conversion -Wno-int-conversion -Wno-bool-conversion -Wno-enum-conversion -Wno-float-conversion -Wno-non-literal-null-conversion -Wno-objc-literal-conversion -Wshorten-64-to-32 -Wpointer-sign -Wno-newline-eof -Wno-selector -Wno-strict-selector-match -Wno-undeclared-selector -Wno-deprecated-implementations -Wno-implicit-fallthrough -fstrict-aliasing -Wprotocol -Wdeprecated-declarations -Wno-sign-conversion -Wno-infinite-recursion -Wno-comma -Wno-block-capture-autoreleasing -Wno-strict-prototypes -Wno-semicolon-before-method-body -index-store-path /Users/siam/Library/Developer/Xcode/DerivedData/Lingua_Quest-gvpckrqxtbgyprbgppjfqmimmmfw/Index.noindex/DataStore @/Users/siam/Library/Developer/Xcode/DerivedData/Lingua_Quest-gvpckrqxtbgyprbgppjfqmimmmfw/Build/Intermediates.noindex/Firebase.build/Debug-iphonesimulator/FirebaseCore.build/Objects-normal/x86_64/e6072d4f65d7061329687fe24e3d63a7-common-args.resp -include /Users/siam/Library/Developer/Xcode/DerivedData/Lingua_Quest-gvpckrqxtbgyprbgppjfqmimmmfw/Build/Intermediates.noindex/Firebase.build/Debug-iphonesimulator/FirebaseCore.build/DerivedSources/resource_bundle_accessor.h -MMD -MT dependencies -MF /Users/siam/Library/Developer/Xcode/DerivedData/Lingua_Quest-gvpckrqxtbgyprbgppjfqmimmmfw/Build/Intermediates.noindex/Firebase.build/Debug-iphonesimulator/FirebaseCore.build/Objects-normal/x86_64/FIRConfiguration.d --serialize-diagnostics /Users/siam/Library/Developer/Xcode/DerivedData/Lingua_Quest-gvpckrqxtbgyprbgppjfqmimmmfw/Build/Intermediates.noindex/Firebase.build/Debug-iphonesimulator/FirebaseCore.build/Objects-normal/x86_64/FIRConfiguration.dia -c /Users/siam/Library/Developer/Xcode/DerivedData/Lingua_Quest-gvpckrqxtbgyprbgppjfqmimmmfw/SourcePackages/checkouts/firebase-ios-sdk/FirebaseCore/Sources/FIRConfiguration.m -o /Users/siam/Library/Developer/Xcode/DerivedData/Lingua_Quest-gvpckrqxtbgyprbgppjfqmimmmfw/Build/Intermediates.noindex/Firebase.build/Debug-iphonesimulator/FirebaseCore.build/Objects-normal/x86_64/FIRConfiguration.o -index-unit-output-path /Firebase.build/Debug-iphonesimulator/FirebaseCore.build/Objects-normal/x86_64/FIRConfiguration.o

PrecompileModule /Users/siam/Library/Developer/Xcode/DerivedData/Lingua_Quest-gvpckrqxtbgyprbgppjfqmimmmfw/Build/Intermediates.noindex/ExplicitPrecompiledModules/GoogleUtilities_Logger-69E9KDB0SQEQ13WCXNQOF98O6.scan
    cd /
    builtin-precompileModule /Users/siam/Library/Developer/Xcode/DerivedData/Lingua_Quest-gvpckrqxtbgyprbgppjfqmimmmfw/Build/Intermediates.noindex/ExplicitPrecompiledModules/GoogleUtilities_Logger-69E9KDB0SQEQ13WCXNQOF98O6.scan

PrecompileModule /Users/siam/Library/Developer/Xcode/DerivedData/Lingua_Quest-gvpckrqxtbgyprbgppjfqmimmmfw/Build/Intermediates.noindex/ExplicitPrecompiledModules/GoogleUtilities_Environment-DF2A4A7J38UBFIJMSQG20PWCX.scan
    cd /
    builtin-precompileModule /Users/siam/Library/Developer/Xcode/DerivedData/Lingua_Quest-gvpckrqxtbgyprbgppjfqmimmmfw/Build/Intermediates.noindex/ExplicitPrecompiledModules/GoogleUtilities_Environment-DF2A4A7J38UBFIJMSQG20PWCX.scan

ScanDependencies /Users/siam/Library/Developer/Xcode/DerivedData/Lingua_Quest-gvpckrqxtbgyprbgppjfqmimmmfw/Build/Intermediates.noindex/Firebase.build/Debug-iphonesimulator/FirebaseCore.build/Objects-normal/x86_64/FIRComponentType.o /Users/siam/Library/Developer/Xcode/DerivedData/Lingua_Quest-gvpckrqxtbgyprbgppjfqmimmmfw/SourcePackages/checkouts/firebase-ios-sdk/FirebaseCore/Sources/FIRComponentType.m normal x86_64 objective-c com.apple.compilers.llvm.clang.1_0.compiler (in target 'FirebaseCore' from project 'Firebase')
    cd /Users/siam/Desktop/Lingua\ Quest/Lingua\ Quest.xcodeproj
    
    Using response file: /Users/siam/Library/Developer/Xcode/DerivedData/Lingua_Quest-gvpckrqxtbgyprbgppjfqmimmmfw/Build/Intermediates.noindex/Firebase.build/Debug-iphonesimulator/FirebaseCore.build/Objects-normal/x86_64/e6072d4f65d7061329687fe24e3d63a7-common-args.resp
    
    builtin-ScanDependencies -o /Users/siam/Library/Developer/Xcode/DerivedData/Lingua_Quest-gvpckrqxtbgyprbgppjfqmimmmfw/Build/Intermediates.noindex/Firebase.build/Debug-iphonesimulator/FirebaseCore.build/Objects-normal/x86_64/FIRComponentType.o.scan -- /Applications/Xcode.app/Contents/Developer/Toolchains/XcodeDefault.xctoolchain/usr/bin/clang -x objective-c -ivfsstatcache /Users/siam/Library/Developer/Xcode/DerivedData/SDKStatCaches.noindex/iphonesimulator26.0-23A339-26257891a6c027eb51374368541b8346.sdkstatcache -fmessage-length\=0 -fdiagnostics-show-note-include-stack -fmacro-backtrace-limit\=0 -fno-color-diagnostics -fmodules-prune-interval\=86400 -fmodules-prune-after\=345600 -fbuild-session-file\=/Users/siam/Library/Developer/Xcode/DerivedData/ModuleCache.noindex/Session.modulevalidation -fmodules-validate-once-per-build-session -Wnon-modular-include-in-framework-module -Werror\=non-modular-include-in-framework-module -Wno-trigraphs -Wno-missing-field-initializers -Wno-missing-prototypes -Wno-return-type -Wno-implicit-atomic-properties -Wno-objc-interface-ivars -Wno-arc-repeated-use-of-weak -Wno-missing-braces -Wparentheses -Wswitch -Wno-unused-function -Wno-unused-label -Wno-unused-parameter -Wno-unused-variable -Wunused-value -Wno-empty-body -Wno-uninitialized -Wno-unknown-pragmas -w -Wno-shadow -Wno-four-char-constants -Wno-conversion -Wno-constant-conversion -Wno-int-conversion -Wno-bool-conversion -Wno-enum-conversion -Wno-float-conversion -Wno-non-literal-null-conversion -Wno-objc-literal-conversion -Wshorten-64-to-32 -Wpointer-sign -Wno-newline-eof -Wno-selector -Wno-strict-selector-match -Wno-undeclared-selector -Wno-deprecated-implementations -Wno-implicit-fallthrough -fstrict-aliasing -Wprotocol -Wdeprecated-declarations -Wno-sign-conversion -Wno-infinite-recursion -Wno-comma -Wno-block-capture-autoreleasing -Wno-strict-prototypes -Wno-semicolon-before-method-body -index-store-path /Users/siam/Library/Developer/Xcode/DerivedData/Lingua_Quest-gvpckrqxtbgyprbgppjfqmimmmfw/Index.noindex/DataStore @/Users/siam/Library/Developer/Xcode/DerivedData/Lingua_Quest-gvpckrqxtbgyprbgppjfqmimmmfw/Build/Intermediates.noindex/Firebase.build/Debug-iphonesimulator/FirebaseCore.build/Objects-normal/x86_64/e6072d4f65d7061329687fe24e3d63a7-common-args.resp -include /Users/siam/Library/Developer/Xcode/DerivedData/Lingua_Quest-gvpckrqxtbgyprbgppjfqmimmmfw/Build/Intermediates.noindex/Firebase.build/Debug-iphonesimulator/FirebaseCore.build/DerivedSources/resource_bundle_accessor.h -MMD -MT dependencies -MF /Users/siam/Library/Developer/Xcode/DerivedData/Lingua_Quest-gvpckrqxtbgyprbgppjfqmimmmfw/Build/Intermediates.noindex/Firebase.build/Debug-iphonesimulator/FirebaseCore.build/Objects-normal/x86_64/FIRComponentType.d --serialize-diagnostics /Users/siam/Library/Developer/Xcode/DerivedData/Lingua_Quest-gvpckrqxtbgyprbgppjfqmimmmfw/Build/Intermediates.noindex/Firebase.build/Debug-iphonesimulator/FirebaseCore.build/Objects-normal/x86_64/FIRComponentType.dia -c /Users/siam/Library/Developer/Xcode/DerivedData/Lingua_Quest-gvpckrqxtbgyprbgppjfqmimmmfw/SourcePackages/checkouts/firebase-ios-sdk/FirebaseCore/Sources/FIRComponentType.m -o /Users/siam/Library/Developer/Xcode/DerivedData/Lingua_Quest-gvpckrqxtbgyprbgppjfqmimmmfw/Build/Intermediates.noindex/Firebase.build/Debug-iphonesimulator/FirebaseCore.build/Objects-normal/x86_64/FIRComponentType.o -index-unit-output-path /Firebase.build/Debug-iphonesimulator/FirebaseCore.build/Objects-normal/x86_64/FIRComponentType.o

SwiftDriverJobDiscovery normal x86_64 Compiling StorageFactory.swift (in target 'FirebaseCoreInternal' from project 'Firebase')

ScanDependencies /Users/siam/Library/Developer/Xcode/DerivedData/Lingua_Quest-gvpckrqxtbgyprbgppjfqmimmmfw/Build/Intermediates.noindex/Firebase.build/Debug-iphonesimulator/FirebaseCore.build/Objects-normal/x86_64/FIRComponentContainer.o /Users/siam/Library/Developer/Xcode/DerivedData/Lingua_Quest-gvpckrqxtbgyprbgppjfqmimmmfw/SourcePackages/checkouts/firebase-ios-sdk/FirebaseCore/Sources/FIRComponentContainer.m normal x86_64 objective-c com.apple.compilers.llvm.clang.1_0.compiler (in target 'FirebaseCore' from project 'Firebase')
    cd /Users/siam/Desktop/Lingua\ Quest/Lingua\ Quest.xcodeproj
    
    Using response file: /Users/siam/Library/Developer/Xcode/DerivedData/Lingua_Quest-gvpckrqxtbgyprbgppjfqmimmmfw/Build/Intermediates.noindex/Firebase.build/Debug-iphonesimulator/FirebaseCore.build/Objects-normal/x86_64/e6072d4f65d7061329687fe24e3d63a7-common-args.resp
    
    builtin-ScanDependencies -o /Users/siam/Library/Developer/Xcode/DerivedData/Lingua_Quest-gvpckrqxtbgyprbgppjfqmimmmfw/Build/Intermediates.noindex/Firebase.build/Debug-iphonesimulator/FirebaseCore.build/Objects-normal/x86_64/FIRComponentContainer.o.scan -- /Applications/Xcode.app/Contents/Developer/Toolchains/XcodeDefault.xctoolchain/usr/bin/clang -x objective-c -ivfsstatcache /Users/siam/Library/Developer/Xcode/DerivedData/SDKStatCaches.noindex/iphonesimulator26.0-23A339-26257891a6c027eb51374368541b8346.sdkstatcache -fmessage-length\=0 -fdiagnostics-show-note-include-stack -fmacro-backtrace-limit\=0 -fno-color-diagnostics -fmodules-prune-interval\=86400 -fmodules-prune-after\=345600 -fbuild-session-file\=/Users/siam/Library/Developer/Xcode/DerivedData/ModuleCache.noindex/Session.modulevalidation -fmodules-validate-once-per-build-session -Wnon-modular-include-in-framework-module -Werror\=non-modular-include-in-framework-module -Wno-trigraphs -Wno-missing-field-initializers -Wno-missing-prototypes -Wno-return-type -Wno-implicit-atomic-properties -Wno-objc-interface-ivars -Wno-arc-repeated-use-of-weak -Wno-missing-braces -Wparentheses -Wswitch -Wno-unused-function -Wno-unused-label -Wno-unused-parameter -Wno-unused-variable -Wunused-value -Wno-empty-body -Wno-uninitialized -Wno-unknown-pragmas -w -Wno-shadow -Wno-four-char-constants -Wno-conversion -Wno-constant-conversion -Wno-int-conversion -Wno-bool-conversion -Wno-enum-conversion -Wno-float-conversion -Wno-non-literal-null-conversion -Wno-objc-literal-conversion -Wshorten-64-to-32 -Wpointer-sign -Wno-newline-eof -Wno-selector -Wno-strict-selector-match -Wno-undeclared-selector -Wno-deprecated-implementations -Wno-implicit-fallthrough -fstrict-aliasing -Wprotocol -Wdeprecated-declarations -Wno-sign-conversion -Wno-infinite-recursion -Wno-comma -Wno-block-capture-autoreleasing -Wno-strict-prototypes -Wno-semicolon-before-method-body -index-store-path /Users/siam/Library/Developer/Xcode/DerivedData/Lingua_Quest-gvpckrqxtbgyprbgppjfqmimmmfw/Index.noindex/DataStore @/Users/siam/Library/Developer/Xcode/DerivedData/Lingua_Quest-gvpckrqxtbgyprbgppjfqmimmmfw/Build/Intermediates.noindex/Firebase.build/Debug-iphonesimulator/FirebaseCore.build/Objects-normal/x86_64/e6072d4f65d7061329687fe24e3d63a7-common-args.resp -include /Users/siam/Library/Developer/Xcode/DerivedData/Lingua_Quest-gvpckrqxtbgyprbgppjfqmimmmfw/Build/Intermediates.noindex/Firebase.build/Debug-iphonesimulator/FirebaseCore.build/DerivedSources/resource_bundle_accessor.h -MMD -MT dependencies -MF /Users/siam/Library/Developer/Xcode/DerivedData/Lingua_Quest-gvpckrqxtbgyprbgppjfqmimmmfw/Build/Intermediates.noindex/Firebase.build/Debug-iphonesimulator/FirebaseCore.build/Objects-normal/x86_64/FIRComponentContainer.d --serialize-diagnostics /Users/siam/Library/Developer/Xcode/DerivedData/Lingua_Quest-gvpckrqxtbgyprbgppjfqmimmmfw/Build/Intermediates.noindex/Firebase.build/Debug-iphonesimulator/FirebaseCore.build/Objects-normal/x86_64/FIRComponentContainer.dia -c /Users/siam/Library/Developer/Xcode/DerivedData/Lingua_Quest-gvpckrqxtbgyprbgppjfqmimmmfw/SourcePackages/checkouts/firebase-ios-sdk/FirebaseCore/Sources/FIRComponentContainer.m -o /Users/siam/Library/Developer/Xcode/DerivedData/Lingua_Quest-gvpckrqxtbgyprbgppjfqmimmmfw/Build/Intermediates.noindex/Firebase.build/Debug-iphonesimulator/FirebaseCore.build/Objects-normal/x86_64/FIRComponentContainer.o -index-unit-output-path /Firebase.build/Debug-iphonesimulator/FirebaseCore.build/Objects-normal/x86_64/FIRComponentContainer.o

ScanDependencies /Users/siam/Library/Developer/Xcode/DerivedData/Lingua_Quest-gvpckrqxtbgyprbgppjfqmimmmfw/Build/Intermediates.noindex/Firebase.build/Debug-iphonesimulator/FirebaseCore.build/Objects-normal/x86_64/FIRComponent.o /Users/siam/Library/Developer/Xcode/DerivedData/Lingua_Quest-gvpckrqxtbgyprbgppjfqmimmmfw/SourcePackages/checkouts/firebase-ios-sdk/FirebaseCore/Sources/FIRComponent.m normal x86_64 objective-c com.apple.compilers.llvm.clang.1_0.compiler (in target 'FirebaseCore' from project 'Firebase')
    cd /Users/siam/Desktop/Lingua\ Quest/Lingua\ Quest.xcodeproj
    
    Using response file: /Users/siam/Library/Developer/Xcode/DerivedData/Lingua_Quest-gvpckrqxtbgyprbgppjfqmimmmfw/Build/Intermediates.noindex/Firebase.build/Debug-iphonesimulator/FirebaseCore.build/Objects-normal/x86_64/e6072d4f65d7061329687fe24e3d63a7-common-args.resp
    
    builtin-ScanDependencies -o /Users/siam/Library/Developer/Xcode/DerivedData/Lingua_Quest-gvpckrqxtbgyprbgppjfqmimmmfw/Build/Intermediates.noindex/Firebase.build/Debug-iphonesimulator/FirebaseCore.build/Objects-normal/x86_64/FIRComponent.o.scan -- /Applications/Xcode.app/Contents/Developer/Toolchains/XcodeDefault.xctoolchain/usr/bin/clang -x objective-c -ivfsstatcache /Users/siam/Library/Developer/Xcode/DerivedData/SDKStatCaches.noindex/iphonesimulator26.0-23A339-26257891a6c027eb51374368541b8346.sdkstatcache -fmessage-length\=0 -fdiagnostics-show-note-include-stack -fmacro-backtrace-limit\=0 -fno-color-diagnostics -fmodules-prune-interval\=86400 -fmodules-prune-after\=345600 -fbuild-session-file\=/Users/siam/Library/Developer/Xcode/DerivedData/ModuleCache.noindex/Session.modulevalidation -fmodules-validate-once-per-build-session -Wnon-modular-include-in-framework-module -Werror\=non-modular-include-in-framework-module -Wno-trigraphs -Wno-missing-field-initializers -Wno-missing-prototypes -Wno-return-type -Wno-implicit-atomic-properties -Wno-objc-interface-ivars -Wno-arc-repeated-use-of-weak -Wno-missing-braces -Wparentheses -Wswitch -Wno-unused-function -Wno-unused-label -Wno-unused-parameter -Wno-unused-variable -Wunused-value -Wno-empty-body -Wno-uninitialized -Wno-unknown-pragmas -w -Wno-shadow -Wno-four-char-constants -Wno-conversion -Wno-constant-conversion -Wno-int-conversion -Wno-bool-conversion -Wno-enum-conversion -Wno-float-conversion -Wno-non-literal-null-conversion -Wno-objc-literal-conversion -Wshorten-64-to-32 -Wpointer-sign -Wno-newline-eof -Wno-selector -Wno-strict-selector-match -Wno-undeclared-selector -Wno-deprecated-implementations -Wno-implicit-fallthrough -fstrict-aliasing -Wprotocol -Wdeprecated-declarations -Wno-sign-conversion -Wno-infinite-recursion -Wno-comma -Wno-block-capture-autoreleasing -Wno-strict-prototypes -Wno-semicolon-before-method-body -index-store-path /Users/siam/Library/Developer/Xcode/DerivedData/Lingua_Quest-gvpckrqxtbgyprbgppjfqmimmmfw/Index.noindex/DataStore @/Users/siam/Library/Developer/Xcode/DerivedData/Lingua_Quest-gvpckrqxtbgyprbgppjfqmimmmfw/Build/Intermediates.noindex/Firebase.build/Debug-iphonesimulator/FirebaseCore.build/Objects-normal/x86_64/e6072d4f65d7061329687fe24e3d63a7-common-args.resp -include /Users/siam/Library/Developer/Xcode/DerivedData/Lingua_Quest-gvpckrqxtbgyprbgppjfqmimmmfw/Build/Intermediates.noindex/Firebase.build/Debug-iphonesimulator/FirebaseCore.build/DerivedSources/resource_bundle_accessor.h -MMD -MT dependencies -MF /Users/siam/Library/Developer/Xcode/DerivedData/Lingua_Quest-gvpckrqxtbgyprbgppjfqmimmmfw/Build/Intermediates.noindex/Firebase.build/Debug-iphonesimulator/FirebaseCore.build/Objects-normal/x86_64/FIRComponent.d --serialize-diagnostics /Users/siam/Library/Developer/Xcode/DerivedData/Lingua_Quest-gvpckrqxtbgyprbgppjfqmimmmfw/Build/Intermediates.noindex/Firebase.build/Debug-iphonesimulator/FirebaseCore.build/Objects-normal/x86_64/FIRComponent.dia -c /Users/siam/Library/Developer/Xcode/DerivedData/Lingua_Quest-gvpckrqxtbgyprbgppjfqmimmmfw/SourcePackages/checkouts/firebase-ios-sdk/FirebaseCore/Sources/FIRComponent.m -o /Users/siam/Library/Developer/Xcode/DerivedData/Lingua_Quest-gvpckrqxtbgyprbgppjfqmimmmfw/Build/Intermediates.noindex/Firebase.build/Debug-iphonesimulator/FirebaseCore.build/Objects-normal/x86_64/FIRComponent.o -index-unit-output-path /Firebase.build/Debug-iphonesimulator/FirebaseCore.build/Objects-normal/x86_64/FIRComponent.o

CompileC /Users/siam/Library/Developer/Xcode/DerivedData/Lingua_Quest-gvpckrqxtbgyprbgppjfqmimmmfw/Build/Intermediates.noindex/Firebase.build/Debug-iphonesimulator/FirebaseCore.build/Objects-normal/x86_64/FIRHeartbeatLogger.o /Users/siam/Library/Developer/Xcode/DerivedData/Lingua_Quest-gvpckrqxtbgyprbgppjfqmimmmfw/SourcePackages/checkouts/firebase-ios-sdk/FirebaseCore/Sources/FIRHeartbeatLogger.m normal x86_64 objective-c com.apple.compilers.llvm.clang.1_0.compiler (in target 'FirebaseCore' from project 'Firebase')
    cd /Users/siam/Desktop/Lingua\ Quest/Lingua\ Quest.xcodeproj
    
    Using response file: /Users/siam/Library/Developer/Xcode/DerivedData/Lingua_Quest-gvpckrqxtbgyprbgppjfqmimmmfw/Build/Intermediates.noindex/Firebase.build/Debug-iphonesimulator/FirebaseCore.build/Objects-normal/x86_64/e6072d4f65d7061329687fe24e3d63a7-common-args.resp
    
    /Applications/Xcode.app/Contents/Developer/Toolchains/XcodeDefault.xctoolchain/usr/bin/clang -x objective-c -ivfsstatcache /Users/siam/Library/Developer/Xcode/DerivedData/SDKStatCaches.noindex/iphonesimulator26.0-23A339-26257891a6c027eb51374368541b8346.sdkstatcache -fmessage-length\=0 -fdiagnostics-show-note-include-stack -fmacro-backtrace-limit\=0 -fno-color-diagnostics -fmodules-prune-interval\=86400 -fmodules-prune-after\=345600 -fbuild-session-file\=/Users/siam/Library/Developer/Xcode/DerivedData/ModuleCache.noindex/Session.modulevalidation -fmodules-validate-once-per-build-session -Wnon-modular-include-in-framework-module -Werror\=non-modular-include-in-framework-module -Wno-trigraphs -Wno-missing-field-initializers -Wno-missing-prototypes -Wno-return-type -Wno-implicit-atomic-properties -Wno-objc-interface-ivars -Wno-arc-repeated-use-of-weak -Wno-missing-braces -Wparentheses -Wswitch -Wno-unused-function -Wno-unused-label -Wno-unused-parameter -Wno-unused-variable -Wunused-value -Wno-empty-body -Wno-uninitialized -Wno-unknown-pragmas -w -Wno-shadow -Wno-four-char-constants -Wno-conversion -Wno-constant-conversion -Wno-int-conversion -Wno-bool-conversion -Wno-enum-conversion -Wno-float-conversion -Wno-non-literal-null-conversion -Wno-objc-literal-conversion -Wshorten-64-to-32 -Wpointer-sign -Wno-newline-eof -Wno-selector -Wno-strict-selector-match -Wno-undeclared-selector -Wno-deprecated-implementations -Wno-implicit-fallthrough -fstrict-aliasing -Wprotocol -Wdeprecated-declarations -Wno-sign-conversion -Wno-infinite-recursion -Wno-comma -Wno-block-capture-autoreleasing -Wno-strict-prototypes -Wno-semicolon-before-method-body -index-store-path /Users/siam/Library/Developer/Xcode/DerivedData/Lingua_Quest-gvpckrqxtbgyprbgppjfqmimmmfw/Index.noindex/DataStore @/Users/siam/Library/Developer/Xcode/DerivedData/Lingua_Quest-gvpckrqxtbgyprbgppjfqmimmmfw/Build/Intermediates.noindex/Firebase.build/Debug-iphonesimulator/FirebaseCore.build/Objects-normal/x86_64/e6072d4f65d7061329687fe24e3d63a7-common-args.resp -include /Users/siam/Library/Developer/Xcode/DerivedData/Lingua_Quest-gvpckrqxtbgyprbgppjfqmimmmfw/Build/Intermediates.noindex/Firebase.build/Debug-iphonesimulator/FirebaseCore.build/DerivedSources/resource_bundle_accessor.h -MMD -MT dependencies -MF /Users/siam/Library/Developer/Xcode/DerivedData/Lingua_Quest-gvpckrqxtbgyprbgppjfqmimmmfw/Build/Intermediates.noindex/Firebase.build/Debug-iphonesimulator/FirebaseCore.build/Objects-normal/x86_64/FIRHeartbeatLogger.d --serialize-diagnostics /Users/siam/Library/Developer/Xcode/DerivedData/Lingua_Quest-gvpckrqxtbgyprbgppjfqmimmmfw/Build/Intermediates.noindex/Firebase.build/Debug-iphonesimulator/FirebaseCore.build/Objects-normal/x86_64/FIRHeartbeatLogger.dia -c /Users/siam/Library/Developer/Xcode/DerivedData/Lingua_Quest-gvpckrqxtbgyprbgppjfqmimmmfw/SourcePackages/checkouts/firebase-ios-sdk/FirebaseCore/Sources/FIRHeartbeatLogger.m -o /Users/siam/Library/Developer/Xcode/DerivedData/Lingua_Quest-gvpckrqxtbgyprbgppjfqmimmmfw/Build/Intermediates.noindex/Firebase.build/Debug-iphonesimulator/FirebaseCore.build/Objects-normal/x86_64/FIRHeartbeatLogger.o -index-unit-output-path /Firebase.build/Debug-iphonesimulator/FirebaseCore.build/Objects-normal/x86_64/FIRHeartbeatLogger.o

CompileC /Users/siam/Library/Developer/Xcode/DerivedData/Lingua_Quest-gvpckrqxtbgyprbgppjfqmimmmfw/Build/Intermediates.noindex/Firebase.build/Debug-iphonesimulator/FirebaseCore.build/Objects-normal/x86_64/FIRLogger.o /Users/siam/Library/Developer/Xcode/DerivedData/Lingua_Quest-gvpckrqxtbgyprbgppjfqmimmmfw/SourcePackages/checkouts/firebase-ios-sdk/FirebaseCore/Sources/FIRLogger.m normal x86_64 objective-c com.apple.compilers.llvm.clang.1_0.compiler (in target 'FirebaseCore' from project 'Firebase')
    cd /Users/siam/Desktop/Lingua\ Quest/Lingua\ Quest.xcodeproj
    
    Using response file: /Users/siam/Library/Developer/Xcode/DerivedData/Lingua_Quest-gvpckrqxtbgyprbgppjfqmimmmfw/Build/Intermediates.noindex/Firebase.build/Debug-iphonesimulator/FirebaseCore.build/Objects-normal/x86_64/e6072d4f65d7061329687fe24e3d63a7-common-args.resp
    
    /Applications/Xcode.app/Contents/Developer/Toolchains/XcodeDefault.xctoolchain/usr/bin/clang -x objective-c -ivfsstatcache /Users/siam/Library/Developer/Xcode/DerivedData/SDKStatCaches.noindex/iphonesimulator26.0-23A339-26257891a6c027eb51374368541b8346.sdkstatcache -fmessage-length\=0 -fdiagnostics-show-note-include-stack -fmacro-backtrace-limit\=0 -fno-color-diagnostics -fmodules-prune-interval\=86400 -fmodules-prune-after\=345600 -fbuild-session-file\=/Users/siam/Library/Developer/Xcode/DerivedData/ModuleCache.noindex/Session.modulevalidation -fmodules-validate-once-per-build-session -Wnon-modular-include-in-framework-module -Werror\=non-modular-include-in-framework-module -Wno-trigraphs -Wno-missing-field-initializers -Wno-missing-prototypes -Wno-return-type -Wno-implicit-atomic-properties -Wno-objc-interface-ivars -Wno-arc-repeated-use-of-weak -Wno-missing-braces -Wparentheses -Wswitch -Wno-unused-function -Wno-unused-label -Wno-unused-parameter -Wno-unused-variable -Wunused-value -Wno-empty-body -Wno-uninitialized -Wno-unknown-pragmas -w -Wno-shadow -Wno-four-char-constants -Wno-conversion -Wno-constant-conversion -Wno-int-conversion -Wno-bool-conversion -Wno-enum-conversion -Wno-float-conversion -Wno-non-literal-null-conversion -Wno-objc-literal-conversion -Wshorten-64-to-32 -Wpointer-sign -Wno-newline-eof -Wno-selector -Wno-strict-selector-match -Wno-undeclared-selector -Wno-deprecated-implementations -Wno-implicit-fallthrough -fstrict-aliasing -Wprotocol -Wdeprecated-declarations -Wno-sign-conversion -Wno-infinite-recursion -Wno-comma -Wno-block-capture-autoreleasing -Wno-strict-prototypes -Wno-semicolon-before-method-body -index-store-path /Users/siam/Library/Developer/Xcode/DerivedData/Lingua_Quest-gvpckrqxtbgyprbgppjfqmimmmfw/Index.noindex/DataStore @/Users/siam/Library/Developer/Xcode/DerivedData/Lingua_Quest-gvpckrqxtbgyprbgppjfqmimmmfw/Build/Intermediates.noindex/Firebase.build/Debug-iphonesimulator/FirebaseCore.build/Objects-normal/x86_64/e6072d4f65d7061329687fe24e3d63a7-common-args.resp -include /Users/siam/Library/Developer/Xcode/DerivedData/Lingua_Quest-gvpckrqxtbgyprbgppjfqmimmmfw/Build/Intermediates.noindex/Firebase.build/Debug-iphonesimulator/FirebaseCore.build/DerivedSources/resource_bundle_accessor.h -MMD -MT dependencies -MF /Users/siam/Library/Developer/Xcode/DerivedData/Lingua_Quest-gvpckrqxtbgyprbgppjfqmimmmfw/Build/Intermediates.noindex/Firebase.build/Debug-iphonesimulator/FirebaseCore.build/Objects-normal/x86_64/FIRLogger.d --serialize-diagnostics /Users/siam/Library/Developer/Xcode/DerivedData/Lingua_Quest-gvpckrqxtbgyprbgppjfqmimmmfw/Build/Intermediates.noindex/Firebase.build/Debug-iphonesimulator/FirebaseCore.build/Objects-normal/x86_64/FIRLogger.dia -c /Users/siam/Library/Developer/Xcode/DerivedData/Lingua_Quest-gvpckrqxtbgyprbgppjfqmimmmfw/SourcePackages/checkouts/firebase-ios-sdk/FirebaseCore/Sources/FIRLogger.m -o /Users/siam/Library/Developer/Xcode/DerivedData/Lingua_Quest-gvpckrqxtbgyprbgppjfqmimmmfw/Build/Intermediates.noindex/Firebase.build/Debug-iphonesimulator/FirebaseCore.build/Objects-normal/x86_64/FIRLogger.o -index-unit-output-path /Firebase.build/Debug-iphonesimulator/FirebaseCore.build/Objects-normal/x86_64/FIRLogger.o

CompileC /Users/siam/Library/Developer/Xcode/DerivedData/Lingua_Quest-gvpckrqxtbgyprbgppjfqmimmmfw/Build/Intermediates.noindex/Firebase.build/Debug-iphonesimulator/FirebaseCore.build/Objects-normal/x86_64/FIRFirebaseUserAgent.o /Users/siam/Library/Developer/Xcode/DerivedData/Lingua_Quest-gvpckrqxtbgyprbgppjfqmimmmfw/SourcePackages/checkouts/firebase-ios-sdk/FirebaseCore/Sources/FIRFirebaseUserAgent.m normal x86_64 objective-c com.apple.compilers.llvm.clang.1_0.compiler (in target 'FirebaseCore' from project 'Firebase')
    cd /Users/siam/Desktop/Lingua\ Quest/Lingua\ Quest.xcodeproj
    
    Using response file: /Users/siam/Library/Developer/Xcode/DerivedData/Lingua_Quest-gvpckrqxtbgyprbgppjfqmimmmfw/Build/Intermediates.noindex/Firebase.build/Debug-iphonesimulator/FirebaseCore.build/Objects-normal/x86_64/e6072d4f65d7061329687fe24e3d63a7-common-args.resp
    
    /Applications/Xcode.app/Contents/Developer/Toolchains/XcodeDefault.xctoolchain/usr/bin/clang -x objective-c -ivfsstatcache /Users/siam/Library/Developer/Xcode/DerivedData/SDKStatCaches.noindex/iphonesimulator26.0-23A339-26257891a6c027eb51374368541b8346.sdkstatcache -fmessage-length\=0 -fdiagnostics-show-note-include-stack -fmacro-backtrace-limit\=0 -fno-color-diagnostics -fmodules-prune-interval\=86400 -fmodules-prune-after\=345600 -fbuild-session-file\=/Users/siam/Library/Developer/Xcode/DerivedData/ModuleCache.noindex/Session.modulevalidation -fmodules-validate-once-per-build-session -Wnon-modular-include-in-framework-module -Werror\=non-modular-include-in-framework-module -Wno-trigraphs -Wno-missing-field-initializers -Wno-missing-prototypes -Wno-return-type -Wno-implicit-atomic-properties -Wno-objc-interface-ivars -Wno-arc-repeated-use-of-weak -Wno-missing-braces -Wparentheses -Wswitch -Wno-unused-function -Wno-unused-label -Wno-unused-parameter -Wno-unused-variable -Wunused-value -Wno-empty-body -Wno-uninitialized -Wno-unknown-pragmas -w -Wno-shadow -Wno-four-char-constants -Wno-conversion -Wno-constant-conversion -Wno-int-conversion -Wno-bool-conversion -Wno-enum-conversion -Wno-float-conversion -Wno-non-literal-null-conversion -Wno-objc-literal-conversion -Wshorten-64-to-32 -Wpointer-sign -Wno-newline-eof -Wno-selector -Wno-strict-selector-match -Wno-undeclared-selector -Wno-deprecated-implementations -Wno-implicit-fallthrough -fstrict-aliasing -Wprotocol -Wdeprecated-declarations -Wno-sign-conversion -Wno-infinite-recursion -Wno-comma -Wno-block-capture-autoreleasing -Wno-strict-prototypes -Wno-semicolon-before-method-body -index-store-path /Users/siam/Library/Developer/Xcode/DerivedData/Lingua_Quest-gvpckrqxtbgyprbgppjfqmimmmfw/Index.noindex/DataStore @/Users/siam/Library/Developer/Xcode/DerivedData/Lingua_Quest-gvpckrqxtbgyprbgppjfqmimmmfw/Build/Intermediates.noindex/Firebase.build/Debug-iphonesimulator/FirebaseCore.build/Objects-normal/x86_64/e6072d4f65d7061329687fe24e3d63a7-common-args.resp -include /Users/siam/Library/Developer/Xcode/DerivedData/Lingua_Quest-gvpckrqxtbgyprbgppjfqmimmmfw/Build/Intermediates.noindex/Firebase.build/Debug-iphonesimulator/FirebaseCore.build/DerivedSources/resource_bundle_accessor.h -MMD -MT dependencies -MF /Users/siam/Library/Developer/Xcode/DerivedData/Lingua_Quest-gvpckrqxtbgyprbgppjfqmimmmfw/Build/Intermediates.noindex/Firebase.build/Debug-iphonesimulator/FirebaseCore.build/Objects-normal/x86_64/FIRFirebaseUserAgent.d --serialize-diagnostics /Users/siam/Library/Developer/Xcode/DerivedData/Lingua_Quest-gvpckrqxtbgyprbgppjfqmimmmfw/Build/Intermediates.noindex/Firebase.build/Debug-iphonesimulator/FirebaseCore.build/Objects-normal/x86_64/FIRFirebaseUserAgent.dia -c /Users/siam/Library/Developer/Xcode/DerivedData/Lingua_Quest-gvpckrqxtbgyprbgppjfqmimmmfw/SourcePackages/checkouts/firebase-ios-sdk/FirebaseCore/Sources/FIRFirebaseUserAgent.m -o /Users/siam/Library/Developer/Xcode/DerivedData/Lingua_Quest-gvpckrqxtbgyprbgppjfqmimmmfw/Build/Intermediates.noindex/Firebase.build/Debug-iphonesimulator/FirebaseCore.build/Objects-normal/x86_64/FIRFirebaseUserAgent.o -index-unit-output-path /Firebase.build/Debug-iphonesimulator/FirebaseCore.build/Objects-normal/x86_64/FIRFirebaseUserAgent.o

CompileC /Users/siam/Library/Developer/Xcode/DerivedData/Lingua_Quest-gvpckrqxtbgyprbgppjfqmimmmfw/Build/Intermediates.noindex/Firebase.build/Debug-iphonesimulator/FirebaseCore.build/Objects-normal/x86_64/FIRConfiguration.o /Users/siam/Library/Developer/Xcode/DerivedData/Lingua_Quest-gvpckrqxtbgyprbgppjfqmimmmfw/SourcePackages/checkouts/firebase-ios-sdk/FirebaseCore/Sources/FIRConfiguration.m normal x86_64 objective-c com.apple.compilers.llvm.clang.1_0.compiler (in target 'FirebaseCore' from project 'Firebase')
    cd /Users/siam/Desktop/Lingua\ Quest/Lingua\ Quest.xcodeproj
    
    Using response file: /Users/siam/Library/Developer/Xcode/DerivedData/Lingua_Quest-gvpckrqxtbgyprbgppjfqmimmmfw/Build/Intermediates.noindex/Firebase.build/Debug-iphonesimulator/FirebaseCore.build/Objects-normal/x86_64/e6072d4f65d7061329687fe24e3d63a7-common-args.resp
    
    /Applications/Xcode.app/Contents/Developer/Toolchains/XcodeDefault.xctoolchain/usr/bin/clang -x objective-c -ivfsstatcache /Users/siam/Library/Developer/Xcode/DerivedData/SDKStatCaches.noindex/iphonesimulator26.0-23A339-26257891a6c027eb51374368541b8346.sdkstatcache -fmessage-length\=0 -fdiagnostics-show-note-include-stack -fmacro-backtrace-limit\=0 -fno-color-diagnostics -fmodules-prune-interval\=86400 -fmodules-prune-after\=345600 -fbuild-session-file\=/Users/siam/Library/Developer/Xcode/DerivedData/ModuleCache.noindex/Session.modulevalidation -fmodules-validate-once-per-build-session -Wnon-modular-include-in-framework-module -Werror\=non-modular-include-in-framework-module -Wno-trigraphs -Wno-missing-field-initializers -Wno-missing-prototypes -Wno-return-type -Wno-implicit-atomic-properties -Wno-objc-interface-ivars -Wno-arc-repeated-use-of-weak -Wno-missing-braces -Wparentheses -Wswitch -Wno-unused-function -Wno-unused-label -Wno-unused-parameter -Wno-unused-variable -Wunused-value -Wno-empty-body -Wno-uninitialized -Wno-unknown-pragmas -w -Wno-shadow -Wno-four-char-constants -Wno-conversion -Wno-constant-conversion -Wno-int-conversion -Wno-bool-conversion -Wno-enum-conversion -Wno-float-conversion -Wno-non-literal-null-conversion -Wno-objc-literal-conversion -Wshorten-64-to-32 -Wpointer-sign -Wno-newline-eof -Wno-selector -Wno-strict-selector-match -Wno-undeclared-selector -Wno-deprecated-implementations -Wno-implicit-fallthrough -fstrict-aliasing -Wprotocol -Wdeprecated-declarations -Wno-sign-conversion -Wno-infinite-recursion -Wno-comma -Wno-block-capture-autoreleasing -Wno-strict-prototypes -Wno-semicolon-before-method-body -index-store-path /Users/siam/Library/Developer/Xcode/DerivedData/Lingua_Quest-gvpckrqxtbgyprbgppjfqmimmmfw/Index.noindex/DataStore @/Users/siam/Library/Developer/Xcode/DerivedData/Lingua_Quest-gvpckrqxtbgyprbgppjfqmimmmfw/Build/Intermediates.noindex/Firebase.build/Debug-iphonesimulator/FirebaseCore.build/Objects-normal/x86_64/e6072d4f65d7061329687fe24e3d63a7-common-args.resp -include /Users/siam/Library/Developer/Xcode/DerivedData/Lingua_Quest-gvpckrqxtbgyprbgppjfqmimmmfw/Build/Intermediates.noindex/Firebase.build/Debug-iphonesimulator/FirebaseCore.build/DerivedSources/resource_bundle_accessor.h -MMD -MT dependencies -MF /Users/siam/Library/Developer/Xcode/DerivedData/Lingua_Quest-gvpckrqxtbgyprbgppjfqmimmmfw/Build/Intermediates.noindex/Firebase.build/Debug-iphonesimulator/FirebaseCore.build/Objects-normal/x86_64/FIRConfiguration.d --serialize-diagnostics /Users/siam/Library/Developer/Xcode/DerivedData/Lingua_Quest-gvpckrqxtbgyprbgppjfqmimmmfw/Build/Intermediates.noindex/Firebase.build/Debug-iphonesimulator/FirebaseCore.build/Objects-normal/x86_64/FIRConfiguration.dia -c /Users/siam/Library/Developer/Xcode/DerivedData/Lingua_Quest-gvpckrqxtbgyprbgppjfqmimmmfw/SourcePackages/checkouts/firebase-ios-sdk/FirebaseCore/Sources/FIRConfiguration.m -o /Users/siam/Library/Developer/Xcode/DerivedData/Lingua_Quest-gvpckrqxtbgyprbgppjfqmimmmfw/Build/Intermediates.noindex/Firebase.build/Debug-iphonesimulator/FirebaseCore.build/Objects-normal/x86_64/FIRConfiguration.o -index-unit-output-path /Firebase.build/Debug-iphonesimulator/FirebaseCore.build/Objects-normal/x86_64/FIRConfiguration.o

CompileC /Users/siam/Library/Developer/Xcode/DerivedData/Lingua_Quest-gvpckrqxtbgyprbgppjfqmimmmfw/Build/Intermediates.noindex/Firebase.build/Debug-iphonesimulator/FirebaseCore.build/Objects-normal/x86_64/FIRComponentContainer.o /Users/siam/Library/Developer/Xcode/DerivedData/Lingua_Quest-gvpckrqxtbgyprbgppjfqmimmmfw/SourcePackages/checkouts/firebase-ios-sdk/FirebaseCore/Sources/FIRComponentContainer.m normal x86_64 objective-c com.apple.compilers.llvm.clang.1_0.compiler (in target 'FirebaseCore' from project 'Firebase')
    cd /Users/siam/Desktop/Lingua\ Quest/Lingua\ Quest.xcodeproj
    
    Using response file: /Users/siam/Library/Developer/Xcode/DerivedData/Lingua_Quest-gvpckrqxtbgyprbgppjfqmimmmfw/Build/Intermediates.noindex/Firebase.build/Debug-iphonesimulator/FirebaseCore.build/Objects-normal/x86_64/e6072d4f65d7061329687fe24e3d63a7-common-args.resp
    
    /Applications/Xcode.app/Contents/Developer/Toolchains/XcodeDefault.xctoolchain/usr/bin/clang -x objective-c -ivfsstatcache /Users/siam/Library/Developer/Xcode/DerivedData/SDKStatCaches.noindex/iphonesimulator26.0-23A339-26257891a6c027eb51374368541b8346.sdkstatcache -fmessage-length\=0 -fdiagnostics-show-note-include-stack -fmacro-backtrace-limit\=0 -fno-color-diagnostics -fmodules-prune-interval\=86400 -fmodules-prune-after\=345600 -fbuild-session-file\=/Users/siam/Library/Developer/Xcode/DerivedData/ModuleCache.noindex/Session.modulevalidation -fmodules-validate-once-per-build-session -Wnon-modular-include-in-framework-module -Werror\=non-modular-include-in-framework-module -Wno-trigraphs -Wno-missing-field-initializers -Wno-missing-prototypes -Wno-return-type -Wno-implicit-atomic-properties -Wno-objc-interface-ivars -Wno-arc-repeated-use-of-weak -Wno-missing-braces -Wparentheses -Wswitch -Wno-unused-function -Wno-unused-label -Wno-unused-parameter -Wno-unused-variable -Wunused-value -Wno-empty-body -Wno-uninitialized -Wno-unknown-pragmas -w -Wno-shadow -Wno-four-char-constants -Wno-conversion -Wno-constant-conversion -Wno-int-conversion -Wno-bool-conversion -Wno-enum-conversion -Wno-float-conversion -Wno-non-literal-null-conversion -Wno-objc-literal-conversion -Wshorten-64-to-32 -Wpointer-sign -Wno-newline-eof -Wno-selector -Wno-strict-selector-match -Wno-undeclared-selector -Wno-deprecated-implementations -Wno-implicit-fallthrough -fstrict-aliasing -Wprotocol -Wdeprecated-declarations -Wno-sign-conversion -Wno-infinite-recursion -Wno-comma -Wno-block-capture-autoreleasing -Wno-strict-prototypes -Wno-semicolon-before-method-body -index-store-path /Users/siam/Library/Developer/Xcode/DerivedData/Lingua_Quest-gvpckrqxtbgyprbgppjfqmimmmfw/Index.noindex/DataStore @/Users/siam/Library/Developer/Xcode/DerivedData/Lingua_Quest-gvpckrqxtbgyprbgppjfqmimmmfw/Build/Intermediates.noindex/Firebase.build/Debug-iphonesimulator/FirebaseCore.build/Objects-normal/x86_64/e6072d4f65d7061329687fe24e3d63a7-common-args.resp -include /Users/siam/Library/Developer/Xcode/DerivedData/Lingua_Quest-gvpckrqxtbgyprbgppjfqmimmmfw/Build/Intermediates.noindex/Firebase.build/Debug-iphonesimulator/FirebaseCore.build/DerivedSources/resource_bundle_accessor.h -MMD -MT dependencies -MF /Users/siam/Library/Developer/Xcode/DerivedData/Lingua_Quest-gvpckrqxtbgyprbgppjfqmimmmfw/Build/Intermediates.noindex/Firebase.build/Debug-iphonesimulator/FirebaseCore.build/Objects-normal/x86_64/FIRComponentContainer.d --serialize-diagnostics /Users/siam/Library/Developer/Xcode/DerivedData/Lingua_Quest-gvpckrqxtbgyprbgppjfqmimmmfw/Build/Intermediates.noindex/Firebase.build/Debug-iphonesimulator/FirebaseCore.build/Objects-normal/x86_64/FIRComponentContainer.dia -c /Users/siam/Library/Developer/Xcode/DerivedData/Lingua_Quest-gvpckrqxtbgyprbgppjfqmimmmfw/SourcePackages/checkouts/firebase-ios-sdk/FirebaseCore/Sources/FIRComponentContainer.m -o /Users/siam/Library/Developer/Xcode/DerivedData/Lingua_Quest-gvpckrqxtbgyprbgppjfqmimmmfw/Build/Intermediates.noindex/Firebase.build/Debug-iphonesimulator/FirebaseCore.build/Objects-normal/x86_64/FIRComponentContainer.o -index-unit-output-path /Firebase.build/Debug-iphonesimulator/FirebaseCore.build/Objects-normal/x86_64/FIRComponentContainer.o

CompileC /Users/siam/Library/Developer/Xcode/DerivedData/Lingua_Quest-gvpckrqxtbgyprbgppjfqmimmmfw/Build/Intermediates.noindex/Firebase.build/Debug-iphonesimulator/FirebaseCore.build/Objects-normal/x86_64/FIRComponentType.o /Users/siam/Library/Developer/Xcode/DerivedData/Lingua_Quest-gvpckrqxtbgyprbgppjfqmimmmfw/SourcePackages/checkouts/firebase-ios-sdk/FirebaseCore/Sources/FIRComponentType.m normal x86_64 objective-c com.apple.compilers.llvm.clang.1_0.compiler (in target 'FirebaseCore' from project 'Firebase')
    cd /Users/siam/Desktop/Lingua\ Quest/Lingua\ Quest.xcodeproj
    
    Using response file: /Users/siam/Library/Developer/Xcode/DerivedData/Lingua_Quest-gvpckrqxtbgyprbgppjfqmimmmfw/Build/Intermediates.noindex/Firebase.build/Debug-iphonesimulator/FirebaseCore.build/Objects-normal/x86_64/e6072d4f65d7061329687fe24e3d63a7-common-args.resp
    
    /Applications/Xcode.app/Contents/Developer/Toolchains/XcodeDefault.xctoolchain/usr/bin/clang -x objective-c -ivfsstatcache /Users/siam/Library/Developer/Xcode/DerivedData/SDKStatCaches.noindex/iphonesimulator26.0-23A339-26257891a6c027eb51374368541b8346.sdkstatcache -fmessage-length\=0 -fdiagnostics-show-note-include-stack -fmacro-backtrace-limit\=0 -fno-color-diagnostics -fmodules-prune-interval\=86400 -fmodules-prune-after\=345600 -fbuild-session-file\=/Users/siam/Library/Developer/Xcode/DerivedData/ModuleCache.noindex/Session.modulevalidation -fmodules-validate-once-per-build-session -Wnon-modular-include-in-framework-module -Werror\=non-modular-include-in-framework-module -Wno-trigraphs -Wno-missing-field-initializers -Wno-missing-prototypes -Wno-return-type -Wno-implicit-atomic-properties -Wno-objc-interface-ivars -Wno-arc-repeated-use-of-weak -Wno-missing-braces -Wparentheses -Wswitch -Wno-unused-function -Wno-unused-label -Wno-unused-parameter -Wno-unused-variable -Wunused-value -Wno-empty-body -Wno-uninitialized -Wno-unknown-pragmas -w -Wno-shadow -Wno-four-char-constants -Wno-conversion -Wno-constant-conversion -Wno-int-conversion -Wno-bool-conversion -Wno-enum-conversion -Wno-float-conversion -Wno-non-literal-null-conversion -Wno-objc-literal-conversion -Wshorten-64-to-32 -Wpointer-sign -Wno-newline-eof -Wno-selector -Wno-strict-selector-match -Wno-undeclared-selector -Wno-deprecated-implementations -Wno-implicit-fallthrough -fstrict-aliasing -Wprotocol -Wdeprecated-declarations -Wno-sign-conversion -Wno-infinite-recursion -Wno-comma -Wno-block-capture-autoreleasing -Wno-strict-prototypes -Wno-semicolon-before-method-body -index-store-path /Users/siam/Library/Developer/Xcode/DerivedData/Lingua_Quest-gvpckrqxtbgyprbgppjfqmimmmfw/Index.noindex/DataStore @/Users/siam/Library/Developer/Xcode/DerivedData/Lingua_Quest-gvpckrqxtbgyprbgppjfqmimmmfw/Build/Intermediates.noindex/Firebase.build/Debug-iphonesimulator/FirebaseCore.build/Objects-normal/x86_64/e6072d4f65d7061329687fe24e3d63a7-common-args.resp -include /Users/siam/Library/Developer/Xcode/DerivedData/Lingua_Quest-gvpckrqxtbgyprbgppjfqmimmmfw/Build/Intermediates.noindex/Firebase.build/Debug-iphonesimulator/FirebaseCore.build/DerivedSources/resource_bundle_accessor.h -MMD -MT dependencies -MF /Users/siam/Library/Developer/Xcode/DerivedData/Lingua_Quest-gvpckrqxtbgyprbgppjfqmimmmfw/Build/Intermediates.noindex/Firebase.build/Debug-iphonesimulator/FirebaseCore.build/Objects-normal/x86_64/FIRComponentType.d --serialize-diagnostics /Users/siam/Library/Developer/Xcode/DerivedData/Lingua_Quest-gvpckrqxtbgyprbgppjfqmimmmfw/Build/Intermediates.noindex/Firebase.build/Debug-iphonesimulator/FirebaseCore.build/Objects-normal/x86_64/FIRComponentType.dia -c /Users/siam/Library/Developer/Xcode/DerivedData/Lingua_Quest-gvpckrqxtbgyprbgppjfqmimmmfw/SourcePackages/checkouts/firebase-ios-sdk/FirebaseCore/Sources/FIRComponentType.m -o /Users/siam/Library/Developer/Xcode/DerivedData/Lingua_Quest-gvpckrqxtbgyprbgppjfqmimmmfw/Build/Intermediates.noindex/Firebase.build/Debug-iphonesimulator/FirebaseCore.build/Objects-normal/x86_64/FIRComponentType.o -index-unit-output-path /Firebase.build/Debug-iphonesimulator/FirebaseCore.build/Objects-normal/x86_64/FIRComponentType.o

CompileC /Users/siam/Library/Developer/Xcode/DerivedData/Lingua_Quest-gvpckrqxtbgyprbgppjfqmimmmfw/Build/Intermediates.noindex/Firebase.build/Debug-iphonesimulator/FirebaseCore.build/Objects-normal/x86_64/FIRComponent.o /Users/siam/Library/Developer/Xcode/DerivedData/Lingua_Quest-gvpckrqxtbgyprbgppjfqmimmmfw/SourcePackages/checkouts/firebase-ios-sdk/FirebaseCore/Sources/FIRComponent.m normal x86_64 objective-c com.apple.compilers.llvm.clang.1_0.compiler (in target 'FirebaseCore' from project 'Firebase')
    cd /Users/siam/Desktop/Lingua\ Quest/Lingua\ Quest.xcodeproj
    
    Using response file: /Users/siam/Library/Developer/Xcode/DerivedData/Lingua_Quest-gvpckrqxtbgyprbgppjfqmimmmfw/Build/Intermediates.noindex/Firebase.build/Debug-iphonesimulator/FirebaseCore.build/Objects-normal/x86_64/e6072d4f65d7061329687fe24e3d63a7-common-args.resp
    
    /Applications/Xcode.app/Contents/Developer/Toolchains/XcodeDefault.xctoolchain/usr/bin/clang -x objective-c -ivfsstatcache /Users/siam/Library/Developer/Xcode/DerivedData/SDKStatCaches.noindex/iphonesimulator26.0-23A339-26257891a6c027eb51374368541b8346.sdkstatcache -fmessage-length\=0 -fdiagnostics-show-note-include-stack -fmacro-backtrace-limit\=0 -fno-color-diagnostics -fmodules-prune-interval\=86400 -fmodules-prune-after\=345600 -fbuild-session-file\=/Users/siam/Library/Developer/Xcode/DerivedData/ModuleCache.noindex/Session.modulevalidation -fmodules-validate-once-per-build-session -Wnon-modular-include-in-framework-module -Werror\=non-modular-include-in-framework-module -Wno-trigraphs -Wno-missing-field-initializers -Wno-missing-prototypes -Wno-return-type -Wno-implicit-atomic-properties -Wno-objc-interface-ivars -Wno-arc-repeated-use-of-weak -Wno-missing-braces -Wparentheses -Wswitch -Wno-unused-function -Wno-unused-label -Wno-unused-parameter -Wno-unused-variable -Wunused-value -Wno-empty-body -Wno-uninitialized -Wno-unknown-pragmas -w -Wno-shadow -Wno-four-char-constants -Wno-conversion -Wno-constant-conversion -Wno-int-conversion -Wno-bool-conversion -Wno-enum-conversion -Wno-float-conversion -Wno-non-literal-null-conversion -Wno-objc-literal-conversion -Wshorten-64-to-32 -Wpointer-sign -Wno-newline-eof -Wno-selector -Wno-strict-selector-match -Wno-undeclared-selector -Wno-deprecated-implementations -Wno-implicit-fallthrough -fstrict-aliasing -Wprotocol -Wdeprecated-declarations -Wno-sign-conversion -Wno-infinite-recursion -Wno-comma -Wno-block-capture-autoreleasing -Wno-strict-prototypes -Wno-semicolon-before-method-body -index-store-path /Users/siam/Library/Developer/Xcode/DerivedData/Lingua_Quest-gvpckrqxtbgyprbgppjfqmimmmfw/Index.noindex/DataStore @/Users/siam/Library/Developer/Xcode/DerivedData/Lingua_Quest-gvpckrqxtbgyprbgppjfqmimmmfw/Build/Intermediates.noindex/Firebase.build/Debug-iphonesimulator/FirebaseCore.build/Objects-normal/x86_64/e6072d4f65d7061329687fe24e3d63a7-common-args.resp -include /Users/siam/Library/Developer/Xcode/DerivedData/Lingua_Quest-gvpckrqxtbgyprbgppjfqmimmmfw/Build/Intermediates.noindex/Firebase.build/Debug-iphonesimulator/FirebaseCore.build/DerivedSources/resource_bundle_accessor.h -MMD -MT dependencies -MF /Users/siam/Library/Developer/Xcode/DerivedData/Lingua_Quest-gvpckrqxtbgyprbgppjfqmimmmfw/Build/Intermediates.noindex/Firebase.build/Debug-iphonesimulator/FirebaseCore.build/Objects-normal/x86_64/FIRComponent.d --serialize-diagnostics /Users/siam/Library/Developer/Xcode/DerivedData/Lingua_Quest-gvpckrqxtbgyprbgppjfqmimmmfw/Build/Intermediates.noindex/Firebase.build/Debug-iphonesimulator/FirebaseCore.build/Objects-normal/x86_64/FIRComponent.dia -c /Users/siam/Library/Developer/Xcode/DerivedData/Lingua_Quest-gvpckrqxtbgyprbgppjfqmimmmfw/SourcePackages/checkouts/firebase-ios-sdk/FirebaseCore/Sources/FIRComponent.m -o /Users/siam/Library/Developer/Xcode/DerivedData/Lingua_Quest-gvpckrqxtbgyprbgppjfqmimmmfw/Build/Intermediates.noindex/Firebase.build/Debug-iphonesimulator/FirebaseCore.build/Objects-normal/x86_64/FIRComponent.o -index-unit-output-path /Firebase.build/Debug-iphonesimulator/FirebaseCore.build/Objects-normal/x86_64/FIRComponent.o

ScanDependencies /Users/siam/Library/Developer/Xcode/DerivedData/Lingua_Quest-gvpckrqxtbgyprbgppjfqmimmmfw/Build/Intermediates.noindex/Firebase.build/Debug-iphonesimulator/FirebaseCore.build/Objects-normal/x86_64/FIRBundleUtil.o /Users/siam/Library/Developer/Xcode/DerivedData/Lingua_Quest-gvpckrqxtbgyprbgppjfqmimmmfw/SourcePackages/checkouts/firebase-ios-sdk/FirebaseCore/Sources/FIRBundleUtil.m normal x86_64 objective-c com.apple.compilers.llvm.clang.1_0.compiler (in target 'FirebaseCore' from project 'Firebase')
    cd /Users/siam/Desktop/Lingua\ Quest/Lingua\ Quest.xcodeproj
    
    Using response file: /Users/siam/Library/Developer/Xcode/DerivedData/Lingua_Quest-gvpckrqxtbgyprbgppjfqmimmmfw/Build/Intermediates.noindex/Firebase.build/Debug-iphonesimulator/FirebaseCore.build/Objects-normal/x86_64/e6072d4f65d7061329687fe24e3d63a7-common-args.resp
    
    builtin-ScanDependencies -o /Users/siam/Library/Developer/Xcode/DerivedData/Lingua_Quest-gvpckrqxtbgyprbgppjfqmimmmfw/Build/Intermediates.noindex/Firebase.build/Debug-iphonesimulator/FirebaseCore.build/Objects-normal/x86_64/FIRBundleUtil.o.scan -- /Applications/Xcode.app/Contents/Developer/Toolchains/XcodeDefault.xctoolchain/usr/bin/clang -x objective-c -ivfsstatcache /Users/siam/Library/Developer/Xcode/DerivedData/SDKStatCaches.noindex/iphonesimulator26.0-23A339-26257891a6c027eb51374368541b8346.sdkstatcache -fmessage-length\=0 -fdiagnostics-show-note-include-stack -fmacro-backtrace-limit\=0 -fno-color-diagnostics -fmodules-prune-interval\=86400 -fmodules-prune-after\=345600 -fbuild-session-file\=/Users/siam/Library/Developer/Xcode/DerivedData/ModuleCache.noindex/Session.modulevalidation -fmodules-validate-once-per-build-session -Wnon-modular-include-in-framework-module -Werror\=non-modular-include-in-framework-module -Wno-trigraphs -Wno-missing-field-initializers -Wno-missing-prototypes -Wno-return-type -Wno-implicit-atomic-properties -Wno-objc-interface-ivars -Wno-arc-repeated-use-of-weak -Wno-missing-braces -Wparentheses -Wswitch -Wno-unused-function -Wno-unused-label -Wno-unused-parameter -Wno-unused-variable -Wunused-value -Wno-empty-body -Wno-uninitialized -Wno-unknown-pragmas -w -Wno-shadow -Wno-four-char-constants -Wno-conversion -Wno-constant-conversion -Wno-int-conversion -Wno-bool-conversion -Wno-enum-conversion -Wno-float-conversion -Wno-non-literal-null-conversion -Wno-objc-literal-conversion -Wshorten-64-to-32 -Wpointer-sign -Wno-newline-eof -Wno-selector -Wno-strict-selector-match -Wno-undeclared-selector -Wno-deprecated-implementations -Wno-implicit-fallthrough -fstrict-aliasing -Wprotocol -Wdeprecated-declarations -Wno-sign-conversion -Wno-infinite-recursion -Wno-comma -Wno-block-capture-autoreleasing -Wno-strict-prototypes -Wno-semicolon-before-method-body -index-store-path /Users/siam/Library/Developer/Xcode/DerivedData/Lingua_Quest-gvpckrqxtbgyprbgppjfqmimmmfw/Index.noindex/DataStore @/Users/siam/Library/Developer/Xcode/DerivedData/Lingua_Quest-gvpckrqxtbgyprbgppjfqmimmmfw/Build/Intermediates.noindex/Firebase.build/Debug-iphonesimulator/FirebaseCore.build/Objects-normal/x86_64/e6072d4f65d7061329687fe24e3d63a7-common-args.resp -include /Users/siam/Library/Developer/Xcode/DerivedData/Lingua_Quest-gvpckrqxtbgyprbgppjfqmimmmfw/Build/Intermediates.noindex/Firebase.build/Debug-iphonesimulator/FirebaseCore.build/DerivedSources/resource_bundle_accessor.h -MMD -MT dependencies -MF /Users/siam/Library/Developer/Xcode/DerivedData/Lingua_Quest-gvpckrqxtbgyprbgppjfqmimmmfw/Build/Intermediates.noindex/Firebase.build/Debug-iphonesimulator/FirebaseCore.build/Objects-normal/x86_64/FIRBundleUtil.d --serialize-diagnostics /Users/siam/Library/Developer/Xcode/DerivedData/Lingua_Quest-gvpckrqxtbgyprbgppjfqmimmmfw/Build/Intermediates.noindex/Firebase.build/Debug-iphonesimulator/FirebaseCore.build/Objects-normal/x86_64/FIRBundleUtil.dia -c /Users/siam/Library/Developer/Xcode/DerivedData/Lingua_Quest-gvpckrqxtbgyprbgppjfqmimmmfw/SourcePackages/checkouts/firebase-ios-sdk/FirebaseCore/Sources/FIRBundleUtil.m -o /Users/siam/Library/Developer/Xcode/DerivedData/Lingua_Quest-gvpckrqxtbgyprbgppjfqmimmmfw/Build/Intermediates.noindex/Firebase.build/Debug-iphonesimulator/FirebaseCore.build/Objects-normal/x86_64/FIRBundleUtil.o -index-unit-output-path /Firebase.build/Debug-iphonesimulator/FirebaseCore.build/Objects-normal/x86_64/FIRBundleUtil.o

SwiftDriverJobDiscovery normal x86_64 Compiling HeartbeatStorage.swift (in target 'FirebaseCoreInternal' from project 'Firebase')

ScanDependencies /Users/siam/Library/Developer/Xcode/DerivedData/Lingua_Quest-gvpckrqxtbgyprbgppjfqmimmmfw/Build/Intermediates.noindex/Firebase.build/Debug-iphonesimulator/FirebaseCore.build/Objects-normal/x86_64/FIRApp.o /Users/siam/Library/Developer/Xcode/DerivedData/Lingua_Quest-gvpckrqxtbgyprbgppjfqmimmmfw/SourcePackages/checkouts/firebase-ios-sdk/FirebaseCore/Sources/FIRApp.m normal x86_64 objective-c com.apple.compilers.llvm.clang.1_0.compiler (in target 'FirebaseCore' from project 'Firebase')
    cd /Users/siam/Desktop/Lingua\ Quest/Lingua\ Quest.xcodeproj
    
    Using response file: /Users/siam/Library/Developer/Xcode/DerivedData/Lingua_Quest-gvpckrqxtbgyprbgppjfqmimmmfw/Build/Intermediates.noindex/Firebase.build/Debug-iphonesimulator/FirebaseCore.build/Objects-normal/x86_64/e6072d4f65d7061329687fe24e3d63a7-common-args.resp
    
    builtin-ScanDependencies -o /Users/siam/Library/Developer/Xcode/DerivedData/Lingua_Quest-gvpckrqxtbgyprbgppjfqmimmmfw/Build/Intermediates.noindex/Firebase.build/Debug-iphonesimulator/FirebaseCore.build/Objects-normal/x86_64/FIRApp.o.scan -- /Applications/Xcode.app/Contents/Developer/Toolchains/XcodeDefault.xctoolchain/usr/bin/clang -x objective-c -ivfsstatcache /Users/siam/Library/Developer/Xcode/DerivedData/SDKStatCaches.noindex/iphonesimulator26.0-23A339-26257891a6c027eb51374368541b8346.sdkstatcache -fmessage-length\=0 -fdiagnostics-show-note-include-stack -fmacro-backtrace-limit\=0 -fno-color-diagnostics -fmodules-prune-interval\=86400 -fmodules-prune-after\=345600 -fbuild-session-file\=/Users/siam/Library/Developer/Xcode/DerivedData/ModuleCache.noindex/Session.modulevalidation -fmodules-validate-once-per-build-session -Wnon-modular-include-in-framework-module -Werror\=non-modular-include-in-framework-module -Wno-trigraphs -Wno-missing-field-initializers -Wno-missing-prototypes -Wno-return-type -Wno-implicit-atomic-properties -Wno-objc-interface-ivars -Wno-arc-repeated-use-of-weak -Wno-missing-braces -Wparentheses -Wswitch -Wno-unused-function -Wno-unused-label -Wno-unused-parameter -Wno-unused-variable -Wunused-value -Wno-empty-body -Wno-uninitialized -Wno-unknown-pragmas -w -Wno-shadow -Wno-four-char-constants -Wno-conversion -Wno-constant-conversion -Wno-int-conversion -Wno-bool-conversion -Wno-enum-conversion -Wno-float-conversion -Wno-non-literal-null-conversion -Wno-objc-literal-conversion -Wshorten-64-to-32 -Wpointer-sign -Wno-newline-eof -Wno-selector -Wno-strict-selector-match -Wno-undeclared-selector -Wno-deprecated-implementations -Wno-implicit-fallthrough -fstrict-aliasing -Wprotocol -Wdeprecated-declarations -Wno-sign-conversion -Wno-infinite-recursion -Wno-comma -Wno-block-capture-autoreleasing -Wno-strict-prototypes -Wno-semicolon-before-method-body -index-store-path /Users/siam/Library/Developer/Xcode/DerivedData/Lingua_Quest-gvpckrqxtbgyprbgppjfqmimmmfw/Index.noindex/DataStore @/Users/siam/Library/Developer/Xcode/DerivedData/Lingua_Quest-gvpckrqxtbgyprbgppjfqmimmmfw/Build/Intermediates.noindex/Firebase.build/Debug-iphonesimulator/FirebaseCore.build/Objects-normal/x86_64/e6072d4f65d7061329687fe24e3d63a7-common-args.resp -include /Users/siam/Library/Developer/Xcode/DerivedData/Lingua_Quest-gvpckrqxtbgyprbgppjfqmimmmfw/Build/Intermediates.noindex/Firebase.build/Debug-iphonesimulator/FirebaseCore.build/DerivedSources/resource_bundle_accessor.h -MMD -MT dependencies -MF /Users/siam/Library/Developer/Xcode/DerivedData/Lingua_Quest-gvpckrqxtbgyprbgppjfqmimmmfw/Build/Intermediates.noindex/Firebase.build/Debug-iphonesimulator/FirebaseCore.build/Objects-normal/x86_64/FIRApp.d --serialize-diagnostics /Users/siam/Library/Developer/Xcode/DerivedData/Lingua_Quest-gvpckrqxtbgyprbgppjfqmimmmfw/Build/Intermediates.noindex/Firebase.build/Debug-iphonesimulator/FirebaseCore.build/Objects-normal/x86_64/FIRApp.dia -c /Users/siam/Library/Developer/Xcode/DerivedData/Lingua_Quest-gvpckrqxtbgyprbgppjfqmimmmfw/SourcePackages/checkouts/firebase-ios-sdk/FirebaseCore/Sources/FIRApp.m -o /Users/siam/Library/Developer/Xcode/DerivedData/Lingua_Quest-gvpckrqxtbgyprbgppjfqmimmmfw/Build/Intermediates.noindex/Firebase.build/Debug-iphonesimulator/FirebaseCore.build/Objects-normal/x86_64/FIRApp.o -index-unit-output-path /Firebase.build/Debug-iphonesimulator/FirebaseCore.build/Objects-normal/x86_64/FIRApp.o

ScanDependencies /Users/siam/Library/Developer/Xcode/DerivedData/Lingua_Quest-gvpckrqxtbgyprbgppjfqmimmmfw/Build/Intermediates.noindex/Firebase.build/Debug-iphonesimulator/FirebaseCore.build/Objects-normal/x86_64/FIRAnalyticsConfiguration.o /Users/siam/Library/Developer/Xcode/DerivedData/Lingua_Quest-gvpckrqxtbgyprbgppjfqmimmmfw/SourcePackages/checkouts/firebase-ios-sdk/FirebaseCore/Sources/FIRAnalyticsConfiguration.m normal x86_64 objective-c com.apple.compilers.llvm.clang.1_0.compiler (in target 'FirebaseCore' from project 'Firebase')
    cd /Users/siam/Desktop/Lingua\ Quest/Lingua\ Quest.xcodeproj
    
    Using response file: /Users/siam/Library/Developer/Xcode/DerivedData/Lingua_Quest-gvpckrqxtbgyprbgppjfqmimmmfw/Build/Intermediates.noindex/Firebase.build/Debug-iphonesimulator/FirebaseCore.build/Objects-normal/x86_64/e6072d4f65d7061329687fe24e3d63a7-common-args.resp
    
    builtin-ScanDependencies -o /Users/siam/Library/Developer/Xcode/DerivedData/Lingua_Quest-gvpckrqxtbgyprbgppjfqmimmmfw/Build/Intermediates.noindex/Firebase.build/Debug-iphonesimulator/FirebaseCore.build/Objects-normal/x86_64/FIRAnalyticsConfiguration.o.scan -- /Applications/Xcode.app/Contents/Developer/Toolchains/XcodeDefault.xctoolchain/usr/bin/clang -x objective-c -ivfsstatcache /Users/siam/Library/Developer/Xcode/DerivedData/SDKStatCaches.noindex/iphonesimulator26.0-23A339-26257891a6c027eb51374368541b8346.sdkstatcache -fmessage-length\=0 -fdiagnostics-show-note-include-stack -fmacro-backtrace-limit\=0 -fno-color-diagnostics -fmodules-prune-interval\=86400 -fmodules-prune-after\=345600 -fbuild-session-file\=/Users/siam/Library/Developer/Xcode/DerivedData/ModuleCache.noindex/Session.modulevalidation -fmodules-validate-once-per-build-session -Wnon-modular-include-in-framework-module -Werror\=non-modular-include-in-framework-module -Wno-trigraphs -Wno-missing-field-initializers -Wno-missing-prototypes -Wno-return-type -Wno-implicit-atomic-properties -Wno-objc-interface-ivars -Wno-arc-repeated-use-of-weak -Wno-missing-braces -Wparentheses -Wswitch -Wno-unused-function -Wno-unused-label -Wno-unused-parameter -Wno-unused-variable -Wunused-value -Wno-empty-body -Wno-uninitialized -Wno-unknown-pragmas -w -Wno-shadow -Wno-four-char-constants -Wno-conversion -Wno-constant-conversion -Wno-int-conversion -Wno-bool-conversion -Wno-enum-conversion -Wno-float-conversion -Wno-non-literal-null-conversion -Wno-objc-literal-conversion -Wshorten-64-to-32 -Wpointer-sign -Wno-newline-eof -Wno-selector -Wno-strict-selector-match -Wno-undeclared-selector -Wno-deprecated-implementations -Wno-implicit-fallthrough -fstrict-aliasing -Wprotocol -Wdeprecated-declarations -Wno-sign-conversion -Wno-infinite-recursion -Wno-comma -Wno-block-capture-autoreleasing -Wno-strict-prototypes -Wno-semicolon-before-method-body -index-store-path /Users/siam/Library/Developer/Xcode/DerivedData/Lingua_Quest-gvpckrqxtbgyprbgppjfqmimmmfw/Index.noindex/DataStore @/Users/siam/Library/Developer/Xcode/DerivedData/Lingua_Quest-gvpckrqxtbgyprbgppjfqmimmmfw/Build/Intermediates.noindex/Firebase.build/Debug-iphonesimulator/FirebaseCore.build/Objects-normal/x86_64/e6072d4f65d7061329687fe24e3d63a7-common-args.resp -include /Users/siam/Library/Developer/Xcode/DerivedData/Lingua_Quest-gvpckrqxtbgyprbgppjfqmimmmfw/Build/Intermediates.noindex/Firebase.build/Debug-iphonesimulator/FirebaseCore.build/DerivedSources/resource_bundle_accessor.h -MMD -MT dependencies -MF /Users/siam/Library/Developer/Xcode/DerivedData/Lingua_Quest-gvpckrqxtbgyprbgppjfqmimmmfw/Build/Intermediates.noindex/Firebase.build/Debug-iphonesimulator/FirebaseCore.build/Objects-normal/x86_64/FIRAnalyticsConfiguration.d --serialize-diagnostics /Users/siam/Library/Developer/Xcode/DerivedData/Lingua_Quest-gvpckrqxtbgyprbgppjfqmimmmfw/Build/Intermediates.noindex/Firebase.build/Debug-iphonesimulator/FirebaseCore.build/Objects-normal/x86_64/FIRAnalyticsConfiguration.dia -c /Users/siam/Library/Developer/Xcode/DerivedData/Lingua_Quest-gvpckrqxtbgyprbgppjfqmimmmfw/SourcePackages/checkouts/firebase-ios-sdk/FirebaseCore/Sources/FIRAnalyticsConfiguration.m -o /Users/siam/Library/Developer/Xcode/DerivedData/Lingua_Quest-gvpckrqxtbgyprbgppjfqmimmmfw/Build/Intermediates.noindex/Firebase.build/Debug-iphonesimulator/FirebaseCore.build/Objects-normal/x86_64/FIRAnalyticsConfiguration.o -index-unit-output-path /Firebase.build/Debug-iphonesimulator/FirebaseCore.build/Objects-normal/x86_64/FIRAnalyticsConfiguration.o

ScanDependencies /Users/siam/Library/Developer/Xcode/DerivedData/Lingua_Quest-gvpckrqxtbgyprbgppjfqmimmmfw/Build/Intermediates.noindex/Firebase.build/Debug-iphonesimulator/FirebaseCore.build/Objects-normal/arm64/resource_bundle_accessor.o /Users/siam/Library/Developer/Xcode/DerivedData/Lingua_Quest-gvpckrqxtbgyprbgppjfqmimmmfw/Build/Intermediates.noindex/Firebase.build/Debug-iphonesimulator/FirebaseCore.build/DerivedSources/resource_bundle_accessor.m normal arm64 objective-c com.apple.compilers.llvm.clang.1_0.compiler (in target 'FirebaseCore' from project 'Firebase')
    cd /Users/siam/Desktop/Lingua\ Quest/Lingua\ Quest.xcodeproj
    
    Using response file: /Users/siam/Library/Developer/Xcode/DerivedData/Lingua_Quest-gvpckrqxtbgyprbgppjfqmimmmfw/Build/Intermediates.noindex/Firebase.build/Debug-iphonesimulator/FirebaseCore.build/Objects-normal/arm64/e6072d4f65d7061329687fe24e3d63a7-common-args.resp
    
    builtin-ScanDependencies -o /Users/siam/Library/Developer/Xcode/DerivedData/Lingua_Quest-gvpckrqxtbgyprbgppjfqmimmmfw/Build/Intermediates.noindex/Firebase.build/Debug-iphonesimulator/FirebaseCore.build/Objects-normal/arm64/resource_bundle_accessor.o.scan -- /Applications/Xcode.app/Contents/Developer/Toolchains/XcodeDefault.xctoolchain/usr/bin/clang -x objective-c -ivfsstatcache /Users/siam/Library/Developer/Xcode/DerivedData/SDKStatCaches.noindex/iphonesimulator26.0-23A339-26257891a6c027eb51374368541b8346.sdkstatcache -fmessage-length\=0 -fdiagnostics-show-note-include-stack -fmacro-backtrace-limit\=0 -fno-color-diagnostics -fmodules-prune-interval\=86400 -fmodules-prune-after\=345600 -fbuild-session-file\=/Users/siam/Library/Developer/Xcode/DerivedData/ModuleCache.noindex/Session.modulevalidation -fmodules-validate-once-per-build-session -Wnon-modular-include-in-framework-module -Werror\=non-modular-include-in-framework-module -Wno-trigraphs -Wno-missing-field-initializers -Wno-missing-prototypes -Wno-return-type -Wno-implicit-atomic-properties -Wno-objc-interface-ivars -Wno-arc-repeated-use-of-weak -Wno-missing-braces -Wparentheses -Wswitch -Wno-unused-function -Wno-unused-label -Wno-unused-parameter -Wno-unused-variable -Wunused-value -Wno-empty-body -Wno-uninitialized -Wno-unknown-pragmas -w -Wno-shadow -Wno-four-char-constants -Wno-conversion -Wno-constant-conversion -Wno-int-conversion -Wno-bool-conversion -Wno-enum-conversion -Wno-float-conversion -Wno-non-literal-null-conversion -Wno-objc-literal-conversion -Wshorten-64-to-32 -Wpointer-sign -Wno-newline-eof -Wno-selector -Wno-strict-selector-match -Wno-undeclared-selector -Wno-deprecated-implementations -Wno-implicit-fallthrough -fstrict-aliasing -Wprotocol -Wdeprecated-declarations -Wno-sign-conversion -Wno-infinite-recursion -Wno-comma -Wno-block-capture-autoreleasing -Wno-strict-prototypes -Wno-semicolon-before-method-body -index-store-path /Users/siam/Library/Developer/Xcode/DerivedData/Lingua_Quest-gvpckrqxtbgyprbgppjfqmimmmfw/Index.noindex/DataStore @/Users/siam/Library/Developer/Xcode/DerivedData/Lingua_Quest-gvpckrqxtbgyprbgppjfqmimmmfw/Build/Intermediates.noindex/Firebase.build/Debug-iphonesimulator/FirebaseCore.build/Objects-normal/arm64/e6072d4f65d7061329687fe24e3d63a7-common-args.resp -include /Users/siam/Library/Developer/Xcode/DerivedData/Lingua_Quest-gvpckrqxtbgyprbgppjfqmimmmfw/Build/Intermediates.noindex/Firebase.build/Debug-iphonesimulator/FirebaseCore.build/DerivedSources/resource_bundle_accessor.h -MMD -MT dependencies -MF /Users/siam/Library/Developer/Xcode/DerivedData/Lingua_Quest-gvpckrqxtbgyprbgppjfqmimmmfw/Build/Intermediates.noindex/Firebase.build/Debug-iphonesimulator/FirebaseCore.build/Objects-normal/arm64/resource_bundle_accessor.d --serialize-diagnostics /Users/siam/Library/Developer/Xcode/DerivedData/Lingua_Quest-gvpckrqxtbgyprbgppjfqmimmmfw/Build/Intermediates.noindex/Firebase.build/Debug-iphonesimulator/FirebaseCore.build/Objects-normal/arm64/resource_bundle_accessor.dia -c /Users/siam/Library/Developer/Xcode/DerivedData/Lingua_Quest-gvpckrqxtbgyprbgppjfqmimmmfw/Build/Intermediates.noindex/Firebase.build/Debug-iphonesimulator/FirebaseCore.build/DerivedSources/resource_bundle_accessor.m -o /Users/siam/Library/Developer/Xcode/DerivedData/Lingua_Quest-gvpckrqxtbgyprbgppjfqmimmmfw/Build/Intermediates.noindex/Firebase.build/Debug-iphonesimulator/FirebaseCore.build/Objects-normal/arm64/resource_bundle_accessor.o -index-unit-output-path /Firebase.build/Debug-iphonesimulator/FirebaseCore.build/Objects-normal/arm64/resource_bundle_accessor.o

ScanDependencies /Users/siam/Library/Developer/Xcode/DerivedData/Lingua_Quest-gvpckrqxtbgyprbgppjfqmimmmfw/Build/Intermediates.noindex/Firebase.build/Debug-iphonesimulator/FirebaseCore.build/Objects-normal/arm64/FIRVersion.o /Users/siam/Library/Developer/Xcode/DerivedData/Lingua_Quest-gvpckrqxtbgyprbgppjfqmimmmfw/SourcePackages/checkouts/firebase-ios-sdk/FirebaseCore/Sources/FIRVersion.m normal arm64 objective-c com.apple.compilers.llvm.clang.1_0.compiler (in target 'FirebaseCore' from project 'Firebase')
    cd /Users/siam/Desktop/Lingua\ Quest/Lingua\ Quest.xcodeproj
    
    Using response file: /Users/siam/Library/Developer/Xcode/DerivedData/Lingua_Quest-gvpckrqxtbgyprbgppjfqmimmmfw/Build/Intermediates.noindex/Firebase.build/Debug-iphonesimulator/FirebaseCore.build/Objects-normal/arm64/e6072d4f65d7061329687fe24e3d63a7-common-args.resp
    
    builtin-ScanDependencies -o /Users/siam/Library/Developer/Xcode/DerivedData/Lingua_Quest-gvpckrqxtbgyprbgppjfqmimmmfw/Build/Intermediates.noindex/Firebase.build/Debug-iphonesimulator/FirebaseCore.build/Objects-normal/arm64/FIRVersion.o.scan -- /Applications/Xcode.app/Contents/Developer/Toolchains/XcodeDefault.xctoolchain/usr/bin/clang -x objective-c -ivfsstatcache /Users/siam/Library/Developer/Xcode/DerivedData/SDKStatCaches.noindex/iphonesimulator26.0-23A339-26257891a6c027eb51374368541b8346.sdkstatcache -fmessage-length\=0 -fdiagnostics-show-note-include-stack -fmacro-backtrace-limit\=0 -fno-color-diagnostics -fmodules-prune-interval\=86400 -fmodules-prune-after\=345600 -fbuild-session-file\=/Users/siam/Library/Developer/Xcode/DerivedData/ModuleCache.noindex/Session.modulevalidation -fmodules-validate-once-per-build-session -Wnon-modular-include-in-framework-module -Werror\=non-modular-include-in-framework-module -Wno-trigraphs -Wno-missing-field-initializers -Wno-missing-prototypes -Wno-return-type -Wno-implicit-atomic-properties -Wno-objc-interface-ivars -Wno-arc-repeated-use-of-weak -Wno-missing-braces -Wparentheses -Wswitch -Wno-unused-function -Wno-unused-label -Wno-unused-parameter -Wno-unused-variable -Wunused-value -Wno-empty-body -Wno-uninitialized -Wno-unknown-pragmas -w -Wno-shadow -Wno-four-char-constants -Wno-conversion -Wno-constant-conversion -Wno-int-conversion -Wno-bool-conversion -Wno-enum-conversion -Wno-float-conversion -Wno-non-literal-null-conversion -Wno-objc-literal-conversion -Wshorten-64-to-32 -Wpointer-sign -Wno-newline-eof -Wno-selector -Wno-strict-selector-match -Wno-undeclared-selector -Wno-deprecated-implementations -Wno-implicit-fallthrough -fstrict-aliasing -Wprotocol -Wdeprecated-declarations -Wno-sign-conversion -Wno-infinite-recursion -Wno-comma -Wno-block-capture-autoreleasing -Wno-strict-prototypes -Wno-semicolon-before-method-body -index-store-path /Users/siam/Library/Developer/Xcode/DerivedData/Lingua_Quest-gvpckrqxtbgyprbgppjfqmimmmfw/Index.noindex/DataStore @/Users/siam/Library/Developer/Xcode/DerivedData/Lingua_Quest-gvpckrqxtbgyprbgppjfqmimmmfw/Build/Intermediates.noindex/Firebase.build/Debug-iphonesimulator/FirebaseCore.build/Objects-normal/arm64/e6072d4f65d7061329687fe24e3d63a7-common-args.resp -include /Users/siam/Library/Developer/Xcode/DerivedData/Lingua_Quest-gvpckrqxtbgyprbgppjfqmimmmfw/Build/Intermediates.noindex/Firebase.build/Debug-iphonesimulator/FirebaseCore.build/DerivedSources/resource_bundle_accessor.h -MMD -MT dependencies -MF /Users/siam/Library/Developer/Xcode/DerivedData/Lingua_Quest-gvpckrqxtbgyprbgppjfqmimmmfw/Build/Intermediates.noindex/Firebase.build/Debug-iphonesimulator/FirebaseCore.build/Objects-normal/arm64/FIRVersion.d --serialize-diagnostics /Users/siam/Library/Developer/Xcode/DerivedData/Lingua_Quest-gvpckrqxtbgyprbgppjfqmimmmfw/Build/Intermediates.noindex/Firebase.build/Debug-iphonesimulator/FirebaseCore.build/Objects-normal/arm64/FIRVersion.dia -c /Users/siam/Library/Developer/Xcode/DerivedData/Lingua_Quest-gvpckrqxtbgyprbgppjfqmimmmfw/SourcePackages/checkouts/firebase-ios-sdk/FirebaseCore/Sources/FIRVersion.m -o /Users/siam/Library/Developer/Xcode/DerivedData/Lingua_Quest-gvpckrqxtbgyprbgppjfqmimmmfw/Build/Intermediates.noindex/Firebase.build/Debug-iphonesimulator/FirebaseCore.build/Objects-normal/arm64/FIRVersion.o -index-unit-output-path /Firebase.build/Debug-iphonesimulator/FirebaseCore.build/Objects-normal/arm64/FIRVersion.o

CompileC /Users/siam/Library/Developer/Xcode/DerivedData/Lingua_Quest-gvpckrqxtbgyprbgppjfqmimmmfw/Build/Intermediates.noindex/Firebase.build/Debug-iphonesimulator/FirebaseCore.build/Objects-normal/x86_64/FIRBundleUtil.o /Users/siam/Library/Developer/Xcode/DerivedData/Lingua_Quest-gvpckrqxtbgyprbgppjfqmimmmfw/SourcePackages/checkouts/firebase-ios-sdk/FirebaseCore/Sources/FIRBundleUtil.m normal x86_64 objective-c com.apple.compilers.llvm.clang.1_0.compiler (in target 'FirebaseCore' from project 'Firebase')
    cd /Users/siam/Desktop/Lingua\ Quest/Lingua\ Quest.xcodeproj
    
    Using response file: /Users/siam/Library/Developer/Xcode/DerivedData/Lingua_Quest-gvpckrqxtbgyprbgppjfqmimmmfw/Build/Intermediates.noindex/Firebase.build/Debug-iphonesimulator/FirebaseCore.build/Objects-normal/x86_64/e6072d4f65d7061329687fe24e3d63a7-common-args.resp
    
    /Applications/Xcode.app/Contents/Developer/Toolchains/XcodeDefault.xctoolchain/usr/bin/clang -x objective-c -ivfsstatcache /Users/siam/Library/Developer/Xcode/DerivedData/SDKStatCaches.noindex/iphonesimulator26.0-23A339-26257891a6c027eb51374368541b8346.sdkstatcache -fmessage-length\=0 -fdiagnostics-show-note-include-stack -fmacro-backtrace-limit\=0 -fno-color-diagnostics -fmodules-prune-interval\=86400 -fmodules-prune-after\=345600 -fbuild-session-file\=/Users/siam/Library/Developer/Xcode/DerivedData/ModuleCache.noindex/Session.modulevalidation -fmodules-validate-once-per-build-session -Wnon-modular-include-in-framework-module -Werror\=non-modular-include-in-framework-module -Wno-trigraphs -Wno-missing-field-initializers -Wno-missing-prototypes -Wno-return-type -Wno-implicit-atomic-properties -Wno-objc-interface-ivars -Wno-arc-repeated-use-of-weak -Wno-missing-braces -Wparentheses -Wswitch -Wno-unused-function -Wno-unused-label -Wno-unused-parameter -Wno-unused-variable -Wunused-value -Wno-empty-body -Wno-uninitialized -Wno-unknown-pragmas -w -Wno-shadow -Wno-four-char-constants -Wno-conversion -Wno-constant-conversion -Wno-int-conversion -Wno-bool-conversion -Wno-enum-conversion -Wno-float-conversion -Wno-non-literal-null-conversion -Wno-objc-literal-conversion -Wshorten-64-to-32 -Wpointer-sign -Wno-newline-eof -Wno-selector -Wno-strict-selector-match -Wno-undeclared-selector -Wno-deprecated-implementations -Wno-implicit-fallthrough -fstrict-aliasing -Wprotocol -Wdeprecated-declarations -Wno-sign-conversion -Wno-infinite-recursion -Wno-comma -Wno-block-capture-autoreleasing -Wno-strict-prototypes -Wno-semicolon-before-method-body -index-store-path /Users/siam/Library/Developer/Xcode/DerivedData/Lingua_Quest-gvpckrqxtbgyprbgppjfqmimmmfw/Index.noindex/DataStore @/Users/siam/Library/Developer/Xcode/DerivedData/Lingua_Quest-gvpckrqxtbgyprbgppjfqmimmmfw/Build/Intermediates.noindex/Firebase.build/Debug-iphonesimulator/FirebaseCore.build/Objects-normal/x86_64/e6072d4f65d7061329687fe24e3d63a7-common-args.resp -include /Users/siam/Library/Developer/Xcode/DerivedData/Lingua_Quest-gvpckrqxtbgyprbgppjfqmimmmfw/Build/Intermediates.noindex/Firebase.build/Debug-iphonesimulator/FirebaseCore.build/DerivedSources/resource_bundle_accessor.h -MMD -MT dependencies -MF /Users/siam/Library/Developer/Xcode/DerivedData/Lingua_Quest-gvpckrqxtbgyprbgppjfqmimmmfw/Build/Intermediates.noindex/Firebase.build/Debug-iphonesimulator/FirebaseCore.build/Objects-normal/x86_64/FIRBundleUtil.d --serialize-diagnostics /Users/siam/Library/Developer/Xcode/DerivedData/Lingua_Quest-gvpckrqxtbgyprbgppjfqmimmmfw/Build/Intermediates.noindex/Firebase.build/Debug-iphonesimulator/FirebaseCore.build/Objects-normal/x86_64/FIRBundleUtil.dia -c /Users/siam/Library/Developer/Xcode/DerivedData/Lingua_Quest-gvpckrqxtbgyprbgppjfqmimmmfw/SourcePackages/checkouts/firebase-ios-sdk/FirebaseCore/Sources/FIRBundleUtil.m -o /Users/siam/Library/Developer/Xcode/DerivedData/Lingua_Quest-gvpckrqxtbgyprbgppjfqmimmmfw/Build/Intermediates.noindex/Firebase.build/Debug-iphonesimulator/FirebaseCore.build/Objects-normal/x86_64/FIRBundleUtil.o -index-unit-output-path /Firebase.build/Debug-iphonesimulator/FirebaseCore.build/Objects-normal/x86_64/FIRBundleUtil.o

ScanDependencies /Users/siam/Library/Developer/Xcode/DerivedData/Lingua_Quest-gvpckrqxtbgyprbgppjfqmimmmfw/Build/Intermediates.noindex/Firebase.build/Debug-iphonesimulator/FirebaseCore.build/Objects-normal/arm64/FIRTimestamp.o /Users/siam/Library/Developer/Xcode/DerivedData/Lingua_Quest-gvpckrqxtbgyprbgppjfqmimmmfw/SourcePackages/checkouts/firebase-ios-sdk/FirebaseCore/Sources/FIRTimestamp.m normal arm64 objective-c com.apple.compilers.llvm.clang.1_0.compiler (in target 'FirebaseCore' from project 'Firebase')
    cd /Users/siam/Desktop/Lingua\ Quest/Lingua\ Quest.xcodeproj
    
    Using response file: /Users/siam/Library/Developer/Xcode/DerivedData/Lingua_Quest-gvpckrqxtbgyprbgppjfqmimmmfw/Build/Intermediates.noindex/Firebase.build/Debug-iphonesimulator/FirebaseCore.build/Objects-normal/arm64/e6072d4f65d7061329687fe24e3d63a7-common-args.resp
    
    builtin-ScanDependencies -o /Users/siam/Library/Developer/Xcode/DerivedData/Lingua_Quest-gvpckrqxtbgyprbgppjfqmimmmfw/Build/Intermediates.noindex/Firebase.build/Debug-iphonesimulator/FirebaseCore.build/Objects-normal/arm64/FIRTimestamp.o.scan -- /Applications/Xcode.app/Contents/Developer/Toolchains/XcodeDefault.xctoolchain/usr/bin/clang -x objective-c -ivfsstatcache /Users/siam/Library/Developer/Xcode/DerivedData/SDKStatCaches.noindex/iphonesimulator26.0-23A339-26257891a6c027eb51374368541b8346.sdkstatcache -fmessage-length\=0 -fdiagnostics-show-note-include-stack -fmacro-backtrace-limit\=0 -fno-color-diagnostics -fmodules-prune-interval\=86400 -fmodules-prune-after\=345600 -fbuild-session-file\=/Users/siam/Library/Developer/Xcode/DerivedData/ModuleCache.noindex/Session.modulevalidation -fmodules-validate-once-per-build-session -Wnon-modular-include-in-framework-module -Werror\=non-modular-include-in-framework-module -Wno-trigraphs -Wno-missing-field-initializers -Wno-missing-prototypes -Wno-return-type -Wno-implicit-atomic-properties -Wno-objc-interface-ivars -Wno-arc-repeated-use-of-weak -Wno-missing-braces -Wparentheses -Wswitch -Wno-unused-function -Wno-unused-label -Wno-unused-parameter -Wno-unused-variable -Wunused-value -Wno-empty-body -Wno-uninitialized -Wno-unknown-pragmas -w -Wno-shadow -Wno-four-char-constants -Wno-conversion -Wno-constant-conversion -Wno-int-conversion -Wno-bool-conversion -Wno-enum-conversion -Wno-float-conversion -Wno-non-literal-null-conversion -Wno-objc-literal-conversion -Wshorten-64-to-32 -Wpointer-sign -Wno-newline-eof -Wno-selector -Wno-strict-selector-match -Wno-undeclared-selector -Wno-deprecated-implementations -Wno-implicit-fallthrough -fstrict-aliasing -Wprotocol -Wdeprecated-declarations -Wno-sign-conversion -Wno-infinite-recursion -Wno-comma -Wno-block-capture-autoreleasing -Wno-strict-prototypes -Wno-semicolon-before-method-body -index-store-path /Users/siam/Library/Developer/Xcode/DerivedData/Lingua_Quest-gvpckrqxtbgyprbgppjfqmimmmfw/Index.noindex/DataStore @/Users/siam/Library/Developer/Xcode/DerivedData/Lingua_Quest-gvpckrqxtbgyprbgppjfqmimmmfw/Build/Intermediates.noindex/Firebase.build/Debug-iphonesimulator/FirebaseCore.build/Objects-normal/arm64/e6072d4f65d7061329687fe24e3d63a7-common-args.resp -include /Users/siam/Library/Developer/Xcode/DerivedData/Lingua_Quest-gvpckrqxtbgyprbgppjfqmimmmfw/Build/Intermediates.noindex/Firebase.build/Debug-iphonesimulator/FirebaseCore.build/DerivedSources/resource_bundle_accessor.h -MMD -MT dependencies -MF /Users/siam/Library/Developer/Xcode/DerivedData/Lingua_Quest-gvpckrqxtbgyprbgppjfqmimmmfw/Build/Intermediates.noindex/Firebase.build/Debug-iphonesimulator/FirebaseCore.build/Objects-normal/arm64/FIRTimestamp.d --serialize-diagnostics /Users/siam/Library/Developer/Xcode/DerivedData/Lingua_Quest-gvpckrqxtbgyprbgppjfqmimmmfw/Build/Intermediates.noindex/Firebase.build/Debug-iphonesimulator/FirebaseCore.build/Objects-normal/arm64/FIRTimestamp.dia -c /Users/siam/Library/Developer/Xcode/DerivedData/Lingua_Quest-gvpckrqxtbgyprbgppjfqmimmmfw/SourcePackages/checkouts/firebase-ios-sdk/FirebaseCore/Sources/FIRTimestamp.m -o /Users/siam/Library/Developer/Xcode/DerivedData/Lingua_Quest-gvpckrqxtbgyprbgppjfqmimmmfw/Build/Intermediates.noindex/Firebase.build/Debug-iphonesimulator/FirebaseCore.build/Objects-normal/arm64/FIRTimestamp.o -index-unit-output-path /Firebase.build/Debug-iphonesimulator/FirebaseCore.build/Objects-normal/arm64/FIRTimestamp.o

SwiftDriverJobDiscovery normal x86_64 Compiling RingBuffer.swift (in target 'FirebaseCoreInternal' from project 'Firebase')

ScanDependencies /Users/siam/Library/Developer/Xcode/DerivedData/Lingua_Quest-gvpckrqxtbgyprbgppjfqmimmmfw/Build/Intermediates.noindex/Firebase.build/Debug-iphonesimulator/FirebaseCore.build/Objects-normal/arm64/FIROptions.o /Users/siam/Library/Developer/Xcode/DerivedData/Lingua_Quest-gvpckrqxtbgyprbgppjfqmimmmfw/SourcePackages/checkouts/firebase-ios-sdk/FirebaseCore/Sources/FIROptions.m normal arm64 objective-c com.apple.compilers.llvm.clang.1_0.compiler (in target 'FirebaseCore' from project 'Firebase')
    cd /Users/siam/Desktop/Lingua\ Quest/Lingua\ Quest.xcodeproj
    
    Using response file: /Users/siam/Library/Developer/Xcode/DerivedData/Lingua_Quest-gvpckrqxtbgyprbgppjfqmimmmfw/Build/Intermediates.noindex/Firebase.build/Debug-iphonesimulator/FirebaseCore.build/Objects-normal/arm64/e6072d4f65d7061329687fe24e3d63a7-common-args.resp
    
    builtin-ScanDependencies -o /Users/siam/Library/Developer/Xcode/DerivedData/Lingua_Quest-gvpckrqxtbgyprbgppjfqmimmmfw/Build/Intermediates.noindex/Firebase.build/Debug-iphonesimulator/FirebaseCore.build/Objects-normal/arm64/FIROptions.o.scan -- /Applications/Xcode.app/Contents/Developer/Toolchains/XcodeDefault.xctoolchain/usr/bin/clang -x objective-c -ivfsstatcache /Users/siam/Library/Developer/Xcode/DerivedData/SDKStatCaches.noindex/iphonesimulator26.0-23A339-26257891a6c027eb51374368541b8346.sdkstatcache -fmessage-length\=0 -fdiagnostics-show-note-include-stack -fmacro-backtrace-limit\=0 -fno-color-diagnostics -fmodules-prune-interval\=86400 -fmodules-prune-after\=345600 -fbuild-session-file\=/Users/siam/Library/Developer/Xcode/DerivedData/ModuleCache.noindex/Session.modulevalidation -fmodules-validate-once-per-build-session -Wnon-modular-include-in-framework-module -Werror\=non-modular-include-in-framework-module -Wno-trigraphs -Wno-missing-field-initializers -Wno-missing-prototypes -Wno-return-type -Wno-implicit-atomic-properties -Wno-objc-interface-ivars -Wno-arc-repeated-use-of-weak -Wno-missing-braces -Wparentheses -Wswitch -Wno-unused-function -Wno-unused-label -Wno-unused-parameter -Wno-unused-variable -Wunused-value -Wno-empty-body -Wno-uninitialized -Wno-unknown-pragmas -w -Wno-shadow -Wno-four-char-constants -Wno-conversion -Wno-constant-conversion -Wno-int-conversion -Wno-bool-conversion -Wno-enum-conversion -Wno-float-conversion -Wno-non-literal-null-conversion -Wno-objc-literal-conversion -Wshorten-64-to-32 -Wpointer-sign -Wno-newline-eof -Wno-selector -Wno-strict-selector-match -Wno-undeclared-selector -Wno-deprecated-implementations -Wno-implicit-fallthrough -fstrict-aliasing -Wprotocol -Wdeprecated-declarations -Wno-sign-conversion -Wno-infinite-recursion -Wno-comma -Wno-block-capture-autoreleasing -Wno-strict-prototypes -Wno-semicolon-before-method-body -index-store-path /Users/siam/Library/Developer/Xcode/DerivedData/Lingua_Quest-gvpckrqxtbgyprbgppjfqmimmmfw/Index.noindex/DataStore @/Users/siam/Library/Developer/Xcode/DerivedData/Lingua_Quest-gvpckrqxtbgyprbgppjfqmimmmfw/Build/Intermediates.noindex/Firebase.build/Debug-iphonesimulator/FirebaseCore.build/Objects-normal/arm64/e6072d4f65d7061329687fe24e3d63a7-common-args.resp -include /Users/siam/Library/Developer/Xcode/DerivedData/Lingua_Quest-gvpckrqxtbgyprbgppjfqmimmmfw/Build/Intermediates.noindex/Firebase.build/Debug-iphonesimulator/FirebaseCore.build/DerivedSources/resource_bundle_accessor.h -MMD -MT dependencies -MF /Users/siam/Library/Developer/Xcode/DerivedData/Lingua_Quest-gvpckrqxtbgyprbgppjfqmimmmfw/Build/Intermediates.noindex/Firebase.build/Debug-iphonesimulator/FirebaseCore.build/Objects-normal/arm64/FIROptions.d --serialize-diagnostics /Users/siam/Library/Developer/Xcode/DerivedData/Lingua_Quest-gvpckrqxtbgyprbgppjfqmimmmfw/Build/Intermediates.noindex/Firebase.build/Debug-iphonesimulator/FirebaseCore.build/Objects-normal/arm64/FIROptions.dia -c /Users/siam/Library/Developer/Xcode/DerivedData/Lingua_Quest-gvpckrqxtbgyprbgppjfqmimmmfw/SourcePackages/checkouts/firebase-ios-sdk/FirebaseCore/Sources/FIROptions.m -o /Users/siam/Library/Developer/Xcode/DerivedData/Lingua_Quest-gvpckrqxtbgyprbgppjfqmimmmfw/Build/Intermediates.noindex/Firebase.build/Debug-iphonesimulator/FirebaseCore.build/Objects-normal/arm64/FIROptions.o -index-unit-output-path /Firebase.build/Debug-iphonesimulator/FirebaseCore.build/Objects-normal/arm64/FIROptions.o

CompileC /Users/siam/Library/Developer/Xcode/DerivedData/Lingua_Quest-gvpckrqxtbgyprbgppjfqmimmmfw/Build/Intermediates.noindex/Firebase.build/Debug-iphonesimulator/FirebaseCore.build/Objects-normal/x86_64/FIRAnalyticsConfiguration.o /Users/siam/Library/Developer/Xcode/DerivedData/Lingua_Quest-gvpckrqxtbgyprbgppjfqmimmmfw/SourcePackages/checkouts/firebase-ios-sdk/FirebaseCore/Sources/FIRAnalyticsConfiguration.m normal x86_64 objective-c com.apple.compilers.llvm.clang.1_0.compiler (in target 'FirebaseCore' from project 'Firebase')
    cd /Users/siam/Desktop/Lingua\ Quest/Lingua\ Quest.xcodeproj
    
    Using response file: /Users/siam/Library/Developer/Xcode/DerivedData/Lingua_Quest-gvpckrqxtbgyprbgppjfqmimmmfw/Build/Intermediates.noindex/Firebase.build/Debug-iphonesimulator/FirebaseCore.build/Objects-normal/x86_64/e6072d4f65d7061329687fe24e3d63a7-common-args.resp
    
    /Applications/Xcode.app/Contents/Developer/Toolchains/XcodeDefault.xctoolchain/usr/bin/clang -x objective-c -ivfsstatcache /Users/siam/Library/Developer/Xcode/DerivedData/SDKStatCaches.noindex/iphonesimulator26.0-23A339-26257891a6c027eb51374368541b8346.sdkstatcache -fmessage-length\=0 -fdiagnostics-show-note-include-stack -fmacro-backtrace-limit\=0 -fno-color-diagnostics -fmodules-prune-interval\=86400 -fmodules-prune-after\=345600 -fbuild-session-file\=/Users/siam/Library/Developer/Xcode/DerivedData/ModuleCache.noindex/Session.modulevalidation -fmodules-validate-once-per-build-session -Wnon-modular-include-in-framework-module -Werror\=non-modular-include-in-framework-module -Wno-trigraphs -Wno-missing-field-initializers -Wno-missing-prototypes -Wno-return-type -Wno-implicit-atomic-properties -Wno-objc-interface-ivars -Wno-arc-repeated-use-of-weak -Wno-missing-braces -Wparentheses -Wswitch -Wno-unused-function -Wno-unused-label -Wno-unused-parameter -Wno-unused-variable -Wunused-value -Wno-empty-body -Wno-uninitialized -Wno-unknown-pragmas -w -Wno-shadow -Wno-four-char-constants -Wno-conversion -Wno-constant-conversion -Wno-int-conversion -Wno-bool-conversion -Wno-enum-conversion -Wno-float-conversion -Wno-non-literal-null-conversion -Wno-objc-literal-conversion -Wshorten-64-to-32 -Wpointer-sign -Wno-newline-eof -Wno-selector -Wno-strict-selector-match -Wno-undeclared-selector -Wno-deprecated-implementations -Wno-implicit-fallthrough -fstrict-aliasing -Wprotocol -Wdeprecated-declarations -Wno-sign-conversion -Wno-infinite-recursion -Wno-comma -Wno-block-capture-autoreleasing -Wno-strict-prototypes -Wno-semicolon-before-method-body -index-store-path /Users/siam/Library/Developer/Xcode/DerivedData/Lingua_Quest-gvpckrqxtbgyprbgppjfqmimmmfw/Index.noindex/DataStore @/Users/siam/Library/Developer/Xcode/DerivedData/Lingua_Quest-gvpckrqxtbgyprbgppjfqmimmmfw/Build/Intermediates.noindex/Firebase.build/Debug-iphonesimulator/FirebaseCore.build/Objects-normal/x86_64/e6072d4f65d7061329687fe24e3d63a7-common-args.resp -include /Users/siam/Library/Developer/Xcode/DerivedData/Lingua_Quest-gvpckrqxtbgyprbgppjfqmimmmfw/Build/Intermediates.noindex/Firebase.build/Debug-iphonesimulator/FirebaseCore.build/DerivedSources/resource_bundle_accessor.h -MMD -MT dependencies -MF /Users/siam/Library/Developer/Xcode/DerivedData/Lingua_Quest-gvpckrqxtbgyprbgppjfqmimmmfw/Build/Intermediates.noindex/Firebase.build/Debug-iphonesimulator/FirebaseCore.build/Objects-normal/x86_64/FIRAnalyticsConfiguration.d --serialize-diagnostics /Users/siam/Library/Developer/Xcode/DerivedData/Lingua_Quest-gvpckrqxtbgyprbgppjfqmimmmfw/Build/Intermediates.noindex/Firebase.build/Debug-iphonesimulator/FirebaseCore.build/Objects-normal/x86_64/FIRAnalyticsConfiguration.dia -c /Users/siam/Library/Developer/Xcode/DerivedData/Lingua_Quest-gvpckrqxtbgyprbgppjfqmimmmfw/SourcePackages/checkouts/firebase-ios-sdk/FirebaseCore/Sources/FIRAnalyticsConfiguration.m -o /Users/siam/Library/Developer/Xcode/DerivedData/Lingua_Quest-gvpckrqxtbgyprbgppjfqmimmmfw/Build/Intermediates.noindex/Firebase.build/Debug-iphonesimulator/FirebaseCore.build/Objects-normal/x86_64/FIRAnalyticsConfiguration.o -index-unit-output-path /Firebase.build/Debug-iphonesimulator/FirebaseCore.build/Objects-normal/x86_64/FIRAnalyticsConfiguration.o

ScanDependencies /Users/siam/Library/Developer/Xcode/DerivedData/Lingua_Quest-gvpckrqxtbgyprbgppjfqmimmmfw/Build/Intermediates.noindex/Firebase.build/Debug-iphonesimulator/FirebaseCore.build/Objects-normal/arm64/FIRLogger.o /Users/siam/Library/Developer/Xcode/DerivedData/Lingua_Quest-gvpckrqxtbgyprbgppjfqmimmmfw/SourcePackages/checkouts/firebase-ios-sdk/FirebaseCore/Sources/FIRLogger.m normal arm64 objective-c com.apple.compilers.llvm.clang.1_0.compiler (in target 'FirebaseCore' from project 'Firebase')
    cd /Users/siam/Desktop/Lingua\ Quest/Lingua\ Quest.xcodeproj
    
    Using response file: /Users/siam/Library/Developer/Xcode/DerivedData/Lingua_Quest-gvpckrqxtbgyprbgppjfqmimmmfw/Build/Intermediates.noindex/Firebase.build/Debug-iphonesimulator/FirebaseCore.build/Objects-normal/arm64/e6072d4f65d7061329687fe24e3d63a7-common-args.resp
    
    builtin-ScanDependencies -o /Users/siam/Library/Developer/Xcode/DerivedData/Lingua_Quest-gvpckrqxtbgyprbgppjfqmimmmfw/Build/Intermediates.noindex/Firebase.build/Debug-iphonesimulator/FirebaseCore.build/Objects-normal/arm64/FIRLogger.o.scan -- /Applications/Xcode.app/Contents/Developer/Toolchains/XcodeDefault.xctoolchain/usr/bin/clang -x objective-c -ivfsstatcache /Users/siam/Library/Developer/Xcode/DerivedData/SDKStatCaches.noindex/iphonesimulator26.0-23A339-26257891a6c027eb51374368541b8346.sdkstatcache -fmessage-length\=0 -fdiagnostics-show-note-include-stack -fmacro-backtrace-limit\=0 -fno-color-diagnostics -fmodules-prune-interval\=86400 -fmodules-prune-after\=345600 -fbuild-session-file\=/Users/siam/Library/Developer/Xcode/DerivedData/ModuleCache.noindex/Session.modulevalidation -fmodules-validate-once-per-build-session -Wnon-modular-include-in-framework-module -Werror\=non-modular-include-in-framework-module -Wno-trigraphs -Wno-missing-field-initializers -Wno-missing-prototypes -Wno-return-type -Wno-implicit-atomic-properties -Wno-objc-interface-ivars -Wno-arc-repeated-use-of-weak -Wno-missing-braces -Wparentheses -Wswitch -Wno-unused-function -Wno-unused-label -Wno-unused-parameter -Wno-unused-variable -Wunused-value -Wno-empty-body -Wno-uninitialized -Wno-unknown-pragmas -w -Wno-shadow -Wno-four-char-constants -Wno-conversion -Wno-constant-conversion -Wno-int-conversion -Wno-bool-conversion -Wno-enum-conversion -Wno-float-conversion -Wno-non-literal-null-conversion -Wno-objc-literal-conversion -Wshorten-64-to-32 -Wpointer-sign -Wno-newline-eof -Wno-selector -Wno-strict-selector-match -Wno-undeclared-selector -Wno-deprecated-implementations -Wno-implicit-fallthrough -fstrict-aliasing -Wprotocol -Wdeprecated-declarations -Wno-sign-conversion -Wno-infinite-recursion -Wno-comma -Wno-block-capture-autoreleasing -Wno-strict-prototypes -Wno-semicolon-before-method-body -index-store-path /Users/siam/Library/Developer/Xcode/DerivedData/Lingua_Quest-gvpckrqxtbgyprbgppjfqmimmmfw/Index.noindex/DataStore @/Users/siam/Library/Developer/Xcode/DerivedData/Lingua_Quest-gvpckrqxtbgyprbgppjfqmimmmfw/Build/Intermediates.noindex/Firebase.build/Debug-iphonesimulator/FirebaseCore.build/Objects-normal/arm64/e6072d4f65d7061329687fe24e3d63a7-common-args.resp -include /Users/siam/Library/Developer/Xcode/DerivedData/Lingua_Quest-gvpckrqxtbgyprbgppjfqmimmmfw/Build/Intermediates.noindex/Firebase.build/Debug-iphonesimulator/FirebaseCore.build/DerivedSources/resource_bundle_accessor.h -MMD -MT dependencies -MF /Users/siam/Library/Developer/Xcode/DerivedData/Lingua_Quest-gvpckrqxtbgyprbgppjfqmimmmfw/Build/Intermediates.noindex/Firebase.build/Debug-iphonesimulator/FirebaseCore.build/Objects-normal/arm64/FIRLogger.d --serialize-diagnostics /Users/siam/Library/Developer/Xcode/DerivedData/Lingua_Quest-gvpckrqxtbgyprbgppjfqmimmmfw/Build/Intermediates.noindex/Firebase.build/Debug-iphonesimulator/FirebaseCore.build/Objects-normal/arm64/FIRLogger.dia -c /Users/siam/Library/Developer/Xcode/DerivedData/Lingua_Quest-gvpckrqxtbgyprbgppjfqmimmmfw/SourcePackages/checkouts/firebase-ios-sdk/FirebaseCore/Sources/FIRLogger.m -o /Users/siam/Library/Developer/Xcode/DerivedData/Lingua_Quest-gvpckrqxtbgyprbgppjfqmimmmfw/Build/Intermediates.noindex/Firebase.build/Debug-iphonesimulator/FirebaseCore.build/Objects-normal/arm64/FIRLogger.o -index-unit-output-path /Firebase.build/Debug-iphonesimulator/FirebaseCore.build/Objects-normal/arm64/FIRLogger.o

PrecompileModule /Users/siam/Library/Developer/Xcode/DerivedData/Lingua_Quest-gvpckrqxtbgyprbgppjfqmimmmfw/Build/Intermediates.noindex/ExplicitPrecompiledModules/ObjectiveC-6TSFDPEZJ73IM6HT06K0EB8TC.scan
    cd /
    builtin-precompileModule /Users/siam/Library/Developer/Xcode/DerivedData/Lingua_Quest-gvpckrqxtbgyprbgppjfqmimmmfw/Build/Intermediates.noindex/ExplicitPrecompiledModules/ObjectiveC-6TSFDPEZJ73IM6HT06K0EB8TC.scan

ScanDependencies /Users/siam/Library/Developer/Xcode/DerivedData/Lingua_Quest-gvpckrqxtbgyprbgppjfqmimmmfw/Build/Intermediates.noindex/Firebase.build/Debug-iphonesimulator/FirebaseCore.build/Objects-normal/arm64/FIRHeartbeatLogger.o /Users/siam/Library/Developer/Xcode/DerivedData/Lingua_Quest-gvpckrqxtbgyprbgppjfqmimmmfw/SourcePackages/checkouts/firebase-ios-sdk/FirebaseCore/Sources/FIRHeartbeatLogger.m normal arm64 objective-c com.apple.compilers.llvm.clang.1_0.compiler (in target 'FirebaseCore' from project 'Firebase')
    cd /Users/siam/Desktop/Lingua\ Quest/Lingua\ Quest.xcodeproj
    
    Using response file: /Users/siam/Library/Developer/Xcode/DerivedData/Lingua_Quest-gvpckrqxtbgyprbgppjfqmimmmfw/Build/Intermediates.noindex/Firebase.build/Debug-iphonesimulator/FirebaseCore.build/Objects-normal/arm64/e6072d4f65d7061329687fe24e3d63a7-common-args.resp
    
    builtin-ScanDependencies -o /Users/siam/Library/Developer/Xcode/DerivedData/Lingua_Quest-gvpckrqxtbgyprbgppjfqmimmmfw/Build/Intermediates.noindex/Firebase.build/Debug-iphonesimulator/FirebaseCore.build/Objects-normal/arm64/FIRHeartbeatLogger.o.scan -- /Applications/Xcode.app/Contents/Developer/Toolchains/XcodeDefault.xctoolchain/usr/bin/clang -x objective-c -ivfsstatcache /Users/siam/Library/Developer/Xcode/DerivedData/SDKStatCaches.noindex/iphonesimulator26.0-23A339-26257891a6c027eb51374368541b8346.sdkstatcache -fmessage-length\=0 -fdiagnostics-show-note-include-stack -fmacro-backtrace-limit\=0 -fno-color-diagnostics -fmodules-prune-interval\=86400 -fmodules-prune-after\=345600 -fbuild-session-file\=/Users/siam/Library/Developer/Xcode/DerivedData/ModuleCache.noindex/Session.modulevalidation -fmodules-validate-once-per-build-session -Wnon-modular-include-in-framework-module -Werror\=non-modular-include-in-framework-module -Wno-trigraphs -Wno-missing-field-initializers -Wno-missing-prototypes -Wno-return-type -Wno-implicit-atomic-properties -Wno-objc-interface-ivars -Wno-arc-repeated-use-of-weak -Wno-missing-braces -Wparentheses -Wswitch -Wno-unused-function -Wno-unused-label -Wno-unused-parameter -Wno-unused-variable -Wunused-value -Wno-empty-body -Wno-uninitialized -Wno-unknown-pragmas -w -Wno-shadow -Wno-four-char-constants -Wno-conversion -Wno-constant-conversion -Wno-int-conversion -Wno-bool-conversion -Wno-enum-conversion -Wno-float-conversion -Wno-non-literal-null-conversion -Wno-objc-literal-conversion -Wshorten-64-to-32 -Wpointer-sign -Wno-newline-eof -Wno-selector -Wno-strict-selector-match -Wno-undeclared-selector -Wno-deprecated-implementations -Wno-implicit-fallthrough -fstrict-aliasing -Wprotocol -Wdeprecated-declarations -Wno-sign-conversion -Wno-infinite-recursion -Wno-comma -Wno-block-capture-autoreleasing -Wno-strict-prototypes -Wno-semicolon-before-method-body -index-store-path /Users/siam/Library/Developer/Xcode/DerivedData/Lingua_Quest-gvpckrqxtbgyprbgppjfqmimmmfw/Index.noindex/DataStore @/Users/siam/Library/Developer/Xcode/DerivedData/Lingua_Quest-gvpckrqxtbgyprbgppjfqmimmmfw/Build/Intermediates.noindex/Firebase.build/Debug-iphonesimulator/FirebaseCore.build/Objects-normal/arm64/e6072d4f65d7061329687fe24e3d63a7-common-args.resp -include /Users/siam/Library/Developer/Xcode/DerivedData/Lingua_Quest-gvpckrqxtbgyprbgppjfqmimmmfw/Build/Intermediates.noindex/Firebase.build/Debug-iphonesimulator/FirebaseCore.build/DerivedSources/resource_bundle_accessor.h -MMD -MT dependencies -MF /Users/siam/Library/Developer/Xcode/DerivedData/Lingua_Quest-gvpckrqxtbgyprbgppjfqmimmmfw/Build/Intermediates.noindex/Firebase.build/Debug-iphonesimulator/FirebaseCore.build/Objects-normal/arm64/FIRHeartbeatLogger.d --serialize-diagnostics /Users/siam/Library/Developer/Xcode/DerivedData/Lingua_Quest-gvpckrqxtbgyprbgppjfqmimmmfw/Build/Intermediates.noindex/Firebase.build/Debug-iphonesimulator/FirebaseCore.build/Objects-normal/arm64/FIRHeartbeatLogger.dia -c /Users/siam/Library/Developer/Xcode/DerivedData/Lingua_Quest-gvpckrqxtbgyprbgppjfqmimmmfw/SourcePackages/checkouts/firebase-ios-sdk/FirebaseCore/Sources/FIRHeartbeatLogger.m -o /Users/siam/Library/Developer/Xcode/DerivedData/Lingua_Quest-gvpckrqxtbgyprbgppjfqmimmmfw/Build/Intermediates.noindex/Firebase.build/Debug-iphonesimulator/FirebaseCore.build/Objects-normal/arm64/FIRHeartbeatLogger.o -index-unit-output-path /Firebase.build/Debug-iphonesimulator/FirebaseCore.build/Objects-normal/arm64/FIRHeartbeatLogger.o

ScanDependencies /Users/siam/Library/Developer/Xcode/DerivedData/Lingua_Quest-gvpckrqxtbgyprbgppjfqmimmmfw/Build/Intermediates.noindex/Firebase.build/Debug-iphonesimulator/FirebaseCore.build/Objects-normal/arm64/FIRFirebaseUserAgent.o /Users/siam/Library/Developer/Xcode/DerivedData/Lingua_Quest-gvpckrqxtbgyprbgppjfqmimmmfw/SourcePackages/checkouts/firebase-ios-sdk/FirebaseCore/Sources/FIRFirebaseUserAgent.m normal arm64 objective-c com.apple.compilers.llvm.clang.1_0.compiler (in target 'FirebaseCore' from project 'Firebase')
    cd /Users/siam/Desktop/Lingua\ Quest/Lingua\ Quest.xcodeproj
    
    Using response file: /Users/siam/Library/Developer/Xcode/DerivedData/Lingua_Quest-gvpckrqxtbgyprbgppjfqmimmmfw/Build/Intermediates.noindex/Firebase.build/Debug-iphonesimulator/FirebaseCore.build/Objects-normal/arm64/e6072d4f65d7061329687fe24e3d63a7-common-args.resp
    
    builtin-ScanDependencies -o /Users/siam/Library/Developer/Xcode/DerivedData/Lingua_Quest-gvpckrqxtbgyprbgppjfqmimmmfw/Build/Intermediates.noindex/Firebase.build/Debug-iphonesimulator/FirebaseCore.build/Objects-normal/arm64/FIRFirebaseUserAgent.o.scan -- /Applications/Xcode.app/Contents/Developer/Toolchains/XcodeDefault.xctoolchain/usr/bin/clang -x objective-c -ivfsstatcache /Users/siam/Library/Developer/Xcode/DerivedData/SDKStatCaches.noindex/iphonesimulator26.0-23A339-26257891a6c027eb51374368541b8346.sdkstatcache -fmessage-length\=0 -fdiagnostics-show-note-include-stack -fmacro-backtrace-limit\=0 -fno-color-diagnostics -fmodules-prune-interval\=86400 -fmodules-prune-after\=345600 -fbuild-session-file\=/Users/siam/Library/Developer/Xcode/DerivedData/ModuleCache.noindex/Session.modulevalidation -fmodules-validate-once-per-build-session -Wnon-modular-include-in-framework-module -Werror\=non-modular-include-in-framework-module -Wno-trigraphs -Wno-missing-field-initializers -Wno-missing-prototypes -Wno-return-type -Wno-implicit-atomic-properties -Wno-objc-interface-ivars -Wno-arc-repeated-use-of-weak -Wno-missing-braces -Wparentheses -Wswitch -Wno-unused-function -Wno-unused-label -Wno-unused-parameter -Wno-unused-variable -Wunused-value -Wno-empty-body -Wno-uninitialized -Wno-unknown-pragmas -w -Wno-shadow -Wno-four-char-constants -Wno-conversion -Wno-constant-conversion -Wno-int-conversion -Wno-bool-conversion -Wno-enum-conversion -Wno-float-conversion -Wno-non-literal-null-conversion -Wno-objc-literal-conversion -Wshorten-64-to-32 -Wpointer-sign -Wno-newline-eof -Wno-selector -Wno-strict-selector-match -Wno-undeclared-selector -Wno-deprecated-implementations -Wno-implicit-fallthrough -fstrict-aliasing -Wprotocol -Wdeprecated-declarations -Wno-sign-conversion -Wno-infinite-recursion -Wno-comma -Wno-block-capture-autoreleasing -Wno-strict-prototypes -Wno-semicolon-before-method-body -index-store-path /Users/siam/Library/Developer/Xcode/DerivedData/Lingua_Quest-gvpckrqxtbgyprbgppjfqmimmmfw/Index.noindex/DataStore @/Users/siam/Library/Developer/Xcode/DerivedData/Lingua_Quest-gvpckrqxtbgyprbgppjfqmimmmfw/Build/Intermediates.noindex/Firebase.build/Debug-iphonesimulator/FirebaseCore.build/Objects-normal/arm64/e6072d4f65d7061329687fe24e3d63a7-common-args.resp -include /Users/siam/Library/Developer/Xcode/DerivedData/Lingua_Quest-gvpckrqxtbgyprbgppjfqmimmmfw/Build/Intermediates.noindex/Firebase.build/Debug-iphonesimulator/FirebaseCore.build/DerivedSources/resource_bundle_accessor.h -MMD -MT dependencies -MF /Users/siam/Library/Developer/Xcode/DerivedData/Lingua_Quest-gvpckrqxtbgyprbgppjfqmimmmfw/Build/Intermediates.noindex/Firebase.build/Debug-iphonesimulator/FirebaseCore.build/Objects-normal/arm64/FIRFirebaseUserAgent.d --serialize-diagnostics /Users/siam/Library/Developer/Xcode/DerivedData/Lingua_Quest-gvpckrqxtbgyprbgppjfqmimmmfw/Build/Intermediates.noindex/Firebase.build/Debug-iphonesimulator/FirebaseCore.build/Objects-normal/arm64/FIRFirebaseUserAgent.dia -c /Users/siam/Library/Developer/Xcode/DerivedData/Lingua_Quest-gvpckrqxtbgyprbgppjfqmimmmfw/SourcePackages/checkouts/firebase-ios-sdk/FirebaseCore/Sources/FIRFirebaseUserAgent.m -o /Users/siam/Library/Developer/Xcode/DerivedData/Lingua_Quest-gvpckrqxtbgyprbgppjfqmimmmfw/Build/Intermediates.noindex/Firebase.build/Debug-iphonesimulator/FirebaseCore.build/Objects-normal/arm64/FIRFirebaseUserAgent.o -index-unit-output-path /Firebase.build/Debug-iphonesimulator/FirebaseCore.build/Objects-normal/arm64/FIRFirebaseUserAgent.o

ScanDependencies /Users/siam/Library/Developer/Xcode/DerivedData/Lingua_Quest-gvpckrqxtbgyprbgppjfqmimmmfw/Build/Intermediates.noindex/Firebase.build/Debug-iphonesimulator/FirebaseCore.build/Objects-normal/arm64/FIRConfiguration.o /Users/siam/Library/Developer/Xcode/DerivedData/Lingua_Quest-gvpckrqxtbgyprbgppjfqmimmmfw/SourcePackages/checkouts/firebase-ios-sdk/FirebaseCore/Sources/FIRConfiguration.m normal arm64 objective-c com.apple.compilers.llvm.clang.1_0.compiler (in target 'FirebaseCore' from project 'Firebase')
    cd /Users/siam/Desktop/Lingua\ Quest/Lingua\ Quest.xcodeproj
    
    Using response file: /Users/siam/Library/Developer/Xcode/DerivedData/Lingua_Quest-gvpckrqxtbgyprbgppjfqmimmmfw/Build/Intermediates.noindex/Firebase.build/Debug-iphonesimulator/FirebaseCore.build/Objects-normal/arm64/e6072d4f65d7061329687fe24e3d63a7-common-args.resp
    
    builtin-ScanDependencies -o /Users/siam/Library/Developer/Xcode/DerivedData/Lingua_Quest-gvpckrqxtbgyprbgppjfqmimmmfw/Build/Intermediates.noindex/Firebase.build/Debug-iphonesimulator/FirebaseCore.build/Objects-normal/arm64/FIRConfiguration.o.scan -- /Applications/Xcode.app/Contents/Developer/Toolchains/XcodeDefault.xctoolchain/usr/bin/clang -x objective-c -ivfsstatcache /Users/siam/Library/Developer/Xcode/DerivedData/SDKStatCaches.noindex/iphonesimulator26.0-23A339-26257891a6c027eb51374368541b8346.sdkstatcache -fmessage-length\=0 -fdiagnostics-show-note-include-stack -fmacro-backtrace-limit\=0 -fno-color-diagnostics -fmodules-prune-interval\=86400 -fmodules-prune-after\=345600 -fbuild-session-file\=/Users/siam/Library/Developer/Xcode/DerivedData/ModuleCache.noindex/Session.modulevalidation -fmodules-validate-once-per-build-session -Wnon-modular-include-in-framework-module -Werror\=non-modular-include-in-framework-module -Wno-trigraphs -Wno-missing-field-initializers -Wno-missing-prototypes -Wno-return-type -Wno-implicit-atomic-properties -Wno-objc-interface-ivars -Wno-arc-repeated-use-of-weak -Wno-missing-braces -Wparentheses -Wswitch -Wno-unused-function -Wno-unused-label -Wno-unused-parameter -Wno-unused-variable -Wunused-value -Wno-empty-body -Wno-uninitialized -Wno-unknown-pragmas -w -Wno-shadow -Wno-four-char-constants -Wno-conversion -Wno-constant-conversion -Wno-int-conversion -Wno-bool-conversion -Wno-enum-conversion -Wno-float-conversion -Wno-non-literal-null-conversion -Wno-objc-literal-conversion -Wshorten-64-to-32 -Wpointer-sign -Wno-newline-eof -Wno-selector -Wno-strict-selector-match -Wno-undeclared-selector -Wno-deprecated-implementations -Wno-implicit-fallthrough -fstrict-aliasing -Wprotocol -Wdeprecated-declarations -Wno-sign-conversion -Wno-infinite-recursion -Wno-comma -Wno-block-capture-autoreleasing -Wno-strict-prototypes -Wno-semicolon-before-method-body -index-store-path /Users/siam/Library/Developer/Xcode/DerivedData/Lingua_Quest-gvpckrqxtbgyprbgppjfqmimmmfw/Index.noindex/DataStore @/Users/siam/Library/Developer/Xcode/DerivedData/Lingua_Quest-gvpckrqxtbgyprbgppjfqmimmmfw/Build/Intermediates.noindex/Firebase.build/Debug-iphonesimulator/FirebaseCore.build/Objects-normal/arm64/e6072d4f65d7061329687fe24e3d63a7-common-args.resp -include /Users/siam/Library/Developer/Xcode/DerivedData/Lingua_Quest-gvpckrqxtbgyprbgppjfqmimmmfw/Build/Intermediates.noindex/Firebase.build/Debug-iphonesimulator/FirebaseCore.build/DerivedSources/resource_bundle_accessor.h -MMD -MT dependencies -MF /Users/siam/Library/Developer/Xcode/DerivedData/Lingua_Quest-gvpckrqxtbgyprbgppjfqmimmmfw/Build/Intermediates.noindex/Firebase.build/Debug-iphonesimulator/FirebaseCore.build/Objects-normal/arm64/FIRConfiguration.d --serialize-diagnostics /Users/siam/Library/Developer/Xcode/DerivedData/Lingua_Quest-gvpckrqxtbgyprbgppjfqmimmmfw/Build/Intermediates.noindex/Firebase.build/Debug-iphonesimulator/FirebaseCore.build/Objects-normal/arm64/FIRConfiguration.dia -c /Users/siam/Library/Developer/Xcode/DerivedData/Lingua_Quest-gvpckrqxtbgyprbgppjfqmimmmfw/SourcePackages/checkouts/firebase-ios-sdk/FirebaseCore/Sources/FIRConfiguration.m -o /Users/siam/Library/Developer/Xcode/DerivedData/Lingua_Quest-gvpckrqxtbgyprbgppjfqmimmmfw/Build/Intermediates.noindex/Firebase.build/Debug-iphonesimulator/FirebaseCore.build/Objects-normal/arm64/FIRConfiguration.o -index-unit-output-path /Firebase.build/Debug-iphonesimulator/FirebaseCore.build/Objects-normal/arm64/FIRConfiguration.o

ScanDependencies /Users/siam/Library/Developer/Xcode/DerivedData/Lingua_Quest-gvpckrqxtbgyprbgppjfqmimmmfw/Build/Intermediates.noindex/Firebase.build/Debug-iphonesimulator/FirebaseCore.build/Objects-normal/arm64/FIRComponentType.o /Users/siam/Library/Developer/Xcode/DerivedData/Lingua_Quest-gvpckrqxtbgyprbgppjfqmimmmfw/SourcePackages/checkouts/firebase-ios-sdk/FirebaseCore/Sources/FIRComponentType.m normal arm64 objective-c com.apple.compilers.llvm.clang.1_0.compiler (in target 'FirebaseCore' from project 'Firebase')
    cd /Users/siam/Desktop/Lingua\ Quest/Lingua\ Quest.xcodeproj
    
    Using response file: /Users/siam/Library/Developer/Xcode/DerivedData/Lingua_Quest-gvpckrqxtbgyprbgppjfqmimmmfw/Build/Intermediates.noindex/Firebase.build/Debug-iphonesimulator/FirebaseCore.build/Objects-normal/arm64/e6072d4f65d7061329687fe24e3d63a7-common-args.resp
    
    builtin-ScanDependencies -o /Users/siam/Library/Developer/Xcode/DerivedData/Lingua_Quest-gvpckrqxtbgyprbgppjfqmimmmfw/Build/Intermediates.noindex/Firebase.build/Debug-iphonesimulator/FirebaseCore.build/Objects-normal/arm64/FIRComponentType.o.scan -- /Applications/Xcode.app/Contents/Developer/Toolchains/XcodeDefault.xctoolchain/usr/bin/clang -x objective-c -ivfsstatcache /Users/siam/Library/Developer/Xcode/DerivedData/SDKStatCaches.noindex/iphonesimulator26.0-23A339-26257891a6c027eb51374368541b8346.sdkstatcache -fmessage-length\=0 -fdiagnostics-show-note-include-stack -fmacro-backtrace-limit\=0 -fno-color-diagnostics -fmodules-prune-interval\=86400 -fmodules-prune-after\=345600 -fbuild-session-file\=/Users/siam/Library/Developer/Xcode/DerivedData/ModuleCache.noindex/Session.modulevalidation -fmodules-validate-once-per-build-session -Wnon-modular-include-in-framework-module -Werror\=non-modular-include-in-framework-module -Wno-trigraphs -Wno-missing-field-initializers -Wno-missing-prototypes -Wno-return-type -Wno-implicit-atomic-properties -Wno-objc-interface-ivars -Wno-arc-repeated-use-of-weak -Wno-missing-braces -Wparentheses -Wswitch -Wno-unused-function -Wno-unused-label -Wno-unused-parameter -Wno-unused-variable -Wunused-value -Wno-empty-body -Wno-uninitialized -Wno-unknown-pragmas -w -Wno-shadow -Wno-four-char-constants -Wno-conversion -Wno-constant-conversion -Wno-int-conversion -Wno-bool-conversion -Wno-enum-conversion -Wno-float-conversion -Wno-non-literal-null-conversion -Wno-objc-literal-conversion -Wshorten-64-to-32 -Wpointer-sign -Wno-newline-eof -Wno-selector -Wno-strict-selector-match -Wno-undeclared-selector -Wno-deprecated-implementations -Wno-implicit-fallthrough -fstrict-aliasing -Wprotocol -Wdeprecated-declarations -Wno-sign-conversion -Wno-infinite-recursion -Wno-comma -Wno-block-capture-autoreleasing -Wno-strict-prototypes -Wno-semicolon-before-method-body -index-store-path /Users/siam/Library/Developer/Xcode/DerivedData/Lingua_Quest-gvpckrqxtbgyprbgppjfqmimmmfw/Index.noindex/DataStore @/Users/siam/Library/Developer/Xcode/DerivedData/Lingua_Quest-gvpckrqxtbgyprbgppjfqmimmmfw/Build/Intermediates.noindex/Firebase.build/Debug-iphonesimulator/FirebaseCore.build/Objects-normal/arm64/e6072d4f65d7061329687fe24e3d63a7-common-args.resp -include /Users/siam/Library/Developer/Xcode/DerivedData/Lingua_Quest-gvpckrqxtbgyprbgppjfqmimmmfw/Build/Intermediates.noindex/Firebase.build/Debug-iphonesimulator/FirebaseCore.build/DerivedSources/resource_bundle_accessor.h -MMD -MT dependencies -MF /Users/siam/Library/Developer/Xcode/DerivedData/Lingua_Quest-gvpckrqxtbgyprbgppjfqmimmmfw/Build/Intermediates.noindex/Firebase.build/Debug-iphonesimulator/FirebaseCore.build/Objects-normal/arm64/FIRComponentType.d --serialize-diagnostics /Users/siam/Library/Developer/Xcode/DerivedData/Lingua_Quest-gvpckrqxtbgyprbgppjfqmimmmfw/Build/Intermediates.noindex/Firebase.build/Debug-iphonesimulator/FirebaseCore.build/Objects-normal/arm64/FIRComponentType.dia -c /Users/siam/Library/Developer/Xcode/DerivedData/Lingua_Quest-gvpckrqxtbgyprbgppjfqmimmmfw/SourcePackages/checkouts/firebase-ios-sdk/FirebaseCore/Sources/FIRComponentType.m -o /Users/siam/Library/Developer/Xcode/DerivedData/Lingua_Quest-gvpckrqxtbgyprbgppjfqmimmmfw/Build/Intermediates.noindex/Firebase.build/Debug-iphonesimulator/FirebaseCore.build/Objects-normal/arm64/FIRComponentType.o -index-unit-output-path /Firebase.build/Debug-iphonesimulator/FirebaseCore.build/Objects-normal/arm64/FIRComponentType.o

PrecompileModule /Users/siam/Library/Developer/Xcode/DerivedData/Lingua_Quest-gvpckrqxtbgyprbgppjfqmimmmfw/Build/Intermediates.noindex/ExplicitPrecompiledModules/_Builtin_stddef-BECAAQCPPUXBH4YTD3FI49ETB.scan
    cd /
    builtin-precompileModule /Users/siam/Library/Developer/Xcode/DerivedData/Lingua_Quest-gvpckrqxtbgyprbgppjfqmimmmfw/Build/Intermediates.noindex/ExplicitPrecompiledModules/_Builtin_stddef-BECAAQCPPUXBH4YTD3FI49ETB.scan

PrecompileModule /Users/siam/Library/Developer/Xcode/DerivedData/Lingua_Quest-gvpckrqxtbgyprbgppjfqmimmmfw/Build/Intermediates.noindex/ExplicitPrecompiledModules/_Builtin_stdbool-489LT1VYMNF0RUY7YRBWMUTWY.scan
    cd /
    builtin-precompileModule /Users/siam/Library/Developer/Xcode/DerivedData/Lingua_Quest-gvpckrqxtbgyprbgppjfqmimmmfw/Build/Intermediates.noindex/ExplicitPrecompiledModules/_Builtin_stdbool-489LT1VYMNF0RUY7YRBWMUTWY.scan

PrecompileModule /Users/siam/Library/Developer/Xcode/DerivedData/Lingua_Quest-gvpckrqxtbgyprbgppjfqmimmmfw/Build/Intermediates.noindex/ExplicitPrecompiledModules/ptrauth-48SD5SK81Z9KWA5K7XREZEOAA.scan
    cd /
    builtin-precompileModule /Users/siam/Library/Developer/Xcode/DerivedData/Lingua_Quest-gvpckrqxtbgyprbgppjfqmimmmfw/Build/Intermediates.noindex/ExplicitPrecompiledModules/ptrauth-48SD5SK81Z9KWA5K7XREZEOAA.scan

PrecompileModule /Users/siam/Library/Developer/Xcode/DerivedData/Lingua_Quest-gvpckrqxtbgyprbgppjfqmimmmfw/Build/Intermediates.noindex/ExplicitPrecompiledModules/_AvailabilityInternal-90WC1TA2XRMXK97QASZ3TGO2Z.scan
    cd /
    builtin-precompileModule /Users/siam/Library/Developer/Xcode/DerivedData/Lingua_Quest-gvpckrqxtbgyprbgppjfqmimmmfw/Build/Intermediates.noindex/ExplicitPrecompiledModules/_AvailabilityInternal-90WC1TA2XRMXK97QASZ3TGO2Z.scan

CompileC /Users/siam/Library/Developer/Xcode/DerivedData/Lingua_Quest-gvpckrqxtbgyprbgppjfqmimmmfw/Build/Intermediates.noindex/Firebase.build/Debug-iphonesimulator/FirebaseCore.build/Objects-normal/x86_64/FIRApp.o /Users/siam/Library/Developer/Xcode/DerivedData/Lingua_Quest-gvpckrqxtbgyprbgppjfqmimmmfw/SourcePackages/checkouts/firebase-ios-sdk/FirebaseCore/Sources/FIRApp.m normal x86_64 objective-c com.apple.compilers.llvm.clang.1_0.compiler (in target 'FirebaseCore' from project 'Firebase')
    cd /Users/siam/Desktop/Lingua\ Quest/Lingua\ Quest.xcodeproj
    
    Using response file: /Users/siam/Library/Developer/Xcode/DerivedData/Lingua_Quest-gvpckrqxtbgyprbgppjfqmimmmfw/Build/Intermediates.noindex/Firebase.build/Debug-iphonesimulator/FirebaseCore.build/Objects-normal/x86_64/e6072d4f65d7061329687fe24e3d63a7-common-args.resp
    
    /Applications/Xcode.app/Contents/Developer/Toolchains/XcodeDefault.xctoolchain/usr/bin/clang -x objective-c -ivfsstatcache /Users/siam/Library/Developer/Xcode/DerivedData/SDKStatCaches.noindex/iphonesimulator26.0-23A339-26257891a6c027eb51374368541b8346.sdkstatcache -fmessage-length\=0 -fdiagnostics-show-note-include-stack -fmacro-backtrace-limit\=0 -fno-color-diagnostics -fmodules-prune-interval\=86400 -fmodules-prune-after\=345600 -fbuild-session-file\=/Users/siam/Library/Developer/Xcode/DerivedData/ModuleCache.noindex/Session.modulevalidation -fmodules-validate-once-per-build-session -Wnon-modular-include-in-framework-module -Werror\=non-modular-include-in-framework-module -Wno-trigraphs -Wno-missing-field-initializers -Wno-missing-prototypes -Wno-return-type -Wno-implicit-atomic-properties -Wno-objc-interface-ivars -Wno-arc-repeated-use-of-weak -Wno-missing-braces -Wparentheses -Wswitch -Wno-unused-function -Wno-unused-label -Wno-unused-parameter -Wno-unused-variable -Wunused-value -Wno-empty-body -Wno-uninitialized -Wno-unknown-pragmas -w -Wno-shadow -Wno-four-char-constants -Wno-conversion -Wno-constant-conversion -Wno-int-conversion -Wno-bool-conversion -Wno-enum-conversion -Wno-float-conversion -Wno-non-literal-null-conversion -Wno-objc-literal-conversion -Wshorten-64-to-32 -Wpointer-sign -Wno-newline-eof -Wno-selector -Wno-strict-selector-match -Wno-undeclared-selector -Wno-deprecated-implementations -Wno-implicit-fallthrough -fstrict-aliasing -Wprotocol -Wdeprecated-declarations -Wno-sign-conversion -Wno-infinite-recursion -Wno-comma -Wno-block-capture-autoreleasing -Wno-strict-prototypes -Wno-semicolon-before-method-body -index-store-path /Users/siam/Library/Developer/Xcode/DerivedData/Lingua_Quest-gvpckrqxtbgyprbgppjfqmimmmfw/Index.noindex/DataStore @/Users/siam/Library/Developer/Xcode/DerivedData/Lingua_Quest-gvpckrqxtbgyprbgppjfqmimmmfw/Build/Intermediates.noindex/Firebase.build/Debug-iphonesimulator/FirebaseCore.build/Objects-normal/x86_64/e6072d4f65d7061329687fe24e3d63a7-common-args.resp -include /Users/siam/Library/Developer/Xcode/DerivedData/Lingua_Quest-gvpckrqxtbgyprbgppjfqmimmmfw/Build/Intermediates.noindex/Firebase.build/Debug-iphonesimulator/FirebaseCore.build/DerivedSources/resource_bundle_accessor.h -MMD -MT dependencies -MF /Users/siam/Library/Developer/Xcode/DerivedData/Lingua_Quest-gvpckrqxtbgyprbgppjfqmimmmfw/Build/Intermediates.noindex/Firebase.build/Debug-iphonesimulator/FirebaseCore.build/Objects-normal/x86_64/FIRApp.d --serialize-diagnostics /Users/siam/Library/Developer/Xcode/DerivedData/Lingua_Quest-gvpckrqxtbgyprbgppjfqmimmmfw/Build/Intermediates.noindex/Firebase.build/Debug-iphonesimulator/FirebaseCore.build/Objects-normal/x86_64/FIRApp.dia -c /Users/siam/Library/Developer/Xcode/DerivedData/Lingua_Quest-gvpckrqxtbgyprbgppjfqmimmmfw/SourcePackages/checkouts/firebase-ios-sdk/FirebaseCore/Sources/FIRApp.m -o /Users/siam/Library/Developer/Xcode/DerivedData/Lingua_Quest-gvpckrqxtbgyprbgppjfqmimmmfw/Build/Intermediates.noindex/Firebase.build/Debug-iphonesimulator/FirebaseCore.build/Objects-normal/x86_64/FIRApp.o -index-unit-output-path /Firebase.build/Debug-iphonesimulator/FirebaseCore.build/Objects-normal/x86_64/FIRApp.o

PrecompileModule /Users/siam/Library/Developer/Xcode/DerivedData/Lingua_Quest-gvpckrqxtbgyprbgppjfqmimmmfw/Build/Intermediates.noindex/ExplicitPrecompiledModules/ptrcheck-9JEA8GKC3NRKB7FBEL2YXRW73.scan
    cd /
    builtin-precompileModule /Users/siam/Library/Developer/Xcode/DerivedData/Lingua_Quest-gvpckrqxtbgyprbgppjfqmimmmfw/Build/Intermediates.noindex/ExplicitPrecompiledModules/ptrcheck-9JEA8GKC3NRKB7FBEL2YXRW73.scan

PrecompileModule /Users/siam/Library/Developer/Xcode/DerivedData/Lingua_Quest-gvpckrqxtbgyprbgppjfqmimmmfw/Build/Intermediates.noindex/ExplicitPrecompiledModules/_Builtin_stdarg-5Q09XL1WDKBY4JX1T2JEHGI72.scan
    cd /
    builtin-precompileModule /Users/siam/Library/Developer/Xcode/DerivedData/Lingua_Quest-gvpckrqxtbgyprbgppjfqmimmmfw/Build/Intermediates.noindex/ExplicitPrecompiledModules/_Builtin_stdarg-5Q09XL1WDKBY4JX1T2JEHGI72.scan

PrecompileModule /Users/siam/Library/Developer/Xcode/DerivedData/Lingua_Quest-gvpckrqxtbgyprbgppjfqmimmmfw/Build/Intermediates.noindex/ExplicitPrecompiledModules/_Builtin_float-AF36V5B02FCLINC1JQTNRFK0Y.scan
    cd /
    builtin-precompileModule /Users/siam/Library/Developer/Xcode/DerivedData/Lingua_Quest-gvpckrqxtbgyprbgppjfqmimmmfw/Build/Intermediates.noindex/ExplicitPrecompiledModules/_Builtin_float-AF36V5B02FCLINC1JQTNRFK0Y.scan

ScanDependencies /Users/siam/Library/Developer/Xcode/DerivedData/Lingua_Quest-gvpckrqxtbgyprbgppjfqmimmmfw/Build/Intermediates.noindex/Firebase.build/Debug-iphonesimulator/FirebaseCore.build/Objects-normal/arm64/FIRComponentContainer.o /Users/siam/Library/Developer/Xcode/DerivedData/Lingua_Quest-gvpckrqxtbgyprbgppjfqmimmmfw/SourcePackages/checkouts/firebase-ios-sdk/FirebaseCore/Sources/FIRComponentContainer.m normal arm64 objective-c com.apple.compilers.llvm.clang.1_0.compiler (in target 'FirebaseCore' from project 'Firebase')
    cd /Users/siam/Desktop/Lingua\ Quest/Lingua\ Quest.xcodeproj
    
    Using response file: /Users/siam/Library/Developer/Xcode/DerivedData/Lingua_Quest-gvpckrqxtbgyprbgppjfqmimmmfw/Build/Intermediates.noindex/Firebase.build/Debug-iphonesimulator/FirebaseCore.build/Objects-normal/arm64/e6072d4f65d7061329687fe24e3d63a7-common-args.resp
    
    builtin-ScanDependencies -o /Users/siam/Library/Developer/Xcode/DerivedData/Lingua_Quest-gvpckrqxtbgyprbgppjfqmimmmfw/Build/Intermediates.noindex/Firebase.build/Debug-iphonesimulator/FirebaseCore.build/Objects-normal/arm64/FIRComponentContainer.o.scan -- /Applications/Xcode.app/Contents/Developer/Toolchains/XcodeDefault.xctoolchain/usr/bin/clang -x objective-c -ivfsstatcache /Users/siam/Library/Developer/Xcode/DerivedData/SDKStatCaches.noindex/iphonesimulator26.0-23A339-26257891a6c027eb51374368541b8346.sdkstatcache -fmessage-length\=0 -fdiagnostics-show-note-include-stack -fmacro-backtrace-limit\=0 -fno-color-diagnostics -fmodules-prune-interval\=86400 -fmodules-prune-after\=345600 -fbuild-session-file\=/Users/siam/Library/Developer/Xcode/DerivedData/ModuleCache.noindex/Session.modulevalidation -fmodules-validate-once-per-build-session -Wnon-modular-include-in-framework-module -Werror\=non-modular-include-in-framework-module -Wno-trigraphs -Wno-missing-field-initializers -Wno-missing-prototypes -Wno-return-type -Wno-implicit-atomic-properties -Wno-objc-interface-ivars -Wno-arc-repeated-use-of-weak -Wno-missing-braces -Wparentheses -Wswitch -Wno-unused-function -Wno-unused-label -Wno-unused-parameter -Wno-unused-variable -Wunused-value -Wno-empty-body -Wno-uninitialized -Wno-unknown-pragmas -w -Wno-shadow -Wno-four-char-constants -Wno-conversion -Wno-constant-conversion -Wno-int-conversion -Wno-bool-conversion -Wno-enum-conversion -Wno-float-conversion -Wno-non-literal-null-conversion -Wno-objc-literal-conversion -Wshorten-64-to-32 -Wpointer-sign -Wno-newline-eof -Wno-selector -Wno-strict-selector-match -Wno-undeclared-selector -Wno-deprecated-implementations -Wno-implicit-fallthrough -fstrict-aliasing -Wprotocol -Wdeprecated-declarations -Wno-sign-conversion -Wno-infinite-recursion -Wno-comma -Wno-block-capture-autoreleasing -Wno-strict-prototypes -Wno-semicolon-before-method-body -index-store-path /Users/siam/Library/Developer/Xcode/DerivedData/Lingua_Quest-gvpckrqxtbgyprbgppjfqmimmmfw/Index.noindex/DataStore @/Users/siam/Library/Developer/Xcode/DerivedData/Lingua_Quest-gvpckrqxtbgyprbgppjfqmimmmfw/Build/Intermediates.noindex/Firebase.build/Debug-iphonesimulator/FirebaseCore.build/Objects-normal/arm64/e6072d4f65d7061329687fe24e3d63a7-common-args.resp -include /Users/siam/Library/Developer/Xcode/DerivedData/Lingua_Quest-gvpckrqxtbgyprbgppjfqmimmmfw/Build/Intermediates.noindex/Firebase.build/Debug-iphonesimulator/FirebaseCore.build/DerivedSources/resource_bundle_accessor.h -MMD -MT dependencies -MF /Users/siam/Library/Developer/Xcode/DerivedData/Lingua_Quest-gvpckrqxtbgyprbgppjfqmimmmfw/Build/Intermediates.noindex/Firebase.build/Debug-iphonesimulator/FirebaseCore.build/Objects-normal/arm64/FIRComponentContainer.d --serialize-diagnostics /Users/siam/Library/Developer/Xcode/DerivedData/Lingua_Quest-gvpckrqxtbgyprbgppjfqmimmmfw/Build/Intermediates.noindex/Firebase.build/Debug-iphonesimulator/FirebaseCore.build/Objects-normal/arm64/FIRComponentContainer.dia -c /Users/siam/Library/Developer/Xcode/DerivedData/Lingua_Quest-gvpckrqxtbgyprbgppjfqmimmmfw/SourcePackages/checkouts/firebase-ios-sdk/FirebaseCore/Sources/FIRComponentContainer.m -o /Users/siam/Library/Developer/Xcode/DerivedData/Lingua_Quest-gvpckrqxtbgyprbgppjfqmimmmfw/Build/Intermediates.noindex/Firebase.build/Debug-iphonesimulator/FirebaseCore.build/Objects-normal/arm64/FIRComponentContainer.o -index-unit-output-path /Firebase.build/Debug-iphonesimulator/FirebaseCore.build/Objects-normal/arm64/FIRComponentContainer.o

ScanDependencies /Users/siam/Library/Developer/Xcode/DerivedData/Lingua_Quest-gvpckrqxtbgyprbgppjfqmimmmfw/Build/Intermediates.noindex/Firebase.build/Debug-iphonesimulator/FirebaseCore.build/Objects-normal/arm64/FIRComponent.o /Users/siam/Library/Developer/Xcode/DerivedData/Lingua_Quest-gvpckrqxtbgyprbgppjfqmimmmfw/SourcePackages/checkouts/firebase-ios-sdk/FirebaseCore/Sources/FIRComponent.m normal arm64 objective-c com.apple.compilers.llvm.clang.1_0.compiler (in target 'FirebaseCore' from project 'Firebase')
    cd /Users/siam/Desktop/Lingua\ Quest/Lingua\ Quest.xcodeproj
    
    Using response file: /Users/siam/Library/Developer/Xcode/DerivedData/Lingua_Quest-gvpckrqxtbgyprbgppjfqmimmmfw/Build/Intermediates.noindex/Firebase.build/Debug-iphonesimulator/FirebaseCore.build/Objects-normal/arm64/e6072d4f65d7061329687fe24e3d63a7-common-args.resp
    
    builtin-ScanDependencies -o /Users/siam/Library/Developer/Xcode/DerivedData/Lingua_Quest-gvpckrqxtbgyprbgppjfqmimmmfw/Build/Intermediates.noindex/Firebase.build/Debug-iphonesimulator/FirebaseCore.build/Objects-normal/arm64/FIRComponent.o.scan -- /Applications/Xcode.app/Contents/Developer/Toolchains/XcodeDefault.xctoolchain/usr/bin/clang -x objective-c -ivfsstatcache /Users/siam/Library/Developer/Xcode/DerivedData/SDKStatCaches.noindex/iphonesimulator26.0-23A339-26257891a6c027eb51374368541b8346.sdkstatcache -fmessage-length\=0 -fdiagnostics-show-note-include-stack -fmacro-backtrace-limit\=0 -fno-color-diagnostics -fmodules-prune-interval\=86400 -fmodules-prune-after\=345600 -fbuild-session-file\=/Users/siam/Library/Developer/Xcode/DerivedData/ModuleCache.noindex/Session.modulevalidation -fmodules-validate-once-per-build-session -Wnon-modular-include-in-framework-module -Werror\=non-modular-include-in-framework-module -Wno-trigraphs -Wno-missing-field-initializers -Wno-missing-prototypes -Wno-return-type -Wno-implicit-atomic-properties -Wno-objc-interface-ivars -Wno-arc-repeated-use-of-weak -Wno-missing-braces -Wparentheses -Wswitch -Wno-unused-function -Wno-unused-label -Wno-unused-parameter -Wno-unused-variable -Wunused-value -Wno-empty-body -Wno-uninitialized -Wno-unknown-pragmas -w -Wno-shadow -Wno-four-char-constants -Wno-conversion -Wno-constant-conversion -Wno-int-conversion -Wno-bool-conversion -Wno-enum-conversion -Wno-float-conversion -Wno-non-literal-null-conversion -Wno-objc-literal-conversion -Wshorten-64-to-32 -Wpointer-sign -Wno-newline-eof -Wno-selector -Wno-strict-selector-match -Wno-undeclared-selector -Wno-deprecated-implementations -Wno-implicit-fallthrough -fstrict-aliasing -Wprotocol -Wdeprecated-declarations -Wno-sign-conversion -Wno-infinite-recursion -Wno-comma -Wno-block-capture-autoreleasing -Wno-strict-prototypes -Wno-semicolon-before-method-body -index-store-path /Users/siam/Library/Developer/Xcode/DerivedData/Lingua_Quest-gvpckrqxtbgyprbgppjfqmimmmfw/Index.noindex/DataStore @/Users/siam/Library/Developer/Xcode/DerivedData/Lingua_Quest-gvpckrqxtbgyprbgppjfqmimmmfw/Build/Intermediates.noindex/Firebase.build/Debug-iphonesimulator/FirebaseCore.build/Objects-normal/arm64/e6072d4f65d7061329687fe24e3d63a7-common-args.resp -include /Users/siam/Library/Developer/Xcode/DerivedData/Lingua_Quest-gvpckrqxtbgyprbgppjfqmimmmfw/Build/Intermediates.noindex/Firebase.build/Debug-iphonesimulator/FirebaseCore.build/DerivedSources/resource_bundle_accessor.h -MMD -MT dependencies -MF /Users/siam/Library/Developer/Xcode/DerivedData/Lingua_Quest-gvpckrqxtbgyprbgppjfqmimmmfw/Build/Intermediates.noindex/Firebase.build/Debug-iphonesimulator/FirebaseCore.build/Objects-normal/arm64/FIRComponent.d --serialize-diagnostics /Users/siam/Library/Developer/Xcode/DerivedData/Lingua_Quest-gvpckrqxtbgyprbgppjfqmimmmfw/Build/Intermediates.noindex/Firebase.build/Debug-iphonesimulator/FirebaseCore.build/Objects-normal/arm64/FIRComponent.dia -c /Users/siam/Library/Developer/Xcode/DerivedData/Lingua_Quest-gvpckrqxtbgyprbgppjfqmimmmfw/SourcePackages/checkouts/firebase-ios-sdk/FirebaseCore/Sources/FIRComponent.m -o /Users/siam/Library/Developer/Xcode/DerivedData/Lingua_Quest-gvpckrqxtbgyprbgppjfqmimmmfw/Build/Intermediates.noindex/Firebase.build/Debug-iphonesimulator/FirebaseCore.build/Objects-normal/arm64/FIRComponent.o -index-unit-output-path /Firebase.build/Debug-iphonesimulator/FirebaseCore.build/Objects-normal/arm64/FIRComponent.o

ScanDependencies /Users/siam/Library/Developer/Xcode/DerivedData/Lingua_Quest-gvpckrqxtbgyprbgppjfqmimmmfw/Build/Intermediates.noindex/Firebase.build/Debug-iphonesimulator/FirebaseCore.build/Objects-normal/arm64/FIRBundleUtil.o /Users/siam/Library/Developer/Xcode/DerivedData/Lingua_Quest-gvpckrqxtbgyprbgppjfqmimmmfw/SourcePackages/checkouts/firebase-ios-sdk/FirebaseCore/Sources/FIRBundleUtil.m normal arm64 objective-c com.apple.compilers.llvm.clang.1_0.compiler (in target 'FirebaseCore' from project 'Firebase')
    cd /Users/siam/Desktop/Lingua\ Quest/Lingua\ Quest.xcodeproj
    
    Using response file: /Users/siam/Library/Developer/Xcode/DerivedData/Lingua_Quest-gvpckrqxtbgyprbgppjfqmimmmfw/Build/Intermediates.noindex/Firebase.build/Debug-iphonesimulator/FirebaseCore.build/Objects-normal/arm64/e6072d4f65d7061329687fe24e3d63a7-common-args.resp
    
    builtin-ScanDependencies -o /Users/siam/Library/Developer/Xcode/DerivedData/Lingua_Quest-gvpckrqxtbgyprbgppjfqmimmmfw/Build/Intermediates.noindex/Firebase.build/Debug-iphonesimulator/FirebaseCore.build/Objects-normal/arm64/FIRBundleUtil.o.scan -- /Applications/Xcode.app/Contents/Developer/Toolchains/XcodeDefault.xctoolchain/usr/bin/clang -x objective-c -ivfsstatcache /Users/siam/Library/Developer/Xcode/DerivedData/SDKStatCaches.noindex/iphonesimulator26.0-23A339-26257891a6c027eb51374368541b8346.sdkstatcache -fmessage-length\=0 -fdiagnostics-show-note-include-stack -fmacro-backtrace-limit\=0 -fno-color-diagnostics -fmodules-prune-interval\=86400 -fmodules-prune-after\=345600 -fbuild-session-file\=/Users/siam/Library/Developer/Xcode/DerivedData/ModuleCache.noindex/Session.modulevalidation -fmodules-validate-once-per-build-session -Wnon-modular-include-in-framework-module -Werror\=non-modular-include-in-framework-module -Wno-trigraphs -Wno-missing-field-initializers -Wno-missing-prototypes -Wno-return-type -Wno-implicit-atomic-properties -Wno-objc-interface-ivars -Wno-arc-repeated-use-of-weak -Wno-missing-braces -Wparentheses -Wswitch -Wno-unused-function -Wno-unused-label -Wno-unused-parameter -Wno-unused-variable -Wunused-value -Wno-empty-body -Wno-uninitialized -Wno-unknown-pragmas -w -Wno-shadow -Wno-four-char-constants -Wno-conversion -Wno-constant-conversion -Wno-int-conversion -Wno-bool-conversion -Wno-enum-conversion -Wno-float-conversion -Wno-non-literal-null-conversion -Wno-objc-literal-conversion -Wshorten-64-to-32 -Wpointer-sign -Wno-newline-eof -Wno-selector -Wno-strict-selector-match -Wno-undeclared-selector -Wno-deprecated-implementations -Wno-implicit-fallthrough -fstrict-aliasing -Wprotocol -Wdeprecated-declarations -Wno-sign-conversion -Wno-infinite-recursion -Wno-comma -Wno-block-capture-autoreleasing -Wno-strict-prototypes -Wno-semicolon-before-method-body -index-store-path /Users/siam/Library/Developer/Xcode/DerivedData/Lingua_Quest-gvpckrqxtbgyprbgppjfqmimmmfw/Index.noindex/DataStore @/Users/siam/Library/Developer/Xcode/DerivedData/Lingua_Quest-gvpckrqxtbgyprbgppjfqmimmmfw/Build/Intermediates.noindex/Firebase.build/Debug-iphonesimulator/FirebaseCore.build/Objects-normal/arm64/e6072d4f65d7061329687fe24e3d63a7-common-args.resp -include /Users/siam/Library/Developer/Xcode/DerivedData/Lingua_Quest-gvpckrqxtbgyprbgppjfqmimmmfw/Build/Intermediates.noindex/Firebase.build/Debug-iphonesimulator/FirebaseCore.build/DerivedSources/resource_bundle_accessor.h -MMD -MT dependencies -MF /Users/siam/Library/Developer/Xcode/DerivedData/Lingua_Quest-gvpckrqxtbgyprbgppjfqmimmmfw/Build/Intermediates.noindex/Firebase.build/Debug-iphonesimulator/FirebaseCore.build/Objects-normal/arm64/FIRBundleUtil.d --serialize-diagnostics /Users/siam/Library/Developer/Xcode/DerivedData/Lingua_Quest-gvpckrqxtbgyprbgppjfqmimmmfw/Build/Intermediates.noindex/Firebase.build/Debug-iphonesimulator/FirebaseCore.build/Objects-normal/arm64/FIRBundleUtil.dia -c /Users/siam/Library/Developer/Xcode/DerivedData/Lingua_Quest-gvpckrqxtbgyprbgppjfqmimmmfw/SourcePackages/checkouts/firebase-ios-sdk/FirebaseCore/Sources/FIRBundleUtil.m -o /Users/siam/Library/Developer/Xcode/DerivedData/Lingua_Quest-gvpckrqxtbgyprbgppjfqmimmmfw/Build/Intermediates.noindex/Firebase.build/Debug-iphonesimulator/FirebaseCore.build/Objects-normal/arm64/FIRBundleUtil.o -index-unit-output-path /Firebase.build/Debug-iphonesimulator/FirebaseCore.build/Objects-normal/arm64/FIRBundleUtil.o

ScanDependencies /Users/siam/Library/Developer/Xcode/DerivedData/Lingua_Quest-gvpckrqxtbgyprbgppjfqmimmmfw/Build/Intermediates.noindex/Firebase.build/Debug-iphonesimulator/FirebaseCore.build/Objects-normal/arm64/FIRApp.o /Users/siam/Library/Developer/Xcode/DerivedData/Lingua_Quest-gvpckrqxtbgyprbgppjfqmimmmfw/SourcePackages/checkouts/firebase-ios-sdk/FirebaseCore/Sources/FIRApp.m normal arm64 objective-c com.apple.compilers.llvm.clang.1_0.compiler (in target 'FirebaseCore' from project 'Firebase')
    cd /Users/siam/Desktop/Lingua\ Quest/Lingua\ Quest.xcodeproj
    
    Using response file: /Users/siam/Library/Developer/Xcode/DerivedData/Lingua_Quest-gvpckrqxtbgyprbgppjfqmimmmfw/Build/Intermediates.noindex/Firebase.build/Debug-iphonesimulator/FirebaseCore.build/Objects-normal/arm64/e6072d4f65d7061329687fe24e3d63a7-common-args.resp
    
    builtin-ScanDependencies -o /Users/siam/Library/Developer/Xcode/DerivedData/Lingua_Quest-gvpckrqxtbgyprbgppjfqmimmmfw/Build/Intermediates.noindex/Firebase.build/Debug-iphonesimulator/FirebaseCore.build/Objects-normal/arm64/FIRApp.o.scan -- /Applications/Xcode.app/Contents/Developer/Toolchains/XcodeDefault.xctoolchain/usr/bin/clang -x objective-c -ivfsstatcache /Users/siam/Library/Developer/Xcode/DerivedData/SDKStatCaches.noindex/iphonesimulator26.0-23A339-26257891a6c027eb51374368541b8346.sdkstatcache -fmessage-length\=0 -fdiagnostics-show-note-include-stack -fmacro-backtrace-limit\=0 -fno-color-diagnostics -fmodules-prune-interval\=86400 -fmodules-prune-after\=345600 -fbuild-session-file\=/Users/siam/Library/Developer/Xcode/DerivedData/ModuleCache.noindex/Session.modulevalidation -fmodules-validate-once-per-build-session -Wnon-modular-include-in-framework-module -Werror\=non-modular-include-in-framework-module -Wno-trigraphs -Wno-missing-field-initializers -Wno-missing-prototypes -Wno-return-type -Wno-implicit-atomic-properties -Wno-objc-interface-ivars -Wno-arc-repeated-use-of-weak -Wno-missing-braces -Wparentheses -Wswitch -Wno-unused-function -Wno-unused-label -Wno-unused-parameter -Wno-unused-variable -Wunused-value -Wno-empty-body -Wno-uninitialized -Wno-unknown-pragmas -w -Wno-shadow -Wno-four-char-constants -Wno-conversion -Wno-constant-conversion -Wno-int-conversion -Wno-bool-conversion -Wno-enum-conversion -Wno-float-conversion -Wno-non-literal-null-conversion -Wno-objc-literal-conversion -Wshorten-64-to-32 -Wpointer-sign -Wno-newline-eof -Wno-selector -Wno-strict-selector-match -Wno-undeclared-selector -Wno-deprecated-implementations -Wno-implicit-fallthrough -fstrict-aliasing -Wprotocol -Wdeprecated-declarations -Wno-sign-conversion -Wno-infinite-recursion -Wno-comma -Wno-block-capture-autoreleasing -Wno-strict-prototypes -Wno-semicolon-before-method-body -index-store-path /Users/siam/Library/Developer/Xcode/DerivedData/Lingua_Quest-gvpckrqxtbgyprbgppjfqmimmmfw/Index.noindex/DataStore @/Users/siam/Library/Developer/Xcode/DerivedData/Lingua_Quest-gvpckrqxtbgyprbgppjfqmimmmfw/Build/Intermediates.noindex/Firebase.build/Debug-iphonesimulator/FirebaseCore.build/Objects-normal/arm64/e6072d4f65d7061329687fe24e3d63a7-common-args.resp -include /Users/siam/Library/Developer/Xcode/DerivedData/Lingua_Quest-gvpckrqxtbgyprbgppjfqmimmmfw/Build/Intermediates.noindex/Firebase.build/Debug-iphonesimulator/FirebaseCore.build/DerivedSources/resource_bundle_accessor.h -MMD -MT dependencies -MF /Users/siam/Library/Developer/Xcode/DerivedData/Lingua_Quest-gvpckrqxtbgyprbgppjfqmimmmfw/Build/Intermediates.noindex/Firebase.build/Debug-iphonesimulator/FirebaseCore.build/Objects-normal/arm64/FIRApp.d --serialize-diagnostics /Users/siam/Library/Developer/Xcode/DerivedData/Lingua_Quest-gvpckrqxtbgyprbgppjfqmimmmfw/Build/Intermediates.noindex/Firebase.build/Debug-iphonesimulator/FirebaseCore.build/Objects-normal/arm64/FIRApp.dia -c /Users/siam/Library/Developer/Xcode/DerivedData/Lingua_Quest-gvpckrqxtbgyprbgppjfqmimmmfw/SourcePackages/checkouts/firebase-ios-sdk/FirebaseCore/Sources/FIRApp.m -o /Users/siam/Library/Developer/Xcode/DerivedData/Lingua_Quest-gvpckrqxtbgyprbgppjfqmimmmfw/Build/Intermediates.noindex/Firebase.build/Debug-iphonesimulator/FirebaseCore.build/Objects-normal/arm64/FIRApp.o -index-unit-output-path /Firebase.build/Debug-iphonesimulator/FirebaseCore.build/Objects-normal/arm64/FIRApp.o

PrecompileModule /Users/siam/Library/Developer/Xcode/DerivedData/Lingua_Quest-gvpckrqxtbgyprbgppjfqmimmmfw/Build/Intermediates.noindex/ExplicitPrecompiledModules/os_object-B3ZCPDC2EYM3ZWW61DM3XAMNT.scan
    cd /
    builtin-precompileModule /Users/siam/Library/Developer/Xcode/DerivedData/Lingua_Quest-gvpckrqxtbgyprbgppjfqmimmmfw/Build/Intermediates.noindex/ExplicitPrecompiledModules/os_object-B3ZCPDC2EYM3ZWW61DM3XAMNT.scan

ScanDependencies /Users/siam/Library/Developer/Xcode/DerivedData/Lingua_Quest-gvpckrqxtbgyprbgppjfqmimmmfw/Build/Intermediates.noindex/Firebase.build/Debug-iphonesimulator/FirebaseCore.build/Objects-normal/arm64/FIRAnalyticsConfiguration.o /Users/siam/Library/Developer/Xcode/DerivedData/Lingua_Quest-gvpckrqxtbgyprbgppjfqmimmmfw/SourcePackages/checkouts/firebase-ios-sdk/FirebaseCore/Sources/FIRAnalyticsConfiguration.m normal arm64 objective-c com.apple.compilers.llvm.clang.1_0.compiler (in target 'FirebaseCore' from project 'Firebase')
    cd /Users/siam/Desktop/Lingua\ Quest/Lingua\ Quest.xcodeproj
    
    Using response file: /Users/siam/Library/Developer/Xcode/DerivedData/Lingua_Quest-gvpckrqxtbgyprbgppjfqmimmmfw/Build/Intermediates.noindex/Firebase.build/Debug-iphonesimulator/FirebaseCore.build/Objects-normal/arm64/e6072d4f65d7061329687fe24e3d63a7-common-args.resp
    
    builtin-ScanDependencies -o /Users/siam/Library/Developer/Xcode/DerivedData/Lingua_Quest-gvpckrqxtbgyprbgppjfqmimmmfw/Build/Intermediates.noindex/Firebase.build/Debug-iphonesimulator/FirebaseCore.build/Objects-normal/arm64/FIRAnalyticsConfiguration.o.scan -- /Applications/Xcode.app/Contents/Developer/Toolchains/XcodeDefault.xctoolchain/usr/bin/clang -x objective-c -ivfsstatcache /Users/siam/Library/Developer/Xcode/DerivedData/SDKStatCaches.noindex/iphonesimulator26.0-23A339-26257891a6c027eb51374368541b8346.sdkstatcache -fmessage-length\=0 -fdiagnostics-show-note-include-stack -fmacro-backtrace-limit\=0 -fno-color-diagnostics -fmodules-prune-interval\=86400 -fmodules-prune-after\=345600 -fbuild-session-file\=/Users/siam/Library/Developer/Xcode/DerivedData/ModuleCache.noindex/Session.modulevalidation -fmodules-validate-once-per-build-session -Wnon-modular-include-in-framework-module -Werror\=non-modular-include-in-framework-module -Wno-trigraphs -Wno-missing-field-initializers -Wno-missing-prototypes -Wno-return-type -Wno-implicit-atomic-properties -Wno-objc-interface-ivars -Wno-arc-repeated-use-of-weak -Wno-missing-braces -Wparentheses -Wswitch -Wno-unused-function -Wno-unused-label -Wno-unused-parameter -Wno-unused-variable -Wunused-value -Wno-empty-body -Wno-uninitialized -Wno-unknown-pragmas -w -Wno-shadow -Wno-four-char-constants -Wno-conversion -Wno-constant-conversion -Wno-int-conversion -Wno-bool-conversion -Wno-enum-conversion -Wno-float-conversion -Wno-non-literal-null-conversion -Wno-objc-literal-conversion -Wshorten-64-to-32 -Wpointer-sign -Wno-newline-eof -Wno-selector -Wno-strict-selector-match -Wno-undeclared-selector -Wno-deprecated-implementations -Wno-implicit-fallthrough -fstrict-aliasing -Wprotocol -Wdeprecated-declarations -Wno-sign-conversion -Wno-infinite-recursion -Wno-comma -Wno-block-capture-autoreleasing -Wno-strict-prototypes -Wno-semicolon-before-method-body -index-store-path /Users/siam/Library/Developer/Xcode/DerivedData/Lingua_Quest-gvpckrqxtbgyprbgppjfqmimmmfw/Index.noindex/DataStore @/Users/siam/Library/Developer/Xcode/DerivedData/Lingua_Quest-gvpckrqxtbgyprbgppjfqmimmmfw/Build/Intermediates.noindex/Firebase.build/Debug-iphonesimulator/FirebaseCore.build/Objects-normal/arm64/e6072d4f65d7061329687fe24e3d63a7-common-args.resp -include /Users/siam/Library/Developer/Xcode/DerivedData/Lingua_Quest-gvpckrqxtbgyprbgppjfqmimmmfw/Build/Intermediates.noindex/Firebase.build/Debug-iphonesimulator/FirebaseCore.build/DerivedSources/resource_bundle_accessor.h -MMD -MT dependencies -MF /Users/siam/Library/Developer/Xcode/DerivedData/Lingua_Quest-gvpckrqxtbgyprbgppjfqmimmmfw/Build/Intermediates.noindex/Firebase.build/Debug-iphonesimulator/FirebaseCore.build/Objects-normal/arm64/FIRAnalyticsConfiguration.d --serialize-diagnostics /Users/siam/Library/Developer/Xcode/DerivedData/Lingua_Quest-gvpckrqxtbgyprbgppjfqmimmmfw/Build/Intermediates.noindex/Firebase.build/Debug-iphonesimulator/FirebaseCore.build/Objects-normal/arm64/FIRAnalyticsConfiguration.dia -c /Users/siam/Library/Developer/Xcode/DerivedData/Lingua_Quest-gvpckrqxtbgyprbgppjfqmimmmfw/SourcePackages/checkouts/firebase-ios-sdk/FirebaseCore/Sources/FIRAnalyticsConfiguration.m -o /Users/siam/Library/Developer/Xcode/DerivedData/Lingua_Quest-gvpckrqxtbgyprbgppjfqmimmmfw/Build/Intermediates.noindex/Firebase.build/Debug-iphonesimulator/FirebaseCore.build/Objects-normal/arm64/FIRAnalyticsConfiguration.o -index-unit-output-path /Firebase.build/Debug-iphonesimulator/FirebaseCore.build/Objects-normal/arm64/FIRAnalyticsConfiguration.o

RegisterExecutionPolicyException /Users/siam/Library/Developer/Xcode/DerivedData/Lingua_Quest-gvpckrqxtbgyprbgppjfqmimmmfw/Build/Products/Debug-iphonesimulator/FirebaseAppCheckInterop.o (in target 'FirebaseAppCheckInterop' from project 'Firebase')
    cd /Users/siam/Library/Developer/Xcode/DerivedData/Lingua_Quest-gvpckrqxtbgyprbgppjfqmimmmfw/SourcePackages/checkouts/firebase-ios-sdk
    builtin-RegisterExecutionPolicyException /Users/siam/Library/Developer/Xcode/DerivedData/Lingua_Quest-gvpckrqxtbgyprbgppjfqmimmmfw/Build/Products/Debug-iphonesimulator/FirebaseAppCheckInterop.o

Ld /Users/siam/Library/Developer/Xcode/DerivedData/Lingua_Quest-gvpckrqxtbgyprbgppjfqmimmmfw/Build/Intermediates.noindex/Firebase.build/Debug-iphonesimulator/FirebaseAuthInternal.build/Objects-normal/x86_64/Binary/FirebaseAuthInternal.o normal x86_64 (in target 'FirebaseAuthInternal' from project 'Firebase')
    cd /Users/siam/Library/Developer/Xcode/DerivedData/Lingua_Quest-gvpckrqxtbgyprbgppjfqmimmmfw/SourcePackages/checkouts/firebase-ios-sdk
    /Applications/Xcode.app/Contents/Developer/Toolchains/XcodeDefault.xctoolchain/usr/bin/clang -Xlinker -reproducible -target x86_64-apple-ios15.0-simulator -r -isysroot /Applications/Xcode.app/Contents/Developer/Platforms/iPhoneSimulator.platform/Developer/SDKs/iPhoneSimulator26.0.sdk -O0 -w -L/Users/siam/Library/Developer/Xcode/DerivedData/Lingua_Quest-gvpckrqxtbgyprbgppjfqmimmmfw/Build/Intermediates.noindex/EagerLinkingTBDs/Debug-iphonesimulator -L/Users/siam/Library/Developer/Xcode/DerivedData/Lingua_Quest-gvpckrqxtbgyprbgppjfqmimmmfw/Build/Products/Debug-iphonesimulator -L/Applications/Xcode.app/Contents/Developer/Platforms/iPhoneSimulator.platform/Developer/usr/lib -F/Users/siam/Library/Developer/Xcode/DerivedData/Lingua_Quest-gvpckrqxtbgyprbgppjfqmimmmfw/Build/Intermediates.noindex/EagerLinkingTBDs/Debug-iphonesimulator -F/Users/siam/Library/Developer/Xcode/DerivedData/Lingua_Quest-gvpckrqxtbgyprbgppjfqmimmmfw/Build/Products/Debug-iphonesimulator/PackageFrameworks -F/Users/siam/Library/Developer/Xcode/DerivedData/Lingua_Quest-gvpckrqxtbgyprbgppjfqmimmmfw/Build/Products/Debug-iphonesimulator -iframework /Applications/Xcode.app/Contents/Developer/Platforms/iPhoneSimulator.platform/Developer/Library/Frameworks -iframework /Applications/Xcode.app/Contents/Developer/Platforms/iPhoneSimulator.platform/Developer/SDKs/iPhoneSimulator26.0.sdk/Developer/Library/Frameworks -filelist /Users/siam/Library/Developer/Xcode/DerivedData/Lingua_Quest-gvpckrqxtbgyprbgppjfqmimmmfw/Build/Intermediates.noindex/Firebase.build/Debug-iphonesimulator/FirebaseAuthInternal.build/Objects-normal/x86_64/FirebaseAuthInternal.LinkFileList -nostdlib -Xlinker -object_path_lto -Xlinker /Users/siam/Library/Developer/Xcode/DerivedData/Lingua_Quest-gvpckrqxtbgyprbgppjfqmimmmfw/Build/Intermediates.noindex/Firebase.build/Debug-iphonesimulator/FirebaseAuthInternal.build/Objects-normal/x86_64/FirebaseAuthInternal_lto.o -rdynamic -Xlinker -no_deduplicate -Xlinker -objc_abi_version -Xlinker 2 -Xlinker -debug_variant -Xlinker -dependency_info -Xlinker /Users/siam/Library/Developer/Xcode/DerivedData/Lingua_Quest-gvpckrqxtbgyprbgppjfqmimmmfw/Build/Intermediates.noindex/Firebase.build/Debug-iphonesimulator/FirebaseAuthInternal.build/Objects-normal/x86_64/FirebaseAuthInternal_dependency_info.dat -fobjc-arc -fobjc-link-runtime -o /Users/siam/Library/Developer/Xcode/DerivedData/Lingua_Quest-gvpckrqxtbgyprbgppjfqmimmmfw/Build/Intermediates.noindex/Firebase.build/Debug-iphonesimulator/FirebaseAuthInternal.build/Objects-normal/x86_64/Binary/FirebaseAuthInternal.o

Ld /Users/siam/Library/Developer/Xcode/DerivedData/Lingua_Quest-gvpckrqxtbgyprbgppjfqmimmmfw/Build/Intermediates.noindex/Firebase.build/Debug-iphonesimulator/FirebaseAuthInternal.build/Objects-normal/arm64/Binary/FirebaseAuthInternal.o normal arm64 (in target 'FirebaseAuthInternal' from project 'Firebase')
    cd /Users/siam/Library/Developer/Xcode/DerivedData/Lingua_Quest-gvpckrqxtbgyprbgppjfqmimmmfw/SourcePackages/checkouts/firebase-ios-sdk
    /Applications/Xcode.app/Contents/Developer/Toolchains/XcodeDefault.xctoolchain/usr/bin/clang -Xlinker -reproducible -target arm64-apple-ios15.0-simulator -r -isysroot /Applications/Xcode.app/Contents/Developer/Platforms/iPhoneSimulator.platform/Developer/SDKs/iPhoneSimulator26.0.sdk -O0 -w -L/Users/siam/Library/Developer/Xcode/DerivedData/Lingua_Quest-gvpckrqxtbgyprbgppjfqmimmmfw/Build/Intermediates.noindex/EagerLinkingTBDs/Debug-iphonesimulator -L/Users/siam/Library/Developer/Xcode/DerivedData/Lingua_Quest-gvpckrqxtbgyprbgppjfqmimmmfw/Build/Products/Debug-iphonesimulator -L/Applications/Xcode.app/Contents/Developer/Platforms/iPhoneSimulator.platform/Developer/usr/lib -F/Users/siam/Library/Developer/Xcode/DerivedData/Lingua_Quest-gvpckrqxtbgyprbgppjfqmimmmfw/Build/Intermediates.noindex/EagerLinkingTBDs/Debug-iphonesimulator -F/Users/siam/Library/Developer/Xcode/DerivedData/Lingua_Quest-gvpckrqxtbgyprbgppjfqmimmmfw/Build/Products/Debug-iphonesimulator/PackageFrameworks -F/Users/siam/Library/Developer/Xcode/DerivedData/Lingua_Quest-gvpckrqxtbgyprbgppjfqmimmmfw/Build/Products/Debug-iphonesimulator -iframework /Applications/Xcode.app/Contents/Developer/Platforms/iPhoneSimulator.platform/Developer/Library/Frameworks -iframework /Applications/Xcode.app/Contents/Developer/Platforms/iPhoneSimulator.platform/Developer/SDKs/iPhoneSimulator26.0.sdk/Developer/Library/Frameworks -filelist /Users/siam/Library/Developer/Xcode/DerivedData/Lingua_Quest-gvpckrqxtbgyprbgppjfqmimmmfw/Build/Intermediates.noindex/Firebase.build/Debug-iphonesimulator/FirebaseAuthInternal.build/Objects-normal/arm64/FirebaseAuthInternal.LinkFileList -nostdlib -Xlinker -object_path_lto -Xlinker /Users/siam/Library/Developer/Xcode/DerivedData/Lingua_Quest-gvpckrqxtbgyprbgppjfqmimmmfw/Build/Intermediates.noindex/Firebase.build/Debug-iphonesimulator/FirebaseAuthInternal.build/Objects-normal/arm64/FirebaseAuthInternal_lto.o -rdynamic -Xlinker -no_deduplicate -Xlinker -objc_abi_version -Xlinker 2 -Xlinker -debug_variant -Xlinker -dependency_info -Xlinker /Users/siam/Library/Developer/Xcode/DerivedData/Lingua_Quest-gvpckrqxtbgyprbgppjfqmimmmfw/Build/Intermediates.noindex/Firebase.build/Debug-iphonesimulator/FirebaseAuthInternal.build/Objects-normal/arm64/FirebaseAuthInternal_dependency_info.dat -fobjc-arc -fobjc-link-runtime -o /Users/siam/Library/Developer/Xcode/DerivedData/Lingua_Quest-gvpckrqxtbgyprbgppjfqmimmmfw/Build/Intermediates.noindex/Firebase.build/Debug-iphonesimulator/FirebaseAuthInternal.build/Objects-normal/arm64/Binary/FirebaseAuthInternal.o

PrecompileModule /Users/siam/Library/Developer/Xcode/DerivedData/Lingua_Quest-gvpckrqxtbgyprbgppjfqmimmmfw/Build/Intermediates.noindex/ExplicitPrecompiledModules/_DarwinFoundation1-5ADAY0AT209CWJTXIR5LL0HY3.scan
    cd /
    builtin-precompileModule /Users/siam/Library/Developer/Xcode/DerivedData/Lingua_Quest-gvpckrqxtbgyprbgppjfqmimmmfw/Build/Intermediates.noindex/ExplicitPrecompiledModules/_DarwinFoundation1-5ADAY0AT209CWJTXIR5LL0HY3.scan

RegisterExecutionPolicyException /Users/siam/Library/Developer/Xcode/DerivedData/Lingua_Quest-gvpckrqxtbgyprbgppjfqmimmmfw/Build/Products/Debug-iphonesimulator/Firebase.o (in target 'Firebase' from project 'Firebase')
    cd /Users/siam/Library/Developer/Xcode/DerivedData/Lingua_Quest-gvpckrqxtbgyprbgppjfqmimmmfw/SourcePackages/checkouts/firebase-ios-sdk
    builtin-RegisterExecutionPolicyException /Users/siam/Library/Developer/Xcode/DerivedData/Lingua_Quest-gvpckrqxtbgyprbgppjfqmimmmfw/Build/Products/Debug-iphonesimulator/Firebase.o

Ld /Users/siam/Library/Developer/Xcode/DerivedData/Lingua_Quest-gvpckrqxtbgyprbgppjfqmimmmfw/Build/Intermediates.noindex/Swinject.build/Debug-iphonesimulator/Swinject.build/Objects-normal/x86_64/Binary/Swinject.o normal x86_64 (in target 'Swinject' from project 'Swinject')
    cd /Users/siam/Library/Developer/Xcode/DerivedData/Lingua_Quest-gvpckrqxtbgyprbgppjfqmimmmfw/SourcePackages/checkouts/Swinject
    /Applications/Xcode.app/Contents/Developer/Toolchains/XcodeDefault.xctoolchain/usr/bin/clang -Xlinker -reproducible -target x86_64-apple-ios12.0-simulator -r -isysroot /Applications/Xcode.app/Contents/Developer/Platforms/iPhoneSimulator.platform/Developer/SDKs/iPhoneSimulator26.0.sdk -O0 -w -L/Users/siam/Library/Developer/Xcode/DerivedData/Lingua_Quest-gvpckrqxtbgyprbgppjfqmimmmfw/Build/Intermediates.noindex/EagerLinkingTBDs/Debug-iphonesimulator -L/Users/siam/Library/Developer/Xcode/DerivedData/Lingua_Quest-gvpckrqxtbgyprbgppjfqmimmmfw/Build/Products/Debug-iphonesimulator -L/Applications/Xcode.app/Contents/Developer/Platforms/iPhoneSimulator.platform/Developer/usr/lib -F/Users/siam/Library/Developer/Xcode/DerivedData/Lingua_Quest-gvpckrqxtbgyprbgppjfqmimmmfw/Build/Intermediates.noindex/EagerLinkingTBDs/Debug-iphonesimulator -F/Users/siam/Library/Developer/Xcode/DerivedData/Lingua_Quest-gvpckrqxtbgyprbgppjfqmimmmfw/Build/Products/Debug-iphonesimulator -iframework /Applications/Xcode.app/Contents/Developer/Platforms/iPhoneSimulator.platform/Developer/Library/Frameworks -iframework /Applications/Xcode.app/Contents/Developer/Platforms/iPhoneSimulator.platform/Developer/SDKs/iPhoneSimulator26.0.sdk/Developer/Library/Frameworks -filelist /Users/siam/Library/Developer/Xcode/DerivedData/Lingua_Quest-gvpckrqxtbgyprbgppjfqmimmmfw/Build/Intermediates.noindex/Swinject.build/Debug-iphonesimulator/Swinject.build/Objects-normal/x86_64/Swinject.LinkFileList -nostdlib -Xlinker -object_path_lto -Xlinker /Users/siam/Library/Developer/Xcode/DerivedData/Lingua_Quest-gvpckrqxtbgyprbgppjfqmimmmfw/Build/Intermediates.noindex/Swinject.build/Debug-iphonesimulator/Swinject.build/Objects-normal/x86_64/Swinject_lto.o -rdynamic -Xlinker -no_deduplicate -Xlinker -objc_abi_version -Xlinker 2 -Xlinker -debug_variant -Xlinker -dependency_info -Xlinker /Users/siam/Library/Developer/Xcode/DerivedData/Lingua_Quest-gvpckrqxtbgyprbgppjfqmimmmfw/Build/Intermediates.noindex/Swinject.build/Debug-iphonesimulator/Swinject.build/Objects-normal/x86_64/Swinject_dependency_info.dat -fobjc-link-runtime -L/Applications/Xcode.app/Contents/Developer/Toolchains/XcodeDefault.xctoolchain/usr/lib/swift/iphonesimulator -L/usr/lib/swift -Xlinker -add_ast_path -Xlinker /Users/siam/Library/Developer/Xcode/DerivedData/Lingua_Quest-gvpckrqxtbgyprbgppjfqmimmmfw/Build/Intermediates.noindex/Swinject.build/Debug-iphonesimulator/Swinject.build/Objects-normal/x86_64/Swinject.swiftmodule @/Users/siam/Library/Developer/Xcode/DerivedData/Lingua_Quest-gvpckrqxtbgyprbgppjfqmimmmfw/Build/Intermediates.noindex/Swinject.build/Debug-iphonesimulator/Swinject.build/Objects-normal/x86_64/Swinject-linker-args.resp -o /Users/siam/Library/Developer/Xcode/DerivedData/Lingua_Quest-gvpckrqxtbgyprbgppjfqmimmmfw/Build/Intermediates.noindex/Swinject.build/Debug-iphonesimulator/Swinject.build/Objects-normal/x86_64/Binary/Swinject.o

Ld /Users/siam/Library/Developer/Xcode/DerivedData/Lingua_Quest-gvpckrqxtbgyprbgppjfqmimmmfw/Build/Intermediates.noindex/Swinject.build/Debug-iphonesimulator/Swinject.build/Objects-normal/arm64/Binary/Swinject.o normal arm64 (in target 'Swinject' from project 'Swinject')
    cd /Users/siam/Library/Developer/Xcode/DerivedData/Lingua_Quest-gvpckrqxtbgyprbgppjfqmimmmfw/SourcePackages/checkouts/Swinject
    /Applications/Xcode.app/Contents/Developer/Toolchains/XcodeDefault.xctoolchain/usr/bin/clang -Xlinker -reproducible -target arm64-apple-ios12.0-simulator -r -isysroot /Applications/Xcode.app/Contents/Developer/Platforms/iPhoneSimulator.platform/Developer/SDKs/iPhoneSimulator26.0.sdk -O0 -w -L/Users/siam/Library/Developer/Xcode/DerivedData/Lingua_Quest-gvpckrqxtbgyprbgppjfqmimmmfw/Build/Intermediates.noindex/EagerLinkingTBDs/Debug-iphonesimulator -L/Users/siam/Library/Developer/Xcode/DerivedData/Lingua_Quest-gvpckrqxtbgyprbgppjfqmimmmfw/Build/Products/Debug-iphonesimulator -L/Applications/Xcode.app/Contents/Developer/Platforms/iPhoneSimulator.platform/Developer/usr/lib -F/Users/siam/Library/Developer/Xcode/DerivedData/Lingua_Quest-gvpckrqxtbgyprbgppjfqmimmmfw/Build/Intermediates.noindex/EagerLinkingTBDs/Debug-iphonesimulator -F/Users/siam/Library/Developer/Xcode/DerivedData/Lingua_Quest-gvpckrqxtbgyprbgppjfqmimmmfw/Build/Products/Debug-iphonesimulator -iframework /Applications/Xcode.app/Contents/Developer/Platforms/iPhoneSimulator.platform/Developer/Library/Frameworks -iframework /Applications/Xcode.app/Contents/Developer/Platforms/iPhoneSimulator.platform/Developer/SDKs/iPhoneSimulator26.0.sdk/Developer/Library/Frameworks -filelist /Users/siam/Library/Developer/Xcode/DerivedData/Lingua_Quest-gvpckrqxtbgyprbgppjfqmimmmfw/Build/Intermediates.noindex/Swinject.build/Debug-iphonesimulator/Swinject.build/Objects-normal/arm64/Swinject.LinkFileList -nostdlib -Xlinker -object_path_lto -Xlinker /Users/siam/Library/Developer/Xcode/DerivedData/Lingua_Quest-gvpckrqxtbgyprbgppjfqmimmmfw/Build/Intermediates.noindex/Swinject.build/Debug-iphonesimulator/Swinject.build/Objects-normal/arm64/Swinject_lto.o -rdynamic -Xlinker -no_deduplicate -Xlinker -objc_abi_version -Xlinker 2 -Xlinker -debug_variant -Xlinker -dependency_info -Xlinker /Users/siam/Library/Developer/Xcode/DerivedData/Lingua_Quest-gvpckrqxtbgyprbgppjfqmimmmfw/Build/Intermediates.noindex/Swinject.build/Debug-iphonesimulator/Swinject.build/Objects-normal/arm64/Swinject_dependency_info.dat -fobjc-link-runtime -L/Applications/Xcode.app/Contents/Developer/Toolchains/XcodeDefault.xctoolchain/usr/lib/swift/iphonesimulator -L/usr/lib/swift -Xlinker -add_ast_path -Xlinker /Users/siam/Library/Developer/Xcode/DerivedData/Lingua_Quest-gvpckrqxtbgyprbgppjfqmimmmfw/Build/Intermediates.noindex/Swinject.build/Debug-iphonesimulator/Swinject.build/Objects-normal/arm64/Swinject.swiftmodule @/Users/siam/Library/Developer/Xcode/DerivedData/Lingua_Quest-gvpckrqxtbgyprbgppjfqmimmmfw/Build/Intermediates.noindex/Swinject.build/Debug-iphonesimulator/Swinject.build/Objects-normal/arm64/Swinject-linker-args.resp -o /Users/siam/Library/Developer/Xcode/DerivedData/Lingua_Quest-gvpckrqxtbgyprbgppjfqmimmmfw/Build/Intermediates.noindex/Swinject.build/Debug-iphonesimulator/Swinject.build/Objects-normal/arm64/Binary/Swinject.o

Ld /Users/siam/Library/Developer/Xcode/DerivedData/Lingua_Quest-gvpckrqxtbgyprbgppjfqmimmmfw/Build/Intermediates.noindex/Promises.build/Debug-iphonesimulator/FBLPromises.build/Objects-normal/x86_64/Binary/FBLPromises.o normal x86_64 (in target 'FBLPromises' from project 'Promises')
    cd /Users/siam/Library/Developer/Xcode/DerivedData/Lingua_Quest-gvpckrqxtbgyprbgppjfqmimmmfw/SourcePackages/checkouts/promises
    /Applications/Xcode.app/Contents/Developer/Toolchains/XcodeDefault.xctoolchain/usr/bin/clang -Xlinker -reproducible -target x86_64-apple-ios12.0-simulator -r -isysroot /Applications/Xcode.app/Contents/Developer/Platforms/iPhoneSimulator.platform/Developer/SDKs/iPhoneSimulator26.0.sdk -O0 -w -L/Users/siam/Library/Developer/Xcode/DerivedData/Lingua_Quest-gvpckrqxtbgyprbgppjfqmimmmfw/Build/Intermediates.noindex/EagerLinkingTBDs/Debug-iphonesimulator -L/Users/siam/Library/Developer/Xcode/DerivedData/Lingua_Quest-gvpckrqxtbgyprbgppjfqmimmmfw/Build/Products/Debug-iphonesimulator -L/Applications/Xcode.app/Contents/Developer/Platforms/iPhoneSimulator.platform/Developer/usr/lib -F/Users/siam/Library/Developer/Xcode/DerivedData/Lingua_Quest-gvpckrqxtbgyprbgppjfqmimmmfw/Build/Intermediates.noindex/EagerLinkingTBDs/Debug-iphonesimulator -F/Users/siam/Library/Developer/Xcode/DerivedData/Lingua_Quest-gvpckrqxtbgyprbgppjfqmimmmfw/Build/Products/Debug-iphonesimulator -iframework /Applications/Xcode.app/Contents/Developer/Platforms/iPhoneSimulator.platform/Developer/Library/Frameworks -iframework /Applications/Xcode.app/Contents/Developer/Platforms/iPhoneSimulator.platform/Developer/SDKs/iPhoneSimulator26.0.sdk/Developer/Library/Frameworks -filelist /Users/siam/Library/Developer/Xcode/DerivedData/Lingua_Quest-gvpckrqxtbgyprbgppjfqmimmmfw/Build/Intermediates.noindex/Promises.build/Debug-iphonesimulator/FBLPromises.build/Objects-normal/x86_64/FBLPromises.LinkFileList -nostdlib -Xlinker -object_path_lto -Xlinker /Users/siam/Library/Developer/Xcode/DerivedData/Lingua_Quest-gvpckrqxtbgyprbgppjfqmimmmfw/Build/Intermediates.noindex/Promises.build/Debug-iphonesimulator/FBLPromises.build/Objects-normal/x86_64/FBLPromises_lto.o -rdynamic -Xlinker -no_deduplicate -Xlinker -objc_abi_version -Xlinker 2 -Xlinker -debug_variant -Xlinker -dependency_info -Xlinker /Users/siam/Library/Developer/Xcode/DerivedData/Lingua_Quest-gvpckrqxtbgyprbgppjfqmimmmfw/Build/Intermediates.noindex/Promises.build/Debug-iphonesimulator/FBLPromises.build/Objects-normal/x86_64/FBLPromises_dependency_info.dat -fobjc-arc -fobjc-link-runtime -o /Users/siam/Library/Developer/Xcode/DerivedData/Lingua_Quest-gvpckrqxtbgyprbgppjfqmimmmfw/Build/Intermediates.noindex/Promises.build/Debug-iphonesimulator/FBLPromises.build/Objects-normal/x86_64/Binary/FBLPromises.o

Ld /Users/siam/Library/Developer/Xcode/DerivedData/Lingua_Quest-gvpckrqxtbgyprbgppjfqmimmmfw/Build/Intermediates.noindex/Promises.build/Debug-iphonesimulator/FBLPromises.build/Objects-normal/arm64/Binary/FBLPromises.o normal arm64 (in target 'FBLPromises' from project 'Promises')
    cd /Users/siam/Library/Developer/Xcode/DerivedData/Lingua_Quest-gvpckrqxtbgyprbgppjfqmimmmfw/SourcePackages/checkouts/promises
    /Applications/Xcode.app/Contents/Developer/Toolchains/XcodeDefault.xctoolchain/usr/bin/clang -Xlinker -reproducible -target arm64-apple-ios12.0-simulator -r -isysroot /Applications/Xcode.app/Contents/Developer/Platforms/iPhoneSimulator.platform/Developer/SDKs/iPhoneSimulator26.0.sdk -O0 -w -L/Users/siam/Library/Developer/Xcode/DerivedData/Lingua_Quest-gvpckrqxtbgyprbgppjfqmimmmfw/Build/Intermediates.noindex/EagerLinkingTBDs/Debug-iphonesimulator -L/Users/siam/Library/Developer/Xcode/DerivedData/Lingua_Quest-gvpckrqxtbgyprbgppjfqmimmmfw/Build/Products/Debug-iphonesimulator -L/Applications/Xcode.app/Contents/Developer/Platforms/iPhoneSimulator.platform/Developer/usr/lib -F/Users/siam/Library/Developer/Xcode/DerivedData/Lingua_Quest-gvpckrqxtbgyprbgppjfqmimmmfw/Build/Intermediates.noindex/EagerLinkingTBDs/Debug-iphonesimulator -F/Users/siam/Library/Developer/Xcode/DerivedData/Lingua_Quest-gvpckrqxtbgyprbgppjfqmimmmfw/Build/Products/Debug-iphonesimulator -iframework /Applications/Xcode.app/Contents/Developer/Platforms/iPhoneSimulator.platform/Developer/Library/Frameworks -iframework /Applications/Xcode.app/Contents/Developer/Platforms/iPhoneSimulator.platform/Developer/SDKs/iPhoneSimulator26.0.sdk/Developer/Library/Frameworks -filelist /Users/siam/Library/Developer/Xcode/DerivedData/Lingua_Quest-gvpckrqxtbgyprbgppjfqmimmmfw/Build/Intermediates.noindex/Promises.build/Debug-iphonesimulator/FBLPromises.build/Objects-normal/arm64/FBLPromises.LinkFileList -nostdlib -Xlinker -object_path_lto -Xlinker /Users/siam/Library/Developer/Xcode/DerivedData/Lingua_Quest-gvpckrqxtbgyprbgppjfqmimmmfw/Build/Intermediates.noindex/Promises.build/Debug-iphonesimulator/FBLPromises.build/Objects-normal/arm64/FBLPromises_lto.o -rdynamic -Xlinker -no_deduplicate -Xlinker -objc_abi_version -Xlinker 2 -Xlinker -debug_variant -Xlinker -dependency_info -Xlinker /Users/siam/Library/Developer/Xcode/DerivedData/Lingua_Quest-gvpckrqxtbgyprbgppjfqmimmmfw/Build/Intermediates.noindex/Promises.build/Debug-iphonesimulator/FBLPromises.build/Objects-normal/arm64/FBLPromises_dependency_info.dat -fobjc-arc -fobjc-link-runtime -o /Users/siam/Library/Developer/Xcode/DerivedData/Lingua_Quest-gvpckrqxtbgyprbgppjfqmimmmfw/Build/Intermediates.noindex/Promises.build/Debug-iphonesimulator/FBLPromises.build/Objects-normal/arm64/Binary/FBLPromises.o

SwiftDriver GoogleSignInSwift normal arm64 com.apple.xcode.tools.swift.compiler (in target 'GoogleSignInSwift' from project 'GoogleSignIn')
    cd /Users/siam/Desktop/Lingua\ Quest/Lingua\ Quest.xcodeproj
    builtin-SwiftDriver -- /Applications/Xcode.app/Contents/Developer/Toolchains/XcodeDefault.xctoolchain/usr/bin/swiftc -module-name GoogleSignInSwift -Onone -enforce-exclusivity\=checked @/Users/siam/Library/Developer/Xcode/DerivedData/Lingua_Quest-gvpckrqxtbgyprbgppjfqmimmmfw/Build/Intermediates.noindex/GoogleSignIn.build/Debug-iphonesimulator/GoogleSignInSwift.build/Objects-normal/arm64/GoogleSignInSwift.SwiftFileList -DSWIFT_PACKAGE -DDEBUG -DSWIFT_MODULE_RESOURCE_BUNDLE_AVAILABLE -Xcc -fmodule-map-file\=/Users/siam/Library/Developer/Xcode/DerivedData/Lingua_Quest-gvpckrqxtbgyprbgppjfqmimmmfw/Build/Intermediates.noindex/GeneratedModuleMaps-iphonesimulator/AppAuth.modulemap -Xcc -fmodule-map-file\=/Users/siam/Library/Developer/Xcode/DerivedData/Lingua_Quest-gvpckrqxtbgyprbgppjfqmimmmfw/Build/Intermediates.noindex/GeneratedModuleMaps-iphonesimulator/AppAuthCore.modulemap -Xcc -fmodule-map-file\=/Users/siam/Library/Developer/Xcode/DerivedData/Lingua_Quest-gvpckrqxtbgyprbgppjfqmimmmfw/Build/Intermediates.noindex/GeneratedModuleMaps-iphonesimulator/GoogleUtilities-Logger.modulemap -Xcc -fmodule-map-file\=/Users/siam/Library/Developer/Xcode/DerivedData/Lingua_Quest-gvpckrqxtbgyprbgppjfqmimmmfw/Build/Intermediates.noindex/GeneratedModuleMaps-iphonesimulator/GoogleUtilities-Environment.modulemap -Xcc -fmodule-map-file\=/Users/siam/Library/Developer/Xcode/DerivedData/Lingua_Quest-gvpckrqxtbgyprbgppjfqmimmmfw/Build/Intermediates.noindex/GeneratedModuleMaps-iphonesimulator/third-party-IsAppEncrypted.modulemap -Xcc -fmodule-map-file\=/Users/siam/Library/Developer/Xcode/DerivedData/Lingua_Quest-gvpckrqxtbgyprbgppjfqmimmmfw/Build/Intermediates.noindex/GeneratedModuleMaps-iphonesimulator/GoogleUtilities-UserDefaults.modulemap -Xcc -fmodule-map-file\=/Users/siam/Library/Developer/Xcode/DerivedData/Lingua_Quest-gvpckrqxtbgyprbgppjfqmimmmfw/Build/Intermediates.noindex/GeneratedModuleMaps-iphonesimulator/AppCheckCore.modulemap -Xcc -fmodule-map-file\=/Users/siam/Library/Developer/Xcode/DerivedData/Lingua_Quest-gvpckrqxtbgyprbgppjfqmimmmfw/Build/Intermediates.noindex/GeneratedModuleMaps-iphonesimulator/GTMSessionFetcherCore.modulemap -Xcc -fmodule-map-file\=/Users/siam/Library/Developer/Xcode/DerivedData/Lingua_Quest-gvpckrqxtbgyprbgppjfqmimmmfw/Build/Intermediates.noindex/GeneratedModuleMaps-iphonesimulator/GoogleSignIn.modulemap -DXcode -plugin-path /Applications/Xcode.app/Contents/Developer/Toolchains/XcodeDefault.xctoolchain/usr/lib/swift/host/plugins/testing -enable-experimental-feature DebugDescriptionMacro -sdk /Applications/Xcode.app/Contents/Developer/Platforms/iPhoneSimulator.platform/Developer/SDKs/iPhoneSimulator26.0.sdk -target arm64-apple-ios12.0-simulator -g -module-cache-path /Users/siam/Library/Developer/Xcode/DerivedData/ModuleCache.noindex -Xfrontend -serialize-debugging-options -profile-coverage-mapping -profile-generate -enable-testing -suppress-warnings -index-store-path /Users/siam/Library/Developer/Xcode/DerivedData/Lingua_Quest-gvpckrqxtbgyprbgppjfqmimmmfw/Index.noindex/DataStore -Xcc -D_LIBCPP_HARDENING_MODE\=_LIBCPP_HARDENING_MODE_DEBUG -swift-version 6 -I /Users/siam/Library/Developer/Xcode/DerivedData/Lingua_Quest-gvpckrqxtbgyprbgppjfqmimmmfw/Build/Products/Debug-iphonesimulator -Isystem /Applications/Xcode.app/Contents/Developer/Platforms/iPhoneSimulator.platform/Developer/usr/lib -F /Users/siam/Library/Developer/Xcode/DerivedData/Lingua_Quest-gvpckrqxtbgyprbgppjfqmimmmfw/Build/Products/Debug-iphonesimulator/PackageFrameworks -F /Users/siam/Library/Developer/Xcode/DerivedData/Lingua_Quest-gvpckrqxtbgyprbgppjfqmimmmfw/Build/Products/Debug-iphonesimulator/PackageFrameworks -F /Users/siam/Library/Developer/Xcode/DerivedData/Lingua_Quest-gvpckrqxtbgyprbgppjfqmimmmfw/Build/Products/Debug-iphonesimulator/PackageFrameworks -F /Users/siam/Library/Developer/Xcode/DerivedData/Lingua_Quest-gvpckrqxtbgyprbgppjfqmimmmfw/Build/Products/Debug-iphonesimulator/PackageFrameworks -F /Users/siam/Library/Developer/Xcode/DerivedData/Lingua_Quest-gvpckrqxtbgyprbgppjfqmimmmfw/Build/Products/Debug-iphonesimulator/PackageFrameworks -F /Users/siam/Library/Developer/Xcode/DerivedData/Lingua_Quest-gvpckrqxtbgyprbgppjfqmimmmfw/Build/Products/Debug-iphonesimulator/PackageFrameworks -F /Users/siam/Library/Developer/Xcode/DerivedData/Lingua_Quest-gvpckrqxtbgyprbgppjfqmimmmfw/Build/Products/Debug-iphonesimulator/PackageFrameworks -F /Users/siam/Library/Developer/Xcode/DerivedData/Lingua_Quest-gvpckrqxtbgyprbgppjfqmimmmfw/Build/Products/Debug-iphonesimulator/PackageFrameworks -F /Users/siam/Library/Developer/Xcode/DerivedData/Lingua_Quest-gvpckrqxtbgyprbgppjfqmimmmfw/Build/Products/Debug-iphonesimulator/PackageFrameworks -F /Users/siam/Library/Developer/Xcode/DerivedData/Lingua_Quest-gvpckrqxtbgyprbgppjfqmimmmfw/Build/Products/Debug-iphonesimulator/PackageFrameworks -F /Users/siam/Library/Developer/Xcode/DerivedData/Lingua_Quest-gvpckrqxtbgyprbgppjfqmimmmfw/Build/Products/Debug-iphonesimulator/PackageFrameworks -F /Users/siam/Library/Developer/Xcode/DerivedData/Lingua_Quest-gvpckrqxtbgyprbgppjfqmimmmfw/Build/Products/Debug-iphonesimulator -F /Applications/Xcode.app/Contents/Developer/Platforms/iPhoneSimulator.platform/Developer/Library/Frameworks -F /Applications/Xcode.app/Contents/Developer/Platforms/iPhoneSimulator.platform/Developer/SDKs/iPhoneSimulator26.0.sdk/Developer/Library/Frameworks -emit-localized-strings -emit-localized-strings-path /Users/siam/Library/Developer/Xcode/DerivedData/Lingua_Quest-gvpckrqxtbgyprbgppjfqmimmmfw/Build/Intermediates.noindex/GoogleSignIn.build/Debug-iphonesimulator/GoogleSignInSwift.build/Objects-normal/arm64 -c -j12 -enable-batch-mode -incremental -Xcc -ivfsstatcache -Xcc /Users/siam/Library/Developer/Xcode/DerivedData/SDKStatCaches.noindex/iphonesimulator26.0-23A339-26257891a6c027eb51374368541b8346.sdkstatcache -output-file-map /Users/siam/Library/Developer/Xcode/DerivedData/Lingua_Quest-gvpckrqxtbgyprbgppjfqmimmmfw/Build/Intermediates.noindex/GoogleSignIn.build/Debug-iphonesimulator/GoogleSignInSwift.build/Objects-normal/arm64/GoogleSignInSwift-OutputFileMap.json -use-frontend-parseable-output -save-temps -no-color-diagnostics -explicit-module-build -module-cache-path /Users/siam/Library/Developer/Xcode/DerivedData/Lingua_Quest-gvpckrqxtbgyprbgppjfqmimmmfw/Build/Intermediates.noindex/SwiftExplicitPrecompiledModules -clang-scanner-module-cache-path /Users/siam/Library/Developer/Xcode/DerivedData/ModuleCache.noindex -sdk-module-cache-path /Users/siam/Library/Developer/Xcode/DerivedData/ModuleCache.noindex -serialize-diagnostics -emit-dependencies -emit-module -emit-module-path /Users/siam/Library/Developer/Xcode/DerivedData/Lingua_Quest-gvpckrqxtbgyprbgppjfqmimmmfw/Build/Intermediates.noindex/GoogleSignIn.build/Debug-iphonesimulator/GoogleSignInSwift.build/Objects-normal/arm64/GoogleSignInSwift.swiftmodule -user-module-version 9.2.0 -validate-clang-modules-once -clang-build-session-file /Users/siam/Library/Developer/Xcode/DerivedData/ModuleCache.noindex/Session.modulevalidation -package-name googlesignin_ios -Xcc -I/Users/siam/Library/Developer/Xcode/DerivedData/Lingua_Quest-gvpckrqxtbgyprbgppjfqmimmmfw/Build/Intermediates.noindex/GoogleSignIn.build/Debug-iphonesimulator/GoogleSignInSwift.build/swift-overrides.hmap -emit-const-values -Xfrontend -const-gather-protocols-file -Xfrontend /Users/siam/Library/Developer/Xcode/DerivedData/Lingua_Quest-gvpckrqxtbgyprbgppjfqmimmmfw/Build/Intermediates.noindex/GoogleSignIn.build/Debug-iphonesimulator/GoogleSignInSwift.build/Objects-normal/arm64/GoogleSignInSwift_const_extract_protocols.json -Xcc -I/Users/siam/Library/Developer/Xcode/DerivedData/Lingua_Quest-gvpckrqxtbgyprbgppjfqmimmmfw/SourcePackages/checkouts/AppAuth-iOS/Sources/AppAuth -Xcc -I/Users/siam/Library/Developer/Xcode/DerivedData/Lingua_Quest-gvpckrqxtbgyprbgppjfqmimmmfw/SourcePackages/checkouts/AppAuth-iOS/Sources/AppAuthCore -Xcc -I/Users/siam/Library/Developer/Xcode/DerivedData/Lingua_Quest-gvpckrqxtbgyprbgppjfqmimmmfw/SourcePackages/checkouts/promises/Sources/FBLPromises/include -Xcc -I/Users/siam/Library/Developer/Xcode/DerivedData/Lingua_Quest-gvpckrqxtbgyprbgppjfqmimmmfw/SourcePackages/checkouts/GoogleUtilities/GoogleUtilities/Logger/Public -Xcc -I/Users/siam/Library/Developer/Xcode/DerivedData/Lingua_Quest-gvpckrqxtbgyprbgppjfqmimmmfw/SourcePackages/checkouts/GoogleUtilities/GoogleUtilities/Environment/Public -Xcc -I/Users/siam/Library/Developer/Xcode/DerivedData/Lingua_Quest-gvpckrqxtbgyprbgppjfqmimmmfw/SourcePackages/checkouts/GoogleUtilities/third_party/IsAppEncrypted/Public -Xcc -I/Users/siam/Library/Developer/Xcode/DerivedData/Lingua_Quest-gvpckrqxtbgyprbgppjfqmimmmfw/SourcePackages/checkouts/GoogleUtilities/GoogleUtilities/UserDefaults/Public -Xcc -I/Users/siam/Library/Developer/Xcode/DerivedData/Lingua_Quest-gvpckrqxtbgyprbgppjfqmimmmfw/SourcePackages/checkouts/app-check/AppCheckCore/Sources/Public -Xcc -I/Users/siam/Library/Developer/Xcode/DerivedData/Lingua_Quest-gvpckrqxtbgyprbgppjfqmimmmfw/SourcePackages/checkouts/gtm-session-fetcher/Sources/Core/Public -Xcc -I/Users/siam/Library/Developer/Xcode/DerivedData/Lingua_Quest-gvpckrqxtbgyprbgppjfqmimmmfw/SourcePackages/checkouts/GoogleSignIn-iOS/GoogleSignIn/Sources/Public -Xcc -I/Users/siam/Library/Developer/Xcode/DerivedData/Lingua_Quest-gvpckrqxtbgyprbgppjfqmimmmfw/Build/Products/Debug-iphonesimulator/include -Xcc -I/Users/siam/Library/Developer/Xcode/DerivedData/Lingua_Quest-gvpckrqxtbgyprbgppjfqmimmmfw/Build/Intermediates.noindex/GoogleSignIn.build/Debug-iphonesimulator/GoogleSignInSwift.build/DerivedSources-normal/arm64 -Xcc -I/Users/siam/Library/Developer/Xcode/DerivedData/Lingua_Quest-gvpckrqxtbgyprbgppjfqmimmmfw/Build/Intermediates.noindex/GoogleSignIn.build/Debug-iphonesimulator/GoogleSignInSwift.build/DerivedSources/arm64 -Xcc -I/Users/siam/Library/Developer/Xcode/DerivedData/Lingua_Quest-gvpckrqxtbgyprbgppjfqmimmmfw/Build/Intermediates.noindex/GoogleSignIn.build/Debug-iphonesimulator/GoogleSignInSwift.build/DerivedSources -Xcc -DSWIFT_PACKAGE -Xcc -DDEBUG\=1 -emit-objc-header -emit-objc-header-path /Users/siam/Library/Developer/Xcode/DerivedData/Lingua_Quest-gvpckrqxtbgyprbgppjfqmimmmfw/Build/Intermediates.noindex/GoogleSignIn.build/Debug-iphonesimulator/GoogleSignInSwift.build/Objects-normal/arm64/GoogleSignInSwift-Swift.h -working-directory /Users/siam/Desktop/Lingua\ Quest/Lingua\ Quest.xcodeproj -experimental-emit-module-separately -disable-cmo

SwiftDriver GoogleSignInSwift normal x86_64 com.apple.xcode.tools.swift.compiler (in target 'GoogleSignInSwift' from project 'GoogleSignIn')
    cd /Users/siam/Desktop/Lingua\ Quest/Lingua\ Quest.xcodeproj
    builtin-SwiftDriver -- /Applications/Xcode.app/Contents/Developer/Toolchains/XcodeDefault.xctoolchain/usr/bin/swiftc -module-name GoogleSignInSwift -Onone -enforce-exclusivity\=checked @/Users/siam/Library/Developer/Xcode/DerivedData/Lingua_Quest-gvpckrqxtbgyprbgppjfqmimmmfw/Build/Intermediates.noindex/GoogleSignIn.build/Debug-iphonesimulator/GoogleSignInSwift.build/Objects-normal/x86_64/GoogleSignInSwift.SwiftFileList -DSWIFT_PACKAGE -DDEBUG -DSWIFT_MODULE_RESOURCE_BUNDLE_AVAILABLE -Xcc -fmodule-map-file\=/Users/siam/Library/Developer/Xcode/DerivedData/Lingua_Quest-gvpckrqxtbgyprbgppjfqmimmmfw/Build/Intermediates.noindex/GeneratedModuleMaps-iphonesimulator/AppAuth.modulemap -Xcc -fmodule-map-file\=/Users/siam/Library/Developer/Xcode/DerivedData/Lingua_Quest-gvpckrqxtbgyprbgppjfqmimmmfw/Build/Intermediates.noindex/GeneratedModuleMaps-iphonesimulator/AppAuthCore.modulemap -Xcc -fmodule-map-file\=/Users/siam/Library/Developer/Xcode/DerivedData/Lingua_Quest-gvpckrqxtbgyprbgppjfqmimmmfw/Build/Intermediates.noindex/GeneratedModuleMaps-iphonesimulator/GoogleUtilities-Logger.modulemap -Xcc -fmodule-map-file\=/Users/siam/Library/Developer/Xcode/DerivedData/Lingua_Quest-gvpckrqxtbgyprbgppjfqmimmmfw/Build/Intermediates.noindex/GeneratedModuleMaps-iphonesimulator/GoogleUtilities-Environment.modulemap -Xcc -fmodule-map-file\=/Users/siam/Library/Developer/Xcode/DerivedData/Lingua_Quest-gvpckrqxtbgyprbgppjfqmimmmfw/Build/Intermediates.noindex/GeneratedModuleMaps-iphonesimulator/third-party-IsAppEncrypted.modulemap -Xcc -fmodule-map-file\=/Users/siam/Library/Developer/Xcode/DerivedData/Lingua_Quest-gvpckrqxtbgyprbgppjfqmimmmfw/Build/Intermediates.noindex/GeneratedModuleMaps-iphonesimulator/GoogleUtilities-UserDefaults.modulemap -Xcc -fmodule-map-file\=/Users/siam/Library/Developer/Xcode/DerivedData/Lingua_Quest-gvpckrqxtbgyprbgppjfqmimmmfw/Build/Intermediates.noindex/GeneratedModuleMaps-iphonesimulator/AppCheckCore.modulemap -Xcc -fmodule-map-file\=/Users/siam/Library/Developer/Xcode/DerivedData/Lingua_Quest-gvpckrqxtbgyprbgppjfqmimmmfw/Build/Intermediates.noindex/GeneratedModuleMaps-iphonesimulator/GTMSessionFetcherCore.modulemap -Xcc -fmodule-map-file\=/Users/siam/Library/Developer/Xcode/DerivedData/Lingua_Quest-gvpckrqxtbgyprbgppjfqmimmmfw/Build/Intermediates.noindex/GeneratedModuleMaps-iphonesimulator/GoogleSignIn.modulemap -DXcode -plugin-path /Applications/Xcode.app/Contents/Developer/Toolchains/XcodeDefault.xctoolchain/usr/lib/swift/host/plugins/testing -enable-experimental-feature DebugDescriptionMacro -sdk /Applications/Xcode.app/Contents/Developer/Platforms/iPhoneSimulator.platform/Developer/SDKs/iPhoneSimulator26.0.sdk -target x86_64-apple-ios12.0-simulator -g -module-cache-path /Users/siam/Library/Developer/Xcode/DerivedData/ModuleCache.noindex -Xfrontend -serialize-debugging-options -profile-coverage-mapping -profile-generate -enable-testing -suppress-warnings -index-store-path /Users/siam/Library/Developer/Xcode/DerivedData/Lingua_Quest-gvpckrqxtbgyprbgppjfqmimmmfw/Index.noindex/DataStore -Xcc -D_LIBCPP_HARDENING_MODE\=_LIBCPP_HARDENING_MODE_DEBUG -swift-version 6 -I /Users/siam/Library/Developer/Xcode/DerivedData/Lingua_Quest-gvpckrqxtbgyprbgppjfqmimmmfw/Build/Products/Debug-iphonesimulator -Isystem /Applications/Xcode.app/Contents/Developer/Platforms/iPhoneSimulator.platform/Developer/usr/lib -F /Users/siam/Library/Developer/Xcode/DerivedData/Lingua_Quest-gvpckrqxtbgyprbgppjfqmimmmfw/Build/Products/Debug-iphonesimulator/PackageFrameworks -F /Users/siam/Library/Developer/Xcode/DerivedData/Lingua_Quest-gvpckrqxtbgyprbgppjfqmimmmfw/Build/Products/Debug-iphonesimulator/PackageFrameworks -F /Users/siam/Library/Developer/Xcode/DerivedData/Lingua_Quest-gvpckrqxtbgyprbgppjfqmimmmfw/Build/Products/Debug-iphonesimulator/PackageFrameworks -F /Users/siam/Library/Developer/Xcode/DerivedData/Lingua_Quest-gvpckrqxtbgyprbgppjfqmimmmfw/Build/Products/Debug-iphonesimulator/PackageFrameworks -F /Users/siam/Library/Developer/Xcode/DerivedData/Lingua_Quest-gvpckrqxtbgyprbgppjfqmimmmfw/Build/Products/Debug-iphonesimulator/PackageFrameworks -F /Users/siam/Library/Developer/Xcode/DerivedData/Lingua_Quest-gvpckrqxtbgyprbgppjfqmimmmfw/Build/Products/Debug-iphonesimulator/PackageFrameworks -F /Users/siam/Library/Developer/Xcode/DerivedData/Lingua_Quest-gvpckrqxtbgyprbgppjfqmimmmfw/Build/Products/Debug-iphonesimulator/PackageFrameworks -F /Users/siam/Library/Developer/Xcode/DerivedData/Lingua_Quest-gvpckrqxtbgyprbgppjfqmimmmfw/Build/Products/Debug-iphonesimulator/PackageFrameworks -F /Users/siam/Library/Developer/Xcode/DerivedData/Lingua_Quest-gvpckrqxtbgyprbgppjfqmimmmfw/Build/Products/Debug-iphonesimulator/PackageFrameworks -F /Users/siam/Library/Developer/Xcode/DerivedData/Lingua_Quest-gvpckrqxtbgyprbgppjfqmimmmfw/Build/Products/Debug-iphonesimulator/PackageFrameworks -F /Users/siam/Library/Developer/Xcode/DerivedData/Lingua_Quest-gvpckrqxtbgyprbgppjfqmimmmfw/Build/Products/Debug-iphonesimulator/PackageFrameworks -F /Users/siam/Library/Developer/Xcode/DerivedData/Lingua_Quest-gvpckrqxtbgyprbgppjfqmimmmfw/Build/Products/Debug-iphonesimulator -F /Applications/Xcode.app/Contents/Developer/Platforms/iPhoneSimulator.platform/Developer/Library/Frameworks -F /Applications/Xcode.app/Contents/Developer/Platforms/iPhoneSimulator.platform/Developer/SDKs/iPhoneSimulator26.0.sdk/Developer/Library/Frameworks -emit-localized-strings -emit-localized-strings-path /Users/siam/Library/Developer/Xcode/DerivedData/Lingua_Quest-gvpckrqxtbgyprbgppjfqmimmmfw/Build/Intermediates.noindex/GoogleSignIn.build/Debug-iphonesimulator/GoogleSignInSwift.build/Objects-normal/x86_64 -c -j12 -enable-batch-mode -incremental -Xcc -ivfsstatcache -Xcc /Users/siam/Library/Developer/Xcode/DerivedData/SDKStatCaches.noindex/iphonesimulator26.0-23A339-26257891a6c027eb51374368541b8346.sdkstatcache -output-file-map /Users/siam/Library/Developer/Xcode/DerivedData/Lingua_Quest-gvpckrqxtbgyprbgppjfqmimmmfw/Build/Intermediates.noindex/GoogleSignIn.build/Debug-iphonesimulator/GoogleSignInSwift.build/Objects-normal/x86_64/GoogleSignInSwift-OutputFileMap.json -use-frontend-parseable-output -save-temps -no-color-diagnostics -explicit-module-build -module-cache-path /Users/siam/Library/Developer/Xcode/DerivedData/Lingua_Quest-gvpckrqxtbgyprbgppjfqmimmmfw/Build/Intermediates.noindex/SwiftExplicitPrecompiledModules -clang-scanner-module-cache-path /Users/siam/Library/Developer/Xcode/DerivedData/ModuleCache.noindex -sdk-module-cache-path /Users/siam/Library/Developer/Xcode/DerivedData/ModuleCache.noindex -serialize-diagnostics -emit-dependencies -emit-module -emit-module-path /Users/siam/Library/Developer/Xcode/DerivedData/Lingua_Quest-gvpckrqxtbgyprbgppjfqmimmmfw/Build/Intermediates.noindex/GoogleSignIn.build/Debug-iphonesimulator/GoogleSignInSwift.build/Objects-normal/x86_64/GoogleSignInSwift.swiftmodule -user-module-version 9.2.0 -validate-clang-modules-once -clang-build-session-file /Users/siam/Library/Developer/Xcode/DerivedData/ModuleCache.noindex/Session.modulevalidation -package-name googlesignin_ios -Xcc -I/Users/siam/Library/Developer/Xcode/DerivedData/Lingua_Quest-gvpckrqxtbgyprbgppjfqmimmmfw/Build/Intermediates.noindex/GoogleSignIn.build/Debug-iphonesimulator/GoogleSignInSwift.build/swift-overrides.hmap -emit-const-values -Xfrontend -const-gather-protocols-file -Xfrontend /Users/siam/Library/Developer/Xcode/DerivedData/Lingua_Quest-gvpckrqxtbgyprbgppjfqmimmmfw/Build/Intermediates.noindex/GoogleSignIn.build/Debug-iphonesimulator/GoogleSignInSwift.build/Objects-normal/x86_64/GoogleSignInSwift_const_extract_protocols.json -Xcc -I/Users/siam/Library/Developer/Xcode/DerivedData/Lingua_Quest-gvpckrqxtbgyprbgppjfqmimmmfw/SourcePackages/checkouts/AppAuth-iOS/Sources/AppAuth -Xcc -I/Users/siam/Library/Developer/Xcode/DerivedData/Lingua_Quest-gvpckrqxtbgyprbgppjfqmimmmfw/SourcePackages/checkouts/AppAuth-iOS/Sources/AppAuthCore -Xcc -I/Users/siam/Library/Developer/Xcode/DerivedData/Lingua_Quest-gvpckrqxtbgyprbgppjfqmimmmfw/SourcePackages/checkouts/promises/Sources/FBLPromises/include -Xcc -I/Users/siam/Library/Developer/Xcode/DerivedData/Lingua_Quest-gvpckrqxtbgyprbgppjfqmimmmfw/SourcePackages/checkouts/GoogleUtilities/GoogleUtilities/Logger/Public -Xcc -I/Users/siam/Library/Developer/Xcode/DerivedData/Lingua_Quest-gvpckrqxtbgyprbgppjfqmimmmfw/SourcePackages/checkouts/GoogleUtilities/GoogleUtilities/Environment/Public -Xcc -I/Users/siam/Library/Developer/Xcode/DerivedData/Lingua_Quest-gvpckrqxtbgyprbgppjfqmimmmfw/SourcePackages/checkouts/GoogleUtilities/third_party/IsAppEncrypted/Public -Xcc -I/Users/siam/Library/Developer/Xcode/DerivedData/Lingua_Quest-gvpckrqxtbgyprbgppjfqmimmmfw/SourcePackages/checkouts/GoogleUtilities/GoogleUtilities/UserDefaults/Public -Xcc -I/Users/siam/Library/Developer/Xcode/DerivedData/Lingua_Quest-gvpckrqxtbgyprbgppjfqmimmmfw/SourcePackages/checkouts/app-check/AppCheckCore/Sources/Public -Xcc -I/Users/siam/Library/Developer/Xcode/DerivedData/Lingua_Quest-gvpckrqxtbgyprbgppjfqmimmmfw/SourcePackages/checkouts/gtm-session-fetcher/Sources/Core/Public -Xcc -I/Users/siam/Library/Developer/Xcode/DerivedData/Lingua_Quest-gvpckrqxtbgyprbgppjfqmimmmfw/SourcePackages/checkouts/GoogleSignIn-iOS/GoogleSignIn/Sources/Public -Xcc -I/Users/siam/Library/Developer/Xcode/DerivedData/Lingua_Quest-gvpckrqxtbgyprbgppjfqmimmmfw/Build/Products/Debug-iphonesimulator/include -Xcc -I/Users/siam/Library/Developer/Xcode/DerivedData/Lingua_Quest-gvpckrqxtbgyprbgppjfqmimmmfw/Build/Intermediates.noindex/GoogleSignIn.build/Debug-iphonesimulator/GoogleSignInSwift.build/DerivedSources-normal/x86_64 -Xcc -I/Users/siam/Library/Developer/Xcode/DerivedData/Lingua_Quest-gvpckrqxtbgyprbgppjfqmimmmfw/Build/Intermediates.noindex/GoogleSignIn.build/Debug-iphonesimulator/GoogleSignInSwift.build/DerivedSources/x86_64 -Xcc -I/Users/siam/Library/Developer/Xcode/DerivedData/Lingua_Quest-gvpckrqxtbgyprbgppjfqmimmmfw/Build/Intermediates.noindex/GoogleSignIn.build/Debug-iphonesimulator/GoogleSignInSwift.build/DerivedSources -Xcc -DSWIFT_PACKAGE -Xcc -DDEBUG\=1 -emit-objc-header -emit-objc-header-path /Users/siam/Library/Developer/Xcode/DerivedData/Lingua_Quest-gvpckrqxtbgyprbgppjfqmimmmfw/Build/Intermediates.noindex/GoogleSignIn.build/Debug-iphonesimulator/GoogleSignInSwift.build/Objects-normal/x86_64/GoogleSignInSwift-Swift.h -working-directory /Users/siam/Desktop/Lingua\ Quest/Lingua\ Quest.xcodeproj -experimental-emit-module-separately -disable-cmo

Ld /Users/siam/Library/Developer/Xcode/DerivedData/Lingua_Quest-gvpckrqxtbgyprbgppjfqmimmmfw/Build/Intermediates.noindex/Firebase.build/Debug-iphonesimulator/FirebaseSharedSwift.build/Objects-normal/x86_64/Binary/FirebaseSharedSwift.o normal x86_64 (in target 'FirebaseSharedSwift' from project 'Firebase')
    cd /Users/siam/Library/Developer/Xcode/DerivedData/Lingua_Quest-gvpckrqxtbgyprbgppjfqmimmmfw/SourcePackages/checkouts/firebase-ios-sdk
    /Applications/Xcode.app/Contents/Developer/Toolchains/XcodeDefault.xctoolchain/usr/bin/clang -Xlinker -reproducible -target x86_64-apple-ios15.0-simulator -r -isysroot /Applications/Xcode.app/Contents/Developer/Platforms/iPhoneSimulator.platform/Developer/SDKs/iPhoneSimulator26.0.sdk -O0 -w -L/Users/siam/Library/Developer/Xcode/DerivedData/Lingua_Quest-gvpckrqxtbgyprbgppjfqmimmmfw/Build/Intermediates.noindex/EagerLinkingTBDs/Debug-iphonesimulator -L/Users/siam/Library/Developer/Xcode/DerivedData/Lingua_Quest-gvpckrqxtbgyprbgppjfqmimmmfw/Build/Products/Debug-iphonesimulator -L/Applications/Xcode.app/Contents/Developer/Platforms/iPhoneSimulator.platform/Developer/usr/lib -F/Users/siam/Library/Developer/Xcode/DerivedData/Lingua_Quest-gvpckrqxtbgyprbgppjfqmimmmfw/Build/Intermediates.noindex/EagerLinkingTBDs/Debug-iphonesimulator -F/Users/siam/Library/Developer/Xcode/DerivedData/Lingua_Quest-gvpckrqxtbgyprbgppjfqmimmmfw/Build/Products/Debug-iphonesimulator -iframework /Applications/Xcode.app/Contents/Developer/Platforms/iPhoneSimulator.platform/Developer/Library/Frameworks -iframework /Applications/Xcode.app/Contents/Developer/Platforms/iPhoneSimulator.platform/Developer/SDKs/iPhoneSimulator26.0.sdk/Developer/Library/Frameworks -filelist /Users/siam/Library/Developer/Xcode/DerivedData/Lingua_Quest-gvpckrqxtbgyprbgppjfqmimmmfw/Build/Intermediates.noindex/Firebase.build/Debug-iphonesimulator/FirebaseSharedSwift.build/Objects-normal/x86_64/FirebaseSharedSwift.LinkFileList -nostdlib -Xlinker -object_path_lto -Xlinker /Users/siam/Library/Developer/Xcode/DerivedData/Lingua_Quest-gvpckrqxtbgyprbgppjfqmimmmfw/Build/Intermediates.noindex/Firebase.build/Debug-iphonesimulator/FirebaseSharedSwift.build/Objects-normal/x86_64/FirebaseSharedSwift_lto.o -rdynamic -Xlinker -no_deduplicate -Xlinker -objc_abi_version -Xlinker 2 -Xlinker -debug_variant -Xlinker -dependency_info -Xlinker /Users/siam/Library/Developer/Xcode/DerivedData/Lingua_Quest-gvpckrqxtbgyprbgppjfqmimmmfw/Build/Intermediates.noindex/Firebase.build/Debug-iphonesimulator/FirebaseSharedSwift.build/Objects-normal/x86_64/FirebaseSharedSwift_dependency_info.dat -fobjc-link-runtime -L/Applications/Xcode.app/Contents/Developer/Toolchains/XcodeDefault.xctoolchain/usr/lib/swift/iphonesimulator -L/usr/lib/swift -Xlinker -add_ast_path -Xlinker /Users/siam/Library/Developer/Xcode/DerivedData/Lingua_Quest-gvpckrqxtbgyprbgppjfqmimmmfw/Build/Intermediates.noindex/Firebase.build/Debug-iphonesimulator/FirebaseSharedSwift.build/Objects-normal/x86_64/FirebaseSharedSwift.swiftmodule @/Users/siam/Library/Developer/Xcode/DerivedData/Lingua_Quest-gvpckrqxtbgyprbgppjfqmimmmfw/Build/Intermediates.noindex/Firebase.build/Debug-iphonesimulator/FirebaseSharedSwift.build/Objects-normal/x86_64/FirebaseSharedSwift-linker-args.resp -o /Users/siam/Library/Developer/Xcode/DerivedData/Lingua_Quest-gvpckrqxtbgyprbgppjfqmimmmfw/Build/Intermediates.noindex/Firebase.build/Debug-iphonesimulator/FirebaseSharedSwift.build/Objects-normal/x86_64/Binary/FirebaseSharedSwift.o

SwiftDriver FirebaseFirestore normal arm64 com.apple.xcode.tools.swift.compiler (in target 'FirebaseFirestore' from project 'Firebase')
    cd /Users/siam/Desktop/Lingua\ Quest/Lingua\ Quest.xcodeproj
    builtin-SwiftDriver -- /Applications/Xcode.app/Contents/Developer/Toolchains/XcodeDefault.xctoolchain/usr/bin/swiftc -module-name FirebaseFirestore -Onone -enforce-exclusivity\=checked @/Users/siam/Library/Developer/Xcode/DerivedData/Lingua_Quest-gvpckrqxtbgyprbgppjfqmimmmfw/Build/Intermediates.noindex/Firebase.build/Debug-iphonesimulator/FirebaseFirestore.build/Objects-normal/arm64/FirebaseFirestore.SwiftFileList -DSWIFT_PACKAGE -DDEBUG -DSWIFT_MODULE_RESOURCE_BUNDLE_AVAILABLE -Xcc -fmodule-map-file\=/Users/siam/Library/Developer/Xcode/DerivedData/Lingua_Quest-gvpckrqxtbgyprbgppjfqmimmmfw/Build/Intermediates.noindex/GeneratedModuleMaps-iphonesimulator/GoogleUtilities-NSData.modulemap -Xcc -fmodule-map-file\=/Users/siam/Library/Developer/Xcode/DerivedData/Lingua_Quest-gvpckrqxtbgyprbgppjfqmimmmfw/Build/Intermediates.noindex/GeneratedModuleMaps-iphonesimulator/GoogleUtilities-Environment.modulemap -Xcc -fmodule-map-file\=/Users/siam/Library/Developer/Xcode/DerivedData/Lingua_Quest-gvpckrqxtbgyprbgppjfqmimmmfw/Build/Intermediates.noindex/GeneratedModuleMaps-iphonesimulator/third-party-IsAppEncrypted.modulemap -Xcc -fmodule-map-file\=/Users/siam/Library/Developer/Xcode/DerivedData/Lingua_Quest-gvpckrqxtbgyprbgppjfqmimmmfw/Build/Intermediates.noindex/GeneratedModuleMaps-iphonesimulator/GoogleUtilities-Logger.modulemap -Xcc -fmodule-map-file\=/Users/siam/Library/Developer/Xcode/DerivedData/Lingua_Quest-gvpckrqxtbgyprbgppjfqmimmmfw/Build/Intermediates.noindex/GeneratedModuleMaps-iphonesimulator/abslWrapper.modulemap -Xcc -fmodule-map-file\=/Users/siam/Library/Developer/Xcode/DerivedData/Lingua_Quest-gvpckrqxtbgyprbgppjfqmimmmfw/Build/Intermediates.noindex/GeneratedModuleMaps-iphonesimulator/opensslWrapper.modulemap -Xcc -fmodule-map-file\=/Users/siam/Library/Developer/Xcode/DerivedData/Lingua_Quest-gvpckrqxtbgyprbgppjfqmimmmfw/Build/Intermediates.noindex/GeneratedModuleMaps-iphonesimulator/grpcWrapper.modulemap -Xcc -fmodule-map-file\=/Users/siam/Library/Developer/Xcode/DerivedData/Lingua_Quest-gvpckrqxtbgyprbgppjfqmimmmfw/Build/Intermediates.noindex/GeneratedModuleMaps-iphonesimulator/grpcppWrapper.modulemap -Xcc -fmodule-map-file\=/Users/siam/Library/Developer/Xcode/DerivedData/Lingua_Quest-gvpckrqxtbgyprbgppjfqmimmmfw/Build/Intermediates.noindex/GeneratedModuleMaps-iphonesimulator/nanopb.modulemap -Xcc -fmodule-map-file\=/Users/siam/Library/Developer/Xcode/DerivedData/Lingua_Quest-gvpckrqxtbgyprbgppjfqmimmmfw/Build/Intermediates.noindex/GeneratedModuleMaps-iphonesimulator/leveldb.modulemap -Xcc -fmodule-map-file\=/Users/siam/Library/Developer/Xcode/DerivedData/Lingua_Quest-gvpckrqxtbgyprbgppjfqmimmmfw/Build/Intermediates.noindex/GeneratedModuleMaps-iphonesimulator/FirebaseCoreExtension.modulemap -Xcc -fmodule-map-file\=/Users/siam/Library/Developer/Xcode/DerivedData/Lingua_Quest-gvpckrqxtbgyprbgppjfqmimmmfw/Build/Intermediates.noindex/GeneratedModuleMaps-iphonesimulator/FirebaseCore.modulemap -Xcc -fmodule-map-file\=/Users/siam/Library/Developer/Xcode/DerivedData/Lingua_Quest-gvpckrqxtbgyprbgppjfqmimmmfw/Build/Intermediates.noindex/GeneratedModuleMaps-iphonesimulator/FirebaseAppCheckInterop.modulemap -Xcc -fmodule-map-file\=/Users/siam/Library/Developer/Xcode/DerivedData/Lingua_Quest-gvpckrqxtbgyprbgppjfqmimmmfw/Build/Intermediates.noindex/GeneratedModuleMaps-iphonesimulator/FirebaseFirestoreInternalWrapper.modulemap -DXcode -plugin-path /Applications/Xcode.app/Contents/Developer/Toolchains/XcodeDefault.xctoolchain/usr/lib/swift/host/plugins/testing -enable-experimental-feature DebugDescriptionMacro -sdk /Applications/Xcode.app/Contents/Developer/Platforms/iPhoneSimulator.platform/Developer/SDKs/iPhoneSimulator26.0.sdk -target arm64-apple-ios15.0-simulator -g -module-cache-path /Users/siam/Library/Developer/Xcode/DerivedData/ModuleCache.noindex -Xfrontend -serialize-debugging-options -profile-coverage-mapping -profile-generate -enable-testing -suppress-warnings -index-store-path /Users/siam/Library/Developer/Xcode/DerivedData/Lingua_Quest-gvpckrqxtbgyprbgppjfqmimmmfw/Index.noindex/DataStore -Xcc -D_LIBCPP_HARDENING_MODE\=_LIBCPP_HARDENING_MODE_DEBUG -swift-version 5 -I /Users/siam/Library/Developer/Xcode/DerivedData/Lingua_Quest-gvpckrqxtbgyprbgppjfqmimmmfw/Build/Products/Debug-iphonesimulator -Isystem /Applications/Xcode.app/Contents/Developer/Platforms/iPhoneSimulator.platform/Developer/usr/lib -F /Users/siam/Library/Developer/Xcode/DerivedData/Lingua_Quest-gvpckrqxtbgyprbgppjfqmimmmfw/Build/Products/Debug-iphonesimulator/PackageFrameworks -F /Users/siam/Library/Developer/Xcode/DerivedData/Lingua_Quest-gvpckrqxtbgyprbgppjfqmimmmfw/Build/Products/Debug-iphonesimulator/PackageFrameworks -F /Users/siam/Library/Developer/Xcode/DerivedData/Lingua_Quest-gvpckrqxtbgyprbgppjfqmimmmfw/Build/Products/Debug-iphonesimulator/PackageFrameworks -F /Users/siam/Library/Developer/Xcode/DerivedData/Lingua_Quest-gvpckrqxtbgyprbgppjfqmimmmfw/Build/Products/Debug-iphonesimulator/PackageFrameworks -F /Users/siam/Library/Developer/Xcode/DerivedData/Lingua_Quest-gvpckrqxtbgyprbgppjfqmimmmfw/Build/Products/Debug-iphonesimulator/PackageFrameworks -F /Users/siam/Library/Developer/Xcode/DerivedData/Lingua_Quest-gvpckrqxtbgyprbgppjfqmimmmfw/Build/Products/Debug-iphonesimulator/PackageFrameworks -F /Users/siam/Library/Developer/Xcode/DerivedData/Lingua_Quest-gvpckrqxtbgyprbgppjfqmimmmfw/Build/Products/Debug-iphonesimulator/PackageFrameworks -F /Users/siam/Library/Developer/Xcode/DerivedData/Lingua_Quest-gvpckrqxtbgyprbgppjfqmimmmfw/Build/Products/Debug-iphonesimulator/PackageFrameworks -F /Users/siam/Library/Developer/Xcode/DerivedData/Lingua_Quest-gvpckrqxtbgyprbgppjfqmimmmfw/Build/Products/Debug-iphonesimulator/PackageFrameworks -F /Users/siam/Library/Developer/Xcode/DerivedData/Lingua_Quest-gvpckrqxtbgyprbgppjfqmimmmfw/Build/Products/Debug-iphonesimulator/PackageFrameworks -F /Users/siam/Library/Developer/Xcode/DerivedData/Lingua_Quest-gvpckrqxtbgyprbgppjfqmimmmfw/Build/Products/Debug-iphonesimulator/PackageFrameworks -F /Users/siam/Library/Developer/Xcode/DerivedData/Lingua_Quest-gvpckrqxtbgyprbgppjfqmimmmfw/Build/Products/Debug-iphonesimulator/PackageFrameworks -F /Users/siam/Library/Developer/Xcode/DerivedData/Lingua_Quest-gvpckrqxtbgyprbgppjfqmimmmfw/Build/Products/Debug-iphonesimulator/PackageFrameworks -F /Users/siam/Library/Developer/Xcode/DerivedData/Lingua_Quest-gvpckrqxtbgyprbgppjfqmimmmfw/Build/Products/Debug-iphonesimulator/PackageFrameworks -F /Users/siam/Library/Developer/Xcode/DerivedData/Lingua_Quest-gvpckrqxtbgyprbgppjfqmimmmfw/Build/Products/Debug-iphonesimulator/PackageFrameworks -F /Users/siam/Library/Developer/Xcode/DerivedData/Lingua_Quest-gvpckrqxtbgyprbgppjfqmimmmfw/Build/Products/Debug-iphonesimulator/PackageFrameworks -F /Users/siam/Library/Developer/Xcode/DerivedData/Lingua_Quest-gvpckrqxtbgyprbgppjfqmimmmfw/Build/Products/Debug-iphonesimulator/PackageFrameworks -F /Users/siam/Library/Developer/Xcode/DerivedData/Lingua_Quest-gvpckrqxtbgyprbgppjfqmimmmfw/Build/Products/Debug-iphonesimulator -F /Applications/Xcode.app/Contents/Developer/Platforms/iPhoneSimulator.platform/Developer/Library/Frameworks -F /Applications/Xcode.app/Contents/Developer/Platforms/iPhoneSimulator.platform/Developer/SDKs/iPhoneSimulator26.0.sdk/Developer/Library/Frameworks -c -j12 -enable-batch-mode -incremental -Xcc -ivfsstatcache -Xcc /Users/siam/Library/Developer/Xcode/DerivedData/SDKStatCaches.noindex/iphonesimulator26.0-23A339-26257891a6c027eb51374368541b8346.sdkstatcache -output-file-map /Users/siam/Library/Developer/Xcode/DerivedData/Lingua_Quest-gvpckrqxtbgyprbgppjfqmimmmfw/Build/Intermediates.noindex/Firebase.build/Debug-iphonesimulator/FirebaseFirestore.build/Objects-normal/arm64/FirebaseFirestore-OutputFileMap.json -use-frontend-parseable-output -save-temps -no-color-diagnostics -explicit-module-build -module-cache-path /Users/siam/Library/Developer/Xcode/DerivedData/Lingua_Quest-gvpckrqxtbgyprbgppjfqmimmmfw/Build/Intermediates.noindex/SwiftExplicitPrecompiledModules -clang-scanner-module-cache-path /Users/siam/Library/Developer/Xcode/DerivedData/ModuleCache.noindex -sdk-module-cache-path /Users/siam/Library/Developer/Xcode/DerivedData/ModuleCache.noindex -serialize-diagnostics -emit-dependencies -emit-module -emit-module-path /Users/siam/Library/Developer/Xcode/DerivedData/Lingua_Quest-gvpckrqxtbgyprbgppjfqmimmmfw/Build/Intermediates.noindex/Firebase.build/Debug-iphonesimulator/FirebaseFirestore.build/Objects-normal/arm64/FirebaseFirestore.swiftmodule -user-module-version 12.16.0 -validate-clang-modules-once -clang-build-session-file /Users/siam/Library/Developer/Xcode/DerivedData/ModuleCache.noindex/Session.modulevalidation -package-name firebase_ios_sdk -Xcc -I/Users/siam/Library/Developer/Xcode/DerivedData/Lingua_Quest-gvpckrqxtbgyprbgppjfqmimmmfw/Build/Intermediates.noindex/Firebase.build/Debug-iphonesimulator/FirebaseFirestore.build/swift-overrides.hmap -emit-const-values -Xfrontend -const-gather-protocols-file -Xfrontend /Users/siam/Library/Developer/Xcode/DerivedData/Lingua_Quest-gvpckrqxtbgyprbgppjfqmimmmfw/Build/Intermediates.noindex/Firebase.build/Debug-iphonesimulator/FirebaseFirestore.build/Objects-normal/arm64/FirebaseFirestore_const_extract_protocols.json -Xcc -I/Users/siam/Library/Developer/Xcode/DerivedData/Lingua_Quest-gvpckrqxtbgyprbgppjfqmimmmfw/SourcePackages/checkouts/GoogleUtilities/GoogleUtilities/NSData+zlib/Public -Xcc -I/Users/siam/Library/Developer/Xcode/DerivedData/Lingua_Quest-gvpckrqxtbgyprbgppjfqmimmmfw/SourcePackages/checkouts/GoogleUtilities/GoogleUtilities/Environment/Public -Xcc -I/Users/siam/Library/Developer/Xcode/DerivedData/Lingua_Quest-gvpckrqxtbgyprbgppjfqmimmmfw/SourcePackages/checkouts/GoogleUtilities/third_party/IsAppEncrypted/Public -Xcc -I/Users/siam/Library/Developer/Xcode/DerivedData/Lingua_Quest-gvpckrqxtbgyprbgppjfqmimmmfw/SourcePackages/checkouts/GoogleUtilities/GoogleUtilities/Logger/Public -Xcc -I/Users/siam/Library/Developer/Xcode/DerivedData/Lingua_Quest-gvpckrqxtbgyprbgppjfqmimmmfw/SourcePackages/checkouts/abseil-cpp-binary/absl-Wrapper/include -Xcc -I/Users/siam/Library/Developer/Xcode/DerivedData/Lingua_Quest-gvpckrqxtbgyprbgppjfqmimmmfw/SourcePackages/checkouts/grpc-binary/openssl-grpc-Wrapper/include -Xcc -I/Users/siam/Library/Developer/Xcode/DerivedData/Lingua_Quest-gvpckrqxtbgyprbgppjfqmimmmfw/SourcePackages/checkouts/grpc-binary/grpc-Wrapper/include -Xcc -I/Users/siam/Library/Developer/Xcode/DerivedData/Lingua_Quest-gvpckrqxtbgyprbgppjfqmimmmfw/SourcePackages/checkouts/grpc-binary/grpcpp-Wrapper/include -Xcc -I/Users/siam/Library/Developer/Xcode/DerivedData/Lingua_Quest-gvpckrqxtbgyprbgppjfqmimmmfw/SourcePackages/checkouts/nanopb/spm_headers -Xcc -I/Users/siam/Library/Developer/Xcode/DerivedData/Lingua_Quest-gvpckrqxtbgyprbgppjfqmimmmfw/SourcePackages/checkouts/leveldb/include -Xcc -I/Users/siam/Library/Developer/Xcode/DerivedData/Lingua_Quest-gvpckrqxtbgyprbgppjfqmimmmfw/SourcePackages/checkouts/firebase-ios-sdk/FirebaseCore/Extension -Xcc -I/Users/siam/Library/Developer/Xcode/DerivedData/Lingua_Quest-gvpckrqxtbgyprbgppjfqmimmmfw/SourcePackages/checkouts/firebase-ios-sdk/FirebaseCore/Sources/Public -Xcc -I/Users/siam/Library/Developer/Xcode/DerivedData/Lingua_Quest-gvpckrqxtbgyprbgppjfqmimmmfw/SourcePackages/checkouts/firebase-ios-sdk/CoreOnly/Sources -Xcc -I/Users/siam/Library/Developer/Xcode/DerivedData/Lingua_Quest-gvpckrqxtbgyprbgppjfqmimmmfw/SourcePackages/checkouts/firebase-ios-sdk/FirebaseAppCheck/Interop/Public -Xcc -I/Users/siam/Library/Developer/Xcode/DerivedData/Lingua_Quest-gvpckrqxtbgyprbgppjfqmimmmfw/SourcePackages/checkouts/firebase-ios-sdk/FirebaseFirestoreInternal -Xcc -I/Users/siam/Library/Developer/Xcode/DerivedData/Lingua_Quest-gvpckrqxtbgyprbgppjfqmimmmfw/Build/Products/Debug-iphonesimulator/include -Xcc -I/Users/siam/Library/Developer/Xcode/DerivedData/Lingua_Quest-gvpckrqxtbgyprbgppjfqmimmmfw/Build/Intermediates.noindex/Firebase.build/Debug-iphonesimulator/FirebaseFirestore.build/DerivedSources-normal/arm64 -Xcc -I/Users/siam/Library/Developer/Xcode/DerivedData/Lingua_Quest-gvpckrqxtbgyprbgppjfqmimmmfw/Build/Intermediates.noindex/Firebase.build/Debug-iphonesimulator/FirebaseFirestore.build/DerivedSources/arm64 -Xcc -I/Users/siam/Library/Developer/Xcode/DerivedData/Lingua_Quest-gvpckrqxtbgyprbgppjfqmimmmfw/Build/Intermediates.noindex/Firebase.build/Debug-iphonesimulator/FirebaseFirestore.build/DerivedSources -Xcc -DSWIFT_PACKAGE -Xcc -DDEBUG\=1 -emit-objc-header -emit-objc-header-path /Users/siam/Library/Developer/Xcode/DerivedData/Lingua_Quest-gvpckrqxtbgyprbgppjfqmimmmfw/Build/Intermediates.noindex/Firebase.build/Debug-iphonesimulator/FirebaseFirestore.build/Objects-normal/arm64/FirebaseFirestore-Swift.h -working-directory /Users/siam/Desktop/Lingua\ Quest/Lingua\ Quest.xcodeproj -experimental-emit-module-separately -disable-cmo

SwiftDriver FirebaseFirestore normal x86_64 com.apple.xcode.tools.swift.compiler (in target 'FirebaseFirestore' from project 'Firebase')
    cd /Users/siam/Desktop/Lingua\ Quest/Lingua\ Quest.xcodeproj
    builtin-SwiftDriver -- /Applications/Xcode.app/Contents/Developer/Toolchains/XcodeDefault.xctoolchain/usr/bin/swiftc -module-name FirebaseFirestore -Onone -enforce-exclusivity\=checked @/Users/siam/Library/Developer/Xcode/DerivedData/Lingua_Quest-gvpckrqxtbgyprbgppjfqmimmmfw/Build/Intermediates.noindex/Firebase.build/Debug-iphonesimulator/FirebaseFirestore.build/Objects-normal/x86_64/FirebaseFirestore.SwiftFileList -DSWIFT_PACKAGE -DDEBUG -DSWIFT_MODULE_RESOURCE_BUNDLE_AVAILABLE -Xcc -fmodule-map-file\=/Users/siam/Library/Developer/Xcode/DerivedData/Lingua_Quest-gvpckrqxtbgyprbgppjfqmimmmfw/Build/Intermediates.noindex/GeneratedModuleMaps-iphonesimulator/GoogleUtilities-NSData.modulemap -Xcc -fmodule-map-file\=/Users/siam/Library/Developer/Xcode/DerivedData/Lingua_Quest-gvpckrqxtbgyprbgppjfqmimmmfw/Build/Intermediates.noindex/GeneratedModuleMaps-iphonesimulator/GoogleUtilities-Environment.modulemap -Xcc -fmodule-map-file\=/Users/siam/Library/Developer/Xcode/DerivedData/Lingua_Quest-gvpckrqxtbgyprbgppjfqmimmmfw/Build/Intermediates.noindex/GeneratedModuleMaps-iphonesimulator/third-party-IsAppEncrypted.modulemap -Xcc -fmodule-map-file\=/Users/siam/Library/Developer/Xcode/DerivedData/Lingua_Quest-gvpckrqxtbgyprbgppjfqmimmmfw/Build/Intermediates.noindex/GeneratedModuleMaps-iphonesimulator/GoogleUtilities-Logger.modulemap -Xcc -fmodule-map-file\=/Users/siam/Library/Developer/Xcode/DerivedData/Lingua_Quest-gvpckrqxtbgyprbgppjfqmimmmfw/Build/Intermediates.noindex/GeneratedModuleMaps-iphonesimulator/abslWrapper.modulemap -Xcc -fmodule-map-file\=/Users/siam/Library/Developer/Xcode/DerivedData/Lingua_Quest-gvpckrqxtbgyprbgppjfqmimmmfw/Build/Intermediates.noindex/GeneratedModuleMaps-iphonesimulator/opensslWrapper.modulemap -Xcc -fmodule-map-file\=/Users/siam/Library/Developer/Xcode/DerivedData/Lingua_Quest-gvpckrqxtbgyprbgppjfqmimmmfw/Build/Intermediates.noindex/GeneratedModuleMaps-iphonesimulator/grpcWrapper.modulemap -Xcc -fmodule-map-file\=/Users/siam/Library/Developer/Xcode/DerivedData/Lingua_Quest-gvpckrqxtbgyprbgppjfqmimmmfw/Build/Intermediates.noindex/GeneratedModuleMaps-iphonesimulator/grpcppWrapper.modulemap -Xcc -fmodule-map-file\=/Users/siam/Library/Developer/Xcode/DerivedData/Lingua_Quest-gvpckrqxtbgyprbgppjfqmimmmfw/Build/Intermediates.noindex/GeneratedModuleMaps-iphonesimulator/nanopb.modulemap -Xcc -fmodule-map-file\=/Users/siam/Library/Developer/Xcode/DerivedData/Lingua_Quest-gvpckrqxtbgyprbgppjfqmimmmfw/Build/Intermediates.noindex/GeneratedModuleMaps-iphonesimulator/leveldb.modulemap -Xcc -fmodule-map-file\=/Users/siam/Library/Developer/Xcode/DerivedData/Lingua_Quest-gvpckrqxtbgyprbgppjfqmimmmfw/Build/Intermediates.noindex/GeneratedModuleMaps-iphonesimulator/FirebaseCoreExtension.modulemap -Xcc -fmodule-map-file\=/Users/siam/Library/Developer/Xcode/DerivedData/Lingua_Quest-gvpckrqxtbgyprbgppjfqmimmmfw/Build/Intermediates.noindex/GeneratedModuleMaps-iphonesimulator/FirebaseCore.modulemap -Xcc -fmodule-map-file\=/Users/siam/Library/Developer/Xcode/DerivedData/Lingua_Quest-gvpckrqxtbgyprbgppjfqmimmmfw/Build/Intermediates.noindex/GeneratedModuleMaps-iphonesimulator/FirebaseAppCheckInterop.modulemap -Xcc -fmodule-map-file\=/Users/siam/Library/Developer/Xcode/DerivedData/Lingua_Quest-gvpckrqxtbgyprbgppjfqmimmmfw/Build/Intermediates.noindex/GeneratedModuleMaps-iphonesimulator/FirebaseFirestoreInternalWrapper.modulemap -DXcode -plugin-path /Applications/Xcode.app/Contents/Developer/Toolchains/XcodeDefault.xctoolchain/usr/lib/swift/host/plugins/testing -enable-experimental-feature DebugDescriptionMacro -sdk /Applications/Xcode.app/Contents/Developer/Platforms/iPhoneSimulator.platform/Developer/SDKs/iPhoneSimulator26.0.sdk -target x86_64-apple-ios15.0-simulator -g -module-cache-path /Users/siam/Library/Developer/Xcode/DerivedData/ModuleCache.noindex -Xfrontend -serialize-debugging-options -profile-coverage-mapping -profile-generate -enable-testing -suppress-warnings -index-store-path /Users/siam/Library/Developer/Xcode/DerivedData/Lingua_Quest-gvpckrqxtbgyprbgppjfqmimmmfw/Index.noindex/DataStore -Xcc -D_LIBCPP_HARDENING_MODE\=_LIBCPP_HARDENING_MODE_DEBUG -swift-version 5 -I /Users/siam/Library/Developer/Xcode/DerivedData/Lingua_Quest-gvpckrqxtbgyprbgppjfqmimmmfw/Build/Products/Debug-iphonesimulator -Isystem /Applications/Xcode.app/Contents/Developer/Platforms/iPhoneSimulator.platform/Developer/usr/lib -F /Users/siam/Library/Developer/Xcode/DerivedData/Lingua_Quest-gvpckrqxtbgyprbgppjfqmimmmfw/Build/Products/Debug-iphonesimulator/PackageFrameworks -F /Users/siam/Library/Developer/Xcode/DerivedData/Lingua_Quest-gvpckrqxtbgyprbgppjfqmimmmfw/Build/Products/Debug-iphonesimulator/PackageFrameworks -F /Users/siam/Library/Developer/Xcode/DerivedData/Lingua_Quest-gvpckrqxtbgyprbgppjfqmimmmfw/Build/Products/Debug-iphonesimulator/PackageFrameworks -F /Users/siam/Library/Developer/Xcode/DerivedData/Lingua_Quest-gvpckrqxtbgyprbgppjfqmimmmfw/Build/Products/Debug-iphonesimulator/PackageFrameworks -F /Users/siam/Library/Developer/Xcode/DerivedData/Lingua_Quest-gvpckrqxtbgyprbgppjfqmimmmfw/Build/Products/Debug-iphonesimulator/PackageFrameworks -F /Users/siam/Library/Developer/Xcode/DerivedData/Lingua_Quest-gvpckrqxtbgyprbgppjfqmimmmfw/Build/Products/Debug-iphonesimulator/PackageFrameworks -F /Users/siam/Library/Developer/Xcode/DerivedData/Lingua_Quest-gvpckrqxtbgyprbgppjfqmimmmfw/Build/Products/Debug-iphonesimulator/PackageFrameworks -F /Users/siam/Library/Developer/Xcode/DerivedData/Lingua_Quest-gvpckrqxtbgyprbgppjfqmimmmfw/Build/Products/Debug-iphonesimulator/PackageFrameworks -F /Users/siam/Library/Developer/Xcode/DerivedData/Lingua_Quest-gvpckrqxtbgyprbgppjfqmimmmfw/Build/Products/Debug-iphonesimulator/PackageFrameworks -F /Users/siam/Library/Developer/Xcode/DerivedData/Lingua_Quest-gvpckrqxtbgyprbgppjfqmimmmfw/Build/Products/Debug-iphonesimulator/PackageFrameworks -F /Users/siam/Library/Developer/Xcode/DerivedData/Lingua_Quest-gvpckrqxtbgyprbgppjfqmimmmfw/Build/Products/Debug-iphonesimulator/PackageFrameworks -F /Users/siam/Library/Developer/Xcode/DerivedData/Lingua_Quest-gvpckrqxtbgyprbgppjfqmimmmfw/Build/Products/Debug-iphonesimulator/PackageFrameworks -F /Users/siam/Library/Developer/Xcode/DerivedData/Lingua_Quest-gvpckrqxtbgyprbgppjfqmimmmfw/Build/Products/Debug-iphonesimulator/PackageFrameworks -F /Users/siam/Library/Developer/Xcode/DerivedData/Lingua_Quest-gvpckrqxtbgyprbgppjfqmimmmfw/Build/Products/Debug-iphonesimulator/PackageFrameworks -F /Users/siam/Library/Developer/Xcode/DerivedData/Lingua_Quest-gvpckrqxtbgyprbgppjfqmimmmfw/Build/Products/Debug-iphonesimulator/PackageFrameworks -F /Users/siam/Library/Developer/Xcode/DerivedData/Lingua_Quest-gvpckrqxtbgyprbgppjfqmimmmfw/Build/Products/Debug-iphonesimulator/PackageFrameworks -F /Users/siam/Library/Developer/Xcode/DerivedData/Lingua_Quest-gvpckrqxtbgyprbgppjfqmimmmfw/Build/Products/Debug-iphonesimulator/PackageFrameworks -F /Users/siam/Library/Developer/Xcode/DerivedData/Lingua_Quest-gvpckrqxtbgyprbgppjfqmimmmfw/Build/Products/Debug-iphonesimulator -F /Applications/Xcode.app/Contents/Developer/Platforms/iPhoneSimulator.platform/Developer/Library/Frameworks -F /Applications/Xcode.app/Contents/Developer/Platforms/iPhoneSimulator.platform/Developer/SDKs/iPhoneSimulator26.0.sdk/Developer/Library/Frameworks -c -j12 -enable-batch-mode -incremental -Xcc -ivfsstatcache -Xcc /Users/siam/Library/Developer/Xcode/DerivedData/SDKStatCaches.noindex/iphonesimulator26.0-23A339-26257891a6c027eb51374368541b8346.sdkstatcache -output-file-map /Users/siam/Library/Developer/Xcode/DerivedData/Lingua_Quest-gvpckrqxtbgyprbgppjfqmimmmfw/Build/Intermediates.noindex/Firebase.build/Debug-iphonesimulator/FirebaseFirestore.build/Objects-normal/x86_64/FirebaseFirestore-OutputFileMap.json -use-frontend-parseable-output -save-temps -no-color-diagnostics -explicit-module-build -module-cache-path /Users/siam/Library/Developer/Xcode/DerivedData/Lingua_Quest-gvpckrqxtbgyprbgppjfqmimmmfw/Build/Intermediates.noindex/SwiftExplicitPrecompiledModules -clang-scanner-module-cache-path /Users/siam/Library/Developer/Xcode/DerivedData/ModuleCache.noindex -sdk-module-cache-path /Users/siam/Library/Developer/Xcode/DerivedData/ModuleCache.noindex -serialize-diagnostics -emit-dependencies -emit-module -emit-module-path /Users/siam/Library/Developer/Xcode/DerivedData/Lingua_Quest-gvpckrqxtbgyprbgppjfqmimmmfw/Build/Intermediates.noindex/Firebase.build/Debug-iphonesimulator/FirebaseFirestore.build/Objects-normal/x86_64/FirebaseFirestore.swiftmodule -user-module-version 12.16.0 -validate-clang-modules-once -clang-build-session-file /Users/siam/Library/Developer/Xcode/DerivedData/ModuleCache.noindex/Session.modulevalidation -package-name firebase_ios_sdk -Xcc -I/Users/siam/Library/Developer/Xcode/DerivedData/Lingua_Quest-gvpckrqxtbgyprbgppjfqmimmmfw/Build/Intermediates.noindex/Firebase.build/Debug-iphonesimulator/FirebaseFirestore.build/swift-overrides.hmap -emit-const-values -Xfrontend -const-gather-protocols-file -Xfrontend /Users/siam/Library/Developer/Xcode/DerivedData/Lingua_Quest-gvpckrqxtbgyprbgppjfqmimmmfw/Build/Intermediates.noindex/Firebase.build/Debug-iphonesimulator/FirebaseFirestore.build/Objects-normal/x86_64/FirebaseFirestore_const_extract_protocols.json -Xcc -I/Users/siam/Library/Developer/Xcode/DerivedData/Lingua_Quest-gvpckrqxtbgyprbgppjfqmimmmfw/SourcePackages/checkouts/GoogleUtilities/GoogleUtilities/NSData+zlib/Public -Xcc -I/Users/siam/Library/Developer/Xcode/DerivedData/Lingua_Quest-gvpckrqxtbgyprbgppjfqmimmmfw/SourcePackages/checkouts/GoogleUtilities/GoogleUtilities/Environment/Public -Xcc -I/Users/siam/Library/Developer/Xcode/DerivedData/Lingua_Quest-gvpckrqxtbgyprbgppjfqmimmmfw/SourcePackages/checkouts/GoogleUtilities/third_party/IsAppEncrypted/Public -Xcc -I/Users/siam/Library/Developer/Xcode/DerivedData/Lingua_Quest-gvpckrqxtbgyprbgppjfqmimmmfw/SourcePackages/checkouts/GoogleUtilities/GoogleUtilities/Logger/Public -Xcc -I/Users/siam/Library/Developer/Xcode/DerivedData/Lingua_Quest-gvpckrqxtbgyprbgppjfqmimmmfw/SourcePackages/checkouts/abseil-cpp-binary/absl-Wrapper/include -Xcc -I/Users/siam/Library/Developer/Xcode/DerivedData/Lingua_Quest-gvpckrqxtbgyprbgppjfqmimmmfw/SourcePackages/checkouts/grpc-binary/openssl-grpc-Wrapper/include -Xcc -I/Users/siam/Library/Developer/Xcode/DerivedData/Lingua_Quest-gvpckrqxtbgyprbgppjfqmimmmfw/SourcePackages/checkouts/grpc-binary/grpc-Wrapper/include -Xcc -I/Users/siam/Library/Developer/Xcode/DerivedData/Lingua_Quest-gvpckrqxtbgyprbgppjfqmimmmfw/SourcePackages/checkouts/grpc-binary/grpcpp-Wrapper/include -Xcc -I/Users/siam/Library/Developer/Xcode/DerivedData/Lingua_Quest-gvpckrqxtbgyprbgppjfqmimmmfw/SourcePackages/checkouts/nanopb/spm_headers -Xcc -I/Users/siam/Library/Developer/Xcode/DerivedData/Lingua_Quest-gvpckrqxtbgyprbgppjfqmimmmfw/SourcePackages/checkouts/leveldb/include -Xcc -I/Users/siam/Library/Developer/Xcode/DerivedData/Lingua_Quest-gvpckrqxtbgyprbgppjfqmimmmfw/SourcePackages/checkouts/firebase-ios-sdk/FirebaseCore/Extension -Xcc -I/Users/siam/Library/Developer/Xcode/DerivedData/Lingua_Quest-gvpckrqxtbgyprbgppjfqmimmmfw/SourcePackages/checkouts/firebase-ios-sdk/FirebaseCore/Sources/Public -Xcc -I/Users/siam/Library/Developer/Xcode/DerivedData/Lingua_Quest-gvpckrqxtbgyprbgppjfqmimmmfw/SourcePackages/checkouts/firebase-ios-sdk/CoreOnly/Sources -Xcc -I/Users/siam/Library/Developer/Xcode/DerivedData/Lingua_Quest-gvpckrqxtbgyprbgppjfqmimmmfw/SourcePackages/checkouts/firebase-ios-sdk/FirebaseAppCheck/Interop/Public -Xcc -I/Users/siam/Library/Developer/Xcode/DerivedData/Lingua_Quest-gvpckrqxtbgyprbgppjfqmimmmfw/SourcePackages/checkouts/firebase-ios-sdk/FirebaseFirestoreInternal -Xcc -I/Users/siam/Library/Developer/Xcode/DerivedData/Lingua_Quest-gvpckrqxtbgyprbgppjfqmimmmfw/Build/Products/Debug-iphonesimulator/include -Xcc -I/Users/siam/Library/Developer/Xcode/DerivedData/Lingua_Quest-gvpckrqxtbgyprbgppjfqmimmmfw/Build/Intermediates.noindex/Firebase.build/Debug-iphonesimulator/FirebaseFirestore.build/DerivedSources-normal/x86_64 -Xcc -I/Users/siam/Library/Developer/Xcode/DerivedData/Lingua_Quest-gvpckrqxtbgyprbgppjfqmimmmfw/Build/Intermediates.noindex/Firebase.build/Debug-iphonesimulator/FirebaseFirestore.build/DerivedSources/x86_64 -Xcc -I/Users/siam/Library/Developer/Xcode/DerivedData/Lingua_Quest-gvpckrqxtbgyprbgppjfqmimmmfw/Build/Intermediates.noindex/Firebase.build/Debug-iphonesimulator/FirebaseFirestore.build/DerivedSources -Xcc -DSWIFT_PACKAGE -Xcc -DDEBUG\=1 -emit-objc-header -emit-objc-header-path /Users/siam/Library/Developer/Xcode/DerivedData/Lingua_Quest-gvpckrqxtbgyprbgppjfqmimmmfw/Build/Intermediates.noindex/Firebase.build/Debug-iphonesimulator/FirebaseFirestore.build/Objects-normal/x86_64/FirebaseFirestore-Swift.h -working-directory /Users/siam/Desktop/Lingua\ Quest/Lingua\ Quest.xcodeproj -experimental-emit-module-separately -disable-cmo

SwiftDriverJobDiscovery normal x86_64 Compiling resource_bundle_accessor.swift, Heartbeat.swift (in target 'FirebaseCoreInternal' from project 'Firebase')

CreateUniversalBinary /Users/siam/Library/Developer/Xcode/DerivedData/Lingua_Quest-gvpckrqxtbgyprbgppjfqmimmmfw/Build/Products/Debug-iphonesimulator/FirebaseAuthInternal.o normal arm64\ x86_64 (in target 'FirebaseAuthInternal' from project 'Firebase')
    cd /Users/siam/Library/Developer/Xcode/DerivedData/Lingua_Quest-gvpckrqxtbgyprbgppjfqmimmmfw/SourcePackages/checkouts/firebase-ios-sdk
    /Applications/Xcode.app/Contents/Developer/Toolchains/XcodeDefault.xctoolchain/usr/bin/lipo -create /Users/siam/Library/Developer/Xcode/DerivedData/Lingua_Quest-gvpckrqxtbgyprbgppjfqmimmmfw/Build/Intermediates.noindex/Firebase.build/Debug-iphonesimulator/FirebaseAuthInternal.build/Objects-normal/arm64/Binary/FirebaseAuthInternal.o /Users/siam/Library/Developer/Xcode/DerivedData/Lingua_Quest-gvpckrqxtbgyprbgppjfqmimmmfw/Build/Intermediates.noindex/Firebase.build/Debug-iphonesimulator/FirebaseAuthInternal.build/Objects-normal/x86_64/Binary/FirebaseAuthInternal.o -output /Users/siam/Library/Developer/Xcode/DerivedData/Lingua_Quest-gvpckrqxtbgyprbgppjfqmimmmfw/Build/Products/Debug-iphonesimulator/FirebaseAuthInternal.o

SwiftDriver FirebaseAuth normal arm64 com.apple.xcode.tools.swift.compiler (in target 'FirebaseAuth' from project 'Firebase')
    cd /Users/siam/Desktop/Lingua\ Quest/Lingua\ Quest.xcodeproj
    builtin-SwiftDriver -- /Applications/Xcode.app/Contents/Developer/Toolchains/XcodeDefault.xctoolchain/usr/bin/swiftc -module-name FirebaseAuth -Onone -enforce-exclusivity\=checked @/Users/siam/Library/Developer/Xcode/DerivedData/Lingua_Quest-gvpckrqxtbgyprbgppjfqmimmmfw/Build/Intermediates.noindex/Firebase.build/Debug-iphonesimulator/FirebaseAuth.build/Objects-normal/arm64/FirebaseAuth.SwiftFileList -DSWIFT_PACKAGE -DDEBUG -DSWIFT_MODULE_RESOURCE_BUNDLE_AVAILABLE -Xcc -fmodule-map-file\=/Users/siam/Library/Developer/Xcode/DerivedData/Lingua_Quest-gvpckrqxtbgyprbgppjfqmimmmfw/Build/Intermediates.noindex/GeneratedModuleMaps-iphonesimulator/RecaptchaInterop.modulemap -Xcc -fmodule-map-file\=/Users/siam/Library/Developer/Xcode/DerivedData/Lingua_Quest-gvpckrqxtbgyprbgppjfqmimmmfw/Build/Intermediates.noindex/GeneratedModuleMaps-iphonesimulator/GoogleUtilities-Network.modulemap -Xcc -fmodule-map-file\=/Users/siam/Library/Developer/Xcode/DerivedData/Lingua_Quest-gvpckrqxtbgyprbgppjfqmimmmfw/Build/Intermediates.noindex/GeneratedModuleMaps-iphonesimulator/GoogleUtilities-Reachability.modulemap -Xcc -fmodule-map-file\=/Users/siam/Library/Developer/Xcode/DerivedData/Lingua_Quest-gvpckrqxtbgyprbgppjfqmimmmfw/Build/Intermediates.noindex/GeneratedModuleMaps-iphonesimulator/GoogleUtilities-NSData.modulemap -Xcc -fmodule-map-file\=/Users/siam/Library/Developer/Xcode/DerivedData/Lingua_Quest-gvpckrqxtbgyprbgppjfqmimmmfw/Build/Intermediates.noindex/GeneratedModuleMaps-iphonesimulator/GoogleUtilities-Logger.modulemap -Xcc -fmodule-map-file\=/Users/siam/Library/Developer/Xcode/DerivedData/Lingua_Quest-gvpckrqxtbgyprbgppjfqmimmmfw/Build/Intermediates.noindex/GeneratedModuleMaps-iphonesimulator/GoogleUtilities-Environment.modulemap -Xcc -fmodule-map-file\=/Users/siam/Library/Developer/Xcode/DerivedData/Lingua_Quest-gvpckrqxtbgyprbgppjfqmimmmfw/Build/Intermediates.noindex/GeneratedModuleMaps-iphonesimulator/third-party-IsAppEncrypted.modulemap -Xcc -fmodule-map-file\=/Users/siam/Library/Developer/Xcode/DerivedData/Lingua_Quest-gvpckrqxtbgyprbgppjfqmimmmfw/Build/Intermediates.noindex/GeneratedModuleMaps-iphonesimulator/GoogleUtilities-AppDelegateSwizzler.modulemap -Xcc -fmodule-map-file\=/Users/siam/Library/Developer/Xcode/DerivedData/Lingua_Quest-gvpckrqxtbgyprbgppjfqmimmmfw/Build/Intermediates.noindex/GeneratedModuleMaps-iphonesimulator/GTMSessionFetcherCore.modulemap -Xcc -fmodule-map-file\=/Users/siam/Library/Developer/Xcode/DerivedData/Lingua_Quest-gvpckrqxtbgyprbgppjfqmimmmfw/Build/Intermediates.noindex/GeneratedModuleMaps-iphonesimulator/FirebaseCoreExtension.modulemap -Xcc -fmodule-map-file\=/Users/siam/Library/Developer/Xcode/DerivedData/Lingua_Quest-gvpckrqxtbgyprbgppjfqmimmmfw/Build/Intermediates.noindex/GeneratedModuleMaps-iphonesimulator/FirebaseCore.modulemap -Xcc -fmodule-map-file\=/Users/siam/Library/Developer/Xcode/DerivedData/Lingua_Quest-gvpckrqxtbgyprbgppjfqmimmmfw/Build/Intermediates.noindex/GeneratedModuleMaps-iphonesimulator/FirebaseAuthInternal.modulemap -Xcc -fmodule-map-file\=/Users/siam/Library/Developer/Xcode/DerivedData/Lingua_Quest-gvpckrqxtbgyprbgppjfqmimmmfw/Build/Intermediates.noindex/GeneratedModuleMaps-iphonesimulator/FirebaseAuthInterop.modulemap -Xcc -fmodule-map-file\=/Users/siam/Library/Developer/Xcode/DerivedData/Lingua_Quest-gvpckrqxtbgyprbgppjfqmimmmfw/Build/Intermediates.noindex/GeneratedModuleMaps-iphonesimulator/FirebaseAppCheckInterop.modulemap -DXcode -plugin-path /Applications/Xcode.app/Contents/Developer/Toolchains/XcodeDefault.xctoolchain/usr/lib/swift/host/plugins/testing -enable-experimental-feature DebugDescriptionMacro -sdk /Applications/Xcode.app/Contents/Developer/Platforms/iPhoneSimulator.platform/Developer/SDKs/iPhoneSimulator26.0.sdk -target arm64-apple-ios15.0-simulator -g -module-cache-path /Users/siam/Library/Developer/Xcode/DerivedData/ModuleCache.noindex -Xfrontend -serialize-debugging-options -profile-coverage-mapping -profile-generate -enable-testing -suppress-warnings -index-store-path /Users/siam/Library/Developer/Xcode/DerivedData/Lingua_Quest-gvpckrqxtbgyprbgppjfqmimmmfw/Index.noindex/DataStore -Xcc -D_LIBCPP_HARDENING_MODE\=_LIBCPP_HARDENING_MODE_DEBUG -swift-version 5 -I /Users/siam/Library/Developer/Xcode/DerivedData/Lingua_Quest-gvpckrqxtbgyprbgppjfqmimmmfw/Build/Products/Debug-iphonesimulator -Isystem /Applications/Xcode.app/Contents/Developer/Platforms/iPhoneSimulator.platform/Developer/usr/lib -F /Users/siam/Library/Developer/Xcode/DerivedData/Lingua_Quest-gvpckrqxtbgyprbgppjfqmimmmfw/Build/Products/Debug-iphonesimulator/PackageFrameworks -F /Users/siam/Library/Developer/Xcode/DerivedData/Lingua_Quest-gvpckrqxtbgyprbgppjfqmimmmfw/Build/Products/Debug-iphonesimulator/PackageFrameworks -F /Users/siam/Library/Developer/Xcode/DerivedData/Lingua_Quest-gvpckrqxtbgyprbgppjfqmimmmfw/Build/Products/Debug-iphonesimulator/PackageFrameworks -F /Users/siam/Library/Developer/Xcode/DerivedData/Lingua_Quest-gvpckrqxtbgyprbgppjfqmimmmfw/Build/Products/Debug-iphonesimulator/PackageFrameworks -F /Users/siam/Library/Developer/Xcode/DerivedData/Lingua_Quest-gvpckrqxtbgyprbgppjfqmimmmfw/Build/Products/Debug-iphonesimulator/PackageFrameworks -F /Users/siam/Library/Developer/Xcode/DerivedData/Lingua_Quest-gvpckrqxtbgyprbgppjfqmimmmfw/Build/Products/Debug-iphonesimulator/PackageFrameworks -F /Users/siam/Library/Developer/Xcode/DerivedData/Lingua_Quest-gvpckrqxtbgyprbgppjfqmimmmfw/Build/Products/Debug-iphonesimulator/PackageFrameworks -F /Users/siam/Library/Developer/Xcode/DerivedData/Lingua_Quest-gvpckrqxtbgyprbgppjfqmimmmfw/Build/Products/Debug-iphonesimulator/PackageFrameworks -F /Users/siam/Library/Developer/Xcode/DerivedData/Lingua_Quest-gvpckrqxtbgyprbgppjfqmimmmfw/Build/Products/Debug-iphonesimulator/PackageFrameworks -F /Users/siam/Library/Developer/Xcode/DerivedData/Lingua_Quest-gvpckrqxtbgyprbgppjfqmimmmfw/Build/Products/Debug-iphonesimulator/PackageFrameworks -F /Users/siam/Library/Developer/Xcode/DerivedData/Lingua_Quest-gvpckrqxtbgyprbgppjfqmimmmfw/Build/Products/Debug-iphonesimulator/PackageFrameworks -F /Users/siam/Library/Developer/Xcode/DerivedData/Lingua_Quest-gvpckrqxtbgyprbgppjfqmimmmfw/Build/Products/Debug-iphonesimulator/PackageFrameworks -F /Users/siam/Library/Developer/Xcode/DerivedData/Lingua_Quest-gvpckrqxtbgyprbgppjfqmimmmfw/Build/Products/Debug-iphonesimulator/PackageFrameworks -F /Users/siam/Library/Developer/Xcode/DerivedData/Lingua_Quest-gvpckrqxtbgyprbgppjfqmimmmfw/Build/Products/Debug-iphonesimulator/PackageFrameworks -F /Users/siam/Library/Developer/Xcode/DerivedData/Lingua_Quest-gvpckrqxtbgyprbgppjfqmimmmfw/Build/Products/Debug-iphonesimulator/PackageFrameworks -F /Users/siam/Library/Developer/Xcode/DerivedData/Lingua_Quest-gvpckrqxtbgyprbgppjfqmimmmfw/Build/Products/Debug-iphonesimulator/PackageFrameworks -F /Users/siam/Library/Developer/Xcode/DerivedData/Lingua_Quest-gvpckrqxtbgyprbgppjfqmimmmfw/Build/Products/Debug-iphonesimulator -F /Applications/Xcode.app/Contents/Developer/Platforms/iPhoneSimulator.platform/Developer/Library/Frameworks -F /Applications/Xcode.app/Contents/Developer/Platforms/iPhoneSimulator.platform/Developer/SDKs/iPhoneSimulator26.0.sdk/Developer/Library/Frameworks -c -j12 -enable-batch-mode -incremental -Xcc -ivfsstatcache -Xcc /Users/siam/Library/Developer/Xcode/DerivedData/SDKStatCaches.noindex/iphonesimulator26.0-23A339-26257891a6c027eb51374368541b8346.sdkstatcache -output-file-map /Users/siam/Library/Developer/Xcode/DerivedData/Lingua_Quest-gvpckrqxtbgyprbgppjfqmimmmfw/Build/Intermediates.noindex/Firebase.build/Debug-iphonesimulator/FirebaseAuth.build/Objects-normal/arm64/FirebaseAuth-OutputFileMap.json -use-frontend-parseable-output -save-temps -no-color-diagnostics -explicit-module-build -module-cache-path /Users/siam/Library/Developer/Xcode/DerivedData/Lingua_Quest-gvpckrqxtbgyprbgppjfqmimmmfw/Build/Intermediates.noindex/SwiftExplicitPrecompiledModules -clang-scanner-module-cache-path /Users/siam/Library/Developer/Xcode/DerivedData/ModuleCache.noindex -sdk-module-cache-path /Users/siam/Library/Developer/Xcode/DerivedData/ModuleCache.noindex -serialize-diagnostics -emit-dependencies -emit-module -emit-module-path /Users/siam/Library/Developer/Xcode/DerivedData/Lingua_Quest-gvpckrqxtbgyprbgppjfqmimmmfw/Build/Intermediates.noindex/Firebase.build/Debug-iphonesimulator/FirebaseAuth.build/Objects-normal/arm64/FirebaseAuth.swiftmodule -user-module-version 12.16.0 -validate-clang-modules-once -clang-build-session-file /Users/siam/Library/Developer/Xcode/DerivedData/ModuleCache.noindex/Session.modulevalidation -package-name firebase_ios_sdk -Xcc -I/Users/siam/Library/Developer/Xcode/DerivedData/Lingua_Quest-gvpckrqxtbgyprbgppjfqmimmmfw/Build/Intermediates.noindex/Firebase.build/Debug-iphonesimulator/FirebaseAuth.build/swift-overrides.hmap -emit-const-values -Xfrontend -const-gather-protocols-file -Xfrontend /Users/siam/Library/Developer/Xcode/DerivedData/Lingua_Quest-gvpckrqxtbgyprbgppjfqmimmmfw/Build/Intermediates.noindex/Firebase.build/Debug-iphonesimulator/FirebaseAuth.build/Objects-normal/arm64/FirebaseAuth_const_extract_protocols.json -Xcc -I/Users/siam/Library/Developer/Xcode/DerivedData/Lingua_Quest-gvpckrqxtbgyprbgppjfqmimmmfw/SourcePackages/checkouts/interop-ios-for-google-sdks/RecaptchaEnterprise/RecaptchaInterop/Public -Xcc -I/Users/siam/Library/Developer/Xcode/DerivedData/Lingua_Quest-gvpckrqxtbgyprbgppjfqmimmmfw/SourcePackages/checkouts/GoogleUtilities/GoogleUtilities/Network/Public -Xcc -I/Users/siam/Library/Developer/Xcode/DerivedData/Lingua_Quest-gvpckrqxtbgyprbgppjfqmimmmfw/SourcePackages/checkouts/GoogleUtilities/GoogleUtilities/Reachability/Public -Xcc -I/Users/siam/Library/Developer/Xcode/DerivedData/Lingua_Quest-gvpckrqxtbgyprbgppjfqmimmmfw/SourcePackages/checkouts/GoogleUtilities/GoogleUtilities/NSData+zlib/Public -Xcc -I/Users/siam/Library/Developer/Xcode/DerivedData/Lingua_Quest-gvpckrqxtbgyprbgppjfqmimmmfw/SourcePackages/checkouts/GoogleUtilities/GoogleUtilities/Logger/Public -Xcc -I/Users/siam/Library/Developer/Xcode/DerivedData/Lingua_Quest-gvpckrqxtbgyprbgppjfqmimmmfw/SourcePackages/checkouts/GoogleUtilities/GoogleUtilities/Environment/Public -Xcc -I/Users/siam/Library/Developer/Xcode/DerivedData/Lingua_Quest-gvpckrqxtbgyprbgppjfqmimmmfw/SourcePackages/checkouts/GoogleUtilities/third_party/IsAppEncrypted/Public -Xcc -I/Users/siam/Library/Developer/Xcode/DerivedData/Lingua_Quest-gvpckrqxtbgyprbgppjfqmimmmfw/SourcePackages/checkouts/GoogleUtilities/GoogleUtilities/AppDelegateSwizzler/Public -Xcc -I/Users/siam/Library/Developer/Xcode/DerivedData/Lingua_Quest-gvpckrqxtbgyprbgppjfqmimmmfw/SourcePackages/checkouts/gtm-session-fetcher/Sources/Core/Public -Xcc -I/Users/siam/Library/Developer/Xcode/DerivedData/Lingua_Quest-gvpckrqxtbgyprbgppjfqmimmmfw/SourcePackages/checkouts/firebase-ios-sdk/FirebaseCore/Extension -Xcc -I/Users/siam/Library/Developer/Xcode/DerivedData/Lingua_Quest-gvpckrqxtbgyprbgppjfqmimmmfw/SourcePackages/checkouts/firebase-ios-sdk/FirebaseCore/Sources/Public -Xcc -I/Users/siam/Library/Developer/Xcode/DerivedData/Lingua_Quest-gvpckrqxtbgyprbgppjfqmimmmfw/SourcePackages/checkouts/firebase-ios-sdk/CoreOnly/Sources -Xcc -I/Users/siam/Library/Developer/Xcode/DerivedData/Lingua_Quest-gvpckrqxtbgyprbgppjfqmimmmfw/SourcePackages/checkouts/firebase-ios-sdk/FirebaseAuth/Sources/Public -Xcc -I/Users/siam/Library/Developer/Xcode/DerivedData/Lingua_Quest-gvpckrqxtbgyprbgppjfqmimmmfw/SourcePackages/checkouts/firebase-ios-sdk/FirebaseAuth/Interop/Public -Xcc -I/Users/siam/Library/Developer/Xcode/DerivedData/Lingua_Quest-gvpckrqxtbgyprbgppjfqmimmmfw/SourcePackages/checkouts/firebase-ios-sdk/FirebaseAppCheck/Interop/Public -Xcc -I/Users/siam/Library/Developer/Xcode/DerivedData/Lingua_Quest-gvpckrqxtbgyprbgppjfqmimmmfw/Build/Products/Debug-iphonesimulator/include -Xcc -I/Users/siam/Library/Developer/Xcode/DerivedData/Lingua_Quest-gvpckrqxtbgyprbgppjfqmimmmfw/Build/Intermediates.noindex/Firebase.build/Debug-iphonesimulator/FirebaseAuth.build/DerivedSources-normal/arm64 -Xcc -I/Users/siam/Library/Developer/Xcode/DerivedData/Lingua_Quest-gvpckrqxtbgyprbgppjfqmimmmfw/Build/Intermediates.noindex/Firebase.build/Debug-iphonesimulator/FirebaseAuth.build/DerivedSources/arm64 -Xcc -I/Users/siam/Library/Developer/Xcode/DerivedData/Lingua_Quest-gvpckrqxtbgyprbgppjfqmimmmfw/Build/Intermediates.noindex/Firebase.build/Debug-iphonesimulator/FirebaseAuth.build/DerivedSources -Xcc -DSWIFT_PACKAGE -Xcc -DDEBUG\=1 -emit-objc-header -emit-objc-header-path /Users/siam/Library/Developer/Xcode/DerivedData/Lingua_Quest-gvpckrqxtbgyprbgppjfqmimmmfw/Build/Intermediates.noindex/Firebase.build/Debug-iphonesimulator/FirebaseAuth.build/Objects-normal/arm64/FirebaseAuth-Swift.h -working-directory /Users/siam/Desktop/Lingua\ Quest/Lingua\ Quest.xcodeproj -experimental-emit-module-separately -disable-cmo

SwiftDriver FirebaseAuth normal x86_64 com.apple.xcode.tools.swift.compiler (in target 'FirebaseAuth' from project 'Firebase')
    cd /Users/siam/Desktop/Lingua\ Quest/Lingua\ Quest.xcodeproj
    builtin-SwiftDriver -- /Applications/Xcode.app/Contents/Developer/Toolchains/XcodeDefault.xctoolchain/usr/bin/swiftc -module-name FirebaseAuth -Onone -enforce-exclusivity\=checked @/Users/siam/Library/Developer/Xcode/DerivedData/Lingua_Quest-gvpckrqxtbgyprbgppjfqmimmmfw/Build/Intermediates.noindex/Firebase.build/Debug-iphonesimulator/FirebaseAuth.build/Objects-normal/x86_64/FirebaseAuth.SwiftFileList -DSWIFT_PACKAGE -DDEBUG -DSWIFT_MODULE_RESOURCE_BUNDLE_AVAILABLE -Xcc -fmodule-map-file\=/Users/siam/Library/Developer/Xcode/DerivedData/Lingua_Quest-gvpckrqxtbgyprbgppjfqmimmmfw/Build/Intermediates.noindex/GeneratedModuleMaps-iphonesimulator/RecaptchaInterop.modulemap -Xcc -fmodule-map-file\=/Users/siam/Library/Developer/Xcode/DerivedData/Lingua_Quest-gvpckrqxtbgyprbgppjfqmimmmfw/Build/Intermediates.noindex/GeneratedModuleMaps-iphonesimulator/GoogleUtilities-Network.modulemap -Xcc -fmodule-map-file\=/Users/siam/Library/Developer/Xcode/DerivedData/Lingua_Quest-gvpckrqxtbgyprbgppjfqmimmmfw/Build/Intermediates.noindex/GeneratedModuleMaps-iphonesimulator/GoogleUtilities-Reachability.modulemap -Xcc -fmodule-map-file\=/Users/siam/Library/Developer/Xcode/DerivedData/Lingua_Quest-gvpckrqxtbgyprbgppjfqmimmmfw/Build/Intermediates.noindex/GeneratedModuleMaps-iphonesimulator/GoogleUtilities-NSData.modulemap -Xcc -fmodule-map-file\=/Users/siam/Library/Developer/Xcode/DerivedData/Lingua_Quest-gvpckrqxtbgyprbgppjfqmimmmfw/Build/Intermediates.noindex/GeneratedModuleMaps-iphonesimulator/GoogleUtilities-Logger.modulemap -Xcc -fmodule-map-file\=/Users/siam/Library/Developer/Xcode/DerivedData/Lingua_Quest-gvpckrqxtbgyprbgppjfqmimmmfw/Build/Intermediates.noindex/GeneratedModuleMaps-iphonesimulator/GoogleUtilities-Environment.modulemap -Xcc -fmodule-map-file\=/Users/siam/Library/Developer/Xcode/DerivedData/Lingua_Quest-gvpckrqxtbgyprbgppjfqmimmmfw/Build/Intermediates.noindex/GeneratedModuleMaps-iphonesimulator/third-party-IsAppEncrypted.modulemap -Xcc -fmodule-map-file\=/Users/siam/Library/Developer/Xcode/DerivedData/Lingua_Quest-gvpckrqxtbgyprbgppjfqmimmmfw/Build/Intermediates.noindex/GeneratedModuleMaps-iphonesimulator/GoogleUtilities-AppDelegateSwizzler.modulemap -Xcc -fmodule-map-file\=/Users/siam/Library/Developer/Xcode/DerivedData/Lingua_Quest-gvpckrqxtbgyprbgppjfqmimmmfw/Build/Intermediates.noindex/GeneratedModuleMaps-iphonesimulator/GTMSessionFetcherCore.modulemap -Xcc -fmodule-map-file\=/Users/siam/Library/Developer/Xcode/DerivedData/Lingua_Quest-gvpckrqxtbgyprbgppjfqmimmmfw/Build/Intermediates.noindex/GeneratedModuleMaps-iphonesimulator/FirebaseCoreExtension.modulemap -Xcc -fmodule-map-file\=/Users/siam/Library/Developer/Xcode/DerivedData/Lingua_Quest-gvpckrqxtbgyprbgppjfqmimmmfw/Build/Intermediates.noindex/GeneratedModuleMaps-iphonesimulator/FirebaseCore.modulemap -Xcc -fmodule-map-file\=/Users/siam/Library/Developer/Xcode/DerivedData/Lingua_Quest-gvpckrqxtbgyprbgppjfqmimmmfw/Build/Intermediates.noindex/GeneratedModuleMaps-iphonesimulator/FirebaseAuthInternal.modulemap -Xcc -fmodule-map-file\=/Users/siam/Library/Developer/Xcode/DerivedData/Lingua_Quest-gvpckrqxtbgyprbgppjfqmimmmfw/Build/Intermediates.noindex/GeneratedModuleMaps-iphonesimulator/FirebaseAuthInterop.modulemap -Xcc -fmodule-map-file\=/Users/siam/Library/Developer/Xcode/DerivedData/Lingua_Quest-gvpckrqxtbgyprbgppjfqmimmmfw/Build/Intermediates.noindex/GeneratedModuleMaps-iphonesimulator/FirebaseAppCheckInterop.modulemap -DXcode -plugin-path /Applications/Xcode.app/Contents/Developer/Toolchains/XcodeDefault.xctoolchain/usr/lib/swift/host/plugins/testing -enable-experimental-feature DebugDescriptionMacro -sdk /Applications/Xcode.app/Contents/Developer/Platforms/iPhoneSimulator.platform/Developer/SDKs/iPhoneSimulator26.0.sdk -target x86_64-apple-ios15.0-simulator -g -module-cache-path /Users/siam/Library/Developer/Xcode/DerivedData/ModuleCache.noindex -Xfrontend -serialize-debugging-options -profile-coverage-mapping -profile-generate -enable-testing -suppress-warnings -index-store-path /Users/siam/Library/Developer/Xcode/DerivedData/Lingua_Quest-gvpckrqxtbgyprbgppjfqmimmmfw/Index.noindex/DataStore -Xcc -D_LIBCPP_HARDENING_MODE\=_LIBCPP_HARDENING_MODE_DEBUG -swift-version 5 -I /Users/siam/Library/Developer/Xcode/DerivedData/Lingua_Quest-gvpckrqxtbgyprbgppjfqmimmmfw/Build/Products/Debug-iphonesimulator -Isystem /Applications/Xcode.app/Contents/Developer/Platforms/iPhoneSimulator.platform/Developer/usr/lib -F /Users/siam/Library/Developer/Xcode/DerivedData/Lingua_Quest-gvpckrqxtbgyprbgppjfqmimmmfw/Build/Products/Debug-iphonesimulator/PackageFrameworks -F /Users/siam/Library/Developer/Xcode/DerivedData/Lingua_Quest-gvpckrqxtbgyprbgppjfqmimmmfw/Build/Products/Debug-iphonesimulator/PackageFrameworks -F /Users/siam/Library/Developer/Xcode/DerivedData/Lingua_Quest-gvpckrqxtbgyprbgppjfqmimmmfw/Build/Products/Debug-iphonesimulator/PackageFrameworks -F /Users/siam/Library/Developer/Xcode/DerivedData/Lingua_Quest-gvpckrqxtbgyprbgppjfqmimmmfw/Build/Products/Debug-iphonesimulator/PackageFrameworks -F /Users/siam/Library/Developer/Xcode/DerivedData/Lingua_Quest-gvpckrqxtbgyprbgppjfqmimmmfw/Build/Products/Debug-iphonesimulator/PackageFrameworks -F /Users/siam/Library/Developer/Xcode/DerivedData/Lingua_Quest-gvpckrqxtbgyprbgppjfqmimmmfw/Build/Products/Debug-iphonesimulator/PackageFrameworks -F /Users/siam/Library/Developer/Xcode/DerivedData/Lingua_Quest-gvpckrqxtbgyprbgppjfqmimmmfw/Build/Products/Debug-iphonesimulator/PackageFrameworks -F /Users/siam/Library/Developer/Xcode/DerivedData/Lingua_Quest-gvpckrqxtbgyprbgppjfqmimmmfw/Build/Products/Debug-iphonesimulator/PackageFrameworks -F /Users/siam/Library/Developer/Xcode/DerivedData/Lingua_Quest-gvpckrqxtbgyprbgppjfqmimmmfw/Build/Products/Debug-iphonesimulator/PackageFrameworks -F /Users/siam/Library/Developer/Xcode/DerivedData/Lingua_Quest-gvpckrqxtbgyprbgppjfqmimmmfw/Build/Products/Debug-iphonesimulator/PackageFrameworks -F /Users/siam/Library/Developer/Xcode/DerivedData/Lingua_Quest-gvpckrqxtbgyprbgppjfqmimmmfw/Build/Products/Debug-iphonesimulator/PackageFrameworks -F /Users/siam/Library/Developer/Xcode/DerivedData/Lingua_Quest-gvpckrqxtbgyprbgppjfqmimmmfw/Build/Products/Debug-iphonesimulator/PackageFrameworks -F /Users/siam/Library/Developer/Xcode/DerivedData/Lingua_Quest-gvpckrqxtbgyprbgppjfqmimmmfw/Build/Products/Debug-iphonesimulator/PackageFrameworks -F /Users/siam/Library/Developer/Xcode/DerivedData/Lingua_Quest-gvpckrqxtbgyprbgppjfqmimmmfw/Build/Products/Debug-iphonesimulator/PackageFrameworks -F /Users/siam/Library/Developer/Xcode/DerivedData/Lingua_Quest-gvpckrqxtbgyprbgppjfqmimmmfw/Build/Products/Debug-iphonesimulator/PackageFrameworks -F /Users/siam/Library/Developer/Xcode/DerivedData/Lingua_Quest-gvpckrqxtbgyprbgppjfqmimmmfw/Build/Products/Debug-iphonesimulator/PackageFrameworks -F /Users/siam/Library/Developer/Xcode/DerivedData/Lingua_Quest-gvpckrqxtbgyprbgppjfqmimmmfw/Build/Products/Debug-iphonesimulator -F /Applications/Xcode.app/Contents/Developer/Platforms/iPhoneSimulator.platform/Developer/Library/Frameworks -F /Applications/Xcode.app/Contents/Developer/Platforms/iPhoneSimulator.platform/Developer/SDKs/iPhoneSimulator26.0.sdk/Developer/Library/Frameworks -c -j12 -enable-batch-mode -incremental -Xcc -ivfsstatcache -Xcc /Users/siam/Library/Developer/Xcode/DerivedData/SDKStatCaches.noindex/iphonesimulator26.0-23A339-26257891a6c027eb51374368541b8346.sdkstatcache -output-file-map /Users/siam/Library/Developer/Xcode/DerivedData/Lingua_Quest-gvpckrqxtbgyprbgppjfqmimmmfw/Build/Intermediates.noindex/Firebase.build/Debug-iphonesimulator/FirebaseAuth.build/Objects-normal/x86_64/FirebaseAuth-OutputFileMap.json -use-frontend-parseable-output -save-temps -no-color-diagnostics -explicit-module-build -module-cache-path /Users/siam/Library/Developer/Xcode/DerivedData/Lingua_Quest-gvpckrqxtbgyprbgppjfqmimmmfw/Build/Intermediates.noindex/SwiftExplicitPrecompiledModules -clang-scanner-module-cache-path /Users/siam/Library/Developer/Xcode/DerivedData/ModuleCache.noindex -sdk-module-cache-path /Users/siam/Library/Developer/Xcode/DerivedData/ModuleCache.noindex -serialize-diagnostics -emit-dependencies -emit-module -emit-module-path /Users/siam/Library/Developer/Xcode/DerivedData/Lingua_Quest-gvpckrqxtbgyprbgppjfqmimmmfw/Build/Intermediates.noindex/Firebase.build/Debug-iphonesimulator/FirebaseAuth.build/Objects-normal/x86_64/FirebaseAuth.swiftmodule -user-module-version 12.16.0 -validate-clang-modules-once -clang-build-session-file /Users/siam/Library/Developer/Xcode/DerivedData/ModuleCache.noindex/Session.modulevalidation -package-name firebase_ios_sdk -Xcc -I/Users/siam/Library/Developer/Xcode/DerivedData/Lingua_Quest-gvpckrqxtbgyprbgppjfqmimmmfw/Build/Intermediates.noindex/Firebase.build/Debug-iphonesimulator/FirebaseAuth.build/swift-overrides.hmap -emit-const-values -Xfrontend -const-gather-protocols-file -Xfrontend /Users/siam/Library/Developer/Xcode/DerivedData/Lingua_Quest-gvpckrqxtbgyprbgppjfqmimmmfw/Build/Intermediates.noindex/Firebase.build/Debug-iphonesimulator/FirebaseAuth.build/Objects-normal/x86_64/FirebaseAuth_const_extract_protocols.json -Xcc -I/Users/siam/Library/Developer/Xcode/DerivedData/Lingua_Quest-gvpckrqxtbgyprbgppjfqmimmmfw/SourcePackages/checkouts/interop-ios-for-google-sdks/RecaptchaEnterprise/RecaptchaInterop/Public -Xcc -I/Users/siam/Library/Developer/Xcode/DerivedData/Lingua_Quest-gvpckrqxtbgyprbgppjfqmimmmfw/SourcePackages/checkouts/GoogleUtilities/GoogleUtilities/Network/Public -Xcc -I/Users/siam/Library/Developer/Xcode/DerivedData/Lingua_Quest-gvpckrqxtbgyprbgppjfqmimmmfw/SourcePackages/checkouts/GoogleUtilities/GoogleUtilities/Reachability/Public -Xcc -I/Users/siam/Library/Developer/Xcode/DerivedData/Lingua_Quest-gvpckrqxtbgyprbgppjfqmimmmfw/SourcePackages/checkouts/GoogleUtilities/GoogleUtilities/NSData+zlib/Public -Xcc -I/Users/siam/Library/Developer/Xcode/DerivedData/Lingua_Quest-gvpckrqxtbgyprbgppjfqmimmmfw/SourcePackages/checkouts/GoogleUtilities/GoogleUtilities/Logger/Public -Xcc -I/Users/siam/Library/Developer/Xcode/DerivedData/Lingua_Quest-gvpckrqxtbgyprbgppjfqmimmmfw/SourcePackages/checkouts/GoogleUtilities/GoogleUtilities/Environment/Public -Xcc -I/Users/siam/Library/Developer/Xcode/DerivedData/Lingua_Quest-gvpckrqxtbgyprbgppjfqmimmmfw/SourcePackages/checkouts/GoogleUtilities/third_party/IsAppEncrypted/Public -Xcc -I/Users/siam/Library/Developer/Xcode/DerivedData/Lingua_Quest-gvpckrqxtbgyprbgppjfqmimmmfw/SourcePackages/checkouts/GoogleUtilities/GoogleUtilities/AppDelegateSwizzler/Public -Xcc -I/Users/siam/Library/Developer/Xcode/DerivedData/Lingua_Quest-gvpckrqxtbgyprbgppjfqmimmmfw/SourcePackages/checkouts/gtm-session-fetcher/Sources/Core/Public -Xcc -I/Users/siam/Library/Developer/Xcode/DerivedData/Lingua_Quest-gvpckrqxtbgyprbgppjfqmimmmfw/SourcePackages/checkouts/firebase-ios-sdk/FirebaseCore/Extension -Xcc -I/Users/siam/Library/Developer/Xcode/DerivedData/Lingua_Quest-gvpckrqxtbgyprbgppjfqmimmmfw/SourcePackages/checkouts/firebase-ios-sdk/FirebaseCore/Sources/Public -Xcc -I/Users/siam/Library/Developer/Xcode/DerivedData/Lingua_Quest-gvpckrqxtbgyprbgppjfqmimmmfw/SourcePackages/checkouts/firebase-ios-sdk/CoreOnly/Sources -Xcc -I/Users/siam/Library/Developer/Xcode/DerivedData/Lingua_Quest-gvpckrqxtbgyprbgppjfqmimmmfw/SourcePackages/checkouts/firebase-ios-sdk/FirebaseAuth/Sources/Public -Xcc -I/Users/siam/Library/Developer/Xcode/DerivedData/Lingua_Quest-gvpckrqxtbgyprbgppjfqmimmmfw/SourcePackages/checkouts/firebase-ios-sdk/FirebaseAuth/Interop/Public -Xcc -I/Users/siam/Library/Developer/Xcode/DerivedData/Lingua_Quest-gvpckrqxtbgyprbgppjfqmimmmfw/SourcePackages/checkouts/firebase-ios-sdk/FirebaseAppCheck/Interop/Public -Xcc -I/Users/siam/Library/Developer/Xcode/DerivedData/Lingua_Quest-gvpckrqxtbgyprbgppjfqmimmmfw/Build/Products/Debug-iphonesimulator/include -Xcc -I/Users/siam/Library/Developer/Xcode/DerivedData/Lingua_Quest-gvpckrqxtbgyprbgppjfqmimmmfw/Build/Intermediates.noindex/Firebase.build/Debug-iphonesimulator/FirebaseAuth.build/DerivedSources-normal/x86_64 -Xcc -I/Users/siam/Library/Developer/Xcode/DerivedData/Lingua_Quest-gvpckrqxtbgyprbgppjfqmimmmfw/Build/Intermediates.noindex/Firebase.build/Debug-iphonesimulator/FirebaseAuth.build/DerivedSources/x86_64 -Xcc -I/Users/siam/Library/Developer/Xcode/DerivedData/Lingua_Quest-gvpckrqxtbgyprbgppjfqmimmmfw/Build/Intermediates.noindex/Firebase.build/Debug-iphonesimulator/FirebaseAuth.build/DerivedSources -Xcc -DSWIFT_PACKAGE -Xcc -DDEBUG\=1 -emit-objc-header -emit-objc-header-path /Users/siam/Library/Developer/Xcode/DerivedData/Lingua_Quest-gvpckrqxtbgyprbgppjfqmimmmfw/Build/Intermediates.noindex/Firebase.build/Debug-iphonesimulator/FirebaseAuth.build/Objects-normal/x86_64/FirebaseAuth-Swift.h -working-directory /Users/siam/Desktop/Lingua\ Quest/Lingua\ Quest.xcodeproj -experimental-emit-module-separately -disable-cmo

CreateUniversalBinary /Users/siam/Library/Developer/Xcode/DerivedData/Lingua_Quest-gvpckrqxtbgyprbgppjfqmimmmfw/Build/Products/Debug-iphonesimulator/Swinject.o normal arm64\ x86_64 (in target 'Swinject' from project 'Swinject')
    cd /Users/siam/Library/Developer/Xcode/DerivedData/Lingua_Quest-gvpckrqxtbgyprbgppjfqmimmmfw/SourcePackages/checkouts/Swinject
    /Applications/Xcode.app/Contents/Developer/Toolchains/XcodeDefault.xctoolchain/usr/bin/lipo -create /Users/siam/Library/Developer/Xcode/DerivedData/Lingua_Quest-gvpckrqxtbgyprbgppjfqmimmmfw/Build/Intermediates.noindex/Swinject.build/Debug-iphonesimulator/Swinject.build/Objects-normal/arm64/Binary/Swinject.o /Users/siam/Library/Developer/Xcode/DerivedData/Lingua_Quest-gvpckrqxtbgyprbgppjfqmimmmfw/Build/Intermediates.noindex/Swinject.build/Debug-iphonesimulator/Swinject.build/Objects-normal/x86_64/Binary/Swinject.o -output /Users/siam/Library/Developer/Xcode/DerivedData/Lingua_Quest-gvpckrqxtbgyprbgppjfqmimmmfw/Build/Products/Debug-iphonesimulator/Swinject.o

CreateUniversalBinary /Users/siam/Library/Developer/Xcode/DerivedData/Lingua_Quest-gvpckrqxtbgyprbgppjfqmimmmfw/Build/Products/Debug-iphonesimulator/FBLPromises.o normal arm64\ x86_64 (in target 'FBLPromises' from project 'Promises')
    cd /Users/siam/Library/Developer/Xcode/DerivedData/Lingua_Quest-gvpckrqxtbgyprbgppjfqmimmmfw/SourcePackages/checkouts/promises
    /Applications/Xcode.app/Contents/Developer/Toolchains/XcodeDefault.xctoolchain/usr/bin/lipo -create /Users/siam/Library/Developer/Xcode/DerivedData/Lingua_Quest-gvpckrqxtbgyprbgppjfqmimmmfw/Build/Intermediates.noindex/Promises.build/Debug-iphonesimulator/FBLPromises.build/Objects-normal/arm64/Binary/FBLPromises.o /Users/siam/Library/Developer/Xcode/DerivedData/Lingua_Quest-gvpckrqxtbgyprbgppjfqmimmmfw/Build/Intermediates.noindex/Promises.build/Debug-iphonesimulator/FBLPromises.build/Objects-normal/x86_64/Binary/FBLPromises.o -output /Users/siam/Library/Developer/Xcode/DerivedData/Lingua_Quest-gvpckrqxtbgyprbgppjfqmimmmfw/Build/Products/Debug-iphonesimulator/FBLPromises.o

PrecompileModule /Users/siam/Library/Developer/Xcode/DerivedData/Lingua_Quest-gvpckrqxtbgyprbgppjfqmimmmfw/Build/Intermediates.noindex/ExplicitPrecompiledModules/os_workgroup-2EZ4PV8U48JGBYUZK2ZCRRWZR.scan
    cd /
    builtin-precompileModule /Users/siam/Library/Developer/Xcode/DerivedData/Lingua_Quest-gvpckrqxtbgyprbgppjfqmimmmfw/Build/Intermediates.noindex/ExplicitPrecompiledModules/os_workgroup-2EZ4PV8U48JGBYUZK2ZCRRWZR.scan

RegisterExecutionPolicyException /Users/siam/Library/Developer/Xcode/DerivedData/Lingua_Quest-gvpckrqxtbgyprbgppjfqmimmmfw/Build/Products/Debug-iphonesimulator/opensslWrapper.o (in target 'opensslWrapper' from project 'gRPC')
    cd /Users/siam/Library/Developer/Xcode/DerivedData/Lingua_Quest-gvpckrqxtbgyprbgppjfqmimmmfw/SourcePackages/checkouts/grpc-binary
    builtin-RegisterExecutionPolicyException /Users/siam/Library/Developer/Xcode/DerivedData/Lingua_Quest-gvpckrqxtbgyprbgppjfqmimmmfw/Build/Products/Debug-iphonesimulator/opensslWrapper.o

PrecompileModule /Users/siam/Library/Developer/Xcode/DerivedData/Lingua_Quest-gvpckrqxtbgyprbgppjfqmimmmfw/Build/Intermediates.noindex/ExplicitPrecompiledModules/_Builtin_limits-27F3IGRPIUK1P9JPG9LRWG0L1.scan
    cd /
    builtin-precompileModule /Users/siam/Library/Developer/Xcode/DerivedData/Lingua_Quest-gvpckrqxtbgyprbgppjfqmimmmfw/Build/Intermediates.noindex/ExplicitPrecompiledModules/_Builtin_limits-27F3IGRPIUK1P9JPG9LRWG0L1.scan

PrecompileModule /Users/siam/Library/Developer/Xcode/DerivedData/Lingua_Quest-gvpckrqxtbgyprbgppjfqmimmmfw/Build/Intermediates.noindex/ExplicitPrecompiledModules/_DarwinFoundation2-AFCXGV96GCAS56Z5UTGOOOSCE.scan
    cd /
    builtin-precompileModule /Users/siam/Library/Developer/Xcode/DerivedData/Lingua_Quest-gvpckrqxtbgyprbgppjfqmimmmfw/Build/Intermediates.noindex/ExplicitPrecompiledModules/_DarwinFoundation2-AFCXGV96GCAS56Z5UTGOOOSCE.scan

SwiftDriverJobDiscovery normal arm64 Compiling HeartbeatsPayload.swift (in target 'FirebaseCoreInternal' from project 'Firebase')

RegisterExecutionPolicyException /Users/siam/Library/Developer/Xcode/DerivedData/Lingua_Quest-gvpckrqxtbgyprbgppjfqmimmmfw/Build/Products/Debug-iphonesimulator/leveldb.o (in target 'leveldb' from project 'leveldb')
    cd /Users/siam/Library/Developer/Xcode/DerivedData/Lingua_Quest-gvpckrqxtbgyprbgppjfqmimmmfw/SourcePackages/checkouts/leveldb
    builtin-RegisterExecutionPolicyException /Users/siam/Library/Developer/Xcode/DerivedData/Lingua_Quest-gvpckrqxtbgyprbgppjfqmimmmfw/Build/Products/Debug-iphonesimulator/leveldb.o

RegisterExecutionPolicyException /Users/siam/Library/Developer/Xcode/DerivedData/Lingua_Quest-gvpckrqxtbgyprbgppjfqmimmmfw/Build/Products/Debug-iphonesimulator/grpcWrapper.o (in target 'grpcWrapper' from project 'gRPC')
    cd /Users/siam/Library/Developer/Xcode/DerivedData/Lingua_Quest-gvpckrqxtbgyprbgppjfqmimmmfw/SourcePackages/checkouts/grpc-binary
    builtin-RegisterExecutionPolicyException /Users/siam/Library/Developer/Xcode/DerivedData/Lingua_Quest-gvpckrqxtbgyprbgppjfqmimmmfw/Build/Products/Debug-iphonesimulator/grpcWrapper.o

RegisterExecutionPolicyException /Users/siam/Library/Developer/Xcode/DerivedData/Lingua_Quest-gvpckrqxtbgyprbgppjfqmimmmfw/Build/Products/Debug-iphonesimulator/abslWrapper.o (in target 'abslWrapper' from project 'abseil')
    cd /Users/siam/Library/Developer/Xcode/DerivedData/Lingua_Quest-gvpckrqxtbgyprbgppjfqmimmmfw/SourcePackages/checkouts/abseil-cpp-binary
    builtin-RegisterExecutionPolicyException /Users/siam/Library/Developer/Xcode/DerivedData/Lingua_Quest-gvpckrqxtbgyprbgppjfqmimmmfw/Build/Products/Debug-iphonesimulator/abslWrapper.o

PrecompileModule /Users/siam/Library/Developer/Xcode/DerivedData/Lingua_Quest-gvpckrqxtbgyprbgppjfqmimmmfw/Build/Intermediates.noindex/ExplicitPrecompiledModules/Dispatch-38JP9U8MXFSX3WSOI4UM8ZPDQ.scan
    cd /
    builtin-precompileModule /Users/siam/Library/Developer/Xcode/DerivedData/Lingua_Quest-gvpckrqxtbgyprbgppjfqmimmmfw/Build/Intermediates.noindex/ExplicitPrecompiledModules/Dispatch-38JP9U8MXFSX3WSOI4UM8ZPDQ.scan

SwiftDriver\ Compilation FirebaseCoreInternal normal x86_64 com.apple.xcode.tools.swift.compiler (in target 'FirebaseCoreInternal' from project 'Firebase')
    cd /Users/siam/Desktop/Lingua\ Quest/Lingua\ Quest.xcodeproj
    builtin-Swift-Compilation -- /Applications/Xcode.app/Contents/Developer/Toolchains/XcodeDefault.xctoolchain/usr/bin/swiftc -module-name FirebaseCoreInternal -Onone -enforce-exclusivity\=checked @/Users/siam/Library/Developer/Xcode/DerivedData/Lingua_Quest-gvpckrqxtbgyprbgppjfqmimmmfw/Build/Intermediates.noindex/Firebase.build/Debug-iphonesimulator/FirebaseCoreInternal.build/Objects-normal/x86_64/FirebaseCoreInternal.SwiftFileList -DSWIFT_PACKAGE -DDEBUG -DSWIFT_MODULE_RESOURCE_BUNDLE_AVAILABLE -Xcc -fmodule-map-file\=/Users/siam/Library/Developer/Xcode/DerivedData/Lingua_Quest-gvpckrqxtbgyprbgppjfqmimmmfw/Build/Intermediates.noindex/GeneratedModuleMaps-iphonesimulator/GoogleUtilities-NSData.modulemap -DXcode -plugin-path /Applications/Xcode.app/Contents/Developer/Toolchains/XcodeDefault.xctoolchain/usr/lib/swift/host/plugins/testing -enable-experimental-feature DebugDescriptionMacro -sdk /Applications/Xcode.app/Contents/Developer/Platforms/iPhoneSimulator.platform/Developer/SDKs/iPhoneSimulator26.0.sdk -target x86_64-apple-ios15.0-simulator -g -module-cache-path /Users/siam/Library/Developer/Xcode/DerivedData/ModuleCache.noindex -Xfrontend -serialize-debugging-options -profile-coverage-mapping -profile-generate -enable-testing -suppress-warnings -index-store-path /Users/siam/Library/Developer/Xcode/DerivedData/Lingua_Quest-gvpckrqxtbgyprbgppjfqmimmmfw/Index.noindex/DataStore -Xcc -D_LIBCPP_HARDENING_MODE\=_LIBCPP_HARDENING_MODE_DEBUG -swift-version 6 -I /Users/siam/Library/Developer/Xcode/DerivedData/Lingua_Quest-gvpckrqxtbgyprbgppjfqmimmmfw/Build/Products/Debug-iphonesimulator -Isystem /Applications/Xcode.app/Contents/Developer/Platforms/iPhoneSimulator.platform/Developer/usr/lib -F /Users/siam/Library/Developer/Xcode/DerivedData/Lingua_Quest-gvpckrqxtbgyprbgppjfqmimmmfw/Build/Products/Debug-iphonesimulator/PackageFrameworks -F /Users/siam/Library/Developer/Xcode/DerivedData/Lingua_Quest-gvpckrqxtbgyprbgppjfqmimmmfw/Build/Products/Debug-iphonesimulator -F /Applications/Xcode.app/Contents/Developer/Platforms/iPhoneSimulator.platform/Developer/Library/Frameworks -F /Applications/Xcode.app/Contents/Developer/Platforms/iPhoneSimulator.platform/Developer/SDKs/iPhoneSimulator26.0.sdk/Developer/Library/Frameworks -c -j12 -enable-batch-mode -incremental -Xcc -ivfsstatcache -Xcc /Users/siam/Library/Developer/Xcode/DerivedData/SDKStatCaches.noindex/iphonesimulator26.0-23A339-26257891a6c027eb51374368541b8346.sdkstatcache -output-file-map /Users/siam/Library/Developer/Xcode/DerivedData/Lingua_Quest-gvpckrqxtbgyprbgppjfqmimmmfw/Build/Intermediates.noindex/Firebase.build/Debug-iphonesimulator/FirebaseCoreInternal.build/Objects-normal/x86_64/FirebaseCoreInternal-OutputFileMap.json -use-frontend-parseable-output -save-temps -no-color-diagnostics -explicit-module-build -module-cache-path /Users/siam/Library/Developer/Xcode/DerivedData/Lingua_Quest-gvpckrqxtbgyprbgppjfqmimmmfw/Build/Intermediates.noindex/SwiftExplicitPrecompiledModules -clang-scanner-module-cache-path /Users/siam/Library/Developer/Xcode/DerivedData/ModuleCache.noindex -sdk-module-cache-path /Users/siam/Library/Developer/Xcode/DerivedData/ModuleCache.noindex -serialize-diagnostics -emit-dependencies -emit-module -emit-module-path /Users/siam/Library/Developer/Xcode/DerivedData/Lingua_Quest-gvpckrqxtbgyprbgppjfqmimmmfw/Build/Intermediates.noindex/Firebase.build/Debug-iphonesimulator/FirebaseCoreInternal.build/Objects-normal/x86_64/FirebaseCoreInternal.swiftmodule -user-module-version 12.16.0 -validate-clang-modules-once -clang-build-session-file /Users/siam/Library/Developer/Xcode/DerivedData/ModuleCache.noindex/Session.modulevalidation -package-name firebase_ios_sdk -Xcc -I/Users/siam/Library/Developer/Xcode/DerivedData/Lingua_Quest-gvpckrqxtbgyprbgppjfqmimmmfw/Build/Intermediates.noindex/Firebase.build/Debug-iphonesimulator/FirebaseCoreInternal.build/swift-overrides.hmap -emit-const-values -Xfrontend -const-gather-protocols-file -Xfrontend /Users/siam/Library/Developer/Xcode/DerivedData/Lingua_Quest-gvpckrqxtbgyprbgppjfqmimmmfw/Build/Intermediates.noindex/Firebase.build/Debug-iphonesimulator/FirebaseCoreInternal.build/Objects-normal/x86_64/FirebaseCoreInternal_const_extract_protocols.json -Xcc -I/Users/siam/Library/Developer/Xcode/DerivedData/Lingua_Quest-gvpckrqxtbgyprbgppjfqmimmmfw/SourcePackages/checkouts/GoogleUtilities/GoogleUtilities/NSData+zlib/Public -Xcc -I/Users/siam/Library/Developer/Xcode/DerivedData/Lingua_Quest-gvpckrqxtbgyprbgppjfqmimmmfw/Build/Products/Debug-iphonesimulator/include -Xcc -I/Users/siam/Library/Developer/Xcode/DerivedData/Lingua_Quest-gvpckrqxtbgyprbgppjfqmimmmfw/Build/Intermediates.noindex/Firebase.build/Debug-iphonesimulator/FirebaseCoreInternal.build/DerivedSources-normal/x86_64 -Xcc -I/Users/siam/Library/Developer/Xcode/DerivedData/Lingua_Quest-gvpckrqxtbgyprbgppjfqmimmmfw/Build/Intermediates.noindex/Firebase.build/Debug-iphonesimulator/FirebaseCoreInternal.build/DerivedSources/x86_64 -Xcc -I/Users/siam/Library/Developer/Xcode/DerivedData/Lingua_Quest-gvpckrqxtbgyprbgppjfqmimmmfw/Build/Intermediates.noindex/Firebase.build/Debug-iphonesimulator/FirebaseCoreInternal.build/DerivedSources -Xcc -DSWIFT_PACKAGE -Xcc -DDEBUG\=1 -emit-objc-header -emit-objc-header-path /Users/siam/Library/Developer/Xcode/DerivedData/Lingua_Quest-gvpckrqxtbgyprbgppjfqmimmmfw/Build/Intermediates.noindex/Firebase.build/Debug-iphonesimulator/FirebaseCoreInternal.build/Objects-normal/x86_64/FirebaseCoreInternal-Swift.h -working-directory /Users/siam/Desktop/Lingua\ Quest/Lingua\ Quest.xcodeproj -experimental-emit-module-separately -disable-cmo

RegisterExecutionPolicyException /Users/siam/Library/Developer/Xcode/DerivedData/Lingua_Quest-gvpckrqxtbgyprbgppjfqmimmmfw/Build/Products/Debug-iphonesimulator/GoogleUtilities-NSData.o (in target 'GoogleUtilities-NSData' from project 'GoogleUtilities')
    cd /Users/siam/Library/Developer/Xcode/DerivedData/Lingua_Quest-gvpckrqxtbgyprbgppjfqmimmmfw/SourcePackages/checkouts/GoogleUtilities
    builtin-RegisterExecutionPolicyException /Users/siam/Library/Developer/Xcode/DerivedData/Lingua_Quest-gvpckrqxtbgyprbgppjfqmimmmfw/Build/Products/Debug-iphonesimulator/GoogleUtilities-NSData.o

RegisterExecutionPolicyException /Users/siam/Library/Developer/Xcode/DerivedData/Lingua_Quest-gvpckrqxtbgyprbgppjfqmimmmfw/Build/Products/Debug-iphonesimulator/GoogleUtilities-Environment.o (in target 'GoogleUtilities-Environment' from project 'GoogleUtilities')
    cd /Users/siam/Library/Developer/Xcode/DerivedData/Lingua_Quest-gvpckrqxtbgyprbgppjfqmimmmfw/SourcePackages/checkouts/GoogleUtilities
    builtin-RegisterExecutionPolicyException /Users/siam/Library/Developer/Xcode/DerivedData/Lingua_Quest-gvpckrqxtbgyprbgppjfqmimmmfw/Build/Products/Debug-iphonesimulator/GoogleUtilities-Environment.o

RegisterExecutionPolicyException /Users/siam/Library/Developer/Xcode/DerivedData/Lingua_Quest-gvpckrqxtbgyprbgppjfqmimmmfw/Build/Products/Debug-iphonesimulator/GTMSessionFetcherCore.o (in target 'GTMSessionFetcherCore' from project 'GTMSessionFetcher')
    cd /Users/siam/Library/Developer/Xcode/DerivedData/Lingua_Quest-gvpckrqxtbgyprbgppjfqmimmmfw/SourcePackages/checkouts/gtm-session-fetcher
    builtin-RegisterExecutionPolicyException /Users/siam/Library/Developer/Xcode/DerivedData/Lingua_Quest-gvpckrqxtbgyprbgppjfqmimmmfw/Build/Products/Debug-iphonesimulator/GTMSessionFetcherCore.o

SwiftDriver\ Compilation FirebaseCoreInternal normal arm64 com.apple.xcode.tools.swift.compiler (in target 'FirebaseCoreInternal' from project 'Firebase')
    cd /Users/siam/Desktop/Lingua\ Quest/Lingua\ Quest.xcodeproj
    builtin-Swift-Compilation -- /Applications/Xcode.app/Contents/Developer/Toolchains/XcodeDefault.xctoolchain/usr/bin/swiftc -module-name FirebaseCoreInternal -Onone -enforce-exclusivity\=checked @/Users/siam/Library/Developer/Xcode/DerivedData/Lingua_Quest-gvpckrqxtbgyprbgppjfqmimmmfw/Build/Intermediates.noindex/Firebase.build/Debug-iphonesimulator/FirebaseCoreInternal.build/Objects-normal/arm64/FirebaseCoreInternal.SwiftFileList -DSWIFT_PACKAGE -DDEBUG -DSWIFT_MODULE_RESOURCE_BUNDLE_AVAILABLE -Xcc -fmodule-map-file\=/Users/siam/Library/Developer/Xcode/DerivedData/Lingua_Quest-gvpckrqxtbgyprbgppjfqmimmmfw/Build/Intermediates.noindex/GeneratedModuleMaps-iphonesimulator/GoogleUtilities-NSData.modulemap -DXcode -plugin-path /Applications/Xcode.app/Contents/Developer/Toolchains/XcodeDefault.xctoolchain/usr/lib/swift/host/plugins/testing -enable-experimental-feature DebugDescriptionMacro -sdk /Applications/Xcode.app/Contents/Developer/Platforms/iPhoneSimulator.platform/Developer/SDKs/iPhoneSimulator26.0.sdk -target arm64-apple-ios15.0-simulator -g -module-cache-path /Users/siam/Library/Developer/Xcode/DerivedData/ModuleCache.noindex -Xfrontend -serialize-debugging-options -profile-coverage-mapping -profile-generate -enable-testing -suppress-warnings -index-store-path /Users/siam/Library/Developer/Xcode/DerivedData/Lingua_Quest-gvpckrqxtbgyprbgppjfqmimmmfw/Index.noindex/DataStore -Xcc -D_LIBCPP_HARDENING_MODE\=_LIBCPP_HARDENING_MODE_DEBUG -swift-version 6 -I /Users/siam/Library/Developer/Xcode/DerivedData/Lingua_Quest-gvpckrqxtbgyprbgppjfqmimmmfw/Build/Products/Debug-iphonesimulator -Isystem /Applications/Xcode.app/Contents/Developer/Platforms/iPhoneSimulator.platform/Developer/usr/lib -F /Users/siam/Library/Developer/Xcode/DerivedData/Lingua_Quest-gvpckrqxtbgyprbgppjfqmimmmfw/Build/Products/Debug-iphonesimulator/PackageFrameworks -F /Users/siam/Library/Developer/Xcode/DerivedData/Lingua_Quest-gvpckrqxtbgyprbgppjfqmimmmfw/Build/Products/Debug-iphonesimulator -F /Applications/Xcode.app/Contents/Developer/Platforms/iPhoneSimulator.platform/Developer/Library/Frameworks -F /Applications/Xcode.app/Contents/Developer/Platforms/iPhoneSimulator.platform/Developer/SDKs/iPhoneSimulator26.0.sdk/Developer/Library/Frameworks -c -j12 -enable-batch-mode -incremental -Xcc -ivfsstatcache -Xcc /Users/siam/Library/Developer/Xcode/DerivedData/SDKStatCaches.noindex/iphonesimulator26.0-23A339-26257891a6c027eb51374368541b8346.sdkstatcache -output-file-map /Users/siam/Library/Developer/Xcode/DerivedData/Lingua_Quest-gvpckrqxtbgyprbgppjfqmimmmfw/Build/Intermediates.noindex/Firebase.build/Debug-iphonesimulator/FirebaseCoreInternal.build/Objects-normal/arm64/FirebaseCoreInternal-OutputFileMap.json -use-frontend-parseable-output -save-temps -no-color-diagnostics -explicit-module-build -module-cache-path /Users/siam/Library/Developer/Xcode/DerivedData/Lingua_Quest-gvpckrqxtbgyprbgppjfqmimmmfw/Build/Intermediates.noindex/SwiftExplicitPrecompiledModules -clang-scanner-module-cache-path /Users/siam/Library/Developer/Xcode/DerivedData/ModuleCache.noindex -sdk-module-cache-path /Users/siam/Library/Developer/Xcode/DerivedData/ModuleCache.noindex -serialize-diagnostics -emit-dependencies -emit-module -emit-module-path /Users/siam/Library/Developer/Xcode/DerivedData/Lingua_Quest-gvpckrqxtbgyprbgppjfqmimmmfw/Build/Intermediates.noindex/Firebase.build/Debug-iphonesimulator/FirebaseCoreInternal.build/Objects-normal/arm64/FirebaseCoreInternal.swiftmodule -user-module-version 12.16.0 -validate-clang-modules-once -clang-build-session-file /Users/siam/Library/Developer/Xcode/DerivedData/ModuleCache.noindex/Session.modulevalidation -package-name firebase_ios_sdk -Xcc -I/Users/siam/Library/Developer/Xcode/DerivedData/Lingua_Quest-gvpckrqxtbgyprbgppjfqmimmmfw/Build/Intermediates.noindex/Firebase.build/Debug-iphonesimulator/FirebaseCoreInternal.build/swift-overrides.hmap -emit-const-values -Xfrontend -const-gather-protocols-file -Xfrontend /Users/siam/Library/Developer/Xcode/DerivedData/Lingua_Quest-gvpckrqxtbgyprbgppjfqmimmmfw/Build/Intermediates.noindex/Firebase.build/Debug-iphonesimulator/FirebaseCoreInternal.build/Objects-normal/arm64/FirebaseCoreInternal_const_extract_protocols.json -Xcc -I/Users/siam/Library/Developer/Xcode/DerivedData/Lingua_Quest-gvpckrqxtbgyprbgppjfqmimmmfw/SourcePackages/checkouts/GoogleUtilities/GoogleUtilities/NSData+zlib/Public -Xcc -I/Users/siam/Library/Developer/Xcode/DerivedData/Lingua_Quest-gvpckrqxtbgyprbgppjfqmimmmfw/Build/Products/Debug-iphonesimulator/include -Xcc -I/Users/siam/Library/Developer/Xcode/DerivedData/Lingua_Quest-gvpckrqxtbgyprbgppjfqmimmmfw/Build/Intermediates.noindex/Firebase.build/Debug-iphonesimulator/FirebaseCoreInternal.build/DerivedSources-normal/arm64 -Xcc -I/Users/siam/Library/Developer/Xcode/DerivedData/Lingua_Quest-gvpckrqxtbgyprbgppjfqmimmmfw/Build/Intermediates.noindex/Firebase.build/Debug-iphonesimulator/FirebaseCoreInternal.build/DerivedSources/arm64 -Xcc -I/Users/siam/Library/Developer/Xcode/DerivedData/Lingua_Quest-gvpckrqxtbgyprbgppjfqmimmmfw/Build/Intermediates.noindex/Firebase.build/Debug-iphonesimulator/FirebaseCoreInternal.build/DerivedSources -Xcc -DSWIFT_PACKAGE -Xcc -DDEBUG\=1 -emit-objc-header -emit-objc-header-path /Users/siam/Library/Developer/Xcode/DerivedData/Lingua_Quest-gvpckrqxtbgyprbgppjfqmimmmfw/Build/Intermediates.noindex/Firebase.build/Debug-iphonesimulator/FirebaseCoreInternal.build/Objects-normal/arm64/FirebaseCoreInternal-Swift.h -working-directory /Users/siam/Desktop/Lingua\ Quest/Lingua\ Quest.xcodeproj -experimental-emit-module-separately -disable-cmo

Ld /Users/siam/Library/Developer/Xcode/DerivedData/Lingua_Quest-gvpckrqxtbgyprbgppjfqmimmmfw/Build/Intermediates.noindex/gRPC.build/Debug-iphonesimulator/grpcppWrapper.build/Objects-normal/x86_64/Binary/grpcppWrapper.o normal x86_64 (in target 'grpcppWrapper' from project 'gRPC')
    cd /Users/siam/Library/Developer/Xcode/DerivedData/Lingua_Quest-gvpckrqxtbgyprbgppjfqmimmmfw/SourcePackages/checkouts/grpc-binary
    /Applications/Xcode.app/Contents/Developer/Toolchains/XcodeDefault.xctoolchain/usr/bin/clang -Xlinker -reproducible -target x86_64-apple-ios12.0-simulator -r -isysroot /Applications/Xcode.app/Contents/Developer/Platforms/iPhoneSimulator.platform/Developer/SDKs/iPhoneSimulator26.0.sdk -O0 -w -L/Users/siam/Library/Developer/Xcode/DerivedData/Lingua_Quest-gvpckrqxtbgyprbgppjfqmimmmfw/Build/Intermediates.noindex/EagerLinkingTBDs/Debug-iphonesimulator -L/Users/siam/Library/Developer/Xcode/DerivedData/Lingua_Quest-gvpckrqxtbgyprbgppjfqmimmmfw/Build/Products/Debug-iphonesimulator -L/Applications/Xcode.app/Contents/Developer/Platforms/iPhoneSimulator.platform/Developer/usr/lib -F/Users/siam/Library/Developer/Xcode/DerivedData/Lingua_Quest-gvpckrqxtbgyprbgppjfqmimmmfw/Build/Intermediates.noindex/EagerLinkingTBDs/Debug-iphonesimulator -F/Users/siam/Library/Developer/Xcode/DerivedData/Lingua_Quest-gvpckrqxtbgyprbgppjfqmimmmfw/Build/Products/Debug-iphonesimulator/PackageFrameworks -F/Users/siam/Library/Developer/Xcode/DerivedData/Lingua_Quest-gvpckrqxtbgyprbgppjfqmimmmfw/Build/Products/Debug-iphonesimulator/PackageFrameworks -F/Users/siam/Library/Developer/Xcode/DerivedData/Lingua_Quest-gvpckrqxtbgyprbgppjfqmimmmfw/Build/Products/Debug-iphonesimulator/PackageFrameworks -F/Users/siam/Library/Developer/Xcode/DerivedData/Lingua_Quest-gvpckrqxtbgyprbgppjfqmimmmfw/Build/Products/Debug-iphonesimulator -iframework /Applications/Xcode.app/Contents/Developer/Platforms/iPhoneSimulator.platform/Developer/Library/Frameworks -iframework /Applications/Xcode.app/Contents/Developer/Platforms/iPhoneSimulator.platform/Developer/SDKs/iPhoneSimulator26.0.sdk/Developer/Library/Frameworks -filelist /Users/siam/Library/Developer/Xcode/DerivedData/Lingua_Quest-gvpckrqxtbgyprbgppjfqmimmmfw/Build/Intermediates.noindex/gRPC.build/Debug-iphonesimulator/grpcppWrapper.build/Objects-normal/x86_64/grpcppWrapper.LinkFileList -nostdlib -Xlinker -object_path_lto -Xlinker /Users/siam/Library/Developer/Xcode/DerivedData/Lingua_Quest-gvpckrqxtbgyprbgppjfqmimmmfw/Build/Intermediates.noindex/gRPC.build/Debug-iphonesimulator/grpcppWrapper.build/Objects-normal/x86_64/grpcppWrapper_lto.o -rdynamic -Xlinker -no_deduplicate -Xlinker -objc_abi_version -Xlinker 2 -Xlinker -debug_variant -Xlinker -dependency_info -Xlinker /Users/siam/Library/Developer/Xcode/DerivedData/Lingua_Quest-gvpckrqxtbgyprbgppjfqmimmmfw/Build/Intermediates.noindex/gRPC.build/Debug-iphonesimulator/grpcppWrapper.build/Objects-normal/x86_64/grpcppWrapper_dependency_info.dat -fobjc-arc -fobjc-link-runtime -o /Users/siam/Library/Developer/Xcode/DerivedData/Lingua_Quest-gvpckrqxtbgyprbgppjfqmimmmfw/Build/Intermediates.noindex/gRPC.build/Debug-iphonesimulator/grpcppWrapper.build/Objects-normal/x86_64/Binary/grpcppWrapper.o

Ld /Users/siam/Library/Developer/Xcode/DerivedData/Lingua_Quest-gvpckrqxtbgyprbgppjfqmimmmfw/Build/Intermediates.noindex/gRPC.build/Debug-iphonesimulator/grpcppWrapper.build/Objects-normal/arm64/Binary/grpcppWrapper.o normal arm64 (in target 'grpcppWrapper' from project 'gRPC')
    cd /Users/siam/Library/Developer/Xcode/DerivedData/Lingua_Quest-gvpckrqxtbgyprbgppjfqmimmmfw/SourcePackages/checkouts/grpc-binary
    /Applications/Xcode.app/Contents/Developer/Toolchains/XcodeDefault.xctoolchain/usr/bin/clang -Xlinker -reproducible -target arm64-apple-ios12.0-simulator -r -isysroot /Applications/Xcode.app/Contents/Developer/Platforms/iPhoneSimulator.platform/Developer/SDKs/iPhoneSimulator26.0.sdk -O0 -w -L/Users/siam/Library/Developer/Xcode/DerivedData/Lingua_Quest-gvpckrqxtbgyprbgppjfqmimmmfw/Build/Intermediates.noindex/EagerLinkingTBDs/Debug-iphonesimulator -L/Users/siam/Library/Developer/Xcode/DerivedData/Lingua_Quest-gvpckrqxtbgyprbgppjfqmimmmfw/Build/Products/Debug-iphonesimulator -L/Applications/Xcode.app/Contents/Developer/Platforms/iPhoneSimulator.platform/Developer/usr/lib -F/Users/siam/Library/Developer/Xcode/DerivedData/Lingua_Quest-gvpckrqxtbgyprbgppjfqmimmmfw/Build/Intermediates.noindex/EagerLinkingTBDs/Debug-iphonesimulator -F/Users/siam/Library/Developer/Xcode/DerivedData/Lingua_Quest-gvpckrqxtbgyprbgppjfqmimmmfw/Build/Products/Debug-iphonesimulator/PackageFrameworks -F/Users/siam/Library/Developer/Xcode/DerivedData/Lingua_Quest-gvpckrqxtbgyprbgppjfqmimmmfw/Build/Products/Debug-iphonesimulator/PackageFrameworks -F/Users/siam/Library/Developer/Xcode/DerivedData/Lingua_Quest-gvpckrqxtbgyprbgppjfqmimmmfw/Build/Products/Debug-iphonesimulator/PackageFrameworks -F/Users/siam/Library/Developer/Xcode/DerivedData/Lingua_Quest-gvpckrqxtbgyprbgppjfqmimmmfw/Build/Products/Debug-iphonesimulator -iframework /Applications/Xcode.app/Contents/Developer/Platforms/iPhoneSimulator.platform/Developer/Library/Frameworks -iframework /Applications/Xcode.app/Contents/Developer/Platforms/iPhoneSimulator.platform/Developer/SDKs/iPhoneSimulator26.0.sdk/Developer/Library/Frameworks -filelist /Users/siam/Library/Developer/Xcode/DerivedData/Lingua_Quest-gvpckrqxtbgyprbgppjfqmimmmfw/Build/Intermediates.noindex/gRPC.build/Debug-iphonesimulator/grpcppWrapper.build/Objects-normal/arm64/grpcppWrapper.LinkFileList -nostdlib -Xlinker -object_path_lto -Xlinker /Users/siam/Library/Developer/Xcode/DerivedData/Lingua_Quest-gvpckrqxtbgyprbgppjfqmimmmfw/Build/Intermediates.noindex/gRPC.build/Debug-iphonesimulator/grpcppWrapper.build/Objects-normal/arm64/grpcppWrapper_lto.o -rdynamic -Xlinker -no_deduplicate -Xlinker -objc_abi_version -Xlinker 2 -Xlinker -debug_variant -Xlinker -dependency_info -Xlinker /Users/siam/Library/Developer/Xcode/DerivedData/Lingua_Quest-gvpckrqxtbgyprbgppjfqmimmmfw/Build/Intermediates.noindex/gRPC.build/Debug-iphonesimulator/grpcppWrapper.build/Objects-normal/arm64/grpcppWrapper_dependency_info.dat -fobjc-arc -fobjc-link-runtime -o /Users/siam/Library/Developer/Xcode/DerivedData/Lingua_Quest-gvpckrqxtbgyprbgppjfqmimmmfw/Build/Intermediates.noindex/gRPC.build/Debug-iphonesimulator/grpcppWrapper.build/Objects-normal/arm64/Binary/grpcppWrapper.o

Ld /Users/siam/Library/Developer/Xcode/DerivedData/Lingua_Quest-gvpckrqxtbgyprbgppjfqmimmmfw/Build/Intermediates.noindex/GoogleUtilities.build/Debug-iphonesimulator/GoogleUtilities-Logger.build/Objects-normal/x86_64/Binary/GoogleUtilities-Logger.o normal x86_64 (in target 'GoogleUtilities-Logger' from project 'GoogleUtilities')
    cd /Users/siam/Library/Developer/Xcode/DerivedData/Lingua_Quest-gvpckrqxtbgyprbgppjfqmimmmfw/SourcePackages/checkouts/GoogleUtilities
    /Applications/Xcode.app/Contents/Developer/Toolchains/XcodeDefault.xctoolchain/usr/bin/clang -Xlinker -reproducible -target x86_64-apple-ios12.0-simulator -r -isysroot /Applications/Xcode.app/Contents/Developer/Platforms/iPhoneSimulator.platform/Developer/SDKs/iPhoneSimulator26.0.sdk -O0 -w -L/Users/siam/Library/Developer/Xcode/DerivedData/Lingua_Quest-gvpckrqxtbgyprbgppjfqmimmmfw/Build/Intermediates.noindex/EagerLinkingTBDs/Debug-iphonesimulator -L/Users/siam/Library/Developer/Xcode/DerivedData/Lingua_Quest-gvpckrqxtbgyprbgppjfqmimmmfw/Build/Products/Debug-iphonesimulator -L/Applications/Xcode.app/Contents/Developer/Platforms/iPhoneSimulator.platform/Developer/usr/lib -F/Users/siam/Library/Developer/Xcode/DerivedData/Lingua_Quest-gvpckrqxtbgyprbgppjfqmimmmfw/Build/Intermediates.noindex/EagerLinkingTBDs/Debug-iphonesimulator -F/Users/siam/Library/Developer/Xcode/DerivedData/Lingua_Quest-gvpckrqxtbgyprbgppjfqmimmmfw/Build/Products/Debug-iphonesimulator/PackageFrameworks -F/Users/siam/Library/Developer/Xcode/DerivedData/Lingua_Quest-gvpckrqxtbgyprbgppjfqmimmmfw/Build/Products/Debug-iphonesimulator/PackageFrameworks -F/Users/siam/Library/Developer/Xcode/DerivedData/Lingua_Quest-gvpckrqxtbgyprbgppjfqmimmmfw/Build/Products/Debug-iphonesimulator -iframework /Applications/Xcode.app/Contents/Developer/Platforms/iPhoneSimulator.platform/Developer/Library/Frameworks -iframework /Applications/Xcode.app/Contents/Developer/Platforms/iPhoneSimulator.platform/Developer/SDKs/iPhoneSimulator26.0.sdk/Developer/Library/Frameworks -filelist /Users/siam/Library/Developer/Xcode/DerivedData/Lingua_Quest-gvpckrqxtbgyprbgppjfqmimmmfw/Build/Intermediates.noindex/GoogleUtilities.build/Debug-iphonesimulator/GoogleUtilities-Logger.build/Objects-normal/x86_64/GoogleUtilities-Logger.LinkFileList -nostdlib -Xlinker -object_path_lto -Xlinker /Users/siam/Library/Developer/Xcode/DerivedData/Lingua_Quest-gvpckrqxtbgyprbgppjfqmimmmfw/Build/Intermediates.noindex/GoogleUtilities.build/Debug-iphonesimulator/GoogleUtilities-Logger.build/Objects-normal/x86_64/GoogleUtilities-Logger_lto.o -rdynamic -Xlinker -no_deduplicate -Xlinker -objc_abi_version -Xlinker 2 -Xlinker -debug_variant -Xlinker -dependency_info -Xlinker /Users/siam/Library/Developer/Xcode/DerivedData/Lingua_Quest-gvpckrqxtbgyprbgppjfqmimmmfw/Build/Intermediates.noindex/GoogleUtilities.build/Debug-iphonesimulator/GoogleUtilities-Logger.build/Objects-normal/x86_64/GoogleUtilities-Logger_dependency_info.dat -fobjc-arc -fobjc-link-runtime -o /Users/siam/Library/Developer/Xcode/DerivedData/Lingua_Quest-gvpckrqxtbgyprbgppjfqmimmmfw/Build/Intermediates.noindex/GoogleUtilities.build/Debug-iphonesimulator/GoogleUtilities-Logger.build/Objects-normal/x86_64/Binary/GoogleUtilities-Logger.o

Ld /Users/siam/Library/Developer/Xcode/DerivedData/Lingua_Quest-gvpckrqxtbgyprbgppjfqmimmmfw/Build/Intermediates.noindex/GoogleUtilities.build/Debug-iphonesimulator/GoogleUtilities-Logger.build/Objects-normal/arm64/Binary/GoogleUtilities-Logger.o normal arm64 (in target 'GoogleUtilities-Logger' from project 'GoogleUtilities')
    cd /Users/siam/Library/Developer/Xcode/DerivedData/Lingua_Quest-gvpckrqxtbgyprbgppjfqmimmmfw/SourcePackages/checkouts/GoogleUtilities
    /Applications/Xcode.app/Contents/Developer/Toolchains/XcodeDefault.xctoolchain/usr/bin/clang -Xlinker -reproducible -target arm64-apple-ios12.0-simulator -r -isysroot /Applications/Xcode.app/Contents/Developer/Platforms/iPhoneSimulator.platform/Developer/SDKs/iPhoneSimulator26.0.sdk -O0 -w -L/Users/siam/Library/Developer/Xcode/DerivedData/Lingua_Quest-gvpckrqxtbgyprbgppjfqmimmmfw/Build/Intermediates.noindex/EagerLinkingTBDs/Debug-iphonesimulator -L/Users/siam/Library/Developer/Xcode/DerivedData/Lingua_Quest-gvpckrqxtbgyprbgppjfqmimmmfw/Build/Products/Debug-iphonesimulator -L/Applications/Xcode.app/Contents/Developer/Platforms/iPhoneSimulator.platform/Developer/usr/lib -F/Users/siam/Library/Developer/Xcode/DerivedData/Lingua_Quest-gvpckrqxtbgyprbgppjfqmimmmfw/Build/Intermediates.noindex/EagerLinkingTBDs/Debug-iphonesimulator -F/Users/siam/Library/Developer/Xcode/DerivedData/Lingua_Quest-gvpckrqxtbgyprbgppjfqmimmmfw/Build/Products/Debug-iphonesimulator/PackageFrameworks -F/Users/siam/Library/Developer/Xcode/DerivedData/Lingua_Quest-gvpckrqxtbgyprbgppjfqmimmmfw/Build/Products/Debug-iphonesimulator/PackageFrameworks -F/Users/siam/Library/Developer/Xcode/DerivedData/Lingua_Quest-gvpckrqxtbgyprbgppjfqmimmmfw/Build/Products/Debug-iphonesimulator -iframework /Applications/Xcode.app/Contents/Developer/Platforms/iPhoneSimulator.platform/Developer/Library/Frameworks -iframework /Applications/Xcode.app/Contents/Developer/Platforms/iPhoneSimulator.platform/Developer/SDKs/iPhoneSimulator26.0.sdk/Developer/Library/Frameworks -filelist /Users/siam/Library/Developer/Xcode/DerivedData/Lingua_Quest-gvpckrqxtbgyprbgppjfqmimmmfw/Build/Intermediates.noindex/GoogleUtilities.build/Debug-iphonesimulator/GoogleUtilities-Logger.build/Objects-normal/arm64/GoogleUtilities-Logger.LinkFileList -nostdlib -Xlinker -object_path_lto -Xlinker /Users/siam/Library/Developer/Xcode/DerivedData/Lingua_Quest-gvpckrqxtbgyprbgppjfqmimmmfw/Build/Intermediates.noindex/GoogleUtilities.build/Debug-iphonesimulator/GoogleUtilities-Logger.build/Objects-normal/arm64/GoogleUtilities-Logger_lto.o -rdynamic -Xlinker -no_deduplicate -Xlinker -objc_abi_version -Xlinker 2 -Xlinker -debug_variant -Xlinker -dependency_info -Xlinker /Users/siam/Library/Developer/Xcode/DerivedData/Lingua_Quest-gvpckrqxtbgyprbgppjfqmimmmfw/Build/Intermediates.noindex/GoogleUtilities.build/Debug-iphonesimulator/GoogleUtilities-Logger.build/Objects-normal/arm64/GoogleUtilities-Logger_dependency_info.dat -fobjc-arc -fobjc-link-runtime -o /Users/siam/Library/Developer/Xcode/DerivedData/Lingua_Quest-gvpckrqxtbgyprbgppjfqmimmmfw/Build/Intermediates.noindex/GoogleUtilities.build/Debug-iphonesimulator/GoogleUtilities-Logger.build/Objects-normal/arm64/Binary/GoogleUtilities-Logger.o

CreateUniversalBinary /Users/siam/Library/Developer/Xcode/DerivedData/Lingua_Quest-gvpckrqxtbgyprbgppjfqmimmmfw/Build/Products/Debug-iphonesimulator/grpcppWrapper.o normal arm64\ x86_64 (in target 'grpcppWrapper' from project 'gRPC')
    cd /Users/siam/Library/Developer/Xcode/DerivedData/Lingua_Quest-gvpckrqxtbgyprbgppjfqmimmmfw/SourcePackages/checkouts/grpc-binary
    /Applications/Xcode.app/Contents/Developer/Toolchains/XcodeDefault.xctoolchain/usr/bin/lipo -create /Users/siam/Library/Developer/Xcode/DerivedData/Lingua_Quest-gvpckrqxtbgyprbgppjfqmimmmfw/Build/Intermediates.noindex/gRPC.build/Debug-iphonesimulator/grpcppWrapper.build/Objects-normal/arm64/Binary/grpcppWrapper.o /Users/siam/Library/Developer/Xcode/DerivedData/Lingua_Quest-gvpckrqxtbgyprbgppjfqmimmmfw/Build/Intermediates.noindex/gRPC.build/Debug-iphonesimulator/grpcppWrapper.build/Objects-normal/x86_64/Binary/grpcppWrapper.o -output /Users/siam/Library/Developer/Xcode/DerivedData/Lingua_Quest-gvpckrqxtbgyprbgppjfqmimmmfw/Build/Products/Debug-iphonesimulator/grpcppWrapper.o

Ld /Users/siam/Library/Developer/Xcode/DerivedData/Lingua_Quest-gvpckrqxtbgyprbgppjfqmimmmfw/Build/Intermediates.noindex/Firebase.build/Debug-iphonesimulator/FirebaseCoreInternal.build/Objects-normal/x86_64/Binary/FirebaseCoreInternal.o normal x86_64 (in target 'FirebaseCoreInternal' from project 'Firebase')
    cd /Users/siam/Library/Developer/Xcode/DerivedData/Lingua_Quest-gvpckrqxtbgyprbgppjfqmimmmfw/SourcePackages/checkouts/firebase-ios-sdk
    /Applications/Xcode.app/Contents/Developer/Toolchains/XcodeDefault.xctoolchain/usr/bin/clang -Xlinker -reproducible -target x86_64-apple-ios15.0-simulator -r -isysroot /Applications/Xcode.app/Contents/Developer/Platforms/iPhoneSimulator.platform/Developer/SDKs/iPhoneSimulator26.0.sdk -O0 -w -L/Users/siam/Library/Developer/Xcode/DerivedData/Lingua_Quest-gvpckrqxtbgyprbgppjfqmimmmfw/Build/Intermediates.noindex/EagerLinkingTBDs/Debug-iphonesimulator -L/Users/siam/Library/Developer/Xcode/DerivedData/Lingua_Quest-gvpckrqxtbgyprbgppjfqmimmmfw/Build/Products/Debug-iphonesimulator -L/Applications/Xcode.app/Contents/Developer/Platforms/iPhoneSimulator.platform/Developer/usr/lib -F/Users/siam/Library/Developer/Xcode/DerivedData/Lingua_Quest-gvpckrqxtbgyprbgppjfqmimmmfw/Build/Intermediates.noindex/EagerLinkingTBDs/Debug-iphonesimulator -F/Users/siam/Library/Developer/Xcode/DerivedData/Lingua_Quest-gvpckrqxtbgyprbgppjfqmimmmfw/Build/Products/Debug-iphonesimulator/PackageFrameworks -F/Users/siam/Library/Developer/Xcode/DerivedData/Lingua_Quest-gvpckrqxtbgyprbgppjfqmimmmfw/Build/Products/Debug-iphonesimulator -iframework /Applications/Xcode.app/Contents/Developer/Platforms/iPhoneSimulator.platform/Developer/Library/Frameworks -iframework /Applications/Xcode.app/Contents/Developer/Platforms/iPhoneSimulator.platform/Developer/SDKs/iPhoneSimulator26.0.sdk/Developer/Library/Frameworks -filelist /Users/siam/Library/Developer/Xcode/DerivedData/Lingua_Quest-gvpckrqxtbgyprbgppjfqmimmmfw/Build/Intermediates.noindex/Firebase.build/Debug-iphonesimulator/FirebaseCoreInternal.build/Objects-normal/x86_64/FirebaseCoreInternal.LinkFileList -nostdlib -Xlinker -object_path_lto -Xlinker /Users/siam/Library/Developer/Xcode/DerivedData/Lingua_Quest-gvpckrqxtbgyprbgppjfqmimmmfw/Build/Intermediates.noindex/Firebase.build/Debug-iphonesimulator/FirebaseCoreInternal.build/Objects-normal/x86_64/FirebaseCoreInternal_lto.o -rdynamic -Xlinker -no_deduplicate -Xlinker -objc_abi_version -Xlinker 2 -Xlinker -debug_variant -Xlinker -dependency_info -Xlinker /Users/siam/Library/Developer/Xcode/DerivedData/Lingua_Quest-gvpckrqxtbgyprbgppjfqmimmmfw/Build/Intermediates.noindex/Firebase.build/Debug-iphonesimulator/FirebaseCoreInternal.build/Objects-normal/x86_64/FirebaseCoreInternal_dependency_info.dat -fobjc-link-runtime -L/Applications/Xcode.app/Contents/Developer/Toolchains/XcodeDefault.xctoolchain/usr/lib/swift/iphonesimulator -L/usr/lib/swift -Xlinker -add_ast_path -Xlinker /Users/siam/Library/Developer/Xcode/DerivedData/Lingua_Quest-gvpckrqxtbgyprbgppjfqmimmmfw/Build/Intermediates.noindex/Firebase.build/Debug-iphonesimulator/FirebaseCoreInternal.build/Objects-normal/x86_64/FirebaseCoreInternal.swiftmodule @/Users/siam/Library/Developer/Xcode/DerivedData/Lingua_Quest-gvpckrqxtbgyprbgppjfqmimmmfw/Build/Intermediates.noindex/Firebase.build/Debug-iphonesimulator/FirebaseCoreInternal.build/Objects-normal/x86_64/FirebaseCoreInternal-linker-args.resp -o /Users/siam/Library/Developer/Xcode/DerivedData/Lingua_Quest-gvpckrqxtbgyprbgppjfqmimmmfw/Build/Intermediates.noindex/Firebase.build/Debug-iphonesimulator/FirebaseCoreInternal.build/Objects-normal/x86_64/Binary/FirebaseCoreInternal.o

Ld /Users/siam/Library/Developer/Xcode/DerivedData/Lingua_Quest-gvpckrqxtbgyprbgppjfqmimmmfw/Build/Intermediates.noindex/Firebase.build/Debug-iphonesimulator/FirebaseCoreInternal.build/Objects-normal/arm64/Binary/FirebaseCoreInternal.o normal arm64 (in target 'FirebaseCoreInternal' from project 'Firebase')
    cd /Users/siam/Library/Developer/Xcode/DerivedData/Lingua_Quest-gvpckrqxtbgyprbgppjfqmimmmfw/SourcePackages/checkouts/firebase-ios-sdk
    /Applications/Xcode.app/Contents/Developer/Toolchains/XcodeDefault.xctoolchain/usr/bin/clang -Xlinker -reproducible -target arm64-apple-ios15.0-simulator -r -isysroot /Applications/Xcode.app/Contents/Developer/Platforms/iPhoneSimulator.platform/Developer/SDKs/iPhoneSimulator26.0.sdk -O0 -w -L/Users/siam/Library/Developer/Xcode/DerivedData/Lingua_Quest-gvpckrqxtbgyprbgppjfqmimmmfw/Build/Intermediates.noindex/EagerLinkingTBDs/Debug-iphonesimulator -L/Users/siam/Library/Developer/Xcode/DerivedData/Lingua_Quest-gvpckrqxtbgyprbgppjfqmimmmfw/Build/Products/Debug-iphonesimulator -L/Applications/Xcode.app/Contents/Developer/Platforms/iPhoneSimulator.platform/Developer/usr/lib -F/Users/siam/Library/Developer/Xcode/DerivedData/Lingua_Quest-gvpckrqxtbgyprbgppjfqmimmmfw/Build/Intermediates.noindex/EagerLinkingTBDs/Debug-iphonesimulator -F/Users/siam/Library/Developer/Xcode/DerivedData/Lingua_Quest-gvpckrqxtbgyprbgppjfqmimmmfw/Build/Products/Debug-iphonesimulator/PackageFrameworks -F/Users/siam/Library/Developer/Xcode/DerivedData/Lingua_Quest-gvpckrqxtbgyprbgppjfqmimmmfw/Build/Products/Debug-iphonesimulator -iframework /Applications/Xcode.app/Contents/Developer/Platforms/iPhoneSimulator.platform/Developer/Library/Frameworks -iframework /Applications/Xcode.app/Contents/Developer/Platforms/iPhoneSimulator.platform/Developer/SDKs/iPhoneSimulator26.0.sdk/Developer/Library/Frameworks -filelist /Users/siam/Library/Developer/Xcode/DerivedData/Lingua_Quest-gvpckrqxtbgyprbgppjfqmimmmfw/Build/Intermediates.noindex/Firebase.build/Debug-iphonesimulator/FirebaseCoreInternal.build/Objects-normal/arm64/FirebaseCoreInternal.LinkFileList -nostdlib -Xlinker -object_path_lto -Xlinker /Users/siam/Library/Developer/Xcode/DerivedData/Lingua_Quest-gvpckrqxtbgyprbgppjfqmimmmfw/Build/Intermediates.noindex/Firebase.build/Debug-iphonesimulator/FirebaseCoreInternal.build/Objects-normal/arm64/FirebaseCoreInternal_lto.o -rdynamic -Xlinker -no_deduplicate -Xlinker -objc_abi_version -Xlinker 2 -Xlinker -debug_variant -Xlinker -dependency_info -Xlinker /Users/siam/Library/Developer/Xcode/DerivedData/Lingua_Quest-gvpckrqxtbgyprbgppjfqmimmmfw/Build/Intermediates.noindex/Firebase.build/Debug-iphonesimulator/FirebaseCoreInternal.build/Objects-normal/arm64/FirebaseCoreInternal_dependency_info.dat -fobjc-link-runtime -L/Applications/Xcode.app/Contents/Developer/Toolchains/XcodeDefault.xctoolchain/usr/lib/swift/iphonesimulator -L/usr/lib/swift -Xlinker -add_ast_path -Xlinker /Users/siam/Library/Developer/Xcode/DerivedData/Lingua_Quest-gvpckrqxtbgyprbgppjfqmimmmfw/Build/Intermediates.noindex/Firebase.build/Debug-iphonesimulator/FirebaseCoreInternal.build/Objects-normal/arm64/FirebaseCoreInternal.swiftmodule @/Users/siam/Library/Developer/Xcode/DerivedData/Lingua_Quest-gvpckrqxtbgyprbgppjfqmimmmfw/Build/Intermediates.noindex/Firebase.build/Debug-iphonesimulator/FirebaseCoreInternal.build/Objects-normal/arm64/FirebaseCoreInternal-linker-args.resp -o /Users/siam/Library/Developer/Xcode/DerivedData/Lingua_Quest-gvpckrqxtbgyprbgppjfqmimmmfw/Build/Intermediates.noindex/Firebase.build/Debug-iphonesimulator/FirebaseCoreInternal.build/Objects-normal/arm64/Binary/FirebaseCoreInternal.o

RegisterExecutionPolicyException /Users/siam/Library/Developer/Xcode/DerivedData/Lingua_Quest-gvpckrqxtbgyprbgppjfqmimmmfw/Build/Products/Debug-iphonesimulator/FirebaseCoreExtension.o (in target 'FirebaseCoreExtension' from project 'Firebase')
    cd /Users/siam/Library/Developer/Xcode/DerivedData/Lingua_Quest-gvpckrqxtbgyprbgppjfqmimmmfw/SourcePackages/checkouts/firebase-ios-sdk
    builtin-RegisterExecutionPolicyException /Users/siam/Library/Developer/Xcode/DerivedData/Lingua_Quest-gvpckrqxtbgyprbgppjfqmimmmfw/Build/Products/Debug-iphonesimulator/FirebaseCoreExtension.o

CreateUniversalBinary /Users/siam/Library/Developer/Xcode/DerivedData/Lingua_Quest-gvpckrqxtbgyprbgppjfqmimmmfw/Build/Products/Debug-iphonesimulator/GoogleUtilities-Logger.o normal arm64\ x86_64 (in target 'GoogleUtilities-Logger' from project 'GoogleUtilities')
    cd /Users/siam/Library/Developer/Xcode/DerivedData/Lingua_Quest-gvpckrqxtbgyprbgppjfqmimmmfw/SourcePackages/checkouts/GoogleUtilities
    /Applications/Xcode.app/Contents/Developer/Toolchains/XcodeDefault.xctoolchain/usr/bin/lipo -create /Users/siam/Library/Developer/Xcode/DerivedData/Lingua_Quest-gvpckrqxtbgyprbgppjfqmimmmfw/Build/Intermediates.noindex/GoogleUtilities.build/Debug-iphonesimulator/GoogleUtilities-Logger.build/Objects-normal/arm64/Binary/GoogleUtilities-Logger.o /Users/siam/Library/Developer/Xcode/DerivedData/Lingua_Quest-gvpckrqxtbgyprbgppjfqmimmmfw/Build/Intermediates.noindex/GoogleUtilities.build/Debug-iphonesimulator/GoogleUtilities-Logger.build/Objects-normal/x86_64/Binary/GoogleUtilities-Logger.o -output /Users/siam/Library/Developer/Xcode/DerivedData/Lingua_Quest-gvpckrqxtbgyprbgppjfqmimmmfw/Build/Products/Debug-iphonesimulator/GoogleUtilities-Logger.o

PrecompileModule /Users/siam/Library/Developer/Xcode/DerivedData/Lingua_Quest-gvpckrqxtbgyprbgppjfqmimmmfw/Build/Intermediates.noindex/ExplicitPrecompiledModules/XPC-4425KV7SVZ2160S17A4N4UVC9.scan
    cd /
    builtin-precompileModule /Users/siam/Library/Developer/Xcode/DerivedData/Lingua_Quest-gvpckrqxtbgyprbgppjfqmimmmfw/Build/Intermediates.noindex/ExplicitPrecompiledModules/XPC-4425KV7SVZ2160S17A4N4UVC9.scan

PrecompileModule /Users/siam/Library/Developer/Xcode/DerivedData/Lingua_Quest-gvpckrqxtbgyprbgppjfqmimmmfw/Build/Intermediates.noindex/ExplicitPrecompiledModules/CoreFoundation-9YDK04UQCRM12WST11A9JTUZ1.scan
    cd /
    builtin-precompileModule /Users/siam/Library/Developer/Xcode/DerivedData/Lingua_Quest-gvpckrqxtbgyprbgppjfqmimmmfw/Build/Intermediates.noindex/ExplicitPrecompiledModules/CoreFoundation-9YDK04UQCRM12WST11A9JTUZ1.scan

Ld /Users/siam/Library/Developer/Xcode/DerivedData/Lingua_Quest-gvpckrqxtbgyprbgppjfqmimmmfw/Build/Intermediates.noindex/AppAuth.build/Debug-iphonesimulator/AppAuthCore.build/Objects-normal/x86_64/Binary/AppAuthCore.o normal x86_64 (in target 'AppAuthCore' from project 'AppAuth')
    cd /Users/siam/Library/Developer/Xcode/DerivedData/Lingua_Quest-gvpckrqxtbgyprbgppjfqmimmmfw/SourcePackages/checkouts/AppAuth-iOS
    /Applications/Xcode.app/Contents/Developer/Toolchains/XcodeDefault.xctoolchain/usr/bin/clang -Xlinker -reproducible -target x86_64-apple-ios12.0-simulator -r -isysroot /Applications/Xcode.app/Contents/Developer/Platforms/iPhoneSimulator.platform/Developer/SDKs/iPhoneSimulator26.0.sdk -O0 -w -L/Users/siam/Library/Developer/Xcode/DerivedData/Lingua_Quest-gvpckrqxtbgyprbgppjfqmimmmfw/Build/Intermediates.noindex/EagerLinkingTBDs/Debug-iphonesimulator -L/Users/siam/Library/Developer/Xcode/DerivedData/Lingua_Quest-gvpckrqxtbgyprbgppjfqmimmmfw/Build/Products/Debug-iphonesimulator -L/Applications/Xcode.app/Contents/Developer/Platforms/iPhoneSimulator.platform/Developer/usr/lib -F/Users/siam/Library/Developer/Xcode/DerivedData/Lingua_Quest-gvpckrqxtbgyprbgppjfqmimmmfw/Build/Intermediates.noindex/EagerLinkingTBDs/Debug-iphonesimulator -F/Users/siam/Library/Developer/Xcode/DerivedData/Lingua_Quest-gvpckrqxtbgyprbgppjfqmimmmfw/Build/Products/Debug-iphonesimulator -iframework /Applications/Xcode.app/Contents/Developer/Platforms/iPhoneSimulator.platform/Developer/Library/Frameworks -iframework /Applications/Xcode.app/Contents/Developer/Platforms/iPhoneSimulator.platform/Developer/SDKs/iPhoneSimulator26.0.sdk/Developer/Library/Frameworks -filelist /Users/siam/Library/Developer/Xcode/DerivedData/Lingua_Quest-gvpckrqxtbgyprbgppjfqmimmmfw/Build/Intermediates.noindex/AppAuth.build/Debug-iphonesimulator/AppAuthCore.build/Objects-normal/x86_64/AppAuthCore.LinkFileList -nostdlib -Xlinker -object_path_lto -Xlinker /Users/siam/Library/Developer/Xcode/DerivedData/Lingua_Quest-gvpckrqxtbgyprbgppjfqmimmmfw/Build/Intermediates.noindex/AppAuth.build/Debug-iphonesimulator/AppAuthCore.build/Objects-normal/x86_64/AppAuthCore_lto.o -rdynamic -Xlinker -no_deduplicate -Xlinker -objc_abi_version -Xlinker 2 -Xlinker -debug_variant -Xlinker -dependency_info -Xlinker /Users/siam/Library/Developer/Xcode/DerivedData/Lingua_Quest-gvpckrqxtbgyprbgppjfqmimmmfw/Build/Intermediates.noindex/AppAuth.build/Debug-iphonesimulator/AppAuthCore.build/Objects-normal/x86_64/AppAuthCore_dependency_info.dat -fobjc-arc -fobjc-link-runtime -o /Users/siam/Library/Developer/Xcode/DerivedData/Lingua_Quest-gvpckrqxtbgyprbgppjfqmimmmfw/Build/Intermediates.noindex/AppAuth.build/Debug-iphonesimulator/AppAuthCore.build/Objects-normal/x86_64/Binary/AppAuthCore.o

Ld /Users/siam/Library/Developer/Xcode/DerivedData/Lingua_Quest-gvpckrqxtbgyprbgppjfqmimmmfw/Build/Intermediates.noindex/AppAuth.build/Debug-iphonesimulator/AppAuthCore.build/Objects-normal/arm64/Binary/AppAuthCore.o normal arm64 (in target 'AppAuthCore' from project 'AppAuth')
    cd /Users/siam/Library/Developer/Xcode/DerivedData/Lingua_Quest-gvpckrqxtbgyprbgppjfqmimmmfw/SourcePackages/checkouts/AppAuth-iOS
    /Applications/Xcode.app/Contents/Developer/Toolchains/XcodeDefault.xctoolchain/usr/bin/clang -Xlinker -reproducible -target arm64-apple-ios12.0-simulator -r -isysroot /Applications/Xcode.app/Contents/Developer/Platforms/iPhoneSimulator.platform/Developer/SDKs/iPhoneSimulator26.0.sdk -O0 -w -L/Users/siam/Library/Developer/Xcode/DerivedData/Lingua_Quest-gvpckrqxtbgyprbgppjfqmimmmfw/Build/Intermediates.noindex/EagerLinkingTBDs/Debug-iphonesimulator -L/Users/siam/Library/Developer/Xcode/DerivedData/Lingua_Quest-gvpckrqxtbgyprbgppjfqmimmmfw/Build/Products/Debug-iphonesimulator -L/Applications/Xcode.app/Contents/Developer/Platforms/iPhoneSimulator.platform/Developer/usr/lib -F/Users/siam/Library/Developer/Xcode/DerivedData/Lingua_Quest-gvpckrqxtbgyprbgppjfqmimmmfw/Build/Intermediates.noindex/EagerLinkingTBDs/Debug-iphonesimulator -F/Users/siam/Library/Developer/Xcode/DerivedData/Lingua_Quest-gvpckrqxtbgyprbgppjfqmimmmfw/Build/Products/Debug-iphonesimulator -iframework /Applications/Xcode.app/Contents/Developer/Platforms/iPhoneSimulator.platform/Developer/Library/Frameworks -iframework /Applications/Xcode.app/Contents/Developer/Platforms/iPhoneSimulator.platform/Developer/SDKs/iPhoneSimulator26.0.sdk/Developer/Library/Frameworks -filelist /Users/siam/Library/Developer/Xcode/DerivedData/Lingua_Quest-gvpckrqxtbgyprbgppjfqmimmmfw/Build/Intermediates.noindex/AppAuth.build/Debug-iphonesimulator/AppAuthCore.build/Objects-normal/arm64/AppAuthCore.LinkFileList -nostdlib -Xlinker -object_path_lto -Xlinker /Users/siam/Library/Developer/Xcode/DerivedData/Lingua_Quest-gvpckrqxtbgyprbgppjfqmimmmfw/Build/Intermediates.noindex/AppAuth.build/Debug-iphonesimulator/AppAuthCore.build/Objects-normal/arm64/AppAuthCore_lto.o -rdynamic -Xlinker -no_deduplicate -Xlinker -objc_abi_version -Xlinker 2 -Xlinker -debug_variant -Xlinker -dependency_info -Xlinker /Users/siam/Library/Developer/Xcode/DerivedData/Lingua_Quest-gvpckrqxtbgyprbgppjfqmimmmfw/Build/Intermediates.noindex/AppAuth.build/Debug-iphonesimulator/AppAuthCore.build/Objects-normal/arm64/AppAuthCore_dependency_info.dat -fobjc-arc -fobjc-link-runtime -o /Users/siam/Library/Developer/Xcode/DerivedData/Lingua_Quest-gvpckrqxtbgyprbgppjfqmimmmfw/Build/Intermediates.noindex/AppAuth.build/Debug-iphonesimulator/AppAuthCore.build/Objects-normal/arm64/Binary/AppAuthCore.o

PrecompileModule /Users/siam/Library/Developer/Xcode/DerivedData/Lingua_Quest-gvpckrqxtbgyprbgppjfqmimmmfw/Build/Intermediates.noindex/ExplicitPrecompiledModules/_Builtin_stdint-DIX93DXULLMKOLR8DHYIYDLH9.scan
    cd /
    builtin-precompileModule /Users/siam/Library/Developer/Xcode/DerivedData/Lingua_Quest-gvpckrqxtbgyprbgppjfqmimmmfw/Build/Intermediates.noindex/ExplicitPrecompiledModules/_Builtin_stdint-DIX93DXULLMKOLR8DHYIYDLH9.scan

CreateUniversalBinary /Users/siam/Library/Developer/Xcode/DerivedData/Lingua_Quest-gvpckrqxtbgyprbgppjfqmimmmfw/Build/Products/Debug-iphonesimulator/FirebaseCoreInternal.o normal arm64\ x86_64 (in target 'FirebaseCoreInternal' from project 'Firebase')
    cd /Users/siam/Library/Developer/Xcode/DerivedData/Lingua_Quest-gvpckrqxtbgyprbgppjfqmimmmfw/SourcePackages/checkouts/firebase-ios-sdk
    /Applications/Xcode.app/Contents/Developer/Toolchains/XcodeDefault.xctoolchain/usr/bin/lipo -create /Users/siam/Library/Developer/Xcode/DerivedData/Lingua_Quest-gvpckrqxtbgyprbgppjfqmimmmfw/Build/Intermediates.noindex/Firebase.build/Debug-iphonesimulator/FirebaseCoreInternal.build/Objects-normal/arm64/Binary/FirebaseCoreInternal.o /Users/siam/Library/Developer/Xcode/DerivedData/Lingua_Quest-gvpckrqxtbgyprbgppjfqmimmmfw/Build/Intermediates.noindex/Firebase.build/Debug-iphonesimulator/FirebaseCoreInternal.build/Objects-normal/x86_64/Binary/FirebaseCoreInternal.o -output /Users/siam/Library/Developer/Xcode/DerivedData/Lingua_Quest-gvpckrqxtbgyprbgppjfqmimmmfw/Build/Products/Debug-iphonesimulator/FirebaseCoreInternal.o

RegisterExecutionPolicyException /Users/siam/Library/Developer/Xcode/DerivedData/Lingua_Quest-gvpckrqxtbgyprbgppjfqmimmmfw/Build/Products/Debug-iphonesimulator/grpcppWrapper.o (in target 'grpcppWrapper' from project 'gRPC')
    cd /Users/siam/Library/Developer/Xcode/DerivedData/Lingua_Quest-gvpckrqxtbgyprbgppjfqmimmmfw/SourcePackages/checkouts/grpc-binary
    builtin-RegisterExecutionPolicyException /Users/siam/Library/Developer/Xcode/DerivedData/Lingua_Quest-gvpckrqxtbgyprbgppjfqmimmmfw/Build/Products/Debug-iphonesimulator/grpcppWrapper.o

SwiftDriver AppCheckRecaptchaProvider normal arm64 com.apple.xcode.tools.swift.compiler (in target 'AppCheckRecaptchaProvider' from project 'AppCheck')
    cd /Users/siam/Desktop/Lingua\ Quest/Lingua\ Quest.xcodeproj
    builtin-SwiftDriver -- /Applications/Xcode.app/Contents/Developer/Toolchains/XcodeDefault.xctoolchain/usr/bin/swiftc -module-name AppCheckRecaptchaProvider -Onone -enforce-exclusivity\=checked @/Users/siam/Library/Developer/Xcode/DerivedData/Lingua_Quest-gvpckrqxtbgyprbgppjfqmimmmfw/Build/Intermediates.noindex/AppCheck.build/Debug-iphonesimulator/AppCheckRecaptchaProvider.build/Objects-normal/arm64/AppCheckRecaptchaProvider.SwiftFileList -DSWIFT_PACKAGE -DDEBUG -DSWIFT_MODULE_RESOURCE_BUNDLE_UNAVAILABLE -Xcc -fmodule-map-file\=/Users/siam/Library/Developer/Xcode/DerivedData/Lingua_Quest-gvpckrqxtbgyprbgppjfqmimmmfw/Build/Intermediates.noindex/GeneratedModuleMaps-iphonesimulator/GoogleUtilities-Logger.modulemap -Xcc -fmodule-map-file\=/Users/siam/Library/Developer/Xcode/DerivedData/Lingua_Quest-gvpckrqxtbgyprbgppjfqmimmmfw/Build/Intermediates.noindex/GeneratedModuleMaps-iphonesimulator/GoogleUtilities-Environment.modulemap -Xcc -fmodule-map-file\=/Users/siam/Library/Developer/Xcode/DerivedData/Lingua_Quest-gvpckrqxtbgyprbgppjfqmimmmfw/Build/Intermediates.noindex/GeneratedModuleMaps-iphonesimulator/third-party-IsAppEncrypted.modulemap -Xcc -fmodule-map-file\=/Users/siam/Library/Developer/Xcode/DerivedData/Lingua_Quest-gvpckrqxtbgyprbgppjfqmimmmfw/Build/Intermediates.noindex/GeneratedModuleMaps-iphonesimulator/GoogleUtilities-UserDefaults.modulemap -Xcc -fmodule-map-file\=/Users/siam/Library/Developer/Xcode/DerivedData/Lingua_Quest-gvpckrqxtbgyprbgppjfqmimmmfw/Build/Intermediates.noindex/GeneratedModuleMaps-iphonesimulator/RecaptchaInterop.modulemap -Xcc -fmodule-map-file\=/Users/siam/Library/Developer/Xcode/DerivedData/Lingua_Quest-gvpckrqxtbgyprbgppjfqmimmmfw/Build/Intermediates.noindex/GeneratedModuleMaps-iphonesimulator/AppCheckCore.modulemap -DXcode -plugin-path /Applications/Xcode.app/Contents/Developer/Toolchains/XcodeDefault.xctoolchain/usr/lib/swift/host/plugins/testing -enable-experimental-feature DebugDescriptionMacro -sdk /Applications/Xcode.app/Contents/Developer/Platforms/iPhoneSimulator.platform/Developer/SDKs/iPhoneSimulator26.0.sdk -target arm64-apple-ios12.0-simulator -g -module-cache-path /Users/siam/Library/Developer/Xcode/DerivedData/ModuleCache.noindex -Xfrontend -serialize-debugging-options -profile-coverage-mapping -profile-generate -enable-testing -suppress-warnings -index-store-path /Users/siam/Library/Developer/Xcode/DerivedData/Lingua_Quest-gvpckrqxtbgyprbgppjfqmimmmfw/Index.noindex/DataStore -Xcc -D_LIBCPP_HARDENING_MODE\=_LIBCPP_HARDENING_MODE_DEBUG -swift-version 5 -I /Users/siam/Library/Developer/Xcode/DerivedData/Lingua_Quest-gvpckrqxtbgyprbgppjfqmimmmfw/Build/Products/Debug-iphonesimulator -Isystem /Applications/Xcode.app/Contents/Developer/Platforms/iPhoneSimulator.platform/Developer/usr/lib -F /Users/siam/Library/Developer/Xcode/DerivedData/Lingua_Quest-gvpckrqxtbgyprbgppjfqmimmmfw/Build/Products/Debug-iphonesimulator/PackageFrameworks -F /Users/siam/Library/Developer/Xcode/DerivedData/Lingua_Quest-gvpckrqxtbgyprbgppjfqmimmmfw/Build/Products/Debug-iphonesimulator/PackageFrameworks -F /Users/siam/Library/Developer/Xcode/DerivedData/Lingua_Quest-gvpckrqxtbgyprbgppjfqmimmmfw/Build/Products/Debug-iphonesimulator/PackageFrameworks -F /Users/siam/Library/Developer/Xcode/DerivedData/Lingua_Quest-gvpckrqxtbgyprbgppjfqmimmmfw/Build/Products/Debug-iphonesimulator/PackageFrameworks -F /Users/siam/Library/Developer/Xcode/DerivedData/Lingua_Quest-gvpckrqxtbgyprbgppjfqmimmmfw/Build/Products/Debug-iphonesimulator/PackageFrameworks -F /Users/siam/Library/Developer/Xcode/DerivedData/Lingua_Quest-gvpckrqxtbgyprbgppjfqmimmmfw/Build/Products/Debug-iphonesimulator/PackageFrameworks -F /Users/siam/Library/Developer/Xcode/DerivedData/Lingua_Quest-gvpckrqxtbgyprbgppjfqmimmmfw/Build/Products/Debug-iphonesimulator/PackageFrameworks -F /Users/siam/Library/Developer/Xcode/DerivedData/Lingua_Quest-gvpckrqxtbgyprbgppjfqmimmmfw/Build/Products/Debug-iphonesimulator/PackageFrameworks -F /Users/siam/Library/Developer/Xcode/DerivedData/Lingua_Quest-gvpckrqxtbgyprbgppjfqmimmmfw/Build/Products/Debug-iphonesimulator -F /Applications/Xcode.app/Contents/Developer/Platforms/iPhoneSimulator.platform/Developer/Library/Frameworks -F /Applications/Xcode.app/Contents/Developer/Platforms/iPhoneSimulator.platform/Developer/SDKs/iPhoneSimulator26.0.sdk/Developer/Library/Frameworks -c -j12 -enable-batch-mode -incremental -Xcc -ivfsstatcache -Xcc /Users/siam/Library/Developer/Xcode/DerivedData/SDKStatCaches.noindex/iphonesimulator26.0-23A339-26257891a6c027eb51374368541b8346.sdkstatcache -output-file-map /Users/siam/Library/Developer/Xcode/DerivedData/Lingua_Quest-gvpckrqxtbgyprbgppjfqmimmmfw/Build/Intermediates.noindex/AppCheck.build/Debug-iphonesimulator/AppCheckRecaptchaProvider.build/Objects-normal/arm64/AppCheckRecaptchaProvider-OutputFileMap.json -use-frontend-parseable-output -save-temps -no-color-diagnostics -explicit-module-build -module-cache-path /Users/siam/Library/Developer/Xcode/DerivedData/Lingua_Quest-gvpckrqxtbgyprbgppjfqmimmmfw/Build/Intermediates.noindex/SwiftExplicitPrecompiledModules -clang-scanner-module-cache-path /Users/siam/Library/Developer/Xcode/DerivedData/ModuleCache.noindex -sdk-module-cache-path /Users/siam/Library/Developer/Xcode/DerivedData/ModuleCache.noindex -serialize-diagnostics -emit-dependencies -emit-module -emit-module-path /Users/siam/Library/Developer/Xcode/DerivedData/Lingua_Quest-gvpckrqxtbgyprbgppjfqmimmmfw/Build/Intermediates.noindex/AppCheck.build/Debug-iphonesimulator/AppCheckRecaptchaProvider.build/Objects-normal/arm64/AppCheckRecaptchaProvider.swiftmodule -validate-clang-modules-once -clang-build-session-file /Users/siam/Library/Developer/Xcode/DerivedData/ModuleCache.noindex/Session.modulevalidation -Xcc -I/Users/siam/Library/Developer/Xcode/DerivedData/Lingua_Quest-gvpckrqxtbgyprbgppjfqmimmmfw/Build/Intermediates.noindex/AppCheck.build/Debug-iphonesimulator/AppCheckRecaptchaProvider.build/swift-overrides.hmap -emit-const-values -Xfrontend -const-gather-protocols-file -Xfrontend /Users/siam/Library/Developer/Xcode/DerivedData/Lingua_Quest-gvpckrqxtbgyprbgppjfqmimmmfw/Build/Intermediates.noindex/AppCheck.build/Debug-iphonesimulator/AppCheckRecaptchaProvider.build/Objects-normal/arm64/AppCheckRecaptchaProvider_const_extract_protocols.json -Xcc -I/Users/siam/Library/Developer/Xcode/DerivedData/Lingua_Quest-gvpckrqxtbgyprbgppjfqmimmmfw/SourcePackages/checkouts/GoogleUtilities/GoogleUtilities/Logger/Public -Xcc -I/Users/siam/Library/Developer/Xcode/DerivedData/Lingua_Quest-gvpckrqxtbgyprbgppjfqmimmmfw/SourcePackages/checkouts/GoogleUtilities/GoogleUtilities/Environment/Public -Xcc -I/Users/siam/Library/Developer/Xcode/DerivedData/Lingua_Quest-gvpckrqxtbgyprbgppjfqmimmmfw/SourcePackages/checkouts/GoogleUtilities/third_party/IsAppEncrypted/Public -Xcc -I/Users/siam/Library/Developer/Xcode/DerivedData/Lingua_Quest-gvpckrqxtbgyprbgppjfqmimmmfw/SourcePackages/checkouts/GoogleUtilities/GoogleUtilities/UserDefaults/Public -Xcc -I/Users/siam/Library/Developer/Xcode/DerivedData/Lingua_Quest-gvpckrqxtbgyprbgppjfqmimmmfw/SourcePackages/checkouts/interop-ios-for-google-sdks/RecaptchaEnterprise/RecaptchaInterop/Public -Xcc -I/Users/siam/Library/Developer/Xcode/DerivedData/Lingua_Quest-gvpckrqxtbgyprbgppjfqmimmmfw/SourcePackages/checkouts/promises/Sources/FBLPromises/include -Xcc -I/Users/siam/Library/Developer/Xcode/DerivedData/Lingua_Quest-gvpckrqxtbgyprbgppjfqmimmmfw/SourcePackages/checkouts/app-check/AppCheckCore/Sources/Public -Xcc -I/Users/siam/Library/Developer/Xcode/DerivedData/Lingua_Quest-gvpckrqxtbgyprbgppjfqmimmmfw/Build/Products/Debug-iphonesimulator/include -Xcc -I/Users/siam/Library/Developer/Xcode/DerivedData/Lingua_Quest-gvpckrqxtbgyprbgppjfqmimmmfw/Build/Intermediates.noindex/AppCheck.build/Debug-iphonesimulator/AppCheckRecaptchaProvider.build/DerivedSources-normal/arm64 -Xcc -I/Users/siam/Library/Developer/Xcode/DerivedData/Lingua_Quest-gvpckrqxtbgyprbgppjfqmimmmfw/Build/Intermediates.noindex/AppCheck.build/Debug-iphonesimulator/AppCheckRecaptchaProvider.build/DerivedSources/arm64 -Xcc -I/Users/siam/Library/Developer/Xcode/DerivedData/Lingua_Quest-gvpckrqxtbgyprbgppjfqmimmmfw/Build/Intermediates.noindex/AppCheck.build/Debug-iphonesimulator/AppCheckRecaptchaProvider.build/DerivedSources -Xcc -DSWIFT_PACKAGE -Xcc -DDEBUG\=1 -emit-objc-header -emit-objc-header-path /Users/siam/Library/Developer/Xcode/DerivedData/Lingua_Quest-gvpckrqxtbgyprbgppjfqmimmmfw/Build/Intermediates.noindex/AppCheck.build/Debug-iphonesimulator/AppCheckRecaptchaProvider.build/Objects-normal/arm64/AppCheckRecaptchaProvider-Swift.h -working-directory /Users/siam/Desktop/Lingua\ Quest/Lingua\ Quest.xcodeproj -experimental-emit-module-separately -disable-cmo

SwiftDriver AppCheckRecaptchaProvider normal x86_64 com.apple.xcode.tools.swift.compiler (in target 'AppCheckRecaptchaProvider' from project 'AppCheck')
    cd /Users/siam/Desktop/Lingua\ Quest/Lingua\ Quest.xcodeproj
    builtin-SwiftDriver -- /Applications/Xcode.app/Contents/Developer/Toolchains/XcodeDefault.xctoolchain/usr/bin/swiftc -module-name AppCheckRecaptchaProvider -Onone -enforce-exclusivity\=checked @/Users/siam/Library/Developer/Xcode/DerivedData/Lingua_Quest-gvpckrqxtbgyprbgppjfqmimmmfw/Build/Intermediates.noindex/AppCheck.build/Debug-iphonesimulator/AppCheckRecaptchaProvider.build/Objects-normal/x86_64/AppCheckRecaptchaProvider.SwiftFileList -DSWIFT_PACKAGE -DDEBUG -DSWIFT_MODULE_RESOURCE_BUNDLE_UNAVAILABLE -Xcc -fmodule-map-file\=/Users/siam/Library/Developer/Xcode/DerivedData/Lingua_Quest-gvpckrqxtbgyprbgppjfqmimmmfw/Build/Intermediates.noindex/GeneratedModuleMaps-iphonesimulator/GoogleUtilities-Logger.modulemap -Xcc -fmodule-map-file\=/Users/siam/Library/Developer/Xcode/DerivedData/Lingua_Quest-gvpckrqxtbgyprbgppjfqmimmmfw/Build/Intermediates.noindex/GeneratedModuleMaps-iphonesimulator/GoogleUtilities-Environment.modulemap -Xcc -fmodule-map-file\=/Users/siam/Library/Developer/Xcode/DerivedData/Lingua_Quest-gvpckrqxtbgyprbgppjfqmimmmfw/Build/Intermediates.noindex/GeneratedModuleMaps-iphonesimulator/third-party-IsAppEncrypted.modulemap -Xcc -fmodule-map-file\=/Users/siam/Library/Developer/Xcode/DerivedData/Lingua_Quest-gvpckrqxtbgyprbgppjfqmimmmfw/Build/Intermediates.noindex/GeneratedModuleMaps-iphonesimulator/GoogleUtilities-UserDefaults.modulemap -Xcc -fmodule-map-file\=/Users/siam/Library/Developer/Xcode/DerivedData/Lingua_Quest-gvpckrqxtbgyprbgppjfqmimmmfw/Build/Intermediates.noindex/GeneratedModuleMaps-iphonesimulator/RecaptchaInterop.modulemap -Xcc -fmodule-map-file\=/Users/siam/Library/Developer/Xcode/DerivedData/Lingua_Quest-gvpckrqxtbgyprbgppjfqmimmmfw/Build/Intermediates.noindex/GeneratedModuleMaps-iphonesimulator/AppCheckCore.modulemap -DXcode -plugin-path /Applications/Xcode.app/Contents/Developer/Toolchains/XcodeDefault.xctoolchain/usr/lib/swift/host/plugins/testing -enable-experimental-feature DebugDescriptionMacro -sdk /Applications/Xcode.app/Contents/Developer/Platforms/iPhoneSimulator.platform/Developer/SDKs/iPhoneSimulator26.0.sdk -target x86_64-apple-ios12.0-simulator -g -module-cache-path /Users/siam/Library/Developer/Xcode/DerivedData/ModuleCache.noindex -Xfrontend -serialize-debugging-options -profile-coverage-mapping -profile-generate -enable-testing -suppress-warnings -index-store-path /Users/siam/Library/Developer/Xcode/DerivedData/Lingua_Quest-gvpckrqxtbgyprbgppjfqmimmmfw/Index.noindex/DataStore -Xcc -D_LIBCPP_HARDENING_MODE\=_LIBCPP_HARDENING_MODE_DEBUG -swift-version 5 -I /Users/siam/Library/Developer/Xcode/DerivedData/Lingua_Quest-gvpckrqxtbgyprbgppjfqmimmmfw/Build/Products/Debug-iphonesimulator -Isystem /Applications/Xcode.app/Contents/Developer/Platforms/iPhoneSimulator.platform/Developer/usr/lib -F /Users/siam/Library/Developer/Xcode/DerivedData/Lingua_Quest-gvpckrqxtbgyprbgppjfqmimmmfw/Build/Products/Debug-iphonesimulator/PackageFrameworks -F /Users/siam/Library/Developer/Xcode/DerivedData/Lingua_Quest-gvpckrqxtbgyprbgppjfqmimmmfw/Build/Products/Debug-iphonesimulator/PackageFrameworks -F /Users/siam/Library/Developer/Xcode/DerivedData/Lingua_Quest-gvpckrqxtbgyprbgppjfqmimmmfw/Build/Products/Debug-iphonesimulator/PackageFrameworks -F /Users/siam/Library/Developer/Xcode/DerivedData/Lingua_Quest-gvpckrqxtbgyprbgppjfqmimmmfw/Build/Products/Debug-iphonesimulator/PackageFrameworks -F /Users/siam/Library/Developer/Xcode/DerivedData/Lingua_Quest-gvpckrqxtbgyprbgppjfqmimmmfw/Build/Products/Debug-iphonesimulator/PackageFrameworks -F /Users/siam/Library/Developer/Xcode/DerivedData/Lingua_Quest-gvpckrqxtbgyprbgppjfqmimmmfw/Build/Products/Debug-iphonesimulator/PackageFrameworks -F /Users/siam/Library/Developer/Xcode/DerivedData/Lingua_Quest-gvpckrqxtbgyprbgppjfqmimmmfw/Build/Products/Debug-iphonesimulator/PackageFrameworks -F /Users/siam/Library/Developer/Xcode/DerivedData/Lingua_Quest-gvpckrqxtbgyprbgppjfqmimmmfw/Build/Products/Debug-iphonesimulator/PackageFrameworks -F /Users/siam/Library/Developer/Xcode/DerivedData/Lingua_Quest-gvpckrqxtbgyprbgppjfqmimmmfw/Build/Products/Debug-iphonesimulator -F /Applications/Xcode.app/Contents/Developer/Platforms/iPhoneSimulator.platform/Developer/Library/Frameworks -F /Applications/Xcode.app/Contents/Developer/Platforms/iPhoneSimulator.platform/Developer/SDKs/iPhoneSimulator26.0.sdk/Developer/Library/Frameworks -c -j12 -enable-batch-mode -incremental -Xcc -ivfsstatcache -Xcc /Users/siam/Library/Developer/Xcode/DerivedData/SDKStatCaches.noindex/iphonesimulator26.0-23A339-26257891a6c027eb51374368541b8346.sdkstatcache -output-file-map /Users/siam/Library/Developer/Xcode/DerivedData/Lingua_Quest-gvpckrqxtbgyprbgppjfqmimmmfw/Build/Intermediates.noindex/AppCheck.build/Debug-iphonesimulator/AppCheckRecaptchaProvider.build/Objects-normal/x86_64/AppCheckRecaptchaProvider-OutputFileMap.json -use-frontend-parseable-output -save-temps -no-color-diagnostics -explicit-module-build -module-cache-path /Users/siam/Library/Developer/Xcode/DerivedData/Lingua_Quest-gvpckrqxtbgyprbgppjfqmimmmfw/Build/Intermediates.noindex/SwiftExplicitPrecompiledModules -clang-scanner-module-cache-path /Users/siam/Library/Developer/Xcode/DerivedData/ModuleCache.noindex -sdk-module-cache-path /Users/siam/Library/Developer/Xcode/DerivedData/ModuleCache.noindex -serialize-diagnostics -emit-dependencies -emit-module -emit-module-path /Users/siam/Library/Developer/Xcode/DerivedData/Lingua_Quest-gvpckrqxtbgyprbgppjfqmimmmfw/Build/Intermediates.noindex/AppCheck.build/Debug-iphonesimulator/AppCheckRecaptchaProvider.build/Objects-normal/x86_64/AppCheckRecaptchaProvider.swiftmodule -validate-clang-modules-once -clang-build-session-file /Users/siam/Library/Developer/Xcode/DerivedData/ModuleCache.noindex/Session.modulevalidation -Xcc -I/Users/siam/Library/Developer/Xcode/DerivedData/Lingua_Quest-gvpckrqxtbgyprbgppjfqmimmmfw/Build/Intermediates.noindex/AppCheck.build/Debug-iphonesimulator/AppCheckRecaptchaProvider.build/swift-overrides.hmap -emit-const-values -Xfrontend -const-gather-protocols-file -Xfrontend /Users/siam/Library/Developer/Xcode/DerivedData/Lingua_Quest-gvpckrqxtbgyprbgppjfqmimmmfw/Build/Intermediates.noindex/AppCheck.build/Debug-iphonesimulator/AppCheckRecaptchaProvider.build/Objects-normal/x86_64/AppCheckRecaptchaProvider_const_extract_protocols.json -Xcc -I/Users/siam/Library/Developer/Xcode/DerivedData/Lingua_Quest-gvpckrqxtbgyprbgppjfqmimmmfw/SourcePackages/checkouts/GoogleUtilities/GoogleUtilities/Logger/Public -Xcc -I/Users/siam/Library/Developer/Xcode/DerivedData/Lingua_Quest-gvpckrqxtbgyprbgppjfqmimmmfw/SourcePackages/checkouts/GoogleUtilities/GoogleUtilities/Environment/Public -Xcc -I/Users/siam/Library/Developer/Xcode/DerivedData/Lingua_Quest-gvpckrqxtbgyprbgppjfqmimmmfw/SourcePackages/checkouts/GoogleUtilities/third_party/IsAppEncrypted/Public -Xcc -I/Users/siam/Library/Developer/Xcode/DerivedData/Lingua_Quest-gvpckrqxtbgyprbgppjfqmimmmfw/SourcePackages/checkouts/GoogleUtilities/GoogleUtilities/UserDefaults/Public -Xcc -I/Users/siam/Library/Developer/Xcode/DerivedData/Lingua_Quest-gvpckrqxtbgyprbgppjfqmimmmfw/SourcePackages/checkouts/interop-ios-for-google-sdks/RecaptchaEnterprise/RecaptchaInterop/Public -Xcc -I/Users/siam/Library/Developer/Xcode/DerivedData/Lingua_Quest-gvpckrqxtbgyprbgppjfqmimmmfw/SourcePackages/checkouts/promises/Sources/FBLPromises/include -Xcc -I/Users/siam/Library/Developer/Xcode/DerivedData/Lingua_Quest-gvpckrqxtbgyprbgppjfqmimmmfw/SourcePackages/checkouts/app-check/AppCheckCore/Sources/Public -Xcc -I/Users/siam/Library/Developer/Xcode/DerivedData/Lingua_Quest-gvpckrqxtbgyprbgppjfqmimmmfw/Build/Products/Debug-iphonesimulator/include -Xcc -I/Users/siam/Library/Developer/Xcode/DerivedData/Lingua_Quest-gvpckrqxtbgyprbgppjfqmimmmfw/Build/Intermediates.noindex/AppCheck.build/Debug-iphonesimulator/AppCheckRecaptchaProvider.build/DerivedSources-normal/x86_64 -Xcc -I/Users/siam/Library/Developer/Xcode/DerivedData/Lingua_Quest-gvpckrqxtbgyprbgppjfqmimmmfw/Build/Intermediates.noindex/AppCheck.build/Debug-iphonesimulator/AppCheckRecaptchaProvider.build/DerivedSources/x86_64 -Xcc -I/Users/siam/Library/Developer/Xcode/DerivedData/Lingua_Quest-gvpckrqxtbgyprbgppjfqmimmmfw/Build/Intermediates.noindex/AppCheck.build/Debug-iphonesimulator/AppCheckRecaptchaProvider.build/DerivedSources -Xcc -DSWIFT_PACKAGE -Xcc -DDEBUG\=1 -emit-objc-header -emit-objc-header-path /Users/siam/Library/Developer/Xcode/DerivedData/Lingua_Quest-gvpckrqxtbgyprbgppjfqmimmmfw/Build/Intermediates.noindex/AppCheck.build/Debug-iphonesimulator/AppCheckRecaptchaProvider.build/Objects-normal/x86_64/AppCheckRecaptchaProvider-Swift.h -working-directory /Users/siam/Desktop/Lingua\ Quest/Lingua\ Quest.xcodeproj -experimental-emit-module-separately -disable-cmo

CreateUniversalBinary /Users/siam/Library/Developer/Xcode/DerivedData/Lingua_Quest-gvpckrqxtbgyprbgppjfqmimmmfw/Build/Products/Debug-iphonesimulator/AppAuthCore.o normal arm64\ x86_64 (in target 'AppAuthCore' from project 'AppAuth')
    cd /Users/siam/Library/Developer/Xcode/DerivedData/Lingua_Quest-gvpckrqxtbgyprbgppjfqmimmmfw/SourcePackages/checkouts/AppAuth-iOS
    /Applications/Xcode.app/Contents/Developer/Toolchains/XcodeDefault.xctoolchain/usr/bin/lipo -create /Users/siam/Library/Developer/Xcode/DerivedData/Lingua_Quest-gvpckrqxtbgyprbgppjfqmimmmfw/Build/Intermediates.noindex/AppAuth.build/Debug-iphonesimulator/AppAuthCore.build/Objects-normal/arm64/Binary/AppAuthCore.o /Users/siam/Library/Developer/Xcode/DerivedData/Lingua_Quest-gvpckrqxtbgyprbgppjfqmimmmfw/Build/Intermediates.noindex/AppAuth.build/Debug-iphonesimulator/AppAuthCore.build/Objects-normal/x86_64/Binary/AppAuthCore.o -output /Users/siam/Library/Developer/Xcode/DerivedData/Lingua_Quest-gvpckrqxtbgyprbgppjfqmimmmfw/Build/Products/Debug-iphonesimulator/AppAuthCore.o

PrecompileModule /Users/siam/Library/Developer/Xcode/DerivedData/Lingua_Quest-gvpckrqxtbgyprbgppjfqmimmmfw/Build/Intermediates.noindex/ExplicitPrecompiledModules/_DarwinFoundation3-E66G9F7YBM0AHK74EM4Q74TV9.scan
    cd /
    builtin-precompileModule /Users/siam/Library/Developer/Xcode/DerivedData/Lingua_Quest-gvpckrqxtbgyprbgppjfqmimmmfw/Build/Intermediates.noindex/ExplicitPrecompiledModules/_DarwinFoundation3-E66G9F7YBM0AHK74EM4Q74TV9.scan

ExtractAppIntentsMetadata (in target 'Swinject' from project 'Swinject')
    cd /Users/siam/Library/Developer/Xcode/DerivedData/Lingua_Quest-gvpckrqxtbgyprbgppjfqmimmmfw/SourcePackages/checkouts/Swinject
    /Applications/Xcode.app/Contents/Developer/Toolchains/XcodeDefault.xctoolchain/usr/bin/appintentsmetadataprocessor --toolchain-dir /Applications/Xcode.app/Contents/Developer/Toolchains/XcodeDefault.xctoolchain --module-name Swinject --sdk-root /Applications/Xcode.app/Contents/Developer/Platforms/iPhoneSimulator.platform/Developer/SDKs/iPhoneSimulator26.0.sdk --xcode-version 17A400 --platform-family iOS --deployment-target 12.0 --bundle-identifier swinject.Swinject --output /Users/siam/Library/Developer/Xcode/DerivedData/Lingua_Quest-gvpckrqxtbgyprbgppjfqmimmmfw/Build/Products/Debug-iphonesimulator/Swinject.appintents --target-triple arm64-apple-ios12.0-simulator --target-triple x86_64-apple-ios12.0-simulator --binary-file /Users/siam/Library/Developer/Xcode/DerivedData/Lingua_Quest-gvpckrqxtbgyprbgppjfqmimmmfw/Build/Products/Debug-iphonesimulator/Swinject.o --dependency-file /Users/siam/Library/Developer/Xcode/DerivedData/Lingua_Quest-gvpckrqxtbgyprbgppjfqmimmmfw/Build/Intermediates.noindex/Swinject.build/Debug-iphonesimulator/Swinject.build/Objects-normal/arm64/Swinject_dependency_info.dat --dependency-file /Users/siam/Library/Developer/Xcode/DerivedData/Lingua_Quest-gvpckrqxtbgyprbgppjfqmimmmfw/Build/Intermediates.noindex/Swinject.build/Debug-iphonesimulator/Swinject.build/Objects-normal/x86_64/Swinject_dependency_info.dat --stringsdata-file /Users/siam/Library/Developer/Xcode/DerivedData/Lingua_Quest-gvpckrqxtbgyprbgppjfqmimmmfw/Build/Intermediates.noindex/Swinject.build/Debug-iphonesimulator/Swinject.build/Objects-normal/arm64/ExtractedAppShortcutsMetadata.stringsdata --stringsdata-file /Users/siam/Library/Developer/Xcode/DerivedData/Lingua_Quest-gvpckrqxtbgyprbgppjfqmimmmfw/Build/Intermediates.noindex/Swinject.build/Debug-iphonesimulator/Swinject.build/Objects-normal/x86_64/ExtractedAppShortcutsMetadata.stringsdata --source-file-list /Users/siam/Library/Developer/Xcode/DerivedData/Lingua_Quest-gvpckrqxtbgyprbgppjfqmimmmfw/Build/Intermediates.noindex/Swinject.build/Debug-iphonesimulator/Swinject.build/Objects-normal/arm64/Swinject.SwiftFileList --source-file-list /Users/siam/Library/Developer/Xcode/DerivedData/Lingua_Quest-gvpckrqxtbgyprbgppjfqmimmmfw/Build/Intermediates.noindex/Swinject.build/Debug-iphonesimulator/Swinject.build/Objects-normal/x86_64/Swinject.SwiftFileList --metadata-file-list /Users/siam/Library/Developer/Xcode/DerivedData/Lingua_Quest-gvpckrqxtbgyprbgppjfqmimmmfw/Build/Intermediates.noindex/Swinject.build/Debug-iphonesimulator/Swinject.build/Swinject.DependencyMetadataFileList --static-metadata-file-list /Users/siam/Library/Developer/Xcode/DerivedData/Lingua_Quest-gvpckrqxtbgyprbgppjfqmimmmfw/Build/Intermediates.noindex/Swinject.build/Debug-iphonesimulator/Swinject.build/Swinject.DependencyStaticMetadataFileList --swift-const-vals-list /Users/siam/Library/Developer/Xcode/DerivedData/Lingua_Quest-gvpckrqxtbgyprbgppjfqmimmmfw/Build/Intermediates.noindex/Swinject.build/Debug-iphonesimulator/Swinject.build/Objects-normal/arm64/Swinject.SwiftConstValuesFileList --swift-const-vals-list /Users/siam/Library/Developer/Xcode/DerivedData/Lingua_Quest-gvpckrqxtbgyprbgppjfqmimmmfw/Build/Intermediates.noindex/Swinject.build/Debug-iphonesimulator/Swinject.build/Objects-normal/x86_64/Swinject.SwiftConstValuesFileList --force --compile-time-extraction --deployment-aware-processing --validate-assistant-intents --no-app-shortcuts-localization
2026-07-23 19:52:16.057 appintentsmetadataprocessor[10432:93755] Starting appintentsmetadataprocessor export
2026-07-23 19:52:23.047 appintentsmetadataprocessor[10432:93755] Extracted no relevant App Intents symbols, skipping writing output

PrecompileModule /Users/siam/Library/Developer/Xcode/DerivedData/Lingua_Quest-gvpckrqxtbgyprbgppjfqmimmmfw/Build/Intermediates.noindex/ExplicitPrecompiledModules/_Builtin_inttypes-7BPG282VJ5Z1Q9WTBSZOTDK05.scan
    cd /
    builtin-precompileModule /Users/siam/Library/Developer/Xcode/DerivedData/Lingua_Quest-gvpckrqxtbgyprbgppjfqmimmmfw/Build/Intermediates.noindex/ExplicitPrecompiledModules/_Builtin_inttypes-7BPG282VJ5Z1Q9WTBSZOTDK05.scan

PrecompileModule /Users/siam/Library/Developer/Xcode/DerivedData/Lingua_Quest-gvpckrqxtbgyprbgppjfqmimmmfw/Build/Intermediates.noindex/ExplicitPrecompiledModules/CoreGraphics-CVRF88FFCVJA983PDYRLJ48K9.scan
    cd /
    builtin-precompileModule /Users/siam/Library/Developer/Xcode/DerivedData/Lingua_Quest-gvpckrqxtbgyprbgppjfqmimmmfw/Build/Intermediates.noindex/ExplicitPrecompiledModules/CoreGraphics-CVRF88FFCVJA983PDYRLJ48K9.scan

PrecompileModule /Users/siam/Library/Developer/Xcode/DerivedData/Lingua_Quest-gvpckrqxtbgyprbgppjfqmimmmfw/Build/Intermediates.noindex/ExplicitPrecompiledModules/CFNetwork-419ZKSXPUX7WMTD9AIC7D7XD5.scan
    cd /
    builtin-precompileModule /Users/siam/Library/Developer/Xcode/DerivedData/Lingua_Quest-gvpckrqxtbgyprbgppjfqmimmmfw/Build/Intermediates.noindex/ExplicitPrecompiledModules/CFNetwork-419ZKSXPUX7WMTD9AIC7D7XD5.scan

PrecompileModule /Users/siam/Library/Developer/Xcode/DerivedData/Lingua_Quest-gvpckrqxtbgyprbgppjfqmimmmfw/Build/Intermediates.noindex/ExplicitPrecompiledModules/Darwin-986FUQLDSCQEK34RPNNO3SFHX.scan
    cd /
    builtin-precompileModule /Users/siam/Library/Developer/Xcode/DerivedData/Lingua_Quest-gvpckrqxtbgyprbgppjfqmimmmfw/Build/Intermediates.noindex/ExplicitPrecompiledModules/Darwin-986FUQLDSCQEK34RPNNO3SFHX.scan

PrecompileModule /Users/siam/Library/Developer/Xcode/DerivedData/Lingua_Quest-gvpckrqxtbgyprbgppjfqmimmmfw/Build/Intermediates.noindex/ExplicitPrecompiledModules/Security-CJSKC0VW0AI8POPM1ZU8UCMG9.scan
    cd /
    builtin-precompileModule /Users/siam/Library/Developer/Xcode/DerivedData/Lingua_Quest-gvpckrqxtbgyprbgppjfqmimmmfw/Build/Intermediates.noindex/ExplicitPrecompiledModules/Security-CJSKC0VW0AI8POPM1ZU8UCMG9.scan

SwiftExplicitDependencyGeneratePcm arm64 /Users/siam/Library/Developer/Xcode/DerivedData/Lingua_Quest-gvpckrqxtbgyprbgppjfqmimmmfw/Build/Intermediates.noindex/SwiftExplicitPrecompiledModules/AppCheckCore-6V10J3W6V7TDN8POC1C5R0CFV.pcm

SwiftExplicitDependencyGeneratePcm x86_64 /Users/siam/Library/Developer/Xcode/DerivedData/Lingua_Quest-gvpckrqxtbgyprbgppjfqmimmmfw/Build/Intermediates.noindex/SwiftExplicitPrecompiledModules/RecaptchaInterop-3C9JARGXBNQ88H1KSHRQW4IFW.pcm

SwiftExplicitDependencyGeneratePcm x86_64 /Users/siam/Library/Developer/Xcode/DerivedData/Lingua_Quest-gvpckrqxtbgyprbgppjfqmimmmfw/Build/Intermediates.noindex/SwiftExplicitPrecompiledModules/AppCheckCore-6XK2EZRDSS9GWC110USVYHORW.pcm

SwiftExplicitDependencyGeneratePcm arm64 /Users/siam/Library/Developer/Xcode/DerivedData/Lingua_Quest-gvpckrqxtbgyprbgppjfqmimmmfw/Build/Intermediates.noindex/SwiftExplicitPrecompiledModules/GTMSessionFetcherCore-ADJ00G7NZT91688DWH9V4REFH.pcm

SwiftExplicitDependencyGeneratePcm x86_64 /Users/siam/Library/Developer/Xcode/DerivedData/Lingua_Quest-gvpckrqxtbgyprbgppjfqmimmmfw/Build/Intermediates.noindex/SwiftExplicitPrecompiledModules/GTMSessionFetcherCore-9QU2XZHPRJKMCWQFO0BODTD99.pcm

SwiftExplicitDependencyGeneratePcm arm64 /Users/siam/Library/Developer/Xcode/DerivedData/Lingua_Quest-gvpckrqxtbgyprbgppjfqmimmmfw/Build/Intermediates.noindex/SwiftExplicitPrecompiledModules/RecaptchaInterop-1VA6I505ZFTTZ809WTOAAAU2H.pcm

PrecompileModule /Users/siam/Library/Developer/Xcode/DerivedData/Lingua_Quest-gvpckrqxtbgyprbgppjfqmimmmfw/Build/Intermediates.noindex/ExplicitPrecompiledModules/CoreText-1XE2TVXTH96B8S0MT1RCK5AEV.scan
    cd /
    builtin-precompileModule /Users/siam/Library/Developer/Xcode/DerivedData/Lingua_Quest-gvpckrqxtbgyprbgppjfqmimmmfw/Build/Intermediates.noindex/ExplicitPrecompiledModules/CoreText-1XE2TVXTH96B8S0MT1RCK5AEV.scan

PrecompileModule /Users/siam/Library/Developer/Xcode/DerivedData/Lingua_Quest-gvpckrqxtbgyprbgppjfqmimmmfw/Build/Intermediates.noindex/ExplicitPrecompiledModules/ImageIO-8HO5EA4W9PDNFYH6GC3880SAW.scan
    cd /
    builtin-precompileModule /Users/siam/Library/Developer/Xcode/DerivedData/Lingua_Quest-gvpckrqxtbgyprbgppjfqmimmmfw/Build/Intermediates.noindex/ExplicitPrecompiledModules/ImageIO-8HO5EA4W9PDNFYH6GC3880SAW.scan

SwiftEmitModule normal x86_64 Emitting\ module\ for\ AppCheckRecaptchaProvider (in target 'AppCheckRecaptchaProvider' from project 'AppCheck')

EmitSwiftModule normal x86_64 (in target 'AppCheckRecaptchaProvider' from project 'AppCheck')
    cd /Users/siam/Desktop/Lingua\ Quest/Lingua\ Quest.xcodeproj
    

SwiftEmitModule normal arm64 Emitting\ module\ for\ AppCheckRecaptchaProvider (in target 'AppCheckRecaptchaProvider' from project 'AppCheck')

EmitSwiftModule normal arm64 (in target 'AppCheckRecaptchaProvider' from project 'AppCheck')
    cd /Users/siam/Desktop/Lingua\ Quest/Lingua\ Quest.xcodeproj
    

SwiftExplicitDependencyGeneratePcm arm64 /Users/siam/Library/Developer/Xcode/DerivedData/Lingua_Quest-gvpckrqxtbgyprbgppjfqmimmmfw/Build/Intermediates.noindex/SwiftExplicitPrecompiledModules/GoogleSignIn-A3VKJF1S5F4TNRHFYU5U336S4.pcm

SwiftExplicitDependencyGeneratePcm x86_64 /Users/siam/Library/Developer/Xcode/DerivedData/Lingua_Quest-gvpckrqxtbgyprbgppjfqmimmmfw/Build/Intermediates.noindex/SwiftExplicitPrecompiledModules/GoogleSignIn-D84ZGFGBB3PZ4YXIHTPHAMKOZ.pcm

PrecompileModule /Users/siam/Library/Developer/Xcode/DerivedData/Lingua_Quest-gvpckrqxtbgyprbgppjfqmimmmfw/Build/Intermediates.noindex/ExplicitPrecompiledModules/CoreAudioTypes-2ZOL29UQ2WHW7C4M0B6AC59E4.scan
    cd /
    builtin-precompileModule /Users/siam/Library/Developer/Xcode/DerivedData/Lingua_Quest-gvpckrqxtbgyprbgppjfqmimmmfw/Build/Intermediates.noindex/ExplicitPrecompiledModules/CoreAudioTypes-2ZOL29UQ2WHW7C4M0B6AC59E4.scan

PrecompileModule /Users/siam/Library/Developer/Xcode/DerivedData/Lingua_Quest-gvpckrqxtbgyprbgppjfqmimmmfw/Build/Intermediates.noindex/ExplicitPrecompiledModules/Foundation-8DED40RIQH4ZMAEHKISNHMCOL.scan
    cd /
    builtin-precompileModule /Users/siam/Library/Developer/Xcode/DerivedData/Lingua_Quest-gvpckrqxtbgyprbgppjfqmimmmfw/Build/Intermediates.noindex/ExplicitPrecompiledModules/Foundation-8DED40RIQH4ZMAEHKISNHMCOL.scan

PrecompileModule /Users/siam/Library/Developer/Xcode/DerivedData/Lingua_Quest-gvpckrqxtbgyprbgppjfqmimmmfw/Build/Intermediates.noindex/ExplicitPrecompiledModules/CoreAudio-URMYWRI6AYKMWX6E6NE14SC0.scan
    cd /
    builtin-precompileModule /Users/siam/Library/Developer/Xcode/DerivedData/Lingua_Quest-gvpckrqxtbgyprbgppjfqmimmmfw/Build/Intermediates.noindex/ExplicitPrecompiledModules/CoreAudio-URMYWRI6AYKMWX6E6NE14SC0.scan

RegisterExecutionPolicyException /Users/siam/Library/Developer/Xcode/DerivedData/Lingua_Quest-gvpckrqxtbgyprbgppjfqmimmmfw/Build/Products/Debug-iphonesimulator/GoogleUtilities-Logger.o (in target 'GoogleUtilities-Logger' from project 'GoogleUtilities')
    cd /Users/siam/Library/Developer/Xcode/DerivedData/Lingua_Quest-gvpckrqxtbgyprbgppjfqmimmmfw/SourcePackages/checkouts/GoogleUtilities
    builtin-RegisterExecutionPolicyException /Users/siam/Library/Developer/Xcode/DerivedData/Lingua_Quest-gvpckrqxtbgyprbgppjfqmimmmfw/Build/Products/Debug-iphonesimulator/GoogleUtilities-Logger.o

SwiftExplicitDependencyGeneratePcm arm64 /Users/siam/Library/Developer/Xcode/DerivedData/Lingua_Quest-gvpckrqxtbgyprbgppjfqmimmmfw/Build/Intermediates.noindex/SwiftExplicitPrecompiledModules/FirebaseFirestoreInternalWrapper-BRNQASTNAQ02HLX4RS9YWKSS7.pcm

SwiftExplicitDependencyGeneratePcm arm64 /Users/siam/Library/Developer/Xcode/DerivedData/Lingua_Quest-gvpckrqxtbgyprbgppjfqmimmmfw/Build/Intermediates.noindex/SwiftExplicitPrecompiledModules/FirebaseCore-21CVWZWGFITZLAQ758OB0V7HR.pcm

PrecompileModule /Users/siam/Library/Developer/Xcode/DerivedData/Lingua_Quest-gvpckrqxtbgyprbgppjfqmimmmfw/Build/Intermediates.noindex/ExplicitPrecompiledModules/ObjectiveC-1CPQHQ6TJHZ0SD9R2A08LIBZL.scan
    cd /
    builtin-precompileModule /Users/siam/Library/Developer/Xcode/DerivedData/Lingua_Quest-gvpckrqxtbgyprbgppjfqmimmmfw/Build/Intermediates.noindex/ExplicitPrecompiledModules/ObjectiveC-1CPQHQ6TJHZ0SD9R2A08LIBZL.scan

SwiftDriverJobDiscovery normal x86_64 Emitting module for AppCheckRecaptchaProvider (in target 'AppCheckRecaptchaProvider' from project 'AppCheck')

Ld /Users/siam/Library/Developer/Xcode/DerivedData/Lingua_Quest-gvpckrqxtbgyprbgppjfqmimmmfw/Build/Intermediates.noindex/GoogleUtilities.build/Debug-iphonesimulator/GoogleUtilities-UserDefaults.build/Objects-normal/x86_64/Binary/GoogleUtilities-UserDefaults.o normal x86_64 (in target 'GoogleUtilities-UserDefaults' from project 'GoogleUtilities')
    cd /Users/siam/Library/Developer/Xcode/DerivedData/Lingua_Quest-gvpckrqxtbgyprbgppjfqmimmmfw/SourcePackages/checkouts/GoogleUtilities
    /Applications/Xcode.app/Contents/Developer/Toolchains/XcodeDefault.xctoolchain/usr/bin/clang -Xlinker -reproducible -target x86_64-apple-ios12.0-simulator -r -isysroot /Applications/Xcode.app/Contents/Developer/Platforms/iPhoneSimulator.platform/Developer/SDKs/iPhoneSimulator26.0.sdk -O0 -w -L/Users/siam/Library/Developer/Xcode/DerivedData/Lingua_Quest-gvpckrqxtbgyprbgppjfqmimmmfw/Build/Intermediates.noindex/EagerLinkingTBDs/Debug-iphonesimulator -L/Users/siam/Library/Developer/Xcode/DerivedData/Lingua_Quest-gvpckrqxtbgyprbgppjfqmimmmfw/Build/Products/Debug-iphonesimulator -L/Applications/Xcode.app/Contents/Developer/Platforms/iPhoneSimulator.platform/Developer/usr/lib -F/Users/siam/Library/Developer/Xcode/DerivedData/Lingua_Quest-gvpckrqxtbgyprbgppjfqmimmmfw/Build/Intermediates.noindex/EagerLinkingTBDs/Debug-iphonesimulator -F/Users/siam/Library/Developer/Xcode/DerivedData/Lingua_Quest-gvpckrqxtbgyprbgppjfqmimmmfw/Build/Products/Debug-iphonesimulator/PackageFrameworks -F/Users/siam/Library/Developer/Xcode/DerivedData/Lingua_Quest-gvpckrqxtbgyprbgppjfqmimmmfw/Build/Products/Debug-iphonesimulator/PackageFrameworks -F/Users/siam/Library/Developer/Xcode/DerivedData/Lingua_Quest-gvpckrqxtbgyprbgppjfqmimmmfw/Build/Products/Debug-iphonesimulator/PackageFrameworks -F/Users/siam/Library/Developer/Xcode/DerivedData/Lingua_Quest-gvpckrqxtbgyprbgppjfqmimmmfw/Build/Products/Debug-iphonesimulator -iframework /Applications/Xcode.app/Contents/Developer/Platforms/iPhoneSimulator.platform/Developer/Library/Frameworks -iframework /Applications/Xcode.app/Contents/Developer/Platforms/iPhoneSimulator.platform/Developer/SDKs/iPhoneSimulator26.0.sdk/Developer/Library/Frameworks -filelist /Users/siam/Library/Developer/Xcode/DerivedData/Lingua_Quest-gvpckrqxtbgyprbgppjfqmimmmfw/Build/Intermediates.noindex/GoogleUtilities.build/Debug-iphonesimulator/GoogleUtilities-UserDefaults.build/Objects-normal/x86_64/GoogleUtilities-UserDefaults.LinkFileList -nostdlib -Xlinker -object_path_lto -Xlinker /Users/siam/Library/Developer/Xcode/DerivedData/Lingua_Quest-gvpckrqxtbgyprbgppjfqmimmmfw/Build/Intermediates.noindex/GoogleUtilities.build/Debug-iphonesimulator/GoogleUtilities-UserDefaults.build/Objects-normal/x86_64/GoogleUtilities-UserDefaults_lto.o -rdynamic -Xlinker -no_deduplicate -Xlinker -objc_abi_version -Xlinker 2 -Xlinker -debug_variant -Xlinker -dependency_info -Xlinker /Users/siam/Library/Developer/Xcode/DerivedData/Lingua_Quest-gvpckrqxtbgyprbgppjfqmimmmfw/Build/Intermediates.noindex/GoogleUtilities.build/Debug-iphonesimulator/GoogleUtilities-UserDefaults.build/Objects-normal/x86_64/GoogleUtilities-UserDefaults_dependency_info.dat -fobjc-arc -fobjc-link-runtime -o /Users/siam/Library/Developer/Xcode/DerivedData/Lingua_Quest-gvpckrqxtbgyprbgppjfqmimmmfw/Build/Intermediates.noindex/GoogleUtilities.build/Debug-iphonesimulator/GoogleUtilities-UserDefaults.build/Objects-normal/x86_64/Binary/GoogleUtilities-UserDefaults.o

Ld /Users/siam/Library/Developer/Xcode/DerivedData/Lingua_Quest-gvpckrqxtbgyprbgppjfqmimmmfw/Build/Intermediates.noindex/GoogleUtilities.build/Debug-iphonesimulator/GoogleUtilities-UserDefaults.build/Objects-normal/arm64/Binary/GoogleUtilities-UserDefaults.o normal arm64 (in target 'GoogleUtilities-UserDefaults' from project 'GoogleUtilities')
    cd /Users/siam/Library/Developer/Xcode/DerivedData/Lingua_Quest-gvpckrqxtbgyprbgppjfqmimmmfw/SourcePackages/checkouts/GoogleUtilities
    /Applications/Xcode.app/Contents/Developer/Toolchains/XcodeDefault.xctoolchain/usr/bin/clang -Xlinker -reproducible -target arm64-apple-ios12.0-simulator -r -isysroot /Applications/Xcode.app/Contents/Developer/Platforms/iPhoneSimulator.platform/Developer/SDKs/iPhoneSimulator26.0.sdk -O0 -w -L/Users/siam/Library/Developer/Xcode/DerivedData/Lingua_Quest-gvpckrqxtbgyprbgppjfqmimmmfw/Build/Intermediates.noindex/EagerLinkingTBDs/Debug-iphonesimulator -L/Users/siam/Library/Developer/Xcode/DerivedData/Lingua_Quest-gvpckrqxtbgyprbgppjfqmimmmfw/Build/Products/Debug-iphonesimulator -L/Applications/Xcode.app/Contents/Developer/Platforms/iPhoneSimulator.platform/Developer/usr/lib -F/Users/siam/Library/Developer/Xcode/DerivedData/Lingua_Quest-gvpckrqxtbgyprbgppjfqmimmmfw/Build/Intermediates.noindex/EagerLinkingTBDs/Debug-iphonesimulator -F/Users/siam/Library/Developer/Xcode/DerivedData/Lingua_Quest-gvpckrqxtbgyprbgppjfqmimmmfw/Build/Products/Debug-iphonesimulator/PackageFrameworks -F/Users/siam/Library/Developer/Xcode/DerivedData/Lingua_Quest-gvpckrqxtbgyprbgppjfqmimmmfw/Build/Products/Debug-iphonesimulator/PackageFrameworks -F/Users/siam/Library/Developer/Xcode/DerivedData/Lingua_Quest-gvpckrqxtbgyprbgppjfqmimmmfw/Build/Products/Debug-iphonesimulator/PackageFrameworks -F/Users/siam/Library/Developer/Xcode/DerivedData/Lingua_Quest-gvpckrqxtbgyprbgppjfqmimmmfw/Build/Products/Debug-iphonesimulator -iframework /Applications/Xcode.app/Contents/Developer/Platforms/iPhoneSimulator.platform/Developer/Library/Frameworks -iframework /Applications/Xcode.app/Contents/Developer/Platforms/iPhoneSimulator.platform/Developer/SDKs/iPhoneSimulator26.0.sdk/Developer/Library/Frameworks -filelist /Users/siam/Library/Developer/Xcode/DerivedData/Lingua_Quest-gvpckrqxtbgyprbgppjfqmimmmfw/Build/Intermediates.noindex/GoogleUtilities.build/Debug-iphonesimulator/GoogleUtilities-UserDefaults.build/Objects-normal/arm64/GoogleUtilities-UserDefaults.LinkFileList -nostdlib -Xlinker -object_path_lto -Xlinker /Users/siam/Library/Developer/Xcode/DerivedData/Lingua_Quest-gvpckrqxtbgyprbgppjfqmimmmfw/Build/Intermediates.noindex/GoogleUtilities.build/Debug-iphonesimulator/GoogleUtilities-UserDefaults.build/Objects-normal/arm64/GoogleUtilities-UserDefaults_lto.o -rdynamic -Xlinker -no_deduplicate -Xlinker -objc_abi_version -Xlinker 2 -Xlinker -debug_variant -Xlinker -dependency_info -Xlinker /Users/siam/Library/Developer/Xcode/DerivedData/Lingua_Quest-gvpckrqxtbgyprbgppjfqmimmmfw/Build/Intermediates.noindex/GoogleUtilities.build/Debug-iphonesimulator/GoogleUtilities-UserDefaults.build/Objects-normal/arm64/GoogleUtilities-UserDefaults_dependency_info.dat -fobjc-arc -fobjc-link-runtime -o /Users/siam/Library/Developer/Xcode/DerivedData/Lingua_Quest-gvpckrqxtbgyprbgppjfqmimmmfw/Build/Intermediates.noindex/GoogleUtilities.build/Debug-iphonesimulator/GoogleUtilities-UserDefaults.build/Objects-normal/arm64/Binary/GoogleUtilities-UserDefaults.o

SwiftEmitModule normal x86_64 Emitting\ module\ for\ GoogleSignInSwift (in target 'GoogleSignInSwift' from project 'GoogleSignIn')

EmitSwiftModule normal x86_64 (in target 'GoogleSignInSwift' from project 'GoogleSignIn')
    cd /Users/siam/Desktop/Lingua\ Quest/Lingua\ Quest.xcodeproj
    

SwiftEmitModule normal arm64 Emitting\ module\ for\ GoogleSignInSwift (in target 'GoogleSignInSwift' from project 'GoogleSignIn')

EmitSwiftModule normal arm64 (in target 'GoogleSignInSwift' from project 'GoogleSignIn')
    cd /Users/siam/Desktop/Lingua\ Quest/Lingua\ Quest.xcodeproj
    

SwiftDriverJobDiscovery normal arm64 Emitting module for AppCheckRecaptchaProvider (in target 'AppCheckRecaptchaProvider' from project 'AppCheck')

SwiftDriver\ Compilation\ Requirements AppCheckRecaptchaProvider normal x86_64 com.apple.xcode.tools.swift.compiler (in target 'AppCheckRecaptchaProvider' from project 'AppCheck')
    cd /Users/siam/Desktop/Lingua\ Quest/Lingua\ Quest.xcodeproj
    builtin-Swift-Compilation-Requirements -- /Applications/Xcode.app/Contents/Developer/Toolchains/XcodeDefault.xctoolchain/usr/bin/swiftc -module-name AppCheckRecaptchaProvider -Onone -enforce-exclusivity\=checked @/Users/siam/Library/Developer/Xcode/DerivedData/Lingua_Quest-gvpckrqxtbgyprbgppjfqmimmmfw/Build/Intermediates.noindex/AppCheck.build/Debug-iphonesimulator/AppCheckRecaptchaProvider.build/Objects-normal/x86_64/AppCheckRecaptchaProvider.SwiftFileList -DSWIFT_PACKAGE -DDEBUG -DSWIFT_MODULE_RESOURCE_BUNDLE_UNAVAILABLE -Xcc -fmodule-map-file\=/Users/siam/Library/Developer/Xcode/DerivedData/Lingua_Quest-gvpckrqxtbgyprbgppjfqmimmmfw/Build/Intermediates.noindex/GeneratedModuleMaps-iphonesimulator/GoogleUtilities-Logger.modulemap -Xcc -fmodule-map-file\=/Users/siam/Library/Developer/Xcode/DerivedData/Lingua_Quest-gvpckrqxtbgyprbgppjfqmimmmfw/Build/Intermediates.noindex/GeneratedModuleMaps-iphonesimulator/GoogleUtilities-Environment.modulemap -Xcc -fmodule-map-file\=/Users/siam/Library/Developer/Xcode/DerivedData/Lingua_Quest-gvpckrqxtbgyprbgppjfqmimmmfw/Build/Intermediates.noindex/GeneratedModuleMaps-iphonesimulator/third-party-IsAppEncrypted.modulemap -Xcc -fmodule-map-file\=/Users/siam/Library/Developer/Xcode/DerivedData/Lingua_Quest-gvpckrqxtbgyprbgppjfqmimmmfw/Build/Intermediates.noindex/GeneratedModuleMaps-iphonesimulator/GoogleUtilities-UserDefaults.modulemap -Xcc -fmodule-map-file\=/Users/siam/Library/Developer/Xcode/DerivedData/Lingua_Quest-gvpckrqxtbgyprbgppjfqmimmmfw/Build/Intermediates.noindex/GeneratedModuleMaps-iphonesimulator/RecaptchaInterop.modulemap -Xcc -fmodule-map-file\=/Users/siam/Library/Developer/Xcode/DerivedData/Lingua_Quest-gvpckrqxtbgyprbgppjfqmimmmfw/Build/Intermediates.noindex/GeneratedModuleMaps-iphonesimulator/AppCheckCore.modulemap -DXcode -plugin-path /Applications/Xcode.app/Contents/Developer/Toolchains/XcodeDefault.xctoolchain/usr/lib/swift/host/plugins/testing -enable-experimental-feature DebugDescriptionMacro -sdk /Applications/Xcode.app/Contents/Developer/Platforms/iPhoneSimulator.platform/Developer/SDKs/iPhoneSimulator26.0.sdk -target x86_64-apple-ios12.0-simulator -g -module-cache-path /Users/siam/Library/Developer/Xcode/DerivedData/ModuleCache.noindex -Xfrontend -serialize-debugging-options -profile-coverage-mapping -profile-generate -enable-testing -suppress-warnings -index-store-path /Users/siam/Library/Developer/Xcode/DerivedData/Lingua_Quest-gvpckrqxtbgyprbgppjfqmimmmfw/Index.noindex/DataStore -Xcc -D_LIBCPP_HARDENING_MODE\=_LIBCPP_HARDENING_MODE_DEBUG -swift-version 5 -I /Users/siam/Library/Developer/Xcode/DerivedData/Lingua_Quest-gvpckrqxtbgyprbgppjfqmimmmfw/Build/Products/Debug-iphonesimulator -Isystem /Applications/Xcode.app/Contents/Developer/Platforms/iPhoneSimulator.platform/Developer/usr/lib -F /Users/siam/Library/Developer/Xcode/DerivedData/Lingua_Quest-gvpckrqxtbgyprbgppjfqmimmmfw/Build/Products/Debug-iphonesimulator/PackageFrameworks -F /Users/siam/Library/Developer/Xcode/DerivedData/Lingua_Quest-gvpckrqxtbgyprbgppjfqmimmmfw/Build/Products/Debug-iphonesimulator/PackageFrameworks -F /Users/siam/Library/Developer/Xcode/DerivedData/Lingua_Quest-gvpckrqxtbgyprbgppjfqmimmmfw/Build/Products/Debug-iphonesimulator/PackageFrameworks -F /Users/siam/Library/Developer/Xcode/DerivedData/Lingua_Quest-gvpckrqxtbgyprbgppjfqmimmmfw/Build/Products/Debug-iphonesimulator/PackageFrameworks -F /Users/siam/Library/Developer/Xcode/DerivedData/Lingua_Quest-gvpckrqxtbgyprbgppjfqmimmmfw/Build/Products/Debug-iphonesimulator/PackageFrameworks -F /Users/siam/Library/Developer/Xcode/DerivedData/Lingua_Quest-gvpckrqxtbgyprbgppjfqmimmmfw/Build/Products/Debug-iphonesimulator/PackageFrameworks -F /Users/siam/Library/Developer/Xcode/DerivedData/Lingua_Quest-gvpckrqxtbgyprbgppjfqmimmmfw/Build/Products/Debug-iphonesimulator/PackageFrameworks -F /Users/siam/Library/Developer/Xcode/DerivedData/Lingua_Quest-gvpckrqxtbgyprbgppjfqmimmmfw/Build/Products/Debug-iphonesimulator/PackageFrameworks -F /Users/siam/Library/Developer/Xcode/DerivedData/Lingua_Quest-gvpckrqxtbgyprbgppjfqmimmmfw/Build/Products/Debug-iphonesimulator -F /Applications/Xcode.app/Contents/Developer/Platforms/iPhoneSimulator.platform/Developer/Library/Frameworks -F /Applications/Xcode.app/Contents/Developer/Platforms/iPhoneSimulator.platform/Developer/SDKs/iPhoneSimulator26.0.sdk/Developer/Library/Frameworks -c -j12 -enable-batch-mode -incremental -Xcc -ivfsstatcache -Xcc /Users/siam/Library/Developer/Xcode/DerivedData/SDKStatCaches.noindex/iphonesimulator26.0-23A339-26257891a6c027eb51374368541b8346.sdkstatcache -output-file-map /Users/siam/Library/Developer/Xcode/DerivedData/Lingua_Quest-gvpckrqxtbgyprbgppjfqmimmmfw/Build/Intermediates.noindex/AppCheck.build/Debug-iphonesimulator/AppCheckRecaptchaProvider.build/Objects-normal/x86_64/AppCheckRecaptchaProvider-OutputFileMap.json -use-frontend-parseable-output -save-temps -no-color-diagnostics -explicit-module-build -module-cache-path /Users/siam/Library/Developer/Xcode/DerivedData/Lingua_Quest-gvpckrqxtbgyprbgppjfqmimmmfw/Build/Intermediates.noindex/SwiftExplicitPrecompiledModules -clang-scanner-module-cache-path /Users/siam/Library/Developer/Xcode/DerivedData/ModuleCache.noindex -sdk-module-cache-path /Users/siam/Library/Developer/Xcode/DerivedData/ModuleCache.noindex -serialize-diagnostics -emit-dependencies -emit-module -emit-module-path /Users/siam/Library/Developer/Xcode/DerivedData/Lingua_Quest-gvpckrqxtbgyprbgppjfqmimmmfw/Build/Intermediates.noindex/AppCheck.build/Debug-iphonesimulator/AppCheckRecaptchaProvider.build/Objects-normal/x86_64/AppCheckRecaptchaProvider.swiftmodule -validate-clang-modules-once -clang-build-session-file /Users/siam/Library/Developer/Xcode/DerivedData/ModuleCache.noindex/Session.modulevalidation -Xcc -I/Users/siam/Library/Developer/Xcode/DerivedData/Lingua_Quest-gvpckrqxtbgyprbgppjfqmimmmfw/Build/Intermediates.noindex/AppCheck.build/Debug-iphonesimulator/AppCheckRecaptchaProvider.build/swift-overrides.hmap -emit-const-values -Xfrontend -const-gather-protocols-file -Xfrontend /Users/siam/Library/Developer/Xcode/DerivedData/Lingua_Quest-gvpckrqxtbgyprbgppjfqmimmmfw/Build/Intermediates.noindex/AppCheck.build/Debug-iphonesimulator/AppCheckRecaptchaProvider.build/Objects-normal/x86_64/AppCheckRecaptchaProvider_const_extract_protocols.json -Xcc -I/Users/siam/Library/Developer/Xcode/DerivedData/Lingua_Quest-gvpckrqxtbgyprbgppjfqmimmmfw/SourcePackages/checkouts/GoogleUtilities/GoogleUtilities/Logger/Public -Xcc -I/Users/siam/Library/Developer/Xcode/DerivedData/Lingua_Quest-gvpckrqxtbgyprbgppjfqmimmmfw/SourcePackages/checkouts/GoogleUtilities/GoogleUtilities/Environment/Public -Xcc -I/Users/siam/Library/Developer/Xcode/DerivedData/Lingua_Quest-gvpckrqxtbgyprbgppjfqmimmmfw/SourcePackages/checkouts/GoogleUtilities/third_party/IsAppEncrypted/Public -Xcc -I/Users/siam/Library/Developer/Xcode/DerivedData/Lingua_Quest-gvpckrqxtbgyprbgppjfqmimmmfw/SourcePackages/checkouts/GoogleUtilities/GoogleUtilities/UserDefaults/Public -Xcc -I/Users/siam/Library/Developer/Xcode/DerivedData/Lingua_Quest-gvpckrqxtbgyprbgppjfqmimmmfw/SourcePackages/checkouts/interop-ios-for-google-sdks/RecaptchaEnterprise/RecaptchaInterop/Public -Xcc -I/Users/siam/Library/Developer/Xcode/DerivedData/Lingua_Quest-gvpckrqxtbgyprbgppjfqmimmmfw/SourcePackages/checkouts/promises/Sources/FBLPromises/include -Xcc -I/Users/siam/Library/Developer/Xcode/DerivedData/Lingua_Quest-gvpckrqxtbgyprbgppjfqmimmmfw/SourcePackages/checkouts/app-check/AppCheckCore/Sources/Public -Xcc -I/Users/siam/Library/Developer/Xcode/DerivedData/Lingua_Quest-gvpckrqxtbgyprbgppjfqmimmmfw/Build/Products/Debug-iphonesimulator/include -Xcc -I/Users/siam/Library/Developer/Xcode/DerivedData/Lingua_Quest-gvpckrqxtbgyprbgppjfqmimmmfw/Build/Intermediates.noindex/AppCheck.build/Debug-iphonesimulator/AppCheckRecaptchaProvider.build/DerivedSources-normal/x86_64 -Xcc -I/Users/siam/Library/Developer/Xcode/DerivedData/Lingua_Quest-gvpckrqxtbgyprbgppjfqmimmmfw/Build/Intermediates.noindex/AppCheck.build/Debug-iphonesimulator/AppCheckRecaptchaProvider.build/DerivedSources/x86_64 -Xcc -I/Users/siam/Library/Developer/Xcode/DerivedData/Lingua_Quest-gvpckrqxtbgyprbgppjfqmimmmfw/Build/Intermediates.noindex/AppCheck.build/Debug-iphonesimulator/AppCheckRecaptchaProvider.build/DerivedSources -Xcc -DSWIFT_PACKAGE -Xcc -DDEBUG\=1 -emit-objc-header -emit-objc-header-path /Users/siam/Library/Developer/Xcode/DerivedData/Lingua_Quest-gvpckrqxtbgyprbgppjfqmimmmfw/Build/Intermediates.noindex/AppCheck.build/Debug-iphonesimulator/AppCheckRecaptchaProvider.build/Objects-normal/x86_64/AppCheckRecaptchaProvider-Swift.h -working-directory /Users/siam/Desktop/Lingua\ Quest/Lingua\ Quest.xcodeproj -experimental-emit-module-separately -disable-cmo

SwiftDriver\ Compilation\ Requirements AppCheckRecaptchaProvider normal arm64 com.apple.xcode.tools.swift.compiler (in target 'AppCheckRecaptchaProvider' from project 'AppCheck')
    cd /Users/siam/Desktop/Lingua\ Quest/Lingua\ Quest.xcodeproj
    builtin-Swift-Compilation-Requirements -- /Applications/Xcode.app/Contents/Developer/Toolchains/XcodeDefault.xctoolchain/usr/bin/swiftc -module-name AppCheckRecaptchaProvider -Onone -enforce-exclusivity\=checked @/Users/siam/Library/Developer/Xcode/DerivedData/Lingua_Quest-gvpckrqxtbgyprbgppjfqmimmmfw/Build/Intermediates.noindex/AppCheck.build/Debug-iphonesimulator/AppCheckRecaptchaProvider.build/Objects-normal/arm64/AppCheckRecaptchaProvider.SwiftFileList -DSWIFT_PACKAGE -DDEBUG -DSWIFT_MODULE_RESOURCE_BUNDLE_UNAVAILABLE -Xcc -fmodule-map-file\=/Users/siam/Library/Developer/Xcode/DerivedData/Lingua_Quest-gvpckrqxtbgyprbgppjfqmimmmfw/Build/Intermediates.noindex/GeneratedModuleMaps-iphonesimulator/GoogleUtilities-Logger.modulemap -Xcc -fmodule-map-file\=/Users/siam/Library/Developer/Xcode/DerivedData/Lingua_Quest-gvpckrqxtbgyprbgppjfqmimmmfw/Build/Intermediates.noindex/GeneratedModuleMaps-iphonesimulator/GoogleUtilities-Environment.modulemap -Xcc -fmodule-map-file\=/Users/siam/Library/Developer/Xcode/DerivedData/Lingua_Quest-gvpckrqxtbgyprbgppjfqmimmmfw/Build/Intermediates.noindex/GeneratedModuleMaps-iphonesimulator/third-party-IsAppEncrypted.modulemap -Xcc -fmodule-map-file\=/Users/siam/Library/Developer/Xcode/DerivedData/Lingua_Quest-gvpckrqxtbgyprbgppjfqmimmmfw/Build/Intermediates.noindex/GeneratedModuleMaps-iphonesimulator/GoogleUtilities-UserDefaults.modulemap -Xcc -fmodule-map-file\=/Users/siam/Library/Developer/Xcode/DerivedData/Lingua_Quest-gvpckrqxtbgyprbgppjfqmimmmfw/Build/Intermediates.noindex/GeneratedModuleMaps-iphonesimulator/RecaptchaInterop.modulemap -Xcc -fmodule-map-file\=/Users/siam/Library/Developer/Xcode/DerivedData/Lingua_Quest-gvpckrqxtbgyprbgppjfqmimmmfw/Build/Intermediates.noindex/GeneratedModuleMaps-iphonesimulator/AppCheckCore.modulemap -DXcode -plugin-path /Applications/Xcode.app/Contents/Developer/Toolchains/XcodeDefault.xctoolchain/usr/lib/swift/host/plugins/testing -enable-experimental-feature DebugDescriptionMacro -sdk /Applications/Xcode.app/Contents/Developer/Platforms/iPhoneSimulator.platform/Developer/SDKs/iPhoneSimulator26.0.sdk -target arm64-apple-ios12.0-simulator -g -module-cache-path /Users/siam/Library/Developer/Xcode/DerivedData/ModuleCache.noindex -Xfrontend -serialize-debugging-options -profile-coverage-mapping -profile-generate -enable-testing -suppress-warnings -index-store-path /Users/siam/Library/Developer/Xcode/DerivedData/Lingua_Quest-gvpckrqxtbgyprbgppjfqmimmmfw/Index.noindex/DataStore -Xcc -D_LIBCPP_HARDENING_MODE\=_LIBCPP_HARDENING_MODE_DEBUG -swift-version 5 -I /Users/siam/Library/Developer/Xcode/DerivedData/Lingua_Quest-gvpckrqxtbgyprbgppjfqmimmmfw/Build/Products/Debug-iphonesimulator -Isystem /Applications/Xcode.app/Contents/Developer/Platforms/iPhoneSimulator.platform/Developer/usr/lib -F /Users/siam/Library/Developer/Xcode/DerivedData/Lingua_Quest-gvpckrqxtbgyprbgppjfqmimmmfw/Build/Products/Debug-iphonesimulator/PackageFrameworks -F /Users/siam/Library/Developer/Xcode/DerivedData/Lingua_Quest-gvpckrqxtbgyprbgppjfqmimmmfw/Build/Products/Debug-iphonesimulator/PackageFrameworks -F /Users/siam/Library/Developer/Xcode/DerivedData/Lingua_Quest-gvpckrqxtbgyprbgppjfqmimmmfw/Build/Products/Debug-iphonesimulator/PackageFrameworks -F /Users/siam/Library/Developer/Xcode/DerivedData/Lingua_Quest-gvpckrqxtbgyprbgppjfqmimmmfw/Build/Products/Debug-iphonesimulator/PackageFrameworks -F /Users/siam/Library/Developer/Xcode/DerivedData/Lingua_Quest-gvpckrqxtbgyprbgppjfqmimmmfw/Build/Products/Debug-iphonesimulator/PackageFrameworks -F /Users/siam/Library/Developer/Xcode/DerivedData/Lingua_Quest-gvpckrqxtbgyprbgppjfqmimmmfw/Build/Products/Debug-iphonesimulator/PackageFrameworks -F /Users/siam/Library/Developer/Xcode/DerivedData/Lingua_Quest-gvpckrqxtbgyprbgppjfqmimmmfw/Build/Products/Debug-iphonesimulator/PackageFrameworks -F /Users/siam/Library/Developer/Xcode/DerivedData/Lingua_Quest-gvpckrqxtbgyprbgppjfqmimmmfw/Build/Products/Debug-iphonesimulator/PackageFrameworks -F /Users/siam/Library/Developer/Xcode/DerivedData/Lingua_Quest-gvpckrqxtbgyprbgppjfqmimmmfw/Build/Products/Debug-iphonesimulator -F /Applications/Xcode.app/Contents/Developer/Platforms/iPhoneSimulator.platform/Developer/Library/Frameworks -F /Applications/Xcode.app/Contents/Developer/Platforms/iPhoneSimulator.platform/Developer/SDKs/iPhoneSimulator26.0.sdk/Developer/Library/Frameworks -c -j12 -enable-batch-mode -incremental -Xcc -ivfsstatcache -Xcc /Users/siam/Library/Developer/Xcode/DerivedData/SDKStatCaches.noindex/iphonesimulator26.0-23A339-26257891a6c027eb51374368541b8346.sdkstatcache -output-file-map /Users/siam/Library/Developer/Xcode/DerivedData/Lingua_Quest-gvpckrqxtbgyprbgppjfqmimmmfw/Build/Intermediates.noindex/AppCheck.build/Debug-iphonesimulator/AppCheckRecaptchaProvider.build/Objects-normal/arm64/AppCheckRecaptchaProvider-OutputFileMap.json -use-frontend-parseable-output -save-temps -no-color-diagnostics -explicit-module-build -module-cache-path /Users/siam/Library/Developer/Xcode/DerivedData/Lingua_Quest-gvpckrqxtbgyprbgppjfqmimmmfw/Build/Intermediates.noindex/SwiftExplicitPrecompiledModules -clang-scanner-module-cache-path /Users/siam/Library/Developer/Xcode/DerivedData/ModuleCache.noindex -sdk-module-cache-path /Users/siam/Library/Developer/Xcode/DerivedData/ModuleCache.noindex -serialize-diagnostics -emit-dependencies -emit-module -emit-module-path /Users/siam/Library/Developer/Xcode/DerivedData/Lingua_Quest-gvpckrqxtbgyprbgppjfqmimmmfw/Build/Intermediates.noindex/AppCheck.build/Debug-iphonesimulator/AppCheckRecaptchaProvider.build/Objects-normal/arm64/AppCheckRecaptchaProvider.swiftmodule -validate-clang-modules-once -clang-build-session-file /Users/siam/Library/Developer/Xcode/DerivedData/ModuleCache.noindex/Session.modulevalidation -Xcc -I/Users/siam/Library/Developer/Xcode/DerivedData/Lingua_Quest-gvpckrqxtbgyprbgppjfqmimmmfw/Build/Intermediates.noindex/AppCheck.build/Debug-iphonesimulator/AppCheckRecaptchaProvider.build/swift-overrides.hmap -emit-const-values -Xfrontend -const-gather-protocols-file -Xfrontend /Users/siam/Library/Developer/Xcode/DerivedData/Lingua_Quest-gvpckrqxtbgyprbgppjfqmimmmfw/Build/Intermediates.noindex/AppCheck.build/Debug-iphonesimulator/AppCheckRecaptchaProvider.build/Objects-normal/arm64/AppCheckRecaptchaProvider_const_extract_protocols.json -Xcc -I/Users/siam/Library/Developer/Xcode/DerivedData/Lingua_Quest-gvpckrqxtbgyprbgppjfqmimmmfw/SourcePackages/checkouts/GoogleUtilities/GoogleUtilities/Logger/Public -Xcc -I/Users/siam/Library/Developer/Xcode/DerivedData/Lingua_Quest-gvpckrqxtbgyprbgppjfqmimmmfw/SourcePackages/checkouts/GoogleUtilities/GoogleUtilities/Environment/Public -Xcc -I/Users/siam/Library/Developer/Xcode/DerivedData/Lingua_Quest-gvpckrqxtbgyprbgppjfqmimmmfw/SourcePackages/checkouts/GoogleUtilities/third_party/IsAppEncrypted/Public -Xcc -I/Users/siam/Library/Developer/Xcode/DerivedData/Lingua_Quest-gvpckrqxtbgyprbgppjfqmimmmfw/SourcePackages/checkouts/GoogleUtilities/GoogleUtilities/UserDefaults/Public -Xcc -I/Users/siam/Library/Developer/Xcode/DerivedData/Lingua_Quest-gvpckrqxtbgyprbgppjfqmimmmfw/SourcePackages/checkouts/interop-ios-for-google-sdks/RecaptchaEnterprise/RecaptchaInterop/Public -Xcc -I/Users/siam/Library/Developer/Xcode/DerivedData/Lingua_Quest-gvpckrqxtbgyprbgppjfqmimmmfw/SourcePackages/checkouts/promises/Sources/FBLPromises/include -Xcc -I/Users/siam/Library/Developer/Xcode/DerivedData/Lingua_Quest-gvpckrqxtbgyprbgppjfqmimmmfw/SourcePackages/checkouts/app-check/AppCheckCore/Sources/Public -Xcc -I/Users/siam/Library/Developer/Xcode/DerivedData/Lingua_Quest-gvpckrqxtbgyprbgppjfqmimmmfw/Build/Products/Debug-iphonesimulator/include -Xcc -I/Users/siam/Library/Developer/Xcode/DerivedData/Lingua_Quest-gvpckrqxtbgyprbgppjfqmimmmfw/Build/Intermediates.noindex/AppCheck.build/Debug-iphonesimulator/AppCheckRecaptchaProvider.build/DerivedSources-normal/arm64 -Xcc -I/Users/siam/Library/Developer/Xcode/DerivedData/Lingua_Quest-gvpckrqxtbgyprbgppjfqmimmmfw/Build/Intermediates.noindex/AppCheck.build/Debug-iphonesimulator/AppCheckRecaptchaProvider.build/DerivedSources/arm64 -Xcc -I/Users/siam/Library/Developer/Xcode/DerivedData/Lingua_Quest-gvpckrqxtbgyprbgppjfqmimmmfw/Build/Intermediates.noindex/AppCheck.build/Debug-iphonesimulator/AppCheckRecaptchaProvider.build/DerivedSources -Xcc -DSWIFT_PACKAGE -Xcc -DDEBUG\=1 -emit-objc-header -emit-objc-header-path /Users/siam/Library/Developer/Xcode/DerivedData/Lingua_Quest-gvpckrqxtbgyprbgppjfqmimmmfw/Build/Intermediates.noindex/AppCheck.build/Debug-iphonesimulator/AppCheckRecaptchaProvider.build/Objects-normal/arm64/AppCheckRecaptchaProvider-Swift.h -working-directory /Users/siam/Desktop/Lingua\ Quest/Lingua\ Quest.xcodeproj -experimental-emit-module-separately -disable-cmo

Copy /Users/siam/Library/Developer/Xcode/DerivedData/Lingua_Quest-gvpckrqxtbgyprbgppjfqmimmmfw/Build/Products/Debug-iphonesimulator/AppCheckRecaptchaProvider.swiftmodule/x86_64-apple-ios-simulator.swiftmodule /Users/siam/Library/Developer/Xcode/DerivedData/Lingua_Quest-gvpckrqxtbgyprbgppjfqmimmmfw/Build/Intermediates.noindex/AppCheck.build/Debug-iphonesimulator/AppCheckRecaptchaProvider.build/Objects-normal/x86_64/AppCheckRecaptchaProvider.swiftmodule (in target 'AppCheckRecaptchaProvider' from project 'AppCheck')
    cd /Users/siam/Library/Developer/Xcode/DerivedData/Lingua_Quest-gvpckrqxtbgyprbgppjfqmimmmfw/SourcePackages/checkouts/app-check
    builtin-copy -exclude .DS_Store -exclude CVS -exclude .svn -exclude .git -exclude .hg -resolve-src-symlinks -rename /Users/siam/Library/Developer/Xcode/DerivedData/Lingua_Quest-gvpckrqxtbgyprbgppjfqmimmmfw/Build/Intermediates.noindex/AppCheck.build/Debug-iphonesimulator/AppCheckRecaptchaProvider.build/Objects-normal/x86_64/AppCheckRecaptchaProvider.swiftmodule /Users/siam/Library/Developer/Xcode/DerivedData/Lingua_Quest-gvpckrqxtbgyprbgppjfqmimmmfw/Build/Products/Debug-iphonesimulator/AppCheckRecaptchaProvider.swiftmodule/x86_64-apple-ios-simulator.swiftmodule

SwiftMergeGeneratedHeaders /Users/siam/Library/Developer/Xcode/DerivedData/Lingua_Quest-gvpckrqxtbgyprbgppjfqmimmmfw/Build/Intermediates.noindex/GeneratedModuleMaps-iphonesimulator/AppCheckRecaptchaProvider-Swift.h /Users/siam/Library/Developer/Xcode/DerivedData/Lingua_Quest-gvpckrqxtbgyprbgppjfqmimmmfw/Build/Intermediates.noindex/AppCheck.build/Debug-iphonesimulator/AppCheckRecaptchaProvider.build/Objects-normal/arm64/AppCheckRecaptchaProvider-Swift.h /Users/siam/Library/Developer/Xcode/DerivedData/Lingua_Quest-gvpckrqxtbgyprbgppjfqmimmmfw/Build/Intermediates.noindex/AppCheck.build/Debug-iphonesimulator/AppCheckRecaptchaProvider.build/Objects-normal/x86_64/AppCheckRecaptchaProvider-Swift.h (in target 'AppCheckRecaptchaProvider' from project 'AppCheck')
    cd /Users/siam/Library/Developer/Xcode/DerivedData/Lingua_Quest-gvpckrqxtbgyprbgppjfqmimmmfw/SourcePackages/checkouts/app-check
    builtin-swiftHeaderTool -arch arm64 /Users/siam/Library/Developer/Xcode/DerivedData/Lingua_Quest-gvpckrqxtbgyprbgppjfqmimmmfw/Build/Intermediates.noindex/AppCheck.build/Debug-iphonesimulator/AppCheckRecaptchaProvider.build/Objects-normal/arm64/AppCheckRecaptchaProvider-Swift.h -arch x86_64 /Users/siam/Library/Developer/Xcode/DerivedData/Lingua_Quest-gvpckrqxtbgyprbgppjfqmimmmfw/Build/Intermediates.noindex/AppCheck.build/Debug-iphonesimulator/AppCheckRecaptchaProvider.build/Objects-normal/x86_64/AppCheckRecaptchaProvider-Swift.h -o /Users/siam/Library/Developer/Xcode/DerivedData/Lingua_Quest-gvpckrqxtbgyprbgppjfqmimmmfw/Build/Intermediates.noindex/GeneratedModuleMaps-iphonesimulator/AppCheckRecaptchaProvider-Swift.h

CreateUniversalBinary /Users/siam/Library/Developer/Xcode/DerivedData/Lingua_Quest-gvpckrqxtbgyprbgppjfqmimmmfw/Build/Products/Debug-iphonesimulator/GoogleUtilities-UserDefaults.o normal arm64\ x86_64 (in target 'GoogleUtilities-UserDefaults' from project 'GoogleUtilities')
    cd /Users/siam/Library/Developer/Xcode/DerivedData/Lingua_Quest-gvpckrqxtbgyprbgppjfqmimmmfw/SourcePackages/checkouts/GoogleUtilities
    /Applications/Xcode.app/Contents/Developer/Toolchains/XcodeDefault.xctoolchain/usr/bin/lipo -create /Users/siam/Library/Developer/Xcode/DerivedData/Lingua_Quest-gvpckrqxtbgyprbgppjfqmimmmfw/Build/Intermediates.noindex/GoogleUtilities.build/Debug-iphonesimulator/GoogleUtilities-UserDefaults.build/Objects-normal/arm64/Binary/GoogleUtilities-UserDefaults.o /Users/siam/Library/Developer/Xcode/DerivedData/Lingua_Quest-gvpckrqxtbgyprbgppjfqmimmmfw/Build/Intermediates.noindex/GoogleUtilities.build/Debug-iphonesimulator/GoogleUtilities-UserDefaults.build/Objects-normal/x86_64/Binary/GoogleUtilities-UserDefaults.o -output /Users/siam/Library/Developer/Xcode/DerivedData/Lingua_Quest-gvpckrqxtbgyprbgppjfqmimmmfw/Build/Products/Debug-iphonesimulator/GoogleUtilities-UserDefaults.o

Copy /Users/siam/Library/Developer/Xcode/DerivedData/Lingua_Quest-gvpckrqxtbgyprbgppjfqmimmmfw/Build/Products/Debug-iphonesimulator/AppCheckRecaptchaProvider.swiftmodule/x86_64-apple-ios-simulator.swiftdoc /Users/siam/Library/Developer/Xcode/DerivedData/Lingua_Quest-gvpckrqxtbgyprbgppjfqmimmmfw/Build/Intermediates.noindex/AppCheck.build/Debug-iphonesimulator/AppCheckRecaptchaProvider.build/Objects-normal/x86_64/AppCheckRecaptchaProvider.swiftdoc (in target 'AppCheckRecaptchaProvider' from project 'AppCheck')
    cd /Users/siam/Library/Developer/Xcode/DerivedData/Lingua_Quest-gvpckrqxtbgyprbgppjfqmimmmfw/SourcePackages/checkouts/app-check
    builtin-copy -exclude .DS_Store -exclude CVS -exclude .svn -exclude .git -exclude .hg -resolve-src-symlinks -rename /Users/siam/Library/Developer/Xcode/DerivedData/Lingua_Quest-gvpckrqxtbgyprbgppjfqmimmmfw/Build/Intermediates.noindex/AppCheck.build/Debug-iphonesimulator/AppCheckRecaptchaProvider.build/Objects-normal/x86_64/AppCheckRecaptchaProvider.swiftdoc /Users/siam/Library/Developer/Xcode/DerivedData/Lingua_Quest-gvpckrqxtbgyprbgppjfqmimmmfw/Build/Products/Debug-iphonesimulator/AppCheckRecaptchaProvider.swiftmodule/x86_64-apple-ios-simulator.swiftdoc

Copy /Users/siam/Library/Developer/Xcode/DerivedData/Lingua_Quest-gvpckrqxtbgyprbgppjfqmimmmfw/Build/Products/Debug-iphonesimulator/AppCheckRecaptchaProvider.swiftmodule/x86_64-apple-ios-simulator.abi.json /Users/siam/Library/Developer/Xcode/DerivedData/Lingua_Quest-gvpckrqxtbgyprbgppjfqmimmmfw/Build/Intermediates.noindex/AppCheck.build/Debug-iphonesimulator/AppCheckRecaptchaProvider.build/Objects-normal/x86_64/AppCheckRecaptchaProvider.abi.json (in target 'AppCheckRecaptchaProvider' from project 'AppCheck')
    cd /Users/siam/Library/Developer/Xcode/DerivedData/Lingua_Quest-gvpckrqxtbgyprbgppjfqmimmmfw/SourcePackages/checkouts/app-check
    builtin-copy -exclude .DS_Store -exclude CVS -exclude .svn -exclude .git -exclude .hg -resolve-src-symlinks -rename /Users/siam/Library/Developer/Xcode/DerivedData/Lingua_Quest-gvpckrqxtbgyprbgppjfqmimmmfw/Build/Intermediates.noindex/AppCheck.build/Debug-iphonesimulator/AppCheckRecaptchaProvider.build/Objects-normal/x86_64/AppCheckRecaptchaProvider.abi.json /Users/siam/Library/Developer/Xcode/DerivedData/Lingua_Quest-gvpckrqxtbgyprbgppjfqmimmmfw/Build/Products/Debug-iphonesimulator/AppCheckRecaptchaProvider.swiftmodule/x86_64-apple-ios-simulator.abi.json

Copy /Users/siam/Library/Developer/Xcode/DerivedData/Lingua_Quest-gvpckrqxtbgyprbgppjfqmimmmfw/Build/Products/Debug-iphonesimulator/AppCheckRecaptchaProvider.swiftmodule/arm64-apple-ios-simulator.swiftmodule /Users/siam/Library/Developer/Xcode/DerivedData/Lingua_Quest-gvpckrqxtbgyprbgppjfqmimmmfw/Build/Intermediates.noindex/AppCheck.build/Debug-iphonesimulator/AppCheckRecaptchaProvider.build/Objects-normal/arm64/AppCheckRecaptchaProvider.swiftmodule (in target 'AppCheckRecaptchaProvider' from project 'AppCheck')
    cd /Users/siam/Library/Developer/Xcode/DerivedData/Lingua_Quest-gvpckrqxtbgyprbgppjfqmimmmfw/SourcePackages/checkouts/app-check
    builtin-copy -exclude .DS_Store -exclude CVS -exclude .svn -exclude .git -exclude .hg -resolve-src-symlinks -rename /Users/siam/Library/Developer/Xcode/DerivedData/Lingua_Quest-gvpckrqxtbgyprbgppjfqmimmmfw/Build/Intermediates.noindex/AppCheck.build/Debug-iphonesimulator/AppCheckRecaptchaProvider.build/Objects-normal/arm64/AppCheckRecaptchaProvider.swiftmodule /Users/siam/Library/Developer/Xcode/DerivedData/Lingua_Quest-gvpckrqxtbgyprbgppjfqmimmmfw/Build/Products/Debug-iphonesimulator/AppCheckRecaptchaProvider.swiftmodule/arm64-apple-ios-simulator.swiftmodule

Copy /Users/siam/Library/Developer/Xcode/DerivedData/Lingua_Quest-gvpckrqxtbgyprbgppjfqmimmmfw/Build/Products/Debug-iphonesimulator/AppCheckRecaptchaProvider.swiftmodule/arm64-apple-ios-simulator.swiftdoc /Users/siam/Library/Developer/Xcode/DerivedData/Lingua_Quest-gvpckrqxtbgyprbgppjfqmimmmfw/Build/Intermediates.noindex/AppCheck.build/Debug-iphonesimulator/AppCheckRecaptchaProvider.build/Objects-normal/arm64/AppCheckRecaptchaProvider.swiftdoc (in target 'AppCheckRecaptchaProvider' from project 'AppCheck')
    cd /Users/siam/Library/Developer/Xcode/DerivedData/Lingua_Quest-gvpckrqxtbgyprbgppjfqmimmmfw/SourcePackages/checkouts/app-check
    builtin-copy -exclude .DS_Store -exclude CVS -exclude .svn -exclude .git -exclude .hg -resolve-src-symlinks -rename /Users/siam/Library/Developer/Xcode/DerivedData/Lingua_Quest-gvpckrqxtbgyprbgppjfqmimmmfw/Build/Intermediates.noindex/AppCheck.build/Debug-iphonesimulator/AppCheckRecaptchaProvider.build/Objects-normal/arm64/AppCheckRecaptchaProvider.swiftdoc /Users/siam/Library/Developer/Xcode/DerivedData/Lingua_Quest-gvpckrqxtbgyprbgppjfqmimmmfw/Build/Products/Debug-iphonesimulator/AppCheckRecaptchaProvider.swiftmodule/arm64-apple-ios-simulator.swiftdoc

Copy /Users/siam/Library/Developer/Xcode/DerivedData/Lingua_Quest-gvpckrqxtbgyprbgppjfqmimmmfw/Build/Products/Debug-iphonesimulator/AppCheckRecaptchaProvider.swiftmodule/arm64-apple-ios-simulator.abi.json /Users/siam/Library/Developer/Xcode/DerivedData/Lingua_Quest-gvpckrqxtbgyprbgppjfqmimmmfw/Build/Intermediates.noindex/AppCheck.build/Debug-iphonesimulator/AppCheckRecaptchaProvider.build/Objects-normal/arm64/AppCheckRecaptchaProvider.abi.json (in target 'AppCheckRecaptchaProvider' from project 'AppCheck')
    cd /Users/siam/Library/Developer/Xcode/DerivedData/Lingua_Quest-gvpckrqxtbgyprbgppjfqmimmmfw/SourcePackages/checkouts/app-check
    builtin-copy -exclude .DS_Store -exclude CVS -exclude .svn -exclude .git -exclude .hg -resolve-src-symlinks -rename /Users/siam/Library/Developer/Xcode/DerivedData/Lingua_Quest-gvpckrqxtbgyprbgppjfqmimmmfw/Build/Intermediates.noindex/AppCheck.build/Debug-iphonesimulator/AppCheckRecaptchaProvider.build/Objects-normal/arm64/AppCheckRecaptchaProvider.abi.json /Users/siam/Library/Developer/Xcode/DerivedData/Lingua_Quest-gvpckrqxtbgyprbgppjfqmimmmfw/Build/Products/Debug-iphonesimulator/AppCheckRecaptchaProvider.swiftmodule/arm64-apple-ios-simulator.abi.json

Copy /Users/siam/Library/Developer/Xcode/DerivedData/Lingua_Quest-gvpckrqxtbgyprbgppjfqmimmmfw/Build/Products/Debug-iphonesimulator/AppCheckRecaptchaProvider.swiftmodule/Project/x86_64-apple-ios-simulator.swiftsourceinfo /Users/siam/Library/Developer/Xcode/DerivedData/Lingua_Quest-gvpckrqxtbgyprbgppjfqmimmmfw/Build/Intermediates.noindex/AppCheck.build/Debug-iphonesimulator/AppCheckRecaptchaProvider.build/Objects-normal/x86_64/AppCheckRecaptchaProvider.swiftsourceinfo (in target 'AppCheckRecaptchaProvider' from project 'AppCheck')
    cd /Users/siam/Library/Developer/Xcode/DerivedData/Lingua_Quest-gvpckrqxtbgyprbgppjfqmimmmfw/SourcePackages/checkouts/app-check
    builtin-copy -exclude .DS_Store -exclude CVS -exclude .svn -exclude .git -exclude .hg -resolve-src-symlinks -rename /Users/siam/Library/Developer/Xcode/DerivedData/Lingua_Quest-gvpckrqxtbgyprbgppjfqmimmmfw/Build/Intermediates.noindex/AppCheck.build/Debug-iphonesimulator/AppCheckRecaptchaProvider.build/Objects-normal/x86_64/AppCheckRecaptchaProvider.swiftsourceinfo /Users/siam/Library/Developer/Xcode/DerivedData/Lingua_Quest-gvpckrqxtbgyprbgppjfqmimmmfw/Build/Products/Debug-iphonesimulator/AppCheckRecaptchaProvider.swiftmodule/Project/x86_64-apple-ios-simulator.swiftsourceinfo

Copy /Users/siam/Library/Developer/Xcode/DerivedData/Lingua_Quest-gvpckrqxtbgyprbgppjfqmimmmfw/Build/Products/Debug-iphonesimulator/AppCheckRecaptchaProvider.swiftmodule/Project/arm64-apple-ios-simulator.swiftsourceinfo /Users/siam/Library/Developer/Xcode/DerivedData/Lingua_Quest-gvpckrqxtbgyprbgppjfqmimmmfw/Build/Intermediates.noindex/AppCheck.build/Debug-iphonesimulator/AppCheckRecaptchaProvider.build/Objects-normal/arm64/AppCheckRecaptchaProvider.swiftsourceinfo (in target 'AppCheckRecaptchaProvider' from project 'AppCheck')
    cd /Users/siam/Library/Developer/Xcode/DerivedData/Lingua_Quest-gvpckrqxtbgyprbgppjfqmimmmfw/SourcePackages/checkouts/app-check
    builtin-copy -exclude .DS_Store -exclude CVS -exclude .svn -exclude .git -exclude .hg -resolve-src-symlinks -rename /Users/siam/Library/Developer/Xcode/DerivedData/Lingua_Quest-gvpckrqxtbgyprbgppjfqmimmmfw/Build/Intermediates.noindex/AppCheck.build/Debug-iphonesimulator/AppCheckRecaptchaProvider.build/Objects-normal/arm64/AppCheckRecaptchaProvider.swiftsourceinfo /Users/siam/Library/Developer/Xcode/DerivedData/Lingua_Quest-gvpckrqxtbgyprbgppjfqmimmmfw/Build/Products/Debug-iphonesimulator/AppCheckRecaptchaProvider.swiftmodule/Project/arm64-apple-ios-simulator.swiftsourceinfo

SwiftCompile normal arm64 Compiling\ resource_bundle_accessor.swift /Users/siam/Library/Developer/Xcode/DerivedData/Lingua_Quest-gvpckrqxtbgyprbgppjfqmimmmfw/Build/Intermediates.noindex/GoogleSignIn.build/Debug-iphonesimulator/GoogleSignInSwift.build/DerivedSources/resource_bundle_accessor.swift (in target 'GoogleSignInSwift' from project 'GoogleSignIn')

SwiftCompile normal arm64 /Users/siam/Library/Developer/Xcode/DerivedData/Lingua_Quest-gvpckrqxtbgyprbgppjfqmimmmfw/Build/Intermediates.noindex/GoogleSignIn.build/Debug-iphonesimulator/GoogleSignInSwift.build/DerivedSources/resource_bundle_accessor.swift (in target 'GoogleSignInSwift' from project 'GoogleSignIn')
    cd /Users/siam/Desktop/Lingua\ Quest/Lingua\ Quest.xcodeproj
    

Ld /Users/siam/Library/Developer/Xcode/DerivedData/Lingua_Quest-gvpckrqxtbgyprbgppjfqmimmmfw/Build/Intermediates.noindex/GoogleUtilities.build/Debug-iphonesimulator/GoogleUtilities-Reachability.build/Objects-normal/x86_64/Binary/GoogleUtilities-Reachability.o normal x86_64 (in target 'GoogleUtilities-Reachability' from project 'GoogleUtilities')
    cd /Users/siam/Library/Developer/Xcode/DerivedData/Lingua_Quest-gvpckrqxtbgyprbgppjfqmimmmfw/SourcePackages/checkouts/GoogleUtilities
    /Applications/Xcode.app/Contents/Developer/Toolchains/XcodeDefault.xctoolchain/usr/bin/clang -Xlinker -reproducible -target x86_64-apple-ios12.0-simulator -r -isysroot /Applications/Xcode.app/Contents/Developer/Platforms/iPhoneSimulator.platform/Developer/SDKs/iPhoneSimulator26.0.sdk -O0 -w -L/Users/siam/Library/Developer/Xcode/DerivedData/Lingua_Quest-gvpckrqxtbgyprbgppjfqmimmmfw/Build/Intermediates.noindex/EagerLinkingTBDs/Debug-iphonesimulator -L/Users/siam/Library/Developer/Xcode/DerivedData/Lingua_Quest-gvpckrqxtbgyprbgppjfqmimmmfw/Build/Products/Debug-iphonesimulator -L/Applications/Xcode.app/Contents/Developer/Platforms/iPhoneSimulator.platform/Developer/usr/lib -F/Users/siam/Library/Developer/Xcode/DerivedData/Lingua_Quest-gvpckrqxtbgyprbgppjfqmimmmfw/Build/Intermediates.noindex/EagerLinkingTBDs/Debug-iphonesimulator -F/Users/siam/Library/Developer/Xcode/DerivedData/Lingua_Quest-gvpckrqxtbgyprbgppjfqmimmmfw/Build/Products/Debug-iphonesimulator/PackageFrameworks -F/Users/siam/Library/Developer/Xcode/DerivedData/Lingua_Quest-gvpckrqxtbgyprbgppjfqmimmmfw/Build/Products/Debug-iphonesimulator/PackageFrameworks -F/Users/siam/Library/Developer/Xcode/DerivedData/Lingua_Quest-gvpckrqxtbgyprbgppjfqmimmmfw/Build/Products/Debug-iphonesimulator/PackageFrameworks -F/Users/siam/Library/Developer/Xcode/DerivedData/Lingua_Quest-gvpckrqxtbgyprbgppjfqmimmmfw/Build/Products/Debug-iphonesimulator -iframework /Applications/Xcode.app/Contents/Developer/Platforms/iPhoneSimulator.platform/Developer/Library/Frameworks -iframework /Applications/Xcode.app/Contents/Developer/Platforms/iPhoneSimulator.platform/Developer/SDKs/iPhoneSimulator26.0.sdk/Developer/Library/Frameworks -filelist /Users/siam/Library/Developer/Xcode/DerivedData/Lingua_Quest-gvpckrqxtbgyprbgppjfqmimmmfw/Build/Intermediates.noindex/GoogleUtilities.build/Debug-iphonesimulator/GoogleUtilities-Reachability.build/Objects-normal/x86_64/GoogleUtilities-Reachability.LinkFileList -nostdlib -Xlinker -object_path_lto -Xlinker /Users/siam/Library/Developer/Xcode/DerivedData/Lingua_Quest-gvpckrqxtbgyprbgppjfqmimmmfw/Build/Intermediates.noindex/GoogleUtilities.build/Debug-iphonesimulator/GoogleUtilities-Reachability.build/Objects-normal/x86_64/GoogleUtilities-Reachability_lto.o -rdynamic -Xlinker -no_deduplicate -Xlinker -objc_abi_version -Xlinker 2 -Xlinker -debug_variant -Xlinker -dependency_info -Xlinker /Users/siam/Library/Developer/Xcode/DerivedData/Lingua_Quest-gvpckrqxtbgyprbgppjfqmimmmfw/Build/Intermediates.noindex/GoogleUtilities.build/Debug-iphonesimulator/GoogleUtilities-Reachability.build/Objects-normal/x86_64/GoogleUtilities-Reachability_dependency_info.dat -fobjc-arc -fobjc-link-runtime -o /Users/siam/Library/Developer/Xcode/DerivedData/Lingua_Quest-gvpckrqxtbgyprbgppjfqmimmmfw/Build/Intermediates.noindex/GoogleUtilities.build/Debug-iphonesimulator/GoogleUtilities-Reachability.build/Objects-normal/x86_64/Binary/GoogleUtilities-Reachability.o

Ld /Users/siam/Library/Developer/Xcode/DerivedData/Lingua_Quest-gvpckrqxtbgyprbgppjfqmimmmfw/Build/Intermediates.noindex/GoogleUtilities.build/Debug-iphonesimulator/GoogleUtilities-Reachability.build/Objects-normal/arm64/Binary/GoogleUtilities-Reachability.o normal arm64 (in target 'GoogleUtilities-Reachability' from project 'GoogleUtilities')
    cd /Users/siam/Library/Developer/Xcode/DerivedData/Lingua_Quest-gvpckrqxtbgyprbgppjfqmimmmfw/SourcePackages/checkouts/GoogleUtilities
    /Applications/Xcode.app/Contents/Developer/Toolchains/XcodeDefault.xctoolchain/usr/bin/clang -Xlinker -reproducible -target arm64-apple-ios12.0-simulator -r -isysroot /Applications/Xcode.app/Contents/Developer/Platforms/iPhoneSimulator.platform/Developer/SDKs/iPhoneSimulator26.0.sdk -O0 -w -L/Users/siam/Library/Developer/Xcode/DerivedData/Lingua_Quest-gvpckrqxtbgyprbgppjfqmimmmfw/Build/Intermediates.noindex/EagerLinkingTBDs/Debug-iphonesimulator -L/Users/siam/Library/Developer/Xcode/DerivedData/Lingua_Quest-gvpckrqxtbgyprbgppjfqmimmmfw/Build/Products/Debug-iphonesimulator -L/Applications/Xcode.app/Contents/Developer/Platforms/iPhoneSimulator.platform/Developer/usr/lib -F/Users/siam/Library/Developer/Xcode/DerivedData/Lingua_Quest-gvpckrqxtbgyprbgppjfqmimmmfw/Build/Intermediates.noindex/EagerLinkingTBDs/Debug-iphonesimulator -F/Users/siam/Library/Developer/Xcode/DerivedData/Lingua_Quest-gvpckrqxtbgyprbgppjfqmimmmfw/Build/Products/Debug-iphonesimulator/PackageFrameworks -F/Users/siam/Library/Developer/Xcode/DerivedData/Lingua_Quest-gvpckrqxtbgyprbgppjfqmimmmfw/Build/Products/Debug-iphonesimulator/PackageFrameworks -F/Users/siam/Library/Developer/Xcode/DerivedData/Lingua_Quest-gvpckrqxtbgyprbgppjfqmimmmfw/Build/Products/Debug-iphonesimulator/PackageFrameworks -F/Users/siam/Library/Developer/Xcode/DerivedData/Lingua_Quest-gvpckrqxtbgyprbgppjfqmimmmfw/Build/Products/Debug-iphonesimulator -iframework /Applications/Xcode.app/Contents/Developer/Platforms/iPhoneSimulator.platform/Developer/Library/Frameworks -iframework /Applications/Xcode.app/Contents/Developer/Platforms/iPhoneSimulator.platform/Developer/SDKs/iPhoneSimulator26.0.sdk/Developer/Library/Frameworks -filelist /Users/siam/Library/Developer/Xcode/DerivedData/Lingua_Quest-gvpckrqxtbgyprbgppjfqmimmmfw/Build/Intermediates.noindex/GoogleUtilities.build/Debug-iphonesimulator/GoogleUtilities-Reachability.build/Objects-normal/arm64/GoogleUtilities-Reachability.LinkFileList -nostdlib -Xlinker -object_path_lto -Xlinker /Users/siam/Library/Developer/Xcode/DerivedData/Lingua_Quest-gvpckrqxtbgyprbgppjfqmimmmfw/Build/Intermediates.noindex/GoogleUtilities.build/Debug-iphonesimulator/GoogleUtilities-Reachability.build/Objects-normal/arm64/GoogleUtilities-Reachability_lto.o -rdynamic -Xlinker -no_deduplicate -Xlinker -objc_abi_version -Xlinker 2 -Xlinker -debug_variant -Xlinker -dependency_info -Xlinker /Users/siam/Library/Developer/Xcode/DerivedData/Lingua_Quest-gvpckrqxtbgyprbgppjfqmimmmfw/Build/Intermediates.noindex/GoogleUtilities.build/Debug-iphonesimulator/GoogleUtilities-Reachability.build/Objects-normal/arm64/GoogleUtilities-Reachability_dependency_info.dat -fobjc-arc -fobjc-link-runtime -o /Users/siam/Library/Developer/Xcode/DerivedData/Lingua_Quest-gvpckrqxtbgyprbgppjfqmimmmfw/Build/Intermediates.noindex/GoogleUtilities.build/Debug-iphonesimulator/GoogleUtilities-Reachability.build/Objects-normal/arm64/Binary/GoogleUtilities-Reachability.o

SwiftCompile normal arm64 Compiling\ GoogleSignInButtonBundleExtensions.swift /Users/siam/Library/Developer/Xcode/DerivedData/Lingua_Quest-gvpckrqxtbgyprbgppjfqmimmmfw/SourcePackages/checkouts/GoogleSignIn-iOS/GoogleSignInSwift/Sources/GoogleSignInButtonBundleExtensions.swift (in target 'GoogleSignInSwift' from project 'GoogleSignIn')

SwiftCompile normal arm64 /Users/siam/Library/Developer/Xcode/DerivedData/Lingua_Quest-gvpckrqxtbgyprbgppjfqmimmmfw/SourcePackages/checkouts/GoogleSignIn-iOS/GoogleSignInSwift/Sources/GoogleSignInButtonBundleExtensions.swift (in target 'GoogleSignInSwift' from project 'GoogleSignIn')
    cd /Users/siam/Desktop/Lingua\ Quest/Lingua\ Quest.xcodeproj
    

SwiftExplicitDependencyGeneratePcm arm64 /Users/siam/Library/Developer/Xcode/DerivedData/Lingua_Quest-gvpckrqxtbgyprbgppjfqmimmmfw/Build/Intermediates.noindex/SwiftExplicitPrecompiledModules/FirebaseCoreExtension-DPFG8I1S5VEQO1KE6MDTH21D2.pcm

PrecompileModule /Users/siam/Library/Developer/Xcode/DerivedData/Lingua_Quest-gvpckrqxtbgyprbgppjfqmimmmfw/Build/Intermediates.noindex/ExplicitPrecompiledModules/os_object-9RO84X6TYM58I7AC0VNT02XU.scan
    cd /
    builtin-precompileModule /Users/siam/Library/Developer/Xcode/DerivedData/Lingua_Quest-gvpckrqxtbgyprbgppjfqmimmmfw/Build/Intermediates.noindex/ExplicitPrecompiledModules/os_object-9RO84X6TYM58I7AC0VNT02XU.scan

SwiftCompile normal arm64 Compiling\ GoogleSignInButton.swift /Users/siam/Library/Developer/Xcode/DerivedData/Lingua_Quest-gvpckrqxtbgyprbgppjfqmimmmfw/SourcePackages/checkouts/GoogleSignIn-iOS/GoogleSignInSwift/Sources/GoogleSignInButton.swift (in target 'GoogleSignInSwift' from project 'GoogleSignIn')
SwiftCompile normal arm64 /Users/siam/Library/Developer/Xcode/DerivedData/Lingua_Quest-gvpckrqxtbgyprbgppjfqmimmmfw/SourcePackages/checkouts/GoogleSignIn-iOS/GoogleSignInSwift/Sources/GoogleSignInButton.swift (in target 'GoogleSignInSwift' from project 'GoogleSignIn')
    cd /Users/siam/Desktop/Lingua\ Quest/Lingua\ Quest.xcodeproj
    

SwiftExplicitDependencyGeneratePcm x86_64 /Users/siam/Library/Developer/Xcode/DerivedData/Lingua_Quest-gvpckrqxtbgyprbgppjfqmimmmfw/Build/Intermediates.noindex/SwiftExplicitPrecompiledModules/FirebaseFirestoreInternalWrapper-9P2Q78DXQPT0JLP8LRXC6V611.pcm

CreateUniversalBinary /Users/siam/Library/Developer/Xcode/DerivedData/Lingua_Quest-gvpckrqxtbgyprbgppjfqmimmmfw/Build/Products/Debug-iphonesimulator/GoogleUtilities-Reachability.o normal arm64\ x86_64 (in target 'GoogleUtilities-Reachability' from project 'GoogleUtilities')
    cd /Users/siam/Library/Developer/Xcode/DerivedData/Lingua_Quest-gvpckrqxtbgyprbgppjfqmimmmfw/SourcePackages/checkouts/GoogleUtilities
    /Applications/Xcode.app/Contents/Developer/Toolchains/XcodeDefault.xctoolchain/usr/bin/lipo -create /Users/siam/Library/Developer/Xcode/DerivedData/Lingua_Quest-gvpckrqxtbgyprbgppjfqmimmmfw/Build/Intermediates.noindex/GoogleUtilities.build/Debug-iphonesimulator/GoogleUtilities-Reachability.build/Objects-normal/arm64/Binary/GoogleUtilities-Reachability.o /Users/siam/Library/Developer/Xcode/DerivedData/Lingua_Quest-gvpckrqxtbgyprbgppjfqmimmmfw/Build/Intermediates.noindex/GoogleUtilities.build/Debug-iphonesimulator/GoogleUtilities-Reachability.build/Objects-normal/x86_64/Binary/GoogleUtilities-Reachability.o -output /Users/siam/Library/Developer/Xcode/DerivedData/Lingua_Quest-gvpckrqxtbgyprbgppjfqmimmmfw/Build/Products/Debug-iphonesimulator/GoogleUtilities-Reachability.o

SwiftExplicitDependencyGeneratePcm x86_64 /Users/siam/Library/Developer/Xcode/DerivedData/Lingua_Quest-gvpckrqxtbgyprbgppjfqmimmmfw/Build/Intermediates.noindex/SwiftExplicitPrecompiledModules/FirebaseCore-DQVEROLC2CVG7VBED059UIPDC.pcm

PrecompileModule /Users/siam/Library/Developer/Xcode/DerivedData/Lingua_Quest-gvpckrqxtbgyprbgppjfqmimmmfw/Build/Intermediates.noindex/ExplicitPrecompiledModules/os_workgroup-6VKGGEBTXKTX9B6DBD16EF802.scan
    cd /
    builtin-precompileModule /Users/siam/Library/Developer/Xcode/DerivedData/Lingua_Quest-gvpckrqxtbgyprbgppjfqmimmmfw/Build/Intermediates.noindex/ExplicitPrecompiledModules/os_workgroup-6VKGGEBTXKTX9B6DBD16EF802.scan

SwiftEmitModule normal arm64 Emitting\ module\ for\ FirebaseFirestore (in target 'FirebaseFirestore' from project 'Firebase')
EmitSwiftModule normal arm64 (in target 'FirebaseFirestore' from project 'Firebase')
    cd /Users/siam/Desktop/Lingua\ Quest/Lingua\ Quest.xcodeproj
    

SwiftExplicitDependencyGeneratePcm x86_64 /Users/siam/Library/Developer/Xcode/DerivedData/Lingua_Quest-gvpckrqxtbgyprbgppjfqmimmmfw/Build/Intermediates.noindex/SwiftExplicitPrecompiledModules/FirebaseCoreExtension-CG5P548ITS21R720I3WHLU0HN.pcm

SwiftCompile normal x86_64 Compiling\ GoogleSignInButtonViewModel.swift /Users/siam/Library/Developer/Xcode/DerivedData/Lingua_Quest-gvpckrqxtbgyprbgppjfqmimmmfw/SourcePackages/checkouts/GoogleSignIn-iOS/GoogleSignInSwift/Sources/GoogleSignInButtonViewModel.swift (in target 'GoogleSignInSwift' from project 'GoogleSignIn')

SwiftCompile normal x86_64 /Users/siam/Library/Developer/Xcode/DerivedData/Lingua_Quest-gvpckrqxtbgyprbgppjfqmimmmfw/SourcePackages/checkouts/GoogleSignIn-iOS/GoogleSignInSwift/Sources/GoogleSignInButtonViewModel.swift (in target 'GoogleSignInSwift' from project 'GoogleSignIn')
    cd /Users/siam/Desktop/Lingua\ Quest/Lingua\ Quest.xcodeproj
    

PrecompileModule /Users/siam/Library/Developer/Xcode/DerivedData/Lingua_Quest-gvpckrqxtbgyprbgppjfqmimmmfw/Build/Intermediates.noindex/ExplicitPrecompiledModules/Dispatch-CNYXHVGJSJTUFYOTM1GRZUMZN.scan
    cd /
    builtin-precompileModule /Users/siam/Library/Developer/Xcode/DerivedData/Lingua_Quest-gvpckrqxtbgyprbgppjfqmimmmfw/Build/Intermediates.noindex/ExplicitPrecompiledModules/Dispatch-CNYXHVGJSJTUFYOTM1GRZUMZN.scan

SwiftDriverJobDiscovery normal arm64 Compiling FirebaseDataEncoder.swift (in target 'FirebaseSharedSwift' from project 'Firebase')

SwiftCompile normal arm64 Compiling\ GoogleSignInButtonViewModel.swift /Users/siam/Library/Developer/Xcode/DerivedData/Lingua_Quest-gvpckrqxtbgyprbgppjfqmimmmfw/SourcePackages/checkouts/GoogleSignIn-iOS/GoogleSignInSwift/Sources/GoogleSignInButtonViewModel.swift (in target 'GoogleSignInSwift' from project 'GoogleSignIn')

SwiftCompile normal arm64 /Users/siam/Library/Developer/Xcode/DerivedData/Lingua_Quest-gvpckrqxtbgyprbgppjfqmimmmfw/SourcePackages/checkouts/GoogleSignIn-iOS/GoogleSignInSwift/Sources/GoogleSignInButtonViewModel.swift (in target 'GoogleSignInSwift' from project 'GoogleSignIn')
    cd /Users/siam/Desktop/Lingua\ Quest/Lingua\ Quest.xcodeproj
    

SwiftEmitModule normal x86_64 Emitting\ module\ for\ FirebaseFirestore (in target 'FirebaseFirestore' from project 'Firebase')
EmitSwiftModule normal x86_64 (in target 'FirebaseFirestore' from project 'Firebase')
    cd /Users/siam/Desktop/Lingua\ Quest/Lingua\ Quest.xcodeproj
    

PrecompileModule /Users/siam/Library/Developer/Xcode/DerivedData/Lingua_Quest-gvpckrqxtbgyprbgppjfqmimmmfw/Build/Intermediates.noindex/ExplicitPrecompiledModules/XPC-2D7IFB8KO8WLD33CUOZICUJA3.scan
    cd /
    builtin-precompileModule /Users/siam/Library/Developer/Xcode/DerivedData/Lingua_Quest-gvpckrqxtbgyprbgppjfqmimmmfw/Build/Intermediates.noindex/ExplicitPrecompiledModules/XPC-2D7IFB8KO8WLD33CUOZICUJA3.scan

SwiftDriverJobDiscovery normal arm64 Compiling GoogleSignInButtonBundleExtensions.swift (in target 'GoogleSignInSwift' from project 'GoogleSignIn')

PrecompileModule /Users/siam/Library/Developer/Xcode/DerivedData/Lingua_Quest-gvpckrqxtbgyprbgppjfqmimmmfw/Build/Intermediates.noindex/ExplicitPrecompiledModules/CoreFoundation-221RIQ6H9YYCOAB9JX19L9GB7.scan
    cd /
    builtin-precompileModule /Users/siam/Library/Developer/Xcode/DerivedData/Lingua_Quest-gvpckrqxtbgyprbgppjfqmimmmfw/Build/Intermediates.noindex/ExplicitPrecompiledModules/CoreFoundation-221RIQ6H9YYCOAB9JX19L9GB7.scan

SwiftExplicitDependencyGeneratePcm arm64 /Users/siam/Library/Developer/Xcode/DerivedData/Lingua_Quest-gvpckrqxtbgyprbgppjfqmimmmfw/Build/Intermediates.noindex/SwiftExplicitPrecompiledModules/GoogleUtilities_NSData-2PD7DKWILEIPBUTANEAPFIIED.pcm

SwiftExplicitDependencyGeneratePcm arm64 /Users/siam/Library/Developer/Xcode/DerivedData/Lingua_Quest-gvpckrqxtbgyprbgppjfqmimmmfw/Build/Intermediates.noindex/SwiftExplicitPrecompiledModules/FirebaseAuthInternal-AMA6R4BKQ9KB1UHKYV87E1B72.pcm

SwiftExplicitDependencyGeneratePcm arm64 /Users/siam/Library/Developer/Xcode/DerivedData/Lingua_Quest-gvpckrqxtbgyprbgppjfqmimmmfw/Build/Intermediates.noindex/SwiftExplicitPrecompiledModules/GoogleUtilities_AppDelegateSwizzler-8G4OITDW3MJE207XQIXOGXX4G.pcm

SwiftDriverJobDiscovery normal arm64 Compiling resource_bundle_accessor.swift (in target 'GoogleSignInSwift' from project 'GoogleSignIn')

SwiftExplicitDependencyGeneratePcm arm64 /Users/siam/Library/Developer/Xcode/DerivedData/Lingua_Quest-gvpckrqxtbgyprbgppjfqmimmmfw/Build/Intermediates.noindex/SwiftExplicitPrecompiledModules/FirebaseAppCheckInterop-6OZWK87EKBROUQFNCG7BITZDB.pcm

SwiftExplicitDependencyGeneratePcm arm64 /Users/siam/Library/Developer/Xcode/DerivedData/Lingua_Quest-gvpckrqxtbgyprbgppjfqmimmmfw/Build/Intermediates.noindex/SwiftExplicitPrecompiledModules/GoogleUtilities_Environment-59KWYPONNPAGMVSTPGJ3KSI04.pcm

SwiftDriverJobDiscovery normal x86_64 Emitting module for GoogleSignInSwift (in target 'GoogleSignInSwift' from project 'GoogleSignIn')

SwiftDriver\ Compilation\ Requirements GoogleSignInSwift normal x86_64 com.apple.xcode.tools.swift.compiler (in target 'GoogleSignInSwift' from project 'GoogleSignIn')
    cd /Users/siam/Desktop/Lingua\ Quest/Lingua\ Quest.xcodeproj
    builtin-Swift-Compilation-Requirements -- /Applications/Xcode.app/Contents/Developer/Toolchains/XcodeDefault.xctoolchain/usr/bin/swiftc -module-name GoogleSignInSwift -Onone -enforce-exclusivity\=checked @/Users/siam/Library/Developer/Xcode/DerivedData/Lingua_Quest-gvpckrqxtbgyprbgppjfqmimmmfw/Build/Intermediates.noindex/GoogleSignIn.build/Debug-iphonesimulator/GoogleSignInSwift.build/Objects-normal/x86_64/GoogleSignInSwift.SwiftFileList -DSWIFT_PACKAGE -DDEBUG -DSWIFT_MODULE_RESOURCE_BUNDLE_AVAILABLE -Xcc -fmodule-map-file\=/Users/siam/Library/Developer/Xcode/DerivedData/Lingua_Quest-gvpckrqxtbgyprbgppjfqmimmmfw/Build/Intermediates.noindex/GeneratedModuleMaps-iphonesimulator/AppAuth.modulemap -Xcc -fmodule-map-file\=/Users/siam/Library/Developer/Xcode/DerivedData/Lingua_Quest-gvpckrqxtbgyprbgppjfqmimmmfw/Build/Intermediates.noindex/GeneratedModuleMaps-iphonesimulator/AppAuthCore.modulemap -Xcc -fmodule-map-file\=/Users/siam/Library/Developer/Xcode/DerivedData/Lingua_Quest-gvpckrqxtbgyprbgppjfqmimmmfw/Build/Intermediates.noindex/GeneratedModuleMaps-iphonesimulator/GoogleUtilities-Logger.modulemap -Xcc -fmodule-map-file\=/Users/siam/Library/Developer/Xcode/DerivedData/Lingua_Quest-gvpckrqxtbgyprbgppjfqmimmmfw/Build/Intermediates.noindex/GeneratedModuleMaps-iphonesimulator/GoogleUtilities-Environment.modulemap -Xcc -fmodule-map-file\=/Users/siam/Library/Developer/Xcode/DerivedData/Lingua_Quest-gvpckrqxtbgyprbgppjfqmimmmfw/Build/Intermediates.noindex/GeneratedModuleMaps-iphonesimulator/third-party-IsAppEncrypted.modulemap -Xcc -fmodule-map-file\=/Users/siam/Library/Developer/Xcode/DerivedData/Lingua_Quest-gvpckrqxtbgyprbgppjfqmimmmfw/Build/Intermediates.noindex/GeneratedModuleMaps-iphonesimulator/GoogleUtilities-UserDefaults.modulemap -Xcc -fmodule-map-file\=/Users/siam/Library/Developer/Xcode/DerivedData/Lingua_Quest-gvpckrqxtbgyprbgppjfqmimmmfw/Build/Intermediates.noindex/GeneratedModuleMaps-iphonesimulator/AppCheckCore.modulemap -Xcc -fmodule-map-file\=/Users/siam/Library/Developer/Xcode/DerivedData/Lingua_Quest-gvpckrqxtbgyprbgppjfqmimmmfw/Build/Intermediates.noindex/GeneratedModuleMaps-iphonesimulator/GTMSessionFetcherCore.modulemap -Xcc -fmodule-map-file\=/Users/siam/Library/Developer/Xcode/DerivedData/Lingua_Quest-gvpckrqxtbgyprbgppjfqmimmmfw/Build/Intermediates.noindex/GeneratedModuleMaps-iphonesimulator/GoogleSignIn.modulemap -DXcode -plugin-path /Applications/Xcode.app/Contents/Developer/Toolchains/XcodeDefault.xctoolchain/usr/lib/swift/host/plugins/testing -enable-experimental-feature DebugDescriptionMacro -sdk /Applications/Xcode.app/Contents/Developer/Platforms/iPhoneSimulator.platform/Developer/SDKs/iPhoneSimulator26.0.sdk -target x86_64-apple-ios12.0-simulator -g -module-cache-path /Users/siam/Library/Developer/Xcode/DerivedData/ModuleCache.noindex -Xfrontend -serialize-debugging-options -profile-coverage-mapping -profile-generate -enable-testing -suppress-warnings -index-store-path /Users/siam/Library/Developer/Xcode/DerivedData/Lingua_Quest-gvpckrqxtbgyprbgppjfqmimmmfw/Index.noindex/DataStore -Xcc -D_LIBCPP_HARDENING_MODE\=_LIBCPP_HARDENING_MODE_DEBUG -swift-version 6 -I /Users/siam/Library/Developer/Xcode/DerivedData/Lingua_Quest-gvpckrqxtbgyprbgppjfqmimmmfw/Build/Products/Debug-iphonesimulator -Isystem /Applications/Xcode.app/Contents/Developer/Platforms/iPhoneSimulator.platform/Developer/usr/lib -F /Users/siam/Library/Developer/Xcode/DerivedData/Lingua_Quest-gvpckrqxtbgyprbgppjfqmimmmfw/Build/Products/Debug-iphonesimulator/PackageFrameworks -F /Users/siam/Library/Developer/Xcode/DerivedData/Lingua_Quest-gvpckrqxtbgyprbgppjfqmimmmfw/Build/Products/Debug-iphonesimulator/PackageFrameworks -F /Users/siam/Library/Developer/Xcode/DerivedData/Lingua_Quest-gvpckrqxtbgyprbgppjfqmimmmfw/Build/Products/Debug-iphonesimulator/PackageFrameworks -F /Users/siam/Library/Developer/Xcode/DerivedData/Lingua_Quest-gvpckrqxtbgyprbgppjfqmimmmfw/Build/Products/Debug-iphonesimulator/PackageFrameworks -F /Users/siam/Library/Developer/Xcode/DerivedData/Lingua_Quest-gvpckrqxtbgyprbgppjfqmimmmfw/Build/Products/Debug-iphonesimulator/PackageFrameworks -F /Users/siam/Library/Developer/Xcode/DerivedData/Lingua_Quest-gvpckrqxtbgyprbgppjfqmimmmfw/Build/Products/Debug-iphonesimulator/PackageFrameworks -F /Users/siam/Library/Developer/Xcode/DerivedData/Lingua_Quest-gvpckrqxtbgyprbgppjfqmimmmfw/Build/Products/Debug-iphonesimulator/PackageFrameworks -F /Users/siam/Library/Developer/Xcode/DerivedData/Lingua_Quest-gvpckrqxtbgyprbgppjfqmimmmfw/Build/Products/Debug-iphonesimulator/PackageFrameworks -F /Users/siam/Library/Developer/Xcode/DerivedData/Lingua_Quest-gvpckrqxtbgyprbgppjfqmimmmfw/Build/Products/Debug-iphonesimulator/PackageFrameworks -F /Users/siam/Library/Developer/Xcode/DerivedData/Lingua_Quest-gvpckrqxtbgyprbgppjfqmimmmfw/Build/Products/Debug-iphonesimulator/PackageFrameworks -F /Users/siam/Library/Developer/Xcode/DerivedData/Lingua_Quest-gvpckrqxtbgyprbgppjfqmimmmfw/Build/Products/Debug-iphonesimulator/PackageFrameworks -F /Users/siam/Library/Developer/Xcode/DerivedData/Lingua_Quest-gvpckrqxtbgyprbgppjfqmimmmfw/Build/Products/Debug-iphonesimulator -F /Applications/Xcode.app/Contents/Developer/Platforms/iPhoneSimulator.platform/Developer/Library/Frameworks -F /Applications/Xcode.app/Contents/Developer/Platforms/iPhoneSimulator.platform/Developer/SDKs/iPhoneSimulator26.0.sdk/Developer/Library/Frameworks -emit-localized-strings -emit-localized-strings-path /Users/siam/Library/Developer/Xcode/DerivedData/Lingua_Quest-gvpckrqxtbgyprbgppjfqmimmmfw/Build/Intermediates.noindex/GoogleSignIn.build/Debug-iphonesimulator/GoogleSignInSwift.build/Objects-normal/x86_64 -c -j12 -enable-batch-mode -incremental -Xcc -ivfsstatcache -Xcc /Users/siam/Library/Developer/Xcode/DerivedData/SDKStatCaches.noindex/iphonesimulator26.0-23A339-26257891a6c027eb51374368541b8346.sdkstatcache -output-file-map /Users/siam/Library/Developer/Xcode/DerivedData/Lingua_Quest-gvpckrqxtbgyprbgppjfqmimmmfw/Build/Intermediates.noindex/GoogleSignIn.build/Debug-iphonesimulator/GoogleSignInSwift.build/Objects-normal/x86_64/GoogleSignInSwift-OutputFileMap.json -use-frontend-parseable-output -save-temps -no-color-diagnostics -explicit-module-build -module-cache-path /Users/siam/Library/Developer/Xcode/DerivedData/Lingua_Quest-gvpckrqxtbgyprbgppjfqmimmmfw/Build/Intermediates.noindex/SwiftExplicitPrecompiledModules -clang-scanner-module-cache-path /Users/siam/Library/Developer/Xcode/DerivedData/ModuleCache.noindex -sdk-module-cache-path /Users/siam/Library/Developer/Xcode/DerivedData/ModuleCache.noindex -serialize-diagnostics -emit-dependencies -emit-module -emit-module-path /Users/siam/Library/Developer/Xcode/DerivedData/Lingua_Quest-gvpckrqxtbgyprbgppjfqmimmmfw/Build/Intermediates.noindex/GoogleSignIn.build/Debug-iphonesimulator/GoogleSignInSwift.build/Objects-normal/x86_64/GoogleSignInSwift.swiftmodule -user-module-version 9.2.0 -validate-clang-modules-once -clang-build-session-file /Users/siam/Library/Developer/Xcode/DerivedData/ModuleCache.noindex/Session.modulevalidation -package-name googlesignin_ios -Xcc -I/Users/siam/Library/Developer/Xcode/DerivedData/Lingua_Quest-gvpckrqxtbgyprbgppjfqmimmmfw/Build/Intermediates.noindex/GoogleSignIn.build/Debug-iphonesimulator/GoogleSignInSwift.build/swift-overrides.hmap -emit-const-values -Xfrontend -const-gather-protocols-file -Xfrontend /Users/siam/Library/Developer/Xcode/DerivedData/Lingua_Quest-gvpckrqxtbgyprbgppjfqmimmmfw/Build/Intermediates.noindex/GoogleSignIn.build/Debug-iphonesimulator/GoogleSignInSwift.build/Objects-normal/x86_64/GoogleSignInSwift_const_extract_protocols.json -Xcc -I/Users/siam/Library/Developer/Xcode/DerivedData/Lingua_Quest-gvpckrqxtbgyprbgppjfqmimmmfw/SourcePackages/checkouts/AppAuth-iOS/Sources/AppAuth -Xcc -I/Users/siam/Library/Developer/Xcode/DerivedData/Lingua_Quest-gvpckrqxtbgyprbgppjfqmimmmfw/SourcePackages/checkouts/AppAuth-iOS/Sources/AppAuthCore -Xcc -I/Users/siam/Library/Developer/Xcode/DerivedData/Lingua_Quest-gvpckrqxtbgyprbgppjfqmimmmfw/SourcePackages/checkouts/promises/Sources/FBLPromises/include -Xcc -I/Users/siam/Library/Developer/Xcode/DerivedData/Lingua_Quest-gvpckrqxtbgyprbgppjfqmimmmfw/SourcePackages/checkouts/GoogleUtilities/GoogleUtilities/Logger/Public -Xcc -I/Users/siam/Library/Developer/Xcode/DerivedData/Lingua_Quest-gvpckrqxtbgyprbgppjfqmimmmfw/SourcePackages/checkouts/GoogleUtilities/GoogleUtilities/Environment/Public -Xcc -I/Users/siam/Library/Developer/Xcode/DerivedData/Lingua_Quest-gvpckrqxtbgyprbgppjfqmimmmfw/SourcePackages/checkouts/GoogleUtilities/third_party/IsAppEncrypted/Public -Xcc -I/Users/siam/Library/Developer/Xcode/DerivedData/Lingua_Quest-gvpckrqxtbgyprbgppjfqmimmmfw/SourcePackages/checkouts/GoogleUtilities/GoogleUtilities/UserDefaults/Public -Xcc -I/Users/siam/Library/Developer/Xcode/DerivedData/Lingua_Quest-gvpckrqxtbgyprbgppjfqmimmmfw/SourcePackages/checkouts/app-check/AppCheckCore/Sources/Public -Xcc -I/Users/siam/Library/Developer/Xcode/DerivedData/Lingua_Quest-gvpckrqxtbgyprbgppjfqmimmmfw/SourcePackages/checkouts/gtm-session-fetcher/Sources/Core/Public -Xcc -I/Users/siam/Library/Developer/Xcode/DerivedData/Lingua_Quest-gvpckrqxtbgyprbgppjfqmimmmfw/SourcePackages/checkouts/GoogleSignIn-iOS/GoogleSignIn/Sources/Public -Xcc -I/Users/siam/Library/Developer/Xcode/DerivedData/Lingua_Quest-gvpckrqxtbgyprbgppjfqmimmmfw/Build/Products/Debug-iphonesimulator/include -Xcc -I/Users/siam/Library/Developer/Xcode/DerivedData/Lingua_Quest-gvpckrqxtbgyprbgppjfqmimmmfw/Build/Intermediates.noindex/GoogleSignIn.build/Debug-iphonesimulator/GoogleSignInSwift.build/DerivedSources-normal/x86_64 -Xcc -I/Users/siam/Library/Developer/Xcode/DerivedData/Lingua_Quest-gvpckrqxtbgyprbgppjfqmimmmfw/Build/Intermediates.noindex/GoogleSignIn.build/Debug-iphonesimulator/GoogleSignInSwift.build/DerivedSources/x86_64 -Xcc -I/Users/siam/Library/Developer/Xcode/DerivedData/Lingua_Quest-gvpckrqxtbgyprbgppjfqmimmmfw/Build/Intermediates.noindex/GoogleSignIn.build/Debug-iphonesimulator/GoogleSignInSwift.build/DerivedSources -Xcc -DSWIFT_PACKAGE -Xcc -DDEBUG\=1 -emit-objc-header -emit-objc-header-path /Users/siam/Library/Developer/Xcode/DerivedData/Lingua_Quest-gvpckrqxtbgyprbgppjfqmimmmfw/Build/Intermediates.noindex/GoogleSignIn.build/Debug-iphonesimulator/GoogleSignInSwift.build/Objects-normal/x86_64/GoogleSignInSwift-Swift.h -working-directory /Users/siam/Desktop/Lingua\ Quest/Lingua\ Quest.xcodeproj -experimental-emit-module-separately -disable-cmo

SwiftExplicitDependencyGeneratePcm arm64 /Users/siam/Library/Developer/Xcode/DerivedData/Lingua_Quest-gvpckrqxtbgyprbgppjfqmimmmfw/Build/Intermediates.noindex/SwiftExplicitPrecompiledModules/FirebaseAuthInterop-50W1E3HSFCSV7HVTGKR2EMD1T.pcm

Copy /Users/siam/Library/Developer/Xcode/DerivedData/Lingua_Quest-gvpckrqxtbgyprbgppjfqmimmmfw/Build/Products/Debug-iphonesimulator/GoogleSignInSwift.swiftmodule/x86_64-apple-ios-simulator.swiftmodule /Users/siam/Library/Developer/Xcode/DerivedData/Lingua_Quest-gvpckrqxtbgyprbgppjfqmimmmfw/Build/Intermediates.noindex/GoogleSignIn.build/Debug-iphonesimulator/GoogleSignInSwift.build/Objects-normal/x86_64/GoogleSignInSwift.swiftmodule (in target 'GoogleSignInSwift' from project 'GoogleSignIn')
    cd /Users/siam/Library/Developer/Xcode/DerivedData/Lingua_Quest-gvpckrqxtbgyprbgppjfqmimmmfw/SourcePackages/checkouts/GoogleSignIn-iOS
    builtin-copy -exclude .DS_Store -exclude CVS -exclude .svn -exclude .git -exclude .hg -resolve-src-symlinks -rename /Users/siam/Library/Developer/Xcode/DerivedData/Lingua_Quest-gvpckrqxtbgyprbgppjfqmimmmfw/Build/Intermediates.noindex/GoogleSignIn.build/Debug-iphonesimulator/GoogleSignInSwift.build/Objects-normal/x86_64/GoogleSignInSwift.swiftmodule /Users/siam/Library/Developer/Xcode/DerivedData/Lingua_Quest-gvpckrqxtbgyprbgppjfqmimmmfw/Build/Products/Debug-iphonesimulator/GoogleSignInSwift.swiftmodule/x86_64-apple-ios-simulator.swiftmodule

SwiftDriverJobDiscovery normal arm64 Emitting module for GoogleSignInSwift (in target 'GoogleSignInSwift' from project 'GoogleSignIn')

SwiftDriver\ Compilation\ Requirements GoogleSignInSwift normal arm64 com.apple.xcode.tools.swift.compiler (in target 'GoogleSignInSwift' from project 'GoogleSignIn')
    cd /Users/siam/Desktop/Lingua\ Quest/Lingua\ Quest.xcodeproj
    builtin-Swift-Compilation-Requirements -- /Applications/Xcode.app/Contents/Developer/Toolchains/XcodeDefault.xctoolchain/usr/bin/swiftc -module-name GoogleSignInSwift -Onone -enforce-exclusivity\=checked @/Users/siam/Library/Developer/Xcode/DerivedData/Lingua_Quest-gvpckrqxtbgyprbgppjfqmimmmfw/Build/Intermediates.noindex/GoogleSignIn.build/Debug-iphonesimulator/GoogleSignInSwift.build/Objects-normal/arm64/GoogleSignInSwift.SwiftFileList -DSWIFT_PACKAGE -DDEBUG -DSWIFT_MODULE_RESOURCE_BUNDLE_AVAILABLE -Xcc -fmodule-map-file\=/Users/siam/Library/Developer/Xcode/DerivedData/Lingua_Quest-gvpckrqxtbgyprbgppjfqmimmmfw/Build/Intermediates.noindex/GeneratedModuleMaps-iphonesimulator/AppAuth.modulemap -Xcc -fmodule-map-file\=/Users/siam/Library/Developer/Xcode/DerivedData/Lingua_Quest-gvpckrqxtbgyprbgppjfqmimmmfw/Build/Intermediates.noindex/GeneratedModuleMaps-iphonesimulator/AppAuthCore.modulemap -Xcc -fmodule-map-file\=/Users/siam/Library/Developer/Xcode/DerivedData/Lingua_Quest-gvpckrqxtbgyprbgppjfqmimmmfw/Build/Intermediates.noindex/GeneratedModuleMaps-iphonesimulator/GoogleUtilities-Logger.modulemap -Xcc -fmodule-map-file\=/Users/siam/Library/Developer/Xcode/DerivedData/Lingua_Quest-gvpckrqxtbgyprbgppjfqmimmmfw/Build/Intermediates.noindex/GeneratedModuleMaps-iphonesimulator/GoogleUtilities-Environment.modulemap -Xcc -fmodule-map-file\=/Users/siam/Library/Developer/Xcode/DerivedData/Lingua_Quest-gvpckrqxtbgyprbgppjfqmimmmfw/Build/Intermediates.noindex/GeneratedModuleMaps-iphonesimulator/third-party-IsAppEncrypted.modulemap -Xcc -fmodule-map-file\=/Users/siam/Library/Developer/Xcode/DerivedData/Lingua_Quest-gvpckrqxtbgyprbgppjfqmimmmfw/Build/Intermediates.noindex/GeneratedModuleMaps-iphonesimulator/GoogleUtilities-UserDefaults.modulemap -Xcc -fmodule-map-file\=/Users/siam/Library/Developer/Xcode/DerivedData/Lingua_Quest-gvpckrqxtbgyprbgppjfqmimmmfw/Build/Intermediates.noindex/GeneratedModuleMaps-iphonesimulator/AppCheckCore.modulemap -Xcc -fmodule-map-file\=/Users/siam/Library/Developer/Xcode/DerivedData/Lingua_Quest-gvpckrqxtbgyprbgppjfqmimmmfw/Build/Intermediates.noindex/GeneratedModuleMaps-iphonesimulator/GTMSessionFetcherCore.modulemap -Xcc -fmodule-map-file\=/Users/siam/Library/Developer/Xcode/DerivedData/Lingua_Quest-gvpckrqxtbgyprbgppjfqmimmmfw/Build/Intermediates.noindex/GeneratedModuleMaps-iphonesimulator/GoogleSignIn.modulemap -DXcode -plugin-path /Applications/Xcode.app/Contents/Developer/Toolchains/XcodeDefault.xctoolchain/usr/lib/swift/host/plugins/testing -enable-experimental-feature DebugDescriptionMacro -sdk /Applications/Xcode.app/Contents/Developer/Platforms/iPhoneSimulator.platform/Developer/SDKs/iPhoneSimulator26.0.sdk -target arm64-apple-ios12.0-simulator -g -module-cache-path /Users/siam/Library/Developer/Xcode/DerivedData/ModuleCache.noindex -Xfrontend -serialize-debugging-options -profile-coverage-mapping -profile-generate -enable-testing -suppress-warnings -index-store-path /Users/siam/Library/Developer/Xcode/DerivedData/Lingua_Quest-gvpckrqxtbgyprbgppjfqmimmmfw/Index.noindex/DataStore -Xcc -D_LIBCPP_HARDENING_MODE\=_LIBCPP_HARDENING_MODE_DEBUG -swift-version 6 -I /Users/siam/Library/Developer/Xcode/DerivedData/Lingua_Quest-gvpckrqxtbgyprbgppjfqmimmmfw/Build/Products/Debug-iphonesimulator -Isystem /Applications/Xcode.app/Contents/Developer/Platforms/iPhoneSimulator.platform/Developer/usr/lib -F /Users/siam/Library/Developer/Xcode/DerivedData/Lingua_Quest-gvpckrqxtbgyprbgppjfqmimmmfw/Build/Products/Debug-iphonesimulator/PackageFrameworks -F /Users/siam/Library/Developer/Xcode/DerivedData/Lingua_Quest-gvpckrqxtbgyprbgppjfqmimmmfw/Build/Products/Debug-iphonesimulator/PackageFrameworks -F /Users/siam/Library/Developer/Xcode/DerivedData/Lingua_Quest-gvpckrqxtbgyprbgppjfqmimmmfw/Build/Products/Debug-iphonesimulator/PackageFrameworks -F /Users/siam/Library/Developer/Xcode/DerivedData/Lingua_Quest-gvpckrqxtbgyprbgppjfqmimmmfw/Build/Products/Debug-iphonesimulator/PackageFrameworks -F /Users/siam/Library/Developer/Xcode/DerivedData/Lingua_Quest-gvpckrqxtbgyprbgppjfqmimmmfw/Build/Products/Debug-iphonesimulator/PackageFrameworks -F /Users/siam/Library/Developer/Xcode/DerivedData/Lingua_Quest-gvpckrqxtbgyprbgppjfqmimmmfw/Build/Products/Debug-iphonesimulator/PackageFrameworks -F /Users/siam/Library/Developer/Xcode/DerivedData/Lingua_Quest-gvpckrqxtbgyprbgppjfqmimmmfw/Build/Products/Debug-iphonesimulator/PackageFrameworks -F /Users/siam/Library/Developer/Xcode/DerivedData/Lingua_Quest-gvpckrqxtbgyprbgppjfqmimmmfw/Build/Products/Debug-iphonesimulator/PackageFrameworks -F /Users/siam/Library/Developer/Xcode/DerivedData/Lingua_Quest-gvpckrqxtbgyprbgppjfqmimmmfw/Build/Products/Debug-iphonesimulator/PackageFrameworks -F /Users/siam/Library/Developer/Xcode/DerivedData/Lingua_Quest-gvpckrqxtbgyprbgppjfqmimmmfw/Build/Products/Debug-iphonesimulator/PackageFrameworks -F /Users/siam/Library/Developer/Xcode/DerivedData/Lingua_Quest-gvpckrqxtbgyprbgppjfqmimmmfw/Build/Products/Debug-iphonesimulator/PackageFrameworks -F /Users/siam/Library/Developer/Xcode/DerivedData/Lingua_Quest-gvpckrqxtbgyprbgppjfqmimmmfw/Build/Products/Debug-iphonesimulator -F /Applications/Xcode.app/Contents/Developer/Platforms/iPhoneSimulator.platform/Developer/Library/Frameworks -F /Applications/Xcode.app/Contents/Developer/Platforms/iPhoneSimulator.platform/Developer/SDKs/iPhoneSimulator26.0.sdk/Developer/Library/Frameworks -emit-localized-strings -emit-localized-strings-path /Users/siam/Library/Developer/Xcode/DerivedData/Lingua_Quest-gvpckrqxtbgyprbgppjfqmimmmfw/Build/Intermediates.noindex/GoogleSignIn.build/Debug-iphonesimulator/GoogleSignInSwift.build/Objects-normal/arm64 -c -j12 -enable-batch-mode -incremental -Xcc -ivfsstatcache -Xcc /Users/siam/Library/Developer/Xcode/DerivedData/SDKStatCaches.noindex/iphonesimulator26.0-23A339-26257891a6c027eb51374368541b8346.sdkstatcache -output-file-map /Users/siam/Library/Developer/Xcode/DerivedData/Lingua_Quest-gvpckrqxtbgyprbgppjfqmimmmfw/Build/Intermediates.noindex/GoogleSignIn.build/Debug-iphonesimulator/GoogleSignInSwift.build/Objects-normal/arm64/GoogleSignInSwift-OutputFileMap.json -use-frontend-parseable-output -save-temps -no-color-diagnostics -explicit-module-build -module-cache-path /Users/siam/Library/Developer/Xcode/DerivedData/Lingua_Quest-gvpckrqxtbgyprbgppjfqmimmmfw/Build/Intermediates.noindex/SwiftExplicitPrecompiledModules -clang-scanner-module-cache-path /Users/siam/Library/Developer/Xcode/DerivedData/ModuleCache.noindex -sdk-module-cache-path /Users/siam/Library/Developer/Xcode/DerivedData/ModuleCache.noindex -serialize-diagnostics -emit-dependencies -emit-module -emit-module-path /Users/siam/Library/Developer/Xcode/DerivedData/Lingua_Quest-gvpckrqxtbgyprbgppjfqmimmmfw/Build/Intermediates.noindex/GoogleSignIn.build/Debug-iphonesimulator/GoogleSignInSwift.build/Objects-normal/arm64/GoogleSignInSwift.swiftmodule -user-module-version 9.2.0 -validate-clang-modules-once -clang-build-session-file /Users/siam/Library/Developer/Xcode/DerivedData/ModuleCache.noindex/Session.modulevalidation -package-name googlesignin_ios -Xcc -I/Users/siam/Library/Developer/Xcode/DerivedData/Lingua_Quest-gvpckrqxtbgyprbgppjfqmimmmfw/Build/Intermediates.noindex/GoogleSignIn.build/Debug-iphonesimulator/GoogleSignInSwift.build/swift-overrides.hmap -emit-const-values -Xfrontend -const-gather-protocols-file -Xfrontend /Users/siam/Library/Developer/Xcode/DerivedData/Lingua_Quest-gvpckrqxtbgyprbgppjfqmimmmfw/Build/Intermediates.noindex/GoogleSignIn.build/Debug-iphonesimulator/GoogleSignInSwift.build/Objects-normal/arm64/GoogleSignInSwift_const_extract_protocols.json -Xcc -I/Users/siam/Library/Developer/Xcode/DerivedData/Lingua_Quest-gvpckrqxtbgyprbgppjfqmimmmfw/SourcePackages/checkouts/AppAuth-iOS/Sources/AppAuth -Xcc -I/Users/siam/Library/Developer/Xcode/DerivedData/Lingua_Quest-gvpckrqxtbgyprbgppjfqmimmmfw/SourcePackages/checkouts/AppAuth-iOS/Sources/AppAuthCore -Xcc -I/Users/siam/Library/Developer/Xcode/DerivedData/Lingua_Quest-gvpckrqxtbgyprbgppjfqmimmmfw/SourcePackages/checkouts/promises/Sources/FBLPromises/include -Xcc -I/Users/siam/Library/Developer/Xcode/DerivedData/Lingua_Quest-gvpckrqxtbgyprbgppjfqmimmmfw/SourcePackages/checkouts/GoogleUtilities/GoogleUtilities/Logger/Public -Xcc -I/Users/siam/Library/Developer/Xcode/DerivedData/Lingua_Quest-gvpckrqxtbgyprbgppjfqmimmmfw/SourcePackages/checkouts/GoogleUtilities/GoogleUtilities/Environment/Public -Xcc -I/Users/siam/Library/Developer/Xcode/DerivedData/Lingua_Quest-gvpckrqxtbgyprbgppjfqmimmmfw/SourcePackages/checkouts/GoogleUtilities/third_party/IsAppEncrypted/Public -Xcc -I/Users/siam/Library/Developer/Xcode/DerivedData/Lingua_Quest-gvpckrqxtbgyprbgppjfqmimmmfw/SourcePackages/checkouts/GoogleUtilities/GoogleUtilities/UserDefaults/Public -Xcc -I/Users/siam/Library/Developer/Xcode/DerivedData/Lingua_Quest-gvpckrqxtbgyprbgppjfqmimmmfw/SourcePackages/checkouts/app-check/AppCheckCore/Sources/Public -Xcc -I/Users/siam/Library/Developer/Xcode/DerivedData/Lingua_Quest-gvpckrqxtbgyprbgppjfqmimmmfw/SourcePackages/checkouts/gtm-session-fetcher/Sources/Core/Public -Xcc -I/Users/siam/Library/Developer/Xcode/DerivedData/Lingua_Quest-gvpckrqxtbgyprbgppjfqmimmmfw/SourcePackages/checkouts/GoogleSignIn-iOS/GoogleSignIn/Sources/Public -Xcc -I/Users/siam/Library/Developer/Xcode/DerivedData/Lingua_Quest-gvpckrqxtbgyprbgppjfqmimmmfw/Build/Products/Debug-iphonesimulator/include -Xcc -I/Users/siam/Library/Developer/Xcode/DerivedData/Lingua_Quest-gvpckrqxtbgyprbgppjfqmimmmfw/Build/Intermediates.noindex/GoogleSignIn.build/Debug-iphonesimulator/GoogleSignInSwift.build/DerivedSources-normal/arm64 -Xcc -I/Users/siam/Library/Developer/Xcode/DerivedData/Lingua_Quest-gvpckrqxtbgyprbgppjfqmimmmfw/Build/Intermediates.noindex/GoogleSignIn.build/Debug-iphonesimulator/GoogleSignInSwift.build/DerivedSources/arm64 -Xcc -I/Users/siam/Library/Developer/Xcode/DerivedData/Lingua_Quest-gvpckrqxtbgyprbgppjfqmimmmfw/Build/Intermediates.noindex/GoogleSignIn.build/Debug-iphonesimulator/GoogleSignInSwift.build/DerivedSources -Xcc -DSWIFT_PACKAGE -Xcc -DDEBUG\=1 -emit-objc-header -emit-objc-header-path /Users/siam/Library/Developer/Xcode/DerivedData/Lingua_Quest-gvpckrqxtbgyprbgppjfqmimmmfw/Build/Intermediates.noindex/GoogleSignIn.build/Debug-iphonesimulator/GoogleSignInSwift.build/Objects-normal/arm64/GoogleSignInSwift-Swift.h -working-directory /Users/siam/Desktop/Lingua\ Quest/Lingua\ Quest.xcodeproj -experimental-emit-module-separately -disable-cmo

Copy /Users/siam/Library/Developer/Xcode/DerivedData/Lingua_Quest-gvpckrqxtbgyprbgppjfqmimmmfw/Build/Products/Debug-iphonesimulator/GoogleSignInSwift.swiftmodule/x86_64-apple-ios-simulator.swiftdoc /Users/siam/Library/Developer/Xcode/DerivedData/Lingua_Quest-gvpckrqxtbgyprbgppjfqmimmmfw/Build/Intermediates.noindex/GoogleSignIn.build/Debug-iphonesimulator/GoogleSignInSwift.build/Objects-normal/x86_64/GoogleSignInSwift.swiftdoc (in target 'GoogleSignInSwift' from project 'GoogleSignIn')
    cd /Users/siam/Library/Developer/Xcode/DerivedData/Lingua_Quest-gvpckrqxtbgyprbgppjfqmimmmfw/SourcePackages/checkouts/GoogleSignIn-iOS
    builtin-copy -exclude .DS_Store -exclude CVS -exclude .svn -exclude .git -exclude .hg -resolve-src-symlinks -rename /Users/siam/Library/Developer/Xcode/DerivedData/Lingua_Quest-gvpckrqxtbgyprbgppjfqmimmmfw/Build/Intermediates.noindex/GoogleSignIn.build/Debug-iphonesimulator/GoogleSignInSwift.build/Objects-normal/x86_64/GoogleSignInSwift.swiftdoc /Users/siam/Library/Developer/Xcode/DerivedData/Lingua_Quest-gvpckrqxtbgyprbgppjfqmimmmfw/Build/Products/Debug-iphonesimulator/GoogleSignInSwift.swiftmodule/x86_64-apple-ios-simulator.swiftdoc

Copy /Users/siam/Library/Developer/Xcode/DerivedData/Lingua_Quest-gvpckrqxtbgyprbgppjfqmimmmfw/Build/Products/Debug-iphonesimulator/GoogleSignInSwift.swiftmodule/x86_64-apple-ios-simulator.abi.json /Users/siam/Library/Developer/Xcode/DerivedData/Lingua_Quest-gvpckrqxtbgyprbgppjfqmimmmfw/Build/Intermediates.noindex/GoogleSignIn.build/Debug-iphonesimulator/GoogleSignInSwift.build/Objects-normal/x86_64/GoogleSignInSwift.abi.json (in target 'GoogleSignInSwift' from project 'GoogleSignIn')
    cd /Users/siam/Library/Developer/Xcode/DerivedData/Lingua_Quest-gvpckrqxtbgyprbgppjfqmimmmfw/SourcePackages/checkouts/GoogleSignIn-iOS
    builtin-copy -exclude .DS_Store -exclude CVS -exclude .svn -exclude .git -exclude .hg -resolve-src-symlinks -rename /Users/siam/Library/Developer/Xcode/DerivedData/Lingua_Quest-gvpckrqxtbgyprbgppjfqmimmmfw/Build/Intermediates.noindex/GoogleSignIn.build/Debug-iphonesimulator/GoogleSignInSwift.build/Objects-normal/x86_64/GoogleSignInSwift.abi.json /Users/siam/Library/Developer/Xcode/DerivedData/Lingua_Quest-gvpckrqxtbgyprbgppjfqmimmmfw/Build/Products/Debug-iphonesimulator/GoogleSignInSwift.swiftmodule/x86_64-apple-ios-simulator.abi.json

SwiftMergeGeneratedHeaders /Users/siam/Library/Developer/Xcode/DerivedData/Lingua_Quest-gvpckrqxtbgyprbgppjfqmimmmfw/Build/Intermediates.noindex/GeneratedModuleMaps-iphonesimulator/GoogleSignInSwift-Swift.h /Users/siam/Library/Developer/Xcode/DerivedData/Lingua_Quest-gvpckrqxtbgyprbgppjfqmimmmfw/Build/Intermediates.noindex/GoogleSignIn.build/Debug-iphonesimulator/GoogleSignInSwift.build/Objects-normal/arm64/GoogleSignInSwift-Swift.h /Users/siam/Library/Developer/Xcode/DerivedData/Lingua_Quest-gvpckrqxtbgyprbgppjfqmimmmfw/Build/Intermediates.noindex/GoogleSignIn.build/Debug-iphonesimulator/GoogleSignInSwift.build/Objects-normal/x86_64/GoogleSignInSwift-Swift.h (in target 'GoogleSignInSwift' from project 'GoogleSignIn')
    cd /Users/siam/Library/Developer/Xcode/DerivedData/Lingua_Quest-gvpckrqxtbgyprbgppjfqmimmmfw/SourcePackages/checkouts/GoogleSignIn-iOS
    builtin-swiftHeaderTool -arch arm64 /Users/siam/Library/Developer/Xcode/DerivedData/Lingua_Quest-gvpckrqxtbgyprbgppjfqmimmmfw/Build/Intermediates.noindex/GoogleSignIn.build/Debug-iphonesimulator/GoogleSignInSwift.build/Objects-normal/arm64/GoogleSignInSwift-Swift.h -arch x86_64 /Users/siam/Library/Developer/Xcode/DerivedData/Lingua_Quest-gvpckrqxtbgyprbgppjfqmimmmfw/Build/Intermediates.noindex/GoogleSignIn.build/Debug-iphonesimulator/GoogleSignInSwift.build/Objects-normal/x86_64/GoogleSignInSwift-Swift.h -o /Users/siam/Library/Developer/Xcode/DerivedData/Lingua_Quest-gvpckrqxtbgyprbgppjfqmimmmfw/Build/Intermediates.noindex/GeneratedModuleMaps-iphonesimulator/GoogleSignInSwift-Swift.h

SwiftDriverJobDiscovery normal x86_64 Compiling GoogleSignInButtonViewModel.swift (in target 'GoogleSignInSwift' from project 'GoogleSignIn')

Copy /Users/siam/Library/Developer/Xcode/DerivedData/Lingua_Quest-gvpckrqxtbgyprbgppjfqmimmmfw/Build/Products/Debug-iphonesimulator/GoogleSignInSwift.swiftmodule/Project/x86_64-apple-ios-simulator.swiftsourceinfo /Users/siam/Library/Developer/Xcode/DerivedData/Lingua_Quest-gvpckrqxtbgyprbgppjfqmimmmfw/Build/Intermediates.noindex/GoogleSignIn.build/Debug-iphonesimulator/GoogleSignInSwift.build/Objects-normal/x86_64/GoogleSignInSwift.swiftsourceinfo (in target 'GoogleSignInSwift' from project 'GoogleSignIn')
    cd /Users/siam/Library/Developer/Xcode/DerivedData/Lingua_Quest-gvpckrqxtbgyprbgppjfqmimmmfw/SourcePackages/checkouts/GoogleSignIn-iOS
    builtin-copy -exclude .DS_Store -exclude CVS -exclude .svn -exclude .git -exclude .hg -resolve-src-symlinks -rename /Users/siam/Library/Developer/Xcode/DerivedData/Lingua_Quest-gvpckrqxtbgyprbgppjfqmimmmfw/Build/Intermediates.noindex/GoogleSignIn.build/Debug-iphonesimulator/GoogleSignInSwift.build/Objects-normal/x86_64/GoogleSignInSwift.swiftsourceinfo /Users/siam/Library/Developer/Xcode/DerivedData/Lingua_Quest-gvpckrqxtbgyprbgppjfqmimmmfw/Build/Products/Debug-iphonesimulator/GoogleSignInSwift.swiftmodule/Project/x86_64-apple-ios-simulator.swiftsourceinfo

CompileC /Users/siam/Library/Developer/Xcode/DerivedData/Lingua_Quest-gvpckrqxtbgyprbgppjfqmimmmfw/Build/Intermediates.noindex/GoogleSignIn.build/Debug-iphonesimulator/GoogleSignIn.build/Objects-normal/arm64/resource_bundle_accessor.o /Users/siam/Library/Developer/Xcode/DerivedData/Lingua_Quest-gvpckrqxtbgyprbgppjfqmimmmfw/Build/Intermediates.noindex/GoogleSignIn.build/Debug-iphonesimulator/GoogleSignIn.build/DerivedSources/resource_bundle_accessor.m normal arm64 objective-c com.apple.compilers.llvm.clang.1_0.compiler (in target 'GoogleSignIn' from project 'GoogleSignIn')
    cd /Users/siam/Desktop/Lingua\ Quest/Lingua\ Quest.xcodeproj
    
    Using response file: /Users/siam/Library/Developer/Xcode/DerivedData/Lingua_Quest-gvpckrqxtbgyprbgppjfqmimmmfw/Build/Intermediates.noindex/GoogleSignIn.build/Debug-iphonesimulator/GoogleSignIn.build/Objects-normal/arm64/e6072d4f65d7061329687fe24e3d63a7-common-args.resp
    
    /Applications/Xcode.app/Contents/Developer/Toolchains/XcodeDefault.xctoolchain/usr/bin/clang -x objective-c -ivfsstatcache /Users/siam/Library/Developer/Xcode/DerivedData/SDKStatCaches.noindex/iphonesimulator26.0-23A339-26257891a6c027eb51374368541b8346.sdkstatcache -fmessage-length\=0 -fdiagnostics-show-note-include-stack -fmacro-backtrace-limit\=0 -fno-color-diagnostics -fmodules-prune-interval\=86400 -fmodules-prune-after\=345600 -fbuild-session-file\=/Users/siam/Library/Developer/Xcode/DerivedData/ModuleCache.noindex/Session.modulevalidation -fmodules-validate-once-per-build-session -Wnon-modular-include-in-framework-module -Werror\=non-modular-include-in-framework-module -Wno-trigraphs -Wno-missing-field-initializers -Wno-missing-prototypes -Wno-return-type -Wno-implicit-atomic-properties -Wno-objc-interface-ivars -Wno-arc-repeated-use-of-weak -Wno-missing-braces -Wparentheses -Wswitch -Wno-unused-function -Wno-unused-label -Wno-unused-parameter -Wno-unused-variable -Wunused-value -Wno-empty-body -Wno-uninitialized -Wno-unknown-pragmas -w -Wno-shadow -Wno-four-char-constants -Wno-conversion -Wno-constant-conversion -Wno-int-conversion -Wno-bool-conversion -Wno-enum-conversion -Wno-float-conversion -Wno-non-literal-null-conversion -Wno-objc-literal-conversion -Wshorten-64-to-32 -Wpointer-sign -Wno-newline-eof -Wno-selector -Wno-strict-selector-match -Wno-undeclared-selector -Wno-deprecated-implementations -Wno-implicit-fallthrough -fstrict-aliasing -Wprotocol -Wdeprecated-declarations -Wno-sign-conversion -Wno-infinite-recursion -Wno-comma -Wno-block-capture-autoreleasing -Wno-strict-prototypes -Wno-semicolon-before-method-body -index-store-path /Users/siam/Library/Developer/Xcode/DerivedData/Lingua_Quest-gvpckrqxtbgyprbgppjfqmimmmfw/Index.noindex/DataStore @/Users/siam/Library/Developer/Xcode/DerivedData/Lingua_Quest-gvpckrqxtbgyprbgppjfqmimmmfw/Build/Intermediates.noindex/GoogleSignIn.build/Debug-iphonesimulator/GoogleSignIn.build/Objects-normal/arm64/e6072d4f65d7061329687fe24e3d63a7-common-args.resp -include /Users/siam/Library/Developer/Xcode/DerivedData/Lingua_Quest-gvpckrqxtbgyprbgppjfqmimmmfw/Build/Intermediates.noindex/GoogleSignIn.build/Debug-iphonesimulator/GoogleSignIn.build/DerivedSources/resource_bundle_accessor.h -MMD -MT dependencies -MF /Users/siam/Library/Developer/Xcode/DerivedData/Lingua_Quest-gvpckrqxtbgyprbgppjfqmimmmfw/Build/Intermediates.noindex/GoogleSignIn.build/Debug-iphonesimulator/GoogleSignIn.build/Objects-normal/arm64/resource_bundle_accessor.d --serialize-diagnostics /Users/siam/Library/Developer/Xcode/DerivedData/Lingua_Quest-gvpckrqxtbgyprbgppjfqmimmmfw/Build/Intermediates.noindex/GoogleSignIn.build/Debug-iphonesimulator/GoogleSignIn.build/Objects-normal/arm64/resource_bundle_accessor.dia -c /Users/siam/Library/Developer/Xcode/DerivedData/Lingua_Quest-gvpckrqxtbgyprbgppjfqmimmmfw/Build/Intermediates.noindex/GoogleSignIn.build/Debug-iphonesimulator/GoogleSignIn.build/DerivedSources/resource_bundle_accessor.m -o /Users/siam/Library/Developer/Xcode/DerivedData/Lingua_Quest-gvpckrqxtbgyprbgppjfqmimmmfw/Build/Intermediates.noindex/GoogleSignIn.build/Debug-iphonesimulator/GoogleSignIn.build/Objects-normal/arm64/resource_bundle_accessor.o -index-unit-output-path /GoogleSignIn.build/Debug-iphonesimulator/GoogleSignIn.build/Objects-normal/arm64/resource_bundle_accessor.o

CompileC /Users/siam/Library/Developer/Xcode/DerivedData/Lingua_Quest-gvpckrqxtbgyprbgppjfqmimmmfw/Build/Intermediates.noindex/GoogleSignIn.build/Debug-iphonesimulator/GoogleSignIn.build/Objects-normal/arm64/GIDToken.o /Users/siam/Library/Developer/Xcode/DerivedData/Lingua_Quest-gvpckrqxtbgyprbgppjfqmimmmfw/SourcePackages/checkouts/GoogleSignIn-iOS/GoogleSignIn/Sources/GIDToken.m normal arm64 objective-c com.apple.compilers.llvm.clang.1_0.compiler (in target 'GoogleSignIn' from project 'GoogleSignIn')
    cd /Users/siam/Desktop/Lingua\ Quest/Lingua\ Quest.xcodeproj
    
    Using response file: /Users/siam/Library/Developer/Xcode/DerivedData/Lingua_Quest-gvpckrqxtbgyprbgppjfqmimmmfw/Build/Intermediates.noindex/GoogleSignIn.build/Debug-iphonesimulator/GoogleSignIn.build/Objects-normal/arm64/e6072d4f65d7061329687fe24e3d63a7-common-args.resp
    
    /Applications/Xcode.app/Contents/Developer/Toolchains/XcodeDefault.xctoolchain/usr/bin/clang -x objective-c -ivfsstatcache /Users/siam/Library/Developer/Xcode/DerivedData/SDKStatCaches.noindex/iphonesimulator26.0-23A339-26257891a6c027eb51374368541b8346.sdkstatcache -fmessage-length\=0 -fdiagnostics-show-note-include-stack -fmacro-backtrace-limit\=0 -fno-color-diagnostics -fmodules-prune-interval\=86400 -fmodules-prune-after\=345600 -fbuild-session-file\=/Users/siam/Library/Developer/Xcode/DerivedData/ModuleCache.noindex/Session.modulevalidation -fmodules-validate-once-per-build-session -Wnon-modular-include-in-framework-module -Werror\=non-modular-include-in-framework-module -Wno-trigraphs -Wno-missing-field-initializers -Wno-missing-prototypes -Wno-return-type -Wno-implicit-atomic-properties -Wno-objc-interface-ivars -Wno-arc-repeated-use-of-weak -Wno-missing-braces -Wparentheses -Wswitch -Wno-unused-function -Wno-unused-label -Wno-unused-parameter -Wno-unused-variable -Wunused-value -Wno-empty-body -Wno-uninitialized -Wno-unknown-pragmas -w -Wno-shadow -Wno-four-char-constants -Wno-conversion -Wno-constant-conversion -Wno-int-conversion -Wno-bool-conversion -Wno-enum-conversion -Wno-float-conversion -Wno-non-literal-null-conversion -Wno-objc-literal-conversion -Wshorten-64-to-32 -Wpointer-sign -Wno-newline-eof -Wno-selector -Wno-strict-selector-match -Wno-undeclared-selector -Wno-deprecated-implementations -Wno-implicit-fallthrough -fstrict-aliasing -Wprotocol -Wdeprecated-declarations -Wno-sign-conversion -Wno-infinite-recursion -Wno-comma -Wno-block-capture-autoreleasing -Wno-strict-prototypes -Wno-semicolon-before-method-body -index-store-path /Users/siam/Library/Developer/Xcode/DerivedData/Lingua_Quest-gvpckrqxtbgyprbgppjfqmimmmfw/Index.noindex/DataStore @/Users/siam/Library/Developer/Xcode/DerivedData/Lingua_Quest-gvpckrqxtbgyprbgppjfqmimmmfw/Build/Intermediates.noindex/GoogleSignIn.build/Debug-iphonesimulator/GoogleSignIn.build/Objects-normal/arm64/e6072d4f65d7061329687fe24e3d63a7-common-args.resp -include /Users/siam/Library/Developer/Xcode/DerivedData/Lingua_Quest-gvpckrqxtbgyprbgppjfqmimmmfw/Build/Intermediates.noindex/GoogleSignIn.build/Debug-iphonesimulator/GoogleSignIn.build/DerivedSources/resource_bundle_accessor.h -MMD -MT dependencies -MF /Users/siam/Library/Developer/Xcode/DerivedData/Lingua_Quest-gvpckrqxtbgyprbgppjfqmimmmfw/Build/Intermediates.noindex/GoogleSignIn.build/Debug-iphonesimulator/GoogleSignIn.build/Objects-normal/arm64/GIDToken.d --serialize-diagnostics /Users/siam/Library/Developer/Xcode/DerivedData/Lingua_Quest-gvpckrqxtbgyprbgppjfqmimmmfw/Build/Intermediates.noindex/GoogleSignIn.build/Debug-iphonesimulator/GoogleSignIn.build/Objects-normal/arm64/GIDToken.dia -c /Users/siam/Library/Developer/Xcode/DerivedData/Lingua_Quest-gvpckrqxtbgyprbgppjfqmimmmfw/SourcePackages/checkouts/GoogleSignIn-iOS/GoogleSignIn/Sources/GIDToken.m -o /Users/siam/Library/Developer/Xcode/DerivedData/Lingua_Quest-gvpckrqxtbgyprbgppjfqmimmmfw/Build/Intermediates.noindex/GoogleSignIn.build/Debug-iphonesimulator/GoogleSignIn.build/Objects-normal/arm64/GIDToken.o -index-unit-output-path /GoogleSignIn.build/Debug-iphonesimulator/GoogleSignIn.build/Objects-normal/arm64/GIDToken.o

Copy /Users/siam/Library/Developer/Xcode/DerivedData/Lingua_Quest-gvpckrqxtbgyprbgppjfqmimmmfw/Build/Products/Debug-iphonesimulator/GoogleSignInSwift.swiftmodule/arm64-apple-ios-simulator.swiftmodule /Users/siam/Library/Developer/Xcode/DerivedData/Lingua_Quest-gvpckrqxtbgyprbgppjfqmimmmfw/Build/Intermediates.noindex/GoogleSignIn.build/Debug-iphonesimulator/GoogleSignInSwift.build/Objects-normal/arm64/GoogleSignInSwift.swiftmodule (in target 'GoogleSignInSwift' from project 'GoogleSignIn')
    cd /Users/siam/Library/Developer/Xcode/DerivedData/Lingua_Quest-gvpckrqxtbgyprbgppjfqmimmmfw/SourcePackages/checkouts/GoogleSignIn-iOS
    builtin-copy -exclude .DS_Store -exclude CVS -exclude .svn -exclude .git -exclude .hg -resolve-src-symlinks -rename /Users/siam/Library/Developer/Xcode/DerivedData/Lingua_Quest-gvpckrqxtbgyprbgppjfqmimmmfw/Build/Intermediates.noindex/GoogleSignIn.build/Debug-iphonesimulator/GoogleSignInSwift.build/Objects-normal/arm64/GoogleSignInSwift.swiftmodule /Users/siam/Library/Developer/Xcode/DerivedData/Lingua_Quest-gvpckrqxtbgyprbgppjfqmimmmfw/Build/Products/Debug-iphonesimulator/GoogleSignInSwift.swiftmodule/arm64-apple-ios-simulator.swiftmodule

Copy /Users/siam/Library/Developer/Xcode/DerivedData/Lingua_Quest-gvpckrqxtbgyprbgppjfqmimmmfw/Build/Products/Debug-iphonesimulator/GoogleSignInSwift.swiftmodule/arm64-apple-ios-simulator.swiftdoc /Users/siam/Library/Developer/Xcode/DerivedData/Lingua_Quest-gvpckrqxtbgyprbgppjfqmimmmfw/Build/Intermediates.noindex/GoogleSignIn.build/Debug-iphonesimulator/GoogleSignInSwift.build/Objects-normal/arm64/GoogleSignInSwift.swiftdoc (in target 'GoogleSignInSwift' from project 'GoogleSignIn')
    cd /Users/siam/Library/Developer/Xcode/DerivedData/Lingua_Quest-gvpckrqxtbgyprbgppjfqmimmmfw/SourcePackages/checkouts/GoogleSignIn-iOS
    builtin-copy -exclude .DS_Store -exclude CVS -exclude .svn -exclude .git -exclude .hg -resolve-src-symlinks -rename /Users/siam/Library/Developer/Xcode/DerivedData/Lingua_Quest-gvpckrqxtbgyprbgppjfqmimmmfw/Build/Intermediates.noindex/GoogleSignIn.build/Debug-iphonesimulator/GoogleSignInSwift.build/Objects-normal/arm64/GoogleSignInSwift.swiftdoc /Users/siam/Library/Developer/Xcode/DerivedData/Lingua_Quest-gvpckrqxtbgyprbgppjfqmimmmfw/Build/Products/Debug-iphonesimulator/GoogleSignInSwift.swiftmodule/arm64-apple-ios-simulator.swiftdoc

Copy /Users/siam/Library/Developer/Xcode/DerivedData/Lingua_Quest-gvpckrqxtbgyprbgppjfqmimmmfw/Build/Products/Debug-iphonesimulator/GoogleSignInSwift.swiftmodule/arm64-apple-ios-simulator.abi.json /Users/siam/Library/Developer/Xcode/DerivedData/Lingua_Quest-gvpckrqxtbgyprbgppjfqmimmmfw/Build/Intermediates.noindex/GoogleSignIn.build/Debug-iphonesimulator/GoogleSignInSwift.build/Objects-normal/arm64/GoogleSignInSwift.abi.json (in target 'GoogleSignInSwift' from project 'GoogleSignIn')
    cd /Users/siam/Library/Developer/Xcode/DerivedData/Lingua_Quest-gvpckrqxtbgyprbgppjfqmimmmfw/SourcePackages/checkouts/GoogleSignIn-iOS
    builtin-copy -exclude .DS_Store -exclude CVS -exclude .svn -exclude .git -exclude .hg -resolve-src-symlinks -rename /Users/siam/Library/Developer/Xcode/DerivedData/Lingua_Quest-gvpckrqxtbgyprbgppjfqmimmmfw/Build/Intermediates.noindex/GoogleSignIn.build/Debug-iphonesimulator/GoogleSignInSwift.build/Objects-normal/arm64/GoogleSignInSwift.abi.json /Users/siam/Library/Developer/Xcode/DerivedData/Lingua_Quest-gvpckrqxtbgyprbgppjfqmimmmfw/Build/Products/Debug-iphonesimulator/GoogleSignInSwift.swiftmodule/arm64-apple-ios-simulator.abi.json

Copy /Users/siam/Library/Developer/Xcode/DerivedData/Lingua_Quest-gvpckrqxtbgyprbgppjfqmimmmfw/Build/Products/Debug-iphonesimulator/GoogleSignInSwift.swiftmodule/Project/arm64-apple-ios-simulator.swiftsourceinfo /Users/siam/Library/Developer/Xcode/DerivedData/Lingua_Quest-gvpckrqxtbgyprbgppjfqmimmmfw/Build/Intermediates.noindex/GoogleSignIn.build/Debug-iphonesimulator/GoogleSignInSwift.build/Objects-normal/arm64/GoogleSignInSwift.swiftsourceinfo (in target 'GoogleSignInSwift' from project 'GoogleSignIn')
    cd /Users/siam/Library/Developer/Xcode/DerivedData/Lingua_Quest-gvpckrqxtbgyprbgppjfqmimmmfw/SourcePackages/checkouts/GoogleSignIn-iOS
    builtin-copy -exclude .DS_Store -exclude CVS -exclude .svn -exclude .git -exclude .hg -resolve-src-symlinks -rename /Users/siam/Library/Developer/Xcode/DerivedData/Lingua_Quest-gvpckrqxtbgyprbgppjfqmimmmfw/Build/Intermediates.noindex/GoogleSignIn.build/Debug-iphonesimulator/GoogleSignInSwift.build/Objects-normal/arm64/GoogleSignInSwift.swiftsourceinfo /Users/siam/Library/Developer/Xcode/DerivedData/Lingua_Quest-gvpckrqxtbgyprbgppjfqmimmmfw/Build/Products/Debug-iphonesimulator/GoogleSignInSwift.swiftmodule/Project/arm64-apple-ios-simulator.swiftsourceinfo

CompileC /Users/siam/Library/Developer/Xcode/DerivedData/Lingua_Quest-gvpckrqxtbgyprbgppjfqmimmmfw/Build/Intermediates.noindex/GoogleSignIn.build/Debug-iphonesimulator/GoogleSignIn.build/Objects-normal/arm64/GIDSignInStrings.o /Users/siam/Library/Developer/Xcode/DerivedData/Lingua_Quest-gvpckrqxtbgyprbgppjfqmimmmfw/SourcePackages/checkouts/GoogleSignIn-iOS/GoogleSignIn/Sources/GIDSignInStrings.m normal arm64 objective-c com.apple.compilers.llvm.clang.1_0.compiler (in target 'GoogleSignIn' from project 'GoogleSignIn')
    cd /Users/siam/Desktop/Lingua\ Quest/Lingua\ Quest.xcodeproj
    
    Using response file: /Users/siam/Library/Developer/Xcode/DerivedData/Lingua_Quest-gvpckrqxtbgyprbgppjfqmimmmfw/Build/Intermediates.noindex/GoogleSignIn.build/Debug-iphonesimulator/GoogleSignIn.build/Objects-normal/arm64/e6072d4f65d7061329687fe24e3d63a7-common-args.resp
    
    /Applications/Xcode.app/Contents/Developer/Toolchains/XcodeDefault.xctoolchain/usr/bin/clang -x objective-c -ivfsstatcache /Users/siam/Library/Developer/Xcode/DerivedData/SDKStatCaches.noindex/iphonesimulator26.0-23A339-26257891a6c027eb51374368541b8346.sdkstatcache -fmessage-length\=0 -fdiagnostics-show-note-include-stack -fmacro-backtrace-limit\=0 -fno-color-diagnostics -fmodules-prune-interval\=86400 -fmodules-prune-after\=345600 -fbuild-session-file\=/Users/siam/Library/Developer/Xcode/DerivedData/ModuleCache.noindex/Session.modulevalidation -fmodules-validate-once-per-build-session -Wnon-modular-include-in-framework-module -Werror\=non-modular-include-in-framework-module -Wno-trigraphs -Wno-missing-field-initializers -Wno-missing-prototypes -Wno-return-type -Wno-implicit-atomic-properties -Wno-objc-interface-ivars -Wno-arc-repeated-use-of-weak -Wno-missing-braces -Wparentheses -Wswitch -Wno-unused-function -Wno-unused-label -Wno-unused-parameter -Wno-unused-variable -Wunused-value -Wno-empty-body -Wno-uninitialized -Wno-unknown-pragmas -w -Wno-shadow -Wno-four-char-constants -Wno-conversion -Wno-constant-conversion -Wno-int-conversion -Wno-bool-conversion -Wno-enum-conversion -Wno-float-conversion -Wno-non-literal-null-conversion -Wno-objc-literal-conversion -Wshorten-64-to-32 -Wpointer-sign -Wno-newline-eof -Wno-selector -Wno-strict-selector-match -Wno-undeclared-selector -Wno-deprecated-implementations -Wno-implicit-fallthrough -fstrict-aliasing -Wprotocol -Wdeprecated-declarations -Wno-sign-conversion -Wno-infinite-recursion -Wno-comma -Wno-block-capture-autoreleasing -Wno-strict-prototypes -Wno-semicolon-before-method-body -index-store-path /Users/siam/Library/Developer/Xcode/DerivedData/Lingua_Quest-gvpckrqxtbgyprbgppjfqmimmmfw/Index.noindex/DataStore @/Users/siam/Library/Developer/Xcode/DerivedData/Lingua_Quest-gvpckrqxtbgyprbgppjfqmimmmfw/Build/Intermediates.noindex/GoogleSignIn.build/Debug-iphonesimulator/GoogleSignIn.build/Objects-normal/arm64/e6072d4f65d7061329687fe24e3d63a7-common-args.resp -include /Users/siam/Library/Developer/Xcode/DerivedData/Lingua_Quest-gvpckrqxtbgyprbgppjfqmimmmfw/Build/Intermediates.noindex/GoogleSignIn.build/Debug-iphonesimulator/GoogleSignIn.build/DerivedSources/resource_bundle_accessor.h -MMD -MT dependencies -MF /Users/siam/Library/Developer/Xcode/DerivedData/Lingua_Quest-gvpckrqxtbgyprbgppjfqmimmmfw/Build/Intermediates.noindex/GoogleSignIn.build/Debug-iphonesimulator/GoogleSignIn.build/Objects-normal/arm64/GIDSignInStrings.d --serialize-diagnostics /Users/siam/Library/Developer/Xcode/DerivedData/Lingua_Quest-gvpckrqxtbgyprbgppjfqmimmmfw/Build/Intermediates.noindex/GoogleSignIn.build/Debug-iphonesimulator/GoogleSignIn.build/Objects-normal/arm64/GIDSignInStrings.dia -c /Users/siam/Library/Developer/Xcode/DerivedData/Lingua_Quest-gvpckrqxtbgyprbgppjfqmimmmfw/SourcePackages/checkouts/GoogleSignIn-iOS/GoogleSignIn/Sources/GIDSignInStrings.m -o /Users/siam/Library/Developer/Xcode/DerivedData/Lingua_Quest-gvpckrqxtbgyprbgppjfqmimmmfw/Build/Intermediates.noindex/GoogleSignIn.build/Debug-iphonesimulator/GoogleSignIn.build/Objects-normal/arm64/GIDSignInStrings.o -index-unit-output-path /GoogleSignIn.build/Debug-iphonesimulator/GoogleSignIn.build/Objects-normal/arm64/GIDSignInStrings.o

CompileC /Users/siam/Library/Developer/Xcode/DerivedData/Lingua_Quest-gvpckrqxtbgyprbgppjfqmimmmfw/Build/Intermediates.noindex/GoogleSignIn.build/Debug-iphonesimulator/GoogleSignIn.build/Objects-normal/arm64/GIDSignInPreferences.o /Users/siam/Library/Developer/Xcode/DerivedData/Lingua_Quest-gvpckrqxtbgyprbgppjfqmimmmfw/SourcePackages/checkouts/GoogleSignIn-iOS/GoogleSignIn/Sources/GIDSignInPreferences.m normal arm64 objective-c com.apple.compilers.llvm.clang.1_0.compiler (in target 'GoogleSignIn' from project 'GoogleSignIn')
    cd /Users/siam/Desktop/Lingua\ Quest/Lingua\ Quest.xcodeproj
    
    Using response file: /Users/siam/Library/Developer/Xcode/DerivedData/Lingua_Quest-gvpckrqxtbgyprbgppjfqmimmmfw/Build/Intermediates.noindex/GoogleSignIn.build/Debug-iphonesimulator/GoogleSignIn.build/Objects-normal/arm64/e6072d4f65d7061329687fe24e3d63a7-common-args.resp
    
    /Applications/Xcode.app/Contents/Developer/Toolchains/XcodeDefault.xctoolchain/usr/bin/clang -x objective-c -ivfsstatcache /Users/siam/Library/Developer/Xcode/DerivedData/SDKStatCaches.noindex/iphonesimulator26.0-23A339-26257891a6c027eb51374368541b8346.sdkstatcache -fmessage-length\=0 -fdiagnostics-show-note-include-stack -fmacro-backtrace-limit\=0 -fno-color-diagnostics -fmodules-prune-interval\=86400 -fmodules-prune-after\=345600 -fbuild-session-file\=/Users/siam/Library/Developer/Xcode/DerivedData/ModuleCache.noindex/Session.modulevalidation -fmodules-validate-once-per-build-session -Wnon-modular-include-in-framework-module -Werror\=non-modular-include-in-framework-module -Wno-trigraphs -Wno-missing-field-initializers -Wno-missing-prototypes -Wno-return-type -Wno-implicit-atomic-properties -Wno-objc-interface-ivars -Wno-arc-repeated-use-of-weak -Wno-missing-braces -Wparentheses -Wswitch -Wno-unused-function -Wno-unused-label -Wno-unused-parameter -Wno-unused-variable -Wunused-value -Wno-empty-body -Wno-uninitialized -Wno-unknown-pragmas -w -Wno-shadow -Wno-four-char-constants -Wno-conversion -Wno-constant-conversion -Wno-int-conversion -Wno-bool-conversion -Wno-enum-conversion -Wno-float-conversion -Wno-non-literal-null-conversion -Wno-objc-literal-conversion -Wshorten-64-to-32 -Wpointer-sign -Wno-newline-eof -Wno-selector -Wno-strict-selector-match -Wno-undeclared-selector -Wno-deprecated-implementations -Wno-implicit-fallthrough -fstrict-aliasing -Wprotocol -Wdeprecated-declarations -Wno-sign-conversion -Wno-infinite-recursion -Wno-comma -Wno-block-capture-autoreleasing -Wno-strict-prototypes -Wno-semicolon-before-method-body -index-store-path /Users/siam/Library/Developer/Xcode/DerivedData/Lingua_Quest-gvpckrqxtbgyprbgppjfqmimmmfw/Index.noindex/DataStore @/Users/siam/Library/Developer/Xcode/DerivedData/Lingua_Quest-gvpckrqxtbgyprbgppjfqmimmmfw/Build/Intermediates.noindex/GoogleSignIn.build/Debug-iphonesimulator/GoogleSignIn.build/Objects-normal/arm64/e6072d4f65d7061329687fe24e3d63a7-common-args.resp -include /Users/siam/Library/Developer/Xcode/DerivedData/Lingua_Quest-gvpckrqxtbgyprbgppjfqmimmmfw/Build/Intermediates.noindex/GoogleSignIn.build/Debug-iphonesimulator/GoogleSignIn.build/DerivedSources/resource_bundle_accessor.h -MMD -MT dependencies -MF /Users/siam/Library/Developer/Xcode/DerivedData/Lingua_Quest-gvpckrqxtbgyprbgppjfqmimmmfw/Build/Intermediates.noindex/GoogleSignIn.build/Debug-iphonesimulator/GoogleSignIn.build/Objects-normal/arm64/GIDSignInPreferences.d --serialize-diagnostics /Users/siam/Library/Developer/Xcode/DerivedData/Lingua_Quest-gvpckrqxtbgyprbgppjfqmimmmfw/Build/Intermediates.noindex/GoogleSignIn.build/Debug-iphonesimulator/GoogleSignIn.build/Objects-normal/arm64/GIDSignInPreferences.dia -c /Users/siam/Library/Developer/Xcode/DerivedData/Lingua_Quest-gvpckrqxtbgyprbgppjfqmimmmfw/SourcePackages/checkouts/GoogleSignIn-iOS/GoogleSignIn/Sources/GIDSignInPreferences.m -o /Users/siam/Library/Developer/Xcode/DerivedData/Lingua_Quest-gvpckrqxtbgyprbgppjfqmimmmfw/Build/Intermediates.noindex/GoogleSignIn.build/Debug-iphonesimulator/GoogleSignIn.build/Objects-normal/arm64/GIDSignInPreferences.o -index-unit-output-path /GoogleSignIn.build/Debug-iphonesimulator/GoogleSignIn.build/Objects-normal/arm64/GIDSignInPreferences.o

CompileC /Users/siam/Library/Developer/Xcode/DerivedData/Lingua_Quest-gvpckrqxtbgyprbgppjfqmimmmfw/Build/Intermediates.noindex/GoogleSignIn.build/Debug-iphonesimulator/GoogleSignIn.build/Objects-normal/arm64/GIDSignInCallbackSchemes.o /Users/siam/Library/Developer/Xcode/DerivedData/Lingua_Quest-gvpckrqxtbgyprbgppjfqmimmmfw/SourcePackages/checkouts/GoogleSignIn-iOS/GoogleSignIn/Sources/GIDSignInCallbackSchemes.m normal arm64 objective-c com.apple.compilers.llvm.clang.1_0.compiler (in target 'GoogleSignIn' from project 'GoogleSignIn')
    cd /Users/siam/Desktop/Lingua\ Quest/Lingua\ Quest.xcodeproj
    
    Using response file: /Users/siam/Library/Developer/Xcode/DerivedData/Lingua_Quest-gvpckrqxtbgyprbgppjfqmimmmfw/Build/Intermediates.noindex/GoogleSignIn.build/Debug-iphonesimulator/GoogleSignIn.build/Objects-normal/arm64/e6072d4f65d7061329687fe24e3d63a7-common-args.resp
    
    /Applications/Xcode.app/Contents/Developer/Toolchains/XcodeDefault.xctoolchain/usr/bin/clang -x objective-c -ivfsstatcache /Users/siam/Library/Developer/Xcode/DerivedData/SDKStatCaches.noindex/iphonesimulator26.0-23A339-26257891a6c027eb51374368541b8346.sdkstatcache -fmessage-length\=0 -fdiagnostics-show-note-include-stack -fmacro-backtrace-limit\=0 -fno-color-diagnostics -fmodules-prune-interval\=86400 -fmodules-prune-after\=345600 -fbuild-session-file\=/Users/siam/Library/Developer/Xcode/DerivedData/ModuleCache.noindex/Session.modulevalidation -fmodules-validate-once-per-build-session -Wnon-modular-include-in-framework-module -Werror\=non-modular-include-in-framework-module -Wno-trigraphs -Wno-missing-field-initializers -Wno-missing-prototypes -Wno-return-type -Wno-implicit-atomic-properties -Wno-objc-interface-ivars -Wno-arc-repeated-use-of-weak -Wno-missing-braces -Wparentheses -Wswitch -Wno-unused-function -Wno-unused-label -Wno-unused-parameter -Wno-unused-variable -Wunused-value -Wno-empty-body -Wno-uninitialized -Wno-unknown-pragmas -w -Wno-shadow -Wno-four-char-constants -Wno-conversion -Wno-constant-conversion -Wno-int-conversion -Wno-bool-conversion -Wno-enum-conversion -Wno-float-conversion -Wno-non-literal-null-conversion -Wno-objc-literal-conversion -Wshorten-64-to-32 -Wpointer-sign -Wno-newline-eof -Wno-selector -Wno-strict-selector-match -Wno-undeclared-selector -Wno-deprecated-implementations -Wno-implicit-fallthrough -fstrict-aliasing -Wprotocol -Wdeprecated-declarations -Wno-sign-conversion -Wno-infinite-recursion -Wno-comma -Wno-block-capture-autoreleasing -Wno-strict-prototypes -Wno-semicolon-before-method-body -index-store-path /Users/siam/Library/Developer/Xcode/DerivedData/Lingua_Quest-gvpckrqxtbgyprbgppjfqmimmmfw/Index.noindex/DataStore @/Users/siam/Library/Developer/Xcode/DerivedData/Lingua_Quest-gvpckrqxtbgyprbgppjfqmimmmfw/Build/Intermediates.noindex/GoogleSignIn.build/Debug-iphonesimulator/GoogleSignIn.build/Objects-normal/arm64/e6072d4f65d7061329687fe24e3d63a7-common-args.resp -include /Users/siam/Library/Developer/Xcode/DerivedData/Lingua_Quest-gvpckrqxtbgyprbgppjfqmimmmfw/Build/Intermediates.noindex/GoogleSignIn.build/Debug-iphonesimulator/GoogleSignIn.build/DerivedSources/resource_bundle_accessor.h -MMD -MT dependencies -MF /Users/siam/Library/Developer/Xcode/DerivedData/Lingua_Quest-gvpckrqxtbgyprbgppjfqmimmmfw/Build/Intermediates.noindex/GoogleSignIn.build/Debug-iphonesimulator/GoogleSignIn.build/Objects-normal/arm64/GIDSignInCallbackSchemes.d --serialize-diagnostics /Users/siam/Library/Developer/Xcode/DerivedData/Lingua_Quest-gvpckrqxtbgyprbgppjfqmimmmfw/Build/Intermediates.noindex/GoogleSignIn.build/Debug-iphonesimulator/GoogleSignIn.build/Objects-normal/arm64/GIDSignInCallbackSchemes.dia -c /Users/siam/Library/Developer/Xcode/DerivedData/Lingua_Quest-gvpckrqxtbgyprbgppjfqmimmmfw/SourcePackages/checkouts/GoogleSignIn-iOS/GoogleSignIn/Sources/GIDSignInCallbackSchemes.m -o /Users/siam/Library/Developer/Xcode/DerivedData/Lingua_Quest-gvpckrqxtbgyprbgppjfqmimmmfw/Build/Intermediates.noindex/GoogleSignIn.build/Debug-iphonesimulator/GoogleSignIn.build/Objects-normal/arm64/GIDSignInCallbackSchemes.o -index-unit-output-path /GoogleSignIn.build/Debug-iphonesimulator/GoogleSignIn.build/Objects-normal/arm64/GIDSignInCallbackSchemes.o

CompileC /Users/siam/Library/Developer/Xcode/DerivedData/Lingua_Quest-gvpckrqxtbgyprbgppjfqmimmmfw/Build/Intermediates.noindex/GoogleSignIn.build/Debug-iphonesimulator/GoogleSignIn.build/Objects-normal/arm64/GIDScopes.o /Users/siam/Library/Developer/Xcode/DerivedData/Lingua_Quest-gvpckrqxtbgyprbgppjfqmimmmfw/SourcePackages/checkouts/GoogleSignIn-iOS/GoogleSignIn/Sources/GIDScopes.m normal arm64 objective-c com.apple.compilers.llvm.clang.1_0.compiler (in target 'GoogleSignIn' from project 'GoogleSignIn')
    cd /Users/siam/Desktop/Lingua\ Quest/Lingua\ Quest.xcodeproj
    
    Using response file: /Users/siam/Library/Developer/Xcode/DerivedData/Lingua_Quest-gvpckrqxtbgyprbgppjfqmimmmfw/Build/Intermediates.noindex/GoogleSignIn.build/Debug-iphonesimulator/GoogleSignIn.build/Objects-normal/arm64/e6072d4f65d7061329687fe24e3d63a7-common-args.resp
    
    /Applications/Xcode.app/Contents/Developer/Toolchains/XcodeDefault.xctoolchain/usr/bin/clang -x objective-c -ivfsstatcache /Users/siam/Library/Developer/Xcode/DerivedData/SDKStatCaches.noindex/iphonesimulator26.0-23A339-26257891a6c027eb51374368541b8346.sdkstatcache -fmessage-length\=0 -fdiagnostics-show-note-include-stack -fmacro-backtrace-limit\=0 -fno-color-diagnostics -fmodules-prune-interval\=86400 -fmodules-prune-after\=345600 -fbuild-session-file\=/Users/siam/Library/Developer/Xcode/DerivedData/ModuleCache.noindex/Session.modulevalidation -fmodules-validate-once-per-build-session -Wnon-modular-include-in-framework-module -Werror\=non-modular-include-in-framework-module -Wno-trigraphs -Wno-missing-field-initializers -Wno-missing-prototypes -Wno-return-type -Wno-implicit-atomic-properties -Wno-objc-interface-ivars -Wno-arc-repeated-use-of-weak -Wno-missing-braces -Wparentheses -Wswitch -Wno-unused-function -Wno-unused-label -Wno-unused-parameter -Wno-unused-variable -Wunused-value -Wno-empty-body -Wno-uninitialized -Wno-unknown-pragmas -w -Wno-shadow -Wno-four-char-constants -Wno-conversion -Wno-constant-conversion -Wno-int-conversion -Wno-bool-conversion -Wno-enum-conversion -Wno-float-conversion -Wno-non-literal-null-conversion -Wno-objc-literal-conversion -Wshorten-64-to-32 -Wpointer-sign -Wno-newline-eof -Wno-selector -Wno-strict-selector-match -Wno-undeclared-selector -Wno-deprecated-implementations -Wno-implicit-fallthrough -fstrict-aliasing -Wprotocol -Wdeprecated-declarations -Wno-sign-conversion -Wno-infinite-recursion -Wno-comma -Wno-block-capture-autoreleasing -Wno-strict-prototypes -Wno-semicolon-before-method-body -index-store-path /Users/siam/Library/Developer/Xcode/DerivedData/Lingua_Quest-gvpckrqxtbgyprbgppjfqmimmmfw/Index.noindex/DataStore @/Users/siam/Library/Developer/Xcode/DerivedData/Lingua_Quest-gvpckrqxtbgyprbgppjfqmimmmfw/Build/Intermediates.noindex/GoogleSignIn.build/Debug-iphonesimulator/GoogleSignIn.build/Objects-normal/arm64/e6072d4f65d7061329687fe24e3d63a7-common-args.resp -include /Users/siam/Library/Developer/Xcode/DerivedData/Lingua_Quest-gvpckrqxtbgyprbgppjfqmimmmfw/Build/Intermediates.noindex/GoogleSignIn.build/Debug-iphonesimulator/GoogleSignIn.build/DerivedSources/resource_bundle_accessor.h -MMD -MT dependencies -MF /Users/siam/Library/Developer/Xcode/DerivedData/Lingua_Quest-gvpckrqxtbgyprbgppjfqmimmmfw/Build/Intermediates.noindex/GoogleSignIn.build/Debug-iphonesimulator/GoogleSignIn.build/Objects-normal/arm64/GIDScopes.d --serialize-diagnostics /Users/siam/Library/Developer/Xcode/DerivedData/Lingua_Quest-gvpckrqxtbgyprbgppjfqmimmmfw/Build/Intermediates.noindex/GoogleSignIn.build/Debug-iphonesimulator/GoogleSignIn.build/Objects-normal/arm64/GIDScopes.dia -c /Users/siam/Library/Developer/Xcode/DerivedData/Lingua_Quest-gvpckrqxtbgyprbgppjfqmimmmfw/SourcePackages/checkouts/GoogleSignIn-iOS/GoogleSignIn/Sources/GIDScopes.m -o /Users/siam/Library/Developer/Xcode/DerivedData/Lingua_Quest-gvpckrqxtbgyprbgppjfqmimmmfw/Build/Intermediates.noindex/GoogleSignIn.build/Debug-iphonesimulator/GoogleSignIn.build/Objects-normal/arm64/GIDScopes.o -index-unit-output-path /GoogleSignIn.build/Debug-iphonesimulator/GoogleSignIn.build/Objects-normal/arm64/GIDScopes.o

CompileC /Users/siam/Library/Developer/Xcode/DerivedData/Lingua_Quest-gvpckrqxtbgyprbgppjfqmimmmfw/Build/Intermediates.noindex/GoogleSignIn.build/Debug-iphonesimulator/GoogleSignIn.build/Objects-normal/arm64/GIDProfileData.o /Users/siam/Library/Developer/Xcode/DerivedData/Lingua_Quest-gvpckrqxtbgyprbgppjfqmimmmfw/SourcePackages/checkouts/GoogleSignIn-iOS/GoogleSignIn/Sources/GIDProfileData.m normal arm64 objective-c com.apple.compilers.llvm.clang.1_0.compiler (in target 'GoogleSignIn' from project 'GoogleSignIn')
    cd /Users/siam/Desktop/Lingua\ Quest/Lingua\ Quest.xcodeproj
    
    Using response file: /Users/siam/Library/Developer/Xcode/DerivedData/Lingua_Quest-gvpckrqxtbgyprbgppjfqmimmmfw/Build/Intermediates.noindex/GoogleSignIn.build/Debug-iphonesimulator/GoogleSignIn.build/Objects-normal/arm64/e6072d4f65d7061329687fe24e3d63a7-common-args.resp
    
    /Applications/Xcode.app/Contents/Developer/Toolchains/XcodeDefault.xctoolchain/usr/bin/clang -x objective-c -ivfsstatcache /Users/siam/Library/Developer/Xcode/DerivedData/SDKStatCaches.noindex/iphonesimulator26.0-23A339-26257891a6c027eb51374368541b8346.sdkstatcache -fmessage-length\=0 -fdiagnostics-show-note-include-stack -fmacro-backtrace-limit\=0 -fno-color-diagnostics -fmodules-prune-interval\=86400 -fmodules-prune-after\=345600 -fbuild-session-file\=/Users/siam/Library/Developer/Xcode/DerivedData/ModuleCache.noindex/Session.modulevalidation -fmodules-validate-once-per-build-session -Wnon-modular-include-in-framework-module -Werror\=non-modular-include-in-framework-module -Wno-trigraphs -Wno-missing-field-initializers -Wno-missing-prototypes -Wno-return-type -Wno-implicit-atomic-properties -Wno-objc-interface-ivars -Wno-arc-repeated-use-of-weak -Wno-missing-braces -Wparentheses -Wswitch -Wno-unused-function -Wno-unused-label -Wno-unused-parameter -Wno-unused-variable -Wunused-value -Wno-empty-body -Wno-uninitialized -Wno-unknown-pragmas -w -Wno-shadow -Wno-four-char-constants -Wno-conversion -Wno-constant-conversion -Wno-int-conversion -Wno-bool-conversion -Wno-enum-conversion -Wno-float-conversion -Wno-non-literal-null-conversion -Wno-objc-literal-conversion -Wshorten-64-to-32 -Wpointer-sign -Wno-newline-eof -Wno-selector -Wno-strict-selector-match -Wno-undeclared-selector -Wno-deprecated-implementations -Wno-implicit-fallthrough -fstrict-aliasing -Wprotocol -Wdeprecated-declarations -Wno-sign-conversion -Wno-infinite-recursion -Wno-comma -Wno-block-capture-autoreleasing -Wno-strict-prototypes -Wno-semicolon-before-method-body -index-store-path /Users/siam/Library/Developer/Xcode/DerivedData/Lingua_Quest-gvpckrqxtbgyprbgppjfqmimmmfw/Index.noindex/DataStore @/Users/siam/Library/Developer/Xcode/DerivedData/Lingua_Quest-gvpckrqxtbgyprbgppjfqmimmmfw/Build/Intermediates.noindex/GoogleSignIn.build/Debug-iphonesimulator/GoogleSignIn.build/Objects-normal/arm64/e6072d4f65d7061329687fe24e3d63a7-common-args.resp -include /Users/siam/Library/Developer/Xcode/DerivedData/Lingua_Quest-gvpckrqxtbgyprbgppjfqmimmmfw/Build/Intermediates.noindex/GoogleSignIn.build/Debug-iphonesimulator/GoogleSignIn.build/DerivedSources/resource_bundle_accessor.h -MMD -MT dependencies -MF /Users/siam/Library/Developer/Xcode/DerivedData/Lingua_Quest-gvpckrqxtbgyprbgppjfqmimmmfw/Build/Intermediates.noindex/GoogleSignIn.build/Debug-iphonesimulator/GoogleSignIn.build/Objects-normal/arm64/GIDProfileData.d --serialize-diagnostics /Users/siam/Library/Developer/Xcode/DerivedData/Lingua_Quest-gvpckrqxtbgyprbgppjfqmimmmfw/Build/Intermediates.noindex/GoogleSignIn.build/Debug-iphonesimulator/GoogleSignIn.build/Objects-normal/arm64/GIDProfileData.dia -c /Users/siam/Library/Developer/Xcode/DerivedData/Lingua_Quest-gvpckrqxtbgyprbgppjfqmimmmfw/SourcePackages/checkouts/GoogleSignIn-iOS/GoogleSignIn/Sources/GIDProfileData.m -o /Users/siam/Library/Developer/Xcode/DerivedData/Lingua_Quest-gvpckrqxtbgyprbgppjfqmimmmfw/Build/Intermediates.noindex/GoogleSignIn.build/Debug-iphonesimulator/GoogleSignIn.build/Objects-normal/arm64/GIDProfileData.o -index-unit-output-path /GoogleSignIn.build/Debug-iphonesimulator/GoogleSignIn.build/Objects-normal/arm64/GIDProfileData.o

CompileC /Users/siam/Library/Developer/Xcode/DerivedData/Lingua_Quest-gvpckrqxtbgyprbgppjfqmimmmfw/Build/Intermediates.noindex/GoogleSignIn.build/Debug-iphonesimulator/GoogleSignIn.build/Objects-normal/arm64/GIDMDMPasscodeState.o /Users/siam/Library/Developer/Xcode/DerivedData/Lingua_Quest-gvpckrqxtbgyprbgppjfqmimmmfw/SourcePackages/checkouts/GoogleSignIn-iOS/GoogleSignIn/Sources/GIDMDMPasscodeState.m normal arm64 objective-c com.apple.compilers.llvm.clang.1_0.compiler (in target 'GoogleSignIn' from project 'GoogleSignIn')
    cd /Users/siam/Desktop/Lingua\ Quest/Lingua\ Quest.xcodeproj
    
    Using response file: /Users/siam/Library/Developer/Xcode/DerivedData/Lingua_Quest-gvpckrqxtbgyprbgppjfqmimmmfw/Build/Intermediates.noindex/GoogleSignIn.build/Debug-iphonesimulator/GoogleSignIn.build/Objects-normal/arm64/e6072d4f65d7061329687fe24e3d63a7-common-args.resp
    
    /Applications/Xcode.app/Contents/Developer/Toolchains/XcodeDefault.xctoolchain/usr/bin/clang -x objective-c -ivfsstatcache /Users/siam/Library/Developer/Xcode/DerivedData/SDKStatCaches.noindex/iphonesimulator26.0-23A339-26257891a6c027eb51374368541b8346.sdkstatcache -fmessage-length\=0 -fdiagnostics-show-note-include-stack -fmacro-backtrace-limit\=0 -fno-color-diagnostics -fmodules-prune-interval\=86400 -fmodules-prune-after\=345600 -fbuild-session-file\=/Users/siam/Library/Developer/Xcode/DerivedData/ModuleCache.noindex/Session.modulevalidation -fmodules-validate-once-per-build-session -Wnon-modular-include-in-framework-module -Werror\=non-modular-include-in-framework-module -Wno-trigraphs -Wno-missing-field-initializers -Wno-missing-prototypes -Wno-return-type -Wno-implicit-atomic-properties -Wno-objc-interface-ivars -Wno-arc-repeated-use-of-weak -Wno-missing-braces -Wparentheses -Wswitch -Wno-unused-function -Wno-unused-label -Wno-unused-parameter -Wno-unused-variable -Wunused-value -Wno-empty-body -Wno-uninitialized -Wno-unknown-pragmas -w -Wno-shadow -Wno-four-char-constants -Wno-conversion -Wno-constant-conversion -Wno-int-conversion -Wno-bool-conversion -Wno-enum-conversion -Wno-float-conversion -Wno-non-literal-null-conversion -Wno-objc-literal-conversion -Wshorten-64-to-32 -Wpointer-sign -Wno-newline-eof -Wno-selector -Wno-strict-selector-match -Wno-undeclared-selector -Wno-deprecated-implementations -Wno-implicit-fallthrough -fstrict-aliasing -Wprotocol -Wdeprecated-declarations -Wno-sign-conversion -Wno-infinite-recursion -Wno-comma -Wno-block-capture-autoreleasing -Wno-strict-prototypes -Wno-semicolon-before-method-body -index-store-path /Users/siam/Library/Developer/Xcode/DerivedData/Lingua_Quest-gvpckrqxtbgyprbgppjfqmimmmfw/Index.noindex/DataStore @/Users/siam/Library/Developer/Xcode/DerivedData/Lingua_Quest-gvpckrqxtbgyprbgppjfqmimmmfw/Build/Intermediates.noindex/GoogleSignIn.build/Debug-iphonesimulator/GoogleSignIn.build/Objects-normal/arm64/e6072d4f65d7061329687fe24e3d63a7-common-args.resp -include /Users/siam/Library/Developer/Xcode/DerivedData/Lingua_Quest-gvpckrqxtbgyprbgppjfqmimmmfw/Build/Intermediates.noindex/GoogleSignIn.build/Debug-iphonesimulator/GoogleSignIn.build/DerivedSources/resource_bundle_accessor.h -MMD -MT dependencies -MF /Users/siam/Library/Developer/Xcode/DerivedData/Lingua_Quest-gvpckrqxtbgyprbgppjfqmimmmfw/Build/Intermediates.noindex/GoogleSignIn.build/Debug-iphonesimulator/GoogleSignIn.build/Objects-normal/arm64/GIDMDMPasscodeState.d --serialize-diagnostics /Users/siam/Library/Developer/Xcode/DerivedData/Lingua_Quest-gvpckrqxtbgyprbgppjfqmimmmfw/Build/Intermediates.noindex/GoogleSignIn.build/Debug-iphonesimulator/GoogleSignIn.build/Objects-normal/arm64/GIDMDMPasscodeState.dia -c /Users/siam/Library/Developer/Xcode/DerivedData/Lingua_Quest-gvpckrqxtbgyprbgppjfqmimmmfw/SourcePackages/checkouts/GoogleSignIn-iOS/GoogleSignIn/Sources/GIDMDMPasscodeState.m -o /Users/siam/Library/Developer/Xcode/DerivedData/Lingua_Quest-gvpckrqxtbgyprbgppjfqmimmmfw/Build/Intermediates.noindex/GoogleSignIn.build/Debug-iphonesimulator/GoogleSignIn.build/Objects-normal/arm64/GIDMDMPasscodeState.o -index-unit-output-path /GoogleSignIn.build/Debug-iphonesimulator/GoogleSignIn.build/Objects-normal/arm64/GIDMDMPasscodeState.o

CompileC /Users/siam/Library/Developer/Xcode/DerivedData/Lingua_Quest-gvpckrqxtbgyprbgppjfqmimmmfw/Build/Intermediates.noindex/GoogleSignIn.build/Debug-iphonesimulator/GoogleSignIn.build/Objects-normal/arm64/GIDFakeAuthStateMigration.o /Users/siam/Library/Developer/Xcode/DerivedData/Lingua_Quest-gvpckrqxtbgyprbgppjfqmimmmfw/SourcePackages/checkouts/GoogleSignIn-iOS/GoogleSignIn/Sources/GIDAuthStateMigration/Fake/GIDFakeAuthStateMigration.m normal arm64 objective-c com.apple.compilers.llvm.clang.1_0.compiler (in target 'GoogleSignIn' from project 'GoogleSignIn')
    cd /Users/siam/Desktop/Lingua\ Quest/Lingua\ Quest.xcodeproj
    
    Using response file: /Users/siam/Library/Developer/Xcode/DerivedData/Lingua_Quest-gvpckrqxtbgyprbgppjfqmimmmfw/Build/Intermediates.noindex/GoogleSignIn.build/Debug-iphonesimulator/GoogleSignIn.build/Objects-normal/arm64/e6072d4f65d7061329687fe24e3d63a7-common-args.resp
    
    /Applications/Xcode.app/Contents/Developer/Toolchains/XcodeDefault.xctoolchain/usr/bin/clang -x objective-c -ivfsstatcache /Users/siam/Library/Developer/Xcode/DerivedData/SDKStatCaches.noindex/iphonesimulator26.0-23A339-26257891a6c027eb51374368541b8346.sdkstatcache -fmessage-length\=0 -fdiagnostics-show-note-include-stack -fmacro-backtrace-limit\=0 -fno-color-diagnostics -fmodules-prune-interval\=86400 -fmodules-prune-after\=345600 -fbuild-session-file\=/Users/siam/Library/Developer/Xcode/DerivedData/ModuleCache.noindex/Session.modulevalidation -fmodules-validate-once-per-build-session -Wnon-modular-include-in-framework-module -Werror\=non-modular-include-in-framework-module -Wno-trigraphs -Wno-missing-field-initializers -Wno-missing-prototypes -Wno-return-type -Wno-implicit-atomic-properties -Wno-objc-interface-ivars -Wno-arc-repeated-use-of-weak -Wno-missing-braces -Wparentheses -Wswitch -Wno-unused-function -Wno-unused-label -Wno-unused-parameter -Wno-unused-variable -Wunused-value -Wno-empty-body -Wno-uninitialized -Wno-unknown-pragmas -w -Wno-shadow -Wno-four-char-constants -Wno-conversion -Wno-constant-conversion -Wno-int-conversion -Wno-bool-conversion -Wno-enum-conversion -Wno-float-conversion -Wno-non-literal-null-conversion -Wno-objc-literal-conversion -Wshorten-64-to-32 -Wpointer-sign -Wno-newline-eof -Wno-selector -Wno-strict-selector-match -Wno-undeclared-selector -Wno-deprecated-implementations -Wno-implicit-fallthrough -fstrict-aliasing -Wprotocol -Wdeprecated-declarations -Wno-sign-conversion -Wno-infinite-recursion -Wno-comma -Wno-block-capture-autoreleasing -Wno-strict-prototypes -Wno-semicolon-before-method-body -index-store-path /Users/siam/Library/Developer/Xcode/DerivedData/Lingua_Quest-gvpckrqxtbgyprbgppjfqmimmmfw/Index.noindex/DataStore @/Users/siam/Library/Developer/Xcode/DerivedData/Lingua_Quest-gvpckrqxtbgyprbgppjfqmimmmfw/Build/Intermediates.noindex/GoogleSignIn.build/Debug-iphonesimulator/GoogleSignIn.build/Objects-normal/arm64/e6072d4f65d7061329687fe24e3d63a7-common-args.resp -include /Users/siam/Library/Developer/Xcode/DerivedData/Lingua_Quest-gvpckrqxtbgyprbgppjfqmimmmfw/Build/Intermediates.noindex/GoogleSignIn.build/Debug-iphonesimulator/GoogleSignIn.build/DerivedSources/resource_bundle_accessor.h -MMD -MT dependencies -MF /Users/siam/Library/Developer/Xcode/DerivedData/Lingua_Quest-gvpckrqxtbgyprbgppjfqmimmmfw/Build/Intermediates.noindex/GoogleSignIn.build/Debug-iphonesimulator/GoogleSignIn.build/Objects-normal/arm64/GIDFakeAuthStateMigration.d --serialize-diagnostics /Users/siam/Library/Developer/Xcode/DerivedData/Lingua_Quest-gvpckrqxtbgyprbgppjfqmimmmfw/Build/Intermediates.noindex/GoogleSignIn.build/Debug-iphonesimulator/GoogleSignIn.build/Objects-normal/arm64/GIDFakeAuthStateMigration.dia -c /Users/siam/Library/Developer/Xcode/DerivedData/Lingua_Quest-gvpckrqxtbgyprbgppjfqmimmmfw/SourcePackages/checkouts/GoogleSignIn-iOS/GoogleSignIn/Sources/GIDAuthStateMigration/Fake/GIDFakeAuthStateMigration.m -o /Users/siam/Library/Developer/Xcode/DerivedData/Lingua_Quest-gvpckrqxtbgyprbgppjfqmimmmfw/Build/Intermediates.noindex/GoogleSignIn.build/Debug-iphonesimulator/GoogleSignIn.build/Objects-normal/arm64/GIDFakeAuthStateMigration.o -index-unit-output-path /GoogleSignIn.build/Debug-iphonesimulator/GoogleSignIn.build/Objects-normal/arm64/GIDFakeAuthStateMigration.o

CompileC /Users/siam/Library/Developer/Xcode/DerivedData/Lingua_Quest-gvpckrqxtbgyprbgppjfqmimmmfw/Build/Intermediates.noindex/GoogleSignIn.build/Debug-iphonesimulator/GoogleSignIn.build/Objects-normal/arm64/GIDConfiguration.o /Users/siam/Library/Developer/Xcode/DerivedData/Lingua_Quest-gvpckrqxtbgyprbgppjfqmimmmfw/SourcePackages/checkouts/GoogleSignIn-iOS/GoogleSignIn/Sources/GIDConfiguration.m normal arm64 objective-c com.apple.compilers.llvm.clang.1_0.compiler (in target 'GoogleSignIn' from project 'GoogleSignIn')
    cd /Users/siam/Desktop/Lingua\ Quest/Lingua\ Quest.xcodeproj
    
    Using response file: /Users/siam/Library/Developer/Xcode/DerivedData/Lingua_Quest-gvpckrqxtbgyprbgppjfqmimmmfw/Build/Intermediates.noindex/GoogleSignIn.build/Debug-iphonesimulator/GoogleSignIn.build/Objects-normal/arm64/e6072d4f65d7061329687fe24e3d63a7-common-args.resp
    
    /Applications/Xcode.app/Contents/Developer/Toolchains/XcodeDefault.xctoolchain/usr/bin/clang -x objective-c -ivfsstatcache /Users/siam/Library/Developer/Xcode/DerivedData/SDKStatCaches.noindex/iphonesimulator26.0-23A339-26257891a6c027eb51374368541b8346.sdkstatcache -fmessage-length\=0 -fdiagnostics-show-note-include-stack -fmacro-backtrace-limit\=0 -fno-color-diagnostics -fmodules-prune-interval\=86400 -fmodules-prune-after\=345600 -fbuild-session-file\=/Users/siam/Library/Developer/Xcode/DerivedData/ModuleCache.noindex/Session.modulevalidation -fmodules-validate-once-per-build-session -Wnon-modular-include-in-framework-module -Werror\=non-modular-include-in-framework-module -Wno-trigraphs -Wno-missing-field-initializers -Wno-missing-prototypes -Wno-return-type -Wno-implicit-atomic-properties -Wno-objc-interface-ivars -Wno-arc-repeated-use-of-weak -Wno-missing-braces -Wparentheses -Wswitch -Wno-unused-function -Wno-unused-label -Wno-unused-parameter -Wno-unused-variable -Wunused-value -Wno-empty-body -Wno-uninitialized -Wno-unknown-pragmas -w -Wno-shadow -Wno-four-char-constants -Wno-conversion -Wno-constant-conversion -Wno-int-conversion -Wno-bool-conversion -Wno-enum-conversion -Wno-float-conversion -Wno-non-literal-null-conversion -Wno-objc-literal-conversion -Wshorten-64-to-32 -Wpointer-sign -Wno-newline-eof -Wno-selector -Wno-strict-selector-match -Wno-undeclared-selector -Wno-deprecated-implementations -Wno-implicit-fallthrough -fstrict-aliasing -Wprotocol -Wdeprecated-declarations -Wno-sign-conversion -Wno-infinite-recursion -Wno-comma -Wno-block-capture-autoreleasing -Wno-strict-prototypes -Wno-semicolon-before-method-body -index-store-path /Users/siam/Library/Developer/Xcode/DerivedData/Lingua_Quest-gvpckrqxtbgyprbgppjfqmimmmfw/Index.noindex/DataStore @/Users/siam/Library/Developer/Xcode/DerivedData/Lingua_Quest-gvpckrqxtbgyprbgppjfqmimmmfw/Build/Intermediates.noindex/GoogleSignIn.build/Debug-iphonesimulator/GoogleSignIn.build/Objects-normal/arm64/e6072d4f65d7061329687fe24e3d63a7-common-args.resp -include /Users/siam/Library/Developer/Xcode/DerivedData/Lingua_Quest-gvpckrqxtbgyprbgppjfqmimmmfw/Build/Intermediates.noindex/GoogleSignIn.build/Debug-iphonesimulator/GoogleSignIn.build/DerivedSources/resource_bundle_accessor.h -MMD -MT dependencies -MF /Users/siam/Library/Developer/Xcode/DerivedData/Lingua_Quest-gvpckrqxtbgyprbgppjfqmimmmfw/Build/Intermediates.noindex/GoogleSignIn.build/Debug-iphonesimulator/GoogleSignIn.build/Objects-normal/arm64/GIDConfiguration.d --serialize-diagnostics /Users/siam/Library/Developer/Xcode/DerivedData/Lingua_Quest-gvpckrqxtbgyprbgppjfqmimmmfw/Build/Intermediates.noindex/GoogleSignIn.build/Debug-iphonesimulator/GoogleSignIn.build/Objects-normal/arm64/GIDConfiguration.dia -c /Users/siam/Library/Developer/Xcode/DerivedData/Lingua_Quest-gvpckrqxtbgyprbgppjfqmimmmfw/SourcePackages/checkouts/GoogleSignIn-iOS/GoogleSignIn/Sources/GIDConfiguration.m -o /Users/siam/Library/Developer/Xcode/DerivedData/Lingua_Quest-gvpckrqxtbgyprbgppjfqmimmmfw/Build/Intermediates.noindex/GoogleSignIn.build/Debug-iphonesimulator/GoogleSignIn.build/Objects-normal/arm64/GIDConfiguration.o -index-unit-output-path /GoogleSignIn.build/Debug-iphonesimulator/GoogleSignIn.build/Objects-normal/arm64/GIDConfiguration.o

CompileC /Users/siam/Library/Developer/Xcode/DerivedData/Lingua_Quest-gvpckrqxtbgyprbgppjfqmimmmfw/Build/Intermediates.noindex/GoogleSignIn.build/Debug-iphonesimulator/GoogleSignIn.build/Objects-normal/arm64/GIDClaim.o /Users/siam/Library/Developer/Xcode/DerivedData/Lingua_Quest-gvpckrqxtbgyprbgppjfqmimmmfw/SourcePackages/checkouts/GoogleSignIn-iOS/GoogleSignIn/Sources/GIDClaim.m normal arm64 objective-c com.apple.compilers.llvm.clang.1_0.compiler (in target 'GoogleSignIn' from project 'GoogleSignIn')
    cd /Users/siam/Desktop/Lingua\ Quest/Lingua\ Quest.xcodeproj
    
    Using response file: /Users/siam/Library/Developer/Xcode/DerivedData/Lingua_Quest-gvpckrqxtbgyprbgppjfqmimmmfw/Build/Intermediates.noindex/GoogleSignIn.build/Debug-iphonesimulator/GoogleSignIn.build/Objects-normal/arm64/e6072d4f65d7061329687fe24e3d63a7-common-args.resp
    
    /Applications/Xcode.app/Contents/Developer/Toolchains/XcodeDefault.xctoolchain/usr/bin/clang -x objective-c -ivfsstatcache /Users/siam/Library/Developer/Xcode/DerivedData/SDKStatCaches.noindex/iphonesimulator26.0-23A339-26257891a6c027eb51374368541b8346.sdkstatcache -fmessage-length\=0 -fdiagnostics-show-note-include-stack -fmacro-backtrace-limit\=0 -fno-color-diagnostics -fmodules-prune-interval\=86400 -fmodules-prune-after\=345600 -fbuild-session-file\=/Users/siam/Library/Developer/Xcode/DerivedData/ModuleCache.noindex/Session.modulevalidation -fmodules-validate-once-per-build-session -Wnon-modular-include-in-framework-module -Werror\=non-modular-include-in-framework-module -Wno-trigraphs -Wno-missing-field-initializers -Wno-missing-prototypes -Wno-return-type -Wno-implicit-atomic-properties -Wno-objc-interface-ivars -Wno-arc-repeated-use-of-weak -Wno-missing-braces -Wparentheses -Wswitch -Wno-unused-function -Wno-unused-label -Wno-unused-parameter -Wno-unused-variable -Wunused-value -Wno-empty-body -Wno-uninitialized -Wno-unknown-pragmas -w -Wno-shadow -Wno-four-char-constants -Wno-conversion -Wno-constant-conversion -Wno-int-conversion -Wno-bool-conversion -Wno-enum-conversion -Wno-float-conversion -Wno-non-literal-null-conversion -Wno-objc-literal-conversion -Wshorten-64-to-32 -Wpointer-sign -Wno-newline-eof -Wno-selector -Wno-strict-selector-match -Wno-undeclared-selector -Wno-deprecated-implementations -Wno-implicit-fallthrough -fstrict-aliasing -Wprotocol -Wdeprecated-declarations -Wno-sign-conversion -Wno-infinite-recursion -Wno-comma -Wno-block-capture-autoreleasing -Wno-strict-prototypes -Wno-semicolon-before-method-body -index-store-path /Users/siam/Library/Developer/Xcode/DerivedData/Lingua_Quest-gvpckrqxtbgyprbgppjfqmimmmfw/Index.noindex/DataStore @/Users/siam/Library/Developer/Xcode/DerivedData/Lingua_Quest-gvpckrqxtbgyprbgppjfqmimmmfw/Build/Intermediates.noindex/GoogleSignIn.build/Debug-iphonesimulator/GoogleSignIn.build/Objects-normal/arm64/e6072d4f65d7061329687fe24e3d63a7-common-args.resp -include /Users/siam/Library/Developer/Xcode/DerivedData/Lingua_Quest-gvpckrqxtbgyprbgppjfqmimmmfw/Build/Intermediates.noindex/GoogleSignIn.build/Debug-iphonesimulator/GoogleSignIn.build/DerivedSources/resource_bundle_accessor.h -MMD -MT dependencies -MF /Users/siam/Library/Developer/Xcode/DerivedData/Lingua_Quest-gvpckrqxtbgyprbgppjfqmimmmfw/Build/Intermediates.noindex/GoogleSignIn.build/Debug-iphonesimulator/GoogleSignIn.build/Objects-normal/arm64/GIDClaim.d --serialize-diagnostics /Users/siam/Library/Developer/Xcode/DerivedData/Lingua_Quest-gvpckrqxtbgyprbgppjfqmimmmfw/Build/Intermediates.noindex/GoogleSignIn.build/Debug-iphonesimulator/GoogleSignIn.build/Objects-normal/arm64/GIDClaim.dia -c /Users/siam/Library/Developer/Xcode/DerivedData/Lingua_Quest-gvpckrqxtbgyprbgppjfqmimmmfw/SourcePackages/checkouts/GoogleSignIn-iOS/GoogleSignIn/Sources/GIDClaim.m -o /Users/siam/Library/Developer/Xcode/DerivedData/Lingua_Quest-gvpckrqxtbgyprbgppjfqmimmmfw/Build/Intermediates.noindex/GoogleSignIn.build/Debug-iphonesimulator/GoogleSignIn.build/Objects-normal/arm64/GIDClaim.o -index-unit-output-path /GoogleSignIn.build/Debug-iphonesimulator/GoogleSignIn.build/Objects-normal/arm64/GIDClaim.o

SwiftEmitModule normal arm64 Emitting\ module\ for\ FirebaseAuth (in target 'FirebaseAuth' from project 'Firebase')
EmitSwiftModule normal arm64 (in target 'FirebaseAuth' from project 'Firebase')
    cd /Users/siam/Desktop/Lingua\ Quest/Lingua\ Quest.xcodeproj
    

SwiftDriverJobDiscovery normal arm64 Compiling GoogleSignInButtonViewModel.swift (in target 'GoogleSignInSwift' from project 'GoogleSignIn')

CompileC /Users/siam/Library/Developer/Xcode/DerivedData/Lingua_Quest-gvpckrqxtbgyprbgppjfqmimmmfw/Build/Intermediates.noindex/GoogleSignIn.build/Debug-iphonesimulator/GoogleSignIn.build/Objects-normal/arm64/GIDCallbackQueue.o /Users/siam/Library/Developer/Xcode/DerivedData/Lingua_Quest-gvpckrqxtbgyprbgppjfqmimmmfw/SourcePackages/checkouts/GoogleSignIn-iOS/GoogleSignIn/Sources/GIDCallbackQueue.m normal arm64 objective-c com.apple.compilers.llvm.clang.1_0.compiler (in target 'GoogleSignIn' from project 'GoogleSignIn')
    cd /Users/siam/Desktop/Lingua\ Quest/Lingua\ Quest.xcodeproj
    
    Using response file: /Users/siam/Library/Developer/Xcode/DerivedData/Lingua_Quest-gvpckrqxtbgyprbgppjfqmimmmfw/Build/Intermediates.noindex/GoogleSignIn.build/Debug-iphonesimulator/GoogleSignIn.build/Objects-normal/arm64/e6072d4f65d7061329687fe24e3d63a7-common-args.resp
    
    /Applications/Xcode.app/Contents/Developer/Toolchains/XcodeDefault.xctoolchain/usr/bin/clang -x objective-c -ivfsstatcache /Users/siam/Library/Developer/Xcode/DerivedData/SDKStatCaches.noindex/iphonesimulator26.0-23A339-26257891a6c027eb51374368541b8346.sdkstatcache -fmessage-length\=0 -fdiagnostics-show-note-include-stack -fmacro-backtrace-limit\=0 -fno-color-diagnostics -fmodules-prune-interval\=86400 -fmodules-prune-after\=345600 -fbuild-session-file\=/Users/siam/Library/Developer/Xcode/DerivedData/ModuleCache.noindex/Session.modulevalidation -fmodules-validate-once-per-build-session -Wnon-modular-include-in-framework-module -Werror\=non-modular-include-in-framework-module -Wno-trigraphs -Wno-missing-field-initializers -Wno-missing-prototypes -Wno-return-type -Wno-implicit-atomic-properties -Wno-objc-interface-ivars -Wno-arc-repeated-use-of-weak -Wno-missing-braces -Wparentheses -Wswitch -Wno-unused-function -Wno-unused-label -Wno-unused-parameter -Wno-unused-variable -Wunused-value -Wno-empty-body -Wno-uninitialized -Wno-unknown-pragmas -w -Wno-shadow -Wno-four-char-constants -Wno-conversion -Wno-constant-conversion -Wno-int-conversion -Wno-bool-conversion -Wno-enum-conversion -Wno-float-conversion -Wno-non-literal-null-conversion -Wno-objc-literal-conversion -Wshorten-64-to-32 -Wpointer-sign -Wno-newline-eof -Wno-selector -Wno-strict-selector-match -Wno-undeclared-selector -Wno-deprecated-implementations -Wno-implicit-fallthrough -fstrict-aliasing -Wprotocol -Wdeprecated-declarations -Wno-sign-conversion -Wno-infinite-recursion -Wno-comma -Wno-block-capture-autoreleasing -Wno-strict-prototypes -Wno-semicolon-before-method-body -index-store-path /Users/siam/Library/Developer/Xcode/DerivedData/Lingua_Quest-gvpckrqxtbgyprbgppjfqmimmmfw/Index.noindex/DataStore @/Users/siam/Library/Developer/Xcode/DerivedData/Lingua_Quest-gvpckrqxtbgyprbgppjfqmimmmfw/Build/Intermediates.noindex/GoogleSignIn.build/Debug-iphonesimulator/GoogleSignIn.build/Objects-normal/arm64/e6072d4f65d7061329687fe24e3d63a7-common-args.resp -include /Users/siam/Library/Developer/Xcode/DerivedData/Lingua_Quest-gvpckrqxtbgyprbgppjfqmimmmfw/Build/Intermediates.noindex/GoogleSignIn.build/Debug-iphonesimulator/GoogleSignIn.build/DerivedSources/resource_bundle_accessor.h -MMD -MT dependencies -MF /Users/siam/Library/Developer/Xcode/DerivedData/Lingua_Quest-gvpckrqxtbgyprbgppjfqmimmmfw/Build/Intermediates.noindex/GoogleSignIn.build/Debug-iphonesimulator/GoogleSignIn.build/Objects-normal/arm64/GIDCallbackQueue.d --serialize-diagnostics /Users/siam/Library/Developer/Xcode/DerivedData/Lingua_Quest-gvpckrqxtbgyprbgppjfqmimmmfw/Build/Intermediates.noindex/GoogleSignIn.build/Debug-iphonesimulator/GoogleSignIn.build/Objects-normal/arm64/GIDCallbackQueue.dia -c /Users/siam/Library/Developer/Xcode/DerivedData/Lingua_Quest-gvpckrqxtbgyprbgppjfqmimmmfw/SourcePackages/checkouts/GoogleSignIn-iOS/GoogleSignIn/Sources/GIDCallbackQueue.m -o /Users/siam/Library/Developer/Xcode/DerivedData/Lingua_Quest-gvpckrqxtbgyprbgppjfqmimmmfw/Build/Intermediates.noindex/GoogleSignIn.build/Debug-iphonesimulator/GoogleSignIn.build/Objects-normal/arm64/GIDCallbackQueue.o -index-unit-output-path /GoogleSignIn.build/Debug-iphonesimulator/GoogleSignIn.build/Objects-normal/arm64/GIDCallbackQueue.o

PrecompileModule /Users/siam/Library/Developer/Xcode/DerivedData/Lingua_Quest-gvpckrqxtbgyprbgppjfqmimmmfw/Build/Intermediates.noindex/ExplicitPrecompiledModules/IOSurface-37BJ03S6ZH9L846HYFOO1KTYX.scan
    cd /
    builtin-precompileModule /Users/siam/Library/Developer/Xcode/DerivedData/Lingua_Quest-gvpckrqxtbgyprbgppjfqmimmmfw/Build/Intermediates.noindex/ExplicitPrecompiledModules/IOSurface-37BJ03S6ZH9L846HYFOO1KTYX.scan

PrecompileModule /Users/siam/Library/Developer/Xcode/DerivedData/Lingua_Quest-gvpckrqxtbgyprbgppjfqmimmmfw/Build/Intermediates.noindex/ExplicitPrecompiledModules/AppCheckCore-95CU3BGN65QAT4WCI4M7BSPP4.scan
    cd /
    builtin-precompileModule /Users/siam/Library/Developer/Xcode/DerivedData/Lingua_Quest-gvpckrqxtbgyprbgppjfqmimmmfw/Build/Intermediates.noindex/ExplicitPrecompiledModules/AppCheckCore-95CU3BGN65QAT4WCI4M7BSPP4.scan

PrecompileModule /Users/siam/Library/Developer/Xcode/DerivedData/Lingua_Quest-gvpckrqxtbgyprbgppjfqmimmmfw/Build/Intermediates.noindex/ExplicitPrecompiledModules/CFNetwork-6W4YSHYP553YTY6B7D4TXRNJU.scan
    cd /
    builtin-precompileModule /Users/siam/Library/Developer/Xcode/DerivedData/Lingua_Quest-gvpckrqxtbgyprbgppjfqmimmmfw/Build/Intermediates.noindex/ExplicitPrecompiledModules/CFNetwork-6W4YSHYP553YTY6B7D4TXRNJU.scan

SwiftExplicitDependencyGeneratePcm x86_64 /Users/siam/Library/Developer/Xcode/DerivedData/Lingua_Quest-gvpckrqxtbgyprbgppjfqmimmmfw/Build/Intermediates.noindex/SwiftExplicitPrecompiledModules/FirebaseAppCheckInterop-1RLP9JQ0HK9EE4IRT2QH87U5Z.pcm

SwiftExplicitDependencyGeneratePcm x86_64 /Users/siam/Library/Developer/Xcode/DerivedData/Lingua_Quest-gvpckrqxtbgyprbgppjfqmimmmfw/Build/Intermediates.noindex/SwiftExplicitPrecompiledModules/GoogleUtilities_AppDelegateSwizzler-9TIW139ERLHKQK8OIN5OYISK7.pcm

SwiftExplicitDependencyGeneratePcm x86_64 /Users/siam/Library/Developer/Xcode/DerivedData/Lingua_Quest-gvpckrqxtbgyprbgppjfqmimmmfw/Build/Intermediates.noindex/SwiftExplicitPrecompiledModules/FirebaseAuthInterop-3YMN2E11P3HBHISX7CUGK3RHH.pcm

SwiftExplicitDependencyGeneratePcm x86_64 /Users/siam/Library/Developer/Xcode/DerivedData/Lingua_Quest-gvpckrqxtbgyprbgppjfqmimmmfw/Build/Intermediates.noindex/SwiftExplicitPrecompiledModules/GoogleUtilities_Environment-4OO6VU9ORR5IKTPI7XZJGK9W3.pcm

SwiftExplicitDependencyGeneratePcm x86_64 /Users/siam/Library/Developer/Xcode/DerivedData/Lingua_Quest-gvpckrqxtbgyprbgppjfqmimmmfw/Build/Intermediates.noindex/SwiftExplicitPrecompiledModules/FirebaseAuthInternal-184G3KC7UGJETE1T05AGPJTVW.pcm

SwiftExplicitDependencyGeneratePcm x86_64 /Users/siam/Library/Developer/Xcode/DerivedData/Lingua_Quest-gvpckrqxtbgyprbgppjfqmimmmfw/Build/Intermediates.noindex/SwiftExplicitPrecompiledModules/GoogleUtilities_NSData-EF0VM9F534VEGNPHXV9H2BCQ0.pcm

CompileC /Users/siam/Library/Developer/Xcode/DerivedData/Lingua_Quest-gvpckrqxtbgyprbgppjfqmimmmfw/Build/Intermediates.noindex/GoogleSignIn.build/Debug-iphonesimulator/GoogleSignIn.build/Objects-normal/arm64/GIDAppCheckProviderFake.o /Users/siam/Library/Developer/Xcode/DerivedData/Lingua_Quest-gvpckrqxtbgyprbgppjfqmimmmfw/SourcePackages/checkouts/GoogleSignIn-iOS/GoogleSignIn/Sources/GIDAppCheck/Implementations/Fake/GIDAppCheckProviderFake.m normal arm64 objective-c com.apple.compilers.llvm.clang.1_0.compiler (in target 'GoogleSignIn' from project 'GoogleSignIn')
    cd /Users/siam/Desktop/Lingua\ Quest/Lingua\ Quest.xcodeproj
    
    Using response file: /Users/siam/Library/Developer/Xcode/DerivedData/Lingua_Quest-gvpckrqxtbgyprbgppjfqmimmmfw/Build/Intermediates.noindex/GoogleSignIn.build/Debug-iphonesimulator/GoogleSignIn.build/Objects-normal/arm64/e6072d4f65d7061329687fe24e3d63a7-common-args.resp
    
    /Applications/Xcode.app/Contents/Developer/Toolchains/XcodeDefault.xctoolchain/usr/bin/clang -x objective-c -ivfsstatcache /Users/siam/Library/Developer/Xcode/DerivedData/SDKStatCaches.noindex/iphonesimulator26.0-23A339-26257891a6c027eb51374368541b8346.sdkstatcache -fmessage-length\=0 -fdiagnostics-show-note-include-stack -fmacro-backtrace-limit\=0 -fno-color-diagnostics -fmodules-prune-interval\=86400 -fmodules-prune-after\=345600 -fbuild-session-file\=/Users/siam/Library/Developer/Xcode/DerivedData/ModuleCache.noindex/Session.modulevalidation -fmodules-validate-once-per-build-session -Wnon-modular-include-in-framework-module -Werror\=non-modular-include-in-framework-module -Wno-trigraphs -Wno-missing-field-initializers -Wno-missing-prototypes -Wno-return-type -Wno-implicit-atomic-properties -Wno-objc-interface-ivars -Wno-arc-repeated-use-of-weak -Wno-missing-braces -Wparentheses -Wswitch -Wno-unused-function -Wno-unused-label -Wno-unused-parameter -Wno-unused-variable -Wunused-value -Wno-empty-body -Wno-uninitialized -Wno-unknown-pragmas -w -Wno-shadow -Wno-four-char-constants -Wno-conversion -Wno-constant-conversion -Wno-int-conversion -Wno-bool-conversion -Wno-enum-conversion -Wno-float-conversion -Wno-non-literal-null-conversion -Wno-objc-literal-conversion -Wshorten-64-to-32 -Wpointer-sign -Wno-newline-eof -Wno-selector -Wno-strict-selector-match -Wno-undeclared-selector -Wno-deprecated-implementations -Wno-implicit-fallthrough -fstrict-aliasing -Wprotocol -Wdeprecated-declarations -Wno-sign-conversion -Wno-infinite-recursion -Wno-comma -Wno-block-capture-autoreleasing -Wno-strict-prototypes -Wno-semicolon-before-method-body -index-store-path /Users/siam/Library/Developer/Xcode/DerivedData/Lingua_Quest-gvpckrqxtbgyprbgppjfqmimmmfw/Index.noindex/DataStore @/Users/siam/Library/Developer/Xcode/DerivedData/Lingua_Quest-gvpckrqxtbgyprbgppjfqmimmmfw/Build/Intermediates.noindex/GoogleSignIn.build/Debug-iphonesimulator/GoogleSignIn.build/Objects-normal/arm64/e6072d4f65d7061329687fe24e3d63a7-common-args.resp -include /Users/siam/Library/Developer/Xcode/DerivedData/Lingua_Quest-gvpckrqxtbgyprbgppjfqmimmmfw/Build/Intermediates.noindex/GoogleSignIn.build/Debug-iphonesimulator/GoogleSignIn.build/DerivedSources/resource_bundle_accessor.h -MMD -MT dependencies -MF /Users/siam/Library/Developer/Xcode/DerivedData/Lingua_Quest-gvpckrqxtbgyprbgppjfqmimmmfw/Build/Intermediates.noindex/GoogleSignIn.build/Debug-iphonesimulator/GoogleSignIn.build/Objects-normal/arm64/GIDAppCheckProviderFake.d --serialize-diagnostics /Users/siam/Library/Developer/Xcode/DerivedData/Lingua_Quest-gvpckrqxtbgyprbgppjfqmimmmfw/Build/Intermediates.noindex/GoogleSignIn.build/Debug-iphonesimulator/GoogleSignIn.build/Objects-normal/arm64/GIDAppCheckProviderFake.dia -c /Users/siam/Library/Developer/Xcode/DerivedData/Lingua_Quest-gvpckrqxtbgyprbgppjfqmimmmfw/SourcePackages/checkouts/GoogleSignIn-iOS/GoogleSignIn/Sources/GIDAppCheck/Implementations/Fake/GIDAppCheckProviderFake.m -o /Users/siam/Library/Developer/Xcode/DerivedData/Lingua_Quest-gvpckrqxtbgyprbgppjfqmimmmfw/Build/Intermediates.noindex/GoogleSignIn.build/Debug-iphonesimulator/GoogleSignIn.build/Objects-normal/arm64/GIDAppCheckProviderFake.o -index-unit-output-path /GoogleSignIn.build/Debug-iphonesimulator/GoogleSignIn.build/Objects-normal/arm64/GIDAppCheckProviderFake.o

PrecompileModule /Users/siam/Library/Developer/Xcode/DerivedData/Lingua_Quest-gvpckrqxtbgyprbgppjfqmimmmfw/Build/Intermediates.noindex/ExplicitPrecompiledModules/FileProvider-DU1BHLFA1FXSPJ936SB6BLF8L.scan
    cd /
    builtin-precompileModule /Users/siam/Library/Developer/Xcode/DerivedData/Lingua_Quest-gvpckrqxtbgyprbgppjfqmimmmfw/Build/Intermediates.noindex/ExplicitPrecompiledModules/FileProvider-DU1BHLFA1FXSPJ936SB6BLF8L.scan

PrecompileModule /Users/siam/Library/Developer/Xcode/DerivedData/Lingua_Quest-gvpckrqxtbgyprbgppjfqmimmmfw/Build/Intermediates.noindex/ExplicitPrecompiledModules/AppAuthCore-10T9FECESUG69TU11BV1DME91.scan
    cd /
    builtin-precompileModule /Users/siam/Library/Developer/Xcode/DerivedData/Lingua_Quest-gvpckrqxtbgyprbgppjfqmimmmfw/Build/Intermediates.noindex/ExplicitPrecompiledModules/AppAuthCore-10T9FECESUG69TU11BV1DME91.scan

PrecompileModule /Users/siam/Library/Developer/Xcode/DerivedData/Lingua_Quest-gvpckrqxtbgyprbgppjfqmimmmfw/Build/Intermediates.noindex/ExplicitPrecompiledModules/Metal-6HWP8NO98JJLYP1R7O61Z33J8.scan
    cd /
    builtin-precompileModule /Users/siam/Library/Developer/Xcode/DerivedData/Lingua_Quest-gvpckrqxtbgyprbgppjfqmimmmfw/Build/Intermediates.noindex/ExplicitPrecompiledModules/Metal-6HWP8NO98JJLYP1R7O61Z33J8.scan

PrecompileModule /Users/siam/Library/Developer/Xcode/DerivedData/Lingua_Quest-gvpckrqxtbgyprbgppjfqmimmmfw/Build/Intermediates.noindex/ExplicitPrecompiledModules/Symbols-1ERKJ9LWTX724DKGI4P02FLJX.scan
    cd /
    builtin-precompileModule /Users/siam/Library/Developer/Xcode/DerivedData/Lingua_Quest-gvpckrqxtbgyprbgppjfqmimmmfw/Build/Intermediates.noindex/ExplicitPrecompiledModules/Symbols-1ERKJ9LWTX724DKGI4P02FLJX.scan

PrecompileModule /Users/siam/Library/Developer/Xcode/DerivedData/Lingua_Quest-gvpckrqxtbgyprbgppjfqmimmmfw/Build/Intermediates.noindex/ExplicitPrecompiledModules/Security-632BR7SWAU9Z2FB53AP1YVLNL.scan
    cd /
    builtin-precompileModule /Users/siam/Library/Developer/Xcode/DerivedData/Lingua_Quest-gvpckrqxtbgyprbgppjfqmimmmfw/Build/Intermediates.noindex/ExplicitPrecompiledModules/Security-632BR7SWAU9Z2FB53AP1YVLNL.scan

PrecompileModule /Users/siam/Library/Developer/Xcode/DerivedData/Lingua_Quest-gvpckrqxtbgyprbgppjfqmimmmfw/Build/Intermediates.noindex/ExplicitPrecompiledModules/LocalAuthentication-151MYB52VP8NC22ZA0TXMO1ZW.scan
    cd /
    builtin-precompileModule /Users/siam/Library/Developer/Xcode/DerivedData/Lingua_Quest-gvpckrqxtbgyprbgppjfqmimmmfw/Build/Intermediates.noindex/ExplicitPrecompiledModules/LocalAuthentication-151MYB52VP8NC22ZA0TXMO1ZW.scan

PrecompileModule /Users/siam/Library/Developer/Xcode/DerivedData/Lingua_Quest-gvpckrqxtbgyprbgppjfqmimmmfw/Build/Intermediates.noindex/ExplicitPrecompiledModules/UserNotifications-81ZRB3X5Z86WPPJNCH5SHHLA3.scan
    cd /
    builtin-precompileModule /Users/siam/Library/Developer/Xcode/DerivedData/Lingua_Quest-gvpckrqxtbgyprbgppjfqmimmmfw/Build/Intermediates.noindex/ExplicitPrecompiledModules/UserNotifications-81ZRB3X5Z86WPPJNCH5SHHLA3.scan

PrecompileModule /Users/siam/Library/Developer/Xcode/DerivedData/Lingua_Quest-gvpckrqxtbgyprbgppjfqmimmmfw/Build/Intermediates.noindex/ExplicitPrecompiledModules/CoreGraphics-5F38J53MWEL1XVW641LLD2JS.scan
    cd /
    builtin-precompileModule /Users/siam/Library/Developer/Xcode/DerivedData/Lingua_Quest-gvpckrqxtbgyprbgppjfqmimmmfw/Build/Intermediates.noindex/ExplicitPrecompiledModules/CoreGraphics-5F38J53MWEL1XVW641LLD2JS.scan

SwiftEmitModule normal x86_64 Emitting\ module\ for\ FirebaseAuth (in target 'FirebaseAuth' from project 'Firebase')
EmitSwiftModule normal x86_64 (in target 'FirebaseAuth' from project 'Firebase')
    cd /Users/siam/Desktop/Lingua\ Quest/Lingua\ Quest.xcodeproj
    

PrecompileModule /Users/siam/Library/Developer/Xcode/DerivedData/Lingua_Quest-gvpckrqxtbgyprbgppjfqmimmmfw/Build/Intermediates.noindex/ExplicitPrecompiledModules/UIUtilities-9XCWM9YP9M5QOJQ00ZRLBHDDG.scan
    cd /
    builtin-precompileModule /Users/siam/Library/Developer/Xcode/DerivedData/Lingua_Quest-gvpckrqxtbgyprbgppjfqmimmmfw/Build/Intermediates.noindex/ExplicitPrecompiledModules/UIUtilities-9XCWM9YP9M5QOJQ00ZRLBHDDG.scan

PrecompileModule /Users/siam/Library/Developer/Xcode/DerivedData/Lingua_Quest-gvpckrqxtbgyprbgppjfqmimmmfw/Build/Intermediates.noindex/ExplicitPrecompiledModules/OpenGLES-EG6P4ZZ18FFY5235GPG7R6US9.scan
    cd /
    builtin-precompileModule /Users/siam/Library/Developer/Xcode/DerivedData/Lingua_Quest-gvpckrqxtbgyprbgppjfqmimmmfw/Build/Intermediates.noindex/ExplicitPrecompiledModules/OpenGLES-EG6P4ZZ18FFY5235GPG7R6US9.scan

SwiftDriverJobDiscovery normal arm64 Compiling GoogleSignInButton.swift (in target 'GoogleSignInSwift' from project 'GoogleSignIn')

SwiftCompile normal x86_64 Compiling\ GoogleSignInButtonBundleExtensions.swift /Users/siam/Library/Developer/Xcode/DerivedData/Lingua_Quest-gvpckrqxtbgyprbgppjfqmimmmfw/SourcePackages/checkouts/GoogleSignIn-iOS/GoogleSignInSwift/Sources/GoogleSignInButtonBundleExtensions.swift (in target 'GoogleSignInSwift' from project 'GoogleSignIn')

SwiftCompile normal x86_64 /Users/siam/Library/Developer/Xcode/DerivedData/Lingua_Quest-gvpckrqxtbgyprbgppjfqmimmmfw/SourcePackages/checkouts/GoogleSignIn-iOS/GoogleSignInSwift/Sources/GoogleSignInButtonBundleExtensions.swift (in target 'GoogleSignInSwift' from project 'GoogleSignIn')
    cd /Users/siam/Desktop/Lingua\ Quest/Lingua\ Quest.xcodeproj
    

SwiftCompile normal arm64 Compiling\ GoogleSignInButtonStyling.swift /Users/siam/Library/Developer/Xcode/DerivedData/Lingua_Quest-gvpckrqxtbgyprbgppjfqmimmmfw/SourcePackages/checkouts/GoogleSignIn-iOS/GoogleSignInSwift/Sources/GoogleSignInButtonStyling.swift (in target 'GoogleSignInSwift' from project 'GoogleSignIn')

SwiftCompile normal arm64 /Users/siam/Library/Developer/Xcode/DerivedData/Lingua_Quest-gvpckrqxtbgyprbgppjfqmimmmfw/SourcePackages/checkouts/GoogleSignIn-iOS/GoogleSignInSwift/Sources/GoogleSignInButtonStyling.swift (in target 'GoogleSignInSwift' from project 'GoogleSignIn')
    cd /Users/siam/Desktop/Lingua\ Quest/Lingua\ Quest.xcodeproj
    

SwiftCompile normal x86_64 Compiling\ resource_bundle_accessor.swift /Users/siam/Library/Developer/Xcode/DerivedData/Lingua_Quest-gvpckrqxtbgyprbgppjfqmimmmfw/Build/Intermediates.noindex/GoogleSignIn.build/Debug-iphonesimulator/GoogleSignInSwift.build/DerivedSources/resource_bundle_accessor.swift (in target 'GoogleSignInSwift' from project 'GoogleSignIn')

SwiftCompile normal x86_64 /Users/siam/Library/Developer/Xcode/DerivedData/Lingua_Quest-gvpckrqxtbgyprbgppjfqmimmmfw/Build/Intermediates.noindex/GoogleSignIn.build/Debug-iphonesimulator/GoogleSignInSwift.build/DerivedSources/resource_bundle_accessor.swift (in target 'GoogleSignInSwift' from project 'GoogleSignIn')
    cd /Users/siam/Desktop/Lingua\ Quest/Lingua\ Quest.xcodeproj
    

SwiftCompile normal arm64 Compiling\ GoogleSignInButtonStrings.swift /Users/siam/Library/Developer/Xcode/DerivedData/Lingua_Quest-gvpckrqxtbgyprbgppjfqmimmmfw/SourcePackages/checkouts/GoogleSignIn-iOS/GoogleSignInSwift/Sources/GoogleSignInButtonStrings.swift (in target 'GoogleSignInSwift' from project 'GoogleSignIn')

SwiftCompile normal arm64 /Users/siam/Library/Developer/Xcode/DerivedData/Lingua_Quest-gvpckrqxtbgyprbgppjfqmimmmfw/SourcePackages/checkouts/GoogleSignIn-iOS/GoogleSignInSwift/Sources/GoogleSignInButtonStrings.swift (in target 'GoogleSignInSwift' from project 'GoogleSignIn')
    cd /Users/siam/Desktop/Lingua\ Quest/Lingua\ Quest.xcodeproj
    

SwiftCompile normal x86_64 Compiling\ GoogleSignInButton.swift /Users/siam/Library/Developer/Xcode/DerivedData/Lingua_Quest-gvpckrqxtbgyprbgppjfqmimmmfw/SourcePackages/checkouts/GoogleSignIn-iOS/GoogleSignInSwift/Sources/GoogleSignInButton.swift (in target 'GoogleSignInSwift' from project 'GoogleSignIn')

SwiftCompile normal x86_64 /Users/siam/Library/Developer/Xcode/DerivedData/Lingua_Quest-gvpckrqxtbgyprbgppjfqmimmmfw/SourcePackages/checkouts/GoogleSignIn-iOS/GoogleSignInSwift/Sources/GoogleSignInButton.swift (in target 'GoogleSignInSwift' from project 'GoogleSignIn')
    cd /Users/siam/Desktop/Lingua\ Quest/Lingua\ Quest.xcodeproj
    

PrecompileModule /Users/siam/Library/Developer/Xcode/DerivedData/Lingua_Quest-gvpckrqxtbgyprbgppjfqmimmmfw/Build/Intermediates.noindex/ExplicitPrecompiledModules/Foundation-AUOJCLQEUE0ZH36RHTAKY6BUR.scan
    cd /
    builtin-precompileModule /Users/siam/Library/Developer/Xcode/DerivedData/Lingua_Quest-gvpckrqxtbgyprbgppjfqmimmmfw/Build/Intermediates.noindex/ExplicitPrecompiledModules/Foundation-AUOJCLQEUE0ZH36RHTAKY6BUR.scan

PrecompileModule /Users/siam/Library/Developer/Xcode/DerivedData/Lingua_Quest-gvpckrqxtbgyprbgppjfqmimmmfw/Build/Intermediates.noindex/ExplicitPrecompiledModules/ImageIO-E31FC8BEZT7E0UXMVJPF59W92.scan
    cd /
    builtin-precompileModule /Users/siam/Library/Developer/Xcode/DerivedData/Lingua_Quest-gvpckrqxtbgyprbgppjfqmimmmfw/Build/Intermediates.noindex/ExplicitPrecompiledModules/ImageIO-E31FC8BEZT7E0UXMVJPF59W92.scan

PrecompileModule /Users/siam/Library/Developer/Xcode/DerivedData/Lingua_Quest-gvpckrqxtbgyprbgppjfqmimmmfw/Build/Intermediates.noindex/ExplicitPrecompiledModules/CoreText-DN7LO4B5D6AO5IO5TTXB3CZEN.scan
    cd /
    builtin-precompileModule /Users/siam/Library/Developer/Xcode/DerivedData/Lingua_Quest-gvpckrqxtbgyprbgppjfqmimmmfw/Build/Intermediates.noindex/ExplicitPrecompiledModules/CoreText-DN7LO4B5D6AO5IO5TTXB3CZEN.scan

PrecompileModule /Users/siam/Library/Developer/Xcode/DerivedData/Lingua_Quest-gvpckrqxtbgyprbgppjfqmimmmfw/Build/Intermediates.noindex/ExplicitPrecompiledModules/CoreVideo-2N0UHOQG1F8Q3ZHF6EJSVQROP.scan
    cd /
    builtin-precompileModule /Users/siam/Library/Developer/Xcode/DerivedData/Lingua_Quest-gvpckrqxtbgyprbgppjfqmimmmfw/Build/Intermediates.noindex/ExplicitPrecompiledModules/CoreVideo-2N0UHOQG1F8Q3ZHF6EJSVQROP.scan

SwiftCompile normal x86_64 Compiling\ GoogleSignInButtonStyling.swift /Users/siam/Library/Developer/Xcode/DerivedData/Lingua_Quest-gvpckrqxtbgyprbgppjfqmimmmfw/SourcePackages/checkouts/GoogleSignIn-iOS/GoogleSignInSwift/Sources/GoogleSignInButtonStyling.swift (in target 'GoogleSignInSwift' from project 'GoogleSignIn')

SwiftCompile normal x86_64 /Users/siam/Library/Developer/Xcode/DerivedData/Lingua_Quest-gvpckrqxtbgyprbgppjfqmimmmfw/SourcePackages/checkouts/GoogleSignIn-iOS/GoogleSignInSwift/Sources/GoogleSignInButtonStyling.swift (in target 'GoogleSignInSwift' from project 'GoogleSignIn')
    cd /Users/siam/Desktop/Lingua\ Quest/Lingua\ Quest.xcodeproj
    

SwiftDriverJobDiscovery normal x86_64 Compiling GoogleSignInButtonBundleExtensions.swift (in target 'GoogleSignInSwift' from project 'GoogleSignIn')

SwiftCompile normal x86_64 Compiling\ GoogleSignInButtonStrings.swift /Users/siam/Library/Developer/Xcode/DerivedData/Lingua_Quest-gvpckrqxtbgyprbgppjfqmimmmfw/SourcePackages/checkouts/GoogleSignIn-iOS/GoogleSignInSwift/Sources/GoogleSignInButtonStrings.swift (in target 'GoogleSignInSwift' from project 'GoogleSignIn')

SwiftCompile normal x86_64 /Users/siam/Library/Developer/Xcode/DerivedData/Lingua_Quest-gvpckrqxtbgyprbgppjfqmimmmfw/SourcePackages/checkouts/GoogleSignIn-iOS/GoogleSignInSwift/Sources/GoogleSignInButtonStrings.swift (in target 'GoogleSignInSwift' from project 'GoogleSignIn')
    cd /Users/siam/Desktop/Lingua\ Quest/Lingua\ Quest.xcodeproj
    

SwiftDriverJobDiscovery normal arm64 Compiling GoogleSignInButtonStrings.swift (in target 'GoogleSignInSwift' from project 'GoogleSignIn')

SwiftDriver\ Compilation FirebaseSharedSwift normal arm64 com.apple.xcode.tools.swift.compiler (in target 'FirebaseSharedSwift' from project 'Firebase')
    cd /Users/siam/Desktop/Lingua\ Quest/Lingua\ Quest.xcodeproj
    builtin-Swift-Compilation -- /Applications/Xcode.app/Contents/Developer/Toolchains/XcodeDefault.xctoolchain/usr/bin/swiftc -module-name FirebaseSharedSwift -Onone -enforce-exclusivity\=checked @/Users/siam/Library/Developer/Xcode/DerivedData/Lingua_Quest-gvpckrqxtbgyprbgppjfqmimmmfw/Build/Intermediates.noindex/Firebase.build/Debug-iphonesimulator/FirebaseSharedSwift.build/Objects-normal/arm64/FirebaseSharedSwift.SwiftFileList -DSWIFT_PACKAGE -DDEBUG -DSWIFT_MODULE_RESOURCE_BUNDLE_UNAVAILABLE -DXcode -plugin-path /Applications/Xcode.app/Contents/Developer/Toolchains/XcodeDefault.xctoolchain/usr/lib/swift/host/plugins/testing -enable-experimental-feature DebugDescriptionMacro -sdk /Applications/Xcode.app/Contents/Developer/Platforms/iPhoneSimulator.platform/Developer/SDKs/iPhoneSimulator26.0.sdk -target arm64-apple-ios15.0-simulator -g -module-cache-path /Users/siam/Library/Developer/Xcode/DerivedData/ModuleCache.noindex -Xfrontend -serialize-debugging-options -profile-coverage-mapping -profile-generate -enable-testing -suppress-warnings -index-store-path /Users/siam/Library/Developer/Xcode/DerivedData/Lingua_Quest-gvpckrqxtbgyprbgppjfqmimmmfw/Index.noindex/DataStore -Xcc -D_LIBCPP_HARDENING_MODE\=_LIBCPP_HARDENING_MODE_DEBUG -swift-version 5 -I /Users/siam/Library/Developer/Xcode/DerivedData/Lingua_Quest-gvpckrqxtbgyprbgppjfqmimmmfw/Build/Products/Debug-iphonesimulator -Isystem /Applications/Xcode.app/Contents/Developer/Platforms/iPhoneSimulator.platform/Developer/usr/lib -F /Users/siam/Library/Developer/Xcode/DerivedData/Lingua_Quest-gvpckrqxtbgyprbgppjfqmimmmfw/Build/Products/Debug-iphonesimulator -F /Applications/Xcode.app/Contents/Developer/Platforms/iPhoneSimulator.platform/Developer/Library/Frameworks -F /Applications/Xcode.app/Contents/Developer/Platforms/iPhoneSimulator.platform/Developer/SDKs/iPhoneSimulator26.0.sdk/Developer/Library/Frameworks -c -j12 -enable-batch-mode -incremental -Xcc -ivfsstatcache -Xcc /Users/siam/Library/Developer/Xcode/DerivedData/SDKStatCaches.noindex/iphonesimulator26.0-23A339-26257891a6c027eb51374368541b8346.sdkstatcache -output-file-map /Users/siam/Library/Developer/Xcode/DerivedData/Lingua_Quest-gvpckrqxtbgyprbgppjfqmimmmfw/Build/Intermediates.noindex/Firebase.build/Debug-iphonesimulator/FirebaseSharedSwift.build/Objects-normal/arm64/FirebaseSharedSwift-OutputFileMap.json -use-frontend-parseable-output -save-temps -no-color-diagnostics -explicit-module-build -module-cache-path /Users/siam/Library/Developer/Xcode/DerivedData/Lingua_Quest-gvpckrqxtbgyprbgppjfqmimmmfw/Build/Intermediates.noindex/SwiftExplicitPrecompiledModules -clang-scanner-module-cache-path /Users/siam/Library/Developer/Xcode/DerivedData/ModuleCache.noindex -sdk-module-cache-path /Users/siam/Library/Developer/Xcode/DerivedData/ModuleCache.noindex -serialize-diagnostics -emit-dependencies -emit-module -emit-module-path /Users/siam/Library/Developer/Xcode/DerivedData/Lingua_Quest-gvpckrqxtbgyprbgppjfqmimmmfw/Build/Intermediates.noindex/Firebase.build/Debug-iphonesimulator/FirebaseSharedSwift.build/Objects-normal/arm64/FirebaseSharedSwift.swiftmodule -user-module-version 12.16.0 -validate-clang-modules-once -clang-build-session-file /Users/siam/Library/Developer/Xcode/DerivedData/ModuleCache.noindex/Session.modulevalidation -package-name firebase_ios_sdk -Xcc -I/Users/siam/Library/Developer/Xcode/DerivedData/Lingua_Quest-gvpckrqxtbgyprbgppjfqmimmmfw/Build/Intermediates.noindex/Firebase.build/Debug-iphonesimulator/FirebaseSharedSwift.build/swift-overrides.hmap -emit-const-values -Xfrontend -const-gather-protocols-file -Xfrontend /Users/siam/Library/Developer/Xcode/DerivedData/Lingua_Quest-gvpckrqxtbgyprbgppjfqmimmmfw/Build/Intermediates.noindex/Firebase.build/Debug-iphonesimulator/FirebaseSharedSwift.build/Objects-normal/arm64/FirebaseSharedSwift_const_extract_protocols.json -Xcc -I/Users/siam/Library/Developer/Xcode/DerivedData/Lingua_Quest-gvpckrqxtbgyprbgppjfqmimmmfw/Build/Products/Debug-iphonesimulator/include -Xcc -I/Users/siam/Library/Developer/Xcode/DerivedData/Lingua_Quest-gvpckrqxtbgyprbgppjfqmimmmfw/Build/Intermediates.noindex/Firebase.build/Debug-iphonesimulator/FirebaseSharedSwift.build/DerivedSources-normal/arm64 -Xcc -I/Users/siam/Library/Developer/Xcode/DerivedData/Lingua_Quest-gvpckrqxtbgyprbgppjfqmimmmfw/Build/Intermediates.noindex/Firebase.build/Debug-iphonesimulator/FirebaseSharedSwift.build/DerivedSources/arm64 -Xcc -I/Users/siam/Library/Developer/Xcode/DerivedData/Lingua_Quest-gvpckrqxtbgyprbgppjfqmimmmfw/Build/Intermediates.noindex/Firebase.build/Debug-iphonesimulator/FirebaseSharedSwift.build/DerivedSources -Xcc -DSWIFT_PACKAGE -Xcc -DDEBUG\=1 -emit-objc-header -emit-objc-header-path /Users/siam/Library/Developer/Xcode/DerivedData/Lingua_Quest-gvpckrqxtbgyprbgppjfqmimmmfw/Build/Intermediates.noindex/Firebase.build/Debug-iphonesimulator/FirebaseSharedSwift.build/Objects-normal/arm64/FirebaseSharedSwift-Swift.h -working-directory /Users/siam/Desktop/Lingua\ Quest/Lingua\ Quest.xcodeproj -experimental-emit-module-separately -disable-cmo

SwiftCompile normal arm64 Compiling\ QueryPredicate.swift,\ Stages.swift,\ FieldValue+Swift.swift,\ Firestore+Pipeline.swift,\ AggregateFunction.swift,\ AliasedAggregate.swift /Users/siam/Library/Developer/Xcode/DerivedData/Lingua_Quest-gvpckrqxtbgyprbgppjfqmimmmfw/SourcePackages/checkouts/firebase-ios-sdk/Firestore/Swift/Source/PropertyWrapper/QueryPredicate.swift /Users/siam/Library/Developer/Xcode/DerivedData/Lingua_Quest-gvpckrqxtbgyprbgppjfqmimmmfw/SourcePackages/checkouts/firebase-ios-sdk/Firestore/Swift/Source/Stages.swift /Users/siam/Library/Developer/Xcode/DerivedData/Lingua_Quest-gvpckrqxtbgyprbgppjfqmimmmfw/SourcePackages/checkouts/firebase-ios-sdk/Firestore/Swift/Source/SwiftAPI/FieldValue+Swift.swift /Users/siam/Library/Developer/Xcode/DerivedData/Lingua_Quest-gvpckrqxtbgyprbgppjfqmimmmfw/SourcePackages/checkouts/firebase-ios-sdk/Firestore/Swift/Source/SwiftAPI/Firestore+Pipeline.swift /Users/siam/Library/Developer/Xcode/DerivedData/Lingua_Quest-gvpckrqxtbgyprbgppjfqmimmmfw/SourcePackages/checkouts/firebase-ios-sdk/Firestore/Swift/Source/SwiftAPI/Pipeline/Aggregates/AggregateFunction.swift /Users/siam/Library/Developer/Xcode/DerivedData/Lingua_Quest-gvpckrqxtbgyprbgppjfqmimmmfw/SourcePackages/checkouts/firebase-ios-sdk/Firestore/Swift/Source/SwiftAPI/Pipeline/Aggregates/AliasedAggregate.swift (in target 'FirebaseFirestore' from project 'Firebase')

SwiftCompile normal arm64 /Users/siam/Library/Developer/Xcode/DerivedData/Lingua_Quest-gvpckrqxtbgyprbgppjfqmimmmfw/SourcePackages/checkouts/firebase-ios-sdk/Firestore/Swift/Source/PropertyWrapper/QueryPredicate.swift (in target 'FirebaseFirestore' from project 'Firebase')
    cd /Users/siam/Desktop/Lingua\ Quest/Lingua\ Quest.xcodeproj
    

SwiftCompile normal arm64 /Users/siam/Library/Developer/Xcode/DerivedData/Lingua_Quest-gvpckrqxtbgyprbgppjfqmimmmfw/SourcePackages/checkouts/firebase-ios-sdk/Firestore/Swift/Source/Stages.swift (in target 'FirebaseFirestore' from project 'Firebase')
    cd /Users/siam/Desktop/Lingua\ Quest/Lingua\ Quest.xcodeproj
    

SwiftCompile normal arm64 /Users/siam/Library/Developer/Xcode/DerivedData/Lingua_Quest-gvpckrqxtbgyprbgppjfqmimmmfw/SourcePackages/checkouts/firebase-ios-sdk/Firestore/Swift/Source/SwiftAPI/FieldValue+Swift.swift (in target 'FirebaseFirestore' from project 'Firebase')
    cd /Users/siam/Desktop/Lingua\ Quest/Lingua\ Quest.xcodeproj
    

SwiftCompile normal arm64 /Users/siam/Library/Developer/Xcode/DerivedData/Lingua_Quest-gvpckrqxtbgyprbgppjfqmimmmfw/SourcePackages/checkouts/firebase-ios-sdk/Firestore/Swift/Source/SwiftAPI/Firestore+Pipeline.swift (in target 'FirebaseFirestore' from project 'Firebase')
    cd /Users/siam/Desktop/Lingua\ Quest/Lingua\ Quest.xcodeproj
    

SwiftCompile normal arm64 /Users/siam/Library/Developer/Xcode/DerivedData/Lingua_Quest-gvpckrqxtbgyprbgppjfqmimmmfw/SourcePackages/checkouts/firebase-ios-sdk/Firestore/Swift/Source/SwiftAPI/Pipeline/Aggregates/AggregateFunction.swift (in target 'FirebaseFirestore' from project 'Firebase')
    cd /Users/siam/Desktop/Lingua\ Quest/Lingua\ Quest.xcodeproj
    

SwiftCompile normal arm64 /Users/siam/Library/Developer/Xcode/DerivedData/Lingua_Quest-gvpckrqxtbgyprbgppjfqmimmmfw/SourcePackages/checkouts/firebase-ios-sdk/Firestore/Swift/Source/SwiftAPI/Pipeline/Aggregates/AliasedAggregate.swift (in target 'FirebaseFirestore' from project 'Firebase')
    cd /Users/siam/Desktop/Lingua\ Quest/Lingua\ Quest.xcodeproj
    

Ld /Users/siam/Library/Developer/Xcode/DerivedData/Lingua_Quest-gvpckrqxtbgyprbgppjfqmimmmfw/Build/Intermediates.noindex/Firebase.build/Debug-iphonesimulator/FirebaseSharedSwift.build/Objects-normal/arm64/Binary/FirebaseSharedSwift.o normal arm64 (in target 'FirebaseSharedSwift' from project 'Firebase')
    cd /Users/siam/Library/Developer/Xcode/DerivedData/Lingua_Quest-gvpckrqxtbgyprbgppjfqmimmmfw/SourcePackages/checkouts/firebase-ios-sdk
    /Applications/Xcode.app/Contents/Developer/Toolchains/XcodeDefault.xctoolchain/usr/bin/clang -Xlinker -reproducible -target arm64-apple-ios15.0-simulator -r -isysroot /Applications/Xcode.app/Contents/Developer/Platforms/iPhoneSimulator.platform/Developer/SDKs/iPhoneSimulator26.0.sdk -O0 -w -L/Users/siam/Library/Developer/Xcode/DerivedData/Lingua_Quest-gvpckrqxtbgyprbgppjfqmimmmfw/Build/Intermediates.noindex/EagerLinkingTBDs/Debug-iphonesimulator -L/Users/siam/Library/Developer/Xcode/DerivedData/Lingua_Quest-gvpckrqxtbgyprbgppjfqmimmmfw/Build/Products/Debug-iphonesimulator -L/Applications/Xcode.app/Contents/Developer/Platforms/iPhoneSimulator.platform/Developer/usr/lib -F/Users/siam/Library/Developer/Xcode/DerivedData/Lingua_Quest-gvpckrqxtbgyprbgppjfqmimmmfw/Build/Intermediates.noindex/EagerLinkingTBDs/Debug-iphonesimulator -F/Users/siam/Library/Developer/Xcode/DerivedData/Lingua_Quest-gvpckrqxtbgyprbgppjfqmimmmfw/Build/Products/Debug-iphonesimulator -iframework /Applications/Xcode.app/Contents/Developer/Platforms/iPhoneSimulator.platform/Developer/Library/Frameworks -iframework /Applications/Xcode.app/Contents/Developer/Platforms/iPhoneSimulator.platform/Developer/SDKs/iPhoneSimulator26.0.sdk/Developer/Library/Frameworks -filelist /Users/siam/Library/Developer/Xcode/DerivedData/Lingua_Quest-gvpckrqxtbgyprbgppjfqmimmmfw/Build/Intermediates.noindex/Firebase.build/Debug-iphonesimulator/FirebaseSharedSwift.build/Objects-normal/arm64/FirebaseSharedSwift.LinkFileList -nostdlib -Xlinker -object_path_lto -Xlinker /Users/siam/Library/Developer/Xcode/DerivedData/Lingua_Quest-gvpckrqxtbgyprbgppjfqmimmmfw/Build/Intermediates.noindex/Firebase.build/Debug-iphonesimulator/FirebaseSharedSwift.build/Objects-normal/arm64/FirebaseSharedSwift_lto.o -rdynamic -Xlinker -no_deduplicate -Xlinker -objc_abi_version -Xlinker 2 -Xlinker -debug_variant -Xlinker -dependency_info -Xlinker /Users/siam/Library/Developer/Xcode/DerivedData/Lingua_Quest-gvpckrqxtbgyprbgppjfqmimmmfw/Build/Intermediates.noindex/Firebase.build/Debug-iphonesimulator/FirebaseSharedSwift.build/Objects-normal/arm64/FirebaseSharedSwift_dependency_info.dat -fobjc-link-runtime -L/Applications/Xcode.app/Contents/Developer/Toolchains/XcodeDefault.xctoolchain/usr/lib/swift/iphonesimulator -L/usr/lib/swift -Xlinker -add_ast_path -Xlinker /Users/siam/Library/Developer/Xcode/DerivedData/Lingua_Quest-gvpckrqxtbgyprbgppjfqmimmmfw/Build/Intermediates.noindex/Firebase.build/Debug-iphonesimulator/FirebaseSharedSwift.build/Objects-normal/arm64/FirebaseSharedSwift.swiftmodule @/Users/siam/Library/Developer/Xcode/DerivedData/Lingua_Quest-gvpckrqxtbgyprbgppjfqmimmmfw/Build/Intermediates.noindex/Firebase.build/Debug-iphonesimulator/FirebaseSharedSwift.build/Objects-normal/arm64/FirebaseSharedSwift-linker-args.resp -o /Users/siam/Library/Developer/Xcode/DerivedData/Lingua_Quest-gvpckrqxtbgyprbgppjfqmimmmfw/Build/Intermediates.noindex/Firebase.build/Debug-iphonesimulator/FirebaseSharedSwift.build/Objects-normal/arm64/Binary/FirebaseSharedSwift.o

PrecompileModule /Users/siam/Library/Developer/Xcode/DerivedData/Lingua_Quest-gvpckrqxtbgyprbgppjfqmimmmfw/Build/Intermediates.noindex/ExplicitPrecompiledModules/CoreMedia-EZYSHZ18P56M0V9PH4KDPZDBL.scan
    cd /
    builtin-precompileModule /Users/siam/Library/Developer/Xcode/DerivedData/Lingua_Quest-gvpckrqxtbgyprbgppjfqmimmmfw/Build/Intermediates.noindex/ExplicitPrecompiledModules/CoreMedia-EZYSHZ18P56M0V9PH4KDPZDBL.scan

CreateUniversalBinary /Users/siam/Library/Developer/Xcode/DerivedData/Lingua_Quest-gvpckrqxtbgyprbgppjfqmimmmfw/Build/Products/Debug-iphonesimulator/FirebaseSharedSwift.o normal arm64\ x86_64 (in target 'FirebaseSharedSwift' from project 'Firebase')
    cd /Users/siam/Library/Developer/Xcode/DerivedData/Lingua_Quest-gvpckrqxtbgyprbgppjfqmimmmfw/SourcePackages/checkouts/firebase-ios-sdk
    /Applications/Xcode.app/Contents/Developer/Toolchains/XcodeDefault.xctoolchain/usr/bin/lipo -create /Users/siam/Library/Developer/Xcode/DerivedData/Lingua_Quest-gvpckrqxtbgyprbgppjfqmimmmfw/Build/Intermediates.noindex/Firebase.build/Debug-iphonesimulator/FirebaseSharedSwift.build/Objects-normal/arm64/Binary/FirebaseSharedSwift.o /Users/siam/Library/Developer/Xcode/DerivedData/Lingua_Quest-gvpckrqxtbgyprbgppjfqmimmmfw/Build/Intermediates.noindex/Firebase.build/Debug-iphonesimulator/FirebaseSharedSwift.build/Objects-normal/x86_64/Binary/FirebaseSharedSwift.o -output /Users/siam/Library/Developer/Xcode/DerivedData/Lingua_Quest-gvpckrqxtbgyprbgppjfqmimmmfw/Build/Products/Debug-iphonesimulator/FirebaseSharedSwift.o

SwiftDriverJobDiscovery normal x86_64 Compiling resource_bundle_accessor.swift (in target 'GoogleSignInSwift' from project 'GoogleSignIn')

PrecompileModule /Users/siam/Library/Developer/Xcode/DerivedData/Lingua_Quest-gvpckrqxtbgyprbgppjfqmimmmfw/Build/Intermediates.noindex/ExplicitPrecompiledModules/QuartzCore-CTDIBCOTVPJN1CDZUW8NPBWI4.scan
    cd /
    builtin-precompileModule /Users/siam/Library/Developer/Xcode/DerivedData/Lingua_Quest-gvpckrqxtbgyprbgppjfqmimmmfw/Build/Intermediates.noindex/ExplicitPrecompiledModules/QuartzCore-CTDIBCOTVPJN1CDZUW8NPBWI4.scan

PrecompileModule /Users/siam/Library/Developer/Xcode/DerivedData/Lingua_Quest-gvpckrqxtbgyprbgppjfqmimmmfw/Build/Intermediates.noindex/ExplicitPrecompiledModules/CoreImage-7A3YD57TKC0O1YCIR50BTHX9K.scan
    cd /
    builtin-precompileModule /Users/siam/Library/Developer/Xcode/DerivedData/Lingua_Quest-gvpckrqxtbgyprbgppjfqmimmmfw/Build/Intermediates.noindex/ExplicitPrecompiledModules/CoreImage-7A3YD57TKC0O1YCIR50BTHX9K.scan

SwiftCompile normal x86_64 Compiling\ Field.swift,\ ArrayExpression.swift,\ BooleanExpression.swift,\ DocumentSearchExpressions.swift,\ ConditionalExpression.swift,\ CurrentTimestamp.swift /Users/siam/Library/Developer/Xcode/DerivedData/Lingua_Quest-gvpckrqxtbgyprbgppjfqmimmmfw/SourcePackages/checkouts/firebase-ios-sdk/Firestore/Swift/Source/SwiftAPI/Pipeline/Expressions/Field.swift /Users/siam/Library/Developer/Xcode/DerivedData/Lingua_Quest-gvpckrqxtbgyprbgppjfqmimmmfw/SourcePackages/checkouts/firebase-ios-sdk/Firestore/Swift/Source/SwiftAPI/Pipeline/Expressions/FunctionExpressions/ArrayExpression.swift /Users/siam/Library/Developer/Xcode/DerivedData/Lingua_Quest-gvpckrqxtbgyprbgppjfqmimmmfw/SourcePackages/checkouts/firebase-ios-sdk/Firestore/Swift/Source/SwiftAPI/Pipeline/Expressions/FunctionExpressions/BooleanExpression/BooleanExpression.swift /Users/siam/Library/Developer/Xcode/DerivedData/Lingua_Quest-gvpckrqxtbgyprbgppjfqmimmmfw/SourcePackages/checkouts/firebase-ios-sdk/Firestore/Swift/Source/SwiftAPI/Pipeline/Expressions/FunctionExpressions/BooleanExpression/DocumentSearchExpressions.swift /Users/siam/Library/Developer/Xcode/DerivedData/Lingua_Quest-gvpckrqxtbgyprbgppjfqmimmmfw/SourcePackages/checkouts/firebase-ios-sdk/Firestore/Swift/Source/SwiftAPI/Pipeline/Expressions/FunctionExpressions/ConditionalExpression.swift /Users/siam/Library/Developer/Xcode/DerivedData/Lingua_Quest-gvpckrqxtbgyprbgppjfqmimmmfw/SourcePackages/checkouts/firebase-ios-sdk/Firestore/Swift/Source/SwiftAPI/Pipeline/Expressions/FunctionExpressions/CurrentTimestamp.swift (in target 'FirebaseFirestore' from project 'Firebase')

SwiftCompile normal x86_64 /Users/siam/Library/Developer/Xcode/DerivedData/Lingua_Quest-gvpckrqxtbgyprbgppjfqmimmmfw/SourcePackages/checkouts/firebase-ios-sdk/Firestore/Swift/Source/SwiftAPI/Pipeline/Expressions/Field.swift (in target 'FirebaseFirestore' from project 'Firebase')
    cd /Users/siam/Desktop/Lingua\ Quest/Lingua\ Quest.xcodeproj
    

SwiftCompile normal x86_64 /Users/siam/Library/Developer/Xcode/DerivedData/Lingua_Quest-gvpckrqxtbgyprbgppjfqmimmmfw/SourcePackages/checkouts/firebase-ios-sdk/Firestore/Swift/Source/SwiftAPI/Pipeline/Expressions/FunctionExpressions/ArrayExpression.swift (in target 'FirebaseFirestore' from project 'Firebase')
    cd /Users/siam/Desktop/Lingua\ Quest/Lingua\ Quest.xcodeproj
    

SwiftCompile normal x86_64 /Users/siam/Library/Developer/Xcode/DerivedData/Lingua_Quest-gvpckrqxtbgyprbgppjfqmimmmfw/SourcePackages/checkouts/firebase-ios-sdk/Firestore/Swift/Source/SwiftAPI/Pipeline/Expressions/FunctionExpressions/BooleanExpression/BooleanExpression.swift (in target 'FirebaseFirestore' from project 'Firebase')
    cd /Users/siam/Desktop/Lingua\ Quest/Lingua\ Quest.xcodeproj
    

SwiftCompile normal x86_64 /Users/siam/Library/Developer/Xcode/DerivedData/Lingua_Quest-gvpckrqxtbgyprbgppjfqmimmmfw/SourcePackages/checkouts/firebase-ios-sdk/Firestore/Swift/Source/SwiftAPI/Pipeline/Expressions/FunctionExpressions/BooleanExpression/DocumentSearchExpressions.swift (in target 'FirebaseFirestore' from project 'Firebase')
    cd /Users/siam/Desktop/Lingua\ Quest/Lingua\ Quest.xcodeproj
    

SwiftCompile normal x86_64 /Users/siam/Library/Developer/Xcode/DerivedData/Lingua_Quest-gvpckrqxtbgyprbgppjfqmimmmfw/SourcePackages/checkouts/firebase-ios-sdk/Firestore/Swift/Source/SwiftAPI/Pipeline/Expressions/FunctionExpressions/ConditionalExpression.swift (in target 'FirebaseFirestore' from project 'Firebase')
    cd /Users/siam/Desktop/Lingua\ Quest/Lingua\ Quest.xcodeproj
    

SwiftCompile normal x86_64 /Users/siam/Library/Developer/Xcode/DerivedData/Lingua_Quest-gvpckrqxtbgyprbgppjfqmimmmfw/SourcePackages/checkouts/firebase-ios-sdk/Firestore/Swift/Source/SwiftAPI/Pipeline/Expressions/FunctionExpressions/CurrentTimestamp.swift (in target 'FirebaseFirestore' from project 'Firebase')
    cd /Users/siam/Desktop/Lingua\ Quest/Lingua\ Quest.xcodeproj
    

SwiftCompile normal x86_64 Compiling\ QueryEnhancement.swift,\ RealtimePipeline.swift,\ RealtimePipelineSource.swift,\ Selectable.swift,\ Subcollection.swift /Users/siam/Library/Developer/Xcode/DerivedData/Lingua_Quest-gvpckrqxtbgyprbgppjfqmimmmfw/SourcePackages/checkouts/firebase-ios-sdk/Firestore/Swift/Source/SwiftAPI/Pipeline/QueryEnhancement.swift /Users/siam/Library/Developer/Xcode/DerivedData/Lingua_Quest-gvpckrqxtbgyprbgppjfqmimmmfw/SourcePackages/checkouts/firebase-ios-sdk/Firestore/Swift/Source/SwiftAPI/Pipeline/RealtimePipeline.swift /Users/siam/Library/Developer/Xcode/DerivedData/Lingua_Quest-gvpckrqxtbgyprbgppjfqmimmmfw/SourcePackages/checkouts/firebase-ios-sdk/Firestore/Swift/Source/SwiftAPI/Pipeline/RealtimePipelineSource.swift /Users/siam/Library/Developer/Xcode/DerivedData/Lingua_Quest-gvpckrqxtbgyprbgppjfqmimmmfw/SourcePackages/checkouts/firebase-ios-sdk/Firestore/Swift/Source/SwiftAPI/Pipeline/Selectable.swift /Users/siam/Library/Developer/Xcode/DerivedData/Lingua_Quest-gvpckrqxtbgyprbgppjfqmimmmfw/SourcePackages/checkouts/firebase-ios-sdk/Firestore/Swift/Source/SwiftAPI/Pipeline/Subcollection.swift (in target 'FirebaseFirestore' from project 'Firebase')

SwiftCompile normal x86_64 /Users/siam/Library/Developer/Xcode/DerivedData/Lingua_Quest-gvpckrqxtbgyprbgppjfqmimmmfw/SourcePackages/checkouts/firebase-ios-sdk/Firestore/Swift/Source/SwiftAPI/Pipeline/QueryEnhancement.swift (in target 'FirebaseFirestore' from project 'Firebase')
    cd /Users/siam/Desktop/Lingua\ Quest/Lingua\ Quest.xcodeproj
    

SwiftCompile normal x86_64 /Users/siam/Library/Developer/Xcode/DerivedData/Lingua_Quest-gvpckrqxtbgyprbgppjfqmimmmfw/SourcePackages/checkouts/firebase-ios-sdk/Firestore/Swift/Source/SwiftAPI/Pipeline/RealtimePipeline.swift (in target 'FirebaseFirestore' from project 'Firebase')
    cd /Users/siam/Desktop/Lingua\ Quest/Lingua\ Quest.xcodeproj
    

SwiftCompile normal x86_64 /Users/siam/Library/Developer/Xcode/DerivedData/Lingua_Quest-gvpckrqxtbgyprbgppjfqmimmmfw/SourcePackages/checkouts/firebase-ios-sdk/Firestore/Swift/Source/SwiftAPI/Pipeline/RealtimePipelineSource.swift (in target 'FirebaseFirestore' from project 'Firebase')
    cd /Users/siam/Desktop/Lingua\ Quest/Lingua\ Quest.xcodeproj
    

SwiftCompile normal x86_64 /Users/siam/Library/Developer/Xcode/DerivedData/Lingua_Quest-gvpckrqxtbgyprbgppjfqmimmmfw/SourcePackages/checkouts/firebase-ios-sdk/Firestore/Swift/Source/SwiftAPI/Pipeline/Selectable.swift (in target 'FirebaseFirestore' from project 'Firebase')
    cd /Users/siam/Desktop/Lingua\ Quest/Lingua\ Quest.xcodeproj
    

SwiftCompile normal x86_64 /Users/siam/Library/Developer/Xcode/DerivedData/Lingua_Quest-gvpckrqxtbgyprbgppjfqmimmmfw/SourcePackages/checkouts/firebase-ios-sdk/Firestore/Swift/Source/SwiftAPI/Pipeline/Subcollection.swift (in target 'FirebaseFirestore' from project 'Firebase')
    cd /Users/siam/Desktop/Lingua\ Quest/Lingua\ Quest.xcodeproj
    

SwiftDriverJobDiscovery normal x86_64 Compiling GoogleSignInButtonStrings.swift (in target 'GoogleSignInSwift' from project 'GoogleSignIn')

SwiftCompile normal arm64 Compiling\ ExpressionImplementation.swift,\ PipelineHelper.swift,\ PipelineResultChange.swift,\ PipelineWrapper.swift,\ FirestoreQuery.swift,\ FirestoreQueryObservable.swift /Users/siam/Library/Developer/Xcode/DerivedData/Lingua_Quest-gvpckrqxtbgyprbgppjfqmimmmfw/SourcePackages/checkouts/firebase-ios-sdk/Firestore/Swift/Source/ExpressionImplementation.swift /Users/siam/Library/Developer/Xcode/DerivedData/Lingua_Quest-gvpckrqxtbgyprbgppjfqmimmmfw/SourcePackages/checkouts/firebase-ios-sdk/Firestore/Swift/Source/Helper/PipelineHelper.swift /Users/siam/Library/Developer/Xcode/DerivedData/Lingua_Quest-gvpckrqxtbgyprbgppjfqmimmmfw/SourcePackages/checkouts/firebase-ios-sdk/Firestore/Swift/Source/PipelineResultChange.swift /Users/siam/Library/Developer/Xcode/DerivedData/Lingua_Quest-gvpckrqxtbgyprbgppjfqmimmmfw/SourcePackages/checkouts/firebase-ios-sdk/Firestore/Swift/Source/PipelineWrapper.swift /Users/siam/Library/Developer/Xcode/DerivedData/Lingua_Quest-gvpckrqxtbgyprbgppjfqmimmmfw/SourcePackages/checkouts/firebase-ios-sdk/Firestore/Swift/Source/PropertyWrapper/FirestoreQuery.swift /Users/siam/Library/Developer/Xcode/DerivedData/Lingua_Quest-gvpckrqxtbgyprbgppjfqmimmmfw/SourcePackages/checkouts/firebase-ios-sdk/Firestore/Swift/Source/PropertyWrapper/FirestoreQueryObservable.swift (in target 'FirebaseFirestore' from project 'Firebase')
SwiftCompile normal arm64 /Users/siam/Library/Developer/Xcode/DerivedData/Lingua_Quest-gvpckrqxtbgyprbgppjfqmimmmfw/SourcePackages/checkouts/firebase-ios-sdk/Firestore/Swift/Source/ExpressionImplementation.swift (in target 'FirebaseFirestore' from project 'Firebase')
    cd /Users/siam/Desktop/Lingua\ Quest/Lingua\ Quest.xcodeproj
    

SwiftCompile normal arm64 /Users/siam/Library/Developer/Xcode/DerivedData/Lingua_Quest-gvpckrqxtbgyprbgppjfqmimmmfw/SourcePackages/checkouts/firebase-ios-sdk/Firestore/Swift/Source/Helper/PipelineHelper.swift (in target 'FirebaseFirestore' from project 'Firebase')
    cd /Users/siam/Desktop/Lingua\ Quest/Lingua\ Quest.xcodeproj
    

SwiftCompile normal arm64 /Users/siam/Library/Developer/Xcode/DerivedData/Lingua_Quest-gvpckrqxtbgyprbgppjfqmimmmfw/SourcePackages/checkouts/firebase-ios-sdk/Firestore/Swift/Source/PipelineResultChange.swift (in target 'FirebaseFirestore' from project 'Firebase')
    cd /Users/siam/Desktop/Lingua\ Quest/Lingua\ Quest.xcodeproj
    

SwiftCompile normal arm64 /Users/siam/Library/Developer/Xcode/DerivedData/Lingua_Quest-gvpckrqxtbgyprbgppjfqmimmmfw/SourcePackages/checkouts/firebase-ios-sdk/Firestore/Swift/Source/PipelineWrapper.swift (in target 'FirebaseFirestore' from project 'Firebase')
    cd /Users/siam/Desktop/Lingua\ Quest/Lingua\ Quest.xcodeproj
    

SwiftCompile normal arm64 /Users/siam/Library/Developer/Xcode/DerivedData/Lingua_Quest-gvpckrqxtbgyprbgppjfqmimmmfw/SourcePackages/checkouts/firebase-ios-sdk/Firestore/Swift/Source/PropertyWrapper/FirestoreQuery.swift (in target 'FirebaseFirestore' from project 'Firebase')
    cd /Users/siam/Desktop/Lingua\ Quest/Lingua\ Quest.xcodeproj
    

SwiftCompile normal arm64 /Users/siam/Library/Developer/Xcode/DerivedData/Lingua_Quest-gvpckrqxtbgyprbgppjfqmimmmfw/SourcePackages/checkouts/firebase-ios-sdk/Firestore/Swift/Source/PropertyWrapper/FirestoreQueryObservable.swift (in target 'FirebaseFirestore' from project 'Firebase')
    cd /Users/siam/Desktop/Lingua\ Quest/Lingua\ Quest.xcodeproj
    

CompileC /Users/siam/Library/Developer/Xcode/DerivedData/Lingua_Quest-gvpckrqxtbgyprbgppjfqmimmmfw/Build/Intermediates.noindex/Firebase.build/Debug-iphonesimulator/FirebaseCore.build/Objects-normal/arm64/resource_bundle_accessor.o /Users/siam/Library/Developer/Xcode/DerivedData/Lingua_Quest-gvpckrqxtbgyprbgppjfqmimmmfw/Build/Intermediates.noindex/Firebase.build/Debug-iphonesimulator/FirebaseCore.build/DerivedSources/resource_bundle_accessor.m normal arm64 objective-c com.apple.compilers.llvm.clang.1_0.compiler (in target 'FirebaseCore' from project 'Firebase')
    cd /Users/siam/Desktop/Lingua\ Quest/Lingua\ Quest.xcodeproj
    
    Using response file: /Users/siam/Library/Developer/Xcode/DerivedData/Lingua_Quest-gvpckrqxtbgyprbgppjfqmimmmfw/Build/Intermediates.noindex/Firebase.build/Debug-iphonesimulator/FirebaseCore.build/Objects-normal/arm64/e6072d4f65d7061329687fe24e3d63a7-common-args.resp
    
    /Applications/Xcode.app/Contents/Developer/Toolchains/XcodeDefault.xctoolchain/usr/bin/clang -x objective-c -ivfsstatcache /Users/siam/Library/Developer/Xcode/DerivedData/SDKStatCaches.noindex/iphonesimulator26.0-23A339-26257891a6c027eb51374368541b8346.sdkstatcache -fmessage-length\=0 -fdiagnostics-show-note-include-stack -fmacro-backtrace-limit\=0 -fno-color-diagnostics -fmodules-prune-interval\=86400 -fmodules-prune-after\=345600 -fbuild-session-file\=/Users/siam/Library/Developer/Xcode/DerivedData/ModuleCache.noindex/Session.modulevalidation -fmodules-validate-once-per-build-session -Wnon-modular-include-in-framework-module -Werror\=non-modular-include-in-framework-module -Wno-trigraphs -Wno-missing-field-initializers -Wno-missing-prototypes -Wno-return-type -Wno-implicit-atomic-properties -Wno-objc-interface-ivars -Wno-arc-repeated-use-of-weak -Wno-missing-braces -Wparentheses -Wswitch -Wno-unused-function -Wno-unused-label -Wno-unused-parameter -Wno-unused-variable -Wunused-value -Wno-empty-body -Wno-uninitialized -Wno-unknown-pragmas -w -Wno-shadow -Wno-four-char-constants -Wno-conversion -Wno-constant-conversion -Wno-int-conversion -Wno-bool-conversion -Wno-enum-conversion -Wno-float-conversion -Wno-non-literal-null-conversion -Wno-objc-literal-conversion -Wshorten-64-to-32 -Wpointer-sign -Wno-newline-eof -Wno-selector -Wno-strict-selector-match -Wno-undeclared-selector -Wno-deprecated-implementations -Wno-implicit-fallthrough -fstrict-aliasing -Wprotocol -Wdeprecated-declarations -Wno-sign-conversion -Wno-infinite-recursion -Wno-comma -Wno-block-capture-autoreleasing -Wno-strict-prototypes -Wno-semicolon-before-method-body -index-store-path /Users/siam/Library/Developer/Xcode/DerivedData/Lingua_Quest-gvpckrqxtbgyprbgppjfqmimmmfw/Index.noindex/DataStore @/Users/siam/Library/Developer/Xcode/DerivedData/Lingua_Quest-gvpckrqxtbgyprbgppjfqmimmmfw/Build/Intermediates.noindex/Firebase.build/Debug-iphonesimulator/FirebaseCore.build/Objects-normal/arm64/e6072d4f65d7061329687fe24e3d63a7-common-args.resp -include /Users/siam/Library/Developer/Xcode/DerivedData/Lingua_Quest-gvpckrqxtbgyprbgppjfqmimmmfw/Build/Intermediates.noindex/Firebase.build/Debug-iphonesimulator/FirebaseCore.build/DerivedSources/resource_bundle_accessor.h -MMD -MT dependencies -MF /Users/siam/Library/Developer/Xcode/DerivedData/Lingua_Quest-gvpckrqxtbgyprbgppjfqmimmmfw/Build/Intermediates.noindex/Firebase.build/Debug-iphonesimulator/FirebaseCore.build/Objects-normal/arm64/resource_bundle_accessor.d --serialize-diagnostics /Users/siam/Library/Developer/Xcode/DerivedData/Lingua_Quest-gvpckrqxtbgyprbgppjfqmimmmfw/Build/Intermediates.noindex/Firebase.build/Debug-iphonesimulator/FirebaseCore.build/Objects-normal/arm64/resource_bundle_accessor.dia -c /Users/siam/Library/Developer/Xcode/DerivedData/Lingua_Quest-gvpckrqxtbgyprbgppjfqmimmmfw/Build/Intermediates.noindex/Firebase.build/Debug-iphonesimulator/FirebaseCore.build/DerivedSources/resource_bundle_accessor.m -o /Users/siam/Library/Developer/Xcode/DerivedData/Lingua_Quest-gvpckrqxtbgyprbgppjfqmimmmfw/Build/Intermediates.noindex/Firebase.build/Debug-iphonesimulator/FirebaseCore.build/Objects-normal/arm64/resource_bundle_accessor.o -index-unit-output-path /Firebase.build/Debug-iphonesimulator/FirebaseCore.build/Objects-normal/arm64/resource_bundle_accessor.o

CompileC /Users/siam/Library/Developer/Xcode/DerivedData/Lingua_Quest-gvpckrqxtbgyprbgppjfqmimmmfw/Build/Intermediates.noindex/Firebase.build/Debug-iphonesimulator/FirebaseCore.build/Objects-normal/arm64/FIRVersion.o /Users/siam/Library/Developer/Xcode/DerivedData/Lingua_Quest-gvpckrqxtbgyprbgppjfqmimmmfw/SourcePackages/checkouts/firebase-ios-sdk/FirebaseCore/Sources/FIRVersion.m normal arm64 objective-c com.apple.compilers.llvm.clang.1_0.compiler (in target 'FirebaseCore' from project 'Firebase')
    cd /Users/siam/Desktop/Lingua\ Quest/Lingua\ Quest.xcodeproj
    
    Using response file: /Users/siam/Library/Developer/Xcode/DerivedData/Lingua_Quest-gvpckrqxtbgyprbgppjfqmimmmfw/Build/Intermediates.noindex/Firebase.build/Debug-iphonesimulator/FirebaseCore.build/Objects-normal/arm64/e6072d4f65d7061329687fe24e3d63a7-common-args.resp
    
    /Applications/Xcode.app/Contents/Developer/Toolchains/XcodeDefault.xctoolchain/usr/bin/clang -x objective-c -ivfsstatcache /Users/siam/Library/Developer/Xcode/DerivedData/SDKStatCaches.noindex/iphonesimulator26.0-23A339-26257891a6c027eb51374368541b8346.sdkstatcache -fmessage-length\=0 -fdiagnostics-show-note-include-stack -fmacro-backtrace-limit\=0 -fno-color-diagnostics -fmodules-prune-interval\=86400 -fmodules-prune-after\=345600 -fbuild-session-file\=/Users/siam/Library/Developer/Xcode/DerivedData/ModuleCache.noindex/Session.modulevalidation -fmodules-validate-once-per-build-session -Wnon-modular-include-in-framework-module -Werror\=non-modular-include-in-framework-module -Wno-trigraphs -Wno-missing-field-initializers -Wno-missing-prototypes -Wno-return-type -Wno-implicit-atomic-properties -Wno-objc-interface-ivars -Wno-arc-repeated-use-of-weak -Wno-missing-braces -Wparentheses -Wswitch -Wno-unused-function -Wno-unused-label -Wno-unused-parameter -Wno-unused-variable -Wunused-value -Wno-empty-body -Wno-uninitialized -Wno-unknown-pragmas -w -Wno-shadow -Wno-four-char-constants -Wno-conversion -Wno-constant-conversion -Wno-int-conversion -Wno-bool-conversion -Wno-enum-conversion -Wno-float-conversion -Wno-non-literal-null-conversion -Wno-objc-literal-conversion -Wshorten-64-to-32 -Wpointer-sign -Wno-newline-eof -Wno-selector -Wno-strict-selector-match -Wno-undeclared-selector -Wno-deprecated-implementations -Wno-implicit-fallthrough -fstrict-aliasing -Wprotocol -Wdeprecated-declarations -Wno-sign-conversion -Wno-infinite-recursion -Wno-comma -Wno-block-capture-autoreleasing -Wno-strict-prototypes -Wno-semicolon-before-method-body -index-store-path /Users/siam/Library/Developer/Xcode/DerivedData/Lingua_Quest-gvpckrqxtbgyprbgppjfqmimmmfw/Index.noindex/DataStore @/Users/siam/Library/Developer/Xcode/DerivedData/Lingua_Quest-gvpckrqxtbgyprbgppjfqmimmmfw/Build/Intermediates.noindex/Firebase.build/Debug-iphonesimulator/FirebaseCore.build/Objects-normal/arm64/e6072d4f65d7061329687fe24e3d63a7-common-args.resp -include /Users/siam/Library/Developer/Xcode/DerivedData/Lingua_Quest-gvpckrqxtbgyprbgppjfqmimmmfw/Build/Intermediates.noindex/Firebase.build/Debug-iphonesimulator/FirebaseCore.build/DerivedSources/resource_bundle_accessor.h -MMD -MT dependencies -MF /Users/siam/Library/Developer/Xcode/DerivedData/Lingua_Quest-gvpckrqxtbgyprbgppjfqmimmmfw/Build/Intermediates.noindex/Firebase.build/Debug-iphonesimulator/FirebaseCore.build/Objects-normal/arm64/FIRVersion.d --serialize-diagnostics /Users/siam/Library/Developer/Xcode/DerivedData/Lingua_Quest-gvpckrqxtbgyprbgppjfqmimmmfw/Build/Intermediates.noindex/Firebase.build/Debug-iphonesimulator/FirebaseCore.build/Objects-normal/arm64/FIRVersion.dia -c /Users/siam/Library/Developer/Xcode/DerivedData/Lingua_Quest-gvpckrqxtbgyprbgppjfqmimmmfw/SourcePackages/checkouts/firebase-ios-sdk/FirebaseCore/Sources/FIRVersion.m -o /Users/siam/Library/Developer/Xcode/DerivedData/Lingua_Quest-gvpckrqxtbgyprbgppjfqmimmmfw/Build/Intermediates.noindex/Firebase.build/Debug-iphonesimulator/FirebaseCore.build/Objects-normal/arm64/FIRVersion.o -index-unit-output-path /Firebase.build/Debug-iphonesimulator/FirebaseCore.build/Objects-normal/arm64/FIRVersion.o

CompileC /Users/siam/Library/Developer/Xcode/DerivedData/Lingua_Quest-gvpckrqxtbgyprbgppjfqmimmmfw/Build/Intermediates.noindex/Firebase.build/Debug-iphonesimulator/FirebaseCore.build/Objects-normal/arm64/FIRTimestamp.o /Users/siam/Library/Developer/Xcode/DerivedData/Lingua_Quest-gvpckrqxtbgyprbgppjfqmimmmfw/SourcePackages/checkouts/firebase-ios-sdk/FirebaseCore/Sources/FIRTimestamp.m normal arm64 objective-c com.apple.compilers.llvm.clang.1_0.compiler (in target 'FirebaseCore' from project 'Firebase')
    cd /Users/siam/Desktop/Lingua\ Quest/Lingua\ Quest.xcodeproj
    
    Using response file: /Users/siam/Library/Developer/Xcode/DerivedData/Lingua_Quest-gvpckrqxtbgyprbgppjfqmimmmfw/Build/Intermediates.noindex/Firebase.build/Debug-iphonesimulator/FirebaseCore.build/Objects-normal/arm64/e6072d4f65d7061329687fe24e3d63a7-common-args.resp
    
    /Applications/Xcode.app/Contents/Developer/Toolchains/XcodeDefault.xctoolchain/usr/bin/clang -x objective-c -ivfsstatcache /Users/siam/Library/Developer/Xcode/DerivedData/SDKStatCaches.noindex/iphonesimulator26.0-23A339-26257891a6c027eb51374368541b8346.sdkstatcache -fmessage-length\=0 -fdiagnostics-show-note-include-stack -fmacro-backtrace-limit\=0 -fno-color-diagnostics -fmodules-prune-interval\=86400 -fmodules-prune-after\=345600 -fbuild-session-file\=/Users/siam/Library/Developer/Xcode/DerivedData/ModuleCache.noindex/Session.modulevalidation -fmodules-validate-once-per-build-session -Wnon-modular-include-in-framework-module -Werror\=non-modular-include-in-framework-module -Wno-trigraphs -Wno-missing-field-initializers -Wno-missing-prototypes -Wno-return-type -Wno-implicit-atomic-properties -Wno-objc-interface-ivars -Wno-arc-repeated-use-of-weak -Wno-missing-braces -Wparentheses -Wswitch -Wno-unused-function -Wno-unused-label -Wno-unused-parameter -Wno-unused-variable -Wunused-value -Wno-empty-body -Wno-uninitialized -Wno-unknown-pragmas -w -Wno-shadow -Wno-four-char-constants -Wno-conversion -Wno-constant-conversion -Wno-int-conversion -Wno-bool-conversion -Wno-enum-conversion -Wno-float-conversion -Wno-non-literal-null-conversion -Wno-objc-literal-conversion -Wshorten-64-to-32 -Wpointer-sign -Wno-newline-eof -Wno-selector -Wno-strict-selector-match -Wno-undeclared-selector -Wno-deprecated-implementations -Wno-implicit-fallthrough -fstrict-aliasing -Wprotocol -Wdeprecated-declarations -Wno-sign-conversion -Wno-infinite-recursion -Wno-comma -Wno-block-capture-autoreleasing -Wno-strict-prototypes -Wno-semicolon-before-method-body -index-store-path /Users/siam/Library/Developer/Xcode/DerivedData/Lingua_Quest-gvpckrqxtbgyprbgppjfqmimmmfw/Index.noindex/DataStore @/Users/siam/Library/Developer/Xcode/DerivedData/Lingua_Quest-gvpckrqxtbgyprbgppjfqmimmmfw/Build/Intermediates.noindex/Firebase.build/Debug-iphonesimulator/FirebaseCore.build/Objects-normal/arm64/e6072d4f65d7061329687fe24e3d63a7-common-args.resp -include /Users/siam/Library/Developer/Xcode/DerivedData/Lingua_Quest-gvpckrqxtbgyprbgppjfqmimmmfw/Build/Intermediates.noindex/Firebase.build/Debug-iphonesimulator/FirebaseCore.build/DerivedSources/resource_bundle_accessor.h -MMD -MT dependencies -MF /Users/siam/Library/Developer/Xcode/DerivedData/Lingua_Quest-gvpckrqxtbgyprbgppjfqmimmmfw/Build/Intermediates.noindex/Firebase.build/Debug-iphonesimulator/FirebaseCore.build/Objects-normal/arm64/FIRTimestamp.d --serialize-diagnostics /Users/siam/Library/Developer/Xcode/DerivedData/Lingua_Quest-gvpckrqxtbgyprbgppjfqmimmmfw/Build/Intermediates.noindex/Firebase.build/Debug-iphonesimulator/FirebaseCore.build/Objects-normal/arm64/FIRTimestamp.dia -c /Users/siam/Library/Developer/Xcode/DerivedData/Lingua_Quest-gvpckrqxtbgyprbgppjfqmimmmfw/SourcePackages/checkouts/firebase-ios-sdk/FirebaseCore/Sources/FIRTimestamp.m -o /Users/siam/Library/Developer/Xcode/DerivedData/Lingua_Quest-gvpckrqxtbgyprbgppjfqmimmmfw/Build/Intermediates.noindex/Firebase.build/Debug-iphonesimulator/FirebaseCore.build/Objects-normal/arm64/FIRTimestamp.o -index-unit-output-path /Firebase.build/Debug-iphonesimulator/FirebaseCore.build/Objects-normal/arm64/FIRTimestamp.o

CompileC /Users/siam/Library/Developer/Xcode/DerivedData/Lingua_Quest-gvpckrqxtbgyprbgppjfqmimmmfw/Build/Intermediates.noindex/Firebase.build/Debug-iphonesimulator/FirebaseCore.build/Objects-normal/arm64/FIROptions.o /Users/siam/Library/Developer/Xcode/DerivedData/Lingua_Quest-gvpckrqxtbgyprbgppjfqmimmmfw/SourcePackages/checkouts/firebase-ios-sdk/FirebaseCore/Sources/FIROptions.m normal arm64 objective-c com.apple.compilers.llvm.clang.1_0.compiler (in target 'FirebaseCore' from project 'Firebase')
    cd /Users/siam/Desktop/Lingua\ Quest/Lingua\ Quest.xcodeproj
    
    Using response file: /Users/siam/Library/Developer/Xcode/DerivedData/Lingua_Quest-gvpckrqxtbgyprbgppjfqmimmmfw/Build/Intermediates.noindex/Firebase.build/Debug-iphonesimulator/FirebaseCore.build/Objects-normal/arm64/e6072d4f65d7061329687fe24e3d63a7-common-args.resp
    
    /Applications/Xcode.app/Contents/Developer/Toolchains/XcodeDefault.xctoolchain/usr/bin/clang -x objective-c -ivfsstatcache /Users/siam/Library/Developer/Xcode/DerivedData/SDKStatCaches.noindex/iphonesimulator26.0-23A339-26257891a6c027eb51374368541b8346.sdkstatcache -fmessage-length\=0 -fdiagnostics-show-note-include-stack -fmacro-backtrace-limit\=0 -fno-color-diagnostics -fmodules-prune-interval\=86400 -fmodules-prune-after\=345600 -fbuild-session-file\=/Users/siam/Library/Developer/Xcode/DerivedData/ModuleCache.noindex/Session.modulevalidation -fmodules-validate-once-per-build-session -Wnon-modular-include-in-framework-module -Werror\=non-modular-include-in-framework-module -Wno-trigraphs -Wno-missing-field-initializers -Wno-missing-prototypes -Wno-return-type -Wno-implicit-atomic-properties -Wno-objc-interface-ivars -Wno-arc-repeated-use-of-weak -Wno-missing-braces -Wparentheses -Wswitch -Wno-unused-function -Wno-unused-label -Wno-unused-parameter -Wno-unused-variable -Wunused-value -Wno-empty-body -Wno-uninitialized -Wno-unknown-pragmas -w -Wno-shadow -Wno-four-char-constants -Wno-conversion -Wno-constant-conversion -Wno-int-conversion -Wno-bool-conversion -Wno-enum-conversion -Wno-float-conversion -Wno-non-literal-null-conversion -Wno-objc-literal-conversion -Wshorten-64-to-32 -Wpointer-sign -Wno-newline-eof -Wno-selector -Wno-strict-selector-match -Wno-undeclared-selector -Wno-deprecated-implementations -Wno-implicit-fallthrough -fstrict-aliasing -Wprotocol -Wdeprecated-declarations -Wno-sign-conversion -Wno-infinite-recursion -Wno-comma -Wno-block-capture-autoreleasing -Wno-strict-prototypes -Wno-semicolon-before-method-body -index-store-path /Users/siam/Library/Developer/Xcode/DerivedData/Lingua_Quest-gvpckrqxtbgyprbgppjfqmimmmfw/Index.noindex/DataStore @/Users/siam/Library/Developer/Xcode/DerivedData/Lingua_Quest-gvpckrqxtbgyprbgppjfqmimmmfw/Build/Intermediates.noindex/Firebase.build/Debug-iphonesimulator/FirebaseCore.build/Objects-normal/arm64/e6072d4f65d7061329687fe24e3d63a7-common-args.resp -include /Users/siam/Library/Developer/Xcode/DerivedData/Lingua_Quest-gvpckrqxtbgyprbgppjfqmimmmfw/Build/Intermediates.noindex/Firebase.build/Debug-iphonesimulator/FirebaseCore.build/DerivedSources/resource_bundle_accessor.h -MMD -MT dependencies -MF /Users/siam/Library/Developer/Xcode/DerivedData/Lingua_Quest-gvpckrqxtbgyprbgppjfqmimmmfw/Build/Intermediates.noindex/Firebase.build/Debug-iphonesimulator/FirebaseCore.build/Objects-normal/arm64/FIROptions.d --serialize-diagnostics /Users/siam/Library/Developer/Xcode/DerivedData/Lingua_Quest-gvpckrqxtbgyprbgppjfqmimmmfw/Build/Intermediates.noindex/Firebase.build/Debug-iphonesimulator/FirebaseCore.build/Objects-normal/arm64/FIROptions.dia -c /Users/siam/Library/Developer/Xcode/DerivedData/Lingua_Quest-gvpckrqxtbgyprbgppjfqmimmmfw/SourcePackages/checkouts/firebase-ios-sdk/FirebaseCore/Sources/FIROptions.m -o /Users/siam/Library/Developer/Xcode/DerivedData/Lingua_Quest-gvpckrqxtbgyprbgppjfqmimmmfw/Build/Intermediates.noindex/Firebase.build/Debug-iphonesimulator/FirebaseCore.build/Objects-normal/arm64/FIROptions.o -index-unit-output-path /Firebase.build/Debug-iphonesimulator/FirebaseCore.build/Objects-normal/arm64/FIROptions.o

SwiftDriverJobDiscovery normal x86_64 Compiling GoogleSignInButton.swift (in target 'GoogleSignInSwift' from project 'GoogleSignIn')

CompileC /Users/siam/Library/Developer/Xcode/DerivedData/Lingua_Quest-gvpckrqxtbgyprbgppjfqmimmmfw/Build/Intermediates.noindex/Firebase.build/Debug-iphonesimulator/FirebaseCore.build/Objects-normal/arm64/FIRConfiguration.o /Users/siam/Library/Developer/Xcode/DerivedData/Lingua_Quest-gvpckrqxtbgyprbgppjfqmimmmfw/SourcePackages/checkouts/firebase-ios-sdk/FirebaseCore/Sources/FIRConfiguration.m normal arm64 objective-c com.apple.compilers.llvm.clang.1_0.compiler (in target 'FirebaseCore' from project 'Firebase')
    cd /Users/siam/Desktop/Lingua\ Quest/Lingua\ Quest.xcodeproj
    
    Using response file: /Users/siam/Library/Developer/Xcode/DerivedData/Lingua_Quest-gvpckrqxtbgyprbgppjfqmimmmfw/Build/Intermediates.noindex/Firebase.build/Debug-iphonesimulator/FirebaseCore.build/Objects-normal/arm64/e6072d4f65d7061329687fe24e3d63a7-common-args.resp
    
    /Applications/Xcode.app/Contents/Developer/Toolchains/XcodeDefault.xctoolchain/usr/bin/clang -x objective-c -ivfsstatcache /Users/siam/Library/Developer/Xcode/DerivedData/SDKStatCaches.noindex/iphonesimulator26.0-23A339-26257891a6c027eb51374368541b8346.sdkstatcache -fmessage-length\=0 -fdiagnostics-show-note-include-stack -fmacro-backtrace-limit\=0 -fno-color-diagnostics -fmodules-prune-interval\=86400 -fmodules-prune-after\=345600 -fbuild-session-file\=/Users/siam/Library/Developer/Xcode/DerivedData/ModuleCache.noindex/Session.modulevalidation -fmodules-validate-once-per-build-session -Wnon-modular-include-in-framework-module -Werror\=non-modular-include-in-framework-module -Wno-trigraphs -Wno-missing-field-initializers -Wno-missing-prototypes -Wno-return-type -Wno-implicit-atomic-properties -Wno-objc-interface-ivars -Wno-arc-repeated-use-of-weak -Wno-missing-braces -Wparentheses -Wswitch -Wno-unused-function -Wno-unused-label -Wno-unused-parameter -Wno-unused-variable -Wunused-value -Wno-empty-body -Wno-uninitialized -Wno-unknown-pragmas -w -Wno-shadow -Wno-four-char-constants -Wno-conversion -Wno-constant-conversion -Wno-int-conversion -Wno-bool-conversion -Wno-enum-conversion -Wno-float-conversion -Wno-non-literal-null-conversion -Wno-objc-literal-conversion -Wshorten-64-to-32 -Wpointer-sign -Wno-newline-eof -Wno-selector -Wno-strict-selector-match -Wno-undeclared-selector -Wno-deprecated-implementations -Wno-implicit-fallthrough -fstrict-aliasing -Wprotocol -Wdeprecated-declarations -Wno-sign-conversion -Wno-infinite-recursion -Wno-comma -Wno-block-capture-autoreleasing -Wno-strict-prototypes -Wno-semicolon-before-method-body -index-store-path /Users/siam/Library/Developer/Xcode/DerivedData/Lingua_Quest-gvpckrqxtbgyprbgppjfqmimmmfw/Index.noindex/DataStore @/Users/siam/Library/Developer/Xcode/DerivedData/Lingua_Quest-gvpckrqxtbgyprbgppjfqmimmmfw/Build/Intermediates.noindex/Firebase.build/Debug-iphonesimulator/FirebaseCore.build/Objects-normal/arm64/e6072d4f65d7061329687fe24e3d63a7-common-args.resp -include /Users/siam/Library/Developer/Xcode/DerivedData/Lingua_Quest-gvpckrqxtbgyprbgppjfqmimmmfw/Build/Intermediates.noindex/Firebase.build/Debug-iphonesimulator/FirebaseCore.build/DerivedSources/resource_bundle_accessor.h -MMD -MT dependencies -MF /Users/siam/Library/Developer/Xcode/DerivedData/Lingua_Quest-gvpckrqxtbgyprbgppjfqmimmmfw/Build/Intermediates.noindex/Firebase.build/Debug-iphonesimulator/FirebaseCore.build/Objects-normal/arm64/FIRConfiguration.d --serialize-diagnostics /Users/siam/Library/Developer/Xcode/DerivedData/Lingua_Quest-gvpckrqxtbgyprbgppjfqmimmmfw/Build/Intermediates.noindex/Firebase.build/Debug-iphonesimulator/FirebaseCore.build/Objects-normal/arm64/FIRConfiguration.dia -c /Users/siam/Library/Developer/Xcode/DerivedData/Lingua_Quest-gvpckrqxtbgyprbgppjfqmimmmfw/SourcePackages/checkouts/firebase-ios-sdk/FirebaseCore/Sources/FIRConfiguration.m -o /Users/siam/Library/Developer/Xcode/DerivedData/Lingua_Quest-gvpckrqxtbgyprbgppjfqmimmmfw/Build/Intermediates.noindex/Firebase.build/Debug-iphonesimulator/FirebaseCore.build/Objects-normal/arm64/FIRConfiguration.o -index-unit-output-path /Firebase.build/Debug-iphonesimulator/FirebaseCore.build/Objects-normal/arm64/FIRConfiguration.o

SwiftDriverJobDiscovery normal arm64 Compiling GoogleSignInButtonStyling.swift (in target 'GoogleSignInSwift' from project 'GoogleSignIn')

CompileC /Users/siam/Library/Developer/Xcode/DerivedData/Lingua_Quest-gvpckrqxtbgyprbgppjfqmimmmfw/Build/Intermediates.noindex/Firebase.build/Debug-iphonesimulator/FirebaseCore.build/Objects-normal/arm64/FIRComponentType.o /Users/siam/Library/Developer/Xcode/DerivedData/Lingua_Quest-gvpckrqxtbgyprbgppjfqmimmmfw/SourcePackages/checkouts/firebase-ios-sdk/FirebaseCore/Sources/FIRComponentType.m normal arm64 objective-c com.apple.compilers.llvm.clang.1_0.compiler (in target 'FirebaseCore' from project 'Firebase')
    cd /Users/siam/Desktop/Lingua\ Quest/Lingua\ Quest.xcodeproj
    
    Using response file: /Users/siam/Library/Developer/Xcode/DerivedData/Lingua_Quest-gvpckrqxtbgyprbgppjfqmimmmfw/Build/Intermediates.noindex/Firebase.build/Debug-iphonesimulator/FirebaseCore.build/Objects-normal/arm64/e6072d4f65d7061329687fe24e3d63a7-common-args.resp
    
    /Applications/Xcode.app/Contents/Developer/Toolchains/XcodeDefault.xctoolchain/usr/bin/clang -x objective-c -ivfsstatcache /Users/siam/Library/Developer/Xcode/DerivedData/SDKStatCaches.noindex/iphonesimulator26.0-23A339-26257891a6c027eb51374368541b8346.sdkstatcache -fmessage-length\=0 -fdiagnostics-show-note-include-stack -fmacro-backtrace-limit\=0 -fno-color-diagnostics -fmodules-prune-interval\=86400 -fmodules-prune-after\=345600 -fbuild-session-file\=/Users/siam/Library/Developer/Xcode/DerivedData/ModuleCache.noindex/Session.modulevalidation -fmodules-validate-once-per-build-session -Wnon-modular-include-in-framework-module -Werror\=non-modular-include-in-framework-module -Wno-trigraphs -Wno-missing-field-initializers -Wno-missing-prototypes -Wno-return-type -Wno-implicit-atomic-properties -Wno-objc-interface-ivars -Wno-arc-repeated-use-of-weak -Wno-missing-braces -Wparentheses -Wswitch -Wno-unused-function -Wno-unused-label -Wno-unused-parameter -Wno-unused-variable -Wunused-value -Wno-empty-body -Wno-uninitialized -Wno-unknown-pragmas -w -Wno-shadow -Wno-four-char-constants -Wno-conversion -Wno-constant-conversion -Wno-int-conversion -Wno-bool-conversion -Wno-enum-conversion -Wno-float-conversion -Wno-non-literal-null-conversion -Wno-objc-literal-conversion -Wshorten-64-to-32 -Wpointer-sign -Wno-newline-eof -Wno-selector -Wno-strict-selector-match -Wno-undeclared-selector -Wno-deprecated-implementations -Wno-implicit-fallthrough -fstrict-aliasing -Wprotocol -Wdeprecated-declarations -Wno-sign-conversion -Wno-infinite-recursion -Wno-comma -Wno-block-capture-autoreleasing -Wno-strict-prototypes -Wno-semicolon-before-method-body -index-store-path /Users/siam/Library/Developer/Xcode/DerivedData/Lingua_Quest-gvpckrqxtbgyprbgppjfqmimmmfw/Index.noindex/DataStore @/Users/siam/Library/Developer/Xcode/DerivedData/Lingua_Quest-gvpckrqxtbgyprbgppjfqmimmmfw/Build/Intermediates.noindex/Firebase.build/Debug-iphonesimulator/FirebaseCore.build/Objects-normal/arm64/e6072d4f65d7061329687fe24e3d63a7-common-args.resp -include /Users/siam/Library/Developer/Xcode/DerivedData/Lingua_Quest-gvpckrqxtbgyprbgppjfqmimmmfw/Build/Intermediates.noindex/Firebase.build/Debug-iphonesimulator/FirebaseCore.build/DerivedSources/resource_bundle_accessor.h -MMD -MT dependencies -MF /Users/siam/Library/Developer/Xcode/DerivedData/Lingua_Quest-gvpckrqxtbgyprbgppjfqmimmmfw/Build/Intermediates.noindex/Firebase.build/Debug-iphonesimulator/FirebaseCore.build/Objects-normal/arm64/FIRComponentType.d --serialize-diagnostics /Users/siam/Library/Developer/Xcode/DerivedData/Lingua_Quest-gvpckrqxtbgyprbgppjfqmimmmfw/Build/Intermediates.noindex/Firebase.build/Debug-iphonesimulator/FirebaseCore.build/Objects-normal/arm64/FIRComponentType.dia -c /Users/siam/Library/Developer/Xcode/DerivedData/Lingua_Quest-gvpckrqxtbgyprbgppjfqmimmmfw/SourcePackages/checkouts/firebase-ios-sdk/FirebaseCore/Sources/FIRComponentType.m -o /Users/siam/Library/Developer/Xcode/DerivedData/Lingua_Quest-gvpckrqxtbgyprbgppjfqmimmmfw/Build/Intermediates.noindex/Firebase.build/Debug-iphonesimulator/FirebaseCore.build/Objects-normal/arm64/FIRComponentType.o -index-unit-output-path /Firebase.build/Debug-iphonesimulator/FirebaseCore.build/Objects-normal/arm64/FIRComponentType.o

CompileC /Users/siam/Library/Developer/Xcode/DerivedData/Lingua_Quest-gvpckrqxtbgyprbgppjfqmimmmfw/Build/Intermediates.noindex/Firebase.build/Debug-iphonesimulator/FirebaseCore.build/Objects-normal/arm64/FIRComponentContainer.o /Users/siam/Library/Developer/Xcode/DerivedData/Lingua_Quest-gvpckrqxtbgyprbgppjfqmimmmfw/SourcePackages/checkouts/firebase-ios-sdk/FirebaseCore/Sources/FIRComponentContainer.m normal arm64 objective-c com.apple.compilers.llvm.clang.1_0.compiler (in target 'FirebaseCore' from project 'Firebase')
    cd /Users/siam/Desktop/Lingua\ Quest/Lingua\ Quest.xcodeproj
    
    Using response file: /Users/siam/Library/Developer/Xcode/DerivedData/Lingua_Quest-gvpckrqxtbgyprbgppjfqmimmmfw/Build/Intermediates.noindex/Firebase.build/Debug-iphonesimulator/FirebaseCore.build/Objects-normal/arm64/e6072d4f65d7061329687fe24e3d63a7-common-args.resp
    
    /Applications/Xcode.app/Contents/Developer/Toolchains/XcodeDefault.xctoolchain/usr/bin/clang -x objective-c -ivfsstatcache /Users/siam/Library/Developer/Xcode/DerivedData/SDKStatCaches.noindex/iphonesimulator26.0-23A339-26257891a6c027eb51374368541b8346.sdkstatcache -fmessage-length\=0 -fdiagnostics-show-note-include-stack -fmacro-backtrace-limit\=0 -fno-color-diagnostics -fmodules-prune-interval\=86400 -fmodules-prune-after\=345600 -fbuild-session-file\=/Users/siam/Library/Developer/Xcode/DerivedData/ModuleCache.noindex/Session.modulevalidation -fmodules-validate-once-per-build-session -Wnon-modular-include-in-framework-module -Werror\=non-modular-include-in-framework-module -Wno-trigraphs -Wno-missing-field-initializers -Wno-missing-prototypes -Wno-return-type -Wno-implicit-atomic-properties -Wno-objc-interface-ivars -Wno-arc-repeated-use-of-weak -Wno-missing-braces -Wparentheses -Wswitch -Wno-unused-function -Wno-unused-label -Wno-unused-parameter -Wno-unused-variable -Wunused-value -Wno-empty-body -Wno-uninitialized -Wno-unknown-pragmas -w -Wno-shadow -Wno-four-char-constants -Wno-conversion -Wno-constant-conversion -Wno-int-conversion -Wno-bool-conversion -Wno-enum-conversion -Wno-float-conversion -Wno-non-literal-null-conversion -Wno-objc-literal-conversion -Wshorten-64-to-32 -Wpointer-sign -Wno-newline-eof -Wno-selector -Wno-strict-selector-match -Wno-undeclared-selector -Wno-deprecated-implementations -Wno-implicit-fallthrough -fstrict-aliasing -Wprotocol -Wdeprecated-declarations -Wno-sign-conversion -Wno-infinite-recursion -Wno-comma -Wno-block-capture-autoreleasing -Wno-strict-prototypes -Wno-semicolon-before-method-body -index-store-path /Users/siam/Library/Developer/Xcode/DerivedData/Lingua_Quest-gvpckrqxtbgyprbgppjfqmimmmfw/Index.noindex/DataStore @/Users/siam/Library/Developer/Xcode/DerivedData/Lingua_Quest-gvpckrqxtbgyprbgppjfqmimmmfw/Build/Intermediates.noindex/Firebase.build/Debug-iphonesimulator/FirebaseCore.build/Objects-normal/arm64/e6072d4f65d7061329687fe24e3d63a7-common-args.resp -include /Users/siam/Library/Developer/Xcode/DerivedData/Lingua_Quest-gvpckrqxtbgyprbgppjfqmimmmfw/Build/Intermediates.noindex/Firebase.build/Debug-iphonesimulator/FirebaseCore.build/DerivedSources/resource_bundle_accessor.h -MMD -MT dependencies -MF /Users/siam/Library/Developer/Xcode/DerivedData/Lingua_Quest-gvpckrqxtbgyprbgppjfqmimmmfw/Build/Intermediates.noindex/Firebase.build/Debug-iphonesimulator/FirebaseCore.build/Objects-normal/arm64/FIRComponentContainer.d --serialize-diagnostics /Users/siam/Library/Developer/Xcode/DerivedData/Lingua_Quest-gvpckrqxtbgyprbgppjfqmimmmfw/Build/Intermediates.noindex/Firebase.build/Debug-iphonesimulator/FirebaseCore.build/Objects-normal/arm64/FIRComponentContainer.dia -c /Users/siam/Library/Developer/Xcode/DerivedData/Lingua_Quest-gvpckrqxtbgyprbgppjfqmimmmfw/SourcePackages/checkouts/firebase-ios-sdk/FirebaseCore/Sources/FIRComponentContainer.m -o /Users/siam/Library/Developer/Xcode/DerivedData/Lingua_Quest-gvpckrqxtbgyprbgppjfqmimmmfw/Build/Intermediates.noindex/Firebase.build/Debug-iphonesimulator/FirebaseCore.build/Objects-normal/arm64/FIRComponentContainer.o -index-unit-output-path /Firebase.build/Debug-iphonesimulator/FirebaseCore.build/Objects-normal/arm64/FIRComponentContainer.o

CompileC /Users/siam/Library/Developer/Xcode/DerivedData/Lingua_Quest-gvpckrqxtbgyprbgppjfqmimmmfw/Build/Intermediates.noindex/Firebase.build/Debug-iphonesimulator/FirebaseCore.build/Objects-normal/arm64/FIRComponent.o /Users/siam/Library/Developer/Xcode/DerivedData/Lingua_Quest-gvpckrqxtbgyprbgppjfqmimmmfw/SourcePackages/checkouts/firebase-ios-sdk/FirebaseCore/Sources/FIRComponent.m normal arm64 objective-c com.apple.compilers.llvm.clang.1_0.compiler (in target 'FirebaseCore' from project 'Firebase')
    cd /Users/siam/Desktop/Lingua\ Quest/Lingua\ Quest.xcodeproj
    
    Using response file: /Users/siam/Library/Developer/Xcode/DerivedData/Lingua_Quest-gvpckrqxtbgyprbgppjfqmimmmfw/Build/Intermediates.noindex/Firebase.build/Debug-iphonesimulator/FirebaseCore.build/Objects-normal/arm64/e6072d4f65d7061329687fe24e3d63a7-common-args.resp
    
    /Applications/Xcode.app/Contents/Developer/Toolchains/XcodeDefault.xctoolchain/usr/bin/clang -x objective-c -ivfsstatcache /Users/siam/Library/Developer/Xcode/DerivedData/SDKStatCaches.noindex/iphonesimulator26.0-23A339-26257891a6c027eb51374368541b8346.sdkstatcache -fmessage-length\=0 -fdiagnostics-show-note-include-stack -fmacro-backtrace-limit\=0 -fno-color-diagnostics -fmodules-prune-interval\=86400 -fmodules-prune-after\=345600 -fbuild-session-file\=/Users/siam/Library/Developer/Xcode/DerivedData/ModuleCache.noindex/Session.modulevalidation -fmodules-validate-once-per-build-session -Wnon-modular-include-in-framework-module -Werror\=non-modular-include-in-framework-module -Wno-trigraphs -Wno-missing-field-initializers -Wno-missing-prototypes -Wno-return-type -Wno-implicit-atomic-properties -Wno-objc-interface-ivars -Wno-arc-repeated-use-of-weak -Wno-missing-braces -Wparentheses -Wswitch -Wno-unused-function -Wno-unused-label -Wno-unused-parameter -Wno-unused-variable -Wunused-value -Wno-empty-body -Wno-uninitialized -Wno-unknown-pragmas -w -Wno-shadow -Wno-four-char-constants -Wno-conversion -Wno-constant-conversion -Wno-int-conversion -Wno-bool-conversion -Wno-enum-conversion -Wno-float-conversion -Wno-non-literal-null-conversion -Wno-objc-literal-conversion -Wshorten-64-to-32 -Wpointer-sign -Wno-newline-eof -Wno-selector -Wno-strict-selector-match -Wno-undeclared-selector -Wno-deprecated-implementations -Wno-implicit-fallthrough -fstrict-aliasing -Wprotocol -Wdeprecated-declarations -Wno-sign-conversion -Wno-infinite-recursion -Wno-comma -Wno-block-capture-autoreleasing -Wno-strict-prototypes -Wno-semicolon-before-method-body -index-store-path /Users/siam/Library/Developer/Xcode/DerivedData/Lingua_Quest-gvpckrqxtbgyprbgppjfqmimmmfw/Index.noindex/DataStore @/Users/siam/Library/Developer/Xcode/DerivedData/Lingua_Quest-gvpckrqxtbgyprbgppjfqmimmmfw/Build/Intermediates.noindex/Firebase.build/Debug-iphonesimulator/FirebaseCore.build/Objects-normal/arm64/e6072d4f65d7061329687fe24e3d63a7-common-args.resp -include /Users/siam/Library/Developer/Xcode/DerivedData/Lingua_Quest-gvpckrqxtbgyprbgppjfqmimmmfw/Build/Intermediates.noindex/Firebase.build/Debug-iphonesimulator/FirebaseCore.build/DerivedSources/resource_bundle_accessor.h -MMD -MT dependencies -MF /Users/siam/Library/Developer/Xcode/DerivedData/Lingua_Quest-gvpckrqxtbgyprbgppjfqmimmmfw/Build/Intermediates.noindex/Firebase.build/Debug-iphonesimulator/FirebaseCore.build/Objects-normal/arm64/FIRComponent.d --serialize-diagnostics /Users/siam/Library/Developer/Xcode/DerivedData/Lingua_Quest-gvpckrqxtbgyprbgppjfqmimmmfw/Build/Intermediates.noindex/Firebase.build/Debug-iphonesimulator/FirebaseCore.build/Objects-normal/arm64/FIRComponent.dia -c /Users/siam/Library/Developer/Xcode/DerivedData/Lingua_Quest-gvpckrqxtbgyprbgppjfqmimmmfw/SourcePackages/checkouts/firebase-ios-sdk/FirebaseCore/Sources/FIRComponent.m -o /Users/siam/Library/Developer/Xcode/DerivedData/Lingua_Quest-gvpckrqxtbgyprbgppjfqmimmmfw/Build/Intermediates.noindex/Firebase.build/Debug-iphonesimulator/FirebaseCore.build/Objects-normal/arm64/FIRComponent.o -index-unit-output-path /Firebase.build/Debug-iphonesimulator/FirebaseCore.build/Objects-normal/arm64/FIRComponent.o

CompileC /Users/siam/Library/Developer/Xcode/DerivedData/Lingua_Quest-gvpckrqxtbgyprbgppjfqmimmmfw/Build/Intermediates.noindex/Firebase.build/Debug-iphonesimulator/FirebaseCore.build/Objects-normal/arm64/FIRAnalyticsConfiguration.o /Users/siam/Library/Developer/Xcode/DerivedData/Lingua_Quest-gvpckrqxtbgyprbgppjfqmimmmfw/SourcePackages/checkouts/firebase-ios-sdk/FirebaseCore/Sources/FIRAnalyticsConfiguration.m normal arm64 objective-c com.apple.compilers.llvm.clang.1_0.compiler (in target 'FirebaseCore' from project 'Firebase')
    cd /Users/siam/Desktop/Lingua\ Quest/Lingua\ Quest.xcodeproj
    
    Using response file: /Users/siam/Library/Developer/Xcode/DerivedData/Lingua_Quest-gvpckrqxtbgyprbgppjfqmimmmfw/Build/Intermediates.noindex/Firebase.build/Debug-iphonesimulator/FirebaseCore.build/Objects-normal/arm64/e6072d4f65d7061329687fe24e3d63a7-common-args.resp
    
    /Applications/Xcode.app/Contents/Developer/Toolchains/XcodeDefault.xctoolchain/usr/bin/clang -x objective-c -ivfsstatcache /Users/siam/Library/Developer/Xcode/DerivedData/SDKStatCaches.noindex/iphonesimulator26.0-23A339-26257891a6c027eb51374368541b8346.sdkstatcache -fmessage-length\=0 -fdiagnostics-show-note-include-stack -fmacro-backtrace-limit\=0 -fno-color-diagnostics -fmodules-prune-interval\=86400 -fmodules-prune-after\=345600 -fbuild-session-file\=/Users/siam/Library/Developer/Xcode/DerivedData/ModuleCache.noindex/Session.modulevalidation -fmodules-validate-once-per-build-session -Wnon-modular-include-in-framework-module -Werror\=non-modular-include-in-framework-module -Wno-trigraphs -Wno-missing-field-initializers -Wno-missing-prototypes -Wno-return-type -Wno-implicit-atomic-properties -Wno-objc-interface-ivars -Wno-arc-repeated-use-of-weak -Wno-missing-braces -Wparentheses -Wswitch -Wno-unused-function -Wno-unused-label -Wno-unused-parameter -Wno-unused-variable -Wunused-value -Wno-empty-body -Wno-uninitialized -Wno-unknown-pragmas -w -Wno-shadow -Wno-four-char-constants -Wno-conversion -Wno-constant-conversion -Wno-int-conversion -Wno-bool-conversion -Wno-enum-conversion -Wno-float-conversion -Wno-non-literal-null-conversion -Wno-objc-literal-conversion -Wshorten-64-to-32 -Wpointer-sign -Wno-newline-eof -Wno-selector -Wno-strict-selector-match -Wno-undeclared-selector -Wno-deprecated-implementations -Wno-implicit-fallthrough -fstrict-aliasing -Wprotocol -Wdeprecated-declarations -Wno-sign-conversion -Wno-infinite-recursion -Wno-comma -Wno-block-capture-autoreleasing -Wno-strict-prototypes -Wno-semicolon-before-method-body -index-store-path /Users/siam/Library/Developer/Xcode/DerivedData/Lingua_Quest-gvpckrqxtbgyprbgppjfqmimmmfw/Index.noindex/DataStore @/Users/siam/Library/Developer/Xcode/DerivedData/Lingua_Quest-gvpckrqxtbgyprbgppjfqmimmmfw/Build/Intermediates.noindex/Firebase.build/Debug-iphonesimulator/FirebaseCore.build/Objects-normal/arm64/e6072d4f65d7061329687fe24e3d63a7-common-args.resp -include /Users/siam/Library/Developer/Xcode/DerivedData/Lingua_Quest-gvpckrqxtbgyprbgppjfqmimmmfw/Build/Intermediates.noindex/Firebase.build/Debug-iphonesimulator/FirebaseCore.build/DerivedSources/resource_bundle_accessor.h -MMD -MT dependencies -MF /Users/siam/Library/Developer/Xcode/DerivedData/Lingua_Quest-gvpckrqxtbgyprbgppjfqmimmmfw/Build/Intermediates.noindex/Firebase.build/Debug-iphonesimulator/FirebaseCore.build/Objects-normal/arm64/FIRAnalyticsConfiguration.d --serialize-diagnostics /Users/siam/Library/Developer/Xcode/DerivedData/Lingua_Quest-gvpckrqxtbgyprbgppjfqmimmmfw/Build/Intermediates.noindex/Firebase.build/Debug-iphonesimulator/FirebaseCore.build/Objects-normal/arm64/FIRAnalyticsConfiguration.dia -c /Users/siam/Library/Developer/Xcode/DerivedData/Lingua_Quest-gvpckrqxtbgyprbgppjfqmimmmfw/SourcePackages/checkouts/firebase-ios-sdk/FirebaseCore/Sources/FIRAnalyticsConfiguration.m -o /Users/siam/Library/Developer/Xcode/DerivedData/Lingua_Quest-gvpckrqxtbgyprbgppjfqmimmmfw/Build/Intermediates.noindex/Firebase.build/Debug-iphonesimulator/FirebaseCore.build/Objects-normal/arm64/FIRAnalyticsConfiguration.o -index-unit-output-path /Firebase.build/Debug-iphonesimulator/FirebaseCore.build/Objects-normal/arm64/FIRAnalyticsConfiguration.o

PrecompileModule /Users/siam/Library/Developer/Xcode/DerivedData/Lingua_Quest-gvpckrqxtbgyprbgppjfqmimmmfw/Build/Intermediates.noindex/ExplicitPrecompiledModules/GoogleUtilities_Logger-EB139ZHJWM0EUPWDV3Z3HDARF.scan
    cd /
    builtin-precompileModule /Users/siam/Library/Developer/Xcode/DerivedData/Lingua_Quest-gvpckrqxtbgyprbgppjfqmimmmfw/Build/Intermediates.noindex/ExplicitPrecompiledModules/GoogleUtilities_Logger-EB139ZHJWM0EUPWDV3Z3HDARF.scan

SwiftDriverJobDiscovery normal arm64 Emitting module for FirebaseFirestore (in target 'FirebaseFirestore' from project 'Firebase')

SwiftDriver\ Compilation\ Requirements FirebaseFirestore normal arm64 com.apple.xcode.tools.swift.compiler (in target 'FirebaseFirestore' from project 'Firebase')
    cd /Users/siam/Desktop/Lingua\ Quest/Lingua\ Quest.xcodeproj
    builtin-Swift-Compilation-Requirements -- /Applications/Xcode.app/Contents/Developer/Toolchains/XcodeDefault.xctoolchain/usr/bin/swiftc -module-name FirebaseFirestore -Onone -enforce-exclusivity\=checked @/Users/siam/Library/Developer/Xcode/DerivedData/Lingua_Quest-gvpckrqxtbgyprbgppjfqmimmmfw/Build/Intermediates.noindex/Firebase.build/Debug-iphonesimulator/FirebaseFirestore.build/Objects-normal/arm64/FirebaseFirestore.SwiftFileList -DSWIFT_PACKAGE -DDEBUG -DSWIFT_MODULE_RESOURCE_BUNDLE_AVAILABLE -Xcc -fmodule-map-file\=/Users/siam/Library/Developer/Xcode/DerivedData/Lingua_Quest-gvpckrqxtbgyprbgppjfqmimmmfw/Build/Intermediates.noindex/GeneratedModuleMaps-iphonesimulator/GoogleUtilities-NSData.modulemap -Xcc -fmodule-map-file\=/Users/siam/Library/Developer/Xcode/DerivedData/Lingua_Quest-gvpckrqxtbgyprbgppjfqmimmmfw/Build/Intermediates.noindex/GeneratedModuleMaps-iphonesimulator/GoogleUtilities-Environment.modulemap -Xcc -fmodule-map-file\=/Users/siam/Library/Developer/Xcode/DerivedData/Lingua_Quest-gvpckrqxtbgyprbgppjfqmimmmfw/Build/Intermediates.noindex/GeneratedModuleMaps-iphonesimulator/third-party-IsAppEncrypted.modulemap -Xcc -fmodule-map-file\=/Users/siam/Library/Developer/Xcode/DerivedData/Lingua_Quest-gvpckrqxtbgyprbgppjfqmimmmfw/Build/Intermediates.noindex/GeneratedModuleMaps-iphonesimulator/GoogleUtilities-Logger.modulemap -Xcc -fmodule-map-file\=/Users/siam/Library/Developer/Xcode/DerivedData/Lingua_Quest-gvpckrqxtbgyprbgppjfqmimmmfw/Build/Intermediates.noindex/GeneratedModuleMaps-iphonesimulator/abslWrapper.modulemap -Xcc -fmodule-map-file\=/Users/siam/Library/Developer/Xcode/DerivedData/Lingua_Quest-gvpckrqxtbgyprbgppjfqmimmmfw/Build/Intermediates.noindex/GeneratedModuleMaps-iphonesimulator/opensslWrapper.modulemap -Xcc -fmodule-map-file\=/Users/siam/Library/Developer/Xcode/DerivedData/Lingua_Quest-gvpckrqxtbgyprbgppjfqmimmmfw/Build/Intermediates.noindex/GeneratedModuleMaps-iphonesimulator/grpcWrapper.modulemap -Xcc -fmodule-map-file\=/Users/siam/Library/Developer/Xcode/DerivedData/Lingua_Quest-gvpckrqxtbgyprbgppjfqmimmmfw/Build/Intermediates.noindex/GeneratedModuleMaps-iphonesimulator/grpcppWrapper.modulemap -Xcc -fmodule-map-file\=/Users/siam/Library/Developer/Xcode/DerivedData/Lingua_Quest-gvpckrqxtbgyprbgppjfqmimmmfw/Build/Intermediates.noindex/GeneratedModuleMaps-iphonesimulator/nanopb.modulemap -Xcc -fmodule-map-file\=/Users/siam/Library/Developer/Xcode/DerivedData/Lingua_Quest-gvpckrqxtbgyprbgppjfqmimmmfw/Build/Intermediates.noindex/GeneratedModuleMaps-iphonesimulator/leveldb.modulemap -Xcc -fmodule-map-file\=/Users/siam/Library/Developer/Xcode/DerivedData/Lingua_Quest-gvpckrqxtbgyprbgppjfqmimmmfw/Build/Intermediates.noindex/GeneratedModuleMaps-iphonesimulator/FirebaseCoreExtension.modulemap -Xcc -fmodule-map-file\=/Users/siam/Library/Developer/Xcode/DerivedData/Lingua_Quest-gvpckrqxtbgyprbgppjfqmimmmfw/Build/Intermediates.noindex/GeneratedModuleMaps-iphonesimulator/FirebaseCore.modulemap -Xcc -fmodule-map-file\=/Users/siam/Library/Developer/Xcode/DerivedData/Lingua_Quest-gvpckrqxtbgyprbgppjfqmimmmfw/Build/Intermediates.noindex/GeneratedModuleMaps-iphonesimulator/FirebaseAppCheckInterop.modulemap -Xcc -fmodule-map-file\=/Users/siam/Library/Developer/Xcode/DerivedData/Lingua_Quest-gvpckrqxtbgyprbgppjfqmimmmfw/Build/Intermediates.noindex/GeneratedModuleMaps-iphonesimulator/FirebaseFirestoreInternalWrapper.modulemap -DXcode -plugin-path /Applications/Xcode.app/Contents/Developer/Toolchains/XcodeDefault.xctoolchain/usr/lib/swift/host/plugins/testing -enable-experimental-feature DebugDescriptionMacro -sdk /Applications/Xcode.app/Contents/Developer/Platforms/iPhoneSimulator.platform/Developer/SDKs/iPhoneSimulator26.0.sdk -target arm64-apple-ios15.0-simulator -g -module-cache-path /Users/siam/Library/Developer/Xcode/DerivedData/ModuleCache.noindex -Xfrontend -serialize-debugging-options -profile-coverage-mapping -profile-generate -enable-testing -suppress-warnings -index-store-path /Users/siam/Library/Developer/Xcode/DerivedData/Lingua_Quest-gvpckrqxtbgyprbgppjfqmimmmfw/Index.noindex/DataStore -Xcc -D_LIBCPP_HARDENING_MODE\=_LIBCPP_HARDENING_MODE_DEBUG -swift-version 5 -I /Users/siam/Library/Developer/Xcode/DerivedData/Lingua_Quest-gvpckrqxtbgyprbgppjfqmimmmfw/Build/Products/Debug-iphonesimulator -Isystem /Applications/Xcode.app/Contents/Developer/Platforms/iPhoneSimulator.platform/Developer/usr/lib -F /Users/siam/Library/Developer/Xcode/DerivedData/Lingua_Quest-gvpckrqxtbgyprbgppjfqmimmmfw/Build/Products/Debug-iphonesimulator/PackageFrameworks -F /Users/siam/Library/Developer/Xcode/DerivedData/Lingua_Quest-gvpckrqxtbgyprbgppjfqmimmmfw/Build/Products/Debug-iphonesimulator/PackageFrameworks -F /Users/siam/Library/Developer/Xcode/DerivedData/Lingua_Quest-gvpckrqxtbgyprbgppjfqmimmmfw/Build/Products/Debug-iphonesimulator/PackageFrameworks -F /Users/siam/Library/Developer/Xcode/DerivedData/Lingua_Quest-gvpckrqxtbgyprbgppjfqmimmmfw/Build/Products/Debug-iphonesimulator/PackageFrameworks -F /Users/siam/Library/Developer/Xcode/DerivedData/Lingua_Quest-gvpckrqxtbgyprbgppjfqmimmmfw/Build/Products/Debug-iphonesimulator/PackageFrameworks -F /Users/siam/Library/Developer/Xcode/DerivedData/Lingua_Quest-gvpckrqxtbgyprbgppjfqmimmmfw/Build/Products/Debug-iphonesimulator/PackageFrameworks -F /Users/siam/Library/Developer/Xcode/DerivedData/Lingua_Quest-gvpckrqxtbgyprbgppjfqmimmmfw/Build/Products/Debug-iphonesimulator/PackageFrameworks -F /Users/siam/Library/Developer/Xcode/DerivedData/Lingua_Quest-gvpckrqxtbgyprbgppjfqmimmmfw/Build/Products/Debug-iphonesimulator/PackageFrameworks -F /Users/siam/Library/Developer/Xcode/DerivedData/Lingua_Quest-gvpckrqxtbgyprbgppjfqmimmmfw/Build/Products/Debug-iphonesimulator/PackageFrameworks -F /Users/siam/Library/Developer/Xcode/DerivedData/Lingua_Quest-gvpckrqxtbgyprbgppjfqmimmmfw/Build/Products/Debug-iphonesimulator/PackageFrameworks -F /Users/siam/Library/Developer/Xcode/DerivedData/Lingua_Quest-gvpckrqxtbgyprbgppjfqmimmmfw/Build/Products/Debug-iphonesimulator/PackageFrameworks -F /Users/siam/Library/Developer/Xcode/DerivedData/Lingua_Quest-gvpckrqxtbgyprbgppjfqmimmmfw/Build/Products/Debug-iphonesimulator/PackageFrameworks -F /Users/siam/Library/Developer/Xcode/DerivedData/Lingua_Quest-gvpckrqxtbgyprbgppjfqmimmmfw/Build/Products/Debug-iphonesimulator/PackageFrameworks -F /Users/siam/Library/Developer/Xcode/DerivedData/Lingua_Quest-gvpckrqxtbgyprbgppjfqmimmmfw/Build/Products/Debug-iphonesimulator/PackageFrameworks -F /Users/siam/Library/Developer/Xcode/DerivedData/Lingua_Quest-gvpckrqxtbgyprbgppjfqmimmmfw/Build/Products/Debug-iphonesimulator/PackageFrameworks -F /Users/siam/Library/Developer/Xcode/DerivedData/Lingua_Quest-gvpckrqxtbgyprbgppjfqmimmmfw/Build/Products/Debug-iphonesimulator/PackageFrameworks -F /Users/siam/Library/Developer/Xcode/DerivedData/Lingua_Quest-gvpckrqxtbgyprbgppjfqmimmmfw/Build/Products/Debug-iphonesimulator/PackageFrameworks -F /Users/siam/Library/Developer/Xcode/DerivedData/Lingua_Quest-gvpckrqxtbgyprbgppjfqmimmmfw/Build/Products/Debug-iphonesimulator -F /Applications/Xcode.app/Contents/Developer/Platforms/iPhoneSimulator.platform/Developer/Library/Frameworks -F /Applications/Xcode.app/Contents/Developer/Platforms/iPhoneSimulator.platform/Developer/SDKs/iPhoneSimulator26.0.sdk/Developer/Library/Frameworks -c -j12 -enable-batch-mode -incremental -Xcc -ivfsstatcache -Xcc /Users/siam/Library/Developer/Xcode/DerivedData/SDKStatCaches.noindex/iphonesimulator26.0-23A339-26257891a6c027eb51374368541b8346.sdkstatcache -output-file-map /Users/siam/Library/Developer/Xcode/DerivedData/Lingua_Quest-gvpckrqxtbgyprbgppjfqmimmmfw/Build/Intermediates.noindex/Firebase.build/Debug-iphonesimulator/FirebaseFirestore.build/Objects-normal/arm64/FirebaseFirestore-OutputFileMap.json -use-frontend-parseable-output -save-temps -no-color-diagnostics -explicit-module-build -module-cache-path /Users/siam/Library/Developer/Xcode/DerivedData/Lingua_Quest-gvpckrqxtbgyprbgppjfqmimmmfw/Build/Intermediates.noindex/SwiftExplicitPrecompiledModules -clang-scanner-module-cache-path /Users/siam/Library/Developer/Xcode/DerivedData/ModuleCache.noindex -sdk-module-cache-path /Users/siam/Library/Developer/Xcode/DerivedData/ModuleCache.noindex -serialize-diagnostics -emit-dependencies -emit-module -emit-module-path /Users/siam/Library/Developer/Xcode/DerivedData/Lingua_Quest-gvpckrqxtbgyprbgppjfqmimmmfw/Build/Intermediates.noindex/Firebase.build/Debug-iphonesimulator/FirebaseFirestore.build/Objects-normal/arm64/FirebaseFirestore.swiftmodule -user-module-version 12.16.0 -validate-clang-modules-once -clang-build-session-file /Users/siam/Library/Developer/Xcode/DerivedData/ModuleCache.noindex/Session.modulevalidation -package-name firebase_ios_sdk -Xcc -I/Users/siam/Library/Developer/Xcode/DerivedData/Lingua_Quest-gvpckrqxtbgyprbgppjfqmimmmfw/Build/Intermediates.noindex/Firebase.build/Debug-iphonesimulator/FirebaseFirestore.build/swift-overrides.hmap -emit-const-values -Xfrontend -const-gather-protocols-file -Xfrontend /Users/siam/Library/Developer/Xcode/DerivedData/Lingua_Quest-gvpckrqxtbgyprbgppjfqmimmmfw/Build/Intermediates.noindex/Firebase.build/Debug-iphonesimulator/FirebaseFirestore.build/Objects-normal/arm64/FirebaseFirestore_const_extract_protocols.json -Xcc -I/Users/siam/Library/Developer/Xcode/DerivedData/Lingua_Quest-gvpckrqxtbgyprbgppjfqmimmmfw/SourcePackages/checkouts/GoogleUtilities/GoogleUtilities/NSData+zlib/Public -Xcc -I/Users/siam/Library/Developer/Xcode/DerivedData/Lingua_Quest-gvpckrqxtbgyprbgppjfqmimmmfw/SourcePackages/checkouts/GoogleUtilities/GoogleUtilities/Environment/Public -Xcc -I/Users/siam/Library/Developer/Xcode/DerivedData/Lingua_Quest-gvpckrqxtbgyprbgppjfqmimmmfw/SourcePackages/checkouts/GoogleUtilities/third_party/IsAppEncrypted/Public -Xcc -I/Users/siam/Library/Developer/Xcode/DerivedData/Lingua_Quest-gvpckrqxtbgyprbgppjfqmimmmfw/SourcePackages/checkouts/GoogleUtilities/GoogleUtilities/Logger/Public -Xcc -I/Users/siam/Library/Developer/Xcode/DerivedData/Lingua_Quest-gvpckrqxtbgyprbgppjfqmimmmfw/SourcePackages/checkouts/abseil-cpp-binary/absl-Wrapper/include -Xcc -I/Users/siam/Library/Developer/Xcode/DerivedData/Lingua_Quest-gvpckrqxtbgyprbgppjfqmimmmfw/SourcePackages/checkouts/grpc-binary/openssl-grpc-Wrapper/include -Xcc -I/Users/siam/Library/Developer/Xcode/DerivedData/Lingua_Quest-gvpckrqxtbgyprbgppjfqmimmmfw/SourcePackages/checkouts/grpc-binary/grpc-Wrapper/include -Xcc -I/Users/siam/Library/Developer/Xcode/DerivedData/Lingua_Quest-gvpckrqxtbgyprbgppjfqmimmmfw/SourcePackages/checkouts/grpc-binary/grpcpp-Wrapper/include -Xcc -I/Users/siam/Library/Developer/Xcode/DerivedData/Lingua_Quest-gvpckrqxtbgyprbgppjfqmimmmfw/SourcePackages/checkouts/nanopb/spm_headers -Xcc -I/Users/siam/Library/Developer/Xcode/DerivedData/Lingua_Quest-gvpckrqxtbgyprbgppjfqmimmmfw/SourcePackages/checkouts/leveldb/include -Xcc -I/Users/siam/Library/Developer/Xcode/DerivedData/Lingua_Quest-gvpckrqxtbgyprbgppjfqmimmmfw/SourcePackages/checkouts/firebase-ios-sdk/FirebaseCore/Extension -Xcc -I/Users/siam/Library/Developer/Xcode/DerivedData/Lingua_Quest-gvpckrqxtbgyprbgppjfqmimmmfw/SourcePackages/checkouts/firebase-ios-sdk/FirebaseCore/Sources/Public -Xcc -I/Users/siam/Library/Developer/Xcode/DerivedData/Lingua_Quest-gvpckrqxtbgyprbgppjfqmimmmfw/SourcePackages/checkouts/firebase-ios-sdk/CoreOnly/Sources -Xcc -I/Users/siam/Library/Developer/Xcode/DerivedData/Lingua_Quest-gvpckrqxtbgyprbgppjfqmimmmfw/SourcePackages/checkouts/firebase-ios-sdk/FirebaseAppCheck/Interop/Public -Xcc -I/Users/siam/Library/Developer/Xcode/DerivedData/Lingua_Quest-gvpckrqxtbgyprbgppjfqmimmmfw/SourcePackages/checkouts/firebase-ios-sdk/FirebaseFirestoreInternal -Xcc -I/Users/siam/Library/Developer/Xcode/DerivedData/Lingua_Quest-gvpckrqxtbgyprbgppjfqmimmmfw/Build/Products/Debug-iphonesimulator/include -Xcc -I/Users/siam/Library/Developer/Xcode/DerivedData/Lingua_Quest-gvpckrqxtbgyprbgppjfqmimmmfw/Build/Intermediates.noindex/Firebase.build/Debug-iphonesimulator/FirebaseFirestore.build/DerivedSources-normal/arm64 -Xcc -I/Users/siam/Library/Developer/Xcode/DerivedData/Lingua_Quest-gvpckrqxtbgyprbgppjfqmimmmfw/Build/Intermediates.noindex/Firebase.build/Debug-iphonesimulator/FirebaseFirestore.build/DerivedSources/arm64 -Xcc -I/Users/siam/Library/Developer/Xcode/DerivedData/Lingua_Quest-gvpckrqxtbgyprbgppjfqmimmmfw/Build/Intermediates.noindex/Firebase.build/Debug-iphonesimulator/FirebaseFirestore.build/DerivedSources -Xcc -DSWIFT_PACKAGE -Xcc -DDEBUG\=1 -emit-objc-header -emit-objc-header-path /Users/siam/Library/Developer/Xcode/DerivedData/Lingua_Quest-gvpckrqxtbgyprbgppjfqmimmmfw/Build/Intermediates.noindex/Firebase.build/Debug-iphonesimulator/FirebaseFirestore.build/Objects-normal/arm64/FirebaseFirestore-Swift.h -working-directory /Users/siam/Desktop/Lingua\ Quest/Lingua\ Quest.xcodeproj -experimental-emit-module-separately -disable-cmo

PrecompileModule /Users/siam/Library/Developer/Xcode/DerivedData/Lingua_Quest-gvpckrqxtbgyprbgppjfqmimmmfw/Build/Intermediates.noindex/ExplicitPrecompiledModules/UserNotifications-6UMCWARN2ZGZT8ONDC0988CZS.scan
    cd /
    builtin-precompileModule /Users/siam/Library/Developer/Xcode/DerivedData/Lingua_Quest-gvpckrqxtbgyprbgppjfqmimmmfw/Build/Intermediates.noindex/ExplicitPrecompiledModules/UserNotifications-6UMCWARN2ZGZT8ONDC0988CZS.scan

Copy /Users/siam/Library/Developer/Xcode/DerivedData/Lingua_Quest-gvpckrqxtbgyprbgppjfqmimmmfw/Build/Products/Debug-iphonesimulator/FirebaseFirestore.swiftmodule/arm64-apple-ios-simulator.swiftmodule /Users/siam/Library/Developer/Xcode/DerivedData/Lingua_Quest-gvpckrqxtbgyprbgppjfqmimmmfw/Build/Intermediates.noindex/Firebase.build/Debug-iphonesimulator/FirebaseFirestore.build/Objects-normal/arm64/FirebaseFirestore.swiftmodule (in target 'FirebaseFirestore' from project 'Firebase')
    cd /Users/siam/Library/Developer/Xcode/DerivedData/Lingua_Quest-gvpckrqxtbgyprbgppjfqmimmmfw/SourcePackages/checkouts/firebase-ios-sdk
    builtin-copy -exclude .DS_Store -exclude CVS -exclude .svn -exclude .git -exclude .hg -resolve-src-symlinks -rename /Users/siam/Library/Developer/Xcode/DerivedData/Lingua_Quest-gvpckrqxtbgyprbgppjfqmimmmfw/Build/Intermediates.noindex/Firebase.build/Debug-iphonesimulator/FirebaseFirestore.build/Objects-normal/arm64/FirebaseFirestore.swiftmodule /Users/siam/Library/Developer/Xcode/DerivedData/Lingua_Quest-gvpckrqxtbgyprbgppjfqmimmmfw/Build/Products/Debug-iphonesimulator/FirebaseFirestore.swiftmodule/arm64-apple-ios-simulator.swiftmodule

Copy /Users/siam/Library/Developer/Xcode/DerivedData/Lingua_Quest-gvpckrqxtbgyprbgppjfqmimmmfw/Build/Products/Debug-iphonesimulator/FirebaseFirestore.swiftmodule/arm64-apple-ios-simulator.swiftdoc /Users/siam/Library/Developer/Xcode/DerivedData/Lingua_Quest-gvpckrqxtbgyprbgppjfqmimmmfw/Build/Intermediates.noindex/Firebase.build/Debug-iphonesimulator/FirebaseFirestore.build/Objects-normal/arm64/FirebaseFirestore.swiftdoc (in target 'FirebaseFirestore' from project 'Firebase')
    cd /Users/siam/Library/Developer/Xcode/DerivedData/Lingua_Quest-gvpckrqxtbgyprbgppjfqmimmmfw/SourcePackages/checkouts/firebase-ios-sdk
    builtin-copy -exclude .DS_Store -exclude CVS -exclude .svn -exclude .git -exclude .hg -resolve-src-symlinks -rename /Users/siam/Library/Developer/Xcode/DerivedData/Lingua_Quest-gvpckrqxtbgyprbgppjfqmimmmfw/Build/Intermediates.noindex/Firebase.build/Debug-iphonesimulator/FirebaseFirestore.build/Objects-normal/arm64/FirebaseFirestore.swiftdoc /Users/siam/Library/Developer/Xcode/DerivedData/Lingua_Quest-gvpckrqxtbgyprbgppjfqmimmmfw/Build/Products/Debug-iphonesimulator/FirebaseFirestore.swiftmodule/arm64-apple-ios-simulator.swiftdoc

Copy /Users/siam/Library/Developer/Xcode/DerivedData/Lingua_Quest-gvpckrqxtbgyprbgppjfqmimmmfw/Build/Products/Debug-iphonesimulator/FirebaseFirestore.swiftmodule/arm64-apple-ios-simulator.abi.json /Users/siam/Library/Developer/Xcode/DerivedData/Lingua_Quest-gvpckrqxtbgyprbgppjfqmimmmfw/Build/Intermediates.noindex/Firebase.build/Debug-iphonesimulator/FirebaseFirestore.build/Objects-normal/arm64/FirebaseFirestore.abi.json (in target 'FirebaseFirestore' from project 'Firebase')
    cd /Users/siam/Library/Developer/Xcode/DerivedData/Lingua_Quest-gvpckrqxtbgyprbgppjfqmimmmfw/SourcePackages/checkouts/firebase-ios-sdk
    builtin-copy -exclude .DS_Store -exclude CVS -exclude .svn -exclude .git -exclude .hg -resolve-src-symlinks -rename /Users/siam/Library/Developer/Xcode/DerivedData/Lingua_Quest-gvpckrqxtbgyprbgppjfqmimmmfw/Build/Intermediates.noindex/Firebase.build/Debug-iphonesimulator/FirebaseFirestore.build/Objects-normal/arm64/FirebaseFirestore.abi.json /Users/siam/Library/Developer/Xcode/DerivedData/Lingua_Quest-gvpckrqxtbgyprbgppjfqmimmmfw/Build/Products/Debug-iphonesimulator/FirebaseFirestore.swiftmodule/arm64-apple-ios-simulator.abi.json

Copy /Users/siam/Library/Developer/Xcode/DerivedData/Lingua_Quest-gvpckrqxtbgyprbgppjfqmimmmfw/Build/Products/Debug-iphonesimulator/FirebaseFirestore.swiftmodule/Project/arm64-apple-ios-simulator.swiftsourceinfo /Users/siam/Library/Developer/Xcode/DerivedData/Lingua_Quest-gvpckrqxtbgyprbgppjfqmimmmfw/Build/Intermediates.noindex/Firebase.build/Debug-iphonesimulator/FirebaseFirestore.build/Objects-normal/arm64/FirebaseFirestore.swiftsourceinfo (in target 'FirebaseFirestore' from project 'Firebase')
    cd /Users/siam/Library/Developer/Xcode/DerivedData/Lingua_Quest-gvpckrqxtbgyprbgppjfqmimmmfw/SourcePackages/checkouts/firebase-ios-sdk
    builtin-copy -exclude .DS_Store -exclude CVS -exclude .svn -exclude .git -exclude .hg -resolve-src-symlinks -rename /Users/siam/Library/Developer/Xcode/DerivedData/Lingua_Quest-gvpckrqxtbgyprbgppjfqmimmmfw/Build/Intermediates.noindex/Firebase.build/Debug-iphonesimulator/FirebaseFirestore.build/Objects-normal/arm64/FirebaseFirestore.swiftsourceinfo /Users/siam/Library/Developer/Xcode/DerivedData/Lingua_Quest-gvpckrqxtbgyprbgppjfqmimmmfw/Build/Products/Debug-iphonesimulator/FirebaseFirestore.swiftmodule/Project/arm64-apple-ios-simulator.swiftsourceinfo

PrecompileModule /Users/siam/Library/Developer/Xcode/DerivedData/Lingua_Quest-gvpckrqxtbgyprbgppjfqmimmmfw/Build/Intermediates.noindex/ExplicitPrecompiledModules/GoogleUtilities_Environment-4MHUC9ERN3HHZKVHG60UG96UI.scan
    cd /
    builtin-precompileModule /Users/siam/Library/Developer/Xcode/DerivedData/Lingua_Quest-gvpckrqxtbgyprbgppjfqmimmmfw/Build/Intermediates.noindex/ExplicitPrecompiledModules/GoogleUtilities_Environment-4MHUC9ERN3HHZKVHG60UG96UI.scan

PrecompileModule /Users/siam/Library/Developer/Xcode/DerivedData/Lingua_Quest-gvpckrqxtbgyprbgppjfqmimmmfw/Build/Intermediates.noindex/ExplicitPrecompiledModules/IOSurface-4S8I1FTNEJBMV0VJE85BGIVW.scan
    cd /
    builtin-precompileModule /Users/siam/Library/Developer/Xcode/DerivedData/Lingua_Quest-gvpckrqxtbgyprbgppjfqmimmmfw/Build/Intermediates.noindex/ExplicitPrecompiledModules/IOSurface-4S8I1FTNEJBMV0VJE85BGIVW.scan

PrecompileModule /Users/siam/Library/Developer/Xcode/DerivedData/Lingua_Quest-gvpckrqxtbgyprbgppjfqmimmmfw/Build/Intermediates.noindex/ExplicitPrecompiledModules/Symbols-AWXGPGTVKNIVUOF62TCYURLLP.scan
    cd /
    builtin-precompileModule /Users/siam/Library/Developer/Xcode/DerivedData/Lingua_Quest-gvpckrqxtbgyprbgppjfqmimmmfw/Build/Intermediates.noindex/ExplicitPrecompiledModules/Symbols-AWXGPGTVKNIVUOF62TCYURLLP.scan

PrecompileModule /Users/siam/Library/Developer/Xcode/DerivedData/Lingua_Quest-gvpckrqxtbgyprbgppjfqmimmmfw/Build/Intermediates.noindex/ExplicitPrecompiledModules/UIKit-5GJBRUSBL5UCPO3VXU9IHHOFY.scan
    cd /
    builtin-precompileModule /Users/siam/Library/Developer/Xcode/DerivedData/Lingua_Quest-gvpckrqxtbgyprbgppjfqmimmmfw/Build/Intermediates.noindex/ExplicitPrecompiledModules/UIKit-5GJBRUSBL5UCPO3VXU9IHHOFY.scan

CompileC /Users/siam/Library/Developer/Xcode/DerivedData/Lingua_Quest-gvpckrqxtbgyprbgppjfqmimmmfw/Build/Intermediates.noindex/Firebase.build/Debug-iphonesimulator/FirebaseCore.build/Objects-normal/arm64/FIRLogger.o /Users/siam/Library/Developer/Xcode/DerivedData/Lingua_Quest-gvpckrqxtbgyprbgppjfqmimmmfw/SourcePackages/checkouts/firebase-ios-sdk/FirebaseCore/Sources/FIRLogger.m normal arm64 objective-c com.apple.compilers.llvm.clang.1_0.compiler (in target 'FirebaseCore' from project 'Firebase')
    cd /Users/siam/Desktop/Lingua\ Quest/Lingua\ Quest.xcodeproj
    
    Using response file: /Users/siam/Library/Developer/Xcode/DerivedData/Lingua_Quest-gvpckrqxtbgyprbgppjfqmimmmfw/Build/Intermediates.noindex/Firebase.build/Debug-iphonesimulator/FirebaseCore.build/Objects-normal/arm64/e6072d4f65d7061329687fe24e3d63a7-common-args.resp
    
    /Applications/Xcode.app/Contents/Developer/Toolchains/XcodeDefault.xctoolchain/usr/bin/clang -x objective-c -ivfsstatcache /Users/siam/Library/Developer/Xcode/DerivedData/SDKStatCaches.noindex/iphonesimulator26.0-23A339-26257891a6c027eb51374368541b8346.sdkstatcache -fmessage-length\=0 -fdiagnostics-show-note-include-stack -fmacro-backtrace-limit\=0 -fno-color-diagnostics -fmodules-prune-interval\=86400 -fmodules-prune-after\=345600 -fbuild-session-file\=/Users/siam/Library/Developer/Xcode/DerivedData/ModuleCache.noindex/Session.modulevalidation -fmodules-validate-once-per-build-session -Wnon-modular-include-in-framework-module -Werror\=non-modular-include-in-framework-module -Wno-trigraphs -Wno-missing-field-initializers -Wno-missing-prototypes -Wno-return-type -Wno-implicit-atomic-properties -Wno-objc-interface-ivars -Wno-arc-repeated-use-of-weak -Wno-missing-braces -Wparentheses -Wswitch -Wno-unused-function -Wno-unused-label -Wno-unused-parameter -Wno-unused-variable -Wunused-value -Wno-empty-body -Wno-uninitialized -Wno-unknown-pragmas -w -Wno-shadow -Wno-four-char-constants -Wno-conversion -Wno-constant-conversion -Wno-int-conversion -Wno-bool-conversion -Wno-enum-conversion -Wno-float-conversion -Wno-non-literal-null-conversion -Wno-objc-literal-conversion -Wshorten-64-to-32 -Wpointer-sign -Wno-newline-eof -Wno-selector -Wno-strict-selector-match -Wno-undeclared-selector -Wno-deprecated-implementations -Wno-implicit-fallthrough -fstrict-aliasing -Wprotocol -Wdeprecated-declarations -Wno-sign-conversion -Wno-infinite-recursion -Wno-comma -Wno-block-capture-autoreleasing -Wno-strict-prototypes -Wno-semicolon-before-method-body -index-store-path /Users/siam/Library/Developer/Xcode/DerivedData/Lingua_Quest-gvpckrqxtbgyprbgppjfqmimmmfw/Index.noindex/DataStore @/Users/siam/Library/Developer/Xcode/DerivedData/Lingua_Quest-gvpckrqxtbgyprbgppjfqmimmmfw/Build/Intermediates.noindex/Firebase.build/Debug-iphonesimulator/FirebaseCore.build/Objects-normal/arm64/e6072d4f65d7061329687fe24e3d63a7-common-args.resp -include /Users/siam/Library/Developer/Xcode/DerivedData/Lingua_Quest-gvpckrqxtbgyprbgppjfqmimmmfw/Build/Intermediates.noindex/Firebase.build/Debug-iphonesimulator/FirebaseCore.build/DerivedSources/resource_bundle_accessor.h -MMD -MT dependencies -MF /Users/siam/Library/Developer/Xcode/DerivedData/Lingua_Quest-gvpckrqxtbgyprbgppjfqmimmmfw/Build/Intermediates.noindex/Firebase.build/Debug-iphonesimulator/FirebaseCore.build/Objects-normal/arm64/FIRLogger.d --serialize-diagnostics /Users/siam/Library/Developer/Xcode/DerivedData/Lingua_Quest-gvpckrqxtbgyprbgppjfqmimmmfw/Build/Intermediates.noindex/Firebase.build/Debug-iphonesimulator/FirebaseCore.build/Objects-normal/arm64/FIRLogger.dia -c /Users/siam/Library/Developer/Xcode/DerivedData/Lingua_Quest-gvpckrqxtbgyprbgppjfqmimmmfw/SourcePackages/checkouts/firebase-ios-sdk/FirebaseCore/Sources/FIRLogger.m -o /Users/siam/Library/Developer/Xcode/DerivedData/Lingua_Quest-gvpckrqxtbgyprbgppjfqmimmmfw/Build/Intermediates.noindex/Firebase.build/Debug-iphonesimulator/FirebaseCore.build/Objects-normal/arm64/FIRLogger.o -index-unit-output-path /Firebase.build/Debug-iphonesimulator/FirebaseCore.build/Objects-normal/arm64/FIRLogger.o

CompileC /Users/siam/Library/Developer/Xcode/DerivedData/Lingua_Quest-gvpckrqxtbgyprbgppjfqmimmmfw/Build/Intermediates.noindex/Firebase.build/Debug-iphonesimulator/FirebaseCore.build/Objects-normal/arm64/FIRFirebaseUserAgent.o /Users/siam/Library/Developer/Xcode/DerivedData/Lingua_Quest-gvpckrqxtbgyprbgppjfqmimmmfw/SourcePackages/checkouts/firebase-ios-sdk/FirebaseCore/Sources/FIRFirebaseUserAgent.m normal arm64 objective-c com.apple.compilers.llvm.clang.1_0.compiler (in target 'FirebaseCore' from project 'Firebase')
    cd /Users/siam/Desktop/Lingua\ Quest/Lingua\ Quest.xcodeproj
    
    Using response file: /Users/siam/Library/Developer/Xcode/DerivedData/Lingua_Quest-gvpckrqxtbgyprbgppjfqmimmmfw/Build/Intermediates.noindex/Firebase.build/Debug-iphonesimulator/FirebaseCore.build/Objects-normal/arm64/e6072d4f65d7061329687fe24e3d63a7-common-args.resp
    
    /Applications/Xcode.app/Contents/Developer/Toolchains/XcodeDefault.xctoolchain/usr/bin/clang -x objective-c -ivfsstatcache /Users/siam/Library/Developer/Xcode/DerivedData/SDKStatCaches.noindex/iphonesimulator26.0-23A339-26257891a6c027eb51374368541b8346.sdkstatcache -fmessage-length\=0 -fdiagnostics-show-note-include-stack -fmacro-backtrace-limit\=0 -fno-color-diagnostics -fmodules-prune-interval\=86400 -fmodules-prune-after\=345600 -fbuild-session-file\=/Users/siam/Library/Developer/Xcode/DerivedData/ModuleCache.noindex/Session.modulevalidation -fmodules-validate-once-per-build-session -Wnon-modular-include-in-framework-module -Werror\=non-modular-include-in-framework-module -Wno-trigraphs -Wno-missing-field-initializers -Wno-missing-prototypes -Wno-return-type -Wno-implicit-atomic-properties -Wno-objc-interface-ivars -Wno-arc-repeated-use-of-weak -Wno-missing-braces -Wparentheses -Wswitch -Wno-unused-function -Wno-unused-label -Wno-unused-parameter -Wno-unused-variable -Wunused-value -Wno-empty-body -Wno-uninitialized -Wno-unknown-pragmas -w -Wno-shadow -Wno-four-char-constants -Wno-conversion -Wno-constant-conversion -Wno-int-conversion -Wno-bool-conversion -Wno-enum-conversion -Wno-float-conversion -Wno-non-literal-null-conversion -Wno-objc-literal-conversion -Wshorten-64-to-32 -Wpointer-sign -Wno-newline-eof -Wno-selector -Wno-strict-selector-match -Wno-undeclared-selector -Wno-deprecated-implementations -Wno-implicit-fallthrough -fstrict-aliasing -Wprotocol -Wdeprecated-declarations -Wno-sign-conversion -Wno-infinite-recursion -Wno-comma -Wno-block-capture-autoreleasing -Wno-strict-prototypes -Wno-semicolon-before-method-body -index-store-path /Users/siam/Library/Developer/Xcode/DerivedData/Lingua_Quest-gvpckrqxtbgyprbgppjfqmimmmfw/Index.noindex/DataStore @/Users/siam/Library/Developer/Xcode/DerivedData/Lingua_Quest-gvpckrqxtbgyprbgppjfqmimmmfw/Build/Intermediates.noindex/Firebase.build/Debug-iphonesimulator/FirebaseCore.build/Objects-normal/arm64/e6072d4f65d7061329687fe24e3d63a7-common-args.resp -include /Users/siam/Library/Developer/Xcode/DerivedData/Lingua_Quest-gvpckrqxtbgyprbgppjfqmimmmfw/Build/Intermediates.noindex/Firebase.build/Debug-iphonesimulator/FirebaseCore.build/DerivedSources/resource_bundle_accessor.h -MMD -MT dependencies -MF /Users/siam/Library/Developer/Xcode/DerivedData/Lingua_Quest-gvpckrqxtbgyprbgppjfqmimmmfw/Build/Intermediates.noindex/Firebase.build/Debug-iphonesimulator/FirebaseCore.build/Objects-normal/arm64/FIRFirebaseUserAgent.d --serialize-diagnostics /Users/siam/Library/Developer/Xcode/DerivedData/Lingua_Quest-gvpckrqxtbgyprbgppjfqmimmmfw/Build/Intermediates.noindex/Firebase.build/Debug-iphonesimulator/FirebaseCore.build/Objects-normal/arm64/FIRFirebaseUserAgent.dia -c /Users/siam/Library/Developer/Xcode/DerivedData/Lingua_Quest-gvpckrqxtbgyprbgppjfqmimmmfw/SourcePackages/checkouts/firebase-ios-sdk/FirebaseCore/Sources/FIRFirebaseUserAgent.m -o /Users/siam/Library/Developer/Xcode/DerivedData/Lingua_Quest-gvpckrqxtbgyprbgppjfqmimmmfw/Build/Intermediates.noindex/Firebase.build/Debug-iphonesimulator/FirebaseCore.build/Objects-normal/arm64/FIRFirebaseUserAgent.o -index-unit-output-path /Firebase.build/Debug-iphonesimulator/FirebaseCore.build/Objects-normal/arm64/FIRFirebaseUserAgent.o

CompileC /Users/siam/Library/Developer/Xcode/DerivedData/Lingua_Quest-gvpckrqxtbgyprbgppjfqmimmmfw/Build/Intermediates.noindex/Firebase.build/Debug-iphonesimulator/FirebaseCore.build/Objects-normal/arm64/FIRBundleUtil.o /Users/siam/Library/Developer/Xcode/DerivedData/Lingua_Quest-gvpckrqxtbgyprbgppjfqmimmmfw/SourcePackages/checkouts/firebase-ios-sdk/FirebaseCore/Sources/FIRBundleUtil.m normal arm64 objective-c com.apple.compilers.llvm.clang.1_0.compiler (in target 'FirebaseCore' from project 'Firebase')
    cd /Users/siam/Desktop/Lingua\ Quest/Lingua\ Quest.xcodeproj
    
    Using response file: /Users/siam/Library/Developer/Xcode/DerivedData/Lingua_Quest-gvpckrqxtbgyprbgppjfqmimmmfw/Build/Intermediates.noindex/Firebase.build/Debug-iphonesimulator/FirebaseCore.build/Objects-normal/arm64/e6072d4f65d7061329687fe24e3d63a7-common-args.resp
    
    /Applications/Xcode.app/Contents/Developer/Toolchains/XcodeDefault.xctoolchain/usr/bin/clang -x objective-c -ivfsstatcache /Users/siam/Library/Developer/Xcode/DerivedData/SDKStatCaches.noindex/iphonesimulator26.0-23A339-26257891a6c027eb51374368541b8346.sdkstatcache -fmessage-length\=0 -fdiagnostics-show-note-include-stack -fmacro-backtrace-limit\=0 -fno-color-diagnostics -fmodules-prune-interval\=86400 -fmodules-prune-after\=345600 -fbuild-session-file\=/Users/siam/Library/Developer/Xcode/DerivedData/ModuleCache.noindex/Session.modulevalidation -fmodules-validate-once-per-build-session -Wnon-modular-include-in-framework-module -Werror\=non-modular-include-in-framework-module -Wno-trigraphs -Wno-missing-field-initializers -Wno-missing-prototypes -Wno-return-type -Wno-implicit-atomic-properties -Wno-objc-interface-ivars -Wno-arc-repeated-use-of-weak -Wno-missing-braces -Wparentheses -Wswitch -Wno-unused-function -Wno-unused-label -Wno-unused-parameter -Wno-unused-variable -Wunused-value -Wno-empty-body -Wno-uninitialized -Wno-unknown-pragmas -w -Wno-shadow -Wno-four-char-constants -Wno-conversion -Wno-constant-conversion -Wno-int-conversion -Wno-bool-conversion -Wno-enum-conversion -Wno-float-conversion -Wno-non-literal-null-conversion -Wno-objc-literal-conversion -Wshorten-64-to-32 -Wpointer-sign -Wno-newline-eof -Wno-selector -Wno-strict-selector-match -Wno-undeclared-selector -Wno-deprecated-implementations -Wno-implicit-fallthrough -fstrict-aliasing -Wprotocol -Wdeprecated-declarations -Wno-sign-conversion -Wno-infinite-recursion -Wno-comma -Wno-block-capture-autoreleasing -Wno-strict-prototypes -Wno-semicolon-before-method-body -index-store-path /Users/siam/Library/Developer/Xcode/DerivedData/Lingua_Quest-gvpckrqxtbgyprbgppjfqmimmmfw/Index.noindex/DataStore @/Users/siam/Library/Developer/Xcode/DerivedData/Lingua_Quest-gvpckrqxtbgyprbgppjfqmimmmfw/Build/Intermediates.noindex/Firebase.build/Debug-iphonesimulator/FirebaseCore.build/Objects-normal/arm64/e6072d4f65d7061329687fe24e3d63a7-common-args.resp -include /Users/siam/Library/Developer/Xcode/DerivedData/Lingua_Quest-gvpckrqxtbgyprbgppjfqmimmmfw/Build/Intermediates.noindex/Firebase.build/Debug-iphonesimulator/FirebaseCore.build/DerivedSources/resource_bundle_accessor.h -MMD -MT dependencies -MF /Users/siam/Library/Developer/Xcode/DerivedData/Lingua_Quest-gvpckrqxtbgyprbgppjfqmimmmfw/Build/Intermediates.noindex/Firebase.build/Debug-iphonesimulator/FirebaseCore.build/Objects-normal/arm64/FIRBundleUtil.d --serialize-diagnostics /Users/siam/Library/Developer/Xcode/DerivedData/Lingua_Quest-gvpckrqxtbgyprbgppjfqmimmmfw/Build/Intermediates.noindex/Firebase.build/Debug-iphonesimulator/FirebaseCore.build/Objects-normal/arm64/FIRBundleUtil.dia -c /Users/siam/Library/Developer/Xcode/DerivedData/Lingua_Quest-gvpckrqxtbgyprbgppjfqmimmmfw/SourcePackages/checkouts/firebase-ios-sdk/FirebaseCore/Sources/FIRBundleUtil.m -o /Users/siam/Library/Developer/Xcode/DerivedData/Lingua_Quest-gvpckrqxtbgyprbgppjfqmimmmfw/Build/Intermediates.noindex/Firebase.build/Debug-iphonesimulator/FirebaseCore.build/Objects-normal/arm64/FIRBundleUtil.o -index-unit-output-path /Firebase.build/Debug-iphonesimulator/FirebaseCore.build/Objects-normal/arm64/FIRBundleUtil.o

PrecompileModule /Users/siam/Library/Developer/Xcode/DerivedData/Lingua_Quest-gvpckrqxtbgyprbgppjfqmimmmfw/Build/Intermediates.noindex/ExplicitPrecompiledModules/Metal-9Q2NDDJQQR8ZONRFKK4I7YVME.scan
    cd /
    builtin-precompileModule /Users/siam/Library/Developer/Xcode/DerivedData/Lingua_Quest-gvpckrqxtbgyprbgppjfqmimmmfw/Build/Intermediates.noindex/ExplicitPrecompiledModules/Metal-9Q2NDDJQQR8ZONRFKK4I7YVME.scan

SwiftDriverJobDiscovery normal x86_64 Emitting module for FirebaseFirestore (in target 'FirebaseFirestore' from project 'Firebase')

SwiftDriver\ Compilation\ Requirements FirebaseFirestore normal x86_64 com.apple.xcode.tools.swift.compiler (in target 'FirebaseFirestore' from project 'Firebase')
    cd /Users/siam/Desktop/Lingua\ Quest/Lingua\ Quest.xcodeproj
    builtin-Swift-Compilation-Requirements -- /Applications/Xcode.app/Contents/Developer/Toolchains/XcodeDefault.xctoolchain/usr/bin/swiftc -module-name FirebaseFirestore -Onone -enforce-exclusivity\=checked @/Users/siam/Library/Developer/Xcode/DerivedData/Lingua_Quest-gvpckrqxtbgyprbgppjfqmimmmfw/Build/Intermediates.noindex/Firebase.build/Debug-iphonesimulator/FirebaseFirestore.build/Objects-normal/x86_64/FirebaseFirestore.SwiftFileList -DSWIFT_PACKAGE -DDEBUG -DSWIFT_MODULE_RESOURCE_BUNDLE_AVAILABLE -Xcc -fmodule-map-file\=/Users/siam/Library/Developer/Xcode/DerivedData/Lingua_Quest-gvpckrqxtbgyprbgppjfqmimmmfw/Build/Intermediates.noindex/GeneratedModuleMaps-iphonesimulator/GoogleUtilities-NSData.modulemap -Xcc -fmodule-map-file\=/Users/siam/Library/Developer/Xcode/DerivedData/Lingua_Quest-gvpckrqxtbgyprbgppjfqmimmmfw/Build/Intermediates.noindex/GeneratedModuleMaps-iphonesimulator/GoogleUtilities-Environment.modulemap -Xcc -fmodule-map-file\=/Users/siam/Library/Developer/Xcode/DerivedData/Lingua_Quest-gvpckrqxtbgyprbgppjfqmimmmfw/Build/Intermediates.noindex/GeneratedModuleMaps-iphonesimulator/third-party-IsAppEncrypted.modulemap -Xcc -fmodule-map-file\=/Users/siam/Library/Developer/Xcode/DerivedData/Lingua_Quest-gvpckrqxtbgyprbgppjfqmimmmfw/Build/Intermediates.noindex/GeneratedModuleMaps-iphonesimulator/GoogleUtilities-Logger.modulemap -Xcc -fmodule-map-file\=/Users/siam/Library/Developer/Xcode/DerivedData/Lingua_Quest-gvpckrqxtbgyprbgppjfqmimmmfw/Build/Intermediates.noindex/GeneratedModuleMaps-iphonesimulator/abslWrapper.modulemap -Xcc -fmodule-map-file\=/Users/siam/Library/Developer/Xcode/DerivedData/Lingua_Quest-gvpckrqxtbgyprbgppjfqmimmmfw/Build/Intermediates.noindex/GeneratedModuleMaps-iphonesimulator/opensslWrapper.modulemap -Xcc -fmodule-map-file\=/Users/siam/Library/Developer/Xcode/DerivedData/Lingua_Quest-gvpckrqxtbgyprbgppjfqmimmmfw/Build/Intermediates.noindex/GeneratedModuleMaps-iphonesimulator/grpcWrapper.modulemap -Xcc -fmodule-map-file\=/Users/siam/Library/Developer/Xcode/DerivedData/Lingua_Quest-gvpckrqxtbgyprbgppjfqmimmmfw/Build/Intermediates.noindex/GeneratedModuleMaps-iphonesimulator/grpcppWrapper.modulemap -Xcc -fmodule-map-file\=/Users/siam/Library/Developer/Xcode/DerivedData/Lingua_Quest-gvpckrqxtbgyprbgppjfqmimmmfw/Build/Intermediates.noindex/GeneratedModuleMaps-iphonesimulator/nanopb.modulemap -Xcc -fmodule-map-file\=/Users/siam/Library/Developer/Xcode/DerivedData/Lingua_Quest-gvpckrqxtbgyprbgppjfqmimmmfw/Build/Intermediates.noindex/GeneratedModuleMaps-iphonesimulator/leveldb.modulemap -Xcc -fmodule-map-file\=/Users/siam/Library/Developer/Xcode/DerivedData/Lingua_Quest-gvpckrqxtbgyprbgppjfqmimmmfw/Build/Intermediates.noindex/GeneratedModuleMaps-iphonesimulator/FirebaseCoreExtension.modulemap -Xcc -fmodule-map-file\=/Users/siam/Library/Developer/Xcode/DerivedData/Lingua_Quest-gvpckrqxtbgyprbgppjfqmimmmfw/Build/Intermediates.noindex/GeneratedModuleMaps-iphonesimulator/FirebaseCore.modulemap -Xcc -fmodule-map-file\=/Users/siam/Library/Developer/Xcode/DerivedData/Lingua_Quest-gvpckrqxtbgyprbgppjfqmimmmfw/Build/Intermediates.noindex/GeneratedModuleMaps-iphonesimulator/FirebaseAppCheckInterop.modulemap -Xcc -fmodule-map-file\=/Users/siam/Library/Developer/Xcode/DerivedData/Lingua_Quest-gvpckrqxtbgyprbgppjfqmimmmfw/Build/Intermediates.noindex/GeneratedModuleMaps-iphonesimulator/FirebaseFirestoreInternalWrapper.modulemap -DXcode -plugin-path /Applications/Xcode.app/Contents/Developer/Toolchains/XcodeDefault.xctoolchain/usr/lib/swift/host/plugins/testing -enable-experimental-feature DebugDescriptionMacro -sdk /Applications/Xcode.app/Contents/Developer/Platforms/iPhoneSimulator.platform/Developer/SDKs/iPhoneSimulator26.0.sdk -target x86_64-apple-ios15.0-simulator -g -module-cache-path /Users/siam/Library/Developer/Xcode/DerivedData/ModuleCache.noindex -Xfrontend -serialize-debugging-options -profile-coverage-mapping -profile-generate -enable-testing -suppress-warnings -index-store-path /Users/siam/Library/Developer/Xcode/DerivedData/Lingua_Quest-gvpckrqxtbgyprbgppjfqmimmmfw/Index.noindex/DataStore -Xcc -D_LIBCPP_HARDENING_MODE\=_LIBCPP_HARDENING_MODE_DEBUG -swift-version 5 -I /Users/siam/Library/Developer/Xcode/DerivedData/Lingua_Quest-gvpckrqxtbgyprbgppjfqmimmmfw/Build/Products/Debug-iphonesimulator -Isystem /Applications/Xcode.app/Contents/Developer/Platforms/iPhoneSimulator.platform/Developer/usr/lib -F /Users/siam/Library/Developer/Xcode/DerivedData/Lingua_Quest-gvpckrqxtbgyprbgppjfqmimmmfw/Build/Products/Debug-iphonesimulator/PackageFrameworks -F /Users/siam/Library/Developer/Xcode/DerivedData/Lingua_Quest-gvpckrqxtbgyprbgppjfqmimmmfw/Build/Products/Debug-iphonesimulator/PackageFrameworks -F /Users/siam/Library/Developer/Xcode/DerivedData/Lingua_Quest-gvpckrqxtbgyprbgppjfqmimmmfw/Build/Products/Debug-iphonesimulator/PackageFrameworks -F /Users/siam/Library/Developer/Xcode/DerivedData/Lingua_Quest-gvpckrqxtbgyprbgppjfqmimmmfw/Build/Products/Debug-iphonesimulator/PackageFrameworks -F /Users/siam/Library/Developer/Xcode/DerivedData/Lingua_Quest-gvpckrqxtbgyprbgppjfqmimmmfw/Build/Products/Debug-iphonesimulator/PackageFrameworks -F /Users/siam/Library/Developer/Xcode/DerivedData/Lingua_Quest-gvpckrqxtbgyprbgppjfqmimmmfw/Build/Products/Debug-iphonesimulator/PackageFrameworks -F /Users/siam/Library/Developer/Xcode/DerivedData/Lingua_Quest-gvpckrqxtbgyprbgppjfqmimmmfw/Build/Products/Debug-iphonesimulator/PackageFrameworks -F /Users/siam/Library/Developer/Xcode/DerivedData/Lingua_Quest-gvpckrqxtbgyprbgppjfqmimmmfw/Build/Products/Debug-iphonesimulator/PackageFrameworks -F /Users/siam/Library/Developer/Xcode/DerivedData/Lingua_Quest-gvpckrqxtbgyprbgppjfqmimmmfw/Build/Products/Debug-iphonesimulator/PackageFrameworks -F /Users/siam/Library/Developer/Xcode/DerivedData/Lingua_Quest-gvpckrqxtbgyprbgppjfqmimmmfw/Build/Products/Debug-iphonesimulator/PackageFrameworks -F /Users/siam/Library/Developer/Xcode/DerivedData/Lingua_Quest-gvpckrqxtbgyprbgppjfqmimmmfw/Build/Products/Debug-iphonesimulator/PackageFrameworks -F /Users/siam/Library/Developer/Xcode/DerivedData/Lingua_Quest-gvpckrqxtbgyprbgppjfqmimmmfw/Build/Products/Debug-iphonesimulator/PackageFrameworks -F /Users/siam/Library/Developer/Xcode/DerivedData/Lingua_Quest-gvpckrqxtbgyprbgppjfqmimmmfw/Build/Products/Debug-iphonesimulator/PackageFrameworks -F /Users/siam/Library/Developer/Xcode/DerivedData/Lingua_Quest-gvpckrqxtbgyprbgppjfqmimmmfw/Build/Products/Debug-iphonesimulator/PackageFrameworks -F /Users/siam/Library/Developer/Xcode/DerivedData/Lingua_Quest-gvpckrqxtbgyprbgppjfqmimmmfw/Build/Products/Debug-iphonesimulator/PackageFrameworks -F /Users/siam/Library/Developer/Xcode/DerivedData/Lingua_Quest-gvpckrqxtbgyprbgppjfqmimmmfw/Build/Products/Debug-iphonesimulator/PackageFrameworks -F /Users/siam/Library/Developer/Xcode/DerivedData/Lingua_Quest-gvpckrqxtbgyprbgppjfqmimmmfw/Build/Products/Debug-iphonesimulator/PackageFrameworks -F /Users/siam/Library/Developer/Xcode/DerivedData/Lingua_Quest-gvpckrqxtbgyprbgppjfqmimmmfw/Build/Products/Debug-iphonesimulator -F /Applications/Xcode.app/Contents/Developer/Platforms/iPhoneSimulator.platform/Developer/Library/Frameworks -F /Applications/Xcode.app/Contents/Developer/Platforms/iPhoneSimulator.platform/Developer/SDKs/iPhoneSimulator26.0.sdk/Developer/Library/Frameworks -c -j12 -enable-batch-mode -incremental -Xcc -ivfsstatcache -Xcc /Users/siam/Library/Developer/Xcode/DerivedData/SDKStatCaches.noindex/iphonesimulator26.0-23A339-26257891a6c027eb51374368541b8346.sdkstatcache -output-file-map /Users/siam/Library/Developer/Xcode/DerivedData/Lingua_Quest-gvpckrqxtbgyprbgppjfqmimmmfw/Build/Intermediates.noindex/Firebase.build/Debug-iphonesimulator/FirebaseFirestore.build/Objects-normal/x86_64/FirebaseFirestore-OutputFileMap.json -use-frontend-parseable-output -save-temps -no-color-diagnostics -explicit-module-build -module-cache-path /Users/siam/Library/Developer/Xcode/DerivedData/Lingua_Quest-gvpckrqxtbgyprbgppjfqmimmmfw/Build/Intermediates.noindex/SwiftExplicitPrecompiledModules -clang-scanner-module-cache-path /Users/siam/Library/Developer/Xcode/DerivedData/ModuleCache.noindex -sdk-module-cache-path /Users/siam/Library/Developer/Xcode/DerivedData/ModuleCache.noindex -serialize-diagnostics -emit-dependencies -emit-module -emit-module-path /Users/siam/Library/Developer/Xcode/DerivedData/Lingua_Quest-gvpckrqxtbgyprbgppjfqmimmmfw/Build/Intermediates.noindex/Firebase.build/Debug-iphonesimulator/FirebaseFirestore.build/Objects-normal/x86_64/FirebaseFirestore.swiftmodule -user-module-version 12.16.0 -validate-clang-modules-once -clang-build-session-file /Users/siam/Library/Developer/Xcode/DerivedData/ModuleCache.noindex/Session.modulevalidation -package-name firebase_ios_sdk -Xcc -I/Users/siam/Library/Developer/Xcode/DerivedData/Lingua_Quest-gvpckrqxtbgyprbgppjfqmimmmfw/Build/Intermediates.noindex/Firebase.build/Debug-iphonesimulator/FirebaseFirestore.build/swift-overrides.hmap -emit-const-values -Xfrontend -const-gather-protocols-file -Xfrontend /Users/siam/Library/Developer/Xcode/DerivedData/Lingua_Quest-gvpckrqxtbgyprbgppjfqmimmmfw/Build/Intermediates.noindex/Firebase.build/Debug-iphonesimulator/FirebaseFirestore.build/Objects-normal/x86_64/FirebaseFirestore_const_extract_protocols.json -Xcc -I/Users/siam/Library/Developer/Xcode/DerivedData/Lingua_Quest-gvpckrqxtbgyprbgppjfqmimmmfw/SourcePackages/checkouts/GoogleUtilities/GoogleUtilities/NSData+zlib/Public -Xcc -I/Users/siam/Library/Developer/Xcode/DerivedData/Lingua_Quest-gvpckrqxtbgyprbgppjfqmimmmfw/SourcePackages/checkouts/GoogleUtilities/GoogleUtilities/Environment/Public -Xcc -I/Users/siam/Library/Developer/Xcode/DerivedData/Lingua_Quest-gvpckrqxtbgyprbgppjfqmimmmfw/SourcePackages/checkouts/GoogleUtilities/third_party/IsAppEncrypted/Public -Xcc -I/Users/siam/Library/Developer/Xcode/DerivedData/Lingua_Quest-gvpckrqxtbgyprbgppjfqmimmmfw/SourcePackages/checkouts/GoogleUtilities/GoogleUtilities/Logger/Public -Xcc -I/Users/siam/Library/Developer/Xcode/DerivedData/Lingua_Quest-gvpckrqxtbgyprbgppjfqmimmmfw/SourcePackages/checkouts/abseil-cpp-binary/absl-Wrapper/include -Xcc -I/Users/siam/Library/Developer/Xcode/DerivedData/Lingua_Quest-gvpckrqxtbgyprbgppjfqmimmmfw/SourcePackages/checkouts/grpc-binary/openssl-grpc-Wrapper/include -Xcc -I/Users/siam/Library/Developer/Xcode/DerivedData/Lingua_Quest-gvpckrqxtbgyprbgppjfqmimmmfw/SourcePackages/checkouts/grpc-binary/grpc-Wrapper/include -Xcc -I/Users/siam/Library/Developer/Xcode/DerivedData/Lingua_Quest-gvpckrqxtbgyprbgppjfqmimmmfw/SourcePackages/checkouts/grpc-binary/grpcpp-Wrapper/include -Xcc -I/Users/siam/Library/Developer/Xcode/DerivedData/Lingua_Quest-gvpckrqxtbgyprbgppjfqmimmmfw/SourcePackages/checkouts/nanopb/spm_headers -Xcc -I/Users/siam/Library/Developer/Xcode/DerivedData/Lingua_Quest-gvpckrqxtbgyprbgppjfqmimmmfw/SourcePackages/checkouts/leveldb/include -Xcc -I/Users/siam/Library/Developer/Xcode/DerivedData/Lingua_Quest-gvpckrqxtbgyprbgppjfqmimmmfw/SourcePackages/checkouts/firebase-ios-sdk/FirebaseCore/Extension -Xcc -I/Users/siam/Library/Developer/Xcode/DerivedData/Lingua_Quest-gvpckrqxtbgyprbgppjfqmimmmfw/SourcePackages/checkouts/firebase-ios-sdk/FirebaseCore/Sources/Public -Xcc -I/Users/siam/Library/Developer/Xcode/DerivedData/Lingua_Quest-gvpckrqxtbgyprbgppjfqmimmmfw/SourcePackages/checkouts/firebase-ios-sdk/CoreOnly/Sources -Xcc -I/Users/siam/Library/Developer/Xcode/DerivedData/Lingua_Quest-gvpckrqxtbgyprbgppjfqmimmmfw/SourcePackages/checkouts/firebase-ios-sdk/FirebaseAppCheck/Interop/Public -Xcc -I/Users/siam/Library/Developer/Xcode/DerivedData/Lingua_Quest-gvpckrqxtbgyprbgppjfqmimmmfw/SourcePackages/checkouts/firebase-ios-sdk/FirebaseFirestoreInternal -Xcc -I/Users/siam/Library/Developer/Xcode/DerivedData/Lingua_Quest-gvpckrqxtbgyprbgppjfqmimmmfw/Build/Products/Debug-iphonesimulator/include -Xcc -I/Users/siam/Library/Developer/Xcode/DerivedData/Lingua_Quest-gvpckrqxtbgyprbgppjfqmimmmfw/Build/Intermediates.noindex/Firebase.build/Debug-iphonesimulator/FirebaseFirestore.build/DerivedSources-normal/x86_64 -Xcc -I/Users/siam/Library/Developer/Xcode/DerivedData/Lingua_Quest-gvpckrqxtbgyprbgppjfqmimmmfw/Build/Intermediates.noindex/Firebase.build/Debug-iphonesimulator/FirebaseFirestore.build/DerivedSources/x86_64 -Xcc -I/Users/siam/Library/Developer/Xcode/DerivedData/Lingua_Quest-gvpckrqxtbgyprbgppjfqmimmmfw/Build/Intermediates.noindex/Firebase.build/Debug-iphonesimulator/FirebaseFirestore.build/DerivedSources -Xcc -DSWIFT_PACKAGE -Xcc -DDEBUG\=1 -emit-objc-header -emit-objc-header-path /Users/siam/Library/Developer/Xcode/DerivedData/Lingua_Quest-gvpckrqxtbgyprbgppjfqmimmmfw/Build/Intermediates.noindex/Firebase.build/Debug-iphonesimulator/FirebaseFirestore.build/Objects-normal/x86_64/FirebaseFirestore-Swift.h -working-directory /Users/siam/Desktop/Lingua\ Quest/Lingua\ Quest.xcodeproj -experimental-emit-module-separately -disable-cmo

PrecompileModule /Users/siam/Library/Developer/Xcode/DerivedData/Lingua_Quest-gvpckrqxtbgyprbgppjfqmimmmfw/Build/Intermediates.noindex/ExplicitPrecompiledModules/FirebaseCoreInternal-9PF7LJM2JR5QW2OVLN9PIDPEI.scan
    cd /
    builtin-precompileModule /Users/siam/Library/Developer/Xcode/DerivedData/Lingua_Quest-gvpckrqxtbgyprbgppjfqmimmmfw/Build/Intermediates.noindex/ExplicitPrecompiledModules/FirebaseCoreInternal-9PF7LJM2JR5QW2OVLN9PIDPEI.scan

SwiftMergeGeneratedHeaders /Users/siam/Library/Developer/Xcode/DerivedData/Lingua_Quest-gvpckrqxtbgyprbgppjfqmimmmfw/Build/Intermediates.noindex/GeneratedModuleMaps-iphonesimulator/FirebaseFirestore-Swift.h /Users/siam/Library/Developer/Xcode/DerivedData/Lingua_Quest-gvpckrqxtbgyprbgppjfqmimmmfw/Build/Intermediates.noindex/Firebase.build/Debug-iphonesimulator/FirebaseFirestore.build/Objects-normal/arm64/FirebaseFirestore-Swift.h /Users/siam/Library/Developer/Xcode/DerivedData/Lingua_Quest-gvpckrqxtbgyprbgppjfqmimmmfw/Build/Intermediates.noindex/Firebase.build/Debug-iphonesimulator/FirebaseFirestore.build/Objects-normal/x86_64/FirebaseFirestore-Swift.h (in target 'FirebaseFirestore' from project 'Firebase')
    cd /Users/siam/Library/Developer/Xcode/DerivedData/Lingua_Quest-gvpckrqxtbgyprbgppjfqmimmmfw/SourcePackages/checkouts/firebase-ios-sdk
    builtin-swiftHeaderTool -arch arm64 /Users/siam/Library/Developer/Xcode/DerivedData/Lingua_Quest-gvpckrqxtbgyprbgppjfqmimmmfw/Build/Intermediates.noindex/Firebase.build/Debug-iphonesimulator/FirebaseFirestore.build/Objects-normal/arm64/FirebaseFirestore-Swift.h -arch x86_64 /Users/siam/Library/Developer/Xcode/DerivedData/Lingua_Quest-gvpckrqxtbgyprbgppjfqmimmmfw/Build/Intermediates.noindex/Firebase.build/Debug-iphonesimulator/FirebaseFirestore.build/Objects-normal/x86_64/FirebaseFirestore-Swift.h -o /Users/siam/Library/Developer/Xcode/DerivedData/Lingua_Quest-gvpckrqxtbgyprbgppjfqmimmmfw/Build/Intermediates.noindex/GeneratedModuleMaps-iphonesimulator/FirebaseFirestore-Swift.h

Copy /Users/siam/Library/Developer/Xcode/DerivedData/Lingua_Quest-gvpckrqxtbgyprbgppjfqmimmmfw/Build/Products/Debug-iphonesimulator/FirebaseFirestore.swiftmodule/x86_64-apple-ios-simulator.swiftmodule /Users/siam/Library/Developer/Xcode/DerivedData/Lingua_Quest-gvpckrqxtbgyprbgppjfqmimmmfw/Build/Intermediates.noindex/Firebase.build/Debug-iphonesimulator/FirebaseFirestore.build/Objects-normal/x86_64/FirebaseFirestore.swiftmodule (in target 'FirebaseFirestore' from project 'Firebase')
    cd /Users/siam/Library/Developer/Xcode/DerivedData/Lingua_Quest-gvpckrqxtbgyprbgppjfqmimmmfw/SourcePackages/checkouts/firebase-ios-sdk
    builtin-copy -exclude .DS_Store -exclude CVS -exclude .svn -exclude .git -exclude .hg -resolve-src-symlinks -rename /Users/siam/Library/Developer/Xcode/DerivedData/Lingua_Quest-gvpckrqxtbgyprbgppjfqmimmmfw/Build/Intermediates.noindex/Firebase.build/Debug-iphonesimulator/FirebaseFirestore.build/Objects-normal/x86_64/FirebaseFirestore.swiftmodule /Users/siam/Library/Developer/Xcode/DerivedData/Lingua_Quest-gvpckrqxtbgyprbgppjfqmimmmfw/Build/Products/Debug-iphonesimulator/FirebaseFirestore.swiftmodule/x86_64-apple-ios-simulator.swiftmodule

Copy /Users/siam/Library/Developer/Xcode/DerivedData/Lingua_Quest-gvpckrqxtbgyprbgppjfqmimmmfw/Build/Products/Debug-iphonesimulator/FirebaseFirestore.swiftmodule/x86_64-apple-ios-simulator.swiftdoc /Users/siam/Library/Developer/Xcode/DerivedData/Lingua_Quest-gvpckrqxtbgyprbgppjfqmimmmfw/Build/Intermediates.noindex/Firebase.build/Debug-iphonesimulator/FirebaseFirestore.build/Objects-normal/x86_64/FirebaseFirestore.swiftdoc (in target 'FirebaseFirestore' from project 'Firebase')
    cd /Users/siam/Library/Developer/Xcode/DerivedData/Lingua_Quest-gvpckrqxtbgyprbgppjfqmimmmfw/SourcePackages/checkouts/firebase-ios-sdk
    builtin-copy -exclude .DS_Store -exclude CVS -exclude .svn -exclude .git -exclude .hg -resolve-src-symlinks -rename /Users/siam/Library/Developer/Xcode/DerivedData/Lingua_Quest-gvpckrqxtbgyprbgppjfqmimmmfw/Build/Intermediates.noindex/Firebase.build/Debug-iphonesimulator/FirebaseFirestore.build/Objects-normal/x86_64/FirebaseFirestore.swiftdoc /Users/siam/Library/Developer/Xcode/DerivedData/Lingua_Quest-gvpckrqxtbgyprbgppjfqmimmmfw/Build/Products/Debug-iphonesimulator/FirebaseFirestore.swiftmodule/x86_64-apple-ios-simulator.swiftdoc

Copy /Users/siam/Library/Developer/Xcode/DerivedData/Lingua_Quest-gvpckrqxtbgyprbgppjfqmimmmfw/Build/Products/Debug-iphonesimulator/FirebaseFirestore.swiftmodule/x86_64-apple-ios-simulator.abi.json /Users/siam/Library/Developer/Xcode/DerivedData/Lingua_Quest-gvpckrqxtbgyprbgppjfqmimmmfw/Build/Intermediates.noindex/Firebase.build/Debug-iphonesimulator/FirebaseFirestore.build/Objects-normal/x86_64/FirebaseFirestore.abi.json (in target 'FirebaseFirestore' from project 'Firebase')
    cd /Users/siam/Library/Developer/Xcode/DerivedData/Lingua_Quest-gvpckrqxtbgyprbgppjfqmimmmfw/SourcePackages/checkouts/firebase-ios-sdk
    builtin-copy -exclude .DS_Store -exclude CVS -exclude .svn -exclude .git -exclude .hg -resolve-src-symlinks -rename /Users/siam/Library/Developer/Xcode/DerivedData/Lingua_Quest-gvpckrqxtbgyprbgppjfqmimmmfw/Build/Intermediates.noindex/Firebase.build/Debug-iphonesimulator/FirebaseFirestore.build/Objects-normal/x86_64/FirebaseFirestore.abi.json /Users/siam/Library/Developer/Xcode/DerivedData/Lingua_Quest-gvpckrqxtbgyprbgppjfqmimmmfw/Build/Products/Debug-iphonesimulator/FirebaseFirestore.swiftmodule/x86_64-apple-ios-simulator.abi.json

Copy /Users/siam/Library/Developer/Xcode/DerivedData/Lingua_Quest-gvpckrqxtbgyprbgppjfqmimmmfw/Build/Products/Debug-iphonesimulator/FirebaseFirestore.swiftmodule/Project/x86_64-apple-ios-simulator.swiftsourceinfo /Users/siam/Library/Developer/Xcode/DerivedData/Lingua_Quest-gvpckrqxtbgyprbgppjfqmimmmfw/Build/Intermediates.noindex/Firebase.build/Debug-iphonesimulator/FirebaseFirestore.build/Objects-normal/x86_64/FirebaseFirestore.swiftsourceinfo (in target 'FirebaseFirestore' from project 'Firebase')
    cd /Users/siam/Library/Developer/Xcode/DerivedData/Lingua_Quest-gvpckrqxtbgyprbgppjfqmimmmfw/SourcePackages/checkouts/firebase-ios-sdk
    builtin-copy -exclude .DS_Store -exclude CVS -exclude .svn -exclude .git -exclude .hg -resolve-src-symlinks -rename /Users/siam/Library/Developer/Xcode/DerivedData/Lingua_Quest-gvpckrqxtbgyprbgppjfqmimmmfw/Build/Intermediates.noindex/Firebase.build/Debug-iphonesimulator/FirebaseFirestore.build/Objects-normal/x86_64/FirebaseFirestore.swiftsourceinfo /Users/siam/Library/Developer/Xcode/DerivedData/Lingua_Quest-gvpckrqxtbgyprbgppjfqmimmmfw/Build/Products/Debug-iphonesimulator/FirebaseFirestore.swiftmodule/Project/x86_64-apple-ios-simulator.swiftsourceinfo

SwiftDriverJobDiscovery normal x86_64 Compiling GoogleSignInButtonStyling.swift (in target 'GoogleSignInSwift' from project 'GoogleSignIn')

PrecompileModule /Users/siam/Library/Developer/Xcode/DerivedData/Lingua_Quest-gvpckrqxtbgyprbgppjfqmimmmfw/Build/Intermediates.noindex/ExplicitPrecompiledModules/FileProvider-83PD7IQJOTEKSSUX0N1S3O8M9.scan
    cd /
    builtin-precompileModule /Users/siam/Library/Developer/Xcode/DerivedData/Lingua_Quest-gvpckrqxtbgyprbgppjfqmimmmfw/Build/Intermediates.noindex/ExplicitPrecompiledModules/FileProvider-83PD7IQJOTEKSSUX0N1S3O8M9.scan

PrecompileModule /Users/siam/Library/Developer/Xcode/DerivedData/Lingua_Quest-gvpckrqxtbgyprbgppjfqmimmmfw/Build/Intermediates.noindex/ExplicitPrecompiledModules/UIUtilities-EKU8Q2QP4ERSQB4A6HNWAA2GC.scan
    cd /
    builtin-precompileModule /Users/siam/Library/Developer/Xcode/DerivedData/Lingua_Quest-gvpckrqxtbgyprbgppjfqmimmmfw/Build/Intermediates.noindex/ExplicitPrecompiledModules/UIUtilities-EKU8Q2QP4ERSQB4A6HNWAA2GC.scan

PrecompileModule /Users/siam/Library/Developer/Xcode/DerivedData/Lingua_Quest-gvpckrqxtbgyprbgppjfqmimmmfw/Build/Intermediates.noindex/ExplicitPrecompiledModules/OpenGLES-3EGUXLTG1KSK4PVE1GZ26J1T6.scan
    cd /
    builtin-precompileModule /Users/siam/Library/Developer/Xcode/DerivedData/Lingua_Quest-gvpckrqxtbgyprbgppjfqmimmmfw/Build/Intermediates.noindex/ExplicitPrecompiledModules/OpenGLES-3EGUXLTG1KSK4PVE1GZ26J1T6.scan

SwiftDriver\ Compilation GoogleSignInSwift normal x86_64 com.apple.xcode.tools.swift.compiler (in target 'GoogleSignInSwift' from project 'GoogleSignIn')
    cd /Users/siam/Desktop/Lingua\ Quest/Lingua\ Quest.xcodeproj
    builtin-Swift-Compilation -- /Applications/Xcode.app/Contents/Developer/Toolchains/XcodeDefault.xctoolchain/usr/bin/swiftc -module-name GoogleSignInSwift -Onone -enforce-exclusivity\=checked @/Users/siam/Library/Developer/Xcode/DerivedData/Lingua_Quest-gvpckrqxtbgyprbgppjfqmimmmfw/Build/Intermediates.noindex/GoogleSignIn.build/Debug-iphonesimulator/GoogleSignInSwift.build/Objects-normal/x86_64/GoogleSignInSwift.SwiftFileList -DSWIFT_PACKAGE -DDEBUG -DSWIFT_MODULE_RESOURCE_BUNDLE_AVAILABLE -Xcc -fmodule-map-file\=/Users/siam/Library/Developer/Xcode/DerivedData/Lingua_Quest-gvpckrqxtbgyprbgppjfqmimmmfw/Build/Intermediates.noindex/GeneratedModuleMaps-iphonesimulator/AppAuth.modulemap -Xcc -fmodule-map-file\=/Users/siam/Library/Developer/Xcode/DerivedData/Lingua_Quest-gvpckrqxtbgyprbgppjfqmimmmfw/Build/Intermediates.noindex/GeneratedModuleMaps-iphonesimulator/AppAuthCore.modulemap -Xcc -fmodule-map-file\=/Users/siam/Library/Developer/Xcode/DerivedData/Lingua_Quest-gvpckrqxtbgyprbgppjfqmimmmfw/Build/Intermediates.noindex/GeneratedModuleMaps-iphonesimulator/GoogleUtilities-Logger.modulemap -Xcc -fmodule-map-file\=/Users/siam/Library/Developer/Xcode/DerivedData/Lingua_Quest-gvpckrqxtbgyprbgppjfqmimmmfw/Build/Intermediates.noindex/GeneratedModuleMaps-iphonesimulator/GoogleUtilities-Environment.modulemap -Xcc -fmodule-map-file\=/Users/siam/Library/Developer/Xcode/DerivedData/Lingua_Quest-gvpckrqxtbgyprbgppjfqmimmmfw/Build/Intermediates.noindex/GeneratedModuleMaps-iphonesimulator/third-party-IsAppEncrypted.modulemap -Xcc -fmodule-map-file\=/Users/siam/Library/Developer/Xcode/DerivedData/Lingua_Quest-gvpckrqxtbgyprbgppjfqmimmmfw/Build/Intermediates.noindex/GeneratedModuleMaps-iphonesimulator/GoogleUtilities-UserDefaults.modulemap -Xcc -fmodule-map-file\=/Users/siam/Library/Developer/Xcode/DerivedData/Lingua_Quest-gvpckrqxtbgyprbgppjfqmimmmfw/Build/Intermediates.noindex/GeneratedModuleMaps-iphonesimulator/AppCheckCore.modulemap -Xcc -fmodule-map-file\=/Users/siam/Library/Developer/Xcode/DerivedData/Lingua_Quest-gvpckrqxtbgyprbgppjfqmimmmfw/Build/Intermediates.noindex/GeneratedModuleMaps-iphonesimulator/GTMSessionFetcherCore.modulemap -Xcc -fmodule-map-file\=/Users/siam/Library/Developer/Xcode/DerivedData/Lingua_Quest-gvpckrqxtbgyprbgppjfqmimmmfw/Build/Intermediates.noindex/GeneratedModuleMaps-iphonesimulator/GoogleSignIn.modulemap -DXcode -plugin-path /Applications/Xcode.app/Contents/Developer/Toolchains/XcodeDefault.xctoolchain/usr/lib/swift/host/plugins/testing -enable-experimental-feature DebugDescriptionMacro -sdk /Applications/Xcode.app/Contents/Developer/Platforms/iPhoneSimulator.platform/Developer/SDKs/iPhoneSimulator26.0.sdk -target x86_64-apple-ios12.0-simulator -g -module-cache-path /Users/siam/Library/Developer/Xcode/DerivedData/ModuleCache.noindex -Xfrontend -serialize-debugging-options -profile-coverage-mapping -profile-generate -enable-testing -suppress-warnings -index-store-path /Users/siam/Library/Developer/Xcode/DerivedData/Lingua_Quest-gvpckrqxtbgyprbgppjfqmimmmfw/Index.noindex/DataStore -Xcc -D_LIBCPP_HARDENING_MODE\=_LIBCPP_HARDENING_MODE_DEBUG -swift-version 6 -I /Users/siam/Library/Developer/Xcode/DerivedData/Lingua_Quest-gvpckrqxtbgyprbgppjfqmimmmfw/Build/Products/Debug-iphonesimulator -Isystem /Applications/Xcode.app/Contents/Developer/Platforms/iPhoneSimulator.platform/Developer/usr/lib -F /Users/siam/Library/Developer/Xcode/DerivedData/Lingua_Quest-gvpckrqxtbgyprbgppjfqmimmmfw/Build/Products/Debug-iphonesimulator/PackageFrameworks -F /Users/siam/Library/Developer/Xcode/DerivedData/Lingua_Quest-gvpckrqxtbgyprbgppjfqmimmmfw/Build/Products/Debug-iphonesimulator/PackageFrameworks -F /Users/siam/Library/Developer/Xcode/DerivedData/Lingua_Quest-gvpckrqxtbgyprbgppjfqmimmmfw/Build/Products/Debug-iphonesimulator/PackageFrameworks -F /Users/siam/Library/Developer/Xcode/DerivedData/Lingua_Quest-gvpckrqxtbgyprbgppjfqmimmmfw/Build/Products/Debug-iphonesimulator/PackageFrameworks -F /Users/siam/Library/Developer/Xcode/DerivedData/Lingua_Quest-gvpckrqxtbgyprbgppjfqmimmmfw/Build/Products/Debug-iphonesimulator/PackageFrameworks -F /Users/siam/Library/Developer/Xcode/DerivedData/Lingua_Quest-gvpckrqxtbgyprbgppjfqmimmmfw/Build/Products/Debug-iphonesimulator/PackageFrameworks -F /Users/siam/Library/Developer/Xcode/DerivedData/Lingua_Quest-gvpckrqxtbgyprbgppjfqmimmmfw/Build/Products/Debug-iphonesimulator/PackageFrameworks -F /Users/siam/Library/Developer/Xcode/DerivedData/Lingua_Quest-gvpckrqxtbgyprbgppjfqmimmmfw/Build/Products/Debug-iphonesimulator/PackageFrameworks -F /Users/siam/Library/Developer/Xcode/DerivedData/Lingua_Quest-gvpckrqxtbgyprbgppjfqmimmmfw/Build/Products/Debug-iphonesimulator/PackageFrameworks -F /Users/siam/Library/Developer/Xcode/DerivedData/Lingua_Quest-gvpckrqxtbgyprbgppjfqmimmmfw/Build/Products/Debug-iphonesimulator/PackageFrameworks -F /Users/siam/Library/Developer/Xcode/DerivedData/Lingua_Quest-gvpckrqxtbgyprbgppjfqmimmmfw/Build/Products/Debug-iphonesimulator/PackageFrameworks -F /Users/siam/Library/Developer/Xcode/DerivedData/Lingua_Quest-gvpckrqxtbgyprbgppjfqmimmmfw/Build/Products/Debug-iphonesimulator -F /Applications/Xcode.app/Contents/Developer/Platforms/iPhoneSimulator.platform/Developer/Library/Frameworks -F /Applications/Xcode.app/Contents/Developer/Platforms/iPhoneSimulator.platform/Developer/SDKs/iPhoneSimulator26.0.sdk/Developer/Library/Frameworks -emit-localized-strings -emit-localized-strings-path /Users/siam/Library/Developer/Xcode/DerivedData/Lingua_Quest-gvpckrqxtbgyprbgppjfqmimmmfw/Build/Intermediates.noindex/GoogleSignIn.build/Debug-iphonesimulator/GoogleSignInSwift.build/Objects-normal/x86_64 -c -j12 -enable-batch-mode -incremental -Xcc -ivfsstatcache -Xcc /Users/siam/Library/Developer/Xcode/DerivedData/SDKStatCaches.noindex/iphonesimulator26.0-23A339-26257891a6c027eb51374368541b8346.sdkstatcache -output-file-map /Users/siam/Library/Developer/Xcode/DerivedData/Lingua_Quest-gvpckrqxtbgyprbgppjfqmimmmfw/Build/Intermediates.noindex/GoogleSignIn.build/Debug-iphonesimulator/GoogleSignInSwift.build/Objects-normal/x86_64/GoogleSignInSwift-OutputFileMap.json -use-frontend-parseable-output -save-temps -no-color-diagnostics -explicit-module-build -module-cache-path /Users/siam/Library/Developer/Xcode/DerivedData/Lingua_Quest-gvpckrqxtbgyprbgppjfqmimmmfw/Build/Intermediates.noindex/SwiftExplicitPrecompiledModules -clang-scanner-module-cache-path /Users/siam/Library/Developer/Xcode/DerivedData/ModuleCache.noindex -sdk-module-cache-path /Users/siam/Library/Developer/Xcode/DerivedData/ModuleCache.noindex -serialize-diagnostics -emit-dependencies -emit-module -emit-module-path /Users/siam/Library/Developer/Xcode/DerivedData/Lingua_Quest-gvpckrqxtbgyprbgppjfqmimmmfw/Build/Intermediates.noindex/GoogleSignIn.build/Debug-iphonesimulator/GoogleSignInSwift.build/Objects-normal/x86_64/GoogleSignInSwift.swiftmodule -user-module-version 9.2.0 -validate-clang-modules-once -clang-build-session-file /Users/siam/Library/Developer/Xcode/DerivedData/ModuleCache.noindex/Session.modulevalidation -package-name googlesignin_ios -Xcc -I/Users/siam/Library/Developer/Xcode/DerivedData/Lingua_Quest-gvpckrqxtbgyprbgppjfqmimmmfw/Build/Intermediates.noindex/GoogleSignIn.build/Debug-iphonesimulator/GoogleSignInSwift.build/swift-overrides.hmap -emit-const-values -Xfrontend -const-gather-protocols-file -Xfrontend /Users/siam/Library/Developer/Xcode/DerivedData/Lingua_Quest-gvpckrqxtbgyprbgppjfqmimmmfw/Build/Intermediates.noindex/GoogleSignIn.build/Debug-iphonesimulator/GoogleSignInSwift.build/Objects-normal/x86_64/GoogleSignInSwift_const_extract_protocols.json -Xcc -I/Users/siam/Library/Developer/Xcode/DerivedData/Lingua_Quest-gvpckrqxtbgyprbgppjfqmimmmfw/SourcePackages/checkouts/AppAuth-iOS/Sources/AppAuth -Xcc -I/Users/siam/Library/Developer/Xcode/DerivedData/Lingua_Quest-gvpckrqxtbgyprbgppjfqmimmmfw/SourcePackages/checkouts/AppAuth-iOS/Sources/AppAuthCore -Xcc -I/Users/siam/Library/Developer/Xcode/DerivedData/Lingua_Quest-gvpckrqxtbgyprbgppjfqmimmmfw/SourcePackages/checkouts/promises/Sources/FBLPromises/include -Xcc -I/Users/siam/Library/Developer/Xcode/DerivedData/Lingua_Quest-gvpckrqxtbgyprbgppjfqmimmmfw/SourcePackages/checkouts/GoogleUtilities/GoogleUtilities/Logger/Public -Xcc -I/Users/siam/Library/Developer/Xcode/DerivedData/Lingua_Quest-gvpckrqxtbgyprbgppjfqmimmmfw/SourcePackages/checkouts/GoogleUtilities/GoogleUtilities/Environment/Public -Xcc -I/Users/siam/Library/Developer/Xcode/DerivedData/Lingua_Quest-gvpckrqxtbgyprbgppjfqmimmmfw/SourcePackages/checkouts/GoogleUtilities/third_party/IsAppEncrypted/Public -Xcc -I/Users/siam/Library/Developer/Xcode/DerivedData/Lingua_Quest-gvpckrqxtbgyprbgppjfqmimmmfw/SourcePackages/checkouts/GoogleUtilities/GoogleUtilities/UserDefaults/Public -Xcc -I/Users/siam/Library/Developer/Xcode/DerivedData/Lingua_Quest-gvpckrqxtbgyprbgppjfqmimmmfw/SourcePackages/checkouts/app-check/AppCheckCore/Sources/Public -Xcc -I/Users/siam/Library/Developer/Xcode/DerivedData/Lingua_Quest-gvpckrqxtbgyprbgppjfqmimmmfw/SourcePackages/checkouts/gtm-session-fetcher/Sources/Core/Public -Xcc -I/Users/siam/Library/Developer/Xcode/DerivedData/Lingua_Quest-gvpckrqxtbgyprbgppjfqmimmmfw/SourcePackages/checkouts/GoogleSignIn-iOS/GoogleSignIn/Sources/Public -Xcc -I/Users/siam/Library/Developer/Xcode/DerivedData/Lingua_Quest-gvpckrqxtbgyprbgppjfqmimmmfw/Build/Products/Debug-iphonesimulator/include -Xcc -I/Users/siam/Library/Developer/Xcode/DerivedData/Lingua_Quest-gvpckrqxtbgyprbgppjfqmimmmfw/Build/Intermediates.noindex/GoogleSignIn.build/Debug-iphonesimulator/GoogleSignInSwift.build/DerivedSources-normal/x86_64 -Xcc -I/Users/siam/Library/Developer/Xcode/DerivedData/Lingua_Quest-gvpckrqxtbgyprbgppjfqmimmmfw/Build/Intermediates.noindex/GoogleSignIn.build/Debug-iphonesimulator/GoogleSignInSwift.build/DerivedSources/x86_64 -Xcc -I/Users/siam/Library/Developer/Xcode/DerivedData/Lingua_Quest-gvpckrqxtbgyprbgppjfqmimmmfw/Build/Intermediates.noindex/GoogleSignIn.build/Debug-iphonesimulator/GoogleSignInSwift.build/DerivedSources -Xcc -DSWIFT_PACKAGE -Xcc -DDEBUG\=1 -emit-objc-header -emit-objc-header-path /Users/siam/Library/Developer/Xcode/DerivedData/Lingua_Quest-gvpckrqxtbgyprbgppjfqmimmmfw/Build/Intermediates.noindex/GoogleSignIn.build/Debug-iphonesimulator/GoogleSignInSwift.build/Objects-normal/x86_64/GoogleSignInSwift-Swift.h -working-directory /Users/siam/Desktop/Lingua\ Quest/Lingua\ Quest.xcodeproj -experimental-emit-module-separately -disable-cmo

CompileC /Users/siam/Library/Developer/Xcode/DerivedData/Lingua_Quest-gvpckrqxtbgyprbgppjfqmimmmfw/Build/Intermediates.noindex/Firebase.build/Debug-iphonesimulator/FirebaseCore.build/Objects-normal/arm64/FIRHeartbeatLogger.o /Users/siam/Library/Developer/Xcode/DerivedData/Lingua_Quest-gvpckrqxtbgyprbgppjfqmimmmfw/SourcePackages/checkouts/firebase-ios-sdk/FirebaseCore/Sources/FIRHeartbeatLogger.m normal arm64 objective-c com.apple.compilers.llvm.clang.1_0.compiler (in target 'FirebaseCore' from project 'Firebase')
    cd /Users/siam/Desktop/Lingua\ Quest/Lingua\ Quest.xcodeproj
    
    Using response file: /Users/siam/Library/Developer/Xcode/DerivedData/Lingua_Quest-gvpckrqxtbgyprbgppjfqmimmmfw/Build/Intermediates.noindex/Firebase.build/Debug-iphonesimulator/FirebaseCore.build/Objects-normal/arm64/e6072d4f65d7061329687fe24e3d63a7-common-args.resp
    
    /Applications/Xcode.app/Contents/Developer/Toolchains/XcodeDefault.xctoolchain/usr/bin/clang -x objective-c -ivfsstatcache /Users/siam/Library/Developer/Xcode/DerivedData/SDKStatCaches.noindex/iphonesimulator26.0-23A339-26257891a6c027eb51374368541b8346.sdkstatcache -fmessage-length\=0 -fdiagnostics-show-note-include-stack -fmacro-backtrace-limit\=0 -fno-color-diagnostics -fmodules-prune-interval\=86400 -fmodules-prune-after\=345600 -fbuild-session-file\=/Users/siam/Library/Developer/Xcode/DerivedData/ModuleCache.noindex/Session.modulevalidation -fmodules-validate-once-per-build-session -Wnon-modular-include-in-framework-module -Werror\=non-modular-include-in-framework-module -Wno-trigraphs -Wno-missing-field-initializers -Wno-missing-prototypes -Wno-return-type -Wno-implicit-atomic-properties -Wno-objc-interface-ivars -Wno-arc-repeated-use-of-weak -Wno-missing-braces -Wparentheses -Wswitch -Wno-unused-function -Wno-unused-label -Wno-unused-parameter -Wno-unused-variable -Wunused-value -Wno-empty-body -Wno-uninitialized -Wno-unknown-pragmas -w -Wno-shadow -Wno-four-char-constants -Wno-conversion -Wno-constant-conversion -Wno-int-conversion -Wno-bool-conversion -Wno-enum-conversion -Wno-float-conversion -Wno-non-literal-null-conversion -Wno-objc-literal-conversion -Wshorten-64-to-32 -Wpointer-sign -Wno-newline-eof -Wno-selector -Wno-strict-selector-match -Wno-undeclared-selector -Wno-deprecated-implementations -Wno-implicit-fallthrough -fstrict-aliasing -Wprotocol -Wdeprecated-declarations -Wno-sign-conversion -Wno-infinite-recursion -Wno-comma -Wno-block-capture-autoreleasing -Wno-strict-prototypes -Wno-semicolon-before-method-body -index-store-path /Users/siam/Library/Developer/Xcode/DerivedData/Lingua_Quest-gvpckrqxtbgyprbgppjfqmimmmfw/Index.noindex/DataStore @/Users/siam/Library/Developer/Xcode/DerivedData/Lingua_Quest-gvpckrqxtbgyprbgppjfqmimmmfw/Build/Intermediates.noindex/Firebase.build/Debug-iphonesimulator/FirebaseCore.build/Objects-normal/arm64/e6072d4f65d7061329687fe24e3d63a7-common-args.resp -include /Users/siam/Library/Developer/Xcode/DerivedData/Lingua_Quest-gvpckrqxtbgyprbgppjfqmimmmfw/Build/Intermediates.noindex/Firebase.build/Debug-iphonesimulator/FirebaseCore.build/DerivedSources/resource_bundle_accessor.h -MMD -MT dependencies -MF /Users/siam/Library/Developer/Xcode/DerivedData/Lingua_Quest-gvpckrqxtbgyprbgppjfqmimmmfw/Build/Intermediates.noindex/Firebase.build/Debug-iphonesimulator/FirebaseCore.build/Objects-normal/arm64/FIRHeartbeatLogger.d --serialize-diagnostics /Users/siam/Library/Developer/Xcode/DerivedData/Lingua_Quest-gvpckrqxtbgyprbgppjfqmimmmfw/Build/Intermediates.noindex/Firebase.build/Debug-iphonesimulator/FirebaseCore.build/Objects-normal/arm64/FIRHeartbeatLogger.dia -c /Users/siam/Library/Developer/Xcode/DerivedData/Lingua_Quest-gvpckrqxtbgyprbgppjfqmimmmfw/SourcePackages/checkouts/firebase-ios-sdk/FirebaseCore/Sources/FIRHeartbeatLogger.m -o /Users/siam/Library/Developer/Xcode/DerivedData/Lingua_Quest-gvpckrqxtbgyprbgppjfqmimmmfw/Build/Intermediates.noindex/Firebase.build/Debug-iphonesimulator/FirebaseCore.build/Objects-normal/arm64/FIRHeartbeatLogger.o -index-unit-output-path /Firebase.build/Debug-iphonesimulator/FirebaseCore.build/Objects-normal/arm64/FIRHeartbeatLogger.o

SwiftDriver\ Compilation GoogleSignInSwift normal arm64 com.apple.xcode.tools.swift.compiler (in target 'GoogleSignInSwift' from project 'GoogleSignIn')
    cd /Users/siam/Desktop/Lingua\ Quest/Lingua\ Quest.xcodeproj
    builtin-Swift-Compilation -- /Applications/Xcode.app/Contents/Developer/Toolchains/XcodeDefault.xctoolchain/usr/bin/swiftc -module-name GoogleSignInSwift -Onone -enforce-exclusivity\=checked @/Users/siam/Library/Developer/Xcode/DerivedData/Lingua_Quest-gvpckrqxtbgyprbgppjfqmimmmfw/Build/Intermediates.noindex/GoogleSignIn.build/Debug-iphonesimulator/GoogleSignInSwift.build/Objects-normal/arm64/GoogleSignInSwift.SwiftFileList -DSWIFT_PACKAGE -DDEBUG -DSWIFT_MODULE_RESOURCE_BUNDLE_AVAILABLE -Xcc -fmodule-map-file\=/Users/siam/Library/Developer/Xcode/DerivedData/Lingua_Quest-gvpckrqxtbgyprbgppjfqmimmmfw/Build/Intermediates.noindex/GeneratedModuleMaps-iphonesimulator/AppAuth.modulemap -Xcc -fmodule-map-file\=/Users/siam/Library/Developer/Xcode/DerivedData/Lingua_Quest-gvpckrqxtbgyprbgppjfqmimmmfw/Build/Intermediates.noindex/GeneratedModuleMaps-iphonesimulator/AppAuthCore.modulemap -Xcc -fmodule-map-file\=/Users/siam/Library/Developer/Xcode/DerivedData/Lingua_Quest-gvpckrqxtbgyprbgppjfqmimmmfw/Build/Intermediates.noindex/GeneratedModuleMaps-iphonesimulator/GoogleUtilities-Logger.modulemap -Xcc -fmodule-map-file\=/Users/siam/Library/Developer/Xcode/DerivedData/Lingua_Quest-gvpckrqxtbgyprbgppjfqmimmmfw/Build/Intermediates.noindex/GeneratedModuleMaps-iphonesimulator/GoogleUtilities-Environment.modulemap -Xcc -fmodule-map-file\=/Users/siam/Library/Developer/Xcode/DerivedData/Lingua_Quest-gvpckrqxtbgyprbgppjfqmimmmfw/Build/Intermediates.noindex/GeneratedModuleMaps-iphonesimulator/third-party-IsAppEncrypted.modulemap -Xcc -fmodule-map-file\=/Users/siam/Library/Developer/Xcode/DerivedData/Lingua_Quest-gvpckrqxtbgyprbgppjfqmimmmfw/Build/Intermediates.noindex/GeneratedModuleMaps-iphonesimulator/GoogleUtilities-UserDefaults.modulemap -Xcc -fmodule-map-file\=/Users/siam/Library/Developer/Xcode/DerivedData/Lingua_Quest-gvpckrqxtbgyprbgppjfqmimmmfw/Build/Intermediates.noindex/GeneratedModuleMaps-iphonesimulator/AppCheckCore.modulemap -Xcc -fmodule-map-file\=/Users/siam/Library/Developer/Xcode/DerivedData/Lingua_Quest-gvpckrqxtbgyprbgppjfqmimmmfw/Build/Intermediates.noindex/GeneratedModuleMaps-iphonesimulator/GTMSessionFetcherCore.modulemap -Xcc -fmodule-map-file\=/Users/siam/Library/Developer/Xcode/DerivedData/Lingua_Quest-gvpckrqxtbgyprbgppjfqmimmmfw/Build/Intermediates.noindex/GeneratedModuleMaps-iphonesimulator/GoogleSignIn.modulemap -DXcode -plugin-path /Applications/Xcode.app/Contents/Developer/Toolchains/XcodeDefault.xctoolchain/usr/lib/swift/host/plugins/testing -enable-experimental-feature DebugDescriptionMacro -sdk /Applications/Xcode.app/Contents/Developer/Platforms/iPhoneSimulator.platform/Developer/SDKs/iPhoneSimulator26.0.sdk -target arm64-apple-ios12.0-simulator -g -module-cache-path /Users/siam/Library/Developer/Xcode/DerivedData/ModuleCache.noindex -Xfrontend -serialize-debugging-options -profile-coverage-mapping -profile-generate -enable-testing -suppress-warnings -index-store-path /Users/siam/Library/Developer/Xcode/DerivedData/Lingua_Quest-gvpckrqxtbgyprbgppjfqmimmmfw/Index.noindex/DataStore -Xcc -D_LIBCPP_HARDENING_MODE\=_LIBCPP_HARDENING_MODE_DEBUG -swift-version 6 -I /Users/siam/Library/Developer/Xcode/DerivedData/Lingua_Quest-gvpckrqxtbgyprbgppjfqmimmmfw/Build/Products/Debug-iphonesimulator -Isystem /Applications/Xcode.app/Contents/Developer/Platforms/iPhoneSimulator.platform/Developer/usr/lib -F /Users/siam/Library/Developer/Xcode/DerivedData/Lingua_Quest-gvpckrqxtbgyprbgppjfqmimmmfw/Build/Products/Debug-iphonesimulator/PackageFrameworks -F /Users/siam/Library/Developer/Xcode/DerivedData/Lingua_Quest-gvpckrqxtbgyprbgppjfqmimmmfw/Build/Products/Debug-iphonesimulator/PackageFrameworks -F /Users/siam/Library/Developer/Xcode/DerivedData/Lingua_Quest-gvpckrqxtbgyprbgppjfqmimmmfw/Build/Products/Debug-iphonesimulator/PackageFrameworks -F /Users/siam/Library/Developer/Xcode/DerivedData/Lingua_Quest-gvpckrqxtbgyprbgppjfqmimmmfw/Build/Products/Debug-iphonesimulator/PackageFrameworks -F /Users/siam/Library/Developer/Xcode/DerivedData/Lingua_Quest-gvpckrqxtbgyprbgppjfqmimmmfw/Build/Products/Debug-iphonesimulator/PackageFrameworks -F /Users/siam/Library/Developer/Xcode/DerivedData/Lingua_Quest-gvpckrqxtbgyprbgppjfqmimmmfw/Build/Products/Debug-iphonesimulator/PackageFrameworks -F /Users/siam/Library/Developer/Xcode/DerivedData/Lingua_Quest-gvpckrqxtbgyprbgppjfqmimmmfw/Build/Products/Debug-iphonesimulator/PackageFrameworks -F /Users/siam/Library/Developer/Xcode/DerivedData/Lingua_Quest-gvpckrqxtbgyprbgppjfqmimmmfw/Build/Products/Debug-iphonesimulator/PackageFrameworks -F /Users/siam/Library/Developer/Xcode/DerivedData/Lingua_Quest-gvpckrqxtbgyprbgppjfqmimmmfw/Build/Products/Debug-iphonesimulator/PackageFrameworks -F /Users/siam/Library/Developer/Xcode/DerivedData/Lingua_Quest-gvpckrqxtbgyprbgppjfqmimmmfw/Build/Products/Debug-iphonesimulator/PackageFrameworks -F /Users/siam/Library/Developer/Xcode/DerivedData/Lingua_Quest-gvpckrqxtbgyprbgppjfqmimmmfw/Build/Products/Debug-iphonesimulator/PackageFrameworks -F /Users/siam/Library/Developer/Xcode/DerivedData/Lingua_Quest-gvpckrqxtbgyprbgppjfqmimmmfw/Build/Products/Debug-iphonesimulator -F /Applications/Xcode.app/Contents/Developer/Platforms/iPhoneSimulator.platform/Developer/Library/Frameworks -F /Applications/Xcode.app/Contents/Developer/Platforms/iPhoneSimulator.platform/Developer/SDKs/iPhoneSimulator26.0.sdk/Developer/Library/Frameworks -emit-localized-strings -emit-localized-strings-path /Users/siam/Library/Developer/Xcode/DerivedData/Lingua_Quest-gvpckrqxtbgyprbgppjfqmimmmfw/Build/Intermediates.noindex/GoogleSignIn.build/Debug-iphonesimulator/GoogleSignInSwift.build/Objects-normal/arm64 -c -j12 -enable-batch-mode -incremental -Xcc -ivfsstatcache -Xcc /Users/siam/Library/Developer/Xcode/DerivedData/SDKStatCaches.noindex/iphonesimulator26.0-23A339-26257891a6c027eb51374368541b8346.sdkstatcache -output-file-map /Users/siam/Library/Developer/Xcode/DerivedData/Lingua_Quest-gvpckrqxtbgyprbgppjfqmimmmfw/Build/Intermediates.noindex/GoogleSignIn.build/Debug-iphonesimulator/GoogleSignInSwift.build/Objects-normal/arm64/GoogleSignInSwift-OutputFileMap.json -use-frontend-parseable-output -save-temps -no-color-diagnostics -explicit-module-build -module-cache-path /Users/siam/Library/Developer/Xcode/DerivedData/Lingua_Quest-gvpckrqxtbgyprbgppjfqmimmmfw/Build/Intermediates.noindex/SwiftExplicitPrecompiledModules -clang-scanner-module-cache-path /Users/siam/Library/Developer/Xcode/DerivedData/ModuleCache.noindex -sdk-module-cache-path /Users/siam/Library/Developer/Xcode/DerivedData/ModuleCache.noindex -serialize-diagnostics -emit-dependencies -emit-module -emit-module-path /Users/siam/Library/Developer/Xcode/DerivedData/Lingua_Quest-gvpckrqxtbgyprbgppjfqmimmmfw/Build/Intermediates.noindex/GoogleSignIn.build/Debug-iphonesimulator/GoogleSignInSwift.build/Objects-normal/arm64/GoogleSignInSwift.swiftmodule -user-module-version 9.2.0 -validate-clang-modules-once -clang-build-session-file /Users/siam/Library/Developer/Xcode/DerivedData/ModuleCache.noindex/Session.modulevalidation -package-name googlesignin_ios -Xcc -I/Users/siam/Library/Developer/Xcode/DerivedData/Lingua_Quest-gvpckrqxtbgyprbgppjfqmimmmfw/Build/Intermediates.noindex/GoogleSignIn.build/Debug-iphonesimulator/GoogleSignInSwift.build/swift-overrides.hmap -emit-const-values -Xfrontend -const-gather-protocols-file -Xfrontend /Users/siam/Library/Developer/Xcode/DerivedData/Lingua_Quest-gvpckrqxtbgyprbgppjfqmimmmfw/Build/Intermediates.noindex/GoogleSignIn.build/Debug-iphonesimulator/GoogleSignInSwift.build/Objects-normal/arm64/GoogleSignInSwift_const_extract_protocols.json -Xcc -I/Users/siam/Library/Developer/Xcode/DerivedData/Lingua_Quest-gvpckrqxtbgyprbgppjfqmimmmfw/SourcePackages/checkouts/AppAuth-iOS/Sources/AppAuth -Xcc -I/Users/siam/Library/Developer/Xcode/DerivedData/Lingua_Quest-gvpckrqxtbgyprbgppjfqmimmmfw/SourcePackages/checkouts/AppAuth-iOS/Sources/AppAuthCore -Xcc -I/Users/siam/Library/Developer/Xcode/DerivedData/Lingua_Quest-gvpckrqxtbgyprbgppjfqmimmmfw/SourcePackages/checkouts/promises/Sources/FBLPromises/include -Xcc -I/Users/siam/Library/Developer/Xcode/DerivedData/Lingua_Quest-gvpckrqxtbgyprbgppjfqmimmmfw/SourcePackages/checkouts/GoogleUtilities/GoogleUtilities/Logger/Public -Xcc -I/Users/siam/Library/Developer/Xcode/DerivedData/Lingua_Quest-gvpckrqxtbgyprbgppjfqmimmmfw/SourcePackages/checkouts/GoogleUtilities/GoogleUtilities/Environment/Public -Xcc -I/Users/siam/Library/Developer/Xcode/DerivedData/Lingua_Quest-gvpckrqxtbgyprbgppjfqmimmmfw/SourcePackages/checkouts/GoogleUtilities/third_party/IsAppEncrypted/Public -Xcc -I/Users/siam/Library/Developer/Xcode/DerivedData/Lingua_Quest-gvpckrqxtbgyprbgppjfqmimmmfw/SourcePackages/checkouts/GoogleUtilities/GoogleUtilities/UserDefaults/Public -Xcc -I/Users/siam/Library/Developer/Xcode/DerivedData/Lingua_Quest-gvpckrqxtbgyprbgppjfqmimmmfw/SourcePackages/checkouts/app-check/AppCheckCore/Sources/Public -Xcc -I/Users/siam/Library/Developer/Xcode/DerivedData/Lingua_Quest-gvpckrqxtbgyprbgppjfqmimmmfw/SourcePackages/checkouts/gtm-session-fetcher/Sources/Core/Public -Xcc -I/Users/siam/Library/Developer/Xcode/DerivedData/Lingua_Quest-gvpckrqxtbgyprbgppjfqmimmmfw/SourcePackages/checkouts/GoogleSignIn-iOS/GoogleSignIn/Sources/Public -Xcc -I/Users/siam/Library/Developer/Xcode/DerivedData/Lingua_Quest-gvpckrqxtbgyprbgppjfqmimmmfw/Build/Products/Debug-iphonesimulator/include -Xcc -I/Users/siam/Library/Developer/Xcode/DerivedData/Lingua_Quest-gvpckrqxtbgyprbgppjfqmimmmfw/Build/Intermediates.noindex/GoogleSignIn.build/Debug-iphonesimulator/GoogleSignInSwift.build/DerivedSources-normal/arm64 -Xcc -I/Users/siam/Library/Developer/Xcode/DerivedData/Lingua_Quest-gvpckrqxtbgyprbgppjfqmimmmfw/Build/Intermediates.noindex/GoogleSignIn.build/Debug-iphonesimulator/GoogleSignInSwift.build/DerivedSources/arm64 -Xcc -I/Users/siam/Library/Developer/Xcode/DerivedData/Lingua_Quest-gvpckrqxtbgyprbgppjfqmimmmfw/Build/Intermediates.noindex/GoogleSignIn.build/Debug-iphonesimulator/GoogleSignInSwift.build/DerivedSources -Xcc -DSWIFT_PACKAGE -Xcc -DDEBUG\=1 -emit-objc-header -emit-objc-header-path /Users/siam/Library/Developer/Xcode/DerivedData/Lingua_Quest-gvpckrqxtbgyprbgppjfqmimmmfw/Build/Intermediates.noindex/GoogleSignIn.build/Debug-iphonesimulator/GoogleSignInSwift.build/Objects-normal/arm64/GoogleSignInSwift-Swift.h -working-directory /Users/siam/Desktop/Lingua\ Quest/Lingua\ Quest.xcodeproj -experimental-emit-module-separately -disable-cmo

SwiftCompile normal arm64 Compiling\ DocumentSnapshot+ReadDecodable.swift,\ EncoderDecoder.swift,\ ExplicitNull.swift,\ FieldValue+Encodable.swift,\ GeoPoint+Codable.swift,\ ServerTimestamp.swift /Users/siam/Library/Developer/Xcode/DerivedData/Lingua_Quest-gvpckrqxtbgyprbgppjfqmimmmfw/SourcePackages/checkouts/firebase-ios-sdk/Firestore/Swift/Source/Codable/DocumentSnapshot+ReadDecodable.swift /Users/siam/Library/Developer/Xcode/DerivedData/Lingua_Quest-gvpckrqxtbgyprbgppjfqmimmmfw/SourcePackages/checkouts/firebase-ios-sdk/Firestore/Swift/Source/Codable/EncoderDecoder.swift /Users/siam/Library/Developer/Xcode/DerivedData/Lingua_Quest-gvpckrqxtbgyprbgppjfqmimmmfw/SourcePackages/checkouts/firebase-ios-sdk/Firestore/Swift/Source/Codable/ExplicitNull.swift /Users/siam/Library/Developer/Xcode/DerivedData/Lingua_Quest-gvpckrqxtbgyprbgppjfqmimmmfw/SourcePackages/checkouts/firebase-ios-sdk/Firestore/Swift/Source/Codable/FieldValue+Encodable.swift /Users/siam/Library/Developer/Xcode/DerivedData/Lingua_Quest-gvpckrqxtbgyprbgppjfqmimmmfw/SourcePackages/checkouts/firebase-ios-sdk/Firestore/Swift/Source/Codable/GeoPoint+Codable.swift /Users/siam/Library/Developer/Xcode/DerivedData/Lingua_Quest-gvpckrqxtbgyprbgppjfqmimmmfw/SourcePackages/checkouts/firebase-ios-sdk/Firestore/Swift/Source/Codable/ServerTimestamp.swift (in target 'FirebaseFirestore' from project 'Firebase')

SwiftCompile normal arm64 /Users/siam/Library/Developer/Xcode/DerivedData/Lingua_Quest-gvpckrqxtbgyprbgppjfqmimmmfw/SourcePackages/checkouts/firebase-ios-sdk/Firestore/Swift/Source/Codable/DocumentSnapshot+ReadDecodable.swift (in target 'FirebaseFirestore' from project 'Firebase')
    cd /Users/siam/Desktop/Lingua\ Quest/Lingua\ Quest.xcodeproj
    

SwiftCompile normal arm64 /Users/siam/Library/Developer/Xcode/DerivedData/Lingua_Quest-gvpckrqxtbgyprbgppjfqmimmmfw/SourcePackages/checkouts/firebase-ios-sdk/Firestore/Swift/Source/Codable/EncoderDecoder.swift (in target 'FirebaseFirestore' from project 'Firebase')
    cd /Users/siam/Desktop/Lingua\ Quest/Lingua\ Quest.xcodeproj
    

SwiftCompile normal arm64 /Users/siam/Library/Developer/Xcode/DerivedData/Lingua_Quest-gvpckrqxtbgyprbgppjfqmimmmfw/SourcePackages/checkouts/firebase-ios-sdk/Firestore/Swift/Source/Codable/ExplicitNull.swift (in target 'FirebaseFirestore' from project 'Firebase')
    cd /Users/siam/Desktop/Lingua\ Quest/Lingua\ Quest.xcodeproj
    

SwiftCompile normal arm64 /Users/siam/Library/Developer/Xcode/DerivedData/Lingua_Quest-gvpckrqxtbgyprbgppjfqmimmmfw/SourcePackages/checkouts/firebase-ios-sdk/Firestore/Swift/Source/Codable/FieldValue+Encodable.swift (in target 'FirebaseFirestore' from project 'Firebase')
    cd /Users/siam/Desktop/Lingua\ Quest/Lingua\ Quest.xcodeproj
    

SwiftCompile normal arm64 /Users/siam/Library/Developer/Xcode/DerivedData/Lingua_Quest-gvpckrqxtbgyprbgppjfqmimmmfw/SourcePackages/checkouts/firebase-ios-sdk/Firestore/Swift/Source/Codable/GeoPoint+Codable.swift (in target 'FirebaseFirestore' from project 'Firebase')
    cd /Users/siam/Desktop/Lingua\ Quest/Lingua\ Quest.xcodeproj
    

SwiftCompile normal arm64 /Users/siam/Library/Developer/Xcode/DerivedData/Lingua_Quest-gvpckrqxtbgyprbgppjfqmimmmfw/SourcePackages/checkouts/firebase-ios-sdk/Firestore/Swift/Source/Codable/ServerTimestamp.swift (in target 'FirebaseFirestore' from project 'Firebase')
    cd /Users/siam/Desktop/Lingua\ Quest/Lingua\ Quest.xcodeproj
    

SwiftCompile normal x86_64 Compiling\ QueryPredicate.swift,\ Stages.swift,\ FieldValue+Swift.swift,\ Firestore+Pipeline.swift,\ AggregateFunction.swift,\ AliasedAggregate.swift /Users/siam/Library/Developer/Xcode/DerivedData/Lingua_Quest-gvpckrqxtbgyprbgppjfqmimmmfw/SourcePackages/checkouts/firebase-ios-sdk/Firestore/Swift/Source/PropertyWrapper/QueryPredicate.swift /Users/siam/Library/Developer/Xcode/DerivedData/Lingua_Quest-gvpckrqxtbgyprbgppjfqmimmmfw/SourcePackages/checkouts/firebase-ios-sdk/Firestore/Swift/Source/Stages.swift /Users/siam/Library/Developer/Xcode/DerivedData/Lingua_Quest-gvpckrqxtbgyprbgppjfqmimmmfw/SourcePackages/checkouts/firebase-ios-sdk/Firestore/Swift/Source/SwiftAPI/FieldValue+Swift.swift /Users/siam/Library/Developer/Xcode/DerivedData/Lingua_Quest-gvpckrqxtbgyprbgppjfqmimmmfw/SourcePackages/checkouts/firebase-ios-sdk/Firestore/Swift/Source/SwiftAPI/Firestore+Pipeline.swift /Users/siam/Library/Developer/Xcode/DerivedData/Lingua_Quest-gvpckrqxtbgyprbgppjfqmimmmfw/SourcePackages/checkouts/firebase-ios-sdk/Firestore/Swift/Source/SwiftAPI/Pipeline/Aggregates/AggregateFunction.swift /Users/siam/Library/Developer/Xcode/DerivedData/Lingua_Quest-gvpckrqxtbgyprbgppjfqmimmmfw/SourcePackages/checkouts/firebase-ios-sdk/Firestore/Swift/Source/SwiftAPI/Pipeline/Aggregates/AliasedAggregate.swift (in target 'FirebaseFirestore' from project 'Firebase')

SwiftCompile normal x86_64 /Users/siam/Library/Developer/Xcode/DerivedData/Lingua_Quest-gvpckrqxtbgyprbgppjfqmimmmfw/SourcePackages/checkouts/firebase-ios-sdk/Firestore/Swift/Source/PropertyWrapper/QueryPredicate.swift (in target 'FirebaseFirestore' from project 'Firebase')
    cd /Users/siam/Desktop/Lingua\ Quest/Lingua\ Quest.xcodeproj
    

SwiftCompile normal x86_64 /Users/siam/Library/Developer/Xcode/DerivedData/Lingua_Quest-gvpckrqxtbgyprbgppjfqmimmmfw/SourcePackages/checkouts/firebase-ios-sdk/Firestore/Swift/Source/Stages.swift (in target 'FirebaseFirestore' from project 'Firebase')
    cd /Users/siam/Desktop/Lingua\ Quest/Lingua\ Quest.xcodeproj
    

SwiftCompile normal x86_64 /Users/siam/Library/Developer/Xcode/DerivedData/Lingua_Quest-gvpckrqxtbgyprbgppjfqmimmmfw/SourcePackages/checkouts/firebase-ios-sdk/Firestore/Swift/Source/SwiftAPI/FieldValue+Swift.swift (in target 'FirebaseFirestore' from project 'Firebase')
    cd /Users/siam/Desktop/Lingua\ Quest/Lingua\ Quest.xcodeproj
    

SwiftCompile normal x86_64 /Users/siam/Library/Developer/Xcode/DerivedData/Lingua_Quest-gvpckrqxtbgyprbgppjfqmimmmfw/SourcePackages/checkouts/firebase-ios-sdk/Firestore/Swift/Source/SwiftAPI/Firestore+Pipeline.swift (in target 'FirebaseFirestore' from project 'Firebase')
    cd /Users/siam/Desktop/Lingua\ Quest/Lingua\ Quest.xcodeproj
    

SwiftCompile normal x86_64 /Users/siam/Library/Developer/Xcode/DerivedData/Lingua_Quest-gvpckrqxtbgyprbgppjfqmimmmfw/SourcePackages/checkouts/firebase-ios-sdk/Firestore/Swift/Source/SwiftAPI/Pipeline/Aggregates/AggregateFunction.swift (in target 'FirebaseFirestore' from project 'Firebase')
    cd /Users/siam/Desktop/Lingua\ Quest/Lingua\ Quest.xcodeproj
    

SwiftCompile normal x86_64 /Users/siam/Library/Developer/Xcode/DerivedData/Lingua_Quest-gvpckrqxtbgyprbgppjfqmimmmfw/SourcePackages/checkouts/firebase-ios-sdk/Firestore/Swift/Source/SwiftAPI/Pipeline/Aggregates/AliasedAggregate.swift (in target 'FirebaseFirestore' from project 'Firebase')
    cd /Users/siam/Desktop/Lingua\ Quest/Lingua\ Quest.xcodeproj
    

SwiftCompile normal arm64 Compiling\ resource_bundle_accessor.swift,\ CollectionReference+AsyncAwait.swift,\ DocumentReference+AsyncSequence.swift,\ Firestore+AsyncAwait.swift,\ Query+AsyncSequence.swift,\ CodableErrors.swift /Users/siam/Library/Developer/Xcode/DerivedData/Lingua_Quest-gvpckrqxtbgyprbgppjfqmimmmfw/Build/Intermediates.noindex/Firebase.build/Debug-iphonesimulator/FirebaseFirestore.build/DerivedSources/resource_bundle_accessor.swift /Users/siam/Library/Developer/Xcode/DerivedData/Lingua_Quest-gvpckrqxtbgyprbgppjfqmimmmfw/SourcePackages/checkouts/firebase-ios-sdk/Firestore/Swift/Source/AsyncAwait/CollectionReference+AsyncAwait.swift /Users/siam/Library/Developer/Xcode/DerivedData/Lingua_Quest-gvpckrqxtbgyprbgppjfqmimmmfw/SourcePackages/checkouts/firebase-ios-sdk/Firestore/Swift/Source/AsyncAwait/DocumentReference+AsyncSequence.swift /Users/siam/Library/Developer/Xcode/DerivedData/Lingua_Quest-gvpckrqxtbgyprbgppjfqmimmmfw/SourcePackages/checkouts/firebase-ios-sdk/Firestore/Swift/Source/AsyncAwait/Firestore+AsyncAwait.swift /Users/siam/Library/Developer/Xcode/DerivedData/Lingua_Quest-gvpckrqxtbgyprbgppjfqmimmmfw/SourcePackages/checkouts/firebase-ios-sdk/Firestore/Swift/Source/AsyncAwait/Query+AsyncSequence.swift /Users/siam/Library/Developer/Xcode/DerivedData/Lingua_Quest-gvpckrqxtbgyprbgppjfqmimmmfw/SourcePackages/checkouts/firebase-ios-sdk/Firestore/Swift/Source/Codable/CodableErrors.swift (in target 'FirebaseFirestore' from project 'Firebase')

SwiftCompile normal arm64 /Users/siam/Library/Developer/Xcode/DerivedData/Lingua_Quest-gvpckrqxtbgyprbgppjfqmimmmfw/Build/Intermediates.noindex/Firebase.build/Debug-iphonesimulator/FirebaseFirestore.build/DerivedSources/resource_bundle_accessor.swift (in target 'FirebaseFirestore' from project 'Firebase')
    cd /Users/siam/Desktop/Lingua\ Quest/Lingua\ Quest.xcodeproj
    

SwiftCompile normal arm64 /Users/siam/Library/Developer/Xcode/DerivedData/Lingua_Quest-gvpckrqxtbgyprbgppjfqmimmmfw/SourcePackages/checkouts/firebase-ios-sdk/Firestore/Swift/Source/AsyncAwait/CollectionReference+AsyncAwait.swift (in target 'FirebaseFirestore' from project 'Firebase')
    cd /Users/siam/Desktop/Lingua\ Quest/Lingua\ Quest.xcodeproj
    

SwiftCompile normal arm64 /Users/siam/Library/Developer/Xcode/DerivedData/Lingua_Quest-gvpckrqxtbgyprbgppjfqmimmmfw/SourcePackages/checkouts/firebase-ios-sdk/Firestore/Swift/Source/AsyncAwait/DocumentReference+AsyncSequence.swift (in target 'FirebaseFirestore' from project 'Firebase')
    cd /Users/siam/Desktop/Lingua\ Quest/Lingua\ Quest.xcodeproj
    

SwiftCompile normal arm64 /Users/siam/Library/Developer/Xcode/DerivedData/Lingua_Quest-gvpckrqxtbgyprbgppjfqmimmmfw/SourcePackages/checkouts/firebase-ios-sdk/Firestore/Swift/Source/AsyncAwait/Firestore+AsyncAwait.swift (in target 'FirebaseFirestore' from project 'Firebase')
    cd /Users/siam/Desktop/Lingua\ Quest/Lingua\ Quest.xcodeproj
    

SwiftCompile normal arm64 /Users/siam/Library/Developer/Xcode/DerivedData/Lingua_Quest-gvpckrqxtbgyprbgppjfqmimmmfw/SourcePackages/checkouts/firebase-ios-sdk/Firestore/Swift/Source/AsyncAwait/Query+AsyncSequence.swift (in target 'FirebaseFirestore' from project 'Firebase')
    cd /Users/siam/Desktop/Lingua\ Quest/Lingua\ Quest.xcodeproj
    

SwiftCompile normal arm64 /Users/siam/Library/Developer/Xcode/DerivedData/Lingua_Quest-gvpckrqxtbgyprbgppjfqmimmmfw/SourcePackages/checkouts/firebase-ios-sdk/Firestore/Swift/Source/Codable/CodableErrors.swift (in target 'FirebaseFirestore' from project 'Firebase')
    cd /Users/siam/Desktop/Lingua\ Quest/Lingua\ Quest.xcodeproj
    

SwiftCompile normal arm64 Compiling\ ErrorExpression.swift,\ FunctionExpression.swift,\ MapExpression.swift,\ RandomExpression.swift,\ Score.swift,\ PipelineExpression.swift /Users/siam/Library/Developer/Xcode/DerivedData/Lingua_Quest-gvpckrqxtbgyprbgppjfqmimmmfw/SourcePackages/checkouts/firebase-ios-sdk/Firestore/Swift/Source/SwiftAPI/Pipeline/Expressions/FunctionExpressions/ErrorExpression.swift /Users/siam/Library/Developer/Xcode/DerivedData/Lingua_Quest-gvpckrqxtbgyprbgppjfqmimmmfw/SourcePackages/checkouts/firebase-ios-sdk/Firestore/Swift/Source/SwiftAPI/Pipeline/Expressions/FunctionExpressions/FunctionExpression.swift /Users/siam/Library/Developer/Xcode/DerivedData/Lingua_Quest-gvpckrqxtbgyprbgppjfqmimmmfw/SourcePackages/checkouts/firebase-ios-sdk/Firestore/Swift/Source/SwiftAPI/Pipeline/Expressions/FunctionExpressions/MapExpression.swift /Users/siam/Library/Developer/Xcode/DerivedData/Lingua_Quest-gvpckrqxtbgyprbgppjfqmimmmfw/SourcePackages/checkouts/firebase-ios-sdk/Firestore/Swift/Source/SwiftAPI/Pipeline/Expressions/FunctionExpressions/RandomExpression.swift /Users/siam/Library/Developer/Xcode/DerivedData/Lingua_Quest-gvpckrqxtbgyprbgppjfqmimmmfw/SourcePackages/checkouts/firebase-ios-sdk/Firestore/Swift/Source/SwiftAPI/Pipeline/Expressions/FunctionExpressions/Score.swift /Users/siam/Library/Developer/Xcode/DerivedData/Lingua_Quest-gvpckrqxtbgyprbgppjfqmimmmfw/SourcePackages/checkouts/firebase-ios-sdk/Firestore/Swift/Source/SwiftAPI/Pipeline/Expressions/PipelineExpression.swift (in target 'FirebaseFirestore' from project 'Firebase')

SwiftCompile normal arm64 /Users/siam/Library/Developer/Xcode/DerivedData/Lingua_Quest-gvpckrqxtbgyprbgppjfqmimmmfw/SourcePackages/checkouts/firebase-ios-sdk/Firestore/Swift/Source/SwiftAPI/Pipeline/Expressions/FunctionExpressions/ErrorExpression.swift (in target 'FirebaseFirestore' from project 'Firebase')
    cd /Users/siam/Desktop/Lingua\ Quest/Lingua\ Quest.xcodeproj
    

SwiftCompile normal arm64 /Users/siam/Library/Developer/Xcode/DerivedData/Lingua_Quest-gvpckrqxtbgyprbgppjfqmimmmfw/SourcePackages/checkouts/firebase-ios-sdk/Firestore/Swift/Source/SwiftAPI/Pipeline/Expressions/FunctionExpressions/FunctionExpression.swift (in target 'FirebaseFirestore' from project 'Firebase')
    cd /Users/siam/Desktop/Lingua\ Quest/Lingua\ Quest.xcodeproj
    

SwiftCompile normal arm64 /Users/siam/Library/Developer/Xcode/DerivedData/Lingua_Quest-gvpckrqxtbgyprbgppjfqmimmmfw/SourcePackages/checkouts/firebase-ios-sdk/Firestore/Swift/Source/SwiftAPI/Pipeline/Expressions/FunctionExpressions/MapExpression.swift (in target 'FirebaseFirestore' from project 'Firebase')
    cd /Users/siam/Desktop/Lingua\ Quest/Lingua\ Quest.xcodeproj
    

SwiftCompile normal arm64 /Users/siam/Library/Developer/Xcode/DerivedData/Lingua_Quest-gvpckrqxtbgyprbgppjfqmimmmfw/SourcePackages/checkouts/firebase-ios-sdk/Firestore/Swift/Source/SwiftAPI/Pipeline/Expressions/FunctionExpressions/RandomExpression.swift (in target 'FirebaseFirestore' from project 'Firebase')
    cd /Users/siam/Desktop/Lingua\ Quest/Lingua\ Quest.xcodeproj
    

SwiftCompile normal arm64 /Users/siam/Library/Developer/Xcode/DerivedData/Lingua_Quest-gvpckrqxtbgyprbgppjfqmimmmfw/SourcePackages/checkouts/firebase-ios-sdk/Firestore/Swift/Source/SwiftAPI/Pipeline/Expressions/FunctionExpressions/Score.swift (in target 'FirebaseFirestore' from project 'Firebase')
    cd /Users/siam/Desktop/Lingua\ Quest/Lingua\ Quest.xcodeproj
    

SwiftCompile normal arm64 /Users/siam/Library/Developer/Xcode/DerivedData/Lingua_Quest-gvpckrqxtbgyprbgppjfqmimmmfw/SourcePackages/checkouts/firebase-ios-sdk/Firestore/Swift/Source/SwiftAPI/Pipeline/Expressions/PipelineExpression.swift (in target 'FirebaseFirestore' from project 'Firebase')
    cd /Users/siam/Desktop/Lingua\ Quest/Lingua\ Quest.xcodeproj
    

PrecompileModule /Users/siam/Library/Developer/Xcode/DerivedData/Lingua_Quest-gvpckrqxtbgyprbgppjfqmimmmfw/Build/Intermediates.noindex/ExplicitPrecompiledModules/CoreVideo-1JB61XC8SKUPHPNUYI9TRODFW.scan
    cd /
    builtin-precompileModule /Users/siam/Library/Developer/Xcode/DerivedData/Lingua_Quest-gvpckrqxtbgyprbgppjfqmimmmfw/Build/Intermediates.noindex/ExplicitPrecompiledModules/CoreVideo-1JB61XC8SKUPHPNUYI9TRODFW.scan

ScanDependencies /Users/siam/Library/Developer/Xcode/DerivedData/Lingua_Quest-gvpckrqxtbgyprbgppjfqmimmmfw/Build/Intermediates.noindex/Firebase.build/Debug-iphonesimulator/FirebaseFirestoreTarget.build/Objects-normal/x86_64/dummy.o /Users/siam/Library/Developer/Xcode/DerivedData/Lingua_Quest-gvpckrqxtbgyprbgppjfqmimmmfw/SourcePackages/checkouts/firebase-ios-sdk/SwiftPM-PlatformExclude/FirebaseFirestoreWrap/dummy.m normal x86_64 objective-c com.apple.compilers.llvm.clang.1_0.compiler (in target 'FirebaseFirestoreTarget' from project 'Firebase')
    cd /Users/siam/Desktop/Lingua\ Quest/Lingua\ Quest.xcodeproj
    
    Using response file: /Users/siam/Library/Developer/Xcode/DerivedData/Lingua_Quest-gvpckrqxtbgyprbgppjfqmimmmfw/Build/Intermediates.noindex/Firebase.build/Debug-iphonesimulator/FirebaseFirestoreTarget.build/Objects-normal/x86_64/e6072d4f65d7061329687fe24e3d63a7-common-args.resp
    
    builtin-ScanDependencies -o /Users/siam/Library/Developer/Xcode/DerivedData/Lingua_Quest-gvpckrqxtbgyprbgppjfqmimmmfw/Build/Intermediates.noindex/Firebase.build/Debug-iphonesimulator/FirebaseFirestoreTarget.build/Objects-normal/x86_64/dummy.o.scan -- /Applications/Xcode.app/Contents/Developer/Toolchains/XcodeDefault.xctoolchain/usr/bin/clang -x objective-c -ivfsstatcache /Users/siam/Library/Developer/Xcode/DerivedData/SDKStatCaches.noindex/iphonesimulator26.0-23A339-26257891a6c027eb51374368541b8346.sdkstatcache -fmessage-length\=0 -fdiagnostics-show-note-include-stack -fmacro-backtrace-limit\=0 -fno-color-diagnostics -fmodules-prune-interval\=86400 -fmodules-prune-after\=345600 -fbuild-session-file\=/Users/siam/Library/Developer/Xcode/DerivedData/ModuleCache.noindex/Session.modulevalidation -fmodules-validate-once-per-build-session -Wnon-modular-include-in-framework-module -Werror\=non-modular-include-in-framework-module -Wno-trigraphs -Wno-missing-field-initializers -Wno-missing-prototypes -Wno-return-type -Wno-implicit-atomic-properties -Wno-objc-interface-ivars -Wno-arc-repeated-use-of-weak -Wno-missing-braces -Wparentheses -Wswitch -Wno-unused-function -Wno-unused-label -Wno-unused-parameter -Wno-unused-variable -Wunused-value -Wno-empty-body -Wno-uninitialized -Wno-unknown-pragmas -w -Wno-shadow -Wno-four-char-constants -Wno-conversion -Wno-constant-conversion -Wno-int-conversion -Wno-bool-conversion -Wno-enum-conversion -Wno-float-conversion -Wno-non-literal-null-conversion -Wno-objc-literal-conversion -Wshorten-64-to-32 -Wpointer-sign -Wno-newline-eof -Wno-selector -Wno-strict-selector-match -Wno-undeclared-selector -Wno-deprecated-implementations -Wno-implicit-fallthrough -fstrict-aliasing -Wprotocol -Wdeprecated-declarations -Wno-sign-conversion -Wno-infinite-recursion -Wno-comma -Wno-block-capture-autoreleasing -Wno-strict-prototypes -Wno-semicolon-before-method-body -index-store-path /Users/siam/Library/Developer/Xcode/DerivedData/Lingua_Quest-gvpckrqxtbgyprbgppjfqmimmmfw/Index.noindex/DataStore @/Users/siam/Library/Developer/Xcode/DerivedData/Lingua_Quest-gvpckrqxtbgyprbgppjfqmimmmfw/Build/Intermediates.noindex/Firebase.build/Debug-iphonesimulator/FirebaseFirestoreTarget.build/Objects-normal/x86_64/e6072d4f65d7061329687fe24e3d63a7-common-args.resp -MMD -MT dependencies -MF /Users/siam/Library/Developer/Xcode/DerivedData/Lingua_Quest-gvpckrqxtbgyprbgppjfqmimmmfw/Build/Intermediates.noindex/Firebase.build/Debug-iphonesimulator/FirebaseFirestoreTarget.build/Objects-normal/x86_64/dummy.d --serialize-diagnostics /Users/siam/Library/Developer/Xcode/DerivedData/Lingua_Quest-gvpckrqxtbgyprbgppjfqmimmmfw/Build/Intermediates.noindex/Firebase.build/Debug-iphonesimulator/FirebaseFirestoreTarget.build/Objects-normal/x86_64/dummy.dia -c /Users/siam/Library/Developer/Xcode/DerivedData/Lingua_Quest-gvpckrqxtbgyprbgppjfqmimmmfw/SourcePackages/checkouts/firebase-ios-sdk/SwiftPM-PlatformExclude/FirebaseFirestoreWrap/dummy.m -o /Users/siam/Library/Developer/Xcode/DerivedData/Lingua_Quest-gvpckrqxtbgyprbgppjfqmimmmfw/Build/Intermediates.noindex/Firebase.build/Debug-iphonesimulator/FirebaseFirestoreTarget.build/Objects-normal/x86_64/dummy.o -index-unit-output-path /Firebase.build/Debug-iphonesimulator/FirebaseFirestoreTarget.build/Objects-normal/x86_64/dummy.o

PrecompileModule /Users/siam/Library/Developer/Xcode/DerivedData/Lingua_Quest-gvpckrqxtbgyprbgppjfqmimmmfw/Build/Intermediates.noindex/ExplicitPrecompiledModules/CoreImage-8GBBINDIF0846UAAUKANEQ2F6.scan
    cd /
    builtin-precompileModule /Users/siam/Library/Developer/Xcode/DerivedData/Lingua_Quest-gvpckrqxtbgyprbgppjfqmimmmfw/Build/Intermediates.noindex/ExplicitPrecompiledModules/CoreImage-8GBBINDIF0846UAAUKANEQ2F6.scan

CompileC /Users/siam/Library/Developer/Xcode/DerivedData/Lingua_Quest-gvpckrqxtbgyprbgppjfqmimmmfw/Build/Intermediates.noindex/Firebase.build/Debug-iphonesimulator/FirebaseFirestoreTarget.build/Objects-normal/x86_64/dummy.o /Users/siam/Library/Developer/Xcode/DerivedData/Lingua_Quest-gvpckrqxtbgyprbgppjfqmimmmfw/SourcePackages/checkouts/firebase-ios-sdk/SwiftPM-PlatformExclude/FirebaseFirestoreWrap/dummy.m normal x86_64 objective-c com.apple.compilers.llvm.clang.1_0.compiler (in target 'FirebaseFirestoreTarget' from project 'Firebase')
    cd /Users/siam/Desktop/Lingua\ Quest/Lingua\ Quest.xcodeproj
    
    Using response file: /Users/siam/Library/Developer/Xcode/DerivedData/Lingua_Quest-gvpckrqxtbgyprbgppjfqmimmmfw/Build/Intermediates.noindex/Firebase.build/Debug-iphonesimulator/FirebaseFirestoreTarget.build/Objects-normal/x86_64/e6072d4f65d7061329687fe24e3d63a7-common-args.resp
    
    /Applications/Xcode.app/Contents/Developer/Toolchains/XcodeDefault.xctoolchain/usr/bin/clang -x objective-c -ivfsstatcache /Users/siam/Library/Developer/Xcode/DerivedData/SDKStatCaches.noindex/iphonesimulator26.0-23A339-26257891a6c027eb51374368541b8346.sdkstatcache -fmessage-length\=0 -fdiagnostics-show-note-include-stack -fmacro-backtrace-limit\=0 -fno-color-diagnostics -fmodules-prune-interval\=86400 -fmodules-prune-after\=345600 -fbuild-session-file\=/Users/siam/Library/Developer/Xcode/DerivedData/ModuleCache.noindex/Session.modulevalidation -fmodules-validate-once-per-build-session -Wnon-modular-include-in-framework-module -Werror\=non-modular-include-in-framework-module -Wno-trigraphs -Wno-missing-field-initializers -Wno-missing-prototypes -Wno-return-type -Wno-implicit-atomic-properties -Wno-objc-interface-ivars -Wno-arc-repeated-use-of-weak -Wno-missing-braces -Wparentheses -Wswitch -Wno-unused-function -Wno-unused-label -Wno-unused-parameter -Wno-unused-variable -Wunused-value -Wno-empty-body -Wno-uninitialized -Wno-unknown-pragmas -w -Wno-shadow -Wno-four-char-constants -Wno-conversion -Wno-constant-conversion -Wno-int-conversion -Wno-bool-conversion -Wno-enum-conversion -Wno-float-conversion -Wno-non-literal-null-conversion -Wno-objc-literal-conversion -Wshorten-64-to-32 -Wpointer-sign -Wno-newline-eof -Wno-selector -Wno-strict-selector-match -Wno-undeclared-selector -Wno-deprecated-implementations -Wno-implicit-fallthrough -fstrict-aliasing -Wprotocol -Wdeprecated-declarations -Wno-sign-conversion -Wno-infinite-recursion -Wno-comma -Wno-block-capture-autoreleasing -Wno-strict-prototypes -Wno-semicolon-before-method-body -index-store-path /Users/siam/Library/Developer/Xcode/DerivedData/Lingua_Quest-gvpckrqxtbgyprbgppjfqmimmmfw/Index.noindex/DataStore @/Users/siam/Library/Developer/Xcode/DerivedData/Lingua_Quest-gvpckrqxtbgyprbgppjfqmimmmfw/Build/Intermediates.noindex/Firebase.build/Debug-iphonesimulator/FirebaseFirestoreTarget.build/Objects-normal/x86_64/e6072d4f65d7061329687fe24e3d63a7-common-args.resp -MMD -MT dependencies -MF /Users/siam/Library/Developer/Xcode/DerivedData/Lingua_Quest-gvpckrqxtbgyprbgppjfqmimmmfw/Build/Intermediates.noindex/Firebase.build/Debug-iphonesimulator/FirebaseFirestoreTarget.build/Objects-normal/x86_64/dummy.d --serialize-diagnostics /Users/siam/Library/Developer/Xcode/DerivedData/Lingua_Quest-gvpckrqxtbgyprbgppjfqmimmmfw/Build/Intermediates.noindex/Firebase.build/Debug-iphonesimulator/FirebaseFirestoreTarget.build/Objects-normal/x86_64/dummy.dia -c /Users/siam/Library/Developer/Xcode/DerivedData/Lingua_Quest-gvpckrqxtbgyprbgppjfqmimmmfw/SourcePackages/checkouts/firebase-ios-sdk/SwiftPM-PlatformExclude/FirebaseFirestoreWrap/dummy.m -o /Users/siam/Library/Developer/Xcode/DerivedData/Lingua_Quest-gvpckrqxtbgyprbgppjfqmimmmfw/Build/Intermediates.noindex/Firebase.build/Debug-iphonesimulator/FirebaseFirestoreTarget.build/Objects-normal/x86_64/dummy.o -index-unit-output-path /Firebase.build/Debug-iphonesimulator/FirebaseFirestoreTarget.build/Objects-normal/x86_64/dummy.o

SwiftDriverJobDiscovery normal x86_64 Compiling QueryEnhancement.swift, RealtimePipeline.swift, RealtimePipelineSource.swift, Selectable.swift, Subcollection.swift (in target 'FirebaseFirestore' from project 'Firebase')

PrecompileModule /Users/siam/Library/Developer/Xcode/DerivedData/Lingua_Quest-gvpckrqxtbgyprbgppjfqmimmmfw/Build/Intermediates.noindex/ExplicitPrecompiledModules/QuartzCore-MIY1XD2QKY186E8297K9R7ZS.scan
    cd /
    builtin-precompileModule /Users/siam/Library/Developer/Xcode/DerivedData/Lingua_Quest-gvpckrqxtbgyprbgppjfqmimmmfw/Build/Intermediates.noindex/ExplicitPrecompiledModules/QuartzCore-MIY1XD2QKY186E8297K9R7ZS.scan

ScanDependencies /Users/siam/Library/Developer/Xcode/DerivedData/Lingua_Quest-gvpckrqxtbgyprbgppjfqmimmmfw/Build/Intermediates.noindex/Firebase.build/Debug-iphonesimulator/FirebaseFirestoreTarget.build/Objects-normal/arm64/dummy.o /Users/siam/Library/Developer/Xcode/DerivedData/Lingua_Quest-gvpckrqxtbgyprbgppjfqmimmmfw/SourcePackages/checkouts/firebase-ios-sdk/SwiftPM-PlatformExclude/FirebaseFirestoreWrap/dummy.m normal arm64 objective-c com.apple.compilers.llvm.clang.1_0.compiler (in target 'FirebaseFirestoreTarget' from project 'Firebase')
    cd /Users/siam/Desktop/Lingua\ Quest/Lingua\ Quest.xcodeproj
    
    Using response file: /Users/siam/Library/Developer/Xcode/DerivedData/Lingua_Quest-gvpckrqxtbgyprbgppjfqmimmmfw/Build/Intermediates.noindex/Firebase.build/Debug-iphonesimulator/FirebaseFirestoreTarget.build/Objects-normal/arm64/e6072d4f65d7061329687fe24e3d63a7-common-args.resp
    
    builtin-ScanDependencies -o /Users/siam/Library/Developer/Xcode/DerivedData/Lingua_Quest-gvpckrqxtbgyprbgppjfqmimmmfw/Build/Intermediates.noindex/Firebase.build/Debug-iphonesimulator/FirebaseFirestoreTarget.build/Objects-normal/arm64/dummy.o.scan -- /Applications/Xcode.app/Contents/Developer/Toolchains/XcodeDefault.xctoolchain/usr/bin/clang -x objective-c -ivfsstatcache /Users/siam/Library/Developer/Xcode/DerivedData/SDKStatCaches.noindex/iphonesimulator26.0-23A339-26257891a6c027eb51374368541b8346.sdkstatcache -fmessage-length\=0 -fdiagnostics-show-note-include-stack -fmacro-backtrace-limit\=0 -fno-color-diagnostics -fmodules-prune-interval\=86400 -fmodules-prune-after\=345600 -fbuild-session-file\=/Users/siam/Library/Developer/Xcode/DerivedData/ModuleCache.noindex/Session.modulevalidation -fmodules-validate-once-per-build-session -Wnon-modular-include-in-framework-module -Werror\=non-modular-include-in-framework-module -Wno-trigraphs -Wno-missing-field-initializers -Wno-missing-prototypes -Wno-return-type -Wno-implicit-atomic-properties -Wno-objc-interface-ivars -Wno-arc-repeated-use-of-weak -Wno-missing-braces -Wparentheses -Wswitch -Wno-unused-function -Wno-unused-label -Wno-unused-parameter -Wno-unused-variable -Wunused-value -Wno-empty-body -Wno-uninitialized -Wno-unknown-pragmas -w -Wno-shadow -Wno-four-char-constants -Wno-conversion -Wno-constant-conversion -Wno-int-conversion -Wno-bool-conversion -Wno-enum-conversion -Wno-float-conversion -Wno-non-literal-null-conversion -Wno-objc-literal-conversion -Wshorten-64-to-32 -Wpointer-sign -Wno-newline-eof -Wno-selector -Wno-strict-selector-match -Wno-undeclared-selector -Wno-deprecated-implementations -Wno-implicit-fallthrough -fstrict-aliasing -Wprotocol -Wdeprecated-declarations -Wno-sign-conversion -Wno-infinite-recursion -Wno-comma -Wno-block-capture-autoreleasing -Wno-strict-prototypes -Wno-semicolon-before-method-body -index-store-path /Users/siam/Library/Developer/Xcode/DerivedData/Lingua_Quest-gvpckrqxtbgyprbgppjfqmimmmfw/Index.noindex/DataStore @/Users/siam/Library/Developer/Xcode/DerivedData/Lingua_Quest-gvpckrqxtbgyprbgppjfqmimmmfw/Build/Intermediates.noindex/Firebase.build/Debug-iphonesimulator/FirebaseFirestoreTarget.build/Objects-normal/arm64/e6072d4f65d7061329687fe24e3d63a7-common-args.resp -MMD -MT dependencies -MF /Users/siam/Library/Developer/Xcode/DerivedData/Lingua_Quest-gvpckrqxtbgyprbgppjfqmimmmfw/Build/Intermediates.noindex/Firebase.build/Debug-iphonesimulator/FirebaseFirestoreTarget.build/Objects-normal/arm64/dummy.d --serialize-diagnostics /Users/siam/Library/Developer/Xcode/DerivedData/Lingua_Quest-gvpckrqxtbgyprbgppjfqmimmmfw/Build/Intermediates.noindex/Firebase.build/Debug-iphonesimulator/FirebaseFirestoreTarget.build/Objects-normal/arm64/dummy.dia -c /Users/siam/Library/Developer/Xcode/DerivedData/Lingua_Quest-gvpckrqxtbgyprbgppjfqmimmmfw/SourcePackages/checkouts/firebase-ios-sdk/SwiftPM-PlatformExclude/FirebaseFirestoreWrap/dummy.m -o /Users/siam/Library/Developer/Xcode/DerivedData/Lingua_Quest-gvpckrqxtbgyprbgppjfqmimmmfw/Build/Intermediates.noindex/Firebase.build/Debug-iphonesimulator/FirebaseFirestoreTarget.build/Objects-normal/arm64/dummy.o -index-unit-output-path /Firebase.build/Debug-iphonesimulator/FirebaseFirestoreTarget.build/Objects-normal/arm64/dummy.o

SwiftDriverJobDiscovery normal arm64 Compiling QueryPredicate.swift, Stages.swift, FieldValue+Swift.swift, Firestore+Pipeline.swift, AggregateFunction.swift, AliasedAggregate.swift (in target 'FirebaseFirestore' from project 'Firebase')

SwiftCompile normal x86_64 Compiling\ ErrorExpression.swift,\ FunctionExpression.swift,\ MapExpression.swift,\ RandomExpression.swift,\ Score.swift,\ PipelineExpression.swift /Users/siam/Library/Developer/Xcode/DerivedData/Lingua_Quest-gvpckrqxtbgyprbgppjfqmimmmfw/SourcePackages/checkouts/firebase-ios-sdk/Firestore/Swift/Source/SwiftAPI/Pipeline/Expressions/FunctionExpressions/ErrorExpression.swift /Users/siam/Library/Developer/Xcode/DerivedData/Lingua_Quest-gvpckrqxtbgyprbgppjfqmimmmfw/SourcePackages/checkouts/firebase-ios-sdk/Firestore/Swift/Source/SwiftAPI/Pipeline/Expressions/FunctionExpressions/FunctionExpression.swift /Users/siam/Library/Developer/Xcode/DerivedData/Lingua_Quest-gvpckrqxtbgyprbgppjfqmimmmfw/SourcePackages/checkouts/firebase-ios-sdk/Firestore/Swift/Source/SwiftAPI/Pipeline/Expressions/FunctionExpressions/MapExpression.swift /Users/siam/Library/Developer/Xcode/DerivedData/Lingua_Quest-gvpckrqxtbgyprbgppjfqmimmmfw/SourcePackages/checkouts/firebase-ios-sdk/Firestore/Swift/Source/SwiftAPI/Pipeline/Expressions/FunctionExpressions/RandomExpression.swift /Users/siam/Library/Developer/Xcode/DerivedData/Lingua_Quest-gvpckrqxtbgyprbgppjfqmimmmfw/SourcePackages/checkouts/firebase-ios-sdk/Firestore/Swift/Source/SwiftAPI/Pipeline/Expressions/FunctionExpressions/Score.swift /Users/siam/Library/Developer/Xcode/DerivedData/Lingua_Quest-gvpckrqxtbgyprbgppjfqmimmmfw/SourcePackages/checkouts/firebase-ios-sdk/Firestore/Swift/Source/SwiftAPI/Pipeline/Expressions/PipelineExpression.swift (in target 'FirebaseFirestore' from project 'Firebase')
SwiftCompile normal x86_64 /Users/siam/Library/Developer/Xcode/DerivedData/Lingua_Quest-gvpckrqxtbgyprbgppjfqmimmmfw/SourcePackages/checkouts/firebase-ios-sdk/Firestore/Swift/Source/SwiftAPI/Pipeline/Expressions/FunctionExpressions/ErrorExpression.swift (in target 'FirebaseFirestore' from project 'Firebase')
    cd /Users/siam/Desktop/Lingua\ Quest/Lingua\ Quest.xcodeproj
    

SwiftCompile normal x86_64 /Users/siam/Library/Developer/Xcode/DerivedData/Lingua_Quest-gvpckrqxtbgyprbgppjfqmimmmfw/SourcePackages/checkouts/firebase-ios-sdk/Firestore/Swift/Source/SwiftAPI/Pipeline/Expressions/FunctionExpressions/FunctionExpression.swift (in target 'FirebaseFirestore' from project 'Firebase')
    cd /Users/siam/Desktop/Lingua\ Quest/Lingua\ Quest.xcodeproj
    

SwiftCompile normal x86_64 /Users/siam/Library/Developer/Xcode/DerivedData/Lingua_Quest-gvpckrqxtbgyprbgppjfqmimmmfw/SourcePackages/checkouts/firebase-ios-sdk/Firestore/Swift/Source/SwiftAPI/Pipeline/Expressions/FunctionExpressions/MapExpression.swift (in target 'FirebaseFirestore' from project 'Firebase')
    cd /Users/siam/Desktop/Lingua\ Quest/Lingua\ Quest.xcodeproj
    

SwiftCompile normal x86_64 /Users/siam/Library/Developer/Xcode/DerivedData/Lingua_Quest-gvpckrqxtbgyprbgppjfqmimmmfw/SourcePackages/checkouts/firebase-ios-sdk/Firestore/Swift/Source/SwiftAPI/Pipeline/Expressions/FunctionExpressions/RandomExpression.swift (in target 'FirebaseFirestore' from project 'Firebase')
    cd /Users/siam/Desktop/Lingua\ Quest/Lingua\ Quest.xcodeproj
    

SwiftCompile normal x86_64 /Users/siam/Library/Developer/Xcode/DerivedData/Lingua_Quest-gvpckrqxtbgyprbgppjfqmimmmfw/SourcePackages/checkouts/firebase-ios-sdk/Firestore/Swift/Source/SwiftAPI/Pipeline/Expressions/FunctionExpressions/Score.swift (in target 'FirebaseFirestore' from project 'Firebase')
    cd /Users/siam/Desktop/Lingua\ Quest/Lingua\ Quest.xcodeproj
    

SwiftCompile normal x86_64 /Users/siam/Library/Developer/Xcode/DerivedData/Lingua_Quest-gvpckrqxtbgyprbgppjfqmimmmfw/SourcePackages/checkouts/firebase-ios-sdk/Firestore/Swift/Source/SwiftAPI/Pipeline/Expressions/PipelineExpression.swift (in target 'FirebaseFirestore' from project 'Firebase')
    cd /Users/siam/Desktop/Lingua\ Quest/Lingua\ Quest.xcodeproj
    

PrecompileModule /Users/siam/Library/Developer/Xcode/DerivedData/Lingua_Quest-gvpckrqxtbgyprbgppjfqmimmmfw/Build/Intermediates.noindex/ExplicitPrecompiledModules/_AvailabilityInternal-7DZ5G77AKH2P6G19A04X9D50M.scan
    cd /
    builtin-precompileModule /Users/siam/Library/Developer/Xcode/DerivedData/Lingua_Quest-gvpckrqxtbgyprbgppjfqmimmmfw/Build/Intermediates.noindex/ExplicitPrecompiledModules/_AvailabilityInternal-7DZ5G77AKH2P6G19A04X9D50M.scan

PrecompileModule /Users/siam/Library/Developer/Xcode/DerivedData/Lingua_Quest-gvpckrqxtbgyprbgppjfqmimmmfw/Build/Intermediates.noindex/ExplicitPrecompiledModules/ptrcheck-B8JUOR6UYPGK614UF57F5TBGT.scan
    cd /
    builtin-precompileModule /Users/siam/Library/Developer/Xcode/DerivedData/Lingua_Quest-gvpckrqxtbgyprbgppjfqmimmmfw/Build/Intermediates.noindex/ExplicitPrecompiledModules/ptrcheck-B8JUOR6UYPGK614UF57F5TBGT.scan

PrecompileModule /Users/siam/Library/Developer/Xcode/DerivedData/Lingua_Quest-gvpckrqxtbgyprbgppjfqmimmmfw/Build/Intermediates.noindex/ExplicitPrecompiledModules/UIKit-9W7CNWINCPFXPZX0RLK70XACB.scan
    cd /
    builtin-precompileModule /Users/siam/Library/Developer/Xcode/DerivedData/Lingua_Quest-gvpckrqxtbgyprbgppjfqmimmmfw/Build/Intermediates.noindex/ExplicitPrecompiledModules/UIKit-9W7CNWINCPFXPZX0RLK70XACB.scan

SwiftCompile normal x86_64 Compiling\ CodablePassThroughTypes.swift,\ CollectionReference+WriteEncodable.swift,\ DocumentID.swift,\ DocumentReference+Codable.swift,\ DocumentReference+ReadDecodable.swift,\ DocumentReference+WriteEncodable.swift /Users/siam/Library/Developer/Xcode/DerivedData/Lingua_Quest-gvpckrqxtbgyprbgppjfqmimmmfw/SourcePackages/checkouts/firebase-ios-sdk/Firestore/Swift/Source/Codable/CodablePassThroughTypes.swift /Users/siam/Library/Developer/Xcode/DerivedData/Lingua_Quest-gvpckrqxtbgyprbgppjfqmimmmfw/SourcePackages/checkouts/firebase-ios-sdk/Firestore/Swift/Source/Codable/CollectionReference+WriteEncodable.swift /Users/siam/Library/Developer/Xcode/DerivedData/Lingua_Quest-gvpckrqxtbgyprbgppjfqmimmmfw/SourcePackages/checkouts/firebase-ios-sdk/Firestore/Swift/Source/Codable/DocumentID.swift /Users/siam/Library/Developer/Xcode/DerivedData/Lingua_Quest-gvpckrqxtbgyprbgppjfqmimmmfw/SourcePackages/checkouts/firebase-ios-sdk/Firestore/Swift/Source/Codable/DocumentReference+Codable.swift /Users/siam/Library/Developer/Xcode/DerivedData/Lingua_Quest-gvpckrqxtbgyprbgppjfqmimmmfw/SourcePackages/checkouts/firebase-ios-sdk/Firestore/Swift/Source/Codable/DocumentReference+ReadDecodable.swift /Users/siam/Library/Developer/Xcode/DerivedData/Lingua_Quest-gvpckrqxtbgyprbgppjfqmimmmfw/SourcePackages/checkouts/firebase-ios-sdk/Firestore/Swift/Source/Codable/DocumentReference+WriteEncodable.swift (in target 'FirebaseFirestore' from project 'Firebase')

SwiftCompile normal x86_64 /Users/siam/Library/Developer/Xcode/DerivedData/Lingua_Quest-gvpckrqxtbgyprbgppjfqmimmmfw/SourcePackages/checkouts/firebase-ios-sdk/Firestore/Swift/Source/Codable/CodablePassThroughTypes.swift (in target 'FirebaseFirestore' from project 'Firebase')
    cd /Users/siam/Desktop/Lingua\ Quest/Lingua\ Quest.xcodeproj
    

SwiftCompile normal x86_64 /Users/siam/Library/Developer/Xcode/DerivedData/Lingua_Quest-gvpckrqxtbgyprbgppjfqmimmmfw/SourcePackages/checkouts/firebase-ios-sdk/Firestore/Swift/Source/Codable/CollectionReference+WriteEncodable.swift (in target 'FirebaseFirestore' from project 'Firebase')
    cd /Users/siam/Desktop/Lingua\ Quest/Lingua\ Quest.xcodeproj
    

SwiftCompile normal x86_64 /Users/siam/Library/Developer/Xcode/DerivedData/Lingua_Quest-gvpckrqxtbgyprbgppjfqmimmmfw/SourcePackages/checkouts/firebase-ios-sdk/Firestore/Swift/Source/Codable/DocumentID.swift (in target 'FirebaseFirestore' from project 'Firebase')
    cd /Users/siam/Desktop/Lingua\ Quest/Lingua\ Quest.xcodeproj
    

SwiftCompile normal x86_64 /Users/siam/Library/Developer/Xcode/DerivedData/Lingua_Quest-gvpckrqxtbgyprbgppjfqmimmmfw/SourcePackages/checkouts/firebase-ios-sdk/Firestore/Swift/Source/Codable/DocumentReference+Codable.swift (in target 'FirebaseFirestore' from project 'Firebase')
    cd /Users/siam/Desktop/Lingua\ Quest/Lingua\ Quest.xcodeproj
    

SwiftCompile normal x86_64 /Users/siam/Library/Developer/Xcode/DerivedData/Lingua_Quest-gvpckrqxtbgyprbgppjfqmimmmfw/SourcePackages/checkouts/firebase-ios-sdk/Firestore/Swift/Source/Codable/DocumentReference+ReadDecodable.swift (in target 'FirebaseFirestore' from project 'Firebase')
    cd /Users/siam/Desktop/Lingua\ Quest/Lingua\ Quest.xcodeproj
    

SwiftCompile normal x86_64 /Users/siam/Library/Developer/Xcode/DerivedData/Lingua_Quest-gvpckrqxtbgyprbgppjfqmimmmfw/SourcePackages/checkouts/firebase-ios-sdk/Firestore/Swift/Source/Codable/DocumentReference+WriteEncodable.swift (in target 'FirebaseFirestore' from project 'Firebase')
    cd /Users/siam/Desktop/Lingua\ Quest/Lingua\ Quest.xcodeproj
    

PrecompileModule /Users/siam/Library/Developer/Xcode/DerivedData/Lingua_Quest-gvpckrqxtbgyprbgppjfqmimmmfw/Build/Intermediates.noindex/ExplicitPrecompiledModules/_DarwinFoundation1-EYSTQVBUSP2EV38W00FE88WU3.scan
    cd /
    builtin-precompileModule /Users/siam/Library/Developer/Xcode/DerivedData/Lingua_Quest-gvpckrqxtbgyprbgppjfqmimmmfw/Build/Intermediates.noindex/ExplicitPrecompiledModules/_DarwinFoundation1-EYSTQVBUSP2EV38W00FE88WU3.scan

SwiftDriverJobDiscovery normal x86_64 Compiling Field.swift, ArrayExpression.swift, BooleanExpression.swift, DocumentSearchExpressions.swift, ConditionalExpression.swift, CurrentTimestamp.swift (in target 'FirebaseFirestore' from project 'Firebase')

SwiftCompile normal arm64 Compiling\ CountAll.swift,\ DistanceMeasure.swift,\ AliasedExpression.swift,\ Constant.swift,\ CurrentDocument.swift,\ Expression.swift /Users/siam/Library/Developer/Xcode/DerivedData/Lingua_Quest-gvpckrqxtbgyprbgppjfqmimmmfw/SourcePackages/checkouts/firebase-ios-sdk/Firestore/Swift/Source/SwiftAPI/Pipeline/Aggregates/CountAll.swift /Users/siam/Library/Developer/Xcode/DerivedData/Lingua_Quest-gvpckrqxtbgyprbgppjfqmimmmfw/SourcePackages/checkouts/firebase-ios-sdk/Firestore/Swift/Source/SwiftAPI/Pipeline/DistanceMeasure.swift /Users/siam/Library/Developer/Xcode/DerivedData/Lingua_Quest-gvpckrqxtbgyprbgppjfqmimmmfw/SourcePackages/checkouts/firebase-ios-sdk/Firestore/Swift/Source/SwiftAPI/Pipeline/Expressions/AliasedExpression.swift /Users/siam/Library/Developer/Xcode/DerivedData/Lingua_Quest-gvpckrqxtbgyprbgppjfqmimmmfw/SourcePackages/checkouts/firebase-ios-sdk/Firestore/Swift/Source/SwiftAPI/Pipeline/Expressions/Constant.swift /Users/siam/Library/Developer/Xcode/DerivedData/Lingua_Quest-gvpckrqxtbgyprbgppjfqmimmmfw/SourcePackages/checkouts/firebase-ios-sdk/Firestore/Swift/Source/SwiftAPI/Pipeline/Expressions/CurrentDocument.swift /Users/siam/Library/Developer/Xcode/DerivedData/Lingua_Quest-gvpckrqxtbgyprbgppjfqmimmmfw/SourcePackages/checkouts/firebase-ios-sdk/Firestore/Swift/Source/SwiftAPI/Pipeline/Expressions/Expression.swift (in target 'FirebaseFirestore' from project 'Firebase')
SwiftCompile normal arm64 /Users/siam/Library/Developer/Xcode/DerivedData/Lingua_Quest-gvpckrqxtbgyprbgppjfqmimmmfw/SourcePackages/checkouts/firebase-ios-sdk/Firestore/Swift/Source/SwiftAPI/Pipeline/Aggregates/CountAll.swift (in target 'FirebaseFirestore' from project 'Firebase')
    cd /Users/siam/Desktop/Lingua\ Quest/Lingua\ Quest.xcodeproj
    

SwiftCompile normal arm64 /Users/siam/Library/Developer/Xcode/DerivedData/Lingua_Quest-gvpckrqxtbgyprbgppjfqmimmmfw/SourcePackages/checkouts/firebase-ios-sdk/Firestore/Swift/Source/SwiftAPI/Pipeline/DistanceMeasure.swift (in target 'FirebaseFirestore' from project 'Firebase')
    cd /Users/siam/Desktop/Lingua\ Quest/Lingua\ Quest.xcodeproj
    

SwiftCompile normal arm64 /Users/siam/Library/Developer/Xcode/DerivedData/Lingua_Quest-gvpckrqxtbgyprbgppjfqmimmmfw/SourcePackages/checkouts/firebase-ios-sdk/Firestore/Swift/Source/SwiftAPI/Pipeline/Expressions/AliasedExpression.swift (in target 'FirebaseFirestore' from project 'Firebase')
    cd /Users/siam/Desktop/Lingua\ Quest/Lingua\ Quest.xcodeproj
    

SwiftCompile normal arm64 /Users/siam/Library/Developer/Xcode/DerivedData/Lingua_Quest-gvpckrqxtbgyprbgppjfqmimmmfw/SourcePackages/checkouts/firebase-ios-sdk/Firestore/Swift/Source/SwiftAPI/Pipeline/Expressions/Constant.swift (in target 'FirebaseFirestore' from project 'Firebase')
    cd /Users/siam/Desktop/Lingua\ Quest/Lingua\ Quest.xcodeproj
    

SwiftCompile normal arm64 /Users/siam/Library/Developer/Xcode/DerivedData/Lingua_Quest-gvpckrqxtbgyprbgppjfqmimmmfw/SourcePackages/checkouts/firebase-ios-sdk/Firestore/Swift/Source/SwiftAPI/Pipeline/Expressions/CurrentDocument.swift (in target 'FirebaseFirestore' from project 'Firebase')
    cd /Users/siam/Desktop/Lingua\ Quest/Lingua\ Quest.xcodeproj
    

SwiftCompile normal arm64 /Users/siam/Library/Developer/Xcode/DerivedData/Lingua_Quest-gvpckrqxtbgyprbgppjfqmimmmfw/SourcePackages/checkouts/firebase-ios-sdk/Firestore/Swift/Source/SwiftAPI/Pipeline/Expressions/Expression.swift (in target 'FirebaseFirestore' from project 'Firebase')
    cd /Users/siam/Desktop/Lingua\ Quest/Lingua\ Quest.xcodeproj
    

CompileC /Users/siam/Library/Developer/Xcode/DerivedData/Lingua_Quest-gvpckrqxtbgyprbgppjfqmimmmfw/Build/Intermediates.noindex/Firebase.build/Debug-iphonesimulator/FirebaseFirestoreTarget.build/Objects-normal/arm64/dummy.o /Users/siam/Library/Developer/Xcode/DerivedData/Lingua_Quest-gvpckrqxtbgyprbgppjfqmimmmfw/SourcePackages/checkouts/firebase-ios-sdk/SwiftPM-PlatformExclude/FirebaseFirestoreWrap/dummy.m normal arm64 objective-c com.apple.compilers.llvm.clang.1_0.compiler (in target 'FirebaseFirestoreTarget' from project 'Firebase')
    cd /Users/siam/Desktop/Lingua\ Quest/Lingua\ Quest.xcodeproj
    
    Using response file: /Users/siam/Library/Developer/Xcode/DerivedData/Lingua_Quest-gvpckrqxtbgyprbgppjfqmimmmfw/Build/Intermediates.noindex/Firebase.build/Debug-iphonesimulator/FirebaseFirestoreTarget.build/Objects-normal/arm64/e6072d4f65d7061329687fe24e3d63a7-common-args.resp
    
    /Applications/Xcode.app/Contents/Developer/Toolchains/XcodeDefault.xctoolchain/usr/bin/clang -x objective-c -ivfsstatcache /Users/siam/Library/Developer/Xcode/DerivedData/SDKStatCaches.noindex/iphonesimulator26.0-23A339-26257891a6c027eb51374368541b8346.sdkstatcache -fmessage-length\=0 -fdiagnostics-show-note-include-stack -fmacro-backtrace-limit\=0 -fno-color-diagnostics -fmodules-prune-interval\=86400 -fmodules-prune-after\=345600 -fbuild-session-file\=/Users/siam/Library/Developer/Xcode/DerivedData/ModuleCache.noindex/Session.modulevalidation -fmodules-validate-once-per-build-session -Wnon-modular-include-in-framework-module -Werror\=non-modular-include-in-framework-module -Wno-trigraphs -Wno-missing-field-initializers -Wno-missing-prototypes -Wno-return-type -Wno-implicit-atomic-properties -Wno-objc-interface-ivars -Wno-arc-repeated-use-of-weak -Wno-missing-braces -Wparentheses -Wswitch -Wno-unused-function -Wno-unused-label -Wno-unused-parameter -Wno-unused-variable -Wunused-value -Wno-empty-body -Wno-uninitialized -Wno-unknown-pragmas -w -Wno-shadow -Wno-four-char-constants -Wno-conversion -Wno-constant-conversion -Wno-int-conversion -Wno-bool-conversion -Wno-enum-conversion -Wno-float-conversion -Wno-non-literal-null-conversion -Wno-objc-literal-conversion -Wshorten-64-to-32 -Wpointer-sign -Wno-newline-eof -Wno-selector -Wno-strict-selector-match -Wno-undeclared-selector -Wno-deprecated-implementations -Wno-implicit-fallthrough -fstrict-aliasing -Wprotocol -Wdeprecated-declarations -Wno-sign-conversion -Wno-infinite-recursion -Wno-comma -Wno-block-capture-autoreleasing -Wno-strict-prototypes -Wno-semicolon-before-method-body -index-store-path /Users/siam/Library/Developer/Xcode/DerivedData/Lingua_Quest-gvpckrqxtbgyprbgppjfqmimmmfw/Index.noindex/DataStore @/Users/siam/Library/Developer/Xcode/DerivedData/Lingua_Quest-gvpckrqxtbgyprbgppjfqmimmmfw/Build/Intermediates.noindex/Firebase.build/Debug-iphonesimulator/FirebaseFirestoreTarget.build/Objects-normal/arm64/e6072d4f65d7061329687fe24e3d63a7-common-args.resp -MMD -MT dependencies -MF /Users/siam/Library/Developer/Xcode/DerivedData/Lingua_Quest-gvpckrqxtbgyprbgppjfqmimmmfw/Build/Intermediates.noindex/Firebase.build/Debug-iphonesimulator/FirebaseFirestoreTarget.build/Objects-normal/arm64/dummy.d --serialize-diagnostics /Users/siam/Library/Developer/Xcode/DerivedData/Lingua_Quest-gvpckrqxtbgyprbgppjfqmimmmfw/Build/Intermediates.noindex/Firebase.build/Debug-iphonesimulator/FirebaseFirestoreTarget.build/Objects-normal/arm64/dummy.dia -c /Users/siam/Library/Developer/Xcode/DerivedData/Lingua_Quest-gvpckrqxtbgyprbgppjfqmimmmfw/SourcePackages/checkouts/firebase-ios-sdk/SwiftPM-PlatformExclude/FirebaseFirestoreWrap/dummy.m -o /Users/siam/Library/Developer/Xcode/DerivedData/Lingua_Quest-gvpckrqxtbgyprbgppjfqmimmmfw/Build/Intermediates.noindex/Firebase.build/Debug-iphonesimulator/FirebaseFirestoreTarget.build/Objects-normal/arm64/dummy.o -index-unit-output-path /Firebase.build/Debug-iphonesimulator/FirebaseFirestoreTarget.build/Objects-normal/arm64/dummy.o

SwiftDriverJobDiscovery normal arm64 Compiling resource_bundle_accessor.swift, CollectionReference+AsyncAwait.swift, DocumentReference+AsyncSequence.swift, Firestore+AsyncAwait.swift, Query+AsyncSequence.swift, CodableErrors.swift (in target 'FirebaseFirestore' from project 'Firebase')

SwiftCompile normal x86_64 Compiling\ Timestamp+Codable.swift,\ TimestampDecodingStrategy.swift,\ TimestampEncodingStrategy.swift,\ Transaction+WriteEncodable.swift,\ VectorValue+Codable.swift,\ WriteBatch+WriteEncodable.swift /Users/siam/Library/Developer/Xcode/DerivedData/Lingua_Quest-gvpckrqxtbgyprbgppjfqmimmmfw/SourcePackages/checkouts/firebase-ios-sdk/Firestore/Swift/Source/Codable/Timestamp+Codable.swift /Users/siam/Library/Developer/Xcode/DerivedData/Lingua_Quest-gvpckrqxtbgyprbgppjfqmimmmfw/SourcePackages/checkouts/firebase-ios-sdk/Firestore/Swift/Source/Codable/TimestampDecodingStrategy.swift /Users/siam/Library/Developer/Xcode/DerivedData/Lingua_Quest-gvpckrqxtbgyprbgppjfqmimmmfw/SourcePackages/checkouts/firebase-ios-sdk/Firestore/Swift/Source/Codable/TimestampEncodingStrategy.swift /Users/siam/Library/Developer/Xcode/DerivedData/Lingua_Quest-gvpckrqxtbgyprbgppjfqmimmmfw/SourcePackages/checkouts/firebase-ios-sdk/Firestore/Swift/Source/Codable/Transaction+WriteEncodable.swift /Users/siam/Library/Developer/Xcode/DerivedData/Lingua_Quest-gvpckrqxtbgyprbgppjfqmimmmfw/SourcePackages/checkouts/firebase-ios-sdk/Firestore/Swift/Source/Codable/VectorValue+Codable.swift /Users/siam/Library/Developer/Xcode/DerivedData/Lingua_Quest-gvpckrqxtbgyprbgppjfqmimmmfw/SourcePackages/checkouts/firebase-ios-sdk/Firestore/Swift/Source/Codable/WriteBatch+WriteEncodable.swift (in target 'FirebaseFirestore' from project 'Firebase')

SwiftCompile normal x86_64 /Users/siam/Library/Developer/Xcode/DerivedData/Lingua_Quest-gvpckrqxtbgyprbgppjfqmimmmfw/SourcePackages/checkouts/firebase-ios-sdk/Firestore/Swift/Source/Codable/Timestamp+Codable.swift (in target 'FirebaseFirestore' from project 'Firebase')
    cd /Users/siam/Desktop/Lingua\ Quest/Lingua\ Quest.xcodeproj
    

SwiftCompile normal x86_64 /Users/siam/Library/Developer/Xcode/DerivedData/Lingua_Quest-gvpckrqxtbgyprbgppjfqmimmmfw/SourcePackages/checkouts/firebase-ios-sdk/Firestore/Swift/Source/Codable/TimestampDecodingStrategy.swift (in target 'FirebaseFirestore' from project 'Firebase')
    cd /Users/siam/Desktop/Lingua\ Quest/Lingua\ Quest.xcodeproj
    

SwiftCompile normal x86_64 /Users/siam/Library/Developer/Xcode/DerivedData/Lingua_Quest-gvpckrqxtbgyprbgppjfqmimmmfw/SourcePackages/checkouts/firebase-ios-sdk/Firestore/Swift/Source/Codable/TimestampEncodingStrategy.swift (in target 'FirebaseFirestore' from project 'Firebase')
    cd /Users/siam/Desktop/Lingua\ Quest/Lingua\ Quest.xcodeproj
    

SwiftCompile normal x86_64 /Users/siam/Library/Developer/Xcode/DerivedData/Lingua_Quest-gvpckrqxtbgyprbgppjfqmimmmfw/SourcePackages/checkouts/firebase-ios-sdk/Firestore/Swift/Source/Codable/Transaction+WriteEncodable.swift (in target 'FirebaseFirestore' from project 'Firebase')
    cd /Users/siam/Desktop/Lingua\ Quest/Lingua\ Quest.xcodeproj
    

SwiftCompile normal x86_64 /Users/siam/Library/Developer/Xcode/DerivedData/Lingua_Quest-gvpckrqxtbgyprbgppjfqmimmmfw/SourcePackages/checkouts/firebase-ios-sdk/Firestore/Swift/Source/Codable/VectorValue+Codable.swift (in target 'FirebaseFirestore' from project 'Firebase')
    cd /Users/siam/Desktop/Lingua\ Quest/Lingua\ Quest.xcodeproj
    

SwiftCompile normal x86_64 /Users/siam/Library/Developer/Xcode/DerivedData/Lingua_Quest-gvpckrqxtbgyprbgppjfqmimmmfw/SourcePackages/checkouts/firebase-ios-sdk/Firestore/Swift/Source/Codable/WriteBatch+WriteEncodable.swift (in target 'FirebaseFirestore' from project 'Firebase')
    cd /Users/siam/Desktop/Lingua\ Quest/Lingua\ Quest.xcodeproj
    

SwiftCompile normal x86_64 Compiling\ CountAll.swift,\ DistanceMeasure.swift,\ AliasedExpression.swift,\ Constant.swift,\ CurrentDocument.swift,\ Expression.swift /Users/siam/Library/Developer/Xcode/DerivedData/Lingua_Quest-gvpckrqxtbgyprbgppjfqmimmmfw/SourcePackages/checkouts/firebase-ios-sdk/Firestore/Swift/Source/SwiftAPI/Pipeline/Aggregates/CountAll.swift /Users/siam/Library/Developer/Xcode/DerivedData/Lingua_Quest-gvpckrqxtbgyprbgppjfqmimmmfw/SourcePackages/checkouts/firebase-ios-sdk/Firestore/Swift/Source/SwiftAPI/Pipeline/DistanceMeasure.swift /Users/siam/Library/Developer/Xcode/DerivedData/Lingua_Quest-gvpckrqxtbgyprbgppjfqmimmmfw/SourcePackages/checkouts/firebase-ios-sdk/Firestore/Swift/Source/SwiftAPI/Pipeline/Expressions/AliasedExpression.swift /Users/siam/Library/Developer/Xcode/DerivedData/Lingua_Quest-gvpckrqxtbgyprbgppjfqmimmmfw/SourcePackages/checkouts/firebase-ios-sdk/Firestore/Swift/Source/SwiftAPI/Pipeline/Expressions/Constant.swift /Users/siam/Library/Developer/Xcode/DerivedData/Lingua_Quest-gvpckrqxtbgyprbgppjfqmimmmfw/SourcePackages/checkouts/firebase-ios-sdk/Firestore/Swift/Source/SwiftAPI/Pipeline/Expressions/CurrentDocument.swift /Users/siam/Library/Developer/Xcode/DerivedData/Lingua_Quest-gvpckrqxtbgyprbgppjfqmimmmfw/SourcePackages/checkouts/firebase-ios-sdk/Firestore/Swift/Source/SwiftAPI/Pipeline/Expressions/Expression.swift (in target 'FirebaseFirestore' from project 'Firebase')
SwiftCompile normal x86_64 /Users/siam/Library/Developer/Xcode/DerivedData/Lingua_Quest-gvpckrqxtbgyprbgppjfqmimmmfw/SourcePackages/checkouts/firebase-ios-sdk/Firestore/Swift/Source/SwiftAPI/Pipeline/Aggregates/CountAll.swift (in target 'FirebaseFirestore' from project 'Firebase')
    cd /Users/siam/Desktop/Lingua\ Quest/Lingua\ Quest.xcodeproj
    

SwiftCompile normal x86_64 /Users/siam/Library/Developer/Xcode/DerivedData/Lingua_Quest-gvpckrqxtbgyprbgppjfqmimmmfw/SourcePackages/checkouts/firebase-ios-sdk/Firestore/Swift/Source/SwiftAPI/Pipeline/DistanceMeasure.swift (in target 'FirebaseFirestore' from project 'Firebase')
    cd /Users/siam/Desktop/Lingua\ Quest/Lingua\ Quest.xcodeproj
    

SwiftCompile normal x86_64 /Users/siam/Library/Developer/Xcode/DerivedData/Lingua_Quest-gvpckrqxtbgyprbgppjfqmimmmfw/SourcePackages/checkouts/firebase-ios-sdk/Firestore/Swift/Source/SwiftAPI/Pipeline/Expressions/AliasedExpression.swift (in target 'FirebaseFirestore' from project 'Firebase')
    cd /Users/siam/Desktop/Lingua\ Quest/Lingua\ Quest.xcodeproj
    

SwiftCompile normal x86_64 /Users/siam/Library/Developer/Xcode/DerivedData/Lingua_Quest-gvpckrqxtbgyprbgppjfqmimmmfw/SourcePackages/checkouts/firebase-ios-sdk/Firestore/Swift/Source/SwiftAPI/Pipeline/Expressions/Constant.swift (in target 'FirebaseFirestore' from project 'Firebase')
    cd /Users/siam/Desktop/Lingua\ Quest/Lingua\ Quest.xcodeproj
    

SwiftCompile normal x86_64 /Users/siam/Library/Developer/Xcode/DerivedData/Lingua_Quest-gvpckrqxtbgyprbgppjfqmimmmfw/SourcePackages/checkouts/firebase-ios-sdk/Firestore/Swift/Source/SwiftAPI/Pipeline/Expressions/CurrentDocument.swift (in target 'FirebaseFirestore' from project 'Firebase')
    cd /Users/siam/Desktop/Lingua\ Quest/Lingua\ Quest.xcodeproj
    

SwiftCompile normal x86_64 /Users/siam/Library/Developer/Xcode/DerivedData/Lingua_Quest-gvpckrqxtbgyprbgppjfqmimmmfw/SourcePackages/checkouts/firebase-ios-sdk/Firestore/Swift/Source/SwiftAPI/Pipeline/Expressions/Expression.swift (in target 'FirebaseFirestore' from project 'Firebase')
    cd /Users/siam/Desktop/Lingua\ Quest/Lingua\ Quest.xcodeproj
    

SwiftDriverJobDiscovery normal arm64 Compiling DocumentSnapshot+ReadDecodable.swift, EncoderDecoder.swift, ExplicitNull.swift, FieldValue+Encodable.swift, GeoPoint+Codable.swift, ServerTimestamp.swift (in target 'FirebaseFirestore' from project 'Firebase')

SwiftCompile normal x86_64 Compiling\ ExpressionImplementation.swift,\ PipelineHelper.swift,\ PipelineResultChange.swift,\ PipelineWrapper.swift,\ FirestoreQuery.swift,\ FirestoreQueryObservable.swift /Users/siam/Library/Developer/Xcode/DerivedData/Lingua_Quest-gvpckrqxtbgyprbgppjfqmimmmfw/SourcePackages/checkouts/firebase-ios-sdk/Firestore/Swift/Source/ExpressionImplementation.swift /Users/siam/Library/Developer/Xcode/DerivedData/Lingua_Quest-gvpckrqxtbgyprbgppjfqmimmmfw/SourcePackages/checkouts/firebase-ios-sdk/Firestore/Swift/Source/Helper/PipelineHelper.swift /Users/siam/Library/Developer/Xcode/DerivedData/Lingua_Quest-gvpckrqxtbgyprbgppjfqmimmmfw/SourcePackages/checkouts/firebase-ios-sdk/Firestore/Swift/Source/PipelineResultChange.swift /Users/siam/Library/Developer/Xcode/DerivedData/Lingua_Quest-gvpckrqxtbgyprbgppjfqmimmmfw/SourcePackages/checkouts/firebase-ios-sdk/Firestore/Swift/Source/PipelineWrapper.swift /Users/siam/Library/Developer/Xcode/DerivedData/Lingua_Quest-gvpckrqxtbgyprbgppjfqmimmmfw/SourcePackages/checkouts/firebase-ios-sdk/Firestore/Swift/Source/PropertyWrapper/FirestoreQuery.swift /Users/siam/Library/Developer/Xcode/DerivedData/Lingua_Quest-gvpckrqxtbgyprbgppjfqmimmmfw/SourcePackages/checkouts/firebase-ios-sdk/Firestore/Swift/Source/PropertyWrapper/FirestoreQueryObservable.swift (in target 'FirebaseFirestore' from project 'Firebase')
SwiftCompile normal x86_64 /Users/siam/Library/Developer/Xcode/DerivedData/Lingua_Quest-gvpckrqxtbgyprbgppjfqmimmmfw/SourcePackages/checkouts/firebase-ios-sdk/Firestore/Swift/Source/ExpressionImplementation.swift (in target 'FirebaseFirestore' from project 'Firebase')
    cd /Users/siam/Desktop/Lingua\ Quest/Lingua\ Quest.xcodeproj
    

SwiftCompile normal x86_64 /Users/siam/Library/Developer/Xcode/DerivedData/Lingua_Quest-gvpckrqxtbgyprbgppjfqmimmmfw/SourcePackages/checkouts/firebase-ios-sdk/Firestore/Swift/Source/Helper/PipelineHelper.swift (in target 'FirebaseFirestore' from project 'Firebase')
    cd /Users/siam/Desktop/Lingua\ Quest/Lingua\ Quest.xcodeproj
    

SwiftCompile normal x86_64 /Users/siam/Library/Developer/Xcode/DerivedData/Lingua_Quest-gvpckrqxtbgyprbgppjfqmimmmfw/SourcePackages/checkouts/firebase-ios-sdk/Firestore/Swift/Source/PipelineResultChange.swift (in target 'FirebaseFirestore' from project 'Firebase')
    cd /Users/siam/Desktop/Lingua\ Quest/Lingua\ Quest.xcodeproj
    

SwiftCompile normal x86_64 /Users/siam/Library/Developer/Xcode/DerivedData/Lingua_Quest-gvpckrqxtbgyprbgppjfqmimmmfw/SourcePackages/checkouts/firebase-ios-sdk/Firestore/Swift/Source/PipelineWrapper.swift (in target 'FirebaseFirestore' from project 'Firebase')
    cd /Users/siam/Desktop/Lingua\ Quest/Lingua\ Quest.xcodeproj
    

SwiftCompile normal x86_64 /Users/siam/Library/Developer/Xcode/DerivedData/Lingua_Quest-gvpckrqxtbgyprbgppjfqmimmmfw/SourcePackages/checkouts/firebase-ios-sdk/Firestore/Swift/Source/PropertyWrapper/FirestoreQuery.swift (in target 'FirebaseFirestore' from project 'Firebase')
    cd /Users/siam/Desktop/Lingua\ Quest/Lingua\ Quest.xcodeproj
    

SwiftCompile normal x86_64 /Users/siam/Library/Developer/Xcode/DerivedData/Lingua_Quest-gvpckrqxtbgyprbgppjfqmimmmfw/SourcePackages/checkouts/firebase-ios-sdk/Firestore/Swift/Source/PropertyWrapper/FirestoreQueryObservable.swift (in target 'FirebaseFirestore' from project 'Firebase')
    cd /Users/siam/Desktop/Lingua\ Quest/Lingua\ Quest.xcodeproj
    

SwiftDriverJobDiscovery normal arm64 Emitting module for FirebaseAuth (in target 'FirebaseAuth' from project 'Firebase')

SwiftDriver\ Compilation\ Requirements FirebaseAuth normal arm64 com.apple.xcode.tools.swift.compiler (in target 'FirebaseAuth' from project 'Firebase')
    cd /Users/siam/Desktop/Lingua\ Quest/Lingua\ Quest.xcodeproj
    builtin-Swift-Compilation-Requirements -- /Applications/Xcode.app/Contents/Developer/Toolchains/XcodeDefault.xctoolchain/usr/bin/swiftc -module-name FirebaseAuth -Onone -enforce-exclusivity\=checked @/Users/siam/Library/Developer/Xcode/DerivedData/Lingua_Quest-gvpckrqxtbgyprbgppjfqmimmmfw/Build/Intermediates.noindex/Firebase.build/Debug-iphonesimulator/FirebaseAuth.build/Objects-normal/arm64/FirebaseAuth.SwiftFileList -DSWIFT_PACKAGE -DDEBUG -DSWIFT_MODULE_RESOURCE_BUNDLE_AVAILABLE -Xcc -fmodule-map-file\=/Users/siam/Library/Developer/Xcode/DerivedData/Lingua_Quest-gvpckrqxtbgyprbgppjfqmimmmfw/Build/Intermediates.noindex/GeneratedModuleMaps-iphonesimulator/RecaptchaInterop.modulemap -Xcc -fmodule-map-file\=/Users/siam/Library/Developer/Xcode/DerivedData/Lingua_Quest-gvpckrqxtbgyprbgppjfqmimmmfw/Build/Intermediates.noindex/GeneratedModuleMaps-iphonesimulator/GoogleUtilities-Network.modulemap -Xcc -fmodule-map-file\=/Users/siam/Library/Developer/Xcode/DerivedData/Lingua_Quest-gvpckrqxtbgyprbgppjfqmimmmfw/Build/Intermediates.noindex/GeneratedModuleMaps-iphonesimulator/GoogleUtilities-Reachability.modulemap -Xcc -fmodule-map-file\=/Users/siam/Library/Developer/Xcode/DerivedData/Lingua_Quest-gvpckrqxtbgyprbgppjfqmimmmfw/Build/Intermediates.noindex/GeneratedModuleMaps-iphonesimulator/GoogleUtilities-NSData.modulemap -Xcc -fmodule-map-file\=/Users/siam/Library/Developer/Xcode/DerivedData/Lingua_Quest-gvpckrqxtbgyprbgppjfqmimmmfw/Build/Intermediates.noindex/GeneratedModuleMaps-iphonesimulator/GoogleUtilities-Logger.modulemap -Xcc -fmodule-map-file\=/Users/siam/Library/Developer/Xcode/DerivedData/Lingua_Quest-gvpckrqxtbgyprbgppjfqmimmmfw/Build/Intermediates.noindex/GeneratedModuleMaps-iphonesimulator/GoogleUtilities-Environment.modulemap -Xcc -fmodule-map-file\=/Users/siam/Library/Developer/Xcode/DerivedData/Lingua_Quest-gvpckrqxtbgyprbgppjfqmimmmfw/Build/Intermediates.noindex/GeneratedModuleMaps-iphonesimulator/third-party-IsAppEncrypted.modulemap -Xcc -fmodule-map-file\=/Users/siam/Library/Developer/Xcode/DerivedData/Lingua_Quest-gvpckrqxtbgyprbgppjfqmimmmfw/Build/Intermediates.noindex/GeneratedModuleMaps-iphonesimulator/GoogleUtilities-AppDelegateSwizzler.modulemap -Xcc -fmodule-map-file\=/Users/siam/Library/Developer/Xcode/DerivedData/Lingua_Quest-gvpckrqxtbgyprbgppjfqmimmmfw/Build/Intermediates.noindex/GeneratedModuleMaps-iphonesimulator/GTMSessionFetcherCore.modulemap -Xcc -fmodule-map-file\=/Users/siam/Library/Developer/Xcode/DerivedData/Lingua_Quest-gvpckrqxtbgyprbgppjfqmimmmfw/Build/Intermediates.noindex/GeneratedModuleMaps-iphonesimulator/FirebaseCoreExtension.modulemap -Xcc -fmodule-map-file\=/Users/siam/Library/Developer/Xcode/DerivedData/Lingua_Quest-gvpckrqxtbgyprbgppjfqmimmmfw/Build/Intermediates.noindex/GeneratedModuleMaps-iphonesimulator/FirebaseCore.modulemap -Xcc -fmodule-map-file\=/Users/siam/Library/Developer/Xcode/DerivedData/Lingua_Quest-gvpckrqxtbgyprbgppjfqmimmmfw/Build/Intermediates.noindex/GeneratedModuleMaps-iphonesimulator/FirebaseAuthInternal.modulemap -Xcc -fmodule-map-file\=/Users/siam/Library/Developer/Xcode/DerivedData/Lingua_Quest-gvpckrqxtbgyprbgppjfqmimmmfw/Build/Intermediates.noindex/GeneratedModuleMaps-iphonesimulator/FirebaseAuthInterop.modulemap -Xcc -fmodule-map-file\=/Users/siam/Library/Developer/Xcode/DerivedData/Lingua_Quest-gvpckrqxtbgyprbgppjfqmimmmfw/Build/Intermediates.noindex/GeneratedModuleMaps-iphonesimulator/FirebaseAppCheckInterop.modulemap -DXcode -plugin-path /Applications/Xcode.app/Contents/Developer/Toolchains/XcodeDefault.xctoolchain/usr/lib/swift/host/plugins/testing -enable-experimental-feature DebugDescriptionMacro -sdk /Applications/Xcode.app/Contents/Developer/Platforms/iPhoneSimulator.platform/Developer/SDKs/iPhoneSimulator26.0.sdk -target arm64-apple-ios15.0-simulator -g -module-cache-path /Users/siam/Library/Developer/Xcode/DerivedData/ModuleCache.noindex -Xfrontend -serialize-debugging-options -profile-coverage-mapping -profile-generate -enable-testing -suppress-warnings -index-store-path /Users/siam/Library/Developer/Xcode/DerivedData/Lingua_Quest-gvpckrqxtbgyprbgppjfqmimmmfw/Index.noindex/DataStore -Xcc -D_LIBCPP_HARDENING_MODE\=_LIBCPP_HARDENING_MODE_DEBUG -swift-version 5 -I /Users/siam/Library/Developer/Xcode/DerivedData/Lingua_Quest-gvpckrqxtbgyprbgppjfqmimmmfw/Build/Products/Debug-iphonesimulator -Isystem /Applications/Xcode.app/Contents/Developer/Platforms/iPhoneSimulator.platform/Developer/usr/lib -F /Users/siam/Library/Developer/Xcode/DerivedData/Lingua_Quest-gvpckrqxtbgyprbgppjfqmimmmfw/Build/Products/Debug-iphonesimulator/PackageFrameworks -F /Users/siam/Library/Developer/Xcode/DerivedData/Lingua_Quest-gvpckrqxtbgyprbgppjfqmimmmfw/Build/Products/Debug-iphonesimulator/PackageFrameworks -F /Users/siam/Library/Developer/Xcode/DerivedData/Lingua_Quest-gvpckrqxtbgyprbgppjfqmimmmfw/Build/Products/Debug-iphonesimulator/PackageFrameworks -F /Users/siam/Library/Developer/Xcode/DerivedData/Lingua_Quest-gvpckrqxtbgyprbgppjfqmimmmfw/Build/Products/Debug-iphonesimulator/PackageFrameworks -F /Users/siam/Library/Developer/Xcode/DerivedData/Lingua_Quest-gvpckrqxtbgyprbgppjfqmimmmfw/Build/Products/Debug-iphonesimulator/PackageFrameworks -F /Users/siam/Library/Developer/Xcode/DerivedData/Lingua_Quest-gvpckrqxtbgyprbgppjfqmimmmfw/Build/Products/Debug-iphonesimulator/PackageFrameworks -F /Users/siam/Library/Developer/Xcode/DerivedData/Lingua_Quest-gvpckrqxtbgyprbgppjfqmimmmfw/Build/Products/Debug-iphonesimulator/PackageFrameworks -F /Users/siam/Library/Developer/Xcode/DerivedData/Lingua_Quest-gvpckrqxtbgyprbgppjfqmimmmfw/Build/Products/Debug-iphonesimulator/PackageFrameworks -F /Users/siam/Library/Developer/Xcode/DerivedData/Lingua_Quest-gvpckrqxtbgyprbgppjfqmimmmfw/Build/Products/Debug-iphonesimulator/PackageFrameworks -F /Users/siam/Library/Developer/Xcode/DerivedData/Lingua_Quest-gvpckrqxtbgyprbgppjfqmimmmfw/Build/Products/Debug-iphonesimulator/PackageFrameworks -F /Users/siam/Library/Developer/Xcode/DerivedData/Lingua_Quest-gvpckrqxtbgyprbgppjfqmimmmfw/Build/Products/Debug-iphonesimulator/PackageFrameworks -F /Users/siam/Library/Developer/Xcode/DerivedData/Lingua_Quest-gvpckrqxtbgyprbgppjfqmimmmfw/Build/Products/Debug-iphonesimulator/PackageFrameworks -F /Users/siam/Library/Developer/Xcode/DerivedData/Lingua_Quest-gvpckrqxtbgyprbgppjfqmimmmfw/Build/Products/Debug-iphonesimulator/PackageFrameworks -F /Users/siam/Library/Developer/Xcode/DerivedData/Lingua_Quest-gvpckrqxtbgyprbgppjfqmimmmfw/Build/Products/Debug-iphonesimulator/PackageFrameworks -F /Users/siam/Library/Developer/Xcode/DerivedData/Lingua_Quest-gvpckrqxtbgyprbgppjfqmimmmfw/Build/Products/Debug-iphonesimulator/PackageFrameworks -F /Users/siam/Library/Developer/Xcode/DerivedData/Lingua_Quest-gvpckrqxtbgyprbgppjfqmimmmfw/Build/Products/Debug-iphonesimulator/PackageFrameworks -F /Users/siam/Library/Developer/Xcode/DerivedData/Lingua_Quest-gvpckrqxtbgyprbgppjfqmimmmfw/Build/Products/Debug-iphonesimulator -F /Applications/Xcode.app/Contents/Developer/Platforms/iPhoneSimulator.platform/Developer/Library/Frameworks -F /Applications/Xcode.app/Contents/Developer/Platforms/iPhoneSimulator.platform/Developer/SDKs/iPhoneSimulator26.0.sdk/Developer/Library/Frameworks -c -j12 -enable-batch-mode -incremental -Xcc -ivfsstatcache -Xcc /Users/siam/Library/Developer/Xcode/DerivedData/SDKStatCaches.noindex/iphonesimulator26.0-23A339-26257891a6c027eb51374368541b8346.sdkstatcache -output-file-map /Users/siam/Library/Developer/Xcode/DerivedData/Lingua_Quest-gvpckrqxtbgyprbgppjfqmimmmfw/Build/Intermediates.noindex/Firebase.build/Debug-iphonesimulator/FirebaseAuth.build/Objects-normal/arm64/FirebaseAuth-OutputFileMap.json -use-frontend-parseable-output -save-temps -no-color-diagnostics -explicit-module-build -module-cache-path /Users/siam/Library/Developer/Xcode/DerivedData/Lingua_Quest-gvpckrqxtbgyprbgppjfqmimmmfw/Build/Intermediates.noindex/SwiftExplicitPrecompiledModules -clang-scanner-module-cache-path /Users/siam/Library/Developer/Xcode/DerivedData/ModuleCache.noindex -sdk-module-cache-path /Users/siam/Library/Developer/Xcode/DerivedData/ModuleCache.noindex -serialize-diagnostics -emit-dependencies -emit-module -emit-module-path /Users/siam/Library/Developer/Xcode/DerivedData/Lingua_Quest-gvpckrqxtbgyprbgppjfqmimmmfw/Build/Intermediates.noindex/Firebase.build/Debug-iphonesimulator/FirebaseAuth.build/Objects-normal/arm64/FirebaseAuth.swiftmodule -user-module-version 12.16.0 -validate-clang-modules-once -clang-build-session-file /Users/siam/Library/Developer/Xcode/DerivedData/ModuleCache.noindex/Session.modulevalidation -package-name firebase_ios_sdk -Xcc -I/Users/siam/Library/Developer/Xcode/DerivedData/Lingua_Quest-gvpckrqxtbgyprbgppjfqmimmmfw/Build/Intermediates.noindex/Firebase.build/Debug-iphonesimulator/FirebaseAuth.build/swift-overrides.hmap -emit-const-values -Xfrontend -const-gather-protocols-file -Xfrontend /Users/siam/Library/Developer/Xcode/DerivedData/Lingua_Quest-gvpckrqxtbgyprbgppjfqmimmmfw/Build/Intermediates.noindex/Firebase.build/Debug-iphonesimulator/FirebaseAuth.build/Objects-normal/arm64/FirebaseAuth_const_extract_protocols.json -Xcc -I/Users/siam/Library/Developer/Xcode/DerivedData/Lingua_Quest-gvpckrqxtbgyprbgppjfqmimmmfw/SourcePackages/checkouts/interop-ios-for-google-sdks/RecaptchaEnterprise/RecaptchaInterop/Public -Xcc -I/Users/siam/Library/Developer/Xcode/DerivedData/Lingua_Quest-gvpckrqxtbgyprbgppjfqmimmmfw/SourcePackages/checkouts/GoogleUtilities/GoogleUtilities/Network/Public -Xcc -I/Users/siam/Library/Developer/Xcode/DerivedData/Lingua_Quest-gvpckrqxtbgyprbgppjfqmimmmfw/SourcePackages/checkouts/GoogleUtilities/GoogleUtilities/Reachability/Public -Xcc -I/Users/siam/Library/Developer/Xcode/DerivedData/Lingua_Quest-gvpckrqxtbgyprbgppjfqmimmmfw/SourcePackages/checkouts/GoogleUtilities/GoogleUtilities/NSData+zlib/Public -Xcc -I/Users/siam/Library/Developer/Xcode/DerivedData/Lingua_Quest-gvpckrqxtbgyprbgppjfqmimmmfw/SourcePackages/checkouts/GoogleUtilities/GoogleUtilities/Logger/Public -Xcc -I/Users/siam/Library/Developer/Xcode/DerivedData/Lingua_Quest-gvpckrqxtbgyprbgppjfqmimmmfw/SourcePackages/checkouts/GoogleUtilities/GoogleUtilities/Environment/Public -Xcc -I/Users/siam/Library/Developer/Xcode/DerivedData/Lingua_Quest-gvpckrqxtbgyprbgppjfqmimmmfw/SourcePackages/checkouts/GoogleUtilities/third_party/IsAppEncrypted/Public -Xcc -I/Users/siam/Library/Developer/Xcode/DerivedData/Lingua_Quest-gvpckrqxtbgyprbgppjfqmimmmfw/SourcePackages/checkouts/GoogleUtilities/GoogleUtilities/AppDelegateSwizzler/Public -Xcc -I/Users/siam/Library/Developer/Xcode/DerivedData/Lingua_Quest-gvpckrqxtbgyprbgppjfqmimmmfw/SourcePackages/checkouts/gtm-session-fetcher/Sources/Core/Public -Xcc -I/Users/siam/Library/Developer/Xcode/DerivedData/Lingua_Quest-gvpckrqxtbgyprbgppjfqmimmmfw/SourcePackages/checkouts/firebase-ios-sdk/FirebaseCore/Extension -Xcc -I/Users/siam/Library/Developer/Xcode/DerivedData/Lingua_Quest-gvpckrqxtbgyprbgppjfqmimmmfw/SourcePackages/checkouts/firebase-ios-sdk/FirebaseCore/Sources/Public -Xcc -I/Users/siam/Library/Developer/Xcode/DerivedData/Lingua_Quest-gvpckrqxtbgyprbgppjfqmimmmfw/SourcePackages/checkouts/firebase-ios-sdk/CoreOnly/Sources -Xcc -I/Users/siam/Library/Developer/Xcode/DerivedData/Lingua_Quest-gvpckrqxtbgyprbgppjfqmimmmfw/SourcePackages/checkouts/firebase-ios-sdk/FirebaseAuth/Sources/Public -Xcc -I/Users/siam/Library/Developer/Xcode/DerivedData/Lingua_Quest-gvpckrqxtbgyprbgppjfqmimmmfw/SourcePackages/checkouts/firebase-ios-sdk/FirebaseAuth/Interop/Public -Xcc -I/Users/siam/Library/Developer/Xcode/DerivedData/Lingua_Quest-gvpckrqxtbgyprbgppjfqmimmmfw/SourcePackages/checkouts/firebase-ios-sdk/FirebaseAppCheck/Interop/Public -Xcc -I/Users/siam/Library/Developer/Xcode/DerivedData/Lingua_Quest-gvpckrqxtbgyprbgppjfqmimmmfw/Build/Products/Debug-iphonesimulator/include -Xcc -I/Users/siam/Library/Developer/Xcode/DerivedData/Lingua_Quest-gvpckrqxtbgyprbgppjfqmimmmfw/Build/Intermediates.noindex/Firebase.build/Debug-iphonesimulator/FirebaseAuth.build/DerivedSources-normal/arm64 -Xcc -I/Users/siam/Library/Developer/Xcode/DerivedData/Lingua_Quest-gvpckrqxtbgyprbgppjfqmimmmfw/Build/Intermediates.noindex/Firebase.build/Debug-iphonesimulator/FirebaseAuth.build/DerivedSources/arm64 -Xcc -I/Users/siam/Library/Developer/Xcode/DerivedData/Lingua_Quest-gvpckrqxtbgyprbgppjfqmimmmfw/Build/Intermediates.noindex/Firebase.build/Debug-iphonesimulator/FirebaseAuth.build/DerivedSources -Xcc -DSWIFT_PACKAGE -Xcc -DDEBUG\=1 -emit-objc-header -emit-objc-header-path /Users/siam/Library/Developer/Xcode/DerivedData/Lingua_Quest-gvpckrqxtbgyprbgppjfqmimmmfw/Build/Intermediates.noindex/Firebase.build/Debug-iphonesimulator/FirebaseAuth.build/Objects-normal/arm64/FirebaseAuth-Swift.h -working-directory /Users/siam/Desktop/Lingua\ Quest/Lingua\ Quest.xcodeproj -experimental-emit-module-separately -disable-cmo

SwiftDriverJobDiscovery normal x86_64 Emitting module for FirebaseAuth (in target 'FirebaseAuth' from project 'Firebase')

SwiftDriver\ Compilation\ Requirements FirebaseAuth normal x86_64 com.apple.xcode.tools.swift.compiler (in target 'FirebaseAuth' from project 'Firebase')
    cd /Users/siam/Desktop/Lingua\ Quest/Lingua\ Quest.xcodeproj
    builtin-Swift-Compilation-Requirements -- /Applications/Xcode.app/Contents/Developer/Toolchains/XcodeDefault.xctoolchain/usr/bin/swiftc -module-name FirebaseAuth -Onone -enforce-exclusivity\=checked @/Users/siam/Library/Developer/Xcode/DerivedData/Lingua_Quest-gvpckrqxtbgyprbgppjfqmimmmfw/Build/Intermediates.noindex/Firebase.build/Debug-iphonesimulator/FirebaseAuth.build/Objects-normal/x86_64/FirebaseAuth.SwiftFileList -DSWIFT_PACKAGE -DDEBUG -DSWIFT_MODULE_RESOURCE_BUNDLE_AVAILABLE -Xcc -fmodule-map-file\=/Users/siam/Library/Developer/Xcode/DerivedData/Lingua_Quest-gvpckrqxtbgyprbgppjfqmimmmfw/Build/Intermediates.noindex/GeneratedModuleMaps-iphonesimulator/RecaptchaInterop.modulemap -Xcc -fmodule-map-file\=/Users/siam/Library/Developer/Xcode/DerivedData/Lingua_Quest-gvpckrqxtbgyprbgppjfqmimmmfw/Build/Intermediates.noindex/GeneratedModuleMaps-iphonesimulator/GoogleUtilities-Network.modulemap -Xcc -fmodule-map-file\=/Users/siam/Library/Developer/Xcode/DerivedData/Lingua_Quest-gvpckrqxtbgyprbgppjfqmimmmfw/Build/Intermediates.noindex/GeneratedModuleMaps-iphonesimulator/GoogleUtilities-Reachability.modulemap -Xcc -fmodule-map-file\=/Users/siam/Library/Developer/Xcode/DerivedData/Lingua_Quest-gvpckrqxtbgyprbgppjfqmimmmfw/Build/Intermediates.noindex/GeneratedModuleMaps-iphonesimulator/GoogleUtilities-NSData.modulemap -Xcc -fmodule-map-file\=/Users/siam/Library/Developer/Xcode/DerivedData/Lingua_Quest-gvpckrqxtbgyprbgppjfqmimmmfw/Build/Intermediates.noindex/GeneratedModuleMaps-iphonesimulator/GoogleUtilities-Logger.modulemap -Xcc -fmodule-map-file\=/Users/siam/Library/Developer/Xcode/DerivedData/Lingua_Quest-gvpckrqxtbgyprbgppjfqmimmmfw/Build/Intermediates.noindex/GeneratedModuleMaps-iphonesimulator/GoogleUtilities-Environment.modulemap -Xcc -fmodule-map-file\=/Users/siam/Library/Developer/Xcode/DerivedData/Lingua_Quest-gvpckrqxtbgyprbgppjfqmimmmfw/Build/Intermediates.noindex/GeneratedModuleMaps-iphonesimulator/third-party-IsAppEncrypted.modulemap -Xcc -fmodule-map-file\=/Users/siam/Library/Developer/Xcode/DerivedData/Lingua_Quest-gvpckrqxtbgyprbgppjfqmimmmfw/Build/Intermediates.noindex/GeneratedModuleMaps-iphonesimulator/GoogleUtilities-AppDelegateSwizzler.modulemap -Xcc -fmodule-map-file\=/Users/siam/Library/Developer/Xcode/DerivedData/Lingua_Quest-gvpckrqxtbgyprbgppjfqmimmmfw/Build/Intermediates.noindex/GeneratedModuleMaps-iphonesimulator/GTMSessionFetcherCore.modulemap -Xcc -fmodule-map-file\=/Users/siam/Library/Developer/Xcode/DerivedData/Lingua_Quest-gvpckrqxtbgyprbgppjfqmimmmfw/Build/Intermediates.noindex/GeneratedModuleMaps-iphonesimulator/FirebaseCoreExtension.modulemap -Xcc -fmodule-map-file\=/Users/siam/Library/Developer/Xcode/DerivedData/Lingua_Quest-gvpckrqxtbgyprbgppjfqmimmmfw/Build/Intermediates.noindex/GeneratedModuleMaps-iphonesimulator/FirebaseCore.modulemap -Xcc -fmodule-map-file\=/Users/siam/Library/Developer/Xcode/DerivedData/Lingua_Quest-gvpckrqxtbgyprbgppjfqmimmmfw/Build/Intermediates.noindex/GeneratedModuleMaps-iphonesimulator/FirebaseAuthInternal.modulemap -Xcc -fmodule-map-file\=/Users/siam/Library/Developer/Xcode/DerivedData/Lingua_Quest-gvpckrqxtbgyprbgppjfqmimmmfw/Build/Intermediates.noindex/GeneratedModuleMaps-iphonesimulator/FirebaseAuthInterop.modulemap -Xcc -fmodule-map-file\=/Users/siam/Library/Developer/Xcode/DerivedData/Lingua_Quest-gvpckrqxtbgyprbgppjfqmimmmfw/Build/Intermediates.noindex/GeneratedModuleMaps-iphonesimulator/FirebaseAppCheckInterop.modulemap -DXcode -plugin-path /Applications/Xcode.app/Contents/Developer/Toolchains/XcodeDefault.xctoolchain/usr/lib/swift/host/plugins/testing -enable-experimental-feature DebugDescriptionMacro -sdk /Applications/Xcode.app/Contents/Developer/Platforms/iPhoneSimulator.platform/Developer/SDKs/iPhoneSimulator26.0.sdk -target x86_64-apple-ios15.0-simulator -g -module-cache-path /Users/siam/Library/Developer/Xcode/DerivedData/ModuleCache.noindex -Xfrontend -serialize-debugging-options -profile-coverage-mapping -profile-generate -enable-testing -suppress-warnings -index-store-path /Users/siam/Library/Developer/Xcode/DerivedData/Lingua_Quest-gvpckrqxtbgyprbgppjfqmimmmfw/Index.noindex/DataStore -Xcc -D_LIBCPP_HARDENING_MODE\=_LIBCPP_HARDENING_MODE_DEBUG -swift-version 5 -I /Users/siam/Library/Developer/Xcode/DerivedData/Lingua_Quest-gvpckrqxtbgyprbgppjfqmimmmfw/Build/Products/Debug-iphonesimulator -Isystem /Applications/Xcode.app/Contents/Developer/Platforms/iPhoneSimulator.platform/Developer/usr/lib -F /Users/siam/Library/Developer/Xcode/DerivedData/Lingua_Quest-gvpckrqxtbgyprbgppjfqmimmmfw/Build/Products/Debug-iphonesimulator/PackageFrameworks -F /Users/siam/Library/Developer/Xcode/DerivedData/Lingua_Quest-gvpckrqxtbgyprbgppjfqmimmmfw/Build/Products/Debug-iphonesimulator/PackageFrameworks -F /Users/siam/Library/Developer/Xcode/DerivedData/Lingua_Quest-gvpckrqxtbgyprbgppjfqmimmmfw/Build/Products/Debug-iphonesimulator/PackageFrameworks -F /Users/siam/Library/Developer/Xcode/DerivedData/Lingua_Quest-gvpckrqxtbgyprbgppjfqmimmmfw/Build/Products/Debug-iphonesimulator/PackageFrameworks -F /Users/siam/Library/Developer/Xcode/DerivedData/Lingua_Quest-gvpckrqxtbgyprbgppjfqmimmmfw/Build/Products/Debug-iphonesimulator/PackageFrameworks -F /Users/siam/Library/Developer/Xcode/DerivedData/Lingua_Quest-gvpckrqxtbgyprbgppjfqmimmmfw/Build/Products/Debug-iphonesimulator/PackageFrameworks -F /Users/siam/Library/Developer/Xcode/DerivedData/Lingua_Quest-gvpckrqxtbgyprbgppjfqmimmmfw/Build/Products/Debug-iphonesimulator/PackageFrameworks -F /Users/siam/Library/Developer/Xcode/DerivedData/Lingua_Quest-gvpckrqxtbgyprbgppjfqmimmmfw/Build/Products/Debug-iphonesimulator/PackageFrameworks -F /Users/siam/Library/Developer/Xcode/DerivedData/Lingua_Quest-gvpckrqxtbgyprbgppjfqmimmmfw/Build/Products/Debug-iphonesimulator/PackageFrameworks -F /Users/siam/Library/Developer/Xcode/DerivedData/Lingua_Quest-gvpckrqxtbgyprbgppjfqmimmmfw/Build/Products/Debug-iphonesimulator/PackageFrameworks -F /Users/siam/Library/Developer/Xcode/DerivedData/Lingua_Quest-gvpckrqxtbgyprbgppjfqmimmmfw/Build/Products/Debug-iphonesimulator/PackageFrameworks -F /Users/siam/Library/Developer/Xcode/DerivedData/Lingua_Quest-gvpckrqxtbgyprbgppjfqmimmmfw/Build/Products/Debug-iphonesimulator/PackageFrameworks -F /Users/siam/Library/Developer/Xcode/DerivedData/Lingua_Quest-gvpckrqxtbgyprbgppjfqmimmmfw/Build/Products/Debug-iphonesimulator/PackageFrameworks -F /Users/siam/Library/Developer/Xcode/DerivedData/Lingua_Quest-gvpckrqxtbgyprbgppjfqmimmmfw/Build/Products/Debug-iphonesimulator/PackageFrameworks -F /Users/siam/Library/Developer/Xcode/DerivedData/Lingua_Quest-gvpckrqxtbgyprbgppjfqmimmmfw/Build/Products/Debug-iphonesimulator/PackageFrameworks -F /Users/siam/Library/Developer/Xcode/DerivedData/Lingua_Quest-gvpckrqxtbgyprbgppjfqmimmmfw/Build/Products/Debug-iphonesimulator/PackageFrameworks -F /Users/siam/Library/Developer/Xcode/DerivedData/Lingua_Quest-gvpckrqxtbgyprbgppjfqmimmmfw/Build/Products/Debug-iphonesimulator -F /Applications/Xcode.app/Contents/Developer/Platforms/iPhoneSimulator.platform/Developer/Library/Frameworks -F /Applications/Xcode.app/Contents/Developer/Platforms/iPhoneSimulator.platform/Developer/SDKs/iPhoneSimulator26.0.sdk/Developer/Library/Frameworks -c -j12 -enable-batch-mode -incremental -Xcc -ivfsstatcache -Xcc /Users/siam/Library/Developer/Xcode/DerivedData/SDKStatCaches.noindex/iphonesimulator26.0-23A339-26257891a6c027eb51374368541b8346.sdkstatcache -output-file-map /Users/siam/Library/Developer/Xcode/DerivedData/Lingua_Quest-gvpckrqxtbgyprbgppjfqmimmmfw/Build/Intermediates.noindex/Firebase.build/Debug-iphonesimulator/FirebaseAuth.build/Objects-normal/x86_64/FirebaseAuth-OutputFileMap.json -use-frontend-parseable-output -save-temps -no-color-diagnostics -explicit-module-build -module-cache-path /Users/siam/Library/Developer/Xcode/DerivedData/Lingua_Quest-gvpckrqxtbgyprbgppjfqmimmmfw/Build/Intermediates.noindex/SwiftExplicitPrecompiledModules -clang-scanner-module-cache-path /Users/siam/Library/Developer/Xcode/DerivedData/ModuleCache.noindex -sdk-module-cache-path /Users/siam/Library/Developer/Xcode/DerivedData/ModuleCache.noindex -serialize-diagnostics -emit-dependencies -emit-module -emit-module-path /Users/siam/Library/Developer/Xcode/DerivedData/Lingua_Quest-gvpckrqxtbgyprbgppjfqmimmmfw/Build/Intermediates.noindex/Firebase.build/Debug-iphonesimulator/FirebaseAuth.build/Objects-normal/x86_64/FirebaseAuth.swiftmodule -user-module-version 12.16.0 -validate-clang-modules-once -clang-build-session-file /Users/siam/Library/Developer/Xcode/DerivedData/ModuleCache.noindex/Session.modulevalidation -package-name firebase_ios_sdk -Xcc -I/Users/siam/Library/Developer/Xcode/DerivedData/Lingua_Quest-gvpckrqxtbgyprbgppjfqmimmmfw/Build/Intermediates.noindex/Firebase.build/Debug-iphonesimulator/FirebaseAuth.build/swift-overrides.hmap -emit-const-values -Xfrontend -const-gather-protocols-file -Xfrontend /Users/siam/Library/Developer/Xcode/DerivedData/Lingua_Quest-gvpckrqxtbgyprbgppjfqmimmmfw/Build/Intermediates.noindex/Firebase.build/Debug-iphonesimulator/FirebaseAuth.build/Objects-normal/x86_64/FirebaseAuth_const_extract_protocols.json -Xcc -I/Users/siam/Library/Developer/Xcode/DerivedData/Lingua_Quest-gvpckrqxtbgyprbgppjfqmimmmfw/SourcePackages/checkouts/interop-ios-for-google-sdks/RecaptchaEnterprise/RecaptchaInterop/Public -Xcc -I/Users/siam/Library/Developer/Xcode/DerivedData/Lingua_Quest-gvpckrqxtbgyprbgppjfqmimmmfw/SourcePackages/checkouts/GoogleUtilities/GoogleUtilities/Network/Public -Xcc -I/Users/siam/Library/Developer/Xcode/DerivedData/Lingua_Quest-gvpckrqxtbgyprbgppjfqmimmmfw/SourcePackages/checkouts/GoogleUtilities/GoogleUtilities/Reachability/Public -Xcc -I/Users/siam/Library/Developer/Xcode/DerivedData/Lingua_Quest-gvpckrqxtbgyprbgppjfqmimmmfw/SourcePackages/checkouts/GoogleUtilities/GoogleUtilities/NSData+zlib/Public -Xcc -I/Users/siam/Library/Developer/Xcode/DerivedData/Lingua_Quest-gvpckrqxtbgyprbgppjfqmimmmfw/SourcePackages/checkouts/GoogleUtilities/GoogleUtilities/Logger/Public -Xcc -I/Users/siam/Library/Developer/Xcode/DerivedData/Lingua_Quest-gvpckrqxtbgyprbgppjfqmimmmfw/SourcePackages/checkouts/GoogleUtilities/GoogleUtilities/Environment/Public -Xcc -I/Users/siam/Library/Developer/Xcode/DerivedData/Lingua_Quest-gvpckrqxtbgyprbgppjfqmimmmfw/SourcePackages/checkouts/GoogleUtilities/third_party/IsAppEncrypted/Public -Xcc -I/Users/siam/Library/Developer/Xcode/DerivedData/Lingua_Quest-gvpckrqxtbgyprbgppjfqmimmmfw/SourcePackages/checkouts/GoogleUtilities/GoogleUtilities/AppDelegateSwizzler/Public -Xcc -I/Users/siam/Library/Developer/Xcode/DerivedData/Lingua_Quest-gvpckrqxtbgyprbgppjfqmimmmfw/SourcePackages/checkouts/gtm-session-fetcher/Sources/Core/Public -Xcc -I/Users/siam/Library/Developer/Xcode/DerivedData/Lingua_Quest-gvpckrqxtbgyprbgppjfqmimmmfw/SourcePackages/checkouts/firebase-ios-sdk/FirebaseCore/Extension -Xcc -I/Users/siam/Library/Developer/Xcode/DerivedData/Lingua_Quest-gvpckrqxtbgyprbgppjfqmimmmfw/SourcePackages/checkouts/firebase-ios-sdk/FirebaseCore/Sources/Public -Xcc -I/Users/siam/Library/Developer/Xcode/DerivedData/Lingua_Quest-gvpckrqxtbgyprbgppjfqmimmmfw/SourcePackages/checkouts/firebase-ios-sdk/CoreOnly/Sources -Xcc -I/Users/siam/Library/Developer/Xcode/DerivedData/Lingua_Quest-gvpckrqxtbgyprbgppjfqmimmmfw/SourcePackages/checkouts/firebase-ios-sdk/FirebaseAuth/Sources/Public -Xcc -I/Users/siam/Library/Developer/Xcode/DerivedData/Lingua_Quest-gvpckrqxtbgyprbgppjfqmimmmfw/SourcePackages/checkouts/firebase-ios-sdk/FirebaseAuth/Interop/Public -Xcc -I/Users/siam/Library/Developer/Xcode/DerivedData/Lingua_Quest-gvpckrqxtbgyprbgppjfqmimmmfw/SourcePackages/checkouts/firebase-ios-sdk/FirebaseAppCheck/Interop/Public -Xcc -I/Users/siam/Library/Developer/Xcode/DerivedData/Lingua_Quest-gvpckrqxtbgyprbgppjfqmimmmfw/Build/Products/Debug-iphonesimulator/include -Xcc -I/Users/siam/Library/Developer/Xcode/DerivedData/Lingua_Quest-gvpckrqxtbgyprbgppjfqmimmmfw/Build/Intermediates.noindex/Firebase.build/Debug-iphonesimulator/FirebaseAuth.build/DerivedSources-normal/x86_64 -Xcc -I/Users/siam/Library/Developer/Xcode/DerivedData/Lingua_Quest-gvpckrqxtbgyprbgppjfqmimmmfw/Build/Intermediates.noindex/Firebase.build/Debug-iphonesimulator/FirebaseAuth.build/DerivedSources/x86_64 -Xcc -I/Users/siam/Library/Developer/Xcode/DerivedData/Lingua_Quest-gvpckrqxtbgyprbgppjfqmimmmfw/Build/Intermediates.noindex/Firebase.build/Debug-iphonesimulator/FirebaseAuth.build/DerivedSources -Xcc -DSWIFT_PACKAGE -Xcc -DDEBUG\=1 -emit-objc-header -emit-objc-header-path /Users/siam/Library/Developer/Xcode/DerivedData/Lingua_Quest-gvpckrqxtbgyprbgppjfqmimmmfw/Build/Intermediates.noindex/Firebase.build/Debug-iphonesimulator/FirebaseAuth.build/Objects-normal/x86_64/FirebaseAuth-Swift.h -working-directory /Users/siam/Desktop/Lingua\ Quest/Lingua\ Quest.xcodeproj -experimental-emit-module-separately -disable-cmo

Copy /Users/siam/Library/Developer/Xcode/DerivedData/Lingua_Quest-gvpckrqxtbgyprbgppjfqmimmmfw/Build/Products/Debug-iphonesimulator/FirebaseAuth.swiftmodule/arm64-apple-ios-simulator.swiftmodule /Users/siam/Library/Developer/Xcode/DerivedData/Lingua_Quest-gvpckrqxtbgyprbgppjfqmimmmfw/Build/Intermediates.noindex/Firebase.build/Debug-iphonesimulator/FirebaseAuth.build/Objects-normal/arm64/FirebaseAuth.swiftmodule (in target 'FirebaseAuth' from project 'Firebase')
    cd /Users/siam/Library/Developer/Xcode/DerivedData/Lingua_Quest-gvpckrqxtbgyprbgppjfqmimmmfw/SourcePackages/checkouts/firebase-ios-sdk
    builtin-copy -exclude .DS_Store -exclude CVS -exclude .svn -exclude .git -exclude .hg -resolve-src-symlinks -rename /Users/siam/Library/Developer/Xcode/DerivedData/Lingua_Quest-gvpckrqxtbgyprbgppjfqmimmmfw/Build/Intermediates.noindex/Firebase.build/Debug-iphonesimulator/FirebaseAuth.build/Objects-normal/arm64/FirebaseAuth.swiftmodule /Users/siam/Library/Developer/Xcode/DerivedData/Lingua_Quest-gvpckrqxtbgyprbgppjfqmimmmfw/Build/Products/Debug-iphonesimulator/FirebaseAuth.swiftmodule/arm64-apple-ios-simulator.swiftmodule

SwiftMergeGeneratedHeaders /Users/siam/Library/Developer/Xcode/DerivedData/Lingua_Quest-gvpckrqxtbgyprbgppjfqmimmmfw/Build/Intermediates.noindex/GeneratedModuleMaps-iphonesimulator/FirebaseAuth-Swift.h /Users/siam/Library/Developer/Xcode/DerivedData/Lingua_Quest-gvpckrqxtbgyprbgppjfqmimmmfw/Build/Intermediates.noindex/Firebase.build/Debug-iphonesimulator/FirebaseAuth.build/Objects-normal/arm64/FirebaseAuth-Swift.h /Users/siam/Library/Developer/Xcode/DerivedData/Lingua_Quest-gvpckrqxtbgyprbgppjfqmimmmfw/Build/Intermediates.noindex/Firebase.build/Debug-iphonesimulator/FirebaseAuth.build/Objects-normal/x86_64/FirebaseAuth-Swift.h (in target 'FirebaseAuth' from project 'Firebase')
    cd /Users/siam/Library/Developer/Xcode/DerivedData/Lingua_Quest-gvpckrqxtbgyprbgppjfqmimmmfw/SourcePackages/checkouts/firebase-ios-sdk
    builtin-swiftHeaderTool -arch arm64 /Users/siam/Library/Developer/Xcode/DerivedData/Lingua_Quest-gvpckrqxtbgyprbgppjfqmimmmfw/Build/Intermediates.noindex/Firebase.build/Debug-iphonesimulator/FirebaseAuth.build/Objects-normal/arm64/FirebaseAuth-Swift.h -arch x86_64 /Users/siam/Library/Developer/Xcode/DerivedData/Lingua_Quest-gvpckrqxtbgyprbgppjfqmimmmfw/Build/Intermediates.noindex/Firebase.build/Debug-iphonesimulator/FirebaseAuth.build/Objects-normal/x86_64/FirebaseAuth-Swift.h -o /Users/siam/Library/Developer/Xcode/DerivedData/Lingua_Quest-gvpckrqxtbgyprbgppjfqmimmmfw/Build/Intermediates.noindex/GeneratedModuleMaps-iphonesimulator/FirebaseAuth-Swift.h

Copy /Users/siam/Library/Developer/Xcode/DerivedData/Lingua_Quest-gvpckrqxtbgyprbgppjfqmimmmfw/Build/Products/Debug-iphonesimulator/FirebaseAuth.swiftmodule/x86_64-apple-ios-simulator.swiftmodule /Users/siam/Library/Developer/Xcode/DerivedData/Lingua_Quest-gvpckrqxtbgyprbgppjfqmimmmfw/Build/Intermediates.noindex/Firebase.build/Debug-iphonesimulator/FirebaseAuth.build/Objects-normal/x86_64/FirebaseAuth.swiftmodule (in target 'FirebaseAuth' from project 'Firebase')
    cd /Users/siam/Library/Developer/Xcode/DerivedData/Lingua_Quest-gvpckrqxtbgyprbgppjfqmimmmfw/SourcePackages/checkouts/firebase-ios-sdk
    builtin-copy -exclude .DS_Store -exclude CVS -exclude .svn -exclude .git -exclude .hg -resolve-src-symlinks -rename /Users/siam/Library/Developer/Xcode/DerivedData/Lingua_Quest-gvpckrqxtbgyprbgppjfqmimmmfw/Build/Intermediates.noindex/Firebase.build/Debug-iphonesimulator/FirebaseAuth.build/Objects-normal/x86_64/FirebaseAuth.swiftmodule /Users/siam/Library/Developer/Xcode/DerivedData/Lingua_Quest-gvpckrqxtbgyprbgppjfqmimmmfw/Build/Products/Debug-iphonesimulator/FirebaseAuth.swiftmodule/x86_64-apple-ios-simulator.swiftmodule

Copy /Users/siam/Library/Developer/Xcode/DerivedData/Lingua_Quest-gvpckrqxtbgyprbgppjfqmimmmfw/Build/Products/Debug-iphonesimulator/FirebaseAuth.swiftmodule/x86_64-apple-ios-simulator.swiftdoc /Users/siam/Library/Developer/Xcode/DerivedData/Lingua_Quest-gvpckrqxtbgyprbgppjfqmimmmfw/Build/Intermediates.noindex/Firebase.build/Debug-iphonesimulator/FirebaseAuth.build/Objects-normal/x86_64/FirebaseAuth.swiftdoc (in target 'FirebaseAuth' from project 'Firebase')
    cd /Users/siam/Library/Developer/Xcode/DerivedData/Lingua_Quest-gvpckrqxtbgyprbgppjfqmimmmfw/SourcePackages/checkouts/firebase-ios-sdk
    builtin-copy -exclude .DS_Store -exclude CVS -exclude .svn -exclude .git -exclude .hg -resolve-src-symlinks -rename /Users/siam/Library/Developer/Xcode/DerivedData/Lingua_Quest-gvpckrqxtbgyprbgppjfqmimmmfw/Build/Intermediates.noindex/Firebase.build/Debug-iphonesimulator/FirebaseAuth.build/Objects-normal/x86_64/FirebaseAuth.swiftdoc /Users/siam/Library/Developer/Xcode/DerivedData/Lingua_Quest-gvpckrqxtbgyprbgppjfqmimmmfw/Build/Products/Debug-iphonesimulator/FirebaseAuth.swiftmodule/x86_64-apple-ios-simulator.swiftdoc

Copy /Users/siam/Library/Developer/Xcode/DerivedData/Lingua_Quest-gvpckrqxtbgyprbgppjfqmimmmfw/Build/Products/Debug-iphonesimulator/FirebaseAuth.swiftmodule/x86_64-apple-ios-simulator.abi.json /Users/siam/Library/Developer/Xcode/DerivedData/Lingua_Quest-gvpckrqxtbgyprbgppjfqmimmmfw/Build/Intermediates.noindex/Firebase.build/Debug-iphonesimulator/FirebaseAuth.build/Objects-normal/x86_64/FirebaseAuth.abi.json (in target 'FirebaseAuth' from project 'Firebase')
    cd /Users/siam/Library/Developer/Xcode/DerivedData/Lingua_Quest-gvpckrqxtbgyprbgppjfqmimmmfw/SourcePackages/checkouts/firebase-ios-sdk
    builtin-copy -exclude .DS_Store -exclude CVS -exclude .svn -exclude .git -exclude .hg -resolve-src-symlinks -rename /Users/siam/Library/Developer/Xcode/DerivedData/Lingua_Quest-gvpckrqxtbgyprbgppjfqmimmmfw/Build/Intermediates.noindex/Firebase.build/Debug-iphonesimulator/FirebaseAuth.build/Objects-normal/x86_64/FirebaseAuth.abi.json /Users/siam/Library/Developer/Xcode/DerivedData/Lingua_Quest-gvpckrqxtbgyprbgppjfqmimmmfw/Build/Products/Debug-iphonesimulator/FirebaseAuth.swiftmodule/x86_64-apple-ios-simulator.abi.json

Copy /Users/siam/Library/Developer/Xcode/DerivedData/Lingua_Quest-gvpckrqxtbgyprbgppjfqmimmmfw/Build/Products/Debug-iphonesimulator/FirebaseAuth.swiftmodule/arm64-apple-ios-simulator.swiftdoc /Users/siam/Library/Developer/Xcode/DerivedData/Lingua_Quest-gvpckrqxtbgyprbgppjfqmimmmfw/Build/Intermediates.noindex/Firebase.build/Debug-iphonesimulator/FirebaseAuth.build/Objects-normal/arm64/FirebaseAuth.swiftdoc (in target 'FirebaseAuth' from project 'Firebase')
    cd /Users/siam/Library/Developer/Xcode/DerivedData/Lingua_Quest-gvpckrqxtbgyprbgppjfqmimmmfw/SourcePackages/checkouts/firebase-ios-sdk
    builtin-copy -exclude .DS_Store -exclude CVS -exclude .svn -exclude .git -exclude .hg -resolve-src-symlinks -rename /Users/siam/Library/Developer/Xcode/DerivedData/Lingua_Quest-gvpckrqxtbgyprbgppjfqmimmmfw/Build/Intermediates.noindex/Firebase.build/Debug-iphonesimulator/FirebaseAuth.build/Objects-normal/arm64/FirebaseAuth.swiftdoc /Users/siam/Library/Developer/Xcode/DerivedData/Lingua_Quest-gvpckrqxtbgyprbgppjfqmimmmfw/Build/Products/Debug-iphonesimulator/FirebaseAuth.swiftmodule/arm64-apple-ios-simulator.swiftdoc

Copy /Users/siam/Library/Developer/Xcode/DerivedData/Lingua_Quest-gvpckrqxtbgyprbgppjfqmimmmfw/Build/Products/Debug-iphonesimulator/FirebaseAuth.swiftmodule/arm64-apple-ios-simulator.abi.json /Users/siam/Library/Developer/Xcode/DerivedData/Lingua_Quest-gvpckrqxtbgyprbgppjfqmimmmfw/Build/Intermediates.noindex/Firebase.build/Debug-iphonesimulator/FirebaseAuth.build/Objects-normal/arm64/FirebaseAuth.abi.json (in target 'FirebaseAuth' from project 'Firebase')
    cd /Users/siam/Library/Developer/Xcode/DerivedData/Lingua_Quest-gvpckrqxtbgyprbgppjfqmimmmfw/SourcePackages/checkouts/firebase-ios-sdk
    builtin-copy -exclude .DS_Store -exclude CVS -exclude .svn -exclude .git -exclude .hg -resolve-src-symlinks -rename /Users/siam/Library/Developer/Xcode/DerivedData/Lingua_Quest-gvpckrqxtbgyprbgppjfqmimmmfw/Build/Intermediates.noindex/Firebase.build/Debug-iphonesimulator/FirebaseAuth.build/Objects-normal/arm64/FirebaseAuth.abi.json /Users/siam/Library/Developer/Xcode/DerivedData/Lingua_Quest-gvpckrqxtbgyprbgppjfqmimmmfw/Build/Products/Debug-iphonesimulator/FirebaseAuth.swiftmodule/arm64-apple-ios-simulator.abi.json

Copy /Users/siam/Library/Developer/Xcode/DerivedData/Lingua_Quest-gvpckrqxtbgyprbgppjfqmimmmfw/Build/Products/Debug-iphonesimulator/FirebaseAuth.swiftmodule/Project/x86_64-apple-ios-simulator.swiftsourceinfo /Users/siam/Library/Developer/Xcode/DerivedData/Lingua_Quest-gvpckrqxtbgyprbgppjfqmimmmfw/Build/Intermediates.noindex/Firebase.build/Debug-iphonesimulator/FirebaseAuth.build/Objects-normal/x86_64/FirebaseAuth.swiftsourceinfo (in target 'FirebaseAuth' from project 'Firebase')
    cd /Users/siam/Library/Developer/Xcode/DerivedData/Lingua_Quest-gvpckrqxtbgyprbgppjfqmimmmfw/SourcePackages/checkouts/firebase-ios-sdk
    builtin-copy -exclude .DS_Store -exclude CVS -exclude .svn -exclude .git -exclude .hg -resolve-src-symlinks -rename /Users/siam/Library/Developer/Xcode/DerivedData/Lingua_Quest-gvpckrqxtbgyprbgppjfqmimmmfw/Build/Intermediates.noindex/Firebase.build/Debug-iphonesimulator/FirebaseAuth.build/Objects-normal/x86_64/FirebaseAuth.swiftsourceinfo /Users/siam/Library/Developer/Xcode/DerivedData/Lingua_Quest-gvpckrqxtbgyprbgppjfqmimmmfw/Build/Products/Debug-iphonesimulator/FirebaseAuth.swiftmodule/Project/x86_64-apple-ios-simulator.swiftsourceinfo

Copy /Users/siam/Library/Developer/Xcode/DerivedData/Lingua_Quest-gvpckrqxtbgyprbgppjfqmimmmfw/Build/Products/Debug-iphonesimulator/FirebaseAuth.swiftmodule/Project/arm64-apple-ios-simulator.swiftsourceinfo /Users/siam/Library/Developer/Xcode/DerivedData/Lingua_Quest-gvpckrqxtbgyprbgppjfqmimmmfw/Build/Intermediates.noindex/Firebase.build/Debug-iphonesimulator/FirebaseAuth.build/Objects-normal/arm64/FirebaseAuth.swiftsourceinfo (in target 'FirebaseAuth' from project 'Firebase')
    cd /Users/siam/Library/Developer/Xcode/DerivedData/Lingua_Quest-gvpckrqxtbgyprbgppjfqmimmmfw/SourcePackages/checkouts/firebase-ios-sdk
    builtin-copy -exclude .DS_Store -exclude CVS -exclude .svn -exclude .git -exclude .hg -resolve-src-symlinks -rename /Users/siam/Library/Developer/Xcode/DerivedData/Lingua_Quest-gvpckrqxtbgyprbgppjfqmimmmfw/Build/Intermediates.noindex/Firebase.build/Debug-iphonesimulator/FirebaseAuth.build/Objects-normal/arm64/FirebaseAuth.swiftsourceinfo /Users/siam/Library/Developer/Xcode/DerivedData/Lingua_Quest-gvpckrqxtbgyprbgppjfqmimmmfw/Build/Products/Debug-iphonesimulator/FirebaseAuth.swiftmodule/Project/arm64-apple-ios-simulator.swiftsourceinfo

SwiftCompile normal arm64 Compiling\ Variable.swift,\ Ordering.swift,\ Pipeline.swift,\ PipelineResult.swift,\ PipelineSource.swift /Users/siam/Library/Developer/Xcode/DerivedData/Lingua_Quest-gvpckrqxtbgyprbgppjfqmimmmfw/SourcePackages/checkouts/firebase-ios-sdk/Firestore/Swift/Source/SwiftAPI/Pipeline/Expressions/Variable.swift /Users/siam/Library/Developer/Xcode/DerivedData/Lingua_Quest-gvpckrqxtbgyprbgppjfqmimmmfw/SourcePackages/checkouts/firebase-ios-sdk/Firestore/Swift/Source/SwiftAPI/Pipeline/Ordering.swift /Users/siam/Library/Developer/Xcode/DerivedData/Lingua_Quest-gvpckrqxtbgyprbgppjfqmimmmfw/SourcePackages/checkouts/firebase-ios-sdk/Firestore/Swift/Source/SwiftAPI/Pipeline/Pipeline.swift /Users/siam/Library/Developer/Xcode/DerivedData/Lingua_Quest-gvpckrqxtbgyprbgppjfqmimmmfw/SourcePackages/checkouts/firebase-ios-sdk/Firestore/Swift/Source/SwiftAPI/Pipeline/PipelineResult.swift /Users/siam/Library/Developer/Xcode/DerivedData/Lingua_Quest-gvpckrqxtbgyprbgppjfqmimmmfw/SourcePackages/checkouts/firebase-ios-sdk/Firestore/Swift/Source/SwiftAPI/Pipeline/PipelineSource.swift (in target 'FirebaseFirestore' from project 'Firebase')

SwiftCompile normal arm64 /Users/siam/Library/Developer/Xcode/DerivedData/Lingua_Quest-gvpckrqxtbgyprbgppjfqmimmmfw/SourcePackages/checkouts/firebase-ios-sdk/Firestore/Swift/Source/SwiftAPI/Pipeline/Expressions/Variable.swift (in target 'FirebaseFirestore' from project 'Firebase')
    cd /Users/siam/Desktop/Lingua\ Quest/Lingua\ Quest.xcodeproj
    

SwiftCompile normal arm64 /Users/siam/Library/Developer/Xcode/DerivedData/Lingua_Quest-gvpckrqxtbgyprbgppjfqmimmmfw/SourcePackages/checkouts/firebase-ios-sdk/Firestore/Swift/Source/SwiftAPI/Pipeline/Ordering.swift (in target 'FirebaseFirestore' from project 'Firebase')
    cd /Users/siam/Desktop/Lingua\ Quest/Lingua\ Quest.xcodeproj
    

SwiftCompile normal arm64 /Users/siam/Library/Developer/Xcode/DerivedData/Lingua_Quest-gvpckrqxtbgyprbgppjfqmimmmfw/SourcePackages/checkouts/firebase-ios-sdk/Firestore/Swift/Source/SwiftAPI/Pipeline/Pipeline.swift (in target 'FirebaseFirestore' from project 'Firebase')
    cd /Users/siam/Desktop/Lingua\ Quest/Lingua\ Quest.xcodeproj
    

SwiftCompile normal arm64 /Users/siam/Library/Developer/Xcode/DerivedData/Lingua_Quest-gvpckrqxtbgyprbgppjfqmimmmfw/SourcePackages/checkouts/firebase-ios-sdk/Firestore/Swift/Source/SwiftAPI/Pipeline/PipelineResult.swift (in target 'FirebaseFirestore' from project 'Firebase')
    cd /Users/siam/Desktop/Lingua\ Quest/Lingua\ Quest.xcodeproj
    

SwiftCompile normal arm64 /Users/siam/Library/Developer/Xcode/DerivedData/Lingua_Quest-gvpckrqxtbgyprbgppjfqmimmmfw/SourcePackages/checkouts/firebase-ios-sdk/Firestore/Swift/Source/SwiftAPI/Pipeline/PipelineSource.swift (in target 'FirebaseFirestore' from project 'Firebase')
    cd /Users/siam/Desktop/Lingua\ Quest/Lingua\ Quest.xcodeproj
    

SwiftCompile normal arm64 Compiling\ Field.swift,\ ArrayExpression.swift,\ BooleanExpression.swift,\ DocumentSearchExpressions.swift,\ ConditionalExpression.swift,\ CurrentTimestamp.swift /Users/siam/Library/Developer/Xcode/DerivedData/Lingua_Quest-gvpckrqxtbgyprbgppjfqmimmmfw/SourcePackages/checkouts/firebase-ios-sdk/Firestore/Swift/Source/SwiftAPI/Pipeline/Expressions/Field.swift /Users/siam/Library/Developer/Xcode/DerivedData/Lingua_Quest-gvpckrqxtbgyprbgppjfqmimmmfw/SourcePackages/checkouts/firebase-ios-sdk/Firestore/Swift/Source/SwiftAPI/Pipeline/Expressions/FunctionExpressions/ArrayExpression.swift /Users/siam/Library/Developer/Xcode/DerivedData/Lingua_Quest-gvpckrqxtbgyprbgppjfqmimmmfw/SourcePackages/checkouts/firebase-ios-sdk/Firestore/Swift/Source/SwiftAPI/Pipeline/Expressions/FunctionExpressions/BooleanExpression/BooleanExpression.swift /Users/siam/Library/Developer/Xcode/DerivedData/Lingua_Quest-gvpckrqxtbgyprbgppjfqmimmmfw/SourcePackages/checkouts/firebase-ios-sdk/Firestore/Swift/Source/SwiftAPI/Pipeline/Expressions/FunctionExpressions/BooleanExpression/DocumentSearchExpressions.swift /Users/siam/Library/Developer/Xcode/DerivedData/Lingua_Quest-gvpckrqxtbgyprbgppjfqmimmmfw/SourcePackages/checkouts/firebase-ios-sdk/Firestore/Swift/Source/SwiftAPI/Pipeline/Expressions/FunctionExpressions/ConditionalExpression.swift /Users/siam/Library/Developer/Xcode/DerivedData/Lingua_Quest-gvpckrqxtbgyprbgppjfqmimmmfw/SourcePackages/checkouts/firebase-ios-sdk/Firestore/Swift/Source/SwiftAPI/Pipeline/Expressions/FunctionExpressions/CurrentTimestamp.swift (in target 'FirebaseFirestore' from project 'Firebase')

SwiftCompile normal arm64 /Users/siam/Library/Developer/Xcode/DerivedData/Lingua_Quest-gvpckrqxtbgyprbgppjfqmimmmfw/SourcePackages/checkouts/firebase-ios-sdk/Firestore/Swift/Source/SwiftAPI/Pipeline/Expressions/Field.swift (in target 'FirebaseFirestore' from project 'Firebase')
    cd /Users/siam/Desktop/Lingua\ Quest/Lingua\ Quest.xcodeproj
    

SwiftCompile normal arm64 /Users/siam/Library/Developer/Xcode/DerivedData/Lingua_Quest-gvpckrqxtbgyprbgppjfqmimmmfw/SourcePackages/checkouts/firebase-ios-sdk/Firestore/Swift/Source/SwiftAPI/Pipeline/Expressions/FunctionExpressions/ArrayExpression.swift (in target 'FirebaseFirestore' from project 'Firebase')
    cd /Users/siam/Desktop/Lingua\ Quest/Lingua\ Quest.xcodeproj
    

SwiftCompile normal arm64 /Users/siam/Library/Developer/Xcode/DerivedData/Lingua_Quest-gvpckrqxtbgyprbgppjfqmimmmfw/SourcePackages/checkouts/firebase-ios-sdk/Firestore/Swift/Source/SwiftAPI/Pipeline/Expressions/FunctionExpressions/BooleanExpression/BooleanExpression.swift (in target 'FirebaseFirestore' from project 'Firebase')
    cd /Users/siam/Desktop/Lingua\ Quest/Lingua\ Quest.xcodeproj
    

SwiftCompile normal arm64 /Users/siam/Library/Developer/Xcode/DerivedData/Lingua_Quest-gvpckrqxtbgyprbgppjfqmimmmfw/SourcePackages/checkouts/firebase-ios-sdk/Firestore/Swift/Source/SwiftAPI/Pipeline/Expressions/FunctionExpressions/BooleanExpression/DocumentSearchExpressions.swift (in target 'FirebaseFirestore' from project 'Firebase')
    cd /Users/siam/Desktop/Lingua\ Quest/Lingua\ Quest.xcodeproj
    

SwiftCompile normal arm64 /Users/siam/Library/Developer/Xcode/DerivedData/Lingua_Quest-gvpckrqxtbgyprbgppjfqmimmmfw/SourcePackages/checkouts/firebase-ios-sdk/Firestore/Swift/Source/SwiftAPI/Pipeline/Expressions/FunctionExpressions/ConditionalExpression.swift (in target 'FirebaseFirestore' from project 'Firebase')
    cd /Users/siam/Desktop/Lingua\ Quest/Lingua\ Quest.xcodeproj
    

SwiftCompile normal arm64 /Users/siam/Library/Developer/Xcode/DerivedData/Lingua_Quest-gvpckrqxtbgyprbgppjfqmimmmfw/SourcePackages/checkouts/firebase-ios-sdk/Firestore/Swift/Source/SwiftAPI/Pipeline/Expressions/FunctionExpressions/CurrentTimestamp.swift (in target 'FirebaseFirestore' from project 'Firebase')
    cd /Users/siam/Desktop/Lingua\ Quest/Lingua\ Quest.xcodeproj
    

CompileC /Users/siam/Library/Developer/Xcode/DerivedData/Lingua_Quest-gvpckrqxtbgyprbgppjfqmimmmfw/Build/Intermediates.noindex/GoogleSignIn.build/Debug-iphonesimulator/GoogleSignIn.build/Objects-normal/arm64/NSBundle+GID3PAdditions.o /Users/siam/Library/Developer/Xcode/DerivedData/Lingua_Quest-gvpckrqxtbgyprbgppjfqmimmmfw/SourcePackages/checkouts/GoogleSignIn-iOS/GoogleSignIn/Sources/NSBundle+GID3PAdditions.m normal arm64 objective-c com.apple.compilers.llvm.clang.1_0.compiler (in target 'GoogleSignIn' from project 'GoogleSignIn')
    cd /Users/siam/Desktop/Lingua\ Quest/Lingua\ Quest.xcodeproj
    
    Using response file: /Users/siam/Library/Developer/Xcode/DerivedData/Lingua_Quest-gvpckrqxtbgyprbgppjfqmimmmfw/Build/Intermediates.noindex/GoogleSignIn.build/Debug-iphonesimulator/GoogleSignIn.build/Objects-normal/arm64/e6072d4f65d7061329687fe24e3d63a7-common-args.resp
    
    /Applications/Xcode.app/Contents/Developer/Toolchains/XcodeDefault.xctoolchain/usr/bin/clang -x objective-c -ivfsstatcache /Users/siam/Library/Developer/Xcode/DerivedData/SDKStatCaches.noindex/iphonesimulator26.0-23A339-26257891a6c027eb51374368541b8346.sdkstatcache -fmessage-length\=0 -fdiagnostics-show-note-include-stack -fmacro-backtrace-limit\=0 -fno-color-diagnostics -fmodules-prune-interval\=86400 -fmodules-prune-after\=345600 -fbuild-session-file\=/Users/siam/Library/Developer/Xcode/DerivedData/ModuleCache.noindex/Session.modulevalidation -fmodules-validate-once-per-build-session -Wnon-modular-include-in-framework-module -Werror\=non-modular-include-in-framework-module -Wno-trigraphs -Wno-missing-field-initializers -Wno-missing-prototypes -Wno-return-type -Wno-implicit-atomic-properties -Wno-objc-interface-ivars -Wno-arc-repeated-use-of-weak -Wno-missing-braces -Wparentheses -Wswitch -Wno-unused-function -Wno-unused-label -Wno-unused-parameter -Wno-unused-variable -Wunused-value -Wno-empty-body -Wno-uninitialized -Wno-unknown-pragmas -w -Wno-shadow -Wno-four-char-constants -Wno-conversion -Wno-constant-conversion -Wno-int-conversion -Wno-bool-conversion -Wno-enum-conversion -Wno-float-conversion -Wno-non-literal-null-conversion -Wno-objc-literal-conversion -Wshorten-64-to-32 -Wpointer-sign -Wno-newline-eof -Wno-selector -Wno-strict-selector-match -Wno-undeclared-selector -Wno-deprecated-implementations -Wno-implicit-fallthrough -fstrict-aliasing -Wprotocol -Wdeprecated-declarations -Wno-sign-conversion -Wno-infinite-recursion -Wno-comma -Wno-block-capture-autoreleasing -Wno-strict-prototypes -Wno-semicolon-before-method-body -index-store-path /Users/siam/Library/Developer/Xcode/DerivedData/Lingua_Quest-gvpckrqxtbgyprbgppjfqmimmmfw/Index.noindex/DataStore @/Users/siam/Library/Developer/Xcode/DerivedData/Lingua_Quest-gvpckrqxtbgyprbgppjfqmimmmfw/Build/Intermediates.noindex/GoogleSignIn.build/Debug-iphonesimulator/GoogleSignIn.build/Objects-normal/arm64/e6072d4f65d7061329687fe24e3d63a7-common-args.resp -include /Users/siam/Library/Developer/Xcode/DerivedData/Lingua_Quest-gvpckrqxtbgyprbgppjfqmimmmfw/Build/Intermediates.noindex/GoogleSignIn.build/Debug-iphonesimulator/GoogleSignIn.build/DerivedSources/resource_bundle_accessor.h -MMD -MT dependencies -MF /Users/siam/Library/Developer/Xcode/DerivedData/Lingua_Quest-gvpckrqxtbgyprbgppjfqmimmmfw/Build/Intermediates.noindex/GoogleSignIn.build/Debug-iphonesimulator/GoogleSignIn.build/Objects-normal/arm64/NSBundle+GID3PAdditions.d --serialize-diagnostics /Users/siam/Library/Developer/Xcode/DerivedData/Lingua_Quest-gvpckrqxtbgyprbgppjfqmimmmfw/Build/Intermediates.noindex/GoogleSignIn.build/Debug-iphonesimulator/GoogleSignIn.build/Objects-normal/arm64/NSBundle+GID3PAdditions.dia -c /Users/siam/Library/Developer/Xcode/DerivedData/Lingua_Quest-gvpckrqxtbgyprbgppjfqmimmmfw/SourcePackages/checkouts/GoogleSignIn-iOS/GoogleSignIn/Sources/NSBundle+GID3PAdditions.m -o /Users/siam/Library/Developer/Xcode/DerivedData/Lingua_Quest-gvpckrqxtbgyprbgppjfqmimmmfw/Build/Intermediates.noindex/GoogleSignIn.build/Debug-iphonesimulator/GoogleSignIn.build/Objects-normal/arm64/NSBundle+GID3PAdditions.o -index-unit-output-path /GoogleSignIn.build/Debug-iphonesimulator/GoogleSignIn.build/Objects-normal/arm64/NSBundle+GID3PAdditions.o

SwiftDriverJobDiscovery normal arm64 Compiling ErrorExpression.swift, FunctionExpression.swift, MapExpression.swift, RandomExpression.swift, Score.swift, PipelineExpression.swift (in target 'FirebaseFirestore' from project 'Firebase')

CompileC /Users/siam/Library/Developer/Xcode/DerivedData/Lingua_Quest-gvpckrqxtbgyprbgppjfqmimmmfw/Build/Intermediates.noindex/GoogleSignIn.build/Debug-iphonesimulator/GoogleSignIn.build/Objects-normal/arm64/GIDTimedLoader.o /Users/siam/Library/Developer/Xcode/DerivedData/Lingua_Quest-gvpckrqxtbgyprbgppjfqmimmmfw/SourcePackages/checkouts/GoogleSignIn-iOS/GoogleSignIn/Sources/GIDTimedLoader/GIDTimedLoader.m normal arm64 objective-c com.apple.compilers.llvm.clang.1_0.compiler (in target 'GoogleSignIn' from project 'GoogleSignIn')
    cd /Users/siam/Desktop/Lingua\ Quest/Lingua\ Quest.xcodeproj
    
    Using response file: /Users/siam/Library/Developer/Xcode/DerivedData/Lingua_Quest-gvpckrqxtbgyprbgppjfqmimmmfw/Build/Intermediates.noindex/GoogleSignIn.build/Debug-iphonesimulator/GoogleSignIn.build/Objects-normal/arm64/e6072d4f65d7061329687fe24e3d63a7-common-args.resp
    
    /Applications/Xcode.app/Contents/Developer/Toolchains/XcodeDefault.xctoolchain/usr/bin/clang -x objective-c -ivfsstatcache /Users/siam/Library/Developer/Xcode/DerivedData/SDKStatCaches.noindex/iphonesimulator26.0-23A339-26257891a6c027eb51374368541b8346.sdkstatcache -fmessage-length\=0 -fdiagnostics-show-note-include-stack -fmacro-backtrace-limit\=0 -fno-color-diagnostics -fmodules-prune-interval\=86400 -fmodules-prune-after\=345600 -fbuild-session-file\=/Users/siam/Library/Developer/Xcode/DerivedData/ModuleCache.noindex/Session.modulevalidation -fmodules-validate-once-per-build-session -Wnon-modular-include-in-framework-module -Werror\=non-modular-include-in-framework-module -Wno-trigraphs -Wno-missing-field-initializers -Wno-missing-prototypes -Wno-return-type -Wno-implicit-atomic-properties -Wno-objc-interface-ivars -Wno-arc-repeated-use-of-weak -Wno-missing-braces -Wparentheses -Wswitch -Wno-unused-function -Wno-unused-label -Wno-unused-parameter -Wno-unused-variable -Wunused-value -Wno-empty-body -Wno-uninitialized -Wno-unknown-pragmas -w -Wno-shadow -Wno-four-char-constants -Wno-conversion -Wno-constant-conversion -Wno-int-conversion -Wno-bool-conversion -Wno-enum-conversion -Wno-float-conversion -Wno-non-literal-null-conversion -Wno-objc-literal-conversion -Wshorten-64-to-32 -Wpointer-sign -Wno-newline-eof -Wno-selector -Wno-strict-selector-match -Wno-undeclared-selector -Wno-deprecated-implementations -Wno-implicit-fallthrough -fstrict-aliasing -Wprotocol -Wdeprecated-declarations -Wno-sign-conversion -Wno-infinite-recursion -Wno-comma -Wno-block-capture-autoreleasing -Wno-strict-prototypes -Wno-semicolon-before-method-body -index-store-path /Users/siam/Library/Developer/Xcode/DerivedData/Lingua_Quest-gvpckrqxtbgyprbgppjfqmimmmfw/Index.noindex/DataStore @/Users/siam/Library/Developer/Xcode/DerivedData/Lingua_Quest-gvpckrqxtbgyprbgppjfqmimmmfw/Build/Intermediates.noindex/GoogleSignIn.build/Debug-iphonesimulator/GoogleSignIn.build/Objects-normal/arm64/e6072d4f65d7061329687fe24e3d63a7-common-args.resp -include /Users/siam/Library/Developer/Xcode/DerivedData/Lingua_Quest-gvpckrqxtbgyprbgppjfqmimmmfw/Build/Intermediates.noindex/GoogleSignIn.build/Debug-iphonesimulator/GoogleSignIn.build/DerivedSources/resource_bundle_accessor.h -MMD -MT dependencies -MF /Users/siam/Library/Developer/Xcode/DerivedData/Lingua_Quest-gvpckrqxtbgyprbgppjfqmimmmfw/Build/Intermediates.noindex/GoogleSignIn.build/Debug-iphonesimulator/GoogleSignIn.build/Objects-normal/arm64/GIDTimedLoader.d --serialize-diagnostics /Users/siam/Library/Developer/Xcode/DerivedData/Lingua_Quest-gvpckrqxtbgyprbgppjfqmimmmfw/Build/Intermediates.noindex/GoogleSignIn.build/Debug-iphonesimulator/GoogleSignIn.build/Objects-normal/arm64/GIDTimedLoader.dia -c /Users/siam/Library/Developer/Xcode/DerivedData/Lingua_Quest-gvpckrqxtbgyprbgppjfqmimmmfw/SourcePackages/checkouts/GoogleSignIn-iOS/GoogleSignIn/Sources/GIDTimedLoader/GIDTimedLoader.m -o /Users/siam/Library/Developer/Xcode/DerivedData/Lingua_Quest-gvpckrqxtbgyprbgppjfqmimmmfw/Build/Intermediates.noindex/GoogleSignIn.build/Debug-iphonesimulator/GoogleSignIn.build/Objects-normal/arm64/GIDTimedLoader.o -index-unit-output-path /GoogleSignIn.build/Debug-iphonesimulator/GoogleSignIn.build/Objects-normal/arm64/GIDTimedLoader.o

SwiftDriverJobDiscovery normal x86_64 Compiling CodablePassThroughTypes.swift, CollectionReference+WriteEncodable.swift, DocumentID.swift, DocumentReference+Codable.swift, DocumentReference+ReadDecodable.swift, DocumentReference+WriteEncodable.swift (in target 'FirebaseFirestore' from project 'Firebase')

CompileC /Users/siam/Library/Developer/Xcode/DerivedData/Lingua_Quest-gvpckrqxtbgyprbgppjfqmimmmfw/Build/Intermediates.noindex/GoogleSignIn.build/Debug-iphonesimulator/GoogleSignIn.build/Objects-normal/arm64/GIDSignInInternalOptions.o /Users/siam/Library/Developer/Xcode/DerivedData/Lingua_Quest-gvpckrqxtbgyprbgppjfqmimmmfw/SourcePackages/checkouts/GoogleSignIn-iOS/GoogleSignIn/Sources/GIDSignInInternalOptions.m normal arm64 objective-c com.apple.compilers.llvm.clang.1_0.compiler (in target 'GoogleSignIn' from project 'GoogleSignIn')
    cd /Users/siam/Desktop/Lingua\ Quest/Lingua\ Quest.xcodeproj
    
    Using response file: /Users/siam/Library/Developer/Xcode/DerivedData/Lingua_Quest-gvpckrqxtbgyprbgppjfqmimmmfw/Build/Intermediates.noindex/GoogleSignIn.build/Debug-iphonesimulator/GoogleSignIn.build/Objects-normal/arm64/e6072d4f65d7061329687fe24e3d63a7-common-args.resp
    
    /Applications/Xcode.app/Contents/Developer/Toolchains/XcodeDefault.xctoolchain/usr/bin/clang -x objective-c -ivfsstatcache /Users/siam/Library/Developer/Xcode/DerivedData/SDKStatCaches.noindex/iphonesimulator26.0-23A339-26257891a6c027eb51374368541b8346.sdkstatcache -fmessage-length\=0 -fdiagnostics-show-note-include-stack -fmacro-backtrace-limit\=0 -fno-color-diagnostics -fmodules-prune-interval\=86400 -fmodules-prune-after\=345600 -fbuild-session-file\=/Users/siam/Library/Developer/Xcode/DerivedData/ModuleCache.noindex/Session.modulevalidation -fmodules-validate-once-per-build-session -Wnon-modular-include-in-framework-module -Werror\=non-modular-include-in-framework-module -Wno-trigraphs -Wno-missing-field-initializers -Wno-missing-prototypes -Wno-return-type -Wno-implicit-atomic-properties -Wno-objc-interface-ivars -Wno-arc-repeated-use-of-weak -Wno-missing-braces -Wparentheses -Wswitch -Wno-unused-function -Wno-unused-label -Wno-unused-parameter -Wno-unused-variable -Wunused-value -Wno-empty-body -Wno-uninitialized -Wno-unknown-pragmas -w -Wno-shadow -Wno-four-char-constants -Wno-conversion -Wno-constant-conversion -Wno-int-conversion -Wno-bool-conversion -Wno-enum-conversion -Wno-float-conversion -Wno-non-literal-null-conversion -Wno-objc-literal-conversion -Wshorten-64-to-32 -Wpointer-sign -Wno-newline-eof -Wno-selector -Wno-strict-selector-match -Wno-undeclared-selector -Wno-deprecated-implementations -Wno-implicit-fallthrough -fstrict-aliasing -Wprotocol -Wdeprecated-declarations -Wno-sign-conversion -Wno-infinite-recursion -Wno-comma -Wno-block-capture-autoreleasing -Wno-strict-prototypes -Wno-semicolon-before-method-body -index-store-path /Users/siam/Library/Developer/Xcode/DerivedData/Lingua_Quest-gvpckrqxtbgyprbgppjfqmimmmfw/Index.noindex/DataStore @/Users/siam/Library/Developer/Xcode/DerivedData/Lingua_Quest-gvpckrqxtbgyprbgppjfqmimmmfw/Build/Intermediates.noindex/GoogleSignIn.build/Debug-iphonesimulator/GoogleSignIn.build/Objects-normal/arm64/e6072d4f65d7061329687fe24e3d63a7-common-args.resp -include /Users/siam/Library/Developer/Xcode/DerivedData/Lingua_Quest-gvpckrqxtbgyprbgppjfqmimmmfw/Build/Intermediates.noindex/GoogleSignIn.build/Debug-iphonesimulator/GoogleSignIn.build/DerivedSources/resource_bundle_accessor.h -MMD -MT dependencies -MF /Users/siam/Library/Developer/Xcode/DerivedData/Lingua_Quest-gvpckrqxtbgyprbgppjfqmimmmfw/Build/Intermediates.noindex/GoogleSignIn.build/Debug-iphonesimulator/GoogleSignIn.build/Objects-normal/arm64/GIDSignInInternalOptions.d --serialize-diagnostics /Users/siam/Library/Developer/Xcode/DerivedData/Lingua_Quest-gvpckrqxtbgyprbgppjfqmimmmfw/Build/Intermediates.noindex/GoogleSignIn.build/Debug-iphonesimulator/GoogleSignIn.build/Objects-normal/arm64/GIDSignInInternalOptions.dia -c /Users/siam/Library/Developer/Xcode/DerivedData/Lingua_Quest-gvpckrqxtbgyprbgppjfqmimmmfw/SourcePackages/checkouts/GoogleSignIn-iOS/GoogleSignIn/Sources/GIDSignInInternalOptions.m -o /Users/siam/Library/Developer/Xcode/DerivedData/Lingua_Quest-gvpckrqxtbgyprbgppjfqmimmmfw/Build/Intermediates.noindex/GoogleSignIn.build/Debug-iphonesimulator/GoogleSignIn.build/Objects-normal/arm64/GIDSignInInternalOptions.o -index-unit-output-path /GoogleSignIn.build/Debug-iphonesimulator/GoogleSignIn.build/Objects-normal/arm64/GIDSignInInternalOptions.o

CompileC /Users/siam/Library/Developer/Xcode/DerivedData/Lingua_Quest-gvpckrqxtbgyprbgppjfqmimmmfw/Build/Intermediates.noindex/GoogleSignIn.build/Debug-iphonesimulator/GoogleSignIn.build/Objects-normal/arm64/GIDSignInButton.o /Users/siam/Library/Developer/Xcode/DerivedData/Lingua_Quest-gvpckrqxtbgyprbgppjfqmimmmfw/SourcePackages/checkouts/GoogleSignIn-iOS/GoogleSignIn/Sources/GIDSignInButton.m normal arm64 objective-c com.apple.compilers.llvm.clang.1_0.compiler (in target 'GoogleSignIn' from project 'GoogleSignIn')
    cd /Users/siam/Desktop/Lingua\ Quest/Lingua\ Quest.xcodeproj
    
    Using response file: /Users/siam/Library/Developer/Xcode/DerivedData/Lingua_Quest-gvpckrqxtbgyprbgppjfqmimmmfw/Build/Intermediates.noindex/GoogleSignIn.build/Debug-iphonesimulator/GoogleSignIn.build/Objects-normal/arm64/e6072d4f65d7061329687fe24e3d63a7-common-args.resp
    
    /Applications/Xcode.app/Contents/Developer/Toolchains/XcodeDefault.xctoolchain/usr/bin/clang -x objective-c -ivfsstatcache /Users/siam/Library/Developer/Xcode/DerivedData/SDKStatCaches.noindex/iphonesimulator26.0-23A339-26257891a6c027eb51374368541b8346.sdkstatcache -fmessage-length\=0 -fdiagnostics-show-note-include-stack -fmacro-backtrace-limit\=0 -fno-color-diagnostics -fmodules-prune-interval\=86400 -fmodules-prune-after\=345600 -fbuild-session-file\=/Users/siam/Library/Developer/Xcode/DerivedData/ModuleCache.noindex/Session.modulevalidation -fmodules-validate-once-per-build-session -Wnon-modular-include-in-framework-module -Werror\=non-modular-include-in-framework-module -Wno-trigraphs -Wno-missing-field-initializers -Wno-missing-prototypes -Wno-return-type -Wno-implicit-atomic-properties -Wno-objc-interface-ivars -Wno-arc-repeated-use-of-weak -Wno-missing-braces -Wparentheses -Wswitch -Wno-unused-function -Wno-unused-label -Wno-unused-parameter -Wno-unused-variable -Wunused-value -Wno-empty-body -Wno-uninitialized -Wno-unknown-pragmas -w -Wno-shadow -Wno-four-char-constants -Wno-conversion -Wno-constant-conversion -Wno-int-conversion -Wno-bool-conversion -Wno-enum-conversion -Wno-float-conversion -Wno-non-literal-null-conversion -Wno-objc-literal-conversion -Wshorten-64-to-32 -Wpointer-sign -Wno-newline-eof -Wno-selector -Wno-strict-selector-match -Wno-undeclared-selector -Wno-deprecated-implementations -Wno-implicit-fallthrough -fstrict-aliasing -Wprotocol -Wdeprecated-declarations -Wno-sign-conversion -Wno-infinite-recursion -Wno-comma -Wno-block-capture-autoreleasing -Wno-strict-prototypes -Wno-semicolon-before-method-body -index-store-path /Users/siam/Library/Developer/Xcode/DerivedData/Lingua_Quest-gvpckrqxtbgyprbgppjfqmimmmfw/Index.noindex/DataStore @/Users/siam/Library/Developer/Xcode/DerivedData/Lingua_Quest-gvpckrqxtbgyprbgppjfqmimmmfw/Build/Intermediates.noindex/GoogleSignIn.build/Debug-iphonesimulator/GoogleSignIn.build/Objects-normal/arm64/e6072d4f65d7061329687fe24e3d63a7-common-args.resp -include /Users/siam/Library/Developer/Xcode/DerivedData/Lingua_Quest-gvpckrqxtbgyprbgppjfqmimmmfw/Build/Intermediates.noindex/GoogleSignIn.build/Debug-iphonesimulator/GoogleSignIn.build/DerivedSources/resource_bundle_accessor.h -MMD -MT dependencies -MF /Users/siam/Library/Developer/Xcode/DerivedData/Lingua_Quest-gvpckrqxtbgyprbgppjfqmimmmfw/Build/Intermediates.noindex/GoogleSignIn.build/Debug-iphonesimulator/GoogleSignIn.build/Objects-normal/arm64/GIDSignInButton.d --serialize-diagnostics /Users/siam/Library/Developer/Xcode/DerivedData/Lingua_Quest-gvpckrqxtbgyprbgppjfqmimmmfw/Build/Intermediates.noindex/GoogleSignIn.build/Debug-iphonesimulator/GoogleSignIn.build/Objects-normal/arm64/GIDSignInButton.dia -c /Users/siam/Library/Developer/Xcode/DerivedData/Lingua_Quest-gvpckrqxtbgyprbgppjfqmimmmfw/SourcePackages/checkouts/GoogleSignIn-iOS/GoogleSignIn/Sources/GIDSignInButton.m -o /Users/siam/Library/Developer/Xcode/DerivedData/Lingua_Quest-gvpckrqxtbgyprbgppjfqmimmmfw/Build/Intermediates.noindex/GoogleSignIn.build/Debug-iphonesimulator/GoogleSignIn.build/Objects-normal/arm64/GIDSignInButton.o -index-unit-output-path /GoogleSignIn.build/Debug-iphonesimulator/GoogleSignIn.build/Objects-normal/arm64/GIDSignInButton.o

SwiftDriverJobDiscovery normal x86_64 Compiling QueryPredicate.swift, Stages.swift, FieldValue+Swift.swift, Firestore+Pipeline.swift, AggregateFunction.swift, AliasedAggregate.swift (in target 'FirebaseFirestore' from project 'Firebase')

CompileC /Users/siam/Library/Developer/Xcode/DerivedData/Lingua_Quest-gvpckrqxtbgyprbgppjfqmimmmfw/Build/Intermediates.noindex/GoogleSignIn.build/Debug-iphonesimulator/GoogleSignIn.build/Objects-normal/arm64/GIDMDMPasscodeCache.o /Users/siam/Library/Developer/Xcode/DerivedData/Lingua_Quest-gvpckrqxtbgyprbgppjfqmimmmfw/SourcePackages/checkouts/GoogleSignIn-iOS/GoogleSignIn/Sources/GIDMDMPasscodeCache.m normal arm64 objective-c com.apple.compilers.llvm.clang.1_0.compiler (in target 'GoogleSignIn' from project 'GoogleSignIn')
    cd /Users/siam/Desktop/Lingua\ Quest/Lingua\ Quest.xcodeproj
    
    Using response file: /Users/siam/Library/Developer/Xcode/DerivedData/Lingua_Quest-gvpckrqxtbgyprbgppjfqmimmmfw/Build/Intermediates.noindex/GoogleSignIn.build/Debug-iphonesimulator/GoogleSignIn.build/Objects-normal/arm64/e6072d4f65d7061329687fe24e3d63a7-common-args.resp
    
    /Applications/Xcode.app/Contents/Developer/Toolchains/XcodeDefault.xctoolchain/usr/bin/clang -x objective-c -ivfsstatcache /Users/siam/Library/Developer/Xcode/DerivedData/SDKStatCaches.noindex/iphonesimulator26.0-23A339-26257891a6c027eb51374368541b8346.sdkstatcache -fmessage-length\=0 -fdiagnostics-show-note-include-stack -fmacro-backtrace-limit\=0 -fno-color-diagnostics -fmodules-prune-interval\=86400 -fmodules-prune-after\=345600 -fbuild-session-file\=/Users/siam/Library/Developer/Xcode/DerivedData/ModuleCache.noindex/Session.modulevalidation -fmodules-validate-once-per-build-session -Wnon-modular-include-in-framework-module -Werror\=non-modular-include-in-framework-module -Wno-trigraphs -Wno-missing-field-initializers -Wno-missing-prototypes -Wno-return-type -Wno-implicit-atomic-properties -Wno-objc-interface-ivars -Wno-arc-repeated-use-of-weak -Wno-missing-braces -Wparentheses -Wswitch -Wno-unused-function -Wno-unused-label -Wno-unused-parameter -Wno-unused-variable -Wunused-value -Wno-empty-body -Wno-uninitialized -Wno-unknown-pragmas -w -Wno-shadow -Wno-four-char-constants -Wno-conversion -Wno-constant-conversion -Wno-int-conversion -Wno-bool-conversion -Wno-enum-conversion -Wno-float-conversion -Wno-non-literal-null-conversion -Wno-objc-literal-conversion -Wshorten-64-to-32 -Wpointer-sign -Wno-newline-eof -Wno-selector -Wno-strict-selector-match -Wno-undeclared-selector -Wno-deprecated-implementations -Wno-implicit-fallthrough -fstrict-aliasing -Wprotocol -Wdeprecated-declarations -Wno-sign-conversion -Wno-infinite-recursion -Wno-comma -Wno-block-capture-autoreleasing -Wno-strict-prototypes -Wno-semicolon-before-method-body -index-store-path /Users/siam/Library/Developer/Xcode/DerivedData/Lingua_Quest-gvpckrqxtbgyprbgppjfqmimmmfw/Index.noindex/DataStore @/Users/siam/Library/Developer/Xcode/DerivedData/Lingua_Quest-gvpckrqxtbgyprbgppjfqmimmmfw/Build/Intermediates.noindex/GoogleSignIn.build/Debug-iphonesimulator/GoogleSignIn.build/Objects-normal/arm64/e6072d4f65d7061329687fe24e3d63a7-common-args.resp -include /Users/siam/Library/Developer/Xcode/DerivedData/Lingua_Quest-gvpckrqxtbgyprbgppjfqmimmmfw/Build/Intermediates.noindex/GoogleSignIn.build/Debug-iphonesimulator/GoogleSignIn.build/DerivedSources/resource_bundle_accessor.h -MMD -MT dependencies -MF /Users/siam/Library/Developer/Xcode/DerivedData/Lingua_Quest-gvpckrqxtbgyprbgppjfqmimmmfw/Build/Intermediates.noindex/GoogleSignIn.build/Debug-iphonesimulator/GoogleSignIn.build/Objects-normal/arm64/GIDMDMPasscodeCache.d --serialize-diagnostics /Users/siam/Library/Developer/Xcode/DerivedData/Lingua_Quest-gvpckrqxtbgyprbgppjfqmimmmfw/Build/Intermediates.noindex/GoogleSignIn.build/Debug-iphonesimulator/GoogleSignIn.build/Objects-normal/arm64/GIDMDMPasscodeCache.dia -c /Users/siam/Library/Developer/Xcode/DerivedData/Lingua_Quest-gvpckrqxtbgyprbgppjfqmimmmfw/SourcePackages/checkouts/GoogleSignIn-iOS/GoogleSignIn/Sources/GIDMDMPasscodeCache.m -o /Users/siam/Library/Developer/Xcode/DerivedData/Lingua_Quest-gvpckrqxtbgyprbgppjfqmimmmfw/Build/Intermediates.noindex/GoogleSignIn.build/Debug-iphonesimulator/GoogleSignIn.build/Objects-normal/arm64/GIDMDMPasscodeCache.o -index-unit-output-path /GoogleSignIn.build/Debug-iphonesimulator/GoogleSignIn.build/Objects-normal/arm64/GIDMDMPasscodeCache.o

CompileC /Users/siam/Library/Developer/Xcode/DerivedData/Lingua_Quest-gvpckrqxtbgyprbgppjfqmimmmfw/Build/Intermediates.noindex/GoogleSignIn.build/Debug-iphonesimulator/GoogleSignIn.build/Objects-normal/arm64/GIDJSONSerializerImpl.o /Users/siam/Library/Developer/Xcode/DerivedData/Lingua_Quest-gvpckrqxtbgyprbgppjfqmimmmfw/SourcePackages/checkouts/GoogleSignIn-iOS/GoogleSignIn/Sources/GIDJSONSerializer/Implementation/GIDJSONSerializerImpl.m normal arm64 objective-c com.apple.compilers.llvm.clang.1_0.compiler (in target 'GoogleSignIn' from project 'GoogleSignIn')
    cd /Users/siam/Desktop/Lingua\ Quest/Lingua\ Quest.xcodeproj
    
    Using response file: /Users/siam/Library/Developer/Xcode/DerivedData/Lingua_Quest-gvpckrqxtbgyprbgppjfqmimmmfw/Build/Intermediates.noindex/GoogleSignIn.build/Debug-iphonesimulator/GoogleSignIn.build/Objects-normal/arm64/e6072d4f65d7061329687fe24e3d63a7-common-args.resp
    
    /Applications/Xcode.app/Contents/Developer/Toolchains/XcodeDefault.xctoolchain/usr/bin/clang -x objective-c -ivfsstatcache /Users/siam/Library/Developer/Xcode/DerivedData/SDKStatCaches.noindex/iphonesimulator26.0-23A339-26257891a6c027eb51374368541b8346.sdkstatcache -fmessage-length\=0 -fdiagnostics-show-note-include-stack -fmacro-backtrace-limit\=0 -fno-color-diagnostics -fmodules-prune-interval\=86400 -fmodules-prune-after\=345600 -fbuild-session-file\=/Users/siam/Library/Developer/Xcode/DerivedData/ModuleCache.noindex/Session.modulevalidation -fmodules-validate-once-per-build-session -Wnon-modular-include-in-framework-module -Werror\=non-modular-include-in-framework-module -Wno-trigraphs -Wno-missing-field-initializers -Wno-missing-prototypes -Wno-return-type -Wno-implicit-atomic-properties -Wno-objc-interface-ivars -Wno-arc-repeated-use-of-weak -Wno-missing-braces -Wparentheses -Wswitch -Wno-unused-function -Wno-unused-label -Wno-unused-parameter -Wno-unused-variable -Wunused-value -Wno-empty-body -Wno-uninitialized -Wno-unknown-pragmas -w -Wno-shadow -Wno-four-char-constants -Wno-conversion -Wno-constant-conversion -Wno-int-conversion -Wno-bool-conversion -Wno-enum-conversion -Wno-float-conversion -Wno-non-literal-null-conversion -Wno-objc-literal-conversion -Wshorten-64-to-32 -Wpointer-sign -Wno-newline-eof -Wno-selector -Wno-strict-selector-match -Wno-undeclared-selector -Wno-deprecated-implementations -Wno-implicit-fallthrough -fstrict-aliasing -Wprotocol -Wdeprecated-declarations -Wno-sign-conversion -Wno-infinite-recursion -Wno-comma -Wno-block-capture-autoreleasing -Wno-strict-prototypes -Wno-semicolon-before-method-body -index-store-path /Users/siam/Library/Developer/Xcode/DerivedData/Lingua_Quest-gvpckrqxtbgyprbgppjfqmimmmfw/Index.noindex/DataStore @/Users/siam/Library/Developer/Xcode/DerivedData/Lingua_Quest-gvpckrqxtbgyprbgppjfqmimmmfw/Build/Intermediates.noindex/GoogleSignIn.build/Debug-iphonesimulator/GoogleSignIn.build/Objects-normal/arm64/e6072d4f65d7061329687fe24e3d63a7-common-args.resp -include /Users/siam/Library/Developer/Xcode/DerivedData/Lingua_Quest-gvpckrqxtbgyprbgppjfqmimmmfw/Build/Intermediates.noindex/GoogleSignIn.build/Debug-iphonesimulator/GoogleSignIn.build/DerivedSources/resource_bundle_accessor.h -MMD -MT dependencies -MF /Users/siam/Library/Developer/Xcode/DerivedData/Lingua_Quest-gvpckrqxtbgyprbgppjfqmimmmfw/Build/Intermediates.noindex/GoogleSignIn.build/Debug-iphonesimulator/GoogleSignIn.build/Objects-normal/arm64/GIDJSONSerializerImpl.d --serialize-diagnostics /Users/siam/Library/Developer/Xcode/DerivedData/Lingua_Quest-gvpckrqxtbgyprbgppjfqmimmmfw/Build/Intermediates.noindex/GoogleSignIn.build/Debug-iphonesimulator/GoogleSignIn.build/Objects-normal/arm64/GIDJSONSerializerImpl.dia -c /Users/siam/Library/Developer/Xcode/DerivedData/Lingua_Quest-gvpckrqxtbgyprbgppjfqmimmmfw/SourcePackages/checkouts/GoogleSignIn-iOS/GoogleSignIn/Sources/GIDJSONSerializer/Implementation/GIDJSONSerializerImpl.m -o /Users/siam/Library/Developer/Xcode/DerivedData/Lingua_Quest-gvpckrqxtbgyprbgppjfqmimmmfw/Build/Intermediates.noindex/GoogleSignIn.build/Debug-iphonesimulator/GoogleSignIn.build/Objects-normal/arm64/GIDJSONSerializerImpl.o -index-unit-output-path /GoogleSignIn.build/Debug-iphonesimulator/GoogleSignIn.build/Objects-normal/arm64/GIDJSONSerializerImpl.o

SwiftDriverJobDiscovery normal arm64 Compiling ExpressionImplementation.swift, PipelineHelper.swift, PipelineResultChange.swift, PipelineWrapper.swift, FirestoreQuery.swift, FirestoreQueryObservable.swift (in target 'FirebaseFirestore' from project 'Firebase')

CompileC /Users/siam/Library/Developer/Xcode/DerivedData/Lingua_Quest-gvpckrqxtbgyprbgppjfqmimmmfw/Build/Intermediates.noindex/GoogleSignIn.build/Debug-iphonesimulator/GoogleSignIn.build/Objects-normal/arm64/GIDFakeJSONSerializerImpl.o /Users/siam/Library/Developer/Xcode/DerivedData/Lingua_Quest-gvpckrqxtbgyprbgppjfqmimmmfw/SourcePackages/checkouts/GoogleSignIn-iOS/GoogleSignIn/Sources/GIDJSONSerializer/Fake/GIDFakeJSONSerializerImpl.m normal arm64 objective-c com.apple.compilers.llvm.clang.1_0.compiler (in target 'GoogleSignIn' from project 'GoogleSignIn')
    cd /Users/siam/Desktop/Lingua\ Quest/Lingua\ Quest.xcodeproj
    
    Using response file: /Users/siam/Library/Developer/Xcode/DerivedData/Lingua_Quest-gvpckrqxtbgyprbgppjfqmimmmfw/Build/Intermediates.noindex/GoogleSignIn.build/Debug-iphonesimulator/GoogleSignIn.build/Objects-normal/arm64/e6072d4f65d7061329687fe24e3d63a7-common-args.resp
    
    /Applications/Xcode.app/Contents/Developer/Toolchains/XcodeDefault.xctoolchain/usr/bin/clang -x objective-c -ivfsstatcache /Users/siam/Library/Developer/Xcode/DerivedData/SDKStatCaches.noindex/iphonesimulator26.0-23A339-26257891a6c027eb51374368541b8346.sdkstatcache -fmessage-length\=0 -fdiagnostics-show-note-include-stack -fmacro-backtrace-limit\=0 -fno-color-diagnostics -fmodules-prune-interval\=86400 -fmodules-prune-after\=345600 -fbuild-session-file\=/Users/siam/Library/Developer/Xcode/DerivedData/ModuleCache.noindex/Session.modulevalidation -fmodules-validate-once-per-build-session -Wnon-modular-include-in-framework-module -Werror\=non-modular-include-in-framework-module -Wno-trigraphs -Wno-missing-field-initializers -Wno-missing-prototypes -Wno-return-type -Wno-implicit-atomic-properties -Wno-objc-interface-ivars -Wno-arc-repeated-use-of-weak -Wno-missing-braces -Wparentheses -Wswitch -Wno-unused-function -Wno-unused-label -Wno-unused-parameter -Wno-unused-variable -Wunused-value -Wno-empty-body -Wno-uninitialized -Wno-unknown-pragmas -w -Wno-shadow -Wno-four-char-constants -Wno-conversion -Wno-constant-conversion -Wno-int-conversion -Wno-bool-conversion -Wno-enum-conversion -Wno-float-conversion -Wno-non-literal-null-conversion -Wno-objc-literal-conversion -Wshorten-64-to-32 -Wpointer-sign -Wno-newline-eof -Wno-selector -Wno-strict-selector-match -Wno-undeclared-selector -Wno-deprecated-implementations -Wno-implicit-fallthrough -fstrict-aliasing -Wprotocol -Wdeprecated-declarations -Wno-sign-conversion -Wno-infinite-recursion -Wno-comma -Wno-block-capture-autoreleasing -Wno-strict-prototypes -Wno-semicolon-before-method-body -index-store-path /Users/siam/Library/Developer/Xcode/DerivedData/Lingua_Quest-gvpckrqxtbgyprbgppjfqmimmmfw/Index.noindex/DataStore @/Users/siam/Library/Developer/Xcode/DerivedData/Lingua_Quest-gvpckrqxtbgyprbgppjfqmimmmfw/Build/Intermediates.noindex/GoogleSignIn.build/Debug-iphonesimulator/GoogleSignIn.build/Objects-normal/arm64/e6072d4f65d7061329687fe24e3d63a7-common-args.resp -include /Users/siam/Library/Developer/Xcode/DerivedData/Lingua_Quest-gvpckrqxtbgyprbgppjfqmimmmfw/Build/Intermediates.noindex/GoogleSignIn.build/Debug-iphonesimulator/GoogleSignIn.build/DerivedSources/resource_bundle_accessor.h -MMD -MT dependencies -MF /Users/siam/Library/Developer/Xcode/DerivedData/Lingua_Quest-gvpckrqxtbgyprbgppjfqmimmmfw/Build/Intermediates.noindex/GoogleSignIn.build/Debug-iphonesimulator/GoogleSignIn.build/Objects-normal/arm64/GIDFakeJSONSerializerImpl.d --serialize-diagnostics /Users/siam/Library/Developer/Xcode/DerivedData/Lingua_Quest-gvpckrqxtbgyprbgppjfqmimmmfw/Build/Intermediates.noindex/GoogleSignIn.build/Debug-iphonesimulator/GoogleSignIn.build/Objects-normal/arm64/GIDFakeJSONSerializerImpl.dia -c /Users/siam/Library/Developer/Xcode/DerivedData/Lingua_Quest-gvpckrqxtbgyprbgppjfqmimmmfw/SourcePackages/checkouts/GoogleSignIn-iOS/GoogleSignIn/Sources/GIDJSONSerializer/Fake/GIDFakeJSONSerializerImpl.m -o /Users/siam/Library/Developer/Xcode/DerivedData/Lingua_Quest-gvpckrqxtbgyprbgppjfqmimmmfw/Build/Intermediates.noindex/GoogleSignIn.build/Debug-iphonesimulator/GoogleSignIn.build/Objects-normal/arm64/GIDFakeJSONSerializerImpl.o -index-unit-output-path /GoogleSignIn.build/Debug-iphonesimulator/GoogleSignIn.build/Objects-normal/arm64/GIDFakeJSONSerializerImpl.o

CompileC /Users/siam/Library/Developer/Xcode/DerivedData/Lingua_Quest-gvpckrqxtbgyprbgppjfqmimmmfw/Build/Intermediates.noindex/GoogleSignIn.build/Debug-iphonesimulator/GoogleSignIn.build/Objects-normal/arm64/GIDEMMErrorHandler.o /Users/siam/Library/Developer/Xcode/DerivedData/Lingua_Quest-gvpckrqxtbgyprbgppjfqmimmmfw/SourcePackages/checkouts/GoogleSignIn-iOS/GoogleSignIn/Sources/GIDEMMErrorHandler.m normal arm64 objective-c com.apple.compilers.llvm.clang.1_0.compiler (in target 'GoogleSignIn' from project 'GoogleSignIn')
    cd /Users/siam/Desktop/Lingua\ Quest/Lingua\ Quest.xcodeproj
    
    Using response file: /Users/siam/Library/Developer/Xcode/DerivedData/Lingua_Quest-gvpckrqxtbgyprbgppjfqmimmmfw/Build/Intermediates.noindex/GoogleSignIn.build/Debug-iphonesimulator/GoogleSignIn.build/Objects-normal/arm64/e6072d4f65d7061329687fe24e3d63a7-common-args.resp
    
    /Applications/Xcode.app/Contents/Developer/Toolchains/XcodeDefault.xctoolchain/usr/bin/clang -x objective-c -ivfsstatcache /Users/siam/Library/Developer/Xcode/DerivedData/SDKStatCaches.noindex/iphonesimulator26.0-23A339-26257891a6c027eb51374368541b8346.sdkstatcache -fmessage-length\=0 -fdiagnostics-show-note-include-stack -fmacro-backtrace-limit\=0 -fno-color-diagnostics -fmodules-prune-interval\=86400 -fmodules-prune-after\=345600 -fbuild-session-file\=/Users/siam/Library/Developer/Xcode/DerivedData/ModuleCache.noindex/Session.modulevalidation -fmodules-validate-once-per-build-session -Wnon-modular-include-in-framework-module -Werror\=non-modular-include-in-framework-module -Wno-trigraphs -Wno-missing-field-initializers -Wno-missing-prototypes -Wno-return-type -Wno-implicit-atomic-properties -Wno-objc-interface-ivars -Wno-arc-repeated-use-of-weak -Wno-missing-braces -Wparentheses -Wswitch -Wno-unused-function -Wno-unused-label -Wno-unused-parameter -Wno-unused-variable -Wunused-value -Wno-empty-body -Wno-uninitialized -Wno-unknown-pragmas -w -Wno-shadow -Wno-four-char-constants -Wno-conversion -Wno-constant-conversion -Wno-int-conversion -Wno-bool-conversion -Wno-enum-conversion -Wno-float-conversion -Wno-non-literal-null-conversion -Wno-objc-literal-conversion -Wshorten-64-to-32 -Wpointer-sign -Wno-newline-eof -Wno-selector -Wno-strict-selector-match -Wno-undeclared-selector -Wno-deprecated-implementations -Wno-implicit-fallthrough -fstrict-aliasing -Wprotocol -Wdeprecated-declarations -Wno-sign-conversion -Wno-infinite-recursion -Wno-comma -Wno-block-capture-autoreleasing -Wno-strict-prototypes -Wno-semicolon-before-method-body -index-store-path /Users/siam/Library/Developer/Xcode/DerivedData/Lingua_Quest-gvpckrqxtbgyprbgppjfqmimmmfw/Index.noindex/DataStore @/Users/siam/Library/Developer/Xcode/DerivedData/Lingua_Quest-gvpckrqxtbgyprbgppjfqmimmmfw/Build/Intermediates.noindex/GoogleSignIn.build/Debug-iphonesimulator/GoogleSignIn.build/Objects-normal/arm64/e6072d4f65d7061329687fe24e3d63a7-common-args.resp -include /Users/siam/Library/Developer/Xcode/DerivedData/Lingua_Quest-gvpckrqxtbgyprbgppjfqmimmmfw/Build/Intermediates.noindex/GoogleSignIn.build/Debug-iphonesimulator/GoogleSignIn.build/DerivedSources/resource_bundle_accessor.h -MMD -MT dependencies -MF /Users/siam/Library/Developer/Xcode/DerivedData/Lingua_Quest-gvpckrqxtbgyprbgppjfqmimmmfw/Build/Intermediates.noindex/GoogleSignIn.build/Debug-iphonesimulator/GoogleSignIn.build/Objects-normal/arm64/GIDEMMErrorHandler.d --serialize-diagnostics /Users/siam/Library/Developer/Xcode/DerivedData/Lingua_Quest-gvpckrqxtbgyprbgppjfqmimmmfw/Build/Intermediates.noindex/GoogleSignIn.build/Debug-iphonesimulator/GoogleSignIn.build/Objects-normal/arm64/GIDEMMErrorHandler.dia -c /Users/siam/Library/Developer/Xcode/DerivedData/Lingua_Quest-gvpckrqxtbgyprbgppjfqmimmmfw/SourcePackages/checkouts/GoogleSignIn-iOS/GoogleSignIn/Sources/GIDEMMErrorHandler.m -o /Users/siam/Library/Developer/Xcode/DerivedData/Lingua_Quest-gvpckrqxtbgyprbgppjfqmimmmfw/Build/Intermediates.noindex/GoogleSignIn.build/Debug-iphonesimulator/GoogleSignIn.build/Objects-normal/arm64/GIDEMMErrorHandler.o -index-unit-output-path /GoogleSignIn.build/Debug-iphonesimulator/GoogleSignIn.build/Objects-normal/arm64/GIDEMMErrorHandler.o

SwiftDriverJobDiscovery normal x86_64 Compiling ErrorExpression.swift, FunctionExpression.swift, MapExpression.swift, RandomExpression.swift, Score.swift, PipelineExpression.swift (in target 'FirebaseFirestore' from project 'Firebase')

CompileC /Users/siam/Library/Developer/Xcode/DerivedData/Lingua_Quest-gvpckrqxtbgyprbgppjfqmimmmfw/Build/Intermediates.noindex/GoogleSignIn.build/Debug-iphonesimulator/GoogleSignIn.build/Objects-normal/arm64/GIDClaimsInternalOptions.o /Users/siam/Library/Developer/Xcode/DerivedData/Lingua_Quest-gvpckrqxtbgyprbgppjfqmimmmfw/SourcePackages/checkouts/GoogleSignIn-iOS/GoogleSignIn/Sources/GIDClaimsInternalOptions.m normal arm64 objective-c com.apple.compilers.llvm.clang.1_0.compiler (in target 'GoogleSignIn' from project 'GoogleSignIn')
    cd /Users/siam/Desktop/Lingua\ Quest/Lingua\ Quest.xcodeproj
    
    Using response file: /Users/siam/Library/Developer/Xcode/DerivedData/Lingua_Quest-gvpckrqxtbgyprbgppjfqmimmmfw/Build/Intermediates.noindex/GoogleSignIn.build/Debug-iphonesimulator/GoogleSignIn.build/Objects-normal/arm64/e6072d4f65d7061329687fe24e3d63a7-common-args.resp
    
    /Applications/Xcode.app/Contents/Developer/Toolchains/XcodeDefault.xctoolchain/usr/bin/clang -x objective-c -ivfsstatcache /Users/siam/Library/Developer/Xcode/DerivedData/SDKStatCaches.noindex/iphonesimulator26.0-23A339-26257891a6c027eb51374368541b8346.sdkstatcache -fmessage-length\=0 -fdiagnostics-show-note-include-stack -fmacro-backtrace-limit\=0 -fno-color-diagnostics -fmodules-prune-interval\=86400 -fmodules-prune-after\=345600 -fbuild-session-file\=/Users/siam/Library/Developer/Xcode/DerivedData/ModuleCache.noindex/Session.modulevalidation -fmodules-validate-once-per-build-session -Wnon-modular-include-in-framework-module -Werror\=non-modular-include-in-framework-module -Wno-trigraphs -Wno-missing-field-initializers -Wno-missing-prototypes -Wno-return-type -Wno-implicit-atomic-properties -Wno-objc-interface-ivars -Wno-arc-repeated-use-of-weak -Wno-missing-braces -Wparentheses -Wswitch -Wno-unused-function -Wno-unused-label -Wno-unused-parameter -Wno-unused-variable -Wunused-value -Wno-empty-body -Wno-uninitialized -Wno-unknown-pragmas -w -Wno-shadow -Wno-four-char-constants -Wno-conversion -Wno-constant-conversion -Wno-int-conversion -Wno-bool-conversion -Wno-enum-conversion -Wno-float-conversion -Wno-non-literal-null-conversion -Wno-objc-literal-conversion -Wshorten-64-to-32 -Wpointer-sign -Wno-newline-eof -Wno-selector -Wno-strict-selector-match -Wno-undeclared-selector -Wno-deprecated-implementations -Wno-implicit-fallthrough -fstrict-aliasing -Wprotocol -Wdeprecated-declarations -Wno-sign-conversion -Wno-infinite-recursion -Wno-comma -Wno-block-capture-autoreleasing -Wno-strict-prototypes -Wno-semicolon-before-method-body -index-store-path /Users/siam/Library/Developer/Xcode/DerivedData/Lingua_Quest-gvpckrqxtbgyprbgppjfqmimmmfw/Index.noindex/DataStore @/Users/siam/Library/Developer/Xcode/DerivedData/Lingua_Quest-gvpckrqxtbgyprbgppjfqmimmmfw/Build/Intermediates.noindex/GoogleSignIn.build/Debug-iphonesimulator/GoogleSignIn.build/Objects-normal/arm64/e6072d4f65d7061329687fe24e3d63a7-common-args.resp -include /Users/siam/Library/Developer/Xcode/DerivedData/Lingua_Quest-gvpckrqxtbgyprbgppjfqmimmmfw/Build/Intermediates.noindex/GoogleSignIn.build/Debug-iphonesimulator/GoogleSignIn.build/DerivedSources/resource_bundle_accessor.h -MMD -MT dependencies -MF /Users/siam/Library/Developer/Xcode/DerivedData/Lingua_Quest-gvpckrqxtbgyprbgppjfqmimmmfw/Build/Intermediates.noindex/GoogleSignIn.build/Debug-iphonesimulator/GoogleSignIn.build/Objects-normal/arm64/GIDClaimsInternalOptions.d --serialize-diagnostics /Users/siam/Library/Developer/Xcode/DerivedData/Lingua_Quest-gvpckrqxtbgyprbgppjfqmimmmfw/Build/Intermediates.noindex/GoogleSignIn.build/Debug-iphonesimulator/GoogleSignIn.build/Objects-normal/arm64/GIDClaimsInternalOptions.dia -c /Users/siam/Library/Developer/Xcode/DerivedData/Lingua_Quest-gvpckrqxtbgyprbgppjfqmimmmfw/SourcePackages/checkouts/GoogleSignIn-iOS/GoogleSignIn/Sources/GIDClaimsInternalOptions.m -o /Users/siam/Library/Developer/Xcode/DerivedData/Lingua_Quest-gvpckrqxtbgyprbgppjfqmimmmfw/Build/Intermediates.noindex/GoogleSignIn.build/Debug-iphonesimulator/GoogleSignIn.build/Objects-normal/arm64/GIDClaimsInternalOptions.o -index-unit-output-path /GoogleSignIn.build/Debug-iphonesimulator/GoogleSignIn.build/Objects-normal/arm64/GIDClaimsInternalOptions.o

CompileC /Users/siam/Library/Developer/Xcode/DerivedData/Lingua_Quest-gvpckrqxtbgyprbgppjfqmimmmfw/Build/Intermediates.noindex/GoogleSignIn.build/Debug-iphonesimulator/GoogleSignIn.build/Objects-normal/arm64/GIDAppCheck.o /Users/siam/Library/Developer/Xcode/DerivedData/Lingua_Quest-gvpckrqxtbgyprbgppjfqmimmmfw/SourcePackages/checkouts/GoogleSignIn-iOS/GoogleSignIn/Sources/GIDAppCheck/Implementations/GIDAppCheck.m normal arm64 objective-c com.apple.compilers.llvm.clang.1_0.compiler (in target 'GoogleSignIn' from project 'GoogleSignIn')
    cd /Users/siam/Desktop/Lingua\ Quest/Lingua\ Quest.xcodeproj
    
    Using response file: /Users/siam/Library/Developer/Xcode/DerivedData/Lingua_Quest-gvpckrqxtbgyprbgppjfqmimmmfw/Build/Intermediates.noindex/GoogleSignIn.build/Debug-iphonesimulator/GoogleSignIn.build/Objects-normal/arm64/e6072d4f65d7061329687fe24e3d63a7-common-args.resp
    
    /Applications/Xcode.app/Contents/Developer/Toolchains/XcodeDefault.xctoolchain/usr/bin/clang -x objective-c -ivfsstatcache /Users/siam/Library/Developer/Xcode/DerivedData/SDKStatCaches.noindex/iphonesimulator26.0-23A339-26257891a6c027eb51374368541b8346.sdkstatcache -fmessage-length\=0 -fdiagnostics-show-note-include-stack -fmacro-backtrace-limit\=0 -fno-color-diagnostics -fmodules-prune-interval\=86400 -fmodules-prune-after\=345600 -fbuild-session-file\=/Users/siam/Library/Developer/Xcode/DerivedData/ModuleCache.noindex/Session.modulevalidation -fmodules-validate-once-per-build-session -Wnon-modular-include-in-framework-module -Werror\=non-modular-include-in-framework-module -Wno-trigraphs -Wno-missing-field-initializers -Wno-missing-prototypes -Wno-return-type -Wno-implicit-atomic-properties -Wno-objc-interface-ivars -Wno-arc-repeated-use-of-weak -Wno-missing-braces -Wparentheses -Wswitch -Wno-unused-function -Wno-unused-label -Wno-unused-parameter -Wno-unused-variable -Wunused-value -Wno-empty-body -Wno-uninitialized -Wno-unknown-pragmas -w -Wno-shadow -Wno-four-char-constants -Wno-conversion -Wno-constant-conversion -Wno-int-conversion -Wno-bool-conversion -Wno-enum-conversion -Wno-float-conversion -Wno-non-literal-null-conversion -Wno-objc-literal-conversion -Wshorten-64-to-32 -Wpointer-sign -Wno-newline-eof -Wno-selector -Wno-strict-selector-match -Wno-undeclared-selector -Wno-deprecated-implementations -Wno-implicit-fallthrough -fstrict-aliasing -Wprotocol -Wdeprecated-declarations -Wno-sign-conversion -Wno-infinite-recursion -Wno-comma -Wno-block-capture-autoreleasing -Wno-strict-prototypes -Wno-semicolon-before-method-body -index-store-path /Users/siam/Library/Developer/Xcode/DerivedData/Lingua_Quest-gvpckrqxtbgyprbgppjfqmimmmfw/Index.noindex/DataStore @/Users/siam/Library/Developer/Xcode/DerivedData/Lingua_Quest-gvpckrqxtbgyprbgppjfqmimmmfw/Build/Intermediates.noindex/GoogleSignIn.build/Debug-iphonesimulator/GoogleSignIn.build/Objects-normal/arm64/e6072d4f65d7061329687fe24e3d63a7-common-args.resp -include /Users/siam/Library/Developer/Xcode/DerivedData/Lingua_Quest-gvpckrqxtbgyprbgppjfqmimmmfw/Build/Intermediates.noindex/GoogleSignIn.build/Debug-iphonesimulator/GoogleSignIn.build/DerivedSources/resource_bundle_accessor.h -MMD -MT dependencies -MF /Users/siam/Library/Developer/Xcode/DerivedData/Lingua_Quest-gvpckrqxtbgyprbgppjfqmimmmfw/Build/Intermediates.noindex/GoogleSignIn.build/Debug-iphonesimulator/GoogleSignIn.build/Objects-normal/arm64/GIDAppCheck.d --serialize-diagnostics /Users/siam/Library/Developer/Xcode/DerivedData/Lingua_Quest-gvpckrqxtbgyprbgppjfqmimmmfw/Build/Intermediates.noindex/GoogleSignIn.build/Debug-iphonesimulator/GoogleSignIn.build/Objects-normal/arm64/GIDAppCheck.dia -c /Users/siam/Library/Developer/Xcode/DerivedData/Lingua_Quest-gvpckrqxtbgyprbgppjfqmimmmfw/SourcePackages/checkouts/GoogleSignIn-iOS/GoogleSignIn/Sources/GIDAppCheck/Implementations/GIDAppCheck.m -o /Users/siam/Library/Developer/Xcode/DerivedData/Lingua_Quest-gvpckrqxtbgyprbgppjfqmimmmfw/Build/Intermediates.noindex/GoogleSignIn.build/Debug-iphonesimulator/GoogleSignIn.build/Objects-normal/arm64/GIDAppCheck.o -index-unit-output-path /GoogleSignIn.build/Debug-iphonesimulator/GoogleSignIn.build/Objects-normal/arm64/GIDAppCheck.o

CompileC /Users/siam/Library/Developer/Xcode/DerivedData/Lingua_Quest-gvpckrqxtbgyprbgppjfqmimmmfw/Build/Intermediates.noindex/GoogleSignIn.build/Debug-iphonesimulator/GoogleSignIn.build/Objects-normal/arm64/GIDActivityIndicatorViewController.o /Users/siam/Library/Developer/Xcode/DerivedData/Lingua_Quest-gvpckrqxtbgyprbgppjfqmimmmfw/SourcePackages/checkouts/GoogleSignIn-iOS/GoogleSignIn/Sources/GIDAppCheck/UI/GIDActivityIndicatorViewController.m normal arm64 objective-c com.apple.compilers.llvm.clang.1_0.compiler (in target 'GoogleSignIn' from project 'GoogleSignIn')
    cd /Users/siam/Desktop/Lingua\ Quest/Lingua\ Quest.xcodeproj
    
    Using response file: /Users/siam/Library/Developer/Xcode/DerivedData/Lingua_Quest-gvpckrqxtbgyprbgppjfqmimmmfw/Build/Intermediates.noindex/GoogleSignIn.build/Debug-iphonesimulator/GoogleSignIn.build/Objects-normal/arm64/e6072d4f65d7061329687fe24e3d63a7-common-args.resp
    
    /Applications/Xcode.app/Contents/Developer/Toolchains/XcodeDefault.xctoolchain/usr/bin/clang -x objective-c -ivfsstatcache /Users/siam/Library/Developer/Xcode/DerivedData/SDKStatCaches.noindex/iphonesimulator26.0-23A339-26257891a6c027eb51374368541b8346.sdkstatcache -fmessage-length\=0 -fdiagnostics-show-note-include-stack -fmacro-backtrace-limit\=0 -fno-color-diagnostics -fmodules-prune-interval\=86400 -fmodules-prune-after\=345600 -fbuild-session-file\=/Users/siam/Library/Developer/Xcode/DerivedData/ModuleCache.noindex/Session.modulevalidation -fmodules-validate-once-per-build-session -Wnon-modular-include-in-framework-module -Werror\=non-modular-include-in-framework-module -Wno-trigraphs -Wno-missing-field-initializers -Wno-missing-prototypes -Wno-return-type -Wno-implicit-atomic-properties -Wno-objc-interface-ivars -Wno-arc-repeated-use-of-weak -Wno-missing-braces -Wparentheses -Wswitch -Wno-unused-function -Wno-unused-label -Wno-unused-parameter -Wno-unused-variable -Wunused-value -Wno-empty-body -Wno-uninitialized -Wno-unknown-pragmas -w -Wno-shadow -Wno-four-char-constants -Wno-conversion -Wno-constant-conversion -Wno-int-conversion -Wno-bool-conversion -Wno-enum-conversion -Wno-float-conversion -Wno-non-literal-null-conversion -Wno-objc-literal-conversion -Wshorten-64-to-32 -Wpointer-sign -Wno-newline-eof -Wno-selector -Wno-strict-selector-match -Wno-undeclared-selector -Wno-deprecated-implementations -Wno-implicit-fallthrough -fstrict-aliasing -Wprotocol -Wdeprecated-declarations -Wno-sign-conversion -Wno-infinite-recursion -Wno-comma -Wno-block-capture-autoreleasing -Wno-strict-prototypes -Wno-semicolon-before-method-body -index-store-path /Users/siam/Library/Developer/Xcode/DerivedData/Lingua_Quest-gvpckrqxtbgyprbgppjfqmimmmfw/Index.noindex/DataStore @/Users/siam/Library/Developer/Xcode/DerivedData/Lingua_Quest-gvpckrqxtbgyprbgppjfqmimmmfw/Build/Intermediates.noindex/GoogleSignIn.build/Debug-iphonesimulator/GoogleSignIn.build/Objects-normal/arm64/e6072d4f65d7061329687fe24e3d63a7-common-args.resp -include /Users/siam/Library/Developer/Xcode/DerivedData/Lingua_Quest-gvpckrqxtbgyprbgppjfqmimmmfw/Build/Intermediates.noindex/GoogleSignIn.build/Debug-iphonesimulator/GoogleSignIn.build/DerivedSources/resource_bundle_accessor.h -MMD -MT dependencies -MF /Users/siam/Library/Developer/Xcode/DerivedData/Lingua_Quest-gvpckrqxtbgyprbgppjfqmimmmfw/Build/Intermediates.noindex/GoogleSignIn.build/Debug-iphonesimulator/GoogleSignIn.build/Objects-normal/arm64/GIDActivityIndicatorViewController.d --serialize-diagnostics /Users/siam/Library/Developer/Xcode/DerivedData/Lingua_Quest-gvpckrqxtbgyprbgppjfqmimmmfw/Build/Intermediates.noindex/GoogleSignIn.build/Debug-iphonesimulator/GoogleSignIn.build/Objects-normal/arm64/GIDActivityIndicatorViewController.dia -c /Users/siam/Library/Developer/Xcode/DerivedData/Lingua_Quest-gvpckrqxtbgyprbgppjfqmimmmfw/SourcePackages/checkouts/GoogleSignIn-iOS/GoogleSignIn/Sources/GIDAppCheck/UI/GIDActivityIndicatorViewController.m -o /Users/siam/Library/Developer/Xcode/DerivedData/Lingua_Quest-gvpckrqxtbgyprbgppjfqmimmmfw/Build/Intermediates.noindex/GoogleSignIn.build/Debug-iphonesimulator/GoogleSignIn.build/Objects-normal/arm64/GIDActivityIndicatorViewController.o -index-unit-output-path /GoogleSignIn.build/Debug-iphonesimulator/GoogleSignIn.build/Objects-normal/arm64/GIDActivityIndicatorViewController.o

PrecompileModule /Users/siam/Library/Developer/Xcode/DerivedData/Lingua_Quest-gvpckrqxtbgyprbgppjfqmimmmfw/Build/Intermediates.noindex/ExplicitPrecompiledModules/GTMSessionFetcherCore-7BRMMWJ704N60IAQYLRD8E8TQ.scan
    cd /
    builtin-precompileModule /Users/siam/Library/Developer/Xcode/DerivedData/Lingua_Quest-gvpckrqxtbgyprbgppjfqmimmmfw/Build/Intermediates.noindex/ExplicitPrecompiledModules/GTMSessionFetcherCore-7BRMMWJ704N60IAQYLRD8E8TQ.scan

PrecompileModule /Users/siam/Library/Developer/Xcode/DerivedData/Lingua_Quest-gvpckrqxtbgyprbgppjfqmimmmfw/Build/Intermediates.noindex/ExplicitPrecompiledModules/AppAuth-89HUPMXABEQQG42ZWG1EN0Q61.scan
    cd /
    builtin-precompileModule /Users/siam/Library/Developer/Xcode/DerivedData/Lingua_Quest-gvpckrqxtbgyprbgppjfqmimmmfw/Build/Intermediates.noindex/ExplicitPrecompiledModules/AppAuth-89HUPMXABEQQG42ZWG1EN0Q61.scan

SwiftDriverJobDiscovery normal x86_64 Compiling Timestamp+Codable.swift, TimestampDecodingStrategy.swift, TimestampEncodingStrategy.swift, Transaction+WriteEncodable.swift, VectorValue+Codable.swift, WriteBatch+WriteEncodable.swift (in target 'FirebaseFirestore' from project 'Firebase')

SwiftCompile normal x86_64 Compiling\ resource_bundle_accessor.swift,\ CollectionReference+AsyncAwait.swift,\ DocumentReference+AsyncSequence.swift,\ Firestore+AsyncAwait.swift,\ Query+AsyncSequence.swift,\ CodableErrors.swift /Users/siam/Library/Developer/Xcode/DerivedData/Lingua_Quest-gvpckrqxtbgyprbgppjfqmimmmfw/Build/Intermediates.noindex/Firebase.build/Debug-iphonesimulator/FirebaseFirestore.build/DerivedSources/resource_bundle_accessor.swift /Users/siam/Library/Developer/Xcode/DerivedData/Lingua_Quest-gvpckrqxtbgyprbgppjfqmimmmfw/SourcePackages/checkouts/firebase-ios-sdk/Firestore/Swift/Source/AsyncAwait/CollectionReference+AsyncAwait.swift /Users/siam/Library/Developer/Xcode/DerivedData/Lingua_Quest-gvpckrqxtbgyprbgppjfqmimmmfw/SourcePackages/checkouts/firebase-ios-sdk/Firestore/Swift/Source/AsyncAwait/DocumentReference+AsyncSequence.swift /Users/siam/Library/Developer/Xcode/DerivedData/Lingua_Quest-gvpckrqxtbgyprbgppjfqmimmmfw/SourcePackages/checkouts/firebase-ios-sdk/Firestore/Swift/Source/AsyncAwait/Firestore+AsyncAwait.swift /Users/siam/Library/Developer/Xcode/DerivedData/Lingua_Quest-gvpckrqxtbgyprbgppjfqmimmmfw/SourcePackages/checkouts/firebase-ios-sdk/Firestore/Swift/Source/AsyncAwait/Query+AsyncSequence.swift /Users/siam/Library/Developer/Xcode/DerivedData/Lingua_Quest-gvpckrqxtbgyprbgppjfqmimmmfw/SourcePackages/checkouts/firebase-ios-sdk/Firestore/Swift/Source/Codable/CodableErrors.swift (in target 'FirebaseFirestore' from project 'Firebase')

SwiftCompile normal x86_64 /Users/siam/Library/Developer/Xcode/DerivedData/Lingua_Quest-gvpckrqxtbgyprbgppjfqmimmmfw/Build/Intermediates.noindex/Firebase.build/Debug-iphonesimulator/FirebaseFirestore.build/DerivedSources/resource_bundle_accessor.swift (in target 'FirebaseFirestore' from project 'Firebase')
    cd /Users/siam/Desktop/Lingua\ Quest/Lingua\ Quest.xcodeproj
    

SwiftCompile normal x86_64 /Users/siam/Library/Developer/Xcode/DerivedData/Lingua_Quest-gvpckrqxtbgyprbgppjfqmimmmfw/SourcePackages/checkouts/firebase-ios-sdk/Firestore/Swift/Source/AsyncAwait/CollectionReference+AsyncAwait.swift (in target 'FirebaseFirestore' from project 'Firebase')
    cd /Users/siam/Desktop/Lingua\ Quest/Lingua\ Quest.xcodeproj
    

SwiftCompile normal x86_64 /Users/siam/Library/Developer/Xcode/DerivedData/Lingua_Quest-gvpckrqxtbgyprbgppjfqmimmmfw/SourcePackages/checkouts/firebase-ios-sdk/Firestore/Swift/Source/AsyncAwait/DocumentReference+AsyncSequence.swift (in target 'FirebaseFirestore' from project 'Firebase')
    cd /Users/siam/Desktop/Lingua\ Quest/Lingua\ Quest.xcodeproj
    

SwiftCompile normal x86_64 /Users/siam/Library/Developer/Xcode/DerivedData/Lingua_Quest-gvpckrqxtbgyprbgppjfqmimmmfw/SourcePackages/checkouts/firebase-ios-sdk/Firestore/Swift/Source/AsyncAwait/Firestore+AsyncAwait.swift (in target 'FirebaseFirestore' from project 'Firebase')
    cd /Users/siam/Desktop/Lingua\ Quest/Lingua\ Quest.xcodeproj
    

SwiftCompile normal x86_64 /Users/siam/Library/Developer/Xcode/DerivedData/Lingua_Quest-gvpckrqxtbgyprbgppjfqmimmmfw/SourcePackages/checkouts/firebase-ios-sdk/Firestore/Swift/Source/AsyncAwait/Query+AsyncSequence.swift (in target 'FirebaseFirestore' from project 'Firebase')
    cd /Users/siam/Desktop/Lingua\ Quest/Lingua\ Quest.xcodeproj
    

SwiftCompile normal x86_64 /Users/siam/Library/Developer/Xcode/DerivedData/Lingua_Quest-gvpckrqxtbgyprbgppjfqmimmmfw/SourcePackages/checkouts/firebase-ios-sdk/Firestore/Swift/Source/Codable/CodableErrors.swift (in target 'FirebaseFirestore' from project 'Firebase')
    cd /Users/siam/Desktop/Lingua\ Quest/Lingua\ Quest.xcodeproj
    

SwiftCompile normal x86_64 Compiling\ DocumentSnapshot+ReadDecodable.swift,\ EncoderDecoder.swift,\ ExplicitNull.swift,\ FieldValue+Encodable.swift,\ GeoPoint+Codable.swift,\ ServerTimestamp.swift /Users/siam/Library/Developer/Xcode/DerivedData/Lingua_Quest-gvpckrqxtbgyprbgppjfqmimmmfw/SourcePackages/checkouts/firebase-ios-sdk/Firestore/Swift/Source/Codable/DocumentSnapshot+ReadDecodable.swift /Users/siam/Library/Developer/Xcode/DerivedData/Lingua_Quest-gvpckrqxtbgyprbgppjfqmimmmfw/SourcePackages/checkouts/firebase-ios-sdk/Firestore/Swift/Source/Codable/EncoderDecoder.swift /Users/siam/Library/Developer/Xcode/DerivedData/Lingua_Quest-gvpckrqxtbgyprbgppjfqmimmmfw/SourcePackages/checkouts/firebase-ios-sdk/Firestore/Swift/Source/Codable/ExplicitNull.swift /Users/siam/Library/Developer/Xcode/DerivedData/Lingua_Quest-gvpckrqxtbgyprbgppjfqmimmmfw/SourcePackages/checkouts/firebase-ios-sdk/Firestore/Swift/Source/Codable/FieldValue+Encodable.swift /Users/siam/Library/Developer/Xcode/DerivedData/Lingua_Quest-gvpckrqxtbgyprbgppjfqmimmmfw/SourcePackages/checkouts/firebase-ios-sdk/Firestore/Swift/Source/Codable/GeoPoint+Codable.swift /Users/siam/Library/Developer/Xcode/DerivedData/Lingua_Quest-gvpckrqxtbgyprbgppjfqmimmmfw/SourcePackages/checkouts/firebase-ios-sdk/Firestore/Swift/Source/Codable/ServerTimestamp.swift (in target 'FirebaseFirestore' from project 'Firebase')

SwiftCompile normal x86_64 /Users/siam/Library/Developer/Xcode/DerivedData/Lingua_Quest-gvpckrqxtbgyprbgppjfqmimmmfw/SourcePackages/checkouts/firebase-ios-sdk/Firestore/Swift/Source/Codable/DocumentSnapshot+ReadDecodable.swift (in target 'FirebaseFirestore' from project 'Firebase')
    cd /Users/siam/Desktop/Lingua\ Quest/Lingua\ Quest.xcodeproj
    

SwiftCompile normal x86_64 /Users/siam/Library/Developer/Xcode/DerivedData/Lingua_Quest-gvpckrqxtbgyprbgppjfqmimmmfw/SourcePackages/checkouts/firebase-ios-sdk/Firestore/Swift/Source/Codable/EncoderDecoder.swift (in target 'FirebaseFirestore' from project 'Firebase')
    cd /Users/siam/Desktop/Lingua\ Quest/Lingua\ Quest.xcodeproj
    

SwiftCompile normal x86_64 /Users/siam/Library/Developer/Xcode/DerivedData/Lingua_Quest-gvpckrqxtbgyprbgppjfqmimmmfw/SourcePackages/checkouts/firebase-ios-sdk/Firestore/Swift/Source/Codable/ExplicitNull.swift (in target 'FirebaseFirestore' from project 'Firebase')
    cd /Users/siam/Desktop/Lingua\ Quest/Lingua\ Quest.xcodeproj
    

SwiftCompile normal x86_64 /Users/siam/Library/Developer/Xcode/DerivedData/Lingua_Quest-gvpckrqxtbgyprbgppjfqmimmmfw/SourcePackages/checkouts/firebase-ios-sdk/Firestore/Swift/Source/Codable/FieldValue+Encodable.swift (in target 'FirebaseFirestore' from project 'Firebase')
    cd /Users/siam/Desktop/Lingua\ Quest/Lingua\ Quest.xcodeproj
    

SwiftCompile normal x86_64 /Users/siam/Library/Developer/Xcode/DerivedData/Lingua_Quest-gvpckrqxtbgyprbgppjfqmimmmfw/SourcePackages/checkouts/firebase-ios-sdk/Firestore/Swift/Source/Codable/GeoPoint+Codable.swift (in target 'FirebaseFirestore' from project 'Firebase')
    cd /Users/siam/Desktop/Lingua\ Quest/Lingua\ Quest.xcodeproj
    

SwiftCompile normal x86_64 /Users/siam/Library/Developer/Xcode/DerivedData/Lingua_Quest-gvpckrqxtbgyprbgppjfqmimmmfw/SourcePackages/checkouts/firebase-ios-sdk/Firestore/Swift/Source/Codable/ServerTimestamp.swift (in target 'FirebaseFirestore' from project 'Firebase')
    cd /Users/siam/Desktop/Lingua\ Quest/Lingua\ Quest.xcodeproj
    

SwiftCompile normal x86_64 Compiling\ TimeGranularity.swift,\ TimePart.swift,\ TimeUnit.swift,\ VectorValue+Swift.swift,\ SwiftHeaderWorkaround.swift /Users/siam/Library/Developer/Xcode/DerivedData/Lingua_Quest-gvpckrqxtbgyprbgppjfqmimmmfw/SourcePackages/checkouts/firebase-ios-sdk/Firestore/Swift/Source/SwiftAPI/Pipeline/TimeGranularity.swift /Users/siam/Library/Developer/Xcode/DerivedData/Lingua_Quest-gvpckrqxtbgyprbgppjfqmimmmfw/SourcePackages/checkouts/firebase-ios-sdk/Firestore/Swift/Source/SwiftAPI/Pipeline/TimePart.swift /Users/siam/Library/Developer/Xcode/DerivedData/Lingua_Quest-gvpckrqxtbgyprbgppjfqmimmmfw/SourcePackages/checkouts/firebase-ios-sdk/Firestore/Swift/Source/SwiftAPI/Pipeline/TimeUnit.swift /Users/siam/Library/Developer/Xcode/DerivedData/Lingua_Quest-gvpckrqxtbgyprbgppjfqmimmmfw/SourcePackages/checkouts/firebase-ios-sdk/Firestore/Swift/Source/SwiftAPI/VectorValue+Swift.swift /Users/siam/Library/Developer/Xcode/DerivedData/Lingua_Quest-gvpckrqxtbgyprbgppjfqmimmmfw/SourcePackages/checkouts/firebase-ios-sdk/Firestore/Swift/Source/SwiftHeaderWorkaround.swift (in target 'FirebaseFirestore' from project 'Firebase')

SwiftCompile normal x86_64 /Users/siam/Library/Developer/Xcode/DerivedData/Lingua_Quest-gvpckrqxtbgyprbgppjfqmimmmfw/SourcePackages/checkouts/firebase-ios-sdk/Firestore/Swift/Source/SwiftAPI/Pipeline/TimeGranularity.swift (in target 'FirebaseFirestore' from project 'Firebase')
    cd /Users/siam/Desktop/Lingua\ Quest/Lingua\ Quest.xcodeproj
    

SwiftCompile normal x86_64 /Users/siam/Library/Developer/Xcode/DerivedData/Lingua_Quest-gvpckrqxtbgyprbgppjfqmimmmfw/SourcePackages/checkouts/firebase-ios-sdk/Firestore/Swift/Source/SwiftAPI/Pipeline/TimePart.swift (in target 'FirebaseFirestore' from project 'Firebase')
    cd /Users/siam/Desktop/Lingua\ Quest/Lingua\ Quest.xcodeproj
    

SwiftCompile normal x86_64 /Users/siam/Library/Developer/Xcode/DerivedData/Lingua_Quest-gvpckrqxtbgyprbgppjfqmimmmfw/SourcePackages/checkouts/firebase-ios-sdk/Firestore/Swift/Source/SwiftAPI/Pipeline/TimeUnit.swift (in target 'FirebaseFirestore' from project 'Firebase')
    cd /Users/siam/Desktop/Lingua\ Quest/Lingua\ Quest.xcodeproj
    

SwiftCompile normal x86_64 /Users/siam/Library/Developer/Xcode/DerivedData/Lingua_Quest-gvpckrqxtbgyprbgppjfqmimmmfw/SourcePackages/checkouts/firebase-ios-sdk/Firestore/Swift/Source/SwiftAPI/VectorValue+Swift.swift (in target 'FirebaseFirestore' from project 'Firebase')
    cd /Users/siam/Desktop/Lingua\ Quest/Lingua\ Quest.xcodeproj
    

SwiftCompile normal x86_64 /Users/siam/Library/Developer/Xcode/DerivedData/Lingua_Quest-gvpckrqxtbgyprbgppjfqmimmmfw/SourcePackages/checkouts/firebase-ios-sdk/Firestore/Swift/Source/SwiftHeaderWorkaround.swift (in target 'FirebaseFirestore' from project 'Firebase')
    cd /Users/siam/Desktop/Lingua\ Quest/Lingua\ Quest.xcodeproj
    

SwiftCompile normal arm64 Compiling\ TimeGranularity.swift,\ TimePart.swift,\ TimeUnit.swift,\ VectorValue+Swift.swift,\ SwiftHeaderWorkaround.swift /Users/siam/Library/Developer/Xcode/DerivedData/Lingua_Quest-gvpckrqxtbgyprbgppjfqmimmmfw/SourcePackages/checkouts/firebase-ios-sdk/Firestore/Swift/Source/SwiftAPI/Pipeline/TimeGranularity.swift /Users/siam/Library/Developer/Xcode/DerivedData/Lingua_Quest-gvpckrqxtbgyprbgppjfqmimmmfw/SourcePackages/checkouts/firebase-ios-sdk/Firestore/Swift/Source/SwiftAPI/Pipeline/TimePart.swift /Users/siam/Library/Developer/Xcode/DerivedData/Lingua_Quest-gvpckrqxtbgyprbgppjfqmimmmfw/SourcePackages/checkouts/firebase-ios-sdk/Firestore/Swift/Source/SwiftAPI/Pipeline/TimeUnit.swift /Users/siam/Library/Developer/Xcode/DerivedData/Lingua_Quest-gvpckrqxtbgyprbgppjfqmimmmfw/SourcePackages/checkouts/firebase-ios-sdk/Firestore/Swift/Source/SwiftAPI/VectorValue+Swift.swift /Users/siam/Library/Developer/Xcode/DerivedData/Lingua_Quest-gvpckrqxtbgyprbgppjfqmimmmfw/SourcePackages/checkouts/firebase-ios-sdk/Firestore/Swift/Source/SwiftHeaderWorkaround.swift (in target 'FirebaseFirestore' from project 'Firebase')

SwiftCompile normal arm64 /Users/siam/Library/Developer/Xcode/DerivedData/Lingua_Quest-gvpckrqxtbgyprbgppjfqmimmmfw/SourcePackages/checkouts/firebase-ios-sdk/Firestore/Swift/Source/SwiftAPI/Pipeline/TimeGranularity.swift (in target 'FirebaseFirestore' from project 'Firebase')
    cd /Users/siam/Desktop/Lingua\ Quest/Lingua\ Quest.xcodeproj
    

SwiftCompile normal arm64 /Users/siam/Library/Developer/Xcode/DerivedData/Lingua_Quest-gvpckrqxtbgyprbgppjfqmimmmfw/SourcePackages/checkouts/firebase-ios-sdk/Firestore/Swift/Source/SwiftAPI/Pipeline/TimePart.swift (in target 'FirebaseFirestore' from project 'Firebase')
    cd /Users/siam/Desktop/Lingua\ Quest/Lingua\ Quest.xcodeproj
    

SwiftCompile normal arm64 /Users/siam/Library/Developer/Xcode/DerivedData/Lingua_Quest-gvpckrqxtbgyprbgppjfqmimmmfw/SourcePackages/checkouts/firebase-ios-sdk/Firestore/Swift/Source/SwiftAPI/Pipeline/TimeUnit.swift (in target 'FirebaseFirestore' from project 'Firebase')
    cd /Users/siam/Desktop/Lingua\ Quest/Lingua\ Quest.xcodeproj
    

SwiftCompile normal arm64 /Users/siam/Library/Developer/Xcode/DerivedData/Lingua_Quest-gvpckrqxtbgyprbgppjfqmimmmfw/SourcePackages/checkouts/firebase-ios-sdk/Firestore/Swift/Source/SwiftAPI/VectorValue+Swift.swift (in target 'FirebaseFirestore' from project 'Firebase')
    cd /Users/siam/Desktop/Lingua\ Quest/Lingua\ Quest.xcodeproj
    

SwiftCompile normal arm64 /Users/siam/Library/Developer/Xcode/DerivedData/Lingua_Quest-gvpckrqxtbgyprbgppjfqmimmmfw/SourcePackages/checkouts/firebase-ios-sdk/Firestore/Swift/Source/SwiftHeaderWorkaround.swift (in target 'FirebaseFirestore' from project 'Firebase')
    cd /Users/siam/Desktop/Lingua\ Quest/Lingua\ Quest.xcodeproj
    

CompileC /Users/siam/Library/Developer/Xcode/DerivedData/Lingua_Quest-gvpckrqxtbgyprbgppjfqmimmmfw/Build/Intermediates.noindex/GoogleSignIn.build/Debug-iphonesimulator/GoogleSignIn.build/Objects-normal/arm64/GIDSignInResult.o /Users/siam/Library/Developer/Xcode/DerivedData/Lingua_Quest-gvpckrqxtbgyprbgppjfqmimmmfw/SourcePackages/checkouts/GoogleSignIn-iOS/GoogleSignIn/Sources/GIDSignInResult.m normal arm64 objective-c com.apple.compilers.llvm.clang.1_0.compiler (in target 'GoogleSignIn' from project 'GoogleSignIn')
    cd /Users/siam/Desktop/Lingua\ Quest/Lingua\ Quest.xcodeproj
    
    Using response file: /Users/siam/Library/Developer/Xcode/DerivedData/Lingua_Quest-gvpckrqxtbgyprbgppjfqmimmmfw/Build/Intermediates.noindex/GoogleSignIn.build/Debug-iphonesimulator/GoogleSignIn.build/Objects-normal/arm64/e6072d4f65d7061329687fe24e3d63a7-common-args.resp
    
    /Applications/Xcode.app/Contents/Developer/Toolchains/XcodeDefault.xctoolchain/usr/bin/clang -x objective-c -ivfsstatcache /Users/siam/Library/Developer/Xcode/DerivedData/SDKStatCaches.noindex/iphonesimulator26.0-23A339-26257891a6c027eb51374368541b8346.sdkstatcache -fmessage-length\=0 -fdiagnostics-show-note-include-stack -fmacro-backtrace-limit\=0 -fno-color-diagnostics -fmodules-prune-interval\=86400 -fmodules-prune-after\=345600 -fbuild-session-file\=/Users/siam/Library/Developer/Xcode/DerivedData/ModuleCache.noindex/Session.modulevalidation -fmodules-validate-once-per-build-session -Wnon-modular-include-in-framework-module -Werror\=non-modular-include-in-framework-module -Wno-trigraphs -Wno-missing-field-initializers -Wno-missing-prototypes -Wno-return-type -Wno-implicit-atomic-properties -Wno-objc-interface-ivars -Wno-arc-repeated-use-of-weak -Wno-missing-braces -Wparentheses -Wswitch -Wno-unused-function -Wno-unused-label -Wno-unused-parameter -Wno-unused-variable -Wunused-value -Wno-empty-body -Wno-uninitialized -Wno-unknown-pragmas -w -Wno-shadow -Wno-four-char-constants -Wno-conversion -Wno-constant-conversion -Wno-int-conversion -Wno-bool-conversion -Wno-enum-conversion -Wno-float-conversion -Wno-non-literal-null-conversion -Wno-objc-literal-conversion -Wshorten-64-to-32 -Wpointer-sign -Wno-newline-eof -Wno-selector -Wno-strict-selector-match -Wno-undeclared-selector -Wno-deprecated-implementations -Wno-implicit-fallthrough -fstrict-aliasing -Wprotocol -Wdeprecated-declarations -Wno-sign-conversion -Wno-infinite-recursion -Wno-comma -Wno-block-capture-autoreleasing -Wno-strict-prototypes -Wno-semicolon-before-method-body -index-store-path /Users/siam/Library/Developer/Xcode/DerivedData/Lingua_Quest-gvpckrqxtbgyprbgppjfqmimmmfw/Index.noindex/DataStore @/Users/siam/Library/Developer/Xcode/DerivedData/Lingua_Quest-gvpckrqxtbgyprbgppjfqmimmmfw/Build/Intermediates.noindex/GoogleSignIn.build/Debug-iphonesimulator/GoogleSignIn.build/Objects-normal/arm64/e6072d4f65d7061329687fe24e3d63a7-common-args.resp -include /Users/siam/Library/Developer/Xcode/DerivedData/Lingua_Quest-gvpckrqxtbgyprbgppjfqmimmmfw/Build/Intermediates.noindex/GoogleSignIn.build/Debug-iphonesimulator/GoogleSignIn.build/DerivedSources/resource_bundle_accessor.h -MMD -MT dependencies -MF /Users/siam/Library/Developer/Xcode/DerivedData/Lingua_Quest-gvpckrqxtbgyprbgppjfqmimmmfw/Build/Intermediates.noindex/GoogleSignIn.build/Debug-iphonesimulator/GoogleSignIn.build/Objects-normal/arm64/GIDSignInResult.d --serialize-diagnostics /Users/siam/Library/Developer/Xcode/DerivedData/Lingua_Quest-gvpckrqxtbgyprbgppjfqmimmmfw/Build/Intermediates.noindex/GoogleSignIn.build/Debug-iphonesimulator/GoogleSignIn.build/Objects-normal/arm64/GIDSignInResult.dia -c /Users/siam/Library/Developer/Xcode/DerivedData/Lingua_Quest-gvpckrqxtbgyprbgppjfqmimmmfw/SourcePackages/checkouts/GoogleSignIn-iOS/GoogleSignIn/Sources/GIDSignInResult.m -o /Users/siam/Library/Developer/Xcode/DerivedData/Lingua_Quest-gvpckrqxtbgyprbgppjfqmimmmfw/Build/Intermediates.noindex/GoogleSignIn.build/Debug-iphonesimulator/GoogleSignIn.build/Objects-normal/arm64/GIDSignInResult.o -index-unit-output-path /GoogleSignIn.build/Debug-iphonesimulator/GoogleSignIn.build/Objects-normal/arm64/GIDSignInResult.o

PrecompileModule /Users/siam/Library/Developer/Xcode/DerivedData/Lingua_Quest-gvpckrqxtbgyprbgppjfqmimmmfw/Build/Intermediates.noindex/ExplicitPrecompiledModules/GTMAppAuth-1I9VK55FAOXU85VUKBW7OK22K.scan
    cd /
    builtin-precompileModule /Users/siam/Library/Developer/Xcode/DerivedData/Lingua_Quest-gvpckrqxtbgyprbgppjfqmimmmfw/Build/Intermediates.noindex/ExplicitPrecompiledModules/GTMAppAuth-1I9VK55FAOXU85VUKBW7OK22K.scan

CompileC /Users/siam/Library/Developer/Xcode/DerivedData/Lingua_Quest-gvpckrqxtbgyprbgppjfqmimmmfw/Build/Intermediates.noindex/GoogleSignIn.build/Debug-iphonesimulator/GoogleSignIn.build/Objects-normal/arm64/GIDAuthentication.o /Users/siam/Library/Developer/Xcode/DerivedData/Lingua_Quest-gvpckrqxtbgyprbgppjfqmimmmfw/SourcePackages/checkouts/GoogleSignIn-iOS/GoogleSignIn/Sources/GIDAuthentication.m normal arm64 objective-c com.apple.compilers.llvm.clang.1_0.compiler (in target 'GoogleSignIn' from project 'GoogleSignIn')
    cd /Users/siam/Desktop/Lingua\ Quest/Lingua\ Quest.xcodeproj
    
    Using response file: /Users/siam/Library/Developer/Xcode/DerivedData/Lingua_Quest-gvpckrqxtbgyprbgppjfqmimmmfw/Build/Intermediates.noindex/GoogleSignIn.build/Debug-iphonesimulator/GoogleSignIn.build/Objects-normal/arm64/e6072d4f65d7061329687fe24e3d63a7-common-args.resp
    
    /Applications/Xcode.app/Contents/Developer/Toolchains/XcodeDefault.xctoolchain/usr/bin/clang -x objective-c -ivfsstatcache /Users/siam/Library/Developer/Xcode/DerivedData/SDKStatCaches.noindex/iphonesimulator26.0-23A339-26257891a6c027eb51374368541b8346.sdkstatcache -fmessage-length\=0 -fdiagnostics-show-note-include-stack -fmacro-backtrace-limit\=0 -fno-color-diagnostics -fmodules-prune-interval\=86400 -fmodules-prune-after\=345600 -fbuild-session-file\=/Users/siam/Library/Developer/Xcode/DerivedData/ModuleCache.noindex/Session.modulevalidation -fmodules-validate-once-per-build-session -Wnon-modular-include-in-framework-module -Werror\=non-modular-include-in-framework-module -Wno-trigraphs -Wno-missing-field-initializers -Wno-missing-prototypes -Wno-return-type -Wno-implicit-atomic-properties -Wno-objc-interface-ivars -Wno-arc-repeated-use-of-weak -Wno-missing-braces -Wparentheses -Wswitch -Wno-unused-function -Wno-unused-label -Wno-unused-parameter -Wno-unused-variable -Wunused-value -Wno-empty-body -Wno-uninitialized -Wno-unknown-pragmas -w -Wno-shadow -Wno-four-char-constants -Wno-conversion -Wno-constant-conversion -Wno-int-conversion -Wno-bool-conversion -Wno-enum-conversion -Wno-float-conversion -Wno-non-literal-null-conversion -Wno-objc-literal-conversion -Wshorten-64-to-32 -Wpointer-sign -Wno-newline-eof -Wno-selector -Wno-strict-selector-match -Wno-undeclared-selector -Wno-deprecated-implementations -Wno-implicit-fallthrough -fstrict-aliasing -Wprotocol -Wdeprecated-declarations -Wno-sign-conversion -Wno-infinite-recursion -Wno-comma -Wno-block-capture-autoreleasing -Wno-strict-prototypes -Wno-semicolon-before-method-body -index-store-path /Users/siam/Library/Developer/Xcode/DerivedData/Lingua_Quest-gvpckrqxtbgyprbgppjfqmimmmfw/Index.noindex/DataStore @/Users/siam/Library/Developer/Xcode/DerivedData/Lingua_Quest-gvpckrqxtbgyprbgppjfqmimmmfw/Build/Intermediates.noindex/GoogleSignIn.build/Debug-iphonesimulator/GoogleSignIn.build/Objects-normal/arm64/e6072d4f65d7061329687fe24e3d63a7-common-args.resp -include /Users/siam/Library/Developer/Xcode/DerivedData/Lingua_Quest-gvpckrqxtbgyprbgppjfqmimmmfw/Build/Intermediates.noindex/GoogleSignIn.build/Debug-iphonesimulator/GoogleSignIn.build/DerivedSources/resource_bundle_accessor.h -MMD -MT dependencies -MF /Users/siam/Library/Developer/Xcode/DerivedData/Lingua_Quest-gvpckrqxtbgyprbgppjfqmimmmfw/Build/Intermediates.noindex/GoogleSignIn.build/Debug-iphonesimulator/GoogleSignIn.build/Objects-normal/arm64/GIDAuthentication.d --serialize-diagnostics /Users/siam/Library/Developer/Xcode/DerivedData/Lingua_Quest-gvpckrqxtbgyprbgppjfqmimmmfw/Build/Intermediates.noindex/GoogleSignIn.build/Debug-iphonesimulator/GoogleSignIn.build/Objects-normal/arm64/GIDAuthentication.dia -c /Users/siam/Library/Developer/Xcode/DerivedData/Lingua_Quest-gvpckrqxtbgyprbgppjfqmimmmfw/SourcePackages/checkouts/GoogleSignIn-iOS/GoogleSignIn/Sources/GIDAuthentication.m -o /Users/siam/Library/Developer/Xcode/DerivedData/Lingua_Quest-gvpckrqxtbgyprbgppjfqmimmmfw/Build/Intermediates.noindex/GoogleSignIn.build/Debug-iphonesimulator/GoogleSignIn.build/Objects-normal/arm64/GIDAuthentication.o -index-unit-output-path /GoogleSignIn.build/Debug-iphonesimulator/GoogleSignIn.build/Objects-normal/arm64/GIDAuthentication.o

SwiftCompile normal arm64 Compiling\ QueryEnhancement.swift,\ RealtimePipeline.swift,\ RealtimePipelineSource.swift,\ Selectable.swift,\ Subcollection.swift /Users/siam/Library/Developer/Xcode/DerivedData/Lingua_Quest-gvpckrqxtbgyprbgppjfqmimmmfw/SourcePackages/checkouts/firebase-ios-sdk/Firestore/Swift/Source/SwiftAPI/Pipeline/QueryEnhancement.swift /Users/siam/Library/Developer/Xcode/DerivedData/Lingua_Quest-gvpckrqxtbgyprbgppjfqmimmmfw/SourcePackages/checkouts/firebase-ios-sdk/Firestore/Swift/Source/SwiftAPI/Pipeline/RealtimePipeline.swift /Users/siam/Library/Developer/Xcode/DerivedData/Lingua_Quest-gvpckrqxtbgyprbgppjfqmimmmfw/SourcePackages/checkouts/firebase-ios-sdk/Firestore/Swift/Source/SwiftAPI/Pipeline/RealtimePipelineSource.swift /Users/siam/Library/Developer/Xcode/DerivedData/Lingua_Quest-gvpckrqxtbgyprbgppjfqmimmmfw/SourcePackages/checkouts/firebase-ios-sdk/Firestore/Swift/Source/SwiftAPI/Pipeline/Selectable.swift /Users/siam/Library/Developer/Xcode/DerivedData/Lingua_Quest-gvpckrqxtbgyprbgppjfqmimmmfw/SourcePackages/checkouts/firebase-ios-sdk/Firestore/Swift/Source/SwiftAPI/Pipeline/Subcollection.swift (in target 'FirebaseFirestore' from project 'Firebase')

SwiftCompile normal arm64 /Users/siam/Library/Developer/Xcode/DerivedData/Lingua_Quest-gvpckrqxtbgyprbgppjfqmimmmfw/SourcePackages/checkouts/firebase-ios-sdk/Firestore/Swift/Source/SwiftAPI/Pipeline/QueryEnhancement.swift (in target 'FirebaseFirestore' from project 'Firebase')
    cd /Users/siam/Desktop/Lingua\ Quest/Lingua\ Quest.xcodeproj
    

SwiftCompile normal arm64 /Users/siam/Library/Developer/Xcode/DerivedData/Lingua_Quest-gvpckrqxtbgyprbgppjfqmimmmfw/SourcePackages/checkouts/firebase-ios-sdk/Firestore/Swift/Source/SwiftAPI/Pipeline/RealtimePipeline.swift (in target 'FirebaseFirestore' from project 'Firebase')
    cd /Users/siam/Desktop/Lingua\ Quest/Lingua\ Quest.xcodeproj
    

SwiftCompile normal arm64 /Users/siam/Library/Developer/Xcode/DerivedData/Lingua_Quest-gvpckrqxtbgyprbgppjfqmimmmfw/SourcePackages/checkouts/firebase-ios-sdk/Firestore/Swift/Source/SwiftAPI/Pipeline/RealtimePipelineSource.swift (in target 'FirebaseFirestore' from project 'Firebase')
    cd /Users/siam/Desktop/Lingua\ Quest/Lingua\ Quest.xcodeproj
    

SwiftCompile normal arm64 /Users/siam/Library/Developer/Xcode/DerivedData/Lingua_Quest-gvpckrqxtbgyprbgppjfqmimmmfw/SourcePackages/checkouts/firebase-ios-sdk/Firestore/Swift/Source/SwiftAPI/Pipeline/Selectable.swift (in target 'FirebaseFirestore' from project 'Firebase')
    cd /Users/siam/Desktop/Lingua\ Quest/Lingua\ Quest.xcodeproj
    

SwiftCompile normal arm64 /Users/siam/Library/Developer/Xcode/DerivedData/Lingua_Quest-gvpckrqxtbgyprbgppjfqmimmmfw/SourcePackages/checkouts/firebase-ios-sdk/Firestore/Swift/Source/SwiftAPI/Pipeline/Subcollection.swift (in target 'FirebaseFirestore' from project 'Firebase')
    cd /Users/siam/Desktop/Lingua\ Quest/Lingua\ Quest.xcodeproj
    

CompileC /Users/siam/Library/Developer/Xcode/DerivedData/Lingua_Quest-gvpckrqxtbgyprbgppjfqmimmmfw/Build/Intermediates.noindex/Firebase.build/Debug-iphonesimulator/FirebaseCore.build/Objects-normal/arm64/FIRApp.o /Users/siam/Library/Developer/Xcode/DerivedData/Lingua_Quest-gvpckrqxtbgyprbgppjfqmimmmfw/SourcePackages/checkouts/firebase-ios-sdk/FirebaseCore/Sources/FIRApp.m normal arm64 objective-c com.apple.compilers.llvm.clang.1_0.compiler (in target 'FirebaseCore' from project 'Firebase')
    cd /Users/siam/Desktop/Lingua\ Quest/Lingua\ Quest.xcodeproj
    
    Using response file: /Users/siam/Library/Developer/Xcode/DerivedData/Lingua_Quest-gvpckrqxtbgyprbgppjfqmimmmfw/Build/Intermediates.noindex/Firebase.build/Debug-iphonesimulator/FirebaseCore.build/Objects-normal/arm64/e6072d4f65d7061329687fe24e3d63a7-common-args.resp
    
    /Applications/Xcode.app/Contents/Developer/Toolchains/XcodeDefault.xctoolchain/usr/bin/clang -x objective-c -ivfsstatcache /Users/siam/Library/Developer/Xcode/DerivedData/SDKStatCaches.noindex/iphonesimulator26.0-23A339-26257891a6c027eb51374368541b8346.sdkstatcache -fmessage-length\=0 -fdiagnostics-show-note-include-stack -fmacro-backtrace-limit\=0 -fno-color-diagnostics -fmodules-prune-interval\=86400 -fmodules-prune-after\=345600 -fbuild-session-file\=/Users/siam/Library/Developer/Xcode/DerivedData/ModuleCache.noindex/Session.modulevalidation -fmodules-validate-once-per-build-session -Wnon-modular-include-in-framework-module -Werror\=non-modular-include-in-framework-module -Wno-trigraphs -Wno-missing-field-initializers -Wno-missing-prototypes -Wno-return-type -Wno-implicit-atomic-properties -Wno-objc-interface-ivars -Wno-arc-repeated-use-of-weak -Wno-missing-braces -Wparentheses -Wswitch -Wno-unused-function -Wno-unused-label -Wno-unused-parameter -Wno-unused-variable -Wunused-value -Wno-empty-body -Wno-uninitialized -Wno-unknown-pragmas -w -Wno-shadow -Wno-four-char-constants -Wno-conversion -Wno-constant-conversion -Wno-int-conversion -Wno-bool-conversion -Wno-enum-conversion -Wno-float-conversion -Wno-non-literal-null-conversion -Wno-objc-literal-conversion -Wshorten-64-to-32 -Wpointer-sign -Wno-newline-eof -Wno-selector -Wno-strict-selector-match -Wno-undeclared-selector -Wno-deprecated-implementations -Wno-implicit-fallthrough -fstrict-aliasing -Wprotocol -Wdeprecated-declarations -Wno-sign-conversion -Wno-infinite-recursion -Wno-comma -Wno-block-capture-autoreleasing -Wno-strict-prototypes -Wno-semicolon-before-method-body -index-store-path /Users/siam/Library/Developer/Xcode/DerivedData/Lingua_Quest-gvpckrqxtbgyprbgppjfqmimmmfw/Index.noindex/DataStore @/Users/siam/Library/Developer/Xcode/DerivedData/Lingua_Quest-gvpckrqxtbgyprbgppjfqmimmmfw/Build/Intermediates.noindex/Firebase.build/Debug-iphonesimulator/FirebaseCore.build/Objects-normal/arm64/e6072d4f65d7061329687fe24e3d63a7-common-args.resp -include /Users/siam/Library/Developer/Xcode/DerivedData/Lingua_Quest-gvpckrqxtbgyprbgppjfqmimmmfw/Build/Intermediates.noindex/Firebase.build/Debug-iphonesimulator/FirebaseCore.build/DerivedSources/resource_bundle_accessor.h -MMD -MT dependencies -MF /Users/siam/Library/Developer/Xcode/DerivedData/Lingua_Quest-gvpckrqxtbgyprbgppjfqmimmmfw/Build/Intermediates.noindex/Firebase.build/Debug-iphonesimulator/FirebaseCore.build/Objects-normal/arm64/FIRApp.d --serialize-diagnostics /Users/siam/Library/Developer/Xcode/DerivedData/Lingua_Quest-gvpckrqxtbgyprbgppjfqmimmmfw/Build/Intermediates.noindex/Firebase.build/Debug-iphonesimulator/FirebaseCore.build/Objects-normal/arm64/FIRApp.dia -c /Users/siam/Library/Developer/Xcode/DerivedData/Lingua_Quest-gvpckrqxtbgyprbgppjfqmimmmfw/SourcePackages/checkouts/firebase-ios-sdk/FirebaseCore/Sources/FIRApp.m -o /Users/siam/Library/Developer/Xcode/DerivedData/Lingua_Quest-gvpckrqxtbgyprbgppjfqmimmmfw/Build/Intermediates.noindex/Firebase.build/Debug-iphonesimulator/FirebaseCore.build/Objects-normal/arm64/FIRApp.o -index-unit-output-path /Firebase.build/Debug-iphonesimulator/FirebaseCore.build/Objects-normal/arm64/FIRApp.o

CompileC /Users/siam/Library/Developer/Xcode/DerivedData/Lingua_Quest-gvpckrqxtbgyprbgppjfqmimmmfw/Build/Intermediates.noindex/GoogleSignIn.build/Debug-iphonesimulator/GoogleSignIn.build/Objects-normal/arm64/GIDSignIn.o /Users/siam/Library/Developer/Xcode/DerivedData/Lingua_Quest-gvpckrqxtbgyprbgppjfqmimmmfw/SourcePackages/checkouts/GoogleSignIn-iOS/GoogleSignIn/Sources/GIDSignIn.m normal arm64 objective-c com.apple.compilers.llvm.clang.1_0.compiler (in target 'GoogleSignIn' from project 'GoogleSignIn')
    cd /Users/siam/Desktop/Lingua\ Quest/Lingua\ Quest.xcodeproj
    
    Using response file: /Users/siam/Library/Developer/Xcode/DerivedData/Lingua_Quest-gvpckrqxtbgyprbgppjfqmimmmfw/Build/Intermediates.noindex/GoogleSignIn.build/Debug-iphonesimulator/GoogleSignIn.build/Objects-normal/arm64/e6072d4f65d7061329687fe24e3d63a7-common-args.resp
    
    /Applications/Xcode.app/Contents/Developer/Toolchains/XcodeDefault.xctoolchain/usr/bin/clang -x objective-c -ivfsstatcache /Users/siam/Library/Developer/Xcode/DerivedData/SDKStatCaches.noindex/iphonesimulator26.0-23A339-26257891a6c027eb51374368541b8346.sdkstatcache -fmessage-length\=0 -fdiagnostics-show-note-include-stack -fmacro-backtrace-limit\=0 -fno-color-diagnostics -fmodules-prune-interval\=86400 -fmodules-prune-after\=345600 -fbuild-session-file\=/Users/siam/Library/Developer/Xcode/DerivedData/ModuleCache.noindex/Session.modulevalidation -fmodules-validate-once-per-build-session -Wnon-modular-include-in-framework-module -Werror\=non-modular-include-in-framework-module -Wno-trigraphs -Wno-missing-field-initializers -Wno-missing-prototypes -Wno-return-type -Wno-implicit-atomic-properties -Wno-objc-interface-ivars -Wno-arc-repeated-use-of-weak -Wno-missing-braces -Wparentheses -Wswitch -Wno-unused-function -Wno-unused-label -Wno-unused-parameter -Wno-unused-variable -Wunused-value -Wno-empty-body -Wno-uninitialized -Wno-unknown-pragmas -w -Wno-shadow -Wno-four-char-constants -Wno-conversion -Wno-constant-conversion -Wno-int-conversion -Wno-bool-conversion -Wno-enum-conversion -Wno-float-conversion -Wno-non-literal-null-conversion -Wno-objc-literal-conversion -Wshorten-64-to-32 -Wpointer-sign -Wno-newline-eof -Wno-selector -Wno-strict-selector-match -Wno-undeclared-selector -Wno-deprecated-implementations -Wno-implicit-fallthrough -fstrict-aliasing -Wprotocol -Wdeprecated-declarations -Wno-sign-conversion -Wno-infinite-recursion -Wno-comma -Wno-block-capture-autoreleasing -Wno-strict-prototypes -Wno-semicolon-before-method-body -index-store-path /Users/siam/Library/Developer/Xcode/DerivedData/Lingua_Quest-gvpckrqxtbgyprbgppjfqmimmmfw/Index.noindex/DataStore @/Users/siam/Library/Developer/Xcode/DerivedData/Lingua_Quest-gvpckrqxtbgyprbgppjfqmimmmfw/Build/Intermediates.noindex/GoogleSignIn.build/Debug-iphonesimulator/GoogleSignIn.build/Objects-normal/arm64/e6072d4f65d7061329687fe24e3d63a7-common-args.resp -include /Users/siam/Library/Developer/Xcode/DerivedData/Lingua_Quest-gvpckrqxtbgyprbgppjfqmimmmfw/Build/Intermediates.noindex/GoogleSignIn.build/Debug-iphonesimulator/GoogleSignIn.build/DerivedSources/resource_bundle_accessor.h -MMD -MT dependencies -MF /Users/siam/Library/Developer/Xcode/DerivedData/Lingua_Quest-gvpckrqxtbgyprbgppjfqmimmmfw/Build/Intermediates.noindex/GoogleSignIn.build/Debug-iphonesimulator/GoogleSignIn.build/Objects-normal/arm64/GIDSignIn.d --serialize-diagnostics /Users/siam/Library/Developer/Xcode/DerivedData/Lingua_Quest-gvpckrqxtbgyprbgppjfqmimmmfw/Build/Intermediates.noindex/GoogleSignIn.build/Debug-iphonesimulator/GoogleSignIn.build/Objects-normal/arm64/GIDSignIn.dia -c /Users/siam/Library/Developer/Xcode/DerivedData/Lingua_Quest-gvpckrqxtbgyprbgppjfqmimmmfw/SourcePackages/checkouts/GoogleSignIn-iOS/GoogleSignIn/Sources/GIDSignIn.m -o /Users/siam/Library/Developer/Xcode/DerivedData/Lingua_Quest-gvpckrqxtbgyprbgppjfqmimmmfw/Build/Intermediates.noindex/GoogleSignIn.build/Debug-iphonesimulator/GoogleSignIn.build/Objects-normal/arm64/GIDSignIn.o -index-unit-output-path /GoogleSignIn.build/Debug-iphonesimulator/GoogleSignIn.build/Objects-normal/arm64/GIDSignIn.o

SwiftDriverJobDiscovery normal arm64 Compiling CountAll.swift, DistanceMeasure.swift, AliasedExpression.swift, Constant.swift, CurrentDocument.swift, Expression.swift (in target 'FirebaseFirestore' from project 'Firebase')

CompileC /Users/siam/Library/Developer/Xcode/DerivedData/Lingua_Quest-gvpckrqxtbgyprbgppjfqmimmmfw/Build/Intermediates.noindex/GoogleSignIn.build/Debug-iphonesimulator/GoogleSignIn.build/Objects-normal/arm64/GIDGoogleUser.o /Users/siam/Library/Developer/Xcode/DerivedData/Lingua_Quest-gvpckrqxtbgyprbgppjfqmimmmfw/SourcePackages/checkouts/GoogleSignIn-iOS/GoogleSignIn/Sources/GIDGoogleUser.m normal arm64 objective-c com.apple.compilers.llvm.clang.1_0.compiler (in target 'GoogleSignIn' from project 'GoogleSignIn')
    cd /Users/siam/Desktop/Lingua\ Quest/Lingua\ Quest.xcodeproj
    
    Using response file: /Users/siam/Library/Developer/Xcode/DerivedData/Lingua_Quest-gvpckrqxtbgyprbgppjfqmimmmfw/Build/Intermediates.noindex/GoogleSignIn.build/Debug-iphonesimulator/GoogleSignIn.build/Objects-normal/arm64/e6072d4f65d7061329687fe24e3d63a7-common-args.resp
    
    /Applications/Xcode.app/Contents/Developer/Toolchains/XcodeDefault.xctoolchain/usr/bin/clang -x objective-c -ivfsstatcache /Users/siam/Library/Developer/Xcode/DerivedData/SDKStatCaches.noindex/iphonesimulator26.0-23A339-26257891a6c027eb51374368541b8346.sdkstatcache -fmessage-length\=0 -fdiagnostics-show-note-include-stack -fmacro-backtrace-limit\=0 -fno-color-diagnostics -fmodules-prune-interval\=86400 -fmodules-prune-after\=345600 -fbuild-session-file\=/Users/siam/Library/Developer/Xcode/DerivedData/ModuleCache.noindex/Session.modulevalidation -fmodules-validate-once-per-build-session -Wnon-modular-include-in-framework-module -Werror\=non-modular-include-in-framework-module -Wno-trigraphs -Wno-missing-field-initializers -Wno-missing-prototypes -Wno-return-type -Wno-implicit-atomic-properties -Wno-objc-interface-ivars -Wno-arc-repeated-use-of-weak -Wno-missing-braces -Wparentheses -Wswitch -Wno-unused-function -Wno-unused-label -Wno-unused-parameter -Wno-unused-variable -Wunused-value -Wno-empty-body -Wno-uninitialized -Wno-unknown-pragmas -w -Wno-shadow -Wno-four-char-constants -Wno-conversion -Wno-constant-conversion -Wno-int-conversion -Wno-bool-conversion -Wno-enum-conversion -Wno-float-conversion -Wno-non-literal-null-conversion -Wno-objc-literal-conversion -Wshorten-64-to-32 -Wpointer-sign -Wno-newline-eof -Wno-selector -Wno-strict-selector-match -Wno-undeclared-selector -Wno-deprecated-implementations -Wno-implicit-fallthrough -fstrict-aliasing -Wprotocol -Wdeprecated-declarations -Wno-sign-conversion -Wno-infinite-recursion -Wno-comma -Wno-block-capture-autoreleasing -Wno-strict-prototypes -Wno-semicolon-before-method-body -index-store-path /Users/siam/Library/Developer/Xcode/DerivedData/Lingua_Quest-gvpckrqxtbgyprbgppjfqmimmmfw/Index.noindex/DataStore @/Users/siam/Library/Developer/Xcode/DerivedData/Lingua_Quest-gvpckrqxtbgyprbgppjfqmimmmfw/Build/Intermediates.noindex/GoogleSignIn.build/Debug-iphonesimulator/GoogleSignIn.build/Objects-normal/arm64/e6072d4f65d7061329687fe24e3d63a7-common-args.resp -include /Users/siam/Library/Developer/Xcode/DerivedData/Lingua_Quest-gvpckrqxtbgyprbgppjfqmimmmfw/Build/Intermediates.noindex/GoogleSignIn.build/Debug-iphonesimulator/GoogleSignIn.build/DerivedSources/resource_bundle_accessor.h -MMD -MT dependencies -MF /Users/siam/Library/Developer/Xcode/DerivedData/Lingua_Quest-gvpckrqxtbgyprbgppjfqmimmmfw/Build/Intermediates.noindex/GoogleSignIn.build/Debug-iphonesimulator/GoogleSignIn.build/Objects-normal/arm64/GIDGoogleUser.d --serialize-diagnostics /Users/siam/Library/Developer/Xcode/DerivedData/Lingua_Quest-gvpckrqxtbgyprbgppjfqmimmmfw/Build/Intermediates.noindex/GoogleSignIn.build/Debug-iphonesimulator/GoogleSignIn.build/Objects-normal/arm64/GIDGoogleUser.dia -c /Users/siam/Library/Developer/Xcode/DerivedData/Lingua_Quest-gvpckrqxtbgyprbgppjfqmimmmfw/SourcePackages/checkouts/GoogleSignIn-iOS/GoogleSignIn/Sources/GIDGoogleUser.m -o /Users/siam/Library/Developer/Xcode/DerivedData/Lingua_Quest-gvpckrqxtbgyprbgppjfqmimmmfw/Build/Intermediates.noindex/GoogleSignIn.build/Debug-iphonesimulator/GoogleSignIn.build/Objects-normal/arm64/GIDGoogleUser.o -index-unit-output-path /GoogleSignIn.build/Debug-iphonesimulator/GoogleSignIn.build/Objects-normal/arm64/GIDGoogleUser.o

CompileC /Users/siam/Library/Developer/Xcode/DerivedData/Lingua_Quest-gvpckrqxtbgyprbgppjfqmimmmfw/Build/Intermediates.noindex/GoogleSignIn.build/Debug-iphonesimulator/GoogleSignIn.build/Objects-normal/arm64/GIDEMMSupport.o /Users/siam/Library/Developer/Xcode/DerivedData/Lingua_Quest-gvpckrqxtbgyprbgppjfqmimmmfw/SourcePackages/checkouts/GoogleSignIn-iOS/GoogleSignIn/Sources/GIDEMMSupport.m normal arm64 objective-c com.apple.compilers.llvm.clang.1_0.compiler (in target 'GoogleSignIn' from project 'GoogleSignIn')
    cd /Users/siam/Desktop/Lingua\ Quest/Lingua\ Quest.xcodeproj
    
    Using response file: /Users/siam/Library/Developer/Xcode/DerivedData/Lingua_Quest-gvpckrqxtbgyprbgppjfqmimmmfw/Build/Intermediates.noindex/GoogleSignIn.build/Debug-iphonesimulator/GoogleSignIn.build/Objects-normal/arm64/e6072d4f65d7061329687fe24e3d63a7-common-args.resp
    
    /Applications/Xcode.app/Contents/Developer/Toolchains/XcodeDefault.xctoolchain/usr/bin/clang -x objective-c -ivfsstatcache /Users/siam/Library/Developer/Xcode/DerivedData/SDKStatCaches.noindex/iphonesimulator26.0-23A339-26257891a6c027eb51374368541b8346.sdkstatcache -fmessage-length\=0 -fdiagnostics-show-note-include-stack -fmacro-backtrace-limit\=0 -fno-color-diagnostics -fmodules-prune-interval\=86400 -fmodules-prune-after\=345600 -fbuild-session-file\=/Users/siam/Library/Developer/Xcode/DerivedData/ModuleCache.noindex/Session.modulevalidation -fmodules-validate-once-per-build-session -Wnon-modular-include-in-framework-module -Werror\=non-modular-include-in-framework-module -Wno-trigraphs -Wno-missing-field-initializers -Wno-missing-prototypes -Wno-return-type -Wno-implicit-atomic-properties -Wno-objc-interface-ivars -Wno-arc-repeated-use-of-weak -Wno-missing-braces -Wparentheses -Wswitch -Wno-unused-function -Wno-unused-label -Wno-unused-parameter -Wno-unused-variable -Wunused-value -Wno-empty-body -Wno-uninitialized -Wno-unknown-pragmas -w -Wno-shadow -Wno-four-char-constants -Wno-conversion -Wno-constant-conversion -Wno-int-conversion -Wno-bool-conversion -Wno-enum-conversion -Wno-float-conversion -Wno-non-literal-null-conversion -Wno-objc-literal-conversion -Wshorten-64-to-32 -Wpointer-sign -Wno-newline-eof -Wno-selector -Wno-strict-selector-match -Wno-undeclared-selector -Wno-deprecated-implementations -Wno-implicit-fallthrough -fstrict-aliasing -Wprotocol -Wdeprecated-declarations -Wno-sign-conversion -Wno-infinite-recursion -Wno-comma -Wno-block-capture-autoreleasing -Wno-strict-prototypes -Wno-semicolon-before-method-body -index-store-path /Users/siam/Library/Developer/Xcode/DerivedData/Lingua_Quest-gvpckrqxtbgyprbgppjfqmimmmfw/Index.noindex/DataStore @/Users/siam/Library/Developer/Xcode/DerivedData/Lingua_Quest-gvpckrqxtbgyprbgppjfqmimmmfw/Build/Intermediates.noindex/GoogleSignIn.build/Debug-iphonesimulator/GoogleSignIn.build/Objects-normal/arm64/e6072d4f65d7061329687fe24e3d63a7-common-args.resp -include /Users/siam/Library/Developer/Xcode/DerivedData/Lingua_Quest-gvpckrqxtbgyprbgppjfqmimmmfw/Build/Intermediates.noindex/GoogleSignIn.build/Debug-iphonesimulator/GoogleSignIn.build/DerivedSources/resource_bundle_accessor.h -MMD -MT dependencies -MF /Users/siam/Library/Developer/Xcode/DerivedData/Lingua_Quest-gvpckrqxtbgyprbgppjfqmimmmfw/Build/Intermediates.noindex/GoogleSignIn.build/Debug-iphonesimulator/GoogleSignIn.build/Objects-normal/arm64/GIDEMMSupport.d --serialize-diagnostics /Users/siam/Library/Developer/Xcode/DerivedData/Lingua_Quest-gvpckrqxtbgyprbgppjfqmimmmfw/Build/Intermediates.noindex/GoogleSignIn.build/Debug-iphonesimulator/GoogleSignIn.build/Objects-normal/arm64/GIDEMMSupport.dia -c /Users/siam/Library/Developer/Xcode/DerivedData/Lingua_Quest-gvpckrqxtbgyprbgppjfqmimmmfw/SourcePackages/checkouts/GoogleSignIn-iOS/GoogleSignIn/Sources/GIDEMMSupport.m -o /Users/siam/Library/Developer/Xcode/DerivedData/Lingua_Quest-gvpckrqxtbgyprbgppjfqmimmmfw/Build/Intermediates.noindex/GoogleSignIn.build/Debug-iphonesimulator/GoogleSignIn.build/Objects-normal/arm64/GIDEMMSupport.o -index-unit-output-path /GoogleSignIn.build/Debug-iphonesimulator/GoogleSignIn.build/Objects-normal/arm64/GIDEMMSupport.o

SwiftDriverJobDiscovery normal x86_64 Compiling CountAll.swift, DistanceMeasure.swift, AliasedExpression.swift, Constant.swift, CurrentDocument.swift, Expression.swift (in target 'FirebaseFirestore' from project 'Firebase')

CompileC /Users/siam/Library/Developer/Xcode/DerivedData/Lingua_Quest-gvpckrqxtbgyprbgppjfqmimmmfw/Build/Intermediates.noindex/GoogleSignIn.build/Debug-iphonesimulator/GoogleSignIn.build/Objects-normal/arm64/GIDAuthStateMigration.o /Users/siam/Library/Developer/Xcode/DerivedData/Lingua_Quest-gvpckrqxtbgyprbgppjfqmimmmfw/SourcePackages/checkouts/GoogleSignIn-iOS/GoogleSignIn/Sources/GIDAuthStateMigration/Implementation/GIDAuthStateMigration.m normal arm64 objective-c com.apple.compilers.llvm.clang.1_0.compiler (in target 'GoogleSignIn' from project 'GoogleSignIn')
    cd /Users/siam/Desktop/Lingua\ Quest/Lingua\ Quest.xcodeproj
    
    Using response file: /Users/siam/Library/Developer/Xcode/DerivedData/Lingua_Quest-gvpckrqxtbgyprbgppjfqmimmmfw/Build/Intermediates.noindex/GoogleSignIn.build/Debug-iphonesimulator/GoogleSignIn.build/Objects-normal/arm64/e6072d4f65d7061329687fe24e3d63a7-common-args.resp
    
    /Applications/Xcode.app/Contents/Developer/Toolchains/XcodeDefault.xctoolchain/usr/bin/clang -x objective-c -ivfsstatcache /Users/siam/Library/Developer/Xcode/DerivedData/SDKStatCaches.noindex/iphonesimulator26.0-23A339-26257891a6c027eb51374368541b8346.sdkstatcache -fmessage-length\=0 -fdiagnostics-show-note-include-stack -fmacro-backtrace-limit\=0 -fno-color-diagnostics -fmodules-prune-interval\=86400 -fmodules-prune-after\=345600 -fbuild-session-file\=/Users/siam/Library/Developer/Xcode/DerivedData/ModuleCache.noindex/Session.modulevalidation -fmodules-validate-once-per-build-session -Wnon-modular-include-in-framework-module -Werror\=non-modular-include-in-framework-module -Wno-trigraphs -Wno-missing-field-initializers -Wno-missing-prototypes -Wno-return-type -Wno-implicit-atomic-properties -Wno-objc-interface-ivars -Wno-arc-repeated-use-of-weak -Wno-missing-braces -Wparentheses -Wswitch -Wno-unused-function -Wno-unused-label -Wno-unused-parameter -Wno-unused-variable -Wunused-value -Wno-empty-body -Wno-uninitialized -Wno-unknown-pragmas -w -Wno-shadow -Wno-four-char-constants -Wno-conversion -Wno-constant-conversion -Wno-int-conversion -Wno-bool-conversion -Wno-enum-conversion -Wno-float-conversion -Wno-non-literal-null-conversion -Wno-objc-literal-conversion -Wshorten-64-to-32 -Wpointer-sign -Wno-newline-eof -Wno-selector -Wno-strict-selector-match -Wno-undeclared-selector -Wno-deprecated-implementations -Wno-implicit-fallthrough -fstrict-aliasing -Wprotocol -Wdeprecated-declarations -Wno-sign-conversion -Wno-infinite-recursion -Wno-comma -Wno-block-capture-autoreleasing -Wno-strict-prototypes -Wno-semicolon-before-method-body -index-store-path /Users/siam/Library/Developer/Xcode/DerivedData/Lingua_Quest-gvpckrqxtbgyprbgppjfqmimmmfw/Index.noindex/DataStore @/Users/siam/Library/Developer/Xcode/DerivedData/Lingua_Quest-gvpckrqxtbgyprbgppjfqmimmmfw/Build/Intermediates.noindex/GoogleSignIn.build/Debug-iphonesimulator/GoogleSignIn.build/Objects-normal/arm64/e6072d4f65d7061329687fe24e3d63a7-common-args.resp -include /Users/siam/Library/Developer/Xcode/DerivedData/Lingua_Quest-gvpckrqxtbgyprbgppjfqmimmmfw/Build/Intermediates.noindex/GoogleSignIn.build/Debug-iphonesimulator/GoogleSignIn.build/DerivedSources/resource_bundle_accessor.h -MMD -MT dependencies -MF /Users/siam/Library/Developer/Xcode/DerivedData/Lingua_Quest-gvpckrqxtbgyprbgppjfqmimmmfw/Build/Intermediates.noindex/GoogleSignIn.build/Debug-iphonesimulator/GoogleSignIn.build/Objects-normal/arm64/GIDAuthStateMigration.d --serialize-diagnostics /Users/siam/Library/Developer/Xcode/DerivedData/Lingua_Quest-gvpckrqxtbgyprbgppjfqmimmmfw/Build/Intermediates.noindex/GoogleSignIn.build/Debug-iphonesimulator/GoogleSignIn.build/Objects-normal/arm64/GIDAuthStateMigration.dia -c /Users/siam/Library/Developer/Xcode/DerivedData/Lingua_Quest-gvpckrqxtbgyprbgppjfqmimmmfw/SourcePackages/checkouts/GoogleSignIn-iOS/GoogleSignIn/Sources/GIDAuthStateMigration/Implementation/GIDAuthStateMigration.m -o /Users/siam/Library/Developer/Xcode/DerivedData/Lingua_Quest-gvpckrqxtbgyprbgppjfqmimmmfw/Build/Intermediates.noindex/GoogleSignIn.build/Debug-iphonesimulator/GoogleSignIn.build/Objects-normal/arm64/GIDAuthStateMigration.o -index-unit-output-path /GoogleSignIn.build/Debug-iphonesimulator/GoogleSignIn.build/Objects-normal/arm64/GIDAuthStateMigration.o

SwiftCompile normal x86_64 Compiling\ Variable.swift,\ Ordering.swift,\ Pipeline.swift,\ PipelineResult.swift,\ PipelineSource.swift /Users/siam/Library/Developer/Xcode/DerivedData/Lingua_Quest-gvpckrqxtbgyprbgppjfqmimmmfw/SourcePackages/checkouts/firebase-ios-sdk/Firestore/Swift/Source/SwiftAPI/Pipeline/Expressions/Variable.swift /Users/siam/Library/Developer/Xcode/DerivedData/Lingua_Quest-gvpckrqxtbgyprbgppjfqmimmmfw/SourcePackages/checkouts/firebase-ios-sdk/Firestore/Swift/Source/SwiftAPI/Pipeline/Ordering.swift /Users/siam/Library/Developer/Xcode/DerivedData/Lingua_Quest-gvpckrqxtbgyprbgppjfqmimmmfw/SourcePackages/checkouts/firebase-ios-sdk/Firestore/Swift/Source/SwiftAPI/Pipeline/Pipeline.swift /Users/siam/Library/Developer/Xcode/DerivedData/Lingua_Quest-gvpckrqxtbgyprbgppjfqmimmmfw/SourcePackages/checkouts/firebase-ios-sdk/Firestore/Swift/Source/SwiftAPI/Pipeline/PipelineResult.swift /Users/siam/Library/Developer/Xcode/DerivedData/Lingua_Quest-gvpckrqxtbgyprbgppjfqmimmmfw/SourcePackages/checkouts/firebase-ios-sdk/Firestore/Swift/Source/SwiftAPI/Pipeline/PipelineSource.swift (in target 'FirebaseFirestore' from project 'Firebase')
SwiftCompile normal x86_64 /Users/siam/Library/Developer/Xcode/DerivedData/Lingua_Quest-gvpckrqxtbgyprbgppjfqmimmmfw/SourcePackages/checkouts/firebase-ios-sdk/Firestore/Swift/Source/SwiftAPI/Pipeline/Expressions/Variable.swift (in target 'FirebaseFirestore' from project 'Firebase')
    cd /Users/siam/Desktop/Lingua\ Quest/Lingua\ Quest.xcodeproj
    

SwiftCompile normal x86_64 /Users/siam/Library/Developer/Xcode/DerivedData/Lingua_Quest-gvpckrqxtbgyprbgppjfqmimmmfw/SourcePackages/checkouts/firebase-ios-sdk/Firestore/Swift/Source/SwiftAPI/Pipeline/Ordering.swift (in target 'FirebaseFirestore' from project 'Firebase')
    cd /Users/siam/Desktop/Lingua\ Quest/Lingua\ Quest.xcodeproj
    

SwiftCompile normal x86_64 /Users/siam/Library/Developer/Xcode/DerivedData/Lingua_Quest-gvpckrqxtbgyprbgppjfqmimmmfw/SourcePackages/checkouts/firebase-ios-sdk/Firestore/Swift/Source/SwiftAPI/Pipeline/Pipeline.swift (in target 'FirebaseFirestore' from project 'Firebase')
    cd /Users/siam/Desktop/Lingua\ Quest/Lingua\ Quest.xcodeproj
    

SwiftCompile normal x86_64 /Users/siam/Library/Developer/Xcode/DerivedData/Lingua_Quest-gvpckrqxtbgyprbgppjfqmimmmfw/SourcePackages/checkouts/firebase-ios-sdk/Firestore/Swift/Source/SwiftAPI/Pipeline/PipelineResult.swift (in target 'FirebaseFirestore' from project 'Firebase')
    cd /Users/siam/Desktop/Lingua\ Quest/Lingua\ Quest.xcodeproj
    

SwiftCompile normal x86_64 /Users/siam/Library/Developer/Xcode/DerivedData/Lingua_Quest-gvpckrqxtbgyprbgppjfqmimmmfw/SourcePackages/checkouts/firebase-ios-sdk/Firestore/Swift/Source/SwiftAPI/Pipeline/PipelineSource.swift (in target 'FirebaseFirestore' from project 'Firebase')
    cd /Users/siam/Desktop/Lingua\ Quest/Lingua\ Quest.xcodeproj
    

SwiftCompile normal arm64 Compiling\ CodablePassThroughTypes.swift,\ CollectionReference+WriteEncodable.swift,\ DocumentID.swift,\ DocumentReference+Codable.swift,\ DocumentReference+ReadDecodable.swift,\ DocumentReference+WriteEncodable.swift /Users/siam/Library/Developer/Xcode/DerivedData/Lingua_Quest-gvpckrqxtbgyprbgppjfqmimmmfw/SourcePackages/checkouts/firebase-ios-sdk/Firestore/Swift/Source/Codable/CodablePassThroughTypes.swift /Users/siam/Library/Developer/Xcode/DerivedData/Lingua_Quest-gvpckrqxtbgyprbgppjfqmimmmfw/SourcePackages/checkouts/firebase-ios-sdk/Firestore/Swift/Source/Codable/CollectionReference+WriteEncodable.swift /Users/siam/Library/Developer/Xcode/DerivedData/Lingua_Quest-gvpckrqxtbgyprbgppjfqmimmmfw/SourcePackages/checkouts/firebase-ios-sdk/Firestore/Swift/Source/Codable/DocumentID.swift /Users/siam/Library/Developer/Xcode/DerivedData/Lingua_Quest-gvpckrqxtbgyprbgppjfqmimmmfw/SourcePackages/checkouts/firebase-ios-sdk/Firestore/Swift/Source/Codable/DocumentReference+Codable.swift /Users/siam/Library/Developer/Xcode/DerivedData/Lingua_Quest-gvpckrqxtbgyprbgppjfqmimmmfw/SourcePackages/checkouts/firebase-ios-sdk/Firestore/Swift/Source/Codable/DocumentReference+ReadDecodable.swift /Users/siam/Library/Developer/Xcode/DerivedData/Lingua_Quest-gvpckrqxtbgyprbgppjfqmimmmfw/SourcePackages/checkouts/firebase-ios-sdk/Firestore/Swift/Source/Codable/DocumentReference+WriteEncodable.swift (in target 'FirebaseFirestore' from project 'Firebase')

SwiftCompile normal arm64 /Users/siam/Library/Developer/Xcode/DerivedData/Lingua_Quest-gvpckrqxtbgyprbgppjfqmimmmfw/SourcePackages/checkouts/firebase-ios-sdk/Firestore/Swift/Source/Codable/CodablePassThroughTypes.swift (in target 'FirebaseFirestore' from project 'Firebase')
    cd /Users/siam/Desktop/Lingua\ Quest/Lingua\ Quest.xcodeproj
    

SwiftCompile normal arm64 /Users/siam/Library/Developer/Xcode/DerivedData/Lingua_Quest-gvpckrqxtbgyprbgppjfqmimmmfw/SourcePackages/checkouts/firebase-ios-sdk/Firestore/Swift/Source/Codable/CollectionReference+WriteEncodable.swift (in target 'FirebaseFirestore' from project 'Firebase')
    cd /Users/siam/Desktop/Lingua\ Quest/Lingua\ Quest.xcodeproj
    

SwiftCompile normal arm64 /Users/siam/Library/Developer/Xcode/DerivedData/Lingua_Quest-gvpckrqxtbgyprbgppjfqmimmmfw/SourcePackages/checkouts/firebase-ios-sdk/Firestore/Swift/Source/Codable/DocumentID.swift (in target 'FirebaseFirestore' from project 'Firebase')
    cd /Users/siam/Desktop/Lingua\ Quest/Lingua\ Quest.xcodeproj
    

SwiftCompile normal arm64 /Users/siam/Library/Developer/Xcode/DerivedData/Lingua_Quest-gvpckrqxtbgyprbgppjfqmimmmfw/SourcePackages/checkouts/firebase-ios-sdk/Firestore/Swift/Source/Codable/DocumentReference+Codable.swift (in target 'FirebaseFirestore' from project 'Firebase')
    cd /Users/siam/Desktop/Lingua\ Quest/Lingua\ Quest.xcodeproj
    

SwiftCompile normal arm64 /Users/siam/Library/Developer/Xcode/DerivedData/Lingua_Quest-gvpckrqxtbgyprbgppjfqmimmmfw/SourcePackages/checkouts/firebase-ios-sdk/Firestore/Swift/Source/Codable/DocumentReference+ReadDecodable.swift (in target 'FirebaseFirestore' from project 'Firebase')
    cd /Users/siam/Desktop/Lingua\ Quest/Lingua\ Quest.xcodeproj
    

SwiftCompile normal arm64 /Users/siam/Library/Developer/Xcode/DerivedData/Lingua_Quest-gvpckrqxtbgyprbgppjfqmimmmfw/SourcePackages/checkouts/firebase-ios-sdk/Firestore/Swift/Source/Codable/DocumentReference+WriteEncodable.swift (in target 'FirebaseFirestore' from project 'Firebase')
    cd /Users/siam/Desktop/Lingua\ Quest/Lingua\ Quest.xcodeproj
    

SwiftCompile normal arm64 Compiling\ Timestamp+Codable.swift,\ TimestampDecodingStrategy.swift,\ TimestampEncodingStrategy.swift,\ Transaction+WriteEncodable.swift,\ VectorValue+Codable.swift,\ WriteBatch+WriteEncodable.swift /Users/siam/Library/Developer/Xcode/DerivedData/Lingua_Quest-gvpckrqxtbgyprbgppjfqmimmmfw/SourcePackages/checkouts/firebase-ios-sdk/Firestore/Swift/Source/Codable/Timestamp+Codable.swift /Users/siam/Library/Developer/Xcode/DerivedData/Lingua_Quest-gvpckrqxtbgyprbgppjfqmimmmfw/SourcePackages/checkouts/firebase-ios-sdk/Firestore/Swift/Source/Codable/TimestampDecodingStrategy.swift /Users/siam/Library/Developer/Xcode/DerivedData/Lingua_Quest-gvpckrqxtbgyprbgppjfqmimmmfw/SourcePackages/checkouts/firebase-ios-sdk/Firestore/Swift/Source/Codable/TimestampEncodingStrategy.swift /Users/siam/Library/Developer/Xcode/DerivedData/Lingua_Quest-gvpckrqxtbgyprbgppjfqmimmmfw/SourcePackages/checkouts/firebase-ios-sdk/Firestore/Swift/Source/Codable/Transaction+WriteEncodable.swift /Users/siam/Library/Developer/Xcode/DerivedData/Lingua_Quest-gvpckrqxtbgyprbgppjfqmimmmfw/SourcePackages/checkouts/firebase-ios-sdk/Firestore/Swift/Source/Codable/VectorValue+Codable.swift /Users/siam/Library/Developer/Xcode/DerivedData/Lingua_Quest-gvpckrqxtbgyprbgppjfqmimmmfw/SourcePackages/checkouts/firebase-ios-sdk/Firestore/Swift/Source/Codable/WriteBatch+WriteEncodable.swift (in target 'FirebaseFirestore' from project 'Firebase')

SwiftCompile normal arm64 /Users/siam/Library/Developer/Xcode/DerivedData/Lingua_Quest-gvpckrqxtbgyprbgppjfqmimmmfw/SourcePackages/checkouts/firebase-ios-sdk/Firestore/Swift/Source/Codable/Timestamp+Codable.swift (in target 'FirebaseFirestore' from project 'Firebase')
    cd /Users/siam/Desktop/Lingua\ Quest/Lingua\ Quest.xcodeproj
    

SwiftCompile normal arm64 /Users/siam/Library/Developer/Xcode/DerivedData/Lingua_Quest-gvpckrqxtbgyprbgppjfqmimmmfw/SourcePackages/checkouts/firebase-ios-sdk/Firestore/Swift/Source/Codable/TimestampDecodingStrategy.swift (in target 'FirebaseFirestore' from project 'Firebase')
    cd /Users/siam/Desktop/Lingua\ Quest/Lingua\ Quest.xcodeproj
    

SwiftCompile normal arm64 /Users/siam/Library/Developer/Xcode/DerivedData/Lingua_Quest-gvpckrqxtbgyprbgppjfqmimmmfw/SourcePackages/checkouts/firebase-ios-sdk/Firestore/Swift/Source/Codable/TimestampEncodingStrategy.swift (in target 'FirebaseFirestore' from project 'Firebase')
    cd /Users/siam/Desktop/Lingua\ Quest/Lingua\ Quest.xcodeproj
    

SwiftCompile normal arm64 /Users/siam/Library/Developer/Xcode/DerivedData/Lingua_Quest-gvpckrqxtbgyprbgppjfqmimmmfw/SourcePackages/checkouts/firebase-ios-sdk/Firestore/Swift/Source/Codable/Transaction+WriteEncodable.swift (in target 'FirebaseFirestore' from project 'Firebase')
    cd /Users/siam/Desktop/Lingua\ Quest/Lingua\ Quest.xcodeproj
    

SwiftCompile normal arm64 /Users/siam/Library/Developer/Xcode/DerivedData/Lingua_Quest-gvpckrqxtbgyprbgppjfqmimmmfw/SourcePackages/checkouts/firebase-ios-sdk/Firestore/Swift/Source/Codable/VectorValue+Codable.swift (in target 'FirebaseFirestore' from project 'Firebase')
    cd /Users/siam/Desktop/Lingua\ Quest/Lingua\ Quest.xcodeproj
    

SwiftCompile normal arm64 /Users/siam/Library/Developer/Xcode/DerivedData/Lingua_Quest-gvpckrqxtbgyprbgppjfqmimmmfw/SourcePackages/checkouts/firebase-ios-sdk/Firestore/Swift/Source/Codable/WriteBatch+WriteEncodable.swift (in target 'FirebaseFirestore' from project 'Firebase')
    cd /Users/siam/Desktop/Lingua\ Quest/Lingua\ Quest.xcodeproj
    

ExtractAppIntentsMetadata (in target 'FirebaseCoreInternal' from project 'Firebase')
    cd /Users/siam/Library/Developer/Xcode/DerivedData/Lingua_Quest-gvpckrqxtbgyprbgppjfqmimmmfw/SourcePackages/checkouts/firebase-ios-sdk
    /Applications/Xcode.app/Contents/Developer/Toolchains/XcodeDefault.xctoolchain/usr/bin/appintentsmetadataprocessor --toolchain-dir /Applications/Xcode.app/Contents/Developer/Toolchains/XcodeDefault.xctoolchain --module-name FirebaseCoreInternal --sdk-root /Applications/Xcode.app/Contents/Developer/Platforms/iPhoneSimulator.platform/Developer/SDKs/iPhoneSimulator26.0.sdk --xcode-version 17A400 --platform-family iOS --deployment-target 15.0 --bundle-identifier firebase-ios-sdk.FirebaseCoreInternal --output /Users/siam/Library/Developer/Xcode/DerivedData/Lingua_Quest-gvpckrqxtbgyprbgppjfqmimmmfw/Build/Products/Debug-iphonesimulator/FirebaseCoreInternal.appintents --target-triple arm64-apple-ios15.0-simulator --target-triple x86_64-apple-ios15.0-simulator --binary-file /Users/siam/Library/Developer/Xcode/DerivedData/Lingua_Quest-gvpckrqxtbgyprbgppjfqmimmmfw/Build/Products/Debug-iphonesimulator/FirebaseCoreInternal.o --dependency-file /Users/siam/Library/Developer/Xcode/DerivedData/Lingua_Quest-gvpckrqxtbgyprbgppjfqmimmmfw/Build/Intermediates.noindex/Firebase.build/Debug-iphonesimulator/FirebaseCoreInternal.build/Objects-normal/arm64/FirebaseCoreInternal_dependency_info.dat --dependency-file /Users/siam/Library/Developer/Xcode/DerivedData/Lingua_Quest-gvpckrqxtbgyprbgppjfqmimmmfw/Build/Intermediates.noindex/Firebase.build/Debug-iphonesimulator/FirebaseCoreInternal.build/Objects-normal/x86_64/FirebaseCoreInternal_dependency_info.dat --stringsdata-file /Users/siam/Library/Developer/Xcode/DerivedData/Lingua_Quest-gvpckrqxtbgyprbgppjfqmimmmfw/Build/Intermediates.noindex/Firebase.build/Debug-iphonesimulator/FirebaseCoreInternal.build/Objects-normal/arm64/ExtractedAppShortcutsMetadata.stringsdata --stringsdata-file /Users/siam/Library/Developer/Xcode/DerivedData/Lingua_Quest-gvpckrqxtbgyprbgppjfqmimmmfw/Build/Intermediates.noindex/Firebase.build/Debug-iphonesimulator/FirebaseCoreInternal.build/Objects-normal/x86_64/ExtractedAppShortcutsMetadata.stringsdata --source-file-list /Users/siam/Library/Developer/Xcode/DerivedData/Lingua_Quest-gvpckrqxtbgyprbgppjfqmimmmfw/Build/Intermediates.noindex/Firebase.build/Debug-iphonesimulator/FirebaseCoreInternal.build/Objects-normal/arm64/FirebaseCoreInternal.SwiftFileList --source-file-list /Users/siam/Library/Developer/Xcode/DerivedData/Lingua_Quest-gvpckrqxtbgyprbgppjfqmimmmfw/Build/Intermediates.noindex/Firebase.build/Debug-iphonesimulator/FirebaseCoreInternal.build/Objects-normal/x86_64/FirebaseCoreInternal.SwiftFileList --metadata-file-list /Users/siam/Library/Developer/Xcode/DerivedData/Lingua_Quest-gvpckrqxtbgyprbgppjfqmimmmfw/Build/Intermediates.noindex/Firebase.build/Debug-iphonesimulator/FirebaseCoreInternal.build/FirebaseCoreInternal.DependencyMetadataFileList --static-metadata-file-list /Users/siam/Library/Developer/Xcode/DerivedData/Lingua_Quest-gvpckrqxtbgyprbgppjfqmimmmfw/Build/Intermediates.noindex/Firebase.build/Debug-iphonesimulator/FirebaseCoreInternal.build/FirebaseCoreInternal.DependencyStaticMetadataFileList --swift-const-vals-list /Users/siam/Library/Developer/Xcode/DerivedData/Lingua_Quest-gvpckrqxtbgyprbgppjfqmimmmfw/Build/Intermediates.noindex/Firebase.build/Debug-iphonesimulator/FirebaseCoreInternal.build/Objects-normal/arm64/FirebaseCoreInternal.SwiftConstValuesFileList --swift-const-vals-list /Users/siam/Library/Developer/Xcode/DerivedData/Lingua_Quest-gvpckrqxtbgyprbgppjfqmimmmfw/Build/Intermediates.noindex/Firebase.build/Debug-iphonesimulator/FirebaseCoreInternal.build/Objects-normal/x86_64/FirebaseCoreInternal.SwiftConstValuesFileList --force --compile-time-extraction --deployment-aware-processing --validate-assistant-intents --no-app-shortcuts-localization
2026-07-23 19:52:49.314 appintentsmetadataprocessor[10648:94941] Starting appintentsmetadataprocessor export
2026-07-23 19:52:52.283 appintentsmetadataprocessor[10648:94941] Extracted no relevant App Intents symbols, skipping writing output

SwiftDriverJobDiscovery normal arm64 Compiling Variable.swift, Ordering.swift, Pipeline.swift, PipelineResult.swift, PipelineSource.swift (in target 'FirebaseFirestore' from project 'Firebase')

SwiftCompile normal x86_64 Compiling\ DeleteAccountRequest.swift,\ DeleteAccountResponse.swift,\ EmailLinkSignInRequest.swift,\ EmailLinkSignInResponse.swift,\ GetAccountInfoRequest.swift,\ GetAccountInfoResponse.swift,\ GetOOBConfirmationCodeRequest.swift,\ GetOOBConfirmationCodeResponse.swift,\ GetProjectConfigRequest.swift,\ GetProjectConfigResponse.swift,\ GetRecaptchaConfigRequest.swift,\ GetRecaptchaConfigResponse.swift /Users/siam/Library/Developer/Xcode/DerivedData/Lingua_Quest-gvpckrqxtbgyprbgppjfqmimmmfw/SourcePackages/checkouts/firebase-ios-sdk/FirebaseAuth/Sources/Swift/Backend/RPC/DeleteAccountRequest.swift /Users/siam/Library/Developer/Xcode/DerivedData/Lingua_Quest-gvpckrqxtbgyprbgppjfqmimmmfw/SourcePackages/checkouts/firebase-ios-sdk/FirebaseAuth/Sources/Swift/Backend/RPC/DeleteAccountResponse.swift /Users/siam/Library/Developer/Xcode/DerivedData/Lingua_Quest-gvpckrqxtbgyprbgppjfqmimmmfw/SourcePackages/checkouts/firebase-ios-sdk/FirebaseAuth/Sources/Swift/Backend/RPC/EmailLinkSignInRequest.swift /Users/siam/Library/Developer/Xcode/DerivedData/Lingua_Quest-gvpckrqxtbgyprbgppjfqmimmmfw/SourcePackages/checkouts/firebase-ios-sdk/FirebaseAuth/Sources/Swift/Backend/RPC/EmailLinkSignInResponse.swift /Users/siam/Library/Developer/Xcode/DerivedData/Lingua_Quest-gvpckrqxtbgyprbgppjfqmimmmfw/SourcePackages/checkouts/firebase-ios-sdk/FirebaseAuth/Sources/Swift/Backend/RPC/GetAccountInfoRequest.swift /Users/siam/Library/Developer/Xcode/DerivedData/Lingua_Quest-gvpckrqxtbgyprbgppjfqmimmmfw/SourcePackages/checkouts/firebase-ios-sdk/FirebaseAuth/Sources/Swift/Backend/RPC/GetAccountInfoResponse.swift /Users/siam/Library/Developer/Xcode/DerivedData/Lingua_Quest-gvpckrqxtbgyprbgppjfqmimmmfw/SourcePackages/checkouts/firebase-ios-sdk/FirebaseAuth/Sources/Swift/Backend/RPC/GetOOBConfirmationCodeRequest.swift /Users/siam/Library/Developer/Xcode/DerivedData/Lingua_Quest-gvpckrqxtbgyprbgppjfqmimmmfw/SourcePackages/checkouts/firebase-ios-sdk/FirebaseAuth/Sources/Swift/Backend/RPC/GetOOBConfirmationCodeResponse.swift /Users/siam/Library/Developer/Xcode/DerivedData/Lingua_Quest-gvpckrqxtbgyprbgppjfqmimmmfw/SourcePackages/checkouts/firebase-ios-sdk/FirebaseAuth/Sources/Swift/Backend/RPC/GetProjectConfigRequest.swift /Users/siam/Library/Developer/Xcode/DerivedData/Lingua_Quest-gvpckrqxtbgyprbgppjfqmimmmfw/SourcePackages/checkouts/firebase-ios-sdk/FirebaseAuth/Sources/Swift/Backend/RPC/GetProjectConfigResponse.swift /Users/siam/Library/Developer/Xcode/DerivedData/Lingua_Quest-gvpckrqxtbgyprbgppjfqmimmmfw/SourcePackages/checkouts/firebase-ios-sdk/FirebaseAuth/Sources/Swift/Backend/RPC/GetRecaptchaConfigRequest.swift /Users/siam/Library/Developer/Xcode/DerivedData/Lingua_Quest-gvpckrqxtbgyprbgppjfqmimmmfw/SourcePackages/checkouts/firebase-ios-sdk/FirebaseAuth/Sources/Swift/Backend/RPC/GetRecaptchaConfigResponse.swift (in target 'FirebaseAuth' from project 'Firebase')
SwiftCompile normal x86_64 /Users/siam/Library/Developer/Xcode/DerivedData/Lingua_Quest-gvpckrqxtbgyprbgppjfqmimmmfw/SourcePackages/checkouts/firebase-ios-sdk/FirebaseAuth/Sources/Swift/Backend/RPC/DeleteAccountRequest.swift (in target 'FirebaseAuth' from project 'Firebase')
    cd /Users/siam/Desktop/Lingua\ Quest/Lingua\ Quest.xcodeproj
    

SwiftCompile normal x86_64 /Users/siam/Library/Developer/Xcode/DerivedData/Lingua_Quest-gvpckrqxtbgyprbgppjfqmimmmfw/SourcePackages/checkouts/firebase-ios-sdk/FirebaseAuth/Sources/Swift/Backend/RPC/DeleteAccountResponse.swift (in target 'FirebaseAuth' from project 'Firebase')
    cd /Users/siam/Desktop/Lingua\ Quest/Lingua\ Quest.xcodeproj
    

SwiftCompile normal x86_64 /Users/siam/Library/Developer/Xcode/DerivedData/Lingua_Quest-gvpckrqxtbgyprbgppjfqmimmmfw/SourcePackages/checkouts/firebase-ios-sdk/FirebaseAuth/Sources/Swift/Backend/RPC/EmailLinkSignInRequest.swift (in target 'FirebaseAuth' from project 'Firebase')
    cd /Users/siam/Desktop/Lingua\ Quest/Lingua\ Quest.xcodeproj
    

SwiftCompile normal x86_64 /Users/siam/Library/Developer/Xcode/DerivedData/Lingua_Quest-gvpckrqxtbgyprbgppjfqmimmmfw/SourcePackages/checkouts/firebase-ios-sdk/FirebaseAuth/Sources/Swift/Backend/RPC/EmailLinkSignInResponse.swift (in target 'FirebaseAuth' from project 'Firebase')
    cd /Users/siam/Desktop/Lingua\ Quest/Lingua\ Quest.xcodeproj
    

SwiftCompile normal x86_64 /Users/siam/Library/Developer/Xcode/DerivedData/Lingua_Quest-gvpckrqxtbgyprbgppjfqmimmmfw/SourcePackages/checkouts/firebase-ios-sdk/FirebaseAuth/Sources/Swift/Backend/RPC/GetAccountInfoRequest.swift (in target 'FirebaseAuth' from project 'Firebase')
    cd /Users/siam/Desktop/Lingua\ Quest/Lingua\ Quest.xcodeproj
    

SwiftCompile normal x86_64 /Users/siam/Library/Developer/Xcode/DerivedData/Lingua_Quest-gvpckrqxtbgyprbgppjfqmimmmfw/SourcePackages/checkouts/firebase-ios-sdk/FirebaseAuth/Sources/Swift/Backend/RPC/GetAccountInfoResponse.swift (in target 'FirebaseAuth' from project 'Firebase')
    cd /Users/siam/Desktop/Lingua\ Quest/Lingua\ Quest.xcodeproj
    

SwiftCompile normal x86_64 /Users/siam/Library/Developer/Xcode/DerivedData/Lingua_Quest-gvpckrqxtbgyprbgppjfqmimmmfw/SourcePackages/checkouts/firebase-ios-sdk/FirebaseAuth/Sources/Swift/Backend/RPC/GetOOBConfirmationCodeRequest.swift (in target 'FirebaseAuth' from project 'Firebase')
    cd /Users/siam/Desktop/Lingua\ Quest/Lingua\ Quest.xcodeproj
    

SwiftCompile normal x86_64 /Users/siam/Library/Developer/Xcode/DerivedData/Lingua_Quest-gvpckrqxtbgyprbgppjfqmimmmfw/SourcePackages/checkouts/firebase-ios-sdk/FirebaseAuth/Sources/Swift/Backend/RPC/GetOOBConfirmationCodeResponse.swift (in target 'FirebaseAuth' from project 'Firebase')
    cd /Users/siam/Desktop/Lingua\ Quest/Lingua\ Quest.xcodeproj
    

SwiftCompile normal x86_64 /Users/siam/Library/Developer/Xcode/DerivedData/Lingua_Quest-gvpckrqxtbgyprbgppjfqmimmmfw/SourcePackages/checkouts/firebase-ios-sdk/FirebaseAuth/Sources/Swift/Backend/RPC/GetProjectConfigRequest.swift (in target 'FirebaseAuth' from project 'Firebase')
    cd /Users/siam/Desktop/Lingua\ Quest/Lingua\ Quest.xcodeproj
    

SwiftCompile normal x86_64 /Users/siam/Library/Developer/Xcode/DerivedData/Lingua_Quest-gvpckrqxtbgyprbgppjfqmimmmfw/SourcePackages/checkouts/firebase-ios-sdk/FirebaseAuth/Sources/Swift/Backend/RPC/GetProjectConfigResponse.swift (in target 'FirebaseAuth' from project 'Firebase')
    cd /Users/siam/Desktop/Lingua\ Quest/Lingua\ Quest.xcodeproj
    

SwiftCompile normal x86_64 /Users/siam/Library/Developer/Xcode/DerivedData/Lingua_Quest-gvpckrqxtbgyprbgppjfqmimmmfw/SourcePackages/checkouts/firebase-ios-sdk/FirebaseAuth/Sources/Swift/Backend/RPC/GetRecaptchaConfigRequest.swift (in target 'FirebaseAuth' from project 'Firebase')
    cd /Users/siam/Desktop/Lingua\ Quest/Lingua\ Quest.xcodeproj
    

SwiftCompile normal x86_64 /Users/siam/Library/Developer/Xcode/DerivedData/Lingua_Quest-gvpckrqxtbgyprbgppjfqmimmmfw/SourcePackages/checkouts/firebase-ios-sdk/FirebaseAuth/Sources/Swift/Backend/RPC/GetRecaptchaConfigResponse.swift (in target 'FirebaseAuth' from project 'Firebase')
    cd /Users/siam/Desktop/Lingua\ Quest/Lingua\ Quest.xcodeproj
    

RegisterExecutionPolicyException /Users/siam/Library/Developer/Xcode/DerivedData/Lingua_Quest-gvpckrqxtbgyprbgppjfqmimmmfw/Build/Products/Debug-iphonesimulator/FirebaseAuthInternal.o (in target 'FirebaseAuthInternal' from project 'Firebase')
    cd /Users/siam/Library/Developer/Xcode/DerivedData/Lingua_Quest-gvpckrqxtbgyprbgppjfqmimmmfw/SourcePackages/checkouts/firebase-ios-sdk
    builtin-RegisterExecutionPolicyException /Users/siam/Library/Developer/Xcode/DerivedData/Lingua_Quest-gvpckrqxtbgyprbgppjfqmimmmfw/Build/Products/Debug-iphonesimulator/FirebaseAuthInternal.o

SwiftDriverJobDiscovery normal x86_64 Compiling resource_bundle_accessor.swift, CollectionReference+AsyncAwait.swift, DocumentReference+AsyncSequence.swift, Firestore+AsyncAwait.swift, Query+AsyncSequence.swift, CodableErrors.swift (in target 'FirebaseFirestore' from project 'Firebase')

SwiftCompile normal arm64 Compiling\ PhoneAuthCredential.swift,\ PhoneAuthProvider.swift,\ TwitterAuthProvider.swift,\ AuthBackend.swift,\ AuthBackendRPCIssuer.swift,\ AuthRPCRequest.swift,\ AuthRPCResponse.swift,\ AuthRequestConfiguration.swift,\ IdentityToolkitRequest.swift,\ AuthMFAResponse.swift,\ CreateAuthURIRequest.swift,\ CreateAuthURIResponse.swift /Users/siam/Library/Developer/Xcode/DerivedData/Lingua_Quest-gvpckrqxtbgyprbgppjfqmimmmfw/SourcePackages/checkouts/firebase-ios-sdk/FirebaseAuth/Sources/Swift/AuthProvider/PhoneAuthCredential.swift /Users/siam/Library/Developer/Xcode/DerivedData/Lingua_Quest-gvpckrqxtbgyprbgppjfqmimmmfw/SourcePackages/checkouts/firebase-ios-sdk/FirebaseAuth/Sources/Swift/AuthProvider/PhoneAuthProvider.swift /Users/siam/Library/Developer/Xcode/DerivedData/Lingua_Quest-gvpckrqxtbgyprbgppjfqmimmmfw/SourcePackages/checkouts/firebase-ios-sdk/FirebaseAuth/Sources/Swift/AuthProvider/TwitterAuthProvider.swift /Users/siam/Library/Developer/Xcode/DerivedData/Lingua_Quest-gvpckrqxtbgyprbgppjfqmimmmfw/SourcePackages/checkouts/firebase-ios-sdk/FirebaseAuth/Sources/Swift/Backend/AuthBackend.swift /Users/siam/Library/Developer/Xcode/DerivedData/Lingua_Quest-gvpckrqxtbgyprbgppjfqmimmmfw/SourcePackages/checkouts/firebase-ios-sdk/FirebaseAuth/Sources/Swift/Backend/AuthBackendRPCIssuer.swift /Users/siam/Library/Developer/Xcode/DerivedData/Lingua_Quest-gvpckrqxtbgyprbgppjfqmimmmfw/SourcePackages/checkouts/firebase-ios-sdk/FirebaseAuth/Sources/Swift/Backend/AuthRPCRequest.swift /Users/siam/Library/Developer/Xcode/DerivedData/Lingua_Quest-gvpckrqxtbgyprbgppjfqmimmmfw/SourcePackages/checkouts/firebase-ios-sdk/FirebaseAuth/Sources/Swift/Backend/AuthRPCResponse.swift /Users/siam/Library/Developer/Xcode/DerivedData/Lingua_Quest-gvpckrqxtbgyprbgppjfqmimmmfw/SourcePackages/checkouts/firebase-ios-sdk/FirebaseAuth/Sources/Swift/Backend/AuthRequestConfiguration.swift /Users/siam/Library/Developer/Xcode/DerivedData/Lingua_Quest-gvpckrqxtbgyprbgppjfqmimmmfw/SourcePackages/checkouts/firebase-ios-sdk/FirebaseAuth/Sources/Swift/Backend/IdentityToolkitRequest.swift /Users/siam/Library/Developer/Xcode/DerivedData/Lingua_Quest-gvpckrqxtbgyprbgppjfqmimmmfw/SourcePackages/checkouts/firebase-ios-sdk/FirebaseAuth/Sources/Swift/Backend/RPC/AuthMFAResponse.swift /Users/siam/Library/Developer/Xcode/DerivedData/Lingua_Quest-gvpckrqxtbgyprbgppjfqmimmmfw/SourcePackages/checkouts/firebase-ios-sdk/FirebaseAuth/Sources/Swift/Backend/RPC/CreateAuthURIRequest.swift /Users/siam/Library/Developer/Xcode/DerivedData/Lingua_Quest-gvpckrqxtbgyprbgppjfqmimmmfw/SourcePackages/checkouts/firebase-ios-sdk/FirebaseAuth/Sources/Swift/Backend/RPC/CreateAuthURIResponse.swift (in target 'FirebaseAuth' from project 'Firebase')
SwiftCompile normal arm64 /Users/siam/Library/Developer/Xcode/DerivedData/Lingua_Quest-gvpckrqxtbgyprbgppjfqmimmmfw/SourcePackages/checkouts/firebase-ios-sdk/FirebaseAuth/Sources/Swift/AuthProvider/PhoneAuthCredential.swift (in target 'FirebaseAuth' from project 'Firebase')
    cd /Users/siam/Desktop/Lingua\ Quest/Lingua\ Quest.xcodeproj
    

SwiftCompile normal arm64 /Users/siam/Library/Developer/Xcode/DerivedData/Lingua_Quest-gvpckrqxtbgyprbgppjfqmimmmfw/SourcePackages/checkouts/firebase-ios-sdk/FirebaseAuth/Sources/Swift/AuthProvider/PhoneAuthProvider.swift (in target 'FirebaseAuth' from project 'Firebase')
    cd /Users/siam/Desktop/Lingua\ Quest/Lingua\ Quest.xcodeproj
    

SwiftCompile normal arm64 /Users/siam/Library/Developer/Xcode/DerivedData/Lingua_Quest-gvpckrqxtbgyprbgppjfqmimmmfw/SourcePackages/checkouts/firebase-ios-sdk/FirebaseAuth/Sources/Swift/AuthProvider/TwitterAuthProvider.swift (in target 'FirebaseAuth' from project 'Firebase')
    cd /Users/siam/Desktop/Lingua\ Quest/Lingua\ Quest.xcodeproj
    

SwiftCompile normal arm64 /Users/siam/Library/Developer/Xcode/DerivedData/Lingua_Quest-gvpckrqxtbgyprbgppjfqmimmmfw/SourcePackages/checkouts/firebase-ios-sdk/FirebaseAuth/Sources/Swift/Backend/AuthBackend.swift (in target 'FirebaseAuth' from project 'Firebase')
    cd /Users/siam/Desktop/Lingua\ Quest/Lingua\ Quest.xcodeproj
    

SwiftCompile normal arm64 /Users/siam/Library/Developer/Xcode/DerivedData/Lingua_Quest-gvpckrqxtbgyprbgppjfqmimmmfw/SourcePackages/checkouts/firebase-ios-sdk/FirebaseAuth/Sources/Swift/Backend/AuthBackendRPCIssuer.swift (in target 'FirebaseAuth' from project 'Firebase')
    cd /Users/siam/Desktop/Lingua\ Quest/Lingua\ Quest.xcodeproj
    

SwiftCompile normal arm64 /Users/siam/Library/Developer/Xcode/DerivedData/Lingua_Quest-gvpckrqxtbgyprbgppjfqmimmmfw/SourcePackages/checkouts/firebase-ios-sdk/FirebaseAuth/Sources/Swift/Backend/AuthRPCRequest.swift (in target 'FirebaseAuth' from project 'Firebase')
    cd /Users/siam/Desktop/Lingua\ Quest/Lingua\ Quest.xcodeproj
    

SwiftCompile normal arm64 /Users/siam/Library/Developer/Xcode/DerivedData/Lingua_Quest-gvpckrqxtbgyprbgppjfqmimmmfw/SourcePackages/checkouts/firebase-ios-sdk/FirebaseAuth/Sources/Swift/Backend/AuthRPCResponse.swift (in target 'FirebaseAuth' from project 'Firebase')
    cd /Users/siam/Desktop/Lingua\ Quest/Lingua\ Quest.xcodeproj
    

SwiftCompile normal arm64 /Users/siam/Library/Developer/Xcode/DerivedData/Lingua_Quest-gvpckrqxtbgyprbgppjfqmimmmfw/SourcePackages/checkouts/firebase-ios-sdk/FirebaseAuth/Sources/Swift/Backend/AuthRequestConfiguration.swift (in target 'FirebaseAuth' from project 'Firebase')
    cd /Users/siam/Desktop/Lingua\ Quest/Lingua\ Quest.xcodeproj
    

SwiftCompile normal arm64 /Users/siam/Library/Developer/Xcode/DerivedData/Lingua_Quest-gvpckrqxtbgyprbgppjfqmimmmfw/SourcePackages/checkouts/firebase-ios-sdk/FirebaseAuth/Sources/Swift/Backend/IdentityToolkitRequest.swift (in target 'FirebaseAuth' from project 'Firebase')
    cd /Users/siam/Desktop/Lingua\ Quest/Lingua\ Quest.xcodeproj
    

SwiftCompile normal arm64 /Users/siam/Library/Developer/Xcode/DerivedData/Lingua_Quest-gvpckrqxtbgyprbgppjfqmimmmfw/SourcePackages/checkouts/firebase-ios-sdk/FirebaseAuth/Sources/Swift/Backend/RPC/AuthMFAResponse.swift (in target 'FirebaseAuth' from project 'Firebase')
    cd /Users/siam/Desktop/Lingua\ Quest/Lingua\ Quest.xcodeproj
    

SwiftCompile normal arm64 /Users/siam/Library/Developer/Xcode/DerivedData/Lingua_Quest-gvpckrqxtbgyprbgppjfqmimmmfw/SourcePackages/checkouts/firebase-ios-sdk/FirebaseAuth/Sources/Swift/Backend/RPC/CreateAuthURIRequest.swift (in target 'FirebaseAuth' from project 'Firebase')
    cd /Users/siam/Desktop/Lingua\ Quest/Lingua\ Quest.xcodeproj
    

SwiftCompile normal arm64 /Users/siam/Library/Developer/Xcode/DerivedData/Lingua_Quest-gvpckrqxtbgyprbgppjfqmimmmfw/SourcePackages/checkouts/firebase-ios-sdk/FirebaseAuth/Sources/Swift/Backend/RPC/CreateAuthURIResponse.swift (in target 'FirebaseAuth' from project 'Firebase')
    cd /Users/siam/Desktop/Lingua\ Quest/Lingua\ Quest.xcodeproj
    

SwiftCompile normal x86_64 Compiling\ AuthNotificationManager.swift,\ AuthStoredUserManager.swift,\ SecureTokenService.swift,\ TokenRefreshCoalescer.swift,\ AdditionalUserInfo.swift,\ User.swift,\ UserInfo.swift,\ UserInfoImpl.swift,\ UserMetadata.swift,\ UserProfileChangeRequest.swift,\ UserProfileUpdate.swift /Users/siam/Library/Developer/Xcode/DerivedData/Lingua_Quest-gvpckrqxtbgyprbgppjfqmimmmfw/SourcePackages/checkouts/firebase-ios-sdk/FirebaseAuth/Sources/Swift/SystemService/AuthNotificationManager.swift /Users/siam/Library/Developer/Xcode/DerivedData/Lingua_Quest-gvpckrqxtbgyprbgppjfqmimmmfw/SourcePackages/checkouts/firebase-ios-sdk/FirebaseAuth/Sources/Swift/SystemService/AuthStoredUserManager.swift /Users/siam/Library/Developer/Xcode/DerivedData/Lingua_Quest-gvpckrqxtbgyprbgppjfqmimmmfw/SourcePackages/checkouts/firebase-ios-sdk/FirebaseAuth/Sources/Swift/SystemService/SecureTokenService.swift /Users/siam/Library/Developer/Xcode/DerivedData/Lingua_Quest-gvpckrqxtbgyprbgppjfqmimmmfw/SourcePackages/checkouts/firebase-ios-sdk/FirebaseAuth/Sources/Swift/SystemService/TokenRefreshCoalescer.swift /Users/siam/Library/Developer/Xcode/DerivedData/Lingua_Quest-gvpckrqxtbgyprbgppjfqmimmmfw/SourcePackages/checkouts/firebase-ios-sdk/FirebaseAuth/Sources/Swift/User/AdditionalUserInfo.swift /Users/siam/Library/Developer/Xcode/DerivedData/Lingua_Quest-gvpckrqxtbgyprbgppjfqmimmmfw/SourcePackages/checkouts/firebase-ios-sdk/FirebaseAuth/Sources/Swift/User/User.swift /Users/siam/Library/Developer/Xcode/DerivedData/Lingua_Quest-gvpckrqxtbgyprbgppjfqmimmmfw/SourcePackages/checkouts/firebase-ios-sdk/FirebaseAuth/Sources/Swift/User/UserInfo.swift /Users/siam/Library/Developer/Xcode/DerivedData/Lingua_Quest-gvpckrqxtbgyprbgppjfqmimmmfw/SourcePackages/checkouts/firebase-ios-sdk/FirebaseAuth/Sources/Swift/User/UserInfoImpl.swift /Users/siam/Library/Developer/Xcode/DerivedData/Lingua_Quest-gvpckrqxtbgyprbgppjfqmimmmfw/SourcePackages/checkouts/firebase-ios-sdk/FirebaseAuth/Sources/Swift/User/UserMetadata.swift /Users/siam/Library/Developer/Xcode/DerivedData/Lingua_Quest-gvpckrqxtbgyprbgppjfqmimmmfw/SourcePackages/checkouts/firebase-ios-sdk/FirebaseAuth/Sources/Swift/User/UserProfileChangeRequest.swift /Users/siam/Library/Developer/Xcode/DerivedData/Lingua_Quest-gvpckrqxtbgyprbgppjfqmimmmfw/SourcePackages/checkouts/firebase-ios-sdk/FirebaseAuth/Sources/Swift/User/UserProfileUpdate.swift (in target 'FirebaseAuth' from project 'Firebase')
SwiftCompile normal x86_64 /Users/siam/Library/Developer/Xcode/DerivedData/Lingua_Quest-gvpckrqxtbgyprbgppjfqmimmmfw/SourcePackages/checkouts/firebase-ios-sdk/FirebaseAuth/Sources/Swift/SystemService/AuthNotificationManager.swift (in target 'FirebaseAuth' from project 'Firebase')
    cd /Users/siam/Desktop/Lingua\ Quest/Lingua\ Quest.xcodeproj
    

SwiftCompile normal x86_64 /Users/siam/Library/Developer/Xcode/DerivedData/Lingua_Quest-gvpckrqxtbgyprbgppjfqmimmmfw/SourcePackages/checkouts/firebase-ios-sdk/FirebaseAuth/Sources/Swift/SystemService/AuthStoredUserManager.swift (in target 'FirebaseAuth' from project 'Firebase')
    cd /Users/siam/Desktop/Lingua\ Quest/Lingua\ Quest.xcodeproj
    

SwiftCompile normal x86_64 /Users/siam/Library/Developer/Xcode/DerivedData/Lingua_Quest-gvpckrqxtbgyprbgppjfqmimmmfw/SourcePackages/checkouts/firebase-ios-sdk/FirebaseAuth/Sources/Swift/SystemService/SecureTokenService.swift (in target 'FirebaseAuth' from project 'Firebase')
    cd /Users/siam/Desktop/Lingua\ Quest/Lingua\ Quest.xcodeproj
    

SwiftCompile normal x86_64 /Users/siam/Library/Developer/Xcode/DerivedData/Lingua_Quest-gvpckrqxtbgyprbgppjfqmimmmfw/SourcePackages/checkouts/firebase-ios-sdk/FirebaseAuth/Sources/Swift/SystemService/TokenRefreshCoalescer.swift (in target 'FirebaseAuth' from project 'Firebase')
    cd /Users/siam/Desktop/Lingua\ Quest/Lingua\ Quest.xcodeproj
    

SwiftCompile normal x86_64 /Users/siam/Library/Developer/Xcode/DerivedData/Lingua_Quest-gvpckrqxtbgyprbgppjfqmimmmfw/SourcePackages/checkouts/firebase-ios-sdk/FirebaseAuth/Sources/Swift/User/AdditionalUserInfo.swift (in target 'FirebaseAuth' from project 'Firebase')
    cd /Users/siam/Desktop/Lingua\ Quest/Lingua\ Quest.xcodeproj
    

SwiftCompile normal x86_64 /Users/siam/Library/Developer/Xcode/DerivedData/Lingua_Quest-gvpckrqxtbgyprbgppjfqmimmmfw/SourcePackages/checkouts/firebase-ios-sdk/FirebaseAuth/Sources/Swift/User/User.swift (in target 'FirebaseAuth' from project 'Firebase')
    cd /Users/siam/Desktop/Lingua\ Quest/Lingua\ Quest.xcodeproj
    

SwiftCompile normal x86_64 /Users/siam/Library/Developer/Xcode/DerivedData/Lingua_Quest-gvpckrqxtbgyprbgppjfqmimmmfw/SourcePackages/checkouts/firebase-ios-sdk/FirebaseAuth/Sources/Swift/User/UserInfo.swift (in target 'FirebaseAuth' from project 'Firebase')
    cd /Users/siam/Desktop/Lingua\ Quest/Lingua\ Quest.xcodeproj
    

SwiftCompile normal x86_64 /Users/siam/Library/Developer/Xcode/DerivedData/Lingua_Quest-gvpckrqxtbgyprbgppjfqmimmmfw/SourcePackages/checkouts/firebase-ios-sdk/FirebaseAuth/Sources/Swift/User/UserInfoImpl.swift (in target 'FirebaseAuth' from project 'Firebase')
    cd /Users/siam/Desktop/Lingua\ Quest/Lingua\ Quest.xcodeproj
    

SwiftCompile normal x86_64 /Users/siam/Library/Developer/Xcode/DerivedData/Lingua_Quest-gvpckrqxtbgyprbgppjfqmimmmfw/SourcePackages/checkouts/firebase-ios-sdk/FirebaseAuth/Sources/Swift/User/UserMetadata.swift (in target 'FirebaseAuth' from project 'Firebase')
    cd /Users/siam/Desktop/Lingua\ Quest/Lingua\ Quest.xcodeproj
    

SwiftCompile normal x86_64 /Users/siam/Library/Developer/Xcode/DerivedData/Lingua_Quest-gvpckrqxtbgyprbgppjfqmimmmfw/SourcePackages/checkouts/firebase-ios-sdk/FirebaseAuth/Sources/Swift/User/UserProfileChangeRequest.swift (in target 'FirebaseAuth' from project 'Firebase')
    cd /Users/siam/Desktop/Lingua\ Quest/Lingua\ Quest.xcodeproj
    

SwiftCompile normal x86_64 /Users/siam/Library/Developer/Xcode/DerivedData/Lingua_Quest-gvpckrqxtbgyprbgppjfqmimmmfw/SourcePackages/checkouts/firebase-ios-sdk/FirebaseAuth/Sources/Swift/User/UserProfileUpdate.swift (in target 'FirebaseAuth' from project 'Firebase')
    cd /Users/siam/Desktop/Lingua\ Quest/Lingua\ Quest.xcodeproj
    

SwiftDriverJobDiscovery normal x86_64 Compiling TimeGranularity.swift, TimePart.swift, TimeUnit.swift, VectorValue+Swift.swift, SwiftHeaderWorkaround.swift (in target 'FirebaseFirestore' from project 'Firebase')

SwiftCompile normal arm64 Compiling\ FinalizeMFAEnrollmentRequest.swift,\ FinalizeMFAEnrollmentResponse.swift,\ StartMFAEnrollmentRequest.swift,\ StartMFAEnrollmentResponse.swift,\ FinalizeMFASignInRequest.swift,\ FinalizeMFASignInResponse.swift,\ StartMFASignInRequest.swift,\ StartMFASignInResponse.swift,\ WithdrawMFARequest.swift,\ WithdrawMFAResponse.swift,\ AuthProto.swift,\ AuthProtoMFAEnrollment.swift /Users/siam/Library/Developer/Xcode/DerivedData/Lingua_Quest-gvpckrqxtbgyprbgppjfqmimmmfw/SourcePackages/checkouts/firebase-ios-sdk/FirebaseAuth/Sources/Swift/Backend/RPC/MultiFactor/Enroll/FinalizeMFAEnrollmentRequest.swift /Users/siam/Library/Developer/Xcode/DerivedData/Lingua_Quest-gvpckrqxtbgyprbgppjfqmimmmfw/SourcePackages/checkouts/firebase-ios-sdk/FirebaseAuth/Sources/Swift/Backend/RPC/MultiFactor/Enroll/FinalizeMFAEnrollmentResponse.swift /Users/siam/Library/Developer/Xcode/DerivedData/Lingua_Quest-gvpckrqxtbgyprbgppjfqmimmmfw/SourcePackages/checkouts/firebase-ios-sdk/FirebaseAuth/Sources/Swift/Backend/RPC/MultiFactor/Enroll/StartMFAEnrollmentRequest.swift /Users/siam/Library/Developer/Xcode/DerivedData/Lingua_Quest-gvpckrqxtbgyprbgppjfqmimmmfw/SourcePackages/checkouts/firebase-ios-sdk/FirebaseAuth/Sources/Swift/Backend/RPC/MultiFactor/Enroll/StartMFAEnrollmentResponse.swift /Users/siam/Library/Developer/Xcode/DerivedData/Lingua_Quest-gvpckrqxtbgyprbgppjfqmimmmfw/SourcePackages/checkouts/firebase-ios-sdk/FirebaseAuth/Sources/Swift/Backend/RPC/MultiFactor/SignIn/FinalizeMFASignInRequest.swift /Users/siam/Library/Developer/Xcode/DerivedData/Lingua_Quest-gvpckrqxtbgyprbgppjfqmimmmfw/SourcePackages/checkouts/firebase-ios-sdk/FirebaseAuth/Sources/Swift/Backend/RPC/MultiFactor/SignIn/FinalizeMFASignInResponse.swift /Users/siam/Library/Developer/Xcode/DerivedData/Lingua_Quest-gvpckrqxtbgyprbgppjfqmimmmfw/SourcePackages/checkouts/firebase-ios-sdk/FirebaseAuth/Sources/Swift/Backend/RPC/MultiFactor/SignIn/StartMFASignInRequest.swift /Users/siam/Library/Developer/Xcode/DerivedData/Lingua_Quest-gvpckrqxtbgyprbgppjfqmimmmfw/SourcePackages/checkouts/firebase-ios-sdk/FirebaseAuth/Sources/Swift/Backend/RPC/MultiFactor/SignIn/StartMFASignInResponse.swift /Users/siam/Library/Developer/Xcode/DerivedData/Lingua_Quest-gvpckrqxtbgyprbgppjfqmimmmfw/SourcePackages/checkouts/firebase-ios-sdk/FirebaseAuth/Sources/Swift/Backend/RPC/MultiFactor/Unenroll/WithdrawMFARequest.swift /Users/siam/Library/Developer/Xcode/DerivedData/Lingua_Quest-gvpckrqxtbgyprbgppjfqmimmmfw/SourcePackages/checkouts/firebase-ios-sdk/FirebaseAuth/Sources/Swift/Backend/RPC/MultiFactor/Unenroll/WithdrawMFAResponse.swift /Users/siam/Library/Developer/Xcode/DerivedData/Lingua_Quest-gvpckrqxtbgyprbgppjfqmimmmfw/SourcePackages/checkouts/firebase-ios-sdk/FirebaseAuth/Sources/Swift/Backend/RPC/Proto/AuthProto.swift /Users/siam/Library/Developer/Xcode/DerivedData/Lingua_Quest-gvpckrqxtbgyprbgppjfqmimmmfw/SourcePackages/checkouts/firebase-ios-sdk/FirebaseAuth/Sources/Swift/Backend/RPC/Proto/AuthProtoMFAEnrollment.swift (in target 'FirebaseAuth' from project 'Firebase')

SwiftCompile normal arm64 /Users/siam/Library/Developer/Xcode/DerivedData/Lingua_Quest-gvpckrqxtbgyprbgppjfqmimmmfw/SourcePackages/checkouts/firebase-ios-sdk/FirebaseAuth/Sources/Swift/Backend/RPC/MultiFactor/Enroll/FinalizeMFAEnrollmentRequest.swift (in target 'FirebaseAuth' from project 'Firebase')
    cd /Users/siam/Desktop/Lingua\ Quest/Lingua\ Quest.xcodeproj
    

SwiftCompile normal arm64 /Users/siam/Library/Developer/Xcode/DerivedData/Lingua_Quest-gvpckrqxtbgyprbgppjfqmimmmfw/SourcePackages/checkouts/firebase-ios-sdk/FirebaseAuth/Sources/Swift/Backend/RPC/MultiFactor/Enroll/FinalizeMFAEnrollmentResponse.swift (in target 'FirebaseAuth' from project 'Firebase')
    cd /Users/siam/Desktop/Lingua\ Quest/Lingua\ Quest.xcodeproj
    

SwiftCompile normal arm64 /Users/siam/Library/Developer/Xcode/DerivedData/Lingua_Quest-gvpckrqxtbgyprbgppjfqmimmmfw/SourcePackages/checkouts/firebase-ios-sdk/FirebaseAuth/Sources/Swift/Backend/RPC/MultiFactor/Enroll/StartMFAEnrollmentRequest.swift (in target 'FirebaseAuth' from project 'Firebase')
    cd /Users/siam/Desktop/Lingua\ Quest/Lingua\ Quest.xcodeproj
    

SwiftCompile normal arm64 /Users/siam/Library/Developer/Xcode/DerivedData/Lingua_Quest-gvpckrqxtbgyprbgppjfqmimmmfw/SourcePackages/checkouts/firebase-ios-sdk/FirebaseAuth/Sources/Swift/Backend/RPC/MultiFactor/Enroll/StartMFAEnrollmentResponse.swift (in target 'FirebaseAuth' from project 'Firebase')
    cd /Users/siam/Desktop/Lingua\ Quest/Lingua\ Quest.xcodeproj
    

SwiftCompile normal arm64 /Users/siam/Library/Developer/Xcode/DerivedData/Lingua_Quest-gvpckrqxtbgyprbgppjfqmimmmfw/SourcePackages/checkouts/firebase-ios-sdk/FirebaseAuth/Sources/Swift/Backend/RPC/MultiFactor/SignIn/FinalizeMFASignInRequest.swift (in target 'FirebaseAuth' from project 'Firebase')
    cd /Users/siam/Desktop/Lingua\ Quest/Lingua\ Quest.xcodeproj
    

SwiftCompile normal arm64 /Users/siam/Library/Developer/Xcode/DerivedData/Lingua_Quest-gvpckrqxtbgyprbgppjfqmimmmfw/SourcePackages/checkouts/firebase-ios-sdk/FirebaseAuth/Sources/Swift/Backend/RPC/MultiFactor/SignIn/FinalizeMFASignInResponse.swift (in target 'FirebaseAuth' from project 'Firebase')
    cd /Users/siam/Desktop/Lingua\ Quest/Lingua\ Quest.xcodeproj
    

SwiftCompile normal arm64 /Users/siam/Library/Developer/Xcode/DerivedData/Lingua_Quest-gvpckrqxtbgyprbgppjfqmimmmfw/SourcePackages/checkouts/firebase-ios-sdk/FirebaseAuth/Sources/Swift/Backend/RPC/MultiFactor/SignIn/StartMFASignInRequest.swift (in target 'FirebaseAuth' from project 'Firebase')
    cd /Users/siam/Desktop/Lingua\ Quest/Lingua\ Quest.xcodeproj
    

SwiftCompile normal arm64 /Users/siam/Library/Developer/Xcode/DerivedData/Lingua_Quest-gvpckrqxtbgyprbgppjfqmimmmfw/SourcePackages/checkouts/firebase-ios-sdk/FirebaseAuth/Sources/Swift/Backend/RPC/MultiFactor/SignIn/StartMFASignInResponse.swift (in target 'FirebaseAuth' from project 'Firebase')
    cd /Users/siam/Desktop/Lingua\ Quest/Lingua\ Quest.xcodeproj
    

SwiftCompile normal arm64 /Users/siam/Library/Developer/Xcode/DerivedData/Lingua_Quest-gvpckrqxtbgyprbgppjfqmimmmfw/SourcePackages/checkouts/firebase-ios-sdk/FirebaseAuth/Sources/Swift/Backend/RPC/MultiFactor/Unenroll/WithdrawMFARequest.swift (in target 'FirebaseAuth' from project 'Firebase')
    cd /Users/siam/Desktop/Lingua\ Quest/Lingua\ Quest.xcodeproj
    

SwiftCompile normal arm64 /Users/siam/Library/Developer/Xcode/DerivedData/Lingua_Quest-gvpckrqxtbgyprbgppjfqmimmmfw/SourcePackages/checkouts/firebase-ios-sdk/FirebaseAuth/Sources/Swift/Backend/RPC/MultiFactor/Unenroll/WithdrawMFAResponse.swift (in target 'FirebaseAuth' from project 'Firebase')
    cd /Users/siam/Desktop/Lingua\ Quest/Lingua\ Quest.xcodeproj
    

SwiftCompile normal arm64 /Users/siam/Library/Developer/Xcode/DerivedData/Lingua_Quest-gvpckrqxtbgyprbgppjfqmimmmfw/SourcePackages/checkouts/firebase-ios-sdk/FirebaseAuth/Sources/Swift/Backend/RPC/Proto/AuthProto.swift (in target 'FirebaseAuth' from project 'Firebase')
    cd /Users/siam/Desktop/Lingua\ Quest/Lingua\ Quest.xcodeproj
    

SwiftCompile normal arm64 /Users/siam/Library/Developer/Xcode/DerivedData/Lingua_Quest-gvpckrqxtbgyprbgppjfqmimmmfw/SourcePackages/checkouts/firebase-ios-sdk/FirebaseAuth/Sources/Swift/Backend/RPC/Proto/AuthProtoMFAEnrollment.swift (in target 'FirebaseAuth' from project 'Firebase')
    cd /Users/siam/Desktop/Lingua\ Quest/Lingua\ Quest.xcodeproj
    

SwiftDriverJobDiscovery normal arm64 Compiling TimeGranularity.swift, TimePart.swift, TimeUnit.swift, VectorValue+Swift.swift, SwiftHeaderWorkaround.swift (in target 'FirebaseFirestore' from project 'Firebase')

SwiftCompile normal arm64 Compiling\ resource_bundle_accessor.swift,\ ActionCodeInfo.swift,\ ActionCodeOperation.swift,\ ActionCodeSettings.swift,\ ActionCodeURL.swift,\ Auth+Async.swift,\ Auth.swift,\ AuthComponent.swift,\ AuthDataResult.swift,\ AuthDispatcher.swift,\ AuthGlobalWorkQueue.swift,\ AuthOperationType.swift /Users/siam/Library/Developer/Xcode/DerivedData/Lingua_Quest-gvpckrqxtbgyprbgppjfqmimmmfw/Build/Intermediates.noindex/Firebase.build/Debug-iphonesimulator/FirebaseAuth.build/DerivedSources/resource_bundle_accessor.swift /Users/siam/Library/Developer/Xcode/DerivedData/Lingua_Quest-gvpckrqxtbgyprbgppjfqmimmmfw/SourcePackages/checkouts/firebase-ios-sdk/FirebaseAuth/Sources/Swift/ActionCode/ActionCodeInfo.swift /Users/siam/Library/Developer/Xcode/DerivedData/Lingua_Quest-gvpckrqxtbgyprbgppjfqmimmmfw/SourcePackages/checkouts/firebase-ios-sdk/FirebaseAuth/Sources/Swift/ActionCode/ActionCodeOperation.swift /Users/siam/Library/Developer/Xcode/DerivedData/Lingua_Quest-gvpckrqxtbgyprbgppjfqmimmmfw/SourcePackages/checkouts/firebase-ios-sdk/FirebaseAuth/Sources/Swift/ActionCode/ActionCodeSettings.swift /Users/siam/Library/Developer/Xcode/DerivedData/Lingua_Quest-gvpckrqxtbgyprbgppjfqmimmmfw/SourcePackages/checkouts/firebase-ios-sdk/FirebaseAuth/Sources/Swift/ActionCode/ActionCodeURL.swift /Users/siam/Library/Developer/Xcode/DerivedData/Lingua_Quest-gvpckrqxtbgyprbgppjfqmimmmfw/SourcePackages/checkouts/firebase-ios-sdk/FirebaseAuth/Sources/Swift/Auth/Auth+Async.swift /Users/siam/Library/Developer/Xcode/DerivedData/Lingua_Quest-gvpckrqxtbgyprbgppjfqmimmmfw/SourcePackages/checkouts/firebase-ios-sdk/FirebaseAuth/Sources/Swift/Auth/Auth.swift /Users/siam/Library/Developer/Xcode/DerivedData/Lingua_Quest-gvpckrqxtbgyprbgppjfqmimmmfw/SourcePackages/checkouts/firebase-ios-sdk/FirebaseAuth/Sources/Swift/Auth/AuthComponent.swift /Users/siam/Library/Developer/Xcode/DerivedData/Lingua_Quest-gvpckrqxtbgyprbgppjfqmimmmfw/SourcePackages/checkouts/firebase-ios-sdk/FirebaseAuth/Sources/Swift/Auth/AuthDataResult.swift /Users/siam/Library/Developer/Xcode/DerivedData/Lingua_Quest-gvpckrqxtbgyprbgppjfqmimmmfw/SourcePackages/checkouts/firebase-ios-sdk/FirebaseAuth/Sources/Swift/Auth/AuthDispatcher.swift /Users/siam/Library/Developer/Xcode/DerivedData/Lingua_Quest-gvpckrqxtbgyprbgppjfqmimmmfw/SourcePackages/checkouts/firebase-ios-sdk/FirebaseAuth/Sources/Swift/Auth/AuthGlobalWorkQueue.swift /Users/siam/Library/Developer/Xcode/DerivedData/Lingua_Quest-gvpckrqxtbgyprbgppjfqmimmmfw/SourcePackages/checkouts/firebase-ios-sdk/FirebaseAuth/Sources/Swift/Auth/AuthOperationType.swift (in target 'FirebaseAuth' from project 'Firebase')
SwiftCompile normal arm64 /Users/siam/Library/Developer/Xcode/DerivedData/Lingua_Quest-gvpckrqxtbgyprbgppjfqmimmmfw/Build/Intermediates.noindex/Firebase.build/Debug-iphonesimulator/FirebaseAuth.build/DerivedSources/resource_bundle_accessor.swift (in target 'FirebaseAuth' from project 'Firebase')
    cd /Users/siam/Desktop/Lingua\ Quest/Lingua\ Quest.xcodeproj
    

SwiftCompile normal arm64 /Users/siam/Library/Developer/Xcode/DerivedData/Lingua_Quest-gvpckrqxtbgyprbgppjfqmimmmfw/SourcePackages/checkouts/firebase-ios-sdk/FirebaseAuth/Sources/Swift/ActionCode/ActionCodeInfo.swift (in target 'FirebaseAuth' from project 'Firebase')
    cd /Users/siam/Desktop/Lingua\ Quest/Lingua\ Quest.xcodeproj
    

SwiftCompile normal arm64 /Users/siam/Library/Developer/Xcode/DerivedData/Lingua_Quest-gvpckrqxtbgyprbgppjfqmimmmfw/SourcePackages/checkouts/firebase-ios-sdk/FirebaseAuth/Sources/Swift/ActionCode/ActionCodeOperation.swift (in target 'FirebaseAuth' from project 'Firebase')
    cd /Users/siam/Desktop/Lingua\ Quest/Lingua\ Quest.xcodeproj
    

SwiftCompile normal arm64 /Users/siam/Library/Developer/Xcode/DerivedData/Lingua_Quest-gvpckrqxtbgyprbgppjfqmimmmfw/SourcePackages/checkouts/firebase-ios-sdk/FirebaseAuth/Sources/Swift/ActionCode/ActionCodeSettings.swift (in target 'FirebaseAuth' from project 'Firebase')
    cd /Users/siam/Desktop/Lingua\ Quest/Lingua\ Quest.xcodeproj
    

SwiftCompile normal arm64 /Users/siam/Library/Developer/Xcode/DerivedData/Lingua_Quest-gvpckrqxtbgyprbgppjfqmimmmfw/SourcePackages/checkouts/firebase-ios-sdk/FirebaseAuth/Sources/Swift/ActionCode/ActionCodeURL.swift (in target 'FirebaseAuth' from project 'Firebase')
    cd /Users/siam/Desktop/Lingua\ Quest/Lingua\ Quest.xcodeproj
    

SwiftCompile normal arm64 /Users/siam/Library/Developer/Xcode/DerivedData/Lingua_Quest-gvpckrqxtbgyprbgppjfqmimmmfw/SourcePackages/checkouts/firebase-ios-sdk/FirebaseAuth/Sources/Swift/Auth/Auth+Async.swift (in target 'FirebaseAuth' from project 'Firebase')
    cd /Users/siam/Desktop/Lingua\ Quest/Lingua\ Quest.xcodeproj
    

SwiftCompile normal arm64 /Users/siam/Library/Developer/Xcode/DerivedData/Lingua_Quest-gvpckrqxtbgyprbgppjfqmimmmfw/SourcePackages/checkouts/firebase-ios-sdk/FirebaseAuth/Sources/Swift/Auth/Auth.swift (in target 'FirebaseAuth' from project 'Firebase')
    cd /Users/siam/Desktop/Lingua\ Quest/Lingua\ Quest.xcodeproj
    

SwiftCompile normal arm64 /Users/siam/Library/Developer/Xcode/DerivedData/Lingua_Quest-gvpckrqxtbgyprbgppjfqmimmmfw/SourcePackages/checkouts/firebase-ios-sdk/FirebaseAuth/Sources/Swift/Auth/AuthComponent.swift (in target 'FirebaseAuth' from project 'Firebase')
    cd /Users/siam/Desktop/Lingua\ Quest/Lingua\ Quest.xcodeproj
    

SwiftCompile normal arm64 /Users/siam/Library/Developer/Xcode/DerivedData/Lingua_Quest-gvpckrqxtbgyprbgppjfqmimmmfw/SourcePackages/checkouts/firebase-ios-sdk/FirebaseAuth/Sources/Swift/Auth/AuthDataResult.swift (in target 'FirebaseAuth' from project 'Firebase')
    cd /Users/siam/Desktop/Lingua\ Quest/Lingua\ Quest.xcodeproj
    

SwiftCompile normal arm64 /Users/siam/Library/Developer/Xcode/DerivedData/Lingua_Quest-gvpckrqxtbgyprbgppjfqmimmmfw/SourcePackages/checkouts/firebase-ios-sdk/FirebaseAuth/Sources/Swift/Auth/AuthDispatcher.swift (in target 'FirebaseAuth' from project 'Firebase')
    cd /Users/siam/Desktop/Lingua\ Quest/Lingua\ Quest.xcodeproj
    

SwiftCompile normal arm64 /Users/siam/Library/Developer/Xcode/DerivedData/Lingua_Quest-gvpckrqxtbgyprbgppjfqmimmmfw/SourcePackages/checkouts/firebase-ios-sdk/FirebaseAuth/Sources/Swift/Auth/AuthGlobalWorkQueue.swift (in target 'FirebaseAuth' from project 'Firebase')
    cd /Users/siam/Desktop/Lingua\ Quest/Lingua\ Quest.xcodeproj
    

SwiftCompile normal arm64 /Users/siam/Library/Developer/Xcode/DerivedData/Lingua_Quest-gvpckrqxtbgyprbgppjfqmimmmfw/SourcePackages/checkouts/firebase-ios-sdk/FirebaseAuth/Sources/Swift/Auth/AuthOperationType.swift (in target 'FirebaseAuth' from project 'Firebase')
    cd /Users/siam/Desktop/Lingua\ Quest/Lingua\ Quest.xcodeproj
    

SwiftDriverJobDiscovery normal arm64 Compiling Field.swift, ArrayExpression.swift, BooleanExpression.swift, DocumentSearchExpressions.swift, ConditionalExpression.swift, CurrentTimestamp.swift (in target 'FirebaseFirestore' from project 'Firebase')

SwiftCompile normal arm64 Compiling\ AuthCondition.swift,\ AuthDefaultUIDelegate.swift,\ AuthErrorUtils.swift,\ AuthErrors.swift,\ AuthInternalErrors.swift,\ AuthLog.swift,\ AuthRecaptchaVerifier.swift,\ AuthUIDelegate.swift,\ AuthURLPresenter.swift,\ AuthWebUtils.swift,\ AuthWebViewController.swift /Users/siam/Library/Developer/Xcode/DerivedData/Lingua_Quest-gvpckrqxtbgyprbgppjfqmimmmfw/SourcePackages/checkouts/firebase-ios-sdk/FirebaseAuth/Sources/Swift/Utilities/AuthCondition.swift /Users/siam/Library/Developer/Xcode/DerivedData/Lingua_Quest-gvpckrqxtbgyprbgppjfqmimmmfw/SourcePackages/checkouts/firebase-ios-sdk/FirebaseAuth/Sources/Swift/Utilities/AuthDefaultUIDelegate.swift /Users/siam/Library/Developer/Xcode/DerivedData/Lingua_Quest-gvpckrqxtbgyprbgppjfqmimmmfw/SourcePackages/checkouts/firebase-ios-sdk/FirebaseAuth/Sources/Swift/Utilities/AuthErrorUtils.swift /Users/siam/Library/Developer/Xcode/DerivedData/Lingua_Quest-gvpckrqxtbgyprbgppjfqmimmmfw/SourcePackages/checkouts/firebase-ios-sdk/FirebaseAuth/Sources/Swift/Utilities/AuthErrors.swift /Users/siam/Library/Developer/Xcode/DerivedData/Lingua_Quest-gvpckrqxtbgyprbgppjfqmimmmfw/SourcePackages/checkouts/firebase-ios-sdk/FirebaseAuth/Sources/Swift/Utilities/AuthInternalErrors.swift /Users/siam/Library/Developer/Xcode/DerivedData/Lingua_Quest-gvpckrqxtbgyprbgppjfqmimmmfw/SourcePackages/checkouts/firebase-ios-sdk/FirebaseAuth/Sources/Swift/Utilities/AuthLog.swift /Users/siam/Library/Developer/Xcode/DerivedData/Lingua_Quest-gvpckrqxtbgyprbgppjfqmimmmfw/SourcePackages/checkouts/firebase-ios-sdk/FirebaseAuth/Sources/Swift/Utilities/AuthRecaptchaVerifier.swift /Users/siam/Library/Developer/Xcode/DerivedData/Lingua_Quest-gvpckrqxtbgyprbgppjfqmimmmfw/SourcePackages/checkouts/firebase-ios-sdk/FirebaseAuth/Sources/Swift/Utilities/AuthUIDelegate.swift /Users/siam/Library/Developer/Xcode/DerivedData/Lingua_Quest-gvpckrqxtbgyprbgppjfqmimmmfw/SourcePackages/checkouts/firebase-ios-sdk/FirebaseAuth/Sources/Swift/Utilities/AuthURLPresenter.swift /Users/siam/Library/Developer/Xcode/DerivedData/Lingua_Quest-gvpckrqxtbgyprbgppjfqmimmmfw/SourcePackages/checkouts/firebase-ios-sdk/FirebaseAuth/Sources/Swift/Utilities/AuthWebUtils.swift /Users/siam/Library/Developer/Xcode/DerivedData/Lingua_Quest-gvpckrqxtbgyprbgppjfqmimmmfw/SourcePackages/checkouts/firebase-ios-sdk/FirebaseAuth/Sources/Swift/Utilities/AuthWebViewController.swift (in target 'FirebaseAuth' from project 'Firebase')

SwiftCompile normal arm64 /Users/siam/Library/Developer/Xcode/DerivedData/Lingua_Quest-gvpckrqxtbgyprbgppjfqmimmmfw/SourcePackages/checkouts/firebase-ios-sdk/FirebaseAuth/Sources/Swift/Utilities/AuthCondition.swift (in target 'FirebaseAuth' from project 'Firebase')
    cd /Users/siam/Desktop/Lingua\ Quest/Lingua\ Quest.xcodeproj
    

SwiftCompile normal arm64 /Users/siam/Library/Developer/Xcode/DerivedData/Lingua_Quest-gvpckrqxtbgyprbgppjfqmimmmfw/SourcePackages/checkouts/firebase-ios-sdk/FirebaseAuth/Sources/Swift/Utilities/AuthDefaultUIDelegate.swift (in target 'FirebaseAuth' from project 'Firebase')
    cd /Users/siam/Desktop/Lingua\ Quest/Lingua\ Quest.xcodeproj
    

SwiftCompile normal arm64 /Users/siam/Library/Developer/Xcode/DerivedData/Lingua_Quest-gvpckrqxtbgyprbgppjfqmimmmfw/SourcePackages/checkouts/firebase-ios-sdk/FirebaseAuth/Sources/Swift/Utilities/AuthErrorUtils.swift (in target 'FirebaseAuth' from project 'Firebase')
    cd /Users/siam/Desktop/Lingua\ Quest/Lingua\ Quest.xcodeproj
    

SwiftCompile normal arm64 /Users/siam/Library/Developer/Xcode/DerivedData/Lingua_Quest-gvpckrqxtbgyprbgppjfqmimmmfw/SourcePackages/checkouts/firebase-ios-sdk/FirebaseAuth/Sources/Swift/Utilities/AuthErrors.swift (in target 'FirebaseAuth' from project 'Firebase')
    cd /Users/siam/Desktop/Lingua\ Quest/Lingua\ Quest.xcodeproj
    

SwiftCompile normal arm64 /Users/siam/Library/Developer/Xcode/DerivedData/Lingua_Quest-gvpckrqxtbgyprbgppjfqmimmmfw/SourcePackages/checkouts/firebase-ios-sdk/FirebaseAuth/Sources/Swift/Utilities/AuthInternalErrors.swift (in target 'FirebaseAuth' from project 'Firebase')
    cd /Users/siam/Desktop/Lingua\ Quest/Lingua\ Quest.xcodeproj
    

SwiftCompile normal arm64 /Users/siam/Library/Developer/Xcode/DerivedData/Lingua_Quest-gvpckrqxtbgyprbgppjfqmimmmfw/SourcePackages/checkouts/firebase-ios-sdk/FirebaseAuth/Sources/Swift/Utilities/AuthLog.swift (in target 'FirebaseAuth' from project 'Firebase')
    cd /Users/siam/Desktop/Lingua\ Quest/Lingua\ Quest.xcodeproj
    

SwiftCompile normal arm64 /Users/siam/Library/Developer/Xcode/DerivedData/Lingua_Quest-gvpckrqxtbgyprbgppjfqmimmmfw/SourcePackages/checkouts/firebase-ios-sdk/FirebaseAuth/Sources/Swift/Utilities/AuthRecaptchaVerifier.swift (in target 'FirebaseAuth' from project 'Firebase')
    cd /Users/siam/Desktop/Lingua\ Quest/Lingua\ Quest.xcodeproj
    

SwiftCompile normal arm64 /Users/siam/Library/Developer/Xcode/DerivedData/Lingua_Quest-gvpckrqxtbgyprbgppjfqmimmmfw/SourcePackages/checkouts/firebase-ios-sdk/FirebaseAuth/Sources/Swift/Utilities/AuthUIDelegate.swift (in target 'FirebaseAuth' from project 'Firebase')
    cd /Users/siam/Desktop/Lingua\ Quest/Lingua\ Quest.xcodeproj
    

SwiftCompile normal arm64 /Users/siam/Library/Developer/Xcode/DerivedData/Lingua_Quest-gvpckrqxtbgyprbgppjfqmimmmfw/SourcePackages/checkouts/firebase-ios-sdk/FirebaseAuth/Sources/Swift/Utilities/AuthURLPresenter.swift (in target 'FirebaseAuth' from project 'Firebase')
    cd /Users/siam/Desktop/Lingua\ Quest/Lingua\ Quest.xcodeproj
    

SwiftCompile normal arm64 /Users/siam/Library/Developer/Xcode/DerivedData/Lingua_Quest-gvpckrqxtbgyprbgppjfqmimmmfw/SourcePackages/checkouts/firebase-ios-sdk/FirebaseAuth/Sources/Swift/Utilities/AuthWebUtils.swift (in target 'FirebaseAuth' from project 'Firebase')
    cd /Users/siam/Desktop/Lingua\ Quest/Lingua\ Quest.xcodeproj
    

SwiftCompile normal arm64 /Users/siam/Library/Developer/Xcode/DerivedData/Lingua_Quest-gvpckrqxtbgyprbgppjfqmimmmfw/SourcePackages/checkouts/firebase-ios-sdk/FirebaseAuth/Sources/Swift/Utilities/AuthWebViewController.swift (in target 'FirebaseAuth' from project 'Firebase')
    cd /Users/siam/Desktop/Lingua\ Quest/Lingua\ Quest.xcodeproj
    

SwiftDriverJobDiscovery normal x86_64 Compiling DocumentSnapshot+ReadDecodable.swift, EncoderDecoder.swift, ExplicitNull.swift, FieldValue+Encodable.swift, GeoPoint+Codable.swift, ServerTimestamp.swift (in target 'FirebaseFirestore' from project 'Firebase')

SwiftCompile normal arm64 Compiling\ Base64URLEncodedStringExtension.swift,\ MultiFactor.swift,\ MultiFactorAssertion.swift,\ MultiFactorInfo.swift,\ MultiFactorResolver.swift,\ MultiFactorSession.swift,\ PhoneMultiFactorAssertion.swift,\ PhoneMultiFactorGenerator.swift,\ PhoneMultiFactorInfo.swift,\ TOTPMultFactorAssertion.swift,\ TOTPMultiFactorGenerator.swift /Users/siam/Library/Developer/Xcode/DerivedData/Lingua_Quest-gvpckrqxtbgyprbgppjfqmimmmfw/SourcePackages/checkouts/firebase-ios-sdk/FirebaseAuth/Sources/Swift/Base64URLEncodedStringExtension.swift /Users/siam/Library/Developer/Xcode/DerivedData/Lingua_Quest-gvpckrqxtbgyprbgppjfqmimmmfw/SourcePackages/checkouts/firebase-ios-sdk/FirebaseAuth/Sources/Swift/MultiFactor/MultiFactor.swift /Users/siam/Library/Developer/Xcode/DerivedData/Lingua_Quest-gvpckrqxtbgyprbgppjfqmimmmfw/SourcePackages/checkouts/firebase-ios-sdk/FirebaseAuth/Sources/Swift/MultiFactor/MultiFactorAssertion.swift /Users/siam/Library/Developer/Xcode/DerivedData/Lingua_Quest-gvpckrqxtbgyprbgppjfqmimmmfw/SourcePackages/checkouts/firebase-ios-sdk/FirebaseAuth/Sources/Swift/MultiFactor/MultiFactorInfo.swift /Users/siam/Library/Developer/Xcode/DerivedData/Lingua_Quest-gvpckrqxtbgyprbgppjfqmimmmfw/SourcePackages/checkouts/firebase-ios-sdk/FirebaseAuth/Sources/Swift/MultiFactor/MultiFactorResolver.swift /Users/siam/Library/Developer/Xcode/DerivedData/Lingua_Quest-gvpckrqxtbgyprbgppjfqmimmmfw/SourcePackages/checkouts/firebase-ios-sdk/FirebaseAuth/Sources/Swift/MultiFactor/MultiFactorSession.swift /Users/siam/Library/Developer/Xcode/DerivedData/Lingua_Quest-gvpckrqxtbgyprbgppjfqmimmmfw/SourcePackages/checkouts/firebase-ios-sdk/FirebaseAuth/Sources/Swift/MultiFactor/Phone/PhoneMultiFactorAssertion.swift /Users/siam/Library/Developer/Xcode/DerivedData/Lingua_Quest-gvpckrqxtbgyprbgppjfqmimmmfw/SourcePackages/checkouts/firebase-ios-sdk/FirebaseAuth/Sources/Swift/MultiFactor/Phone/PhoneMultiFactorGenerator.swift /Users/siam/Library/Developer/Xcode/DerivedData/Lingua_Quest-gvpckrqxtbgyprbgppjfqmimmmfw/SourcePackages/checkouts/firebase-ios-sdk/FirebaseAuth/Sources/Swift/MultiFactor/Phone/PhoneMultiFactorInfo.swift /Users/siam/Library/Developer/Xcode/DerivedData/Lingua_Quest-gvpckrqxtbgyprbgppjfqmimmmfw/SourcePackages/checkouts/firebase-ios-sdk/FirebaseAuth/Sources/Swift/MultiFactor/TOTP/TOTPMultFactorAssertion.swift /Users/siam/Library/Developer/Xcode/DerivedData/Lingua_Quest-gvpckrqxtbgyprbgppjfqmimmmfw/SourcePackages/checkouts/firebase-ios-sdk/FirebaseAuth/Sources/Swift/MultiFactor/TOTP/TOTPMultiFactorGenerator.swift (in target 'FirebaseAuth' from project 'Firebase')

SwiftCompile normal arm64 /Users/siam/Library/Developer/Xcode/DerivedData/Lingua_Quest-gvpckrqxtbgyprbgppjfqmimmmfw/SourcePackages/checkouts/firebase-ios-sdk/FirebaseAuth/Sources/Swift/Base64URLEncodedStringExtension.swift (in target 'FirebaseAuth' from project 'Firebase')
    cd /Users/siam/Desktop/Lingua\ Quest/Lingua\ Quest.xcodeproj
    

SwiftCompile normal arm64 /Users/siam/Library/Developer/Xcode/DerivedData/Lingua_Quest-gvpckrqxtbgyprbgppjfqmimmmfw/SourcePackages/checkouts/firebase-ios-sdk/FirebaseAuth/Sources/Swift/MultiFactor/MultiFactor.swift (in target 'FirebaseAuth' from project 'Firebase')
    cd /Users/siam/Desktop/Lingua\ Quest/Lingua\ Quest.xcodeproj
    

SwiftCompile normal arm64 /Users/siam/Library/Developer/Xcode/DerivedData/Lingua_Quest-gvpckrqxtbgyprbgppjfqmimmmfw/SourcePackages/checkouts/firebase-ios-sdk/FirebaseAuth/Sources/Swift/MultiFactor/MultiFactorAssertion.swift (in target 'FirebaseAuth' from project 'Firebase')
    cd /Users/siam/Desktop/Lingua\ Quest/Lingua\ Quest.xcodeproj
    

SwiftCompile normal arm64 /Users/siam/Library/Developer/Xcode/DerivedData/Lingua_Quest-gvpckrqxtbgyprbgppjfqmimmmfw/SourcePackages/checkouts/firebase-ios-sdk/FirebaseAuth/Sources/Swift/MultiFactor/MultiFactorInfo.swift (in target 'FirebaseAuth' from project 'Firebase')
    cd /Users/siam/Desktop/Lingua\ Quest/Lingua\ Quest.xcodeproj
    

SwiftCompile normal arm64 /Users/siam/Library/Developer/Xcode/DerivedData/Lingua_Quest-gvpckrqxtbgyprbgppjfqmimmmfw/SourcePackages/checkouts/firebase-ios-sdk/FirebaseAuth/Sources/Swift/MultiFactor/MultiFactorResolver.swift (in target 'FirebaseAuth' from project 'Firebase')
    cd /Users/siam/Desktop/Lingua\ Quest/Lingua\ Quest.xcodeproj
    

SwiftCompile normal arm64 /Users/siam/Library/Developer/Xcode/DerivedData/Lingua_Quest-gvpckrqxtbgyprbgppjfqmimmmfw/SourcePackages/checkouts/firebase-ios-sdk/FirebaseAuth/Sources/Swift/MultiFactor/MultiFactorSession.swift (in target 'FirebaseAuth' from project 'Firebase')
    cd /Users/siam/Desktop/Lingua\ Quest/Lingua\ Quest.xcodeproj
    

SwiftCompile normal arm64 /Users/siam/Library/Developer/Xcode/DerivedData/Lingua_Quest-gvpckrqxtbgyprbgppjfqmimmmfw/SourcePackages/checkouts/firebase-ios-sdk/FirebaseAuth/Sources/Swift/MultiFactor/Phone/PhoneMultiFactorAssertion.swift (in target 'FirebaseAuth' from project 'Firebase')
    cd /Users/siam/Desktop/Lingua\ Quest/Lingua\ Quest.xcodeproj
    

SwiftCompile normal arm64 /Users/siam/Library/Developer/Xcode/DerivedData/Lingua_Quest-gvpckrqxtbgyprbgppjfqmimmmfw/SourcePackages/checkouts/firebase-ios-sdk/FirebaseAuth/Sources/Swift/MultiFactor/Phone/PhoneMultiFactorGenerator.swift (in target 'FirebaseAuth' from project 'Firebase')
    cd /Users/siam/Desktop/Lingua\ Quest/Lingua\ Quest.xcodeproj
    

SwiftCompile normal arm64 /Users/siam/Library/Developer/Xcode/DerivedData/Lingua_Quest-gvpckrqxtbgyprbgppjfqmimmmfw/SourcePackages/checkouts/firebase-ios-sdk/FirebaseAuth/Sources/Swift/MultiFactor/Phone/PhoneMultiFactorInfo.swift (in target 'FirebaseAuth' from project 'Firebase')
    cd /Users/siam/Desktop/Lingua\ Quest/Lingua\ Quest.xcodeproj
    

SwiftCompile normal arm64 /Users/siam/Library/Developer/Xcode/DerivedData/Lingua_Quest-gvpckrqxtbgyprbgppjfqmimmmfw/SourcePackages/checkouts/firebase-ios-sdk/FirebaseAuth/Sources/Swift/MultiFactor/TOTP/TOTPMultFactorAssertion.swift (in target 'FirebaseAuth' from project 'Firebase')
    cd /Users/siam/Desktop/Lingua\ Quest/Lingua\ Quest.xcodeproj
    

SwiftCompile normal arm64 /Users/siam/Library/Developer/Xcode/DerivedData/Lingua_Quest-gvpckrqxtbgyprbgppjfqmimmmfw/SourcePackages/checkouts/firebase-ios-sdk/FirebaseAuth/Sources/Swift/MultiFactor/TOTP/TOTPMultiFactorGenerator.swift (in target 'FirebaseAuth' from project 'Firebase')
    cd /Users/siam/Desktop/Lingua\ Quest/Lingua\ Quest.xcodeproj
    

SwiftDriverJobDiscovery normal arm64 Compiling QueryEnhancement.swift, RealtimePipeline.swift, RealtimePipelineSource.swift, Selectable.swift, Subcollection.swift (in target 'FirebaseFirestore' from project 'Firebase')

SwiftCompile normal x86_64 Compiling\ AuthCondition.swift,\ AuthDefaultUIDelegate.swift,\ AuthErrorUtils.swift,\ AuthErrors.swift,\ AuthInternalErrors.swift,\ AuthLog.swift,\ AuthRecaptchaVerifier.swift,\ AuthUIDelegate.swift,\ AuthURLPresenter.swift,\ AuthWebUtils.swift,\ AuthWebViewController.swift /Users/siam/Library/Developer/Xcode/DerivedData/Lingua_Quest-gvpckrqxtbgyprbgppjfqmimmmfw/SourcePackages/checkouts/firebase-ios-sdk/FirebaseAuth/Sources/Swift/Utilities/AuthCondition.swift /Users/siam/Library/Developer/Xcode/DerivedData/Lingua_Quest-gvpckrqxtbgyprbgppjfqmimmmfw/SourcePackages/checkouts/firebase-ios-sdk/FirebaseAuth/Sources/Swift/Utilities/AuthDefaultUIDelegate.swift /Users/siam/Library/Developer/Xcode/DerivedData/Lingua_Quest-gvpckrqxtbgyprbgppjfqmimmmfw/SourcePackages/checkouts/firebase-ios-sdk/FirebaseAuth/Sources/Swift/Utilities/AuthErrorUtils.swift /Users/siam/Library/Developer/Xcode/DerivedData/Lingua_Quest-gvpckrqxtbgyprbgppjfqmimmmfw/SourcePackages/checkouts/firebase-ios-sdk/FirebaseAuth/Sources/Swift/Utilities/AuthErrors.swift /Users/siam/Library/Developer/Xcode/DerivedData/Lingua_Quest-gvpckrqxtbgyprbgppjfqmimmmfw/SourcePackages/checkouts/firebase-ios-sdk/FirebaseAuth/Sources/Swift/Utilities/AuthInternalErrors.swift /Users/siam/Library/Developer/Xcode/DerivedData/Lingua_Quest-gvpckrqxtbgyprbgppjfqmimmmfw/SourcePackages/checkouts/firebase-ios-sdk/FirebaseAuth/Sources/Swift/Utilities/AuthLog.swift /Users/siam/Library/Developer/Xcode/DerivedData/Lingua_Quest-gvpckrqxtbgyprbgppjfqmimmmfw/SourcePackages/checkouts/firebase-ios-sdk/FirebaseAuth/Sources/Swift/Utilities/AuthRecaptchaVerifier.swift /Users/siam/Library/Developer/Xcode/DerivedData/Lingua_Quest-gvpckrqxtbgyprbgppjfqmimmmfw/SourcePackages/checkouts/firebase-ios-sdk/FirebaseAuth/Sources/Swift/Utilities/AuthUIDelegate.swift /Users/siam/Library/Developer/Xcode/DerivedData/Lingua_Quest-gvpckrqxtbgyprbgppjfqmimmmfw/SourcePackages/checkouts/firebase-ios-sdk/FirebaseAuth/Sources/Swift/Utilities/AuthURLPresenter.swift /Users/siam/Library/Developer/Xcode/DerivedData/Lingua_Quest-gvpckrqxtbgyprbgppjfqmimmmfw/SourcePackages/checkouts/firebase-ios-sdk/FirebaseAuth/Sources/Swift/Utilities/AuthWebUtils.swift /Users/siam/Library/Developer/Xcode/DerivedData/Lingua_Quest-gvpckrqxtbgyprbgppjfqmimmmfw/SourcePackages/checkouts/firebase-ios-sdk/FirebaseAuth/Sources/Swift/Utilities/AuthWebViewController.swift (in target 'FirebaseAuth' from project 'Firebase')

SwiftCompile normal x86_64 /Users/siam/Library/Developer/Xcode/DerivedData/Lingua_Quest-gvpckrqxtbgyprbgppjfqmimmmfw/SourcePackages/checkouts/firebase-ios-sdk/FirebaseAuth/Sources/Swift/Utilities/AuthCondition.swift (in target 'FirebaseAuth' from project 'Firebase')
    cd /Users/siam/Desktop/Lingua\ Quest/Lingua\ Quest.xcodeproj
    

SwiftCompile normal x86_64 /Users/siam/Library/Developer/Xcode/DerivedData/Lingua_Quest-gvpckrqxtbgyprbgppjfqmimmmfw/SourcePackages/checkouts/firebase-ios-sdk/FirebaseAuth/Sources/Swift/Utilities/AuthDefaultUIDelegate.swift (in target 'FirebaseAuth' from project 'Firebase')
    cd /Users/siam/Desktop/Lingua\ Quest/Lingua\ Quest.xcodeproj
    

SwiftCompile normal x86_64 /Users/siam/Library/Developer/Xcode/DerivedData/Lingua_Quest-gvpckrqxtbgyprbgppjfqmimmmfw/SourcePackages/checkouts/firebase-ios-sdk/FirebaseAuth/Sources/Swift/Utilities/AuthErrorUtils.swift (in target 'FirebaseAuth' from project 'Firebase')
    cd /Users/siam/Desktop/Lingua\ Quest/Lingua\ Quest.xcodeproj
    

SwiftCompile normal x86_64 /Users/siam/Library/Developer/Xcode/DerivedData/Lingua_Quest-gvpckrqxtbgyprbgppjfqmimmmfw/SourcePackages/checkouts/firebase-ios-sdk/FirebaseAuth/Sources/Swift/Utilities/AuthErrors.swift (in target 'FirebaseAuth' from project 'Firebase')
    cd /Users/siam/Desktop/Lingua\ Quest/Lingua\ Quest.xcodeproj
    

SwiftCompile normal x86_64 /Users/siam/Library/Developer/Xcode/DerivedData/Lingua_Quest-gvpckrqxtbgyprbgppjfqmimmmfw/SourcePackages/checkouts/firebase-ios-sdk/FirebaseAuth/Sources/Swift/Utilities/AuthInternalErrors.swift (in target 'FirebaseAuth' from project 'Firebase')
    cd /Users/siam/Desktop/Lingua\ Quest/Lingua\ Quest.xcodeproj
    

SwiftCompile normal x86_64 /Users/siam/Library/Developer/Xcode/DerivedData/Lingua_Quest-gvpckrqxtbgyprbgppjfqmimmmfw/SourcePackages/checkouts/firebase-ios-sdk/FirebaseAuth/Sources/Swift/Utilities/AuthLog.swift (in target 'FirebaseAuth' from project 'Firebase')
    cd /Users/siam/Desktop/Lingua\ Quest/Lingua\ Quest.xcodeproj
    

SwiftCompile normal x86_64 /Users/siam/Library/Developer/Xcode/DerivedData/Lingua_Quest-gvpckrqxtbgyprbgppjfqmimmmfw/SourcePackages/checkouts/firebase-ios-sdk/FirebaseAuth/Sources/Swift/Utilities/AuthRecaptchaVerifier.swift (in target 'FirebaseAuth' from project 'Firebase')
    cd /Users/siam/Desktop/Lingua\ Quest/Lingua\ Quest.xcodeproj
    

SwiftCompile normal x86_64 /Users/siam/Library/Developer/Xcode/DerivedData/Lingua_Quest-gvpckrqxtbgyprbgppjfqmimmmfw/SourcePackages/checkouts/firebase-ios-sdk/FirebaseAuth/Sources/Swift/Utilities/AuthUIDelegate.swift (in target 'FirebaseAuth' from project 'Firebase')
    cd /Users/siam/Desktop/Lingua\ Quest/Lingua\ Quest.xcodeproj
    

SwiftCompile normal x86_64 /Users/siam/Library/Developer/Xcode/DerivedData/Lingua_Quest-gvpckrqxtbgyprbgppjfqmimmmfw/SourcePackages/checkouts/firebase-ios-sdk/FirebaseAuth/Sources/Swift/Utilities/AuthURLPresenter.swift (in target 'FirebaseAuth' from project 'Firebase')
    cd /Users/siam/Desktop/Lingua\ Quest/Lingua\ Quest.xcodeproj
    

SwiftCompile normal x86_64 /Users/siam/Library/Developer/Xcode/DerivedData/Lingua_Quest-gvpckrqxtbgyprbgppjfqmimmmfw/SourcePackages/checkouts/firebase-ios-sdk/FirebaseAuth/Sources/Swift/Utilities/AuthWebUtils.swift (in target 'FirebaseAuth' from project 'Firebase')
    cd /Users/siam/Desktop/Lingua\ Quest/Lingua\ Quest.xcodeproj
    

SwiftCompile normal x86_64 /Users/siam/Library/Developer/Xcode/DerivedData/Lingua_Quest-gvpckrqxtbgyprbgppjfqmimmmfw/SourcePackages/checkouts/firebase-ios-sdk/FirebaseAuth/Sources/Swift/Utilities/AuthWebViewController.swift (in target 'FirebaseAuth' from project 'Firebase')
    cd /Users/siam/Desktop/Lingua\ Quest/Lingua\ Quest.xcodeproj
    

SwiftCompile normal arm64 Compiling\ SignUpNewUserResponse.swift,\ VerifyAssertionRequest.swift,\ VerifyAssertionResponse.swift,\ VerifyCustomTokenRequest.swift,\ VerifyCustomTokenResponse.swift,\ VerifyPasswordRequest.swift,\ VerifyPasswordResponse.swift,\ VerifyPhoneNumberRequest.swift,\ VerifyPhoneNumberResponse.swift,\ VerifyClientRequest.swift,\ VerifyClientResponse.swift /Users/siam/Library/Developer/Xcode/DerivedData/Lingua_Quest-gvpckrqxtbgyprbgppjfqmimmmfw/SourcePackages/checkouts/firebase-ios-sdk/FirebaseAuth/Sources/Swift/Backend/RPC/SignUpNewUserResponse.swift /Users/siam/Library/Developer/Xcode/DerivedData/Lingua_Quest-gvpckrqxtbgyprbgppjfqmimmmfw/SourcePackages/checkouts/firebase-ios-sdk/FirebaseAuth/Sources/Swift/Backend/RPC/VerifyAssertionRequest.swift /Users/siam/Library/Developer/Xcode/DerivedData/Lingua_Quest-gvpckrqxtbgyprbgppjfqmimmmfw/SourcePackages/checkouts/firebase-ios-sdk/FirebaseAuth/Sources/Swift/Backend/RPC/VerifyAssertionResponse.swift /Users/siam/Library/Developer/Xcode/DerivedData/Lingua_Quest-gvpckrqxtbgyprbgppjfqmimmmfw/SourcePackages/checkouts/firebase-ios-sdk/FirebaseAuth/Sources/Swift/Backend/RPC/VerifyCustomTokenRequest.swift /Users/siam/Library/Developer/Xcode/DerivedData/Lingua_Quest-gvpckrqxtbgyprbgppjfqmimmmfw/SourcePackages/checkouts/firebase-ios-sdk/FirebaseAuth/Sources/Swift/Backend/RPC/VerifyCustomTokenResponse.swift /Users/siam/Library/Developer/Xcode/DerivedData/Lingua_Quest-gvpckrqxtbgyprbgppjfqmimmmfw/SourcePackages/checkouts/firebase-ios-sdk/FirebaseAuth/Sources/Swift/Backend/RPC/VerifyPasswordRequest.swift /Users/siam/Library/Developer/Xcode/DerivedData/Lingua_Quest-gvpckrqxtbgyprbgppjfqmimmmfw/SourcePackages/checkouts/firebase-ios-sdk/FirebaseAuth/Sources/Swift/Backend/RPC/VerifyPasswordResponse.swift /Users/siam/Library/Developer/Xcode/DerivedData/Lingua_Quest-gvpckrqxtbgyprbgppjfqmimmmfw/SourcePackages/checkouts/firebase-ios-sdk/FirebaseAuth/Sources/Swift/Backend/RPC/VerifyPhoneNumberRequest.swift /Users/siam/Library/Developer/Xcode/DerivedData/Lingua_Quest-gvpckrqxtbgyprbgppjfqmimmmfw/SourcePackages/checkouts/firebase-ios-sdk/FirebaseAuth/Sources/Swift/Backend/RPC/VerifyPhoneNumberResponse.swift /Users/siam/Library/Developer/Xcode/DerivedData/Lingua_Quest-gvpckrqxtbgyprbgppjfqmimmmfw/SourcePackages/checkouts/firebase-ios-sdk/FirebaseAuth/Sources/Swift/Backend/VerifyClientRequest.swift /Users/siam/Library/Developer/Xcode/DerivedData/Lingua_Quest-gvpckrqxtbgyprbgppjfqmimmmfw/SourcePackages/checkouts/firebase-ios-sdk/FirebaseAuth/Sources/Swift/Backend/VerifyClientResponse.swift (in target 'FirebaseAuth' from project 'Firebase')

SwiftCompile normal arm64 /Users/siam/Library/Developer/Xcode/DerivedData/Lingua_Quest-gvpckrqxtbgyprbgppjfqmimmmfw/SourcePackages/checkouts/firebase-ios-sdk/FirebaseAuth/Sources/Swift/Backend/RPC/SignUpNewUserResponse.swift (in target 'FirebaseAuth' from project 'Firebase')
    cd /Users/siam/Desktop/Lingua\ Quest/Lingua\ Quest.xcodeproj
    

SwiftCompile normal arm64 /Users/siam/Library/Developer/Xcode/DerivedData/Lingua_Quest-gvpckrqxtbgyprbgppjfqmimmmfw/SourcePackages/checkouts/firebase-ios-sdk/FirebaseAuth/Sources/Swift/Backend/RPC/VerifyAssertionRequest.swift (in target 'FirebaseAuth' from project 'Firebase')
    cd /Users/siam/Desktop/Lingua\ Quest/Lingua\ Quest.xcodeproj
    

SwiftCompile normal arm64 /Users/siam/Library/Developer/Xcode/DerivedData/Lingua_Quest-gvpckrqxtbgyprbgppjfqmimmmfw/SourcePackages/checkouts/firebase-ios-sdk/FirebaseAuth/Sources/Swift/Backend/RPC/VerifyAssertionResponse.swift (in target 'FirebaseAuth' from project 'Firebase')
    cd /Users/siam/Desktop/Lingua\ Quest/Lingua\ Quest.xcodeproj
    

SwiftCompile normal arm64 /Users/siam/Library/Developer/Xcode/DerivedData/Lingua_Quest-gvpckrqxtbgyprbgppjfqmimmmfw/SourcePackages/checkouts/firebase-ios-sdk/FirebaseAuth/Sources/Swift/Backend/RPC/VerifyCustomTokenRequest.swift (in target 'FirebaseAuth' from project 'Firebase')
    cd /Users/siam/Desktop/Lingua\ Quest/Lingua\ Quest.xcodeproj
    

SwiftCompile normal arm64 /Users/siam/Library/Developer/Xcode/DerivedData/Lingua_Quest-gvpckrqxtbgyprbgppjfqmimmmfw/SourcePackages/checkouts/firebase-ios-sdk/FirebaseAuth/Sources/Swift/Backend/RPC/VerifyCustomTokenResponse.swift (in target 'FirebaseAuth' from project 'Firebase')
    cd /Users/siam/Desktop/Lingua\ Quest/Lingua\ Quest.xcodeproj
    

SwiftCompile normal arm64 /Users/siam/Library/Developer/Xcode/DerivedData/Lingua_Quest-gvpckrqxtbgyprbgppjfqmimmmfw/SourcePackages/checkouts/firebase-ios-sdk/FirebaseAuth/Sources/Swift/Backend/RPC/VerifyPasswordRequest.swift (in target 'FirebaseAuth' from project 'Firebase')
    cd /Users/siam/Desktop/Lingua\ Quest/Lingua\ Quest.xcodeproj
    

SwiftCompile normal arm64 /Users/siam/Library/Developer/Xcode/DerivedData/Lingua_Quest-gvpckrqxtbgyprbgppjfqmimmmfw/SourcePackages/checkouts/firebase-ios-sdk/FirebaseAuth/Sources/Swift/Backend/RPC/VerifyPasswordResponse.swift (in target 'FirebaseAuth' from project 'Firebase')
    cd /Users/siam/Desktop/Lingua\ Quest/Lingua\ Quest.xcodeproj
    

SwiftCompile normal arm64 /Users/siam/Library/Developer/Xcode/DerivedData/Lingua_Quest-gvpckrqxtbgyprbgppjfqmimmmfw/SourcePackages/checkouts/firebase-ios-sdk/FirebaseAuth/Sources/Swift/Backend/RPC/VerifyPhoneNumberRequest.swift (in target 'FirebaseAuth' from project 'Firebase')
    cd /Users/siam/Desktop/Lingua\ Quest/Lingua\ Quest.xcodeproj
    

SwiftCompile normal arm64 /Users/siam/Library/Developer/Xcode/DerivedData/Lingua_Quest-gvpckrqxtbgyprbgppjfqmimmmfw/SourcePackages/checkouts/firebase-ios-sdk/FirebaseAuth/Sources/Swift/Backend/RPC/VerifyPhoneNumberResponse.swift (in target 'FirebaseAuth' from project 'Firebase')
    cd /Users/siam/Desktop/Lingua\ Quest/Lingua\ Quest.xcodeproj
    

SwiftCompile normal arm64 /Users/siam/Library/Developer/Xcode/DerivedData/Lingua_Quest-gvpckrqxtbgyprbgppjfqmimmmfw/SourcePackages/checkouts/firebase-ios-sdk/FirebaseAuth/Sources/Swift/Backend/VerifyClientRequest.swift (in target 'FirebaseAuth' from project 'Firebase')
    cd /Users/siam/Desktop/Lingua\ Quest/Lingua\ Quest.xcodeproj
    

SwiftCompile normal arm64 /Users/siam/Library/Developer/Xcode/DerivedData/Lingua_Quest-gvpckrqxtbgyprbgppjfqmimmmfw/SourcePackages/checkouts/firebase-ios-sdk/FirebaseAuth/Sources/Swift/Backend/VerifyClientResponse.swift (in target 'FirebaseAuth' from project 'Firebase')
    cd /Users/siam/Desktop/Lingua\ Quest/Lingua\ Quest.xcodeproj
    

SwiftDriverJobDiscovery normal arm64 Compiling CodablePassThroughTypes.swift, CollectionReference+WriteEncodable.swift, DocumentID.swift, DocumentReference+Codable.swift, DocumentReference+ReadDecodable.swift, DocumentReference+WriteEncodable.swift (in target 'FirebaseFirestore' from project 'Firebase')

SwiftCompile normal x86_64 Compiling\ PhoneAuthCredential.swift,\ PhoneAuthProvider.swift,\ TwitterAuthProvider.swift,\ AuthBackend.swift,\ AuthBackendRPCIssuer.swift,\ AuthRPCRequest.swift,\ AuthRPCResponse.swift,\ AuthRequestConfiguration.swift,\ IdentityToolkitRequest.swift,\ AuthMFAResponse.swift,\ CreateAuthURIRequest.swift,\ CreateAuthURIResponse.swift /Users/siam/Library/Developer/Xcode/DerivedData/Lingua_Quest-gvpckrqxtbgyprbgppjfqmimmmfw/SourcePackages/checkouts/firebase-ios-sdk/FirebaseAuth/Sources/Swift/AuthProvider/PhoneAuthCredential.swift /Users/siam/Library/Developer/Xcode/DerivedData/Lingua_Quest-gvpckrqxtbgyprbgppjfqmimmmfw/SourcePackages/checkouts/firebase-ios-sdk/FirebaseAuth/Sources/Swift/AuthProvider/PhoneAuthProvider.swift /Users/siam/Library/Developer/Xcode/DerivedData/Lingua_Quest-gvpckrqxtbgyprbgppjfqmimmmfw/SourcePackages/checkouts/firebase-ios-sdk/FirebaseAuth/Sources/Swift/AuthProvider/TwitterAuthProvider.swift /Users/siam/Library/Developer/Xcode/DerivedData/Lingua_Quest-gvpckrqxtbgyprbgppjfqmimmmfw/SourcePackages/checkouts/firebase-ios-sdk/FirebaseAuth/Sources/Swift/Backend/AuthBackend.swift /Users/siam/Library/Developer/Xcode/DerivedData/Lingua_Quest-gvpckrqxtbgyprbgppjfqmimmmfw/SourcePackages/checkouts/firebase-ios-sdk/FirebaseAuth/Sources/Swift/Backend/AuthBackendRPCIssuer.swift /Users/siam/Library/Developer/Xcode/DerivedData/Lingua_Quest-gvpckrqxtbgyprbgppjfqmimmmfw/SourcePackages/checkouts/firebase-ios-sdk/FirebaseAuth/Sources/Swift/Backend/AuthRPCRequest.swift /Users/siam/Library/Developer/Xcode/DerivedData/Lingua_Quest-gvpckrqxtbgyprbgppjfqmimmmfw/SourcePackages/checkouts/firebase-ios-sdk/FirebaseAuth/Sources/Swift/Backend/AuthRPCResponse.swift /Users/siam/Library/Developer/Xcode/DerivedData/Lingua_Quest-gvpckrqxtbgyprbgppjfqmimmmfw/SourcePackages/checkouts/firebase-ios-sdk/FirebaseAuth/Sources/Swift/Backend/AuthRequestConfiguration.swift /Users/siam/Library/Developer/Xcode/DerivedData/Lingua_Quest-gvpckrqxtbgyprbgppjfqmimmmfw/SourcePackages/checkouts/firebase-ios-sdk/FirebaseAuth/Sources/Swift/Backend/IdentityToolkitRequest.swift /Users/siam/Library/Developer/Xcode/DerivedData/Lingua_Quest-gvpckrqxtbgyprbgppjfqmimmmfw/SourcePackages/checkouts/firebase-ios-sdk/FirebaseAuth/Sources/Swift/Backend/RPC/AuthMFAResponse.swift /Users/siam/Library/Developer/Xcode/DerivedData/Lingua_Quest-gvpckrqxtbgyprbgppjfqmimmmfw/SourcePackages/checkouts/firebase-ios-sdk/FirebaseAuth/Sources/Swift/Backend/RPC/CreateAuthURIRequest.swift /Users/siam/Library/Developer/Xcode/DerivedData/Lingua_Quest-gvpckrqxtbgyprbgppjfqmimmmfw/SourcePackages/checkouts/firebase-ios-sdk/FirebaseAuth/Sources/Swift/Backend/RPC/CreateAuthURIResponse.swift (in target 'FirebaseAuth' from project 'Firebase')

SwiftCompile normal x86_64 /Users/siam/Library/Developer/Xcode/DerivedData/Lingua_Quest-gvpckrqxtbgyprbgppjfqmimmmfw/SourcePackages/checkouts/firebase-ios-sdk/FirebaseAuth/Sources/Swift/AuthProvider/PhoneAuthCredential.swift (in target 'FirebaseAuth' from project 'Firebase')
    cd /Users/siam/Desktop/Lingua\ Quest/Lingua\ Quest.xcodeproj
    

SwiftCompile normal x86_64 /Users/siam/Library/Developer/Xcode/DerivedData/Lingua_Quest-gvpckrqxtbgyprbgppjfqmimmmfw/SourcePackages/checkouts/firebase-ios-sdk/FirebaseAuth/Sources/Swift/AuthProvider/PhoneAuthProvider.swift (in target 'FirebaseAuth' from project 'Firebase')
    cd /Users/siam/Desktop/Lingua\ Quest/Lingua\ Quest.xcodeproj
    

SwiftCompile normal x86_64 /Users/siam/Library/Developer/Xcode/DerivedData/Lingua_Quest-gvpckrqxtbgyprbgppjfqmimmmfw/SourcePackages/checkouts/firebase-ios-sdk/FirebaseAuth/Sources/Swift/AuthProvider/TwitterAuthProvider.swift (in target 'FirebaseAuth' from project 'Firebase')
    cd /Users/siam/Desktop/Lingua\ Quest/Lingua\ Quest.xcodeproj
    

SwiftCompile normal x86_64 /Users/siam/Library/Developer/Xcode/DerivedData/Lingua_Quest-gvpckrqxtbgyprbgppjfqmimmmfw/SourcePackages/checkouts/firebase-ios-sdk/FirebaseAuth/Sources/Swift/Backend/AuthBackend.swift (in target 'FirebaseAuth' from project 'Firebase')
    cd /Users/siam/Desktop/Lingua\ Quest/Lingua\ Quest.xcodeproj
    

SwiftCompile normal x86_64 /Users/siam/Library/Developer/Xcode/DerivedData/Lingua_Quest-gvpckrqxtbgyprbgppjfqmimmmfw/SourcePackages/checkouts/firebase-ios-sdk/FirebaseAuth/Sources/Swift/Backend/AuthBackendRPCIssuer.swift (in target 'FirebaseAuth' from project 'Firebase')
    cd /Users/siam/Desktop/Lingua\ Quest/Lingua\ Quest.xcodeproj
    

SwiftCompile normal x86_64 /Users/siam/Library/Developer/Xcode/DerivedData/Lingua_Quest-gvpckrqxtbgyprbgppjfqmimmmfw/SourcePackages/checkouts/firebase-ios-sdk/FirebaseAuth/Sources/Swift/Backend/AuthRPCRequest.swift (in target 'FirebaseAuth' from project 'Firebase')
    cd /Users/siam/Desktop/Lingua\ Quest/Lingua\ Quest.xcodeproj
    

SwiftCompile normal x86_64 /Users/siam/Library/Developer/Xcode/DerivedData/Lingua_Quest-gvpckrqxtbgyprbgppjfqmimmmfw/SourcePackages/checkouts/firebase-ios-sdk/FirebaseAuth/Sources/Swift/Backend/AuthRPCResponse.swift (in target 'FirebaseAuth' from project 'Firebase')
    cd /Users/siam/Desktop/Lingua\ Quest/Lingua\ Quest.xcodeproj
    

SwiftCompile normal x86_64 /Users/siam/Library/Developer/Xcode/DerivedData/Lingua_Quest-gvpckrqxtbgyprbgppjfqmimmmfw/SourcePackages/checkouts/firebase-ios-sdk/FirebaseAuth/Sources/Swift/Backend/AuthRequestConfiguration.swift (in target 'FirebaseAuth' from project 'Firebase')
    cd /Users/siam/Desktop/Lingua\ Quest/Lingua\ Quest.xcodeproj
    

SwiftCompile normal x86_64 /Users/siam/Library/Developer/Xcode/DerivedData/Lingua_Quest-gvpckrqxtbgyprbgppjfqmimmmfw/SourcePackages/checkouts/firebase-ios-sdk/FirebaseAuth/Sources/Swift/Backend/IdentityToolkitRequest.swift (in target 'FirebaseAuth' from project 'Firebase')
    cd /Users/siam/Desktop/Lingua\ Quest/Lingua\ Quest.xcodeproj
    

SwiftCompile normal x86_64 /Users/siam/Library/Developer/Xcode/DerivedData/Lingua_Quest-gvpckrqxtbgyprbgppjfqmimmmfw/SourcePackages/checkouts/firebase-ios-sdk/FirebaseAuth/Sources/Swift/Backend/RPC/AuthMFAResponse.swift (in target 'FirebaseAuth' from project 'Firebase')
    cd /Users/siam/Desktop/Lingua\ Quest/Lingua\ Quest.xcodeproj
    

SwiftCompile normal x86_64 /Users/siam/Library/Developer/Xcode/DerivedData/Lingua_Quest-gvpckrqxtbgyprbgppjfqmimmmfw/SourcePackages/checkouts/firebase-ios-sdk/FirebaseAuth/Sources/Swift/Backend/RPC/CreateAuthURIRequest.swift (in target 'FirebaseAuth' from project 'Firebase')
    cd /Users/siam/Desktop/Lingua\ Quest/Lingua\ Quest.xcodeproj
    

SwiftCompile normal x86_64 /Users/siam/Library/Developer/Xcode/DerivedData/Lingua_Quest-gvpckrqxtbgyprbgppjfqmimmmfw/SourcePackages/checkouts/firebase-ios-sdk/FirebaseAuth/Sources/Swift/Backend/RPC/CreateAuthURIResponse.swift (in target 'FirebaseAuth' from project 'Firebase')
    cd /Users/siam/Desktop/Lingua\ Quest/Lingua\ Quest.xcodeproj
    

SwiftDriverJobDiscovery normal x86_64 Compiling ExpressionImplementation.swift, PipelineHelper.swift, PipelineResultChange.swift, PipelineWrapper.swift, FirestoreQuery.swift, FirestoreQueryObservable.swift (in target 'FirebaseFirestore' from project 'Firebase')

SwiftCompile normal arm64 Compiling\ AuthSettings.swift,\ AuthTokenResult.swift,\ AuthCredential.swift,\ AuthProviderID.swift,\ EmailAuthProvider.swift,\ FacebookAuthProvider.swift,\ FederatedAuthProvider.swift,\ GameCenterAuthProvider.swift,\ GitHubAuthProvider.swift,\ GoogleAuthProvider.swift,\ OAuthCredential.swift,\ OAuthProvider.swift /Users/siam/Library/Developer/Xcode/DerivedData/Lingua_Quest-gvpckrqxtbgyprbgppjfqmimmmfw/SourcePackages/checkouts/firebase-ios-sdk/FirebaseAuth/Sources/Swift/Auth/AuthSettings.swift /Users/siam/Library/Developer/Xcode/DerivedData/Lingua_Quest-gvpckrqxtbgyprbgppjfqmimmmfw/SourcePackages/checkouts/firebase-ios-sdk/FirebaseAuth/Sources/Swift/Auth/AuthTokenResult.swift /Users/siam/Library/Developer/Xcode/DerivedData/Lingua_Quest-gvpckrqxtbgyprbgppjfqmimmmfw/SourcePackages/checkouts/firebase-ios-sdk/FirebaseAuth/Sources/Swift/AuthProvider/AuthCredential.swift /Users/siam/Library/Developer/Xcode/DerivedData/Lingua_Quest-gvpckrqxtbgyprbgppjfqmimmmfw/SourcePackages/checkouts/firebase-ios-sdk/FirebaseAuth/Sources/Swift/AuthProvider/AuthProviderID.swift /Users/siam/Library/Developer/Xcode/DerivedData/Lingua_Quest-gvpckrqxtbgyprbgppjfqmimmmfw/SourcePackages/checkouts/firebase-ios-sdk/FirebaseAuth/Sources/Swift/AuthProvider/EmailAuthProvider.swift /Users/siam/Library/Developer/Xcode/DerivedData/Lingua_Quest-gvpckrqxtbgyprbgppjfqmimmmfw/SourcePackages/checkouts/firebase-ios-sdk/FirebaseAuth/Sources/Swift/AuthProvider/FacebookAuthProvider.swift /Users/siam/Library/Developer/Xcode/DerivedData/Lingua_Quest-gvpckrqxtbgyprbgppjfqmimmmfw/SourcePackages/checkouts/firebase-ios-sdk/FirebaseAuth/Sources/Swift/AuthProvider/FederatedAuthProvider.swift /Users/siam/Library/Developer/Xcode/DerivedData/Lingua_Quest-gvpckrqxtbgyprbgppjfqmimmmfw/SourcePackages/checkouts/firebase-ios-sdk/FirebaseAuth/Sources/Swift/AuthProvider/GameCenterAuthProvider.swift /Users/siam/Library/Developer/Xcode/DerivedData/Lingua_Quest-gvpckrqxtbgyprbgppjfqmimmmfw/SourcePackages/checkouts/firebase-ios-sdk/FirebaseAuth/Sources/Swift/AuthProvider/GitHubAuthProvider.swift /Users/siam/Library/Developer/Xcode/DerivedData/Lingua_Quest-gvpckrqxtbgyprbgppjfqmimmmfw/SourcePackages/checkouts/firebase-ios-sdk/FirebaseAuth/Sources/Swift/AuthProvider/GoogleAuthProvider.swift /Users/siam/Library/Developer/Xcode/DerivedData/Lingua_Quest-gvpckrqxtbgyprbgppjfqmimmmfw/SourcePackages/checkouts/firebase-ios-sdk/FirebaseAuth/Sources/Swift/AuthProvider/OAuthCredential.swift /Users/siam/Library/Developer/Xcode/DerivedData/Lingua_Quest-gvpckrqxtbgyprbgppjfqmimmmfw/SourcePackages/checkouts/firebase-ios-sdk/FirebaseAuth/Sources/Swift/AuthProvider/OAuthProvider.swift (in target 'FirebaseAuth' from project 'Firebase')

SwiftCompile normal arm64 /Users/siam/Library/Developer/Xcode/DerivedData/Lingua_Quest-gvpckrqxtbgyprbgppjfqmimmmfw/SourcePackages/checkouts/firebase-ios-sdk/FirebaseAuth/Sources/Swift/Auth/AuthSettings.swift (in target 'FirebaseAuth' from project 'Firebase')
    cd /Users/siam/Desktop/Lingua\ Quest/Lingua\ Quest.xcodeproj
    

SwiftCompile normal arm64 /Users/siam/Library/Developer/Xcode/DerivedData/Lingua_Quest-gvpckrqxtbgyprbgppjfqmimmmfw/SourcePackages/checkouts/firebase-ios-sdk/FirebaseAuth/Sources/Swift/Auth/AuthTokenResult.swift (in target 'FirebaseAuth' from project 'Firebase')
    cd /Users/siam/Desktop/Lingua\ Quest/Lingua\ Quest.xcodeproj
    

SwiftCompile normal arm64 /Users/siam/Library/Developer/Xcode/DerivedData/Lingua_Quest-gvpckrqxtbgyprbgppjfqmimmmfw/SourcePackages/checkouts/firebase-ios-sdk/FirebaseAuth/Sources/Swift/AuthProvider/AuthCredential.swift (in target 'FirebaseAuth' from project 'Firebase')
    cd /Users/siam/Desktop/Lingua\ Quest/Lingua\ Quest.xcodeproj
    

SwiftCompile normal arm64 /Users/siam/Library/Developer/Xcode/DerivedData/Lingua_Quest-gvpckrqxtbgyprbgppjfqmimmmfw/SourcePackages/checkouts/firebase-ios-sdk/FirebaseAuth/Sources/Swift/AuthProvider/AuthProviderID.swift (in target 'FirebaseAuth' from project 'Firebase')
    cd /Users/siam/Desktop/Lingua\ Quest/Lingua\ Quest.xcodeproj
    

SwiftCompile normal arm64 /Users/siam/Library/Developer/Xcode/DerivedData/Lingua_Quest-gvpckrqxtbgyprbgppjfqmimmmfw/SourcePackages/checkouts/firebase-ios-sdk/FirebaseAuth/Sources/Swift/AuthProvider/EmailAuthProvider.swift (in target 'FirebaseAuth' from project 'Firebase')
    cd /Users/siam/Desktop/Lingua\ Quest/Lingua\ Quest.xcodeproj
    

SwiftCompile normal arm64 /Users/siam/Library/Developer/Xcode/DerivedData/Lingua_Quest-gvpckrqxtbgyprbgppjfqmimmmfw/SourcePackages/checkouts/firebase-ios-sdk/FirebaseAuth/Sources/Swift/AuthProvider/FacebookAuthProvider.swift (in target 'FirebaseAuth' from project 'Firebase')
    cd /Users/siam/Desktop/Lingua\ Quest/Lingua\ Quest.xcodeproj
    

SwiftCompile normal arm64 /Users/siam/Library/Developer/Xcode/DerivedData/Lingua_Quest-gvpckrqxtbgyprbgppjfqmimmmfw/SourcePackages/checkouts/firebase-ios-sdk/FirebaseAuth/Sources/Swift/AuthProvider/FederatedAuthProvider.swift (in target 'FirebaseAuth' from project 'Firebase')
    cd /Users/siam/Desktop/Lingua\ Quest/Lingua\ Quest.xcodeproj
    

SwiftCompile normal arm64 /Users/siam/Library/Developer/Xcode/DerivedData/Lingua_Quest-gvpckrqxtbgyprbgppjfqmimmmfw/SourcePackages/checkouts/firebase-ios-sdk/FirebaseAuth/Sources/Swift/AuthProvider/GameCenterAuthProvider.swift (in target 'FirebaseAuth' from project 'Firebase')
    cd /Users/siam/Desktop/Lingua\ Quest/Lingua\ Quest.xcodeproj
    

SwiftCompile normal arm64 /Users/siam/Library/Developer/Xcode/DerivedData/Lingua_Quest-gvpckrqxtbgyprbgppjfqmimmmfw/SourcePackages/checkouts/firebase-ios-sdk/FirebaseAuth/Sources/Swift/AuthProvider/GitHubAuthProvider.swift (in target 'FirebaseAuth' from project 'Firebase')
    cd /Users/siam/Desktop/Lingua\ Quest/Lingua\ Quest.xcodeproj
    

SwiftCompile normal arm64 /Users/siam/Library/Developer/Xcode/DerivedData/Lingua_Quest-gvpckrqxtbgyprbgppjfqmimmmfw/SourcePackages/checkouts/firebase-ios-sdk/FirebaseAuth/Sources/Swift/AuthProvider/GoogleAuthProvider.swift (in target 'FirebaseAuth' from project 'Firebase')
    cd /Users/siam/Desktop/Lingua\ Quest/Lingua\ Quest.xcodeproj
    

SwiftCompile normal arm64 /Users/siam/Library/Developer/Xcode/DerivedData/Lingua_Quest-gvpckrqxtbgyprbgppjfqmimmmfw/SourcePackages/checkouts/firebase-ios-sdk/FirebaseAuth/Sources/Swift/AuthProvider/OAuthCredential.swift (in target 'FirebaseAuth' from project 'Firebase')
    cd /Users/siam/Desktop/Lingua\ Quest/Lingua\ Quest.xcodeproj
    

SwiftCompile normal arm64 /Users/siam/Library/Developer/Xcode/DerivedData/Lingua_Quest-gvpckrqxtbgyprbgppjfqmimmmfw/SourcePackages/checkouts/firebase-ios-sdk/FirebaseAuth/Sources/Swift/AuthProvider/OAuthProvider.swift (in target 'FirebaseAuth' from project 'Firebase')
    cd /Users/siam/Desktop/Lingua\ Quest/Lingua\ Quest.xcodeproj
    

SwiftDriverJobDiscovery normal arm64 Compiling Timestamp+Codable.swift, TimestampDecodingStrategy.swift, TimestampEncodingStrategy.swift, Transaction+WriteEncodable.swift, VectorValue+Codable.swift, WriteBatch+WriteEncodable.swift (in target 'FirebaseFirestore' from project 'Firebase')

SwiftDriverJobDiscovery normal x86_64 Compiling Variable.swift, Ordering.swift, Pipeline.swift, PipelineResult.swift, PipelineSource.swift (in target 'FirebaseFirestore' from project 'Firebase')

SwiftDriver\ Compilation FirebaseFirestore normal arm64 com.apple.xcode.tools.swift.compiler (in target 'FirebaseFirestore' from project 'Firebase')
    cd /Users/siam/Desktop/Lingua\ Quest/Lingua\ Quest.xcodeproj
    builtin-Swift-Compilation -- /Applications/Xcode.app/Contents/Developer/Toolchains/XcodeDefault.xctoolchain/usr/bin/swiftc -module-name FirebaseFirestore -Onone -enforce-exclusivity\=checked @/Users/siam/Library/Developer/Xcode/DerivedData/Lingua_Quest-gvpckrqxtbgyprbgppjfqmimmmfw/Build/Intermediates.noindex/Firebase.build/Debug-iphonesimulator/FirebaseFirestore.build/Objects-normal/arm64/FirebaseFirestore.SwiftFileList -DSWIFT_PACKAGE -DDEBUG -DSWIFT_MODULE_RESOURCE_BUNDLE_AVAILABLE -Xcc -fmodule-map-file\=/Users/siam/Library/Developer/Xcode/DerivedData/Lingua_Quest-gvpckrqxtbgyprbgppjfqmimmmfw/Build/Intermediates.noindex/GeneratedModuleMaps-iphonesimulator/GoogleUtilities-NSData.modulemap -Xcc -fmodule-map-file\=/Users/siam/Library/Developer/Xcode/DerivedData/Lingua_Quest-gvpckrqxtbgyprbgppjfqmimmmfw/Build/Intermediates.noindex/GeneratedModuleMaps-iphonesimulator/GoogleUtilities-Environment.modulemap -Xcc -fmodule-map-file\=/Users/siam/Library/Developer/Xcode/DerivedData/Lingua_Quest-gvpckrqxtbgyprbgppjfqmimmmfw/Build/Intermediates.noindex/GeneratedModuleMaps-iphonesimulator/third-party-IsAppEncrypted.modulemap -Xcc -fmodule-map-file\=/Users/siam/Library/Developer/Xcode/DerivedData/Lingua_Quest-gvpckrqxtbgyprbgppjfqmimmmfw/Build/Intermediates.noindex/GeneratedModuleMaps-iphonesimulator/GoogleUtilities-Logger.modulemap -Xcc -fmodule-map-file\=/Users/siam/Library/Developer/Xcode/DerivedData/Lingua_Quest-gvpckrqxtbgyprbgppjfqmimmmfw/Build/Intermediates.noindex/GeneratedModuleMaps-iphonesimulator/abslWrapper.modulemap -Xcc -fmodule-map-file\=/Users/siam/Library/Developer/Xcode/DerivedData/Lingua_Quest-gvpckrqxtbgyprbgppjfqmimmmfw/Build/Intermediates.noindex/GeneratedModuleMaps-iphonesimulator/opensslWrapper.modulemap -Xcc -fmodule-map-file\=/Users/siam/Library/Developer/Xcode/DerivedData/Lingua_Quest-gvpckrqxtbgyprbgppjfqmimmmfw/Build/Intermediates.noindex/GeneratedModuleMaps-iphonesimulator/grpcWrapper.modulemap -Xcc -fmodule-map-file\=/Users/siam/Library/Developer/Xcode/DerivedData/Lingua_Quest-gvpckrqxtbgyprbgppjfqmimmmfw/Build/Intermediates.noindex/GeneratedModuleMaps-iphonesimulator/grpcppWrapper.modulemap -Xcc -fmodule-map-file\=/Users/siam/Library/Developer/Xcode/DerivedData/Lingua_Quest-gvpckrqxtbgyprbgppjfqmimmmfw/Build/Intermediates.noindex/GeneratedModuleMaps-iphonesimulator/nanopb.modulemap -Xcc -fmodule-map-file\=/Users/siam/Library/Developer/Xcode/DerivedData/Lingua_Quest-gvpckrqxtbgyprbgppjfqmimmmfw/Build/Intermediates.noindex/GeneratedModuleMaps-iphonesimulator/leveldb.modulemap -Xcc -fmodule-map-file\=/Users/siam/Library/Developer/Xcode/DerivedData/Lingua_Quest-gvpckrqxtbgyprbgppjfqmimmmfw/Build/Intermediates.noindex/GeneratedModuleMaps-iphonesimulator/FirebaseCoreExtension.modulemap -Xcc -fmodule-map-file\=/Users/siam/Library/Developer/Xcode/DerivedData/Lingua_Quest-gvpckrqxtbgyprbgppjfqmimmmfw/Build/Intermediates.noindex/GeneratedModuleMaps-iphonesimulator/FirebaseCore.modulemap -Xcc -fmodule-map-file\=/Users/siam/Library/Developer/Xcode/DerivedData/Lingua_Quest-gvpckrqxtbgyprbgppjfqmimmmfw/Build/Intermediates.noindex/GeneratedModuleMaps-iphonesimulator/FirebaseAppCheckInterop.modulemap -Xcc -fmodule-map-file\=/Users/siam/Library/Developer/Xcode/DerivedData/Lingua_Quest-gvpckrqxtbgyprbgppjfqmimmmfw/Build/Intermediates.noindex/GeneratedModuleMaps-iphonesimulator/FirebaseFirestoreInternalWrapper.modulemap -DXcode -plugin-path /Applications/Xcode.app/Contents/Developer/Toolchains/XcodeDefault.xctoolchain/usr/lib/swift/host/plugins/testing -enable-experimental-feature DebugDescriptionMacro -sdk /Applications/Xcode.app/Contents/Developer/Platforms/iPhoneSimulator.platform/Developer/SDKs/iPhoneSimulator26.0.sdk -target arm64-apple-ios15.0-simulator -g -module-cache-path /Users/siam/Library/Developer/Xcode/DerivedData/ModuleCache.noindex -Xfrontend -serialize-debugging-options -profile-coverage-mapping -profile-generate -enable-testing -suppress-warnings -index-store-path /Users/siam/Library/Developer/Xcode/DerivedData/Lingua_Quest-gvpckrqxtbgyprbgppjfqmimmmfw/Index.noindex/DataStore -Xcc -D_LIBCPP_HARDENING_MODE\=_LIBCPP_HARDENING_MODE_DEBUG -swift-version 5 -I /Users/siam/Library/Developer/Xcode/DerivedData/Lingua_Quest-gvpckrqxtbgyprbgppjfqmimmmfw/Build/Products/Debug-iphonesimulator -Isystem /Applications/Xcode.app/Contents/Developer/Platforms/iPhoneSimulator.platform/Developer/usr/lib -F /Users/siam/Library/Developer/Xcode/DerivedData/Lingua_Quest-gvpckrqxtbgyprbgppjfqmimmmfw/Build/Products/Debug-iphonesimulator/PackageFrameworks -F /Users/siam/Library/Developer/Xcode/DerivedData/Lingua_Quest-gvpckrqxtbgyprbgppjfqmimmmfw/Build/Products/Debug-iphonesimulator/PackageFrameworks -F /Users/siam/Library/Developer/Xcode/DerivedData/Lingua_Quest-gvpckrqxtbgyprbgppjfqmimmmfw/Build/Products/Debug-iphonesimulator/PackageFrameworks -F /Users/siam/Library/Developer/Xcode/DerivedData/Lingua_Quest-gvpckrqxtbgyprbgppjfqmimmmfw/Build/Products/Debug-iphonesimulator/PackageFrameworks -F /Users/siam/Library/Developer/Xcode/DerivedData/Lingua_Quest-gvpckrqxtbgyprbgppjfqmimmmfw/Build/Products/Debug-iphonesimulator/PackageFrameworks -F /Users/siam/Library/Developer/Xcode/DerivedData/Lingua_Quest-gvpckrqxtbgyprbgppjfqmimmmfw/Build/Products/Debug-iphonesimulator/PackageFrameworks -F /Users/siam/Library/Developer/Xcode/DerivedData/Lingua_Quest-gvpckrqxtbgyprbgppjfqmimmmfw/Build/Products/Debug-iphonesimulator/PackageFrameworks -F /Users/siam/Library/Developer/Xcode/DerivedData/Lingua_Quest-gvpckrqxtbgyprbgppjfqmimmmfw/Build/Products/Debug-iphonesimulator/PackageFrameworks -F /Users/siam/Library/Developer/Xcode/DerivedData/Lingua_Quest-gvpckrqxtbgyprbgppjfqmimmmfw/Build/Products/Debug-iphonesimulator/PackageFrameworks -F /Users/siam/Library/Developer/Xcode/DerivedData/Lingua_Quest-gvpckrqxtbgyprbgppjfqmimmmfw/Build/Products/Debug-iphonesimulator/PackageFrameworks -F /Users/siam/Library/Developer/Xcode/DerivedData/Lingua_Quest-gvpckrqxtbgyprbgppjfqmimmmfw/Build/Products/Debug-iphonesimulator/PackageFrameworks -F /Users/siam/Library/Developer/Xcode/DerivedData/Lingua_Quest-gvpckrqxtbgyprbgppjfqmimmmfw/Build/Products/Debug-iphonesimulator/PackageFrameworks -F /Users/siam/Library/Developer/Xcode/DerivedData/Lingua_Quest-gvpckrqxtbgyprbgppjfqmimmmfw/Build/Products/Debug-iphonesimulator/PackageFrameworks -F /Users/siam/Library/Developer/Xcode/DerivedData/Lingua_Quest-gvpckrqxtbgyprbgppjfqmimmmfw/Build/Products/Debug-iphonesimulator/PackageFrameworks -F /Users/siam/Library/Developer/Xcode/DerivedData/Lingua_Quest-gvpckrqxtbgyprbgppjfqmimmmfw/Build/Products/Debug-iphonesimulator/PackageFrameworks -F /Users/siam/Library/Developer/Xcode/DerivedData/Lingua_Quest-gvpckrqxtbgyprbgppjfqmimmmfw/Build/Products/Debug-iphonesimulator/PackageFrameworks -F /Users/siam/Library/Developer/Xcode/DerivedData/Lingua_Quest-gvpckrqxtbgyprbgppjfqmimmmfw/Build/Products/Debug-iphonesimulator/PackageFrameworks -F /Users/siam/Library/Developer/Xcode/DerivedData/Lingua_Quest-gvpckrqxtbgyprbgppjfqmimmmfw/Build/Products/Debug-iphonesimulator -F /Applications/Xcode.app/Contents/Developer/Platforms/iPhoneSimulator.platform/Developer/Library/Frameworks -F /Applications/Xcode.app/Contents/Developer/Platforms/iPhoneSimulator.platform/Developer/SDKs/iPhoneSimulator26.0.sdk/Developer/Library/Frameworks -c -j12 -enable-batch-mode -incremental -Xcc -ivfsstatcache -Xcc /Users/siam/Library/Developer/Xcode/DerivedData/SDKStatCaches.noindex/iphonesimulator26.0-23A339-26257891a6c027eb51374368541b8346.sdkstatcache -output-file-map /Users/siam/Library/Developer/Xcode/DerivedData/Lingua_Quest-gvpckrqxtbgyprbgppjfqmimmmfw/Build/Intermediates.noindex/Firebase.build/Debug-iphonesimulator/FirebaseFirestore.build/Objects-normal/arm64/FirebaseFirestore-OutputFileMap.json -use-frontend-parseable-output -save-temps -no-color-diagnostics -explicit-module-build -module-cache-path /Users/siam/Library/Developer/Xcode/DerivedData/Lingua_Quest-gvpckrqxtbgyprbgppjfqmimmmfw/Build/Intermediates.noindex/SwiftExplicitPrecompiledModules -clang-scanner-module-cache-path /Users/siam/Library/Developer/Xcode/DerivedData/ModuleCache.noindex -sdk-module-cache-path /Users/siam/Library/Developer/Xcode/DerivedData/ModuleCache.noindex -serialize-diagnostics -emit-dependencies -emit-module -emit-module-path /Users/siam/Library/Developer/Xcode/DerivedData/Lingua_Quest-gvpckrqxtbgyprbgppjfqmimmmfw/Build/Intermediates.noindex/Firebase.build/Debug-iphonesimulator/FirebaseFirestore.build/Objects-normal/arm64/FirebaseFirestore.swiftmodule -user-module-version 12.16.0 -validate-clang-modules-once -clang-build-session-file /Users/siam/Library/Developer/Xcode/DerivedData/ModuleCache.noindex/Session.modulevalidation -package-name firebase_ios_sdk -Xcc -I/Users/siam/Library/Developer/Xcode/DerivedData/Lingua_Quest-gvpckrqxtbgyprbgppjfqmimmmfw/Build/Intermediates.noindex/Firebase.build/Debug-iphonesimulator/FirebaseFirestore.build/swift-overrides.hmap -emit-const-values -Xfrontend -const-gather-protocols-file -Xfrontend /Users/siam/Library/Developer/Xcode/DerivedData/Lingua_Quest-gvpckrqxtbgyprbgppjfqmimmmfw/Build/Intermediates.noindex/Firebase.build/Debug-iphonesimulator/FirebaseFirestore.build/Objects-normal/arm64/FirebaseFirestore_const_extract_protocols.json -Xcc -I/Users/siam/Library/Developer/Xcode/DerivedData/Lingua_Quest-gvpckrqxtbgyprbgppjfqmimmmfw/SourcePackages/checkouts/GoogleUtilities/GoogleUtilities/NSData+zlib/Public -Xcc -I/Users/siam/Library/Developer/Xcode/DerivedData/Lingua_Quest-gvpckrqxtbgyprbgppjfqmimmmfw/SourcePackages/checkouts/GoogleUtilities/GoogleUtilities/Environment/Public -Xcc -I/Users/siam/Library/Developer/Xcode/DerivedData/Lingua_Quest-gvpckrqxtbgyprbgppjfqmimmmfw/SourcePackages/checkouts/GoogleUtilities/third_party/IsAppEncrypted/Public -Xcc -I/Users/siam/Library/Developer/Xcode/DerivedData/Lingua_Quest-gvpckrqxtbgyprbgppjfqmimmmfw/SourcePackages/checkouts/GoogleUtilities/GoogleUtilities/Logger/Public -Xcc -I/Users/siam/Library/Developer/Xcode/DerivedData/Lingua_Quest-gvpckrqxtbgyprbgppjfqmimmmfw/SourcePackages/checkouts/abseil-cpp-binary/absl-Wrapper/include -Xcc -I/Users/siam/Library/Developer/Xcode/DerivedData/Lingua_Quest-gvpckrqxtbgyprbgppjfqmimmmfw/SourcePackages/checkouts/grpc-binary/openssl-grpc-Wrapper/include -Xcc -I/Users/siam/Library/Developer/Xcode/DerivedData/Lingua_Quest-gvpckrqxtbgyprbgppjfqmimmmfw/SourcePackages/checkouts/grpc-binary/grpc-Wrapper/include -Xcc -I/Users/siam/Library/Developer/Xcode/DerivedData/Lingua_Quest-gvpckrqxtbgyprbgppjfqmimmmfw/SourcePackages/checkouts/grpc-binary/grpcpp-Wrapper/include -Xcc -I/Users/siam/Library/Developer/Xcode/DerivedData/Lingua_Quest-gvpckrqxtbgyprbgppjfqmimmmfw/SourcePackages/checkouts/nanopb/spm_headers -Xcc -I/Users/siam/Library/Developer/Xcode/DerivedData/Lingua_Quest-gvpckrqxtbgyprbgppjfqmimmmfw/SourcePackages/checkouts/leveldb/include -Xcc -I/Users/siam/Library/Developer/Xcode/DerivedData/Lingua_Quest-gvpckrqxtbgyprbgppjfqmimmmfw/SourcePackages/checkouts/firebase-ios-sdk/FirebaseCore/Extension -Xcc -I/Users/siam/Library/Developer/Xcode/DerivedData/Lingua_Quest-gvpckrqxtbgyprbgppjfqmimmmfw/SourcePackages/checkouts/firebase-ios-sdk/FirebaseCore/Sources/Public -Xcc -I/Users/siam/Library/Developer/Xcode/DerivedData/Lingua_Quest-gvpckrqxtbgyprbgppjfqmimmmfw/SourcePackages/checkouts/firebase-ios-sdk/CoreOnly/Sources -Xcc -I/Users/siam/Library/Developer/Xcode/DerivedData/Lingua_Quest-gvpckrqxtbgyprbgppjfqmimmmfw/SourcePackages/checkouts/firebase-ios-sdk/FirebaseAppCheck/Interop/Public -Xcc -I/Users/siam/Library/Developer/Xcode/DerivedData/Lingua_Quest-gvpckrqxtbgyprbgppjfqmimmmfw/SourcePackages/checkouts/firebase-ios-sdk/FirebaseFirestoreInternal -Xcc -I/Users/siam/Library/Developer/Xcode/DerivedData/Lingua_Quest-gvpckrqxtbgyprbgppjfqmimmmfw/Build/Products/Debug-iphonesimulator/include -Xcc -I/Users/siam/Library/Developer/Xcode/DerivedData/Lingua_Quest-gvpckrqxtbgyprbgppjfqmimmmfw/Build/Intermediates.noindex/Firebase.build/Debug-iphonesimulator/FirebaseFirestore.build/DerivedSources-normal/arm64 -Xcc -I/Users/siam/Library/Developer/Xcode/DerivedData/Lingua_Quest-gvpckrqxtbgyprbgppjfqmimmmfw/Build/Intermediates.noindex/Firebase.build/Debug-iphonesimulator/FirebaseFirestore.build/DerivedSources/arm64 -Xcc -I/Users/siam/Library/Developer/Xcode/DerivedData/Lingua_Quest-gvpckrqxtbgyprbgppjfqmimmmfw/Build/Intermediates.noindex/Firebase.build/Debug-iphonesimulator/FirebaseFirestore.build/DerivedSources -Xcc -DSWIFT_PACKAGE -Xcc -DDEBUG\=1 -emit-objc-header -emit-objc-header-path /Users/siam/Library/Developer/Xcode/DerivedData/Lingua_Quest-gvpckrqxtbgyprbgppjfqmimmmfw/Build/Intermediates.noindex/Firebase.build/Debug-iphonesimulator/FirebaseFirestore.build/Objects-normal/arm64/FirebaseFirestore-Swift.h -working-directory /Users/siam/Desktop/Lingua\ Quest/Lingua\ Quest.xcodeproj -experimental-emit-module-separately -disable-cmo

SwiftCompile normal x86_64 Compiling\ FinalizeMFAEnrollmentRequest.swift,\ FinalizeMFAEnrollmentResponse.swift,\ StartMFAEnrollmentRequest.swift,\ StartMFAEnrollmentResponse.swift,\ FinalizeMFASignInRequest.swift,\ FinalizeMFASignInResponse.swift,\ StartMFASignInRequest.swift,\ StartMFASignInResponse.swift,\ WithdrawMFARequest.swift,\ WithdrawMFAResponse.swift,\ AuthProto.swift,\ AuthProtoMFAEnrollment.swift /Users/siam/Library/Developer/Xcode/DerivedData/Lingua_Quest-gvpckrqxtbgyprbgppjfqmimmmfw/SourcePackages/checkouts/firebase-ios-sdk/FirebaseAuth/Sources/Swift/Backend/RPC/MultiFactor/Enroll/FinalizeMFAEnrollmentRequest.swift /Users/siam/Library/Developer/Xcode/DerivedData/Lingua_Quest-gvpckrqxtbgyprbgppjfqmimmmfw/SourcePackages/checkouts/firebase-ios-sdk/FirebaseAuth/Sources/Swift/Backend/RPC/MultiFactor/Enroll/FinalizeMFAEnrollmentResponse.swift /Users/siam/Library/Developer/Xcode/DerivedData/Lingua_Quest-gvpckrqxtbgyprbgppjfqmimmmfw/SourcePackages/checkouts/firebase-ios-sdk/FirebaseAuth/Sources/Swift/Backend/RPC/MultiFactor/Enroll/StartMFAEnrollmentRequest.swift /Users/siam/Library/Developer/Xcode/DerivedData/Lingua_Quest-gvpckrqxtbgyprbgppjfqmimmmfw/SourcePackages/checkouts/firebase-ios-sdk/FirebaseAuth/Sources/Swift/Backend/RPC/MultiFactor/Enroll/StartMFAEnrollmentResponse.swift /Users/siam/Library/Developer/Xcode/DerivedData/Lingua_Quest-gvpckrqxtbgyprbgppjfqmimmmfw/SourcePackages/checkouts/firebase-ios-sdk/FirebaseAuth/Sources/Swift/Backend/RPC/MultiFactor/SignIn/FinalizeMFASignInRequest.swift /Users/siam/Library/Developer/Xcode/DerivedData/Lingua_Quest-gvpckrqxtbgyprbgppjfqmimmmfw/SourcePackages/checkouts/firebase-ios-sdk/FirebaseAuth/Sources/Swift/Backend/RPC/MultiFactor/SignIn/FinalizeMFASignInResponse.swift /Users/siam/Library/Developer/Xcode/DerivedData/Lingua_Quest-gvpckrqxtbgyprbgppjfqmimmmfw/SourcePackages/checkouts/firebase-ios-sdk/FirebaseAuth/Sources/Swift/Backend/RPC/MultiFactor/SignIn/StartMFASignInRequest.swift /Users/siam/Library/Developer/Xcode/DerivedData/Lingua_Quest-gvpckrqxtbgyprbgppjfqmimmmfw/SourcePackages/checkouts/firebase-ios-sdk/FirebaseAuth/Sources/Swift/Backend/RPC/MultiFactor/SignIn/StartMFASignInResponse.swift /Users/siam/Library/Developer/Xcode/DerivedData/Lingua_Quest-gvpckrqxtbgyprbgppjfqmimmmfw/SourcePackages/checkouts/firebase-ios-sdk/FirebaseAuth/Sources/Swift/Backend/RPC/MultiFactor/Unenroll/WithdrawMFARequest.swift /Users/siam/Library/Developer/Xcode/DerivedData/Lingua_Quest-gvpckrqxtbgyprbgppjfqmimmmfw/SourcePackages/checkouts/firebase-ios-sdk/FirebaseAuth/Sources/Swift/Backend/RPC/MultiFactor/Unenroll/WithdrawMFAResponse.swift /Users/siam/Library/Developer/Xcode/DerivedData/Lingua_Quest-gvpckrqxtbgyprbgppjfqmimmmfw/SourcePackages/checkouts/firebase-ios-sdk/FirebaseAuth/Sources/Swift/Backend/RPC/Proto/AuthProto.swift /Users/siam/Library/Developer/Xcode/DerivedData/Lingua_Quest-gvpckrqxtbgyprbgppjfqmimmmfw/SourcePackages/checkouts/firebase-ios-sdk/FirebaseAuth/Sources/Swift/Backend/RPC/Proto/AuthProtoMFAEnrollment.swift (in target 'FirebaseAuth' from project 'Firebase')

SwiftCompile normal x86_64 /Users/siam/Library/Developer/Xcode/DerivedData/Lingua_Quest-gvpckrqxtbgyprbgppjfqmimmmfw/SourcePackages/checkouts/firebase-ios-sdk/FirebaseAuth/Sources/Swift/Backend/RPC/MultiFactor/Enroll/FinalizeMFAEnrollmentRequest.swift (in target 'FirebaseAuth' from project 'Firebase')
    cd /Users/siam/Desktop/Lingua\ Quest/Lingua\ Quest.xcodeproj
    

SwiftCompile normal x86_64 /Users/siam/Library/Developer/Xcode/DerivedData/Lingua_Quest-gvpckrqxtbgyprbgppjfqmimmmfw/SourcePackages/checkouts/firebase-ios-sdk/FirebaseAuth/Sources/Swift/Backend/RPC/MultiFactor/Enroll/FinalizeMFAEnrollmentResponse.swift (in target 'FirebaseAuth' from project 'Firebase')
    cd /Users/siam/Desktop/Lingua\ Quest/Lingua\ Quest.xcodeproj
    

SwiftCompile normal x86_64 /Users/siam/Library/Developer/Xcode/DerivedData/Lingua_Quest-gvpckrqxtbgyprbgppjfqmimmmfw/SourcePackages/checkouts/firebase-ios-sdk/FirebaseAuth/Sources/Swift/Backend/RPC/MultiFactor/Enroll/StartMFAEnrollmentRequest.swift (in target 'FirebaseAuth' from project 'Firebase')
    cd /Users/siam/Desktop/Lingua\ Quest/Lingua\ Quest.xcodeproj
    

SwiftCompile normal x86_64 /Users/siam/Library/Developer/Xcode/DerivedData/Lingua_Quest-gvpckrqxtbgyprbgppjfqmimmmfw/SourcePackages/checkouts/firebase-ios-sdk/FirebaseAuth/Sources/Swift/Backend/RPC/MultiFactor/Enroll/StartMFAEnrollmentResponse.swift (in target 'FirebaseAuth' from project 'Firebase')
    cd /Users/siam/Desktop/Lingua\ Quest/Lingua\ Quest.xcodeproj
    

SwiftCompile normal x86_64 /Users/siam/Library/Developer/Xcode/DerivedData/Lingua_Quest-gvpckrqxtbgyprbgppjfqmimmmfw/SourcePackages/checkouts/firebase-ios-sdk/FirebaseAuth/Sources/Swift/Backend/RPC/MultiFactor/SignIn/FinalizeMFASignInRequest.swift (in target 'FirebaseAuth' from project 'Firebase')
    cd /Users/siam/Desktop/Lingua\ Quest/Lingua\ Quest.xcodeproj
    

SwiftCompile normal x86_64 /Users/siam/Library/Developer/Xcode/DerivedData/Lingua_Quest-gvpckrqxtbgyprbgppjfqmimmmfw/SourcePackages/checkouts/firebase-ios-sdk/FirebaseAuth/Sources/Swift/Backend/RPC/MultiFactor/SignIn/FinalizeMFASignInResponse.swift (in target 'FirebaseAuth' from project 'Firebase')
    cd /Users/siam/Desktop/Lingua\ Quest/Lingua\ Quest.xcodeproj
    

SwiftCompile normal x86_64 /Users/siam/Library/Developer/Xcode/DerivedData/Lingua_Quest-gvpckrqxtbgyprbgppjfqmimmmfw/SourcePackages/checkouts/firebase-ios-sdk/FirebaseAuth/Sources/Swift/Backend/RPC/MultiFactor/SignIn/StartMFASignInRequest.swift (in target 'FirebaseAuth' from project 'Firebase')
    cd /Users/siam/Desktop/Lingua\ Quest/Lingua\ Quest.xcodeproj
    

SwiftCompile normal x86_64 /Users/siam/Library/Developer/Xcode/DerivedData/Lingua_Quest-gvpckrqxtbgyprbgppjfqmimmmfw/SourcePackages/checkouts/firebase-ios-sdk/FirebaseAuth/Sources/Swift/Backend/RPC/MultiFactor/SignIn/StartMFASignInResponse.swift (in target 'FirebaseAuth' from project 'Firebase')
    cd /Users/siam/Desktop/Lingua\ Quest/Lingua\ Quest.xcodeproj
    

SwiftCompile normal x86_64 /Users/siam/Library/Developer/Xcode/DerivedData/Lingua_Quest-gvpckrqxtbgyprbgppjfqmimmmfw/SourcePackages/checkouts/firebase-ios-sdk/FirebaseAuth/Sources/Swift/Backend/RPC/MultiFactor/Unenroll/WithdrawMFARequest.swift (in target 'FirebaseAuth' from project 'Firebase')
    cd /Users/siam/Desktop/Lingua\ Quest/Lingua\ Quest.xcodeproj
    

SwiftCompile normal x86_64 /Users/siam/Library/Developer/Xcode/DerivedData/Lingua_Quest-gvpckrqxtbgyprbgppjfqmimmmfw/SourcePackages/checkouts/firebase-ios-sdk/FirebaseAuth/Sources/Swift/Backend/RPC/MultiFactor/Unenroll/WithdrawMFAResponse.swift (in target 'FirebaseAuth' from project 'Firebase')
    cd /Users/siam/Desktop/Lingua\ Quest/Lingua\ Quest.xcodeproj
    

SwiftCompile normal x86_64 /Users/siam/Library/Developer/Xcode/DerivedData/Lingua_Quest-gvpckrqxtbgyprbgppjfqmimmmfw/SourcePackages/checkouts/firebase-ios-sdk/FirebaseAuth/Sources/Swift/Backend/RPC/Proto/AuthProto.swift (in target 'FirebaseAuth' from project 'Firebase')
    cd /Users/siam/Desktop/Lingua\ Quest/Lingua\ Quest.xcodeproj
    

SwiftCompile normal x86_64 /Users/siam/Library/Developer/Xcode/DerivedData/Lingua_Quest-gvpckrqxtbgyprbgppjfqmimmmfw/SourcePackages/checkouts/firebase-ios-sdk/FirebaseAuth/Sources/Swift/Backend/RPC/Proto/AuthProtoMFAEnrollment.swift (in target 'FirebaseAuth' from project 'Firebase')
    cd /Users/siam/Desktop/Lingua\ Quest/Lingua\ Quest.xcodeproj
    

SwiftDriverJobDiscovery normal x86_64 Compiling DeleteAccountRequest.swift, DeleteAccountResponse.swift, EmailLinkSignInRequest.swift, EmailLinkSignInResponse.swift, GetAccountInfoRequest.swift, GetAccountInfoResponse.swift, GetOOBConfirmationCodeRequest.swift, GetOOBConfirmationCodeResponse.swift, GetProjectConfigRequest.swift, GetProjectConfigResponse.swift, GetRecaptchaConfigRequest.swift, GetRecaptchaConfigResponse.swift (in target 'FirebaseAuth' from project 'Firebase')

SwiftDriver\ Compilation FirebaseFirestore normal x86_64 com.apple.xcode.tools.swift.compiler (in target 'FirebaseFirestore' from project 'Firebase')
    cd /Users/siam/Desktop/Lingua\ Quest/Lingua\ Quest.xcodeproj
    builtin-Swift-Compilation -- /Applications/Xcode.app/Contents/Developer/Toolchains/XcodeDefault.xctoolchain/usr/bin/swiftc -module-name FirebaseFirestore -Onone -enforce-exclusivity\=checked @/Users/siam/Library/Developer/Xcode/DerivedData/Lingua_Quest-gvpckrqxtbgyprbgppjfqmimmmfw/Build/Intermediates.noindex/Firebase.build/Debug-iphonesimulator/FirebaseFirestore.build/Objects-normal/x86_64/FirebaseFirestore.SwiftFileList -DSWIFT_PACKAGE -DDEBUG -DSWIFT_MODULE_RESOURCE_BUNDLE_AVAILABLE -Xcc -fmodule-map-file\=/Users/siam/Library/Developer/Xcode/DerivedData/Lingua_Quest-gvpckrqxtbgyprbgppjfqmimmmfw/Build/Intermediates.noindex/GeneratedModuleMaps-iphonesimulator/GoogleUtilities-NSData.modulemap -Xcc -fmodule-map-file\=/Users/siam/Library/Developer/Xcode/DerivedData/Lingua_Quest-gvpckrqxtbgyprbgppjfqmimmmfw/Build/Intermediates.noindex/GeneratedModuleMaps-iphonesimulator/GoogleUtilities-Environment.modulemap -Xcc -fmodule-map-file\=/Users/siam/Library/Developer/Xcode/DerivedData/Lingua_Quest-gvpckrqxtbgyprbgppjfqmimmmfw/Build/Intermediates.noindex/GeneratedModuleMaps-iphonesimulator/third-party-IsAppEncrypted.modulemap -Xcc -fmodule-map-file\=/Users/siam/Library/Developer/Xcode/DerivedData/Lingua_Quest-gvpckrqxtbgyprbgppjfqmimmmfw/Build/Intermediates.noindex/GeneratedModuleMaps-iphonesimulator/GoogleUtilities-Logger.modulemap -Xcc -fmodule-map-file\=/Users/siam/Library/Developer/Xcode/DerivedData/Lingua_Quest-gvpckrqxtbgyprbgppjfqmimmmfw/Build/Intermediates.noindex/GeneratedModuleMaps-iphonesimulator/abslWrapper.modulemap -Xcc -fmodule-map-file\=/Users/siam/Library/Developer/Xcode/DerivedData/Lingua_Quest-gvpckrqxtbgyprbgppjfqmimmmfw/Build/Intermediates.noindex/GeneratedModuleMaps-iphonesimulator/opensslWrapper.modulemap -Xcc -fmodule-map-file\=/Users/siam/Library/Developer/Xcode/DerivedData/Lingua_Quest-gvpckrqxtbgyprbgppjfqmimmmfw/Build/Intermediates.noindex/GeneratedModuleMaps-iphonesimulator/grpcWrapper.modulemap -Xcc -fmodule-map-file\=/Users/siam/Library/Developer/Xcode/DerivedData/Lingua_Quest-gvpckrqxtbgyprbgppjfqmimmmfw/Build/Intermediates.noindex/GeneratedModuleMaps-iphonesimulator/grpcppWrapper.modulemap -Xcc -fmodule-map-file\=/Users/siam/Library/Developer/Xcode/DerivedData/Lingua_Quest-gvpckrqxtbgyprbgppjfqmimmmfw/Build/Intermediates.noindex/GeneratedModuleMaps-iphonesimulator/nanopb.modulemap -Xcc -fmodule-map-file\=/Users/siam/Library/Developer/Xcode/DerivedData/Lingua_Quest-gvpckrqxtbgyprbgppjfqmimmmfw/Build/Intermediates.noindex/GeneratedModuleMaps-iphonesimulator/leveldb.modulemap -Xcc -fmodule-map-file\=/Users/siam/Library/Developer/Xcode/DerivedData/Lingua_Quest-gvpckrqxtbgyprbgppjfqmimmmfw/Build/Intermediates.noindex/GeneratedModuleMaps-iphonesimulator/FirebaseCoreExtension.modulemap -Xcc -fmodule-map-file\=/Users/siam/Library/Developer/Xcode/DerivedData/Lingua_Quest-gvpckrqxtbgyprbgppjfqmimmmfw/Build/Intermediates.noindex/GeneratedModuleMaps-iphonesimulator/FirebaseCore.modulemap -Xcc -fmodule-map-file\=/Users/siam/Library/Developer/Xcode/DerivedData/Lingua_Quest-gvpckrqxtbgyprbgppjfqmimmmfw/Build/Intermediates.noindex/GeneratedModuleMaps-iphonesimulator/FirebaseAppCheckInterop.modulemap -Xcc -fmodule-map-file\=/Users/siam/Library/Developer/Xcode/DerivedData/Lingua_Quest-gvpckrqxtbgyprbgppjfqmimmmfw/Build/Intermediates.noindex/GeneratedModuleMaps-iphonesimulator/FirebaseFirestoreInternalWrapper.modulemap -DXcode -plugin-path /Applications/Xcode.app/Contents/Developer/Toolchains/XcodeDefault.xctoolchain/usr/lib/swift/host/plugins/testing -enable-experimental-feature DebugDescriptionMacro -sdk /Applications/Xcode.app/Contents/Developer/Platforms/iPhoneSimulator.platform/Developer/SDKs/iPhoneSimulator26.0.sdk -target x86_64-apple-ios15.0-simulator -g -module-cache-path /Users/siam/Library/Developer/Xcode/DerivedData/ModuleCache.noindex -Xfrontend -serialize-debugging-options -profile-coverage-mapping -profile-generate -enable-testing -suppress-warnings -index-store-path /Users/siam/Library/Developer/Xcode/DerivedData/Lingua_Quest-gvpckrqxtbgyprbgppjfqmimmmfw/Index.noindex/DataStore -Xcc -D_LIBCPP_HARDENING_MODE\=_LIBCPP_HARDENING_MODE_DEBUG -swift-version 5 -I /Users/siam/Library/Developer/Xcode/DerivedData/Lingua_Quest-gvpckrqxtbgyprbgppjfqmimmmfw/Build/Products/Debug-iphonesimulator -Isystem /Applications/Xcode.app/Contents/Developer/Platforms/iPhoneSimulator.platform/Developer/usr/lib -F /Users/siam/Library/Developer/Xcode/DerivedData/Lingua_Quest-gvpckrqxtbgyprbgppjfqmimmmfw/Build/Products/Debug-iphonesimulator/PackageFrameworks -F /Users/siam/Library/Developer/Xcode/DerivedData/Lingua_Quest-gvpckrqxtbgyprbgppjfqmimmmfw/Build/Products/Debug-iphonesimulator/PackageFrameworks -F /Users/siam/Library/Developer/Xcode/DerivedData/Lingua_Quest-gvpckrqxtbgyprbgppjfqmimmmfw/Build/Products/Debug-iphonesimulator/PackageFrameworks -F /Users/siam/Library/Developer/Xcode/DerivedData/Lingua_Quest-gvpckrqxtbgyprbgppjfqmimmmfw/Build/Products/Debug-iphonesimulator/PackageFrameworks -F /Users/siam/Library/Developer/Xcode/DerivedData/Lingua_Quest-gvpckrqxtbgyprbgppjfqmimmmfw/Build/Products/Debug-iphonesimulator/PackageFrameworks -F /Users/siam/Library/Developer/Xcode/DerivedData/Lingua_Quest-gvpckrqxtbgyprbgppjfqmimmmfw/Build/Products/Debug-iphonesimulator/PackageFrameworks -F /Users/siam/Library/Developer/Xcode/DerivedData/Lingua_Quest-gvpckrqxtbgyprbgppjfqmimmmfw/Build/Products/Debug-iphonesimulator/PackageFrameworks -F /Users/siam/Library/Developer/Xcode/DerivedData/Lingua_Quest-gvpckrqxtbgyprbgppjfqmimmmfw/Build/Products/Debug-iphonesimulator/PackageFrameworks -F /Users/siam/Library/Developer/Xcode/DerivedData/Lingua_Quest-gvpckrqxtbgyprbgppjfqmimmmfw/Build/Products/Debug-iphonesimulator/PackageFrameworks -F /Users/siam/Library/Developer/Xcode/DerivedData/Lingua_Quest-gvpckrqxtbgyprbgppjfqmimmmfw/Build/Products/Debug-iphonesimulator/PackageFrameworks -F /Users/siam/Library/Developer/Xcode/DerivedData/Lingua_Quest-gvpckrqxtbgyprbgppjfqmimmmfw/Build/Products/Debug-iphonesimulator/PackageFrameworks -F /Users/siam/Library/Developer/Xcode/DerivedData/Lingua_Quest-gvpckrqxtbgyprbgppjfqmimmmfw/Build/Products/Debug-iphonesimulator/PackageFrameworks -F /Users/siam/Library/Developer/Xcode/DerivedData/Lingua_Quest-gvpckrqxtbgyprbgppjfqmimmmfw/Build/Products/Debug-iphonesimulator/PackageFrameworks -F /Users/siam/Library/Developer/Xcode/DerivedData/Lingua_Quest-gvpckrqxtbgyprbgppjfqmimmmfw/Build/Products/Debug-iphonesimulator/PackageFrameworks -F /Users/siam/Library/Developer/Xcode/DerivedData/Lingua_Quest-gvpckrqxtbgyprbgppjfqmimmmfw/Build/Products/Debug-iphonesimulator/PackageFrameworks -F /Users/siam/Library/Developer/Xcode/DerivedData/Lingua_Quest-gvpckrqxtbgyprbgppjfqmimmmfw/Build/Products/Debug-iphonesimulator/PackageFrameworks -F /Users/siam/Library/Developer/Xcode/DerivedData/Lingua_Quest-gvpckrqxtbgyprbgppjfqmimmmfw/Build/Products/Debug-iphonesimulator/PackageFrameworks -F /Users/siam/Library/Developer/Xcode/DerivedData/Lingua_Quest-gvpckrqxtbgyprbgppjfqmimmmfw/Build/Products/Debug-iphonesimulator -F /Applications/Xcode.app/Contents/Developer/Platforms/iPhoneSimulator.platform/Developer/Library/Frameworks -F /Applications/Xcode.app/Contents/Developer/Platforms/iPhoneSimulator.platform/Developer/SDKs/iPhoneSimulator26.0.sdk/Developer/Library/Frameworks -c -j12 -enable-batch-mode -incremental -Xcc -ivfsstatcache -Xcc /Users/siam/Library/Developer/Xcode/DerivedData/SDKStatCaches.noindex/iphonesimulator26.0-23A339-26257891a6c027eb51374368541b8346.sdkstatcache -output-file-map /Users/siam/Library/Developer/Xcode/DerivedData/Lingua_Quest-gvpckrqxtbgyprbgppjfqmimmmfw/Build/Intermediates.noindex/Firebase.build/Debug-iphonesimulator/FirebaseFirestore.build/Objects-normal/x86_64/FirebaseFirestore-OutputFileMap.json -use-frontend-parseable-output -save-temps -no-color-diagnostics -explicit-module-build -module-cache-path /Users/siam/Library/Developer/Xcode/DerivedData/Lingua_Quest-gvpckrqxtbgyprbgppjfqmimmmfw/Build/Intermediates.noindex/SwiftExplicitPrecompiledModules -clang-scanner-module-cache-path /Users/siam/Library/Developer/Xcode/DerivedData/ModuleCache.noindex -sdk-module-cache-path /Users/siam/Library/Developer/Xcode/DerivedData/ModuleCache.noindex -serialize-diagnostics -emit-dependencies -emit-module -emit-module-path /Users/siam/Library/Developer/Xcode/DerivedData/Lingua_Quest-gvpckrqxtbgyprbgppjfqmimmmfw/Build/Intermediates.noindex/Firebase.build/Debug-iphonesimulator/FirebaseFirestore.build/Objects-normal/x86_64/FirebaseFirestore.swiftmodule -user-module-version 12.16.0 -validate-clang-modules-once -clang-build-session-file /Users/siam/Library/Developer/Xcode/DerivedData/ModuleCache.noindex/Session.modulevalidation -package-name firebase_ios_sdk -Xcc -I/Users/siam/Library/Developer/Xcode/DerivedData/Lingua_Quest-gvpckrqxtbgyprbgppjfqmimmmfw/Build/Intermediates.noindex/Firebase.build/Debug-iphonesimulator/FirebaseFirestore.build/swift-overrides.hmap -emit-const-values -Xfrontend -const-gather-protocols-file -Xfrontend /Users/siam/Library/Developer/Xcode/DerivedData/Lingua_Quest-gvpckrqxtbgyprbgppjfqmimmmfw/Build/Intermediates.noindex/Firebase.build/Debug-iphonesimulator/FirebaseFirestore.build/Objects-normal/x86_64/FirebaseFirestore_const_extract_protocols.json -Xcc -I/Users/siam/Library/Developer/Xcode/DerivedData/Lingua_Quest-gvpckrqxtbgyprbgppjfqmimmmfw/SourcePackages/checkouts/GoogleUtilities/GoogleUtilities/NSData+zlib/Public -Xcc -I/Users/siam/Library/Developer/Xcode/DerivedData/Lingua_Quest-gvpckrqxtbgyprbgppjfqmimmmfw/SourcePackages/checkouts/GoogleUtilities/GoogleUtilities/Environment/Public -Xcc -I/Users/siam/Library/Developer/Xcode/DerivedData/Lingua_Quest-gvpckrqxtbgyprbgppjfqmimmmfw/SourcePackages/checkouts/GoogleUtilities/third_party/IsAppEncrypted/Public -Xcc -I/Users/siam/Library/Developer/Xcode/DerivedData/Lingua_Quest-gvpckrqxtbgyprbgppjfqmimmmfw/SourcePackages/checkouts/GoogleUtilities/GoogleUtilities/Logger/Public -Xcc -I/Users/siam/Library/Developer/Xcode/DerivedData/Lingua_Quest-gvpckrqxtbgyprbgppjfqmimmmfw/SourcePackages/checkouts/abseil-cpp-binary/absl-Wrapper/include -Xcc -I/Users/siam/Library/Developer/Xcode/DerivedData/Lingua_Quest-gvpckrqxtbgyprbgppjfqmimmmfw/SourcePackages/checkouts/grpc-binary/openssl-grpc-Wrapper/include -Xcc -I/Users/siam/Library/Developer/Xcode/DerivedData/Lingua_Quest-gvpckrqxtbgyprbgppjfqmimmmfw/SourcePackages/checkouts/grpc-binary/grpc-Wrapper/include -Xcc -I/Users/siam/Library/Developer/Xcode/DerivedData/Lingua_Quest-gvpckrqxtbgyprbgppjfqmimmmfw/SourcePackages/checkouts/grpc-binary/grpcpp-Wrapper/include -Xcc -I/Users/siam/Library/Developer/Xcode/DerivedData/Lingua_Quest-gvpckrqxtbgyprbgppjfqmimmmfw/SourcePackages/checkouts/nanopb/spm_headers -Xcc -I/Users/siam/Library/Developer/Xcode/DerivedData/Lingua_Quest-gvpckrqxtbgyprbgppjfqmimmmfw/SourcePackages/checkouts/leveldb/include -Xcc -I/Users/siam/Library/Developer/Xcode/DerivedData/Lingua_Quest-gvpckrqxtbgyprbgppjfqmimmmfw/SourcePackages/checkouts/firebase-ios-sdk/FirebaseCore/Extension -Xcc -I/Users/siam/Library/Developer/Xcode/DerivedData/Lingua_Quest-gvpckrqxtbgyprbgppjfqmimmmfw/SourcePackages/checkouts/firebase-ios-sdk/FirebaseCore/Sources/Public -Xcc -I/Users/siam/Library/Developer/Xcode/DerivedData/Lingua_Quest-gvpckrqxtbgyprbgppjfqmimmmfw/SourcePackages/checkouts/firebase-ios-sdk/CoreOnly/Sources -Xcc -I/Users/siam/Library/Developer/Xcode/DerivedData/Lingua_Quest-gvpckrqxtbgyprbgppjfqmimmmfw/SourcePackages/checkouts/firebase-ios-sdk/FirebaseAppCheck/Interop/Public -Xcc -I/Users/siam/Library/Developer/Xcode/DerivedData/Lingua_Quest-gvpckrqxtbgyprbgppjfqmimmmfw/SourcePackages/checkouts/firebase-ios-sdk/FirebaseFirestoreInternal -Xcc -I/Users/siam/Library/Developer/Xcode/DerivedData/Lingua_Quest-gvpckrqxtbgyprbgppjfqmimmmfw/Build/Products/Debug-iphonesimulator/include -Xcc -I/Users/siam/Library/Developer/Xcode/DerivedData/Lingua_Quest-gvpckrqxtbgyprbgppjfqmimmmfw/Build/Intermediates.noindex/Firebase.build/Debug-iphonesimulator/FirebaseFirestore.build/DerivedSources-normal/x86_64 -Xcc -I/Users/siam/Library/Developer/Xcode/DerivedData/Lingua_Quest-gvpckrqxtbgyprbgppjfqmimmmfw/Build/Intermediates.noindex/Firebase.build/Debug-iphonesimulator/FirebaseFirestore.build/DerivedSources/x86_64 -Xcc -I/Users/siam/Library/Developer/Xcode/DerivedData/Lingua_Quest-gvpckrqxtbgyprbgppjfqmimmmfw/Build/Intermediates.noindex/Firebase.build/Debug-iphonesimulator/FirebaseFirestore.build/DerivedSources -Xcc -DSWIFT_PACKAGE -Xcc -DDEBUG\=1 -emit-objc-header -emit-objc-header-path /Users/siam/Library/Developer/Xcode/DerivedData/Lingua_Quest-gvpckrqxtbgyprbgppjfqmimmmfw/Build/Intermediates.noindex/Firebase.build/Debug-iphonesimulator/FirebaseFirestore.build/Objects-normal/x86_64/FirebaseFirestore-Swift.h -working-directory /Users/siam/Desktop/Lingua\ Quest/Lingua\ Quest.xcodeproj -experimental-emit-module-separately -disable-cmo

SwiftCompile normal arm64 Compiling\ RevokeTokenRequest.swift,\ RevokeTokenResponse.swift,\ SecureTokenRequest.swift,\ SecureTokenResponse.swift,\ SendVerificationTokenRequest.swift,\ SendVerificationTokenResponse.swift,\ SetAccountInfoRequest.swift,\ SetAccountInfoResponse.swift,\ SignInWithGameCenterRequest.swift,\ SignInWithGameCenterResponse.swift,\ SignUpNewUserRequest.swift /Users/siam/Library/Developer/Xcode/DerivedData/Lingua_Quest-gvpckrqxtbgyprbgppjfqmimmmfw/SourcePackages/checkouts/firebase-ios-sdk/FirebaseAuth/Sources/Swift/Backend/RPC/RevokeTokenRequest.swift /Users/siam/Library/Developer/Xcode/DerivedData/Lingua_Quest-gvpckrqxtbgyprbgppjfqmimmmfw/SourcePackages/checkouts/firebase-ios-sdk/FirebaseAuth/Sources/Swift/Backend/RPC/RevokeTokenResponse.swift /Users/siam/Library/Developer/Xcode/DerivedData/Lingua_Quest-gvpckrqxtbgyprbgppjfqmimmmfw/SourcePackages/checkouts/firebase-ios-sdk/FirebaseAuth/Sources/Swift/Backend/RPC/SecureTokenRequest.swift /Users/siam/Library/Developer/Xcode/DerivedData/Lingua_Quest-gvpckrqxtbgyprbgppjfqmimmmfw/SourcePackages/checkouts/firebase-ios-sdk/FirebaseAuth/Sources/Swift/Backend/RPC/SecureTokenResponse.swift /Users/siam/Library/Developer/Xcode/DerivedData/Lingua_Quest-gvpckrqxtbgyprbgppjfqmimmmfw/SourcePackages/checkouts/firebase-ios-sdk/FirebaseAuth/Sources/Swift/Backend/RPC/SendVerificationTokenRequest.swift /Users/siam/Library/Developer/Xcode/DerivedData/Lingua_Quest-gvpckrqxtbgyprbgppjfqmimmmfw/SourcePackages/checkouts/firebase-ios-sdk/FirebaseAuth/Sources/Swift/Backend/RPC/SendVerificationTokenResponse.swift /Users/siam/Library/Developer/Xcode/DerivedData/Lingua_Quest-gvpckrqxtbgyprbgppjfqmimmmfw/SourcePackages/checkouts/firebase-ios-sdk/FirebaseAuth/Sources/Swift/Backend/RPC/SetAccountInfoRequest.swift /Users/siam/Library/Developer/Xcode/DerivedData/Lingua_Quest-gvpckrqxtbgyprbgppjfqmimmmfw/SourcePackages/checkouts/firebase-ios-sdk/FirebaseAuth/Sources/Swift/Backend/RPC/SetAccountInfoResponse.swift /Users/siam/Library/Developer/Xcode/DerivedData/Lingua_Quest-gvpckrqxtbgyprbgppjfqmimmmfw/SourcePackages/checkouts/firebase-ios-sdk/FirebaseAuth/Sources/Swift/Backend/RPC/SignInWithGameCenterRequest.swift /Users/siam/Library/Developer/Xcode/DerivedData/Lingua_Quest-gvpckrqxtbgyprbgppjfqmimmmfw/SourcePackages/checkouts/firebase-ios-sdk/FirebaseAuth/Sources/Swift/Backend/RPC/SignInWithGameCenterResponse.swift /Users/siam/Library/Developer/Xcode/DerivedData/Lingua_Quest-gvpckrqxtbgyprbgppjfqmimmmfw/SourcePackages/checkouts/firebase-ios-sdk/FirebaseAuth/Sources/Swift/Backend/RPC/SignUpNewUserRequest.swift (in target 'FirebaseAuth' from project 'Firebase')
SwiftCompile normal arm64 /Users/siam/Library/Developer/Xcode/DerivedData/Lingua_Quest-gvpckrqxtbgyprbgppjfqmimmmfw/SourcePackages/checkouts/firebase-ios-sdk/FirebaseAuth/Sources/Swift/Backend/RPC/RevokeTokenRequest.swift (in target 'FirebaseAuth' from project 'Firebase')
    cd /Users/siam/Desktop/Lingua\ Quest/Lingua\ Quest.xcodeproj
    

SwiftCompile normal arm64 /Users/siam/Library/Developer/Xcode/DerivedData/Lingua_Quest-gvpckrqxtbgyprbgppjfqmimmmfw/SourcePackages/checkouts/firebase-ios-sdk/FirebaseAuth/Sources/Swift/Backend/RPC/RevokeTokenResponse.swift (in target 'FirebaseAuth' from project 'Firebase')
    cd /Users/siam/Desktop/Lingua\ Quest/Lingua\ Quest.xcodeproj
    

SwiftCompile normal arm64 /Users/siam/Library/Developer/Xcode/DerivedData/Lingua_Quest-gvpckrqxtbgyprbgppjfqmimmmfw/SourcePackages/checkouts/firebase-ios-sdk/FirebaseAuth/Sources/Swift/Backend/RPC/SecureTokenRequest.swift (in target 'FirebaseAuth' from project 'Firebase')
    cd /Users/siam/Desktop/Lingua\ Quest/Lingua\ Quest.xcodeproj
    

SwiftCompile normal arm64 /Users/siam/Library/Developer/Xcode/DerivedData/Lingua_Quest-gvpckrqxtbgyprbgppjfqmimmmfw/SourcePackages/checkouts/firebase-ios-sdk/FirebaseAuth/Sources/Swift/Backend/RPC/SecureTokenResponse.swift (in target 'FirebaseAuth' from project 'Firebase')
    cd /Users/siam/Desktop/Lingua\ Quest/Lingua\ Quest.xcodeproj
    

SwiftCompile normal arm64 /Users/siam/Library/Developer/Xcode/DerivedData/Lingua_Quest-gvpckrqxtbgyprbgppjfqmimmmfw/SourcePackages/checkouts/firebase-ios-sdk/FirebaseAuth/Sources/Swift/Backend/RPC/SendVerificationTokenRequest.swift (in target 'FirebaseAuth' from project 'Firebase')
    cd /Users/siam/Desktop/Lingua\ Quest/Lingua\ Quest.xcodeproj
    

SwiftCompile normal arm64 /Users/siam/Library/Developer/Xcode/DerivedData/Lingua_Quest-gvpckrqxtbgyprbgppjfqmimmmfw/SourcePackages/checkouts/firebase-ios-sdk/FirebaseAuth/Sources/Swift/Backend/RPC/SendVerificationTokenResponse.swift (in target 'FirebaseAuth' from project 'Firebase')
    cd /Users/siam/Desktop/Lingua\ Quest/Lingua\ Quest.xcodeproj
    

SwiftCompile normal arm64 /Users/siam/Library/Developer/Xcode/DerivedData/Lingua_Quest-gvpckrqxtbgyprbgppjfqmimmmfw/SourcePackages/checkouts/firebase-ios-sdk/FirebaseAuth/Sources/Swift/Backend/RPC/SetAccountInfoRequest.swift (in target 'FirebaseAuth' from project 'Firebase')
    cd /Users/siam/Desktop/Lingua\ Quest/Lingua\ Quest.xcodeproj
    

SwiftCompile normal arm64 /Users/siam/Library/Developer/Xcode/DerivedData/Lingua_Quest-gvpckrqxtbgyprbgppjfqmimmmfw/SourcePackages/checkouts/firebase-ios-sdk/FirebaseAuth/Sources/Swift/Backend/RPC/SetAccountInfoResponse.swift (in target 'FirebaseAuth' from project 'Firebase')
    cd /Users/siam/Desktop/Lingua\ Quest/Lingua\ Quest.xcodeproj
    

SwiftCompile normal arm64 /Users/siam/Library/Developer/Xcode/DerivedData/Lingua_Quest-gvpckrqxtbgyprbgppjfqmimmmfw/SourcePackages/checkouts/firebase-ios-sdk/FirebaseAuth/Sources/Swift/Backend/RPC/SignInWithGameCenterRequest.swift (in target 'FirebaseAuth' from project 'Firebase')
    cd /Users/siam/Desktop/Lingua\ Quest/Lingua\ Quest.xcodeproj
    

SwiftCompile normal arm64 /Users/siam/Library/Developer/Xcode/DerivedData/Lingua_Quest-gvpckrqxtbgyprbgppjfqmimmmfw/SourcePackages/checkouts/firebase-ios-sdk/FirebaseAuth/Sources/Swift/Backend/RPC/SignInWithGameCenterResponse.swift (in target 'FirebaseAuth' from project 'Firebase')
    cd /Users/siam/Desktop/Lingua\ Quest/Lingua\ Quest.xcodeproj
    

SwiftCompile normal arm64 /Users/siam/Library/Developer/Xcode/DerivedData/Lingua_Quest-gvpckrqxtbgyprbgppjfqmimmmfw/SourcePackages/checkouts/firebase-ios-sdk/FirebaseAuth/Sources/Swift/Backend/RPC/SignUpNewUserRequest.swift (in target 'FirebaseAuth' from project 'Firebase')
    cd /Users/siam/Desktop/Lingua\ Quest/Lingua\ Quest.xcodeproj
    

SwiftCompile normal arm64 Compiling\ AuthNotificationManager.swift,\ AuthStoredUserManager.swift,\ SecureTokenService.swift,\ TokenRefreshCoalescer.swift,\ AdditionalUserInfo.swift,\ User.swift,\ UserInfo.swift,\ UserInfoImpl.swift,\ UserMetadata.swift,\ UserProfileChangeRequest.swift,\ UserProfileUpdate.swift /Users/siam/Library/Developer/Xcode/DerivedData/Lingua_Quest-gvpckrqxtbgyprbgppjfqmimmmfw/SourcePackages/checkouts/firebase-ios-sdk/FirebaseAuth/Sources/Swift/SystemService/AuthNotificationManager.swift /Users/siam/Library/Developer/Xcode/DerivedData/Lingua_Quest-gvpckrqxtbgyprbgppjfqmimmmfw/SourcePackages/checkouts/firebase-ios-sdk/FirebaseAuth/Sources/Swift/SystemService/AuthStoredUserManager.swift /Users/siam/Library/Developer/Xcode/DerivedData/Lingua_Quest-gvpckrqxtbgyprbgppjfqmimmmfw/SourcePackages/checkouts/firebase-ios-sdk/FirebaseAuth/Sources/Swift/SystemService/SecureTokenService.swift /Users/siam/Library/Developer/Xcode/DerivedData/Lingua_Quest-gvpckrqxtbgyprbgppjfqmimmmfw/SourcePackages/checkouts/firebase-ios-sdk/FirebaseAuth/Sources/Swift/SystemService/TokenRefreshCoalescer.swift /Users/siam/Library/Developer/Xcode/DerivedData/Lingua_Quest-gvpckrqxtbgyprbgppjfqmimmmfw/SourcePackages/checkouts/firebase-ios-sdk/FirebaseAuth/Sources/Swift/User/AdditionalUserInfo.swift /Users/siam/Library/Developer/Xcode/DerivedData/Lingua_Quest-gvpckrqxtbgyprbgppjfqmimmmfw/SourcePackages/checkouts/firebase-ios-sdk/FirebaseAuth/Sources/Swift/User/User.swift /Users/siam/Library/Developer/Xcode/DerivedData/Lingua_Quest-gvpckrqxtbgyprbgppjfqmimmmfw/SourcePackages/checkouts/firebase-ios-sdk/FirebaseAuth/Sources/Swift/User/UserInfo.swift /Users/siam/Library/Developer/Xcode/DerivedData/Lingua_Quest-gvpckrqxtbgyprbgppjfqmimmmfw/SourcePackages/checkouts/firebase-ios-sdk/FirebaseAuth/Sources/Swift/User/UserInfoImpl.swift /Users/siam/Library/Developer/Xcode/DerivedData/Lingua_Quest-gvpckrqxtbgyprbgppjfqmimmmfw/SourcePackages/checkouts/firebase-ios-sdk/FirebaseAuth/Sources/Swift/User/UserMetadata.swift /Users/siam/Library/Developer/Xcode/DerivedData/Lingua_Quest-gvpckrqxtbgyprbgppjfqmimmmfw/SourcePackages/checkouts/firebase-ios-sdk/FirebaseAuth/Sources/Swift/User/UserProfileChangeRequest.swift /Users/siam/Library/Developer/Xcode/DerivedData/Lingua_Quest-gvpckrqxtbgyprbgppjfqmimmmfw/SourcePackages/checkouts/firebase-ios-sdk/FirebaseAuth/Sources/Swift/User/UserProfileUpdate.swift (in target 'FirebaseAuth' from project 'Firebase')
SwiftCompile normal arm64 /Users/siam/Library/Developer/Xcode/DerivedData/Lingua_Quest-gvpckrqxtbgyprbgppjfqmimmmfw/SourcePackages/checkouts/firebase-ios-sdk/FirebaseAuth/Sources/Swift/SystemService/AuthNotificationManager.swift (in target 'FirebaseAuth' from project 'Firebase')
    cd /Users/siam/Desktop/Lingua\ Quest/Lingua\ Quest.xcodeproj
    

SwiftCompile normal arm64 /Users/siam/Library/Developer/Xcode/DerivedData/Lingua_Quest-gvpckrqxtbgyprbgppjfqmimmmfw/SourcePackages/checkouts/firebase-ios-sdk/FirebaseAuth/Sources/Swift/SystemService/AuthStoredUserManager.swift (in target 'FirebaseAuth' from project 'Firebase')
    cd /Users/siam/Desktop/Lingua\ Quest/Lingua\ Quest.xcodeproj
    

SwiftCompile normal arm64 /Users/siam/Library/Developer/Xcode/DerivedData/Lingua_Quest-gvpckrqxtbgyprbgppjfqmimmmfw/SourcePackages/checkouts/firebase-ios-sdk/FirebaseAuth/Sources/Swift/SystemService/SecureTokenService.swift (in target 'FirebaseAuth' from project 'Firebase')
    cd /Users/siam/Desktop/Lingua\ Quest/Lingua\ Quest.xcodeproj
    

SwiftCompile normal arm64 /Users/siam/Library/Developer/Xcode/DerivedData/Lingua_Quest-gvpckrqxtbgyprbgppjfqmimmmfw/SourcePackages/checkouts/firebase-ios-sdk/FirebaseAuth/Sources/Swift/SystemService/TokenRefreshCoalescer.swift (in target 'FirebaseAuth' from project 'Firebase')
    cd /Users/siam/Desktop/Lingua\ Quest/Lingua\ Quest.xcodeproj
    

SwiftCompile normal arm64 /Users/siam/Library/Developer/Xcode/DerivedData/Lingua_Quest-gvpckrqxtbgyprbgppjfqmimmmfw/SourcePackages/checkouts/firebase-ios-sdk/FirebaseAuth/Sources/Swift/User/AdditionalUserInfo.swift (in target 'FirebaseAuth' from project 'Firebase')
    cd /Users/siam/Desktop/Lingua\ Quest/Lingua\ Quest.xcodeproj
    

SwiftCompile normal arm64 /Users/siam/Library/Developer/Xcode/DerivedData/Lingua_Quest-gvpckrqxtbgyprbgppjfqmimmmfw/SourcePackages/checkouts/firebase-ios-sdk/FirebaseAuth/Sources/Swift/User/User.swift (in target 'FirebaseAuth' from project 'Firebase')
    cd /Users/siam/Desktop/Lingua\ Quest/Lingua\ Quest.xcodeproj
    

SwiftCompile normal arm64 /Users/siam/Library/Developer/Xcode/DerivedData/Lingua_Quest-gvpckrqxtbgyprbgppjfqmimmmfw/SourcePackages/checkouts/firebase-ios-sdk/FirebaseAuth/Sources/Swift/User/UserInfo.swift (in target 'FirebaseAuth' from project 'Firebase')
    cd /Users/siam/Desktop/Lingua\ Quest/Lingua\ Quest.xcodeproj
    

SwiftCompile normal arm64 /Users/siam/Library/Developer/Xcode/DerivedData/Lingua_Quest-gvpckrqxtbgyprbgppjfqmimmmfw/SourcePackages/checkouts/firebase-ios-sdk/FirebaseAuth/Sources/Swift/User/UserInfoImpl.swift (in target 'FirebaseAuth' from project 'Firebase')
    cd /Users/siam/Desktop/Lingua\ Quest/Lingua\ Quest.xcodeproj
    

SwiftCompile normal arm64 /Users/siam/Library/Developer/Xcode/DerivedData/Lingua_Quest-gvpckrqxtbgyprbgppjfqmimmmfw/SourcePackages/checkouts/firebase-ios-sdk/FirebaseAuth/Sources/Swift/User/UserMetadata.swift (in target 'FirebaseAuth' from project 'Firebase')
    cd /Users/siam/Desktop/Lingua\ Quest/Lingua\ Quest.xcodeproj
    

SwiftCompile normal arm64 /Users/siam/Library/Developer/Xcode/DerivedData/Lingua_Quest-gvpckrqxtbgyprbgppjfqmimmmfw/SourcePackages/checkouts/firebase-ios-sdk/FirebaseAuth/Sources/Swift/User/UserProfileChangeRequest.swift (in target 'FirebaseAuth' from project 'Firebase')
    cd /Users/siam/Desktop/Lingua\ Quest/Lingua\ Quest.xcodeproj
    

SwiftCompile normal arm64 /Users/siam/Library/Developer/Xcode/DerivedData/Lingua_Quest-gvpckrqxtbgyprbgppjfqmimmmfw/SourcePackages/checkouts/firebase-ios-sdk/FirebaseAuth/Sources/Swift/User/UserProfileUpdate.swift (in target 'FirebaseAuth' from project 'Firebase')
    cd /Users/siam/Desktop/Lingua\ Quest/Lingua\ Quest.xcodeproj
    

SwiftDriverJobDiscovery normal arm64 Compiling FinalizeMFAEnrollmentRequest.swift, FinalizeMFAEnrollmentResponse.swift, StartMFAEnrollmentRequest.swift, StartMFAEnrollmentResponse.swift, FinalizeMFASignInRequest.swift, FinalizeMFASignInResponse.swift, StartMFASignInRequest.swift, StartMFASignInResponse.swift, WithdrawMFARequest.swift, WithdrawMFAResponse.swift, AuthProto.swift, AuthProtoMFAEnrollment.swift (in target 'FirebaseAuth' from project 'Firebase')

SwiftCompile normal x86_64 Compiling\ SignUpNewUserResponse.swift,\ VerifyAssertionRequest.swift,\ VerifyAssertionResponse.swift,\ VerifyCustomTokenRequest.swift,\ VerifyCustomTokenResponse.swift,\ VerifyPasswordRequest.swift,\ VerifyPasswordResponse.swift,\ VerifyPhoneNumberRequest.swift,\ VerifyPhoneNumberResponse.swift,\ VerifyClientRequest.swift,\ VerifyClientResponse.swift /Users/siam/Library/Developer/Xcode/DerivedData/Lingua_Quest-gvpckrqxtbgyprbgppjfqmimmmfw/SourcePackages/checkouts/firebase-ios-sdk/FirebaseAuth/Sources/Swift/Backend/RPC/SignUpNewUserResponse.swift /Users/siam/Library/Developer/Xcode/DerivedData/Lingua_Quest-gvpckrqxtbgyprbgppjfqmimmmfw/SourcePackages/checkouts/firebase-ios-sdk/FirebaseAuth/Sources/Swift/Backend/RPC/VerifyAssertionRequest.swift /Users/siam/Library/Developer/Xcode/DerivedData/Lingua_Quest-gvpckrqxtbgyprbgppjfqmimmmfw/SourcePackages/checkouts/firebase-ios-sdk/FirebaseAuth/Sources/Swift/Backend/RPC/VerifyAssertionResponse.swift /Users/siam/Library/Developer/Xcode/DerivedData/Lingua_Quest-gvpckrqxtbgyprbgppjfqmimmmfw/SourcePackages/checkouts/firebase-ios-sdk/FirebaseAuth/Sources/Swift/Backend/RPC/VerifyCustomTokenRequest.swift /Users/siam/Library/Developer/Xcode/DerivedData/Lingua_Quest-gvpckrqxtbgyprbgppjfqmimmmfw/SourcePackages/checkouts/firebase-ios-sdk/FirebaseAuth/Sources/Swift/Backend/RPC/VerifyCustomTokenResponse.swift /Users/siam/Library/Developer/Xcode/DerivedData/Lingua_Quest-gvpckrqxtbgyprbgppjfqmimmmfw/SourcePackages/checkouts/firebase-ios-sdk/FirebaseAuth/Sources/Swift/Backend/RPC/VerifyPasswordRequest.swift /Users/siam/Library/Developer/Xcode/DerivedData/Lingua_Quest-gvpckrqxtbgyprbgppjfqmimmmfw/SourcePackages/checkouts/firebase-ios-sdk/FirebaseAuth/Sources/Swift/Backend/RPC/VerifyPasswordResponse.swift /Users/siam/Library/Developer/Xcode/DerivedData/Lingua_Quest-gvpckrqxtbgyprbgppjfqmimmmfw/SourcePackages/checkouts/firebase-ios-sdk/FirebaseAuth/Sources/Swift/Backend/RPC/VerifyPhoneNumberRequest.swift /Users/siam/Library/Developer/Xcode/DerivedData/Lingua_Quest-gvpckrqxtbgyprbgppjfqmimmmfw/SourcePackages/checkouts/firebase-ios-sdk/FirebaseAuth/Sources/Swift/Backend/RPC/VerifyPhoneNumberResponse.swift /Users/siam/Library/Developer/Xcode/DerivedData/Lingua_Quest-gvpckrqxtbgyprbgppjfqmimmmfw/SourcePackages/checkouts/firebase-ios-sdk/FirebaseAuth/Sources/Swift/Backend/VerifyClientRequest.swift /Users/siam/Library/Developer/Xcode/DerivedData/Lingua_Quest-gvpckrqxtbgyprbgppjfqmimmmfw/SourcePackages/checkouts/firebase-ios-sdk/FirebaseAuth/Sources/Swift/Backend/VerifyClientResponse.swift (in target 'FirebaseAuth' from project 'Firebase')

SwiftCompile normal x86_64 /Users/siam/Library/Developer/Xcode/DerivedData/Lingua_Quest-gvpckrqxtbgyprbgppjfqmimmmfw/SourcePackages/checkouts/firebase-ios-sdk/FirebaseAuth/Sources/Swift/Backend/RPC/SignUpNewUserResponse.swift (in target 'FirebaseAuth' from project 'Firebase')
    cd /Users/siam/Desktop/Lingua\ Quest/Lingua\ Quest.xcodeproj
    

SwiftCompile normal x86_64 /Users/siam/Library/Developer/Xcode/DerivedData/Lingua_Quest-gvpckrqxtbgyprbgppjfqmimmmfw/SourcePackages/checkouts/firebase-ios-sdk/FirebaseAuth/Sources/Swift/Backend/RPC/VerifyAssertionRequest.swift (in target 'FirebaseAuth' from project 'Firebase')
    cd /Users/siam/Desktop/Lingua\ Quest/Lingua\ Quest.xcodeproj
    

SwiftCompile normal x86_64 /Users/siam/Library/Developer/Xcode/DerivedData/Lingua_Quest-gvpckrqxtbgyprbgppjfqmimmmfw/SourcePackages/checkouts/firebase-ios-sdk/FirebaseAuth/Sources/Swift/Backend/RPC/VerifyAssertionResponse.swift (in target 'FirebaseAuth' from project 'Firebase')
    cd /Users/siam/Desktop/Lingua\ Quest/Lingua\ Quest.xcodeproj
    

SwiftCompile normal x86_64 /Users/siam/Library/Developer/Xcode/DerivedData/Lingua_Quest-gvpckrqxtbgyprbgppjfqmimmmfw/SourcePackages/checkouts/firebase-ios-sdk/FirebaseAuth/Sources/Swift/Backend/RPC/VerifyCustomTokenRequest.swift (in target 'FirebaseAuth' from project 'Firebase')
    cd /Users/siam/Desktop/Lingua\ Quest/Lingua\ Quest.xcodeproj
    

SwiftCompile normal x86_64 /Users/siam/Library/Developer/Xcode/DerivedData/Lingua_Quest-gvpckrqxtbgyprbgppjfqmimmmfw/SourcePackages/checkouts/firebase-ios-sdk/FirebaseAuth/Sources/Swift/Backend/RPC/VerifyCustomTokenResponse.swift (in target 'FirebaseAuth' from project 'Firebase')
    cd /Users/siam/Desktop/Lingua\ Quest/Lingua\ Quest.xcodeproj
    

SwiftCompile normal x86_64 /Users/siam/Library/Developer/Xcode/DerivedData/Lingua_Quest-gvpckrqxtbgyprbgppjfqmimmmfw/SourcePackages/checkouts/firebase-ios-sdk/FirebaseAuth/Sources/Swift/Backend/RPC/VerifyPasswordRequest.swift (in target 'FirebaseAuth' from project 'Firebase')
    cd /Users/siam/Desktop/Lingua\ Quest/Lingua\ Quest.xcodeproj
    

SwiftCompile normal x86_64 /Users/siam/Library/Developer/Xcode/DerivedData/Lingua_Quest-gvpckrqxtbgyprbgppjfqmimmmfw/SourcePackages/checkouts/firebase-ios-sdk/FirebaseAuth/Sources/Swift/Backend/RPC/VerifyPasswordResponse.swift (in target 'FirebaseAuth' from project 'Firebase')
    cd /Users/siam/Desktop/Lingua\ Quest/Lingua\ Quest.xcodeproj
    

SwiftCompile normal x86_64 /Users/siam/Library/Developer/Xcode/DerivedData/Lingua_Quest-gvpckrqxtbgyprbgppjfqmimmmfw/SourcePackages/checkouts/firebase-ios-sdk/FirebaseAuth/Sources/Swift/Backend/RPC/VerifyPhoneNumberRequest.swift (in target 'FirebaseAuth' from project 'Firebase')
    cd /Users/siam/Desktop/Lingua\ Quest/Lingua\ Quest.xcodeproj
    

SwiftCompile normal x86_64 /Users/siam/Library/Developer/Xcode/DerivedData/Lingua_Quest-gvpckrqxtbgyprbgppjfqmimmmfw/SourcePackages/checkouts/firebase-ios-sdk/FirebaseAuth/Sources/Swift/Backend/RPC/VerifyPhoneNumberResponse.swift (in target 'FirebaseAuth' from project 'Firebase')
    cd /Users/siam/Desktop/Lingua\ Quest/Lingua\ Quest.xcodeproj
    

SwiftCompile normal x86_64 /Users/siam/Library/Developer/Xcode/DerivedData/Lingua_Quest-gvpckrqxtbgyprbgppjfqmimmmfw/SourcePackages/checkouts/firebase-ios-sdk/FirebaseAuth/Sources/Swift/Backend/VerifyClientRequest.swift (in target 'FirebaseAuth' from project 'Firebase')
    cd /Users/siam/Desktop/Lingua\ Quest/Lingua\ Quest.xcodeproj
    

SwiftCompile normal x86_64 /Users/siam/Library/Developer/Xcode/DerivedData/Lingua_Quest-gvpckrqxtbgyprbgppjfqmimmmfw/SourcePackages/checkouts/firebase-ios-sdk/FirebaseAuth/Sources/Swift/Backend/VerifyClientResponse.swift (in target 'FirebaseAuth' from project 'Firebase')
    cd /Users/siam/Desktop/Lingua\ Quest/Lingua\ Quest.xcodeproj
    

SwiftDriverJobDiscovery normal arm64 Compiling Base64URLEncodedStringExtension.swift, MultiFactor.swift, MultiFactorAssertion.swift, MultiFactorInfo.swift, MultiFactorResolver.swift, MultiFactorSession.swift, PhoneMultiFactorAssertion.swift, PhoneMultiFactorGenerator.swift, PhoneMultiFactorInfo.swift, TOTPMultFactorAssertion.swift, TOTPMultiFactorGenerator.swift (in target 'FirebaseAuth' from project 'Firebase')

SwiftCompile normal x86_64 Compiling\ TOTPMultiFactorInfo.swift,\ TOTPSecret.swift,\ AuthKeychainServices.swift,\ AuthKeychainStorage.swift,\ AuthKeychainStorageReal.swift,\ AuthUserDefaults.swift,\ AuthAPNSToken.swift,\ AuthAPNSTokenManager.swift,\ AuthAPNSTokenType.swift,\ AuthAppCredential.swift,\ AuthAppCredentialManager.swift /Users/siam/Library/Developer/Xcode/DerivedData/Lingua_Quest-gvpckrqxtbgyprbgppjfqmimmmfw/SourcePackages/checkouts/firebase-ios-sdk/FirebaseAuth/Sources/Swift/MultiFactor/TOTP/TOTPMultiFactorInfo.swift /Users/siam/Library/Developer/Xcode/DerivedData/Lingua_Quest-gvpckrqxtbgyprbgppjfqmimmmfw/SourcePackages/checkouts/firebase-ios-sdk/FirebaseAuth/Sources/Swift/MultiFactor/TOTP/TOTPSecret.swift /Users/siam/Library/Developer/Xcode/DerivedData/Lingua_Quest-gvpckrqxtbgyprbgppjfqmimmmfw/SourcePackages/checkouts/firebase-ios-sdk/FirebaseAuth/Sources/Swift/Storage/AuthKeychainServices.swift /Users/siam/Library/Developer/Xcode/DerivedData/Lingua_Quest-gvpckrqxtbgyprbgppjfqmimmmfw/SourcePackages/checkouts/firebase-ios-sdk/FirebaseAuth/Sources/Swift/Storage/AuthKeychainStorage.swift /Users/siam/Library/Developer/Xcode/DerivedData/Lingua_Quest-gvpckrqxtbgyprbgppjfqmimmmfw/SourcePackages/checkouts/firebase-ios-sdk/FirebaseAuth/Sources/Swift/Storage/AuthKeychainStorageReal.swift /Users/siam/Library/Developer/Xcode/DerivedData/Lingua_Quest-gvpckrqxtbgyprbgppjfqmimmmfw/SourcePackages/checkouts/firebase-ios-sdk/FirebaseAuth/Sources/Swift/Storage/AuthUserDefaults.swift /Users/siam/Library/Developer/Xcode/DerivedData/Lingua_Quest-gvpckrqxtbgyprbgppjfqmimmmfw/SourcePackages/checkouts/firebase-ios-sdk/FirebaseAuth/Sources/Swift/SystemService/AuthAPNSToken.swift /Users/siam/Library/Developer/Xcode/DerivedData/Lingua_Quest-gvpckrqxtbgyprbgppjfqmimmmfw/SourcePackages/checkouts/firebase-ios-sdk/FirebaseAuth/Sources/Swift/SystemService/AuthAPNSTokenManager.swift /Users/siam/Library/Developer/Xcode/DerivedData/Lingua_Quest-gvpckrqxtbgyprbgppjfqmimmmfw/SourcePackages/checkouts/firebase-ios-sdk/FirebaseAuth/Sources/Swift/SystemService/AuthAPNSTokenType.swift /Users/siam/Library/Developer/Xcode/DerivedData/Lingua_Quest-gvpckrqxtbgyprbgppjfqmimmmfw/SourcePackages/checkouts/firebase-ios-sdk/FirebaseAuth/Sources/Swift/SystemService/AuthAppCredential.swift /Users/siam/Library/Developer/Xcode/DerivedData/Lingua_Quest-gvpckrqxtbgyprbgppjfqmimmmfw/SourcePackages/checkouts/firebase-ios-sdk/FirebaseAuth/Sources/Swift/SystemService/AuthAppCredentialManager.swift (in target 'FirebaseAuth' from project 'Firebase')

SwiftCompile normal x86_64 /Users/siam/Library/Developer/Xcode/DerivedData/Lingua_Quest-gvpckrqxtbgyprbgppjfqmimmmfw/SourcePackages/checkouts/firebase-ios-sdk/FirebaseAuth/Sources/Swift/MultiFactor/TOTP/TOTPMultiFactorInfo.swift (in target 'FirebaseAuth' from project 'Firebase')
    cd /Users/siam/Desktop/Lingua\ Quest/Lingua\ Quest.xcodeproj
    

SwiftCompile normal x86_64 /Users/siam/Library/Developer/Xcode/DerivedData/Lingua_Quest-gvpckrqxtbgyprbgppjfqmimmmfw/SourcePackages/checkouts/firebase-ios-sdk/FirebaseAuth/Sources/Swift/MultiFactor/TOTP/TOTPSecret.swift (in target 'FirebaseAuth' from project 'Firebase')
    cd /Users/siam/Desktop/Lingua\ Quest/Lingua\ Quest.xcodeproj
    

SwiftCompile normal x86_64 /Users/siam/Library/Developer/Xcode/DerivedData/Lingua_Quest-gvpckrqxtbgyprbgppjfqmimmmfw/SourcePackages/checkouts/firebase-ios-sdk/FirebaseAuth/Sources/Swift/Storage/AuthKeychainServices.swift (in target 'FirebaseAuth' from project 'Firebase')
    cd /Users/siam/Desktop/Lingua\ Quest/Lingua\ Quest.xcodeproj
    

SwiftCompile normal x86_64 /Users/siam/Library/Developer/Xcode/DerivedData/Lingua_Quest-gvpckrqxtbgyprbgppjfqmimmmfw/SourcePackages/checkouts/firebase-ios-sdk/FirebaseAuth/Sources/Swift/Storage/AuthKeychainStorage.swift (in target 'FirebaseAuth' from project 'Firebase')
    cd /Users/siam/Desktop/Lingua\ Quest/Lingua\ Quest.xcodeproj
    

SwiftCompile normal x86_64 /Users/siam/Library/Developer/Xcode/DerivedData/Lingua_Quest-gvpckrqxtbgyprbgppjfqmimmmfw/SourcePackages/checkouts/firebase-ios-sdk/FirebaseAuth/Sources/Swift/Storage/AuthKeychainStorageReal.swift (in target 'FirebaseAuth' from project 'Firebase')
    cd /Users/siam/Desktop/Lingua\ Quest/Lingua\ Quest.xcodeproj
    

SwiftCompile normal x86_64 /Users/siam/Library/Developer/Xcode/DerivedData/Lingua_Quest-gvpckrqxtbgyprbgppjfqmimmmfw/SourcePackages/checkouts/firebase-ios-sdk/FirebaseAuth/Sources/Swift/Storage/AuthUserDefaults.swift (in target 'FirebaseAuth' from project 'Firebase')
    cd /Users/siam/Desktop/Lingua\ Quest/Lingua\ Quest.xcodeproj
    

SwiftCompile normal x86_64 /Users/siam/Library/Developer/Xcode/DerivedData/Lingua_Quest-gvpckrqxtbgyprbgppjfqmimmmfw/SourcePackages/checkouts/firebase-ios-sdk/FirebaseAuth/Sources/Swift/SystemService/AuthAPNSToken.swift (in target 'FirebaseAuth' from project 'Firebase')
    cd /Users/siam/Desktop/Lingua\ Quest/Lingua\ Quest.xcodeproj
    

SwiftCompile normal x86_64 /Users/siam/Library/Developer/Xcode/DerivedData/Lingua_Quest-gvpckrqxtbgyprbgppjfqmimmmfw/SourcePackages/checkouts/firebase-ios-sdk/FirebaseAuth/Sources/Swift/SystemService/AuthAPNSTokenManager.swift (in target 'FirebaseAuth' from project 'Firebase')
    cd /Users/siam/Desktop/Lingua\ Quest/Lingua\ Quest.xcodeproj
    

SwiftCompile normal x86_64 /Users/siam/Library/Developer/Xcode/DerivedData/Lingua_Quest-gvpckrqxtbgyprbgppjfqmimmmfw/SourcePackages/checkouts/firebase-ios-sdk/FirebaseAuth/Sources/Swift/SystemService/AuthAPNSTokenType.swift (in target 'FirebaseAuth' from project 'Firebase')
    cd /Users/siam/Desktop/Lingua\ Quest/Lingua\ Quest.xcodeproj
    

SwiftCompile normal x86_64 /Users/siam/Library/Developer/Xcode/DerivedData/Lingua_Quest-gvpckrqxtbgyprbgppjfqmimmmfw/SourcePackages/checkouts/firebase-ios-sdk/FirebaseAuth/Sources/Swift/SystemService/AuthAppCredential.swift (in target 'FirebaseAuth' from project 'Firebase')
    cd /Users/siam/Desktop/Lingua\ Quest/Lingua\ Quest.xcodeproj
    

SwiftCompile normal x86_64 /Users/siam/Library/Developer/Xcode/DerivedData/Lingua_Quest-gvpckrqxtbgyprbgppjfqmimmmfw/SourcePackages/checkouts/firebase-ios-sdk/FirebaseAuth/Sources/Swift/SystemService/AuthAppCredentialManager.swift (in target 'FirebaseAuth' from project 'Firebase')
    cd /Users/siam/Desktop/Lingua\ Quest/Lingua\ Quest.xcodeproj
    

SwiftDriverJobDiscovery normal x86_64 Compiling FinalizeMFAEnrollmentRequest.swift, FinalizeMFAEnrollmentResponse.swift, StartMFAEnrollmentRequest.swift, StartMFAEnrollmentResponse.swift, FinalizeMFASignInRequest.swift, FinalizeMFASignInResponse.swift, StartMFASignInRequest.swift, StartMFASignInResponse.swift, WithdrawMFARequest.swift, WithdrawMFAResponse.swift, AuthProto.swift, AuthProtoMFAEnrollment.swift (in target 'FirebaseAuth' from project 'Firebase')

SwiftCompile normal x86_64 Compiling\ AuthSettings.swift,\ AuthTokenResult.swift,\ AuthCredential.swift,\ AuthProviderID.swift,\ EmailAuthProvider.swift,\ FacebookAuthProvider.swift,\ FederatedAuthProvider.swift,\ GameCenterAuthProvider.swift,\ GitHubAuthProvider.swift,\ GoogleAuthProvider.swift,\ OAuthCredential.swift,\ OAuthProvider.swift /Users/siam/Library/Developer/Xcode/DerivedData/Lingua_Quest-gvpckrqxtbgyprbgppjfqmimmmfw/SourcePackages/checkouts/firebase-ios-sdk/FirebaseAuth/Sources/Swift/Auth/AuthSettings.swift /Users/siam/Library/Developer/Xcode/DerivedData/Lingua_Quest-gvpckrqxtbgyprbgppjfqmimmmfw/SourcePackages/checkouts/firebase-ios-sdk/FirebaseAuth/Sources/Swift/Auth/AuthTokenResult.swift /Users/siam/Library/Developer/Xcode/DerivedData/Lingua_Quest-gvpckrqxtbgyprbgppjfqmimmmfw/SourcePackages/checkouts/firebase-ios-sdk/FirebaseAuth/Sources/Swift/AuthProvider/AuthCredential.swift /Users/siam/Library/Developer/Xcode/DerivedData/Lingua_Quest-gvpckrqxtbgyprbgppjfqmimmmfw/SourcePackages/checkouts/firebase-ios-sdk/FirebaseAuth/Sources/Swift/AuthProvider/AuthProviderID.swift /Users/siam/Library/Developer/Xcode/DerivedData/Lingua_Quest-gvpckrqxtbgyprbgppjfqmimmmfw/SourcePackages/checkouts/firebase-ios-sdk/FirebaseAuth/Sources/Swift/AuthProvider/EmailAuthProvider.swift /Users/siam/Library/Developer/Xcode/DerivedData/Lingua_Quest-gvpckrqxtbgyprbgppjfqmimmmfw/SourcePackages/checkouts/firebase-ios-sdk/FirebaseAuth/Sources/Swift/AuthProvider/FacebookAuthProvider.swift /Users/siam/Library/Developer/Xcode/DerivedData/Lingua_Quest-gvpckrqxtbgyprbgppjfqmimmmfw/SourcePackages/checkouts/firebase-ios-sdk/FirebaseAuth/Sources/Swift/AuthProvider/FederatedAuthProvider.swift /Users/siam/Library/Developer/Xcode/DerivedData/Lingua_Quest-gvpckrqxtbgyprbgppjfqmimmmfw/SourcePackages/checkouts/firebase-ios-sdk/FirebaseAuth/Sources/Swift/AuthProvider/GameCenterAuthProvider.swift /Users/siam/Library/Developer/Xcode/DerivedData/Lingua_Quest-gvpckrqxtbgyprbgppjfqmimmmfw/SourcePackages/checkouts/firebase-ios-sdk/FirebaseAuth/Sources/Swift/AuthProvider/GitHubAuthProvider.swift /Users/siam/Library/Developer/Xcode/DerivedData/Lingua_Quest-gvpckrqxtbgyprbgppjfqmimmmfw/SourcePackages/checkouts/firebase-ios-sdk/FirebaseAuth/Sources/Swift/AuthProvider/GoogleAuthProvider.swift /Users/siam/Library/Developer/Xcode/DerivedData/Lingua_Quest-gvpckrqxtbgyprbgppjfqmimmmfw/SourcePackages/checkouts/firebase-ios-sdk/FirebaseAuth/Sources/Swift/AuthProvider/OAuthCredential.swift /Users/siam/Library/Developer/Xcode/DerivedData/Lingua_Quest-gvpckrqxtbgyprbgppjfqmimmmfw/SourcePackages/checkouts/firebase-ios-sdk/FirebaseAuth/Sources/Swift/AuthProvider/OAuthProvider.swift (in target 'FirebaseAuth' from project 'Firebase')

SwiftCompile normal x86_64 /Users/siam/Library/Developer/Xcode/DerivedData/Lingua_Quest-gvpckrqxtbgyprbgppjfqmimmmfw/SourcePackages/checkouts/firebase-ios-sdk/FirebaseAuth/Sources/Swift/Auth/AuthSettings.swift (in target 'FirebaseAuth' from project 'Firebase')
    cd /Users/siam/Desktop/Lingua\ Quest/Lingua\ Quest.xcodeproj
    

SwiftCompile normal x86_64 /Users/siam/Library/Developer/Xcode/DerivedData/Lingua_Quest-gvpckrqxtbgyprbgppjfqmimmmfw/SourcePackages/checkouts/firebase-ios-sdk/FirebaseAuth/Sources/Swift/Auth/AuthTokenResult.swift (in target 'FirebaseAuth' from project 'Firebase')
    cd /Users/siam/Desktop/Lingua\ Quest/Lingua\ Quest.xcodeproj
    

SwiftCompile normal x86_64 /Users/siam/Library/Developer/Xcode/DerivedData/Lingua_Quest-gvpckrqxtbgyprbgppjfqmimmmfw/SourcePackages/checkouts/firebase-ios-sdk/FirebaseAuth/Sources/Swift/AuthProvider/AuthCredential.swift (in target 'FirebaseAuth' from project 'Firebase')
    cd /Users/siam/Desktop/Lingua\ Quest/Lingua\ Quest.xcodeproj
    

SwiftCompile normal x86_64 /Users/siam/Library/Developer/Xcode/DerivedData/Lingua_Quest-gvpckrqxtbgyprbgppjfqmimmmfw/SourcePackages/checkouts/firebase-ios-sdk/FirebaseAuth/Sources/Swift/AuthProvider/AuthProviderID.swift (in target 'FirebaseAuth' from project 'Firebase')
    cd /Users/siam/Desktop/Lingua\ Quest/Lingua\ Quest.xcodeproj
    

SwiftCompile normal x86_64 /Users/siam/Library/Developer/Xcode/DerivedData/Lingua_Quest-gvpckrqxtbgyprbgppjfqmimmmfw/SourcePackages/checkouts/firebase-ios-sdk/FirebaseAuth/Sources/Swift/AuthProvider/EmailAuthProvider.swift (in target 'FirebaseAuth' from project 'Firebase')
    cd /Users/siam/Desktop/Lingua\ Quest/Lingua\ Quest.xcodeproj
    

SwiftCompile normal x86_64 /Users/siam/Library/Developer/Xcode/DerivedData/Lingua_Quest-gvpckrqxtbgyprbgppjfqmimmmfw/SourcePackages/checkouts/firebase-ios-sdk/FirebaseAuth/Sources/Swift/AuthProvider/FacebookAuthProvider.swift (in target 'FirebaseAuth' from project 'Firebase')
    cd /Users/siam/Desktop/Lingua\ Quest/Lingua\ Quest.xcodeproj
    

SwiftCompile normal x86_64 /Users/siam/Library/Developer/Xcode/DerivedData/Lingua_Quest-gvpckrqxtbgyprbgppjfqmimmmfw/SourcePackages/checkouts/firebase-ios-sdk/FirebaseAuth/Sources/Swift/AuthProvider/FederatedAuthProvider.swift (in target 'FirebaseAuth' from project 'Firebase')
    cd /Users/siam/Desktop/Lingua\ Quest/Lingua\ Quest.xcodeproj
    

SwiftCompile normal x86_64 /Users/siam/Library/Developer/Xcode/DerivedData/Lingua_Quest-gvpckrqxtbgyprbgppjfqmimmmfw/SourcePackages/checkouts/firebase-ios-sdk/FirebaseAuth/Sources/Swift/AuthProvider/GameCenterAuthProvider.swift (in target 'FirebaseAuth' from project 'Firebase')
    cd /Users/siam/Desktop/Lingua\ Quest/Lingua\ Quest.xcodeproj
    

SwiftCompile normal x86_64 /Users/siam/Library/Developer/Xcode/DerivedData/Lingua_Quest-gvpckrqxtbgyprbgppjfqmimmmfw/SourcePackages/checkouts/firebase-ios-sdk/FirebaseAuth/Sources/Swift/AuthProvider/GitHubAuthProvider.swift (in target 'FirebaseAuth' from project 'Firebase')
    cd /Users/siam/Desktop/Lingua\ Quest/Lingua\ Quest.xcodeproj
    

SwiftCompile normal x86_64 /Users/siam/Library/Developer/Xcode/DerivedData/Lingua_Quest-gvpckrqxtbgyprbgppjfqmimmmfw/SourcePackages/checkouts/firebase-ios-sdk/FirebaseAuth/Sources/Swift/AuthProvider/GoogleAuthProvider.swift (in target 'FirebaseAuth' from project 'Firebase')
    cd /Users/siam/Desktop/Lingua\ Quest/Lingua\ Quest.xcodeproj
    

SwiftCompile normal x86_64 /Users/siam/Library/Developer/Xcode/DerivedData/Lingua_Quest-gvpckrqxtbgyprbgppjfqmimmmfw/SourcePackages/checkouts/firebase-ios-sdk/FirebaseAuth/Sources/Swift/AuthProvider/OAuthCredential.swift (in target 'FirebaseAuth' from project 'Firebase')
    cd /Users/siam/Desktop/Lingua\ Quest/Lingua\ Quest.xcodeproj
    

SwiftCompile normal x86_64 /Users/siam/Library/Developer/Xcode/DerivedData/Lingua_Quest-gvpckrqxtbgyprbgppjfqmimmmfw/SourcePackages/checkouts/firebase-ios-sdk/FirebaseAuth/Sources/Swift/AuthProvider/OAuthProvider.swift (in target 'FirebaseAuth' from project 'Firebase')
    cd /Users/siam/Desktop/Lingua\ Quest/Lingua\ Quest.xcodeproj
    

SwiftDriverJobDiscovery normal arm64 Compiling SignUpNewUserResponse.swift, VerifyAssertionRequest.swift, VerifyAssertionResponse.swift, VerifyCustomTokenRequest.swift, VerifyCustomTokenResponse.swift, VerifyPasswordRequest.swift, VerifyPasswordResponse.swift, VerifyPhoneNumberRequest.swift, VerifyPhoneNumberResponse.swift, VerifyClientRequest.swift, VerifyClientResponse.swift (in target 'FirebaseAuth' from project 'Firebase')

SwiftCompile normal x86_64 Compiling\ RevokeTokenRequest.swift,\ RevokeTokenResponse.swift,\ SecureTokenRequest.swift,\ SecureTokenResponse.swift,\ SendVerificationTokenRequest.swift,\ SendVerificationTokenResponse.swift,\ SetAccountInfoRequest.swift,\ SetAccountInfoResponse.swift,\ SignInWithGameCenterRequest.swift,\ SignInWithGameCenterResponse.swift,\ SignUpNewUserRequest.swift /Users/siam/Library/Developer/Xcode/DerivedData/Lingua_Quest-gvpckrqxtbgyprbgppjfqmimmmfw/SourcePackages/checkouts/firebase-ios-sdk/FirebaseAuth/Sources/Swift/Backend/RPC/RevokeTokenRequest.swift /Users/siam/Library/Developer/Xcode/DerivedData/Lingua_Quest-gvpckrqxtbgyprbgppjfqmimmmfw/SourcePackages/checkouts/firebase-ios-sdk/FirebaseAuth/Sources/Swift/Backend/RPC/RevokeTokenResponse.swift /Users/siam/Library/Developer/Xcode/DerivedData/Lingua_Quest-gvpckrqxtbgyprbgppjfqmimmmfw/SourcePackages/checkouts/firebase-ios-sdk/FirebaseAuth/Sources/Swift/Backend/RPC/SecureTokenRequest.swift /Users/siam/Library/Developer/Xcode/DerivedData/Lingua_Quest-gvpckrqxtbgyprbgppjfqmimmmfw/SourcePackages/checkouts/firebase-ios-sdk/FirebaseAuth/Sources/Swift/Backend/RPC/SecureTokenResponse.swift /Users/siam/Library/Developer/Xcode/DerivedData/Lingua_Quest-gvpckrqxtbgyprbgppjfqmimmmfw/SourcePackages/checkouts/firebase-ios-sdk/FirebaseAuth/Sources/Swift/Backend/RPC/SendVerificationTokenRequest.swift /Users/siam/Library/Developer/Xcode/DerivedData/Lingua_Quest-gvpckrqxtbgyprbgppjfqmimmmfw/SourcePackages/checkouts/firebase-ios-sdk/FirebaseAuth/Sources/Swift/Backend/RPC/SendVerificationTokenResponse.swift /Users/siam/Library/Developer/Xcode/DerivedData/Lingua_Quest-gvpckrqxtbgyprbgppjfqmimmmfw/SourcePackages/checkouts/firebase-ios-sdk/FirebaseAuth/Sources/Swift/Backend/RPC/SetAccountInfoRequest.swift /Users/siam/Library/Developer/Xcode/DerivedData/Lingua_Quest-gvpckrqxtbgyprbgppjfqmimmmfw/SourcePackages/checkouts/firebase-ios-sdk/FirebaseAuth/Sources/Swift/Backend/RPC/SetAccountInfoResponse.swift /Users/siam/Library/Developer/Xcode/DerivedData/Lingua_Quest-gvpckrqxtbgyprbgppjfqmimmmfw/SourcePackages/checkouts/firebase-ios-sdk/FirebaseAuth/Sources/Swift/Backend/RPC/SignInWithGameCenterRequest.swift /Users/siam/Library/Developer/Xcode/DerivedData/Lingua_Quest-gvpckrqxtbgyprbgppjfqmimmmfw/SourcePackages/checkouts/firebase-ios-sdk/FirebaseAuth/Sources/Swift/Backend/RPC/SignInWithGameCenterResponse.swift /Users/siam/Library/Developer/Xcode/DerivedData/Lingua_Quest-gvpckrqxtbgyprbgppjfqmimmmfw/SourcePackages/checkouts/firebase-ios-sdk/FirebaseAuth/Sources/Swift/Backend/RPC/SignUpNewUserRequest.swift (in target 'FirebaseAuth' from project 'Firebase')

SwiftCompile normal x86_64 /Users/siam/Library/Developer/Xcode/DerivedData/Lingua_Quest-gvpckrqxtbgyprbgppjfqmimmmfw/SourcePackages/checkouts/firebase-ios-sdk/FirebaseAuth/Sources/Swift/Backend/RPC/RevokeTokenRequest.swift (in target 'FirebaseAuth' from project 'Firebase')
    cd /Users/siam/Desktop/Lingua\ Quest/Lingua\ Quest.xcodeproj
    

SwiftCompile normal x86_64 /Users/siam/Library/Developer/Xcode/DerivedData/Lingua_Quest-gvpckrqxtbgyprbgppjfqmimmmfw/SourcePackages/checkouts/firebase-ios-sdk/FirebaseAuth/Sources/Swift/Backend/RPC/RevokeTokenResponse.swift (in target 'FirebaseAuth' from project 'Firebase')
    cd /Users/siam/Desktop/Lingua\ Quest/Lingua\ Quest.xcodeproj
    

SwiftCompile normal x86_64 /Users/siam/Library/Developer/Xcode/DerivedData/Lingua_Quest-gvpckrqxtbgyprbgppjfqmimmmfw/SourcePackages/checkouts/firebase-ios-sdk/FirebaseAuth/Sources/Swift/Backend/RPC/SecureTokenRequest.swift (in target 'FirebaseAuth' from project 'Firebase')
    cd /Users/siam/Desktop/Lingua\ Quest/Lingua\ Quest.xcodeproj
    

SwiftCompile normal x86_64 /Users/siam/Library/Developer/Xcode/DerivedData/Lingua_Quest-gvpckrqxtbgyprbgppjfqmimmmfw/SourcePackages/checkouts/firebase-ios-sdk/FirebaseAuth/Sources/Swift/Backend/RPC/SecureTokenResponse.swift (in target 'FirebaseAuth' from project 'Firebase')
    cd /Users/siam/Desktop/Lingua\ Quest/Lingua\ Quest.xcodeproj
    

SwiftCompile normal x86_64 /Users/siam/Library/Developer/Xcode/DerivedData/Lingua_Quest-gvpckrqxtbgyprbgppjfqmimmmfw/SourcePackages/checkouts/firebase-ios-sdk/FirebaseAuth/Sources/Swift/Backend/RPC/SendVerificationTokenRequest.swift (in target 'FirebaseAuth' from project 'Firebase')
    cd /Users/siam/Desktop/Lingua\ Quest/Lingua\ Quest.xcodeproj
    

SwiftCompile normal x86_64 /Users/siam/Library/Developer/Xcode/DerivedData/Lingua_Quest-gvpckrqxtbgyprbgppjfqmimmmfw/SourcePackages/checkouts/firebase-ios-sdk/FirebaseAuth/Sources/Swift/Backend/RPC/SendVerificationTokenResponse.swift (in target 'FirebaseAuth' from project 'Firebase')
    cd /Users/siam/Desktop/Lingua\ Quest/Lingua\ Quest.xcodeproj
    

SwiftCompile normal x86_64 /Users/siam/Library/Developer/Xcode/DerivedData/Lingua_Quest-gvpckrqxtbgyprbgppjfqmimmmfw/SourcePackages/checkouts/firebase-ios-sdk/FirebaseAuth/Sources/Swift/Backend/RPC/SetAccountInfoRequest.swift (in target 'FirebaseAuth' from project 'Firebase')
    cd /Users/siam/Desktop/Lingua\ Quest/Lingua\ Quest.xcodeproj
    

SwiftCompile normal x86_64 /Users/siam/Library/Developer/Xcode/DerivedData/Lingua_Quest-gvpckrqxtbgyprbgppjfqmimmmfw/SourcePackages/checkouts/firebase-ios-sdk/FirebaseAuth/Sources/Swift/Backend/RPC/SetAccountInfoResponse.swift (in target 'FirebaseAuth' from project 'Firebase')
    cd /Users/siam/Desktop/Lingua\ Quest/Lingua\ Quest.xcodeproj
    

SwiftCompile normal x86_64 /Users/siam/Library/Developer/Xcode/DerivedData/Lingua_Quest-gvpckrqxtbgyprbgppjfqmimmmfw/SourcePackages/checkouts/firebase-ios-sdk/FirebaseAuth/Sources/Swift/Backend/RPC/SignInWithGameCenterRequest.swift (in target 'FirebaseAuth' from project 'Firebase')
    cd /Users/siam/Desktop/Lingua\ Quest/Lingua\ Quest.xcodeproj
    

SwiftCompile normal x86_64 /Users/siam/Library/Developer/Xcode/DerivedData/Lingua_Quest-gvpckrqxtbgyprbgppjfqmimmmfw/SourcePackages/checkouts/firebase-ios-sdk/FirebaseAuth/Sources/Swift/Backend/RPC/SignInWithGameCenterResponse.swift (in target 'FirebaseAuth' from project 'Firebase')
    cd /Users/siam/Desktop/Lingua\ Quest/Lingua\ Quest.xcodeproj
    

SwiftCompile normal x86_64 /Users/siam/Library/Developer/Xcode/DerivedData/Lingua_Quest-gvpckrqxtbgyprbgppjfqmimmmfw/SourcePackages/checkouts/firebase-ios-sdk/FirebaseAuth/Sources/Swift/Backend/RPC/SignUpNewUserRequest.swift (in target 'FirebaseAuth' from project 'Firebase')
    cd /Users/siam/Desktop/Lingua\ Quest/Lingua\ Quest.xcodeproj
    

SwiftDriverJobDiscovery normal arm64 Compiling PhoneAuthCredential.swift, PhoneAuthProvider.swift, TwitterAuthProvider.swift, AuthBackend.swift, AuthBackendRPCIssuer.swift, AuthRPCRequest.swift, AuthRPCResponse.swift, AuthRequestConfiguration.swift, IdentityToolkitRequest.swift, AuthMFAResponse.swift, CreateAuthURIRequest.swift, CreateAuthURIResponse.swift (in target 'FirebaseAuth' from project 'Firebase')

SwiftCompile normal arm64 Compiling\ TOTPMultiFactorInfo.swift,\ TOTPSecret.swift,\ AuthKeychainServices.swift,\ AuthKeychainStorage.swift,\ AuthKeychainStorageReal.swift,\ AuthUserDefaults.swift,\ AuthAPNSToken.swift,\ AuthAPNSTokenManager.swift,\ AuthAPNSTokenType.swift,\ AuthAppCredential.swift,\ AuthAppCredentialManager.swift /Users/siam/Library/Developer/Xcode/DerivedData/Lingua_Quest-gvpckrqxtbgyprbgppjfqmimmmfw/SourcePackages/checkouts/firebase-ios-sdk/FirebaseAuth/Sources/Swift/MultiFactor/TOTP/TOTPMultiFactorInfo.swift /Users/siam/Library/Developer/Xcode/DerivedData/Lingua_Quest-gvpckrqxtbgyprbgppjfqmimmmfw/SourcePackages/checkouts/firebase-ios-sdk/FirebaseAuth/Sources/Swift/MultiFactor/TOTP/TOTPSecret.swift /Users/siam/Library/Developer/Xcode/DerivedData/Lingua_Quest-gvpckrqxtbgyprbgppjfqmimmmfw/SourcePackages/checkouts/firebase-ios-sdk/FirebaseAuth/Sources/Swift/Storage/AuthKeychainServices.swift /Users/siam/Library/Developer/Xcode/DerivedData/Lingua_Quest-gvpckrqxtbgyprbgppjfqmimmmfw/SourcePackages/checkouts/firebase-ios-sdk/FirebaseAuth/Sources/Swift/Storage/AuthKeychainStorage.swift /Users/siam/Library/Developer/Xcode/DerivedData/Lingua_Quest-gvpckrqxtbgyprbgppjfqmimmmfw/SourcePackages/checkouts/firebase-ios-sdk/FirebaseAuth/Sources/Swift/Storage/AuthKeychainStorageReal.swift /Users/siam/Library/Developer/Xcode/DerivedData/Lingua_Quest-gvpckrqxtbgyprbgppjfqmimmmfw/SourcePackages/checkouts/firebase-ios-sdk/FirebaseAuth/Sources/Swift/Storage/AuthUserDefaults.swift /Users/siam/Library/Developer/Xcode/DerivedData/Lingua_Quest-gvpckrqxtbgyprbgppjfqmimmmfw/SourcePackages/checkouts/firebase-ios-sdk/FirebaseAuth/Sources/Swift/SystemService/AuthAPNSToken.swift /Users/siam/Library/Developer/Xcode/DerivedData/Lingua_Quest-gvpckrqxtbgyprbgppjfqmimmmfw/SourcePackages/checkouts/firebase-ios-sdk/FirebaseAuth/Sources/Swift/SystemService/AuthAPNSTokenManager.swift /Users/siam/Library/Developer/Xcode/DerivedData/Lingua_Quest-gvpckrqxtbgyprbgppjfqmimmmfw/SourcePackages/checkouts/firebase-ios-sdk/FirebaseAuth/Sources/Swift/SystemService/AuthAPNSTokenType.swift /Users/siam/Library/Developer/Xcode/DerivedData/Lingua_Quest-gvpckrqxtbgyprbgppjfqmimmmfw/SourcePackages/checkouts/firebase-ios-sdk/FirebaseAuth/Sources/Swift/SystemService/AuthAppCredential.swift /Users/siam/Library/Developer/Xcode/DerivedData/Lingua_Quest-gvpckrqxtbgyprbgppjfqmimmmfw/SourcePackages/checkouts/firebase-ios-sdk/FirebaseAuth/Sources/Swift/SystemService/AuthAppCredentialManager.swift (in target 'FirebaseAuth' from project 'Firebase')

SwiftCompile normal arm64 /Users/siam/Library/Developer/Xcode/DerivedData/Lingua_Quest-gvpckrqxtbgyprbgppjfqmimmmfw/SourcePackages/checkouts/firebase-ios-sdk/FirebaseAuth/Sources/Swift/MultiFactor/TOTP/TOTPMultiFactorInfo.swift (in target 'FirebaseAuth' from project 'Firebase')
    cd /Users/siam/Desktop/Lingua\ Quest/Lingua\ Quest.xcodeproj
    

SwiftCompile normal arm64 /Users/siam/Library/Developer/Xcode/DerivedData/Lingua_Quest-gvpckrqxtbgyprbgppjfqmimmmfw/SourcePackages/checkouts/firebase-ios-sdk/FirebaseAuth/Sources/Swift/MultiFactor/TOTP/TOTPSecret.swift (in target 'FirebaseAuth' from project 'Firebase')
    cd /Users/siam/Desktop/Lingua\ Quest/Lingua\ Quest.xcodeproj
    

SwiftCompile normal arm64 /Users/siam/Library/Developer/Xcode/DerivedData/Lingua_Quest-gvpckrqxtbgyprbgppjfqmimmmfw/SourcePackages/checkouts/firebase-ios-sdk/FirebaseAuth/Sources/Swift/Storage/AuthKeychainServices.swift (in target 'FirebaseAuth' from project 'Firebase')
    cd /Users/siam/Desktop/Lingua\ Quest/Lingua\ Quest.xcodeproj
    

SwiftCompile normal arm64 /Users/siam/Library/Developer/Xcode/DerivedData/Lingua_Quest-gvpckrqxtbgyprbgppjfqmimmmfw/SourcePackages/checkouts/firebase-ios-sdk/FirebaseAuth/Sources/Swift/Storage/AuthKeychainStorage.swift (in target 'FirebaseAuth' from project 'Firebase')
    cd /Users/siam/Desktop/Lingua\ Quest/Lingua\ Quest.xcodeproj
    

SwiftCompile normal arm64 /Users/siam/Library/Developer/Xcode/DerivedData/Lingua_Quest-gvpckrqxtbgyprbgppjfqmimmmfw/SourcePackages/checkouts/firebase-ios-sdk/FirebaseAuth/Sources/Swift/Storage/AuthKeychainStorageReal.swift (in target 'FirebaseAuth' from project 'Firebase')
    cd /Users/siam/Desktop/Lingua\ Quest/Lingua\ Quest.xcodeproj
    

SwiftCompile normal arm64 /Users/siam/Library/Developer/Xcode/DerivedData/Lingua_Quest-gvpckrqxtbgyprbgppjfqmimmmfw/SourcePackages/checkouts/firebase-ios-sdk/FirebaseAuth/Sources/Swift/Storage/AuthUserDefaults.swift (in target 'FirebaseAuth' from project 'Firebase')
    cd /Users/siam/Desktop/Lingua\ Quest/Lingua\ Quest.xcodeproj
    

SwiftCompile normal arm64 /Users/siam/Library/Developer/Xcode/DerivedData/Lingua_Quest-gvpckrqxtbgyprbgppjfqmimmmfw/SourcePackages/checkouts/firebase-ios-sdk/FirebaseAuth/Sources/Swift/SystemService/AuthAPNSToken.swift (in target 'FirebaseAuth' from project 'Firebase')
    cd /Users/siam/Desktop/Lingua\ Quest/Lingua\ Quest.xcodeproj
    

SwiftCompile normal arm64 /Users/siam/Library/Developer/Xcode/DerivedData/Lingua_Quest-gvpckrqxtbgyprbgppjfqmimmmfw/SourcePackages/checkouts/firebase-ios-sdk/FirebaseAuth/Sources/Swift/SystemService/AuthAPNSTokenManager.swift (in target 'FirebaseAuth' from project 'Firebase')
    cd /Users/siam/Desktop/Lingua\ Quest/Lingua\ Quest.xcodeproj
    

SwiftCompile normal arm64 /Users/siam/Library/Developer/Xcode/DerivedData/Lingua_Quest-gvpckrqxtbgyprbgppjfqmimmmfw/SourcePackages/checkouts/firebase-ios-sdk/FirebaseAuth/Sources/Swift/SystemService/AuthAPNSTokenType.swift (in target 'FirebaseAuth' from project 'Firebase')
    cd /Users/siam/Desktop/Lingua\ Quest/Lingua\ Quest.xcodeproj
    

SwiftCompile normal arm64 /Users/siam/Library/Developer/Xcode/DerivedData/Lingua_Quest-gvpckrqxtbgyprbgppjfqmimmmfw/SourcePackages/checkouts/firebase-ios-sdk/FirebaseAuth/Sources/Swift/SystemService/AuthAppCredential.swift (in target 'FirebaseAuth' from project 'Firebase')
    cd /Users/siam/Desktop/Lingua\ Quest/Lingua\ Quest.xcodeproj
    

SwiftCompile normal arm64 /Users/siam/Library/Developer/Xcode/DerivedData/Lingua_Quest-gvpckrqxtbgyprbgppjfqmimmmfw/SourcePackages/checkouts/firebase-ios-sdk/FirebaseAuth/Sources/Swift/SystemService/AuthAppCredentialManager.swift (in target 'FirebaseAuth' from project 'Firebase')
    cd /Users/siam/Desktop/Lingua\ Quest/Lingua\ Quest.xcodeproj
    

SwiftDriverJobDiscovery normal x86_64 Compiling PhoneAuthCredential.swift, PhoneAuthProvider.swift, TwitterAuthProvider.swift, AuthBackend.swift, AuthBackendRPCIssuer.swift, AuthRPCRequest.swift, AuthRPCResponse.swift, AuthRequestConfiguration.swift, IdentityToolkitRequest.swift, AuthMFAResponse.swift, CreateAuthURIRequest.swift, CreateAuthURIResponse.swift (in target 'FirebaseAuth' from project 'Firebase')

SwiftCompile normal x86_64 Compiling\ Base64URLEncodedStringExtension.swift,\ MultiFactor.swift,\ MultiFactorAssertion.swift,\ MultiFactorInfo.swift,\ MultiFactorResolver.swift,\ MultiFactorSession.swift,\ PhoneMultiFactorAssertion.swift,\ PhoneMultiFactorGenerator.swift,\ PhoneMultiFactorInfo.swift,\ TOTPMultFactorAssertion.swift,\ TOTPMultiFactorGenerator.swift /Users/siam/Library/Developer/Xcode/DerivedData/Lingua_Quest-gvpckrqxtbgyprbgppjfqmimmmfw/SourcePackages/checkouts/firebase-ios-sdk/FirebaseAuth/Sources/Swift/Base64URLEncodedStringExtension.swift /Users/siam/Library/Developer/Xcode/DerivedData/Lingua_Quest-gvpckrqxtbgyprbgppjfqmimmmfw/SourcePackages/checkouts/firebase-ios-sdk/FirebaseAuth/Sources/Swift/MultiFactor/MultiFactor.swift /Users/siam/Library/Developer/Xcode/DerivedData/Lingua_Quest-gvpckrqxtbgyprbgppjfqmimmmfw/SourcePackages/checkouts/firebase-ios-sdk/FirebaseAuth/Sources/Swift/MultiFactor/MultiFactorAssertion.swift /Users/siam/Library/Developer/Xcode/DerivedData/Lingua_Quest-gvpckrqxtbgyprbgppjfqmimmmfw/SourcePackages/checkouts/firebase-ios-sdk/FirebaseAuth/Sources/Swift/MultiFactor/MultiFactorInfo.swift /Users/siam/Library/Developer/Xcode/DerivedData/Lingua_Quest-gvpckrqxtbgyprbgppjfqmimmmfw/SourcePackages/checkouts/firebase-ios-sdk/FirebaseAuth/Sources/Swift/MultiFactor/MultiFactorResolver.swift /Users/siam/Library/Developer/Xcode/DerivedData/Lingua_Quest-gvpckrqxtbgyprbgppjfqmimmmfw/SourcePackages/checkouts/firebase-ios-sdk/FirebaseAuth/Sources/Swift/MultiFactor/MultiFactorSession.swift /Users/siam/Library/Developer/Xcode/DerivedData/Lingua_Quest-gvpckrqxtbgyprbgppjfqmimmmfw/SourcePackages/checkouts/firebase-ios-sdk/FirebaseAuth/Sources/Swift/MultiFactor/Phone/PhoneMultiFactorAssertion.swift /Users/siam/Library/Developer/Xcode/DerivedData/Lingua_Quest-gvpckrqxtbgyprbgppjfqmimmmfw/SourcePackages/checkouts/firebase-ios-sdk/FirebaseAuth/Sources/Swift/MultiFactor/Phone/PhoneMultiFactorGenerator.swift /Users/siam/Library/Developer/Xcode/DerivedData/Lingua_Quest-gvpckrqxtbgyprbgppjfqmimmmfw/SourcePackages/checkouts/firebase-ios-sdk/FirebaseAuth/Sources/Swift/MultiFactor/Phone/PhoneMultiFactorInfo.swift /Users/siam/Library/Developer/Xcode/DerivedData/Lingua_Quest-gvpckrqxtbgyprbgppjfqmimmmfw/SourcePackages/checkouts/firebase-ios-sdk/FirebaseAuth/Sources/Swift/MultiFactor/TOTP/TOTPMultFactorAssertion.swift /Users/siam/Library/Developer/Xcode/DerivedData/Lingua_Quest-gvpckrqxtbgyprbgppjfqmimmmfw/SourcePackages/checkouts/firebase-ios-sdk/FirebaseAuth/Sources/Swift/MultiFactor/TOTP/TOTPMultiFactorGenerator.swift (in target 'FirebaseAuth' from project 'Firebase')

SwiftCompile normal x86_64 /Users/siam/Library/Developer/Xcode/DerivedData/Lingua_Quest-gvpckrqxtbgyprbgppjfqmimmmfw/SourcePackages/checkouts/firebase-ios-sdk/FirebaseAuth/Sources/Swift/Base64URLEncodedStringExtension.swift (in target 'FirebaseAuth' from project 'Firebase')
    cd /Users/siam/Desktop/Lingua\ Quest/Lingua\ Quest.xcodeproj
    

SwiftCompile normal x86_64 /Users/siam/Library/Developer/Xcode/DerivedData/Lingua_Quest-gvpckrqxtbgyprbgppjfqmimmmfw/SourcePackages/checkouts/firebase-ios-sdk/FirebaseAuth/Sources/Swift/MultiFactor/MultiFactor.swift (in target 'FirebaseAuth' from project 'Firebase')
    cd /Users/siam/Desktop/Lingua\ Quest/Lingua\ Quest.xcodeproj
    

SwiftCompile normal x86_64 /Users/siam/Library/Developer/Xcode/DerivedData/Lingua_Quest-gvpckrqxtbgyprbgppjfqmimmmfw/SourcePackages/checkouts/firebase-ios-sdk/FirebaseAuth/Sources/Swift/MultiFactor/MultiFactorAssertion.swift (in target 'FirebaseAuth' from project 'Firebase')
    cd /Users/siam/Desktop/Lingua\ Quest/Lingua\ Quest.xcodeproj
    

SwiftCompile normal x86_64 /Users/siam/Library/Developer/Xcode/DerivedData/Lingua_Quest-gvpckrqxtbgyprbgppjfqmimmmfw/SourcePackages/checkouts/firebase-ios-sdk/FirebaseAuth/Sources/Swift/MultiFactor/MultiFactorInfo.swift (in target 'FirebaseAuth' from project 'Firebase')
    cd /Users/siam/Desktop/Lingua\ Quest/Lingua\ Quest.xcodeproj
    

SwiftCompile normal x86_64 /Users/siam/Library/Developer/Xcode/DerivedData/Lingua_Quest-gvpckrqxtbgyprbgppjfqmimmmfw/SourcePackages/checkouts/firebase-ios-sdk/FirebaseAuth/Sources/Swift/MultiFactor/MultiFactorResolver.swift (in target 'FirebaseAuth' from project 'Firebase')
    cd /Users/siam/Desktop/Lingua\ Quest/Lingua\ Quest.xcodeproj
    

SwiftCompile normal x86_64 /Users/siam/Library/Developer/Xcode/DerivedData/Lingua_Quest-gvpckrqxtbgyprbgppjfqmimmmfw/SourcePackages/checkouts/firebase-ios-sdk/FirebaseAuth/Sources/Swift/MultiFactor/MultiFactorSession.swift (in target 'FirebaseAuth' from project 'Firebase')
    cd /Users/siam/Desktop/Lingua\ Quest/Lingua\ Quest.xcodeproj
    

SwiftCompile normal x86_64 /Users/siam/Library/Developer/Xcode/DerivedData/Lingua_Quest-gvpckrqxtbgyprbgppjfqmimmmfw/SourcePackages/checkouts/firebase-ios-sdk/FirebaseAuth/Sources/Swift/MultiFactor/Phone/PhoneMultiFactorAssertion.swift (in target 'FirebaseAuth' from project 'Firebase')
    cd /Users/siam/Desktop/Lingua\ Quest/Lingua\ Quest.xcodeproj
    

SwiftCompile normal x86_64 /Users/siam/Library/Developer/Xcode/DerivedData/Lingua_Quest-gvpckrqxtbgyprbgppjfqmimmmfw/SourcePackages/checkouts/firebase-ios-sdk/FirebaseAuth/Sources/Swift/MultiFactor/Phone/PhoneMultiFactorGenerator.swift (in target 'FirebaseAuth' from project 'Firebase')
    cd /Users/siam/Desktop/Lingua\ Quest/Lingua\ Quest.xcodeproj
    

SwiftCompile normal x86_64 /Users/siam/Library/Developer/Xcode/DerivedData/Lingua_Quest-gvpckrqxtbgyprbgppjfqmimmmfw/SourcePackages/checkouts/firebase-ios-sdk/FirebaseAuth/Sources/Swift/MultiFactor/Phone/PhoneMultiFactorInfo.swift (in target 'FirebaseAuth' from project 'Firebase')
    cd /Users/siam/Desktop/Lingua\ Quest/Lingua\ Quest.xcodeproj
    

SwiftCompile normal x86_64 /Users/siam/Library/Developer/Xcode/DerivedData/Lingua_Quest-gvpckrqxtbgyprbgppjfqmimmmfw/SourcePackages/checkouts/firebase-ios-sdk/FirebaseAuth/Sources/Swift/MultiFactor/TOTP/TOTPMultFactorAssertion.swift (in target 'FirebaseAuth' from project 'Firebase')
    cd /Users/siam/Desktop/Lingua\ Quest/Lingua\ Quest.xcodeproj
    

SwiftCompile normal x86_64 /Users/siam/Library/Developer/Xcode/DerivedData/Lingua_Quest-gvpckrqxtbgyprbgppjfqmimmmfw/SourcePackages/checkouts/firebase-ios-sdk/FirebaseAuth/Sources/Swift/MultiFactor/TOTP/TOTPMultiFactorGenerator.swift (in target 'FirebaseAuth' from project 'Firebase')
    cd /Users/siam/Desktop/Lingua\ Quest/Lingua\ Quest.xcodeproj
    

SwiftDriverJobDiscovery normal arm64 Compiling AuthSettings.swift, AuthTokenResult.swift, AuthCredential.swift, AuthProviderID.swift, EmailAuthProvider.swift, FacebookAuthProvider.swift, FederatedAuthProvider.swift, GameCenterAuthProvider.swift, GitHubAuthProvider.swift, GoogleAuthProvider.swift, OAuthCredential.swift, OAuthProvider.swift (in target 'FirebaseAuth' from project 'Firebase')

SwiftCompile normal arm64 Compiling\ AuthProtoFinalizeMFAPhoneRequestInfo.swift,\ AuthProtoFinalizeMFAPhoneResponseInfo.swift,\ AuthProtoStartMFAPhoneRequestInfo.swift,\ AuthProtoStartMFAPhoneResponseInfo.swift,\ AuthProtoFinalizeMFATOTPEnrollmentRequestInfo.swift,\ AuthProtoFinalizeMFATOTPEnrollmentResponseInfo.swift,\ AuthProtoFinalizeMFATOTPSignInRequestInfo.swift,\ AuthProtoStartMFATOTPEnrollmentRequestInfo.swift,\ AuthProtoStartMFATOTPEnrollmentResponseInfo.swift,\ ResetPasswordRequest.swift,\ ResetPasswordResponse.swift /Users/siam/Library/Developer/Xcode/DerivedData/Lingua_Quest-gvpckrqxtbgyprbgppjfqmimmmfw/SourcePackages/checkouts/firebase-ios-sdk/FirebaseAuth/Sources/Swift/Backend/RPC/Proto/Phone/AuthProtoFinalizeMFAPhoneRequestInfo.swift /Users/siam/Library/Developer/Xcode/DerivedData/Lingua_Quest-gvpckrqxtbgyprbgppjfqmimmmfw/SourcePackages/checkouts/firebase-ios-sdk/FirebaseAuth/Sources/Swift/Backend/RPC/Proto/Phone/AuthProtoFinalizeMFAPhoneResponseInfo.swift /Users/siam/Library/Developer/Xcode/DerivedData/Lingua_Quest-gvpckrqxtbgyprbgppjfqmimmmfw/SourcePackages/checkouts/firebase-ios-sdk/FirebaseAuth/Sources/Swift/Backend/RPC/Proto/Phone/AuthProtoStartMFAPhoneRequestInfo.swift /Users/siam/Library/Developer/Xcode/DerivedData/Lingua_Quest-gvpckrqxtbgyprbgppjfqmimmmfw/SourcePackages/checkouts/firebase-ios-sdk/FirebaseAuth/Sources/Swift/Backend/RPC/Proto/Phone/AuthProtoStartMFAPhoneResponseInfo.swift /Users/siam/Library/Developer/Xcode/DerivedData/Lingua_Quest-gvpckrqxtbgyprbgppjfqmimmmfw/SourcePackages/checkouts/firebase-ios-sdk/FirebaseAuth/Sources/Swift/Backend/RPC/Proto/TOTP/AuthProtoFinalizeMFATOTPEnrollmentRequestInfo.swift /Users/siam/Library/Developer/Xcode/DerivedData/Lingua_Quest-gvpckrqxtbgyprbgppjfqmimmmfw/SourcePackages/checkouts/firebase-ios-sdk/FirebaseAuth/Sources/Swift/Backend/RPC/Proto/TOTP/AuthProtoFinalizeMFATOTPEnrollmentResponseInfo.swift /Users/siam/Library/Developer/Xcode/DerivedData/Lingua_Quest-gvpckrqxtbgyprbgppjfqmimmmfw/SourcePackages/checkouts/firebase-ios-sdk/FirebaseAuth/Sources/Swift/Backend/RPC/Proto/TOTP/AuthProtoFinalizeMFATOTPSignInRequestInfo.swift /Users/siam/Library/Developer/Xcode/DerivedData/Lingua_Quest-gvpckrqxtbgyprbgppjfqmimmmfw/SourcePackages/checkouts/firebase-ios-sdk/FirebaseAuth/Sources/Swift/Backend/RPC/Proto/TOTP/AuthProtoStartMFATOTPEnrollmentRequestInfo.swift /Users/siam/Library/Developer/Xcode/DerivedData/Lingua_Quest-gvpckrqxtbgyprbgppjfqmimmmfw/SourcePackages/checkouts/firebase-ios-sdk/FirebaseAuth/Sources/Swift/Backend/RPC/Proto/TOTP/AuthProtoStartMFATOTPEnrollmentResponseInfo.swift /Users/siam/Library/Developer/Xcode/DerivedData/Lingua_Quest-gvpckrqxtbgyprbgppjfqmimmmfw/SourcePackages/checkouts/firebase-ios-sdk/FirebaseAuth/Sources/Swift/Backend/RPC/ResetPasswordRequest.swift /Users/siam/Library/Developer/Xcode/DerivedData/Lingua_Quest-gvpckrqxtbgyprbgppjfqmimmmfw/SourcePackages/checkouts/firebase-ios-sdk/FirebaseAuth/Sources/Swift/Backend/RPC/ResetPasswordResponse.swift (in target 'FirebaseAuth' from project 'Firebase')

SwiftCompile normal arm64 /Users/siam/Library/Developer/Xcode/DerivedData/Lingua_Quest-gvpckrqxtbgyprbgppjfqmimmmfw/SourcePackages/checkouts/firebase-ios-sdk/FirebaseAuth/Sources/Swift/Backend/RPC/Proto/Phone/AuthProtoFinalizeMFAPhoneRequestInfo.swift (in target 'FirebaseAuth' from project 'Firebase')
    cd /Users/siam/Desktop/Lingua\ Quest/Lingua\ Quest.xcodeproj
    

SwiftCompile normal arm64 /Users/siam/Library/Developer/Xcode/DerivedData/Lingua_Quest-gvpckrqxtbgyprbgppjfqmimmmfw/SourcePackages/checkouts/firebase-ios-sdk/FirebaseAuth/Sources/Swift/Backend/RPC/Proto/Phone/AuthProtoFinalizeMFAPhoneResponseInfo.swift (in target 'FirebaseAuth' from project 'Firebase')
    cd /Users/siam/Desktop/Lingua\ Quest/Lingua\ Quest.xcodeproj
    

SwiftCompile normal arm64 /Users/siam/Library/Developer/Xcode/DerivedData/Lingua_Quest-gvpckrqxtbgyprbgppjfqmimmmfw/SourcePackages/checkouts/firebase-ios-sdk/FirebaseAuth/Sources/Swift/Backend/RPC/Proto/Phone/AuthProtoStartMFAPhoneRequestInfo.swift (in target 'FirebaseAuth' from project 'Firebase')
    cd /Users/siam/Desktop/Lingua\ Quest/Lingua\ Quest.xcodeproj
    

SwiftCompile normal arm64 /Users/siam/Library/Developer/Xcode/DerivedData/Lingua_Quest-gvpckrqxtbgyprbgppjfqmimmmfw/SourcePackages/checkouts/firebase-ios-sdk/FirebaseAuth/Sources/Swift/Backend/RPC/Proto/Phone/AuthProtoStartMFAPhoneResponseInfo.swift (in target 'FirebaseAuth' from project 'Firebase')
    cd /Users/siam/Desktop/Lingua\ Quest/Lingua\ Quest.xcodeproj
    

SwiftCompile normal arm64 /Users/siam/Library/Developer/Xcode/DerivedData/Lingua_Quest-gvpckrqxtbgyprbgppjfqmimmmfw/SourcePackages/checkouts/firebase-ios-sdk/FirebaseAuth/Sources/Swift/Backend/RPC/Proto/TOTP/AuthProtoFinalizeMFATOTPEnrollmentRequestInfo.swift (in target 'FirebaseAuth' from project 'Firebase')
    cd /Users/siam/Desktop/Lingua\ Quest/Lingua\ Quest.xcodeproj
    

SwiftCompile normal arm64 /Users/siam/Library/Developer/Xcode/DerivedData/Lingua_Quest-gvpckrqxtbgyprbgppjfqmimmmfw/SourcePackages/checkouts/firebase-ios-sdk/FirebaseAuth/Sources/Swift/Backend/RPC/Proto/TOTP/AuthProtoFinalizeMFATOTPEnrollmentResponseInfo.swift (in target 'FirebaseAuth' from project 'Firebase')
    cd /Users/siam/Desktop/Lingua\ Quest/Lingua\ Quest.xcodeproj
    

SwiftCompile normal arm64 /Users/siam/Library/Developer/Xcode/DerivedData/Lingua_Quest-gvpckrqxtbgyprbgppjfqmimmmfw/SourcePackages/checkouts/firebase-ios-sdk/FirebaseAuth/Sources/Swift/Backend/RPC/Proto/TOTP/AuthProtoFinalizeMFATOTPSignInRequestInfo.swift (in target 'FirebaseAuth' from project 'Firebase')
    cd /Users/siam/Desktop/Lingua\ Quest/Lingua\ Quest.xcodeproj
    

SwiftCompile normal arm64 /Users/siam/Library/Developer/Xcode/DerivedData/Lingua_Quest-gvpckrqxtbgyprbgppjfqmimmmfw/SourcePackages/checkouts/firebase-ios-sdk/FirebaseAuth/Sources/Swift/Backend/RPC/Proto/TOTP/AuthProtoStartMFATOTPEnrollmentRequestInfo.swift (in target 'FirebaseAuth' from project 'Firebase')
    cd /Users/siam/Desktop/Lingua\ Quest/Lingua\ Quest.xcodeproj
    

SwiftCompile normal arm64 /Users/siam/Library/Developer/Xcode/DerivedData/Lingua_Quest-gvpckrqxtbgyprbgppjfqmimmmfw/SourcePackages/checkouts/firebase-ios-sdk/FirebaseAuth/Sources/Swift/Backend/RPC/Proto/TOTP/AuthProtoStartMFATOTPEnrollmentResponseInfo.swift (in target 'FirebaseAuth' from project 'Firebase')
    cd /Users/siam/Desktop/Lingua\ Quest/Lingua\ Quest.xcodeproj
    

SwiftCompile normal arm64 /Users/siam/Library/Developer/Xcode/DerivedData/Lingua_Quest-gvpckrqxtbgyprbgppjfqmimmmfw/SourcePackages/checkouts/firebase-ios-sdk/FirebaseAuth/Sources/Swift/Backend/RPC/ResetPasswordRequest.swift (in target 'FirebaseAuth' from project 'Firebase')
    cd /Users/siam/Desktop/Lingua\ Quest/Lingua\ Quest.xcodeproj
    

SwiftCompile normal arm64 /Users/siam/Library/Developer/Xcode/DerivedData/Lingua_Quest-gvpckrqxtbgyprbgppjfqmimmmfw/SourcePackages/checkouts/firebase-ios-sdk/FirebaseAuth/Sources/Swift/Backend/RPC/ResetPasswordResponse.swift (in target 'FirebaseAuth' from project 'Firebase')
    cd /Users/siam/Desktop/Lingua\ Quest/Lingua\ Quest.xcodeproj
    

SwiftDriverJobDiscovery normal arm64 Compiling AuthCondition.swift, AuthDefaultUIDelegate.swift, AuthErrorUtils.swift, AuthErrors.swift, AuthInternalErrors.swift, AuthLog.swift, AuthRecaptchaVerifier.swift, AuthUIDelegate.swift, AuthURLPresenter.swift, AuthWebUtils.swift, AuthWebViewController.swift (in target 'FirebaseAuth' from project 'Firebase')

SwiftCompile normal x86_64 Compiling\ resource_bundle_accessor.swift,\ ActionCodeInfo.swift,\ ActionCodeOperation.swift,\ ActionCodeSettings.swift,\ ActionCodeURL.swift,\ Auth+Async.swift,\ Auth.swift,\ AuthComponent.swift,\ AuthDataResult.swift,\ AuthDispatcher.swift,\ AuthGlobalWorkQueue.swift,\ AuthOperationType.swift /Users/siam/Library/Developer/Xcode/DerivedData/Lingua_Quest-gvpckrqxtbgyprbgppjfqmimmmfw/Build/Intermediates.noindex/Firebase.build/Debug-iphonesimulator/FirebaseAuth.build/DerivedSources/resource_bundle_accessor.swift /Users/siam/Library/Developer/Xcode/DerivedData/Lingua_Quest-gvpckrqxtbgyprbgppjfqmimmmfw/SourcePackages/checkouts/firebase-ios-sdk/FirebaseAuth/Sources/Swift/ActionCode/ActionCodeInfo.swift /Users/siam/Library/Developer/Xcode/DerivedData/Lingua_Quest-gvpckrqxtbgyprbgppjfqmimmmfw/SourcePackages/checkouts/firebase-ios-sdk/FirebaseAuth/Sources/Swift/ActionCode/ActionCodeOperation.swift /Users/siam/Library/Developer/Xcode/DerivedData/Lingua_Quest-gvpckrqxtbgyprbgppjfqmimmmfw/SourcePackages/checkouts/firebase-ios-sdk/FirebaseAuth/Sources/Swift/ActionCode/ActionCodeSettings.swift /Users/siam/Library/Developer/Xcode/DerivedData/Lingua_Quest-gvpckrqxtbgyprbgppjfqmimmmfw/SourcePackages/checkouts/firebase-ios-sdk/FirebaseAuth/Sources/Swift/ActionCode/ActionCodeURL.swift /Users/siam/Library/Developer/Xcode/DerivedData/Lingua_Quest-gvpckrqxtbgyprbgppjfqmimmmfw/SourcePackages/checkouts/firebase-ios-sdk/FirebaseAuth/Sources/Swift/Auth/Auth+Async.swift /Users/siam/Library/Developer/Xcode/DerivedData/Lingua_Quest-gvpckrqxtbgyprbgppjfqmimmmfw/SourcePackages/checkouts/firebase-ios-sdk/FirebaseAuth/Sources/Swift/Auth/Auth.swift /Users/siam/Library/Developer/Xcode/DerivedData/Lingua_Quest-gvpckrqxtbgyprbgppjfqmimmmfw/SourcePackages/checkouts/firebase-ios-sdk/FirebaseAuth/Sources/Swift/Auth/AuthComponent.swift /Users/siam/Library/Developer/Xcode/DerivedData/Lingua_Quest-gvpckrqxtbgyprbgppjfqmimmmfw/SourcePackages/checkouts/firebase-ios-sdk/FirebaseAuth/Sources/Swift/Auth/AuthDataResult.swift /Users/siam/Library/Developer/Xcode/DerivedData/Lingua_Quest-gvpckrqxtbgyprbgppjfqmimmmfw/SourcePackages/checkouts/firebase-ios-sdk/FirebaseAuth/Sources/Swift/Auth/AuthDispatcher.swift /Users/siam/Library/Developer/Xcode/DerivedData/Lingua_Quest-gvpckrqxtbgyprbgppjfqmimmmfw/SourcePackages/checkouts/firebase-ios-sdk/FirebaseAuth/Sources/Swift/Auth/AuthGlobalWorkQueue.swift /Users/siam/Library/Developer/Xcode/DerivedData/Lingua_Quest-gvpckrqxtbgyprbgppjfqmimmmfw/SourcePackages/checkouts/firebase-ios-sdk/FirebaseAuth/Sources/Swift/Auth/AuthOperationType.swift (in target 'FirebaseAuth' from project 'Firebase')
SwiftCompile normal x86_64 /Users/siam/Library/Developer/Xcode/DerivedData/Lingua_Quest-gvpckrqxtbgyprbgppjfqmimmmfw/Build/Intermediates.noindex/Firebase.build/Debug-iphonesimulator/FirebaseAuth.build/DerivedSources/resource_bundle_accessor.swift (in target 'FirebaseAuth' from project 'Firebase')
    cd /Users/siam/Desktop/Lingua\ Quest/Lingua\ Quest.xcodeproj
    

SwiftCompile normal x86_64 /Users/siam/Library/Developer/Xcode/DerivedData/Lingua_Quest-gvpckrqxtbgyprbgppjfqmimmmfw/SourcePackages/checkouts/firebase-ios-sdk/FirebaseAuth/Sources/Swift/ActionCode/ActionCodeInfo.swift (in target 'FirebaseAuth' from project 'Firebase')
    cd /Users/siam/Desktop/Lingua\ Quest/Lingua\ Quest.xcodeproj
    

SwiftCompile normal x86_64 /Users/siam/Library/Developer/Xcode/DerivedData/Lingua_Quest-gvpckrqxtbgyprbgppjfqmimmmfw/SourcePackages/checkouts/firebase-ios-sdk/FirebaseAuth/Sources/Swift/ActionCode/ActionCodeOperation.swift (in target 'FirebaseAuth' from project 'Firebase')
    cd /Users/siam/Desktop/Lingua\ Quest/Lingua\ Quest.xcodeproj
    

SwiftCompile normal x86_64 /Users/siam/Library/Developer/Xcode/DerivedData/Lingua_Quest-gvpckrqxtbgyprbgppjfqmimmmfw/SourcePackages/checkouts/firebase-ios-sdk/FirebaseAuth/Sources/Swift/ActionCode/ActionCodeSettings.swift (in target 'FirebaseAuth' from project 'Firebase')
    cd /Users/siam/Desktop/Lingua\ Quest/Lingua\ Quest.xcodeproj
    

SwiftCompile normal x86_64 /Users/siam/Library/Developer/Xcode/DerivedData/Lingua_Quest-gvpckrqxtbgyprbgppjfqmimmmfw/SourcePackages/checkouts/firebase-ios-sdk/FirebaseAuth/Sources/Swift/ActionCode/ActionCodeURL.swift (in target 'FirebaseAuth' from project 'Firebase')
    cd /Users/siam/Desktop/Lingua\ Quest/Lingua\ Quest.xcodeproj
    

SwiftCompile normal x86_64 /Users/siam/Library/Developer/Xcode/DerivedData/Lingua_Quest-gvpckrqxtbgyprbgppjfqmimmmfw/SourcePackages/checkouts/firebase-ios-sdk/FirebaseAuth/Sources/Swift/Auth/Auth+Async.swift (in target 'FirebaseAuth' from project 'Firebase')
    cd /Users/siam/Desktop/Lingua\ Quest/Lingua\ Quest.xcodeproj
    

SwiftCompile normal x86_64 /Users/siam/Library/Developer/Xcode/DerivedData/Lingua_Quest-gvpckrqxtbgyprbgppjfqmimmmfw/SourcePackages/checkouts/firebase-ios-sdk/FirebaseAuth/Sources/Swift/Auth/Auth.swift (in target 'FirebaseAuth' from project 'Firebase')
    cd /Users/siam/Desktop/Lingua\ Quest/Lingua\ Quest.xcodeproj
    

SwiftCompile normal x86_64 /Users/siam/Library/Developer/Xcode/DerivedData/Lingua_Quest-gvpckrqxtbgyprbgppjfqmimmmfw/SourcePackages/checkouts/firebase-ios-sdk/FirebaseAuth/Sources/Swift/Auth/AuthComponent.swift (in target 'FirebaseAuth' from project 'Firebase')
    cd /Users/siam/Desktop/Lingua\ Quest/Lingua\ Quest.xcodeproj
    

SwiftCompile normal x86_64 /Users/siam/Library/Developer/Xcode/DerivedData/Lingua_Quest-gvpckrqxtbgyprbgppjfqmimmmfw/SourcePackages/checkouts/firebase-ios-sdk/FirebaseAuth/Sources/Swift/Auth/AuthDataResult.swift (in target 'FirebaseAuth' from project 'Firebase')
    cd /Users/siam/Desktop/Lingua\ Quest/Lingua\ Quest.xcodeproj
    

SwiftCompile normal x86_64 /Users/siam/Library/Developer/Xcode/DerivedData/Lingua_Quest-gvpckrqxtbgyprbgppjfqmimmmfw/SourcePackages/checkouts/firebase-ios-sdk/FirebaseAuth/Sources/Swift/Auth/AuthDispatcher.swift (in target 'FirebaseAuth' from project 'Firebase')
    cd /Users/siam/Desktop/Lingua\ Quest/Lingua\ Quest.xcodeproj
    

SwiftCompile normal x86_64 /Users/siam/Library/Developer/Xcode/DerivedData/Lingua_Quest-gvpckrqxtbgyprbgppjfqmimmmfw/SourcePackages/checkouts/firebase-ios-sdk/FirebaseAuth/Sources/Swift/Auth/AuthGlobalWorkQueue.swift (in target 'FirebaseAuth' from project 'Firebase')
    cd /Users/siam/Desktop/Lingua\ Quest/Lingua\ Quest.xcodeproj
    

SwiftCompile normal x86_64 /Users/siam/Library/Developer/Xcode/DerivedData/Lingua_Quest-gvpckrqxtbgyprbgppjfqmimmmfw/SourcePackages/checkouts/firebase-ios-sdk/FirebaseAuth/Sources/Swift/Auth/AuthOperationType.swift (in target 'FirebaseAuth' from project 'Firebase')
    cd /Users/siam/Desktop/Lingua\ Quest/Lingua\ Quest.xcodeproj
    

SwiftDriverJobDiscovery normal x86_64 Compiling AuthNotificationManager.swift, AuthStoredUserManager.swift, SecureTokenService.swift, TokenRefreshCoalescer.swift, AdditionalUserInfo.swift, User.swift, UserInfo.swift, UserInfoImpl.swift, UserMetadata.swift, UserProfileChangeRequest.swift, UserProfileUpdate.swift (in target 'FirebaseAuth' from project 'Firebase')

SwiftCompile normal x86_64 Compiling\ AuthProtoFinalizeMFAPhoneRequestInfo.swift,\ AuthProtoFinalizeMFAPhoneResponseInfo.swift,\ AuthProtoStartMFAPhoneRequestInfo.swift,\ AuthProtoStartMFAPhoneResponseInfo.swift,\ AuthProtoFinalizeMFATOTPEnrollmentRequestInfo.swift,\ AuthProtoFinalizeMFATOTPEnrollmentResponseInfo.swift,\ AuthProtoFinalizeMFATOTPSignInRequestInfo.swift,\ AuthProtoStartMFATOTPEnrollmentRequestInfo.swift,\ AuthProtoStartMFATOTPEnrollmentResponseInfo.swift,\ ResetPasswordRequest.swift,\ ResetPasswordResponse.swift /Users/siam/Library/Developer/Xcode/DerivedData/Lingua_Quest-gvpckrqxtbgyprbgppjfqmimmmfw/SourcePackages/checkouts/firebase-ios-sdk/FirebaseAuth/Sources/Swift/Backend/RPC/Proto/Phone/AuthProtoFinalizeMFAPhoneRequestInfo.swift /Users/siam/Library/Developer/Xcode/DerivedData/Lingua_Quest-gvpckrqxtbgyprbgppjfqmimmmfw/SourcePackages/checkouts/firebase-ios-sdk/FirebaseAuth/Sources/Swift/Backend/RPC/Proto/Phone/AuthProtoFinalizeMFAPhoneResponseInfo.swift /Users/siam/Library/Developer/Xcode/DerivedData/Lingua_Quest-gvpckrqxtbgyprbgppjfqmimmmfw/SourcePackages/checkouts/firebase-ios-sdk/FirebaseAuth/Sources/Swift/Backend/RPC/Proto/Phone/AuthProtoStartMFAPhoneRequestInfo.swift /Users/siam/Library/Developer/Xcode/DerivedData/Lingua_Quest-gvpckrqxtbgyprbgppjfqmimmmfw/SourcePackages/checkouts/firebase-ios-sdk/FirebaseAuth/Sources/Swift/Backend/RPC/Proto/Phone/AuthProtoStartMFAPhoneResponseInfo.swift /Users/siam/Library/Developer/Xcode/DerivedData/Lingua_Quest-gvpckrqxtbgyprbgppjfqmimmmfw/SourcePackages/checkouts/firebase-ios-sdk/FirebaseAuth/Sources/Swift/Backend/RPC/Proto/TOTP/AuthProtoFinalizeMFATOTPEnrollmentRequestInfo.swift /Users/siam/Library/Developer/Xcode/DerivedData/Lingua_Quest-gvpckrqxtbgyprbgppjfqmimmmfw/SourcePackages/checkouts/firebase-ios-sdk/FirebaseAuth/Sources/Swift/Backend/RPC/Proto/TOTP/AuthProtoFinalizeMFATOTPEnrollmentResponseInfo.swift /Users/siam/Library/Developer/Xcode/DerivedData/Lingua_Quest-gvpckrqxtbgyprbgppjfqmimmmfw/SourcePackages/checkouts/firebase-ios-sdk/FirebaseAuth/Sources/Swift/Backend/RPC/Proto/TOTP/AuthProtoFinalizeMFATOTPSignInRequestInfo.swift /Users/siam/Library/Developer/Xcode/DerivedData/Lingua_Quest-gvpckrqxtbgyprbgppjfqmimmmfw/SourcePackages/checkouts/firebase-ios-sdk/FirebaseAuth/Sources/Swift/Backend/RPC/Proto/TOTP/AuthProtoStartMFATOTPEnrollmentRequestInfo.swift /Users/siam/Library/Developer/Xcode/DerivedData/Lingua_Quest-gvpckrqxtbgyprbgppjfqmimmmfw/SourcePackages/checkouts/firebase-ios-sdk/FirebaseAuth/Sources/Swift/Backend/RPC/Proto/TOTP/AuthProtoStartMFATOTPEnrollmentResponseInfo.swift /Users/siam/Library/Developer/Xcode/DerivedData/Lingua_Quest-gvpckrqxtbgyprbgppjfqmimmmfw/SourcePackages/checkouts/firebase-ios-sdk/FirebaseAuth/Sources/Swift/Backend/RPC/ResetPasswordRequest.swift /Users/siam/Library/Developer/Xcode/DerivedData/Lingua_Quest-gvpckrqxtbgyprbgppjfqmimmmfw/SourcePackages/checkouts/firebase-ios-sdk/FirebaseAuth/Sources/Swift/Backend/RPC/ResetPasswordResponse.swift (in target 'FirebaseAuth' from project 'Firebase')

SwiftCompile normal x86_64 /Users/siam/Library/Developer/Xcode/DerivedData/Lingua_Quest-gvpckrqxtbgyprbgppjfqmimmmfw/SourcePackages/checkouts/firebase-ios-sdk/FirebaseAuth/Sources/Swift/Backend/RPC/Proto/Phone/AuthProtoFinalizeMFAPhoneRequestInfo.swift (in target 'FirebaseAuth' from project 'Firebase')
    cd /Users/siam/Desktop/Lingua\ Quest/Lingua\ Quest.xcodeproj
    

SwiftCompile normal x86_64 /Users/siam/Library/Developer/Xcode/DerivedData/Lingua_Quest-gvpckrqxtbgyprbgppjfqmimmmfw/SourcePackages/checkouts/firebase-ios-sdk/FirebaseAuth/Sources/Swift/Backend/RPC/Proto/Phone/AuthProtoFinalizeMFAPhoneResponseInfo.swift (in target 'FirebaseAuth' from project 'Firebase')
    cd /Users/siam/Desktop/Lingua\ Quest/Lingua\ Quest.xcodeproj
    

SwiftCompile normal x86_64 /Users/siam/Library/Developer/Xcode/DerivedData/Lingua_Quest-gvpckrqxtbgyprbgppjfqmimmmfw/SourcePackages/checkouts/firebase-ios-sdk/FirebaseAuth/Sources/Swift/Backend/RPC/Proto/Phone/AuthProtoStartMFAPhoneRequestInfo.swift (in target 'FirebaseAuth' from project 'Firebase')
    cd /Users/siam/Desktop/Lingua\ Quest/Lingua\ Quest.xcodeproj
    

SwiftCompile normal x86_64 /Users/siam/Library/Developer/Xcode/DerivedData/Lingua_Quest-gvpckrqxtbgyprbgppjfqmimmmfw/SourcePackages/checkouts/firebase-ios-sdk/FirebaseAuth/Sources/Swift/Backend/RPC/Proto/Phone/AuthProtoStartMFAPhoneResponseInfo.swift (in target 'FirebaseAuth' from project 'Firebase')
    cd /Users/siam/Desktop/Lingua\ Quest/Lingua\ Quest.xcodeproj
    

SwiftCompile normal x86_64 /Users/siam/Library/Developer/Xcode/DerivedData/Lingua_Quest-gvpckrqxtbgyprbgppjfqmimmmfw/SourcePackages/checkouts/firebase-ios-sdk/FirebaseAuth/Sources/Swift/Backend/RPC/Proto/TOTP/AuthProtoFinalizeMFATOTPEnrollmentRequestInfo.swift (in target 'FirebaseAuth' from project 'Firebase')
    cd /Users/siam/Desktop/Lingua\ Quest/Lingua\ Quest.xcodeproj
    

SwiftCompile normal x86_64 /Users/siam/Library/Developer/Xcode/DerivedData/Lingua_Quest-gvpckrqxtbgyprbgppjfqmimmmfw/SourcePackages/checkouts/firebase-ios-sdk/FirebaseAuth/Sources/Swift/Backend/RPC/Proto/TOTP/AuthProtoFinalizeMFATOTPEnrollmentResponseInfo.swift (in target 'FirebaseAuth' from project 'Firebase')
    cd /Users/siam/Desktop/Lingua\ Quest/Lingua\ Quest.xcodeproj
    

SwiftCompile normal x86_64 /Users/siam/Library/Developer/Xcode/DerivedData/Lingua_Quest-gvpckrqxtbgyprbgppjfqmimmmfw/SourcePackages/checkouts/firebase-ios-sdk/FirebaseAuth/Sources/Swift/Backend/RPC/Proto/TOTP/AuthProtoFinalizeMFATOTPSignInRequestInfo.swift (in target 'FirebaseAuth' from project 'Firebase')
    cd /Users/siam/Desktop/Lingua\ Quest/Lingua\ Quest.xcodeproj
    

SwiftCompile normal x86_64 /Users/siam/Library/Developer/Xcode/DerivedData/Lingua_Quest-gvpckrqxtbgyprbgppjfqmimmmfw/SourcePackages/checkouts/firebase-ios-sdk/FirebaseAuth/Sources/Swift/Backend/RPC/Proto/TOTP/AuthProtoStartMFATOTPEnrollmentRequestInfo.swift (in target 'FirebaseAuth' from project 'Firebase')
    cd /Users/siam/Desktop/Lingua\ Quest/Lingua\ Quest.xcodeproj
    

SwiftCompile normal x86_64 /Users/siam/Library/Developer/Xcode/DerivedData/Lingua_Quest-gvpckrqxtbgyprbgppjfqmimmmfw/SourcePackages/checkouts/firebase-ios-sdk/FirebaseAuth/Sources/Swift/Backend/RPC/Proto/TOTP/AuthProtoStartMFATOTPEnrollmentResponseInfo.swift (in target 'FirebaseAuth' from project 'Firebase')
    cd /Users/siam/Desktop/Lingua\ Quest/Lingua\ Quest.xcodeproj
    

SwiftCompile normal x86_64 /Users/siam/Library/Developer/Xcode/DerivedData/Lingua_Quest-gvpckrqxtbgyprbgppjfqmimmmfw/SourcePackages/checkouts/firebase-ios-sdk/FirebaseAuth/Sources/Swift/Backend/RPC/ResetPasswordRequest.swift (in target 'FirebaseAuth' from project 'Firebase')
    cd /Users/siam/Desktop/Lingua\ Quest/Lingua\ Quest.xcodeproj
    

SwiftCompile normal x86_64 /Users/siam/Library/Developer/Xcode/DerivedData/Lingua_Quest-gvpckrqxtbgyprbgppjfqmimmmfw/SourcePackages/checkouts/firebase-ios-sdk/FirebaseAuth/Sources/Swift/Backend/RPC/ResetPasswordResponse.swift (in target 'FirebaseAuth' from project 'Firebase')
    cd /Users/siam/Desktop/Lingua\ Quest/Lingua\ Quest.xcodeproj
    

SwiftDriverJobDiscovery normal x86_64 Compiling AuthCondition.swift, AuthDefaultUIDelegate.swift, AuthErrorUtils.swift, AuthErrors.swift, AuthInternalErrors.swift, AuthLog.swift, AuthRecaptchaVerifier.swift, AuthUIDelegate.swift, AuthURLPresenter.swift, AuthWebUtils.swift, AuthWebViewController.swift (in target 'FirebaseAuth' from project 'Firebase')

SwiftCompile normal arm64 Compiling\ DeleteAccountRequest.swift,\ DeleteAccountResponse.swift,\ EmailLinkSignInRequest.swift,\ EmailLinkSignInResponse.swift,\ GetAccountInfoRequest.swift,\ GetAccountInfoResponse.swift,\ GetOOBConfirmationCodeRequest.swift,\ GetOOBConfirmationCodeResponse.swift,\ GetProjectConfigRequest.swift,\ GetProjectConfigResponse.swift,\ GetRecaptchaConfigRequest.swift,\ GetRecaptchaConfigResponse.swift /Users/siam/Library/Developer/Xcode/DerivedData/Lingua_Quest-gvpckrqxtbgyprbgppjfqmimmmfw/SourcePackages/checkouts/firebase-ios-sdk/FirebaseAuth/Sources/Swift/Backend/RPC/DeleteAccountRequest.swift /Users/siam/Library/Developer/Xcode/DerivedData/Lingua_Quest-gvpckrqxtbgyprbgppjfqmimmmfw/SourcePackages/checkouts/firebase-ios-sdk/FirebaseAuth/Sources/Swift/Backend/RPC/DeleteAccountResponse.swift /Users/siam/Library/Developer/Xcode/DerivedData/Lingua_Quest-gvpckrqxtbgyprbgppjfqmimmmfw/SourcePackages/checkouts/firebase-ios-sdk/FirebaseAuth/Sources/Swift/Backend/RPC/EmailLinkSignInRequest.swift /Users/siam/Library/Developer/Xcode/DerivedData/Lingua_Quest-gvpckrqxtbgyprbgppjfqmimmmfw/SourcePackages/checkouts/firebase-ios-sdk/FirebaseAuth/Sources/Swift/Backend/RPC/EmailLinkSignInResponse.swift /Users/siam/Library/Developer/Xcode/DerivedData/Lingua_Quest-gvpckrqxtbgyprbgppjfqmimmmfw/SourcePackages/checkouts/firebase-ios-sdk/FirebaseAuth/Sources/Swift/Backend/RPC/GetAccountInfoRequest.swift /Users/siam/Library/Developer/Xcode/DerivedData/Lingua_Quest-gvpckrqxtbgyprbgppjfqmimmmfw/SourcePackages/checkouts/firebase-ios-sdk/FirebaseAuth/Sources/Swift/Backend/RPC/GetAccountInfoResponse.swift /Users/siam/Library/Developer/Xcode/DerivedData/Lingua_Quest-gvpckrqxtbgyprbgppjfqmimmmfw/SourcePackages/checkouts/firebase-ios-sdk/FirebaseAuth/Sources/Swift/Backend/RPC/GetOOBConfirmationCodeRequest.swift /Users/siam/Library/Developer/Xcode/DerivedData/Lingua_Quest-gvpckrqxtbgyprbgppjfqmimmmfw/SourcePackages/checkouts/firebase-ios-sdk/FirebaseAuth/Sources/Swift/Backend/RPC/GetOOBConfirmationCodeResponse.swift /Users/siam/Library/Developer/Xcode/DerivedData/Lingua_Quest-gvpckrqxtbgyprbgppjfqmimmmfw/SourcePackages/checkouts/firebase-ios-sdk/FirebaseAuth/Sources/Swift/Backend/RPC/GetProjectConfigRequest.swift /Users/siam/Library/Developer/Xcode/DerivedData/Lingua_Quest-gvpckrqxtbgyprbgppjfqmimmmfw/SourcePackages/checkouts/firebase-ios-sdk/FirebaseAuth/Sources/Swift/Backend/RPC/GetProjectConfigResponse.swift /Users/siam/Library/Developer/Xcode/DerivedData/Lingua_Quest-gvpckrqxtbgyprbgppjfqmimmmfw/SourcePackages/checkouts/firebase-ios-sdk/FirebaseAuth/Sources/Swift/Backend/RPC/GetRecaptchaConfigRequest.swift /Users/siam/Library/Developer/Xcode/DerivedData/Lingua_Quest-gvpckrqxtbgyprbgppjfqmimmmfw/SourcePackages/checkouts/firebase-ios-sdk/FirebaseAuth/Sources/Swift/Backend/RPC/GetRecaptchaConfigResponse.swift (in target 'FirebaseAuth' from project 'Firebase')

SwiftCompile normal arm64 /Users/siam/Library/Developer/Xcode/DerivedData/Lingua_Quest-gvpckrqxtbgyprbgppjfqmimmmfw/SourcePackages/checkouts/firebase-ios-sdk/FirebaseAuth/Sources/Swift/Backend/RPC/DeleteAccountRequest.swift (in target 'FirebaseAuth' from project 'Firebase')
    cd /Users/siam/Desktop/Lingua\ Quest/Lingua\ Quest.xcodeproj
    

SwiftCompile normal arm64 /Users/siam/Library/Developer/Xcode/DerivedData/Lingua_Quest-gvpckrqxtbgyprbgppjfqmimmmfw/SourcePackages/checkouts/firebase-ios-sdk/FirebaseAuth/Sources/Swift/Backend/RPC/DeleteAccountResponse.swift (in target 'FirebaseAuth' from project 'Firebase')
    cd /Users/siam/Desktop/Lingua\ Quest/Lingua\ Quest.xcodeproj
    

SwiftCompile normal arm64 /Users/siam/Library/Developer/Xcode/DerivedData/Lingua_Quest-gvpckrqxtbgyprbgppjfqmimmmfw/SourcePackages/checkouts/firebase-ios-sdk/FirebaseAuth/Sources/Swift/Backend/RPC/EmailLinkSignInRequest.swift (in target 'FirebaseAuth' from project 'Firebase')
    cd /Users/siam/Desktop/Lingua\ Quest/Lingua\ Quest.xcodeproj
    

SwiftCompile normal arm64 /Users/siam/Library/Developer/Xcode/DerivedData/Lingua_Quest-gvpckrqxtbgyprbgppjfqmimmmfw/SourcePackages/checkouts/firebase-ios-sdk/FirebaseAuth/Sources/Swift/Backend/RPC/EmailLinkSignInResponse.swift (in target 'FirebaseAuth' from project 'Firebase')
    cd /Users/siam/Desktop/Lingua\ Quest/Lingua\ Quest.xcodeproj
    

SwiftCompile normal arm64 /Users/siam/Library/Developer/Xcode/DerivedData/Lingua_Quest-gvpckrqxtbgyprbgppjfqmimmmfw/SourcePackages/checkouts/firebase-ios-sdk/FirebaseAuth/Sources/Swift/Backend/RPC/GetAccountInfoRequest.swift (in target 'FirebaseAuth' from project 'Firebase')
    cd /Users/siam/Desktop/Lingua\ Quest/Lingua\ Quest.xcodeproj
    

SwiftCompile normal arm64 /Users/siam/Library/Developer/Xcode/DerivedData/Lingua_Quest-gvpckrqxtbgyprbgppjfqmimmmfw/SourcePackages/checkouts/firebase-ios-sdk/FirebaseAuth/Sources/Swift/Backend/RPC/GetAccountInfoResponse.swift (in target 'FirebaseAuth' from project 'Firebase')
    cd /Users/siam/Desktop/Lingua\ Quest/Lingua\ Quest.xcodeproj
    

SwiftCompile normal arm64 /Users/siam/Library/Developer/Xcode/DerivedData/Lingua_Quest-gvpckrqxtbgyprbgppjfqmimmmfw/SourcePackages/checkouts/firebase-ios-sdk/FirebaseAuth/Sources/Swift/Backend/RPC/GetOOBConfirmationCodeRequest.swift (in target 'FirebaseAuth' from project 'Firebase')
    cd /Users/siam/Desktop/Lingua\ Quest/Lingua\ Quest.xcodeproj
    

SwiftCompile normal arm64 /Users/siam/Library/Developer/Xcode/DerivedData/Lingua_Quest-gvpckrqxtbgyprbgppjfqmimmmfw/SourcePackages/checkouts/firebase-ios-sdk/FirebaseAuth/Sources/Swift/Backend/RPC/GetOOBConfirmationCodeResponse.swift (in target 'FirebaseAuth' from project 'Firebase')
    cd /Users/siam/Desktop/Lingua\ Quest/Lingua\ Quest.xcodeproj
    

SwiftCompile normal arm64 /Users/siam/Library/Developer/Xcode/DerivedData/Lingua_Quest-gvpckrqxtbgyprbgppjfqmimmmfw/SourcePackages/checkouts/firebase-ios-sdk/FirebaseAuth/Sources/Swift/Backend/RPC/GetProjectConfigRequest.swift (in target 'FirebaseAuth' from project 'Firebase')
    cd /Users/siam/Desktop/Lingua\ Quest/Lingua\ Quest.xcodeproj
    

SwiftCompile normal arm64 /Users/siam/Library/Developer/Xcode/DerivedData/Lingua_Quest-gvpckrqxtbgyprbgppjfqmimmmfw/SourcePackages/checkouts/firebase-ios-sdk/FirebaseAuth/Sources/Swift/Backend/RPC/GetProjectConfigResponse.swift (in target 'FirebaseAuth' from project 'Firebase')
    cd /Users/siam/Desktop/Lingua\ Quest/Lingua\ Quest.xcodeproj
    

SwiftCompile normal arm64 /Users/siam/Library/Developer/Xcode/DerivedData/Lingua_Quest-gvpckrqxtbgyprbgppjfqmimmmfw/SourcePackages/checkouts/firebase-ios-sdk/FirebaseAuth/Sources/Swift/Backend/RPC/GetRecaptchaConfigRequest.swift (in target 'FirebaseAuth' from project 'Firebase')
    cd /Users/siam/Desktop/Lingua\ Quest/Lingua\ Quest.xcodeproj
    

SwiftCompile normal arm64 /Users/siam/Library/Developer/Xcode/DerivedData/Lingua_Quest-gvpckrqxtbgyprbgppjfqmimmmfw/SourcePackages/checkouts/firebase-ios-sdk/FirebaseAuth/Sources/Swift/Backend/RPC/GetRecaptchaConfigResponse.swift (in target 'FirebaseAuth' from project 'Firebase')
    cd /Users/siam/Desktop/Lingua\ Quest/Lingua\ Quest.xcodeproj
    

SwiftDriverJobDiscovery normal arm64 Compiling resource_bundle_accessor.swift, ActionCodeInfo.swift, ActionCodeOperation.swift, ActionCodeSettings.swift, ActionCodeURL.swift, Auth+Async.swift, Auth.swift, AuthComponent.swift, AuthDataResult.swift, AuthDispatcher.swift, AuthGlobalWorkQueue.swift, AuthOperationType.swift (in target 'FirebaseAuth' from project 'Firebase')

SwiftDriverJobDiscovery normal x86_64 Compiling SignUpNewUserResponse.swift, VerifyAssertionRequest.swift, VerifyAssertionResponse.swift, VerifyCustomTokenRequest.swift, VerifyCustomTokenResponse.swift, VerifyPasswordRequest.swift, VerifyPasswordResponse.swift, VerifyPhoneNumberRequest.swift, VerifyPhoneNumberResponse.swift, VerifyClientRequest.swift, VerifyClientResponse.swift (in target 'FirebaseAuth' from project 'Firebase')

SwiftCompile normal arm64 Compiling\ RecaptchaAPIService.swift /Users/siam/Library/Developer/Xcode/DerivedData/Lingua_Quest-gvpckrqxtbgyprbgppjfqmimmmfw/SourcePackages/checkouts/app-check/AppCheckRecaptchaProvider/Sources/RecaptchaAPIService.swift (in target 'AppCheckRecaptchaProvider' from project 'AppCheck')

SwiftCompile normal arm64 /Users/siam/Library/Developer/Xcode/DerivedData/Lingua_Quest-gvpckrqxtbgyprbgppjfqmimmmfw/SourcePackages/checkouts/app-check/AppCheckRecaptchaProvider/Sources/RecaptchaAPIService.swift (in target 'AppCheckRecaptchaProvider' from project 'AppCheck')
    cd /Users/siam/Desktop/Lingua\ Quest/Lingua\ Quest.xcodeproj
    

SwiftDriverJobDiscovery normal arm64 Compiling RevokeTokenRequest.swift, RevokeTokenResponse.swift, SecureTokenRequest.swift, SecureTokenResponse.swift, SendVerificationTokenRequest.swift, SendVerificationTokenResponse.swift, SetAccountInfoRequest.swift, SetAccountInfoResponse.swift, SignInWithGameCenterRequest.swift, SignInWithGameCenterResponse.swift, SignUpNewUserRequest.swift (in target 'FirebaseAuth' from project 'Firebase')

RegisterExecutionPolicyException /Users/siam/Library/Developer/Xcode/DerivedData/Lingua_Quest-gvpckrqxtbgyprbgppjfqmimmmfw/Build/Products/Debug-iphonesimulator/FBLPromises.o (in target 'FBLPromises' from project 'Promises')
    cd /Users/siam/Library/Developer/Xcode/DerivedData/Lingua_Quest-gvpckrqxtbgyprbgppjfqmimmmfw/SourcePackages/checkouts/promises
    builtin-RegisterExecutionPolicyException /Users/siam/Library/Developer/Xcode/DerivedData/Lingua_Quest-gvpckrqxtbgyprbgppjfqmimmmfw/Build/Products/Debug-iphonesimulator/FBLPromises.o

SwiftCompile normal x86_64 Compiling\ RecaptchaTokenGenerator.swift /Users/siam/Library/Developer/Xcode/DerivedData/Lingua_Quest-gvpckrqxtbgyprbgppjfqmimmmfw/SourcePackages/checkouts/app-check/AppCheckRecaptchaProvider/Sources/RecaptchaTokenGenerator.swift (in target 'AppCheckRecaptchaProvider' from project 'AppCheck')

SwiftCompile normal x86_64 /Users/siam/Library/Developer/Xcode/DerivedData/Lingua_Quest-gvpckrqxtbgyprbgppjfqmimmmfw/SourcePackages/checkouts/app-check/AppCheckRecaptchaProvider/Sources/RecaptchaTokenGenerator.swift (in target 'AppCheckRecaptchaProvider' from project 'AppCheck')
    cd /Users/siam/Desktop/Lingua\ Quest/Lingua\ Quest.xcodeproj
    

SwiftDriverJobDiscovery normal x86_64 Compiling TOTPMultiFactorInfo.swift, TOTPSecret.swift, AuthKeychainServices.swift, AuthKeychainStorage.swift, AuthKeychainStorageReal.swift, AuthUserDefaults.swift, AuthAPNSToken.swift, AuthAPNSTokenManager.swift, AuthAPNSTokenType.swift, AuthAppCredential.swift, AuthAppCredentialManager.swift (in target 'FirebaseAuth' from project 'Firebase')

SwiftCompile normal x86_64 Compiling\ AppCheckRecaptchaProvider.swift /Users/siam/Library/Developer/Xcode/DerivedData/Lingua_Quest-gvpckrqxtbgyprbgppjfqmimmmfw/SourcePackages/checkouts/app-check/AppCheckRecaptchaProvider/Sources/Public/AppCheckRecaptchaProvider.swift (in target 'AppCheckRecaptchaProvider' from project 'AppCheck')

SwiftCompile normal x86_64 /Users/siam/Library/Developer/Xcode/DerivedData/Lingua_Quest-gvpckrqxtbgyprbgppjfqmimmmfw/SourcePackages/checkouts/app-check/AppCheckRecaptchaProvider/Sources/Public/AppCheckRecaptchaProvider.swift (in target 'AppCheckRecaptchaProvider' from project 'AppCheck')
    cd /Users/siam/Desktop/Lingua\ Quest/Lingua\ Quest.xcodeproj
    

Ld /Users/siam/Library/Developer/Xcode/DerivedData/Lingua_Quest-gvpckrqxtbgyprbgppjfqmimmmfw/Build/Intermediates.noindex/Promises.build/Debug-iphonesimulator/Promises.build/Objects-normal/x86_64/Binary/Promises.o normal x86_64 (in target 'Promises' from project 'Promises')
    cd /Users/siam/Library/Developer/Xcode/DerivedData/Lingua_Quest-gvpckrqxtbgyprbgppjfqmimmmfw/SourcePackages/checkouts/promises
    /Applications/Xcode.app/Contents/Developer/Toolchains/XcodeDefault.xctoolchain/usr/bin/clang -Xlinker -reproducible -target x86_64-apple-ios12.0-simulator -r -isysroot /Applications/Xcode.app/Contents/Developer/Platforms/iPhoneSimulator.platform/Developer/SDKs/iPhoneSimulator26.0.sdk -O0 -w -L/Users/siam/Library/Developer/Xcode/DerivedData/Lingua_Quest-gvpckrqxtbgyprbgppjfqmimmmfw/Build/Intermediates.noindex/EagerLinkingTBDs/Debug-iphonesimulator -L/Users/siam/Library/Developer/Xcode/DerivedData/Lingua_Quest-gvpckrqxtbgyprbgppjfqmimmmfw/Build/Products/Debug-iphonesimulator -L/Applications/Xcode.app/Contents/Developer/Platforms/iPhoneSimulator.platform/Developer/usr/lib -F/Users/siam/Library/Developer/Xcode/DerivedData/Lingua_Quest-gvpckrqxtbgyprbgppjfqmimmmfw/Build/Intermediates.noindex/EagerLinkingTBDs/Debug-iphonesimulator -F/Users/siam/Library/Developer/Xcode/DerivedData/Lingua_Quest-gvpckrqxtbgyprbgppjfqmimmmfw/Build/Products/Debug-iphonesimulator/PackageFrameworks -F/Users/siam/Library/Developer/Xcode/DerivedData/Lingua_Quest-gvpckrqxtbgyprbgppjfqmimmmfw/Build/Products/Debug-iphonesimulator -iframework /Applications/Xcode.app/Contents/Developer/Platforms/iPhoneSimulator.platform/Developer/Library/Frameworks -iframework /Applications/Xcode.app/Contents/Developer/Platforms/iPhoneSimulator.platform/Developer/SDKs/iPhoneSimulator26.0.sdk/Developer/Library/Frameworks -filelist /Users/siam/Library/Developer/Xcode/DerivedData/Lingua_Quest-gvpckrqxtbgyprbgppjfqmimmmfw/Build/Intermediates.noindex/Promises.build/Debug-iphonesimulator/Promises.build/Objects-normal/x86_64/Promises.LinkFileList -nostdlib -Xlinker -object_path_lto -Xlinker /Users/siam/Library/Developer/Xcode/DerivedData/Lingua_Quest-gvpckrqxtbgyprbgppjfqmimmmfw/Build/Intermediates.noindex/Promises.build/Debug-iphonesimulator/Promises.build/Objects-normal/x86_64/Promises_lto.o -rdynamic -Xlinker -no_deduplicate -Xlinker -objc_abi_version -Xlinker 2 -Xlinker -debug_variant -Xlinker -dependency_info -Xlinker /Users/siam/Library/Developer/Xcode/DerivedData/Lingua_Quest-gvpckrqxtbgyprbgppjfqmimmmfw/Build/Intermediates.noindex/Promises.build/Debug-iphonesimulator/Promises.build/Objects-normal/x86_64/Promises_dependency_info.dat -fobjc-link-runtime -L/Applications/Xcode.app/Contents/Developer/Toolchains/XcodeDefault.xctoolchain/usr/lib/swift/iphonesimulator -L/usr/lib/swift -Xlinker -add_ast_path -Xlinker /Users/siam/Library/Developer/Xcode/DerivedData/Lingua_Quest-gvpckrqxtbgyprbgppjfqmimmmfw/Build/Intermediates.noindex/Promises.build/Debug-iphonesimulator/Promises.build/Objects-normal/x86_64/Promises.swiftmodule @/Users/siam/Library/Developer/Xcode/DerivedData/Lingua_Quest-gvpckrqxtbgyprbgppjfqmimmmfw/Build/Intermediates.noindex/Promises.build/Debug-iphonesimulator/Promises.build/Objects-normal/x86_64/Promises-linker-args.resp -o /Users/siam/Library/Developer/Xcode/DerivedData/Lingua_Quest-gvpckrqxtbgyprbgppjfqmimmmfw/Build/Intermediates.noindex/Promises.build/Debug-iphonesimulator/Promises.build/Objects-normal/x86_64/Binary/Promises.o

SwiftDriverJobDiscovery normal x86_64 Compiling RevokeTokenRequest.swift, RevokeTokenResponse.swift, SecureTokenRequest.swift, SecureTokenResponse.swift, SendVerificationTokenRequest.swift, SendVerificationTokenResponse.swift, SetAccountInfoRequest.swift, SetAccountInfoResponse.swift, SignInWithGameCenterRequest.swift, SignInWithGameCenterResponse.swift, SignUpNewUserRequest.swift (in target 'FirebaseAuth' from project 'Firebase')

Ld /Users/siam/Library/Developer/Xcode/DerivedData/Lingua_Quest-gvpckrqxtbgyprbgppjfqmimmmfw/Build/Intermediates.noindex/Promises.build/Debug-iphonesimulator/Promises.build/Objects-normal/arm64/Binary/Promises.o normal arm64 (in target 'Promises' from project 'Promises')
    cd /Users/siam/Library/Developer/Xcode/DerivedData/Lingua_Quest-gvpckrqxtbgyprbgppjfqmimmmfw/SourcePackages/checkouts/promises
    /Applications/Xcode.app/Contents/Developer/Toolchains/XcodeDefault.xctoolchain/usr/bin/clang -Xlinker -reproducible -target arm64-apple-ios12.0-simulator -r -isysroot /Applications/Xcode.app/Contents/Developer/Platforms/iPhoneSimulator.platform/Developer/SDKs/iPhoneSimulator26.0.sdk -O0 -w -L/Users/siam/Library/Developer/Xcode/DerivedData/Lingua_Quest-gvpckrqxtbgyprbgppjfqmimmmfw/Build/Intermediates.noindex/EagerLinkingTBDs/Debug-iphonesimulator -L/Users/siam/Library/Developer/Xcode/DerivedData/Lingua_Quest-gvpckrqxtbgyprbgppjfqmimmmfw/Build/Products/Debug-iphonesimulator -L/Applications/Xcode.app/Contents/Developer/Platforms/iPhoneSimulator.platform/Developer/usr/lib -F/Users/siam/Library/Developer/Xcode/DerivedData/Lingua_Quest-gvpckrqxtbgyprbgppjfqmimmmfw/Build/Intermediates.noindex/EagerLinkingTBDs/Debug-iphonesimulator -F/Users/siam/Library/Developer/Xcode/DerivedData/Lingua_Quest-gvpckrqxtbgyprbgppjfqmimmmfw/Build/Products/Debug-iphonesimulator/PackageFrameworks -F/Users/siam/Library/Developer/Xcode/DerivedData/Lingua_Quest-gvpckrqxtbgyprbgppjfqmimmmfw/Build/Products/Debug-iphonesimulator -iframework /Applications/Xcode.app/Contents/Developer/Platforms/iPhoneSimulator.platform/Developer/Library/Frameworks -iframework /Applications/Xcode.app/Contents/Developer/Platforms/iPhoneSimulator.platform/Developer/SDKs/iPhoneSimulator26.0.sdk/Developer/Library/Frameworks -filelist /Users/siam/Library/Developer/Xcode/DerivedData/Lingua_Quest-gvpckrqxtbgyprbgppjfqmimmmfw/Build/Intermediates.noindex/Promises.build/Debug-iphonesimulator/Promises.build/Objects-normal/arm64/Promises.LinkFileList -nostdlib -Xlinker -object_path_lto -Xlinker /Users/siam/Library/Developer/Xcode/DerivedData/Lingua_Quest-gvpckrqxtbgyprbgppjfqmimmmfw/Build/Intermediates.noindex/Promises.build/Debug-iphonesimulator/Promises.build/Objects-normal/arm64/Promises_lto.o -rdynamic -Xlinker -no_deduplicate -Xlinker -objc_abi_version -Xlinker 2 -Xlinker -debug_variant -Xlinker -dependency_info -Xlinker /Users/siam/Library/Developer/Xcode/DerivedData/Lingua_Quest-gvpckrqxtbgyprbgppjfqmimmmfw/Build/Intermediates.noindex/Promises.build/Debug-iphonesimulator/Promises.build/Objects-normal/arm64/Promises_dependency_info.dat -fobjc-link-runtime -L/Applications/Xcode.app/Contents/Developer/Toolchains/XcodeDefault.xctoolchain/usr/lib/swift/iphonesimulator -L/usr/lib/swift -Xlinker -add_ast_path -Xlinker /Users/siam/Library/Developer/Xcode/DerivedData/Lingua_Quest-gvpckrqxtbgyprbgppjfqmimmmfw/Build/Intermediates.noindex/Promises.build/Debug-iphonesimulator/Promises.build/Objects-normal/arm64/Promises.swiftmodule @/Users/siam/Library/Developer/Xcode/DerivedData/Lingua_Quest-gvpckrqxtbgyprbgppjfqmimmmfw/Build/Intermediates.noindex/Promises.build/Debug-iphonesimulator/Promises.build/Objects-normal/arm64/Promises-linker-args.resp -o /Users/siam/Library/Developer/Xcode/DerivedData/Lingua_Quest-gvpckrqxtbgyprbgppjfqmimmmfw/Build/Intermediates.noindex/Promises.build/Debug-iphonesimulator/Promises.build/Objects-normal/arm64/Binary/Promises.o

SwiftCompile normal arm64 Compiling\ AppCheckRecaptchaProvider.swift /Users/siam/Library/Developer/Xcode/DerivedData/Lingua_Quest-gvpckrqxtbgyprbgppjfqmimmmfw/SourcePackages/checkouts/app-check/AppCheckRecaptchaProvider/Sources/Public/AppCheckRecaptchaProvider.swift (in target 'AppCheckRecaptchaProvider' from project 'AppCheck')

SwiftCompile normal arm64 /Users/siam/Library/Developer/Xcode/DerivedData/Lingua_Quest-gvpckrqxtbgyprbgppjfqmimmmfw/SourcePackages/checkouts/app-check/AppCheckRecaptchaProvider/Sources/Public/AppCheckRecaptchaProvider.swift (in target 'AppCheckRecaptchaProvider' from project 'AppCheck')
    cd /Users/siam/Desktop/Lingua\ Quest/Lingua\ Quest.xcodeproj
    

CreateUniversalBinary /Users/siam/Library/Developer/Xcode/DerivedData/Lingua_Quest-gvpckrqxtbgyprbgppjfqmimmmfw/Build/Products/Debug-iphonesimulator/Promises.o normal arm64\ x86_64 (in target 'Promises' from project 'Promises')
    cd /Users/siam/Library/Developer/Xcode/DerivedData/Lingua_Quest-gvpckrqxtbgyprbgppjfqmimmmfw/SourcePackages/checkouts/promises
    /Applications/Xcode.app/Contents/Developer/Toolchains/XcodeDefault.xctoolchain/usr/bin/lipo -create /Users/siam/Library/Developer/Xcode/DerivedData/Lingua_Quest-gvpckrqxtbgyprbgppjfqmimmmfw/Build/Intermediates.noindex/Promises.build/Debug-iphonesimulator/Promises.build/Objects-normal/arm64/Binary/Promises.o /Users/siam/Library/Developer/Xcode/DerivedData/Lingua_Quest-gvpckrqxtbgyprbgppjfqmimmmfw/Build/Intermediates.noindex/Promises.build/Debug-iphonesimulator/Promises.build/Objects-normal/x86_64/Binary/Promises.o -output /Users/siam/Library/Developer/Xcode/DerivedData/Lingua_Quest-gvpckrqxtbgyprbgppjfqmimmmfw/Build/Products/Debug-iphonesimulator/Promises.o

SwiftDriverJobDiscovery normal arm64 Compiling RecaptchaAPIService.swift (in target 'AppCheckRecaptchaProvider' from project 'AppCheck')

SwiftCompile normal x86_64 Compiling\ RecaptchaAPIService.swift /Users/siam/Library/Developer/Xcode/DerivedData/Lingua_Quest-gvpckrqxtbgyprbgppjfqmimmmfw/SourcePackages/checkouts/app-check/AppCheckRecaptchaProvider/Sources/RecaptchaAPIService.swift (in target 'AppCheckRecaptchaProvider' from project 'AppCheck')

SwiftCompile normal x86_64 /Users/siam/Library/Developer/Xcode/DerivedData/Lingua_Quest-gvpckrqxtbgyprbgppjfqmimmmfw/SourcePackages/checkouts/app-check/AppCheckRecaptchaProvider/Sources/RecaptchaAPIService.swift (in target 'AppCheckRecaptchaProvider' from project 'AppCheck')
    cd /Users/siam/Desktop/Lingua\ Quest/Lingua\ Quest.xcodeproj
    

SwiftDriverJobDiscovery normal x86_64 Compiling AppCheckRecaptchaProvider.swift (in target 'AppCheckRecaptchaProvider' from project 'AppCheck')

SwiftCompile normal arm64 Compiling\ RecaptchaTokenGenerator.swift /Users/siam/Library/Developer/Xcode/DerivedData/Lingua_Quest-gvpckrqxtbgyprbgppjfqmimmmfw/SourcePackages/checkouts/app-check/AppCheckRecaptchaProvider/Sources/RecaptchaTokenGenerator.swift (in target 'AppCheckRecaptchaProvider' from project 'AppCheck')

SwiftCompile normal arm64 /Users/siam/Library/Developer/Xcode/DerivedData/Lingua_Quest-gvpckrqxtbgyprbgppjfqmimmmfw/SourcePackages/checkouts/app-check/AppCheckRecaptchaProvider/Sources/RecaptchaTokenGenerator.swift (in target 'AppCheckRecaptchaProvider' from project 'AppCheck')
    cd /Users/siam/Desktop/Lingua\ Quest/Lingua\ Quest.xcodeproj
    

SwiftDriverJobDiscovery normal x86_64 Compiling RecaptchaTokenGenerator.swift (in target 'AppCheckRecaptchaProvider' from project 'AppCheck')

ScanDependencies /Users/siam/Library/Developer/Xcode/DerivedData/Lingua_Quest-gvpckrqxtbgyprbgppjfqmimmmfw/Build/Intermediates.noindex/Firebase.build/Debug-iphonesimulator/FirebaseAppCheck.build/Objects-normal/x86_64/FIRAppCheckToken.o /Users/siam/Library/Developer/Xcode/DerivedData/Lingua_Quest-gvpckrqxtbgyprbgppjfqmimmmfw/SourcePackages/checkouts/firebase-ios-sdk/FirebaseAppCheck/Sources/Core/FIRAppCheckToken.m normal x86_64 objective-c com.apple.compilers.llvm.clang.1_0.compiler (in target 'FirebaseAppCheck' from project 'Firebase')
    cd /Users/siam/Desktop/Lingua\ Quest/Lingua\ Quest.xcodeproj
    
    Using response file: /Users/siam/Library/Developer/Xcode/DerivedData/Lingua_Quest-gvpckrqxtbgyprbgppjfqmimmmfw/Build/Intermediates.noindex/Firebase.build/Debug-iphonesimulator/FirebaseAppCheck.build/Objects-normal/x86_64/e6072d4f65d7061329687fe24e3d63a7-common-args.resp
    
    builtin-ScanDependencies -o /Users/siam/Library/Developer/Xcode/DerivedData/Lingua_Quest-gvpckrqxtbgyprbgppjfqmimmmfw/Build/Intermediates.noindex/Firebase.build/Debug-iphonesimulator/FirebaseAppCheck.build/Objects-normal/x86_64/FIRAppCheckToken.o.scan -- /Applications/Xcode.app/Contents/Developer/Toolchains/XcodeDefault.xctoolchain/usr/bin/clang -x objective-c -ivfsstatcache /Users/siam/Library/Developer/Xcode/DerivedData/SDKStatCaches.noindex/iphonesimulator26.0-23A339-26257891a6c027eb51374368541b8346.sdkstatcache -fmessage-length\=0 -fdiagnostics-show-note-include-stack -fmacro-backtrace-limit\=0 -fno-color-diagnostics -fmodules-prune-interval\=86400 -fmodules-prune-after\=345600 -fbuild-session-file\=/Users/siam/Library/Developer/Xcode/DerivedData/ModuleCache.noindex/Session.modulevalidation -fmodules-validate-once-per-build-session -Wnon-modular-include-in-framework-module -Werror\=non-modular-include-in-framework-module -Wno-trigraphs -Wno-missing-field-initializers -Wno-missing-prototypes -Wno-return-type -Wno-implicit-atomic-properties -Wno-objc-interface-ivars -Wno-arc-repeated-use-of-weak -Wno-missing-braces -Wparentheses -Wswitch -Wno-unused-function -Wno-unused-label -Wno-unused-parameter -Wno-unused-variable -Wunused-value -Wno-empty-body -Wno-uninitialized -Wno-unknown-pragmas -w -Wno-shadow -Wno-four-char-constants -Wno-conversion -Wno-constant-conversion -Wno-int-conversion -Wno-bool-conversion -Wno-enum-conversion -Wno-float-conversion -Wno-non-literal-null-conversion -Wno-objc-literal-conversion -Wshorten-64-to-32 -Wpointer-sign -Wno-newline-eof -Wno-selector -Wno-strict-selector-match -Wno-undeclared-selector -Wno-deprecated-implementations -Wno-implicit-fallthrough -fstrict-aliasing -Wprotocol -Wdeprecated-declarations -Wno-sign-conversion -Wno-infinite-recursion -Wno-comma -Wno-block-capture-autoreleasing -Wno-strict-prototypes -Wno-semicolon-before-method-body -index-store-path /Users/siam/Library/Developer/Xcode/DerivedData/Lingua_Quest-gvpckrqxtbgyprbgppjfqmimmmfw/Index.noindex/DataStore @/Users/siam/Library/Developer/Xcode/DerivedData/Lingua_Quest-gvpckrqxtbgyprbgppjfqmimmmfw/Build/Intermediates.noindex/Firebase.build/Debug-iphonesimulator/FirebaseAppCheck.build/Objects-normal/x86_64/e6072d4f65d7061329687fe24e3d63a7-common-args.resp -MMD -MT dependencies -MF /Users/siam/Library/Developer/Xcode/DerivedData/Lingua_Quest-gvpckrqxtbgyprbgppjfqmimmmfw/Build/Intermediates.noindex/Firebase.build/Debug-iphonesimulator/FirebaseAppCheck.build/Objects-normal/x86_64/FIRAppCheckToken.d --serialize-diagnostics /Users/siam/Library/Developer/Xcode/DerivedData/Lingua_Quest-gvpckrqxtbgyprbgppjfqmimmmfw/Build/Intermediates.noindex/Firebase.build/Debug-iphonesimulator/FirebaseAppCheck.build/Objects-normal/x86_64/FIRAppCheckToken.dia -c /Users/siam/Library/Developer/Xcode/DerivedData/Lingua_Quest-gvpckrqxtbgyprbgppjfqmimmmfw/SourcePackages/checkouts/firebase-ios-sdk/FirebaseAppCheck/Sources/Core/FIRAppCheckToken.m -o /Users/siam/Library/Developer/Xcode/DerivedData/Lingua_Quest-gvpckrqxtbgyprbgppjfqmimmmfw/Build/Intermediates.noindex/Firebase.build/Debug-iphonesimulator/FirebaseAppCheck.build/Objects-normal/x86_64/FIRAppCheckToken.o -index-unit-output-path /Firebase.build/Debug-iphonesimulator/FirebaseAppCheck.build/Objects-normal/x86_64/FIRAppCheckToken.o

ExtractAppIntentsMetadata (in target 'Promises' from project 'Promises')
    cd /Users/siam/Library/Developer/Xcode/DerivedData/Lingua_Quest-gvpckrqxtbgyprbgppjfqmimmmfw/SourcePackages/checkouts/promises
    /Applications/Xcode.app/Contents/Developer/Toolchains/XcodeDefault.xctoolchain/usr/bin/appintentsmetadataprocessor --toolchain-dir /Applications/Xcode.app/Contents/Developer/Toolchains/XcodeDefault.xctoolchain --module-name Promises --sdk-root /Applications/Xcode.app/Contents/Developer/Platforms/iPhoneSimulator.platform/Developer/SDKs/iPhoneSimulator26.0.sdk --xcode-version 17A400 --platform-family iOS --deployment-target 12.0 --bundle-identifier promises.Promises --output /Users/siam/Library/Developer/Xcode/DerivedData/Lingua_Quest-gvpckrqxtbgyprbgppjfqmimmmfw/Build/Products/Debug-iphonesimulator/Promises.appintents --target-triple arm64-apple-ios12.0-simulator --target-triple x86_64-apple-ios12.0-simulator --binary-file /Users/siam/Library/Developer/Xcode/DerivedData/Lingua_Quest-gvpckrqxtbgyprbgppjfqmimmmfw/Build/Products/Debug-iphonesimulator/Promises.o --dependency-file /Users/siam/Library/Developer/Xcode/DerivedData/Lingua_Quest-gvpckrqxtbgyprbgppjfqmimmmfw/Build/Intermediates.noindex/Promises.build/Debug-iphonesimulator/Promises.build/Objects-normal/arm64/Promises_dependency_info.dat --dependency-file /Users/siam/Library/Developer/Xcode/DerivedData/Lingua_Quest-gvpckrqxtbgyprbgppjfqmimmmfw/Build/Intermediates.noindex/Promises.build/Debug-iphonesimulator/Promises.build/Objects-normal/x86_64/Promises_dependency_info.dat --stringsdata-file /Users/siam/Library/Developer/Xcode/DerivedData/Lingua_Quest-gvpckrqxtbgyprbgppjfqmimmmfw/Build/Intermediates.noindex/Promises.build/Debug-iphonesimulator/Promises.build/Objects-normal/arm64/ExtractedAppShortcutsMetadata.stringsdata --stringsdata-file /Users/siam/Library/Developer/Xcode/DerivedData/Lingua_Quest-gvpckrqxtbgyprbgppjfqmimmmfw/Build/Intermediates.noindex/Promises.build/Debug-iphonesimulator/Promises.build/Objects-normal/x86_64/ExtractedAppShortcutsMetadata.stringsdata --source-file-list /Users/siam/Library/Developer/Xcode/DerivedData/Lingua_Quest-gvpckrqxtbgyprbgppjfqmimmmfw/Build/Intermediates.noindex/Promises.build/Debug-iphonesimulator/Promises.build/Objects-normal/arm64/Promises.SwiftFileList --source-file-list /Users/siam/Library/Developer/Xcode/DerivedData/Lingua_Quest-gvpckrqxtbgyprbgppjfqmimmmfw/Build/Intermediates.noindex/Promises.build/Debug-iphonesimulator/Promises.build/Objects-normal/x86_64/Promises.SwiftFileList --metadata-file-list /Users/siam/Library/Developer/Xcode/DerivedData/Lingua_Quest-gvpckrqxtbgyprbgppjfqmimmmfw/Build/Intermediates.noindex/Promises.build/Debug-iphonesimulator/Promises.build/Promises.DependencyMetadataFileList --static-metadata-file-list /Users/siam/Library/Developer/Xcode/DerivedData/Lingua_Quest-gvpckrqxtbgyprbgppjfqmimmmfw/Build/Intermediates.noindex/Promises.build/Debug-iphonesimulator/Promises.build/Promises.DependencyStaticMetadataFileList --swift-const-vals-list /Users/siam/Library/Developer/Xcode/DerivedData/Lingua_Quest-gvpckrqxtbgyprbgppjfqmimmmfw/Build/Intermediates.noindex/Promises.build/Debug-iphonesimulator/Promises.build/Objects-normal/arm64/Promises.SwiftConstValuesFileList --swift-const-vals-list /Users/siam/Library/Developer/Xcode/DerivedData/Lingua_Quest-gvpckrqxtbgyprbgppjfqmimmmfw/Build/Intermediates.noindex/Promises.build/Debug-iphonesimulator/Promises.build/Objects-normal/x86_64/Promises.SwiftConstValuesFileList --force --compile-time-extraction --deployment-aware-processing --validate-assistant-intents --no-app-shortcuts-localization
2026-07-23 19:53:14.902 appintentsmetadataprocessor[10702:95987] Starting appintentsmetadataprocessor export
2026-07-23 19:53:18.413 appintentsmetadataprocessor[10702:95987] Extracted no relevant App Intents symbols, skipping writing output

PrecompileModule /Users/siam/Library/Developer/Xcode/DerivedData/Lingua_Quest-gvpckrqxtbgyprbgppjfqmimmmfw/Build/Intermediates.noindex/ExplicitPrecompiledModules/AppCheckCore-9UFZMF0E2MAWG7VTO238QB6JV.scan
    cd /
    builtin-precompileModule /Users/siam/Library/Developer/Xcode/DerivedData/Lingua_Quest-gvpckrqxtbgyprbgppjfqmimmmfw/Build/Intermediates.noindex/ExplicitPrecompiledModules/AppCheckCore-9UFZMF0E2MAWG7VTO238QB6JV.scan

SwiftDriverJobDiscovery normal arm64 Compiling AppCheckRecaptchaProvider.swift (in target 'AppCheckRecaptchaProvider' from project 'AppCheck')

RegisterExecutionPolicyException /Users/siam/Library/Developer/Xcode/DerivedData/Lingua_Quest-gvpckrqxtbgyprbgppjfqmimmmfw/Build/Products/Debug-iphonesimulator/Swinject.o (in target 'Swinject' from project 'Swinject')
    cd /Users/siam/Library/Developer/Xcode/DerivedData/Lingua_Quest-gvpckrqxtbgyprbgppjfqmimmmfw/SourcePackages/checkouts/Swinject
    builtin-RegisterExecutionPolicyException /Users/siam/Library/Developer/Xcode/DerivedData/Lingua_Quest-gvpckrqxtbgyprbgppjfqmimmmfw/Build/Products/Debug-iphonesimulator/Swinject.o

CompileC /Users/siam/Library/Developer/Xcode/DerivedData/Lingua_Quest-gvpckrqxtbgyprbgppjfqmimmmfw/Build/Intermediates.noindex/Firebase.build/Debug-iphonesimulator/FirebaseAppCheck.build/Objects-normal/x86_64/FIRAppCheckToken.o /Users/siam/Library/Developer/Xcode/DerivedData/Lingua_Quest-gvpckrqxtbgyprbgppjfqmimmmfw/SourcePackages/checkouts/firebase-ios-sdk/FirebaseAppCheck/Sources/Core/FIRAppCheckToken.m normal x86_64 objective-c com.apple.compilers.llvm.clang.1_0.compiler (in target 'FirebaseAppCheck' from project 'Firebase')
    cd /Users/siam/Desktop/Lingua\ Quest/Lingua\ Quest.xcodeproj
    
    Using response file: /Users/siam/Library/Developer/Xcode/DerivedData/Lingua_Quest-gvpckrqxtbgyprbgppjfqmimmmfw/Build/Intermediates.noindex/Firebase.build/Debug-iphonesimulator/FirebaseAppCheck.build/Objects-normal/x86_64/e6072d4f65d7061329687fe24e3d63a7-common-args.resp
    
    /Applications/Xcode.app/Contents/Developer/Toolchains/XcodeDefault.xctoolchain/usr/bin/clang -x objective-c -ivfsstatcache /Users/siam/Library/Developer/Xcode/DerivedData/SDKStatCaches.noindex/iphonesimulator26.0-23A339-26257891a6c027eb51374368541b8346.sdkstatcache -fmessage-length\=0 -fdiagnostics-show-note-include-stack -fmacro-backtrace-limit\=0 -fno-color-diagnostics -fmodules-prune-interval\=86400 -fmodules-prune-after\=345600 -fbuild-session-file\=/Users/siam/Library/Developer/Xcode/DerivedData/ModuleCache.noindex/Session.modulevalidation -fmodules-validate-once-per-build-session -Wnon-modular-include-in-framework-module -Werror\=non-modular-include-in-framework-module -Wno-trigraphs -Wno-missing-field-initializers -Wno-missing-prototypes -Wno-return-type -Wno-implicit-atomic-properties -Wno-objc-interface-ivars -Wno-arc-repeated-use-of-weak -Wno-missing-braces -Wparentheses -Wswitch -Wno-unused-function -Wno-unused-label -Wno-unused-parameter -Wno-unused-variable -Wunused-value -Wno-empty-body -Wno-uninitialized -Wno-unknown-pragmas -w -Wno-shadow -Wno-four-char-constants -Wno-conversion -Wno-constant-conversion -Wno-int-conversion -Wno-bool-conversion -Wno-enum-conversion -Wno-float-conversion -Wno-non-literal-null-conversion -Wno-objc-literal-conversion -Wshorten-64-to-32 -Wpointer-sign -Wno-newline-eof -Wno-selector -Wno-strict-selector-match -Wno-undeclared-selector -Wno-deprecated-implementations -Wno-implicit-fallthrough -fstrict-aliasing -Wprotocol -Wdeprecated-declarations -Wno-sign-conversion -Wno-infinite-recursion -Wno-comma -Wno-block-capture-autoreleasing -Wno-strict-prototypes -Wno-semicolon-before-method-body -index-store-path /Users/siam/Library/Developer/Xcode/DerivedData/Lingua_Quest-gvpckrqxtbgyprbgppjfqmimmmfw/Index.noindex/DataStore @/Users/siam/Library/Developer/Xcode/DerivedData/Lingua_Quest-gvpckrqxtbgyprbgppjfqmimmmfw/Build/Intermediates.noindex/Firebase.build/Debug-iphonesimulator/FirebaseAppCheck.build/Objects-normal/x86_64/e6072d4f65d7061329687fe24e3d63a7-common-args.resp -MMD -MT dependencies -MF /Users/siam/Library/Developer/Xcode/DerivedData/Lingua_Quest-gvpckrqxtbgyprbgppjfqmimmmfw/Build/Intermediates.noindex/Firebase.build/Debug-iphonesimulator/FirebaseAppCheck.build/Objects-normal/x86_64/FIRAppCheckToken.d --serialize-diagnostics /Users/siam/Library/Developer/Xcode/DerivedData/Lingua_Quest-gvpckrqxtbgyprbgppjfqmimmmfw/Build/Intermediates.noindex/Firebase.build/Debug-iphonesimulator/FirebaseAppCheck.build/Objects-normal/x86_64/FIRAppCheckToken.dia -c /Users/siam/Library/Developer/Xcode/DerivedData/Lingua_Quest-gvpckrqxtbgyprbgppjfqmimmmfw/SourcePackages/checkouts/firebase-ios-sdk/FirebaseAppCheck/Sources/Core/FIRAppCheckToken.m -o /Users/siam/Library/Developer/Xcode/DerivedData/Lingua_Quest-gvpckrqxtbgyprbgppjfqmimmmfw/Build/Intermediates.noindex/Firebase.build/Debug-iphonesimulator/FirebaseAppCheck.build/Objects-normal/x86_64/FIRAppCheckToken.o -index-unit-output-path /Firebase.build/Debug-iphonesimulator/FirebaseAppCheck.build/Objects-normal/x86_64/FIRAppCheckToken.o

SwiftDriverJobDiscovery normal x86_64 Compiling AuthProtoFinalizeMFAPhoneRequestInfo.swift, AuthProtoFinalizeMFAPhoneResponseInfo.swift, AuthProtoStartMFAPhoneRequestInfo.swift, AuthProtoStartMFAPhoneResponseInfo.swift, AuthProtoFinalizeMFATOTPEnrollmentRequestInfo.swift, AuthProtoFinalizeMFATOTPEnrollmentResponseInfo.swift, AuthProtoFinalizeMFATOTPSignInRequestInfo.swift, AuthProtoStartMFATOTPEnrollmentRequestInfo.swift, AuthProtoStartMFATOTPEnrollmentResponseInfo.swift, ResetPasswordRequest.swift, ResetPasswordResponse.swift (in target 'FirebaseAuth' from project 'Firebase')

RegisterExecutionPolicyException /Users/siam/Library/Developer/Xcode/DerivedData/Lingua_Quest-gvpckrqxtbgyprbgppjfqmimmmfw/Build/Products/Debug-iphonesimulator/GoogleUtilities-UserDefaults.o (in target 'GoogleUtilities-UserDefaults' from project 'GoogleUtilities')
    cd /Users/siam/Library/Developer/Xcode/DerivedData/Lingua_Quest-gvpckrqxtbgyprbgppjfqmimmmfw/SourcePackages/checkouts/GoogleUtilities
    builtin-RegisterExecutionPolicyException /Users/siam/Library/Developer/Xcode/DerivedData/Lingua_Quest-gvpckrqxtbgyprbgppjfqmimmmfw/Build/Products/Debug-iphonesimulator/GoogleUtilities-UserDefaults.o

SwiftDriverJobDiscovery normal x86_64 Compiling RecaptchaAPIService.swift (in target 'AppCheckRecaptchaProvider' from project 'AppCheck')

ExtractAppIntentsMetadata (in target 'FirebaseSharedSwift' from project 'Firebase')
    cd /Users/siam/Library/Developer/Xcode/DerivedData/Lingua_Quest-gvpckrqxtbgyprbgppjfqmimmmfw/SourcePackages/checkouts/firebase-ios-sdk
    /Applications/Xcode.app/Contents/Developer/Toolchains/XcodeDefault.xctoolchain/usr/bin/appintentsmetadataprocessor --toolchain-dir /Applications/Xcode.app/Contents/Developer/Toolchains/XcodeDefault.xctoolchain --module-name FirebaseSharedSwift --sdk-root /Applications/Xcode.app/Contents/Developer/Platforms/iPhoneSimulator.platform/Developer/SDKs/iPhoneSimulator26.0.sdk --xcode-version 17A400 --platform-family iOS --deployment-target 15.0 --bundle-identifier firebase-ios-sdk.FirebaseSharedSwift --output /Users/siam/Library/Developer/Xcode/DerivedData/Lingua_Quest-gvpckrqxtbgyprbgppjfqmimmmfw/Build/Products/Debug-iphonesimulator/FirebaseSharedSwift.appintents --target-triple arm64-apple-ios15.0-simulator --target-triple x86_64-apple-ios15.0-simulator --binary-file /Users/siam/Library/Developer/Xcode/DerivedData/Lingua_Quest-gvpckrqxtbgyprbgppjfqmimmmfw/Build/Products/Debug-iphonesimulator/FirebaseSharedSwift.o --dependency-file /Users/siam/Library/Developer/Xcode/DerivedData/Lingua_Quest-gvpckrqxtbgyprbgppjfqmimmmfw/Build/Intermediates.noindex/Firebase.build/Debug-iphonesimulator/FirebaseSharedSwift.build/Objects-normal/arm64/FirebaseSharedSwift_dependency_info.dat --dependency-file /Users/siam/Library/Developer/Xcode/DerivedData/Lingua_Quest-gvpckrqxtbgyprbgppjfqmimmmfw/Build/Intermediates.noindex/Firebase.build/Debug-iphonesimulator/FirebaseSharedSwift.build/Objects-normal/x86_64/FirebaseSharedSwift_dependency_info.dat --stringsdata-file /Users/siam/Library/Developer/Xcode/DerivedData/Lingua_Quest-gvpckrqxtbgyprbgppjfqmimmmfw/Build/Intermediates.noindex/Firebase.build/Debug-iphonesimulator/FirebaseSharedSwift.build/Objects-normal/arm64/ExtractedAppShortcutsMetadata.stringsdata --stringsdata-file /Users/siam/Library/Developer/Xcode/DerivedData/Lingua_Quest-gvpckrqxtbgyprbgppjfqmimmmfw/Build/Intermediates.noindex/Firebase.build/Debug-iphonesimulator/FirebaseSharedSwift.build/Objects-normal/x86_64/ExtractedAppShortcutsMetadata.stringsdata --source-file-list /Users/siam/Library/Developer/Xcode/DerivedData/Lingua_Quest-gvpckrqxtbgyprbgppjfqmimmmfw/Build/Intermediates.noindex/Firebase.build/Debug-iphonesimulator/FirebaseSharedSwift.build/Objects-normal/arm64/FirebaseSharedSwift.SwiftFileList --source-file-list /Users/siam/Library/Developer/Xcode/DerivedData/Lingua_Quest-gvpckrqxtbgyprbgppjfqmimmmfw/Build/Intermediates.noindex/Firebase.build/Debug-iphonesimulator/FirebaseSharedSwift.build/Objects-normal/x86_64/FirebaseSharedSwift.SwiftFileList --metadata-file-list /Users/siam/Library/Developer/Xcode/DerivedData/Lingua_Quest-gvpckrqxtbgyprbgppjfqmimmmfw/Build/Intermediates.noindex/Firebase.build/Debug-iphonesimulator/FirebaseSharedSwift.build/FirebaseSharedSwift.DependencyMetadataFileList --static-metadata-file-list /Users/siam/Library/Developer/Xcode/DerivedData/Lingua_Quest-gvpckrqxtbgyprbgppjfqmimmmfw/Build/Intermediates.noindex/Firebase.build/Debug-iphonesimulator/FirebaseSharedSwift.build/FirebaseSharedSwift.DependencyStaticMetadataFileList --swift-const-vals-list /Users/siam/Library/Developer/Xcode/DerivedData/Lingua_Quest-gvpckrqxtbgyprbgppjfqmimmmfw/Build/Intermediates.noindex/Firebase.build/Debug-iphonesimulator/FirebaseSharedSwift.build/Objects-normal/arm64/FirebaseSharedSwift.SwiftConstValuesFileList --swift-const-vals-list /Users/siam/Library/Developer/Xcode/DerivedData/Lingua_Quest-gvpckrqxtbgyprbgppjfqmimmmfw/Build/Intermediates.noindex/Firebase.build/Debug-iphonesimulator/FirebaseSharedSwift.build/Objects-normal/x86_64/FirebaseSharedSwift.SwiftConstValuesFileList --force --compile-time-extraction --deployment-aware-processing --validate-assistant-intents --no-app-shortcuts-localization
2026-07-23 19:53:16.281 appintentsmetadataprocessor[10706:96051] Starting appintentsmetadataprocessor export
2026-07-23 19:53:20.067 appintentsmetadataprocessor[10706:96051] Extracted no relevant App Intents symbols, skipping writing output

RegisterExecutionPolicyException /Users/siam/Library/Developer/Xcode/DerivedData/Lingua_Quest-gvpckrqxtbgyprbgppjfqmimmmfw/Build/Products/Debug-iphonesimulator/GoogleUtilities-Reachability.o (in target 'GoogleUtilities-Reachability' from project 'GoogleUtilities')
    cd /Users/siam/Library/Developer/Xcode/DerivedData/Lingua_Quest-gvpckrqxtbgyprbgppjfqmimmmfw/SourcePackages/checkouts/GoogleUtilities
    builtin-RegisterExecutionPolicyException /Users/siam/Library/Developer/Xcode/DerivedData/Lingua_Quest-gvpckrqxtbgyprbgppjfqmimmmfw/Build/Products/Debug-iphonesimulator/GoogleUtilities-Reachability.o

RegisterExecutionPolicyException /Users/siam/Library/Developer/Xcode/DerivedData/Lingua_Quest-gvpckrqxtbgyprbgppjfqmimmmfw/Build/Products/Debug-iphonesimulator/FirebaseCoreInternal.o (in target 'FirebaseCoreInternal' from project 'Firebase')
    cd /Users/siam/Library/Developer/Xcode/DerivedData/Lingua_Quest-gvpckrqxtbgyprbgppjfqmimmmfw/SourcePackages/checkouts/firebase-ios-sdk
    builtin-RegisterExecutionPolicyException /Users/siam/Library/Developer/Xcode/DerivedData/Lingua_Quest-gvpckrqxtbgyprbgppjfqmimmmfw/Build/Products/Debug-iphonesimulator/FirebaseCoreInternal.o

ScanDependencies /Users/siam/Library/Developer/Xcode/DerivedData/Lingua_Quest-gvpckrqxtbgyprbgppjfqmimmmfw/Build/Intermediates.noindex/Firebase.build/Debug-iphonesimulator/FirebaseAppCheck.build/Objects-normal/x86_64/FIRRecaptchaProviderFactory.o /Users/siam/Library/Developer/Xcode/DerivedData/Lingua_Quest-gvpckrqxtbgyprbgppjfqmimmmfw/SourcePackages/checkouts/firebase-ios-sdk/FirebaseAppCheck/Sources/RecaptchaProvider/FIRRecaptchaProviderFactory.m normal x86_64 objective-c com.apple.compilers.llvm.clang.1_0.compiler (in target 'FirebaseAppCheck' from project 'Firebase')
    cd /Users/siam/Desktop/Lingua\ Quest/Lingua\ Quest.xcodeproj
    
    Using response file: /Users/siam/Library/Developer/Xcode/DerivedData/Lingua_Quest-gvpckrqxtbgyprbgppjfqmimmmfw/Build/Intermediates.noindex/Firebase.build/Debug-iphonesimulator/FirebaseAppCheck.build/Objects-normal/x86_64/e6072d4f65d7061329687fe24e3d63a7-common-args.resp
    
    builtin-ScanDependencies -o /Users/siam/Library/Developer/Xcode/DerivedData/Lingua_Quest-gvpckrqxtbgyprbgppjfqmimmmfw/Build/Intermediates.noindex/Firebase.build/Debug-iphonesimulator/FirebaseAppCheck.build/Objects-normal/x86_64/FIRRecaptchaProviderFactory.o.scan -- /Applications/Xcode.app/Contents/Developer/Toolchains/XcodeDefault.xctoolchain/usr/bin/clang -x objective-c -ivfsstatcache /Users/siam/Library/Developer/Xcode/DerivedData/SDKStatCaches.noindex/iphonesimulator26.0-23A339-26257891a6c027eb51374368541b8346.sdkstatcache -fmessage-length\=0 -fdiagnostics-show-note-include-stack -fmacro-backtrace-limit\=0 -fno-color-diagnostics -fmodules-prune-interval\=86400 -fmodules-prune-after\=345600 -fbuild-session-file\=/Users/siam/Library/Developer/Xcode/DerivedData/ModuleCache.noindex/Session.modulevalidation -fmodules-validate-once-per-build-session -Wnon-modular-include-in-framework-module -Werror\=non-modular-include-in-framework-module -Wno-trigraphs -Wno-missing-field-initializers -Wno-missing-prototypes -Wno-return-type -Wno-implicit-atomic-properties -Wno-objc-interface-ivars -Wno-arc-repeated-use-of-weak -Wno-missing-braces -Wparentheses -Wswitch -Wno-unused-function -Wno-unused-label -Wno-unused-parameter -Wno-unused-variable -Wunused-value -Wno-empty-body -Wno-uninitialized -Wno-unknown-pragmas -w -Wno-shadow -Wno-four-char-constants -Wno-conversion -Wno-constant-conversion -Wno-int-conversion -Wno-bool-conversion -Wno-enum-conversion -Wno-float-conversion -Wno-non-literal-null-conversion -Wno-objc-literal-conversion -Wshorten-64-to-32 -Wpointer-sign -Wno-newline-eof -Wno-selector -Wno-strict-selector-match -Wno-undeclared-selector -Wno-deprecated-implementations -Wno-implicit-fallthrough -fstrict-aliasing -Wprotocol -Wdeprecated-declarations -Wno-sign-conversion -Wno-infinite-recursion -Wno-comma -Wno-block-capture-autoreleasing -Wno-strict-prototypes -Wno-semicolon-before-method-body -index-store-path /Users/siam/Library/Developer/Xcode/DerivedData/Lingua_Quest-gvpckrqxtbgyprbgppjfqmimmmfw/Index.noindex/DataStore @/Users/siam/Library/Developer/Xcode/DerivedData/Lingua_Quest-gvpckrqxtbgyprbgppjfqmimmmfw/Build/Intermediates.noindex/Firebase.build/Debug-iphonesimulator/FirebaseAppCheck.build/Objects-normal/x86_64/e6072d4f65d7061329687fe24e3d63a7-common-args.resp -MMD -MT dependencies -MF /Users/siam/Library/Developer/Xcode/DerivedData/Lingua_Quest-gvpckrqxtbgyprbgppjfqmimmmfw/Build/Intermediates.noindex/Firebase.build/Debug-iphonesimulator/FirebaseAppCheck.build/Objects-normal/x86_64/FIRRecaptchaProviderFactory.d --serialize-diagnostics /Users/siam/Library/Developer/Xcode/DerivedData/Lingua_Quest-gvpckrqxtbgyprbgppjfqmimmmfw/Build/Intermediates.noindex/Firebase.build/Debug-iphonesimulator/FirebaseAppCheck.build/Objects-normal/x86_64/FIRRecaptchaProviderFactory.dia -c /Users/siam/Library/Developer/Xcode/DerivedData/Lingua_Quest-gvpckrqxtbgyprbgppjfqmimmmfw/SourcePackages/checkouts/firebase-ios-sdk/FirebaseAppCheck/Sources/RecaptchaProvider/FIRRecaptchaProviderFactory.m -o /Users/siam/Library/Developer/Xcode/DerivedData/Lingua_Quest-gvpckrqxtbgyprbgppjfqmimmmfw/Build/Intermediates.noindex/Firebase.build/Debug-iphonesimulator/FirebaseAppCheck.build/Objects-normal/x86_64/FIRRecaptchaProviderFactory.o -index-unit-output-path /Firebase.build/Debug-iphonesimulator/FirebaseAppCheck.build/Objects-normal/x86_64/FIRRecaptchaProviderFactory.o

SwiftDriverJobDiscovery normal x86_64 Compiling AuthSettings.swift, AuthTokenResult.swift, AuthCredential.swift, AuthProviderID.swift, EmailAuthProvider.swift, FacebookAuthProvider.swift, FederatedAuthProvider.swift, GameCenterAuthProvider.swift, GitHubAuthProvider.swift, GoogleAuthProvider.swift, OAuthCredential.swift, OAuthProvider.swift (in target 'FirebaseAuth' from project 'Firebase')

ScanDependencies /Users/siam/Library/Developer/Xcode/DerivedData/Lingua_Quest-gvpckrqxtbgyprbgppjfqmimmmfw/Build/Intermediates.noindex/Firebase.build/Debug-iphonesimulator/FirebaseAppCheck.build/Objects-normal/x86_64/FIRRecaptchaProvider.o /Users/siam/Library/Developer/Xcode/DerivedData/Lingua_Quest-gvpckrqxtbgyprbgppjfqmimmmfw/SourcePackages/checkouts/firebase-ios-sdk/FirebaseAppCheck/Sources/RecaptchaProvider/FIRRecaptchaProvider.m normal x86_64 objective-c com.apple.compilers.llvm.clang.1_0.compiler (in target 'FirebaseAppCheck' from project 'Firebase')
    cd /Users/siam/Desktop/Lingua\ Quest/Lingua\ Quest.xcodeproj
    
    Using response file: /Users/siam/Library/Developer/Xcode/DerivedData/Lingua_Quest-gvpckrqxtbgyprbgppjfqmimmmfw/Build/Intermediates.noindex/Firebase.build/Debug-iphonesimulator/FirebaseAppCheck.build/Objects-normal/x86_64/e6072d4f65d7061329687fe24e3d63a7-common-args.resp
    
    builtin-ScanDependencies -o /Users/siam/Library/Developer/Xcode/DerivedData/Lingua_Quest-gvpckrqxtbgyprbgppjfqmimmmfw/Build/Intermediates.noindex/Firebase.build/Debug-iphonesimulator/FirebaseAppCheck.build/Objects-normal/x86_64/FIRRecaptchaProvider.o.scan -- /Applications/Xcode.app/Contents/Developer/Toolchains/XcodeDefault.xctoolchain/usr/bin/clang -x objective-c -ivfsstatcache /Users/siam/Library/Developer/Xcode/DerivedData/SDKStatCaches.noindex/iphonesimulator26.0-23A339-26257891a6c027eb51374368541b8346.sdkstatcache -fmessage-length\=0 -fdiagnostics-show-note-include-stack -fmacro-backtrace-limit\=0 -fno-color-diagnostics -fmodules-prune-interval\=86400 -fmodules-prune-after\=345600 -fbuild-session-file\=/Users/siam/Library/Developer/Xcode/DerivedData/ModuleCache.noindex/Session.modulevalidation -fmodules-validate-once-per-build-session -Wnon-modular-include-in-framework-module -Werror\=non-modular-include-in-framework-module -Wno-trigraphs -Wno-missing-field-initializers -Wno-missing-prototypes -Wno-return-type -Wno-implicit-atomic-properties -Wno-objc-interface-ivars -Wno-arc-repeated-use-of-weak -Wno-missing-braces -Wparentheses -Wswitch -Wno-unused-function -Wno-unused-label -Wno-unused-parameter -Wno-unused-variable -Wunused-value -Wno-empty-body -Wno-uninitialized -Wno-unknown-pragmas -w -Wno-shadow -Wno-four-char-constants -Wno-conversion -Wno-constant-conversion -Wno-int-conversion -Wno-bool-conversion -Wno-enum-conversion -Wno-float-conversion -Wno-non-literal-null-conversion -Wno-objc-literal-conversion -Wshorten-64-to-32 -Wpointer-sign -Wno-newline-eof -Wno-selector -Wno-strict-selector-match -Wno-undeclared-selector -Wno-deprecated-implementations -Wno-implicit-fallthrough -fstrict-aliasing -Wprotocol -Wdeprecated-declarations -Wno-sign-conversion -Wno-infinite-recursion -Wno-comma -Wno-block-capture-autoreleasing -Wno-strict-prototypes -Wno-semicolon-before-method-body -index-store-path /Users/siam/Library/Developer/Xcode/DerivedData/Lingua_Quest-gvpckrqxtbgyprbgppjfqmimmmfw/Index.noindex/DataStore @/Users/siam/Library/Developer/Xcode/DerivedData/Lingua_Quest-gvpckrqxtbgyprbgppjfqmimmmfw/Build/Intermediates.noindex/Firebase.build/Debug-iphonesimulator/FirebaseAppCheck.build/Objects-normal/x86_64/e6072d4f65d7061329687fe24e3d63a7-common-args.resp -MMD -MT dependencies -MF /Users/siam/Library/Developer/Xcode/DerivedData/Lingua_Quest-gvpckrqxtbgyprbgppjfqmimmmfw/Build/Intermediates.noindex/Firebase.build/Debug-iphonesimulator/FirebaseAppCheck.build/Objects-normal/x86_64/FIRRecaptchaProvider.d --serialize-diagnostics /Users/siam/Library/Developer/Xcode/DerivedData/Lingua_Quest-gvpckrqxtbgyprbgppjfqmimmmfw/Build/Intermediates.noindex/Firebase.build/Debug-iphonesimulator/FirebaseAppCheck.build/Objects-normal/x86_64/FIRRecaptchaProvider.dia -c /Users/siam/Library/Developer/Xcode/DerivedData/Lingua_Quest-gvpckrqxtbgyprbgppjfqmimmmfw/SourcePackages/checkouts/firebase-ios-sdk/FirebaseAppCheck/Sources/RecaptchaProvider/FIRRecaptchaProvider.m -o /Users/siam/Library/Developer/Xcode/DerivedData/Lingua_Quest-gvpckrqxtbgyprbgppjfqmimmmfw/Build/Intermediates.noindex/Firebase.build/Debug-iphonesimulator/FirebaseAppCheck.build/Objects-normal/x86_64/FIRRecaptchaProvider.o -index-unit-output-path /Firebase.build/Debug-iphonesimulator/FirebaseAppCheck.build/Objects-normal/x86_64/FIRRecaptchaProvider.o

SwiftDriverJobDiscovery normal arm64 Compiling AuthProtoFinalizeMFAPhoneRequestInfo.swift, AuthProtoFinalizeMFAPhoneResponseInfo.swift, AuthProtoStartMFAPhoneRequestInfo.swift, AuthProtoStartMFAPhoneResponseInfo.swift, AuthProtoFinalizeMFATOTPEnrollmentRequestInfo.swift, AuthProtoFinalizeMFATOTPEnrollmentResponseInfo.swift, AuthProtoFinalizeMFATOTPSignInRequestInfo.swift, AuthProtoStartMFATOTPEnrollmentRequestInfo.swift, AuthProtoStartMFATOTPEnrollmentResponseInfo.swift, ResetPasswordRequest.swift, ResetPasswordResponse.swift (in target 'FirebaseAuth' from project 'Firebase')

ScanDependencies /Users/siam/Library/Developer/Xcode/DerivedData/Lingua_Quest-gvpckrqxtbgyprbgppjfqmimmmfw/Build/Intermediates.noindex/Firebase.build/Debug-iphonesimulator/FirebaseAppCheck.build/Objects-normal/x86_64/FIRInternalAppCheckProvider.o /Users/siam/Library/Developer/Xcode/DerivedData/Lingua_Quest-gvpckrqxtbgyprbgppjfqmimmmfw/SourcePackages/checkouts/firebase-ios-sdk/FirebaseAppCheck/Sources/Core/FIRInternalAppCheckProvider.m normal x86_64 objective-c com.apple.compilers.llvm.clang.1_0.compiler (in target 'FirebaseAppCheck' from project 'Firebase')
    cd /Users/siam/Desktop/Lingua\ Quest/Lingua\ Quest.xcodeproj
    
    Using response file: /Users/siam/Library/Developer/Xcode/DerivedData/Lingua_Quest-gvpckrqxtbgyprbgppjfqmimmmfw/Build/Intermediates.noindex/Firebase.build/Debug-iphonesimulator/FirebaseAppCheck.build/Objects-normal/x86_64/e6072d4f65d7061329687fe24e3d63a7-common-args.resp
    
    builtin-ScanDependencies -o /Users/siam/Library/Developer/Xcode/DerivedData/Lingua_Quest-gvpckrqxtbgyprbgppjfqmimmmfw/Build/Intermediates.noindex/Firebase.build/Debug-iphonesimulator/FirebaseAppCheck.build/Objects-normal/x86_64/FIRInternalAppCheckProvider.o.scan -- /Applications/Xcode.app/Contents/Developer/Toolchains/XcodeDefault.xctoolchain/usr/bin/clang -x objective-c -ivfsstatcache /Users/siam/Library/Developer/Xcode/DerivedData/SDKStatCaches.noindex/iphonesimulator26.0-23A339-26257891a6c027eb51374368541b8346.sdkstatcache -fmessage-length\=0 -fdiagnostics-show-note-include-stack -fmacro-backtrace-limit\=0 -fno-color-diagnostics -fmodules-prune-interval\=86400 -fmodules-prune-after\=345600 -fbuild-session-file\=/Users/siam/Library/Developer/Xcode/DerivedData/ModuleCache.noindex/Session.modulevalidation -fmodules-validate-once-per-build-session -Wnon-modular-include-in-framework-module -Werror\=non-modular-include-in-framework-module -Wno-trigraphs -Wno-missing-field-initializers -Wno-missing-prototypes -Wno-return-type -Wno-implicit-atomic-properties -Wno-objc-interface-ivars -Wno-arc-repeated-use-of-weak -Wno-missing-braces -Wparentheses -Wswitch -Wno-unused-function -Wno-unused-label -Wno-unused-parameter -Wno-unused-variable -Wunused-value -Wno-empty-body -Wno-uninitialized -Wno-unknown-pragmas -w -Wno-shadow -Wno-four-char-constants -Wno-conversion -Wno-constant-conversion -Wno-int-conversion -Wno-bool-conversion -Wno-enum-conversion -Wno-float-conversion -Wno-non-literal-null-conversion -Wno-objc-literal-conversion -Wshorten-64-to-32 -Wpointer-sign -Wno-newline-eof -Wno-selector -Wno-strict-selector-match -Wno-undeclared-selector -Wno-deprecated-implementations -Wno-implicit-fallthrough -fstrict-aliasing -Wprotocol -Wdeprecated-declarations -Wno-sign-conversion -Wno-infinite-recursion -Wno-comma -Wno-block-capture-autoreleasing -Wno-strict-prototypes -Wno-semicolon-before-method-body -index-store-path /Users/siam/Library/Developer/Xcode/DerivedData/Lingua_Quest-gvpckrqxtbgyprbgppjfqmimmmfw/Index.noindex/DataStore @/Users/siam/Library/Developer/Xcode/DerivedData/Lingua_Quest-gvpckrqxtbgyprbgppjfqmimmmfw/Build/Intermediates.noindex/Firebase.build/Debug-iphonesimulator/FirebaseAppCheck.build/Objects-normal/x86_64/e6072d4f65d7061329687fe24e3d63a7-common-args.resp -MMD -MT dependencies -MF /Users/siam/Library/Developer/Xcode/DerivedData/Lingua_Quest-gvpckrqxtbgyprbgppjfqmimmmfw/Build/Intermediates.noindex/Firebase.build/Debug-iphonesimulator/FirebaseAppCheck.build/Objects-normal/x86_64/FIRInternalAppCheckProvider.d --serialize-diagnostics /Users/siam/Library/Developer/Xcode/DerivedData/Lingua_Quest-gvpckrqxtbgyprbgppjfqmimmmfw/Build/Intermediates.noindex/Firebase.build/Debug-iphonesimulator/FirebaseAppCheck.build/Objects-normal/x86_64/FIRInternalAppCheckProvider.dia -c /Users/siam/Library/Developer/Xcode/DerivedData/Lingua_Quest-gvpckrqxtbgyprbgppjfqmimmmfw/SourcePackages/checkouts/firebase-ios-sdk/FirebaseAppCheck/Sources/Core/FIRInternalAppCheckProvider.m -o /Users/siam/Library/Developer/Xcode/DerivedData/Lingua_Quest-gvpckrqxtbgyprbgppjfqmimmmfw/Build/Intermediates.noindex/Firebase.build/Debug-iphonesimulator/FirebaseAppCheck.build/Objects-normal/x86_64/FIRInternalAppCheckProvider.o -index-unit-output-path /Firebase.build/Debug-iphonesimulator/FirebaseAppCheck.build/Objects-normal/x86_64/FIRInternalAppCheckProvider.o

ScanDependencies /Users/siam/Library/Developer/Xcode/DerivedData/Lingua_Quest-gvpckrqxtbgyprbgppjfqmimmmfw/Build/Intermediates.noindex/Firebase.build/Debug-iphonesimulator/FirebaseAppCheck.build/Objects-normal/x86_64/FIRHeartbeatLogger+AppCheck.o /Users/siam/Library/Developer/Xcode/DerivedData/Lingua_Quest-gvpckrqxtbgyprbgppjfqmimmmfw/SourcePackages/checkouts/firebase-ios-sdk/FirebaseAppCheck/Sources/Core/FIRHeartbeatLogger+AppCheck.m normal x86_64 objective-c com.apple.compilers.llvm.clang.1_0.compiler (in target 'FirebaseAppCheck' from project 'Firebase')
    cd /Users/siam/Desktop/Lingua\ Quest/Lingua\ Quest.xcodeproj
    
    Using response file: /Users/siam/Library/Developer/Xcode/DerivedData/Lingua_Quest-gvpckrqxtbgyprbgppjfqmimmmfw/Build/Intermediates.noindex/Firebase.build/Debug-iphonesimulator/FirebaseAppCheck.build/Objects-normal/x86_64/e6072d4f65d7061329687fe24e3d63a7-common-args.resp
    
    builtin-ScanDependencies -o /Users/siam/Library/Developer/Xcode/DerivedData/Lingua_Quest-gvpckrqxtbgyprbgppjfqmimmmfw/Build/Intermediates.noindex/Firebase.build/Debug-iphonesimulator/FirebaseAppCheck.build/Objects-normal/x86_64/FIRHeartbeatLogger+AppCheck.o.scan -- /Applications/Xcode.app/Contents/Developer/Toolchains/XcodeDefault.xctoolchain/usr/bin/clang -x objective-c -ivfsstatcache /Users/siam/Library/Developer/Xcode/DerivedData/SDKStatCaches.noindex/iphonesimulator26.0-23A339-26257891a6c027eb51374368541b8346.sdkstatcache -fmessage-length\=0 -fdiagnostics-show-note-include-stack -fmacro-backtrace-limit\=0 -fno-color-diagnostics -fmodules-prune-interval\=86400 -fmodules-prune-after\=345600 -fbuild-session-file\=/Users/siam/Library/Developer/Xcode/DerivedData/ModuleCache.noindex/Session.modulevalidation -fmodules-validate-once-per-build-session -Wnon-modular-include-in-framework-module -Werror\=non-modular-include-in-framework-module -Wno-trigraphs -Wno-missing-field-initializers -Wno-missing-prototypes -Wno-return-type -Wno-implicit-atomic-properties -Wno-objc-interface-ivars -Wno-arc-repeated-use-of-weak -Wno-missing-braces -Wparentheses -Wswitch -Wno-unused-function -Wno-unused-label -Wno-unused-parameter -Wno-unused-variable -Wunused-value -Wno-empty-body -Wno-uninitialized -Wno-unknown-pragmas -w -Wno-shadow -Wno-four-char-constants -Wno-conversion -Wno-constant-conversion -Wno-int-conversion -Wno-bool-conversion -Wno-enum-conversion -Wno-float-conversion -Wno-non-literal-null-conversion -Wno-objc-literal-conversion -Wshorten-64-to-32 -Wpointer-sign -Wno-newline-eof -Wno-selector -Wno-strict-selector-match -Wno-undeclared-selector -Wno-deprecated-implementations -Wno-implicit-fallthrough -fstrict-aliasing -Wprotocol -Wdeprecated-declarations -Wno-sign-conversion -Wno-infinite-recursion -Wno-comma -Wno-block-capture-autoreleasing -Wno-strict-prototypes -Wno-semicolon-before-method-body -index-store-path /Users/siam/Library/Developer/Xcode/DerivedData/Lingua_Quest-gvpckrqxtbgyprbgppjfqmimmmfw/Index.noindex/DataStore @/Users/siam/Library/Developer/Xcode/DerivedData/Lingua_Quest-gvpckrqxtbgyprbgppjfqmimmmfw/Build/Intermediates.noindex/Firebase.build/Debug-iphonesimulator/FirebaseAppCheck.build/Objects-normal/x86_64/e6072d4f65d7061329687fe24e3d63a7-common-args.resp -MMD -MT dependencies -MF /Users/siam/Library/Developer/Xcode/DerivedData/Lingua_Quest-gvpckrqxtbgyprbgppjfqmimmmfw/Build/Intermediates.noindex/Firebase.build/Debug-iphonesimulator/FirebaseAppCheck.build/Objects-normal/x86_64/FIRHeartbeatLogger+AppCheck.d --serialize-diagnostics /Users/siam/Library/Developer/Xcode/DerivedData/Lingua_Quest-gvpckrqxtbgyprbgppjfqmimmmfw/Build/Intermediates.noindex/Firebase.build/Debug-iphonesimulator/FirebaseAppCheck.build/Objects-normal/x86_64/FIRHeartbeatLogger+AppCheck.dia -c /Users/siam/Library/Developer/Xcode/DerivedData/Lingua_Quest-gvpckrqxtbgyprbgppjfqmimmmfw/SourcePackages/checkouts/firebase-ios-sdk/FirebaseAppCheck/Sources/Core/FIRHeartbeatLogger+AppCheck.m -o /Users/siam/Library/Developer/Xcode/DerivedData/Lingua_Quest-gvpckrqxtbgyprbgppjfqmimmmfw/Build/Intermediates.noindex/Firebase.build/Debug-iphonesimulator/FirebaseAppCheck.build/Objects-normal/x86_64/FIRHeartbeatLogger+AppCheck.o -index-unit-output-path /Firebase.build/Debug-iphonesimulator/FirebaseAppCheck.build/Objects-normal/x86_64/FIRHeartbeatLogger+AppCheck.o

ScanDependencies /Users/siam/Library/Developer/Xcode/DerivedData/Lingua_Quest-gvpckrqxtbgyprbgppjfqmimmmfw/Build/Intermediates.noindex/Firebase.build/Debug-iphonesimulator/FirebaseAppCheck.build/Objects-normal/x86_64/FIRDeviceCheckProviderFactory.o /Users/siam/Library/Developer/Xcode/DerivedData/Lingua_Quest-gvpckrqxtbgyprbgppjfqmimmmfw/SourcePackages/checkouts/firebase-ios-sdk/FirebaseAppCheck/Sources/DeviceCheckProvider/FIRDeviceCheckProviderFactory.m normal x86_64 objective-c com.apple.compilers.llvm.clang.1_0.compiler (in target 'FirebaseAppCheck' from project 'Firebase')
    cd /Users/siam/Desktop/Lingua\ Quest/Lingua\ Quest.xcodeproj
    
    Using response file: /Users/siam/Library/Developer/Xcode/DerivedData/Lingua_Quest-gvpckrqxtbgyprbgppjfqmimmmfw/Build/Intermediates.noindex/Firebase.build/Debug-iphonesimulator/FirebaseAppCheck.build/Objects-normal/x86_64/e6072d4f65d7061329687fe24e3d63a7-common-args.resp
    
    builtin-ScanDependencies -o /Users/siam/Library/Developer/Xcode/DerivedData/Lingua_Quest-gvpckrqxtbgyprbgppjfqmimmmfw/Build/Intermediates.noindex/Firebase.build/Debug-iphonesimulator/FirebaseAppCheck.build/Objects-normal/x86_64/FIRDeviceCheckProviderFactory.o.scan -- /Applications/Xcode.app/Contents/Developer/Toolchains/XcodeDefault.xctoolchain/usr/bin/clang -x objective-c -ivfsstatcache /Users/siam/Library/Developer/Xcode/DerivedData/SDKStatCaches.noindex/iphonesimulator26.0-23A339-26257891a6c027eb51374368541b8346.sdkstatcache -fmessage-length\=0 -fdiagnostics-show-note-include-stack -fmacro-backtrace-limit\=0 -fno-color-diagnostics -fmodules-prune-interval\=86400 -fmodules-prune-after\=345600 -fbuild-session-file\=/Users/siam/Library/Developer/Xcode/DerivedData/ModuleCache.noindex/Session.modulevalidation -fmodules-validate-once-per-build-session -Wnon-modular-include-in-framework-module -Werror\=non-modular-include-in-framework-module -Wno-trigraphs -Wno-missing-field-initializers -Wno-missing-prototypes -Wno-return-type -Wno-implicit-atomic-properties -Wno-objc-interface-ivars -Wno-arc-repeated-use-of-weak -Wno-missing-braces -Wparentheses -Wswitch -Wno-unused-function -Wno-unused-label -Wno-unused-parameter -Wno-unused-variable -Wunused-value -Wno-empty-body -Wno-uninitialized -Wno-unknown-pragmas -w -Wno-shadow -Wno-four-char-constants -Wno-conversion -Wno-constant-conversion -Wno-int-conversion -Wno-bool-conversion -Wno-enum-conversion -Wno-float-conversion -Wno-non-literal-null-conversion -Wno-objc-literal-conversion -Wshorten-64-to-32 -Wpointer-sign -Wno-newline-eof -Wno-selector -Wno-strict-selector-match -Wno-undeclared-selector -Wno-deprecated-implementations -Wno-implicit-fallthrough -fstrict-aliasing -Wprotocol -Wdeprecated-declarations -Wno-sign-conversion -Wno-infinite-recursion -Wno-comma -Wno-block-capture-autoreleasing -Wno-strict-prototypes -Wno-semicolon-before-method-body -index-store-path /Users/siam/Library/Developer/Xcode/DerivedData/Lingua_Quest-gvpckrqxtbgyprbgppjfqmimmmfw/Index.noindex/DataStore @/Users/siam/Library/Developer/Xcode/DerivedData/Lingua_Quest-gvpckrqxtbgyprbgppjfqmimmmfw/Build/Intermediates.noindex/Firebase.build/Debug-iphonesimulator/FirebaseAppCheck.build/Objects-normal/x86_64/e6072d4f65d7061329687fe24e3d63a7-common-args.resp -MMD -MT dependencies -MF /Users/siam/Library/Developer/Xcode/DerivedData/Lingua_Quest-gvpckrqxtbgyprbgppjfqmimmmfw/Build/Intermediates.noindex/Firebase.build/Debug-iphonesimulator/FirebaseAppCheck.build/Objects-normal/x86_64/FIRDeviceCheckProviderFactory.d --serialize-diagnostics /Users/siam/Library/Developer/Xcode/DerivedData/Lingua_Quest-gvpckrqxtbgyprbgppjfqmimmmfw/Build/Intermediates.noindex/Firebase.build/Debug-iphonesimulator/FirebaseAppCheck.build/Objects-normal/x86_64/FIRDeviceCheckProviderFactory.dia -c /Users/siam/Library/Developer/Xcode/DerivedData/Lingua_Quest-gvpckrqxtbgyprbgppjfqmimmmfw/SourcePackages/checkouts/firebase-ios-sdk/FirebaseAppCheck/Sources/DeviceCheckProvider/FIRDeviceCheckProviderFactory.m -o /Users/siam/Library/Developer/Xcode/DerivedData/Lingua_Quest-gvpckrqxtbgyprbgppjfqmimmmfw/Build/Intermediates.noindex/Firebase.build/Debug-iphonesimulator/FirebaseAppCheck.build/Objects-normal/x86_64/FIRDeviceCheckProviderFactory.o -index-unit-output-path /Firebase.build/Debug-iphonesimulator/FirebaseAppCheck.build/Objects-normal/x86_64/FIRDeviceCheckProviderFactory.o

CompileC /Users/siam/Library/Developer/Xcode/DerivedData/Lingua_Quest-gvpckrqxtbgyprbgppjfqmimmmfw/Build/Intermediates.noindex/Firebase.build/Debug-iphonesimulator/FirebaseAppCheck.build/Objects-normal/x86_64/FIRRecaptchaProviderFactory.o /Users/siam/Library/Developer/Xcode/DerivedData/Lingua_Quest-gvpckrqxtbgyprbgppjfqmimmmfw/SourcePackages/checkouts/firebase-ios-sdk/FirebaseAppCheck/Sources/RecaptchaProvider/FIRRecaptchaProviderFactory.m normal x86_64 objective-c com.apple.compilers.llvm.clang.1_0.compiler (in target 'FirebaseAppCheck' from project 'Firebase')
    cd /Users/siam/Desktop/Lingua\ Quest/Lingua\ Quest.xcodeproj
    
    Using response file: /Users/siam/Library/Developer/Xcode/DerivedData/Lingua_Quest-gvpckrqxtbgyprbgppjfqmimmmfw/Build/Intermediates.noindex/Firebase.build/Debug-iphonesimulator/FirebaseAppCheck.build/Objects-normal/x86_64/e6072d4f65d7061329687fe24e3d63a7-common-args.resp
    
    /Applications/Xcode.app/Contents/Developer/Toolchains/XcodeDefault.xctoolchain/usr/bin/clang -x objective-c -ivfsstatcache /Users/siam/Library/Developer/Xcode/DerivedData/SDKStatCaches.noindex/iphonesimulator26.0-23A339-26257891a6c027eb51374368541b8346.sdkstatcache -fmessage-length\=0 -fdiagnostics-show-note-include-stack -fmacro-backtrace-limit\=0 -fno-color-diagnostics -fmodules-prune-interval\=86400 -fmodules-prune-after\=345600 -fbuild-session-file\=/Users/siam/Library/Developer/Xcode/DerivedData/ModuleCache.noindex/Session.modulevalidation -fmodules-validate-once-per-build-session -Wnon-modular-include-in-framework-module -Werror\=non-modular-include-in-framework-module -Wno-trigraphs -Wno-missing-field-initializers -Wno-missing-prototypes -Wno-return-type -Wno-implicit-atomic-properties -Wno-objc-interface-ivars -Wno-arc-repeated-use-of-weak -Wno-missing-braces -Wparentheses -Wswitch -Wno-unused-function -Wno-unused-label -Wno-unused-parameter -Wno-unused-variable -Wunused-value -Wno-empty-body -Wno-uninitialized -Wno-unknown-pragmas -w -Wno-shadow -Wno-four-char-constants -Wno-conversion -Wno-constant-conversion -Wno-int-conversion -Wno-bool-conversion -Wno-enum-conversion -Wno-float-conversion -Wno-non-literal-null-conversion -Wno-objc-literal-conversion -Wshorten-64-to-32 -Wpointer-sign -Wno-newline-eof -Wno-selector -Wno-strict-selector-match -Wno-undeclared-selector -Wno-deprecated-implementations -Wno-implicit-fallthrough -fstrict-aliasing -Wprotocol -Wdeprecated-declarations -Wno-sign-conversion -Wno-infinite-recursion -Wno-comma -Wno-block-capture-autoreleasing -Wno-strict-prototypes -Wno-semicolon-before-method-body -index-store-path /Users/siam/Library/Developer/Xcode/DerivedData/Lingua_Quest-gvpckrqxtbgyprbgppjfqmimmmfw/Index.noindex/DataStore @/Users/siam/Library/Developer/Xcode/DerivedData/Lingua_Quest-gvpckrqxtbgyprbgppjfqmimmmfw/Build/Intermediates.noindex/Firebase.build/Debug-iphonesimulator/FirebaseAppCheck.build/Objects-normal/x86_64/e6072d4f65d7061329687fe24e3d63a7-common-args.resp -MMD -MT dependencies -MF /Users/siam/Library/Developer/Xcode/DerivedData/Lingua_Quest-gvpckrqxtbgyprbgppjfqmimmmfw/Build/Intermediates.noindex/Firebase.build/Debug-iphonesimulator/FirebaseAppCheck.build/Objects-normal/x86_64/FIRRecaptchaProviderFactory.d --serialize-diagnostics /Users/siam/Library/Developer/Xcode/DerivedData/Lingua_Quest-gvpckrqxtbgyprbgppjfqmimmmfw/Build/Intermediates.noindex/Firebase.build/Debug-iphonesimulator/FirebaseAppCheck.build/Objects-normal/x86_64/FIRRecaptchaProviderFactory.dia -c /Users/siam/Library/Developer/Xcode/DerivedData/Lingua_Quest-gvpckrqxtbgyprbgppjfqmimmmfw/SourcePackages/checkouts/firebase-ios-sdk/FirebaseAppCheck/Sources/RecaptchaProvider/FIRRecaptchaProviderFactory.m -o /Users/siam/Library/Developer/Xcode/DerivedData/Lingua_Quest-gvpckrqxtbgyprbgppjfqmimmmfw/Build/Intermediates.noindex/Firebase.build/Debug-iphonesimulator/FirebaseAppCheck.build/Objects-normal/x86_64/FIRRecaptchaProviderFactory.o -index-unit-output-path /Firebase.build/Debug-iphonesimulator/FirebaseAppCheck.build/Objects-normal/x86_64/FIRRecaptchaProviderFactory.o

PrecompileModule /Users/siam/Library/Developer/Xcode/DerivedData/Lingua_Quest-gvpckrqxtbgyprbgppjfqmimmmfw/Build/Intermediates.noindex/ExplicitPrecompiledModules/FirebaseCore-DXJTCDZQ3YPD6LRSJXTR53JLN.scan
    cd /
    builtin-precompileModule /Users/siam/Library/Developer/Xcode/DerivedData/Lingua_Quest-gvpckrqxtbgyprbgppjfqmimmmfw/Build/Intermediates.noindex/ExplicitPrecompiledModules/FirebaseCore-DXJTCDZQ3YPD6LRSJXTR53JLN.scan

CompileC /Users/siam/Library/Developer/Xcode/DerivedData/Lingua_Quest-gvpckrqxtbgyprbgppjfqmimmmfw/Build/Intermediates.noindex/Firebase.build/Debug-iphonesimulator/FirebaseAppCheck.build/Objects-normal/x86_64/FIRHeartbeatLogger+AppCheck.o /Users/siam/Library/Developer/Xcode/DerivedData/Lingua_Quest-gvpckrqxtbgyprbgppjfqmimmmfw/SourcePackages/checkouts/firebase-ios-sdk/FirebaseAppCheck/Sources/Core/FIRHeartbeatLogger+AppCheck.m normal x86_64 objective-c com.apple.compilers.llvm.clang.1_0.compiler (in target 'FirebaseAppCheck' from project 'Firebase')
    cd /Users/siam/Desktop/Lingua\ Quest/Lingua\ Quest.xcodeproj
    
    Using response file: /Users/siam/Library/Developer/Xcode/DerivedData/Lingua_Quest-gvpckrqxtbgyprbgppjfqmimmmfw/Build/Intermediates.noindex/Firebase.build/Debug-iphonesimulator/FirebaseAppCheck.build/Objects-normal/x86_64/e6072d4f65d7061329687fe24e3d63a7-common-args.resp
    
    /Applications/Xcode.app/Contents/Developer/Toolchains/XcodeDefault.xctoolchain/usr/bin/clang -x objective-c -ivfsstatcache /Users/siam/Library/Developer/Xcode/DerivedData/SDKStatCaches.noindex/iphonesimulator26.0-23A339-26257891a6c027eb51374368541b8346.sdkstatcache -fmessage-length\=0 -fdiagnostics-show-note-include-stack -fmacro-backtrace-limit\=0 -fno-color-diagnostics -fmodules-prune-interval\=86400 -fmodules-prune-after\=345600 -fbuild-session-file\=/Users/siam/Library/Developer/Xcode/DerivedData/ModuleCache.noindex/Session.modulevalidation -fmodules-validate-once-per-build-session -Wnon-modular-include-in-framework-module -Werror\=non-modular-include-in-framework-module -Wno-trigraphs -Wno-missing-field-initializers -Wno-missing-prototypes -Wno-return-type -Wno-implicit-atomic-properties -Wno-objc-interface-ivars -Wno-arc-repeated-use-of-weak -Wno-missing-braces -Wparentheses -Wswitch -Wno-unused-function -Wno-unused-label -Wno-unused-parameter -Wno-unused-variable -Wunused-value -Wno-empty-body -Wno-uninitialized -Wno-unknown-pragmas -w -Wno-shadow -Wno-four-char-constants -Wno-conversion -Wno-constant-conversion -Wno-int-conversion -Wno-bool-conversion -Wno-enum-conversion -Wno-float-conversion -Wno-non-literal-null-conversion -Wno-objc-literal-conversion -Wshorten-64-to-32 -Wpointer-sign -Wno-newline-eof -Wno-selector -Wno-strict-selector-match -Wno-undeclared-selector -Wno-deprecated-implementations -Wno-implicit-fallthrough -fstrict-aliasing -Wprotocol -Wdeprecated-declarations -Wno-sign-conversion -Wno-infinite-recursion -Wno-comma -Wno-block-capture-autoreleasing -Wno-strict-prototypes -Wno-semicolon-before-method-body -index-store-path /Users/siam/Library/Developer/Xcode/DerivedData/Lingua_Quest-gvpckrqxtbgyprbgppjfqmimmmfw/Index.noindex/DataStore @/Users/siam/Library/Developer/Xcode/DerivedData/Lingua_Quest-gvpckrqxtbgyprbgppjfqmimmmfw/Build/Intermediates.noindex/Firebase.build/Debug-iphonesimulator/FirebaseAppCheck.build/Objects-normal/x86_64/e6072d4f65d7061329687fe24e3d63a7-common-args.resp -MMD -MT dependencies -MF /Users/siam/Library/Developer/Xcode/DerivedData/Lingua_Quest-gvpckrqxtbgyprbgppjfqmimmmfw/Build/Intermediates.noindex/Firebase.build/Debug-iphonesimulator/FirebaseAppCheck.build/Objects-normal/x86_64/FIRHeartbeatLogger+AppCheck.d --serialize-diagnostics /Users/siam/Library/Developer/Xcode/DerivedData/Lingua_Quest-gvpckrqxtbgyprbgppjfqmimmmfw/Build/Intermediates.noindex/Firebase.build/Debug-iphonesimulator/FirebaseAppCheck.build/Objects-normal/x86_64/FIRHeartbeatLogger+AppCheck.dia -c /Users/siam/Library/Developer/Xcode/DerivedData/Lingua_Quest-gvpckrqxtbgyprbgppjfqmimmmfw/SourcePackages/checkouts/firebase-ios-sdk/FirebaseAppCheck/Sources/Core/FIRHeartbeatLogger+AppCheck.m -o /Users/siam/Library/Developer/Xcode/DerivedData/Lingua_Quest-gvpckrqxtbgyprbgppjfqmimmmfw/Build/Intermediates.noindex/Firebase.build/Debug-iphonesimulator/FirebaseAppCheck.build/Objects-normal/x86_64/FIRHeartbeatLogger+AppCheck.o -index-unit-output-path /Firebase.build/Debug-iphonesimulator/FirebaseAppCheck.build/Objects-normal/x86_64/FIRHeartbeatLogger+AppCheck.o

CompileC /Users/siam/Library/Developer/Xcode/DerivedData/Lingua_Quest-gvpckrqxtbgyprbgppjfqmimmmfw/Build/Intermediates.noindex/Firebase.build/Debug-iphonesimulator/FirebaseAppCheck.build/Objects-normal/x86_64/FIRDeviceCheckProviderFactory.o /Users/siam/Library/Developer/Xcode/DerivedData/Lingua_Quest-gvpckrqxtbgyprbgppjfqmimmmfw/SourcePackages/checkouts/firebase-ios-sdk/FirebaseAppCheck/Sources/DeviceCheckProvider/FIRDeviceCheckProviderFactory.m normal x86_64 objective-c com.apple.compilers.llvm.clang.1_0.compiler (in target 'FirebaseAppCheck' from project 'Firebase')
    cd /Users/siam/Desktop/Lingua\ Quest/Lingua\ Quest.xcodeproj
    
    Using response file: /Users/siam/Library/Developer/Xcode/DerivedData/Lingua_Quest-gvpckrqxtbgyprbgppjfqmimmmfw/Build/Intermediates.noindex/Firebase.build/Debug-iphonesimulator/FirebaseAppCheck.build/Objects-normal/x86_64/e6072d4f65d7061329687fe24e3d63a7-common-args.resp
    
    /Applications/Xcode.app/Contents/Developer/Toolchains/XcodeDefault.xctoolchain/usr/bin/clang -x objective-c -ivfsstatcache /Users/siam/Library/Developer/Xcode/DerivedData/SDKStatCaches.noindex/iphonesimulator26.0-23A339-26257891a6c027eb51374368541b8346.sdkstatcache -fmessage-length\=0 -fdiagnostics-show-note-include-stack -fmacro-backtrace-limit\=0 -fno-color-diagnostics -fmodules-prune-interval\=86400 -fmodules-prune-after\=345600 -fbuild-session-file\=/Users/siam/Library/Developer/Xcode/DerivedData/ModuleCache.noindex/Session.modulevalidation -fmodules-validate-once-per-build-session -Wnon-modular-include-in-framework-module -Werror\=non-modular-include-in-framework-module -Wno-trigraphs -Wno-missing-field-initializers -Wno-missing-prototypes -Wno-return-type -Wno-implicit-atomic-properties -Wno-objc-interface-ivars -Wno-arc-repeated-use-of-weak -Wno-missing-braces -Wparentheses -Wswitch -Wno-unused-function -Wno-unused-label -Wno-unused-parameter -Wno-unused-variable -Wunused-value -Wno-empty-body -Wno-uninitialized -Wno-unknown-pragmas -w -Wno-shadow -Wno-four-char-constants -Wno-conversion -Wno-constant-conversion -Wno-int-conversion -Wno-bool-conversion -Wno-enum-conversion -Wno-float-conversion -Wno-non-literal-null-conversion -Wno-objc-literal-conversion -Wshorten-64-to-32 -Wpointer-sign -Wno-newline-eof -Wno-selector -Wno-strict-selector-match -Wno-undeclared-selector -Wno-deprecated-implementations -Wno-implicit-fallthrough -fstrict-aliasing -Wprotocol -Wdeprecated-declarations -Wno-sign-conversion -Wno-infinite-recursion -Wno-comma -Wno-block-capture-autoreleasing -Wno-strict-prototypes -Wno-semicolon-before-method-body -index-store-path /Users/siam/Library/Developer/Xcode/DerivedData/Lingua_Quest-gvpckrqxtbgyprbgppjfqmimmmfw/Index.noindex/DataStore @/Users/siam/Library/Developer/Xcode/DerivedData/Lingua_Quest-gvpckrqxtbgyprbgppjfqmimmmfw/Build/Intermediates.noindex/Firebase.build/Debug-iphonesimulator/FirebaseAppCheck.build/Objects-normal/x86_64/e6072d4f65d7061329687fe24e3d63a7-common-args.resp -MMD -MT dependencies -MF /Users/siam/Library/Developer/Xcode/DerivedData/Lingua_Quest-gvpckrqxtbgyprbgppjfqmimmmfw/Build/Intermediates.noindex/Firebase.build/Debug-iphonesimulator/FirebaseAppCheck.build/Objects-normal/x86_64/FIRDeviceCheckProviderFactory.d --serialize-diagnostics /Users/siam/Library/Developer/Xcode/DerivedData/Lingua_Quest-gvpckrqxtbgyprbgppjfqmimmmfw/Build/Intermediates.noindex/Firebase.build/Debug-iphonesimulator/FirebaseAppCheck.build/Objects-normal/x86_64/FIRDeviceCheckProviderFactory.dia -c /Users/siam/Library/Developer/Xcode/DerivedData/Lingua_Quest-gvpckrqxtbgyprbgppjfqmimmmfw/SourcePackages/checkouts/firebase-ios-sdk/FirebaseAppCheck/Sources/DeviceCheckProvider/FIRDeviceCheckProviderFactory.m -o /Users/siam/Library/Developer/Xcode/DerivedData/Lingua_Quest-gvpckrqxtbgyprbgppjfqmimmmfw/Build/Intermediates.noindex/Firebase.build/Debug-iphonesimulator/FirebaseAppCheck.build/Objects-normal/x86_64/FIRDeviceCheckProviderFactory.o -index-unit-output-path /Firebase.build/Debug-iphonesimulator/FirebaseAppCheck.build/Objects-normal/x86_64/FIRDeviceCheckProviderFactory.o

CompileC /Users/siam/Library/Developer/Xcode/DerivedData/Lingua_Quest-gvpckrqxtbgyprbgppjfqmimmmfw/Build/Intermediates.noindex/Firebase.build/Debug-iphonesimulator/FirebaseAppCheck.build/Objects-normal/x86_64/FIRInternalAppCheckProvider.o /Users/siam/Library/Developer/Xcode/DerivedData/Lingua_Quest-gvpckrqxtbgyprbgppjfqmimmmfw/SourcePackages/checkouts/firebase-ios-sdk/FirebaseAppCheck/Sources/Core/FIRInternalAppCheckProvider.m normal x86_64 objective-c com.apple.compilers.llvm.clang.1_0.compiler (in target 'FirebaseAppCheck' from project 'Firebase')
    cd /Users/siam/Desktop/Lingua\ Quest/Lingua\ Quest.xcodeproj
    
    Using response file: /Users/siam/Library/Developer/Xcode/DerivedData/Lingua_Quest-gvpckrqxtbgyprbgppjfqmimmmfw/Build/Intermediates.noindex/Firebase.build/Debug-iphonesimulator/FirebaseAppCheck.build/Objects-normal/x86_64/e6072d4f65d7061329687fe24e3d63a7-common-args.resp
    
    /Applications/Xcode.app/Contents/Developer/Toolchains/XcodeDefault.xctoolchain/usr/bin/clang -x objective-c -ivfsstatcache /Users/siam/Library/Developer/Xcode/DerivedData/SDKStatCaches.noindex/iphonesimulator26.0-23A339-26257891a6c027eb51374368541b8346.sdkstatcache -fmessage-length\=0 -fdiagnostics-show-note-include-stack -fmacro-backtrace-limit\=0 -fno-color-diagnostics -fmodules-prune-interval\=86400 -fmodules-prune-after\=345600 -fbuild-session-file\=/Users/siam/Library/Developer/Xcode/DerivedData/ModuleCache.noindex/Session.modulevalidation -fmodules-validate-once-per-build-session -Wnon-modular-include-in-framework-module -Werror\=non-modular-include-in-framework-module -Wno-trigraphs -Wno-missing-field-initializers -Wno-missing-prototypes -Wno-return-type -Wno-implicit-atomic-properties -Wno-objc-interface-ivars -Wno-arc-repeated-use-of-weak -Wno-missing-braces -Wparentheses -Wswitch -Wno-unused-function -Wno-unused-label -Wno-unused-parameter -Wno-unused-variable -Wunused-value -Wno-empty-body -Wno-uninitialized -Wno-unknown-pragmas -w -Wno-shadow -Wno-four-char-constants -Wno-conversion -Wno-constant-conversion -Wno-int-conversion -Wno-bool-conversion -Wno-enum-conversion -Wno-float-conversion -Wno-non-literal-null-conversion -Wno-objc-literal-conversion -Wshorten-64-to-32 -Wpointer-sign -Wno-newline-eof -Wno-selector -Wno-strict-selector-match -Wno-undeclared-selector -Wno-deprecated-implementations -Wno-implicit-fallthrough -fstrict-aliasing -Wprotocol -Wdeprecated-declarations -Wno-sign-conversion -Wno-infinite-recursion -Wno-comma -Wno-block-capture-autoreleasing -Wno-strict-prototypes -Wno-semicolon-before-method-body -index-store-path /Users/siam/Library/Developer/Xcode/DerivedData/Lingua_Quest-gvpckrqxtbgyprbgppjfqmimmmfw/Index.noindex/DataStore @/Users/siam/Library/Developer/Xcode/DerivedData/Lingua_Quest-gvpckrqxtbgyprbgppjfqmimmmfw/Build/Intermediates.noindex/Firebase.build/Debug-iphonesimulator/FirebaseAppCheck.build/Objects-normal/x86_64/e6072d4f65d7061329687fe24e3d63a7-common-args.resp -MMD -MT dependencies -MF /Users/siam/Library/Developer/Xcode/DerivedData/Lingua_Quest-gvpckrqxtbgyprbgppjfqmimmmfw/Build/Intermediates.noindex/Firebase.build/Debug-iphonesimulator/FirebaseAppCheck.build/Objects-normal/x86_64/FIRInternalAppCheckProvider.d --serialize-diagnostics /Users/siam/Library/Developer/Xcode/DerivedData/Lingua_Quest-gvpckrqxtbgyprbgppjfqmimmmfw/Build/Intermediates.noindex/Firebase.build/Debug-iphonesimulator/FirebaseAppCheck.build/Objects-normal/x86_64/FIRInternalAppCheckProvider.dia -c /Users/siam/Library/Developer/Xcode/DerivedData/Lingua_Quest-gvpckrqxtbgyprbgppjfqmimmmfw/SourcePackages/checkouts/firebase-ios-sdk/FirebaseAppCheck/Sources/Core/FIRInternalAppCheckProvider.m -o /Users/siam/Library/Developer/Xcode/DerivedData/Lingua_Quest-gvpckrqxtbgyprbgppjfqmimmmfw/Build/Intermediates.noindex/Firebase.build/Debug-iphonesimulator/FirebaseAppCheck.build/Objects-normal/x86_64/FIRInternalAppCheckProvider.o -index-unit-output-path /Firebase.build/Debug-iphonesimulator/FirebaseAppCheck.build/Objects-normal/x86_64/FIRInternalAppCheckProvider.o

SwiftDriverJobDiscovery normal arm64 Compiling RecaptchaTokenGenerator.swift (in target 'AppCheckRecaptchaProvider' from project 'AppCheck')

PrecompileModule /Users/siam/Library/Developer/Xcode/DerivedData/Lingua_Quest-gvpckrqxtbgyprbgppjfqmimmmfw/Build/Intermediates.noindex/ExplicitPrecompiledModules/AppCheckRecaptchaProvider-A6FFBAH9P7K6QRZXFGOL56N0T.scan
    cd /
    builtin-precompileModule /Users/siam/Library/Developer/Xcode/DerivedData/Lingua_Quest-gvpckrqxtbgyprbgppjfqmimmmfw/Build/Intermediates.noindex/ExplicitPrecompiledModules/AppCheckRecaptchaProvider-A6FFBAH9P7K6QRZXFGOL56N0T.scan

Ld /Users/siam/Library/Developer/Xcode/DerivedData/Lingua_Quest-gvpckrqxtbgyprbgppjfqmimmmfw/Build/Intermediates.noindex/GoogleUtilities.build/Debug-iphonesimulator/GoogleUtilities-Network.build/Objects-normal/x86_64/Binary/GoogleUtilities-Network.o normal x86_64 (in target 'GoogleUtilities-Network' from project 'GoogleUtilities')
    cd /Users/siam/Library/Developer/Xcode/DerivedData/Lingua_Quest-gvpckrqxtbgyprbgppjfqmimmmfw/SourcePackages/checkouts/GoogleUtilities
    /Applications/Xcode.app/Contents/Developer/Toolchains/XcodeDefault.xctoolchain/usr/bin/clang -Xlinker -reproducible -target x86_64-apple-ios12.0-simulator -r -isysroot /Applications/Xcode.app/Contents/Developer/Platforms/iPhoneSimulator.platform/Developer/SDKs/iPhoneSimulator26.0.sdk -O0 -w -L/Users/siam/Library/Developer/Xcode/DerivedData/Lingua_Quest-gvpckrqxtbgyprbgppjfqmimmmfw/Build/Intermediates.noindex/EagerLinkingTBDs/Debug-iphonesimulator -L/Users/siam/Library/Developer/Xcode/DerivedData/Lingua_Quest-gvpckrqxtbgyprbgppjfqmimmmfw/Build/Products/Debug-iphonesimulator -L/Applications/Xcode.app/Contents/Developer/Platforms/iPhoneSimulator.platform/Developer/usr/lib -F/Users/siam/Library/Developer/Xcode/DerivedData/Lingua_Quest-gvpckrqxtbgyprbgppjfqmimmmfw/Build/Intermediates.noindex/EagerLinkingTBDs/Debug-iphonesimulator -F/Users/siam/Library/Developer/Xcode/DerivedData/Lingua_Quest-gvpckrqxtbgyprbgppjfqmimmmfw/Build/Products/Debug-iphonesimulator/PackageFrameworks -F/Users/siam/Library/Developer/Xcode/DerivedData/Lingua_Quest-gvpckrqxtbgyprbgppjfqmimmmfw/Build/Products/Debug-iphonesimulator/PackageFrameworks -F/Users/siam/Library/Developer/Xcode/DerivedData/Lingua_Quest-gvpckrqxtbgyprbgppjfqmimmmfw/Build/Products/Debug-iphonesimulator/PackageFrameworks -F/Users/siam/Library/Developer/Xcode/DerivedData/Lingua_Quest-gvpckrqxtbgyprbgppjfqmimmmfw/Build/Products/Debug-iphonesimulator/PackageFrameworks -F/Users/siam/Library/Developer/Xcode/DerivedData/Lingua_Quest-gvpckrqxtbgyprbgppjfqmimmmfw/Build/Products/Debug-iphonesimulator/PackageFrameworks -F/Users/siam/Library/Developer/Xcode/DerivedData/Lingua_Quest-gvpckrqxtbgyprbgppjfqmimmmfw/Build/Products/Debug-iphonesimulator -iframework /Applications/Xcode.app/Contents/Developer/Platforms/iPhoneSimulator.platform/Developer/Library/Frameworks -iframework /Applications/Xcode.app/Contents/Developer/Platforms/iPhoneSimulator.platform/Developer/SDKs/iPhoneSimulator26.0.sdk/Developer/Library/Frameworks -filelist /Users/siam/Library/Developer/Xcode/DerivedData/Lingua_Quest-gvpckrqxtbgyprbgppjfqmimmmfw/Build/Intermediates.noindex/GoogleUtilities.build/Debug-iphonesimulator/GoogleUtilities-Network.build/Objects-normal/x86_64/GoogleUtilities-Network.LinkFileList -nostdlib -Xlinker -object_path_lto -Xlinker /Users/siam/Library/Developer/Xcode/DerivedData/Lingua_Quest-gvpckrqxtbgyprbgppjfqmimmmfw/Build/Intermediates.noindex/GoogleUtilities.build/Debug-iphonesimulator/GoogleUtilities-Network.build/Objects-normal/x86_64/GoogleUtilities-Network_lto.o -rdynamic -Xlinker -no_deduplicate -Xlinker -objc_abi_version -Xlinker 2 -Xlinker -debug_variant -Xlinker -dependency_info -Xlinker /Users/siam/Library/Developer/Xcode/DerivedData/Lingua_Quest-gvpckrqxtbgyprbgppjfqmimmmfw/Build/Intermediates.noindex/GoogleUtilities.build/Debug-iphonesimulator/GoogleUtilities-Network.build/Objects-normal/x86_64/GoogleUtilities-Network_dependency_info.dat -fobjc-arc -fobjc-link-runtime -o /Users/siam/Library/Developer/Xcode/DerivedData/Lingua_Quest-gvpckrqxtbgyprbgppjfqmimmmfw/Build/Intermediates.noindex/GoogleUtilities.build/Debug-iphonesimulator/GoogleUtilities-Network.build/Objects-normal/x86_64/Binary/GoogleUtilities-Network.o

Ld /Users/siam/Library/Developer/Xcode/DerivedData/Lingua_Quest-gvpckrqxtbgyprbgppjfqmimmmfw/Build/Intermediates.noindex/GoogleUtilities.build/Debug-iphonesimulator/GoogleUtilities-Network.build/Objects-normal/arm64/Binary/GoogleUtilities-Network.o normal arm64 (in target 'GoogleUtilities-Network' from project 'GoogleUtilities')
    cd /Users/siam/Library/Developer/Xcode/DerivedData/Lingua_Quest-gvpckrqxtbgyprbgppjfqmimmmfw/SourcePackages/checkouts/GoogleUtilities
    /Applications/Xcode.app/Contents/Developer/Toolchains/XcodeDefault.xctoolchain/usr/bin/clang -Xlinker -reproducible -target arm64-apple-ios12.0-simulator -r -isysroot /Applications/Xcode.app/Contents/Developer/Platforms/iPhoneSimulator.platform/Developer/SDKs/iPhoneSimulator26.0.sdk -O0 -w -L/Users/siam/Library/Developer/Xcode/DerivedData/Lingua_Quest-gvpckrqxtbgyprbgppjfqmimmmfw/Build/Intermediates.noindex/EagerLinkingTBDs/Debug-iphonesimulator -L/Users/siam/Library/Developer/Xcode/DerivedData/Lingua_Quest-gvpckrqxtbgyprbgppjfqmimmmfw/Build/Products/Debug-iphonesimulator -L/Applications/Xcode.app/Contents/Developer/Platforms/iPhoneSimulator.platform/Developer/usr/lib -F/Users/siam/Library/Developer/Xcode/DerivedData/Lingua_Quest-gvpckrqxtbgyprbgppjfqmimmmfw/Build/Intermediates.noindex/EagerLinkingTBDs/Debug-iphonesimulator -F/Users/siam/Library/Developer/Xcode/DerivedData/Lingua_Quest-gvpckrqxtbgyprbgppjfqmimmmfw/Build/Products/Debug-iphonesimulator/PackageFrameworks -F/Users/siam/Library/Developer/Xcode/DerivedData/Lingua_Quest-gvpckrqxtbgyprbgppjfqmimmmfw/Build/Products/Debug-iphonesimulator/PackageFrameworks -F/Users/siam/Library/Developer/Xcode/DerivedData/Lingua_Quest-gvpckrqxtbgyprbgppjfqmimmmfw/Build/Products/Debug-iphonesimulator/PackageFrameworks -F/Users/siam/Library/Developer/Xcode/DerivedData/Lingua_Quest-gvpckrqxtbgyprbgppjfqmimmmfw/Build/Products/Debug-iphonesimulator/PackageFrameworks -F/Users/siam/Library/Developer/Xcode/DerivedData/Lingua_Quest-gvpckrqxtbgyprbgppjfqmimmmfw/Build/Products/Debug-iphonesimulator/PackageFrameworks -F/Users/siam/Library/Developer/Xcode/DerivedData/Lingua_Quest-gvpckrqxtbgyprbgppjfqmimmmfw/Build/Products/Debug-iphonesimulator -iframework /Applications/Xcode.app/Contents/Developer/Platforms/iPhoneSimulator.platform/Developer/Library/Frameworks -iframework /Applications/Xcode.app/Contents/Developer/Platforms/iPhoneSimulator.platform/Developer/SDKs/iPhoneSimulator26.0.sdk/Developer/Library/Frameworks -filelist /Users/siam/Library/Developer/Xcode/DerivedData/Lingua_Quest-gvpckrqxtbgyprbgppjfqmimmmfw/Build/Intermediates.noindex/GoogleUtilities.build/Debug-iphonesimulator/GoogleUtilities-Network.build/Objects-normal/arm64/GoogleUtilities-Network.LinkFileList -nostdlib -Xlinker -object_path_lto -Xlinker /Users/siam/Library/Developer/Xcode/DerivedData/Lingua_Quest-gvpckrqxtbgyprbgppjfqmimmmfw/Build/Intermediates.noindex/GoogleUtilities.build/Debug-iphonesimulator/GoogleUtilities-Network.build/Objects-normal/arm64/GoogleUtilities-Network_lto.o -rdynamic -Xlinker -no_deduplicate -Xlinker -objc_abi_version -Xlinker 2 -Xlinker -debug_variant -Xlinker -dependency_info -Xlinker /Users/siam/Library/Developer/Xcode/DerivedData/Lingua_Quest-gvpckrqxtbgyprbgppjfqmimmmfw/Build/Intermediates.noindex/GoogleUtilities.build/Debug-iphonesimulator/GoogleUtilities-Network.build/Objects-normal/arm64/GoogleUtilities-Network_dependency_info.dat -fobjc-arc -fobjc-link-runtime -o /Users/siam/Library/Developer/Xcode/DerivedData/Lingua_Quest-gvpckrqxtbgyprbgppjfqmimmmfw/Build/Intermediates.noindex/GoogleUtilities.build/Debug-iphonesimulator/GoogleUtilities-Network.build/Objects-normal/arm64/Binary/GoogleUtilities-Network.o

ScanDependencies /Users/siam/Library/Developer/Xcode/DerivedData/Lingua_Quest-gvpckrqxtbgyprbgppjfqmimmmfw/Build/Intermediates.noindex/Firebase.build/Debug-iphonesimulator/FirebaseAppCheck.build/Objects-normal/x86_64/FIRDeviceCheckProvider.o /Users/siam/Library/Developer/Xcode/DerivedData/Lingua_Quest-gvpckrqxtbgyprbgppjfqmimmmfw/SourcePackages/checkouts/firebase-ios-sdk/FirebaseAppCheck/Sources/DeviceCheckProvider/FIRDeviceCheckProvider.m normal x86_64 objective-c com.apple.compilers.llvm.clang.1_0.compiler (in target 'FirebaseAppCheck' from project 'Firebase')
    cd /Users/siam/Desktop/Lingua\ Quest/Lingua\ Quest.xcodeproj
    
    Using response file: /Users/siam/Library/Developer/Xcode/DerivedData/Lingua_Quest-gvpckrqxtbgyprbgppjfqmimmmfw/Build/Intermediates.noindex/Firebase.build/Debug-iphonesimulator/FirebaseAppCheck.build/Objects-normal/x86_64/e6072d4f65d7061329687fe24e3d63a7-common-args.resp
    
    builtin-ScanDependencies -o /Users/siam/Library/Developer/Xcode/DerivedData/Lingua_Quest-gvpckrqxtbgyprbgppjfqmimmmfw/Build/Intermediates.noindex/Firebase.build/Debug-iphonesimulator/FirebaseAppCheck.build/Objects-normal/x86_64/FIRDeviceCheckProvider.o.scan -- /Applications/Xcode.app/Contents/Developer/Toolchains/XcodeDefault.xctoolchain/usr/bin/clang -x objective-c -ivfsstatcache /Users/siam/Library/Developer/Xcode/DerivedData/SDKStatCaches.noindex/iphonesimulator26.0-23A339-26257891a6c027eb51374368541b8346.sdkstatcache -fmessage-length\=0 -fdiagnostics-show-note-include-stack -fmacro-backtrace-limit\=0 -fno-color-diagnostics -fmodules-prune-interval\=86400 -fmodules-prune-after\=345600 -fbuild-session-file\=/Users/siam/Library/Developer/Xcode/DerivedData/ModuleCache.noindex/Session.modulevalidation -fmodules-validate-once-per-build-session -Wnon-modular-include-in-framework-module -Werror\=non-modular-include-in-framework-module -Wno-trigraphs -Wno-missing-field-initializers -Wno-missing-prototypes -Wno-return-type -Wno-implicit-atomic-properties -Wno-objc-interface-ivars -Wno-arc-repeated-use-of-weak -Wno-missing-braces -Wparentheses -Wswitch -Wno-unused-function -Wno-unused-label -Wno-unused-parameter -Wno-unused-variable -Wunused-value -Wno-empty-body -Wno-uninitialized -Wno-unknown-pragmas -w -Wno-shadow -Wno-four-char-constants -Wno-conversion -Wno-constant-conversion -Wno-int-conversion -Wno-bool-conversion -Wno-enum-conversion -Wno-float-conversion -Wno-non-literal-null-conversion -Wno-objc-literal-conversion -Wshorten-64-to-32 -Wpointer-sign -Wno-newline-eof -Wno-selector -Wno-strict-selector-match -Wno-undeclared-selector -Wno-deprecated-implementations -Wno-implicit-fallthrough -fstrict-aliasing -Wprotocol -Wdeprecated-declarations -Wno-sign-conversion -Wno-infinite-recursion -Wno-comma -Wno-block-capture-autoreleasing -Wno-strict-prototypes -Wno-semicolon-before-method-body -index-store-path /Users/siam/Library/Developer/Xcode/DerivedData/Lingua_Quest-gvpckrqxtbgyprbgppjfqmimmmfw/Index.noindex/DataStore @/Users/siam/Library/Developer/Xcode/DerivedData/Lingua_Quest-gvpckrqxtbgyprbgppjfqmimmmfw/Build/Intermediates.noindex/Firebase.build/Debug-iphonesimulator/FirebaseAppCheck.build/Objects-normal/x86_64/e6072d4f65d7061329687fe24e3d63a7-common-args.resp -MMD -MT dependencies -MF /Users/siam/Library/Developer/Xcode/DerivedData/Lingua_Quest-gvpckrqxtbgyprbgppjfqmimmmfw/Build/Intermediates.noindex/Firebase.build/Debug-iphonesimulator/FirebaseAppCheck.build/Objects-normal/x86_64/FIRDeviceCheckProvider.d --serialize-diagnostics /Users/siam/Library/Developer/Xcode/DerivedData/Lingua_Quest-gvpckrqxtbgyprbgppjfqmimmmfw/Build/Intermediates.noindex/Firebase.build/Debug-iphonesimulator/FirebaseAppCheck.build/Objects-normal/x86_64/FIRDeviceCheckProvider.dia -c /Users/siam/Library/Developer/Xcode/DerivedData/Lingua_Quest-gvpckrqxtbgyprbgppjfqmimmmfw/SourcePackages/checkouts/firebase-ios-sdk/FirebaseAppCheck/Sources/DeviceCheckProvider/FIRDeviceCheckProvider.m -o /Users/siam/Library/Developer/Xcode/DerivedData/Lingua_Quest-gvpckrqxtbgyprbgppjfqmimmmfw/Build/Intermediates.noindex/Firebase.build/Debug-iphonesimulator/FirebaseAppCheck.build/Objects-normal/x86_64/FIRDeviceCheckProvider.o -index-unit-output-path /Firebase.build/Debug-iphonesimulator/FirebaseAppCheck.build/Objects-normal/x86_64/FIRDeviceCheckProvider.o

Ld /Users/siam/Library/Developer/Xcode/DerivedData/Lingua_Quest-gvpckrqxtbgyprbgppjfqmimmmfw/Build/Intermediates.noindex/Firebase.build/Debug-iphonesimulator/FirebaseCore.build/Objects-normal/x86_64/Binary/FirebaseCore.o normal x86_64 (in target 'FirebaseCore' from project 'Firebase')
    cd /Users/siam/Library/Developer/Xcode/DerivedData/Lingua_Quest-gvpckrqxtbgyprbgppjfqmimmmfw/SourcePackages/checkouts/firebase-ios-sdk
    /Applications/Xcode.app/Contents/Developer/Toolchains/XcodeDefault.xctoolchain/usr/bin/clang -Xlinker -reproducible -target x86_64-apple-ios15.0-simulator -r -isysroot /Applications/Xcode.app/Contents/Developer/Platforms/iPhoneSimulator.platform/Developer/SDKs/iPhoneSimulator26.0.sdk -O0 -w -L/Users/siam/Library/Developer/Xcode/DerivedData/Lingua_Quest-gvpckrqxtbgyprbgppjfqmimmmfw/Build/Intermediates.noindex/EagerLinkingTBDs/Debug-iphonesimulator -L/Users/siam/Library/Developer/Xcode/DerivedData/Lingua_Quest-gvpckrqxtbgyprbgppjfqmimmmfw/Build/Products/Debug-iphonesimulator -L/Applications/Xcode.app/Contents/Developer/Platforms/iPhoneSimulator.platform/Developer/usr/lib -F/Users/siam/Library/Developer/Xcode/DerivedData/Lingua_Quest-gvpckrqxtbgyprbgppjfqmimmmfw/Build/Intermediates.noindex/EagerLinkingTBDs/Debug-iphonesimulator -F/Users/siam/Library/Developer/Xcode/DerivedData/Lingua_Quest-gvpckrqxtbgyprbgppjfqmimmmfw/Build/Products/Debug-iphonesimulator/PackageFrameworks -F/Users/siam/Library/Developer/Xcode/DerivedData/Lingua_Quest-gvpckrqxtbgyprbgppjfqmimmmfw/Build/Products/Debug-iphonesimulator/PackageFrameworks -F/Users/siam/Library/Developer/Xcode/DerivedData/Lingua_Quest-gvpckrqxtbgyprbgppjfqmimmmfw/Build/Products/Debug-iphonesimulator/PackageFrameworks -F/Users/siam/Library/Developer/Xcode/DerivedData/Lingua_Quest-gvpckrqxtbgyprbgppjfqmimmmfw/Build/Products/Debug-iphonesimulator/PackageFrameworks -F/Users/siam/Library/Developer/Xcode/DerivedData/Lingua_Quest-gvpckrqxtbgyprbgppjfqmimmmfw/Build/Products/Debug-iphonesimulator/PackageFrameworks -F/Users/siam/Library/Developer/Xcode/DerivedData/Lingua_Quest-gvpckrqxtbgyprbgppjfqmimmmfw/Build/Products/Debug-iphonesimulator/PackageFrameworks -F/Users/siam/Library/Developer/Xcode/DerivedData/Lingua_Quest-gvpckrqxtbgyprbgppjfqmimmmfw/Build/Products/Debug-iphonesimulator -iframework /Applications/Xcode.app/Contents/Developer/Platforms/iPhoneSimulator.platform/Developer/Library/Frameworks -iframework /Applications/Xcode.app/Contents/Developer/Platforms/iPhoneSimulator.platform/Developer/SDKs/iPhoneSimulator26.0.sdk/Developer/Library/Frameworks -filelist /Users/siam/Library/Developer/Xcode/DerivedData/Lingua_Quest-gvpckrqxtbgyprbgppjfqmimmmfw/Build/Intermediates.noindex/Firebase.build/Debug-iphonesimulator/FirebaseCore.build/Objects-normal/x86_64/FirebaseCore.LinkFileList -nostdlib -Xlinker -object_path_lto -Xlinker /Users/siam/Library/Developer/Xcode/DerivedData/Lingua_Quest-gvpckrqxtbgyprbgppjfqmimmmfw/Build/Intermediates.noindex/Firebase.build/Debug-iphonesimulator/FirebaseCore.build/Objects-normal/x86_64/FirebaseCore_lto.o -rdynamic -Xlinker -no_deduplicate -Xlinker -objc_abi_version -Xlinker 2 -Xlinker -debug_variant -Xlinker -dependency_info -Xlinker /Users/siam/Library/Developer/Xcode/DerivedData/Lingua_Quest-gvpckrqxtbgyprbgppjfqmimmmfw/Build/Intermediates.noindex/Firebase.build/Debug-iphonesimulator/FirebaseCore.build/Objects-normal/x86_64/FirebaseCore_dependency_info.dat -fobjc-arc -fobjc-link-runtime -o /Users/siam/Library/Developer/Xcode/DerivedData/Lingua_Quest-gvpckrqxtbgyprbgppjfqmimmmfw/Build/Intermediates.noindex/Firebase.build/Debug-iphonesimulator/FirebaseCore.build/Objects-normal/x86_64/Binary/FirebaseCore.o

Ld /Users/siam/Library/Developer/Xcode/DerivedData/Lingua_Quest-gvpckrqxtbgyprbgppjfqmimmmfw/Build/Intermediates.noindex/Firebase.build/Debug-iphonesimulator/FirebaseCore.build/Objects-normal/arm64/Binary/FirebaseCore.o normal arm64 (in target 'FirebaseCore' from project 'Firebase')
    cd /Users/siam/Library/Developer/Xcode/DerivedData/Lingua_Quest-gvpckrqxtbgyprbgppjfqmimmmfw/SourcePackages/checkouts/firebase-ios-sdk
    /Applications/Xcode.app/Contents/Developer/Toolchains/XcodeDefault.xctoolchain/usr/bin/clang -Xlinker -reproducible -target arm64-apple-ios15.0-simulator -r -isysroot /Applications/Xcode.app/Contents/Developer/Platforms/iPhoneSimulator.platform/Developer/SDKs/iPhoneSimulator26.0.sdk -O0 -w -L/Users/siam/Library/Developer/Xcode/DerivedData/Lingua_Quest-gvpckrqxtbgyprbgppjfqmimmmfw/Build/Intermediates.noindex/EagerLinkingTBDs/Debug-iphonesimulator -L/Users/siam/Library/Developer/Xcode/DerivedData/Lingua_Quest-gvpckrqxtbgyprbgppjfqmimmmfw/Build/Products/Debug-iphonesimulator -L/Applications/Xcode.app/Contents/Developer/Platforms/iPhoneSimulator.platform/Developer/usr/lib -F/Users/siam/Library/Developer/Xcode/DerivedData/Lingua_Quest-gvpckrqxtbgyprbgppjfqmimmmfw/Build/Intermediates.noindex/EagerLinkingTBDs/Debug-iphonesimulator -F/Users/siam/Library/Developer/Xcode/DerivedData/Lingua_Quest-gvpckrqxtbgyprbgppjfqmimmmfw/Build/Products/Debug-iphonesimulator/PackageFrameworks -F/Users/siam/Library/Developer/Xcode/DerivedData/Lingua_Quest-gvpckrqxtbgyprbgppjfqmimmmfw/Build/Products/Debug-iphonesimulator/PackageFrameworks -F/Users/siam/Library/Developer/Xcode/DerivedData/Lingua_Quest-gvpckrqxtbgyprbgppjfqmimmmfw/Build/Products/Debug-iphonesimulator/PackageFrameworks -F/Users/siam/Library/Developer/Xcode/DerivedData/Lingua_Quest-gvpckrqxtbgyprbgppjfqmimmmfw/Build/Products/Debug-iphonesimulator/PackageFrameworks -F/Users/siam/Library/Developer/Xcode/DerivedData/Lingua_Quest-gvpckrqxtbgyprbgppjfqmimmmfw/Build/Products/Debug-iphonesimulator/PackageFrameworks -F/Users/siam/Library/Developer/Xcode/DerivedData/Lingua_Quest-gvpckrqxtbgyprbgppjfqmimmmfw/Build/Products/Debug-iphonesimulator/PackageFrameworks -F/Users/siam/Library/Developer/Xcode/DerivedData/Lingua_Quest-gvpckrqxtbgyprbgppjfqmimmmfw/Build/Products/Debug-iphonesimulator -iframework /Applications/Xcode.app/Contents/Developer/Platforms/iPhoneSimulator.platform/Developer/Library/Frameworks -iframework /Applications/Xcode.app/Contents/Developer/Platforms/iPhoneSimulator.platform/Developer/SDKs/iPhoneSimulator26.0.sdk/Developer/Library/Frameworks -filelist /Users/siam/Library/Developer/Xcode/DerivedData/Lingua_Quest-gvpckrqxtbgyprbgppjfqmimmmfw/Build/Intermediates.noindex/Firebase.build/Debug-iphonesimulator/FirebaseCore.build/Objects-normal/arm64/FirebaseCore.LinkFileList -nostdlib -Xlinker -object_path_lto -Xlinker /Users/siam/Library/Developer/Xcode/DerivedData/Lingua_Quest-gvpckrqxtbgyprbgppjfqmimmmfw/Build/Intermediates.noindex/Firebase.build/Debug-iphonesimulator/FirebaseCore.build/Objects-normal/arm64/FirebaseCore_lto.o -rdynamic -Xlinker -no_deduplicate -Xlinker -objc_abi_version -Xlinker 2 -Xlinker -debug_variant -Xlinker -dependency_info -Xlinker /Users/siam/Library/Developer/Xcode/DerivedData/Lingua_Quest-gvpckrqxtbgyprbgppjfqmimmmfw/Build/Intermediates.noindex/Firebase.build/Debug-iphonesimulator/FirebaseCore.build/Objects-normal/arm64/FirebaseCore_dependency_info.dat -fobjc-arc -fobjc-link-runtime -o /Users/siam/Library/Developer/Xcode/DerivedData/Lingua_Quest-gvpckrqxtbgyprbgppjfqmimmmfw/Build/Intermediates.noindex/Firebase.build/Debug-iphonesimulator/FirebaseCore.build/Objects-normal/arm64/Binary/FirebaseCore.o

ScanDependencies /Users/siam/Library/Developer/Xcode/DerivedData/Lingua_Quest-gvpckrqxtbgyprbgppjfqmimmmfw/Build/Intermediates.noindex/Firebase.build/Debug-iphonesimulator/FirebaseAppCheck.build/Objects-normal/x86_64/FIRDefaultProviderFactory.o /Users/siam/Library/Developer/Xcode/DerivedData/Lingua_Quest-gvpckrqxtbgyprbgppjfqmimmmfw/SourcePackages/checkouts/firebase-ios-sdk/FirebaseAppCheck/Sources/DefaultProviderFactory/FIRDefaultProviderFactory.m normal x86_64 objective-c com.apple.compilers.llvm.clang.1_0.compiler (in target 'FirebaseAppCheck' from project 'Firebase')
    cd /Users/siam/Desktop/Lingua\ Quest/Lingua\ Quest.xcodeproj
    
    Using response file: /Users/siam/Library/Developer/Xcode/DerivedData/Lingua_Quest-gvpckrqxtbgyprbgppjfqmimmmfw/Build/Intermediates.noindex/Firebase.build/Debug-iphonesimulator/FirebaseAppCheck.build/Objects-normal/x86_64/e6072d4f65d7061329687fe24e3d63a7-common-args.resp
    
    builtin-ScanDependencies -o /Users/siam/Library/Developer/Xcode/DerivedData/Lingua_Quest-gvpckrqxtbgyprbgppjfqmimmmfw/Build/Intermediates.noindex/Firebase.build/Debug-iphonesimulator/FirebaseAppCheck.build/Objects-normal/x86_64/FIRDefaultProviderFactory.o.scan -- /Applications/Xcode.app/Contents/Developer/Toolchains/XcodeDefault.xctoolchain/usr/bin/clang -x objective-c -ivfsstatcache /Users/siam/Library/Developer/Xcode/DerivedData/SDKStatCaches.noindex/iphonesimulator26.0-23A339-26257891a6c027eb51374368541b8346.sdkstatcache -fmessage-length\=0 -fdiagnostics-show-note-include-stack -fmacro-backtrace-limit\=0 -fno-color-diagnostics -fmodules-prune-interval\=86400 -fmodules-prune-after\=345600 -fbuild-session-file\=/Users/siam/Library/Developer/Xcode/DerivedData/ModuleCache.noindex/Session.modulevalidation -fmodules-validate-once-per-build-session -Wnon-modular-include-in-framework-module -Werror\=non-modular-include-in-framework-module -Wno-trigraphs -Wno-missing-field-initializers -Wno-missing-prototypes -Wno-return-type -Wno-implicit-atomic-properties -Wno-objc-interface-ivars -Wno-arc-repeated-use-of-weak -Wno-missing-braces -Wparentheses -Wswitch -Wno-unused-function -Wno-unused-label -Wno-unused-parameter -Wno-unused-variable -Wunused-value -Wno-empty-body -Wno-uninitialized -Wno-unknown-pragmas -w -Wno-shadow -Wno-four-char-constants -Wno-conversion -Wno-constant-conversion -Wno-int-conversion -Wno-bool-conversion -Wno-enum-conversion -Wno-float-conversion -Wno-non-literal-null-conversion -Wno-objc-literal-conversion -Wshorten-64-to-32 -Wpointer-sign -Wno-newline-eof -Wno-selector -Wno-strict-selector-match -Wno-undeclared-selector -Wno-deprecated-implementations -Wno-implicit-fallthrough -fstrict-aliasing -Wprotocol -Wdeprecated-declarations -Wno-sign-conversion -Wno-infinite-recursion -Wno-comma -Wno-block-capture-autoreleasing -Wno-strict-prototypes -Wno-semicolon-before-method-body -index-store-path /Users/siam/Library/Developer/Xcode/DerivedData/Lingua_Quest-gvpckrqxtbgyprbgppjfqmimmmfw/Index.noindex/DataStore @/Users/siam/Library/Developer/Xcode/DerivedData/Lingua_Quest-gvpckrqxtbgyprbgppjfqmimmmfw/Build/Intermediates.noindex/Firebase.build/Debug-iphonesimulator/FirebaseAppCheck.build/Objects-normal/x86_64/e6072d4f65d7061329687fe24e3d63a7-common-args.resp -MMD -MT dependencies -MF /Users/siam/Library/Developer/Xcode/DerivedData/Lingua_Quest-gvpckrqxtbgyprbgppjfqmimmmfw/Build/Intermediates.noindex/Firebase.build/Debug-iphonesimulator/FirebaseAppCheck.build/Objects-normal/x86_64/FIRDefaultProviderFactory.d --serialize-diagnostics /Users/siam/Library/Developer/Xcode/DerivedData/Lingua_Quest-gvpckrqxtbgyprbgppjfqmimmmfw/Build/Intermediates.noindex/Firebase.build/Debug-iphonesimulator/FirebaseAppCheck.build/Objects-normal/x86_64/FIRDefaultProviderFactory.dia -c /Users/siam/Library/Developer/Xcode/DerivedData/Lingua_Quest-gvpckrqxtbgyprbgppjfqmimmmfw/SourcePackages/checkouts/firebase-ios-sdk/FirebaseAppCheck/Sources/DefaultProviderFactory/FIRDefaultProviderFactory.m -o /Users/siam/Library/Developer/Xcode/DerivedData/Lingua_Quest-gvpckrqxtbgyprbgppjfqmimmmfw/Build/Intermediates.noindex/Firebase.build/Debug-iphonesimulator/FirebaseAppCheck.build/Objects-normal/x86_64/FIRDefaultProviderFactory.o -index-unit-output-path /Firebase.build/Debug-iphonesimulator/FirebaseAppCheck.build/Objects-normal/x86_64/FIRDefaultProviderFactory.o

CreateUniversalBinary /Users/siam/Library/Developer/Xcode/DerivedData/Lingua_Quest-gvpckrqxtbgyprbgppjfqmimmmfw/Build/Products/Debug-iphonesimulator/GoogleUtilities-Network.o normal arm64\ x86_64 (in target 'GoogleUtilities-Network' from project 'GoogleUtilities')
    cd /Users/siam/Library/Developer/Xcode/DerivedData/Lingua_Quest-gvpckrqxtbgyprbgppjfqmimmmfw/SourcePackages/checkouts/GoogleUtilities
    /Applications/Xcode.app/Contents/Developer/Toolchains/XcodeDefault.xctoolchain/usr/bin/lipo -create /Users/siam/Library/Developer/Xcode/DerivedData/Lingua_Quest-gvpckrqxtbgyprbgppjfqmimmmfw/Build/Intermediates.noindex/GoogleUtilities.build/Debug-iphonesimulator/GoogleUtilities-Network.build/Objects-normal/arm64/Binary/GoogleUtilities-Network.o /Users/siam/Library/Developer/Xcode/DerivedData/Lingua_Quest-gvpckrqxtbgyprbgppjfqmimmmfw/Build/Intermediates.noindex/GoogleUtilities.build/Debug-iphonesimulator/GoogleUtilities-Network.build/Objects-normal/x86_64/Binary/GoogleUtilities-Network.o -output /Users/siam/Library/Developer/Xcode/DerivedData/Lingua_Quest-gvpckrqxtbgyprbgppjfqmimmmfw/Build/Products/Debug-iphonesimulator/GoogleUtilities-Network.o

SwiftDriverJobDiscovery normal arm64 Compiling TOTPMultiFactorInfo.swift, TOTPSecret.swift, AuthKeychainServices.swift, AuthKeychainStorage.swift, AuthKeychainStorageReal.swift, AuthUserDefaults.swift, AuthAPNSToken.swift, AuthAPNSTokenManager.swift, AuthAPNSTokenType.swift, AuthAppCredential.swift, AuthAppCredentialManager.swift (in target 'FirebaseAuth' from project 'Firebase')

ScanDependencies /Users/siam/Library/Developer/Xcode/DerivedData/Lingua_Quest-gvpckrqxtbgyprbgppjfqmimmmfw/Build/Intermediates.noindex/Firebase.build/Debug-iphonesimulator/FirebaseAppCheck.build/Objects-normal/x86_64/FIRAppCheckValidator.o /Users/siam/Library/Developer/Xcode/DerivedData/Lingua_Quest-gvpckrqxtbgyprbgppjfqmimmmfw/SourcePackages/checkouts/firebase-ios-sdk/FirebaseAppCheck/Sources/Core/FIRAppCheckValidator.m normal x86_64 objective-c com.apple.compilers.llvm.clang.1_0.compiler (in target 'FirebaseAppCheck' from project 'Firebase')
    cd /Users/siam/Desktop/Lingua\ Quest/Lingua\ Quest.xcodeproj
    
    Using response file: /Users/siam/Library/Developer/Xcode/DerivedData/Lingua_Quest-gvpckrqxtbgyprbgppjfqmimmmfw/Build/Intermediates.noindex/Firebase.build/Debug-iphonesimulator/FirebaseAppCheck.build/Objects-normal/x86_64/e6072d4f65d7061329687fe24e3d63a7-common-args.resp
    
    builtin-ScanDependencies -o /Users/siam/Library/Developer/Xcode/DerivedData/Lingua_Quest-gvpckrqxtbgyprbgppjfqmimmmfw/Build/Intermediates.noindex/Firebase.build/Debug-iphonesimulator/FirebaseAppCheck.build/Objects-normal/x86_64/FIRAppCheckValidator.o.scan -- /Applications/Xcode.app/Contents/Developer/Toolchains/XcodeDefault.xctoolchain/usr/bin/clang -x objective-c -ivfsstatcache /Users/siam/Library/Developer/Xcode/DerivedData/SDKStatCaches.noindex/iphonesimulator26.0-23A339-26257891a6c027eb51374368541b8346.sdkstatcache -fmessage-length\=0 -fdiagnostics-show-note-include-stack -fmacro-backtrace-limit\=0 -fno-color-diagnostics -fmodules-prune-interval\=86400 -fmodules-prune-after\=345600 -fbuild-session-file\=/Users/siam/Library/Developer/Xcode/DerivedData/ModuleCache.noindex/Session.modulevalidation -fmodules-validate-once-per-build-session -Wnon-modular-include-in-framework-module -Werror\=non-modular-include-in-framework-module -Wno-trigraphs -Wno-missing-field-initializers -Wno-missing-prototypes -Wno-return-type -Wno-implicit-atomic-properties -Wno-objc-interface-ivars -Wno-arc-repeated-use-of-weak -Wno-missing-braces -Wparentheses -Wswitch -Wno-unused-function -Wno-unused-label -Wno-unused-parameter -Wno-unused-variable -Wunused-value -Wno-empty-body -Wno-uninitialized -Wno-unknown-pragmas -w -Wno-shadow -Wno-four-char-constants -Wno-conversion -Wno-constant-conversion -Wno-int-conversion -Wno-bool-conversion -Wno-enum-conversion -Wno-float-conversion -Wno-non-literal-null-conversion -Wno-objc-literal-conversion -Wshorten-64-to-32 -Wpointer-sign -Wno-newline-eof -Wno-selector -Wno-strict-selector-match -Wno-undeclared-selector -Wno-deprecated-implementations -Wno-implicit-fallthrough -fstrict-aliasing -Wprotocol -Wdeprecated-declarations -Wno-sign-conversion -Wno-infinite-recursion -Wno-comma -Wno-block-capture-autoreleasing -Wno-strict-prototypes -Wno-semicolon-before-method-body -index-store-path /Users/siam/Library/Developer/Xcode/DerivedData/Lingua_Quest-gvpckrqxtbgyprbgppjfqmimmmfw/Index.noindex/DataStore @/Users/siam/Library/Developer/Xcode/DerivedData/Lingua_Quest-gvpckrqxtbgyprbgppjfqmimmmfw/Build/Intermediates.noindex/Firebase.build/Debug-iphonesimulator/FirebaseAppCheck.build/Objects-normal/x86_64/e6072d4f65d7061329687fe24e3d63a7-common-args.resp -MMD -MT dependencies -MF /Users/siam/Library/Developer/Xcode/DerivedData/Lingua_Quest-gvpckrqxtbgyprbgppjfqmimmmfw/Build/Intermediates.noindex/Firebase.build/Debug-iphonesimulator/FirebaseAppCheck.build/Objects-normal/x86_64/FIRAppCheckValidator.d --serialize-diagnostics /Users/siam/Library/Developer/Xcode/DerivedData/Lingua_Quest-gvpckrqxtbgyprbgppjfqmimmmfw/Build/Intermediates.noindex/Firebase.build/Debug-iphonesimulator/FirebaseAppCheck.build/Objects-normal/x86_64/FIRAppCheckValidator.dia -c /Users/siam/Library/Developer/Xcode/DerivedData/Lingua_Quest-gvpckrqxtbgyprbgppjfqmimmmfw/SourcePackages/checkouts/firebase-ios-sdk/FirebaseAppCheck/Sources/Core/FIRAppCheckValidator.m -o /Users/siam/Library/Developer/Xcode/DerivedData/Lingua_Quest-gvpckrqxtbgyprbgppjfqmimmmfw/Build/Intermediates.noindex/Firebase.build/Debug-iphonesimulator/FirebaseAppCheck.build/Objects-normal/x86_64/FIRAppCheckValidator.o -index-unit-output-path /Firebase.build/Debug-iphonesimulator/FirebaseAppCheck.build/Objects-normal/x86_64/FIRAppCheckValidator.o

ScanDependencies /Users/siam/Library/Developer/Xcode/DerivedData/Lingua_Quest-gvpckrqxtbgyprbgppjfqmimmmfw/Build/Intermediates.noindex/Firebase.build/Debug-iphonesimulator/FirebaseAppCheck.build/Objects-normal/x86_64/FIRAppCheckTokenResult.o /Users/siam/Library/Developer/Xcode/DerivedData/Lingua_Quest-gvpckrqxtbgyprbgppjfqmimmmfw/SourcePackages/checkouts/firebase-ios-sdk/FirebaseAppCheck/Sources/Core/FIRAppCheckTokenResult.m normal x86_64 objective-c com.apple.compilers.llvm.clang.1_0.compiler (in target 'FirebaseAppCheck' from project 'Firebase')
    cd /Users/siam/Desktop/Lingua\ Quest/Lingua\ Quest.xcodeproj
    
    Using response file: /Users/siam/Library/Developer/Xcode/DerivedData/Lingua_Quest-gvpckrqxtbgyprbgppjfqmimmmfw/Build/Intermediates.noindex/Firebase.build/Debug-iphonesimulator/FirebaseAppCheck.build/Objects-normal/x86_64/e6072d4f65d7061329687fe24e3d63a7-common-args.resp
    
    builtin-ScanDependencies -o /Users/siam/Library/Developer/Xcode/DerivedData/Lingua_Quest-gvpckrqxtbgyprbgppjfqmimmmfw/Build/Intermediates.noindex/Firebase.build/Debug-iphonesimulator/FirebaseAppCheck.build/Objects-normal/x86_64/FIRAppCheckTokenResult.o.scan -- /Applications/Xcode.app/Contents/Developer/Toolchains/XcodeDefault.xctoolchain/usr/bin/clang -x objective-c -ivfsstatcache /Users/siam/Library/Developer/Xcode/DerivedData/SDKStatCaches.noindex/iphonesimulator26.0-23A339-26257891a6c027eb51374368541b8346.sdkstatcache -fmessage-length\=0 -fdiagnostics-show-note-include-stack -fmacro-backtrace-limit\=0 -fno-color-diagnostics -fmodules-prune-interval\=86400 -fmodules-prune-after\=345600 -fbuild-session-file\=/Users/siam/Library/Developer/Xcode/DerivedData/ModuleCache.noindex/Session.modulevalidation -fmodules-validate-once-per-build-session -Wnon-modular-include-in-framework-module -Werror\=non-modular-include-in-framework-module -Wno-trigraphs -Wno-missing-field-initializers -Wno-missing-prototypes -Wno-return-type -Wno-implicit-atomic-properties -Wno-objc-interface-ivars -Wno-arc-repeated-use-of-weak -Wno-missing-braces -Wparentheses -Wswitch -Wno-unused-function -Wno-unused-label -Wno-unused-parameter -Wno-unused-variable -Wunused-value -Wno-empty-body -Wno-uninitialized -Wno-unknown-pragmas -w -Wno-shadow -Wno-four-char-constants -Wno-conversion -Wno-constant-conversion -Wno-int-conversion -Wno-bool-conversion -Wno-enum-conversion -Wno-float-conversion -Wno-non-literal-null-conversion -Wno-objc-literal-conversion -Wshorten-64-to-32 -Wpointer-sign -Wno-newline-eof -Wno-selector -Wno-strict-selector-match -Wno-undeclared-selector -Wno-deprecated-implementations -Wno-implicit-fallthrough -fstrict-aliasing -Wprotocol -Wdeprecated-declarations -Wno-sign-conversion -Wno-infinite-recursion -Wno-comma -Wno-block-capture-autoreleasing -Wno-strict-prototypes -Wno-semicolon-before-method-body -index-store-path /Users/siam/Library/Developer/Xcode/DerivedData/Lingua_Quest-gvpckrqxtbgyprbgppjfqmimmmfw/Index.noindex/DataStore @/Users/siam/Library/Developer/Xcode/DerivedData/Lingua_Quest-gvpckrqxtbgyprbgppjfqmimmmfw/Build/Intermediates.noindex/Firebase.build/Debug-iphonesimulator/FirebaseAppCheck.build/Objects-normal/x86_64/e6072d4f65d7061329687fe24e3d63a7-common-args.resp -MMD -MT dependencies -MF /Users/siam/Library/Developer/Xcode/DerivedData/Lingua_Quest-gvpckrqxtbgyprbgppjfqmimmmfw/Build/Intermediates.noindex/Firebase.build/Debug-iphonesimulator/FirebaseAppCheck.build/Objects-normal/x86_64/FIRAppCheckTokenResult.d --serialize-diagnostics /Users/siam/Library/Developer/Xcode/DerivedData/Lingua_Quest-gvpckrqxtbgyprbgppjfqmimmmfw/Build/Intermediates.noindex/Firebase.build/Debug-iphonesimulator/FirebaseAppCheck.build/Objects-normal/x86_64/FIRAppCheckTokenResult.dia -c /Users/siam/Library/Developer/Xcode/DerivedData/Lingua_Quest-gvpckrqxtbgyprbgppjfqmimmmfw/SourcePackages/checkouts/firebase-ios-sdk/FirebaseAppCheck/Sources/Core/FIRAppCheckTokenResult.m -o /Users/siam/Library/Developer/Xcode/DerivedData/Lingua_Quest-gvpckrqxtbgyprbgppjfqmimmmfw/Build/Intermediates.noindex/Firebase.build/Debug-iphonesimulator/FirebaseAppCheck.build/Objects-normal/x86_64/FIRAppCheckTokenResult.o -index-unit-output-path /Firebase.build/Debug-iphonesimulator/FirebaseAppCheck.build/Objects-normal/x86_64/FIRAppCheckTokenResult.o

ScanDependencies /Users/siam/Library/Developer/Xcode/DerivedData/Lingua_Quest-gvpckrqxtbgyprbgppjfqmimmmfw/Build/Intermediates.noindex/Firebase.build/Debug-iphonesimulator/FirebaseAppCheck.build/Objects-normal/x86_64/FIRAppCheckSettings.o /Users/siam/Library/Developer/Xcode/DerivedData/Lingua_Quest-gvpckrqxtbgyprbgppjfqmimmmfw/SourcePackages/checkouts/firebase-ios-sdk/FirebaseAppCheck/Sources/Core/FIRAppCheckSettings.m normal x86_64 objective-c com.apple.compilers.llvm.clang.1_0.compiler (in target 'FirebaseAppCheck' from project 'Firebase')
    cd /Users/siam/Desktop/Lingua\ Quest/Lingua\ Quest.xcodeproj
    
    Using response file: /Users/siam/Library/Developer/Xcode/DerivedData/Lingua_Quest-gvpckrqxtbgyprbgppjfqmimmmfw/Build/Intermediates.noindex/Firebase.build/Debug-iphonesimulator/FirebaseAppCheck.build/Objects-normal/x86_64/e6072d4f65d7061329687fe24e3d63a7-common-args.resp
    
    builtin-ScanDependencies -o /Users/siam/Library/Developer/Xcode/DerivedData/Lingua_Quest-gvpckrqxtbgyprbgppjfqmimmmfw/Build/Intermediates.noindex/Firebase.build/Debug-iphonesimulator/FirebaseAppCheck.build/Objects-normal/x86_64/FIRAppCheckSettings.o.scan -- /Applications/Xcode.app/Contents/Developer/Toolchains/XcodeDefault.xctoolchain/usr/bin/clang -x objective-c -ivfsstatcache /Users/siam/Library/Developer/Xcode/DerivedData/SDKStatCaches.noindex/iphonesimulator26.0-23A339-26257891a6c027eb51374368541b8346.sdkstatcache -fmessage-length\=0 -fdiagnostics-show-note-include-stack -fmacro-backtrace-limit\=0 -fno-color-diagnostics -fmodules-prune-interval\=86400 -fmodules-prune-after\=345600 -fbuild-session-file\=/Users/siam/Library/Developer/Xcode/DerivedData/ModuleCache.noindex/Session.modulevalidation -fmodules-validate-once-per-build-session -Wnon-modular-include-in-framework-module -Werror\=non-modular-include-in-framework-module -Wno-trigraphs -Wno-missing-field-initializers -Wno-missing-prototypes -Wno-return-type -Wno-implicit-atomic-properties -Wno-objc-interface-ivars -Wno-arc-repeated-use-of-weak -Wno-missing-braces -Wparentheses -Wswitch -Wno-unused-function -Wno-unused-label -Wno-unused-parameter -Wno-unused-variable -Wunused-value -Wno-empty-body -Wno-uninitialized -Wno-unknown-pragmas -w -Wno-shadow -Wno-four-char-constants -Wno-conversion -Wno-constant-conversion -Wno-int-conversion -Wno-bool-conversion -Wno-enum-conversion -Wno-float-conversion -Wno-non-literal-null-conversion -Wno-objc-literal-conversion -Wshorten-64-to-32 -Wpointer-sign -Wno-newline-eof -Wno-selector -Wno-strict-selector-match -Wno-undeclared-selector -Wno-deprecated-implementations -Wno-implicit-fallthrough -fstrict-aliasing -Wprotocol -Wdeprecated-declarations -Wno-sign-conversion -Wno-infinite-recursion -Wno-comma -Wno-block-capture-autoreleasing -Wno-strict-prototypes -Wno-semicolon-before-method-body -index-store-path /Users/siam/Library/Developer/Xcode/DerivedData/Lingua_Quest-gvpckrqxtbgyprbgppjfqmimmmfw/Index.noindex/DataStore @/Users/siam/Library/Developer/Xcode/DerivedData/Lingua_Quest-gvpckrqxtbgyprbgppjfqmimmmfw/Build/Intermediates.noindex/Firebase.build/Debug-iphonesimulator/FirebaseAppCheck.build/Objects-normal/x86_64/e6072d4f65d7061329687fe24e3d63a7-common-args.resp -MMD -MT dependencies -MF /Users/siam/Library/Developer/Xcode/DerivedData/Lingua_Quest-gvpckrqxtbgyprbgppjfqmimmmfw/Build/Intermediates.noindex/Firebase.build/Debug-iphonesimulator/FirebaseAppCheck.build/Objects-normal/x86_64/FIRAppCheckSettings.d --serialize-diagnostics /Users/siam/Library/Developer/Xcode/DerivedData/Lingua_Quest-gvpckrqxtbgyprbgppjfqmimmmfw/Build/Intermediates.noindex/Firebase.build/Debug-iphonesimulator/FirebaseAppCheck.build/Objects-normal/x86_64/FIRAppCheckSettings.dia -c /Users/siam/Library/Developer/Xcode/DerivedData/Lingua_Quest-gvpckrqxtbgyprbgppjfqmimmmfw/SourcePackages/checkouts/firebase-ios-sdk/FirebaseAppCheck/Sources/Core/FIRAppCheckSettings.m -o /Users/siam/Library/Developer/Xcode/DerivedData/Lingua_Quest-gvpckrqxtbgyprbgppjfqmimmmfw/Build/Intermediates.noindex/Firebase.build/Debug-iphonesimulator/FirebaseAppCheck.build/Objects-normal/x86_64/FIRAppCheckSettings.o -index-unit-output-path /Firebase.build/Debug-iphonesimulator/FirebaseAppCheck.build/Objects-normal/x86_64/FIRAppCheckSettings.o

CompileC /Users/siam/Library/Developer/Xcode/DerivedData/Lingua_Quest-gvpckrqxtbgyprbgppjfqmimmmfw/Build/Intermediates.noindex/Firebase.build/Debug-iphonesimulator/FirebaseAppCheck.build/Objects-normal/x86_64/FIRRecaptchaProvider.o /Users/siam/Library/Developer/Xcode/DerivedData/Lingua_Quest-gvpckrqxtbgyprbgppjfqmimmmfw/SourcePackages/checkouts/firebase-ios-sdk/FirebaseAppCheck/Sources/RecaptchaProvider/FIRRecaptchaProvider.m normal x86_64 objective-c com.apple.compilers.llvm.clang.1_0.compiler (in target 'FirebaseAppCheck' from project 'Firebase')
    cd /Users/siam/Desktop/Lingua\ Quest/Lingua\ Quest.xcodeproj
    
    Using response file: /Users/siam/Library/Developer/Xcode/DerivedData/Lingua_Quest-gvpckrqxtbgyprbgppjfqmimmmfw/Build/Intermediates.noindex/Firebase.build/Debug-iphonesimulator/FirebaseAppCheck.build/Objects-normal/x86_64/e6072d4f65d7061329687fe24e3d63a7-common-args.resp
    
    /Applications/Xcode.app/Contents/Developer/Toolchains/XcodeDefault.xctoolchain/usr/bin/clang -x objective-c -ivfsstatcache /Users/siam/Library/Developer/Xcode/DerivedData/SDKStatCaches.noindex/iphonesimulator26.0-23A339-26257891a6c027eb51374368541b8346.sdkstatcache -fmessage-length\=0 -fdiagnostics-show-note-include-stack -fmacro-backtrace-limit\=0 -fno-color-diagnostics -fmodules-prune-interval\=86400 -fmodules-prune-after\=345600 -fbuild-session-file\=/Users/siam/Library/Developer/Xcode/DerivedData/ModuleCache.noindex/Session.modulevalidation -fmodules-validate-once-per-build-session -Wnon-modular-include-in-framework-module -Werror\=non-modular-include-in-framework-module -Wno-trigraphs -Wno-missing-field-initializers -Wno-missing-prototypes -Wno-return-type -Wno-implicit-atomic-properties -Wno-objc-interface-ivars -Wno-arc-repeated-use-of-weak -Wno-missing-braces -Wparentheses -Wswitch -Wno-unused-function -Wno-unused-label -Wno-unused-parameter -Wno-unused-variable -Wunused-value -Wno-empty-body -Wno-uninitialized -Wno-unknown-pragmas -w -Wno-shadow -Wno-four-char-constants -Wno-conversion -Wno-constant-conversion -Wno-int-conversion -Wno-bool-conversion -Wno-enum-conversion -Wno-float-conversion -Wno-non-literal-null-conversion -Wno-objc-literal-conversion -Wshorten-64-to-32 -Wpointer-sign -Wno-newline-eof -Wno-selector -Wno-strict-selector-match -Wno-undeclared-selector -Wno-deprecated-implementations -Wno-implicit-fallthrough -fstrict-aliasing -Wprotocol -Wdeprecated-declarations -Wno-sign-conversion -Wno-infinite-recursion -Wno-comma -Wno-block-capture-autoreleasing -Wno-strict-prototypes -Wno-semicolon-before-method-body -index-store-path /Users/siam/Library/Developer/Xcode/DerivedData/Lingua_Quest-gvpckrqxtbgyprbgppjfqmimmmfw/Index.noindex/DataStore @/Users/siam/Library/Developer/Xcode/DerivedData/Lingua_Quest-gvpckrqxtbgyprbgppjfqmimmmfw/Build/Intermediates.noindex/Firebase.build/Debug-iphonesimulator/FirebaseAppCheck.build/Objects-normal/x86_64/e6072d4f65d7061329687fe24e3d63a7-common-args.resp -MMD -MT dependencies -MF /Users/siam/Library/Developer/Xcode/DerivedData/Lingua_Quest-gvpckrqxtbgyprbgppjfqmimmmfw/Build/Intermediates.noindex/Firebase.build/Debug-iphonesimulator/FirebaseAppCheck.build/Objects-normal/x86_64/FIRRecaptchaProvider.d --serialize-diagnostics /Users/siam/Library/Developer/Xcode/DerivedData/Lingua_Quest-gvpckrqxtbgyprbgppjfqmimmmfw/Build/Intermediates.noindex/Firebase.build/Debug-iphonesimulator/FirebaseAppCheck.build/Objects-normal/x86_64/FIRRecaptchaProvider.dia -c /Users/siam/Library/Developer/Xcode/DerivedData/Lingua_Quest-gvpckrqxtbgyprbgppjfqmimmmfw/SourcePackages/checkouts/firebase-ios-sdk/FirebaseAppCheck/Sources/RecaptchaProvider/FIRRecaptchaProvider.m -o /Users/siam/Library/Developer/Xcode/DerivedData/Lingua_Quest-gvpckrqxtbgyprbgppjfqmimmmfw/Build/Intermediates.noindex/Firebase.build/Debug-iphonesimulator/FirebaseAppCheck.build/Objects-normal/x86_64/FIRRecaptchaProvider.o -index-unit-output-path /Firebase.build/Debug-iphonesimulator/FirebaseAppCheck.build/Objects-normal/x86_64/FIRRecaptchaProvider.o

CompileC /Users/siam/Library/Developer/Xcode/DerivedData/Lingua_Quest-gvpckrqxtbgyprbgppjfqmimmmfw/Build/Intermediates.noindex/Firebase.build/Debug-iphonesimulator/FirebaseAppCheck.build/Objects-normal/x86_64/FIRDeviceCheckProvider.o /Users/siam/Library/Developer/Xcode/DerivedData/Lingua_Quest-gvpckrqxtbgyprbgppjfqmimmmfw/SourcePackages/checkouts/firebase-ios-sdk/FirebaseAppCheck/Sources/DeviceCheckProvider/FIRDeviceCheckProvider.m normal x86_64 objective-c com.apple.compilers.llvm.clang.1_0.compiler (in target 'FirebaseAppCheck' from project 'Firebase')
    cd /Users/siam/Desktop/Lingua\ Quest/Lingua\ Quest.xcodeproj
    
    Using response file: /Users/siam/Library/Developer/Xcode/DerivedData/Lingua_Quest-gvpckrqxtbgyprbgppjfqmimmmfw/Build/Intermediates.noindex/Firebase.build/Debug-iphonesimulator/FirebaseAppCheck.build/Objects-normal/x86_64/e6072d4f65d7061329687fe24e3d63a7-common-args.resp
    
    /Applications/Xcode.app/Contents/Developer/Toolchains/XcodeDefault.xctoolchain/usr/bin/clang -x objective-c -ivfsstatcache /Users/siam/Library/Developer/Xcode/DerivedData/SDKStatCaches.noindex/iphonesimulator26.0-23A339-26257891a6c027eb51374368541b8346.sdkstatcache -fmessage-length\=0 -fdiagnostics-show-note-include-stack -fmacro-backtrace-limit\=0 -fno-color-diagnostics -fmodules-prune-interval\=86400 -fmodules-prune-after\=345600 -fbuild-session-file\=/Users/siam/Library/Developer/Xcode/DerivedData/ModuleCache.noindex/Session.modulevalidation -fmodules-validate-once-per-build-session -Wnon-modular-include-in-framework-module -Werror\=non-modular-include-in-framework-module -Wno-trigraphs -Wno-missing-field-initializers -Wno-missing-prototypes -Wno-return-type -Wno-implicit-atomic-properties -Wno-objc-interface-ivars -Wno-arc-repeated-use-of-weak -Wno-missing-braces -Wparentheses -Wswitch -Wno-unused-function -Wno-unused-label -Wno-unused-parameter -Wno-unused-variable -Wunused-value -Wno-empty-body -Wno-uninitialized -Wno-unknown-pragmas -w -Wno-shadow -Wno-four-char-constants -Wno-conversion -Wno-constant-conversion -Wno-int-conversion -Wno-bool-conversion -Wno-enum-conversion -Wno-float-conversion -Wno-non-literal-null-conversion -Wno-objc-literal-conversion -Wshorten-64-to-32 -Wpointer-sign -Wno-newline-eof -Wno-selector -Wno-strict-selector-match -Wno-undeclared-selector -Wno-deprecated-implementations -Wno-implicit-fallthrough -fstrict-aliasing -Wprotocol -Wdeprecated-declarations -Wno-sign-conversion -Wno-infinite-recursion -Wno-comma -Wno-block-capture-autoreleasing -Wno-strict-prototypes -Wno-semicolon-before-method-body -index-store-path /Users/siam/Library/Developer/Xcode/DerivedData/Lingua_Quest-gvpckrqxtbgyprbgppjfqmimmmfw/Index.noindex/DataStore @/Users/siam/Library/Developer/Xcode/DerivedData/Lingua_Quest-gvpckrqxtbgyprbgppjfqmimmmfw/Build/Intermediates.noindex/Firebase.build/Debug-iphonesimulator/FirebaseAppCheck.build/Objects-normal/x86_64/e6072d4f65d7061329687fe24e3d63a7-common-args.resp -MMD -MT dependencies -MF /Users/siam/Library/Developer/Xcode/DerivedData/Lingua_Quest-gvpckrqxtbgyprbgppjfqmimmmfw/Build/Intermediates.noindex/Firebase.build/Debug-iphonesimulator/FirebaseAppCheck.build/Objects-normal/x86_64/FIRDeviceCheckProvider.d --serialize-diagnostics /Users/siam/Library/Developer/Xcode/DerivedData/Lingua_Quest-gvpckrqxtbgyprbgppjfqmimmmfw/Build/Intermediates.noindex/Firebase.build/Debug-iphonesimulator/FirebaseAppCheck.build/Objects-normal/x86_64/FIRDeviceCheckProvider.dia -c /Users/siam/Library/Developer/Xcode/DerivedData/Lingua_Quest-gvpckrqxtbgyprbgppjfqmimmmfw/SourcePackages/checkouts/firebase-ios-sdk/FirebaseAppCheck/Sources/DeviceCheckProvider/FIRDeviceCheckProvider.m -o /Users/siam/Library/Developer/Xcode/DerivedData/Lingua_Quest-gvpckrqxtbgyprbgppjfqmimmmfw/Build/Intermediates.noindex/Firebase.build/Debug-iphonesimulator/FirebaseAppCheck.build/Objects-normal/x86_64/FIRDeviceCheckProvider.o -index-unit-output-path /Firebase.build/Debug-iphonesimulator/FirebaseAppCheck.build/Objects-normal/x86_64/FIRDeviceCheckProvider.o

CreateUniversalBinary /Users/siam/Library/Developer/Xcode/DerivedData/Lingua_Quest-gvpckrqxtbgyprbgppjfqmimmmfw/Build/Products/Debug-iphonesimulator/FirebaseCore.o normal arm64\ x86_64 (in target 'FirebaseCore' from project 'Firebase')
    cd /Users/siam/Library/Developer/Xcode/DerivedData/Lingua_Quest-gvpckrqxtbgyprbgppjfqmimmmfw/SourcePackages/checkouts/firebase-ios-sdk
    /Applications/Xcode.app/Contents/Developer/Toolchains/XcodeDefault.xctoolchain/usr/bin/lipo -create /Users/siam/Library/Developer/Xcode/DerivedData/Lingua_Quest-gvpckrqxtbgyprbgppjfqmimmmfw/Build/Intermediates.noindex/Firebase.build/Debug-iphonesimulator/FirebaseCore.build/Objects-normal/arm64/Binary/FirebaseCore.o /Users/siam/Library/Developer/Xcode/DerivedData/Lingua_Quest-gvpckrqxtbgyprbgppjfqmimmmfw/Build/Intermediates.noindex/Firebase.build/Debug-iphonesimulator/FirebaseCore.build/Objects-normal/x86_64/Binary/FirebaseCore.o -output /Users/siam/Library/Developer/Xcode/DerivedData/Lingua_Quest-gvpckrqxtbgyprbgppjfqmimmmfw/Build/Products/Debug-iphonesimulator/FirebaseCore.o

CompileC /Users/siam/Library/Developer/Xcode/DerivedData/Lingua_Quest-gvpckrqxtbgyprbgppjfqmimmmfw/Build/Intermediates.noindex/Firebase.build/Debug-iphonesimulator/FirebaseAppCheck.build/Objects-normal/x86_64/FIRAppCheckValidator.o /Users/siam/Library/Developer/Xcode/DerivedData/Lingua_Quest-gvpckrqxtbgyprbgppjfqmimmmfw/SourcePackages/checkouts/firebase-ios-sdk/FirebaseAppCheck/Sources/Core/FIRAppCheckValidator.m normal x86_64 objective-c com.apple.compilers.llvm.clang.1_0.compiler (in target 'FirebaseAppCheck' from project 'Firebase')
    cd /Users/siam/Desktop/Lingua\ Quest/Lingua\ Quest.xcodeproj
    
    Using response file: /Users/siam/Library/Developer/Xcode/DerivedData/Lingua_Quest-gvpckrqxtbgyprbgppjfqmimmmfw/Build/Intermediates.noindex/Firebase.build/Debug-iphonesimulator/FirebaseAppCheck.build/Objects-normal/x86_64/e6072d4f65d7061329687fe24e3d63a7-common-args.resp
    
    /Applications/Xcode.app/Contents/Developer/Toolchains/XcodeDefault.xctoolchain/usr/bin/clang -x objective-c -ivfsstatcache /Users/siam/Library/Developer/Xcode/DerivedData/SDKStatCaches.noindex/iphonesimulator26.0-23A339-26257891a6c027eb51374368541b8346.sdkstatcache -fmessage-length\=0 -fdiagnostics-show-note-include-stack -fmacro-backtrace-limit\=0 -fno-color-diagnostics -fmodules-prune-interval\=86400 -fmodules-prune-after\=345600 -fbuild-session-file\=/Users/siam/Library/Developer/Xcode/DerivedData/ModuleCache.noindex/Session.modulevalidation -fmodules-validate-once-per-build-session -Wnon-modular-include-in-framework-module -Werror\=non-modular-include-in-framework-module -Wno-trigraphs -Wno-missing-field-initializers -Wno-missing-prototypes -Wno-return-type -Wno-implicit-atomic-properties -Wno-objc-interface-ivars -Wno-arc-repeated-use-of-weak -Wno-missing-braces -Wparentheses -Wswitch -Wno-unused-function -Wno-unused-label -Wno-unused-parameter -Wno-unused-variable -Wunused-value -Wno-empty-body -Wno-uninitialized -Wno-unknown-pragmas -w -Wno-shadow -Wno-four-char-constants -Wno-conversion -Wno-constant-conversion -Wno-int-conversion -Wno-bool-conversion -Wno-enum-conversion -Wno-float-conversion -Wno-non-literal-null-conversion -Wno-objc-literal-conversion -Wshorten-64-to-32 -Wpointer-sign -Wno-newline-eof -Wno-selector -Wno-strict-selector-match -Wno-undeclared-selector -Wno-deprecated-implementations -Wno-implicit-fallthrough -fstrict-aliasing -Wprotocol -Wdeprecated-declarations -Wno-sign-conversion -Wno-infinite-recursion -Wno-comma -Wno-block-capture-autoreleasing -Wno-strict-prototypes -Wno-semicolon-before-method-body -index-store-path /Users/siam/Library/Developer/Xcode/DerivedData/Lingua_Quest-gvpckrqxtbgyprbgppjfqmimmmfw/Index.noindex/DataStore @/Users/siam/Library/Developer/Xcode/DerivedData/Lingua_Quest-gvpckrqxtbgyprbgppjfqmimmmfw/Build/Intermediates.noindex/Firebase.build/Debug-iphonesimulator/FirebaseAppCheck.build/Objects-normal/x86_64/e6072d4f65d7061329687fe24e3d63a7-common-args.resp -MMD -MT dependencies -MF /Users/siam/Library/Developer/Xcode/DerivedData/Lingua_Quest-gvpckrqxtbgyprbgppjfqmimmmfw/Build/Intermediates.noindex/Firebase.build/Debug-iphonesimulator/FirebaseAppCheck.build/Objects-normal/x86_64/FIRAppCheckValidator.d --serialize-diagnostics /Users/siam/Library/Developer/Xcode/DerivedData/Lingua_Quest-gvpckrqxtbgyprbgppjfqmimmmfw/Build/Intermediates.noindex/Firebase.build/Debug-iphonesimulator/FirebaseAppCheck.build/Objects-normal/x86_64/FIRAppCheckValidator.dia -c /Users/siam/Library/Developer/Xcode/DerivedData/Lingua_Quest-gvpckrqxtbgyprbgppjfqmimmmfw/SourcePackages/checkouts/firebase-ios-sdk/FirebaseAppCheck/Sources/Core/FIRAppCheckValidator.m -o /Users/siam/Library/Developer/Xcode/DerivedData/Lingua_Quest-gvpckrqxtbgyprbgppjfqmimmmfw/Build/Intermediates.noindex/Firebase.build/Debug-iphonesimulator/FirebaseAppCheck.build/Objects-normal/x86_64/FIRAppCheckValidator.o -index-unit-output-path /Firebase.build/Debug-iphonesimulator/FirebaseAppCheck.build/Objects-normal/x86_64/FIRAppCheckValidator.o

CompileC /Users/siam/Library/Developer/Xcode/DerivedData/Lingua_Quest-gvpckrqxtbgyprbgppjfqmimmmfw/Build/Intermediates.noindex/Firebase.build/Debug-iphonesimulator/FirebaseAppCheck.build/Objects-normal/x86_64/FIRDefaultProviderFactory.o /Users/siam/Library/Developer/Xcode/DerivedData/Lingua_Quest-gvpckrqxtbgyprbgppjfqmimmmfw/SourcePackages/checkouts/firebase-ios-sdk/FirebaseAppCheck/Sources/DefaultProviderFactory/FIRDefaultProviderFactory.m normal x86_64 objective-c com.apple.compilers.llvm.clang.1_0.compiler (in target 'FirebaseAppCheck' from project 'Firebase')
    cd /Users/siam/Desktop/Lingua\ Quest/Lingua\ Quest.xcodeproj
    
    Using response file: /Users/siam/Library/Developer/Xcode/DerivedData/Lingua_Quest-gvpckrqxtbgyprbgppjfqmimmmfw/Build/Intermediates.noindex/Firebase.build/Debug-iphonesimulator/FirebaseAppCheck.build/Objects-normal/x86_64/e6072d4f65d7061329687fe24e3d63a7-common-args.resp
    
    /Applications/Xcode.app/Contents/Developer/Toolchains/XcodeDefault.xctoolchain/usr/bin/clang -x objective-c -ivfsstatcache /Users/siam/Library/Developer/Xcode/DerivedData/SDKStatCaches.noindex/iphonesimulator26.0-23A339-26257891a6c027eb51374368541b8346.sdkstatcache -fmessage-length\=0 -fdiagnostics-show-note-include-stack -fmacro-backtrace-limit\=0 -fno-color-diagnostics -fmodules-prune-interval\=86400 -fmodules-prune-after\=345600 -fbuild-session-file\=/Users/siam/Library/Developer/Xcode/DerivedData/ModuleCache.noindex/Session.modulevalidation -fmodules-validate-once-per-build-session -Wnon-modular-include-in-framework-module -Werror\=non-modular-include-in-framework-module -Wno-trigraphs -Wno-missing-field-initializers -Wno-missing-prototypes -Wno-return-type -Wno-implicit-atomic-properties -Wno-objc-interface-ivars -Wno-arc-repeated-use-of-weak -Wno-missing-braces -Wparentheses -Wswitch -Wno-unused-function -Wno-unused-label -Wno-unused-parameter -Wno-unused-variable -Wunused-value -Wno-empty-body -Wno-uninitialized -Wno-unknown-pragmas -w -Wno-shadow -Wno-four-char-constants -Wno-conversion -Wno-constant-conversion -Wno-int-conversion -Wno-bool-conversion -Wno-enum-conversion -Wno-float-conversion -Wno-non-literal-null-conversion -Wno-objc-literal-conversion -Wshorten-64-to-32 -Wpointer-sign -Wno-newline-eof -Wno-selector -Wno-strict-selector-match -Wno-undeclared-selector -Wno-deprecated-implementations -Wno-implicit-fallthrough -fstrict-aliasing -Wprotocol -Wdeprecated-declarations -Wno-sign-conversion -Wno-infinite-recursion -Wno-comma -Wno-block-capture-autoreleasing -Wno-strict-prototypes -Wno-semicolon-before-method-body -index-store-path /Users/siam/Library/Developer/Xcode/DerivedData/Lingua_Quest-gvpckrqxtbgyprbgppjfqmimmmfw/Index.noindex/DataStore @/Users/siam/Library/Developer/Xcode/DerivedData/Lingua_Quest-gvpckrqxtbgyprbgppjfqmimmmfw/Build/Intermediates.noindex/Firebase.build/Debug-iphonesimulator/FirebaseAppCheck.build/Objects-normal/x86_64/e6072d4f65d7061329687fe24e3d63a7-common-args.resp -MMD -MT dependencies -MF /Users/siam/Library/Developer/Xcode/DerivedData/Lingua_Quest-gvpckrqxtbgyprbgppjfqmimmmfw/Build/Intermediates.noindex/Firebase.build/Debug-iphonesimulator/FirebaseAppCheck.build/Objects-normal/x86_64/FIRDefaultProviderFactory.d --serialize-diagnostics /Users/siam/Library/Developer/Xcode/DerivedData/Lingua_Quest-gvpckrqxtbgyprbgppjfqmimmmfw/Build/Intermediates.noindex/Firebase.build/Debug-iphonesimulator/FirebaseAppCheck.build/Objects-normal/x86_64/FIRDefaultProviderFactory.dia -c /Users/siam/Library/Developer/Xcode/DerivedData/Lingua_Quest-gvpckrqxtbgyprbgppjfqmimmmfw/SourcePackages/checkouts/firebase-ios-sdk/FirebaseAppCheck/Sources/DefaultProviderFactory/FIRDefaultProviderFactory.m -o /Users/siam/Library/Developer/Xcode/DerivedData/Lingua_Quest-gvpckrqxtbgyprbgppjfqmimmmfw/Build/Intermediates.noindex/Firebase.build/Debug-iphonesimulator/FirebaseAppCheck.build/Objects-normal/x86_64/FIRDefaultProviderFactory.o -index-unit-output-path /Firebase.build/Debug-iphonesimulator/FirebaseAppCheck.build/Objects-normal/x86_64/FIRDefaultProviderFactory.o

SwiftDriverJobDiscovery normal x86_64 Compiling Base64URLEncodedStringExtension.swift, MultiFactor.swift, MultiFactorAssertion.swift, MultiFactorInfo.swift, MultiFactorResolver.swift, MultiFactorSession.swift, PhoneMultiFactorAssertion.swift, PhoneMultiFactorGenerator.swift, PhoneMultiFactorInfo.swift, TOTPMultFactorAssertion.swift, TOTPMultiFactorGenerator.swift (in target 'FirebaseAuth' from project 'Firebase')

ScanDependencies /Users/siam/Library/Developer/Xcode/DerivedData/Lingua_Quest-gvpckrqxtbgyprbgppjfqmimmmfw/Build/Intermediates.noindex/Firebase.build/Debug-iphonesimulator/FirebaseAppCheck.build/Objects-normal/x86_64/FIRAppCheckLogger.o /Users/siam/Library/Developer/Xcode/DerivedData/Lingua_Quest-gvpckrqxtbgyprbgppjfqmimmmfw/SourcePackages/checkouts/firebase-ios-sdk/FirebaseAppCheck/Sources/Core/FIRAppCheckLogger.m normal x86_64 objective-c com.apple.compilers.llvm.clang.1_0.compiler (in target 'FirebaseAppCheck' from project 'Firebase')
    cd /Users/siam/Desktop/Lingua\ Quest/Lingua\ Quest.xcodeproj
    
    Using response file: /Users/siam/Library/Developer/Xcode/DerivedData/Lingua_Quest-gvpckrqxtbgyprbgppjfqmimmmfw/Build/Intermediates.noindex/Firebase.build/Debug-iphonesimulator/FirebaseAppCheck.build/Objects-normal/x86_64/e6072d4f65d7061329687fe24e3d63a7-common-args.resp
    
    builtin-ScanDependencies -o /Users/siam/Library/Developer/Xcode/DerivedData/Lingua_Quest-gvpckrqxtbgyprbgppjfqmimmmfw/Build/Intermediates.noindex/Firebase.build/Debug-iphonesimulator/FirebaseAppCheck.build/Objects-normal/x86_64/FIRAppCheckLogger.o.scan -- /Applications/Xcode.app/Contents/Developer/Toolchains/XcodeDefault.xctoolchain/usr/bin/clang -x objective-c -ivfsstatcache /Users/siam/Library/Developer/Xcode/DerivedData/SDKStatCaches.noindex/iphonesimulator26.0-23A339-26257891a6c027eb51374368541b8346.sdkstatcache -fmessage-length\=0 -fdiagnostics-show-note-include-stack -fmacro-backtrace-limit\=0 -fno-color-diagnostics -fmodules-prune-interval\=86400 -fmodules-prune-after\=345600 -fbuild-session-file\=/Users/siam/Library/Developer/Xcode/DerivedData/ModuleCache.noindex/Session.modulevalidation -fmodules-validate-once-per-build-session -Wnon-modular-include-in-framework-module -Werror\=non-modular-include-in-framework-module -Wno-trigraphs -Wno-missing-field-initializers -Wno-missing-prototypes -Wno-return-type -Wno-implicit-atomic-properties -Wno-objc-interface-ivars -Wno-arc-repeated-use-of-weak -Wno-missing-braces -Wparentheses -Wswitch -Wno-unused-function -Wno-unused-label -Wno-unused-parameter -Wno-unused-variable -Wunused-value -Wno-empty-body -Wno-uninitialized -Wno-unknown-pragmas -w -Wno-shadow -Wno-four-char-constants -Wno-conversion -Wno-constant-conversion -Wno-int-conversion -Wno-bool-conversion -Wno-enum-conversion -Wno-float-conversion -Wno-non-literal-null-conversion -Wno-objc-literal-conversion -Wshorten-64-to-32 -Wpointer-sign -Wno-newline-eof -Wno-selector -Wno-strict-selector-match -Wno-undeclared-selector -Wno-deprecated-implementations -Wno-implicit-fallthrough -fstrict-aliasing -Wprotocol -Wdeprecated-declarations -Wno-sign-conversion -Wno-infinite-recursion -Wno-comma -Wno-block-capture-autoreleasing -Wno-strict-prototypes -Wno-semicolon-before-method-body -index-store-path /Users/siam/Library/Developer/Xcode/DerivedData/Lingua_Quest-gvpckrqxtbgyprbgppjfqmimmmfw/Index.noindex/DataStore @/Users/siam/Library/Developer/Xcode/DerivedData/Lingua_Quest-gvpckrqxtbgyprbgppjfqmimmmfw/Build/Intermediates.noindex/Firebase.build/Debug-iphonesimulator/FirebaseAppCheck.build/Objects-normal/x86_64/e6072d4f65d7061329687fe24e3d63a7-common-args.resp -MMD -MT dependencies -MF /Users/siam/Library/Developer/Xcode/DerivedData/Lingua_Quest-gvpckrqxtbgyprbgppjfqmimmmfw/Build/Intermediates.noindex/Firebase.build/Debug-iphonesimulator/FirebaseAppCheck.build/Objects-normal/x86_64/FIRAppCheckLogger.d --serialize-diagnostics /Users/siam/Library/Developer/Xcode/DerivedData/Lingua_Quest-gvpckrqxtbgyprbgppjfqmimmmfw/Build/Intermediates.noindex/Firebase.build/Debug-iphonesimulator/FirebaseAppCheck.build/Objects-normal/x86_64/FIRAppCheckLogger.dia -c /Users/siam/Library/Developer/Xcode/DerivedData/Lingua_Quest-gvpckrqxtbgyprbgppjfqmimmmfw/SourcePackages/checkouts/firebase-ios-sdk/FirebaseAppCheck/Sources/Core/FIRAppCheckLogger.m -o /Users/siam/Library/Developer/Xcode/DerivedData/Lingua_Quest-gvpckrqxtbgyprbgppjfqmimmmfw/Build/Intermediates.noindex/Firebase.build/Debug-iphonesimulator/FirebaseAppCheck.build/Objects-normal/x86_64/FIRAppCheckLogger.o -index-unit-output-path /Firebase.build/Debug-iphonesimulator/FirebaseAppCheck.build/Objects-normal/x86_64/FIRAppCheckLogger.o

ScanDependencies /Users/siam/Library/Developer/Xcode/DerivedData/Lingua_Quest-gvpckrqxtbgyprbgppjfqmimmmfw/Build/Intermediates.noindex/Firebase.build/Debug-iphonesimulator/FirebaseAppCheck.build/Objects-normal/x86_64/FIRAppCheckErrors.o /Users/siam/Library/Developer/Xcode/DerivedData/Lingua_Quest-gvpckrqxtbgyprbgppjfqmimmmfw/SourcePackages/checkouts/firebase-ios-sdk/FirebaseAppCheck/Sources/Core/Errors/FIRAppCheckErrors.m normal x86_64 objective-c com.apple.compilers.llvm.clang.1_0.compiler (in target 'FirebaseAppCheck' from project 'Firebase')
    cd /Users/siam/Desktop/Lingua\ Quest/Lingua\ Quest.xcodeproj
    
    Using response file: /Users/siam/Library/Developer/Xcode/DerivedData/Lingua_Quest-gvpckrqxtbgyprbgppjfqmimmmfw/Build/Intermediates.noindex/Firebase.build/Debug-iphonesimulator/FirebaseAppCheck.build/Objects-normal/x86_64/e6072d4f65d7061329687fe24e3d63a7-common-args.resp
    
    builtin-ScanDependencies -o /Users/siam/Library/Developer/Xcode/DerivedData/Lingua_Quest-gvpckrqxtbgyprbgppjfqmimmmfw/Build/Intermediates.noindex/Firebase.build/Debug-iphonesimulator/FirebaseAppCheck.build/Objects-normal/x86_64/FIRAppCheckErrors.o.scan -- /Applications/Xcode.app/Contents/Developer/Toolchains/XcodeDefault.xctoolchain/usr/bin/clang -x objective-c -ivfsstatcache /Users/siam/Library/Developer/Xcode/DerivedData/SDKStatCaches.noindex/iphonesimulator26.0-23A339-26257891a6c027eb51374368541b8346.sdkstatcache -fmessage-length\=0 -fdiagnostics-show-note-include-stack -fmacro-backtrace-limit\=0 -fno-color-diagnostics -fmodules-prune-interval\=86400 -fmodules-prune-after\=345600 -fbuild-session-file\=/Users/siam/Library/Developer/Xcode/DerivedData/ModuleCache.noindex/Session.modulevalidation -fmodules-validate-once-per-build-session -Wnon-modular-include-in-framework-module -Werror\=non-modular-include-in-framework-module -Wno-trigraphs -Wno-missing-field-initializers -Wno-missing-prototypes -Wno-return-type -Wno-implicit-atomic-properties -Wno-objc-interface-ivars -Wno-arc-repeated-use-of-weak -Wno-missing-braces -Wparentheses -Wswitch -Wno-unused-function -Wno-unused-label -Wno-unused-parameter -Wno-unused-variable -Wunused-value -Wno-empty-body -Wno-uninitialized -Wno-unknown-pragmas -w -Wno-shadow -Wno-four-char-constants -Wno-conversion -Wno-constant-conversion -Wno-int-conversion -Wno-bool-conversion -Wno-enum-conversion -Wno-float-conversion -Wno-non-literal-null-conversion -Wno-objc-literal-conversion -Wshorten-64-to-32 -Wpointer-sign -Wno-newline-eof -Wno-selector -Wno-strict-selector-match -Wno-undeclared-selector -Wno-deprecated-implementations -Wno-implicit-fallthrough -fstrict-aliasing -Wprotocol -Wdeprecated-declarations -Wno-sign-conversion -Wno-infinite-recursion -Wno-comma -Wno-block-capture-autoreleasing -Wno-strict-prototypes -Wno-semicolon-before-method-body -index-store-path /Users/siam/Library/Developer/Xcode/DerivedData/Lingua_Quest-gvpckrqxtbgyprbgppjfqmimmmfw/Index.noindex/DataStore @/Users/siam/Library/Developer/Xcode/DerivedData/Lingua_Quest-gvpckrqxtbgyprbgppjfqmimmmfw/Build/Intermediates.noindex/Firebase.build/Debug-iphonesimulator/FirebaseAppCheck.build/Objects-normal/x86_64/e6072d4f65d7061329687fe24e3d63a7-common-args.resp -MMD -MT dependencies -MF /Users/siam/Library/Developer/Xcode/DerivedData/Lingua_Quest-gvpckrqxtbgyprbgppjfqmimmmfw/Build/Intermediates.noindex/Firebase.build/Debug-iphonesimulator/FirebaseAppCheck.build/Objects-normal/x86_64/FIRAppCheckErrors.d --serialize-diagnostics /Users/siam/Library/Developer/Xcode/DerivedData/Lingua_Quest-gvpckrqxtbgyprbgppjfqmimmmfw/Build/Intermediates.noindex/Firebase.build/Debug-iphonesimulator/FirebaseAppCheck.build/Objects-normal/x86_64/FIRAppCheckErrors.dia -c /Users/siam/Library/Developer/Xcode/DerivedData/Lingua_Quest-gvpckrqxtbgyprbgppjfqmimmmfw/SourcePackages/checkouts/firebase-ios-sdk/FirebaseAppCheck/Sources/Core/Errors/FIRAppCheckErrors.m -o /Users/siam/Library/Developer/Xcode/DerivedData/Lingua_Quest-gvpckrqxtbgyprbgppjfqmimmmfw/Build/Intermediates.noindex/Firebase.build/Debug-iphonesimulator/FirebaseAppCheck.build/Objects-normal/x86_64/FIRAppCheckErrors.o -index-unit-output-path /Firebase.build/Debug-iphonesimulator/FirebaseAppCheck.build/Objects-normal/x86_64/FIRAppCheckErrors.o

ScanDependencies /Users/siam/Library/Developer/Xcode/DerivedData/Lingua_Quest-gvpckrqxtbgyprbgppjfqmimmmfw/Build/Intermediates.noindex/Firebase.build/Debug-iphonesimulator/FirebaseAppCheck.build/Objects-normal/x86_64/FIRAppCheckErrorUtil.o /Users/siam/Library/Developer/Xcode/DerivedData/Lingua_Quest-gvpckrqxtbgyprbgppjfqmimmmfw/SourcePackages/checkouts/firebase-ios-sdk/FirebaseAppCheck/Sources/Core/Errors/FIRAppCheckErrorUtil.m normal x86_64 objective-c com.apple.compilers.llvm.clang.1_0.compiler (in target 'FirebaseAppCheck' from project 'Firebase')
    cd /Users/siam/Desktop/Lingua\ Quest/Lingua\ Quest.xcodeproj
    
    Using response file: /Users/siam/Library/Developer/Xcode/DerivedData/Lingua_Quest-gvpckrqxtbgyprbgppjfqmimmmfw/Build/Intermediates.noindex/Firebase.build/Debug-iphonesimulator/FirebaseAppCheck.build/Objects-normal/x86_64/e6072d4f65d7061329687fe24e3d63a7-common-args.resp
    
    builtin-ScanDependencies -o /Users/siam/Library/Developer/Xcode/DerivedData/Lingua_Quest-gvpckrqxtbgyprbgppjfqmimmmfw/Build/Intermediates.noindex/Firebase.build/Debug-iphonesimulator/FirebaseAppCheck.build/Objects-normal/x86_64/FIRAppCheckErrorUtil.o.scan -- /Applications/Xcode.app/Contents/Developer/Toolchains/XcodeDefault.xctoolchain/usr/bin/clang -x objective-c -ivfsstatcache /Users/siam/Library/Developer/Xcode/DerivedData/SDKStatCaches.noindex/iphonesimulator26.0-23A339-26257891a6c027eb51374368541b8346.sdkstatcache -fmessage-length\=0 -fdiagnostics-show-note-include-stack -fmacro-backtrace-limit\=0 -fno-color-diagnostics -fmodules-prune-interval\=86400 -fmodules-prune-after\=345600 -fbuild-session-file\=/Users/siam/Library/Developer/Xcode/DerivedData/ModuleCache.noindex/Session.modulevalidation -fmodules-validate-once-per-build-session -Wnon-modular-include-in-framework-module -Werror\=non-modular-include-in-framework-module -Wno-trigraphs -Wno-missing-field-initializers -Wno-missing-prototypes -Wno-return-type -Wno-implicit-atomic-properties -Wno-objc-interface-ivars -Wno-arc-repeated-use-of-weak -Wno-missing-braces -Wparentheses -Wswitch -Wno-unused-function -Wno-unused-label -Wno-unused-parameter -Wno-unused-variable -Wunused-value -Wno-empty-body -Wno-uninitialized -Wno-unknown-pragmas -w -Wno-shadow -Wno-four-char-constants -Wno-conversion -Wno-constant-conversion -Wno-int-conversion -Wno-bool-conversion -Wno-enum-conversion -Wno-float-conversion -Wno-non-literal-null-conversion -Wno-objc-literal-conversion -Wshorten-64-to-32 -Wpointer-sign -Wno-newline-eof -Wno-selector -Wno-strict-selector-match -Wno-undeclared-selector -Wno-deprecated-implementations -Wno-implicit-fallthrough -fstrict-aliasing -Wprotocol -Wdeprecated-declarations -Wno-sign-conversion -Wno-infinite-recursion -Wno-comma -Wno-block-capture-autoreleasing -Wno-strict-prototypes -Wno-semicolon-before-method-body -index-store-path /Users/siam/Library/Developer/Xcode/DerivedData/Lingua_Quest-gvpckrqxtbgyprbgppjfqmimmmfw/Index.noindex/DataStore @/Users/siam/Library/Developer/Xcode/DerivedData/Lingua_Quest-gvpckrqxtbgyprbgppjfqmimmmfw/Build/Intermediates.noindex/Firebase.build/Debug-iphonesimulator/FirebaseAppCheck.build/Objects-normal/x86_64/e6072d4f65d7061329687fe24e3d63a7-common-args.resp -MMD -MT dependencies -MF /Users/siam/Library/Developer/Xcode/DerivedData/Lingua_Quest-gvpckrqxtbgyprbgppjfqmimmmfw/Build/Intermediates.noindex/Firebase.build/Debug-iphonesimulator/FirebaseAppCheck.build/Objects-normal/x86_64/FIRAppCheckErrorUtil.d --serialize-diagnostics /Users/siam/Library/Developer/Xcode/DerivedData/Lingua_Quest-gvpckrqxtbgyprbgppjfqmimmmfw/Build/Intermediates.noindex/Firebase.build/Debug-iphonesimulator/FirebaseAppCheck.build/Objects-normal/x86_64/FIRAppCheckErrorUtil.dia -c /Users/siam/Library/Developer/Xcode/DerivedData/Lingua_Quest-gvpckrqxtbgyprbgppjfqmimmmfw/SourcePackages/checkouts/firebase-ios-sdk/FirebaseAppCheck/Sources/Core/Errors/FIRAppCheckErrorUtil.m -o /Users/siam/Library/Developer/Xcode/DerivedData/Lingua_Quest-gvpckrqxtbgyprbgppjfqmimmmfw/Build/Intermediates.noindex/Firebase.build/Debug-iphonesimulator/FirebaseAppCheck.build/Objects-normal/x86_64/FIRAppCheckErrorUtil.o -index-unit-output-path /Firebase.build/Debug-iphonesimulator/FirebaseAppCheck.build/Objects-normal/x86_64/FIRAppCheckErrorUtil.o

PrecompileModule /Users/siam/Library/Developer/Xcode/DerivedData/Lingua_Quest-gvpckrqxtbgyprbgppjfqmimmmfw/Build/Intermediates.noindex/ExplicitPrecompiledModules/FirebaseAppCheckInterop-5ZWN9HHUU9SH0YMD7LCX0V9J5.scan
    cd /
    builtin-precompileModule /Users/siam/Library/Developer/Xcode/DerivedData/Lingua_Quest-gvpckrqxtbgyprbgppjfqmimmmfw/Build/Intermediates.noindex/ExplicitPrecompiledModules/FirebaseAppCheckInterop-5ZWN9HHUU9SH0YMD7LCX0V9J5.scan

CompileC /Users/siam/Library/Developer/Xcode/DerivedData/Lingua_Quest-gvpckrqxtbgyprbgppjfqmimmmfw/Build/Intermediates.noindex/Firebase.build/Debug-iphonesimulator/FirebaseAppCheck.build/Objects-normal/x86_64/FIRAppCheckErrorUtil.o /Users/siam/Library/Developer/Xcode/DerivedData/Lingua_Quest-gvpckrqxtbgyprbgppjfqmimmmfw/SourcePackages/checkouts/firebase-ios-sdk/FirebaseAppCheck/Sources/Core/Errors/FIRAppCheckErrorUtil.m normal x86_64 objective-c com.apple.compilers.llvm.clang.1_0.compiler (in target 'FirebaseAppCheck' from project 'Firebase')
    cd /Users/siam/Desktop/Lingua\ Quest/Lingua\ Quest.xcodeproj
    
    Using response file: /Users/siam/Library/Developer/Xcode/DerivedData/Lingua_Quest-gvpckrqxtbgyprbgppjfqmimmmfw/Build/Intermediates.noindex/Firebase.build/Debug-iphonesimulator/FirebaseAppCheck.build/Objects-normal/x86_64/e6072d4f65d7061329687fe24e3d63a7-common-args.resp
    
    /Applications/Xcode.app/Contents/Developer/Toolchains/XcodeDefault.xctoolchain/usr/bin/clang -x objective-c -ivfsstatcache /Users/siam/Library/Developer/Xcode/DerivedData/SDKStatCaches.noindex/iphonesimulator26.0-23A339-26257891a6c027eb51374368541b8346.sdkstatcache -fmessage-length\=0 -fdiagnostics-show-note-include-stack -fmacro-backtrace-limit\=0 -fno-color-diagnostics -fmodules-prune-interval\=86400 -fmodules-prune-after\=345600 -fbuild-session-file\=/Users/siam/Library/Developer/Xcode/DerivedData/ModuleCache.noindex/Session.modulevalidation -fmodules-validate-once-per-build-session -Wnon-modular-include-in-framework-module -Werror\=non-modular-include-in-framework-module -Wno-trigraphs -Wno-missing-field-initializers -Wno-missing-prototypes -Wno-return-type -Wno-implicit-atomic-properties -Wno-objc-interface-ivars -Wno-arc-repeated-use-of-weak -Wno-missing-braces -Wparentheses -Wswitch -Wno-unused-function -Wno-unused-label -Wno-unused-parameter -Wno-unused-variable -Wunused-value -Wno-empty-body -Wno-uninitialized -Wno-unknown-pragmas -w -Wno-shadow -Wno-four-char-constants -Wno-conversion -Wno-constant-conversion -Wno-int-conversion -Wno-bool-conversion -Wno-enum-conversion -Wno-float-conversion -Wno-non-literal-null-conversion -Wno-objc-literal-conversion -Wshorten-64-to-32 -Wpointer-sign -Wno-newline-eof -Wno-selector -Wno-strict-selector-match -Wno-undeclared-selector -Wno-deprecated-implementations -Wno-implicit-fallthrough -fstrict-aliasing -Wprotocol -Wdeprecated-declarations -Wno-sign-conversion -Wno-infinite-recursion -Wno-comma -Wno-block-capture-autoreleasing -Wno-strict-prototypes -Wno-semicolon-before-method-body -index-store-path /Users/siam/Library/Developer/Xcode/DerivedData/Lingua_Quest-gvpckrqxtbgyprbgppjfqmimmmfw/Index.noindex/DataStore @/Users/siam/Library/Developer/Xcode/DerivedData/Lingua_Quest-gvpckrqxtbgyprbgppjfqmimmmfw/Build/Intermediates.noindex/Firebase.build/Debug-iphonesimulator/FirebaseAppCheck.build/Objects-normal/x86_64/e6072d4f65d7061329687fe24e3d63a7-common-args.resp -MMD -MT dependencies -MF /Users/siam/Library/Developer/Xcode/DerivedData/Lingua_Quest-gvpckrqxtbgyprbgppjfqmimmmfw/Build/Intermediates.noindex/Firebase.build/Debug-iphonesimulator/FirebaseAppCheck.build/Objects-normal/x86_64/FIRAppCheckErrorUtil.d --serialize-diagnostics /Users/siam/Library/Developer/Xcode/DerivedData/Lingua_Quest-gvpckrqxtbgyprbgppjfqmimmmfw/Build/Intermediates.noindex/Firebase.build/Debug-iphonesimulator/FirebaseAppCheck.build/Objects-normal/x86_64/FIRAppCheckErrorUtil.dia -c /Users/siam/Library/Developer/Xcode/DerivedData/Lingua_Quest-gvpckrqxtbgyprbgppjfqmimmmfw/SourcePackages/checkouts/firebase-ios-sdk/FirebaseAppCheck/Sources/Core/Errors/FIRAppCheckErrorUtil.m -o /Users/siam/Library/Developer/Xcode/DerivedData/Lingua_Quest-gvpckrqxtbgyprbgppjfqmimmmfw/Build/Intermediates.noindex/Firebase.build/Debug-iphonesimulator/FirebaseAppCheck.build/Objects-normal/x86_64/FIRAppCheckErrorUtil.o -index-unit-output-path /Firebase.build/Debug-iphonesimulator/FirebaseAppCheck.build/Objects-normal/x86_64/FIRAppCheckErrorUtil.o

PrecompileModule /Users/siam/Library/Developer/Xcode/DerivedData/Lingua_Quest-gvpckrqxtbgyprbgppjfqmimmmfw/Build/Intermediates.noindex/ExplicitPrecompiledModules/GoogleUtilities_UserDefaults-296EQOXYKOVNYC7F1FXZEI8SI.scan
    cd /
    builtin-precompileModule /Users/siam/Library/Developer/Xcode/DerivedData/Lingua_Quest-gvpckrqxtbgyprbgppjfqmimmmfw/Build/Intermediates.noindex/ExplicitPrecompiledModules/GoogleUtilities_UserDefaults-296EQOXYKOVNYC7F1FXZEI8SI.scan

CompileC /Users/siam/Library/Developer/Xcode/DerivedData/Lingua_Quest-gvpckrqxtbgyprbgppjfqmimmmfw/Build/Intermediates.noindex/Firebase.build/Debug-iphonesimulator/FirebaseAppCheck.build/Objects-normal/x86_64/FIRAppCheckLogger.o /Users/siam/Library/Developer/Xcode/DerivedData/Lingua_Quest-gvpckrqxtbgyprbgppjfqmimmmfw/SourcePackages/checkouts/firebase-ios-sdk/FirebaseAppCheck/Sources/Core/FIRAppCheckLogger.m normal x86_64 objective-c com.apple.compilers.llvm.clang.1_0.compiler (in target 'FirebaseAppCheck' from project 'Firebase')
    cd /Users/siam/Desktop/Lingua\ Quest/Lingua\ Quest.xcodeproj
    
    Using response file: /Users/siam/Library/Developer/Xcode/DerivedData/Lingua_Quest-gvpckrqxtbgyprbgppjfqmimmmfw/Build/Intermediates.noindex/Firebase.build/Debug-iphonesimulator/FirebaseAppCheck.build/Objects-normal/x86_64/e6072d4f65d7061329687fe24e3d63a7-common-args.resp
    
    /Applications/Xcode.app/Contents/Developer/Toolchains/XcodeDefault.xctoolchain/usr/bin/clang -x objective-c -ivfsstatcache /Users/siam/Library/Developer/Xcode/DerivedData/SDKStatCaches.noindex/iphonesimulator26.0-23A339-26257891a6c027eb51374368541b8346.sdkstatcache -fmessage-length\=0 -fdiagnostics-show-note-include-stack -fmacro-backtrace-limit\=0 -fno-color-diagnostics -fmodules-prune-interval\=86400 -fmodules-prune-after\=345600 -fbuild-session-file\=/Users/siam/Library/Developer/Xcode/DerivedData/ModuleCache.noindex/Session.modulevalidation -fmodules-validate-once-per-build-session -Wnon-modular-include-in-framework-module -Werror\=non-modular-include-in-framework-module -Wno-trigraphs -Wno-missing-field-initializers -Wno-missing-prototypes -Wno-return-type -Wno-implicit-atomic-properties -Wno-objc-interface-ivars -Wno-arc-repeated-use-of-weak -Wno-missing-braces -Wparentheses -Wswitch -Wno-unused-function -Wno-unused-label -Wno-unused-parameter -Wno-unused-variable -Wunused-value -Wno-empty-body -Wno-uninitialized -Wno-unknown-pragmas -w -Wno-shadow -Wno-four-char-constants -Wno-conversion -Wno-constant-conversion -Wno-int-conversion -Wno-bool-conversion -Wno-enum-conversion -Wno-float-conversion -Wno-non-literal-null-conversion -Wno-objc-literal-conversion -Wshorten-64-to-32 -Wpointer-sign -Wno-newline-eof -Wno-selector -Wno-strict-selector-match -Wno-undeclared-selector -Wno-deprecated-implementations -Wno-implicit-fallthrough -fstrict-aliasing -Wprotocol -Wdeprecated-declarations -Wno-sign-conversion -Wno-infinite-recursion -Wno-comma -Wno-block-capture-autoreleasing -Wno-strict-prototypes -Wno-semicolon-before-method-body -index-store-path /Users/siam/Library/Developer/Xcode/DerivedData/Lingua_Quest-gvpckrqxtbgyprbgppjfqmimmmfw/Index.noindex/DataStore @/Users/siam/Library/Developer/Xcode/DerivedData/Lingua_Quest-gvpckrqxtbgyprbgppjfqmimmmfw/Build/Intermediates.noindex/Firebase.build/Debug-iphonesimulator/FirebaseAppCheck.build/Objects-normal/x86_64/e6072d4f65d7061329687fe24e3d63a7-common-args.resp -MMD -MT dependencies -MF /Users/siam/Library/Developer/Xcode/DerivedData/Lingua_Quest-gvpckrqxtbgyprbgppjfqmimmmfw/Build/Intermediates.noindex/Firebase.build/Debug-iphonesimulator/FirebaseAppCheck.build/Objects-normal/x86_64/FIRAppCheckLogger.d --serialize-diagnostics /Users/siam/Library/Developer/Xcode/DerivedData/Lingua_Quest-gvpckrqxtbgyprbgppjfqmimmmfw/Build/Intermediates.noindex/Firebase.build/Debug-iphonesimulator/FirebaseAppCheck.build/Objects-normal/x86_64/FIRAppCheckLogger.dia -c /Users/siam/Library/Developer/Xcode/DerivedData/Lingua_Quest-gvpckrqxtbgyprbgppjfqmimmmfw/SourcePackages/checkouts/firebase-ios-sdk/FirebaseAppCheck/Sources/Core/FIRAppCheckLogger.m -o /Users/siam/Library/Developer/Xcode/DerivedData/Lingua_Quest-gvpckrqxtbgyprbgppjfqmimmmfw/Build/Intermediates.noindex/Firebase.build/Debug-iphonesimulator/FirebaseAppCheck.build/Objects-normal/x86_64/FIRAppCheckLogger.o -index-unit-output-path /Firebase.build/Debug-iphonesimulator/FirebaseAppCheck.build/Objects-normal/x86_64/FIRAppCheckLogger.o

CompileC /Users/siam/Library/Developer/Xcode/DerivedData/Lingua_Quest-gvpckrqxtbgyprbgppjfqmimmmfw/Build/Intermediates.noindex/Firebase.build/Debug-iphonesimulator/FirebaseAppCheck.build/Objects-normal/x86_64/FIRAppCheckErrors.o /Users/siam/Library/Developer/Xcode/DerivedData/Lingua_Quest-gvpckrqxtbgyprbgppjfqmimmmfw/SourcePackages/checkouts/firebase-ios-sdk/FirebaseAppCheck/Sources/Core/Errors/FIRAppCheckErrors.m normal x86_64 objective-c com.apple.compilers.llvm.clang.1_0.compiler (in target 'FirebaseAppCheck' from project 'Firebase')
    cd /Users/siam/Desktop/Lingua\ Quest/Lingua\ Quest.xcodeproj
    
    Using response file: /Users/siam/Library/Developer/Xcode/DerivedData/Lingua_Quest-gvpckrqxtbgyprbgppjfqmimmmfw/Build/Intermediates.noindex/Firebase.build/Debug-iphonesimulator/FirebaseAppCheck.build/Objects-normal/x86_64/e6072d4f65d7061329687fe24e3d63a7-common-args.resp
    
    /Applications/Xcode.app/Contents/Developer/Toolchains/XcodeDefault.xctoolchain/usr/bin/clang -x objective-c -ivfsstatcache /Users/siam/Library/Developer/Xcode/DerivedData/SDKStatCaches.noindex/iphonesimulator26.0-23A339-26257891a6c027eb51374368541b8346.sdkstatcache -fmessage-length\=0 -fdiagnostics-show-note-include-stack -fmacro-backtrace-limit\=0 -fno-color-diagnostics -fmodules-prune-interval\=86400 -fmodules-prune-after\=345600 -fbuild-session-file\=/Users/siam/Library/Developer/Xcode/DerivedData/ModuleCache.noindex/Session.modulevalidation -fmodules-validate-once-per-build-session -Wnon-modular-include-in-framework-module -Werror\=non-modular-include-in-framework-module -Wno-trigraphs -Wno-missing-field-initializers -Wno-missing-prototypes -Wno-return-type -Wno-implicit-atomic-properties -Wno-objc-interface-ivars -Wno-arc-repeated-use-of-weak -Wno-missing-braces -Wparentheses -Wswitch -Wno-unused-function -Wno-unused-label -Wno-unused-parameter -Wno-unused-variable -Wunused-value -Wno-empty-body -Wno-uninitialized -Wno-unknown-pragmas -w -Wno-shadow -Wno-four-char-constants -Wno-conversion -Wno-constant-conversion -Wno-int-conversion -Wno-bool-conversion -Wno-enum-conversion -Wno-float-conversion -Wno-non-literal-null-conversion -Wno-objc-literal-conversion -Wshorten-64-to-32 -Wpointer-sign -Wno-newline-eof -Wno-selector -Wno-strict-selector-match -Wno-undeclared-selector -Wno-deprecated-implementations -Wno-implicit-fallthrough -fstrict-aliasing -Wprotocol -Wdeprecated-declarations -Wno-sign-conversion -Wno-infinite-recursion -Wno-comma -Wno-block-capture-autoreleasing -Wno-strict-prototypes -Wno-semicolon-before-method-body -index-store-path /Users/siam/Library/Developer/Xcode/DerivedData/Lingua_Quest-gvpckrqxtbgyprbgppjfqmimmmfw/Index.noindex/DataStore @/Users/siam/Library/Developer/Xcode/DerivedData/Lingua_Quest-gvpckrqxtbgyprbgppjfqmimmmfw/Build/Intermediates.noindex/Firebase.build/Debug-iphonesimulator/FirebaseAppCheck.build/Objects-normal/x86_64/e6072d4f65d7061329687fe24e3d63a7-common-args.resp -MMD -MT dependencies -MF /Users/siam/Library/Developer/Xcode/DerivedData/Lingua_Quest-gvpckrqxtbgyprbgppjfqmimmmfw/Build/Intermediates.noindex/Firebase.build/Debug-iphonesimulator/FirebaseAppCheck.build/Objects-normal/x86_64/FIRAppCheckErrors.d --serialize-diagnostics /Users/siam/Library/Developer/Xcode/DerivedData/Lingua_Quest-gvpckrqxtbgyprbgppjfqmimmmfw/Build/Intermediates.noindex/Firebase.build/Debug-iphonesimulator/FirebaseAppCheck.build/Objects-normal/x86_64/FIRAppCheckErrors.dia -c /Users/siam/Library/Developer/Xcode/DerivedData/Lingua_Quest-gvpckrqxtbgyprbgppjfqmimmmfw/SourcePackages/checkouts/firebase-ios-sdk/FirebaseAppCheck/Sources/Core/Errors/FIRAppCheckErrors.m -o /Users/siam/Library/Developer/Xcode/DerivedData/Lingua_Quest-gvpckrqxtbgyprbgppjfqmimmmfw/Build/Intermediates.noindex/Firebase.build/Debug-iphonesimulator/FirebaseAppCheck.build/Objects-normal/x86_64/FIRAppCheckErrors.o -index-unit-output-path /Firebase.build/Debug-iphonesimulator/FirebaseAppCheck.build/Objects-normal/x86_64/FIRAppCheckErrors.o

ScanDependencies /Users/siam/Library/Developer/Xcode/DerivedData/Lingua_Quest-gvpckrqxtbgyprbgppjfqmimmmfw/Build/Intermediates.noindex/Firebase.build/Debug-iphonesimulator/FirebaseAppCheck.build/Objects-normal/x86_64/FIRAppCheckDebugProviderFactory.o /Users/siam/Library/Developer/Xcode/DerivedData/Lingua_Quest-gvpckrqxtbgyprbgppjfqmimmmfw/SourcePackages/checkouts/firebase-ios-sdk/FirebaseAppCheck/Sources/DebugProvider/FIRAppCheckDebugProviderFactory.m normal x86_64 objective-c com.apple.compilers.llvm.clang.1_0.compiler (in target 'FirebaseAppCheck' from project 'Firebase')
    cd /Users/siam/Desktop/Lingua\ Quest/Lingua\ Quest.xcodeproj
    
    Using response file: /Users/siam/Library/Developer/Xcode/DerivedData/Lingua_Quest-gvpckrqxtbgyprbgppjfqmimmmfw/Build/Intermediates.noindex/Firebase.build/Debug-iphonesimulator/FirebaseAppCheck.build/Objects-normal/x86_64/e6072d4f65d7061329687fe24e3d63a7-common-args.resp
    
    builtin-ScanDependencies -o /Users/siam/Library/Developer/Xcode/DerivedData/Lingua_Quest-gvpckrqxtbgyprbgppjfqmimmmfw/Build/Intermediates.noindex/Firebase.build/Debug-iphonesimulator/FirebaseAppCheck.build/Objects-normal/x86_64/FIRAppCheckDebugProviderFactory.o.scan -- /Applications/Xcode.app/Contents/Developer/Toolchains/XcodeDefault.xctoolchain/usr/bin/clang -x objective-c -ivfsstatcache /Users/siam/Library/Developer/Xcode/DerivedData/SDKStatCaches.noindex/iphonesimulator26.0-23A339-26257891a6c027eb51374368541b8346.sdkstatcache -fmessage-length\=0 -fdiagnostics-show-note-include-stack -fmacro-backtrace-limit\=0 -fno-color-diagnostics -fmodules-prune-interval\=86400 -fmodules-prune-after\=345600 -fbuild-session-file\=/Users/siam/Library/Developer/Xcode/DerivedData/ModuleCache.noindex/Session.modulevalidation -fmodules-validate-once-per-build-session -Wnon-modular-include-in-framework-module -Werror\=non-modular-include-in-framework-module -Wno-trigraphs -Wno-missing-field-initializers -Wno-missing-prototypes -Wno-return-type -Wno-implicit-atomic-properties -Wno-objc-interface-ivars -Wno-arc-repeated-use-of-weak -Wno-missing-braces -Wparentheses -Wswitch -Wno-unused-function -Wno-unused-label -Wno-unused-parameter -Wno-unused-variable -Wunused-value -Wno-empty-body -Wno-uninitialized -Wno-unknown-pragmas -w -Wno-shadow -Wno-four-char-constants -Wno-conversion -Wno-constant-conversion -Wno-int-conversion -Wno-bool-conversion -Wno-enum-conversion -Wno-float-conversion -Wno-non-literal-null-conversion -Wno-objc-literal-conversion -Wshorten-64-to-32 -Wpointer-sign -Wno-newline-eof -Wno-selector -Wno-strict-selector-match -Wno-undeclared-selector -Wno-deprecated-implementations -Wno-implicit-fallthrough -fstrict-aliasing -Wprotocol -Wdeprecated-declarations -Wno-sign-conversion -Wno-infinite-recursion -Wno-comma -Wno-block-capture-autoreleasing -Wno-strict-prototypes -Wno-semicolon-before-method-body -index-store-path /Users/siam/Library/Developer/Xcode/DerivedData/Lingua_Quest-gvpckrqxtbgyprbgppjfqmimmmfw/Index.noindex/DataStore @/Users/siam/Library/Developer/Xcode/DerivedData/Lingua_Quest-gvpckrqxtbgyprbgppjfqmimmmfw/Build/Intermediates.noindex/Firebase.build/Debug-iphonesimulator/FirebaseAppCheck.build/Objects-normal/x86_64/e6072d4f65d7061329687fe24e3d63a7-common-args.resp -MMD -MT dependencies -MF /Users/siam/Library/Developer/Xcode/DerivedData/Lingua_Quest-gvpckrqxtbgyprbgppjfqmimmmfw/Build/Intermediates.noindex/Firebase.build/Debug-iphonesimulator/FirebaseAppCheck.build/Objects-normal/x86_64/FIRAppCheckDebugProviderFactory.d --serialize-diagnostics /Users/siam/Library/Developer/Xcode/DerivedData/Lingua_Quest-gvpckrqxtbgyprbgppjfqmimmmfw/Build/Intermediates.noindex/Firebase.build/Debug-iphonesimulator/FirebaseAppCheck.build/Objects-normal/x86_64/FIRAppCheckDebugProviderFactory.dia -c /Users/siam/Library/Developer/Xcode/DerivedData/Lingua_Quest-gvpckrqxtbgyprbgppjfqmimmmfw/SourcePackages/checkouts/firebase-ios-sdk/FirebaseAppCheck/Sources/DebugProvider/FIRAppCheckDebugProviderFactory.m -o /Users/siam/Library/Developer/Xcode/DerivedData/Lingua_Quest-gvpckrqxtbgyprbgppjfqmimmmfw/Build/Intermediates.noindex/Firebase.build/Debug-iphonesimulator/FirebaseAppCheck.build/Objects-normal/x86_64/FIRAppCheckDebugProviderFactory.o -index-unit-output-path /Firebase.build/Debug-iphonesimulator/FirebaseAppCheck.build/Objects-normal/x86_64/FIRAppCheckDebugProviderFactory.o

ScanDependencies /Users/siam/Library/Developer/Xcode/DerivedData/Lingua_Quest-gvpckrqxtbgyprbgppjfqmimmmfw/Build/Intermediates.noindex/Firebase.build/Debug-iphonesimulator/FirebaseAppCheck.build/Objects-normal/x86_64/FIRAppCheckDebugProvider.o /Users/siam/Library/Developer/Xcode/DerivedData/Lingua_Quest-gvpckrqxtbgyprbgppjfqmimmmfw/SourcePackages/checkouts/firebase-ios-sdk/FirebaseAppCheck/Sources/DebugProvider/FIRAppCheckDebugProvider.m normal x86_64 objective-c com.apple.compilers.llvm.clang.1_0.compiler (in target 'FirebaseAppCheck' from project 'Firebase')
    cd /Users/siam/Desktop/Lingua\ Quest/Lingua\ Quest.xcodeproj
    
    Using response file: /Users/siam/Library/Developer/Xcode/DerivedData/Lingua_Quest-gvpckrqxtbgyprbgppjfqmimmmfw/Build/Intermediates.noindex/Firebase.build/Debug-iphonesimulator/FirebaseAppCheck.build/Objects-normal/x86_64/e6072d4f65d7061329687fe24e3d63a7-common-args.resp
    
    builtin-ScanDependencies -o /Users/siam/Library/Developer/Xcode/DerivedData/Lingua_Quest-gvpckrqxtbgyprbgppjfqmimmmfw/Build/Intermediates.noindex/Firebase.build/Debug-iphonesimulator/FirebaseAppCheck.build/Objects-normal/x86_64/FIRAppCheckDebugProvider.o.scan -- /Applications/Xcode.app/Contents/Developer/Toolchains/XcodeDefault.xctoolchain/usr/bin/clang -x objective-c -ivfsstatcache /Users/siam/Library/Developer/Xcode/DerivedData/SDKStatCaches.noindex/iphonesimulator26.0-23A339-26257891a6c027eb51374368541b8346.sdkstatcache -fmessage-length\=0 -fdiagnostics-show-note-include-stack -fmacro-backtrace-limit\=0 -fno-color-diagnostics -fmodules-prune-interval\=86400 -fmodules-prune-after\=345600 -fbuild-session-file\=/Users/siam/Library/Developer/Xcode/DerivedData/ModuleCache.noindex/Session.modulevalidation -fmodules-validate-once-per-build-session -Wnon-modular-include-in-framework-module -Werror\=non-modular-include-in-framework-module -Wno-trigraphs -Wno-missing-field-initializers -Wno-missing-prototypes -Wno-return-type -Wno-implicit-atomic-properties -Wno-objc-interface-ivars -Wno-arc-repeated-use-of-weak -Wno-missing-braces -Wparentheses -Wswitch -Wno-unused-function -Wno-unused-label -Wno-unused-parameter -Wno-unused-variable -Wunused-value -Wno-empty-body -Wno-uninitialized -Wno-unknown-pragmas -w -Wno-shadow -Wno-four-char-constants -Wno-conversion -Wno-constant-conversion -Wno-int-conversion -Wno-bool-conversion -Wno-enum-conversion -Wno-float-conversion -Wno-non-literal-null-conversion -Wno-objc-literal-conversion -Wshorten-64-to-32 -Wpointer-sign -Wno-newline-eof -Wno-selector -Wno-strict-selector-match -Wno-undeclared-selector -Wno-deprecated-implementations -Wno-implicit-fallthrough -fstrict-aliasing -Wprotocol -Wdeprecated-declarations -Wno-sign-conversion -Wno-infinite-recursion -Wno-comma -Wno-block-capture-autoreleasing -Wno-strict-prototypes -Wno-semicolon-before-method-body -index-store-path /Users/siam/Library/Developer/Xcode/DerivedData/Lingua_Quest-gvpckrqxtbgyprbgppjfqmimmmfw/Index.noindex/DataStore @/Users/siam/Library/Developer/Xcode/DerivedData/Lingua_Quest-gvpckrqxtbgyprbgppjfqmimmmfw/Build/Intermediates.noindex/Firebase.build/Debug-iphonesimulator/FirebaseAppCheck.build/Objects-normal/x86_64/e6072d4f65d7061329687fe24e3d63a7-common-args.resp -MMD -MT dependencies -MF /Users/siam/Library/Developer/Xcode/DerivedData/Lingua_Quest-gvpckrqxtbgyprbgppjfqmimmmfw/Build/Intermediates.noindex/Firebase.build/Debug-iphonesimulator/FirebaseAppCheck.build/Objects-normal/x86_64/FIRAppCheckDebugProvider.d --serialize-diagnostics /Users/siam/Library/Developer/Xcode/DerivedData/Lingua_Quest-gvpckrqxtbgyprbgppjfqmimmmfw/Build/Intermediates.noindex/Firebase.build/Debug-iphonesimulator/FirebaseAppCheck.build/Objects-normal/x86_64/FIRAppCheckDebugProvider.dia -c /Users/siam/Library/Developer/Xcode/DerivedData/Lingua_Quest-gvpckrqxtbgyprbgppjfqmimmmfw/SourcePackages/checkouts/firebase-ios-sdk/FirebaseAppCheck/Sources/DebugProvider/FIRAppCheckDebugProvider.m -o /Users/siam/Library/Developer/Xcode/DerivedData/Lingua_Quest-gvpckrqxtbgyprbgppjfqmimmmfw/Build/Intermediates.noindex/Firebase.build/Debug-iphonesimulator/FirebaseAppCheck.build/Objects-normal/x86_64/FIRAppCheckDebugProvider.o -index-unit-output-path /Firebase.build/Debug-iphonesimulator/FirebaseAppCheck.build/Objects-normal/x86_64/FIRAppCheckDebugProvider.o

ScanDependencies /Users/siam/Library/Developer/Xcode/DerivedData/Lingua_Quest-gvpckrqxtbgyprbgppjfqmimmmfw/Build/Intermediates.noindex/Firebase.build/Debug-iphonesimulator/FirebaseAppCheck.build/Objects-normal/x86_64/FIRAppCheckComponent.o /Users/siam/Library/Developer/Xcode/DerivedData/Lingua_Quest-gvpckrqxtbgyprbgppjfqmimmmfw/SourcePackages/checkouts/firebase-ios-sdk/FirebaseAppCheck/Sources/Core/FIRAppCheckComponent.m normal x86_64 objective-c com.apple.compilers.llvm.clang.1_0.compiler (in target 'FirebaseAppCheck' from project 'Firebase')
    cd /Users/siam/Desktop/Lingua\ Quest/Lingua\ Quest.xcodeproj
    
    Using response file: /Users/siam/Library/Developer/Xcode/DerivedData/Lingua_Quest-gvpckrqxtbgyprbgppjfqmimmmfw/Build/Intermediates.noindex/Firebase.build/Debug-iphonesimulator/FirebaseAppCheck.build/Objects-normal/x86_64/e6072d4f65d7061329687fe24e3d63a7-common-args.resp
    
    builtin-ScanDependencies -o /Users/siam/Library/Developer/Xcode/DerivedData/Lingua_Quest-gvpckrqxtbgyprbgppjfqmimmmfw/Build/Intermediates.noindex/Firebase.build/Debug-iphonesimulator/FirebaseAppCheck.build/Objects-normal/x86_64/FIRAppCheckComponent.o.scan -- /Applications/Xcode.app/Contents/Developer/Toolchains/XcodeDefault.xctoolchain/usr/bin/clang -x objective-c -ivfsstatcache /Users/siam/Library/Developer/Xcode/DerivedData/SDKStatCaches.noindex/iphonesimulator26.0-23A339-26257891a6c027eb51374368541b8346.sdkstatcache -fmessage-length\=0 -fdiagnostics-show-note-include-stack -fmacro-backtrace-limit\=0 -fno-color-diagnostics -fmodules-prune-interval\=86400 -fmodules-prune-after\=345600 -fbuild-session-file\=/Users/siam/Library/Developer/Xcode/DerivedData/ModuleCache.noindex/Session.modulevalidation -fmodules-validate-once-per-build-session -Wnon-modular-include-in-framework-module -Werror\=non-modular-include-in-framework-module -Wno-trigraphs -Wno-missing-field-initializers -Wno-missing-prototypes -Wno-return-type -Wno-implicit-atomic-properties -Wno-objc-interface-ivars -Wno-arc-repeated-use-of-weak -Wno-missing-braces -Wparentheses -Wswitch -Wno-unused-function -Wno-unused-label -Wno-unused-parameter -Wno-unused-variable -Wunused-value -Wno-empty-body -Wno-uninitialized -Wno-unknown-pragmas -w -Wno-shadow -Wno-four-char-constants -Wno-conversion -Wno-constant-conversion -Wno-int-conversion -Wno-bool-conversion -Wno-enum-conversion -Wno-float-conversion -Wno-non-literal-null-conversion -Wno-objc-literal-conversion -Wshorten-64-to-32 -Wpointer-sign -Wno-newline-eof -Wno-selector -Wno-strict-selector-match -Wno-undeclared-selector -Wno-deprecated-implementations -Wno-implicit-fallthrough -fstrict-aliasing -Wprotocol -Wdeprecated-declarations -Wno-sign-conversion -Wno-infinite-recursion -Wno-comma -Wno-block-capture-autoreleasing -Wno-strict-prototypes -Wno-semicolon-before-method-body -index-store-path /Users/siam/Library/Developer/Xcode/DerivedData/Lingua_Quest-gvpckrqxtbgyprbgppjfqmimmmfw/Index.noindex/DataStore @/Users/siam/Library/Developer/Xcode/DerivedData/Lingua_Quest-gvpckrqxtbgyprbgppjfqmimmmfw/Build/Intermediates.noindex/Firebase.build/Debug-iphonesimulator/FirebaseAppCheck.build/Objects-normal/x86_64/e6072d4f65d7061329687fe24e3d63a7-common-args.resp -MMD -MT dependencies -MF /Users/siam/Library/Developer/Xcode/DerivedData/Lingua_Quest-gvpckrqxtbgyprbgppjfqmimmmfw/Build/Intermediates.noindex/Firebase.build/Debug-iphonesimulator/FirebaseAppCheck.build/Objects-normal/x86_64/FIRAppCheckComponent.d --serialize-diagnostics /Users/siam/Library/Developer/Xcode/DerivedData/Lingua_Quest-gvpckrqxtbgyprbgppjfqmimmmfw/Build/Intermediates.noindex/Firebase.build/Debug-iphonesimulator/FirebaseAppCheck.build/Objects-normal/x86_64/FIRAppCheckComponent.dia -c /Users/siam/Library/Developer/Xcode/DerivedData/Lingua_Quest-gvpckrqxtbgyprbgppjfqmimmmfw/SourcePackages/checkouts/firebase-ios-sdk/FirebaseAppCheck/Sources/Core/FIRAppCheckComponent.m -o /Users/siam/Library/Developer/Xcode/DerivedData/Lingua_Quest-gvpckrqxtbgyprbgppjfqmimmmfw/Build/Intermediates.noindex/Firebase.build/Debug-iphonesimulator/FirebaseAppCheck.build/Objects-normal/x86_64/FIRAppCheckComponent.o -index-unit-output-path /Firebase.build/Debug-iphonesimulator/FirebaseAppCheck.build/Objects-normal/x86_64/FIRAppCheckComponent.o

CompileC /Users/siam/Library/Developer/Xcode/DerivedData/Lingua_Quest-gvpckrqxtbgyprbgppjfqmimmmfw/Build/Intermediates.noindex/Firebase.build/Debug-iphonesimulator/FirebaseAppCheck.build/Objects-normal/x86_64/FIRAppCheckTokenResult.o /Users/siam/Library/Developer/Xcode/DerivedData/Lingua_Quest-gvpckrqxtbgyprbgppjfqmimmmfw/SourcePackages/checkouts/firebase-ios-sdk/FirebaseAppCheck/Sources/Core/FIRAppCheckTokenResult.m normal x86_64 objective-c com.apple.compilers.llvm.clang.1_0.compiler (in target 'FirebaseAppCheck' from project 'Firebase')
    cd /Users/siam/Desktop/Lingua\ Quest/Lingua\ Quest.xcodeproj
    
    Using response file: /Users/siam/Library/Developer/Xcode/DerivedData/Lingua_Quest-gvpckrqxtbgyprbgppjfqmimmmfw/Build/Intermediates.noindex/Firebase.build/Debug-iphonesimulator/FirebaseAppCheck.build/Objects-normal/x86_64/e6072d4f65d7061329687fe24e3d63a7-common-args.resp
    
    /Applications/Xcode.app/Contents/Developer/Toolchains/XcodeDefault.xctoolchain/usr/bin/clang -x objective-c -ivfsstatcache /Users/siam/Library/Developer/Xcode/DerivedData/SDKStatCaches.noindex/iphonesimulator26.0-23A339-26257891a6c027eb51374368541b8346.sdkstatcache -fmessage-length\=0 -fdiagnostics-show-note-include-stack -fmacro-backtrace-limit\=0 -fno-color-diagnostics -fmodules-prune-interval\=86400 -fmodules-prune-after\=345600 -fbuild-session-file\=/Users/siam/Library/Developer/Xcode/DerivedData/ModuleCache.noindex/Session.modulevalidation -fmodules-validate-once-per-build-session -Wnon-modular-include-in-framework-module -Werror\=non-modular-include-in-framework-module -Wno-trigraphs -Wno-missing-field-initializers -Wno-missing-prototypes -Wno-return-type -Wno-implicit-atomic-properties -Wno-objc-interface-ivars -Wno-arc-repeated-use-of-weak -Wno-missing-braces -Wparentheses -Wswitch -Wno-unused-function -Wno-unused-label -Wno-unused-parameter -Wno-unused-variable -Wunused-value -Wno-empty-body -Wno-uninitialized -Wno-unknown-pragmas -w -Wno-shadow -Wno-four-char-constants -Wno-conversion -Wno-constant-conversion -Wno-int-conversion -Wno-bool-conversion -Wno-enum-conversion -Wno-float-conversion -Wno-non-literal-null-conversion -Wno-objc-literal-conversion -Wshorten-64-to-32 -Wpointer-sign -Wno-newline-eof -Wno-selector -Wno-strict-selector-match -Wno-undeclared-selector -Wno-deprecated-implementations -Wno-implicit-fallthrough -fstrict-aliasing -Wprotocol -Wdeprecated-declarations -Wno-sign-conversion -Wno-infinite-recursion -Wno-comma -Wno-block-capture-autoreleasing -Wno-strict-prototypes -Wno-semicolon-before-method-body -index-store-path /Users/siam/Library/Developer/Xcode/DerivedData/Lingua_Quest-gvpckrqxtbgyprbgppjfqmimmmfw/Index.noindex/DataStore @/Users/siam/Library/Developer/Xcode/DerivedData/Lingua_Quest-gvpckrqxtbgyprbgppjfqmimmmfw/Build/Intermediates.noindex/Firebase.build/Debug-iphonesimulator/FirebaseAppCheck.build/Objects-normal/x86_64/e6072d4f65d7061329687fe24e3d63a7-common-args.resp -MMD -MT dependencies -MF /Users/siam/Library/Developer/Xcode/DerivedData/Lingua_Quest-gvpckrqxtbgyprbgppjfqmimmmfw/Build/Intermediates.noindex/Firebase.build/Debug-iphonesimulator/FirebaseAppCheck.build/Objects-normal/x86_64/FIRAppCheckTokenResult.d --serialize-diagnostics /Users/siam/Library/Developer/Xcode/DerivedData/Lingua_Quest-gvpckrqxtbgyprbgppjfqmimmmfw/Build/Intermediates.noindex/Firebase.build/Debug-iphonesimulator/FirebaseAppCheck.build/Objects-normal/x86_64/FIRAppCheckTokenResult.dia -c /Users/siam/Library/Developer/Xcode/DerivedData/Lingua_Quest-gvpckrqxtbgyprbgppjfqmimmmfw/SourcePackages/checkouts/firebase-ios-sdk/FirebaseAppCheck/Sources/Core/FIRAppCheckTokenResult.m -o /Users/siam/Library/Developer/Xcode/DerivedData/Lingua_Quest-gvpckrqxtbgyprbgppjfqmimmmfw/Build/Intermediates.noindex/Firebase.build/Debug-iphonesimulator/FirebaseAppCheck.build/Objects-normal/x86_64/FIRAppCheckTokenResult.o -index-unit-output-path /Firebase.build/Debug-iphonesimulator/FirebaseAppCheck.build/Objects-normal/x86_64/FIRAppCheckTokenResult.o

CompileC /Users/siam/Library/Developer/Xcode/DerivedData/Lingua_Quest-gvpckrqxtbgyprbgppjfqmimmmfw/Build/Intermediates.noindex/Firebase.build/Debug-iphonesimulator/FirebaseAppCheck.build/Objects-normal/x86_64/FIRAppCheckSettings.o /Users/siam/Library/Developer/Xcode/DerivedData/Lingua_Quest-gvpckrqxtbgyprbgppjfqmimmmfw/SourcePackages/checkouts/firebase-ios-sdk/FirebaseAppCheck/Sources/Core/FIRAppCheckSettings.m normal x86_64 objective-c com.apple.compilers.llvm.clang.1_0.compiler (in target 'FirebaseAppCheck' from project 'Firebase')
    cd /Users/siam/Desktop/Lingua\ Quest/Lingua\ Quest.xcodeproj
    
    Using response file: /Users/siam/Library/Developer/Xcode/DerivedData/Lingua_Quest-gvpckrqxtbgyprbgppjfqmimmmfw/Build/Intermediates.noindex/Firebase.build/Debug-iphonesimulator/FirebaseAppCheck.build/Objects-normal/x86_64/e6072d4f65d7061329687fe24e3d63a7-common-args.resp
    
    /Applications/Xcode.app/Contents/Developer/Toolchains/XcodeDefault.xctoolchain/usr/bin/clang -x objective-c -ivfsstatcache /Users/siam/Library/Developer/Xcode/DerivedData/SDKStatCaches.noindex/iphonesimulator26.0-23A339-26257891a6c027eb51374368541b8346.sdkstatcache -fmessage-length\=0 -fdiagnostics-show-note-include-stack -fmacro-backtrace-limit\=0 -fno-color-diagnostics -fmodules-prune-interval\=86400 -fmodules-prune-after\=345600 -fbuild-session-file\=/Users/siam/Library/Developer/Xcode/DerivedData/ModuleCache.noindex/Session.modulevalidation -fmodules-validate-once-per-build-session -Wnon-modular-include-in-framework-module -Werror\=non-modular-include-in-framework-module -Wno-trigraphs -Wno-missing-field-initializers -Wno-missing-prototypes -Wno-return-type -Wno-implicit-atomic-properties -Wno-objc-interface-ivars -Wno-arc-repeated-use-of-weak -Wno-missing-braces -Wparentheses -Wswitch -Wno-unused-function -Wno-unused-label -Wno-unused-parameter -Wno-unused-variable -Wunused-value -Wno-empty-body -Wno-uninitialized -Wno-unknown-pragmas -w -Wno-shadow -Wno-four-char-constants -Wno-conversion -Wno-constant-conversion -Wno-int-conversion -Wno-bool-conversion -Wno-enum-conversion -Wno-float-conversion -Wno-non-literal-null-conversion -Wno-objc-literal-conversion -Wshorten-64-to-32 -Wpointer-sign -Wno-newline-eof -Wno-selector -Wno-strict-selector-match -Wno-undeclared-selector -Wno-deprecated-implementations -Wno-implicit-fallthrough -fstrict-aliasing -Wprotocol -Wdeprecated-declarations -Wno-sign-conversion -Wno-infinite-recursion -Wno-comma -Wno-block-capture-autoreleasing -Wno-strict-prototypes -Wno-semicolon-before-method-body -index-store-path /Users/siam/Library/Developer/Xcode/DerivedData/Lingua_Quest-gvpckrqxtbgyprbgppjfqmimmmfw/Index.noindex/DataStore @/Users/siam/Library/Developer/Xcode/DerivedData/Lingua_Quest-gvpckrqxtbgyprbgppjfqmimmmfw/Build/Intermediates.noindex/Firebase.build/Debug-iphonesimulator/FirebaseAppCheck.build/Objects-normal/x86_64/e6072d4f65d7061329687fe24e3d63a7-common-args.resp -MMD -MT dependencies -MF /Users/siam/Library/Developer/Xcode/DerivedData/Lingua_Quest-gvpckrqxtbgyprbgppjfqmimmmfw/Build/Intermediates.noindex/Firebase.build/Debug-iphonesimulator/FirebaseAppCheck.build/Objects-normal/x86_64/FIRAppCheckSettings.d --serialize-diagnostics /Users/siam/Library/Developer/Xcode/DerivedData/Lingua_Quest-gvpckrqxtbgyprbgppjfqmimmmfw/Build/Intermediates.noindex/Firebase.build/Debug-iphonesimulator/FirebaseAppCheck.build/Objects-normal/x86_64/FIRAppCheckSettings.dia -c /Users/siam/Library/Developer/Xcode/DerivedData/Lingua_Quest-gvpckrqxtbgyprbgppjfqmimmmfw/SourcePackages/checkouts/firebase-ios-sdk/FirebaseAppCheck/Sources/Core/FIRAppCheckSettings.m -o /Users/siam/Library/Developer/Xcode/DerivedData/Lingua_Quest-gvpckrqxtbgyprbgppjfqmimmmfw/Build/Intermediates.noindex/Firebase.build/Debug-iphonesimulator/FirebaseAppCheck.build/Objects-normal/x86_64/FIRAppCheckSettings.o -index-unit-output-path /Firebase.build/Debug-iphonesimulator/FirebaseAppCheck.build/Objects-normal/x86_64/FIRAppCheckSettings.o

ScanDependencies /Users/siam/Library/Developer/Xcode/DerivedData/Lingua_Quest-gvpckrqxtbgyprbgppjfqmimmmfw/Build/Intermediates.noindex/Firebase.build/Debug-iphonesimulator/FirebaseAppCheck.build/Objects-normal/x86_64/FIRAppCheck.o /Users/siam/Library/Developer/Xcode/DerivedData/Lingua_Quest-gvpckrqxtbgyprbgppjfqmimmmfw/SourcePackages/checkouts/firebase-ios-sdk/FirebaseAppCheck/Sources/Core/FIRAppCheck.m normal x86_64 objective-c com.apple.compilers.llvm.clang.1_0.compiler (in target 'FirebaseAppCheck' from project 'Firebase')
    cd /Users/siam/Desktop/Lingua\ Quest/Lingua\ Quest.xcodeproj
    
    Using response file: /Users/siam/Library/Developer/Xcode/DerivedData/Lingua_Quest-gvpckrqxtbgyprbgppjfqmimmmfw/Build/Intermediates.noindex/Firebase.build/Debug-iphonesimulator/FirebaseAppCheck.build/Objects-normal/x86_64/e6072d4f65d7061329687fe24e3d63a7-common-args.resp
    
    builtin-ScanDependencies -o /Users/siam/Library/Developer/Xcode/DerivedData/Lingua_Quest-gvpckrqxtbgyprbgppjfqmimmmfw/Build/Intermediates.noindex/Firebase.build/Debug-iphonesimulator/FirebaseAppCheck.build/Objects-normal/x86_64/FIRAppCheck.o.scan -- /Applications/Xcode.app/Contents/Developer/Toolchains/XcodeDefault.xctoolchain/usr/bin/clang -x objective-c -ivfsstatcache /Users/siam/Library/Developer/Xcode/DerivedData/SDKStatCaches.noindex/iphonesimulator26.0-23A339-26257891a6c027eb51374368541b8346.sdkstatcache -fmessage-length\=0 -fdiagnostics-show-note-include-stack -fmacro-backtrace-limit\=0 -fno-color-diagnostics -fmodules-prune-interval\=86400 -fmodules-prune-after\=345600 -fbuild-session-file\=/Users/siam/Library/Developer/Xcode/DerivedData/ModuleCache.noindex/Session.modulevalidation -fmodules-validate-once-per-build-session -Wnon-modular-include-in-framework-module -Werror\=non-modular-include-in-framework-module -Wno-trigraphs -Wno-missing-field-initializers -Wno-missing-prototypes -Wno-return-type -Wno-implicit-atomic-properties -Wno-objc-interface-ivars -Wno-arc-repeated-use-of-weak -Wno-missing-braces -Wparentheses -Wswitch -Wno-unused-function -Wno-unused-label -Wno-unused-parameter -Wno-unused-variable -Wunused-value -Wno-empty-body -Wno-uninitialized -Wno-unknown-pragmas -w -Wno-shadow -Wno-four-char-constants -Wno-conversion -Wno-constant-conversion -Wno-int-conversion -Wno-bool-conversion -Wno-enum-conversion -Wno-float-conversion -Wno-non-literal-null-conversion -Wno-objc-literal-conversion -Wshorten-64-to-32 -Wpointer-sign -Wno-newline-eof -Wno-selector -Wno-strict-selector-match -Wno-undeclared-selector -Wno-deprecated-implementations -Wno-implicit-fallthrough -fstrict-aliasing -Wprotocol -Wdeprecated-declarations -Wno-sign-conversion -Wno-infinite-recursion -Wno-comma -Wno-block-capture-autoreleasing -Wno-strict-prototypes -Wno-semicolon-before-method-body -index-store-path /Users/siam/Library/Developer/Xcode/DerivedData/Lingua_Quest-gvpckrqxtbgyprbgppjfqmimmmfw/Index.noindex/DataStore @/Users/siam/Library/Developer/Xcode/DerivedData/Lingua_Quest-gvpckrqxtbgyprbgppjfqmimmmfw/Build/Intermediates.noindex/Firebase.build/Debug-iphonesimulator/FirebaseAppCheck.build/Objects-normal/x86_64/e6072d4f65d7061329687fe24e3d63a7-common-args.resp -MMD -MT dependencies -MF /Users/siam/Library/Developer/Xcode/DerivedData/Lingua_Quest-gvpckrqxtbgyprbgppjfqmimmmfw/Build/Intermediates.noindex/Firebase.build/Debug-iphonesimulator/FirebaseAppCheck.build/Objects-normal/x86_64/FIRAppCheck.d --serialize-diagnostics /Users/siam/Library/Developer/Xcode/DerivedData/Lingua_Quest-gvpckrqxtbgyprbgppjfqmimmmfw/Build/Intermediates.noindex/Firebase.build/Debug-iphonesimulator/FirebaseAppCheck.build/Objects-normal/x86_64/FIRAppCheck.dia -c /Users/siam/Library/Developer/Xcode/DerivedData/Lingua_Quest-gvpckrqxtbgyprbgppjfqmimmmfw/SourcePackages/checkouts/firebase-ios-sdk/FirebaseAppCheck/Sources/Core/FIRAppCheck.m -o /Users/siam/Library/Developer/Xcode/DerivedData/Lingua_Quest-gvpckrqxtbgyprbgppjfqmimmmfw/Build/Intermediates.noindex/Firebase.build/Debug-iphonesimulator/FirebaseAppCheck.build/Objects-normal/x86_64/FIRAppCheck.o -index-unit-output-path /Firebase.build/Debug-iphonesimulator/FirebaseAppCheck.build/Objects-normal/x86_64/FIRAppCheck.o

ScanDependencies /Users/siam/Library/Developer/Xcode/DerivedData/Lingua_Quest-gvpckrqxtbgyprbgppjfqmimmmfw/Build/Intermediates.noindex/Firebase.build/Debug-iphonesimulator/FirebaseAppCheck.build/Objects-normal/x86_64/FIRAppAttestProviderFactory.o /Users/siam/Library/Developer/Xcode/DerivedData/Lingua_Quest-gvpckrqxtbgyprbgppjfqmimmmfw/SourcePackages/checkouts/firebase-ios-sdk/FirebaseAppCheck/Sources/AppAttestProvider/FIRAppAttestProviderFactory.m normal x86_64 objective-c com.apple.compilers.llvm.clang.1_0.compiler (in target 'FirebaseAppCheck' from project 'Firebase')
    cd /Users/siam/Desktop/Lingua\ Quest/Lingua\ Quest.xcodeproj
    
    Using response file: /Users/siam/Library/Developer/Xcode/DerivedData/Lingua_Quest-gvpckrqxtbgyprbgppjfqmimmmfw/Build/Intermediates.noindex/Firebase.build/Debug-iphonesimulator/FirebaseAppCheck.build/Objects-normal/x86_64/e6072d4f65d7061329687fe24e3d63a7-common-args.resp
    
    builtin-ScanDependencies -o /Users/siam/Library/Developer/Xcode/DerivedData/Lingua_Quest-gvpckrqxtbgyprbgppjfqmimmmfw/Build/Intermediates.noindex/Firebase.build/Debug-iphonesimulator/FirebaseAppCheck.build/Objects-normal/x86_64/FIRAppAttestProviderFactory.o.scan -- /Applications/Xcode.app/Contents/Developer/Toolchains/XcodeDefault.xctoolchain/usr/bin/clang -x objective-c -ivfsstatcache /Users/siam/Library/Developer/Xcode/DerivedData/SDKStatCaches.noindex/iphonesimulator26.0-23A339-26257891a6c027eb51374368541b8346.sdkstatcache -fmessage-length\=0 -fdiagnostics-show-note-include-stack -fmacro-backtrace-limit\=0 -fno-color-diagnostics -fmodules-prune-interval\=86400 -fmodules-prune-after\=345600 -fbuild-session-file\=/Users/siam/Library/Developer/Xcode/DerivedData/ModuleCache.noindex/Session.modulevalidation -fmodules-validate-once-per-build-session -Wnon-modular-include-in-framework-module -Werror\=non-modular-include-in-framework-module -Wno-trigraphs -Wno-missing-field-initializers -Wno-missing-prototypes -Wno-return-type -Wno-implicit-atomic-properties -Wno-objc-interface-ivars -Wno-arc-repeated-use-of-weak -Wno-missing-braces -Wparentheses -Wswitch -Wno-unused-function -Wno-unused-label -Wno-unused-parameter -Wno-unused-variable -Wunused-value -Wno-empty-body -Wno-uninitialized -Wno-unknown-pragmas -w -Wno-shadow -Wno-four-char-constants -Wno-conversion -Wno-constant-conversion -Wno-int-conversion -Wno-bool-conversion -Wno-enum-conversion -Wno-float-conversion -Wno-non-literal-null-conversion -Wno-objc-literal-conversion -Wshorten-64-to-32 -Wpointer-sign -Wno-newline-eof -Wno-selector -Wno-strict-selector-match -Wno-undeclared-selector -Wno-deprecated-implementations -Wno-implicit-fallthrough -fstrict-aliasing -Wprotocol -Wdeprecated-declarations -Wno-sign-conversion -Wno-infinite-recursion -Wno-comma -Wno-block-capture-autoreleasing -Wno-strict-prototypes -Wno-semicolon-before-method-body -index-store-path /Users/siam/Library/Developer/Xcode/DerivedData/Lingua_Quest-gvpckrqxtbgyprbgppjfqmimmmfw/Index.noindex/DataStore @/Users/siam/Library/Developer/Xcode/DerivedData/Lingua_Quest-gvpckrqxtbgyprbgppjfqmimmmfw/Build/Intermediates.noindex/Firebase.build/Debug-iphonesimulator/FirebaseAppCheck.build/Objects-normal/x86_64/e6072d4f65d7061329687fe24e3d63a7-common-args.resp -MMD -MT dependencies -MF /Users/siam/Library/Developer/Xcode/DerivedData/Lingua_Quest-gvpckrqxtbgyprbgppjfqmimmmfw/Build/Intermediates.noindex/Firebase.build/Debug-iphonesimulator/FirebaseAppCheck.build/Objects-normal/x86_64/FIRAppAttestProviderFactory.d --serialize-diagnostics /Users/siam/Library/Developer/Xcode/DerivedData/Lingua_Quest-gvpckrqxtbgyprbgppjfqmimmmfw/Build/Intermediates.noindex/Firebase.build/Debug-iphonesimulator/FirebaseAppCheck.build/Objects-normal/x86_64/FIRAppAttestProviderFactory.dia -c /Users/siam/Library/Developer/Xcode/DerivedData/Lingua_Quest-gvpckrqxtbgyprbgppjfqmimmmfw/SourcePackages/checkouts/firebase-ios-sdk/FirebaseAppCheck/Sources/AppAttestProvider/FIRAppAttestProviderFactory.m -o /Users/siam/Library/Developer/Xcode/DerivedData/Lingua_Quest-gvpckrqxtbgyprbgppjfqmimmmfw/Build/Intermediates.noindex/Firebase.build/Debug-iphonesimulator/FirebaseAppCheck.build/Objects-normal/x86_64/FIRAppAttestProviderFactory.o -index-unit-output-path /Firebase.build/Debug-iphonesimulator/FirebaseAppCheck.build/Objects-normal/x86_64/FIRAppAttestProviderFactory.o

ScanDependencies /Users/siam/Library/Developer/Xcode/DerivedData/Lingua_Quest-gvpckrqxtbgyprbgppjfqmimmmfw/Build/Intermediates.noindex/Firebase.build/Debug-iphonesimulator/FirebaseAppCheck.build/Objects-normal/x86_64/FIRAppAttestProvider.o /Users/siam/Library/Developer/Xcode/DerivedData/Lingua_Quest-gvpckrqxtbgyprbgppjfqmimmmfw/SourcePackages/checkouts/firebase-ios-sdk/FirebaseAppCheck/Sources/AppAttestProvider/FIRAppAttestProvider.m normal x86_64 objective-c com.apple.compilers.llvm.clang.1_0.compiler (in target 'FirebaseAppCheck' from project 'Firebase')
    cd /Users/siam/Desktop/Lingua\ Quest/Lingua\ Quest.xcodeproj
    
    Using response file: /Users/siam/Library/Developer/Xcode/DerivedData/Lingua_Quest-gvpckrqxtbgyprbgppjfqmimmmfw/Build/Intermediates.noindex/Firebase.build/Debug-iphonesimulator/FirebaseAppCheck.build/Objects-normal/x86_64/e6072d4f65d7061329687fe24e3d63a7-common-args.resp
    
    builtin-ScanDependencies -o /Users/siam/Library/Developer/Xcode/DerivedData/Lingua_Quest-gvpckrqxtbgyprbgppjfqmimmmfw/Build/Intermediates.noindex/Firebase.build/Debug-iphonesimulator/FirebaseAppCheck.build/Objects-normal/x86_64/FIRAppAttestProvider.o.scan -- /Applications/Xcode.app/Contents/Developer/Toolchains/XcodeDefault.xctoolchain/usr/bin/clang -x objective-c -ivfsstatcache /Users/siam/Library/Developer/Xcode/DerivedData/SDKStatCaches.noindex/iphonesimulator26.0-23A339-26257891a6c027eb51374368541b8346.sdkstatcache -fmessage-length\=0 -fdiagnostics-show-note-include-stack -fmacro-backtrace-limit\=0 -fno-color-diagnostics -fmodules-prune-interval\=86400 -fmodules-prune-after\=345600 -fbuild-session-file\=/Users/siam/Library/Developer/Xcode/DerivedData/ModuleCache.noindex/Session.modulevalidation -fmodules-validate-once-per-build-session -Wnon-modular-include-in-framework-module -Werror\=non-modular-include-in-framework-module -Wno-trigraphs -Wno-missing-field-initializers -Wno-missing-prototypes -Wno-return-type -Wno-implicit-atomic-properties -Wno-objc-interface-ivars -Wno-arc-repeated-use-of-weak -Wno-missing-braces -Wparentheses -Wswitch -Wno-unused-function -Wno-unused-label -Wno-unused-parameter -Wno-unused-variable -Wunused-value -Wno-empty-body -Wno-uninitialized -Wno-unknown-pragmas -w -Wno-shadow -Wno-four-char-constants -Wno-conversion -Wno-constant-conversion -Wno-int-conversion -Wno-bool-conversion -Wno-enum-conversion -Wno-float-conversion -Wno-non-literal-null-conversion -Wno-objc-literal-conversion -Wshorten-64-to-32 -Wpointer-sign -Wno-newline-eof -Wno-selector -Wno-strict-selector-match -Wno-undeclared-selector -Wno-deprecated-implementations -Wno-implicit-fallthrough -fstrict-aliasing -Wprotocol -Wdeprecated-declarations -Wno-sign-conversion -Wno-infinite-recursion -Wno-comma -Wno-block-capture-autoreleasing -Wno-strict-prototypes -Wno-semicolon-before-method-body -index-store-path /Users/siam/Library/Developer/Xcode/DerivedData/Lingua_Quest-gvpckrqxtbgyprbgppjfqmimmmfw/Index.noindex/DataStore @/Users/siam/Library/Developer/Xcode/DerivedData/Lingua_Quest-gvpckrqxtbgyprbgppjfqmimmmfw/Build/Intermediates.noindex/Firebase.build/Debug-iphonesimulator/FirebaseAppCheck.build/Objects-normal/x86_64/e6072d4f65d7061329687fe24e3d63a7-common-args.resp -MMD -MT dependencies -MF /Users/siam/Library/Developer/Xcode/DerivedData/Lingua_Quest-gvpckrqxtbgyprbgppjfqmimmmfw/Build/Intermediates.noindex/Firebase.build/Debug-iphonesimulator/FirebaseAppCheck.build/Objects-normal/x86_64/FIRAppAttestProvider.d --serialize-diagnostics /Users/siam/Library/Developer/Xcode/DerivedData/Lingua_Quest-gvpckrqxtbgyprbgppjfqmimmmfw/Build/Intermediates.noindex/Firebase.build/Debug-iphonesimulator/FirebaseAppCheck.build/Objects-normal/x86_64/FIRAppAttestProvider.dia -c /Users/siam/Library/Developer/Xcode/DerivedData/Lingua_Quest-gvpckrqxtbgyprbgppjfqmimmmfw/SourcePackages/checkouts/firebase-ios-sdk/FirebaseAppCheck/Sources/AppAttestProvider/FIRAppAttestProvider.m -o /Users/siam/Library/Developer/Xcode/DerivedData/Lingua_Quest-gvpckrqxtbgyprbgppjfqmimmmfw/Build/Intermediates.noindex/Firebase.build/Debug-iphonesimulator/FirebaseAppCheck.build/Objects-normal/x86_64/FIRAppAttestProvider.o -index-unit-output-path /Firebase.build/Debug-iphonesimulator/FirebaseAppCheck.build/Objects-normal/x86_64/FIRAppAttestProvider.o

CompileC /Users/siam/Library/Developer/Xcode/DerivedData/Lingua_Quest-gvpckrqxtbgyprbgppjfqmimmmfw/Build/Intermediates.noindex/Firebase.build/Debug-iphonesimulator/FirebaseAppCheck.build/Objects-normal/x86_64/FIRAppCheckDebugProviderFactory.o /Users/siam/Library/Developer/Xcode/DerivedData/Lingua_Quest-gvpckrqxtbgyprbgppjfqmimmmfw/SourcePackages/checkouts/firebase-ios-sdk/FirebaseAppCheck/Sources/DebugProvider/FIRAppCheckDebugProviderFactory.m normal x86_64 objective-c com.apple.compilers.llvm.clang.1_0.compiler (in target 'FirebaseAppCheck' from project 'Firebase')
    cd /Users/siam/Desktop/Lingua\ Quest/Lingua\ Quest.xcodeproj
    
    Using response file: /Users/siam/Library/Developer/Xcode/DerivedData/Lingua_Quest-gvpckrqxtbgyprbgppjfqmimmmfw/Build/Intermediates.noindex/Firebase.build/Debug-iphonesimulator/FirebaseAppCheck.build/Objects-normal/x86_64/e6072d4f65d7061329687fe24e3d63a7-common-args.resp
    
    /Applications/Xcode.app/Contents/Developer/Toolchains/XcodeDefault.xctoolchain/usr/bin/clang -x objective-c -ivfsstatcache /Users/siam/Library/Developer/Xcode/DerivedData/SDKStatCaches.noindex/iphonesimulator26.0-23A339-26257891a6c027eb51374368541b8346.sdkstatcache -fmessage-length\=0 -fdiagnostics-show-note-include-stack -fmacro-backtrace-limit\=0 -fno-color-diagnostics -fmodules-prune-interval\=86400 -fmodules-prune-after\=345600 -fbuild-session-file\=/Users/siam/Library/Developer/Xcode/DerivedData/ModuleCache.noindex/Session.modulevalidation -fmodules-validate-once-per-build-session -Wnon-modular-include-in-framework-module -Werror\=non-modular-include-in-framework-module -Wno-trigraphs -Wno-missing-field-initializers -Wno-missing-prototypes -Wno-return-type -Wno-implicit-atomic-properties -Wno-objc-interface-ivars -Wno-arc-repeated-use-of-weak -Wno-missing-braces -Wparentheses -Wswitch -Wno-unused-function -Wno-unused-label -Wno-unused-parameter -Wno-unused-variable -Wunused-value -Wno-empty-body -Wno-uninitialized -Wno-unknown-pragmas -w -Wno-shadow -Wno-four-char-constants -Wno-conversion -Wno-constant-conversion -Wno-int-conversion -Wno-bool-conversion -Wno-enum-conversion -Wno-float-conversion -Wno-non-literal-null-conversion -Wno-objc-literal-conversion -Wshorten-64-to-32 -Wpointer-sign -Wno-newline-eof -Wno-selector -Wno-strict-selector-match -Wno-undeclared-selector -Wno-deprecated-implementations -Wno-implicit-fallthrough -fstrict-aliasing -Wprotocol -Wdeprecated-declarations -Wno-sign-conversion -Wno-infinite-recursion -Wno-comma -Wno-block-capture-autoreleasing -Wno-strict-prototypes -Wno-semicolon-before-method-body -index-store-path /Users/siam/Library/Developer/Xcode/DerivedData/Lingua_Quest-gvpckrqxtbgyprbgppjfqmimmmfw/Index.noindex/DataStore @/Users/siam/Library/Developer/Xcode/DerivedData/Lingua_Quest-gvpckrqxtbgyprbgppjfqmimmmfw/Build/Intermediates.noindex/Firebase.build/Debug-iphonesimulator/FirebaseAppCheck.build/Objects-normal/x86_64/e6072d4f65d7061329687fe24e3d63a7-common-args.resp -MMD -MT dependencies -MF /Users/siam/Library/Developer/Xcode/DerivedData/Lingua_Quest-gvpckrqxtbgyprbgppjfqmimmmfw/Build/Intermediates.noindex/Firebase.build/Debug-iphonesimulator/FirebaseAppCheck.build/Objects-normal/x86_64/FIRAppCheckDebugProviderFactory.d --serialize-diagnostics /Users/siam/Library/Developer/Xcode/DerivedData/Lingua_Quest-gvpckrqxtbgyprbgppjfqmimmmfw/Build/Intermediates.noindex/Firebase.build/Debug-iphonesimulator/FirebaseAppCheck.build/Objects-normal/x86_64/FIRAppCheckDebugProviderFactory.dia -c /Users/siam/Library/Developer/Xcode/DerivedData/Lingua_Quest-gvpckrqxtbgyprbgppjfqmimmmfw/SourcePackages/checkouts/firebase-ios-sdk/FirebaseAppCheck/Sources/DebugProvider/FIRAppCheckDebugProviderFactory.m -o /Users/siam/Library/Developer/Xcode/DerivedData/Lingua_Quest-gvpckrqxtbgyprbgppjfqmimmmfw/Build/Intermediates.noindex/Firebase.build/Debug-iphonesimulator/FirebaseAppCheck.build/Objects-normal/x86_64/FIRAppCheckDebugProviderFactory.o -index-unit-output-path /Firebase.build/Debug-iphonesimulator/FirebaseAppCheck.build/Objects-normal/x86_64/FIRAppCheckDebugProviderFactory.o

CompileC /Users/siam/Library/Developer/Xcode/DerivedData/Lingua_Quest-gvpckrqxtbgyprbgppjfqmimmmfw/Build/Intermediates.noindex/Firebase.build/Debug-iphonesimulator/FirebaseAppCheck.build/Objects-normal/x86_64/FIRAppCheckDebugProvider.o /Users/siam/Library/Developer/Xcode/DerivedData/Lingua_Quest-gvpckrqxtbgyprbgppjfqmimmmfw/SourcePackages/checkouts/firebase-ios-sdk/FirebaseAppCheck/Sources/DebugProvider/FIRAppCheckDebugProvider.m normal x86_64 objective-c com.apple.compilers.llvm.clang.1_0.compiler (in target 'FirebaseAppCheck' from project 'Firebase')
    cd /Users/siam/Desktop/Lingua\ Quest/Lingua\ Quest.xcodeproj
    
    Using response file: /Users/siam/Library/Developer/Xcode/DerivedData/Lingua_Quest-gvpckrqxtbgyprbgppjfqmimmmfw/Build/Intermediates.noindex/Firebase.build/Debug-iphonesimulator/FirebaseAppCheck.build/Objects-normal/x86_64/e6072d4f65d7061329687fe24e3d63a7-common-args.resp
    
    /Applications/Xcode.app/Contents/Developer/Toolchains/XcodeDefault.xctoolchain/usr/bin/clang -x objective-c -ivfsstatcache /Users/siam/Library/Developer/Xcode/DerivedData/SDKStatCaches.noindex/iphonesimulator26.0-23A339-26257891a6c027eb51374368541b8346.sdkstatcache -fmessage-length\=0 -fdiagnostics-show-note-include-stack -fmacro-backtrace-limit\=0 -fno-color-diagnostics -fmodules-prune-interval\=86400 -fmodules-prune-after\=345600 -fbuild-session-file\=/Users/siam/Library/Developer/Xcode/DerivedData/ModuleCache.noindex/Session.modulevalidation -fmodules-validate-once-per-build-session -Wnon-modular-include-in-framework-module -Werror\=non-modular-include-in-framework-module -Wno-trigraphs -Wno-missing-field-initializers -Wno-missing-prototypes -Wno-return-type -Wno-implicit-atomic-properties -Wno-objc-interface-ivars -Wno-arc-repeated-use-of-weak -Wno-missing-braces -Wparentheses -Wswitch -Wno-unused-function -Wno-unused-label -Wno-unused-parameter -Wno-unused-variable -Wunused-value -Wno-empty-body -Wno-uninitialized -Wno-unknown-pragmas -w -Wno-shadow -Wno-four-char-constants -Wno-conversion -Wno-constant-conversion -Wno-int-conversion -Wno-bool-conversion -Wno-enum-conversion -Wno-float-conversion -Wno-non-literal-null-conversion -Wno-objc-literal-conversion -Wshorten-64-to-32 -Wpointer-sign -Wno-newline-eof -Wno-selector -Wno-strict-selector-match -Wno-undeclared-selector -Wno-deprecated-implementations -Wno-implicit-fallthrough -fstrict-aliasing -Wprotocol -Wdeprecated-declarations -Wno-sign-conversion -Wno-infinite-recursion -Wno-comma -Wno-block-capture-autoreleasing -Wno-strict-prototypes -Wno-semicolon-before-method-body -index-store-path /Users/siam/Library/Developer/Xcode/DerivedData/Lingua_Quest-gvpckrqxtbgyprbgppjfqmimmmfw/Index.noindex/DataStore @/Users/siam/Library/Developer/Xcode/DerivedData/Lingua_Quest-gvpckrqxtbgyprbgppjfqmimmmfw/Build/Intermediates.noindex/Firebase.build/Debug-iphonesimulator/FirebaseAppCheck.build/Objects-normal/x86_64/e6072d4f65d7061329687fe24e3d63a7-common-args.resp -MMD -MT dependencies -MF /Users/siam/Library/Developer/Xcode/DerivedData/Lingua_Quest-gvpckrqxtbgyprbgppjfqmimmmfw/Build/Intermediates.noindex/Firebase.build/Debug-iphonesimulator/FirebaseAppCheck.build/Objects-normal/x86_64/FIRAppCheckDebugProvider.d --serialize-diagnostics /Users/siam/Library/Developer/Xcode/DerivedData/Lingua_Quest-gvpckrqxtbgyprbgppjfqmimmmfw/Build/Intermediates.noindex/Firebase.build/Debug-iphonesimulator/FirebaseAppCheck.build/Objects-normal/x86_64/FIRAppCheckDebugProvider.dia -c /Users/siam/Library/Developer/Xcode/DerivedData/Lingua_Quest-gvpckrqxtbgyprbgppjfqmimmmfw/SourcePackages/checkouts/firebase-ios-sdk/FirebaseAppCheck/Sources/DebugProvider/FIRAppCheckDebugProvider.m -o /Users/siam/Library/Developer/Xcode/DerivedData/Lingua_Quest-gvpckrqxtbgyprbgppjfqmimmmfw/Build/Intermediates.noindex/Firebase.build/Debug-iphonesimulator/FirebaseAppCheck.build/Objects-normal/x86_64/FIRAppCheckDebugProvider.o -index-unit-output-path /Firebase.build/Debug-iphonesimulator/FirebaseAppCheck.build/Objects-normal/x86_64/FIRAppCheckDebugProvider.o

CompileC /Users/siam/Library/Developer/Xcode/DerivedData/Lingua_Quest-gvpckrqxtbgyprbgppjfqmimmmfw/Build/Intermediates.noindex/Firebase.build/Debug-iphonesimulator/FirebaseAppCheck.build/Objects-normal/x86_64/FIRAppCheckComponent.o /Users/siam/Library/Developer/Xcode/DerivedData/Lingua_Quest-gvpckrqxtbgyprbgppjfqmimmmfw/SourcePackages/checkouts/firebase-ios-sdk/FirebaseAppCheck/Sources/Core/FIRAppCheckComponent.m normal x86_64 objective-c com.apple.compilers.llvm.clang.1_0.compiler (in target 'FirebaseAppCheck' from project 'Firebase')
    cd /Users/siam/Desktop/Lingua\ Quest/Lingua\ Quest.xcodeproj
    
    Using response file: /Users/siam/Library/Developer/Xcode/DerivedData/Lingua_Quest-gvpckrqxtbgyprbgppjfqmimmmfw/Build/Intermediates.noindex/Firebase.build/Debug-iphonesimulator/FirebaseAppCheck.build/Objects-normal/x86_64/e6072d4f65d7061329687fe24e3d63a7-common-args.resp
    
    /Applications/Xcode.app/Contents/Developer/Toolchains/XcodeDefault.xctoolchain/usr/bin/clang -x objective-c -ivfsstatcache /Users/siam/Library/Developer/Xcode/DerivedData/SDKStatCaches.noindex/iphonesimulator26.0-23A339-26257891a6c027eb51374368541b8346.sdkstatcache -fmessage-length\=0 -fdiagnostics-show-note-include-stack -fmacro-backtrace-limit\=0 -fno-color-diagnostics -fmodules-prune-interval\=86400 -fmodules-prune-after\=345600 -fbuild-session-file\=/Users/siam/Library/Developer/Xcode/DerivedData/ModuleCache.noindex/Session.modulevalidation -fmodules-validate-once-per-build-session -Wnon-modular-include-in-framework-module -Werror\=non-modular-include-in-framework-module -Wno-trigraphs -Wno-missing-field-initializers -Wno-missing-prototypes -Wno-return-type -Wno-implicit-atomic-properties -Wno-objc-interface-ivars -Wno-arc-repeated-use-of-weak -Wno-missing-braces -Wparentheses -Wswitch -Wno-unused-function -Wno-unused-label -Wno-unused-parameter -Wno-unused-variable -Wunused-value -Wno-empty-body -Wno-uninitialized -Wno-unknown-pragmas -w -Wno-shadow -Wno-four-char-constants -Wno-conversion -Wno-constant-conversion -Wno-int-conversion -Wno-bool-conversion -Wno-enum-conversion -Wno-float-conversion -Wno-non-literal-null-conversion -Wno-objc-literal-conversion -Wshorten-64-to-32 -Wpointer-sign -Wno-newline-eof -Wno-selector -Wno-strict-selector-match -Wno-undeclared-selector -Wno-deprecated-implementations -Wno-implicit-fallthrough -fstrict-aliasing -Wprotocol -Wdeprecated-declarations -Wno-sign-conversion -Wno-infinite-recursion -Wno-comma -Wno-block-capture-autoreleasing -Wno-strict-prototypes -Wno-semicolon-before-method-body -index-store-path /Users/siam/Library/Developer/Xcode/DerivedData/Lingua_Quest-gvpckrqxtbgyprbgppjfqmimmmfw/Index.noindex/DataStore @/Users/siam/Library/Developer/Xcode/DerivedData/Lingua_Quest-gvpckrqxtbgyprbgppjfqmimmmfw/Build/Intermediates.noindex/Firebase.build/Debug-iphonesimulator/FirebaseAppCheck.build/Objects-normal/x86_64/e6072d4f65d7061329687fe24e3d63a7-common-args.resp -MMD -MT dependencies -MF /Users/siam/Library/Developer/Xcode/DerivedData/Lingua_Quest-gvpckrqxtbgyprbgppjfqmimmmfw/Build/Intermediates.noindex/Firebase.build/Debug-iphonesimulator/FirebaseAppCheck.build/Objects-normal/x86_64/FIRAppCheckComponent.d --serialize-diagnostics /Users/siam/Library/Developer/Xcode/DerivedData/Lingua_Quest-gvpckrqxtbgyprbgppjfqmimmmfw/Build/Intermediates.noindex/Firebase.build/Debug-iphonesimulator/FirebaseAppCheck.build/Objects-normal/x86_64/FIRAppCheckComponent.dia -c /Users/siam/Library/Developer/Xcode/DerivedData/Lingua_Quest-gvpckrqxtbgyprbgppjfqmimmmfw/SourcePackages/checkouts/firebase-ios-sdk/FirebaseAppCheck/Sources/Core/FIRAppCheckComponent.m -o /Users/siam/Library/Developer/Xcode/DerivedData/Lingua_Quest-gvpckrqxtbgyprbgppjfqmimmmfw/Build/Intermediates.noindex/Firebase.build/Debug-iphonesimulator/FirebaseAppCheck.build/Objects-normal/x86_64/FIRAppCheckComponent.o -index-unit-output-path /Firebase.build/Debug-iphonesimulator/FirebaseAppCheck.build/Objects-normal/x86_64/FIRAppCheckComponent.o

ScanDependencies /Users/siam/Library/Developer/Xcode/DerivedData/Lingua_Quest-gvpckrqxtbgyprbgppjfqmimmmfw/Build/Intermediates.noindex/Firebase.build/Debug-iphonesimulator/FirebaseAppCheck.build/Objects-normal/x86_64/FIRApp+AppCheck.o /Users/siam/Library/Developer/Xcode/DerivedData/Lingua_Quest-gvpckrqxtbgyprbgppjfqmimmmfw/SourcePackages/checkouts/firebase-ios-sdk/FirebaseAppCheck/Sources/Core/FIRApp+AppCheck.m normal x86_64 objective-c com.apple.compilers.llvm.clang.1_0.compiler (in target 'FirebaseAppCheck' from project 'Firebase')
    cd /Users/siam/Desktop/Lingua\ Quest/Lingua\ Quest.xcodeproj
    
    Using response file: /Users/siam/Library/Developer/Xcode/DerivedData/Lingua_Quest-gvpckrqxtbgyprbgppjfqmimmmfw/Build/Intermediates.noindex/Firebase.build/Debug-iphonesimulator/FirebaseAppCheck.build/Objects-normal/x86_64/e6072d4f65d7061329687fe24e3d63a7-common-args.resp
    
    builtin-ScanDependencies -o /Users/siam/Library/Developer/Xcode/DerivedData/Lingua_Quest-gvpckrqxtbgyprbgppjfqmimmmfw/Build/Intermediates.noindex/Firebase.build/Debug-iphonesimulator/FirebaseAppCheck.build/Objects-normal/x86_64/FIRApp+AppCheck.o.scan -- /Applications/Xcode.app/Contents/Developer/Toolchains/XcodeDefault.xctoolchain/usr/bin/clang -x objective-c -ivfsstatcache /Users/siam/Library/Developer/Xcode/DerivedData/SDKStatCaches.noindex/iphonesimulator26.0-23A339-26257891a6c027eb51374368541b8346.sdkstatcache -fmessage-length\=0 -fdiagnostics-show-note-include-stack -fmacro-backtrace-limit\=0 -fno-color-diagnostics -fmodules-prune-interval\=86400 -fmodules-prune-after\=345600 -fbuild-session-file\=/Users/siam/Library/Developer/Xcode/DerivedData/ModuleCache.noindex/Session.modulevalidation -fmodules-validate-once-per-build-session -Wnon-modular-include-in-framework-module -Werror\=non-modular-include-in-framework-module -Wno-trigraphs -Wno-missing-field-initializers -Wno-missing-prototypes -Wno-return-type -Wno-implicit-atomic-properties -Wno-objc-interface-ivars -Wno-arc-repeated-use-of-weak -Wno-missing-braces -Wparentheses -Wswitch -Wno-unused-function -Wno-unused-label -Wno-unused-parameter -Wno-unused-variable -Wunused-value -Wno-empty-body -Wno-uninitialized -Wno-unknown-pragmas -w -Wno-shadow -Wno-four-char-constants -Wno-conversion -Wno-constant-conversion -Wno-int-conversion -Wno-bool-conversion -Wno-enum-conversion -Wno-float-conversion -Wno-non-literal-null-conversion -Wno-objc-literal-conversion -Wshorten-64-to-32 -Wpointer-sign -Wno-newline-eof -Wno-selector -Wno-strict-selector-match -Wno-undeclared-selector -Wno-deprecated-implementations -Wno-implicit-fallthrough -fstrict-aliasing -Wprotocol -Wdeprecated-declarations -Wno-sign-conversion -Wno-infinite-recursion -Wno-comma -Wno-block-capture-autoreleasing -Wno-strict-prototypes -Wno-semicolon-before-method-body -index-store-path /Users/siam/Library/Developer/Xcode/DerivedData/Lingua_Quest-gvpckrqxtbgyprbgppjfqmimmmfw/Index.noindex/DataStore @/Users/siam/Library/Developer/Xcode/DerivedData/Lingua_Quest-gvpckrqxtbgyprbgppjfqmimmmfw/Build/Intermediates.noindex/Firebase.build/Debug-iphonesimulator/FirebaseAppCheck.build/Objects-normal/x86_64/e6072d4f65d7061329687fe24e3d63a7-common-args.resp -MMD -MT dependencies -MF /Users/siam/Library/Developer/Xcode/DerivedData/Lingua_Quest-gvpckrqxtbgyprbgppjfqmimmmfw/Build/Intermediates.noindex/Firebase.build/Debug-iphonesimulator/FirebaseAppCheck.build/Objects-normal/x86_64/FIRApp+AppCheck.d --serialize-diagnostics /Users/siam/Library/Developer/Xcode/DerivedData/Lingua_Quest-gvpckrqxtbgyprbgppjfqmimmmfw/Build/Intermediates.noindex/Firebase.build/Debug-iphonesimulator/FirebaseAppCheck.build/Objects-normal/x86_64/FIRApp+AppCheck.dia -c /Users/siam/Library/Developer/Xcode/DerivedData/Lingua_Quest-gvpckrqxtbgyprbgppjfqmimmmfw/SourcePackages/checkouts/firebase-ios-sdk/FirebaseAppCheck/Sources/Core/FIRApp+AppCheck.m -o /Users/siam/Library/Developer/Xcode/DerivedData/Lingua_Quest-gvpckrqxtbgyprbgppjfqmimmmfw/Build/Intermediates.noindex/Firebase.build/Debug-iphonesimulator/FirebaseAppCheck.build/Objects-normal/x86_64/FIRApp+AppCheck.o -index-unit-output-path /Firebase.build/Debug-iphonesimulator/FirebaseAppCheck.build/Objects-normal/x86_64/FIRApp+AppCheck.o

ScanDependencies /Users/siam/Library/Developer/Xcode/DerivedData/Lingua_Quest-gvpckrqxtbgyprbgppjfqmimmmfw/Build/Intermediates.noindex/Firebase.build/Debug-iphonesimulator/FirebaseAppCheck.build/Objects-normal/arm64/FIRRecaptchaProviderFactory.o /Users/siam/Library/Developer/Xcode/DerivedData/Lingua_Quest-gvpckrqxtbgyprbgppjfqmimmmfw/SourcePackages/checkouts/firebase-ios-sdk/FirebaseAppCheck/Sources/RecaptchaProvider/FIRRecaptchaProviderFactory.m normal arm64 objective-c com.apple.compilers.llvm.clang.1_0.compiler (in target 'FirebaseAppCheck' from project 'Firebase')
    cd /Users/siam/Desktop/Lingua\ Quest/Lingua\ Quest.xcodeproj
    
    Using response file: /Users/siam/Library/Developer/Xcode/DerivedData/Lingua_Quest-gvpckrqxtbgyprbgppjfqmimmmfw/Build/Intermediates.noindex/Firebase.build/Debug-iphonesimulator/FirebaseAppCheck.build/Objects-normal/arm64/e6072d4f65d7061329687fe24e3d63a7-common-args.resp
    
    builtin-ScanDependencies -o /Users/siam/Library/Developer/Xcode/DerivedData/Lingua_Quest-gvpckrqxtbgyprbgppjfqmimmmfw/Build/Intermediates.noindex/Firebase.build/Debug-iphonesimulator/FirebaseAppCheck.build/Objects-normal/arm64/FIRRecaptchaProviderFactory.o.scan -- /Applications/Xcode.app/Contents/Developer/Toolchains/XcodeDefault.xctoolchain/usr/bin/clang -x objective-c -ivfsstatcache /Users/siam/Library/Developer/Xcode/DerivedData/SDKStatCaches.noindex/iphonesimulator26.0-23A339-26257891a6c027eb51374368541b8346.sdkstatcache -fmessage-length\=0 -fdiagnostics-show-note-include-stack -fmacro-backtrace-limit\=0 -fno-color-diagnostics -fmodules-prune-interval\=86400 -fmodules-prune-after\=345600 -fbuild-session-file\=/Users/siam/Library/Developer/Xcode/DerivedData/ModuleCache.noindex/Session.modulevalidation -fmodules-validate-once-per-build-session -Wnon-modular-include-in-framework-module -Werror\=non-modular-include-in-framework-module -Wno-trigraphs -Wno-missing-field-initializers -Wno-missing-prototypes -Wno-return-type -Wno-implicit-atomic-properties -Wno-objc-interface-ivars -Wno-arc-repeated-use-of-weak -Wno-missing-braces -Wparentheses -Wswitch -Wno-unused-function -Wno-unused-label -Wno-unused-parameter -Wno-unused-variable -Wunused-value -Wno-empty-body -Wno-uninitialized -Wno-unknown-pragmas -w -Wno-shadow -Wno-four-char-constants -Wno-conversion -Wno-constant-conversion -Wno-int-conversion -Wno-bool-conversion -Wno-enum-conversion -Wno-float-conversion -Wno-non-literal-null-conversion -Wno-objc-literal-conversion -Wshorten-64-to-32 -Wpointer-sign -Wno-newline-eof -Wno-selector -Wno-strict-selector-match -Wno-undeclared-selector -Wno-deprecated-implementations -Wno-implicit-fallthrough -fstrict-aliasing -Wprotocol -Wdeprecated-declarations -Wno-sign-conversion -Wno-infinite-recursion -Wno-comma -Wno-block-capture-autoreleasing -Wno-strict-prototypes -Wno-semicolon-before-method-body -index-store-path /Users/siam/Library/Developer/Xcode/DerivedData/Lingua_Quest-gvpckrqxtbgyprbgppjfqmimmmfw/Index.noindex/DataStore @/Users/siam/Library/Developer/Xcode/DerivedData/Lingua_Quest-gvpckrqxtbgyprbgppjfqmimmmfw/Build/Intermediates.noindex/Firebase.build/Debug-iphonesimulator/FirebaseAppCheck.build/Objects-normal/arm64/e6072d4f65d7061329687fe24e3d63a7-common-args.resp -MMD -MT dependencies -MF /Users/siam/Library/Developer/Xcode/DerivedData/Lingua_Quest-gvpckrqxtbgyprbgppjfqmimmmfw/Build/Intermediates.noindex/Firebase.build/Debug-iphonesimulator/FirebaseAppCheck.build/Objects-normal/arm64/FIRRecaptchaProviderFactory.d --serialize-diagnostics /Users/siam/Library/Developer/Xcode/DerivedData/Lingua_Quest-gvpckrqxtbgyprbgppjfqmimmmfw/Build/Intermediates.noindex/Firebase.build/Debug-iphonesimulator/FirebaseAppCheck.build/Objects-normal/arm64/FIRRecaptchaProviderFactory.dia -c /Users/siam/Library/Developer/Xcode/DerivedData/Lingua_Quest-gvpckrqxtbgyprbgppjfqmimmmfw/SourcePackages/checkouts/firebase-ios-sdk/FirebaseAppCheck/Sources/RecaptchaProvider/FIRRecaptchaProviderFactory.m -o /Users/siam/Library/Developer/Xcode/DerivedData/Lingua_Quest-gvpckrqxtbgyprbgppjfqmimmmfw/Build/Intermediates.noindex/Firebase.build/Debug-iphonesimulator/FirebaseAppCheck.build/Objects-normal/arm64/FIRRecaptchaProviderFactory.o -index-unit-output-path /Firebase.build/Debug-iphonesimulator/FirebaseAppCheck.build/Objects-normal/arm64/FIRRecaptchaProviderFactory.o

CompileC /Users/siam/Library/Developer/Xcode/DerivedData/Lingua_Quest-gvpckrqxtbgyprbgppjfqmimmmfw/Build/Intermediates.noindex/Firebase.build/Debug-iphonesimulator/FirebaseAppCheck.build/Objects-normal/x86_64/FIRAppCheck.o /Users/siam/Library/Developer/Xcode/DerivedData/Lingua_Quest-gvpckrqxtbgyprbgppjfqmimmmfw/SourcePackages/checkouts/firebase-ios-sdk/FirebaseAppCheck/Sources/Core/FIRAppCheck.m normal x86_64 objective-c com.apple.compilers.llvm.clang.1_0.compiler (in target 'FirebaseAppCheck' from project 'Firebase')
    cd /Users/siam/Desktop/Lingua\ Quest/Lingua\ Quest.xcodeproj
    
    Using response file: /Users/siam/Library/Developer/Xcode/DerivedData/Lingua_Quest-gvpckrqxtbgyprbgppjfqmimmmfw/Build/Intermediates.noindex/Firebase.build/Debug-iphonesimulator/FirebaseAppCheck.build/Objects-normal/x86_64/e6072d4f65d7061329687fe24e3d63a7-common-args.resp
    
    /Applications/Xcode.app/Contents/Developer/Toolchains/XcodeDefault.xctoolchain/usr/bin/clang -x objective-c -ivfsstatcache /Users/siam/Library/Developer/Xcode/DerivedData/SDKStatCaches.noindex/iphonesimulator26.0-23A339-26257891a6c027eb51374368541b8346.sdkstatcache -fmessage-length\=0 -fdiagnostics-show-note-include-stack -fmacro-backtrace-limit\=0 -fno-color-diagnostics -fmodules-prune-interval\=86400 -fmodules-prune-after\=345600 -fbuild-session-file\=/Users/siam/Library/Developer/Xcode/DerivedData/ModuleCache.noindex/Session.modulevalidation -fmodules-validate-once-per-build-session -Wnon-modular-include-in-framework-module -Werror\=non-modular-include-in-framework-module -Wno-trigraphs -Wno-missing-field-initializers -Wno-missing-prototypes -Wno-return-type -Wno-implicit-atomic-properties -Wno-objc-interface-ivars -Wno-arc-repeated-use-of-weak -Wno-missing-braces -Wparentheses -Wswitch -Wno-unused-function -Wno-unused-label -Wno-unused-parameter -Wno-unused-variable -Wunused-value -Wno-empty-body -Wno-uninitialized -Wno-unknown-pragmas -w -Wno-shadow -Wno-four-char-constants -Wno-conversion -Wno-constant-conversion -Wno-int-conversion -Wno-bool-conversion -Wno-enum-conversion -Wno-float-conversion -Wno-non-literal-null-conversion -Wno-objc-literal-conversion -Wshorten-64-to-32 -Wpointer-sign -Wno-newline-eof -Wno-selector -Wno-strict-selector-match -Wno-undeclared-selector -Wno-deprecated-implementations -Wno-implicit-fallthrough -fstrict-aliasing -Wprotocol -Wdeprecated-declarations -Wno-sign-conversion -Wno-infinite-recursion -Wno-comma -Wno-block-capture-autoreleasing -Wno-strict-prototypes -Wno-semicolon-before-method-body -index-store-path /Users/siam/Library/Developer/Xcode/DerivedData/Lingua_Quest-gvpckrqxtbgyprbgppjfqmimmmfw/Index.noindex/DataStore @/Users/siam/Library/Developer/Xcode/DerivedData/Lingua_Quest-gvpckrqxtbgyprbgppjfqmimmmfw/Build/Intermediates.noindex/Firebase.build/Debug-iphonesimulator/FirebaseAppCheck.build/Objects-normal/x86_64/e6072d4f65d7061329687fe24e3d63a7-common-args.resp -MMD -MT dependencies -MF /Users/siam/Library/Developer/Xcode/DerivedData/Lingua_Quest-gvpckrqxtbgyprbgppjfqmimmmfw/Build/Intermediates.noindex/Firebase.build/Debug-iphonesimulator/FirebaseAppCheck.build/Objects-normal/x86_64/FIRAppCheck.d --serialize-diagnostics /Users/siam/Library/Developer/Xcode/DerivedData/Lingua_Quest-gvpckrqxtbgyprbgppjfqmimmmfw/Build/Intermediates.noindex/Firebase.build/Debug-iphonesimulator/FirebaseAppCheck.build/Objects-normal/x86_64/FIRAppCheck.dia -c /Users/siam/Library/Developer/Xcode/DerivedData/Lingua_Quest-gvpckrqxtbgyprbgppjfqmimmmfw/SourcePackages/checkouts/firebase-ios-sdk/FirebaseAppCheck/Sources/Core/FIRAppCheck.m -o /Users/siam/Library/Developer/Xcode/DerivedData/Lingua_Quest-gvpckrqxtbgyprbgppjfqmimmmfw/Build/Intermediates.noindex/Firebase.build/Debug-iphonesimulator/FirebaseAppCheck.build/Objects-normal/x86_64/FIRAppCheck.o -index-unit-output-path /Firebase.build/Debug-iphonesimulator/FirebaseAppCheck.build/Objects-normal/x86_64/FIRAppCheck.o

CompileC /Users/siam/Library/Developer/Xcode/DerivedData/Lingua_Quest-gvpckrqxtbgyprbgppjfqmimmmfw/Build/Intermediates.noindex/Firebase.build/Debug-iphonesimulator/FirebaseAppCheck.build/Objects-normal/x86_64/FIRAppAttestProviderFactory.o /Users/siam/Library/Developer/Xcode/DerivedData/Lingua_Quest-gvpckrqxtbgyprbgppjfqmimmmfw/SourcePackages/checkouts/firebase-ios-sdk/FirebaseAppCheck/Sources/AppAttestProvider/FIRAppAttestProviderFactory.m normal x86_64 objective-c com.apple.compilers.llvm.clang.1_0.compiler (in target 'FirebaseAppCheck' from project 'Firebase')
    cd /Users/siam/Desktop/Lingua\ Quest/Lingua\ Quest.xcodeproj
    
    Using response file: /Users/siam/Library/Developer/Xcode/DerivedData/Lingua_Quest-gvpckrqxtbgyprbgppjfqmimmmfw/Build/Intermediates.noindex/Firebase.build/Debug-iphonesimulator/FirebaseAppCheck.build/Objects-normal/x86_64/e6072d4f65d7061329687fe24e3d63a7-common-args.resp
    
    /Applications/Xcode.app/Contents/Developer/Toolchains/XcodeDefault.xctoolchain/usr/bin/clang -x objective-c -ivfsstatcache /Users/siam/Library/Developer/Xcode/DerivedData/SDKStatCaches.noindex/iphonesimulator26.0-23A339-26257891a6c027eb51374368541b8346.sdkstatcache -fmessage-length\=0 -fdiagnostics-show-note-include-stack -fmacro-backtrace-limit\=0 -fno-color-diagnostics -fmodules-prune-interval\=86400 -fmodules-prune-after\=345600 -fbuild-session-file\=/Users/siam/Library/Developer/Xcode/DerivedData/ModuleCache.noindex/Session.modulevalidation -fmodules-validate-once-per-build-session -Wnon-modular-include-in-framework-module -Werror\=non-modular-include-in-framework-module -Wno-trigraphs -Wno-missing-field-initializers -Wno-missing-prototypes -Wno-return-type -Wno-implicit-atomic-properties -Wno-objc-interface-ivars -Wno-arc-repeated-use-of-weak -Wno-missing-braces -Wparentheses -Wswitch -Wno-unused-function -Wno-unused-label -Wno-unused-parameter -Wno-unused-variable -Wunused-value -Wno-empty-body -Wno-uninitialized -Wno-unknown-pragmas -w -Wno-shadow -Wno-four-char-constants -Wno-conversion -Wno-constant-conversion -Wno-int-conversion -Wno-bool-conversion -Wno-enum-conversion -Wno-float-conversion -Wno-non-literal-null-conversion -Wno-objc-literal-conversion -Wshorten-64-to-32 -Wpointer-sign -Wno-newline-eof -Wno-selector -Wno-strict-selector-match -Wno-undeclared-selector -Wno-deprecated-implementations -Wno-implicit-fallthrough -fstrict-aliasing -Wprotocol -Wdeprecated-declarations -Wno-sign-conversion -Wno-infinite-recursion -Wno-comma -Wno-block-capture-autoreleasing -Wno-strict-prototypes -Wno-semicolon-before-method-body -index-store-path /Users/siam/Library/Developer/Xcode/DerivedData/Lingua_Quest-gvpckrqxtbgyprbgppjfqmimmmfw/Index.noindex/DataStore @/Users/siam/Library/Developer/Xcode/DerivedData/Lingua_Quest-gvpckrqxtbgyprbgppjfqmimmmfw/Build/Intermediates.noindex/Firebase.build/Debug-iphonesimulator/FirebaseAppCheck.build/Objects-normal/x86_64/e6072d4f65d7061329687fe24e3d63a7-common-args.resp -MMD -MT dependencies -MF /Users/siam/Library/Developer/Xcode/DerivedData/Lingua_Quest-gvpckrqxtbgyprbgppjfqmimmmfw/Build/Intermediates.noindex/Firebase.build/Debug-iphonesimulator/FirebaseAppCheck.build/Objects-normal/x86_64/FIRAppAttestProviderFactory.d --serialize-diagnostics /Users/siam/Library/Developer/Xcode/DerivedData/Lingua_Quest-gvpckrqxtbgyprbgppjfqmimmmfw/Build/Intermediates.noindex/Firebase.build/Debug-iphonesimulator/FirebaseAppCheck.build/Objects-normal/x86_64/FIRAppAttestProviderFactory.dia -c /Users/siam/Library/Developer/Xcode/DerivedData/Lingua_Quest-gvpckrqxtbgyprbgppjfqmimmmfw/SourcePackages/checkouts/firebase-ios-sdk/FirebaseAppCheck/Sources/AppAttestProvider/FIRAppAttestProviderFactory.m -o /Users/siam/Library/Developer/Xcode/DerivedData/Lingua_Quest-gvpckrqxtbgyprbgppjfqmimmmfw/Build/Intermediates.noindex/Firebase.build/Debug-iphonesimulator/FirebaseAppCheck.build/Objects-normal/x86_64/FIRAppAttestProviderFactory.o -index-unit-output-path /Firebase.build/Debug-iphonesimulator/FirebaseAppCheck.build/Objects-normal/x86_64/FIRAppAttestProviderFactory.o

CompileC /Users/siam/Library/Developer/Xcode/DerivedData/Lingua_Quest-gvpckrqxtbgyprbgppjfqmimmmfw/Build/Intermediates.noindex/Firebase.build/Debug-iphonesimulator/FirebaseAppCheck.build/Objects-normal/x86_64/FIRAppAttestProvider.o /Users/siam/Library/Developer/Xcode/DerivedData/Lingua_Quest-gvpckrqxtbgyprbgppjfqmimmmfw/SourcePackages/checkouts/firebase-ios-sdk/FirebaseAppCheck/Sources/AppAttestProvider/FIRAppAttestProvider.m normal x86_64 objective-c com.apple.compilers.llvm.clang.1_0.compiler (in target 'FirebaseAppCheck' from project 'Firebase')
    cd /Users/siam/Desktop/Lingua\ Quest/Lingua\ Quest.xcodeproj
    
    Using response file: /Users/siam/Library/Developer/Xcode/DerivedData/Lingua_Quest-gvpckrqxtbgyprbgppjfqmimmmfw/Build/Intermediates.noindex/Firebase.build/Debug-iphonesimulator/FirebaseAppCheck.build/Objects-normal/x86_64/e6072d4f65d7061329687fe24e3d63a7-common-args.resp
    
    /Applications/Xcode.app/Contents/Developer/Toolchains/XcodeDefault.xctoolchain/usr/bin/clang -x objective-c -ivfsstatcache /Users/siam/Library/Developer/Xcode/DerivedData/SDKStatCaches.noindex/iphonesimulator26.0-23A339-26257891a6c027eb51374368541b8346.sdkstatcache -fmessage-length\=0 -fdiagnostics-show-note-include-stack -fmacro-backtrace-limit\=0 -fno-color-diagnostics -fmodules-prune-interval\=86400 -fmodules-prune-after\=345600 -fbuild-session-file\=/Users/siam/Library/Developer/Xcode/DerivedData/ModuleCache.noindex/Session.modulevalidation -fmodules-validate-once-per-build-session -Wnon-modular-include-in-framework-module -Werror\=non-modular-include-in-framework-module -Wno-trigraphs -Wno-missing-field-initializers -Wno-missing-prototypes -Wno-return-type -Wno-implicit-atomic-properties -Wno-objc-interface-ivars -Wno-arc-repeated-use-of-weak -Wno-missing-braces -Wparentheses -Wswitch -Wno-unused-function -Wno-unused-label -Wno-unused-parameter -Wno-unused-variable -Wunused-value -Wno-empty-body -Wno-uninitialized -Wno-unknown-pragmas -w -Wno-shadow -Wno-four-char-constants -Wno-conversion -Wno-constant-conversion -Wno-int-conversion -Wno-bool-conversion -Wno-enum-conversion -Wno-float-conversion -Wno-non-literal-null-conversion -Wno-objc-literal-conversion -Wshorten-64-to-32 -Wpointer-sign -Wno-newline-eof -Wno-selector -Wno-strict-selector-match -Wno-undeclared-selector -Wno-deprecated-implementations -Wno-implicit-fallthrough -fstrict-aliasing -Wprotocol -Wdeprecated-declarations -Wno-sign-conversion -Wno-infinite-recursion -Wno-comma -Wno-block-capture-autoreleasing -Wno-strict-prototypes -Wno-semicolon-before-method-body -index-store-path /Users/siam/Library/Developer/Xcode/DerivedData/Lingua_Quest-gvpckrqxtbgyprbgppjfqmimmmfw/Index.noindex/DataStore @/Users/siam/Library/Developer/Xcode/DerivedData/Lingua_Quest-gvpckrqxtbgyprbgppjfqmimmmfw/Build/Intermediates.noindex/Firebase.build/Debug-iphonesimulator/FirebaseAppCheck.build/Objects-normal/x86_64/e6072d4f65d7061329687fe24e3d63a7-common-args.resp -MMD -MT dependencies -MF /Users/siam/Library/Developer/Xcode/DerivedData/Lingua_Quest-gvpckrqxtbgyprbgppjfqmimmmfw/Build/Intermediates.noindex/Firebase.build/Debug-iphonesimulator/FirebaseAppCheck.build/Objects-normal/x86_64/FIRAppAttestProvider.d --serialize-diagnostics /Users/siam/Library/Developer/Xcode/DerivedData/Lingua_Quest-gvpckrqxtbgyprbgppjfqmimmmfw/Build/Intermediates.noindex/Firebase.build/Debug-iphonesimulator/FirebaseAppCheck.build/Objects-normal/x86_64/FIRAppAttestProvider.dia -c /Users/siam/Library/Developer/Xcode/DerivedData/Lingua_Quest-gvpckrqxtbgyprbgppjfqmimmmfw/SourcePackages/checkouts/firebase-ios-sdk/FirebaseAppCheck/Sources/AppAttestProvider/FIRAppAttestProvider.m -o /Users/siam/Library/Developer/Xcode/DerivedData/Lingua_Quest-gvpckrqxtbgyprbgppjfqmimmmfw/Build/Intermediates.noindex/Firebase.build/Debug-iphonesimulator/FirebaseAppCheck.build/Objects-normal/x86_64/FIRAppAttestProvider.o -index-unit-output-path /Firebase.build/Debug-iphonesimulator/FirebaseAppCheck.build/Objects-normal/x86_64/FIRAppAttestProvider.o

ScanDependencies /Users/siam/Library/Developer/Xcode/DerivedData/Lingua_Quest-gvpckrqxtbgyprbgppjfqmimmmfw/Build/Intermediates.noindex/Firebase.build/Debug-iphonesimulator/FirebaseAppCheck.build/Objects-normal/arm64/FIRRecaptchaProvider.o /Users/siam/Library/Developer/Xcode/DerivedData/Lingua_Quest-gvpckrqxtbgyprbgppjfqmimmmfw/SourcePackages/checkouts/firebase-ios-sdk/FirebaseAppCheck/Sources/RecaptchaProvider/FIRRecaptchaProvider.m normal arm64 objective-c com.apple.compilers.llvm.clang.1_0.compiler (in target 'FirebaseAppCheck' from project 'Firebase')
    cd /Users/siam/Desktop/Lingua\ Quest/Lingua\ Quest.xcodeproj
    
    Using response file: /Users/siam/Library/Developer/Xcode/DerivedData/Lingua_Quest-gvpckrqxtbgyprbgppjfqmimmmfw/Build/Intermediates.noindex/Firebase.build/Debug-iphonesimulator/FirebaseAppCheck.build/Objects-normal/arm64/e6072d4f65d7061329687fe24e3d63a7-common-args.resp
    
    builtin-ScanDependencies -o /Users/siam/Library/Developer/Xcode/DerivedData/Lingua_Quest-gvpckrqxtbgyprbgppjfqmimmmfw/Build/Intermediates.noindex/Firebase.build/Debug-iphonesimulator/FirebaseAppCheck.build/Objects-normal/arm64/FIRRecaptchaProvider.o.scan -- /Applications/Xcode.app/Contents/Developer/Toolchains/XcodeDefault.xctoolchain/usr/bin/clang -x objective-c -ivfsstatcache /Users/siam/Library/Developer/Xcode/DerivedData/SDKStatCaches.noindex/iphonesimulator26.0-23A339-26257891a6c027eb51374368541b8346.sdkstatcache -fmessage-length\=0 -fdiagnostics-show-note-include-stack -fmacro-backtrace-limit\=0 -fno-color-diagnostics -fmodules-prune-interval\=86400 -fmodules-prune-after\=345600 -fbuild-session-file\=/Users/siam/Library/Developer/Xcode/DerivedData/ModuleCache.noindex/Session.modulevalidation -fmodules-validate-once-per-build-session -Wnon-modular-include-in-framework-module -Werror\=non-modular-include-in-framework-module -Wno-trigraphs -Wno-missing-field-initializers -Wno-missing-prototypes -Wno-return-type -Wno-implicit-atomic-properties -Wno-objc-interface-ivars -Wno-arc-repeated-use-of-weak -Wno-missing-braces -Wparentheses -Wswitch -Wno-unused-function -Wno-unused-label -Wno-unused-parameter -Wno-unused-variable -Wunused-value -Wno-empty-body -Wno-uninitialized -Wno-unknown-pragmas -w -Wno-shadow -Wno-four-char-constants -Wno-conversion -Wno-constant-conversion -Wno-int-conversion -Wno-bool-conversion -Wno-enum-conversion -Wno-float-conversion -Wno-non-literal-null-conversion -Wno-objc-literal-conversion -Wshorten-64-to-32 -Wpointer-sign -Wno-newline-eof -Wno-selector -Wno-strict-selector-match -Wno-undeclared-selector -Wno-deprecated-implementations -Wno-implicit-fallthrough -fstrict-aliasing -Wprotocol -Wdeprecated-declarations -Wno-sign-conversion -Wno-infinite-recursion -Wno-comma -Wno-block-capture-autoreleasing -Wno-strict-prototypes -Wno-semicolon-before-method-body -index-store-path /Users/siam/Library/Developer/Xcode/DerivedData/Lingua_Quest-gvpckrqxtbgyprbgppjfqmimmmfw/Index.noindex/DataStore @/Users/siam/Library/Developer/Xcode/DerivedData/Lingua_Quest-gvpckrqxtbgyprbgppjfqmimmmfw/Build/Intermediates.noindex/Firebase.build/Debug-iphonesimulator/FirebaseAppCheck.build/Objects-normal/arm64/e6072d4f65d7061329687fe24e3d63a7-common-args.resp -MMD -MT dependencies -MF /Users/siam/Library/Developer/Xcode/DerivedData/Lingua_Quest-gvpckrqxtbgyprbgppjfqmimmmfw/Build/Intermediates.noindex/Firebase.build/Debug-iphonesimulator/FirebaseAppCheck.build/Objects-normal/arm64/FIRRecaptchaProvider.d --serialize-diagnostics /Users/siam/Library/Developer/Xcode/DerivedData/Lingua_Quest-gvpckrqxtbgyprbgppjfqmimmmfw/Build/Intermediates.noindex/Firebase.build/Debug-iphonesimulator/FirebaseAppCheck.build/Objects-normal/arm64/FIRRecaptchaProvider.dia -c /Users/siam/Library/Developer/Xcode/DerivedData/Lingua_Quest-gvpckrqxtbgyprbgppjfqmimmmfw/SourcePackages/checkouts/firebase-ios-sdk/FirebaseAppCheck/Sources/RecaptchaProvider/FIRRecaptchaProvider.m -o /Users/siam/Library/Developer/Xcode/DerivedData/Lingua_Quest-gvpckrqxtbgyprbgppjfqmimmmfw/Build/Intermediates.noindex/Firebase.build/Debug-iphonesimulator/FirebaseAppCheck.build/Objects-normal/arm64/FIRRecaptchaProvider.o -index-unit-output-path /Firebase.build/Debug-iphonesimulator/FirebaseAppCheck.build/Objects-normal/arm64/FIRRecaptchaProvider.o

CompileC /Users/siam/Library/Developer/Xcode/DerivedData/Lingua_Quest-gvpckrqxtbgyprbgppjfqmimmmfw/Build/Intermediates.noindex/Firebase.build/Debug-iphonesimulator/FirebaseAppCheck.build/Objects-normal/x86_64/FIRApp+AppCheck.o /Users/siam/Library/Developer/Xcode/DerivedData/Lingua_Quest-gvpckrqxtbgyprbgppjfqmimmmfw/SourcePackages/checkouts/firebase-ios-sdk/FirebaseAppCheck/Sources/Core/FIRApp+AppCheck.m normal x86_64 objective-c com.apple.compilers.llvm.clang.1_0.compiler (in target 'FirebaseAppCheck' from project 'Firebase')
    cd /Users/siam/Desktop/Lingua\ Quest/Lingua\ Quest.xcodeproj
    
    Using response file: /Users/siam/Library/Developer/Xcode/DerivedData/Lingua_Quest-gvpckrqxtbgyprbgppjfqmimmmfw/Build/Intermediates.noindex/Firebase.build/Debug-iphonesimulator/FirebaseAppCheck.build/Objects-normal/x86_64/e6072d4f65d7061329687fe24e3d63a7-common-args.resp
    
    /Applications/Xcode.app/Contents/Developer/Toolchains/XcodeDefault.xctoolchain/usr/bin/clang -x objective-c -ivfsstatcache /Users/siam/Library/Developer/Xcode/DerivedData/SDKStatCaches.noindex/iphonesimulator26.0-23A339-26257891a6c027eb51374368541b8346.sdkstatcache -fmessage-length\=0 -fdiagnostics-show-note-include-stack -fmacro-backtrace-limit\=0 -fno-color-diagnostics -fmodules-prune-interval\=86400 -fmodules-prune-after\=345600 -fbuild-session-file\=/Users/siam/Library/Developer/Xcode/DerivedData/ModuleCache.noindex/Session.modulevalidation -fmodules-validate-once-per-build-session -Wnon-modular-include-in-framework-module -Werror\=non-modular-include-in-framework-module -Wno-trigraphs -Wno-missing-field-initializers -Wno-missing-prototypes -Wno-return-type -Wno-implicit-atomic-properties -Wno-objc-interface-ivars -Wno-arc-repeated-use-of-weak -Wno-missing-braces -Wparentheses -Wswitch -Wno-unused-function -Wno-unused-label -Wno-unused-parameter -Wno-unused-variable -Wunused-value -Wno-empty-body -Wno-uninitialized -Wno-unknown-pragmas -w -Wno-shadow -Wno-four-char-constants -Wno-conversion -Wno-constant-conversion -Wno-int-conversion -Wno-bool-conversion -Wno-enum-conversion -Wno-float-conversion -Wno-non-literal-null-conversion -Wno-objc-literal-conversion -Wshorten-64-to-32 -Wpointer-sign -Wno-newline-eof -Wno-selector -Wno-strict-selector-match -Wno-undeclared-selector -Wno-deprecated-implementations -Wno-implicit-fallthrough -fstrict-aliasing -Wprotocol -Wdeprecated-declarations -Wno-sign-conversion -Wno-infinite-recursion -Wno-comma -Wno-block-capture-autoreleasing -Wno-strict-prototypes -Wno-semicolon-before-method-body -index-store-path /Users/siam/Library/Developer/Xcode/DerivedData/Lingua_Quest-gvpckrqxtbgyprbgppjfqmimmmfw/Index.noindex/DataStore @/Users/siam/Library/Developer/Xcode/DerivedData/Lingua_Quest-gvpckrqxtbgyprbgppjfqmimmmfw/Build/Intermediates.noindex/Firebase.build/Debug-iphonesimulator/FirebaseAppCheck.build/Objects-normal/x86_64/e6072d4f65d7061329687fe24e3d63a7-common-args.resp -MMD -MT dependencies -MF /Users/siam/Library/Developer/Xcode/DerivedData/Lingua_Quest-gvpckrqxtbgyprbgppjfqmimmmfw/Build/Intermediates.noindex/Firebase.build/Debug-iphonesimulator/FirebaseAppCheck.build/Objects-normal/x86_64/FIRApp+AppCheck.d --serialize-diagnostics /Users/siam/Library/Developer/Xcode/DerivedData/Lingua_Quest-gvpckrqxtbgyprbgppjfqmimmmfw/Build/Intermediates.noindex/Firebase.build/Debug-iphonesimulator/FirebaseAppCheck.build/Objects-normal/x86_64/FIRApp+AppCheck.dia -c /Users/siam/Library/Developer/Xcode/DerivedData/Lingua_Quest-gvpckrqxtbgyprbgppjfqmimmmfw/SourcePackages/checkouts/firebase-ios-sdk/FirebaseAppCheck/Sources/Core/FIRApp+AppCheck.m -o /Users/siam/Library/Developer/Xcode/DerivedData/Lingua_Quest-gvpckrqxtbgyprbgppjfqmimmmfw/Build/Intermediates.noindex/Firebase.build/Debug-iphonesimulator/FirebaseAppCheck.build/Objects-normal/x86_64/FIRApp+AppCheck.o -index-unit-output-path /Firebase.build/Debug-iphonesimulator/FirebaseAppCheck.build/Objects-normal/x86_64/FIRApp+AppCheck.o

ScanDependencies /Users/siam/Library/Developer/Xcode/DerivedData/Lingua_Quest-gvpckrqxtbgyprbgppjfqmimmmfw/Build/Intermediates.noindex/Firebase.build/Debug-iphonesimulator/FirebaseAppCheck.build/Objects-normal/arm64/FIRInternalAppCheckProvider.o /Users/siam/Library/Developer/Xcode/DerivedData/Lingua_Quest-gvpckrqxtbgyprbgppjfqmimmmfw/SourcePackages/checkouts/firebase-ios-sdk/FirebaseAppCheck/Sources/Core/FIRInternalAppCheckProvider.m normal arm64 objective-c com.apple.compilers.llvm.clang.1_0.compiler (in target 'FirebaseAppCheck' from project 'Firebase')
    cd /Users/siam/Desktop/Lingua\ Quest/Lingua\ Quest.xcodeproj
    
    Using response file: /Users/siam/Library/Developer/Xcode/DerivedData/Lingua_Quest-gvpckrqxtbgyprbgppjfqmimmmfw/Build/Intermediates.noindex/Firebase.build/Debug-iphonesimulator/FirebaseAppCheck.build/Objects-normal/arm64/e6072d4f65d7061329687fe24e3d63a7-common-args.resp
    
    builtin-ScanDependencies -o /Users/siam/Library/Developer/Xcode/DerivedData/Lingua_Quest-gvpckrqxtbgyprbgppjfqmimmmfw/Build/Intermediates.noindex/Firebase.build/Debug-iphonesimulator/FirebaseAppCheck.build/Objects-normal/arm64/FIRInternalAppCheckProvider.o.scan -- /Applications/Xcode.app/Contents/Developer/Toolchains/XcodeDefault.xctoolchain/usr/bin/clang -x objective-c -ivfsstatcache /Users/siam/Library/Developer/Xcode/DerivedData/SDKStatCaches.noindex/iphonesimulator26.0-23A339-26257891a6c027eb51374368541b8346.sdkstatcache -fmessage-length\=0 -fdiagnostics-show-note-include-stack -fmacro-backtrace-limit\=0 -fno-color-diagnostics -fmodules-prune-interval\=86400 -fmodules-prune-after\=345600 -fbuild-session-file\=/Users/siam/Library/Developer/Xcode/DerivedData/ModuleCache.noindex/Session.modulevalidation -fmodules-validate-once-per-build-session -Wnon-modular-include-in-framework-module -Werror\=non-modular-include-in-framework-module -Wno-trigraphs -Wno-missing-field-initializers -Wno-missing-prototypes -Wno-return-type -Wno-implicit-atomic-properties -Wno-objc-interface-ivars -Wno-arc-repeated-use-of-weak -Wno-missing-braces -Wparentheses -Wswitch -Wno-unused-function -Wno-unused-label -Wno-unused-parameter -Wno-unused-variable -Wunused-value -Wno-empty-body -Wno-uninitialized -Wno-unknown-pragmas -w -Wno-shadow -Wno-four-char-constants -Wno-conversion -Wno-constant-conversion -Wno-int-conversion -Wno-bool-conversion -Wno-enum-conversion -Wno-float-conversion -Wno-non-literal-null-conversion -Wno-objc-literal-conversion -Wshorten-64-to-32 -Wpointer-sign -Wno-newline-eof -Wno-selector -Wno-strict-selector-match -Wno-undeclared-selector -Wno-deprecated-implementations -Wno-implicit-fallthrough -fstrict-aliasing -Wprotocol -Wdeprecated-declarations -Wno-sign-conversion -Wno-infinite-recursion -Wno-comma -Wno-block-capture-autoreleasing -Wno-strict-prototypes -Wno-semicolon-before-method-body -index-store-path /Users/siam/Library/Developer/Xcode/DerivedData/Lingua_Quest-gvpckrqxtbgyprbgppjfqmimmmfw/Index.noindex/DataStore @/Users/siam/Library/Developer/Xcode/DerivedData/Lingua_Quest-gvpckrqxtbgyprbgppjfqmimmmfw/Build/Intermediates.noindex/Firebase.build/Debug-iphonesimulator/FirebaseAppCheck.build/Objects-normal/arm64/e6072d4f65d7061329687fe24e3d63a7-common-args.resp -MMD -MT dependencies -MF /Users/siam/Library/Developer/Xcode/DerivedData/Lingua_Quest-gvpckrqxtbgyprbgppjfqmimmmfw/Build/Intermediates.noindex/Firebase.build/Debug-iphonesimulator/FirebaseAppCheck.build/Objects-normal/arm64/FIRInternalAppCheckProvider.d --serialize-diagnostics /Users/siam/Library/Developer/Xcode/DerivedData/Lingua_Quest-gvpckrqxtbgyprbgppjfqmimmmfw/Build/Intermediates.noindex/Firebase.build/Debug-iphonesimulator/FirebaseAppCheck.build/Objects-normal/arm64/FIRInternalAppCheckProvider.dia -c /Users/siam/Library/Developer/Xcode/DerivedData/Lingua_Quest-gvpckrqxtbgyprbgppjfqmimmmfw/SourcePackages/checkouts/firebase-ios-sdk/FirebaseAppCheck/Sources/Core/FIRInternalAppCheckProvider.m -o /Users/siam/Library/Developer/Xcode/DerivedData/Lingua_Quest-gvpckrqxtbgyprbgppjfqmimmmfw/Build/Intermediates.noindex/Firebase.build/Debug-iphonesimulator/FirebaseAppCheck.build/Objects-normal/arm64/FIRInternalAppCheckProvider.o -index-unit-output-path /Firebase.build/Debug-iphonesimulator/FirebaseAppCheck.build/Objects-normal/arm64/FIRInternalAppCheckProvider.o

ScanDependencies /Users/siam/Library/Developer/Xcode/DerivedData/Lingua_Quest-gvpckrqxtbgyprbgppjfqmimmmfw/Build/Intermediates.noindex/Firebase.build/Debug-iphonesimulator/FirebaseAppCheck.build/Objects-normal/arm64/FIRHeartbeatLogger+AppCheck.o /Users/siam/Library/Developer/Xcode/DerivedData/Lingua_Quest-gvpckrqxtbgyprbgppjfqmimmmfw/SourcePackages/checkouts/firebase-ios-sdk/FirebaseAppCheck/Sources/Core/FIRHeartbeatLogger+AppCheck.m normal arm64 objective-c com.apple.compilers.llvm.clang.1_0.compiler (in target 'FirebaseAppCheck' from project 'Firebase')
    cd /Users/siam/Desktop/Lingua\ Quest/Lingua\ Quest.xcodeproj
    
    Using response file: /Users/siam/Library/Developer/Xcode/DerivedData/Lingua_Quest-gvpckrqxtbgyprbgppjfqmimmmfw/Build/Intermediates.noindex/Firebase.build/Debug-iphonesimulator/FirebaseAppCheck.build/Objects-normal/arm64/e6072d4f65d7061329687fe24e3d63a7-common-args.resp
    
    builtin-ScanDependencies -o /Users/siam/Library/Developer/Xcode/DerivedData/Lingua_Quest-gvpckrqxtbgyprbgppjfqmimmmfw/Build/Intermediates.noindex/Firebase.build/Debug-iphonesimulator/FirebaseAppCheck.build/Objects-normal/arm64/FIRHeartbeatLogger+AppCheck.o.scan -- /Applications/Xcode.app/Contents/Developer/Toolchains/XcodeDefault.xctoolchain/usr/bin/clang -x objective-c -ivfsstatcache /Users/siam/Library/Developer/Xcode/DerivedData/SDKStatCaches.noindex/iphonesimulator26.0-23A339-26257891a6c027eb51374368541b8346.sdkstatcache -fmessage-length\=0 -fdiagnostics-show-note-include-stack -fmacro-backtrace-limit\=0 -fno-color-diagnostics -fmodules-prune-interval\=86400 -fmodules-prune-after\=345600 -fbuild-session-file\=/Users/siam/Library/Developer/Xcode/DerivedData/ModuleCache.noindex/Session.modulevalidation -fmodules-validate-once-per-build-session -Wnon-modular-include-in-framework-module -Werror\=non-modular-include-in-framework-module -Wno-trigraphs -Wno-missing-field-initializers -Wno-missing-prototypes -Wno-return-type -Wno-implicit-atomic-properties -Wno-objc-interface-ivars -Wno-arc-repeated-use-of-weak -Wno-missing-braces -Wparentheses -Wswitch -Wno-unused-function -Wno-unused-label -Wno-unused-parameter -Wno-unused-variable -Wunused-value -Wno-empty-body -Wno-uninitialized -Wno-unknown-pragmas -w -Wno-shadow -Wno-four-char-constants -Wno-conversion -Wno-constant-conversion -Wno-int-conversion -Wno-bool-conversion -Wno-enum-conversion -Wno-float-conversion -Wno-non-literal-null-conversion -Wno-objc-literal-conversion -Wshorten-64-to-32 -Wpointer-sign -Wno-newline-eof -Wno-selector -Wno-strict-selector-match -Wno-undeclared-selector -Wno-deprecated-implementations -Wno-implicit-fallthrough -fstrict-aliasing -Wprotocol -Wdeprecated-declarations -Wno-sign-conversion -Wno-infinite-recursion -Wno-comma -Wno-block-capture-autoreleasing -Wno-strict-prototypes -Wno-semicolon-before-method-body -index-store-path /Users/siam/Library/Developer/Xcode/DerivedData/Lingua_Quest-gvpckrqxtbgyprbgppjfqmimmmfw/Index.noindex/DataStore @/Users/siam/Library/Developer/Xcode/DerivedData/Lingua_Quest-gvpckrqxtbgyprbgppjfqmimmmfw/Build/Intermediates.noindex/Firebase.build/Debug-iphonesimulator/FirebaseAppCheck.build/Objects-normal/arm64/e6072d4f65d7061329687fe24e3d63a7-common-args.resp -MMD -MT dependencies -MF /Users/siam/Library/Developer/Xcode/DerivedData/Lingua_Quest-gvpckrqxtbgyprbgppjfqmimmmfw/Build/Intermediates.noindex/Firebase.build/Debug-iphonesimulator/FirebaseAppCheck.build/Objects-normal/arm64/FIRHeartbeatLogger+AppCheck.d --serialize-diagnostics /Users/siam/Library/Developer/Xcode/DerivedData/Lingua_Quest-gvpckrqxtbgyprbgppjfqmimmmfw/Build/Intermediates.noindex/Firebase.build/Debug-iphonesimulator/FirebaseAppCheck.build/Objects-normal/arm64/FIRHeartbeatLogger+AppCheck.dia -c /Users/siam/Library/Developer/Xcode/DerivedData/Lingua_Quest-gvpckrqxtbgyprbgppjfqmimmmfw/SourcePackages/checkouts/firebase-ios-sdk/FirebaseAppCheck/Sources/Core/FIRHeartbeatLogger+AppCheck.m -o /Users/siam/Library/Developer/Xcode/DerivedData/Lingua_Quest-gvpckrqxtbgyprbgppjfqmimmmfw/Build/Intermediates.noindex/Firebase.build/Debug-iphonesimulator/FirebaseAppCheck.build/Objects-normal/arm64/FIRHeartbeatLogger+AppCheck.o -index-unit-output-path /Firebase.build/Debug-iphonesimulator/FirebaseAppCheck.build/Objects-normal/arm64/FIRHeartbeatLogger+AppCheck.o

ScanDependencies /Users/siam/Library/Developer/Xcode/DerivedData/Lingua_Quest-gvpckrqxtbgyprbgppjfqmimmmfw/Build/Intermediates.noindex/Firebase.build/Debug-iphonesimulator/FirebaseAppCheck.build/Objects-normal/arm64/FIRDeviceCheckProviderFactory.o /Users/siam/Library/Developer/Xcode/DerivedData/Lingua_Quest-gvpckrqxtbgyprbgppjfqmimmmfw/SourcePackages/checkouts/firebase-ios-sdk/FirebaseAppCheck/Sources/DeviceCheckProvider/FIRDeviceCheckProviderFactory.m normal arm64 objective-c com.apple.compilers.llvm.clang.1_0.compiler (in target 'FirebaseAppCheck' from project 'Firebase')
    cd /Users/siam/Desktop/Lingua\ Quest/Lingua\ Quest.xcodeproj
    
    Using response file: /Users/siam/Library/Developer/Xcode/DerivedData/Lingua_Quest-gvpckrqxtbgyprbgppjfqmimmmfw/Build/Intermediates.noindex/Firebase.build/Debug-iphonesimulator/FirebaseAppCheck.build/Objects-normal/arm64/e6072d4f65d7061329687fe24e3d63a7-common-args.resp
    
    builtin-ScanDependencies -o /Users/siam/Library/Developer/Xcode/DerivedData/Lingua_Quest-gvpckrqxtbgyprbgppjfqmimmmfw/Build/Intermediates.noindex/Firebase.build/Debug-iphonesimulator/FirebaseAppCheck.build/Objects-normal/arm64/FIRDeviceCheckProviderFactory.o.scan -- /Applications/Xcode.app/Contents/Developer/Toolchains/XcodeDefault.xctoolchain/usr/bin/clang -x objective-c -ivfsstatcache /Users/siam/Library/Developer/Xcode/DerivedData/SDKStatCaches.noindex/iphonesimulator26.0-23A339-26257891a6c027eb51374368541b8346.sdkstatcache -fmessage-length\=0 -fdiagnostics-show-note-include-stack -fmacro-backtrace-limit\=0 -fno-color-diagnostics -fmodules-prune-interval\=86400 -fmodules-prune-after\=345600 -fbuild-session-file\=/Users/siam/Library/Developer/Xcode/DerivedData/ModuleCache.noindex/Session.modulevalidation -fmodules-validate-once-per-build-session -Wnon-modular-include-in-framework-module -Werror\=non-modular-include-in-framework-module -Wno-trigraphs -Wno-missing-field-initializers -Wno-missing-prototypes -Wno-return-type -Wno-implicit-atomic-properties -Wno-objc-interface-ivars -Wno-arc-repeated-use-of-weak -Wno-missing-braces -Wparentheses -Wswitch -Wno-unused-function -Wno-unused-label -Wno-unused-parameter -Wno-unused-variable -Wunused-value -Wno-empty-body -Wno-uninitialized -Wno-unknown-pragmas -w -Wno-shadow -Wno-four-char-constants -Wno-conversion -Wno-constant-conversion -Wno-int-conversion -Wno-bool-conversion -Wno-enum-conversion -Wno-float-conversion -Wno-non-literal-null-conversion -Wno-objc-literal-conversion -Wshorten-64-to-32 -Wpointer-sign -Wno-newline-eof -Wno-selector -Wno-strict-selector-match -Wno-undeclared-selector -Wno-deprecated-implementations -Wno-implicit-fallthrough -fstrict-aliasing -Wprotocol -Wdeprecated-declarations -Wno-sign-conversion -Wno-infinite-recursion -Wno-comma -Wno-block-capture-autoreleasing -Wno-strict-prototypes -Wno-semicolon-before-method-body -index-store-path /Users/siam/Library/Developer/Xcode/DerivedData/Lingua_Quest-gvpckrqxtbgyprbgppjfqmimmmfw/Index.noindex/DataStore @/Users/siam/Library/Developer/Xcode/DerivedData/Lingua_Quest-gvpckrqxtbgyprbgppjfqmimmmfw/Build/Intermediates.noindex/Firebase.build/Debug-iphonesimulator/FirebaseAppCheck.build/Objects-normal/arm64/e6072d4f65d7061329687fe24e3d63a7-common-args.resp -MMD -MT dependencies -MF /Users/siam/Library/Developer/Xcode/DerivedData/Lingua_Quest-gvpckrqxtbgyprbgppjfqmimmmfw/Build/Intermediates.noindex/Firebase.build/Debug-iphonesimulator/FirebaseAppCheck.build/Objects-normal/arm64/FIRDeviceCheckProviderFactory.d --serialize-diagnostics /Users/siam/Library/Developer/Xcode/DerivedData/Lingua_Quest-gvpckrqxtbgyprbgppjfqmimmmfw/Build/Intermediates.noindex/Firebase.build/Debug-iphonesimulator/FirebaseAppCheck.build/Objects-normal/arm64/FIRDeviceCheckProviderFactory.dia -c /Users/siam/Library/Developer/Xcode/DerivedData/Lingua_Quest-gvpckrqxtbgyprbgppjfqmimmmfw/SourcePackages/checkouts/firebase-ios-sdk/FirebaseAppCheck/Sources/DeviceCheckProvider/FIRDeviceCheckProviderFactory.m -o /Users/siam/Library/Developer/Xcode/DerivedData/Lingua_Quest-gvpckrqxtbgyprbgppjfqmimmmfw/Build/Intermediates.noindex/Firebase.build/Debug-iphonesimulator/FirebaseAppCheck.build/Objects-normal/arm64/FIRDeviceCheckProviderFactory.o -index-unit-output-path /Firebase.build/Debug-iphonesimulator/FirebaseAppCheck.build/Objects-normal/arm64/FIRDeviceCheckProviderFactory.o

ScanDependencies /Users/siam/Library/Developer/Xcode/DerivedData/Lingua_Quest-gvpckrqxtbgyprbgppjfqmimmmfw/Build/Intermediates.noindex/Firebase.build/Debug-iphonesimulator/FirebaseAppCheck.build/Objects-normal/arm64/FIRDeviceCheckProvider.o /Users/siam/Library/Developer/Xcode/DerivedData/Lingua_Quest-gvpckrqxtbgyprbgppjfqmimmmfw/SourcePackages/checkouts/firebase-ios-sdk/FirebaseAppCheck/Sources/DeviceCheckProvider/FIRDeviceCheckProvider.m normal arm64 objective-c com.apple.compilers.llvm.clang.1_0.compiler (in target 'FirebaseAppCheck' from project 'Firebase')
    cd /Users/siam/Desktop/Lingua\ Quest/Lingua\ Quest.xcodeproj
    
    Using response file: /Users/siam/Library/Developer/Xcode/DerivedData/Lingua_Quest-gvpckrqxtbgyprbgppjfqmimmmfw/Build/Intermediates.noindex/Firebase.build/Debug-iphonesimulator/FirebaseAppCheck.build/Objects-normal/arm64/e6072d4f65d7061329687fe24e3d63a7-common-args.resp
    
    builtin-ScanDependencies -o /Users/siam/Library/Developer/Xcode/DerivedData/Lingua_Quest-gvpckrqxtbgyprbgppjfqmimmmfw/Build/Intermediates.noindex/Firebase.build/Debug-iphonesimulator/FirebaseAppCheck.build/Objects-normal/arm64/FIRDeviceCheckProvider.o.scan -- /Applications/Xcode.app/Contents/Developer/Toolchains/XcodeDefault.xctoolchain/usr/bin/clang -x objective-c -ivfsstatcache /Users/siam/Library/Developer/Xcode/DerivedData/SDKStatCaches.noindex/iphonesimulator26.0-23A339-26257891a6c027eb51374368541b8346.sdkstatcache -fmessage-length\=0 -fdiagnostics-show-note-include-stack -fmacro-backtrace-limit\=0 -fno-color-diagnostics -fmodules-prune-interval\=86400 -fmodules-prune-after\=345600 -fbuild-session-file\=/Users/siam/Library/Developer/Xcode/DerivedData/ModuleCache.noindex/Session.modulevalidation -fmodules-validate-once-per-build-session -Wnon-modular-include-in-framework-module -Werror\=non-modular-include-in-framework-module -Wno-trigraphs -Wno-missing-field-initializers -Wno-missing-prototypes -Wno-return-type -Wno-implicit-atomic-properties -Wno-objc-interface-ivars -Wno-arc-repeated-use-of-weak -Wno-missing-braces -Wparentheses -Wswitch -Wno-unused-function -Wno-unused-label -Wno-unused-parameter -Wno-unused-variable -Wunused-value -Wno-empty-body -Wno-uninitialized -Wno-unknown-pragmas -w -Wno-shadow -Wno-four-char-constants -Wno-conversion -Wno-constant-conversion -Wno-int-conversion -Wno-bool-conversion -Wno-enum-conversion -Wno-float-conversion -Wno-non-literal-null-conversion -Wno-objc-literal-conversion -Wshorten-64-to-32 -Wpointer-sign -Wno-newline-eof -Wno-selector -Wno-strict-selector-match -Wno-undeclared-selector -Wno-deprecated-implementations -Wno-implicit-fallthrough -fstrict-aliasing -Wprotocol -Wdeprecated-declarations -Wno-sign-conversion -Wno-infinite-recursion -Wno-comma -Wno-block-capture-autoreleasing -Wno-strict-prototypes -Wno-semicolon-before-method-body -index-store-path /Users/siam/Library/Developer/Xcode/DerivedData/Lingua_Quest-gvpckrqxtbgyprbgppjfqmimmmfw/Index.noindex/DataStore @/Users/siam/Library/Developer/Xcode/DerivedData/Lingua_Quest-gvpckrqxtbgyprbgppjfqmimmmfw/Build/Intermediates.noindex/Firebase.build/Debug-iphonesimulator/FirebaseAppCheck.build/Objects-normal/arm64/e6072d4f65d7061329687fe24e3d63a7-common-args.resp -MMD -MT dependencies -MF /Users/siam/Library/Developer/Xcode/DerivedData/Lingua_Quest-gvpckrqxtbgyprbgppjfqmimmmfw/Build/Intermediates.noindex/Firebase.build/Debug-iphonesimulator/FirebaseAppCheck.build/Objects-normal/arm64/FIRDeviceCheckProvider.d --serialize-diagnostics /Users/siam/Library/Developer/Xcode/DerivedData/Lingua_Quest-gvpckrqxtbgyprbgppjfqmimmmfw/Build/Intermediates.noindex/Firebase.build/Debug-iphonesimulator/FirebaseAppCheck.build/Objects-normal/arm64/FIRDeviceCheckProvider.dia -c /Users/siam/Library/Developer/Xcode/DerivedData/Lingua_Quest-gvpckrqxtbgyprbgppjfqmimmmfw/SourcePackages/checkouts/firebase-ios-sdk/FirebaseAppCheck/Sources/DeviceCheckProvider/FIRDeviceCheckProvider.m -o /Users/siam/Library/Developer/Xcode/DerivedData/Lingua_Quest-gvpckrqxtbgyprbgppjfqmimmmfw/Build/Intermediates.noindex/Firebase.build/Debug-iphonesimulator/FirebaseAppCheck.build/Objects-normal/arm64/FIRDeviceCheckProvider.o -index-unit-output-path /Firebase.build/Debug-iphonesimulator/FirebaseAppCheck.build/Objects-normal/arm64/FIRDeviceCheckProvider.o

CompileC /Users/siam/Library/Developer/Xcode/DerivedData/Lingua_Quest-gvpckrqxtbgyprbgppjfqmimmmfw/Build/Intermediates.noindex/Firebase.build/Debug-iphonesimulator/FirebaseAppCheck.build/Objects-normal/arm64/FIRRecaptchaProviderFactory.o /Users/siam/Library/Developer/Xcode/DerivedData/Lingua_Quest-gvpckrqxtbgyprbgppjfqmimmmfw/SourcePackages/checkouts/firebase-ios-sdk/FirebaseAppCheck/Sources/RecaptchaProvider/FIRRecaptchaProviderFactory.m normal arm64 objective-c com.apple.compilers.llvm.clang.1_0.compiler (in target 'FirebaseAppCheck' from project 'Firebase')
    cd /Users/siam/Desktop/Lingua\ Quest/Lingua\ Quest.xcodeproj
    
    Using response file: /Users/siam/Library/Developer/Xcode/DerivedData/Lingua_Quest-gvpckrqxtbgyprbgppjfqmimmmfw/Build/Intermediates.noindex/Firebase.build/Debug-iphonesimulator/FirebaseAppCheck.build/Objects-normal/arm64/e6072d4f65d7061329687fe24e3d63a7-common-args.resp
    
    /Applications/Xcode.app/Contents/Developer/Toolchains/XcodeDefault.xctoolchain/usr/bin/clang -x objective-c -ivfsstatcache /Users/siam/Library/Developer/Xcode/DerivedData/SDKStatCaches.noindex/iphonesimulator26.0-23A339-26257891a6c027eb51374368541b8346.sdkstatcache -fmessage-length\=0 -fdiagnostics-show-note-include-stack -fmacro-backtrace-limit\=0 -fno-color-diagnostics -fmodules-prune-interval\=86400 -fmodules-prune-after\=345600 -fbuild-session-file\=/Users/siam/Library/Developer/Xcode/DerivedData/ModuleCache.noindex/Session.modulevalidation -fmodules-validate-once-per-build-session -Wnon-modular-include-in-framework-module -Werror\=non-modular-include-in-framework-module -Wno-trigraphs -Wno-missing-field-initializers -Wno-missing-prototypes -Wno-return-type -Wno-implicit-atomic-properties -Wno-objc-interface-ivars -Wno-arc-repeated-use-of-weak -Wno-missing-braces -Wparentheses -Wswitch -Wno-unused-function -Wno-unused-label -Wno-unused-parameter -Wno-unused-variable -Wunused-value -Wno-empty-body -Wno-uninitialized -Wno-unknown-pragmas -w -Wno-shadow -Wno-four-char-constants -Wno-conversion -Wno-constant-conversion -Wno-int-conversion -Wno-bool-conversion -Wno-enum-conversion -Wno-float-conversion -Wno-non-literal-null-conversion -Wno-objc-literal-conversion -Wshorten-64-to-32 -Wpointer-sign -Wno-newline-eof -Wno-selector -Wno-strict-selector-match -Wno-undeclared-selector -Wno-deprecated-implementations -Wno-implicit-fallthrough -fstrict-aliasing -Wprotocol -Wdeprecated-declarations -Wno-sign-conversion -Wno-infinite-recursion -Wno-comma -Wno-block-capture-autoreleasing -Wno-strict-prototypes -Wno-semicolon-before-method-body -index-store-path /Users/siam/Library/Developer/Xcode/DerivedData/Lingua_Quest-gvpckrqxtbgyprbgppjfqmimmmfw/Index.noindex/DataStore @/Users/siam/Library/Developer/Xcode/DerivedData/Lingua_Quest-gvpckrqxtbgyprbgppjfqmimmmfw/Build/Intermediates.noindex/Firebase.build/Debug-iphonesimulator/FirebaseAppCheck.build/Objects-normal/arm64/e6072d4f65d7061329687fe24e3d63a7-common-args.resp -MMD -MT dependencies -MF /Users/siam/Library/Developer/Xcode/DerivedData/Lingua_Quest-gvpckrqxtbgyprbgppjfqmimmmfw/Build/Intermediates.noindex/Firebase.build/Debug-iphonesimulator/FirebaseAppCheck.build/Objects-normal/arm64/FIRRecaptchaProviderFactory.d --serialize-diagnostics /Users/siam/Library/Developer/Xcode/DerivedData/Lingua_Quest-gvpckrqxtbgyprbgppjfqmimmmfw/Build/Intermediates.noindex/Firebase.build/Debug-iphonesimulator/FirebaseAppCheck.build/Objects-normal/arm64/FIRRecaptchaProviderFactory.dia -c /Users/siam/Library/Developer/Xcode/DerivedData/Lingua_Quest-gvpckrqxtbgyprbgppjfqmimmmfw/SourcePackages/checkouts/firebase-ios-sdk/FirebaseAppCheck/Sources/RecaptchaProvider/FIRRecaptchaProviderFactory.m -o /Users/siam/Library/Developer/Xcode/DerivedData/Lingua_Quest-gvpckrqxtbgyprbgppjfqmimmmfw/Build/Intermediates.noindex/Firebase.build/Debug-iphonesimulator/FirebaseAppCheck.build/Objects-normal/arm64/FIRRecaptchaProviderFactory.o -index-unit-output-path /Firebase.build/Debug-iphonesimulator/FirebaseAppCheck.build/Objects-normal/arm64/FIRRecaptchaProviderFactory.o

SwiftDriverJobDiscovery normal arm64 Compiling AuthNotificationManager.swift, AuthStoredUserManager.swift, SecureTokenService.swift, TokenRefreshCoalescer.swift, AdditionalUserInfo.swift, User.swift, UserInfo.swift, UserInfoImpl.swift, UserMetadata.swift, UserProfileChangeRequest.swift, UserProfileUpdate.swift (in target 'FirebaseAuth' from project 'Firebase')

ScanDependencies /Users/siam/Library/Developer/Xcode/DerivedData/Lingua_Quest-gvpckrqxtbgyprbgppjfqmimmmfw/Build/Intermediates.noindex/Firebase.build/Debug-iphonesimulator/FirebaseAppCheck.build/Objects-normal/arm64/FIRDefaultProviderFactory.o /Users/siam/Library/Developer/Xcode/DerivedData/Lingua_Quest-gvpckrqxtbgyprbgppjfqmimmmfw/SourcePackages/checkouts/firebase-ios-sdk/FirebaseAppCheck/Sources/DefaultProviderFactory/FIRDefaultProviderFactory.m normal arm64 objective-c com.apple.compilers.llvm.clang.1_0.compiler (in target 'FirebaseAppCheck' from project 'Firebase')
    cd /Users/siam/Desktop/Lingua\ Quest/Lingua\ Quest.xcodeproj
    
    Using response file: /Users/siam/Library/Developer/Xcode/DerivedData/Lingua_Quest-gvpckrqxtbgyprbgppjfqmimmmfw/Build/Intermediates.noindex/Firebase.build/Debug-iphonesimulator/FirebaseAppCheck.build/Objects-normal/arm64/e6072d4f65d7061329687fe24e3d63a7-common-args.resp
    
    builtin-ScanDependencies -o /Users/siam/Library/Developer/Xcode/DerivedData/Lingua_Quest-gvpckrqxtbgyprbgppjfqmimmmfw/Build/Intermediates.noindex/Firebase.build/Debug-iphonesimulator/FirebaseAppCheck.build/Objects-normal/arm64/FIRDefaultProviderFactory.o.scan -- /Applications/Xcode.app/Contents/Developer/Toolchains/XcodeDefault.xctoolchain/usr/bin/clang -x objective-c -ivfsstatcache /Users/siam/Library/Developer/Xcode/DerivedData/SDKStatCaches.noindex/iphonesimulator26.0-23A339-26257891a6c027eb51374368541b8346.sdkstatcache -fmessage-length\=0 -fdiagnostics-show-note-include-stack -fmacro-backtrace-limit\=0 -fno-color-diagnostics -fmodules-prune-interval\=86400 -fmodules-prune-after\=345600 -fbuild-session-file\=/Users/siam/Library/Developer/Xcode/DerivedData/ModuleCache.noindex/Session.modulevalidation -fmodules-validate-once-per-build-session -Wnon-modular-include-in-framework-module -Werror\=non-modular-include-in-framework-module -Wno-trigraphs -Wno-missing-field-initializers -Wno-missing-prototypes -Wno-return-type -Wno-implicit-atomic-properties -Wno-objc-interface-ivars -Wno-arc-repeated-use-of-weak -Wno-missing-braces -Wparentheses -Wswitch -Wno-unused-function -Wno-unused-label -Wno-unused-parameter -Wno-unused-variable -Wunused-value -Wno-empty-body -Wno-uninitialized -Wno-unknown-pragmas -w -Wno-shadow -Wno-four-char-constants -Wno-conversion -Wno-constant-conversion -Wno-int-conversion -Wno-bool-conversion -Wno-enum-conversion -Wno-float-conversion -Wno-non-literal-null-conversion -Wno-objc-literal-conversion -Wshorten-64-to-32 -Wpointer-sign -Wno-newline-eof -Wno-selector -Wno-strict-selector-match -Wno-undeclared-selector -Wno-deprecated-implementations -Wno-implicit-fallthrough -fstrict-aliasing -Wprotocol -Wdeprecated-declarations -Wno-sign-conversion -Wno-infinite-recursion -Wno-comma -Wno-block-capture-autoreleasing -Wno-strict-prototypes -Wno-semicolon-before-method-body -index-store-path /Users/siam/Library/Developer/Xcode/DerivedData/Lingua_Quest-gvpckrqxtbgyprbgppjfqmimmmfw/Index.noindex/DataStore @/Users/siam/Library/Developer/Xcode/DerivedData/Lingua_Quest-gvpckrqxtbgyprbgppjfqmimmmfw/Build/Intermediates.noindex/Firebase.build/Debug-iphonesimulator/FirebaseAppCheck.build/Objects-normal/arm64/e6072d4f65d7061329687fe24e3d63a7-common-args.resp -MMD -MT dependencies -MF /Users/siam/Library/Developer/Xcode/DerivedData/Lingua_Quest-gvpckrqxtbgyprbgppjfqmimmmfw/Build/Intermediates.noindex/Firebase.build/Debug-iphonesimulator/FirebaseAppCheck.build/Objects-normal/arm64/FIRDefaultProviderFactory.d --serialize-diagnostics /Users/siam/Library/Developer/Xcode/DerivedData/Lingua_Quest-gvpckrqxtbgyprbgppjfqmimmmfw/Build/Intermediates.noindex/Firebase.build/Debug-iphonesimulator/FirebaseAppCheck.build/Objects-normal/arm64/FIRDefaultProviderFactory.dia -c /Users/siam/Library/Developer/Xcode/DerivedData/Lingua_Quest-gvpckrqxtbgyprbgppjfqmimmmfw/SourcePackages/checkouts/firebase-ios-sdk/FirebaseAppCheck/Sources/DefaultProviderFactory/FIRDefaultProviderFactory.m -o /Users/siam/Library/Developer/Xcode/DerivedData/Lingua_Quest-gvpckrqxtbgyprbgppjfqmimmmfw/Build/Intermediates.noindex/Firebase.build/Debug-iphonesimulator/FirebaseAppCheck.build/Objects-normal/arm64/FIRDefaultProviderFactory.o -index-unit-output-path /Firebase.build/Debug-iphonesimulator/FirebaseAppCheck.build/Objects-normal/arm64/FIRDefaultProviderFactory.o

ScanDependencies /Users/siam/Library/Developer/Xcode/DerivedData/Lingua_Quest-gvpckrqxtbgyprbgppjfqmimmmfw/Build/Intermediates.noindex/Firebase.build/Debug-iphonesimulator/FirebaseAppCheck.build/Objects-normal/arm64/FIRAppCheckValidator.o /Users/siam/Library/Developer/Xcode/DerivedData/Lingua_Quest-gvpckrqxtbgyprbgppjfqmimmmfw/SourcePackages/checkouts/firebase-ios-sdk/FirebaseAppCheck/Sources/Core/FIRAppCheckValidator.m normal arm64 objective-c com.apple.compilers.llvm.clang.1_0.compiler (in target 'FirebaseAppCheck' from project 'Firebase')
    cd /Users/siam/Desktop/Lingua\ Quest/Lingua\ Quest.xcodeproj
    
    Using response file: /Users/siam/Library/Developer/Xcode/DerivedData/Lingua_Quest-gvpckrqxtbgyprbgppjfqmimmmfw/Build/Intermediates.noindex/Firebase.build/Debug-iphonesimulator/FirebaseAppCheck.build/Objects-normal/arm64/e6072d4f65d7061329687fe24e3d63a7-common-args.resp
    
    builtin-ScanDependencies -o /Users/siam/Library/Developer/Xcode/DerivedData/Lingua_Quest-gvpckrqxtbgyprbgppjfqmimmmfw/Build/Intermediates.noindex/Firebase.build/Debug-iphonesimulator/FirebaseAppCheck.build/Objects-normal/arm64/FIRAppCheckValidator.o.scan -- /Applications/Xcode.app/Contents/Developer/Toolchains/XcodeDefault.xctoolchain/usr/bin/clang -x objective-c -ivfsstatcache /Users/siam/Library/Developer/Xcode/DerivedData/SDKStatCaches.noindex/iphonesimulator26.0-23A339-26257891a6c027eb51374368541b8346.sdkstatcache -fmessage-length\=0 -fdiagnostics-show-note-include-stack -fmacro-backtrace-limit\=0 -fno-color-diagnostics -fmodules-prune-interval\=86400 -fmodules-prune-after\=345600 -fbuild-session-file\=/Users/siam/Library/Developer/Xcode/DerivedData/ModuleCache.noindex/Session.modulevalidation -fmodules-validate-once-per-build-session -Wnon-modular-include-in-framework-module -Werror\=non-modular-include-in-framework-module -Wno-trigraphs -Wno-missing-field-initializers -Wno-missing-prototypes -Wno-return-type -Wno-implicit-atomic-properties -Wno-objc-interface-ivars -Wno-arc-repeated-use-of-weak -Wno-missing-braces -Wparentheses -Wswitch -Wno-unused-function -Wno-unused-label -Wno-unused-parameter -Wno-unused-variable -Wunused-value -Wno-empty-body -Wno-uninitialized -Wno-unknown-pragmas -w -Wno-shadow -Wno-four-char-constants -Wno-conversion -Wno-constant-conversion -Wno-int-conversion -Wno-bool-conversion -Wno-enum-conversion -Wno-float-conversion -Wno-non-literal-null-conversion -Wno-objc-literal-conversion -Wshorten-64-to-32 -Wpointer-sign -Wno-newline-eof -Wno-selector -Wno-strict-selector-match -Wno-undeclared-selector -Wno-deprecated-implementations -Wno-implicit-fallthrough -fstrict-aliasing -Wprotocol -Wdeprecated-declarations -Wno-sign-conversion -Wno-infinite-recursion -Wno-comma -Wno-block-capture-autoreleasing -Wno-strict-prototypes -Wno-semicolon-before-method-body -index-store-path /Users/siam/Library/Developer/Xcode/DerivedData/Lingua_Quest-gvpckrqxtbgyprbgppjfqmimmmfw/Index.noindex/DataStore @/Users/siam/Library/Developer/Xcode/DerivedData/Lingua_Quest-gvpckrqxtbgyprbgppjfqmimmmfw/Build/Intermediates.noindex/Firebase.build/Debug-iphonesimulator/FirebaseAppCheck.build/Objects-normal/arm64/e6072d4f65d7061329687fe24e3d63a7-common-args.resp -MMD -MT dependencies -MF /Users/siam/Library/Developer/Xcode/DerivedData/Lingua_Quest-gvpckrqxtbgyprbgppjfqmimmmfw/Build/Intermediates.noindex/Firebase.build/Debug-iphonesimulator/FirebaseAppCheck.build/Objects-normal/arm64/FIRAppCheckValidator.d --serialize-diagnostics /Users/siam/Library/Developer/Xcode/DerivedData/Lingua_Quest-gvpckrqxtbgyprbgppjfqmimmmfw/Build/Intermediates.noindex/Firebase.build/Debug-iphonesimulator/FirebaseAppCheck.build/Objects-normal/arm64/FIRAppCheckValidator.dia -c /Users/siam/Library/Developer/Xcode/DerivedData/Lingua_Quest-gvpckrqxtbgyprbgppjfqmimmmfw/SourcePackages/checkouts/firebase-ios-sdk/FirebaseAppCheck/Sources/Core/FIRAppCheckValidator.m -o /Users/siam/Library/Developer/Xcode/DerivedData/Lingua_Quest-gvpckrqxtbgyprbgppjfqmimmmfw/Build/Intermediates.noindex/Firebase.build/Debug-iphonesimulator/FirebaseAppCheck.build/Objects-normal/arm64/FIRAppCheckValidator.o -index-unit-output-path /Firebase.build/Debug-iphonesimulator/FirebaseAppCheck.build/Objects-normal/arm64/FIRAppCheckValidator.o

ScanDependencies /Users/siam/Library/Developer/Xcode/DerivedData/Lingua_Quest-gvpckrqxtbgyprbgppjfqmimmmfw/Build/Intermediates.noindex/Firebase.build/Debug-iphonesimulator/FirebaseAppCheck.build/Objects-normal/arm64/FIRAppCheckTokenResult.o /Users/siam/Library/Developer/Xcode/DerivedData/Lingua_Quest-gvpckrqxtbgyprbgppjfqmimmmfw/SourcePackages/checkouts/firebase-ios-sdk/FirebaseAppCheck/Sources/Core/FIRAppCheckTokenResult.m normal arm64 objective-c com.apple.compilers.llvm.clang.1_0.compiler (in target 'FirebaseAppCheck' from project 'Firebase')
    cd /Users/siam/Desktop/Lingua\ Quest/Lingua\ Quest.xcodeproj
    
    Using response file: /Users/siam/Library/Developer/Xcode/DerivedData/Lingua_Quest-gvpckrqxtbgyprbgppjfqmimmmfw/Build/Intermediates.noindex/Firebase.build/Debug-iphonesimulator/FirebaseAppCheck.build/Objects-normal/arm64/e6072d4f65d7061329687fe24e3d63a7-common-args.resp
    
    builtin-ScanDependencies -o /Users/siam/Library/Developer/Xcode/DerivedData/Lingua_Quest-gvpckrqxtbgyprbgppjfqmimmmfw/Build/Intermediates.noindex/Firebase.build/Debug-iphonesimulator/FirebaseAppCheck.build/Objects-normal/arm64/FIRAppCheckTokenResult.o.scan -- /Applications/Xcode.app/Contents/Developer/Toolchains/XcodeDefault.xctoolchain/usr/bin/clang -x objective-c -ivfsstatcache /Users/siam/Library/Developer/Xcode/DerivedData/SDKStatCaches.noindex/iphonesimulator26.0-23A339-26257891a6c027eb51374368541b8346.sdkstatcache -fmessage-length\=0 -fdiagnostics-show-note-include-stack -fmacro-backtrace-limit\=0 -fno-color-diagnostics -fmodules-prune-interval\=86400 -fmodules-prune-after\=345600 -fbuild-session-file\=/Users/siam/Library/Developer/Xcode/DerivedData/ModuleCache.noindex/Session.modulevalidation -fmodules-validate-once-per-build-session -Wnon-modular-include-in-framework-module -Werror\=non-modular-include-in-framework-module -Wno-trigraphs -Wno-missing-field-initializers -Wno-missing-prototypes -Wno-return-type -Wno-implicit-atomic-properties -Wno-objc-interface-ivars -Wno-arc-repeated-use-of-weak -Wno-missing-braces -Wparentheses -Wswitch -Wno-unused-function -Wno-unused-label -Wno-unused-parameter -Wno-unused-variable -Wunused-value -Wno-empty-body -Wno-uninitialized -Wno-unknown-pragmas -w -Wno-shadow -Wno-four-char-constants -Wno-conversion -Wno-constant-conversion -Wno-int-conversion -Wno-bool-conversion -Wno-enum-conversion -Wno-float-conversion -Wno-non-literal-null-conversion -Wno-objc-literal-conversion -Wshorten-64-to-32 -Wpointer-sign -Wno-newline-eof -Wno-selector -Wno-strict-selector-match -Wno-undeclared-selector -Wno-deprecated-implementations -Wno-implicit-fallthrough -fstrict-aliasing -Wprotocol -Wdeprecated-declarations -Wno-sign-conversion -Wno-infinite-recursion -Wno-comma -Wno-block-capture-autoreleasing -Wno-strict-prototypes -Wno-semicolon-before-method-body -index-store-path /Users/siam/Library/Developer/Xcode/DerivedData/Lingua_Quest-gvpckrqxtbgyprbgppjfqmimmmfw/Index.noindex/DataStore @/Users/siam/Library/Developer/Xcode/DerivedData/Lingua_Quest-gvpckrqxtbgyprbgppjfqmimmmfw/Build/Intermediates.noindex/Firebase.build/Debug-iphonesimulator/FirebaseAppCheck.build/Objects-normal/arm64/e6072d4f65d7061329687fe24e3d63a7-common-args.resp -MMD -MT dependencies -MF /Users/siam/Library/Developer/Xcode/DerivedData/Lingua_Quest-gvpckrqxtbgyprbgppjfqmimmmfw/Build/Intermediates.noindex/Firebase.build/Debug-iphonesimulator/FirebaseAppCheck.build/Objects-normal/arm64/FIRAppCheckTokenResult.d --serialize-diagnostics /Users/siam/Library/Developer/Xcode/DerivedData/Lingua_Quest-gvpckrqxtbgyprbgppjfqmimmmfw/Build/Intermediates.noindex/Firebase.build/Debug-iphonesimulator/FirebaseAppCheck.build/Objects-normal/arm64/FIRAppCheckTokenResult.dia -c /Users/siam/Library/Developer/Xcode/DerivedData/Lingua_Quest-gvpckrqxtbgyprbgppjfqmimmmfw/SourcePackages/checkouts/firebase-ios-sdk/FirebaseAppCheck/Sources/Core/FIRAppCheckTokenResult.m -o /Users/siam/Library/Developer/Xcode/DerivedData/Lingua_Quest-gvpckrqxtbgyprbgppjfqmimmmfw/Build/Intermediates.noindex/Firebase.build/Debug-iphonesimulator/FirebaseAppCheck.build/Objects-normal/arm64/FIRAppCheckTokenResult.o -index-unit-output-path /Firebase.build/Debug-iphonesimulator/FirebaseAppCheck.build/Objects-normal/arm64/FIRAppCheckTokenResult.o

ScanDependencies /Users/siam/Library/Developer/Xcode/DerivedData/Lingua_Quest-gvpckrqxtbgyprbgppjfqmimmmfw/Build/Intermediates.noindex/Firebase.build/Debug-iphonesimulator/FirebaseAppCheck.build/Objects-normal/arm64/FIRAppCheckToken.o /Users/siam/Library/Developer/Xcode/DerivedData/Lingua_Quest-gvpckrqxtbgyprbgppjfqmimmmfw/SourcePackages/checkouts/firebase-ios-sdk/FirebaseAppCheck/Sources/Core/FIRAppCheckToken.m normal arm64 objective-c com.apple.compilers.llvm.clang.1_0.compiler (in target 'FirebaseAppCheck' from project 'Firebase')
    cd /Users/siam/Desktop/Lingua\ Quest/Lingua\ Quest.xcodeproj
    
    Using response file: /Users/siam/Library/Developer/Xcode/DerivedData/Lingua_Quest-gvpckrqxtbgyprbgppjfqmimmmfw/Build/Intermediates.noindex/Firebase.build/Debug-iphonesimulator/FirebaseAppCheck.build/Objects-normal/arm64/e6072d4f65d7061329687fe24e3d63a7-common-args.resp
    
    builtin-ScanDependencies -o /Users/siam/Library/Developer/Xcode/DerivedData/Lingua_Quest-gvpckrqxtbgyprbgppjfqmimmmfw/Build/Intermediates.noindex/Firebase.build/Debug-iphonesimulator/FirebaseAppCheck.build/Objects-normal/arm64/FIRAppCheckToken.o.scan -- /Applications/Xcode.app/Contents/Developer/Toolchains/XcodeDefault.xctoolchain/usr/bin/clang -x objective-c -ivfsstatcache /Users/siam/Library/Developer/Xcode/DerivedData/SDKStatCaches.noindex/iphonesimulator26.0-23A339-26257891a6c027eb51374368541b8346.sdkstatcache -fmessage-length\=0 -fdiagnostics-show-note-include-stack -fmacro-backtrace-limit\=0 -fno-color-diagnostics -fmodules-prune-interval\=86400 -fmodules-prune-after\=345600 -fbuild-session-file\=/Users/siam/Library/Developer/Xcode/DerivedData/ModuleCache.noindex/Session.modulevalidation -fmodules-validate-once-per-build-session -Wnon-modular-include-in-framework-module -Werror\=non-modular-include-in-framework-module -Wno-trigraphs -Wno-missing-field-initializers -Wno-missing-prototypes -Wno-return-type -Wno-implicit-atomic-properties -Wno-objc-interface-ivars -Wno-arc-repeated-use-of-weak -Wno-missing-braces -Wparentheses -Wswitch -Wno-unused-function -Wno-unused-label -Wno-unused-parameter -Wno-unused-variable -Wunused-value -Wno-empty-body -Wno-uninitialized -Wno-unknown-pragmas -w -Wno-shadow -Wno-four-char-constants -Wno-conversion -Wno-constant-conversion -Wno-int-conversion -Wno-bool-conversion -Wno-enum-conversion -Wno-float-conversion -Wno-non-literal-null-conversion -Wno-objc-literal-conversion -Wshorten-64-to-32 -Wpointer-sign -Wno-newline-eof -Wno-selector -Wno-strict-selector-match -Wno-undeclared-selector -Wno-deprecated-implementations -Wno-implicit-fallthrough -fstrict-aliasing -Wprotocol -Wdeprecated-declarations -Wno-sign-conversion -Wno-infinite-recursion -Wno-comma -Wno-block-capture-autoreleasing -Wno-strict-prototypes -Wno-semicolon-before-method-body -index-store-path /Users/siam/Library/Developer/Xcode/DerivedData/Lingua_Quest-gvpckrqxtbgyprbgppjfqmimmmfw/Index.noindex/DataStore @/Users/siam/Library/Developer/Xcode/DerivedData/Lingua_Quest-gvpckrqxtbgyprbgppjfqmimmmfw/Build/Intermediates.noindex/Firebase.build/Debug-iphonesimulator/FirebaseAppCheck.build/Objects-normal/arm64/e6072d4f65d7061329687fe24e3d63a7-common-args.resp -MMD -MT dependencies -MF /Users/siam/Library/Developer/Xcode/DerivedData/Lingua_Quest-gvpckrqxtbgyprbgppjfqmimmmfw/Build/Intermediates.noindex/Firebase.build/Debug-iphonesimulator/FirebaseAppCheck.build/Objects-normal/arm64/FIRAppCheckToken.d --serialize-diagnostics /Users/siam/Library/Developer/Xcode/DerivedData/Lingua_Quest-gvpckrqxtbgyprbgppjfqmimmmfw/Build/Intermediates.noindex/Firebase.build/Debug-iphonesimulator/FirebaseAppCheck.build/Objects-normal/arm64/FIRAppCheckToken.dia -c /Users/siam/Library/Developer/Xcode/DerivedData/Lingua_Quest-gvpckrqxtbgyprbgppjfqmimmmfw/SourcePackages/checkouts/firebase-ios-sdk/FirebaseAppCheck/Sources/Core/FIRAppCheckToken.m -o /Users/siam/Library/Developer/Xcode/DerivedData/Lingua_Quest-gvpckrqxtbgyprbgppjfqmimmmfw/Build/Intermediates.noindex/Firebase.build/Debug-iphonesimulator/FirebaseAppCheck.build/Objects-normal/arm64/FIRAppCheckToken.o -index-unit-output-path /Firebase.build/Debug-iphonesimulator/FirebaseAppCheck.build/Objects-normal/arm64/FIRAppCheckToken.o

SwiftDriverJobDiscovery normal arm64 Compiling DeleteAccountRequest.swift, DeleteAccountResponse.swift, EmailLinkSignInRequest.swift, EmailLinkSignInResponse.swift, GetAccountInfoRequest.swift, GetAccountInfoResponse.swift, GetOOBConfirmationCodeRequest.swift, GetOOBConfirmationCodeResponse.swift, GetProjectConfigRequest.swift, GetProjectConfigResponse.swift, GetRecaptchaConfigRequest.swift, GetRecaptchaConfigResponse.swift (in target 'FirebaseAuth' from project 'Firebase')

ScanDependencies /Users/siam/Library/Developer/Xcode/DerivedData/Lingua_Quest-gvpckrqxtbgyprbgppjfqmimmmfw/Build/Intermediates.noindex/Firebase.build/Debug-iphonesimulator/FirebaseAppCheck.build/Objects-normal/arm64/FIRAppCheckSettings.o /Users/siam/Library/Developer/Xcode/DerivedData/Lingua_Quest-gvpckrqxtbgyprbgppjfqmimmmfw/SourcePackages/checkouts/firebase-ios-sdk/FirebaseAppCheck/Sources/Core/FIRAppCheckSettings.m normal arm64 objective-c com.apple.compilers.llvm.clang.1_0.compiler (in target 'FirebaseAppCheck' from project 'Firebase')
    cd /Users/siam/Desktop/Lingua\ Quest/Lingua\ Quest.xcodeproj
    
    Using response file: /Users/siam/Library/Developer/Xcode/DerivedData/Lingua_Quest-gvpckrqxtbgyprbgppjfqmimmmfw/Build/Intermediates.noindex/Firebase.build/Debug-iphonesimulator/FirebaseAppCheck.build/Objects-normal/arm64/e6072d4f65d7061329687fe24e3d63a7-common-args.resp
    
    builtin-ScanDependencies -o /Users/siam/Library/Developer/Xcode/DerivedData/Lingua_Quest-gvpckrqxtbgyprbgppjfqmimmmfw/Build/Intermediates.noindex/Firebase.build/Debug-iphonesimulator/FirebaseAppCheck.build/Objects-normal/arm64/FIRAppCheckSettings.o.scan -- /Applications/Xcode.app/Contents/Developer/Toolchains/XcodeDefault.xctoolchain/usr/bin/clang -x objective-c -ivfsstatcache /Users/siam/Library/Developer/Xcode/DerivedData/SDKStatCaches.noindex/iphonesimulator26.0-23A339-26257891a6c027eb51374368541b8346.sdkstatcache -fmessage-length\=0 -fdiagnostics-show-note-include-stack -fmacro-backtrace-limit\=0 -fno-color-diagnostics -fmodules-prune-interval\=86400 -fmodules-prune-after\=345600 -fbuild-session-file\=/Users/siam/Library/Developer/Xcode/DerivedData/ModuleCache.noindex/Session.modulevalidation -fmodules-validate-once-per-build-session -Wnon-modular-include-in-framework-module -Werror\=non-modular-include-in-framework-module -Wno-trigraphs -Wno-missing-field-initializers -Wno-missing-prototypes -Wno-return-type -Wno-implicit-atomic-properties -Wno-objc-interface-ivars -Wno-arc-repeated-use-of-weak -Wno-missing-braces -Wparentheses -Wswitch -Wno-unused-function -Wno-unused-label -Wno-unused-parameter -Wno-unused-variable -Wunused-value -Wno-empty-body -Wno-uninitialized -Wno-unknown-pragmas -w -Wno-shadow -Wno-four-char-constants -Wno-conversion -Wno-constant-conversion -Wno-int-conversion -Wno-bool-conversion -Wno-enum-conversion -Wno-float-conversion -Wno-non-literal-null-conversion -Wno-objc-literal-conversion -Wshorten-64-to-32 -Wpointer-sign -Wno-newline-eof -Wno-selector -Wno-strict-selector-match -Wno-undeclared-selector -Wno-deprecated-implementations -Wno-implicit-fallthrough -fstrict-aliasing -Wprotocol -Wdeprecated-declarations -Wno-sign-conversion -Wno-infinite-recursion -Wno-comma -Wno-block-capture-autoreleasing -Wno-strict-prototypes -Wno-semicolon-before-method-body -index-store-path /Users/siam/Library/Developer/Xcode/DerivedData/Lingua_Quest-gvpckrqxtbgyprbgppjfqmimmmfw/Index.noindex/DataStore @/Users/siam/Library/Developer/Xcode/DerivedData/Lingua_Quest-gvpckrqxtbgyprbgppjfqmimmmfw/Build/Intermediates.noindex/Firebase.build/Debug-iphonesimulator/FirebaseAppCheck.build/Objects-normal/arm64/e6072d4f65d7061329687fe24e3d63a7-common-args.resp -MMD -MT dependencies -MF /Users/siam/Library/Developer/Xcode/DerivedData/Lingua_Quest-gvpckrqxtbgyprbgppjfqmimmmfw/Build/Intermediates.noindex/Firebase.build/Debug-iphonesimulator/FirebaseAppCheck.build/Objects-normal/arm64/FIRAppCheckSettings.d --serialize-diagnostics /Users/siam/Library/Developer/Xcode/DerivedData/Lingua_Quest-gvpckrqxtbgyprbgppjfqmimmmfw/Build/Intermediates.noindex/Firebase.build/Debug-iphonesimulator/FirebaseAppCheck.build/Objects-normal/arm64/FIRAppCheckSettings.dia -c /Users/siam/Library/Developer/Xcode/DerivedData/Lingua_Quest-gvpckrqxtbgyprbgppjfqmimmmfw/SourcePackages/checkouts/firebase-ios-sdk/FirebaseAppCheck/Sources/Core/FIRAppCheckSettings.m -o /Users/siam/Library/Developer/Xcode/DerivedData/Lingua_Quest-gvpckrqxtbgyprbgppjfqmimmmfw/Build/Intermediates.noindex/Firebase.build/Debug-iphonesimulator/FirebaseAppCheck.build/Objects-normal/arm64/FIRAppCheckSettings.o -index-unit-output-path /Firebase.build/Debug-iphonesimulator/FirebaseAppCheck.build/Objects-normal/arm64/FIRAppCheckSettings.o

ScanDependencies /Users/siam/Library/Developer/Xcode/DerivedData/Lingua_Quest-gvpckrqxtbgyprbgppjfqmimmmfw/Build/Intermediates.noindex/Firebase.build/Debug-iphonesimulator/FirebaseAppCheck.build/Objects-normal/arm64/FIRAppCheckLogger.o /Users/siam/Library/Developer/Xcode/DerivedData/Lingua_Quest-gvpckrqxtbgyprbgppjfqmimmmfw/SourcePackages/checkouts/firebase-ios-sdk/FirebaseAppCheck/Sources/Core/FIRAppCheckLogger.m normal arm64 objective-c com.apple.compilers.llvm.clang.1_0.compiler (in target 'FirebaseAppCheck' from project 'Firebase')
    cd /Users/siam/Desktop/Lingua\ Quest/Lingua\ Quest.xcodeproj
    
    Using response file: /Users/siam/Library/Developer/Xcode/DerivedData/Lingua_Quest-gvpckrqxtbgyprbgppjfqmimmmfw/Build/Intermediates.noindex/Firebase.build/Debug-iphonesimulator/FirebaseAppCheck.build/Objects-normal/arm64/e6072d4f65d7061329687fe24e3d63a7-common-args.resp
    
    builtin-ScanDependencies -o /Users/siam/Library/Developer/Xcode/DerivedData/Lingua_Quest-gvpckrqxtbgyprbgppjfqmimmmfw/Build/Intermediates.noindex/Firebase.build/Debug-iphonesimulator/FirebaseAppCheck.build/Objects-normal/arm64/FIRAppCheckLogger.o.scan -- /Applications/Xcode.app/Contents/Developer/Toolchains/XcodeDefault.xctoolchain/usr/bin/clang -x objective-c -ivfsstatcache /Users/siam/Library/Developer/Xcode/DerivedData/SDKStatCaches.noindex/iphonesimulator26.0-23A339-26257891a6c027eb51374368541b8346.sdkstatcache -fmessage-length\=0 -fdiagnostics-show-note-include-stack -fmacro-backtrace-limit\=0 -fno-color-diagnostics -fmodules-prune-interval\=86400 -fmodules-prune-after\=345600 -fbuild-session-file\=/Users/siam/Library/Developer/Xcode/DerivedData/ModuleCache.noindex/Session.modulevalidation -fmodules-validate-once-per-build-session -Wnon-modular-include-in-framework-module -Werror\=non-modular-include-in-framework-module -Wno-trigraphs -Wno-missing-field-initializers -Wno-missing-prototypes -Wno-return-type -Wno-implicit-atomic-properties -Wno-objc-interface-ivars -Wno-arc-repeated-use-of-weak -Wno-missing-braces -Wparentheses -Wswitch -Wno-unused-function -Wno-unused-label -Wno-unused-parameter -Wno-unused-variable -Wunused-value -Wno-empty-body -Wno-uninitialized -Wno-unknown-pragmas -w -Wno-shadow -Wno-four-char-constants -Wno-conversion -Wno-constant-conversion -Wno-int-conversion -Wno-bool-conversion -Wno-enum-conversion -Wno-float-conversion -Wno-non-literal-null-conversion -Wno-objc-literal-conversion -Wshorten-64-to-32 -Wpointer-sign -Wno-newline-eof -Wno-selector -Wno-strict-selector-match -Wno-undeclared-selector -Wno-deprecated-implementations -Wno-implicit-fallthrough -fstrict-aliasing -Wprotocol -Wdeprecated-declarations -Wno-sign-conversion -Wno-infinite-recursion -Wno-comma -Wno-block-capture-autoreleasing -Wno-strict-prototypes -Wno-semicolon-before-method-body -index-store-path /Users/siam/Library/Developer/Xcode/DerivedData/Lingua_Quest-gvpckrqxtbgyprbgppjfqmimmmfw/Index.noindex/DataStore @/Users/siam/Library/Developer/Xcode/DerivedData/Lingua_Quest-gvpckrqxtbgyprbgppjfqmimmmfw/Build/Intermediates.noindex/Firebase.build/Debug-iphonesimulator/FirebaseAppCheck.build/Objects-normal/arm64/e6072d4f65d7061329687fe24e3d63a7-common-args.resp -MMD -MT dependencies -MF /Users/siam/Library/Developer/Xcode/DerivedData/Lingua_Quest-gvpckrqxtbgyprbgppjfqmimmmfw/Build/Intermediates.noindex/Firebase.build/Debug-iphonesimulator/FirebaseAppCheck.build/Objects-normal/arm64/FIRAppCheckLogger.d --serialize-diagnostics /Users/siam/Library/Developer/Xcode/DerivedData/Lingua_Quest-gvpckrqxtbgyprbgppjfqmimmmfw/Build/Intermediates.noindex/Firebase.build/Debug-iphonesimulator/FirebaseAppCheck.build/Objects-normal/arm64/FIRAppCheckLogger.dia -c /Users/siam/Library/Developer/Xcode/DerivedData/Lingua_Quest-gvpckrqxtbgyprbgppjfqmimmmfw/SourcePackages/checkouts/firebase-ios-sdk/FirebaseAppCheck/Sources/Core/FIRAppCheckLogger.m -o /Users/siam/Library/Developer/Xcode/DerivedData/Lingua_Quest-gvpckrqxtbgyprbgppjfqmimmmfw/Build/Intermediates.noindex/Firebase.build/Debug-iphonesimulator/FirebaseAppCheck.build/Objects-normal/arm64/FIRAppCheckLogger.o -index-unit-output-path /Firebase.build/Debug-iphonesimulator/FirebaseAppCheck.build/Objects-normal/arm64/FIRAppCheckLogger.o

ScanDependencies /Users/siam/Library/Developer/Xcode/DerivedData/Lingua_Quest-gvpckrqxtbgyprbgppjfqmimmmfw/Build/Intermediates.noindex/Firebase.build/Debug-iphonesimulator/FirebaseAppCheck.build/Objects-normal/arm64/FIRAppCheckErrors.o /Users/siam/Library/Developer/Xcode/DerivedData/Lingua_Quest-gvpckrqxtbgyprbgppjfqmimmmfw/SourcePackages/checkouts/firebase-ios-sdk/FirebaseAppCheck/Sources/Core/Errors/FIRAppCheckErrors.m normal arm64 objective-c com.apple.compilers.llvm.clang.1_0.compiler (in target 'FirebaseAppCheck' from project 'Firebase')
    cd /Users/siam/Desktop/Lingua\ Quest/Lingua\ Quest.xcodeproj
    
    Using response file: /Users/siam/Library/Developer/Xcode/DerivedData/Lingua_Quest-gvpckrqxtbgyprbgppjfqmimmmfw/Build/Intermediates.noindex/Firebase.build/Debug-iphonesimulator/FirebaseAppCheck.build/Objects-normal/arm64/e6072d4f65d7061329687fe24e3d63a7-common-args.resp
    
    builtin-ScanDependencies -o /Users/siam/Library/Developer/Xcode/DerivedData/Lingua_Quest-gvpckrqxtbgyprbgppjfqmimmmfw/Build/Intermediates.noindex/Firebase.build/Debug-iphonesimulator/FirebaseAppCheck.build/Objects-normal/arm64/FIRAppCheckErrors.o.scan -- /Applications/Xcode.app/Contents/Developer/Toolchains/XcodeDefault.xctoolchain/usr/bin/clang -x objective-c -ivfsstatcache /Users/siam/Library/Developer/Xcode/DerivedData/SDKStatCaches.noindex/iphonesimulator26.0-23A339-26257891a6c027eb51374368541b8346.sdkstatcache -fmessage-length\=0 -fdiagnostics-show-note-include-stack -fmacro-backtrace-limit\=0 -fno-color-diagnostics -fmodules-prune-interval\=86400 -fmodules-prune-after\=345600 -fbuild-session-file\=/Users/siam/Library/Developer/Xcode/DerivedData/ModuleCache.noindex/Session.modulevalidation -fmodules-validate-once-per-build-session -Wnon-modular-include-in-framework-module -Werror\=non-modular-include-in-framework-module -Wno-trigraphs -Wno-missing-field-initializers -Wno-missing-prototypes -Wno-return-type -Wno-implicit-atomic-properties -Wno-objc-interface-ivars -Wno-arc-repeated-use-of-weak -Wno-missing-braces -Wparentheses -Wswitch -Wno-unused-function -Wno-unused-label -Wno-unused-parameter -Wno-unused-variable -Wunused-value -Wno-empty-body -Wno-uninitialized -Wno-unknown-pragmas -w -Wno-shadow -Wno-four-char-constants -Wno-conversion -Wno-constant-conversion -Wno-int-conversion -Wno-bool-conversion -Wno-enum-conversion -Wno-float-conversion -Wno-non-literal-null-conversion -Wno-objc-literal-conversion -Wshorten-64-to-32 -Wpointer-sign -Wno-newline-eof -Wno-selector -Wno-strict-selector-match -Wno-undeclared-selector -Wno-deprecated-implementations -Wno-implicit-fallthrough -fstrict-aliasing -Wprotocol -Wdeprecated-declarations -Wno-sign-conversion -Wno-infinite-recursion -Wno-comma -Wno-block-capture-autoreleasing -Wno-strict-prototypes -Wno-semicolon-before-method-body -index-store-path /Users/siam/Library/Developer/Xcode/DerivedData/Lingua_Quest-gvpckrqxtbgyprbgppjfqmimmmfw/Index.noindex/DataStore @/Users/siam/Library/Developer/Xcode/DerivedData/Lingua_Quest-gvpckrqxtbgyprbgppjfqmimmmfw/Build/Intermediates.noindex/Firebase.build/Debug-iphonesimulator/FirebaseAppCheck.build/Objects-normal/arm64/e6072d4f65d7061329687fe24e3d63a7-common-args.resp -MMD -MT dependencies -MF /Users/siam/Library/Developer/Xcode/DerivedData/Lingua_Quest-gvpckrqxtbgyprbgppjfqmimmmfw/Build/Intermediates.noindex/Firebase.build/Debug-iphonesimulator/FirebaseAppCheck.build/Objects-normal/arm64/FIRAppCheckErrors.d --serialize-diagnostics /Users/siam/Library/Developer/Xcode/DerivedData/Lingua_Quest-gvpckrqxtbgyprbgppjfqmimmmfw/Build/Intermediates.noindex/Firebase.build/Debug-iphonesimulator/FirebaseAppCheck.build/Objects-normal/arm64/FIRAppCheckErrors.dia -c /Users/siam/Library/Developer/Xcode/DerivedData/Lingua_Quest-gvpckrqxtbgyprbgppjfqmimmmfw/SourcePackages/checkouts/firebase-ios-sdk/FirebaseAppCheck/Sources/Core/Errors/FIRAppCheckErrors.m -o /Users/siam/Library/Developer/Xcode/DerivedData/Lingua_Quest-gvpckrqxtbgyprbgppjfqmimmmfw/Build/Intermediates.noindex/Firebase.build/Debug-iphonesimulator/FirebaseAppCheck.build/Objects-normal/arm64/FIRAppCheckErrors.o -index-unit-output-path /Firebase.build/Debug-iphonesimulator/FirebaseAppCheck.build/Objects-normal/arm64/FIRAppCheckErrors.o

ScanDependencies /Users/siam/Library/Developer/Xcode/DerivedData/Lingua_Quest-gvpckrqxtbgyprbgppjfqmimmmfw/Build/Intermediates.noindex/Firebase.build/Debug-iphonesimulator/FirebaseAppCheck.build/Objects-normal/arm64/FIRAppCheckErrorUtil.o /Users/siam/Library/Developer/Xcode/DerivedData/Lingua_Quest-gvpckrqxtbgyprbgppjfqmimmmfw/SourcePackages/checkouts/firebase-ios-sdk/FirebaseAppCheck/Sources/Core/Errors/FIRAppCheckErrorUtil.m normal arm64 objective-c com.apple.compilers.llvm.clang.1_0.compiler (in target 'FirebaseAppCheck' from project 'Firebase')
    cd /Users/siam/Desktop/Lingua\ Quest/Lingua\ Quest.xcodeproj
    
    Using response file: /Users/siam/Library/Developer/Xcode/DerivedData/Lingua_Quest-gvpckrqxtbgyprbgppjfqmimmmfw/Build/Intermediates.noindex/Firebase.build/Debug-iphonesimulator/FirebaseAppCheck.build/Objects-normal/arm64/e6072d4f65d7061329687fe24e3d63a7-common-args.resp
    
    builtin-ScanDependencies -o /Users/siam/Library/Developer/Xcode/DerivedData/Lingua_Quest-gvpckrqxtbgyprbgppjfqmimmmfw/Build/Intermediates.noindex/Firebase.build/Debug-iphonesimulator/FirebaseAppCheck.build/Objects-normal/arm64/FIRAppCheckErrorUtil.o.scan -- /Applications/Xcode.app/Contents/Developer/Toolchains/XcodeDefault.xctoolchain/usr/bin/clang -x objective-c -ivfsstatcache /Users/siam/Library/Developer/Xcode/DerivedData/SDKStatCaches.noindex/iphonesimulator26.0-23A339-26257891a6c027eb51374368541b8346.sdkstatcache -fmessage-length\=0 -fdiagnostics-show-note-include-stack -fmacro-backtrace-limit\=0 -fno-color-diagnostics -fmodules-prune-interval\=86400 -fmodules-prune-after\=345600 -fbuild-session-file\=/Users/siam/Library/Developer/Xcode/DerivedData/ModuleCache.noindex/Session.modulevalidation -fmodules-validate-once-per-build-session -Wnon-modular-include-in-framework-module -Werror\=non-modular-include-in-framework-module -Wno-trigraphs -Wno-missing-field-initializers -Wno-missing-prototypes -Wno-return-type -Wno-implicit-atomic-properties -Wno-objc-interface-ivars -Wno-arc-repeated-use-of-weak -Wno-missing-braces -Wparentheses -Wswitch -Wno-unused-function -Wno-unused-label -Wno-unused-parameter -Wno-unused-variable -Wunused-value -Wno-empty-body -Wno-uninitialized -Wno-unknown-pragmas -w -Wno-shadow -Wno-four-char-constants -Wno-conversion -Wno-constant-conversion -Wno-int-conversion -Wno-bool-conversion -Wno-enum-conversion -Wno-float-conversion -Wno-non-literal-null-conversion -Wno-objc-literal-conversion -Wshorten-64-to-32 -Wpointer-sign -Wno-newline-eof -Wno-selector -Wno-strict-selector-match -Wno-undeclared-selector -Wno-deprecated-implementations -Wno-implicit-fallthrough -fstrict-aliasing -Wprotocol -Wdeprecated-declarations -Wno-sign-conversion -Wno-infinite-recursion -Wno-comma -Wno-block-capture-autoreleasing -Wno-strict-prototypes -Wno-semicolon-before-method-body -index-store-path /Users/siam/Library/Developer/Xcode/DerivedData/Lingua_Quest-gvpckrqxtbgyprbgppjfqmimmmfw/Index.noindex/DataStore @/Users/siam/Library/Developer/Xcode/DerivedData/Lingua_Quest-gvpckrqxtbgyprbgppjfqmimmmfw/Build/Intermediates.noindex/Firebase.build/Debug-iphonesimulator/FirebaseAppCheck.build/Objects-normal/arm64/e6072d4f65d7061329687fe24e3d63a7-common-args.resp -MMD -MT dependencies -MF /Users/siam/Library/Developer/Xcode/DerivedData/Lingua_Quest-gvpckrqxtbgyprbgppjfqmimmmfw/Build/Intermediates.noindex/Firebase.build/Debug-iphonesimulator/FirebaseAppCheck.build/Objects-normal/arm64/FIRAppCheckErrorUtil.d --serialize-diagnostics /Users/siam/Library/Developer/Xcode/DerivedData/Lingua_Quest-gvpckrqxtbgyprbgppjfqmimmmfw/Build/Intermediates.noindex/Firebase.build/Debug-iphonesimulator/FirebaseAppCheck.build/Objects-normal/arm64/FIRAppCheckErrorUtil.dia -c /Users/siam/Library/Developer/Xcode/DerivedData/Lingua_Quest-gvpckrqxtbgyprbgppjfqmimmmfw/SourcePackages/checkouts/firebase-ios-sdk/FirebaseAppCheck/Sources/Core/Errors/FIRAppCheckErrorUtil.m -o /Users/siam/Library/Developer/Xcode/DerivedData/Lingua_Quest-gvpckrqxtbgyprbgppjfqmimmmfw/Build/Intermediates.noindex/Firebase.build/Debug-iphonesimulator/FirebaseAppCheck.build/Objects-normal/arm64/FIRAppCheckErrorUtil.o -index-unit-output-path /Firebase.build/Debug-iphonesimulator/FirebaseAppCheck.build/Objects-normal/arm64/FIRAppCheckErrorUtil.o

ScanDependencies /Users/siam/Library/Developer/Xcode/DerivedData/Lingua_Quest-gvpckrqxtbgyprbgppjfqmimmmfw/Build/Intermediates.noindex/Firebase.build/Debug-iphonesimulator/FirebaseAppCheck.build/Objects-normal/arm64/FIRAppCheckDebugProviderFactory.o /Users/siam/Library/Developer/Xcode/DerivedData/Lingua_Quest-gvpckrqxtbgyprbgppjfqmimmmfw/SourcePackages/checkouts/firebase-ios-sdk/FirebaseAppCheck/Sources/DebugProvider/FIRAppCheckDebugProviderFactory.m normal arm64 objective-c com.apple.compilers.llvm.clang.1_0.compiler (in target 'FirebaseAppCheck' from project 'Firebase')
    cd /Users/siam/Desktop/Lingua\ Quest/Lingua\ Quest.xcodeproj
    
    Using response file: /Users/siam/Library/Developer/Xcode/DerivedData/Lingua_Quest-gvpckrqxtbgyprbgppjfqmimmmfw/Build/Intermediates.noindex/Firebase.build/Debug-iphonesimulator/FirebaseAppCheck.build/Objects-normal/arm64/e6072d4f65d7061329687fe24e3d63a7-common-args.resp
    
    builtin-ScanDependencies -o /Users/siam/Library/Developer/Xcode/DerivedData/Lingua_Quest-gvpckrqxtbgyprbgppjfqmimmmfw/Build/Intermediates.noindex/Firebase.build/Debug-iphonesimulator/FirebaseAppCheck.build/Objects-normal/arm64/FIRAppCheckDebugProviderFactory.o.scan -- /Applications/Xcode.app/Contents/Developer/Toolchains/XcodeDefault.xctoolchain/usr/bin/clang -x objective-c -ivfsstatcache /Users/siam/Library/Developer/Xcode/DerivedData/SDKStatCaches.noindex/iphonesimulator26.0-23A339-26257891a6c027eb51374368541b8346.sdkstatcache -fmessage-length\=0 -fdiagnostics-show-note-include-stack -fmacro-backtrace-limit\=0 -fno-color-diagnostics -fmodules-prune-interval\=86400 -fmodules-prune-after\=345600 -fbuild-session-file\=/Users/siam/Library/Developer/Xcode/DerivedData/ModuleCache.noindex/Session.modulevalidation -fmodules-validate-once-per-build-session -Wnon-modular-include-in-framework-module -Werror\=non-modular-include-in-framework-module -Wno-trigraphs -Wno-missing-field-initializers -Wno-missing-prototypes -Wno-return-type -Wno-implicit-atomic-properties -Wno-objc-interface-ivars -Wno-arc-repeated-use-of-weak -Wno-missing-braces -Wparentheses -Wswitch -Wno-unused-function -Wno-unused-label -Wno-unused-parameter -Wno-unused-variable -Wunused-value -Wno-empty-body -Wno-uninitialized -Wno-unknown-pragmas -w -Wno-shadow -Wno-four-char-constants -Wno-conversion -Wno-constant-conversion -Wno-int-conversion -Wno-bool-conversion -Wno-enum-conversion -Wno-float-conversion -Wno-non-literal-null-conversion -Wno-objc-literal-conversion -Wshorten-64-to-32 -Wpointer-sign -Wno-newline-eof -Wno-selector -Wno-strict-selector-match -Wno-undeclared-selector -Wno-deprecated-implementations -Wno-implicit-fallthrough -fstrict-aliasing -Wprotocol -Wdeprecated-declarations -Wno-sign-conversion -Wno-infinite-recursion -Wno-comma -Wno-block-capture-autoreleasing -Wno-strict-prototypes -Wno-semicolon-before-method-body -index-store-path /Users/siam/Library/Developer/Xcode/DerivedData/Lingua_Quest-gvpckrqxtbgyprbgppjfqmimmmfw/Index.noindex/DataStore @/Users/siam/Library/Developer/Xcode/DerivedData/Lingua_Quest-gvpckrqxtbgyprbgppjfqmimmmfw/Build/Intermediates.noindex/Firebase.build/Debug-iphonesimulator/FirebaseAppCheck.build/Objects-normal/arm64/e6072d4f65d7061329687fe24e3d63a7-common-args.resp -MMD -MT dependencies -MF /Users/siam/Library/Developer/Xcode/DerivedData/Lingua_Quest-gvpckrqxtbgyprbgppjfqmimmmfw/Build/Intermediates.noindex/Firebase.build/Debug-iphonesimulator/FirebaseAppCheck.build/Objects-normal/arm64/FIRAppCheckDebugProviderFactory.d --serialize-diagnostics /Users/siam/Library/Developer/Xcode/DerivedData/Lingua_Quest-gvpckrqxtbgyprbgppjfqmimmmfw/Build/Intermediates.noindex/Firebase.build/Debug-iphonesimulator/FirebaseAppCheck.build/Objects-normal/arm64/FIRAppCheckDebugProviderFactory.dia -c /Users/siam/Library/Developer/Xcode/DerivedData/Lingua_Quest-gvpckrqxtbgyprbgppjfqmimmmfw/SourcePackages/checkouts/firebase-ios-sdk/FirebaseAppCheck/Sources/DebugProvider/FIRAppCheckDebugProviderFactory.m -o /Users/siam/Library/Developer/Xcode/DerivedData/Lingua_Quest-gvpckrqxtbgyprbgppjfqmimmmfw/Build/Intermediates.noindex/Firebase.build/Debug-iphonesimulator/FirebaseAppCheck.build/Objects-normal/arm64/FIRAppCheckDebugProviderFactory.o -index-unit-output-path /Firebase.build/Debug-iphonesimulator/FirebaseAppCheck.build/Objects-normal/arm64/FIRAppCheckDebugProviderFactory.o

ScanDependencies /Users/siam/Library/Developer/Xcode/DerivedData/Lingua_Quest-gvpckrqxtbgyprbgppjfqmimmmfw/Build/Intermediates.noindex/Firebase.build/Debug-iphonesimulator/FirebaseAppCheck.build/Objects-normal/arm64/FIRAppCheckDebugProvider.o /Users/siam/Library/Developer/Xcode/DerivedData/Lingua_Quest-gvpckrqxtbgyprbgppjfqmimmmfw/SourcePackages/checkouts/firebase-ios-sdk/FirebaseAppCheck/Sources/DebugProvider/FIRAppCheckDebugProvider.m normal arm64 objective-c com.apple.compilers.llvm.clang.1_0.compiler (in target 'FirebaseAppCheck' from project 'Firebase')
    cd /Users/siam/Desktop/Lingua\ Quest/Lingua\ Quest.xcodeproj
    
    Using response file: /Users/siam/Library/Developer/Xcode/DerivedData/Lingua_Quest-gvpckrqxtbgyprbgppjfqmimmmfw/Build/Intermediates.noindex/Firebase.build/Debug-iphonesimulator/FirebaseAppCheck.build/Objects-normal/arm64/e6072d4f65d7061329687fe24e3d63a7-common-args.resp
    
    builtin-ScanDependencies -o /Users/siam/Library/Developer/Xcode/DerivedData/Lingua_Quest-gvpckrqxtbgyprbgppjfqmimmmfw/Build/Intermediates.noindex/Firebase.build/Debug-iphonesimulator/FirebaseAppCheck.build/Objects-normal/arm64/FIRAppCheckDebugProvider.o.scan -- /Applications/Xcode.app/Contents/Developer/Toolchains/XcodeDefault.xctoolchain/usr/bin/clang -x objective-c -ivfsstatcache /Users/siam/Library/Developer/Xcode/DerivedData/SDKStatCaches.noindex/iphonesimulator26.0-23A339-26257891a6c027eb51374368541b8346.sdkstatcache -fmessage-length\=0 -fdiagnostics-show-note-include-stack -fmacro-backtrace-limit\=0 -fno-color-diagnostics -fmodules-prune-interval\=86400 -fmodules-prune-after\=345600 -fbuild-session-file\=/Users/siam/Library/Developer/Xcode/DerivedData/ModuleCache.noindex/Session.modulevalidation -fmodules-validate-once-per-build-session -Wnon-modular-include-in-framework-module -Werror\=non-modular-include-in-framework-module -Wno-trigraphs -Wno-missing-field-initializers -Wno-missing-prototypes -Wno-return-type -Wno-implicit-atomic-properties -Wno-objc-interface-ivars -Wno-arc-repeated-use-of-weak -Wno-missing-braces -Wparentheses -Wswitch -Wno-unused-function -Wno-unused-label -Wno-unused-parameter -Wno-unused-variable -Wunused-value -Wno-empty-body -Wno-uninitialized -Wno-unknown-pragmas -w -Wno-shadow -Wno-four-char-constants -Wno-conversion -Wno-constant-conversion -Wno-int-conversion -Wno-bool-conversion -Wno-enum-conversion -Wno-float-conversion -Wno-non-literal-null-conversion -Wno-objc-literal-conversion -Wshorten-64-to-32 -Wpointer-sign -Wno-newline-eof -Wno-selector -Wno-strict-selector-match -Wno-undeclared-selector -Wno-deprecated-implementations -Wno-implicit-fallthrough -fstrict-aliasing -Wprotocol -Wdeprecated-declarations -Wno-sign-conversion -Wno-infinite-recursion -Wno-comma -Wno-block-capture-autoreleasing -Wno-strict-prototypes -Wno-semicolon-before-method-body -index-store-path /Users/siam/Library/Developer/Xcode/DerivedData/Lingua_Quest-gvpckrqxtbgyprbgppjfqmimmmfw/Index.noindex/DataStore @/Users/siam/Library/Developer/Xcode/DerivedData/Lingua_Quest-gvpckrqxtbgyprbgppjfqmimmmfw/Build/Intermediates.noindex/Firebase.build/Debug-iphonesimulator/FirebaseAppCheck.build/Objects-normal/arm64/e6072d4f65d7061329687fe24e3d63a7-common-args.resp -MMD -MT dependencies -MF /Users/siam/Library/Developer/Xcode/DerivedData/Lingua_Quest-gvpckrqxtbgyprbgppjfqmimmmfw/Build/Intermediates.noindex/Firebase.build/Debug-iphonesimulator/FirebaseAppCheck.build/Objects-normal/arm64/FIRAppCheckDebugProvider.d --serialize-diagnostics /Users/siam/Library/Developer/Xcode/DerivedData/Lingua_Quest-gvpckrqxtbgyprbgppjfqmimmmfw/Build/Intermediates.noindex/Firebase.build/Debug-iphonesimulator/FirebaseAppCheck.build/Objects-normal/arm64/FIRAppCheckDebugProvider.dia -c /Users/siam/Library/Developer/Xcode/DerivedData/Lingua_Quest-gvpckrqxtbgyprbgppjfqmimmmfw/SourcePackages/checkouts/firebase-ios-sdk/FirebaseAppCheck/Sources/DebugProvider/FIRAppCheckDebugProvider.m -o /Users/siam/Library/Developer/Xcode/DerivedData/Lingua_Quest-gvpckrqxtbgyprbgppjfqmimmmfw/Build/Intermediates.noindex/Firebase.build/Debug-iphonesimulator/FirebaseAppCheck.build/Objects-normal/arm64/FIRAppCheckDebugProvider.o -index-unit-output-path /Firebase.build/Debug-iphonesimulator/FirebaseAppCheck.build/Objects-normal/arm64/FIRAppCheckDebugProvider.o

ScanDependencies /Users/siam/Library/Developer/Xcode/DerivedData/Lingua_Quest-gvpckrqxtbgyprbgppjfqmimmmfw/Build/Intermediates.noindex/Firebase.build/Debug-iphonesimulator/FirebaseAppCheck.build/Objects-normal/arm64/FIRAppCheckComponent.o /Users/siam/Library/Developer/Xcode/DerivedData/Lingua_Quest-gvpckrqxtbgyprbgppjfqmimmmfw/SourcePackages/checkouts/firebase-ios-sdk/FirebaseAppCheck/Sources/Core/FIRAppCheckComponent.m normal arm64 objective-c com.apple.compilers.llvm.clang.1_0.compiler (in target 'FirebaseAppCheck' from project 'Firebase')
    cd /Users/siam/Desktop/Lingua\ Quest/Lingua\ Quest.xcodeproj
    
    Using response file: /Users/siam/Library/Developer/Xcode/DerivedData/Lingua_Quest-gvpckrqxtbgyprbgppjfqmimmmfw/Build/Intermediates.noindex/Firebase.build/Debug-iphonesimulator/FirebaseAppCheck.build/Objects-normal/arm64/e6072d4f65d7061329687fe24e3d63a7-common-args.resp
    
    builtin-ScanDependencies -o /Users/siam/Library/Developer/Xcode/DerivedData/Lingua_Quest-gvpckrqxtbgyprbgppjfqmimmmfw/Build/Intermediates.noindex/Firebase.build/Debug-iphonesimulator/FirebaseAppCheck.build/Objects-normal/arm64/FIRAppCheckComponent.o.scan -- /Applications/Xcode.app/Contents/Developer/Toolchains/XcodeDefault.xctoolchain/usr/bin/clang -x objective-c -ivfsstatcache /Users/siam/Library/Developer/Xcode/DerivedData/SDKStatCaches.noindex/iphonesimulator26.0-23A339-26257891a6c027eb51374368541b8346.sdkstatcache -fmessage-length\=0 -fdiagnostics-show-note-include-stack -fmacro-backtrace-limit\=0 -fno-color-diagnostics -fmodules-prune-interval\=86400 -fmodules-prune-after\=345600 -fbuild-session-file\=/Users/siam/Library/Developer/Xcode/DerivedData/ModuleCache.noindex/Session.modulevalidation -fmodules-validate-once-per-build-session -Wnon-modular-include-in-framework-module -Werror\=non-modular-include-in-framework-module -Wno-trigraphs -Wno-missing-field-initializers -Wno-missing-prototypes -Wno-return-type -Wno-implicit-atomic-properties -Wno-objc-interface-ivars -Wno-arc-repeated-use-of-weak -Wno-missing-braces -Wparentheses -Wswitch -Wno-unused-function -Wno-unused-label -Wno-unused-parameter -Wno-unused-variable -Wunused-value -Wno-empty-body -Wno-uninitialized -Wno-unknown-pragmas -w -Wno-shadow -Wno-four-char-constants -Wno-conversion -Wno-constant-conversion -Wno-int-conversion -Wno-bool-conversion -Wno-enum-conversion -Wno-float-conversion -Wno-non-literal-null-conversion -Wno-objc-literal-conversion -Wshorten-64-to-32 -Wpointer-sign -Wno-newline-eof -Wno-selector -Wno-strict-selector-match -Wno-undeclared-selector -Wno-deprecated-implementations -Wno-implicit-fallthrough -fstrict-aliasing -Wprotocol -Wdeprecated-declarations -Wno-sign-conversion -Wno-infinite-recursion -Wno-comma -Wno-block-capture-autoreleasing -Wno-strict-prototypes -Wno-semicolon-before-method-body -index-store-path /Users/siam/Library/Developer/Xcode/DerivedData/Lingua_Quest-gvpckrqxtbgyprbgppjfqmimmmfw/Index.noindex/DataStore @/Users/siam/Library/Developer/Xcode/DerivedData/Lingua_Quest-gvpckrqxtbgyprbgppjfqmimmmfw/Build/Intermediates.noindex/Firebase.build/Debug-iphonesimulator/FirebaseAppCheck.build/Objects-normal/arm64/e6072d4f65d7061329687fe24e3d63a7-common-args.resp -MMD -MT dependencies -MF /Users/siam/Library/Developer/Xcode/DerivedData/Lingua_Quest-gvpckrqxtbgyprbgppjfqmimmmfw/Build/Intermediates.noindex/Firebase.build/Debug-iphonesimulator/FirebaseAppCheck.build/Objects-normal/arm64/FIRAppCheckComponent.d --serialize-diagnostics /Users/siam/Library/Developer/Xcode/DerivedData/Lingua_Quest-gvpckrqxtbgyprbgppjfqmimmmfw/Build/Intermediates.noindex/Firebase.build/Debug-iphonesimulator/FirebaseAppCheck.build/Objects-normal/arm64/FIRAppCheckComponent.dia -c /Users/siam/Library/Developer/Xcode/DerivedData/Lingua_Quest-gvpckrqxtbgyprbgppjfqmimmmfw/SourcePackages/checkouts/firebase-ios-sdk/FirebaseAppCheck/Sources/Core/FIRAppCheckComponent.m -o /Users/siam/Library/Developer/Xcode/DerivedData/Lingua_Quest-gvpckrqxtbgyprbgppjfqmimmmfw/Build/Intermediates.noindex/Firebase.build/Debug-iphonesimulator/FirebaseAppCheck.build/Objects-normal/arm64/FIRAppCheckComponent.o -index-unit-output-path /Firebase.build/Debug-iphonesimulator/FirebaseAppCheck.build/Objects-normal/arm64/FIRAppCheckComponent.o

SwiftDriver\ Compilation FirebaseAuth normal arm64 com.apple.xcode.tools.swift.compiler (in target 'FirebaseAuth' from project 'Firebase')
    cd /Users/siam/Desktop/Lingua\ Quest/Lingua\ Quest.xcodeproj
    builtin-Swift-Compilation -- /Applications/Xcode.app/Contents/Developer/Toolchains/XcodeDefault.xctoolchain/usr/bin/swiftc -module-name FirebaseAuth -Onone -enforce-exclusivity\=checked @/Users/siam/Library/Developer/Xcode/DerivedData/Lingua_Quest-gvpckrqxtbgyprbgppjfqmimmmfw/Build/Intermediates.noindex/Firebase.build/Debug-iphonesimulator/FirebaseAuth.build/Objects-normal/arm64/FirebaseAuth.SwiftFileList -DSWIFT_PACKAGE -DDEBUG -DSWIFT_MODULE_RESOURCE_BUNDLE_AVAILABLE -Xcc -fmodule-map-file\=/Users/siam/Library/Developer/Xcode/DerivedData/Lingua_Quest-gvpckrqxtbgyprbgppjfqmimmmfw/Build/Intermediates.noindex/GeneratedModuleMaps-iphonesimulator/RecaptchaInterop.modulemap -Xcc -fmodule-map-file\=/Users/siam/Library/Developer/Xcode/DerivedData/Lingua_Quest-gvpckrqxtbgyprbgppjfqmimmmfw/Build/Intermediates.noindex/GeneratedModuleMaps-iphonesimulator/GoogleUtilities-Network.modulemap -Xcc -fmodule-map-file\=/Users/siam/Library/Developer/Xcode/DerivedData/Lingua_Quest-gvpckrqxtbgyprbgppjfqmimmmfw/Build/Intermediates.noindex/GeneratedModuleMaps-iphonesimulator/GoogleUtilities-Reachability.modulemap -Xcc -fmodule-map-file\=/Users/siam/Library/Developer/Xcode/DerivedData/Lingua_Quest-gvpckrqxtbgyprbgppjfqmimmmfw/Build/Intermediates.noindex/GeneratedModuleMaps-iphonesimulator/GoogleUtilities-NSData.modulemap -Xcc -fmodule-map-file\=/Users/siam/Library/Developer/Xcode/DerivedData/Lingua_Quest-gvpckrqxtbgyprbgppjfqmimmmfw/Build/Intermediates.noindex/GeneratedModuleMaps-iphonesimulator/GoogleUtilities-Logger.modulemap -Xcc -fmodule-map-file\=/Users/siam/Library/Developer/Xcode/DerivedData/Lingua_Quest-gvpckrqxtbgyprbgppjfqmimmmfw/Build/Intermediates.noindex/GeneratedModuleMaps-iphonesimulator/GoogleUtilities-Environment.modulemap -Xcc -fmodule-map-file\=/Users/siam/Library/Developer/Xcode/DerivedData/Lingua_Quest-gvpckrqxtbgyprbgppjfqmimmmfw/Build/Intermediates.noindex/GeneratedModuleMaps-iphonesimulator/third-party-IsAppEncrypted.modulemap -Xcc -fmodule-map-file\=/Users/siam/Library/Developer/Xcode/DerivedData/Lingua_Quest-gvpckrqxtbgyprbgppjfqmimmmfw/Build/Intermediates.noindex/GeneratedModuleMaps-iphonesimulator/GoogleUtilities-AppDelegateSwizzler.modulemap -Xcc -fmodule-map-file\=/Users/siam/Library/Developer/Xcode/DerivedData/Lingua_Quest-gvpckrqxtbgyprbgppjfqmimmmfw/Build/Intermediates.noindex/GeneratedModuleMaps-iphonesimulator/GTMSessionFetcherCore.modulemap -Xcc -fmodule-map-file\=/Users/siam/Library/Developer/Xcode/DerivedData/Lingua_Quest-gvpckrqxtbgyprbgppjfqmimmmfw/Build/Intermediates.noindex/GeneratedModuleMaps-iphonesimulator/FirebaseCoreExtension.modulemap -Xcc -fmodule-map-file\=/Users/siam/Library/Developer/Xcode/DerivedData/Lingua_Quest-gvpckrqxtbgyprbgppjfqmimmmfw/Build/Intermediates.noindex/GeneratedModuleMaps-iphonesimulator/FirebaseCore.modulemap -Xcc -fmodule-map-file\=/Users/siam/Library/Developer/Xcode/DerivedData/Lingua_Quest-gvpckrqxtbgyprbgppjfqmimmmfw/Build/Intermediates.noindex/GeneratedModuleMaps-iphonesimulator/FirebaseAuthInternal.modulemap -Xcc -fmodule-map-file\=/Users/siam/Library/Developer/Xcode/DerivedData/Lingua_Quest-gvpckrqxtbgyprbgppjfqmimmmfw/Build/Intermediates.noindex/GeneratedModuleMaps-iphonesimulator/FirebaseAuthInterop.modulemap -Xcc -fmodule-map-file\=/Users/siam/Library/Developer/Xcode/DerivedData/Lingua_Quest-gvpckrqxtbgyprbgppjfqmimmmfw/Build/Intermediates.noindex/GeneratedModuleMaps-iphonesimulator/FirebaseAppCheckInterop.modulemap -DXcode -plugin-path /Applications/Xcode.app/Contents/Developer/Toolchains/XcodeDefault.xctoolchain/usr/lib/swift/host/plugins/testing -enable-experimental-feature DebugDescriptionMacro -sdk /Applications/Xcode.app/Contents/Developer/Platforms/iPhoneSimulator.platform/Developer/SDKs/iPhoneSimulator26.0.sdk -target arm64-apple-ios15.0-simulator -g -module-cache-path /Users/siam/Library/Developer/Xcode/DerivedData/ModuleCache.noindex -Xfrontend -serialize-debugging-options -profile-coverage-mapping -profile-generate -enable-testing -suppress-warnings -index-store-path /Users/siam/Library/Developer/Xcode/DerivedData/Lingua_Quest-gvpckrqxtbgyprbgppjfqmimmmfw/Index.noindex/DataStore -Xcc -D_LIBCPP_HARDENING_MODE\=_LIBCPP_HARDENING_MODE_DEBUG -swift-version 5 -I /Users/siam/Library/Developer/Xcode/DerivedData/Lingua_Quest-gvpckrqxtbgyprbgppjfqmimmmfw/Build/Products/Debug-iphonesimulator -Isystem /Applications/Xcode.app/Contents/Developer/Platforms/iPhoneSimulator.platform/Developer/usr/lib -F /Users/siam/Library/Developer/Xcode/DerivedData/Lingua_Quest-gvpckrqxtbgyprbgppjfqmimmmfw/Build/Products/Debug-iphonesimulator/PackageFrameworks -F /Users/siam/Library/Developer/Xcode/DerivedData/Lingua_Quest-gvpckrqxtbgyprbgppjfqmimmmfw/Build/Products/Debug-iphonesimulator/PackageFrameworks -F /Users/siam/Library/Developer/Xcode/DerivedData/Lingua_Quest-gvpckrqxtbgyprbgppjfqmimmmfw/Build/Products/Debug-iphonesimulator/PackageFrameworks -F /Users/siam/Library/Developer/Xcode/DerivedData/Lingua_Quest-gvpckrqxtbgyprbgppjfqmimmmfw/Build/Products/Debug-iphonesimulator/PackageFrameworks -F /Users/siam/Library/Developer/Xcode/DerivedData/Lingua_Quest-gvpckrqxtbgyprbgppjfqmimmmfw/Build/Products/Debug-iphonesimulator/PackageFrameworks -F /Users/siam/Library/Developer/Xcode/DerivedData/Lingua_Quest-gvpckrqxtbgyprbgppjfqmimmmfw/Build/Products/Debug-iphonesimulator/PackageFrameworks -F /Users/siam/Library/Developer/Xcode/DerivedData/Lingua_Quest-gvpckrqxtbgyprbgppjfqmimmmfw/Build/Products/Debug-iphonesimulator/PackageFrameworks -F /Users/siam/Library/Developer/Xcode/DerivedData/Lingua_Quest-gvpckrqxtbgyprbgppjfqmimmmfw/Build/Products/Debug-iphonesimulator/PackageFrameworks -F /Users/siam/Library/Developer/Xcode/DerivedData/Lingua_Quest-gvpckrqxtbgyprbgppjfqmimmmfw/Build/Products/Debug-iphonesimulator/PackageFrameworks -F /Users/siam/Library/Developer/Xcode/DerivedData/Lingua_Quest-gvpckrqxtbgyprbgppjfqmimmmfw/Build/Products/Debug-iphonesimulator/PackageFrameworks -F /Users/siam/Library/Developer/Xcode/DerivedData/Lingua_Quest-gvpckrqxtbgyprbgppjfqmimmmfw/Build/Products/Debug-iphonesimulator/PackageFrameworks -F /Users/siam/Library/Developer/Xcode/DerivedData/Lingua_Quest-gvpckrqxtbgyprbgppjfqmimmmfw/Build/Products/Debug-iphonesimulator/PackageFrameworks -F /Users/siam/Library/Developer/Xcode/DerivedData/Lingua_Quest-gvpckrqxtbgyprbgppjfqmimmmfw/Build/Products/Debug-iphonesimulator/PackageFrameworks -F /Users/siam/Library/Developer/Xcode/DerivedData/Lingua_Quest-gvpckrqxtbgyprbgppjfqmimmmfw/Build/Products/Debug-iphonesimulator/PackageFrameworks -F /Users/siam/Library/Developer/Xcode/DerivedData/Lingua_Quest-gvpckrqxtbgyprbgppjfqmimmmfw/Build/Products/Debug-iphonesimulator/PackageFrameworks -F /Users/siam/Library/Developer/Xcode/DerivedData/Lingua_Quest-gvpckrqxtbgyprbgppjfqmimmmfw/Build/Products/Debug-iphonesimulator/PackageFrameworks -F /Users/siam/Library/Developer/Xcode/DerivedData/Lingua_Quest-gvpckrqxtbgyprbgppjfqmimmmfw/Build/Products/Debug-iphonesimulator -F /Applications/Xcode.app/Contents/Developer/Platforms/iPhoneSimulator.platform/Developer/Library/Frameworks -F /Applications/Xcode.app/Contents/Developer/Platforms/iPhoneSimulator.platform/Developer/SDKs/iPhoneSimulator26.0.sdk/Developer/Library/Frameworks -c -j12 -enable-batch-mode -incremental -Xcc -ivfsstatcache -Xcc /Users/siam/Library/Developer/Xcode/DerivedData/SDKStatCaches.noindex/iphonesimulator26.0-23A339-26257891a6c027eb51374368541b8346.sdkstatcache -output-file-map /Users/siam/Library/Developer/Xcode/DerivedData/Lingua_Quest-gvpckrqxtbgyprbgppjfqmimmmfw/Build/Intermediates.noindex/Firebase.build/Debug-iphonesimulator/FirebaseAuth.build/Objects-normal/arm64/FirebaseAuth-OutputFileMap.json -use-frontend-parseable-output -save-temps -no-color-diagnostics -explicit-module-build -module-cache-path /Users/siam/Library/Developer/Xcode/DerivedData/Lingua_Quest-gvpckrqxtbgyprbgppjfqmimmmfw/Build/Intermediates.noindex/SwiftExplicitPrecompiledModules -clang-scanner-module-cache-path /Users/siam/Library/Developer/Xcode/DerivedData/ModuleCache.noindex -sdk-module-cache-path /Users/siam/Library/Developer/Xcode/DerivedData/ModuleCache.noindex -serialize-diagnostics -emit-dependencies -emit-module -emit-module-path /Users/siam/Library/Developer/Xcode/DerivedData/Lingua_Quest-gvpckrqxtbgyprbgppjfqmimmmfw/Build/Intermediates.noindex/Firebase.build/Debug-iphonesimulator/FirebaseAuth.build/Objects-normal/arm64/FirebaseAuth.swiftmodule -user-module-version 12.16.0 -validate-clang-modules-once -clang-build-session-file /Users/siam/Library/Developer/Xcode/DerivedData/ModuleCache.noindex/Session.modulevalidation -package-name firebase_ios_sdk -Xcc -I/Users/siam/Library/Developer/Xcode/DerivedData/Lingua_Quest-gvpckrqxtbgyprbgppjfqmimmmfw/Build/Intermediates.noindex/Firebase.build/Debug-iphonesimulator/FirebaseAuth.build/swift-overrides.hmap -emit-const-values -Xfrontend -const-gather-protocols-file -Xfrontend /Users/siam/Library/Developer/Xcode/DerivedData/Lingua_Quest-gvpckrqxtbgyprbgppjfqmimmmfw/Build/Intermediates.noindex/Firebase.build/Debug-iphonesimulator/FirebaseAuth.build/Objects-normal/arm64/FirebaseAuth_const_extract_protocols.json -Xcc -I/Users/siam/Library/Developer/Xcode/DerivedData/Lingua_Quest-gvpckrqxtbgyprbgppjfqmimmmfw/SourcePackages/checkouts/interop-ios-for-google-sdks/RecaptchaEnterprise/RecaptchaInterop/Public -Xcc -I/Users/siam/Library/Developer/Xcode/DerivedData/Lingua_Quest-gvpckrqxtbgyprbgppjfqmimmmfw/SourcePackages/checkouts/GoogleUtilities/GoogleUtilities/Network/Public -Xcc -I/Users/siam/Library/Developer/Xcode/DerivedData/Lingua_Quest-gvpckrqxtbgyprbgppjfqmimmmfw/SourcePackages/checkouts/GoogleUtilities/GoogleUtilities/Reachability/Public -Xcc -I/Users/siam/Library/Developer/Xcode/DerivedData/Lingua_Quest-gvpckrqxtbgyprbgppjfqmimmmfw/SourcePackages/checkouts/GoogleUtilities/GoogleUtilities/NSData+zlib/Public -Xcc -I/Users/siam/Library/Developer/Xcode/DerivedData/Lingua_Quest-gvpckrqxtbgyprbgppjfqmimmmfw/SourcePackages/checkouts/GoogleUtilities/GoogleUtilities/Logger/Public -Xcc -I/Users/siam/Library/Developer/Xcode/DerivedData/Lingua_Quest-gvpckrqxtbgyprbgppjfqmimmmfw/SourcePackages/checkouts/GoogleUtilities/GoogleUtilities/Environment/Public -Xcc -I/Users/siam/Library/Developer/Xcode/DerivedData/Lingua_Quest-gvpckrqxtbgyprbgppjfqmimmmfw/SourcePackages/checkouts/GoogleUtilities/third_party/IsAppEncrypted/Public -Xcc -I/Users/siam/Library/Developer/Xcode/DerivedData/Lingua_Quest-gvpckrqxtbgyprbgppjfqmimmmfw/SourcePackages/checkouts/GoogleUtilities/GoogleUtilities/AppDelegateSwizzler/Public -Xcc -I/Users/siam/Library/Developer/Xcode/DerivedData/Lingua_Quest-gvpckrqxtbgyprbgppjfqmimmmfw/SourcePackages/checkouts/gtm-session-fetcher/Sources/Core/Public -Xcc -I/Users/siam/Library/Developer/Xcode/DerivedData/Lingua_Quest-gvpckrqxtbgyprbgppjfqmimmmfw/SourcePackages/checkouts/firebase-ios-sdk/FirebaseCore/Extension -Xcc -I/Users/siam/Library/Developer/Xcode/DerivedData/Lingua_Quest-gvpckrqxtbgyprbgppjfqmimmmfw/SourcePackages/checkouts/firebase-ios-sdk/FirebaseCore/Sources/Public -Xcc -I/Users/siam/Library/Developer/Xcode/DerivedData/Lingua_Quest-gvpckrqxtbgyprbgppjfqmimmmfw/SourcePackages/checkouts/firebase-ios-sdk/CoreOnly/Sources -Xcc -I/Users/siam/Library/Developer/Xcode/DerivedData/Lingua_Quest-gvpckrqxtbgyprbgppjfqmimmmfw/SourcePackages/checkouts/firebase-ios-sdk/FirebaseAuth/Sources/Public -Xcc -I/Users/siam/Library/Developer/Xcode/DerivedData/Lingua_Quest-gvpckrqxtbgyprbgppjfqmimmmfw/SourcePackages/checkouts/firebase-ios-sdk/FirebaseAuth/Interop/Public -Xcc -I/Users/siam/Library/Developer/Xcode/DerivedData/Lingua_Quest-gvpckrqxtbgyprbgppjfqmimmmfw/SourcePackages/checkouts/firebase-ios-sdk/FirebaseAppCheck/Interop/Public -Xcc -I/Users/siam/Library/Developer/Xcode/DerivedData/Lingua_Quest-gvpckrqxtbgyprbgppjfqmimmmfw/Build/Products/Debug-iphonesimulator/include -Xcc -I/Users/siam/Library/Developer/Xcode/DerivedData/Lingua_Quest-gvpckrqxtbgyprbgppjfqmimmmfw/Build/Intermediates.noindex/Firebase.build/Debug-iphonesimulator/FirebaseAuth.build/DerivedSources-normal/arm64 -Xcc -I/Users/siam/Library/Developer/Xcode/DerivedData/Lingua_Quest-gvpckrqxtbgyprbgppjfqmimmmfw/Build/Intermediates.noindex/Firebase.build/Debug-iphonesimulator/FirebaseAuth.build/DerivedSources/arm64 -Xcc -I/Users/siam/Library/Developer/Xcode/DerivedData/Lingua_Quest-gvpckrqxtbgyprbgppjfqmimmmfw/Build/Intermediates.noindex/Firebase.build/Debug-iphonesimulator/FirebaseAuth.build/DerivedSources -Xcc -DSWIFT_PACKAGE -Xcc -DDEBUG\=1 -emit-objc-header -emit-objc-header-path /Users/siam/Library/Developer/Xcode/DerivedData/Lingua_Quest-gvpckrqxtbgyprbgppjfqmimmmfw/Build/Intermediates.noindex/Firebase.build/Debug-iphonesimulator/FirebaseAuth.build/Objects-normal/arm64/FirebaseAuth-Swift.h -working-directory /Users/siam/Desktop/Lingua\ Quest/Lingua\ Quest.xcodeproj -experimental-emit-module-separately -disable-cmo

CompileC /Users/siam/Library/Developer/Xcode/DerivedData/Lingua_Quest-gvpckrqxtbgyprbgppjfqmimmmfw/Build/Intermediates.noindex/Firebase.build/Debug-iphonesimulator/FirebaseAppCheck.build/Objects-normal/arm64/FIRDeviceCheckProviderFactory.o /Users/siam/Library/Developer/Xcode/DerivedData/Lingua_Quest-gvpckrqxtbgyprbgppjfqmimmmfw/SourcePackages/checkouts/firebase-ios-sdk/FirebaseAppCheck/Sources/DeviceCheckProvider/FIRDeviceCheckProviderFactory.m normal arm64 objective-c com.apple.compilers.llvm.clang.1_0.compiler (in target 'FirebaseAppCheck' from project 'Firebase')
    cd /Users/siam/Desktop/Lingua\ Quest/Lingua\ Quest.xcodeproj
    
    Using response file: /Users/siam/Library/Developer/Xcode/DerivedData/Lingua_Quest-gvpckrqxtbgyprbgppjfqmimmmfw/Build/Intermediates.noindex/Firebase.build/Debug-iphonesimulator/FirebaseAppCheck.build/Objects-normal/arm64/e6072d4f65d7061329687fe24e3d63a7-common-args.resp
    
    /Applications/Xcode.app/Contents/Developer/Toolchains/XcodeDefault.xctoolchain/usr/bin/clang -x objective-c -ivfsstatcache /Users/siam/Library/Developer/Xcode/DerivedData/SDKStatCaches.noindex/iphonesimulator26.0-23A339-26257891a6c027eb51374368541b8346.sdkstatcache -fmessage-length\=0 -fdiagnostics-show-note-include-stack -fmacro-backtrace-limit\=0 -fno-color-diagnostics -fmodules-prune-interval\=86400 -fmodules-prune-after\=345600 -fbuild-session-file\=/Users/siam/Library/Developer/Xcode/DerivedData/ModuleCache.noindex/Session.modulevalidation -fmodules-validate-once-per-build-session -Wnon-modular-include-in-framework-module -Werror\=non-modular-include-in-framework-module -Wno-trigraphs -Wno-missing-field-initializers -Wno-missing-prototypes -Wno-return-type -Wno-implicit-atomic-properties -Wno-objc-interface-ivars -Wno-arc-repeated-use-of-weak -Wno-missing-braces -Wparentheses -Wswitch -Wno-unused-function -Wno-unused-label -Wno-unused-parameter -Wno-unused-variable -Wunused-value -Wno-empty-body -Wno-uninitialized -Wno-unknown-pragmas -w -Wno-shadow -Wno-four-char-constants -Wno-conversion -Wno-constant-conversion -Wno-int-conversion -Wno-bool-conversion -Wno-enum-conversion -Wno-float-conversion -Wno-non-literal-null-conversion -Wno-objc-literal-conversion -Wshorten-64-to-32 -Wpointer-sign -Wno-newline-eof -Wno-selector -Wno-strict-selector-match -Wno-undeclared-selector -Wno-deprecated-implementations -Wno-implicit-fallthrough -fstrict-aliasing -Wprotocol -Wdeprecated-declarations -Wno-sign-conversion -Wno-infinite-recursion -Wno-comma -Wno-block-capture-autoreleasing -Wno-strict-prototypes -Wno-semicolon-before-method-body -index-store-path /Users/siam/Library/Developer/Xcode/DerivedData/Lingua_Quest-gvpckrqxtbgyprbgppjfqmimmmfw/Index.noindex/DataStore @/Users/siam/Library/Developer/Xcode/DerivedData/Lingua_Quest-gvpckrqxtbgyprbgppjfqmimmmfw/Build/Intermediates.noindex/Firebase.build/Debug-iphonesimulator/FirebaseAppCheck.build/Objects-normal/arm64/e6072d4f65d7061329687fe24e3d63a7-common-args.resp -MMD -MT dependencies -MF /Users/siam/Library/Developer/Xcode/DerivedData/Lingua_Quest-gvpckrqxtbgyprbgppjfqmimmmfw/Build/Intermediates.noindex/Firebase.build/Debug-iphonesimulator/FirebaseAppCheck.build/Objects-normal/arm64/FIRDeviceCheckProviderFactory.d --serialize-diagnostics /Users/siam/Library/Developer/Xcode/DerivedData/Lingua_Quest-gvpckrqxtbgyprbgppjfqmimmmfw/Build/Intermediates.noindex/Firebase.build/Debug-iphonesimulator/FirebaseAppCheck.build/Objects-normal/arm64/FIRDeviceCheckProviderFactory.dia -c /Users/siam/Library/Developer/Xcode/DerivedData/Lingua_Quest-gvpckrqxtbgyprbgppjfqmimmmfw/SourcePackages/checkouts/firebase-ios-sdk/FirebaseAppCheck/Sources/DeviceCheckProvider/FIRDeviceCheckProviderFactory.m -o /Users/siam/Library/Developer/Xcode/DerivedData/Lingua_Quest-gvpckrqxtbgyprbgppjfqmimmmfw/Build/Intermediates.noindex/Firebase.build/Debug-iphonesimulator/FirebaseAppCheck.build/Objects-normal/arm64/FIRDeviceCheckProviderFactory.o -index-unit-output-path /Firebase.build/Debug-iphonesimulator/FirebaseAppCheck.build/Objects-normal/arm64/FIRDeviceCheckProviderFactory.o

PrecompileModule /Users/siam/Library/Developer/Xcode/DerivedData/Lingua_Quest-gvpckrqxtbgyprbgppjfqmimmmfw/Build/Intermediates.noindex/ExplicitPrecompiledModules/FirebaseCore-8GQ5ERLP1ZHSVDTSXC0H0AKK2.scan
    cd /
    builtin-precompileModule /Users/siam/Library/Developer/Xcode/DerivedData/Lingua_Quest-gvpckrqxtbgyprbgppjfqmimmmfw/Build/Intermediates.noindex/ExplicitPrecompiledModules/FirebaseCore-8GQ5ERLP1ZHSVDTSXC0H0AKK2.scan

PrecompileModule /Users/siam/Library/Developer/Xcode/DerivedData/Lingua_Quest-gvpckrqxtbgyprbgppjfqmimmmfw/Build/Intermediates.noindex/ExplicitPrecompiledModules/AppCheckCore-CJIJEEJG77G8OS0YXRD3BOKTZ.scan
    cd /
    builtin-precompileModule /Users/siam/Library/Developer/Xcode/DerivedData/Lingua_Quest-gvpckrqxtbgyprbgppjfqmimmmfw/Build/Intermediates.noindex/ExplicitPrecompiledModules/AppCheckCore-CJIJEEJG77G8OS0YXRD3BOKTZ.scan

ScanDependencies /Users/siam/Library/Developer/Xcode/DerivedData/Lingua_Quest-gvpckrqxtbgyprbgppjfqmimmmfw/Build/Intermediates.noindex/Firebase.build/Debug-iphonesimulator/FirebaseAppCheck.build/Objects-normal/arm64/FIRAppCheck.o /Users/siam/Library/Developer/Xcode/DerivedData/Lingua_Quest-gvpckrqxtbgyprbgppjfqmimmmfw/SourcePackages/checkouts/firebase-ios-sdk/FirebaseAppCheck/Sources/Core/FIRAppCheck.m normal arm64 objective-c com.apple.compilers.llvm.clang.1_0.compiler (in target 'FirebaseAppCheck' from project 'Firebase')
    cd /Users/siam/Desktop/Lingua\ Quest/Lingua\ Quest.xcodeproj
    
    Using response file: /Users/siam/Library/Developer/Xcode/DerivedData/Lingua_Quest-gvpckrqxtbgyprbgppjfqmimmmfw/Build/Intermediates.noindex/Firebase.build/Debug-iphonesimulator/FirebaseAppCheck.build/Objects-normal/arm64/e6072d4f65d7061329687fe24e3d63a7-common-args.resp
    
    builtin-ScanDependencies -o /Users/siam/Library/Developer/Xcode/DerivedData/Lingua_Quest-gvpckrqxtbgyprbgppjfqmimmmfw/Build/Intermediates.noindex/Firebase.build/Debug-iphonesimulator/FirebaseAppCheck.build/Objects-normal/arm64/FIRAppCheck.o.scan -- /Applications/Xcode.app/Contents/Developer/Toolchains/XcodeDefault.xctoolchain/usr/bin/clang -x objective-c -ivfsstatcache /Users/siam/Library/Developer/Xcode/DerivedData/SDKStatCaches.noindex/iphonesimulator26.0-23A339-26257891a6c027eb51374368541b8346.sdkstatcache -fmessage-length\=0 -fdiagnostics-show-note-include-stack -fmacro-backtrace-limit\=0 -fno-color-diagnostics -fmodules-prune-interval\=86400 -fmodules-prune-after\=345600 -fbuild-session-file\=/Users/siam/Library/Developer/Xcode/DerivedData/ModuleCache.noindex/Session.modulevalidation -fmodules-validate-once-per-build-session -Wnon-modular-include-in-framework-module -Werror\=non-modular-include-in-framework-module -Wno-trigraphs -Wno-missing-field-initializers -Wno-missing-prototypes -Wno-return-type -Wno-implicit-atomic-properties -Wno-objc-interface-ivars -Wno-arc-repeated-use-of-weak -Wno-missing-braces -Wparentheses -Wswitch -Wno-unused-function -Wno-unused-label -Wno-unused-parameter -Wno-unused-variable -Wunused-value -Wno-empty-body -Wno-uninitialized -Wno-unknown-pragmas -w -Wno-shadow -Wno-four-char-constants -Wno-conversion -Wno-constant-conversion -Wno-int-conversion -Wno-bool-conversion -Wno-enum-conversion -Wno-float-conversion -Wno-non-literal-null-conversion -Wno-objc-literal-conversion -Wshorten-64-to-32 -Wpointer-sign -Wno-newline-eof -Wno-selector -Wno-strict-selector-match -Wno-undeclared-selector -Wno-deprecated-implementations -Wno-implicit-fallthrough -fstrict-aliasing -Wprotocol -Wdeprecated-declarations -Wno-sign-conversion -Wno-infinite-recursion -Wno-comma -Wno-block-capture-autoreleasing -Wno-strict-prototypes -Wno-semicolon-before-method-body -index-store-path /Users/siam/Library/Developer/Xcode/DerivedData/Lingua_Quest-gvpckrqxtbgyprbgppjfqmimmmfw/Index.noindex/DataStore @/Users/siam/Library/Developer/Xcode/DerivedData/Lingua_Quest-gvpckrqxtbgyprbgppjfqmimmmfw/Build/Intermediates.noindex/Firebase.build/Debug-iphonesimulator/FirebaseAppCheck.build/Objects-normal/arm64/e6072d4f65d7061329687fe24e3d63a7-common-args.resp -MMD -MT dependencies -MF /Users/siam/Library/Developer/Xcode/DerivedData/Lingua_Quest-gvpckrqxtbgyprbgppjfqmimmmfw/Build/Intermediates.noindex/Firebase.build/Debug-iphonesimulator/FirebaseAppCheck.build/Objects-normal/arm64/FIRAppCheck.d --serialize-diagnostics /Users/siam/Library/Developer/Xcode/DerivedData/Lingua_Quest-gvpckrqxtbgyprbgppjfqmimmmfw/Build/Intermediates.noindex/Firebase.build/Debug-iphonesimulator/FirebaseAppCheck.build/Objects-normal/arm64/FIRAppCheck.dia -c /Users/siam/Library/Developer/Xcode/DerivedData/Lingua_Quest-gvpckrqxtbgyprbgppjfqmimmmfw/SourcePackages/checkouts/firebase-ios-sdk/FirebaseAppCheck/Sources/Core/FIRAppCheck.m -o /Users/siam/Library/Developer/Xcode/DerivedData/Lingua_Quest-gvpckrqxtbgyprbgppjfqmimmmfw/Build/Intermediates.noindex/Firebase.build/Debug-iphonesimulator/FirebaseAppCheck.build/Objects-normal/arm64/FIRAppCheck.o -index-unit-output-path /Firebase.build/Debug-iphonesimulator/FirebaseAppCheck.build/Objects-normal/arm64/FIRAppCheck.o

PrecompileModule /Users/siam/Library/Developer/Xcode/DerivedData/Lingua_Quest-gvpckrqxtbgyprbgppjfqmimmmfw/Build/Intermediates.noindex/ExplicitPrecompiledModules/GoogleUtilities_UserDefaults-8WFVPL3XGQQKUP8XPHXEU6BHC.scan
    cd /
    builtin-precompileModule /Users/siam/Library/Developer/Xcode/DerivedData/Lingua_Quest-gvpckrqxtbgyprbgppjfqmimmmfw/Build/Intermediates.noindex/ExplicitPrecompiledModules/GoogleUtilities_UserDefaults-8WFVPL3XGQQKUP8XPHXEU6BHC.scan

ScanDependencies /Users/siam/Library/Developer/Xcode/DerivedData/Lingua_Quest-gvpckrqxtbgyprbgppjfqmimmmfw/Build/Intermediates.noindex/Firebase.build/Debug-iphonesimulator/FirebaseAppCheck.build/Objects-normal/arm64/FIRAppAttestProviderFactory.o /Users/siam/Library/Developer/Xcode/DerivedData/Lingua_Quest-gvpckrqxtbgyprbgppjfqmimmmfw/SourcePackages/checkouts/firebase-ios-sdk/FirebaseAppCheck/Sources/AppAttestProvider/FIRAppAttestProviderFactory.m normal arm64 objective-c com.apple.compilers.llvm.clang.1_0.compiler (in target 'FirebaseAppCheck' from project 'Firebase')
    cd /Users/siam/Desktop/Lingua\ Quest/Lingua\ Quest.xcodeproj
    
    Using response file: /Users/siam/Library/Developer/Xcode/DerivedData/Lingua_Quest-gvpckrqxtbgyprbgppjfqmimmmfw/Build/Intermediates.noindex/Firebase.build/Debug-iphonesimulator/FirebaseAppCheck.build/Objects-normal/arm64/e6072d4f65d7061329687fe24e3d63a7-common-args.resp
    
    builtin-ScanDependencies -o /Users/siam/Library/Developer/Xcode/DerivedData/Lingua_Quest-gvpckrqxtbgyprbgppjfqmimmmfw/Build/Intermediates.noindex/Firebase.build/Debug-iphonesimulator/FirebaseAppCheck.build/Objects-normal/arm64/FIRAppAttestProviderFactory.o.scan -- /Applications/Xcode.app/Contents/Developer/Toolchains/XcodeDefault.xctoolchain/usr/bin/clang -x objective-c -ivfsstatcache /Users/siam/Library/Developer/Xcode/DerivedData/SDKStatCaches.noindex/iphonesimulator26.0-23A339-26257891a6c027eb51374368541b8346.sdkstatcache -fmessage-length\=0 -fdiagnostics-show-note-include-stack -fmacro-backtrace-limit\=0 -fno-color-diagnostics -fmodules-prune-interval\=86400 -fmodules-prune-after\=345600 -fbuild-session-file\=/Users/siam/Library/Developer/Xcode/DerivedData/ModuleCache.noindex/Session.modulevalidation -fmodules-validate-once-per-build-session -Wnon-modular-include-in-framework-module -Werror\=non-modular-include-in-framework-module -Wno-trigraphs -Wno-missing-field-initializers -Wno-missing-prototypes -Wno-return-type -Wno-implicit-atomic-properties -Wno-objc-interface-ivars -Wno-arc-repeated-use-of-weak -Wno-missing-braces -Wparentheses -Wswitch -Wno-unused-function -Wno-unused-label -Wno-unused-parameter -Wno-unused-variable -Wunused-value -Wno-empty-body -Wno-uninitialized -Wno-unknown-pragmas -w -Wno-shadow -Wno-four-char-constants -Wno-conversion -Wno-constant-conversion -Wno-int-conversion -Wno-bool-conversion -Wno-enum-conversion -Wno-float-conversion -Wno-non-literal-null-conversion -Wno-objc-literal-conversion -Wshorten-64-to-32 -Wpointer-sign -Wno-newline-eof -Wno-selector -Wno-strict-selector-match -Wno-undeclared-selector -Wno-deprecated-implementations -Wno-implicit-fallthrough -fstrict-aliasing -Wprotocol -Wdeprecated-declarations -Wno-sign-conversion -Wno-infinite-recursion -Wno-comma -Wno-block-capture-autoreleasing -Wno-strict-prototypes -Wno-semicolon-before-method-body -index-store-path /Users/siam/Library/Developer/Xcode/DerivedData/Lingua_Quest-gvpckrqxtbgyprbgppjfqmimmmfw/Index.noindex/DataStore @/Users/siam/Library/Developer/Xcode/DerivedData/Lingua_Quest-gvpckrqxtbgyprbgppjfqmimmmfw/Build/Intermediates.noindex/Firebase.build/Debug-iphonesimulator/FirebaseAppCheck.build/Objects-normal/arm64/e6072d4f65d7061329687fe24e3d63a7-common-args.resp -MMD -MT dependencies -MF /Users/siam/Library/Developer/Xcode/DerivedData/Lingua_Quest-gvpckrqxtbgyprbgppjfqmimmmfw/Build/Intermediates.noindex/Firebase.build/Debug-iphonesimulator/FirebaseAppCheck.build/Objects-normal/arm64/FIRAppAttestProviderFactory.d --serialize-diagnostics /Users/siam/Library/Developer/Xcode/DerivedData/Lingua_Quest-gvpckrqxtbgyprbgppjfqmimmmfw/Build/Intermediates.noindex/Firebase.build/Debug-iphonesimulator/FirebaseAppCheck.build/Objects-normal/arm64/FIRAppAttestProviderFactory.dia -c /Users/siam/Library/Developer/Xcode/DerivedData/Lingua_Quest-gvpckrqxtbgyprbgppjfqmimmmfw/SourcePackages/checkouts/firebase-ios-sdk/FirebaseAppCheck/Sources/AppAttestProvider/FIRAppAttestProviderFactory.m -o /Users/siam/Library/Developer/Xcode/DerivedData/Lingua_Quest-gvpckrqxtbgyprbgppjfqmimmmfw/Build/Intermediates.noindex/Firebase.build/Debug-iphonesimulator/FirebaseAppCheck.build/Objects-normal/arm64/FIRAppAttestProviderFactory.o -index-unit-output-path /Firebase.build/Debug-iphonesimulator/FirebaseAppCheck.build/Objects-normal/arm64/FIRAppAttestProviderFactory.o

PrecompileModule /Users/siam/Library/Developer/Xcode/DerivedData/Lingua_Quest-gvpckrqxtbgyprbgppjfqmimmmfw/Build/Intermediates.noindex/ExplicitPrecompiledModules/FirebaseAppCheckInterop-5GQJ9GJCCVP630JV1IV7NVSOJ.scan
    cd /
    builtin-precompileModule /Users/siam/Library/Developer/Xcode/DerivedData/Lingua_Quest-gvpckrqxtbgyprbgppjfqmimmmfw/Build/Intermediates.noindex/ExplicitPrecompiledModules/FirebaseAppCheckInterop-5GQJ9GJCCVP630JV1IV7NVSOJ.scan

ScanDependencies /Users/siam/Library/Developer/Xcode/DerivedData/Lingua_Quest-gvpckrqxtbgyprbgppjfqmimmmfw/Build/Intermediates.noindex/Firebase.build/Debug-iphonesimulator/FirebaseAppCheck.build/Objects-normal/arm64/FIRAppAttestProvider.o /Users/siam/Library/Developer/Xcode/DerivedData/Lingua_Quest-gvpckrqxtbgyprbgppjfqmimmmfw/SourcePackages/checkouts/firebase-ios-sdk/FirebaseAppCheck/Sources/AppAttestProvider/FIRAppAttestProvider.m normal arm64 objective-c com.apple.compilers.llvm.clang.1_0.compiler (in target 'FirebaseAppCheck' from project 'Firebase')
    cd /Users/siam/Desktop/Lingua\ Quest/Lingua\ Quest.xcodeproj
    
    Using response file: /Users/siam/Library/Developer/Xcode/DerivedData/Lingua_Quest-gvpckrqxtbgyprbgppjfqmimmmfw/Build/Intermediates.noindex/Firebase.build/Debug-iphonesimulator/FirebaseAppCheck.build/Objects-normal/arm64/e6072d4f65d7061329687fe24e3d63a7-common-args.resp
    
    builtin-ScanDependencies -o /Users/siam/Library/Developer/Xcode/DerivedData/Lingua_Quest-gvpckrqxtbgyprbgppjfqmimmmfw/Build/Intermediates.noindex/Firebase.build/Debug-iphonesimulator/FirebaseAppCheck.build/Objects-normal/arm64/FIRAppAttestProvider.o.scan -- /Applications/Xcode.app/Contents/Developer/Toolchains/XcodeDefault.xctoolchain/usr/bin/clang -x objective-c -ivfsstatcache /Users/siam/Library/Developer/Xcode/DerivedData/SDKStatCaches.noindex/iphonesimulator26.0-23A339-26257891a6c027eb51374368541b8346.sdkstatcache -fmessage-length\=0 -fdiagnostics-show-note-include-stack -fmacro-backtrace-limit\=0 -fno-color-diagnostics -fmodules-prune-interval\=86400 -fmodules-prune-after\=345600 -fbuild-session-file\=/Users/siam/Library/Developer/Xcode/DerivedData/ModuleCache.noindex/Session.modulevalidation -fmodules-validate-once-per-build-session -Wnon-modular-include-in-framework-module -Werror\=non-modular-include-in-framework-module -Wno-trigraphs -Wno-missing-field-initializers -Wno-missing-prototypes -Wno-return-type -Wno-implicit-atomic-properties -Wno-objc-interface-ivars -Wno-arc-repeated-use-of-weak -Wno-missing-braces -Wparentheses -Wswitch -Wno-unused-function -Wno-unused-label -Wno-unused-parameter -Wno-unused-variable -Wunused-value -Wno-empty-body -Wno-uninitialized -Wno-unknown-pragmas -w -Wno-shadow -Wno-four-char-constants -Wno-conversion -Wno-constant-conversion -Wno-int-conversion -Wno-bool-conversion -Wno-enum-conversion -Wno-float-conversion -Wno-non-literal-null-conversion -Wno-objc-literal-conversion -Wshorten-64-to-32 -Wpointer-sign -Wno-newline-eof -Wno-selector -Wno-strict-selector-match -Wno-undeclared-selector -Wno-deprecated-implementations -Wno-implicit-fallthrough -fstrict-aliasing -Wprotocol -Wdeprecated-declarations -Wno-sign-conversion -Wno-infinite-recursion -Wno-comma -Wno-block-capture-autoreleasing -Wno-strict-prototypes -Wno-semicolon-before-method-body -index-store-path /Users/siam/Library/Developer/Xcode/DerivedData/Lingua_Quest-gvpckrqxtbgyprbgppjfqmimmmfw/Index.noindex/DataStore @/Users/siam/Library/Developer/Xcode/DerivedData/Lingua_Quest-gvpckrqxtbgyprbgppjfqmimmmfw/Build/Intermediates.noindex/Firebase.build/Debug-iphonesimulator/FirebaseAppCheck.build/Objects-normal/arm64/e6072d4f65d7061329687fe24e3d63a7-common-args.resp -MMD -MT dependencies -MF /Users/siam/Library/Developer/Xcode/DerivedData/Lingua_Quest-gvpckrqxtbgyprbgppjfqmimmmfw/Build/Intermediates.noindex/Firebase.build/Debug-iphonesimulator/FirebaseAppCheck.build/Objects-normal/arm64/FIRAppAttestProvider.d --serialize-diagnostics /Users/siam/Library/Developer/Xcode/DerivedData/Lingua_Quest-gvpckrqxtbgyprbgppjfqmimmmfw/Build/Intermediates.noindex/Firebase.build/Debug-iphonesimulator/FirebaseAppCheck.build/Objects-normal/arm64/FIRAppAttestProvider.dia -c /Users/siam/Library/Developer/Xcode/DerivedData/Lingua_Quest-gvpckrqxtbgyprbgppjfqmimmmfw/SourcePackages/checkouts/firebase-ios-sdk/FirebaseAppCheck/Sources/AppAttestProvider/FIRAppAttestProvider.m -o /Users/siam/Library/Developer/Xcode/DerivedData/Lingua_Quest-gvpckrqxtbgyprbgppjfqmimmmfw/Build/Intermediates.noindex/Firebase.build/Debug-iphonesimulator/FirebaseAppCheck.build/Objects-normal/arm64/FIRAppAttestProvider.o -index-unit-output-path /Firebase.build/Debug-iphonesimulator/FirebaseAppCheck.build/Objects-normal/arm64/FIRAppAttestProvider.o

CompileC /Users/siam/Library/Developer/Xcode/DerivedData/Lingua_Quest-gvpckrqxtbgyprbgppjfqmimmmfw/Build/Intermediates.noindex/Firebase.build/Debug-iphonesimulator/FirebaseAppCheck.build/Objects-normal/arm64/FIRAppCheckErrors.o /Users/siam/Library/Developer/Xcode/DerivedData/Lingua_Quest-gvpckrqxtbgyprbgppjfqmimmmfw/SourcePackages/checkouts/firebase-ios-sdk/FirebaseAppCheck/Sources/Core/Errors/FIRAppCheckErrors.m normal arm64 objective-c com.apple.compilers.llvm.clang.1_0.compiler (in target 'FirebaseAppCheck' from project 'Firebase')
    cd /Users/siam/Desktop/Lingua\ Quest/Lingua\ Quest.xcodeproj
    
    Using response file: /Users/siam/Library/Developer/Xcode/DerivedData/Lingua_Quest-gvpckrqxtbgyprbgppjfqmimmmfw/Build/Intermediates.noindex/Firebase.build/Debug-iphonesimulator/FirebaseAppCheck.build/Objects-normal/arm64/e6072d4f65d7061329687fe24e3d63a7-common-args.resp
    
    /Applications/Xcode.app/Contents/Developer/Toolchains/XcodeDefault.xctoolchain/usr/bin/clang -x objective-c -ivfsstatcache /Users/siam/Library/Developer/Xcode/DerivedData/SDKStatCaches.noindex/iphonesimulator26.0-23A339-26257891a6c027eb51374368541b8346.sdkstatcache -fmessage-length\=0 -fdiagnostics-show-note-include-stack -fmacro-backtrace-limit\=0 -fno-color-diagnostics -fmodules-prune-interval\=86400 -fmodules-prune-after\=345600 -fbuild-session-file\=/Users/siam/Library/Developer/Xcode/DerivedData/ModuleCache.noindex/Session.modulevalidation -fmodules-validate-once-per-build-session -Wnon-modular-include-in-framework-module -Werror\=non-modular-include-in-framework-module -Wno-trigraphs -Wno-missing-field-initializers -Wno-missing-prototypes -Wno-return-type -Wno-implicit-atomic-properties -Wno-objc-interface-ivars -Wno-arc-repeated-use-of-weak -Wno-missing-braces -Wparentheses -Wswitch -Wno-unused-function -Wno-unused-label -Wno-unused-parameter -Wno-unused-variable -Wunused-value -Wno-empty-body -Wno-uninitialized -Wno-unknown-pragmas -w -Wno-shadow -Wno-four-char-constants -Wno-conversion -Wno-constant-conversion -Wno-int-conversion -Wno-bool-conversion -Wno-enum-conversion -Wno-float-conversion -Wno-non-literal-null-conversion -Wno-objc-literal-conversion -Wshorten-64-to-32 -Wpointer-sign -Wno-newline-eof -Wno-selector -Wno-strict-selector-match -Wno-undeclared-selector -Wno-deprecated-implementations -Wno-implicit-fallthrough -fstrict-aliasing -Wprotocol -Wdeprecated-declarations -Wno-sign-conversion -Wno-infinite-recursion -Wno-comma -Wno-block-capture-autoreleasing -Wno-strict-prototypes -Wno-semicolon-before-method-body -index-store-path /Users/siam/Library/Developer/Xcode/DerivedData/Lingua_Quest-gvpckrqxtbgyprbgppjfqmimmmfw/Index.noindex/DataStore @/Users/siam/Library/Developer/Xcode/DerivedData/Lingua_Quest-gvpckrqxtbgyprbgppjfqmimmmfw/Build/Intermediates.noindex/Firebase.build/Debug-iphonesimulator/FirebaseAppCheck.build/Objects-normal/arm64/e6072d4f65d7061329687fe24e3d63a7-common-args.resp -MMD -MT dependencies -MF /Users/siam/Library/Developer/Xcode/DerivedData/Lingua_Quest-gvpckrqxtbgyprbgppjfqmimmmfw/Build/Intermediates.noindex/Firebase.build/Debug-iphonesimulator/FirebaseAppCheck.build/Objects-normal/arm64/FIRAppCheckErrors.d --serialize-diagnostics /Users/siam/Library/Developer/Xcode/DerivedData/Lingua_Quest-gvpckrqxtbgyprbgppjfqmimmmfw/Build/Intermediates.noindex/Firebase.build/Debug-iphonesimulator/FirebaseAppCheck.build/Objects-normal/arm64/FIRAppCheckErrors.dia -c /Users/siam/Library/Developer/Xcode/DerivedData/Lingua_Quest-gvpckrqxtbgyprbgppjfqmimmmfw/SourcePackages/checkouts/firebase-ios-sdk/FirebaseAppCheck/Sources/Core/Errors/FIRAppCheckErrors.m -o /Users/siam/Library/Developer/Xcode/DerivedData/Lingua_Quest-gvpckrqxtbgyprbgppjfqmimmmfw/Build/Intermediates.noindex/Firebase.build/Debug-iphonesimulator/FirebaseAppCheck.build/Objects-normal/arm64/FIRAppCheckErrors.o -index-unit-output-path /Firebase.build/Debug-iphonesimulator/FirebaseAppCheck.build/Objects-normal/arm64/FIRAppCheckErrors.o

ScanDependencies /Users/siam/Library/Developer/Xcode/DerivedData/Lingua_Quest-gvpckrqxtbgyprbgppjfqmimmmfw/Build/Intermediates.noindex/Firebase.build/Debug-iphonesimulator/FirebaseAppCheck.build/Objects-normal/arm64/FIRApp+AppCheck.o /Users/siam/Library/Developer/Xcode/DerivedData/Lingua_Quest-gvpckrqxtbgyprbgppjfqmimmmfw/SourcePackages/checkouts/firebase-ios-sdk/FirebaseAppCheck/Sources/Core/FIRApp+AppCheck.m normal arm64 objective-c com.apple.compilers.llvm.clang.1_0.compiler (in target 'FirebaseAppCheck' from project 'Firebase')
    cd /Users/siam/Desktop/Lingua\ Quest/Lingua\ Quest.xcodeproj
    
    Using response file: /Users/siam/Library/Developer/Xcode/DerivedData/Lingua_Quest-gvpckrqxtbgyprbgppjfqmimmmfw/Build/Intermediates.noindex/Firebase.build/Debug-iphonesimulator/FirebaseAppCheck.build/Objects-normal/arm64/e6072d4f65d7061329687fe24e3d63a7-common-args.resp
    
    builtin-ScanDependencies -o /Users/siam/Library/Developer/Xcode/DerivedData/Lingua_Quest-gvpckrqxtbgyprbgppjfqmimmmfw/Build/Intermediates.noindex/Firebase.build/Debug-iphonesimulator/FirebaseAppCheck.build/Objects-normal/arm64/FIRApp+AppCheck.o.scan -- /Applications/Xcode.app/Contents/Developer/Toolchains/XcodeDefault.xctoolchain/usr/bin/clang -x objective-c -ivfsstatcache /Users/siam/Library/Developer/Xcode/DerivedData/SDKStatCaches.noindex/iphonesimulator26.0-23A339-26257891a6c027eb51374368541b8346.sdkstatcache -fmessage-length\=0 -fdiagnostics-show-note-include-stack -fmacro-backtrace-limit\=0 -fno-color-diagnostics -fmodules-prune-interval\=86400 -fmodules-prune-after\=345600 -fbuild-session-file\=/Users/siam/Library/Developer/Xcode/DerivedData/ModuleCache.noindex/Session.modulevalidation -fmodules-validate-once-per-build-session -Wnon-modular-include-in-framework-module -Werror\=non-modular-include-in-framework-module -Wno-trigraphs -Wno-missing-field-initializers -Wno-missing-prototypes -Wno-return-type -Wno-implicit-atomic-properties -Wno-objc-interface-ivars -Wno-arc-repeated-use-of-weak -Wno-missing-braces -Wparentheses -Wswitch -Wno-unused-function -Wno-unused-label -Wno-unused-parameter -Wno-unused-variable -Wunused-value -Wno-empty-body -Wno-uninitialized -Wno-unknown-pragmas -w -Wno-shadow -Wno-four-char-constants -Wno-conversion -Wno-constant-conversion -Wno-int-conversion -Wno-bool-conversion -Wno-enum-conversion -Wno-float-conversion -Wno-non-literal-null-conversion -Wno-objc-literal-conversion -Wshorten-64-to-32 -Wpointer-sign -Wno-newline-eof -Wno-selector -Wno-strict-selector-match -Wno-undeclared-selector -Wno-deprecated-implementations -Wno-implicit-fallthrough -fstrict-aliasing -Wprotocol -Wdeprecated-declarations -Wno-sign-conversion -Wno-infinite-recursion -Wno-comma -Wno-block-capture-autoreleasing -Wno-strict-prototypes -Wno-semicolon-before-method-body -index-store-path /Users/siam/Library/Developer/Xcode/DerivedData/Lingua_Quest-gvpckrqxtbgyprbgppjfqmimmmfw/Index.noindex/DataStore @/Users/siam/Library/Developer/Xcode/DerivedData/Lingua_Quest-gvpckrqxtbgyprbgppjfqmimmmfw/Build/Intermediates.noindex/Firebase.build/Debug-iphonesimulator/FirebaseAppCheck.build/Objects-normal/arm64/e6072d4f65d7061329687fe24e3d63a7-common-args.resp -MMD -MT dependencies -MF /Users/siam/Library/Developer/Xcode/DerivedData/Lingua_Quest-gvpckrqxtbgyprbgppjfqmimmmfw/Build/Intermediates.noindex/Firebase.build/Debug-iphonesimulator/FirebaseAppCheck.build/Objects-normal/arm64/FIRApp+AppCheck.d --serialize-diagnostics /Users/siam/Library/Developer/Xcode/DerivedData/Lingua_Quest-gvpckrqxtbgyprbgppjfqmimmmfw/Build/Intermediates.noindex/Firebase.build/Debug-iphonesimulator/FirebaseAppCheck.build/Objects-normal/arm64/FIRApp+AppCheck.dia -c /Users/siam/Library/Developer/Xcode/DerivedData/Lingua_Quest-gvpckrqxtbgyprbgppjfqmimmmfw/SourcePackages/checkouts/firebase-ios-sdk/FirebaseAppCheck/Sources/Core/FIRApp+AppCheck.m -o /Users/siam/Library/Developer/Xcode/DerivedData/Lingua_Quest-gvpckrqxtbgyprbgppjfqmimmmfw/Build/Intermediates.noindex/Firebase.build/Debug-iphonesimulator/FirebaseAppCheck.build/Objects-normal/arm64/FIRApp+AppCheck.o -index-unit-output-path /Firebase.build/Debug-iphonesimulator/FirebaseAppCheck.build/Objects-normal/arm64/FIRApp+AppCheck.o

SwiftDriver\ Compilation AppCheckRecaptchaProvider normal x86_64 com.apple.xcode.tools.swift.compiler (in target 'AppCheckRecaptchaProvider' from project 'AppCheck')
    cd /Users/siam/Desktop/Lingua\ Quest/Lingua\ Quest.xcodeproj
    builtin-Swift-Compilation -- /Applications/Xcode.app/Contents/Developer/Toolchains/XcodeDefault.xctoolchain/usr/bin/swiftc -module-name AppCheckRecaptchaProvider -Onone -enforce-exclusivity\=checked @/Users/siam/Library/Developer/Xcode/DerivedData/Lingua_Quest-gvpckrqxtbgyprbgppjfqmimmmfw/Build/Intermediates.noindex/AppCheck.build/Debug-iphonesimulator/AppCheckRecaptchaProvider.build/Objects-normal/x86_64/AppCheckRecaptchaProvider.SwiftFileList -DSWIFT_PACKAGE -DDEBUG -DSWIFT_MODULE_RESOURCE_BUNDLE_UNAVAILABLE -Xcc -fmodule-map-file\=/Users/siam/Library/Developer/Xcode/DerivedData/Lingua_Quest-gvpckrqxtbgyprbgppjfqmimmmfw/Build/Intermediates.noindex/GeneratedModuleMaps-iphonesimulator/GoogleUtilities-Logger.modulemap -Xcc -fmodule-map-file\=/Users/siam/Library/Developer/Xcode/DerivedData/Lingua_Quest-gvpckrqxtbgyprbgppjfqmimmmfw/Build/Intermediates.noindex/GeneratedModuleMaps-iphonesimulator/GoogleUtilities-Environment.modulemap -Xcc -fmodule-map-file\=/Users/siam/Library/Developer/Xcode/DerivedData/Lingua_Quest-gvpckrqxtbgyprbgppjfqmimmmfw/Build/Intermediates.noindex/GeneratedModuleMaps-iphonesimulator/third-party-IsAppEncrypted.modulemap -Xcc -fmodule-map-file\=/Users/siam/Library/Developer/Xcode/DerivedData/Lingua_Quest-gvpckrqxtbgyprbgppjfqmimmmfw/Build/Intermediates.noindex/GeneratedModuleMaps-iphonesimulator/GoogleUtilities-UserDefaults.modulemap -Xcc -fmodule-map-file\=/Users/siam/Library/Developer/Xcode/DerivedData/Lingua_Quest-gvpckrqxtbgyprbgppjfqmimmmfw/Build/Intermediates.noindex/GeneratedModuleMaps-iphonesimulator/RecaptchaInterop.modulemap -Xcc -fmodule-map-file\=/Users/siam/Library/Developer/Xcode/DerivedData/Lingua_Quest-gvpckrqxtbgyprbgppjfqmimmmfw/Build/Intermediates.noindex/GeneratedModuleMaps-iphonesimulator/AppCheckCore.modulemap -DXcode -plugin-path /Applications/Xcode.app/Contents/Developer/Toolchains/XcodeDefault.xctoolchain/usr/lib/swift/host/plugins/testing -enable-experimental-feature DebugDescriptionMacro -sdk /Applications/Xcode.app/Contents/Developer/Platforms/iPhoneSimulator.platform/Developer/SDKs/iPhoneSimulator26.0.sdk -target x86_64-apple-ios12.0-simulator -g -module-cache-path /Users/siam/Library/Developer/Xcode/DerivedData/ModuleCache.noindex -Xfrontend -serialize-debugging-options -profile-coverage-mapping -profile-generate -enable-testing -suppress-warnings -index-store-path /Users/siam/Library/Developer/Xcode/DerivedData/Lingua_Quest-gvpckrqxtbgyprbgppjfqmimmmfw/Index.noindex/DataStore -Xcc -D_LIBCPP_HARDENING_MODE\=_LIBCPP_HARDENING_MODE_DEBUG -swift-version 5 -I /Users/siam/Library/Developer/Xcode/DerivedData/Lingua_Quest-gvpckrqxtbgyprbgppjfqmimmmfw/Build/Products/Debug-iphonesimulator -Isystem /Applications/Xcode.app/Contents/Developer/Platforms/iPhoneSimulator.platform/Developer/usr/lib -F /Users/siam/Library/Developer/Xcode/DerivedData/Lingua_Quest-gvpckrqxtbgyprbgppjfqmimmmfw/Build/Products/Debug-iphonesimulator/PackageFrameworks -F /Users/siam/Library/Developer/Xcode/DerivedData/Lingua_Quest-gvpckrqxtbgyprbgppjfqmimmmfw/Build/Products/Debug-iphonesimulator/PackageFrameworks -F /Users/siam/Library/Developer/Xcode/DerivedData/Lingua_Quest-gvpckrqxtbgyprbgppjfqmimmmfw/Build/Products/Debug-iphonesimulator/PackageFrameworks -F /Users/siam/Library/Developer/Xcode/DerivedData/Lingua_Quest-gvpckrqxtbgyprbgppjfqmimmmfw/Build/Products/Debug-iphonesimulator/PackageFrameworks -F /Users/siam/Library/Developer/Xcode/DerivedData/Lingua_Quest-gvpckrqxtbgyprbgppjfqmimmmfw/Build/Products/Debug-iphonesimulator/PackageFrameworks -F /Users/siam/Library/Developer/Xcode/DerivedData/Lingua_Quest-gvpckrqxtbgyprbgppjfqmimmmfw/Build/Products/Debug-iphonesimulator/PackageFrameworks -F /Users/siam/Library/Developer/Xcode/DerivedData/Lingua_Quest-gvpckrqxtbgyprbgppjfqmimmmfw/Build/Products/Debug-iphonesimulator/PackageFrameworks -F /Users/siam/Library/Developer/Xcode/DerivedData/Lingua_Quest-gvpckrqxtbgyprbgppjfqmimmmfw/Build/Products/Debug-iphonesimulator/PackageFrameworks -F /Users/siam/Library/Developer/Xcode/DerivedData/Lingua_Quest-gvpckrqxtbgyprbgppjfqmimmmfw/Build/Products/Debug-iphonesimulator -F /Applications/Xcode.app/Contents/Developer/Platforms/iPhoneSimulator.platform/Developer/Library/Frameworks -F /Applications/Xcode.app/Contents/Developer/Platforms/iPhoneSimulator.platform/Developer/SDKs/iPhoneSimulator26.0.sdk/Developer/Library/Frameworks -c -j12 -enable-batch-mode -incremental -Xcc -ivfsstatcache -Xcc /Users/siam/Library/Developer/Xcode/DerivedData/SDKStatCaches.noindex/iphonesimulator26.0-23A339-26257891a6c027eb51374368541b8346.sdkstatcache -output-file-map /Users/siam/Library/Developer/Xcode/DerivedData/Lingua_Quest-gvpckrqxtbgyprbgppjfqmimmmfw/Build/Intermediates.noindex/AppCheck.build/Debug-iphonesimulator/AppCheckRecaptchaProvider.build/Objects-normal/x86_64/AppCheckRecaptchaProvider-OutputFileMap.json -use-frontend-parseable-output -save-temps -no-color-diagnostics -explicit-module-build -module-cache-path /Users/siam/Library/Developer/Xcode/DerivedData/Lingua_Quest-gvpckrqxtbgyprbgppjfqmimmmfw/Build/Intermediates.noindex/SwiftExplicitPrecompiledModules -clang-scanner-module-cache-path /Users/siam/Library/Developer/Xcode/DerivedData/ModuleCache.noindex -sdk-module-cache-path /Users/siam/Library/Developer/Xcode/DerivedData/ModuleCache.noindex -serialize-diagnostics -emit-dependencies -emit-module -emit-module-path /Users/siam/Library/Developer/Xcode/DerivedData/Lingua_Quest-gvpckrqxtbgyprbgppjfqmimmmfw/Build/Intermediates.noindex/AppCheck.build/Debug-iphonesimulator/AppCheckRecaptchaProvider.build/Objects-normal/x86_64/AppCheckRecaptchaProvider.swiftmodule -validate-clang-modules-once -clang-build-session-file /Users/siam/Library/Developer/Xcode/DerivedData/ModuleCache.noindex/Session.modulevalidation -Xcc -I/Users/siam/Library/Developer/Xcode/DerivedData/Lingua_Quest-gvpckrqxtbgyprbgppjfqmimmmfw/Build/Intermediates.noindex/AppCheck.build/Debug-iphonesimulator/AppCheckRecaptchaProvider.build/swift-overrides.hmap -emit-const-values -Xfrontend -const-gather-protocols-file -Xfrontend /Users/siam/Library/Developer/Xcode/DerivedData/Lingua_Quest-gvpckrqxtbgyprbgppjfqmimmmfw/Build/Intermediates.noindex/AppCheck.build/Debug-iphonesimulator/AppCheckRecaptchaProvider.build/Objects-normal/x86_64/AppCheckRecaptchaProvider_const_extract_protocols.json -Xcc -I/Users/siam/Library/Developer/Xcode/DerivedData/Lingua_Quest-gvpckrqxtbgyprbgppjfqmimmmfw/SourcePackages/checkouts/GoogleUtilities/GoogleUtilities/Logger/Public -Xcc -I/Users/siam/Library/Developer/Xcode/DerivedData/Lingua_Quest-gvpckrqxtbgyprbgppjfqmimmmfw/SourcePackages/checkouts/GoogleUtilities/GoogleUtilities/Environment/Public -Xcc -I/Users/siam/Library/Developer/Xcode/DerivedData/Lingua_Quest-gvpckrqxtbgyprbgppjfqmimmmfw/SourcePackages/checkouts/GoogleUtilities/third_party/IsAppEncrypted/Public -Xcc -I/Users/siam/Library/Developer/Xcode/DerivedData/Lingua_Quest-gvpckrqxtbgyprbgppjfqmimmmfw/SourcePackages/checkouts/GoogleUtilities/GoogleUtilities/UserDefaults/Public -Xcc -I/Users/siam/Library/Developer/Xcode/DerivedData/Lingua_Quest-gvpckrqxtbgyprbgppjfqmimmmfw/SourcePackages/checkouts/interop-ios-for-google-sdks/RecaptchaEnterprise/RecaptchaInterop/Public -Xcc -I/Users/siam/Library/Developer/Xcode/DerivedData/Lingua_Quest-gvpckrqxtbgyprbgppjfqmimmmfw/SourcePackages/checkouts/promises/Sources/FBLPromises/include -Xcc -I/Users/siam/Library/Developer/Xcode/DerivedData/Lingua_Quest-gvpckrqxtbgyprbgppjfqmimmmfw/SourcePackages/checkouts/app-check/AppCheckCore/Sources/Public -Xcc -I/Users/siam/Library/Developer/Xcode/DerivedData/Lingua_Quest-gvpckrqxtbgyprbgppjfqmimmmfw/Build/Products/Debug-iphonesimulator/include -Xcc -I/Users/siam/Library/Developer/Xcode/DerivedData/Lingua_Quest-gvpckrqxtbgyprbgppjfqmimmmfw/Build/Intermediates.noindex/AppCheck.build/Debug-iphonesimulator/AppCheckRecaptchaProvider.build/DerivedSources-normal/x86_64 -Xcc -I/Users/siam/Library/Developer/Xcode/DerivedData/Lingua_Quest-gvpckrqxtbgyprbgppjfqmimmmfw/Build/Intermediates.noindex/AppCheck.build/Debug-iphonesimulator/AppCheckRecaptchaProvider.build/DerivedSources/x86_64 -Xcc -I/Users/siam/Library/Developer/Xcode/DerivedData/Lingua_Quest-gvpckrqxtbgyprbgppjfqmimmmfw/Build/Intermediates.noindex/AppCheck.build/Debug-iphonesimulator/AppCheckRecaptchaProvider.build/DerivedSources -Xcc -DSWIFT_PACKAGE -Xcc -DDEBUG\=1 -emit-objc-header -emit-objc-header-path /Users/siam/Library/Developer/Xcode/DerivedData/Lingua_Quest-gvpckrqxtbgyprbgppjfqmimmmfw/Build/Intermediates.noindex/AppCheck.build/Debug-iphonesimulator/AppCheckRecaptchaProvider.build/Objects-normal/x86_64/AppCheckRecaptchaProvider-Swift.h -working-directory /Users/siam/Desktop/Lingua\ Quest/Lingua\ Quest.xcodeproj -experimental-emit-module-separately -disable-cmo

SwiftDriver\ Compilation AppCheckRecaptchaProvider normal arm64 com.apple.xcode.tools.swift.compiler (in target 'AppCheckRecaptchaProvider' from project 'AppCheck')
    cd /Users/siam/Desktop/Lingua\ Quest/Lingua\ Quest.xcodeproj
    builtin-Swift-Compilation -- /Applications/Xcode.app/Contents/Developer/Toolchains/XcodeDefault.xctoolchain/usr/bin/swiftc -module-name AppCheckRecaptchaProvider -Onone -enforce-exclusivity\=checked @/Users/siam/Library/Developer/Xcode/DerivedData/Lingua_Quest-gvpckrqxtbgyprbgppjfqmimmmfw/Build/Intermediates.noindex/AppCheck.build/Debug-iphonesimulator/AppCheckRecaptchaProvider.build/Objects-normal/arm64/AppCheckRecaptchaProvider.SwiftFileList -DSWIFT_PACKAGE -DDEBUG -DSWIFT_MODULE_RESOURCE_BUNDLE_UNAVAILABLE -Xcc -fmodule-map-file\=/Users/siam/Library/Developer/Xcode/DerivedData/Lingua_Quest-gvpckrqxtbgyprbgppjfqmimmmfw/Build/Intermediates.noindex/GeneratedModuleMaps-iphonesimulator/GoogleUtilities-Logger.modulemap -Xcc -fmodule-map-file\=/Users/siam/Library/Developer/Xcode/DerivedData/Lingua_Quest-gvpckrqxtbgyprbgppjfqmimmmfw/Build/Intermediates.noindex/GeneratedModuleMaps-iphonesimulator/GoogleUtilities-Environment.modulemap -Xcc -fmodule-map-file\=/Users/siam/Library/Developer/Xcode/DerivedData/Lingua_Quest-gvpckrqxtbgyprbgppjfqmimmmfw/Build/Intermediates.noindex/GeneratedModuleMaps-iphonesimulator/third-party-IsAppEncrypted.modulemap -Xcc -fmodule-map-file\=/Users/siam/Library/Developer/Xcode/DerivedData/Lingua_Quest-gvpckrqxtbgyprbgppjfqmimmmfw/Build/Intermediates.noindex/GeneratedModuleMaps-iphonesimulator/GoogleUtilities-UserDefaults.modulemap -Xcc -fmodule-map-file\=/Users/siam/Library/Developer/Xcode/DerivedData/Lingua_Quest-gvpckrqxtbgyprbgppjfqmimmmfw/Build/Intermediates.noindex/GeneratedModuleMaps-iphonesimulator/RecaptchaInterop.modulemap -Xcc -fmodule-map-file\=/Users/siam/Library/Developer/Xcode/DerivedData/Lingua_Quest-gvpckrqxtbgyprbgppjfqmimmmfw/Build/Intermediates.noindex/GeneratedModuleMaps-iphonesimulator/AppCheckCore.modulemap -DXcode -plugin-path /Applications/Xcode.app/Contents/Developer/Toolchains/XcodeDefault.xctoolchain/usr/lib/swift/host/plugins/testing -enable-experimental-feature DebugDescriptionMacro -sdk /Applications/Xcode.app/Contents/Developer/Platforms/iPhoneSimulator.platform/Developer/SDKs/iPhoneSimulator26.0.sdk -target arm64-apple-ios12.0-simulator -g -module-cache-path /Users/siam/Library/Developer/Xcode/DerivedData/ModuleCache.noindex -Xfrontend -serialize-debugging-options -profile-coverage-mapping -profile-generate -enable-testing -suppress-warnings -index-store-path /Users/siam/Library/Developer/Xcode/DerivedData/Lingua_Quest-gvpckrqxtbgyprbgppjfqmimmmfw/Index.noindex/DataStore -Xcc -D_LIBCPP_HARDENING_MODE\=_LIBCPP_HARDENING_MODE_DEBUG -swift-version 5 -I /Users/siam/Library/Developer/Xcode/DerivedData/Lingua_Quest-gvpckrqxtbgyprbgppjfqmimmmfw/Build/Products/Debug-iphonesimulator -Isystem /Applications/Xcode.app/Contents/Developer/Platforms/iPhoneSimulator.platform/Developer/usr/lib -F /Users/siam/Library/Developer/Xcode/DerivedData/Lingua_Quest-gvpckrqxtbgyprbgppjfqmimmmfw/Build/Products/Debug-iphonesimulator/PackageFrameworks -F /Users/siam/Library/Developer/Xcode/DerivedData/Lingua_Quest-gvpckrqxtbgyprbgppjfqmimmmfw/Build/Products/Debug-iphonesimulator/PackageFrameworks -F /Users/siam/Library/Developer/Xcode/DerivedData/Lingua_Quest-gvpckrqxtbgyprbgppjfqmimmmfw/Build/Products/Debug-iphonesimulator/PackageFrameworks -F /Users/siam/Library/Developer/Xcode/DerivedData/Lingua_Quest-gvpckrqxtbgyprbgppjfqmimmmfw/Build/Products/Debug-iphonesimulator/PackageFrameworks -F /Users/siam/Library/Developer/Xcode/DerivedData/Lingua_Quest-gvpckrqxtbgyprbgppjfqmimmmfw/Build/Products/Debug-iphonesimulator/PackageFrameworks -F /Users/siam/Library/Developer/Xcode/DerivedData/Lingua_Quest-gvpckrqxtbgyprbgppjfqmimmmfw/Build/Products/Debug-iphonesimulator/PackageFrameworks -F /Users/siam/Library/Developer/Xcode/DerivedData/Lingua_Quest-gvpckrqxtbgyprbgppjfqmimmmfw/Build/Products/Debug-iphonesimulator/PackageFrameworks -F /Users/siam/Library/Developer/Xcode/DerivedData/Lingua_Quest-gvpckrqxtbgyprbgppjfqmimmmfw/Build/Products/Debug-iphonesimulator/PackageFrameworks -F /Users/siam/Library/Developer/Xcode/DerivedData/Lingua_Quest-gvpckrqxtbgyprbgppjfqmimmmfw/Build/Products/Debug-iphonesimulator -F /Applications/Xcode.app/Contents/Developer/Platforms/iPhoneSimulator.platform/Developer/Library/Frameworks -F /Applications/Xcode.app/Contents/Developer/Platforms/iPhoneSimulator.platform/Developer/SDKs/iPhoneSimulator26.0.sdk/Developer/Library/Frameworks -c -j12 -enable-batch-mode -incremental -Xcc -ivfsstatcache -Xcc /Users/siam/Library/Developer/Xcode/DerivedData/SDKStatCaches.noindex/iphonesimulator26.0-23A339-26257891a6c027eb51374368541b8346.sdkstatcache -output-file-map /Users/siam/Library/Developer/Xcode/DerivedData/Lingua_Quest-gvpckrqxtbgyprbgppjfqmimmmfw/Build/Intermediates.noindex/AppCheck.build/Debug-iphonesimulator/AppCheckRecaptchaProvider.build/Objects-normal/arm64/AppCheckRecaptchaProvider-OutputFileMap.json -use-frontend-parseable-output -save-temps -no-color-diagnostics -explicit-module-build -module-cache-path /Users/siam/Library/Developer/Xcode/DerivedData/Lingua_Quest-gvpckrqxtbgyprbgppjfqmimmmfw/Build/Intermediates.noindex/SwiftExplicitPrecompiledModules -clang-scanner-module-cache-path /Users/siam/Library/Developer/Xcode/DerivedData/ModuleCache.noindex -sdk-module-cache-path /Users/siam/Library/Developer/Xcode/DerivedData/ModuleCache.noindex -serialize-diagnostics -emit-dependencies -emit-module -emit-module-path /Users/siam/Library/Developer/Xcode/DerivedData/Lingua_Quest-gvpckrqxtbgyprbgppjfqmimmmfw/Build/Intermediates.noindex/AppCheck.build/Debug-iphonesimulator/AppCheckRecaptchaProvider.build/Objects-normal/arm64/AppCheckRecaptchaProvider.swiftmodule -validate-clang-modules-once -clang-build-session-file /Users/siam/Library/Developer/Xcode/DerivedData/ModuleCache.noindex/Session.modulevalidation -Xcc -I/Users/siam/Library/Developer/Xcode/DerivedData/Lingua_Quest-gvpckrqxtbgyprbgppjfqmimmmfw/Build/Intermediates.noindex/AppCheck.build/Debug-iphonesimulator/AppCheckRecaptchaProvider.build/swift-overrides.hmap -emit-const-values -Xfrontend -const-gather-protocols-file -Xfrontend /Users/siam/Library/Developer/Xcode/DerivedData/Lingua_Quest-gvpckrqxtbgyprbgppjfqmimmmfw/Build/Intermediates.noindex/AppCheck.build/Debug-iphonesimulator/AppCheckRecaptchaProvider.build/Objects-normal/arm64/AppCheckRecaptchaProvider_const_extract_protocols.json -Xcc -I/Users/siam/Library/Developer/Xcode/DerivedData/Lingua_Quest-gvpckrqxtbgyprbgppjfqmimmmfw/SourcePackages/checkouts/GoogleUtilities/GoogleUtilities/Logger/Public -Xcc -I/Users/siam/Library/Developer/Xcode/DerivedData/Lingua_Quest-gvpckrqxtbgyprbgppjfqmimmmfw/SourcePackages/checkouts/GoogleUtilities/GoogleUtilities/Environment/Public -Xcc -I/Users/siam/Library/Developer/Xcode/DerivedData/Lingua_Quest-gvpckrqxtbgyprbgppjfqmimmmfw/SourcePackages/checkouts/GoogleUtilities/third_party/IsAppEncrypted/Public -Xcc -I/Users/siam/Library/Developer/Xcode/DerivedData/Lingua_Quest-gvpckrqxtbgyprbgppjfqmimmmfw/SourcePackages/checkouts/GoogleUtilities/GoogleUtilities/UserDefaults/Public -Xcc -I/Users/siam/Library/Developer/Xcode/DerivedData/Lingua_Quest-gvpckrqxtbgyprbgppjfqmimmmfw/SourcePackages/checkouts/interop-ios-for-google-sdks/RecaptchaEnterprise/RecaptchaInterop/Public -Xcc -I/Users/siam/Library/Developer/Xcode/DerivedData/Lingua_Quest-gvpckrqxtbgyprbgppjfqmimmmfw/SourcePackages/checkouts/promises/Sources/FBLPromises/include -Xcc -I/Users/siam/Library/Developer/Xcode/DerivedData/Lingua_Quest-gvpckrqxtbgyprbgppjfqmimmmfw/SourcePackages/checkouts/app-check/AppCheckCore/Sources/Public -Xcc -I/Users/siam/Library/Developer/Xcode/DerivedData/Lingua_Quest-gvpckrqxtbgyprbgppjfqmimmmfw/Build/Products/Debug-iphonesimulator/include -Xcc -I/Users/siam/Library/Developer/Xcode/DerivedData/Lingua_Quest-gvpckrqxtbgyprbgppjfqmimmmfw/Build/Intermediates.noindex/AppCheck.build/Debug-iphonesimulator/AppCheckRecaptchaProvider.build/DerivedSources-normal/arm64 -Xcc -I/Users/siam/Library/Developer/Xcode/DerivedData/Lingua_Quest-gvpckrqxtbgyprbgppjfqmimmmfw/Build/Intermediates.noindex/AppCheck.build/Debug-iphonesimulator/AppCheckRecaptchaProvider.build/DerivedSources/arm64 -Xcc -I/Users/siam/Library/Developer/Xcode/DerivedData/Lingua_Quest-gvpckrqxtbgyprbgppjfqmimmmfw/Build/Intermediates.noindex/AppCheck.build/Debug-iphonesimulator/AppCheckRecaptchaProvider.build/DerivedSources -Xcc -DSWIFT_PACKAGE -Xcc -DDEBUG\=1 -emit-objc-header -emit-objc-header-path /Users/siam/Library/Developer/Xcode/DerivedData/Lingua_Quest-gvpckrqxtbgyprbgppjfqmimmmfw/Build/Intermediates.noindex/AppCheck.build/Debug-iphonesimulator/AppCheckRecaptchaProvider.build/Objects-normal/arm64/AppCheckRecaptchaProvider-Swift.h -working-directory /Users/siam/Desktop/Lingua\ Quest/Lingua\ Quest.xcodeproj -experimental-emit-module-separately -disable-cmo

CompileC /Users/siam/Library/Developer/Xcode/DerivedData/Lingua_Quest-gvpckrqxtbgyprbgppjfqmimmmfw/Build/Intermediates.noindex/Firebase.build/Debug-iphonesimulator/FirebaseAppCheck.build/Objects-normal/arm64/FIRAppCheckValidator.o /Users/siam/Library/Developer/Xcode/DerivedData/Lingua_Quest-gvpckrqxtbgyprbgppjfqmimmmfw/SourcePackages/checkouts/firebase-ios-sdk/FirebaseAppCheck/Sources/Core/FIRAppCheckValidator.m normal arm64 objective-c com.apple.compilers.llvm.clang.1_0.compiler (in target 'FirebaseAppCheck' from project 'Firebase')
    cd /Users/siam/Desktop/Lingua\ Quest/Lingua\ Quest.xcodeproj
    
    Using response file: /Users/siam/Library/Developer/Xcode/DerivedData/Lingua_Quest-gvpckrqxtbgyprbgppjfqmimmmfw/Build/Intermediates.noindex/Firebase.build/Debug-iphonesimulator/FirebaseAppCheck.build/Objects-normal/arm64/e6072d4f65d7061329687fe24e3d63a7-common-args.resp
    
    /Applications/Xcode.app/Contents/Developer/Toolchains/XcodeDefault.xctoolchain/usr/bin/clang -x objective-c -ivfsstatcache /Users/siam/Library/Developer/Xcode/DerivedData/SDKStatCaches.noindex/iphonesimulator26.0-23A339-26257891a6c027eb51374368541b8346.sdkstatcache -fmessage-length\=0 -fdiagnostics-show-note-include-stack -fmacro-backtrace-limit\=0 -fno-color-diagnostics -fmodules-prune-interval\=86400 -fmodules-prune-after\=345600 -fbuild-session-file\=/Users/siam/Library/Developer/Xcode/DerivedData/ModuleCache.noindex/Session.modulevalidation -fmodules-validate-once-per-build-session -Wnon-modular-include-in-framework-module -Werror\=non-modular-include-in-framework-module -Wno-trigraphs -Wno-missing-field-initializers -Wno-missing-prototypes -Wno-return-type -Wno-implicit-atomic-properties -Wno-objc-interface-ivars -Wno-arc-repeated-use-of-weak -Wno-missing-braces -Wparentheses -Wswitch -Wno-unused-function -Wno-unused-label -Wno-unused-parameter -Wno-unused-variable -Wunused-value -Wno-empty-body -Wno-uninitialized -Wno-unknown-pragmas -w -Wno-shadow -Wno-four-char-constants -Wno-conversion -Wno-constant-conversion -Wno-int-conversion -Wno-bool-conversion -Wno-enum-conversion -Wno-float-conversion -Wno-non-literal-null-conversion -Wno-objc-literal-conversion -Wshorten-64-to-32 -Wpointer-sign -Wno-newline-eof -Wno-selector -Wno-strict-selector-match -Wno-undeclared-selector -Wno-deprecated-implementations -Wno-implicit-fallthrough -fstrict-aliasing -Wprotocol -Wdeprecated-declarations -Wno-sign-conversion -Wno-infinite-recursion -Wno-comma -Wno-block-capture-autoreleasing -Wno-strict-prototypes -Wno-semicolon-before-method-body -index-store-path /Users/siam/Library/Developer/Xcode/DerivedData/Lingua_Quest-gvpckrqxtbgyprbgppjfqmimmmfw/Index.noindex/DataStore @/Users/siam/Library/Developer/Xcode/DerivedData/Lingua_Quest-gvpckrqxtbgyprbgppjfqmimmmfw/Build/Intermediates.noindex/Firebase.build/Debug-iphonesimulator/FirebaseAppCheck.build/Objects-normal/arm64/e6072d4f65d7061329687fe24e3d63a7-common-args.resp -MMD -MT dependencies -MF /Users/siam/Library/Developer/Xcode/DerivedData/Lingua_Quest-gvpckrqxtbgyprbgppjfqmimmmfw/Build/Intermediates.noindex/Firebase.build/Debug-iphonesimulator/FirebaseAppCheck.build/Objects-normal/arm64/FIRAppCheckValidator.d --serialize-diagnostics /Users/siam/Library/Developer/Xcode/DerivedData/Lingua_Quest-gvpckrqxtbgyprbgppjfqmimmmfw/Build/Intermediates.noindex/Firebase.build/Debug-iphonesimulator/FirebaseAppCheck.build/Objects-normal/arm64/FIRAppCheckValidator.dia -c /Users/siam/Library/Developer/Xcode/DerivedData/Lingua_Quest-gvpckrqxtbgyprbgppjfqmimmmfw/SourcePackages/checkouts/firebase-ios-sdk/FirebaseAppCheck/Sources/Core/FIRAppCheckValidator.m -o /Users/siam/Library/Developer/Xcode/DerivedData/Lingua_Quest-gvpckrqxtbgyprbgppjfqmimmmfw/Build/Intermediates.noindex/Firebase.build/Debug-iphonesimulator/FirebaseAppCheck.build/Objects-normal/arm64/FIRAppCheckValidator.o -index-unit-output-path /Firebase.build/Debug-iphonesimulator/FirebaseAppCheck.build/Objects-normal/arm64/FIRAppCheckValidator.o

Ld /Users/siam/Library/Developer/Xcode/DerivedData/Lingua_Quest-gvpckrqxtbgyprbgppjfqmimmmfw/Build/Intermediates.noindex/AppCheck.build/Debug-iphonesimulator/AppCheckCore.build/Objects-normal/x86_64/Binary/AppCheckCore.o normal x86_64 (in target 'AppCheckCore' from project 'AppCheck')
    cd /Users/siam/Library/Developer/Xcode/DerivedData/Lingua_Quest-gvpckrqxtbgyprbgppjfqmimmmfw/SourcePackages/checkouts/app-check
    /Applications/Xcode.app/Contents/Developer/Toolchains/XcodeDefault.xctoolchain/usr/bin/clang -Xlinker -reproducible -target x86_64-apple-ios12.0-simulator -r -isysroot /Applications/Xcode.app/Contents/Developer/Platforms/iPhoneSimulator.platform/Developer/SDKs/iPhoneSimulator26.0.sdk -O0 -w -L/Users/siam/Library/Developer/Xcode/DerivedData/Lingua_Quest-gvpckrqxtbgyprbgppjfqmimmmfw/Build/Intermediates.noindex/EagerLinkingTBDs/Debug-iphonesimulator -L/Users/siam/Library/Developer/Xcode/DerivedData/Lingua_Quest-gvpckrqxtbgyprbgppjfqmimmmfw/Build/Products/Debug-iphonesimulator -L/Applications/Xcode.app/Contents/Developer/Platforms/iPhoneSimulator.platform/Developer/usr/lib -F/Users/siam/Library/Developer/Xcode/DerivedData/Lingua_Quest-gvpckrqxtbgyprbgppjfqmimmmfw/Build/Intermediates.noindex/EagerLinkingTBDs/Debug-iphonesimulator -F/Users/siam/Library/Developer/Xcode/DerivedData/Lingua_Quest-gvpckrqxtbgyprbgppjfqmimmmfw/Build/Products/Debug-iphonesimulator/PackageFrameworks -F/Users/siam/Library/Developer/Xcode/DerivedData/Lingua_Quest-gvpckrqxtbgyprbgppjfqmimmmfw/Build/Products/Debug-iphonesimulator/PackageFrameworks -F/Users/siam/Library/Developer/Xcode/DerivedData/Lingua_Quest-gvpckrqxtbgyprbgppjfqmimmmfw/Build/Products/Debug-iphonesimulator/PackageFrameworks -F/Users/siam/Library/Developer/Xcode/DerivedData/Lingua_Quest-gvpckrqxtbgyprbgppjfqmimmmfw/Build/Products/Debug-iphonesimulator/PackageFrameworks -F/Users/siam/Library/Developer/Xcode/DerivedData/Lingua_Quest-gvpckrqxtbgyprbgppjfqmimmmfw/Build/Products/Debug-iphonesimulator/PackageFrameworks -F/Users/siam/Library/Developer/Xcode/DerivedData/Lingua_Quest-gvpckrqxtbgyprbgppjfqmimmmfw/Build/Products/Debug-iphonesimulator -iframework /Applications/Xcode.app/Contents/Developer/Platforms/iPhoneSimulator.platform/Developer/Library/Frameworks -iframework /Applications/Xcode.app/Contents/Developer/Platforms/iPhoneSimulator.platform/Developer/SDKs/iPhoneSimulator26.0.sdk/Developer/Library/Frameworks -filelist /Users/siam/Library/Developer/Xcode/DerivedData/Lingua_Quest-gvpckrqxtbgyprbgppjfqmimmmfw/Build/Intermediates.noindex/AppCheck.build/Debug-iphonesimulator/AppCheckCore.build/Objects-normal/x86_64/AppCheckCore.LinkFileList -nostdlib -Xlinker -object_path_lto -Xlinker /Users/siam/Library/Developer/Xcode/DerivedData/Lingua_Quest-gvpckrqxtbgyprbgppjfqmimmmfw/Build/Intermediates.noindex/AppCheck.build/Debug-iphonesimulator/AppCheckCore.build/Objects-normal/x86_64/AppCheckCore_lto.o -rdynamic -Xlinker -no_deduplicate -Xlinker -objc_abi_version -Xlinker 2 -Xlinker -debug_variant -Xlinker -dependency_info -Xlinker /Users/siam/Library/Developer/Xcode/DerivedData/Lingua_Quest-gvpckrqxtbgyprbgppjfqmimmmfw/Build/Intermediates.noindex/AppCheck.build/Debug-iphonesimulator/AppCheckCore.build/Objects-normal/x86_64/AppCheckCore_dependency_info.dat -fobjc-arc -fobjc-link-runtime -o /Users/siam/Library/Developer/Xcode/DerivedData/Lingua_Quest-gvpckrqxtbgyprbgppjfqmimmmfw/Build/Intermediates.noindex/AppCheck.build/Debug-iphonesimulator/AppCheckCore.build/Objects-normal/x86_64/Binary/AppCheckCore.o

Ld /Users/siam/Library/Developer/Xcode/DerivedData/Lingua_Quest-gvpckrqxtbgyprbgppjfqmimmmfw/Build/Intermediates.noindex/AppCheck.build/Debug-iphonesimulator/AppCheckCore.build/Objects-normal/arm64/Binary/AppCheckCore.o normal arm64 (in target 'AppCheckCore' from project 'AppCheck')
    cd /Users/siam/Library/Developer/Xcode/DerivedData/Lingua_Quest-gvpckrqxtbgyprbgppjfqmimmmfw/SourcePackages/checkouts/app-check
    /Applications/Xcode.app/Contents/Developer/Toolchains/XcodeDefault.xctoolchain/usr/bin/clang -Xlinker -reproducible -target arm64-apple-ios12.0-simulator -r -isysroot /Applications/Xcode.app/Contents/Developer/Platforms/iPhoneSimulator.platform/Developer/SDKs/iPhoneSimulator26.0.sdk -O0 -w -L/Users/siam/Library/Developer/Xcode/DerivedData/Lingua_Quest-gvpckrqxtbgyprbgppjfqmimmmfw/Build/Intermediates.noindex/EagerLinkingTBDs/Debug-iphonesimulator -L/Users/siam/Library/Developer/Xcode/DerivedData/Lingua_Quest-gvpckrqxtbgyprbgppjfqmimmmfw/Build/Products/Debug-iphonesimulator -L/Applications/Xcode.app/Contents/Developer/Platforms/iPhoneSimulator.platform/Developer/usr/lib -F/Users/siam/Library/Developer/Xcode/DerivedData/Lingua_Quest-gvpckrqxtbgyprbgppjfqmimmmfw/Build/Intermediates.noindex/EagerLinkingTBDs/Debug-iphonesimulator -F/Users/siam/Library/Developer/Xcode/DerivedData/Lingua_Quest-gvpckrqxtbgyprbgppjfqmimmmfw/Build/Products/Debug-iphonesimulator/PackageFrameworks -F/Users/siam/Library/Developer/Xcode/DerivedData/Lingua_Quest-gvpckrqxtbgyprbgppjfqmimmmfw/Build/Products/Debug-iphonesimulator/PackageFrameworks -F/Users/siam/Library/Developer/Xcode/DerivedData/Lingua_Quest-gvpckrqxtbgyprbgppjfqmimmmfw/Build/Products/Debug-iphonesimulator/PackageFrameworks -F/Users/siam/Library/Developer/Xcode/DerivedData/Lingua_Quest-gvpckrqxtbgyprbgppjfqmimmmfw/Build/Products/Debug-iphonesimulator/PackageFrameworks -F/Users/siam/Library/Developer/Xcode/DerivedData/Lingua_Quest-gvpckrqxtbgyprbgppjfqmimmmfw/Build/Products/Debug-iphonesimulator/PackageFrameworks -F/Users/siam/Library/Developer/Xcode/DerivedData/Lingua_Quest-gvpckrqxtbgyprbgppjfqmimmmfw/Build/Products/Debug-iphonesimulator -iframework /Applications/Xcode.app/Contents/Developer/Platforms/iPhoneSimulator.platform/Developer/Library/Frameworks -iframework /Applications/Xcode.app/Contents/Developer/Platforms/iPhoneSimulator.platform/Developer/SDKs/iPhoneSimulator26.0.sdk/Developer/Library/Frameworks -filelist /Users/siam/Library/Developer/Xcode/DerivedData/Lingua_Quest-gvpckrqxtbgyprbgppjfqmimmmfw/Build/Intermediates.noindex/AppCheck.build/Debug-iphonesimulator/AppCheckCore.build/Objects-normal/arm64/AppCheckCore.LinkFileList -nostdlib -Xlinker -object_path_lto -Xlinker /Users/siam/Library/Developer/Xcode/DerivedData/Lingua_Quest-gvpckrqxtbgyprbgppjfqmimmmfw/Build/Intermediates.noindex/AppCheck.build/Debug-iphonesimulator/AppCheckCore.build/Objects-normal/arm64/AppCheckCore_lto.o -rdynamic -Xlinker -no_deduplicate -Xlinker -objc_abi_version -Xlinker 2 -Xlinker -debug_variant -Xlinker -dependency_info -Xlinker /Users/siam/Library/Developer/Xcode/DerivedData/Lingua_Quest-gvpckrqxtbgyprbgppjfqmimmmfw/Build/Intermediates.noindex/AppCheck.build/Debug-iphonesimulator/AppCheckCore.build/Objects-normal/arm64/AppCheckCore_dependency_info.dat -fobjc-arc -fobjc-link-runtime -o /Users/siam/Library/Developer/Xcode/DerivedData/Lingua_Quest-gvpckrqxtbgyprbgppjfqmimmmfw/Build/Intermediates.noindex/AppCheck.build/Debug-iphonesimulator/AppCheckCore.build/Objects-normal/arm64/Binary/AppCheckCore.o

RegisterExecutionPolicyException /Users/siam/Library/Developer/Xcode/DerivedData/Lingua_Quest-gvpckrqxtbgyprbgppjfqmimmmfw/Build/Products/Debug-iphonesimulator/AppAuthCore.o (in target 'AppAuthCore' from project 'AppAuth')
    cd /Users/siam/Library/Developer/Xcode/DerivedData/Lingua_Quest-gvpckrqxtbgyprbgppjfqmimmmfw/SourcePackages/checkouts/AppAuth-iOS
    builtin-RegisterExecutionPolicyException /Users/siam/Library/Developer/Xcode/DerivedData/Lingua_Quest-gvpckrqxtbgyprbgppjfqmimmmfw/Build/Products/Debug-iphonesimulator/AppAuthCore.o

RegisterExecutionPolicyException /Users/siam/Library/Developer/Xcode/DerivedData/Lingua_Quest-gvpckrqxtbgyprbgppjfqmimmmfw/Build/Products/Debug-iphonesimulator/Promises.o (in target 'Promises' from project 'Promises')
    cd /Users/siam/Library/Developer/Xcode/DerivedData/Lingua_Quest-gvpckrqxtbgyprbgppjfqmimmmfw/SourcePackages/checkouts/promises
    builtin-RegisterExecutionPolicyException /Users/siam/Library/Developer/Xcode/DerivedData/Lingua_Quest-gvpckrqxtbgyprbgppjfqmimmmfw/Build/Products/Debug-iphonesimulator/Promises.o

CompileC /Users/siam/Library/Developer/Xcode/DerivedData/Lingua_Quest-gvpckrqxtbgyprbgppjfqmimmmfw/Build/Intermediates.noindex/Firebase.build/Debug-iphonesimulator/FirebaseAppCheck.build/Objects-normal/arm64/FIRInternalAppCheckProvider.o /Users/siam/Library/Developer/Xcode/DerivedData/Lingua_Quest-gvpckrqxtbgyprbgppjfqmimmmfw/SourcePackages/checkouts/firebase-ios-sdk/FirebaseAppCheck/Sources/Core/FIRInternalAppCheckProvider.m normal arm64 objective-c com.apple.compilers.llvm.clang.1_0.compiler (in target 'FirebaseAppCheck' from project 'Firebase')
    cd /Users/siam/Desktop/Lingua\ Quest/Lingua\ Quest.xcodeproj
    
    Using response file: /Users/siam/Library/Developer/Xcode/DerivedData/Lingua_Quest-gvpckrqxtbgyprbgppjfqmimmmfw/Build/Intermediates.noindex/Firebase.build/Debug-iphonesimulator/FirebaseAppCheck.build/Objects-normal/arm64/e6072d4f65d7061329687fe24e3d63a7-common-args.resp
    
    /Applications/Xcode.app/Contents/Developer/Toolchains/XcodeDefault.xctoolchain/usr/bin/clang -x objective-c -ivfsstatcache /Users/siam/Library/Developer/Xcode/DerivedData/SDKStatCaches.noindex/iphonesimulator26.0-23A339-26257891a6c027eb51374368541b8346.sdkstatcache -fmessage-length\=0 -fdiagnostics-show-note-include-stack -fmacro-backtrace-limit\=0 -fno-color-diagnostics -fmodules-prune-interval\=86400 -fmodules-prune-after\=345600 -fbuild-session-file\=/Users/siam/Library/Developer/Xcode/DerivedData/ModuleCache.noindex/Session.modulevalidation -fmodules-validate-once-per-build-session -Wnon-modular-include-in-framework-module -Werror\=non-modular-include-in-framework-module -Wno-trigraphs -Wno-missing-field-initializers -Wno-missing-prototypes -Wno-return-type -Wno-implicit-atomic-properties -Wno-objc-interface-ivars -Wno-arc-repeated-use-of-weak -Wno-missing-braces -Wparentheses -Wswitch -Wno-unused-function -Wno-unused-label -Wno-unused-parameter -Wno-unused-variable -Wunused-value -Wno-empty-body -Wno-uninitialized -Wno-unknown-pragmas -w -Wno-shadow -Wno-four-char-constants -Wno-conversion -Wno-constant-conversion -Wno-int-conversion -Wno-bool-conversion -Wno-enum-conversion -Wno-float-conversion -Wno-non-literal-null-conversion -Wno-objc-literal-conversion -Wshorten-64-to-32 -Wpointer-sign -Wno-newline-eof -Wno-selector -Wno-strict-selector-match -Wno-undeclared-selector -Wno-deprecated-implementations -Wno-implicit-fallthrough -fstrict-aliasing -Wprotocol -Wdeprecated-declarations -Wno-sign-conversion -Wno-infinite-recursion -Wno-comma -Wno-block-capture-autoreleasing -Wno-strict-prototypes -Wno-semicolon-before-method-body -index-store-path /Users/siam/Library/Developer/Xcode/DerivedData/Lingua_Quest-gvpckrqxtbgyprbgppjfqmimmmfw/Index.noindex/DataStore @/Users/siam/Library/Developer/Xcode/DerivedData/Lingua_Quest-gvpckrqxtbgyprbgppjfqmimmmfw/Build/Intermediates.noindex/Firebase.build/Debug-iphonesimulator/FirebaseAppCheck.build/Objects-normal/arm64/e6072d4f65d7061329687fe24e3d63a7-common-args.resp -MMD -MT dependencies -MF /Users/siam/Library/Developer/Xcode/DerivedData/Lingua_Quest-gvpckrqxtbgyprbgppjfqmimmmfw/Build/Intermediates.noindex/Firebase.build/Debug-iphonesimulator/FirebaseAppCheck.build/Objects-normal/arm64/FIRInternalAppCheckProvider.d --serialize-diagnostics /Users/siam/Library/Developer/Xcode/DerivedData/Lingua_Quest-gvpckrqxtbgyprbgppjfqmimmmfw/Build/Intermediates.noindex/Firebase.build/Debug-iphonesimulator/FirebaseAppCheck.build/Objects-normal/arm64/FIRInternalAppCheckProvider.dia -c /Users/siam/Library/Developer/Xcode/DerivedData/Lingua_Quest-gvpckrqxtbgyprbgppjfqmimmmfw/SourcePackages/checkouts/firebase-ios-sdk/FirebaseAppCheck/Sources/Core/FIRInternalAppCheckProvider.m -o /Users/siam/Library/Developer/Xcode/DerivedData/Lingua_Quest-gvpckrqxtbgyprbgppjfqmimmmfw/Build/Intermediates.noindex/Firebase.build/Debug-iphonesimulator/FirebaseAppCheck.build/Objects-normal/arm64/FIRInternalAppCheckProvider.o -index-unit-output-path /Firebase.build/Debug-iphonesimulator/FirebaseAppCheck.build/Objects-normal/arm64/FIRInternalAppCheckProvider.o

CompileC /Users/siam/Library/Developer/Xcode/DerivedData/Lingua_Quest-gvpckrqxtbgyprbgppjfqmimmmfw/Build/Intermediates.noindex/Firebase.build/Debug-iphonesimulator/FirebaseAppCheck.build/Objects-normal/arm64/FIRHeartbeatLogger+AppCheck.o /Users/siam/Library/Developer/Xcode/DerivedData/Lingua_Quest-gvpckrqxtbgyprbgppjfqmimmmfw/SourcePackages/checkouts/firebase-ios-sdk/FirebaseAppCheck/Sources/Core/FIRHeartbeatLogger+AppCheck.m normal arm64 objective-c com.apple.compilers.llvm.clang.1_0.compiler (in target 'FirebaseAppCheck' from project 'Firebase')
    cd /Users/siam/Desktop/Lingua\ Quest/Lingua\ Quest.xcodeproj
    
    Using response file: /Users/siam/Library/Developer/Xcode/DerivedData/Lingua_Quest-gvpckrqxtbgyprbgppjfqmimmmfw/Build/Intermediates.noindex/Firebase.build/Debug-iphonesimulator/FirebaseAppCheck.build/Objects-normal/arm64/e6072d4f65d7061329687fe24e3d63a7-common-args.resp
    
    /Applications/Xcode.app/Contents/Developer/Toolchains/XcodeDefault.xctoolchain/usr/bin/clang -x objective-c -ivfsstatcache /Users/siam/Library/Developer/Xcode/DerivedData/SDKStatCaches.noindex/iphonesimulator26.0-23A339-26257891a6c027eb51374368541b8346.sdkstatcache -fmessage-length\=0 -fdiagnostics-show-note-include-stack -fmacro-backtrace-limit\=0 -fno-color-diagnostics -fmodules-prune-interval\=86400 -fmodules-prune-after\=345600 -fbuild-session-file\=/Users/siam/Library/Developer/Xcode/DerivedData/ModuleCache.noindex/Session.modulevalidation -fmodules-validate-once-per-build-session -Wnon-modular-include-in-framework-module -Werror\=non-modular-include-in-framework-module -Wno-trigraphs -Wno-missing-field-initializers -Wno-missing-prototypes -Wno-return-type -Wno-implicit-atomic-properties -Wno-objc-interface-ivars -Wno-arc-repeated-use-of-weak -Wno-missing-braces -Wparentheses -Wswitch -Wno-unused-function -Wno-unused-label -Wno-unused-parameter -Wno-unused-variable -Wunused-value -Wno-empty-body -Wno-uninitialized -Wno-unknown-pragmas -w -Wno-shadow -Wno-four-char-constants -Wno-conversion -Wno-constant-conversion -Wno-int-conversion -Wno-bool-conversion -Wno-enum-conversion -Wno-float-conversion -Wno-non-literal-null-conversion -Wno-objc-literal-conversion -Wshorten-64-to-32 -Wpointer-sign -Wno-newline-eof -Wno-selector -Wno-strict-selector-match -Wno-undeclared-selector -Wno-deprecated-implementations -Wno-implicit-fallthrough -fstrict-aliasing -Wprotocol -Wdeprecated-declarations -Wno-sign-conversion -Wno-infinite-recursion -Wno-comma -Wno-block-capture-autoreleasing -Wno-strict-prototypes -Wno-semicolon-before-method-body -index-store-path /Users/siam/Library/Developer/Xcode/DerivedData/Lingua_Quest-gvpckrqxtbgyprbgppjfqmimmmfw/Index.noindex/DataStore @/Users/siam/Library/Developer/Xcode/DerivedData/Lingua_Quest-gvpckrqxtbgyprbgppjfqmimmmfw/Build/Intermediates.noindex/Firebase.build/Debug-iphonesimulator/FirebaseAppCheck.build/Objects-normal/arm64/e6072d4f65d7061329687fe24e3d63a7-common-args.resp -MMD -MT dependencies -MF /Users/siam/Library/Developer/Xcode/DerivedData/Lingua_Quest-gvpckrqxtbgyprbgppjfqmimmmfw/Build/Intermediates.noindex/Firebase.build/Debug-iphonesimulator/FirebaseAppCheck.build/Objects-normal/arm64/FIRHeartbeatLogger+AppCheck.d --serialize-diagnostics /Users/siam/Library/Developer/Xcode/DerivedData/Lingua_Quest-gvpckrqxtbgyprbgppjfqmimmmfw/Build/Intermediates.noindex/Firebase.build/Debug-iphonesimulator/FirebaseAppCheck.build/Objects-normal/arm64/FIRHeartbeatLogger+AppCheck.dia -c /Users/siam/Library/Developer/Xcode/DerivedData/Lingua_Quest-gvpckrqxtbgyprbgppjfqmimmmfw/SourcePackages/checkouts/firebase-ios-sdk/FirebaseAppCheck/Sources/Core/FIRHeartbeatLogger+AppCheck.m -o /Users/siam/Library/Developer/Xcode/DerivedData/Lingua_Quest-gvpckrqxtbgyprbgppjfqmimmmfw/Build/Intermediates.noindex/Firebase.build/Debug-iphonesimulator/FirebaseAppCheck.build/Objects-normal/arm64/FIRHeartbeatLogger+AppCheck.o -index-unit-output-path /Firebase.build/Debug-iphonesimulator/FirebaseAppCheck.build/Objects-normal/arm64/FIRHeartbeatLogger+AppCheck.o

CompileC /Users/siam/Library/Developer/Xcode/DerivedData/Lingua_Quest-gvpckrqxtbgyprbgppjfqmimmmfw/Build/Intermediates.noindex/Firebase.build/Debug-iphonesimulator/FirebaseAppCheck.build/Objects-normal/arm64/FIRDeviceCheckProvider.o /Users/siam/Library/Developer/Xcode/DerivedData/Lingua_Quest-gvpckrqxtbgyprbgppjfqmimmmfw/SourcePackages/checkouts/firebase-ios-sdk/FirebaseAppCheck/Sources/DeviceCheckProvider/FIRDeviceCheckProvider.m normal arm64 objective-c com.apple.compilers.llvm.clang.1_0.compiler (in target 'FirebaseAppCheck' from project 'Firebase')
    cd /Users/siam/Desktop/Lingua\ Quest/Lingua\ Quest.xcodeproj
    
    Using response file: /Users/siam/Library/Developer/Xcode/DerivedData/Lingua_Quest-gvpckrqxtbgyprbgppjfqmimmmfw/Build/Intermediates.noindex/Firebase.build/Debug-iphonesimulator/FirebaseAppCheck.build/Objects-normal/arm64/e6072d4f65d7061329687fe24e3d63a7-common-args.resp
    
    /Applications/Xcode.app/Contents/Developer/Toolchains/XcodeDefault.xctoolchain/usr/bin/clang -x objective-c -ivfsstatcache /Users/siam/Library/Developer/Xcode/DerivedData/SDKStatCaches.noindex/iphonesimulator26.0-23A339-26257891a6c027eb51374368541b8346.sdkstatcache -fmessage-length\=0 -fdiagnostics-show-note-include-stack -fmacro-backtrace-limit\=0 -fno-color-diagnostics -fmodules-prune-interval\=86400 -fmodules-prune-after\=345600 -fbuild-session-file\=/Users/siam/Library/Developer/Xcode/DerivedData/ModuleCache.noindex/Session.modulevalidation -fmodules-validate-once-per-build-session -Wnon-modular-include-in-framework-module -Werror\=non-modular-include-in-framework-module -Wno-trigraphs -Wno-missing-field-initializers -Wno-missing-prototypes -Wno-return-type -Wno-implicit-atomic-properties -Wno-objc-interface-ivars -Wno-arc-repeated-use-of-weak -Wno-missing-braces -Wparentheses -Wswitch -Wno-unused-function -Wno-unused-label -Wno-unused-parameter -Wno-unused-variable -Wunused-value -Wno-empty-body -Wno-uninitialized -Wno-unknown-pragmas -w -Wno-shadow -Wno-four-char-constants -Wno-conversion -Wno-constant-conversion -Wno-int-conversion -Wno-bool-conversion -Wno-enum-conversion -Wno-float-conversion -Wno-non-literal-null-conversion -Wno-objc-literal-conversion -Wshorten-64-to-32 -Wpointer-sign -Wno-newline-eof -Wno-selector -Wno-strict-selector-match -Wno-undeclared-selector -Wno-deprecated-implementations -Wno-implicit-fallthrough -fstrict-aliasing -Wprotocol -Wdeprecated-declarations -Wno-sign-conversion -Wno-infinite-recursion -Wno-comma -Wno-block-capture-autoreleasing -Wno-strict-prototypes -Wno-semicolon-before-method-body -index-store-path /Users/siam/Library/Developer/Xcode/DerivedData/Lingua_Quest-gvpckrqxtbgyprbgppjfqmimmmfw/Index.noindex/DataStore @/Users/siam/Library/Developer/Xcode/DerivedData/Lingua_Quest-gvpckrqxtbgyprbgppjfqmimmmfw/Build/Intermediates.noindex/Firebase.build/Debug-iphonesimulator/FirebaseAppCheck.build/Objects-normal/arm64/e6072d4f65d7061329687fe24e3d63a7-common-args.resp -MMD -MT dependencies -MF /Users/siam/Library/Developer/Xcode/DerivedData/Lingua_Quest-gvpckrqxtbgyprbgppjfqmimmmfw/Build/Intermediates.noindex/Firebase.build/Debug-iphonesimulator/FirebaseAppCheck.build/Objects-normal/arm64/FIRDeviceCheckProvider.d --serialize-diagnostics /Users/siam/Library/Developer/Xcode/DerivedData/Lingua_Quest-gvpckrqxtbgyprbgppjfqmimmmfw/Build/Intermediates.noindex/Firebase.build/Debug-iphonesimulator/FirebaseAppCheck.build/Objects-normal/arm64/FIRDeviceCheckProvider.dia -c /Users/siam/Library/Developer/Xcode/DerivedData/Lingua_Quest-gvpckrqxtbgyprbgppjfqmimmmfw/SourcePackages/checkouts/firebase-ios-sdk/FirebaseAppCheck/Sources/DeviceCheckProvider/FIRDeviceCheckProvider.m -o /Users/siam/Library/Developer/Xcode/DerivedData/Lingua_Quest-gvpckrqxtbgyprbgppjfqmimmmfw/Build/Intermediates.noindex/Firebase.build/Debug-iphonesimulator/FirebaseAppCheck.build/Objects-normal/arm64/FIRDeviceCheckProvider.o -index-unit-output-path /Firebase.build/Debug-iphonesimulator/FirebaseAppCheck.build/Objects-normal/arm64/FIRDeviceCheckProvider.o

CompileC /Users/siam/Library/Developer/Xcode/DerivedData/Lingua_Quest-gvpckrqxtbgyprbgppjfqmimmmfw/Build/Intermediates.noindex/Firebase.build/Debug-iphonesimulator/FirebaseAppCheck.build/Objects-normal/arm64/FIRDefaultProviderFactory.o /Users/siam/Library/Developer/Xcode/DerivedData/Lingua_Quest-gvpckrqxtbgyprbgppjfqmimmmfw/SourcePackages/checkouts/firebase-ios-sdk/FirebaseAppCheck/Sources/DefaultProviderFactory/FIRDefaultProviderFactory.m normal arm64 objective-c com.apple.compilers.llvm.clang.1_0.compiler (in target 'FirebaseAppCheck' from project 'Firebase')
    cd /Users/siam/Desktop/Lingua\ Quest/Lingua\ Quest.xcodeproj
    
    Using response file: /Users/siam/Library/Developer/Xcode/DerivedData/Lingua_Quest-gvpckrqxtbgyprbgppjfqmimmmfw/Build/Intermediates.noindex/Firebase.build/Debug-iphonesimulator/FirebaseAppCheck.build/Objects-normal/arm64/e6072d4f65d7061329687fe24e3d63a7-common-args.resp
    
    /Applications/Xcode.app/Contents/Developer/Toolchains/XcodeDefault.xctoolchain/usr/bin/clang -x objective-c -ivfsstatcache /Users/siam/Library/Developer/Xcode/DerivedData/SDKStatCaches.noindex/iphonesimulator26.0-23A339-26257891a6c027eb51374368541b8346.sdkstatcache -fmessage-length\=0 -fdiagnostics-show-note-include-stack -fmacro-backtrace-limit\=0 -fno-color-diagnostics -fmodules-prune-interval\=86400 -fmodules-prune-after\=345600 -fbuild-session-file\=/Users/siam/Library/Developer/Xcode/DerivedData/ModuleCache.noindex/Session.modulevalidation -fmodules-validate-once-per-build-session -Wnon-modular-include-in-framework-module -Werror\=non-modular-include-in-framework-module -Wno-trigraphs -Wno-missing-field-initializers -Wno-missing-prototypes -Wno-return-type -Wno-implicit-atomic-properties -Wno-objc-interface-ivars -Wno-arc-repeated-use-of-weak -Wno-missing-braces -Wparentheses -Wswitch -Wno-unused-function -Wno-unused-label -Wno-unused-parameter -Wno-unused-variable -Wunused-value -Wno-empty-body -Wno-uninitialized -Wno-unknown-pragmas -w -Wno-shadow -Wno-four-char-constants -Wno-conversion -Wno-constant-conversion -Wno-int-conversion -Wno-bool-conversion -Wno-enum-conversion -Wno-float-conversion -Wno-non-literal-null-conversion -Wno-objc-literal-conversion -Wshorten-64-to-32 -Wpointer-sign -Wno-newline-eof -Wno-selector -Wno-strict-selector-match -Wno-undeclared-selector -Wno-deprecated-implementations -Wno-implicit-fallthrough -fstrict-aliasing -Wprotocol -Wdeprecated-declarations -Wno-sign-conversion -Wno-infinite-recursion -Wno-comma -Wno-block-capture-autoreleasing -Wno-strict-prototypes -Wno-semicolon-before-method-body -index-store-path /Users/siam/Library/Developer/Xcode/DerivedData/Lingua_Quest-gvpckrqxtbgyprbgppjfqmimmmfw/Index.noindex/DataStore @/Users/siam/Library/Developer/Xcode/DerivedData/Lingua_Quest-gvpckrqxtbgyprbgppjfqmimmmfw/Build/Intermediates.noindex/Firebase.build/Debug-iphonesimulator/FirebaseAppCheck.build/Objects-normal/arm64/e6072d4f65d7061329687fe24e3d63a7-common-args.resp -MMD -MT dependencies -MF /Users/siam/Library/Developer/Xcode/DerivedData/Lingua_Quest-gvpckrqxtbgyprbgppjfqmimmmfw/Build/Intermediates.noindex/Firebase.build/Debug-iphonesimulator/FirebaseAppCheck.build/Objects-normal/arm64/FIRDefaultProviderFactory.d --serialize-diagnostics /Users/siam/Library/Developer/Xcode/DerivedData/Lingua_Quest-gvpckrqxtbgyprbgppjfqmimmmfw/Build/Intermediates.noindex/Firebase.build/Debug-iphonesimulator/FirebaseAppCheck.build/Objects-normal/arm64/FIRDefaultProviderFactory.dia -c /Users/siam/Library/Developer/Xcode/DerivedData/Lingua_Quest-gvpckrqxtbgyprbgppjfqmimmmfw/SourcePackages/checkouts/firebase-ios-sdk/FirebaseAppCheck/Sources/DefaultProviderFactory/FIRDefaultProviderFactory.m -o /Users/siam/Library/Developer/Xcode/DerivedData/Lingua_Quest-gvpckrqxtbgyprbgppjfqmimmmfw/Build/Intermediates.noindex/Firebase.build/Debug-iphonesimulator/FirebaseAppCheck.build/Objects-normal/arm64/FIRDefaultProviderFactory.o -index-unit-output-path /Firebase.build/Debug-iphonesimulator/FirebaseAppCheck.build/Objects-normal/arm64/FIRDefaultProviderFactory.o

CompileC /Users/siam/Library/Developer/Xcode/DerivedData/Lingua_Quest-gvpckrqxtbgyprbgppjfqmimmmfw/Build/Intermediates.noindex/Firebase.build/Debug-iphonesimulator/FirebaseAppCheck.build/Objects-normal/arm64/FIRAppCheckTokenResult.o /Users/siam/Library/Developer/Xcode/DerivedData/Lingua_Quest-gvpckrqxtbgyprbgppjfqmimmmfw/SourcePackages/checkouts/firebase-ios-sdk/FirebaseAppCheck/Sources/Core/FIRAppCheckTokenResult.m normal arm64 objective-c com.apple.compilers.llvm.clang.1_0.compiler (in target 'FirebaseAppCheck' from project 'Firebase')
    cd /Users/siam/Desktop/Lingua\ Quest/Lingua\ Quest.xcodeproj
    
    Using response file: /Users/siam/Library/Developer/Xcode/DerivedData/Lingua_Quest-gvpckrqxtbgyprbgppjfqmimmmfw/Build/Intermediates.noindex/Firebase.build/Debug-iphonesimulator/FirebaseAppCheck.build/Objects-normal/arm64/e6072d4f65d7061329687fe24e3d63a7-common-args.resp
    
    /Applications/Xcode.app/Contents/Developer/Toolchains/XcodeDefault.xctoolchain/usr/bin/clang -x objective-c -ivfsstatcache /Users/siam/Library/Developer/Xcode/DerivedData/SDKStatCaches.noindex/iphonesimulator26.0-23A339-26257891a6c027eb51374368541b8346.sdkstatcache -fmessage-length\=0 -fdiagnostics-show-note-include-stack -fmacro-backtrace-limit\=0 -fno-color-diagnostics -fmodules-prune-interval\=86400 -fmodules-prune-after\=345600 -fbuild-session-file\=/Users/siam/Library/Developer/Xcode/DerivedData/ModuleCache.noindex/Session.modulevalidation -fmodules-validate-once-per-build-session -Wnon-modular-include-in-framework-module -Werror\=non-modular-include-in-framework-module -Wno-trigraphs -Wno-missing-field-initializers -Wno-missing-prototypes -Wno-return-type -Wno-implicit-atomic-properties -Wno-objc-interface-ivars -Wno-arc-repeated-use-of-weak -Wno-missing-braces -Wparentheses -Wswitch -Wno-unused-function -Wno-unused-label -Wno-unused-parameter -Wno-unused-variable -Wunused-value -Wno-empty-body -Wno-uninitialized -Wno-unknown-pragmas -w -Wno-shadow -Wno-four-char-constants -Wno-conversion -Wno-constant-conversion -Wno-int-conversion -Wno-bool-conversion -Wno-enum-conversion -Wno-float-conversion -Wno-non-literal-null-conversion -Wno-objc-literal-conversion -Wshorten-64-to-32 -Wpointer-sign -Wno-newline-eof -Wno-selector -Wno-strict-selector-match -Wno-undeclared-selector -Wno-deprecated-implementations -Wno-implicit-fallthrough -fstrict-aliasing -Wprotocol -Wdeprecated-declarations -Wno-sign-conversion -Wno-infinite-recursion -Wno-comma -Wno-block-capture-autoreleasing -Wno-strict-prototypes -Wno-semicolon-before-method-body -index-store-path /Users/siam/Library/Developer/Xcode/DerivedData/Lingua_Quest-gvpckrqxtbgyprbgppjfqmimmmfw/Index.noindex/DataStore @/Users/siam/Library/Developer/Xcode/DerivedData/Lingua_Quest-gvpckrqxtbgyprbgppjfqmimmmfw/Build/Intermediates.noindex/Firebase.build/Debug-iphonesimulator/FirebaseAppCheck.build/Objects-normal/arm64/e6072d4f65d7061329687fe24e3d63a7-common-args.resp -MMD -MT dependencies -MF /Users/siam/Library/Developer/Xcode/DerivedData/Lingua_Quest-gvpckrqxtbgyprbgppjfqmimmmfw/Build/Intermediates.noindex/Firebase.build/Debug-iphonesimulator/FirebaseAppCheck.build/Objects-normal/arm64/FIRAppCheckTokenResult.d --serialize-diagnostics /Users/siam/Library/Developer/Xcode/DerivedData/Lingua_Quest-gvpckrqxtbgyprbgppjfqmimmmfw/Build/Intermediates.noindex/Firebase.build/Debug-iphonesimulator/FirebaseAppCheck.build/Objects-normal/arm64/FIRAppCheckTokenResult.dia -c /Users/siam/Library/Developer/Xcode/DerivedData/Lingua_Quest-gvpckrqxtbgyprbgppjfqmimmmfw/SourcePackages/checkouts/firebase-ios-sdk/FirebaseAppCheck/Sources/Core/FIRAppCheckTokenResult.m -o /Users/siam/Library/Developer/Xcode/DerivedData/Lingua_Quest-gvpckrqxtbgyprbgppjfqmimmmfw/Build/Intermediates.noindex/Firebase.build/Debug-iphonesimulator/FirebaseAppCheck.build/Objects-normal/arm64/FIRAppCheckTokenResult.o -index-unit-output-path /Firebase.build/Debug-iphonesimulator/FirebaseAppCheck.build/Objects-normal/arm64/FIRAppCheckTokenResult.o

CompileC /Users/siam/Library/Developer/Xcode/DerivedData/Lingua_Quest-gvpckrqxtbgyprbgppjfqmimmmfw/Build/Intermediates.noindex/Firebase.build/Debug-iphonesimulator/FirebaseAppCheck.build/Objects-normal/arm64/FIRAppCheckToken.o /Users/siam/Library/Developer/Xcode/DerivedData/Lingua_Quest-gvpckrqxtbgyprbgppjfqmimmmfw/SourcePackages/checkouts/firebase-ios-sdk/FirebaseAppCheck/Sources/Core/FIRAppCheckToken.m normal arm64 objective-c com.apple.compilers.llvm.clang.1_0.compiler (in target 'FirebaseAppCheck' from project 'Firebase')
    cd /Users/siam/Desktop/Lingua\ Quest/Lingua\ Quest.xcodeproj
    
    Using response file: /Users/siam/Library/Developer/Xcode/DerivedData/Lingua_Quest-gvpckrqxtbgyprbgppjfqmimmmfw/Build/Intermediates.noindex/Firebase.build/Debug-iphonesimulator/FirebaseAppCheck.build/Objects-normal/arm64/e6072d4f65d7061329687fe24e3d63a7-common-args.resp
    
    /Applications/Xcode.app/Contents/Developer/Toolchains/XcodeDefault.xctoolchain/usr/bin/clang -x objective-c -ivfsstatcache /Users/siam/Library/Developer/Xcode/DerivedData/SDKStatCaches.noindex/iphonesimulator26.0-23A339-26257891a6c027eb51374368541b8346.sdkstatcache -fmessage-length\=0 -fdiagnostics-show-note-include-stack -fmacro-backtrace-limit\=0 -fno-color-diagnostics -fmodules-prune-interval\=86400 -fmodules-prune-after\=345600 -fbuild-session-file\=/Users/siam/Library/Developer/Xcode/DerivedData/ModuleCache.noindex/Session.modulevalidation -fmodules-validate-once-per-build-session -Wnon-modular-include-in-framework-module -Werror\=non-modular-include-in-framework-module -Wno-trigraphs -Wno-missing-field-initializers -Wno-missing-prototypes -Wno-return-type -Wno-implicit-atomic-properties -Wno-objc-interface-ivars -Wno-arc-repeated-use-of-weak -Wno-missing-braces -Wparentheses -Wswitch -Wno-unused-function -Wno-unused-label -Wno-unused-parameter -Wno-unused-variable -Wunused-value -Wno-empty-body -Wno-uninitialized -Wno-unknown-pragmas -w -Wno-shadow -Wno-four-char-constants -Wno-conversion -Wno-constant-conversion -Wno-int-conversion -Wno-bool-conversion -Wno-enum-conversion -Wno-float-conversion -Wno-non-literal-null-conversion -Wno-objc-literal-conversion -Wshorten-64-to-32 -Wpointer-sign -Wno-newline-eof -Wno-selector -Wno-strict-selector-match -Wno-undeclared-selector -Wno-deprecated-implementations -Wno-implicit-fallthrough -fstrict-aliasing -Wprotocol -Wdeprecated-declarations -Wno-sign-conversion -Wno-infinite-recursion -Wno-comma -Wno-block-capture-autoreleasing -Wno-strict-prototypes -Wno-semicolon-before-method-body -index-store-path /Users/siam/Library/Developer/Xcode/DerivedData/Lingua_Quest-gvpckrqxtbgyprbgppjfqmimmmfw/Index.noindex/DataStore @/Users/siam/Library/Developer/Xcode/DerivedData/Lingua_Quest-gvpckrqxtbgyprbgppjfqmimmmfw/Build/Intermediates.noindex/Firebase.build/Debug-iphonesimulator/FirebaseAppCheck.build/Objects-normal/arm64/e6072d4f65d7061329687fe24e3d63a7-common-args.resp -MMD -MT dependencies -MF /Users/siam/Library/Developer/Xcode/DerivedData/Lingua_Quest-gvpckrqxtbgyprbgppjfqmimmmfw/Build/Intermediates.noindex/Firebase.build/Debug-iphonesimulator/FirebaseAppCheck.build/Objects-normal/arm64/FIRAppCheckToken.d --serialize-diagnostics /Users/siam/Library/Developer/Xcode/DerivedData/Lingua_Quest-gvpckrqxtbgyprbgppjfqmimmmfw/Build/Intermediates.noindex/Firebase.build/Debug-iphonesimulator/FirebaseAppCheck.build/Objects-normal/arm64/FIRAppCheckToken.dia -c /Users/siam/Library/Developer/Xcode/DerivedData/Lingua_Quest-gvpckrqxtbgyprbgppjfqmimmmfw/SourcePackages/checkouts/firebase-ios-sdk/FirebaseAppCheck/Sources/Core/FIRAppCheckToken.m -o /Users/siam/Library/Developer/Xcode/DerivedData/Lingua_Quest-gvpckrqxtbgyprbgppjfqmimmmfw/Build/Intermediates.noindex/Firebase.build/Debug-iphonesimulator/FirebaseAppCheck.build/Objects-normal/arm64/FIRAppCheckToken.o -index-unit-output-path /Firebase.build/Debug-iphonesimulator/FirebaseAppCheck.build/Objects-normal/arm64/FIRAppCheckToken.o

CompileC /Users/siam/Library/Developer/Xcode/DerivedData/Lingua_Quest-gvpckrqxtbgyprbgppjfqmimmmfw/Build/Intermediates.noindex/Firebase.build/Debug-iphonesimulator/FirebaseAppCheck.build/Objects-normal/arm64/FIRAppCheckSettings.o /Users/siam/Library/Developer/Xcode/DerivedData/Lingua_Quest-gvpckrqxtbgyprbgppjfqmimmmfw/SourcePackages/checkouts/firebase-ios-sdk/FirebaseAppCheck/Sources/Core/FIRAppCheckSettings.m normal arm64 objective-c com.apple.compilers.llvm.clang.1_0.compiler (in target 'FirebaseAppCheck' from project 'Firebase')
    cd /Users/siam/Desktop/Lingua\ Quest/Lingua\ Quest.xcodeproj
    
    Using response file: /Users/siam/Library/Developer/Xcode/DerivedData/Lingua_Quest-gvpckrqxtbgyprbgppjfqmimmmfw/Build/Intermediates.noindex/Firebase.build/Debug-iphonesimulator/FirebaseAppCheck.build/Objects-normal/arm64/e6072d4f65d7061329687fe24e3d63a7-common-args.resp
    
    /Applications/Xcode.app/Contents/Developer/Toolchains/XcodeDefault.xctoolchain/usr/bin/clang -x objective-c -ivfsstatcache /Users/siam/Library/Developer/Xcode/DerivedData/SDKStatCaches.noindex/iphonesimulator26.0-23A339-26257891a6c027eb51374368541b8346.sdkstatcache -fmessage-length\=0 -fdiagnostics-show-note-include-stack -fmacro-backtrace-limit\=0 -fno-color-diagnostics -fmodules-prune-interval\=86400 -fmodules-prune-after\=345600 -fbuild-session-file\=/Users/siam/Library/Developer/Xcode/DerivedData/ModuleCache.noindex/Session.modulevalidation -fmodules-validate-once-per-build-session -Wnon-modular-include-in-framework-module -Werror\=non-modular-include-in-framework-module -Wno-trigraphs -Wno-missing-field-initializers -Wno-missing-prototypes -Wno-return-type -Wno-implicit-atomic-properties -Wno-objc-interface-ivars -Wno-arc-repeated-use-of-weak -Wno-missing-braces -Wparentheses -Wswitch -Wno-unused-function -Wno-unused-label -Wno-unused-parameter -Wno-unused-variable -Wunused-value -Wno-empty-body -Wno-uninitialized -Wno-unknown-pragmas -w -Wno-shadow -Wno-four-char-constants -Wno-conversion -Wno-constant-conversion -Wno-int-conversion -Wno-bool-conversion -Wno-enum-conversion -Wno-float-conversion -Wno-non-literal-null-conversion -Wno-objc-literal-conversion -Wshorten-64-to-32 -Wpointer-sign -Wno-newline-eof -Wno-selector -Wno-strict-selector-match -Wno-undeclared-selector -Wno-deprecated-implementations -Wno-implicit-fallthrough -fstrict-aliasing -Wprotocol -Wdeprecated-declarations -Wno-sign-conversion -Wno-infinite-recursion -Wno-comma -Wno-block-capture-autoreleasing -Wno-strict-prototypes -Wno-semicolon-before-method-body -index-store-path /Users/siam/Library/Developer/Xcode/DerivedData/Lingua_Quest-gvpckrqxtbgyprbgppjfqmimmmfw/Index.noindex/DataStore @/Users/siam/Library/Developer/Xcode/DerivedData/Lingua_Quest-gvpckrqxtbgyprbgppjfqmimmmfw/Build/Intermediates.noindex/Firebase.build/Debug-iphonesimulator/FirebaseAppCheck.build/Objects-normal/arm64/e6072d4f65d7061329687fe24e3d63a7-common-args.resp -MMD -MT dependencies -MF /Users/siam/Library/Developer/Xcode/DerivedData/Lingua_Quest-gvpckrqxtbgyprbgppjfqmimmmfw/Build/Intermediates.noindex/Firebase.build/Debug-iphonesimulator/FirebaseAppCheck.build/Objects-normal/arm64/FIRAppCheckSettings.d --serialize-diagnostics /Users/siam/Library/Developer/Xcode/DerivedData/Lingua_Quest-gvpckrqxtbgyprbgppjfqmimmmfw/Build/Intermediates.noindex/Firebase.build/Debug-iphonesimulator/FirebaseAppCheck.build/Objects-normal/arm64/FIRAppCheckSettings.dia -c /Users/siam/Library/Developer/Xcode/DerivedData/Lingua_Quest-gvpckrqxtbgyprbgppjfqmimmmfw/SourcePackages/checkouts/firebase-ios-sdk/FirebaseAppCheck/Sources/Core/FIRAppCheckSettings.m -o /Users/siam/Library/Developer/Xcode/DerivedData/Lingua_Quest-gvpckrqxtbgyprbgppjfqmimmmfw/Build/Intermediates.noindex/Firebase.build/Debug-iphonesimulator/FirebaseAppCheck.build/Objects-normal/arm64/FIRAppCheckSettings.o -index-unit-output-path /Firebase.build/Debug-iphonesimulator/FirebaseAppCheck.build/Objects-normal/arm64/FIRAppCheckSettings.o

CreateUniversalBinary /Users/siam/Library/Developer/Xcode/DerivedData/Lingua_Quest-gvpckrqxtbgyprbgppjfqmimmmfw/Build/Products/Debug-iphonesimulator/AppCheckCore.o normal arm64\ x86_64 (in target 'AppCheckCore' from project 'AppCheck')
    cd /Users/siam/Library/Developer/Xcode/DerivedData/Lingua_Quest-gvpckrqxtbgyprbgppjfqmimmmfw/SourcePackages/checkouts/app-check
    /Applications/Xcode.app/Contents/Developer/Toolchains/XcodeDefault.xctoolchain/usr/bin/lipo -create /Users/siam/Library/Developer/Xcode/DerivedData/Lingua_Quest-gvpckrqxtbgyprbgppjfqmimmmfw/Build/Intermediates.noindex/AppCheck.build/Debug-iphonesimulator/AppCheckCore.build/Objects-normal/arm64/Binary/AppCheckCore.o /Users/siam/Library/Developer/Xcode/DerivedData/Lingua_Quest-gvpckrqxtbgyprbgppjfqmimmmfw/Build/Intermediates.noindex/AppCheck.build/Debug-iphonesimulator/AppCheckCore.build/Objects-normal/x86_64/Binary/AppCheckCore.o -output /Users/siam/Library/Developer/Xcode/DerivedData/Lingua_Quest-gvpckrqxtbgyprbgppjfqmimmmfw/Build/Products/Debug-iphonesimulator/AppCheckCore.o

CompileC /Users/siam/Library/Developer/Xcode/DerivedData/Lingua_Quest-gvpckrqxtbgyprbgppjfqmimmmfw/Build/Intermediates.noindex/Firebase.build/Debug-iphonesimulator/FirebaseAppCheck.build/Objects-normal/arm64/FIRAppCheckLogger.o /Users/siam/Library/Developer/Xcode/DerivedData/Lingua_Quest-gvpckrqxtbgyprbgppjfqmimmmfw/SourcePackages/checkouts/firebase-ios-sdk/FirebaseAppCheck/Sources/Core/FIRAppCheckLogger.m normal arm64 objective-c com.apple.compilers.llvm.clang.1_0.compiler (in target 'FirebaseAppCheck' from project 'Firebase')
    cd /Users/siam/Desktop/Lingua\ Quest/Lingua\ Quest.xcodeproj
    
    Using response file: /Users/siam/Library/Developer/Xcode/DerivedData/Lingua_Quest-gvpckrqxtbgyprbgppjfqmimmmfw/Build/Intermediates.noindex/Firebase.build/Debug-iphonesimulator/FirebaseAppCheck.build/Objects-normal/arm64/e6072d4f65d7061329687fe24e3d63a7-common-args.resp
    
    /Applications/Xcode.app/Contents/Developer/Toolchains/XcodeDefault.xctoolchain/usr/bin/clang -x objective-c -ivfsstatcache /Users/siam/Library/Developer/Xcode/DerivedData/SDKStatCaches.noindex/iphonesimulator26.0-23A339-26257891a6c027eb51374368541b8346.sdkstatcache -fmessage-length\=0 -fdiagnostics-show-note-include-stack -fmacro-backtrace-limit\=0 -fno-color-diagnostics -fmodules-prune-interval\=86400 -fmodules-prune-after\=345600 -fbuild-session-file\=/Users/siam/Library/Developer/Xcode/DerivedData/ModuleCache.noindex/Session.modulevalidation -fmodules-validate-once-per-build-session -Wnon-modular-include-in-framework-module -Werror\=non-modular-include-in-framework-module -Wno-trigraphs -Wno-missing-field-initializers -Wno-missing-prototypes -Wno-return-type -Wno-implicit-atomic-properties -Wno-objc-interface-ivars -Wno-arc-repeated-use-of-weak -Wno-missing-braces -Wparentheses -Wswitch -Wno-unused-function -Wno-unused-label -Wno-unused-parameter -Wno-unused-variable -Wunused-value -Wno-empty-body -Wno-uninitialized -Wno-unknown-pragmas -w -Wno-shadow -Wno-four-char-constants -Wno-conversion -Wno-constant-conversion -Wno-int-conversion -Wno-bool-conversion -Wno-enum-conversion -Wno-float-conversion -Wno-non-literal-null-conversion -Wno-objc-literal-conversion -Wshorten-64-to-32 -Wpointer-sign -Wno-newline-eof -Wno-selector -Wno-strict-selector-match -Wno-undeclared-selector -Wno-deprecated-implementations -Wno-implicit-fallthrough -fstrict-aliasing -Wprotocol -Wdeprecated-declarations -Wno-sign-conversion -Wno-infinite-recursion -Wno-comma -Wno-block-capture-autoreleasing -Wno-strict-prototypes -Wno-semicolon-before-method-body -index-store-path /Users/siam/Library/Developer/Xcode/DerivedData/Lingua_Quest-gvpckrqxtbgyprbgppjfqmimmmfw/Index.noindex/DataStore @/Users/siam/Library/Developer/Xcode/DerivedData/Lingua_Quest-gvpckrqxtbgyprbgppjfqmimmmfw/Build/Intermediates.noindex/Firebase.build/Debug-iphonesimulator/FirebaseAppCheck.build/Objects-normal/arm64/e6072d4f65d7061329687fe24e3d63a7-common-args.resp -MMD -MT dependencies -MF /Users/siam/Library/Developer/Xcode/DerivedData/Lingua_Quest-gvpckrqxtbgyprbgppjfqmimmmfw/Build/Intermediates.noindex/Firebase.build/Debug-iphonesimulator/FirebaseAppCheck.build/Objects-normal/arm64/FIRAppCheckLogger.d --serialize-diagnostics /Users/siam/Library/Developer/Xcode/DerivedData/Lingua_Quest-gvpckrqxtbgyprbgppjfqmimmmfw/Build/Intermediates.noindex/Firebase.build/Debug-iphonesimulator/FirebaseAppCheck.build/Objects-normal/arm64/FIRAppCheckLogger.dia -c /Users/siam/Library/Developer/Xcode/DerivedData/Lingua_Quest-gvpckrqxtbgyprbgppjfqmimmmfw/SourcePackages/checkouts/firebase-ios-sdk/FirebaseAppCheck/Sources/Core/FIRAppCheckLogger.m -o /Users/siam/Library/Developer/Xcode/DerivedData/Lingua_Quest-gvpckrqxtbgyprbgppjfqmimmmfw/Build/Intermediates.noindex/Firebase.build/Debug-iphonesimulator/FirebaseAppCheck.build/Objects-normal/arm64/FIRAppCheckLogger.o -index-unit-output-path /Firebase.build/Debug-iphonesimulator/FirebaseAppCheck.build/Objects-normal/arm64/FIRAppCheckLogger.o

CompileC /Users/siam/Library/Developer/Xcode/DerivedData/Lingua_Quest-gvpckrqxtbgyprbgppjfqmimmmfw/Build/Intermediates.noindex/Firebase.build/Debug-iphonesimulator/FirebaseAppCheck.build/Objects-normal/arm64/FIRAppCheckErrorUtil.o /Users/siam/Library/Developer/Xcode/DerivedData/Lingua_Quest-gvpckrqxtbgyprbgppjfqmimmmfw/SourcePackages/checkouts/firebase-ios-sdk/FirebaseAppCheck/Sources/Core/Errors/FIRAppCheckErrorUtil.m normal arm64 objective-c com.apple.compilers.llvm.clang.1_0.compiler (in target 'FirebaseAppCheck' from project 'Firebase')
    cd /Users/siam/Desktop/Lingua\ Quest/Lingua\ Quest.xcodeproj
    
    Using response file: /Users/siam/Library/Developer/Xcode/DerivedData/Lingua_Quest-gvpckrqxtbgyprbgppjfqmimmmfw/Build/Intermediates.noindex/Firebase.build/Debug-iphonesimulator/FirebaseAppCheck.build/Objects-normal/arm64/e6072d4f65d7061329687fe24e3d63a7-common-args.resp
    
    /Applications/Xcode.app/Contents/Developer/Toolchains/XcodeDefault.xctoolchain/usr/bin/clang -x objective-c -ivfsstatcache /Users/siam/Library/Developer/Xcode/DerivedData/SDKStatCaches.noindex/iphonesimulator26.0-23A339-26257891a6c027eb51374368541b8346.sdkstatcache -fmessage-length\=0 -fdiagnostics-show-note-include-stack -fmacro-backtrace-limit\=0 -fno-color-diagnostics -fmodules-prune-interval\=86400 -fmodules-prune-after\=345600 -fbuild-session-file\=/Users/siam/Library/Developer/Xcode/DerivedData/ModuleCache.noindex/Session.modulevalidation -fmodules-validate-once-per-build-session -Wnon-modular-include-in-framework-module -Werror\=non-modular-include-in-framework-module -Wno-trigraphs -Wno-missing-field-initializers -Wno-missing-prototypes -Wno-return-type -Wno-implicit-atomic-properties -Wno-objc-interface-ivars -Wno-arc-repeated-use-of-weak -Wno-missing-braces -Wparentheses -Wswitch -Wno-unused-function -Wno-unused-label -Wno-unused-parameter -Wno-unused-variable -Wunused-value -Wno-empty-body -Wno-uninitialized -Wno-unknown-pragmas -w -Wno-shadow -Wno-four-char-constants -Wno-conversion -Wno-constant-conversion -Wno-int-conversion -Wno-bool-conversion -Wno-enum-conversion -Wno-float-conversion -Wno-non-literal-null-conversion -Wno-objc-literal-conversion -Wshorten-64-to-32 -Wpointer-sign -Wno-newline-eof -Wno-selector -Wno-strict-selector-match -Wno-undeclared-selector -Wno-deprecated-implementations -Wno-implicit-fallthrough -fstrict-aliasing -Wprotocol -Wdeprecated-declarations -Wno-sign-conversion -Wno-infinite-recursion -Wno-comma -Wno-block-capture-autoreleasing -Wno-strict-prototypes -Wno-semicolon-before-method-body -index-store-path /Users/siam/Library/Developer/Xcode/DerivedData/Lingua_Quest-gvpckrqxtbgyprbgppjfqmimmmfw/Index.noindex/DataStore @/Users/siam/Library/Developer/Xcode/DerivedData/Lingua_Quest-gvpckrqxtbgyprbgppjfqmimmmfw/Build/Intermediates.noindex/Firebase.build/Debug-iphonesimulator/FirebaseAppCheck.build/Objects-normal/arm64/e6072d4f65d7061329687fe24e3d63a7-common-args.resp -MMD -MT dependencies -MF /Users/siam/Library/Developer/Xcode/DerivedData/Lingua_Quest-gvpckrqxtbgyprbgppjfqmimmmfw/Build/Intermediates.noindex/Firebase.build/Debug-iphonesimulator/FirebaseAppCheck.build/Objects-normal/arm64/FIRAppCheckErrorUtil.d --serialize-diagnostics /Users/siam/Library/Developer/Xcode/DerivedData/Lingua_Quest-gvpckrqxtbgyprbgppjfqmimmmfw/Build/Intermediates.noindex/Firebase.build/Debug-iphonesimulator/FirebaseAppCheck.build/Objects-normal/arm64/FIRAppCheckErrorUtil.dia -c /Users/siam/Library/Developer/Xcode/DerivedData/Lingua_Quest-gvpckrqxtbgyprbgppjfqmimmmfw/SourcePackages/checkouts/firebase-ios-sdk/FirebaseAppCheck/Sources/Core/Errors/FIRAppCheckErrorUtil.m -o /Users/siam/Library/Developer/Xcode/DerivedData/Lingua_Quest-gvpckrqxtbgyprbgppjfqmimmmfw/Build/Intermediates.noindex/Firebase.build/Debug-iphonesimulator/FirebaseAppCheck.build/Objects-normal/arm64/FIRAppCheckErrorUtil.o -index-unit-output-path /Firebase.build/Debug-iphonesimulator/FirebaseAppCheck.build/Objects-normal/arm64/FIRAppCheckErrorUtil.o

CompileC /Users/siam/Library/Developer/Xcode/DerivedData/Lingua_Quest-gvpckrqxtbgyprbgppjfqmimmmfw/Build/Intermediates.noindex/Firebase.build/Debug-iphonesimulator/FirebaseAppCheck.build/Objects-normal/arm64/FIRAppCheckDebugProviderFactory.o /Users/siam/Library/Developer/Xcode/DerivedData/Lingua_Quest-gvpckrqxtbgyprbgppjfqmimmmfw/SourcePackages/checkouts/firebase-ios-sdk/FirebaseAppCheck/Sources/DebugProvider/FIRAppCheckDebugProviderFactory.m normal arm64 objective-c com.apple.compilers.llvm.clang.1_0.compiler (in target 'FirebaseAppCheck' from project 'Firebase')
    cd /Users/siam/Desktop/Lingua\ Quest/Lingua\ Quest.xcodeproj
    
    Using response file: /Users/siam/Library/Developer/Xcode/DerivedData/Lingua_Quest-gvpckrqxtbgyprbgppjfqmimmmfw/Build/Intermediates.noindex/Firebase.build/Debug-iphonesimulator/FirebaseAppCheck.build/Objects-normal/arm64/e6072d4f65d7061329687fe24e3d63a7-common-args.resp
    
    /Applications/Xcode.app/Contents/Developer/Toolchains/XcodeDefault.xctoolchain/usr/bin/clang -x objective-c -ivfsstatcache /Users/siam/Library/Developer/Xcode/DerivedData/SDKStatCaches.noindex/iphonesimulator26.0-23A339-26257891a6c027eb51374368541b8346.sdkstatcache -fmessage-length\=0 -fdiagnostics-show-note-include-stack -fmacro-backtrace-limit\=0 -fno-color-diagnostics -fmodules-prune-interval\=86400 -fmodules-prune-after\=345600 -fbuild-session-file\=/Users/siam/Library/Developer/Xcode/DerivedData/ModuleCache.noindex/Session.modulevalidation -fmodules-validate-once-per-build-session -Wnon-modular-include-in-framework-module -Werror\=non-modular-include-in-framework-module -Wno-trigraphs -Wno-missing-field-initializers -Wno-missing-prototypes -Wno-return-type -Wno-implicit-atomic-properties -Wno-objc-interface-ivars -Wno-arc-repeated-use-of-weak -Wno-missing-braces -Wparentheses -Wswitch -Wno-unused-function -Wno-unused-label -Wno-unused-parameter -Wno-unused-variable -Wunused-value -Wno-empty-body -Wno-uninitialized -Wno-unknown-pragmas -w -Wno-shadow -Wno-four-char-constants -Wno-conversion -Wno-constant-conversion -Wno-int-conversion -Wno-bool-conversion -Wno-enum-conversion -Wno-float-conversion -Wno-non-literal-null-conversion -Wno-objc-literal-conversion -Wshorten-64-to-32 -Wpointer-sign -Wno-newline-eof -Wno-selector -Wno-strict-selector-match -Wno-undeclared-selector -Wno-deprecated-implementations -Wno-implicit-fallthrough -fstrict-aliasing -Wprotocol -Wdeprecated-declarations -Wno-sign-conversion -Wno-infinite-recursion -Wno-comma -Wno-block-capture-autoreleasing -Wno-strict-prototypes -Wno-semicolon-before-method-body -index-store-path /Users/siam/Library/Developer/Xcode/DerivedData/Lingua_Quest-gvpckrqxtbgyprbgppjfqmimmmfw/Index.noindex/DataStore @/Users/siam/Library/Developer/Xcode/DerivedData/Lingua_Quest-gvpckrqxtbgyprbgppjfqmimmmfw/Build/Intermediates.noindex/Firebase.build/Debug-iphonesimulator/FirebaseAppCheck.build/Objects-normal/arm64/e6072d4f65d7061329687fe24e3d63a7-common-args.resp -MMD -MT dependencies -MF /Users/siam/Library/Developer/Xcode/DerivedData/Lingua_Quest-gvpckrqxtbgyprbgppjfqmimmmfw/Build/Intermediates.noindex/Firebase.build/Debug-iphonesimulator/FirebaseAppCheck.build/Objects-normal/arm64/FIRAppCheckDebugProviderFactory.d --serialize-diagnostics /Users/siam/Library/Developer/Xcode/DerivedData/Lingua_Quest-gvpckrqxtbgyprbgppjfqmimmmfw/Build/Intermediates.noindex/Firebase.build/Debug-iphonesimulator/FirebaseAppCheck.build/Objects-normal/arm64/FIRAppCheckDebugProviderFactory.dia -c /Users/siam/Library/Developer/Xcode/DerivedData/Lingua_Quest-gvpckrqxtbgyprbgppjfqmimmmfw/SourcePackages/checkouts/firebase-ios-sdk/FirebaseAppCheck/Sources/DebugProvider/FIRAppCheckDebugProviderFactory.m -o /Users/siam/Library/Developer/Xcode/DerivedData/Lingua_Quest-gvpckrqxtbgyprbgppjfqmimmmfw/Build/Intermediates.noindex/Firebase.build/Debug-iphonesimulator/FirebaseAppCheck.build/Objects-normal/arm64/FIRAppCheckDebugProviderFactory.o -index-unit-output-path /Firebase.build/Debug-iphonesimulator/FirebaseAppCheck.build/Objects-normal/arm64/FIRAppCheckDebugProviderFactory.o

CompileC /Users/siam/Library/Developer/Xcode/DerivedData/Lingua_Quest-gvpckrqxtbgyprbgppjfqmimmmfw/Build/Intermediates.noindex/Firebase.build/Debug-iphonesimulator/FirebaseAppCheck.build/Objects-normal/arm64/FIRAppCheckDebugProvider.o /Users/siam/Library/Developer/Xcode/DerivedData/Lingua_Quest-gvpckrqxtbgyprbgppjfqmimmmfw/SourcePackages/checkouts/firebase-ios-sdk/FirebaseAppCheck/Sources/DebugProvider/FIRAppCheckDebugProvider.m normal arm64 objective-c com.apple.compilers.llvm.clang.1_0.compiler (in target 'FirebaseAppCheck' from project 'Firebase')
    cd /Users/siam/Desktop/Lingua\ Quest/Lingua\ Quest.xcodeproj
    
    Using response file: /Users/siam/Library/Developer/Xcode/DerivedData/Lingua_Quest-gvpckrqxtbgyprbgppjfqmimmmfw/Build/Intermediates.noindex/Firebase.build/Debug-iphonesimulator/FirebaseAppCheck.build/Objects-normal/arm64/e6072d4f65d7061329687fe24e3d63a7-common-args.resp
    
    /Applications/Xcode.app/Contents/Developer/Toolchains/XcodeDefault.xctoolchain/usr/bin/clang -x objective-c -ivfsstatcache /Users/siam/Library/Developer/Xcode/DerivedData/SDKStatCaches.noindex/iphonesimulator26.0-23A339-26257891a6c027eb51374368541b8346.sdkstatcache -fmessage-length\=0 -fdiagnostics-show-note-include-stack -fmacro-backtrace-limit\=0 -fno-color-diagnostics -fmodules-prune-interval\=86400 -fmodules-prune-after\=345600 -fbuild-session-file\=/Users/siam/Library/Developer/Xcode/DerivedData/ModuleCache.noindex/Session.modulevalidation -fmodules-validate-once-per-build-session -Wnon-modular-include-in-framework-module -Werror\=non-modular-include-in-framework-module -Wno-trigraphs -Wno-missing-field-initializers -Wno-missing-prototypes -Wno-return-type -Wno-implicit-atomic-properties -Wno-objc-interface-ivars -Wno-arc-repeated-use-of-weak -Wno-missing-braces -Wparentheses -Wswitch -Wno-unused-function -Wno-unused-label -Wno-unused-parameter -Wno-unused-variable -Wunused-value -Wno-empty-body -Wno-uninitialized -Wno-unknown-pragmas -w -Wno-shadow -Wno-four-char-constants -Wno-conversion -Wno-constant-conversion -Wno-int-conversion -Wno-bool-conversion -Wno-enum-conversion -Wno-float-conversion -Wno-non-literal-null-conversion -Wno-objc-literal-conversion -Wshorten-64-to-32 -Wpointer-sign -Wno-newline-eof -Wno-selector -Wno-strict-selector-match -Wno-undeclared-selector -Wno-deprecated-implementations -Wno-implicit-fallthrough -fstrict-aliasing -Wprotocol -Wdeprecated-declarations -Wno-sign-conversion -Wno-infinite-recursion -Wno-comma -Wno-block-capture-autoreleasing -Wno-strict-prototypes -Wno-semicolon-before-method-body -index-store-path /Users/siam/Library/Developer/Xcode/DerivedData/Lingua_Quest-gvpckrqxtbgyprbgppjfqmimmmfw/Index.noindex/DataStore @/Users/siam/Library/Developer/Xcode/DerivedData/Lingua_Quest-gvpckrqxtbgyprbgppjfqmimmmfw/Build/Intermediates.noindex/Firebase.build/Debug-iphonesimulator/FirebaseAppCheck.build/Objects-normal/arm64/e6072d4f65d7061329687fe24e3d63a7-common-args.resp -MMD -MT dependencies -MF /Users/siam/Library/Developer/Xcode/DerivedData/Lingua_Quest-gvpckrqxtbgyprbgppjfqmimmmfw/Build/Intermediates.noindex/Firebase.build/Debug-iphonesimulator/FirebaseAppCheck.build/Objects-normal/arm64/FIRAppCheckDebugProvider.d --serialize-diagnostics /Users/siam/Library/Developer/Xcode/DerivedData/Lingua_Quest-gvpckrqxtbgyprbgppjfqmimmmfw/Build/Intermediates.noindex/Firebase.build/Debug-iphonesimulator/FirebaseAppCheck.build/Objects-normal/arm64/FIRAppCheckDebugProvider.dia -c /Users/siam/Library/Developer/Xcode/DerivedData/Lingua_Quest-gvpckrqxtbgyprbgppjfqmimmmfw/SourcePackages/checkouts/firebase-ios-sdk/FirebaseAppCheck/Sources/DebugProvider/FIRAppCheckDebugProvider.m -o /Users/siam/Library/Developer/Xcode/DerivedData/Lingua_Quest-gvpckrqxtbgyprbgppjfqmimmmfw/Build/Intermediates.noindex/Firebase.build/Debug-iphonesimulator/FirebaseAppCheck.build/Objects-normal/arm64/FIRAppCheckDebugProvider.o -index-unit-output-path /Firebase.build/Debug-iphonesimulator/FirebaseAppCheck.build/Objects-normal/arm64/FIRAppCheckDebugProvider.o

CompileC /Users/siam/Library/Developer/Xcode/DerivedData/Lingua_Quest-gvpckrqxtbgyprbgppjfqmimmmfw/Build/Intermediates.noindex/Firebase.build/Debug-iphonesimulator/FirebaseAppCheck.build/Objects-normal/arm64/FIRAppCheckComponent.o /Users/siam/Library/Developer/Xcode/DerivedData/Lingua_Quest-gvpckrqxtbgyprbgppjfqmimmmfw/SourcePackages/checkouts/firebase-ios-sdk/FirebaseAppCheck/Sources/Core/FIRAppCheckComponent.m normal arm64 objective-c com.apple.compilers.llvm.clang.1_0.compiler (in target 'FirebaseAppCheck' from project 'Firebase')
    cd /Users/siam/Desktop/Lingua\ Quest/Lingua\ Quest.xcodeproj
    
    Using response file: /Users/siam/Library/Developer/Xcode/DerivedData/Lingua_Quest-gvpckrqxtbgyprbgppjfqmimmmfw/Build/Intermediates.noindex/Firebase.build/Debug-iphonesimulator/FirebaseAppCheck.build/Objects-normal/arm64/e6072d4f65d7061329687fe24e3d63a7-common-args.resp
    
    /Applications/Xcode.app/Contents/Developer/Toolchains/XcodeDefault.xctoolchain/usr/bin/clang -x objective-c -ivfsstatcache /Users/siam/Library/Developer/Xcode/DerivedData/SDKStatCaches.noindex/iphonesimulator26.0-23A339-26257891a6c027eb51374368541b8346.sdkstatcache -fmessage-length\=0 -fdiagnostics-show-note-include-stack -fmacro-backtrace-limit\=0 -fno-color-diagnostics -fmodules-prune-interval\=86400 -fmodules-prune-after\=345600 -fbuild-session-file\=/Users/siam/Library/Developer/Xcode/DerivedData/ModuleCache.noindex/Session.modulevalidation -fmodules-validate-once-per-build-session -Wnon-modular-include-in-framework-module -Werror\=non-modular-include-in-framework-module -Wno-trigraphs -Wno-missing-field-initializers -Wno-missing-prototypes -Wno-return-type -Wno-implicit-atomic-properties -Wno-objc-interface-ivars -Wno-arc-repeated-use-of-weak -Wno-missing-braces -Wparentheses -Wswitch -Wno-unused-function -Wno-unused-label -Wno-unused-parameter -Wno-unused-variable -Wunused-value -Wno-empty-body -Wno-uninitialized -Wno-unknown-pragmas -w -Wno-shadow -Wno-four-char-constants -Wno-conversion -Wno-constant-conversion -Wno-int-conversion -Wno-bool-conversion -Wno-enum-conversion -Wno-float-conversion -Wno-non-literal-null-conversion -Wno-objc-literal-conversion -Wshorten-64-to-32 -Wpointer-sign -Wno-newline-eof -Wno-selector -Wno-strict-selector-match -Wno-undeclared-selector -Wno-deprecated-implementations -Wno-implicit-fallthrough -fstrict-aliasing -Wprotocol -Wdeprecated-declarations -Wno-sign-conversion -Wno-infinite-recursion -Wno-comma -Wno-block-capture-autoreleasing -Wno-strict-prototypes -Wno-semicolon-before-method-body -index-store-path /Users/siam/Library/Developer/Xcode/DerivedData/Lingua_Quest-gvpckrqxtbgyprbgppjfqmimmmfw/Index.noindex/DataStore @/Users/siam/Library/Developer/Xcode/DerivedData/Lingua_Quest-gvpckrqxtbgyprbgppjfqmimmmfw/Build/Intermediates.noindex/Firebase.build/Debug-iphonesimulator/FirebaseAppCheck.build/Objects-normal/arm64/e6072d4f65d7061329687fe24e3d63a7-common-args.resp -MMD -MT dependencies -MF /Users/siam/Library/Developer/Xcode/DerivedData/Lingua_Quest-gvpckrqxtbgyprbgppjfqmimmmfw/Build/Intermediates.noindex/Firebase.build/Debug-iphonesimulator/FirebaseAppCheck.build/Objects-normal/arm64/FIRAppCheckComponent.d --serialize-diagnostics /Users/siam/Library/Developer/Xcode/DerivedData/Lingua_Quest-gvpckrqxtbgyprbgppjfqmimmmfw/Build/Intermediates.noindex/Firebase.build/Debug-iphonesimulator/FirebaseAppCheck.build/Objects-normal/arm64/FIRAppCheckComponent.dia -c /Users/siam/Library/Developer/Xcode/DerivedData/Lingua_Quest-gvpckrqxtbgyprbgppjfqmimmmfw/SourcePackages/checkouts/firebase-ios-sdk/FirebaseAppCheck/Sources/Core/FIRAppCheckComponent.m -o /Users/siam/Library/Developer/Xcode/DerivedData/Lingua_Quest-gvpckrqxtbgyprbgppjfqmimmmfw/Build/Intermediates.noindex/Firebase.build/Debug-iphonesimulator/FirebaseAppCheck.build/Objects-normal/arm64/FIRAppCheckComponent.o -index-unit-output-path /Firebase.build/Debug-iphonesimulator/FirebaseAppCheck.build/Objects-normal/arm64/FIRAppCheckComponent.o

CompileC /Users/siam/Library/Developer/Xcode/DerivedData/Lingua_Quest-gvpckrqxtbgyprbgppjfqmimmmfw/Build/Intermediates.noindex/Firebase.build/Debug-iphonesimulator/FirebaseAppCheck.build/Objects-normal/arm64/FIRAppCheck.o /Users/siam/Library/Developer/Xcode/DerivedData/Lingua_Quest-gvpckrqxtbgyprbgppjfqmimmmfw/SourcePackages/checkouts/firebase-ios-sdk/FirebaseAppCheck/Sources/Core/FIRAppCheck.m normal arm64 objective-c com.apple.compilers.llvm.clang.1_0.compiler (in target 'FirebaseAppCheck' from project 'Firebase')
    cd /Users/siam/Desktop/Lingua\ Quest/Lingua\ Quest.xcodeproj
    
    Using response file: /Users/siam/Library/Developer/Xcode/DerivedData/Lingua_Quest-gvpckrqxtbgyprbgppjfqmimmmfw/Build/Intermediates.noindex/Firebase.build/Debug-iphonesimulator/FirebaseAppCheck.build/Objects-normal/arm64/e6072d4f65d7061329687fe24e3d63a7-common-args.resp
    
    /Applications/Xcode.app/Contents/Developer/Toolchains/XcodeDefault.xctoolchain/usr/bin/clang -x objective-c -ivfsstatcache /Users/siam/Library/Developer/Xcode/DerivedData/SDKStatCaches.noindex/iphonesimulator26.0-23A339-26257891a6c027eb51374368541b8346.sdkstatcache -fmessage-length\=0 -fdiagnostics-show-note-include-stack -fmacro-backtrace-limit\=0 -fno-color-diagnostics -fmodules-prune-interval\=86400 -fmodules-prune-after\=345600 -fbuild-session-file\=/Users/siam/Library/Developer/Xcode/DerivedData/ModuleCache.noindex/Session.modulevalidation -fmodules-validate-once-per-build-session -Wnon-modular-include-in-framework-module -Werror\=non-modular-include-in-framework-module -Wno-trigraphs -Wno-missing-field-initializers -Wno-missing-prototypes -Wno-return-type -Wno-implicit-atomic-properties -Wno-objc-interface-ivars -Wno-arc-repeated-use-of-weak -Wno-missing-braces -Wparentheses -Wswitch -Wno-unused-function -Wno-unused-label -Wno-unused-parameter -Wno-unused-variable -Wunused-value -Wno-empty-body -Wno-uninitialized -Wno-unknown-pragmas -w -Wno-shadow -Wno-four-char-constants -Wno-conversion -Wno-constant-conversion -Wno-int-conversion -Wno-bool-conversion -Wno-enum-conversion -Wno-float-conversion -Wno-non-literal-null-conversion -Wno-objc-literal-conversion -Wshorten-64-to-32 -Wpointer-sign -Wno-newline-eof -Wno-selector -Wno-strict-selector-match -Wno-undeclared-selector -Wno-deprecated-implementations -Wno-implicit-fallthrough -fstrict-aliasing -Wprotocol -Wdeprecated-declarations -Wno-sign-conversion -Wno-infinite-recursion -Wno-comma -Wno-block-capture-autoreleasing -Wno-strict-prototypes -Wno-semicolon-before-method-body -index-store-path /Users/siam/Library/Developer/Xcode/DerivedData/Lingua_Quest-gvpckrqxtbgyprbgppjfqmimmmfw/Index.noindex/DataStore @/Users/siam/Library/Developer/Xcode/DerivedData/Lingua_Quest-gvpckrqxtbgyprbgppjfqmimmmfw/Build/Intermediates.noindex/Firebase.build/Debug-iphonesimulator/FirebaseAppCheck.build/Objects-normal/arm64/e6072d4f65d7061329687fe24e3d63a7-common-args.resp -MMD -MT dependencies -MF /Users/siam/Library/Developer/Xcode/DerivedData/Lingua_Quest-gvpckrqxtbgyprbgppjfqmimmmfw/Build/Intermediates.noindex/Firebase.build/Debug-iphonesimulator/FirebaseAppCheck.build/Objects-normal/arm64/FIRAppCheck.d --serialize-diagnostics /Users/siam/Library/Developer/Xcode/DerivedData/Lingua_Quest-gvpckrqxtbgyprbgppjfqmimmmfw/Build/Intermediates.noindex/Firebase.build/Debug-iphonesimulator/FirebaseAppCheck.build/Objects-normal/arm64/FIRAppCheck.dia -c /Users/siam/Library/Developer/Xcode/DerivedData/Lingua_Quest-gvpckrqxtbgyprbgppjfqmimmmfw/SourcePackages/checkouts/firebase-ios-sdk/FirebaseAppCheck/Sources/Core/FIRAppCheck.m -o /Users/siam/Library/Developer/Xcode/DerivedData/Lingua_Quest-gvpckrqxtbgyprbgppjfqmimmmfw/Build/Intermediates.noindex/Firebase.build/Debug-iphonesimulator/FirebaseAppCheck.build/Objects-normal/arm64/FIRAppCheck.o -index-unit-output-path /Firebase.build/Debug-iphonesimulator/FirebaseAppCheck.build/Objects-normal/arm64/FIRAppCheck.o

CompileC /Users/siam/Library/Developer/Xcode/DerivedData/Lingua_Quest-gvpckrqxtbgyprbgppjfqmimmmfw/Build/Intermediates.noindex/Firebase.build/Debug-iphonesimulator/FirebaseAppCheck.build/Objects-normal/arm64/FIRAppAttestProviderFactory.o /Users/siam/Library/Developer/Xcode/DerivedData/Lingua_Quest-gvpckrqxtbgyprbgppjfqmimmmfw/SourcePackages/checkouts/firebase-ios-sdk/FirebaseAppCheck/Sources/AppAttestProvider/FIRAppAttestProviderFactory.m normal arm64 objective-c com.apple.compilers.llvm.clang.1_0.compiler (in target 'FirebaseAppCheck' from project 'Firebase')
    cd /Users/siam/Desktop/Lingua\ Quest/Lingua\ Quest.xcodeproj
    
    Using response file: /Users/siam/Library/Developer/Xcode/DerivedData/Lingua_Quest-gvpckrqxtbgyprbgppjfqmimmmfw/Build/Intermediates.noindex/Firebase.build/Debug-iphonesimulator/FirebaseAppCheck.build/Objects-normal/arm64/e6072d4f65d7061329687fe24e3d63a7-common-args.resp
    
    /Applications/Xcode.app/Contents/Developer/Toolchains/XcodeDefault.xctoolchain/usr/bin/clang -x objective-c -ivfsstatcache /Users/siam/Library/Developer/Xcode/DerivedData/SDKStatCaches.noindex/iphonesimulator26.0-23A339-26257891a6c027eb51374368541b8346.sdkstatcache -fmessage-length\=0 -fdiagnostics-show-note-include-stack -fmacro-backtrace-limit\=0 -fno-color-diagnostics -fmodules-prune-interval\=86400 -fmodules-prune-after\=345600 -fbuild-session-file\=/Users/siam/Library/Developer/Xcode/DerivedData/ModuleCache.noindex/Session.modulevalidation -fmodules-validate-once-per-build-session -Wnon-modular-include-in-framework-module -Werror\=non-modular-include-in-framework-module -Wno-trigraphs -Wno-missing-field-initializers -Wno-missing-prototypes -Wno-return-type -Wno-implicit-atomic-properties -Wno-objc-interface-ivars -Wno-arc-repeated-use-of-weak -Wno-missing-braces -Wparentheses -Wswitch -Wno-unused-function -Wno-unused-label -Wno-unused-parameter -Wno-unused-variable -Wunused-value -Wno-empty-body -Wno-uninitialized -Wno-unknown-pragmas -w -Wno-shadow -Wno-four-char-constants -Wno-conversion -Wno-constant-conversion -Wno-int-conversion -Wno-bool-conversion -Wno-enum-conversion -Wno-float-conversion -Wno-non-literal-null-conversion -Wno-objc-literal-conversion -Wshorten-64-to-32 -Wpointer-sign -Wno-newline-eof -Wno-selector -Wno-strict-selector-match -Wno-undeclared-selector -Wno-deprecated-implementations -Wno-implicit-fallthrough -fstrict-aliasing -Wprotocol -Wdeprecated-declarations -Wno-sign-conversion -Wno-infinite-recursion -Wno-comma -Wno-block-capture-autoreleasing -Wno-strict-prototypes -Wno-semicolon-before-method-body -index-store-path /Users/siam/Library/Developer/Xcode/DerivedData/Lingua_Quest-gvpckrqxtbgyprbgppjfqmimmmfw/Index.noindex/DataStore @/Users/siam/Library/Developer/Xcode/DerivedData/Lingua_Quest-gvpckrqxtbgyprbgppjfqmimmmfw/Build/Intermediates.noindex/Firebase.build/Debug-iphonesimulator/FirebaseAppCheck.build/Objects-normal/arm64/e6072d4f65d7061329687fe24e3d63a7-common-args.resp -MMD -MT dependencies -MF /Users/siam/Library/Developer/Xcode/DerivedData/Lingua_Quest-gvpckrqxtbgyprbgppjfqmimmmfw/Build/Intermediates.noindex/Firebase.build/Debug-iphonesimulator/FirebaseAppCheck.build/Objects-normal/arm64/FIRAppAttestProviderFactory.d --serialize-diagnostics /Users/siam/Library/Developer/Xcode/DerivedData/Lingua_Quest-gvpckrqxtbgyprbgppjfqmimmmfw/Build/Intermediates.noindex/Firebase.build/Debug-iphonesimulator/FirebaseAppCheck.build/Objects-normal/arm64/FIRAppAttestProviderFactory.dia -c /Users/siam/Library/Developer/Xcode/DerivedData/Lingua_Quest-gvpckrqxtbgyprbgppjfqmimmmfw/SourcePackages/checkouts/firebase-ios-sdk/FirebaseAppCheck/Sources/AppAttestProvider/FIRAppAttestProviderFactory.m -o /Users/siam/Library/Developer/Xcode/DerivedData/Lingua_Quest-gvpckrqxtbgyprbgppjfqmimmmfw/Build/Intermediates.noindex/Firebase.build/Debug-iphonesimulator/FirebaseAppCheck.build/Objects-normal/arm64/FIRAppAttestProviderFactory.o -index-unit-output-path /Firebase.build/Debug-iphonesimulator/FirebaseAppCheck.build/Objects-normal/arm64/FIRAppAttestProviderFactory.o

CompileC /Users/siam/Library/Developer/Xcode/DerivedData/Lingua_Quest-gvpckrqxtbgyprbgppjfqmimmmfw/Build/Intermediates.noindex/Firebase.build/Debug-iphonesimulator/FirebaseAppCheck.build/Objects-normal/arm64/FIRAppAttestProvider.o /Users/siam/Library/Developer/Xcode/DerivedData/Lingua_Quest-gvpckrqxtbgyprbgppjfqmimmmfw/SourcePackages/checkouts/firebase-ios-sdk/FirebaseAppCheck/Sources/AppAttestProvider/FIRAppAttestProvider.m normal arm64 objective-c com.apple.compilers.llvm.clang.1_0.compiler (in target 'FirebaseAppCheck' from project 'Firebase')
    cd /Users/siam/Desktop/Lingua\ Quest/Lingua\ Quest.xcodeproj
    
    Using response file: /Users/siam/Library/Developer/Xcode/DerivedData/Lingua_Quest-gvpckrqxtbgyprbgppjfqmimmmfw/Build/Intermediates.noindex/Firebase.build/Debug-iphonesimulator/FirebaseAppCheck.build/Objects-normal/arm64/e6072d4f65d7061329687fe24e3d63a7-common-args.resp
    
    /Applications/Xcode.app/Contents/Developer/Toolchains/XcodeDefault.xctoolchain/usr/bin/clang -x objective-c -ivfsstatcache /Users/siam/Library/Developer/Xcode/DerivedData/SDKStatCaches.noindex/iphonesimulator26.0-23A339-26257891a6c027eb51374368541b8346.sdkstatcache -fmessage-length\=0 -fdiagnostics-show-note-include-stack -fmacro-backtrace-limit\=0 -fno-color-diagnostics -fmodules-prune-interval\=86400 -fmodules-prune-after\=345600 -fbuild-session-file\=/Users/siam/Library/Developer/Xcode/DerivedData/ModuleCache.noindex/Session.modulevalidation -fmodules-validate-once-per-build-session -Wnon-modular-include-in-framework-module -Werror\=non-modular-include-in-framework-module -Wno-trigraphs -Wno-missing-field-initializers -Wno-missing-prototypes -Wno-return-type -Wno-implicit-atomic-properties -Wno-objc-interface-ivars -Wno-arc-repeated-use-of-weak -Wno-missing-braces -Wparentheses -Wswitch -Wno-unused-function -Wno-unused-label -Wno-unused-parameter -Wno-unused-variable -Wunused-value -Wno-empty-body -Wno-uninitialized -Wno-unknown-pragmas -w -Wno-shadow -Wno-four-char-constants -Wno-conversion -Wno-constant-conversion -Wno-int-conversion -Wno-bool-conversion -Wno-enum-conversion -Wno-float-conversion -Wno-non-literal-null-conversion -Wno-objc-literal-conversion -Wshorten-64-to-32 -Wpointer-sign -Wno-newline-eof -Wno-selector -Wno-strict-selector-match -Wno-undeclared-selector -Wno-deprecated-implementations -Wno-implicit-fallthrough -fstrict-aliasing -Wprotocol -Wdeprecated-declarations -Wno-sign-conversion -Wno-infinite-recursion -Wno-comma -Wno-block-capture-autoreleasing -Wno-strict-prototypes -Wno-semicolon-before-method-body -index-store-path /Users/siam/Library/Developer/Xcode/DerivedData/Lingua_Quest-gvpckrqxtbgyprbgppjfqmimmmfw/Index.noindex/DataStore @/Users/siam/Library/Developer/Xcode/DerivedData/Lingua_Quest-gvpckrqxtbgyprbgppjfqmimmmfw/Build/Intermediates.noindex/Firebase.build/Debug-iphonesimulator/FirebaseAppCheck.build/Objects-normal/arm64/e6072d4f65d7061329687fe24e3d63a7-common-args.resp -MMD -MT dependencies -MF /Users/siam/Library/Developer/Xcode/DerivedData/Lingua_Quest-gvpckrqxtbgyprbgppjfqmimmmfw/Build/Intermediates.noindex/Firebase.build/Debug-iphonesimulator/FirebaseAppCheck.build/Objects-normal/arm64/FIRAppAttestProvider.d --serialize-diagnostics /Users/siam/Library/Developer/Xcode/DerivedData/Lingua_Quest-gvpckrqxtbgyprbgppjfqmimmmfw/Build/Intermediates.noindex/Firebase.build/Debug-iphonesimulator/FirebaseAppCheck.build/Objects-normal/arm64/FIRAppAttestProvider.dia -c /Users/siam/Library/Developer/Xcode/DerivedData/Lingua_Quest-gvpckrqxtbgyprbgppjfqmimmmfw/SourcePackages/checkouts/firebase-ios-sdk/FirebaseAppCheck/Sources/AppAttestProvider/FIRAppAttestProvider.m -o /Users/siam/Library/Developer/Xcode/DerivedData/Lingua_Quest-gvpckrqxtbgyprbgppjfqmimmmfw/Build/Intermediates.noindex/Firebase.build/Debug-iphonesimulator/FirebaseAppCheck.build/Objects-normal/arm64/FIRAppAttestProvider.o -index-unit-output-path /Firebase.build/Debug-iphonesimulator/FirebaseAppCheck.build/Objects-normal/arm64/FIRAppAttestProvider.o

CompileC /Users/siam/Library/Developer/Xcode/DerivedData/Lingua_Quest-gvpckrqxtbgyprbgppjfqmimmmfw/Build/Intermediates.noindex/Firebase.build/Debug-iphonesimulator/FirebaseAppCheck.build/Objects-normal/arm64/FIRApp+AppCheck.o /Users/siam/Library/Developer/Xcode/DerivedData/Lingua_Quest-gvpckrqxtbgyprbgppjfqmimmmfw/SourcePackages/checkouts/firebase-ios-sdk/FirebaseAppCheck/Sources/Core/FIRApp+AppCheck.m normal arm64 objective-c com.apple.compilers.llvm.clang.1_0.compiler (in target 'FirebaseAppCheck' from project 'Firebase')
    cd /Users/siam/Desktop/Lingua\ Quest/Lingua\ Quest.xcodeproj
    
    Using response file: /Users/siam/Library/Developer/Xcode/DerivedData/Lingua_Quest-gvpckrqxtbgyprbgppjfqmimmmfw/Build/Intermediates.noindex/Firebase.build/Debug-iphonesimulator/FirebaseAppCheck.build/Objects-normal/arm64/e6072d4f65d7061329687fe24e3d63a7-common-args.resp
    
    /Applications/Xcode.app/Contents/Developer/Toolchains/XcodeDefault.xctoolchain/usr/bin/clang -x objective-c -ivfsstatcache /Users/siam/Library/Developer/Xcode/DerivedData/SDKStatCaches.noindex/iphonesimulator26.0-23A339-26257891a6c027eb51374368541b8346.sdkstatcache -fmessage-length\=0 -fdiagnostics-show-note-include-stack -fmacro-backtrace-limit\=0 -fno-color-diagnostics -fmodules-prune-interval\=86400 -fmodules-prune-after\=345600 -fbuild-session-file\=/Users/siam/Library/Developer/Xcode/DerivedData/ModuleCache.noindex/Session.modulevalidation -fmodules-validate-once-per-build-session -Wnon-modular-include-in-framework-module -Werror\=non-modular-include-in-framework-module -Wno-trigraphs -Wno-missing-field-initializers -Wno-missing-prototypes -Wno-return-type -Wno-implicit-atomic-properties -Wno-objc-interface-ivars -Wno-arc-repeated-use-of-weak -Wno-missing-braces -Wparentheses -Wswitch -Wno-unused-function -Wno-unused-label -Wno-unused-parameter -Wno-unused-variable -Wunused-value -Wno-empty-body -Wno-uninitialized -Wno-unknown-pragmas -w -Wno-shadow -Wno-four-char-constants -Wno-conversion -Wno-constant-conversion -Wno-int-conversion -Wno-bool-conversion -Wno-enum-conversion -Wno-float-conversion -Wno-non-literal-null-conversion -Wno-objc-literal-conversion -Wshorten-64-to-32 -Wpointer-sign -Wno-newline-eof -Wno-selector -Wno-strict-selector-match -Wno-undeclared-selector -Wno-deprecated-implementations -Wno-implicit-fallthrough -fstrict-aliasing -Wprotocol -Wdeprecated-declarations -Wno-sign-conversion -Wno-infinite-recursion -Wno-comma -Wno-block-capture-autoreleasing -Wno-strict-prototypes -Wno-semicolon-before-method-body -index-store-path /Users/siam/Library/Developer/Xcode/DerivedData/Lingua_Quest-gvpckrqxtbgyprbgppjfqmimmmfw/Index.noindex/DataStore @/Users/siam/Library/Developer/Xcode/DerivedData/Lingua_Quest-gvpckrqxtbgyprbgppjfqmimmmfw/Build/Intermediates.noindex/Firebase.build/Debug-iphonesimulator/FirebaseAppCheck.build/Objects-normal/arm64/e6072d4f65d7061329687fe24e3d63a7-common-args.resp -MMD -MT dependencies -MF /Users/siam/Library/Developer/Xcode/DerivedData/Lingua_Quest-gvpckrqxtbgyprbgppjfqmimmmfw/Build/Intermediates.noindex/Firebase.build/Debug-iphonesimulator/FirebaseAppCheck.build/Objects-normal/arm64/FIRApp+AppCheck.d --serialize-diagnostics /Users/siam/Library/Developer/Xcode/DerivedData/Lingua_Quest-gvpckrqxtbgyprbgppjfqmimmmfw/Build/Intermediates.noindex/Firebase.build/Debug-iphonesimulator/FirebaseAppCheck.build/Objects-normal/arm64/FIRApp+AppCheck.dia -c /Users/siam/Library/Developer/Xcode/DerivedData/Lingua_Quest-gvpckrqxtbgyprbgppjfqmimmmfw/SourcePackages/checkouts/firebase-ios-sdk/FirebaseAppCheck/Sources/Core/FIRApp+AppCheck.m -o /Users/siam/Library/Developer/Xcode/DerivedData/Lingua_Quest-gvpckrqxtbgyprbgppjfqmimmmfw/Build/Intermediates.noindex/Firebase.build/Debug-iphonesimulator/FirebaseAppCheck.build/Objects-normal/arm64/FIRApp+AppCheck.o -index-unit-output-path /Firebase.build/Debug-iphonesimulator/FirebaseAppCheck.build/Objects-normal/arm64/FIRApp+AppCheck.o

PrecompileModule /Users/siam/Library/Developer/Xcode/DerivedData/Lingua_Quest-gvpckrqxtbgyprbgppjfqmimmmfw/Build/Intermediates.noindex/ExplicitPrecompiledModules/AppCheckRecaptchaProvider-HWG5IO0IOHSLIHCPH3ZIMLQU.scan
    cd /
    builtin-precompileModule /Users/siam/Library/Developer/Xcode/DerivedData/Lingua_Quest-gvpckrqxtbgyprbgppjfqmimmmfw/Build/Intermediates.noindex/ExplicitPrecompiledModules/AppCheckRecaptchaProvider-HWG5IO0IOHSLIHCPH3ZIMLQU.scan

RegisterExecutionPolicyException /Users/siam/Library/Developer/Xcode/DerivedData/Lingua_Quest-gvpckrqxtbgyprbgppjfqmimmmfw/Build/Products/Debug-iphonesimulator/GoogleUtilities-Network.o (in target 'GoogleUtilities-Network' from project 'GoogleUtilities')
    cd /Users/siam/Library/Developer/Xcode/DerivedData/Lingua_Quest-gvpckrqxtbgyprbgppjfqmimmmfw/SourcePackages/checkouts/GoogleUtilities
    builtin-RegisterExecutionPolicyException /Users/siam/Library/Developer/Xcode/DerivedData/Lingua_Quest-gvpckrqxtbgyprbgppjfqmimmmfw/Build/Products/Debug-iphonesimulator/GoogleUtilities-Network.o

RegisterExecutionPolicyException /Users/siam/Library/Developer/Xcode/DerivedData/Lingua_Quest-gvpckrqxtbgyprbgppjfqmimmmfw/Build/Products/Debug-iphonesimulator/FirebaseSharedSwift.o (in target 'FirebaseSharedSwift' from project 'Firebase')
    cd /Users/siam/Library/Developer/Xcode/DerivedData/Lingua_Quest-gvpckrqxtbgyprbgppjfqmimmmfw/SourcePackages/checkouts/firebase-ios-sdk
    builtin-RegisterExecutionPolicyException /Users/siam/Library/Developer/Xcode/DerivedData/Lingua_Quest-gvpckrqxtbgyprbgppjfqmimmmfw/Build/Products/Debug-iphonesimulator/FirebaseSharedSwift.o

RegisterExecutionPolicyException /Users/siam/Library/Developer/Xcode/DerivedData/Lingua_Quest-gvpckrqxtbgyprbgppjfqmimmmfw/Build/Products/Debug-iphonesimulator/FirebaseCore.o (in target 'FirebaseCore' from project 'Firebase')
    cd /Users/siam/Library/Developer/Xcode/DerivedData/Lingua_Quest-gvpckrqxtbgyprbgppjfqmimmmfw/SourcePackages/checkouts/firebase-ios-sdk
    builtin-RegisterExecutionPolicyException /Users/siam/Library/Developer/Xcode/DerivedData/Lingua_Quest-gvpckrqxtbgyprbgppjfqmimmmfw/Build/Products/Debug-iphonesimulator/FirebaseCore.o

Ld /Users/siam/Library/Developer/Xcode/DerivedData/Lingua_Quest-gvpckrqxtbgyprbgppjfqmimmmfw/Build/Intermediates.noindex/GTMAppAuth.build/Debug-iphonesimulator/GTMAppAuth.build/Objects-normal/x86_64/Binary/GTMAppAuth.o normal x86_64 (in target 'GTMAppAuth' from project 'GTMAppAuth')
    cd /Users/siam/Library/Developer/Xcode/DerivedData/Lingua_Quest-gvpckrqxtbgyprbgppjfqmimmmfw/SourcePackages/checkouts/GTMAppAuth
    /Applications/Xcode.app/Contents/Developer/Toolchains/XcodeDefault.xctoolchain/usr/bin/clang -Xlinker -reproducible -target x86_64-apple-ios12.0-simulator -r -isysroot /Applications/Xcode.app/Contents/Developer/Platforms/iPhoneSimulator.platform/Developer/SDKs/iPhoneSimulator26.0.sdk -O0 -w -L/Users/siam/Library/Developer/Xcode/DerivedData/Lingua_Quest-gvpckrqxtbgyprbgppjfqmimmmfw/Build/Intermediates.noindex/EagerLinkingTBDs/Debug-iphonesimulator -L/Users/siam/Library/Developer/Xcode/DerivedData/Lingua_Quest-gvpckrqxtbgyprbgppjfqmimmmfw/Build/Products/Debug-iphonesimulator -L/Applications/Xcode.app/Contents/Developer/Platforms/iPhoneSimulator.platform/Developer/usr/lib -F/Users/siam/Library/Developer/Xcode/DerivedData/Lingua_Quest-gvpckrqxtbgyprbgppjfqmimmmfw/Build/Intermediates.noindex/EagerLinkingTBDs/Debug-iphonesimulator -F/Users/siam/Library/Developer/Xcode/DerivedData/Lingua_Quest-gvpckrqxtbgyprbgppjfqmimmmfw/Build/Products/Debug-iphonesimulator/PackageFrameworks -F/Users/siam/Library/Developer/Xcode/DerivedData/Lingua_Quest-gvpckrqxtbgyprbgppjfqmimmmfw/Build/Products/Debug-iphonesimulator/PackageFrameworks -F/Users/siam/Library/Developer/Xcode/DerivedData/Lingua_Quest-gvpckrqxtbgyprbgppjfqmimmmfw/Build/Products/Debug-iphonesimulator -iframework /Applications/Xcode.app/Contents/Developer/Platforms/iPhoneSimulator.platform/Developer/Library/Frameworks -iframework /Applications/Xcode.app/Contents/Developer/Platforms/iPhoneSimulator.platform/Developer/SDKs/iPhoneSimulator26.0.sdk/Developer/Library/Frameworks -filelist /Users/siam/Library/Developer/Xcode/DerivedData/Lingua_Quest-gvpckrqxtbgyprbgppjfqmimmmfw/Build/Intermediates.noindex/GTMAppAuth.build/Debug-iphonesimulator/GTMAppAuth.build/Objects-normal/x86_64/GTMAppAuth.LinkFileList -nostdlib -Xlinker -object_path_lto -Xlinker /Users/siam/Library/Developer/Xcode/DerivedData/Lingua_Quest-gvpckrqxtbgyprbgppjfqmimmmfw/Build/Intermediates.noindex/GTMAppAuth.build/Debug-iphonesimulator/GTMAppAuth.build/Objects-normal/x86_64/GTMAppAuth_lto.o -rdynamic -Xlinker -no_deduplicate -Xlinker -objc_abi_version -Xlinker 2 -Xlinker -debug_variant -Xlinker -dependency_info -Xlinker /Users/siam/Library/Developer/Xcode/DerivedData/Lingua_Quest-gvpckrqxtbgyprbgppjfqmimmmfw/Build/Intermediates.noindex/GTMAppAuth.build/Debug-iphonesimulator/GTMAppAuth.build/Objects-normal/x86_64/GTMAppAuth_dependency_info.dat -fobjc-link-runtime -L/Applications/Xcode.app/Contents/Developer/Toolchains/XcodeDefault.xctoolchain/usr/lib/swift/iphonesimulator -L/usr/lib/swift -Xlinker -add_ast_path -Xlinker /Users/siam/Library/Developer/Xcode/DerivedData/Lingua_Quest-gvpckrqxtbgyprbgppjfqmimmmfw/Build/Intermediates.noindex/GTMAppAuth.build/Debug-iphonesimulator/GTMAppAuth.build/Objects-normal/x86_64/GTMAppAuth.swiftmodule @/Users/siam/Library/Developer/Xcode/DerivedData/Lingua_Quest-gvpckrqxtbgyprbgppjfqmimmmfw/Build/Intermediates.noindex/GTMAppAuth.build/Debug-iphonesimulator/GTMAppAuth.build/Objects-normal/x86_64/GTMAppAuth-linker-args.resp -o /Users/siam/Library/Developer/Xcode/DerivedData/Lingua_Quest-gvpckrqxtbgyprbgppjfqmimmmfw/Build/Intermediates.noindex/GTMAppAuth.build/Debug-iphonesimulator/GTMAppAuth.build/Objects-normal/x86_64/Binary/GTMAppAuth.o

Ld /Users/siam/Library/Developer/Xcode/DerivedData/Lingua_Quest-gvpckrqxtbgyprbgppjfqmimmmfw/Build/Intermediates.noindex/GTMAppAuth.build/Debug-iphonesimulator/GTMAppAuth.build/Objects-normal/arm64/Binary/GTMAppAuth.o normal arm64 (in target 'GTMAppAuth' from project 'GTMAppAuth')
    cd /Users/siam/Library/Developer/Xcode/DerivedData/Lingua_Quest-gvpckrqxtbgyprbgppjfqmimmmfw/SourcePackages/checkouts/GTMAppAuth
    /Applications/Xcode.app/Contents/Developer/Toolchains/XcodeDefault.xctoolchain/usr/bin/clang -Xlinker -reproducible -target arm64-apple-ios12.0-simulator -r -isysroot /Applications/Xcode.app/Contents/Developer/Platforms/iPhoneSimulator.platform/Developer/SDKs/iPhoneSimulator26.0.sdk -O0 -w -L/Users/siam/Library/Developer/Xcode/DerivedData/Lingua_Quest-gvpckrqxtbgyprbgppjfqmimmmfw/Build/Intermediates.noindex/EagerLinkingTBDs/Debug-iphonesimulator -L/Users/siam/Library/Developer/Xcode/DerivedData/Lingua_Quest-gvpckrqxtbgyprbgppjfqmimmmfw/Build/Products/Debug-iphonesimulator -L/Applications/Xcode.app/Contents/Developer/Platforms/iPhoneSimulator.platform/Developer/usr/lib -F/Users/siam/Library/Developer/Xcode/DerivedData/Lingua_Quest-gvpckrqxtbgyprbgppjfqmimmmfw/Build/Intermediates.noindex/EagerLinkingTBDs/Debug-iphonesimulator -F/Users/siam/Library/Developer/Xcode/DerivedData/Lingua_Quest-gvpckrqxtbgyprbgppjfqmimmmfw/Build/Products/Debug-iphonesimulator/PackageFrameworks -F/Users/siam/Library/Developer/Xcode/DerivedData/Lingua_Quest-gvpckrqxtbgyprbgppjfqmimmmfw/Build/Products/Debug-iphonesimulator/PackageFrameworks -F/Users/siam/Library/Developer/Xcode/DerivedData/Lingua_Quest-gvpckrqxtbgyprbgppjfqmimmmfw/Build/Products/Debug-iphonesimulator -iframework /Applications/Xcode.app/Contents/Developer/Platforms/iPhoneSimulator.platform/Developer/Library/Frameworks -iframework /Applications/Xcode.app/Contents/Developer/Platforms/iPhoneSimulator.platform/Developer/SDKs/iPhoneSimulator26.0.sdk/Developer/Library/Frameworks -filelist /Users/siam/Library/Developer/Xcode/DerivedData/Lingua_Quest-gvpckrqxtbgyprbgppjfqmimmmfw/Build/Intermediates.noindex/GTMAppAuth.build/Debug-iphonesimulator/GTMAppAuth.build/Objects-normal/arm64/GTMAppAuth.LinkFileList -nostdlib -Xlinker -object_path_lto -Xlinker /Users/siam/Library/Developer/Xcode/DerivedData/Lingua_Quest-gvpckrqxtbgyprbgppjfqmimmmfw/Build/Intermediates.noindex/GTMAppAuth.build/Debug-iphonesimulator/GTMAppAuth.build/Objects-normal/arm64/GTMAppAuth_lto.o -rdynamic -Xlinker -no_deduplicate -Xlinker -objc_abi_version -Xlinker 2 -Xlinker -debug_variant -Xlinker -dependency_info -Xlinker /Users/siam/Library/Developer/Xcode/DerivedData/Lingua_Quest-gvpckrqxtbgyprbgppjfqmimmmfw/Build/Intermediates.noindex/GTMAppAuth.build/Debug-iphonesimulator/GTMAppAuth.build/Objects-normal/arm64/GTMAppAuth_dependency_info.dat -fobjc-link-runtime -L/Applications/Xcode.app/Contents/Developer/Toolchains/XcodeDefault.xctoolchain/usr/lib/swift/iphonesimulator -L/usr/lib/swift -Xlinker -add_ast_path -Xlinker /Users/siam/Library/Developer/Xcode/DerivedData/Lingua_Quest-gvpckrqxtbgyprbgppjfqmimmmfw/Build/Intermediates.noindex/GTMAppAuth.build/Debug-iphonesimulator/GTMAppAuth.build/Objects-normal/arm64/GTMAppAuth.swiftmodule @/Users/siam/Library/Developer/Xcode/DerivedData/Lingua_Quest-gvpckrqxtbgyprbgppjfqmimmmfw/Build/Intermediates.noindex/GTMAppAuth.build/Debug-iphonesimulator/GTMAppAuth.build/Objects-normal/arm64/GTMAppAuth-linker-args.resp -o /Users/siam/Library/Developer/Xcode/DerivedData/Lingua_Quest-gvpckrqxtbgyprbgppjfqmimmmfw/Build/Intermediates.noindex/GTMAppAuth.build/Debug-iphonesimulator/GTMAppAuth.build/Objects-normal/arm64/Binary/GTMAppAuth.o

Ld /Users/siam/Library/Developer/Xcode/DerivedData/Lingua_Quest-gvpckrqxtbgyprbgppjfqmimmmfw/Build/Intermediates.noindex/AppAuth.build/Debug-iphonesimulator/AppAuth.build/Objects-normal/x86_64/Binary/AppAuth.o normal x86_64 (in target 'AppAuth' from project 'AppAuth')
    cd /Users/siam/Library/Developer/Xcode/DerivedData/Lingua_Quest-gvpckrqxtbgyprbgppjfqmimmmfw/SourcePackages/checkouts/AppAuth-iOS
    /Applications/Xcode.app/Contents/Developer/Toolchains/XcodeDefault.xctoolchain/usr/bin/clang -Xlinker -reproducible -target x86_64-apple-ios12.0-simulator -r -isysroot /Applications/Xcode.app/Contents/Developer/Platforms/iPhoneSimulator.platform/Developer/SDKs/iPhoneSimulator26.0.sdk -O0 -w -L/Users/siam/Library/Developer/Xcode/DerivedData/Lingua_Quest-gvpckrqxtbgyprbgppjfqmimmmfw/Build/Intermediates.noindex/EagerLinkingTBDs/Debug-iphonesimulator -L/Users/siam/Library/Developer/Xcode/DerivedData/Lingua_Quest-gvpckrqxtbgyprbgppjfqmimmmfw/Build/Products/Debug-iphonesimulator -L/Applications/Xcode.app/Contents/Developer/Platforms/iPhoneSimulator.platform/Developer/usr/lib -F/Users/siam/Library/Developer/Xcode/DerivedData/Lingua_Quest-gvpckrqxtbgyprbgppjfqmimmmfw/Build/Intermediates.noindex/EagerLinkingTBDs/Debug-iphonesimulator -F/Users/siam/Library/Developer/Xcode/DerivedData/Lingua_Quest-gvpckrqxtbgyprbgppjfqmimmmfw/Build/Products/Debug-iphonesimulator/PackageFrameworks -F/Users/siam/Library/Developer/Xcode/DerivedData/Lingua_Quest-gvpckrqxtbgyprbgppjfqmimmmfw/Build/Products/Debug-iphonesimulator -iframework /Applications/Xcode.app/Contents/Developer/Platforms/iPhoneSimulator.platform/Developer/Library/Frameworks -iframework /Applications/Xcode.app/Contents/Developer/Platforms/iPhoneSimulator.platform/Developer/SDKs/iPhoneSimulator26.0.sdk/Developer/Library/Frameworks -filelist /Users/siam/Library/Developer/Xcode/DerivedData/Lingua_Quest-gvpckrqxtbgyprbgppjfqmimmmfw/Build/Intermediates.noindex/AppAuth.build/Debug-iphonesimulator/AppAuth.build/Objects-normal/x86_64/AppAuth.LinkFileList -nostdlib -Xlinker -object_path_lto -Xlinker /Users/siam/Library/Developer/Xcode/DerivedData/Lingua_Quest-gvpckrqxtbgyprbgppjfqmimmmfw/Build/Intermediates.noindex/AppAuth.build/Debug-iphonesimulator/AppAuth.build/Objects-normal/x86_64/AppAuth_lto.o -rdynamic -Xlinker -no_deduplicate -Xlinker -objc_abi_version -Xlinker 2 -Xlinker -debug_variant -Xlinker -dependency_info -Xlinker /Users/siam/Library/Developer/Xcode/DerivedData/Lingua_Quest-gvpckrqxtbgyprbgppjfqmimmmfw/Build/Intermediates.noindex/AppAuth.build/Debug-iphonesimulator/AppAuth.build/Objects-normal/x86_64/AppAuth_dependency_info.dat -fobjc-arc -fobjc-link-runtime -o /Users/siam/Library/Developer/Xcode/DerivedData/Lingua_Quest-gvpckrqxtbgyprbgppjfqmimmmfw/Build/Intermediates.noindex/AppAuth.build/Debug-iphonesimulator/AppAuth.build/Objects-normal/x86_64/Binary/AppAuth.o

Ld /Users/siam/Library/Developer/Xcode/DerivedData/Lingua_Quest-gvpckrqxtbgyprbgppjfqmimmmfw/Build/Intermediates.noindex/AppAuth.build/Debug-iphonesimulator/AppAuth.build/Objects-normal/arm64/Binary/AppAuth.o normal arm64 (in target 'AppAuth' from project 'AppAuth')
    cd /Users/siam/Library/Developer/Xcode/DerivedData/Lingua_Quest-gvpckrqxtbgyprbgppjfqmimmmfw/SourcePackages/checkouts/AppAuth-iOS
    /Applications/Xcode.app/Contents/Developer/Toolchains/XcodeDefault.xctoolchain/usr/bin/clang -Xlinker -reproducible -target arm64-apple-ios12.0-simulator -r -isysroot /Applications/Xcode.app/Contents/Developer/Platforms/iPhoneSimulator.platform/Developer/SDKs/iPhoneSimulator26.0.sdk -O0 -w -L/Users/siam/Library/Developer/Xcode/DerivedData/Lingua_Quest-gvpckrqxtbgyprbgppjfqmimmmfw/Build/Intermediates.noindex/EagerLinkingTBDs/Debug-iphonesimulator -L/Users/siam/Library/Developer/Xcode/DerivedData/Lingua_Quest-gvpckrqxtbgyprbgppjfqmimmmfw/Build/Products/Debug-iphonesimulator -L/Applications/Xcode.app/Contents/Developer/Platforms/iPhoneSimulator.platform/Developer/usr/lib -F/Users/siam/Library/Developer/Xcode/DerivedData/Lingua_Quest-gvpckrqxtbgyprbgppjfqmimmmfw/Build/Intermediates.noindex/EagerLinkingTBDs/Debug-iphonesimulator -F/Users/siam/Library/Developer/Xcode/DerivedData/Lingua_Quest-gvpckrqxtbgyprbgppjfqmimmmfw/Build/Products/Debug-iphonesimulator/PackageFrameworks -F/Users/siam/Library/Developer/Xcode/DerivedData/Lingua_Quest-gvpckrqxtbgyprbgppjfqmimmmfw/Build/Products/Debug-iphonesimulator -iframework /Applications/Xcode.app/Contents/Developer/Platforms/iPhoneSimulator.platform/Developer/Library/Frameworks -iframework /Applications/Xcode.app/Contents/Developer/Platforms/iPhoneSimulator.platform/Developer/SDKs/iPhoneSimulator26.0.sdk/Developer/Library/Frameworks -filelist /Users/siam/Library/Developer/Xcode/DerivedData/Lingua_Quest-gvpckrqxtbgyprbgppjfqmimmmfw/Build/Intermediates.noindex/AppAuth.build/Debug-iphonesimulator/AppAuth.build/Objects-normal/arm64/AppAuth.LinkFileList -nostdlib -Xlinker -object_path_lto -Xlinker /Users/siam/Library/Developer/Xcode/DerivedData/Lingua_Quest-gvpckrqxtbgyprbgppjfqmimmmfw/Build/Intermediates.noindex/AppAuth.build/Debug-iphonesimulator/AppAuth.build/Objects-normal/arm64/AppAuth_lto.o -rdynamic -Xlinker -no_deduplicate -Xlinker -objc_abi_version -Xlinker 2 -Xlinker -debug_variant -Xlinker -dependency_info -Xlinker /Users/siam/Library/Developer/Xcode/DerivedData/Lingua_Quest-gvpckrqxtbgyprbgppjfqmimmmfw/Build/Intermediates.noindex/AppAuth.build/Debug-iphonesimulator/AppAuth.build/Objects-normal/arm64/AppAuth_dependency_info.dat -fobjc-arc -fobjc-link-runtime -o /Users/siam/Library/Developer/Xcode/DerivedData/Lingua_Quest-gvpckrqxtbgyprbgppjfqmimmmfw/Build/Intermediates.noindex/AppAuth.build/Debug-iphonesimulator/AppAuth.build/Objects-normal/arm64/Binary/AppAuth.o

Ld /Users/siam/Library/Developer/Xcode/DerivedData/Lingua_Quest-gvpckrqxtbgyprbgppjfqmimmmfw/Build/Intermediates.noindex/GoogleUtilities.build/Debug-iphonesimulator/GoogleUtilities-AppDelegateSwizzler.build/Objects-normal/x86_64/Binary/GoogleUtilities-AppDelegateSwizzler.o normal x86_64 (in target 'GoogleUtilities-AppDelegateSwizzler' from project 'GoogleUtilities')
    cd /Users/siam/Library/Developer/Xcode/DerivedData/Lingua_Quest-gvpckrqxtbgyprbgppjfqmimmmfw/SourcePackages/checkouts/GoogleUtilities
    /Applications/Xcode.app/Contents/Developer/Toolchains/XcodeDefault.xctoolchain/usr/bin/clang -Xlinker -reproducible -target x86_64-apple-ios12.0-simulator -r -isysroot /Applications/Xcode.app/Contents/Developer/Platforms/iPhoneSimulator.platform/Developer/SDKs/iPhoneSimulator26.0.sdk -O0 -w -L/Users/siam/Library/Developer/Xcode/DerivedData/Lingua_Quest-gvpckrqxtbgyprbgppjfqmimmmfw/Build/Intermediates.noindex/EagerLinkingTBDs/Debug-iphonesimulator -L/Users/siam/Library/Developer/Xcode/DerivedData/Lingua_Quest-gvpckrqxtbgyprbgppjfqmimmmfw/Build/Products/Debug-iphonesimulator -L/Applications/Xcode.app/Contents/Developer/Platforms/iPhoneSimulator.platform/Developer/usr/lib -F/Users/siam/Library/Developer/Xcode/DerivedData/Lingua_Quest-gvpckrqxtbgyprbgppjfqmimmmfw/Build/Intermediates.noindex/EagerLinkingTBDs/Debug-iphonesimulator -F/Users/siam/Library/Developer/Xcode/DerivedData/Lingua_Quest-gvpckrqxtbgyprbgppjfqmimmmfw/Build/Products/Debug-iphonesimulator/PackageFrameworks -F/Users/siam/Library/Developer/Xcode/DerivedData/Lingua_Quest-gvpckrqxtbgyprbgppjfqmimmmfw/Build/Products/Debug-iphonesimulator/PackageFrameworks -F/Users/siam/Library/Developer/Xcode/DerivedData/Lingua_Quest-gvpckrqxtbgyprbgppjfqmimmmfw/Build/Products/Debug-iphonesimulator/PackageFrameworks -F/Users/siam/Library/Developer/Xcode/DerivedData/Lingua_Quest-gvpckrqxtbgyprbgppjfqmimmmfw/Build/Products/Debug-iphonesimulator/PackageFrameworks -F/Users/siam/Library/Developer/Xcode/DerivedData/Lingua_Quest-gvpckrqxtbgyprbgppjfqmimmmfw/Build/Products/Debug-iphonesimulator/PackageFrameworks -F/Users/siam/Library/Developer/Xcode/DerivedData/Lingua_Quest-gvpckrqxtbgyprbgppjfqmimmmfw/Build/Products/Debug-iphonesimulator/PackageFrameworks -F/Users/siam/Library/Developer/Xcode/DerivedData/Lingua_Quest-gvpckrqxtbgyprbgppjfqmimmmfw/Build/Products/Debug-iphonesimulator -iframework /Applications/Xcode.app/Contents/Developer/Platforms/iPhoneSimulator.platform/Developer/Library/Frameworks -iframework /Applications/Xcode.app/Contents/Developer/Platforms/iPhoneSimulator.platform/Developer/SDKs/iPhoneSimulator26.0.sdk/Developer/Library/Frameworks -filelist /Users/siam/Library/Developer/Xcode/DerivedData/Lingua_Quest-gvpckrqxtbgyprbgppjfqmimmmfw/Build/Intermediates.noindex/GoogleUtilities.build/Debug-iphonesimulator/GoogleUtilities-AppDelegateSwizzler.build/Objects-normal/x86_64/GoogleUtilities-AppDelegateSwizzler.LinkFileList -nostdlib -Xlinker -object_path_lto -Xlinker /Users/siam/Library/Developer/Xcode/DerivedData/Lingua_Quest-gvpckrqxtbgyprbgppjfqmimmmfw/Build/Intermediates.noindex/GoogleUtilities.build/Debug-iphonesimulator/GoogleUtilities-AppDelegateSwizzler.build/Objects-normal/x86_64/GoogleUtilities-AppDelegateSwizzler_lto.o -rdynamic -Xlinker -no_deduplicate -Xlinker -objc_abi_version -Xlinker 2 -Xlinker -debug_variant -Xlinker -dependency_info -Xlinker /Users/siam/Library/Developer/Xcode/DerivedData/Lingua_Quest-gvpckrqxtbgyprbgppjfqmimmmfw/Build/Intermediates.noindex/GoogleUtilities.build/Debug-iphonesimulator/GoogleUtilities-AppDelegateSwizzler.build/Objects-normal/x86_64/GoogleUtilities-AppDelegateSwizzler_dependency_info.dat -fobjc-arc -fobjc-link-runtime -o /Users/siam/Library/Developer/Xcode/DerivedData/Lingua_Quest-gvpckrqxtbgyprbgppjfqmimmmfw/Build/Intermediates.noindex/GoogleUtilities.build/Debug-iphonesimulator/GoogleUtilities-AppDelegateSwizzler.build/Objects-normal/x86_64/Binary/GoogleUtilities-AppDelegateSwizzler.o

Ld /Users/siam/Library/Developer/Xcode/DerivedData/Lingua_Quest-gvpckrqxtbgyprbgppjfqmimmmfw/Build/Intermediates.noindex/GoogleUtilities.build/Debug-iphonesimulator/GoogleUtilities-AppDelegateSwizzler.build/Objects-normal/arm64/Binary/GoogleUtilities-AppDelegateSwizzler.o normal arm64 (in target 'GoogleUtilities-AppDelegateSwizzler' from project 'GoogleUtilities')
    cd /Users/siam/Library/Developer/Xcode/DerivedData/Lingua_Quest-gvpckrqxtbgyprbgppjfqmimmmfw/SourcePackages/checkouts/GoogleUtilities
    /Applications/Xcode.app/Contents/Developer/Toolchains/XcodeDefault.xctoolchain/usr/bin/clang -Xlinker -reproducible -target arm64-apple-ios12.0-simulator -r -isysroot /Applications/Xcode.app/Contents/Developer/Platforms/iPhoneSimulator.platform/Developer/SDKs/iPhoneSimulator26.0.sdk -O0 -w -L/Users/siam/Library/Developer/Xcode/DerivedData/Lingua_Quest-gvpckrqxtbgyprbgppjfqmimmmfw/Build/Intermediates.noindex/EagerLinkingTBDs/Debug-iphonesimulator -L/Users/siam/Library/Developer/Xcode/DerivedData/Lingua_Quest-gvpckrqxtbgyprbgppjfqmimmmfw/Build/Products/Debug-iphonesimulator -L/Applications/Xcode.app/Contents/Developer/Platforms/iPhoneSimulator.platform/Developer/usr/lib -F/Users/siam/Library/Developer/Xcode/DerivedData/Lingua_Quest-gvpckrqxtbgyprbgppjfqmimmmfw/Build/Intermediates.noindex/EagerLinkingTBDs/Debug-iphonesimulator -F/Users/siam/Library/Developer/Xcode/DerivedData/Lingua_Quest-gvpckrqxtbgyprbgppjfqmimmmfw/Build/Products/Debug-iphonesimulator/PackageFrameworks -F/Users/siam/Library/Developer/Xcode/DerivedData/Lingua_Quest-gvpckrqxtbgyprbgppjfqmimmmfw/Build/Products/Debug-iphonesimulator/PackageFrameworks -F/Users/siam/Library/Developer/Xcode/DerivedData/Lingua_Quest-gvpckrqxtbgyprbgppjfqmimmmfw/Build/Products/Debug-iphonesimulator/PackageFrameworks -F/Users/siam/Library/Developer/Xcode/DerivedData/Lingua_Quest-gvpckrqxtbgyprbgppjfqmimmmfw/Build/Products/Debug-iphonesimulator/PackageFrameworks -F/Users/siam/Library/Developer/Xcode/DerivedData/Lingua_Quest-gvpckrqxtbgyprbgppjfqmimmmfw/Build/Products/Debug-iphonesimulator/PackageFrameworks -F/Users/siam/Library/Developer/Xcode/DerivedData/Lingua_Quest-gvpckrqxtbgyprbgppjfqmimmmfw/Build/Products/Debug-iphonesimulator/PackageFrameworks -F/Users/siam/Library/Developer/Xcode/DerivedData/Lingua_Quest-gvpckrqxtbgyprbgppjfqmimmmfw/Build/Products/Debug-iphonesimulator -iframework /Applications/Xcode.app/Contents/Developer/Platforms/iPhoneSimulator.platform/Developer/Library/Frameworks -iframework /Applications/Xcode.app/Contents/Developer/Platforms/iPhoneSimulator.platform/Developer/SDKs/iPhoneSimulator26.0.sdk/Developer/Library/Frameworks -filelist /Users/siam/Library/Developer/Xcode/DerivedData/Lingua_Quest-gvpckrqxtbgyprbgppjfqmimmmfw/Build/Intermediates.noindex/GoogleUtilities.build/Debug-iphonesimulator/GoogleUtilities-AppDelegateSwizzler.build/Objects-normal/arm64/GoogleUtilities-AppDelegateSwizzler.LinkFileList -nostdlib -Xlinker -object_path_lto -Xlinker /Users/siam/Library/Developer/Xcode/DerivedData/Lingua_Quest-gvpckrqxtbgyprbgppjfqmimmmfw/Build/Intermediates.noindex/GoogleUtilities.build/Debug-iphonesimulator/GoogleUtilities-AppDelegateSwizzler.build/Objects-normal/arm64/GoogleUtilities-AppDelegateSwizzler_lto.o -rdynamic -Xlinker -no_deduplicate -Xlinker -objc_abi_version -Xlinker 2 -Xlinker -debug_variant -Xlinker -dependency_info -Xlinker /Users/siam/Library/Developer/Xcode/DerivedData/Lingua_Quest-gvpckrqxtbgyprbgppjfqmimmmfw/Build/Intermediates.noindex/GoogleUtilities.build/Debug-iphonesimulator/GoogleUtilities-AppDelegateSwizzler.build/Objects-normal/arm64/GoogleUtilities-AppDelegateSwizzler_dependency_info.dat -fobjc-arc -fobjc-link-runtime -o /Users/siam/Library/Developer/Xcode/DerivedData/Lingua_Quest-gvpckrqxtbgyprbgppjfqmimmmfw/Build/Intermediates.noindex/GoogleUtilities.build/Debug-iphonesimulator/GoogleUtilities-AppDelegateSwizzler.build/Objects-normal/arm64/Binary/GoogleUtilities-AppDelegateSwizzler.o

SwiftDriver FirebaseAILogic normal x86_64 com.apple.xcode.tools.swift.compiler (in target 'FirebaseAILogic' from project 'Firebase')
    cd /Users/siam/Desktop/Lingua\ Quest/Lingua\ Quest.xcodeproj
    builtin-SwiftDriver -- /Applications/Xcode.app/Contents/Developer/Toolchains/XcodeDefault.xctoolchain/usr/bin/swiftc -module-name FirebaseAILogic -Onone -enforce-exclusivity\=checked @/Users/siam/Library/Developer/Xcode/DerivedData/Lingua_Quest-gvpckrqxtbgyprbgppjfqmimmmfw/Build/Intermediates.noindex/Firebase.build/Debug-iphonesimulator/FirebaseAILogic.build/Objects-normal/x86_64/FirebaseAILogic.SwiftFileList -DSWIFT_PACKAGE -DDEBUG -DSWIFT_MODULE_RESOURCE_BUNDLE_UNAVAILABLE -DIS_FOUNDATION_MODELS_SUPPORTED_PLATFORM -Xcc -fmodule-map-file\=/Users/siam/Library/Developer/Xcode/DerivedData/Lingua_Quest-gvpckrqxtbgyprbgppjfqmimmmfw/Build/Intermediates.noindex/GeneratedModuleMaps-iphonesimulator/GoogleUtilities-NSData.modulemap -Xcc -fmodule-map-file\=/Users/siam/Library/Developer/Xcode/DerivedData/Lingua_Quest-gvpckrqxtbgyprbgppjfqmimmmfw/Build/Intermediates.noindex/GeneratedModuleMaps-iphonesimulator/RecaptchaInterop.modulemap -Xcc -fmodule-map-file\=/Users/siam/Library/Developer/Xcode/DerivedData/Lingua_Quest-gvpckrqxtbgyprbgppjfqmimmmfw/Build/Intermediates.noindex/GeneratedModuleMaps-iphonesimulator/AppCheckCore.modulemap -Xcc -fmodule-map-file\=/Users/siam/Library/Developer/Xcode/DerivedData/Lingua_Quest-gvpckrqxtbgyprbgppjfqmimmmfw/Build/Intermediates.noindex/GeneratedModuleMaps-iphonesimulator/GoogleUtilities-Logger.modulemap -Xcc -fmodule-map-file\=/Users/siam/Library/Developer/Xcode/DerivedData/Lingua_Quest-gvpckrqxtbgyprbgppjfqmimmmfw/Build/Intermediates.noindex/GeneratedModuleMaps-iphonesimulator/GoogleUtilities-Environment.modulemap -Xcc -fmodule-map-file\=/Users/siam/Library/Developer/Xcode/DerivedData/Lingua_Quest-gvpckrqxtbgyprbgppjfqmimmmfw/Build/Intermediates.noindex/GeneratedModuleMaps-iphonesimulator/third-party-IsAppEncrypted.modulemap -Xcc -fmodule-map-file\=/Users/siam/Library/Developer/Xcode/DerivedData/Lingua_Quest-gvpckrqxtbgyprbgppjfqmimmmfw/Build/Intermediates.noindex/GeneratedModuleMaps-iphonesimulator/GoogleUtilities-UserDefaults.modulemap -Xcc -fmodule-map-file\=/Users/siam/Library/Developer/Xcode/DerivedData/Lingua_Quest-gvpckrqxtbgyprbgppjfqmimmmfw/Build/Intermediates.noindex/GeneratedModuleMaps-iphonesimulator/FirebaseCoreExtension.modulemap -Xcc -fmodule-map-file\=/Users/siam/Library/Developer/Xcode/DerivedData/Lingua_Quest-gvpckrqxtbgyprbgppjfqmimmmfw/Build/Intermediates.noindex/GeneratedModuleMaps-iphonesimulator/FirebaseAuthInterop.modulemap -Xcc -fmodule-map-file\=/Users/siam/Library/Developer/Xcode/DerivedData/Lingua_Quest-gvpckrqxtbgyprbgppjfqmimmmfw/Build/Intermediates.noindex/GeneratedModuleMaps-iphonesimulator/FirebaseAppCheck.modulemap -Xcc -fmodule-map-file\=/Users/siam/Library/Developer/Xcode/DerivedData/Lingua_Quest-gvpckrqxtbgyprbgppjfqmimmmfw/Build/Intermediates.noindex/GeneratedModuleMaps-iphonesimulator/FirebaseCore.modulemap -Xcc -fmodule-map-file\=/Users/siam/Library/Developer/Xcode/DerivedData/Lingua_Quest-gvpckrqxtbgyprbgppjfqmimmmfw/Build/Intermediates.noindex/GeneratedModuleMaps-iphonesimulator/FirebaseAppCheckInterop.modulemap -DXcode -plugin-path /Applications/Xcode.app/Contents/Developer/Toolchains/XcodeDefault.xctoolchain/usr/lib/swift/host/plugins/testing -enable-experimental-feature DebugDescriptionMacro -sdk /Applications/Xcode.app/Contents/Developer/Platforms/iPhoneSimulator.platform/Developer/SDKs/iPhoneSimulator26.0.sdk -target x86_64-apple-ios15.0-simulator -g -module-cache-path /Users/siam/Library/Developer/Xcode/DerivedData/ModuleCache.noindex -Xfrontend -serialize-debugging-options -profile-coverage-mapping -profile-generate -enable-testing -suppress-warnings -index-store-path /Users/siam/Library/Developer/Xcode/DerivedData/Lingua_Quest-gvpckrqxtbgyprbgppjfqmimmmfw/Index.noindex/DataStore -Xcc -D_LIBCPP_HARDENING_MODE\=_LIBCPP_HARDENING_MODE_DEBUG -swift-version 6 -I /Users/siam/Library/Developer/Xcode/DerivedData/Lingua_Quest-gvpckrqxtbgyprbgppjfqmimmmfw/Build/Products/Debug-iphonesimulator -Isystem /Applications/Xcode.app/Contents/Developer/Platforms/iPhoneSimulator.platform/Developer/usr/lib -F /Users/siam/Library/Developer/Xcode/DerivedData/Lingua_Quest-gvpckrqxtbgyprbgppjfqmimmmfw/Build/Products/Debug-iphonesimulator/PackageFrameworks -F /Users/siam/Library/Developer/Xcode/DerivedData/Lingua_Quest-gvpckrqxtbgyprbgppjfqmimmmfw/Build/Products/Debug-iphonesimulator/PackageFrameworks -F /Users/siam/Library/Developer/Xcode/DerivedData/Lingua_Quest-gvpckrqxtbgyprbgppjfqmimmmfw/Build/Products/Debug-iphonesimulator/PackageFrameworks -F /Users/siam/Library/Developer/Xcode/DerivedData/Lingua_Quest-gvpckrqxtbgyprbgppjfqmimmmfw/Build/Products/Debug-iphonesimulator/PackageFrameworks -F /Users/siam/Library/Developer/Xcode/DerivedData/Lingua_Quest-gvpckrqxtbgyprbgppjfqmimmmfw/Build/Products/Debug-iphonesimulator/PackageFrameworks -F /Users/siam/Library/Developer/Xcode/DerivedData/Lingua_Quest-gvpckrqxtbgyprbgppjfqmimmmfw/Build/Products/Debug-iphonesimulator/PackageFrameworks -F /Users/siam/Library/Developer/Xcode/DerivedData/Lingua_Quest-gvpckrqxtbgyprbgppjfqmimmmfw/Build/Products/Debug-iphonesimulator/PackageFrameworks -F /Users/siam/Library/Developer/Xcode/DerivedData/Lingua_Quest-gvpckrqxtbgyprbgppjfqmimmmfw/Build/Products/Debug-iphonesimulator/PackageFrameworks -F /Users/siam/Library/Developer/Xcode/DerivedData/Lingua_Quest-gvpckrqxtbgyprbgppjfqmimmmfw/Build/Products/Debug-iphonesimulator/PackageFrameworks -F /Users/siam/Library/Developer/Xcode/DerivedData/Lingua_Quest-gvpckrqxtbgyprbgppjfqmimmmfw/Build/Products/Debug-iphonesimulator/PackageFrameworks -F /Users/siam/Library/Developer/Xcode/DerivedData/Lingua_Quest-gvpckrqxtbgyprbgppjfqmimmmfw/Build/Products/Debug-iphonesimulator/PackageFrameworks -F /Users/siam/Library/Developer/Xcode/DerivedData/Lingua_Quest-gvpckrqxtbgyprbgppjfqmimmmfw/Build/Products/Debug-iphonesimulator/PackageFrameworks -F /Users/siam/Library/Developer/Xcode/DerivedData/Lingua_Quest-gvpckrqxtbgyprbgppjfqmimmmfw/Build/Products/Debug-iphonesimulator/PackageFrameworks -F /Users/siam/Library/Developer/Xcode/DerivedData/Lingua_Quest-gvpckrqxtbgyprbgppjfqmimmmfw/Build/Products/Debug-iphonesimulator/PackageFrameworks -F /Users/siam/Library/Developer/Xcode/DerivedData/Lingua_Quest-gvpckrqxtbgyprbgppjfqmimmmfw/Build/Products/Debug-iphonesimulator/PackageFrameworks -F /Users/siam/Library/Developer/Xcode/DerivedData/Lingua_Quest-gvpckrqxtbgyprbgppjfqmimmmfw/Build/Products/Debug-iphonesimulator/PackageFrameworks -F /Users/siam/Library/Developer/Xcode/DerivedData/Lingua_Quest-gvpckrqxtbgyprbgppjfqmimmmfw/Build/Products/Debug-iphonesimulator/PackageFrameworks -F /Users/siam/Library/Developer/Xcode/DerivedData/Lingua_Quest-gvpckrqxtbgyprbgppjfqmimmmfw/Build/Products/Debug-iphonesimulator -F /Applications/Xcode.app/Contents/Developer/Platforms/iPhoneSimulator.platform/Developer/Library/Frameworks -F /Applications/Xcode.app/Contents/Developer/Platforms/iPhoneSimulator.platform/Developer/SDKs/iPhoneSimulator26.0.sdk/Developer/Library/Frameworks -c -j12 -enable-batch-mode -incremental -Xcc -ivfsstatcache -Xcc /Users/siam/Library/Developer/Xcode/DerivedData/SDKStatCaches.noindex/iphonesimulator26.0-23A339-26257891a6c027eb51374368541b8346.sdkstatcache -output-file-map /Users/siam/Library/Developer/Xcode/DerivedData/Lingua_Quest-gvpckrqxtbgyprbgppjfqmimmmfw/Build/Intermediates.noindex/Firebase.build/Debug-iphonesimulator/FirebaseAILogic.build/Objects-normal/x86_64/FirebaseAILogic-OutputFileMap.json -use-frontend-parseable-output -save-temps -no-color-diagnostics -explicit-module-build -module-cache-path /Users/siam/Library/Developer/Xcode/DerivedData/Lingua_Quest-gvpckrqxtbgyprbgppjfqmimmmfw/Build/Intermediates.noindex/SwiftExplicitPrecompiledModules -clang-scanner-module-cache-path /Users/siam/Library/Developer/Xcode/DerivedData/ModuleCache.noindex -sdk-module-cache-path /Users/siam/Library/Developer/Xcode/DerivedData/ModuleCache.noindex -serialize-diagnostics -emit-dependencies -emit-module -emit-module-path /Users/siam/Library/Developer/Xcode/DerivedData/Lingua_Quest-gvpckrqxtbgyprbgppjfqmimmmfw/Build/Intermediates.noindex/Firebase.build/Debug-iphonesimulator/FirebaseAILogic.build/Objects-normal/x86_64/FirebaseAILogic.swiftmodule -user-module-version 12.16.0 -validate-clang-modules-once -clang-build-session-file /Users/siam/Library/Developer/Xcode/DerivedData/ModuleCache.noindex/Session.modulevalidation -package-name firebase_ios_sdk -Xcc -I/Users/siam/Library/Developer/Xcode/DerivedData/Lingua_Quest-gvpckrqxtbgyprbgppjfqmimmmfw/Build/Intermediates.noindex/Firebase.build/Debug-iphonesimulator/FirebaseAILogic.build/swift-overrides.hmap -emit-const-values -Xfrontend -const-gather-protocols-file -Xfrontend /Users/siam/Library/Developer/Xcode/DerivedData/Lingua_Quest-gvpckrqxtbgyprbgppjfqmimmmfw/Build/Intermediates.noindex/Firebase.build/Debug-iphonesimulator/FirebaseAILogic.build/Objects-normal/x86_64/FirebaseAILogic_const_extract_protocols.json -Xcc -I/Users/siam/Library/Developer/Xcode/DerivedData/Lingua_Quest-gvpckrqxtbgyprbgppjfqmimmmfw/SourcePackages/checkouts/GoogleUtilities/GoogleUtilities/NSData+zlib/Public -Xcc -I/Users/siam/Library/Developer/Xcode/DerivedData/Lingua_Quest-gvpckrqxtbgyprbgppjfqmimmmfw/SourcePackages/checkouts/interop-ios-for-google-sdks/RecaptchaEnterprise/RecaptchaInterop/Public -Xcc -I/Users/siam/Library/Developer/Xcode/DerivedData/Lingua_Quest-gvpckrqxtbgyprbgppjfqmimmmfw/SourcePackages/checkouts/promises/Sources/FBLPromises/include -Xcc -I/Users/siam/Library/Developer/Xcode/DerivedData/Lingua_Quest-gvpckrqxtbgyprbgppjfqmimmmfw/SourcePackages/checkouts/app-check/AppCheckCore/Sources/Public -Xcc -I/Users/siam/Library/Developer/Xcode/DerivedData/Lingua_Quest-gvpckrqxtbgyprbgppjfqmimmmfw/SourcePackages/checkouts/GoogleUtilities/GoogleUtilities/Logger/Public -Xcc -I/Users/siam/Library/Developer/Xcode/DerivedData/Lingua_Quest-gvpckrqxtbgyprbgppjfqmimmmfw/SourcePackages/checkouts/GoogleUtilities/GoogleUtilities/Environment/Public -Xcc -I/Users/siam/Library/Developer/Xcode/DerivedData/Lingua_Quest-gvpckrqxtbgyprbgppjfqmimmmfw/SourcePackages/checkouts/GoogleUtilities/third_party/IsAppEncrypted/Public -Xcc -I/Users/siam/Library/Developer/Xcode/DerivedData/Lingua_Quest-gvpckrqxtbgyprbgppjfqmimmmfw/SourcePackages/checkouts/GoogleUtilities/GoogleUtilities/UserDefaults/Public -Xcc -I/Users/siam/Library/Developer/Xcode/DerivedData/Lingua_Quest-gvpckrqxtbgyprbgppjfqmimmmfw/SourcePackages/checkouts/firebase-ios-sdk/FirebaseCore/Extension -Xcc -I/Users/siam/Library/Developer/Xcode/DerivedData/Lingua_Quest-gvpckrqxtbgyprbgppjfqmimmmfw/SourcePackages/checkouts/firebase-ios-sdk/FirebaseAuth/Interop/Public -Xcc -I/Users/siam/Library/Developer/Xcode/DerivedData/Lingua_Quest-gvpckrqxtbgyprbgppjfqmimmmfw/SourcePackages/checkouts/firebase-ios-sdk/FirebaseAppCheck/Sources/Public -Xcc -I/Users/siam/Library/Developer/Xcode/DerivedData/Lingua_Quest-gvpckrqxtbgyprbgppjfqmimmmfw/SourcePackages/checkouts/firebase-ios-sdk/FirebaseCore/Sources/Public -Xcc -I/Users/siam/Library/Developer/Xcode/DerivedData/Lingua_Quest-gvpckrqxtbgyprbgppjfqmimmmfw/SourcePackages/checkouts/firebase-ios-sdk/CoreOnly/Sources -Xcc -I/Users/siam/Library/Developer/Xcode/DerivedData/Lingua_Quest-gvpckrqxtbgyprbgppjfqmimmmfw/SourcePackages/checkouts/firebase-ios-sdk/FirebaseAppCheck/Interop/Public -Xcc -I/Users/siam/Library/Developer/Xcode/DerivedData/Lingua_Quest-gvpckrqxtbgyprbgppjfqmimmmfw/Build/Products/Debug-iphonesimulator/include -Xcc -I/Users/siam/Library/Developer/Xcode/DerivedData/Lingua_Quest-gvpckrqxtbgyprbgppjfqmimmmfw/Build/Intermediates.noindex/Firebase.build/Debug-iphonesimulator/FirebaseAILogic.build/DerivedSources-normal/x86_64 -Xcc -I/Users/siam/Library/Developer/Xcode/DerivedData/Lingua_Quest-gvpckrqxtbgyprbgppjfqmimmmfw/Build/Intermediates.noindex/Firebase.build/Debug-iphonesimulator/FirebaseAILogic.build/DerivedSources/x86_64 -Xcc -I/Users/siam/Library/Developer/Xcode/DerivedData/Lingua_Quest-gvpckrqxtbgyprbgppjfqmimmmfw/Build/Intermediates.noindex/Firebase.build/Debug-iphonesimulator/FirebaseAILogic.build/DerivedSources -Xcc -DSWIFT_PACKAGE -Xcc -DDEBUG\=1 -emit-objc-header -emit-objc-header-path /Users/siam/Library/Developer/Xcode/DerivedData/Lingua_Quest-gvpckrqxtbgyprbgppjfqmimmmfw/Build/Intermediates.noindex/Firebase.build/Debug-iphonesimulator/FirebaseAILogic.build/Objects-normal/x86_64/FirebaseAILogic-Swift.h -working-directory /Users/siam/Desktop/Lingua\ Quest/Lingua\ Quest.xcodeproj -experimental-emit-module-separately -disable-cmo

SwiftDriver FirebaseAILogic normal arm64 com.apple.xcode.tools.swift.compiler (in target 'FirebaseAILogic' from project 'Firebase')
    cd /Users/siam/Desktop/Lingua\ Quest/Lingua\ Quest.xcodeproj
    builtin-SwiftDriver -- /Applications/Xcode.app/Contents/Developer/Toolchains/XcodeDefault.xctoolchain/usr/bin/swiftc -module-name FirebaseAILogic -Onone -enforce-exclusivity\=checked @/Users/siam/Library/Developer/Xcode/DerivedData/Lingua_Quest-gvpckrqxtbgyprbgppjfqmimmmfw/Build/Intermediates.noindex/Firebase.build/Debug-iphonesimulator/FirebaseAILogic.build/Objects-normal/arm64/FirebaseAILogic.SwiftFileList -DSWIFT_PACKAGE -DDEBUG -DSWIFT_MODULE_RESOURCE_BUNDLE_UNAVAILABLE -DIS_FOUNDATION_MODELS_SUPPORTED_PLATFORM -Xcc -fmodule-map-file\=/Users/siam/Library/Developer/Xcode/DerivedData/Lingua_Quest-gvpckrqxtbgyprbgppjfqmimmmfw/Build/Intermediates.noindex/GeneratedModuleMaps-iphonesimulator/GoogleUtilities-NSData.modulemap -Xcc -fmodule-map-file\=/Users/siam/Library/Developer/Xcode/DerivedData/Lingua_Quest-gvpckrqxtbgyprbgppjfqmimmmfw/Build/Intermediates.noindex/GeneratedModuleMaps-iphonesimulator/RecaptchaInterop.modulemap -Xcc -fmodule-map-file\=/Users/siam/Library/Developer/Xcode/DerivedData/Lingua_Quest-gvpckrqxtbgyprbgppjfqmimmmfw/Build/Intermediates.noindex/GeneratedModuleMaps-iphonesimulator/AppCheckCore.modulemap -Xcc -fmodule-map-file\=/Users/siam/Library/Developer/Xcode/DerivedData/Lingua_Quest-gvpckrqxtbgyprbgppjfqmimmmfw/Build/Intermediates.noindex/GeneratedModuleMaps-iphonesimulator/GoogleUtilities-Logger.modulemap -Xcc -fmodule-map-file\=/Users/siam/Library/Developer/Xcode/DerivedData/Lingua_Quest-gvpckrqxtbgyprbgppjfqmimmmfw/Build/Intermediates.noindex/GeneratedModuleMaps-iphonesimulator/GoogleUtilities-Environment.modulemap -Xcc -fmodule-map-file\=/Users/siam/Library/Developer/Xcode/DerivedData/Lingua_Quest-gvpckrqxtbgyprbgppjfqmimmmfw/Build/Intermediates.noindex/GeneratedModuleMaps-iphonesimulator/third-party-IsAppEncrypted.modulemap -Xcc -fmodule-map-file\=/Users/siam/Library/Developer/Xcode/DerivedData/Lingua_Quest-gvpckrqxtbgyprbgppjfqmimmmfw/Build/Intermediates.noindex/GeneratedModuleMaps-iphonesimulator/GoogleUtilities-UserDefaults.modulemap -Xcc -fmodule-map-file\=/Users/siam/Library/Developer/Xcode/DerivedData/Lingua_Quest-gvpckrqxtbgyprbgppjfqmimmmfw/Build/Intermediates.noindex/GeneratedModuleMaps-iphonesimulator/FirebaseCoreExtension.modulemap -Xcc -fmodule-map-file\=/Users/siam/Library/Developer/Xcode/DerivedData/Lingua_Quest-gvpckrqxtbgyprbgppjfqmimmmfw/Build/Intermediates.noindex/GeneratedModuleMaps-iphonesimulator/FirebaseAuthInterop.modulemap -Xcc -fmodule-map-file\=/Users/siam/Library/Developer/Xcode/DerivedData/Lingua_Quest-gvpckrqxtbgyprbgppjfqmimmmfw/Build/Intermediates.noindex/GeneratedModuleMaps-iphonesimulator/FirebaseAppCheck.modulemap -Xcc -fmodule-map-file\=/Users/siam/Library/Developer/Xcode/DerivedData/Lingua_Quest-gvpckrqxtbgyprbgppjfqmimmmfw/Build/Intermediates.noindex/GeneratedModuleMaps-iphonesimulator/FirebaseCore.modulemap -Xcc -fmodule-map-file\=/Users/siam/Library/Developer/Xcode/DerivedData/Lingua_Quest-gvpckrqxtbgyprbgppjfqmimmmfw/Build/Intermediates.noindex/GeneratedModuleMaps-iphonesimulator/FirebaseAppCheckInterop.modulemap -DXcode -plugin-path /Applications/Xcode.app/Contents/Developer/Toolchains/XcodeDefault.xctoolchain/usr/lib/swift/host/plugins/testing -enable-experimental-feature DebugDescriptionMacro -sdk /Applications/Xcode.app/Contents/Developer/Platforms/iPhoneSimulator.platform/Developer/SDKs/iPhoneSimulator26.0.sdk -target arm64-apple-ios15.0-simulator -g -module-cache-path /Users/siam/Library/Developer/Xcode/DerivedData/ModuleCache.noindex -Xfrontend -serialize-debugging-options -profile-coverage-mapping -profile-generate -enable-testing -suppress-warnings -index-store-path /Users/siam/Library/Developer/Xcode/DerivedData/Lingua_Quest-gvpckrqxtbgyprbgppjfqmimmmfw/Index.noindex/DataStore -Xcc -D_LIBCPP_HARDENING_MODE\=_LIBCPP_HARDENING_MODE_DEBUG -swift-version 6 -I /Users/siam/Library/Developer/Xcode/DerivedData/Lingua_Quest-gvpckrqxtbgyprbgppjfqmimmmfw/Build/Products/Debug-iphonesimulator -Isystem /Applications/Xcode.app/Contents/Developer/Platforms/iPhoneSimulator.platform/Developer/usr/lib -F /Users/siam/Library/Developer/Xcode/DerivedData/Lingua_Quest-gvpckrqxtbgyprbgppjfqmimmmfw/Build/Products/Debug-iphonesimulator/PackageFrameworks -F /Users/siam/Library/Developer/Xcode/DerivedData/Lingua_Quest-gvpckrqxtbgyprbgppjfqmimmmfw/Build/Products/Debug-iphonesimulator/PackageFrameworks -F /Users/siam/Library/Developer/Xcode/DerivedData/Lingua_Quest-gvpckrqxtbgyprbgppjfqmimmmfw/Build/Products/Debug-iphonesimulator/PackageFrameworks -F /Users/siam/Library/Developer/Xcode/DerivedData/Lingua_Quest-gvpckrqxtbgyprbgppjfqmimmmfw/Build/Products/Debug-iphonesimulator/PackageFrameworks -F /Users/siam/Library/Developer/Xcode/DerivedData/Lingua_Quest-gvpckrqxtbgyprbgppjfqmimmmfw/Build/Products/Debug-iphonesimulator/PackageFrameworks -F /Users/siam/Library/Developer/Xcode/DerivedData/Lingua_Quest-gvpckrqxtbgyprbgppjfqmimmmfw/Build/Products/Debug-iphonesimulator/PackageFrameworks -F /Users/siam/Library/Developer/Xcode/DerivedData/Lingua_Quest-gvpckrqxtbgyprbgppjfqmimmmfw/Build/Products/Debug-iphonesimulator/PackageFrameworks -F /Users/siam/Library/Developer/Xcode/DerivedData/Lingua_Quest-gvpckrqxtbgyprbgppjfqmimmmfw/Build/Products/Debug-iphonesimulator/PackageFrameworks -F /Users/siam/Library/Developer/Xcode/DerivedData/Lingua_Quest-gvpckrqxtbgyprbgppjfqmimmmfw/Build/Products/Debug-iphonesimulator/PackageFrameworks -F /Users/siam/Library/Developer/Xcode/DerivedData/Lingua_Quest-gvpckrqxtbgyprbgppjfqmimmmfw/Build/Products/Debug-iphonesimulator/PackageFrameworks -F /Users/siam/Library/Developer/Xcode/DerivedData/Lingua_Quest-gvpckrqxtbgyprbgppjfqmimmmfw/Build/Products/Debug-iphonesimulator/PackageFrameworks -F /Users/siam/Library/Developer/Xcode/DerivedData/Lingua_Quest-gvpckrqxtbgyprbgppjfqmimmmfw/Build/Products/Debug-iphonesimulator/PackageFrameworks -F /Users/siam/Library/Developer/Xcode/DerivedData/Lingua_Quest-gvpckrqxtbgyprbgppjfqmimmmfw/Build/Products/Debug-iphonesimulator/PackageFrameworks -F /Users/siam/Library/Developer/Xcode/DerivedData/Lingua_Quest-gvpckrqxtbgyprbgppjfqmimmmfw/Build/Products/Debug-iphonesimulator/PackageFrameworks -F /Users/siam/Library/Developer/Xcode/DerivedData/Lingua_Quest-gvpckrqxtbgyprbgppjfqmimmmfw/Build/Products/Debug-iphonesimulator/PackageFrameworks -F /Users/siam/Library/Developer/Xcode/DerivedData/Lingua_Quest-gvpckrqxtbgyprbgppjfqmimmmfw/Build/Products/Debug-iphonesimulator/PackageFrameworks -F /Users/siam/Library/Developer/Xcode/DerivedData/Lingua_Quest-gvpckrqxtbgyprbgppjfqmimmmfw/Build/Products/Debug-iphonesimulator/PackageFrameworks -F /Users/siam/Library/Developer/Xcode/DerivedData/Lingua_Quest-gvpckrqxtbgyprbgppjfqmimmmfw/Build/Products/Debug-iphonesimulator -F /Applications/Xcode.app/Contents/Developer/Platforms/iPhoneSimulator.platform/Developer/Library/Frameworks -F /Applications/Xcode.app/Contents/Developer/Platforms/iPhoneSimulator.platform/Developer/SDKs/iPhoneSimulator26.0.sdk/Developer/Library/Frameworks -c -j12 -enable-batch-mode -incremental -Xcc -ivfsstatcache -Xcc /Users/siam/Library/Developer/Xcode/DerivedData/SDKStatCaches.noindex/iphonesimulator26.0-23A339-26257891a6c027eb51374368541b8346.sdkstatcache -output-file-map /Users/siam/Library/Developer/Xcode/DerivedData/Lingua_Quest-gvpckrqxtbgyprbgppjfqmimmmfw/Build/Intermediates.noindex/Firebase.build/Debug-iphonesimulator/FirebaseAILogic.build/Objects-normal/arm64/FirebaseAILogic-OutputFileMap.json -use-frontend-parseable-output -save-temps -no-color-diagnostics -explicit-module-build -module-cache-path /Users/siam/Library/Developer/Xcode/DerivedData/Lingua_Quest-gvpckrqxtbgyprbgppjfqmimmmfw/Build/Intermediates.noindex/SwiftExplicitPrecompiledModules -clang-scanner-module-cache-path /Users/siam/Library/Developer/Xcode/DerivedData/ModuleCache.noindex -sdk-module-cache-path /Users/siam/Library/Developer/Xcode/DerivedData/ModuleCache.noindex -serialize-diagnostics -emit-dependencies -emit-module -emit-module-path /Users/siam/Library/Developer/Xcode/DerivedData/Lingua_Quest-gvpckrqxtbgyprbgppjfqmimmmfw/Build/Intermediates.noindex/Firebase.build/Debug-iphonesimulator/FirebaseAILogic.build/Objects-normal/arm64/FirebaseAILogic.swiftmodule -user-module-version 12.16.0 -validate-clang-modules-once -clang-build-session-file /Users/siam/Library/Developer/Xcode/DerivedData/ModuleCache.noindex/Session.modulevalidation -package-name firebase_ios_sdk -Xcc -I/Users/siam/Library/Developer/Xcode/DerivedData/Lingua_Quest-gvpckrqxtbgyprbgppjfqmimmmfw/Build/Intermediates.noindex/Firebase.build/Debug-iphonesimulator/FirebaseAILogic.build/swift-overrides.hmap -emit-const-values -Xfrontend -const-gather-protocols-file -Xfrontend /Users/siam/Library/Developer/Xcode/DerivedData/Lingua_Quest-gvpckrqxtbgyprbgppjfqmimmmfw/Build/Intermediates.noindex/Firebase.build/Debug-iphonesimulator/FirebaseAILogic.build/Objects-normal/arm64/FirebaseAILogic_const_extract_protocols.json -Xcc -I/Users/siam/Library/Developer/Xcode/DerivedData/Lingua_Quest-gvpckrqxtbgyprbgppjfqmimmmfw/SourcePackages/checkouts/GoogleUtilities/GoogleUtilities/NSData+zlib/Public -Xcc -I/Users/siam/Library/Developer/Xcode/DerivedData/Lingua_Quest-gvpckrqxtbgyprbgppjfqmimmmfw/SourcePackages/checkouts/interop-ios-for-google-sdks/RecaptchaEnterprise/RecaptchaInterop/Public -Xcc -I/Users/siam/Library/Developer/Xcode/DerivedData/Lingua_Quest-gvpckrqxtbgyprbgppjfqmimmmfw/SourcePackages/checkouts/promises/Sources/FBLPromises/include -Xcc -I/Users/siam/Library/Developer/Xcode/DerivedData/Lingua_Quest-gvpckrqxtbgyprbgppjfqmimmmfw/SourcePackages/checkouts/app-check/AppCheckCore/Sources/Public -Xcc -I/Users/siam/Library/Developer/Xcode/DerivedData/Lingua_Quest-gvpckrqxtbgyprbgppjfqmimmmfw/SourcePackages/checkouts/GoogleUtilities/GoogleUtilities/Logger/Public -Xcc -I/Users/siam/Library/Developer/Xcode/DerivedData/Lingua_Quest-gvpckrqxtbgyprbgppjfqmimmmfw/SourcePackages/checkouts/GoogleUtilities/GoogleUtilities/Environment/Public -Xcc -I/Users/siam/Library/Developer/Xcode/DerivedData/Lingua_Quest-gvpckrqxtbgyprbgppjfqmimmmfw/SourcePackages/checkouts/GoogleUtilities/third_party/IsAppEncrypted/Public -Xcc -I/Users/siam/Library/Developer/Xcode/DerivedData/Lingua_Quest-gvpckrqxtbgyprbgppjfqmimmmfw/SourcePackages/checkouts/GoogleUtilities/GoogleUtilities/UserDefaults/Public -Xcc -I/Users/siam/Library/Developer/Xcode/DerivedData/Lingua_Quest-gvpckrqxtbgyprbgppjfqmimmmfw/SourcePackages/checkouts/firebase-ios-sdk/FirebaseCore/Extension -Xcc -I/Users/siam/Library/Developer/Xcode/DerivedData/Lingua_Quest-gvpckrqxtbgyprbgppjfqmimmmfw/SourcePackages/checkouts/firebase-ios-sdk/FirebaseAuth/Interop/Public -Xcc -I/Users/siam/Library/Developer/Xcode/DerivedData/Lingua_Quest-gvpckrqxtbgyprbgppjfqmimmmfw/SourcePackages/checkouts/firebase-ios-sdk/FirebaseAppCheck/Sources/Public -Xcc -I/Users/siam/Library/Developer/Xcode/DerivedData/Lingua_Quest-gvpckrqxtbgyprbgppjfqmimmmfw/SourcePackages/checkouts/firebase-ios-sdk/FirebaseCore/Sources/Public -Xcc -I/Users/siam/Library/Developer/Xcode/DerivedData/Lingua_Quest-gvpckrqxtbgyprbgppjfqmimmmfw/SourcePackages/checkouts/firebase-ios-sdk/CoreOnly/Sources -Xcc -I/Users/siam/Library/Developer/Xcode/DerivedData/Lingua_Quest-gvpckrqxtbgyprbgppjfqmimmmfw/SourcePackages/checkouts/firebase-ios-sdk/FirebaseAppCheck/Interop/Public -Xcc -I/Users/siam/Library/Developer/Xcode/DerivedData/Lingua_Quest-gvpckrqxtbgyprbgppjfqmimmmfw/Build/Products/Debug-iphonesimulator/include -Xcc -I/Users/siam/Library/Developer/Xcode/DerivedData/Lingua_Quest-gvpckrqxtbgyprbgppjfqmimmmfw/Build/Intermediates.noindex/Firebase.build/Debug-iphonesimulator/FirebaseAILogic.build/DerivedSources-normal/arm64 -Xcc -I/Users/siam/Library/Developer/Xcode/DerivedData/Lingua_Quest-gvpckrqxtbgyprbgppjfqmimmmfw/Build/Intermediates.noindex/Firebase.build/Debug-iphonesimulator/FirebaseAILogic.build/DerivedSources/arm64 -Xcc -I/Users/siam/Library/Developer/Xcode/DerivedData/Lingua_Quest-gvpckrqxtbgyprbgppjfqmimmmfw/Build/Intermediates.noindex/Firebase.build/Debug-iphonesimulator/FirebaseAILogic.build/DerivedSources -Xcc -DSWIFT_PACKAGE -Xcc -DDEBUG\=1 -emit-objc-header -emit-objc-header-path /Users/siam/Library/Developer/Xcode/DerivedData/Lingua_Quest-gvpckrqxtbgyprbgppjfqmimmmfw/Build/Intermediates.noindex/Firebase.build/Debug-iphonesimulator/FirebaseAILogic.build/Objects-normal/arm64/FirebaseAILogic-Swift.h -working-directory /Users/siam/Desktop/Lingua\ Quest/Lingua\ Quest.xcodeproj -experimental-emit-module-separately -disable-cmo

CreateUniversalBinary /Users/siam/Library/Developer/Xcode/DerivedData/Lingua_Quest-gvpckrqxtbgyprbgppjfqmimmmfw/Build/Products/Debug-iphonesimulator/GTMAppAuth.o normal arm64\ x86_64 (in target 'GTMAppAuth' from project 'GTMAppAuth')
    cd /Users/siam/Library/Developer/Xcode/DerivedData/Lingua_Quest-gvpckrqxtbgyprbgppjfqmimmmfw/SourcePackages/checkouts/GTMAppAuth
    /Applications/Xcode.app/Contents/Developer/Toolchains/XcodeDefault.xctoolchain/usr/bin/lipo -create /Users/siam/Library/Developer/Xcode/DerivedData/Lingua_Quest-gvpckrqxtbgyprbgppjfqmimmmfw/Build/Intermediates.noindex/GTMAppAuth.build/Debug-iphonesimulator/GTMAppAuth.build/Objects-normal/arm64/Binary/GTMAppAuth.o /Users/siam/Library/Developer/Xcode/DerivedData/Lingua_Quest-gvpckrqxtbgyprbgppjfqmimmmfw/Build/Intermediates.noindex/GTMAppAuth.build/Debug-iphonesimulator/GTMAppAuth.build/Objects-normal/x86_64/Binary/GTMAppAuth.o -output /Users/siam/Library/Developer/Xcode/DerivedData/Lingua_Quest-gvpckrqxtbgyprbgppjfqmimmmfw/Build/Products/Debug-iphonesimulator/GTMAppAuth.o

CreateUniversalBinary /Users/siam/Library/Developer/Xcode/DerivedData/Lingua_Quest-gvpckrqxtbgyprbgppjfqmimmmfw/Build/Products/Debug-iphonesimulator/AppAuth.o normal arm64\ x86_64 (in target 'AppAuth' from project 'AppAuth')
    cd /Users/siam/Library/Developer/Xcode/DerivedData/Lingua_Quest-gvpckrqxtbgyprbgppjfqmimmmfw/SourcePackages/checkouts/AppAuth-iOS
    /Applications/Xcode.app/Contents/Developer/Toolchains/XcodeDefault.xctoolchain/usr/bin/lipo -create /Users/siam/Library/Developer/Xcode/DerivedData/Lingua_Quest-gvpckrqxtbgyprbgppjfqmimmmfw/Build/Intermediates.noindex/AppAuth.build/Debug-iphonesimulator/AppAuth.build/Objects-normal/arm64/Binary/AppAuth.o /Users/siam/Library/Developer/Xcode/DerivedData/Lingua_Quest-gvpckrqxtbgyprbgppjfqmimmmfw/Build/Intermediates.noindex/AppAuth.build/Debug-iphonesimulator/AppAuth.build/Objects-normal/x86_64/Binary/AppAuth.o -output /Users/siam/Library/Developer/Xcode/DerivedData/Lingua_Quest-gvpckrqxtbgyprbgppjfqmimmmfw/Build/Products/Debug-iphonesimulator/AppAuth.o

ExtractAppIntentsMetadata (in target 'GTMAppAuth' from project 'GTMAppAuth')
    cd /Users/siam/Library/Developer/Xcode/DerivedData/Lingua_Quest-gvpckrqxtbgyprbgppjfqmimmmfw/SourcePackages/checkouts/GTMAppAuth
    /Applications/Xcode.app/Contents/Developer/Toolchains/XcodeDefault.xctoolchain/usr/bin/appintentsmetadataprocessor --toolchain-dir /Applications/Xcode.app/Contents/Developer/Toolchains/XcodeDefault.xctoolchain --module-name GTMAppAuth --sdk-root /Applications/Xcode.app/Contents/Developer/Platforms/iPhoneSimulator.platform/Developer/SDKs/iPhoneSimulator26.0.sdk --xcode-version 17A400 --platform-family iOS --deployment-target 12.0 --bundle-identifier gtmappauth.GTMAppAuth --output /Users/siam/Library/Developer/Xcode/DerivedData/Lingua_Quest-gvpckrqxtbgyprbgppjfqmimmmfw/Build/Products/Debug-iphonesimulator/GTMAppAuth.appintents --target-triple arm64-apple-ios12.0-simulator --target-triple x86_64-apple-ios12.0-simulator --binary-file /Users/siam/Library/Developer/Xcode/DerivedData/Lingua_Quest-gvpckrqxtbgyprbgppjfqmimmmfw/Build/Products/Debug-iphonesimulator/GTMAppAuth.o --dependency-file /Users/siam/Library/Developer/Xcode/DerivedData/Lingua_Quest-gvpckrqxtbgyprbgppjfqmimmmfw/Build/Intermediates.noindex/GTMAppAuth.build/Debug-iphonesimulator/GTMAppAuth.build/Objects-normal/arm64/GTMAppAuth_dependency_info.dat --dependency-file /Users/siam/Library/Developer/Xcode/DerivedData/Lingua_Quest-gvpckrqxtbgyprbgppjfqmimmmfw/Build/Intermediates.noindex/GTMAppAuth.build/Debug-iphonesimulator/GTMAppAuth.build/Objects-normal/x86_64/GTMAppAuth_dependency_info.dat --stringsdata-file /Users/siam/Library/Developer/Xcode/DerivedData/Lingua_Quest-gvpckrqxtbgyprbgppjfqmimmmfw/Build/Intermediates.noindex/GTMAppAuth.build/Debug-iphonesimulator/GTMAppAuth.build/Objects-normal/arm64/ExtractedAppShortcutsMetadata.stringsdata --stringsdata-file /Users/siam/Library/Developer/Xcode/DerivedData/Lingua_Quest-gvpckrqxtbgyprbgppjfqmimmmfw/Build/Intermediates.noindex/GTMAppAuth.build/Debug-iphonesimulator/GTMAppAuth.build/Objects-normal/x86_64/ExtractedAppShortcutsMetadata.stringsdata --source-file-list /Users/siam/Library/Developer/Xcode/DerivedData/Lingua_Quest-gvpckrqxtbgyprbgppjfqmimmmfw/Build/Intermediates.noindex/GTMAppAuth.build/Debug-iphonesimulator/GTMAppAuth.build/Objects-normal/arm64/GTMAppAuth.SwiftFileList --source-file-list /Users/siam/Library/Developer/Xcode/DerivedData/Lingua_Quest-gvpckrqxtbgyprbgppjfqmimmmfw/Build/Intermediates.noindex/GTMAppAuth.build/Debug-iphonesimulator/GTMAppAuth.build/Objects-normal/x86_64/GTMAppAuth.SwiftFileList --metadata-file-list /Users/siam/Library/Developer/Xcode/DerivedData/Lingua_Quest-gvpckrqxtbgyprbgppjfqmimmmfw/Build/Intermediates.noindex/GTMAppAuth.build/Debug-iphonesimulator/GTMAppAuth.build/GTMAppAuth.DependencyMetadataFileList --static-metadata-file-list /Users/siam/Library/Developer/Xcode/DerivedData/Lingua_Quest-gvpckrqxtbgyprbgppjfqmimmmfw/Build/Intermediates.noindex/GTMAppAuth.build/Debug-iphonesimulator/GTMAppAuth.build/GTMAppAuth.DependencyStaticMetadataFileList --swift-const-vals-list /Users/siam/Library/Developer/Xcode/DerivedData/Lingua_Quest-gvpckrqxtbgyprbgppjfqmimmmfw/Build/Intermediates.noindex/GTMAppAuth.build/Debug-iphonesimulator/GTMAppAuth.build/Objects-normal/arm64/GTMAppAuth.SwiftConstValuesFileList --swift-const-vals-list /Users/siam/Library/Developer/Xcode/DerivedData/Lingua_Quest-gvpckrqxtbgyprbgppjfqmimmmfw/Build/Intermediates.noindex/GTMAppAuth.build/Debug-iphonesimulator/GTMAppAuth.build/Objects-normal/x86_64/GTMAppAuth.SwiftConstValuesFileList --force --compile-time-extraction --deployment-aware-processing --validate-assistant-intents --no-app-shortcuts-localization
2026-07-23 19:53:21.631 appintentsmetadataprocessor[10789:96373] Starting appintentsmetadataprocessor export
2026-07-23 19:53:27.041 appintentsmetadataprocessor[10789:96373] Extracted no relevant App Intents symbols, skipping writing output

RegisterExecutionPolicyException /Users/siam/Library/Developer/Xcode/DerivedData/Lingua_Quest-gvpckrqxtbgyprbgppjfqmimmmfw/Build/Products/Debug-iphonesimulator/AppCheckCore.o (in target 'AppCheckCore' from project 'AppCheck')
    cd /Users/siam/Library/Developer/Xcode/DerivedData/Lingua_Quest-gvpckrqxtbgyprbgppjfqmimmmfw/SourcePackages/checkouts/app-check
    builtin-RegisterExecutionPolicyException /Users/siam/Library/Developer/Xcode/DerivedData/Lingua_Quest-gvpckrqxtbgyprbgppjfqmimmmfw/Build/Products/Debug-iphonesimulator/AppCheckCore.o

Ld /Users/siam/Library/Developer/Xcode/DerivedData/Lingua_Quest-gvpckrqxtbgyprbgppjfqmimmmfw/Build/Intermediates.noindex/Firebase.build/Debug-iphonesimulator/FirebaseFirestore.build/Objects-normal/x86_64/Binary/FirebaseFirestore.o normal x86_64 (in target 'FirebaseFirestore' from project 'Firebase')
    cd /Users/siam/Library/Developer/Xcode/DerivedData/Lingua_Quest-gvpckrqxtbgyprbgppjfqmimmmfw/SourcePackages/checkouts/firebase-ios-sdk
    /Applications/Xcode.app/Contents/Developer/Toolchains/XcodeDefault.xctoolchain/usr/bin/clang -Xlinker -reproducible -target x86_64-apple-ios15.0-simulator -r -isysroot /Applications/Xcode.app/Contents/Developer/Platforms/iPhoneSimulator.platform/Developer/SDKs/iPhoneSimulator26.0.sdk -O0 -w -L/Users/siam/Library/Developer/Xcode/DerivedData/Lingua_Quest-gvpckrqxtbgyprbgppjfqmimmmfw/Build/Intermediates.noindex/EagerLinkingTBDs/Debug-iphonesimulator -L/Users/siam/Library/Developer/Xcode/DerivedData/Lingua_Quest-gvpckrqxtbgyprbgppjfqmimmmfw/Build/Products/Debug-iphonesimulator -L/Applications/Xcode.app/Contents/Developer/Platforms/iPhoneSimulator.platform/Developer/usr/lib -F/Users/siam/Library/Developer/Xcode/DerivedData/Lingua_Quest-gvpckrqxtbgyprbgppjfqmimmmfw/Build/Intermediates.noindex/EagerLinkingTBDs/Debug-iphonesimulator -F/Users/siam/Library/Developer/Xcode/DerivedData/Lingua_Quest-gvpckrqxtbgyprbgppjfqmimmmfw/Build/Products/Debug-iphonesimulator/PackageFrameworks -F/Users/siam/Library/Developer/Xcode/DerivedData/Lingua_Quest-gvpckrqxtbgyprbgppjfqmimmmfw/Build/Products/Debug-iphonesimulator/PackageFrameworks -F/Users/siam/Library/Developer/Xcode/DerivedData/Lingua_Quest-gvpckrqxtbgyprbgppjfqmimmmfw/Build/Products/Debug-iphonesimulator/PackageFrameworks -F/Users/siam/Library/Developer/Xcode/DerivedData/Lingua_Quest-gvpckrqxtbgyprbgppjfqmimmmfw/Build/Products/Debug-iphonesimulator/PackageFrameworks -F/Users/siam/Library/Developer/Xcode/DerivedData/Lingua_Quest-gvpckrqxtbgyprbgppjfqmimmmfw/Build/Products/Debug-iphonesimulator/PackageFrameworks -F/Users/siam/Library/Developer/Xcode/DerivedData/Lingua_Quest-gvpckrqxtbgyprbgppjfqmimmmfw/Build/Products/Debug-iphonesimulator/PackageFrameworks -F/Users/siam/Library/Developer/Xcode/DerivedData/Lingua_Quest-gvpckrqxtbgyprbgppjfqmimmmfw/Build/Products/Debug-iphonesimulator/PackageFrameworks -F/Users/siam/Library/Developer/Xcode/DerivedData/Lingua_Quest-gvpckrqxtbgyprbgppjfqmimmmfw/Build/Products/Debug-iphonesimulator/PackageFrameworks -F/Users/siam/Library/Developer/Xcode/DerivedData/Lingua_Quest-gvpckrqxtbgyprbgppjfqmimmmfw/Build/Products/Debug-iphonesimulator/PackageFrameworks -F/Users/siam/Library/Developer/Xcode/DerivedData/Lingua_Quest-gvpckrqxtbgyprbgppjfqmimmmfw/Build/Products/Debug-iphonesimulator/PackageFrameworks -F/Users/siam/Library/Developer/Xcode/DerivedData/Lingua_Quest-gvpckrqxtbgyprbgppjfqmimmmfw/Build/Products/Debug-iphonesimulator/PackageFrameworks -F/Users/siam/Library/Developer/Xcode/DerivedData/Lingua_Quest-gvpckrqxtbgyprbgppjfqmimmmfw/Build/Products/Debug-iphonesimulator/PackageFrameworks -F/Users/siam/Library/Developer/Xcode/DerivedData/Lingua_Quest-gvpckrqxtbgyprbgppjfqmimmmfw/Build/Products/Debug-iphonesimulator/PackageFrameworks -F/Users/siam/Library/Developer/Xcode/DerivedData/Lingua_Quest-gvpckrqxtbgyprbgppjfqmimmmfw/Build/Products/Debug-iphonesimulator/PackageFrameworks -F/Users/siam/Library/Developer/Xcode/DerivedData/Lingua_Quest-gvpckrqxtbgyprbgppjfqmimmmfw/Build/Products/Debug-iphonesimulator/PackageFrameworks -F/Users/siam/Library/Developer/Xcode/DerivedData/Lingua_Quest-gvpckrqxtbgyprbgppjfqmimmmfw/Build/Products/Debug-iphonesimulator/PackageFrameworks -F/Users/siam/Library/Developer/Xcode/DerivedData/Lingua_Quest-gvpckrqxtbgyprbgppjfqmimmmfw/Build/Products/Debug-iphonesimulator/PackageFrameworks -F/Users/siam/Library/Developer/Xcode/DerivedData/Lingua_Quest-gvpckrqxtbgyprbgppjfqmimmmfw/Build/Products/Debug-iphonesimulator -iframework /Applications/Xcode.app/Contents/Developer/Platforms/iPhoneSimulator.platform/Developer/Library/Frameworks -iframework /Applications/Xcode.app/Contents/Developer/Platforms/iPhoneSimulator.platform/Developer/SDKs/iPhoneSimulator26.0.sdk/Developer/Library/Frameworks -filelist /Users/siam/Library/Developer/Xcode/DerivedData/Lingua_Quest-gvpckrqxtbgyprbgppjfqmimmmfw/Build/Intermediates.noindex/Firebase.build/Debug-iphonesimulator/FirebaseFirestore.build/Objects-normal/x86_64/FirebaseFirestore.LinkFileList -nostdlib -Xlinker -object_path_lto -Xlinker /Users/siam/Library/Developer/Xcode/DerivedData/Lingua_Quest-gvpckrqxtbgyprbgppjfqmimmmfw/Build/Intermediates.noindex/Firebase.build/Debug-iphonesimulator/FirebaseFirestore.build/Objects-normal/x86_64/FirebaseFirestore_lto.o -rdynamic -Xlinker -no_deduplicate -Xlinker -objc_abi_version -Xlinker 2 -Xlinker -debug_variant -Xlinker -dependency_info -Xlinker /Users/siam/Library/Developer/Xcode/DerivedData/Lingua_Quest-gvpckrqxtbgyprbgppjfqmimmmfw/Build/Intermediates.noindex/Firebase.build/Debug-iphonesimulator/FirebaseFirestore.build/Objects-normal/x86_64/FirebaseFirestore_dependency_info.dat -fobjc-link-runtime -L/Applications/Xcode.app/Contents/Developer/Toolchains/XcodeDefault.xctoolchain/usr/lib/swift/iphonesimulator -L/usr/lib/swift -Xlinker -add_ast_path -Xlinker /Users/siam/Library/Developer/Xcode/DerivedData/Lingua_Quest-gvpckrqxtbgyprbgppjfqmimmmfw/Build/Intermediates.noindex/Firebase.build/Debug-iphonesimulator/FirebaseFirestore.build/Objects-normal/x86_64/FirebaseFirestore.swiftmodule @/Users/siam/Library/Developer/Xcode/DerivedData/Lingua_Quest-gvpckrqxtbgyprbgppjfqmimmmfw/Build/Intermediates.noindex/Firebase.build/Debug-iphonesimulator/FirebaseFirestore.build/Objects-normal/x86_64/FirebaseFirestore-linker-args.resp -o /Users/siam/Library/Developer/Xcode/DerivedData/Lingua_Quest-gvpckrqxtbgyprbgppjfqmimmmfw/Build/Intermediates.noindex/Firebase.build/Debug-iphonesimulator/FirebaseFirestore.build/Objects-normal/x86_64/Binary/FirebaseFirestore.o

Ld /Users/siam/Library/Developer/Xcode/DerivedData/Lingua_Quest-gvpckrqxtbgyprbgppjfqmimmmfw/Build/Intermediates.noindex/Firebase.build/Debug-iphonesimulator/FirebaseFirestore.build/Objects-normal/arm64/Binary/FirebaseFirestore.o normal arm64 (in target 'FirebaseFirestore' from project 'Firebase')
    cd /Users/siam/Library/Developer/Xcode/DerivedData/Lingua_Quest-gvpckrqxtbgyprbgppjfqmimmmfw/SourcePackages/checkouts/firebase-ios-sdk
    /Applications/Xcode.app/Contents/Developer/Toolchains/XcodeDefault.xctoolchain/usr/bin/clang -Xlinker -reproducible -target arm64-apple-ios15.0-simulator -r -isysroot /Applications/Xcode.app/Contents/Developer/Platforms/iPhoneSimulator.platform/Developer/SDKs/iPhoneSimulator26.0.sdk -O0 -w -L/Users/siam/Library/Developer/Xcode/DerivedData/Lingua_Quest-gvpckrqxtbgyprbgppjfqmimmmfw/Build/Intermediates.noindex/EagerLinkingTBDs/Debug-iphonesimulator -L/Users/siam/Library/Developer/Xcode/DerivedData/Lingua_Quest-gvpckrqxtbgyprbgppjfqmimmmfw/Build/Products/Debug-iphonesimulator -L/Applications/Xcode.app/Contents/Developer/Platforms/iPhoneSimulator.platform/Developer/usr/lib -F/Users/siam/Library/Developer/Xcode/DerivedData/Lingua_Quest-gvpckrqxtbgyprbgppjfqmimmmfw/Build/Intermediates.noindex/EagerLinkingTBDs/Debug-iphonesimulator -F/Users/siam/Library/Developer/Xcode/DerivedData/Lingua_Quest-gvpckrqxtbgyprbgppjfqmimmmfw/Build/Products/Debug-iphonesimulator/PackageFrameworks -F/Users/siam/Library/Developer/Xcode/DerivedData/Lingua_Quest-gvpckrqxtbgyprbgppjfqmimmmfw/Build/Products/Debug-iphonesimulator/PackageFrameworks -F/Users/siam/Library/Developer/Xcode/DerivedData/Lingua_Quest-gvpckrqxtbgyprbgppjfqmimmmfw/Build/Products/Debug-iphonesimulator/PackageFrameworks -F/Users/siam/Library/Developer/Xcode/DerivedData/Lingua_Quest-gvpckrqxtbgyprbgppjfqmimmmfw/Build/Products/Debug-iphonesimulator/PackageFrameworks -F/Users/siam/Library/Developer/Xcode/DerivedData/Lingua_Quest-gvpckrqxtbgyprbgppjfqmimmmfw/Build/Products/Debug-iphonesimulator/PackageFrameworks -F/Users/siam/Library/Developer/Xcode/DerivedData/Lingua_Quest-gvpckrqxtbgyprbgppjfqmimmmfw/Build/Products/Debug-iphonesimulator/PackageFrameworks -F/Users/siam/Library/Developer/Xcode/DerivedData/Lingua_Quest-gvpckrqxtbgyprbgppjfqmimmmfw/Build/Products/Debug-iphonesimulator/PackageFrameworks -F/Users/siam/Library/Developer/Xcode/DerivedData/Lingua_Quest-gvpckrqxtbgyprbgppjfqmimmmfw/Build/Products/Debug-iphonesimulator/PackageFrameworks -F/Users/siam/Library/Developer/Xcode/DerivedData/Lingua_Quest-gvpckrqxtbgyprbgppjfqmimmmfw/Build/Products/Debug-iphonesimulator/PackageFrameworks -F/Users/siam/Library/Developer/Xcode/DerivedData/Lingua_Quest-gvpckrqxtbgyprbgppjfqmimmmfw/Build/Products/Debug-iphonesimulator/PackageFrameworks -F/Users/siam/Library/Developer/Xcode/DerivedData/Lingua_Quest-gvpckrqxtbgyprbgppjfqmimmmfw/Build/Products/Debug-iphonesimulator/PackageFrameworks -F/Users/siam/Library/Developer/Xcode/DerivedData/Lingua_Quest-gvpckrqxtbgyprbgppjfqmimmmfw/Build/Products/Debug-iphonesimulator/PackageFrameworks -F/Users/siam/Library/Developer/Xcode/DerivedData/Lingua_Quest-gvpckrqxtbgyprbgppjfqmimmmfw/Build/Products/Debug-iphonesimulator/PackageFrameworks -F/Users/siam/Library/Developer/Xcode/DerivedData/Lingua_Quest-gvpckrqxtbgyprbgppjfqmimmmfw/Build/Products/Debug-iphonesimulator/PackageFrameworks -F/Users/siam/Library/Developer/Xcode/DerivedData/Lingua_Quest-gvpckrqxtbgyprbgppjfqmimmmfw/Build/Products/Debug-iphonesimulator/PackageFrameworks -F/Users/siam/Library/Developer/Xcode/DerivedData/Lingua_Quest-gvpckrqxtbgyprbgppjfqmimmmfw/Build/Products/Debug-iphonesimulator/PackageFrameworks -F/Users/siam/Library/Developer/Xcode/DerivedData/Lingua_Quest-gvpckrqxtbgyprbgppjfqmimmmfw/Build/Products/Debug-iphonesimulator/PackageFrameworks -F/Users/siam/Library/Developer/Xcode/DerivedData/Lingua_Quest-gvpckrqxtbgyprbgppjfqmimmmfw/Build/Products/Debug-iphonesimulator -iframework /Applications/Xcode.app/Contents/Developer/Platforms/iPhoneSimulator.platform/Developer/Library/Frameworks -iframework /Applications/Xcode.app/Contents/Developer/Platforms/iPhoneSimulator.platform/Developer/SDKs/iPhoneSimulator26.0.sdk/Developer/Library/Frameworks -filelist /Users/siam/Library/Developer/Xcode/DerivedData/Lingua_Quest-gvpckrqxtbgyprbgppjfqmimmmfw/Build/Intermediates.noindex/Firebase.build/Debug-iphonesimulator/FirebaseFirestore.build/Objects-normal/arm64/FirebaseFirestore.LinkFileList -nostdlib -Xlinker -object_path_lto -Xlinker /Users/siam/Library/Developer/Xcode/DerivedData/Lingua_Quest-gvpckrqxtbgyprbgppjfqmimmmfw/Build/Intermediates.noindex/Firebase.build/Debug-iphonesimulator/FirebaseFirestore.build/Objects-normal/arm64/FirebaseFirestore_lto.o -rdynamic -Xlinker -no_deduplicate -Xlinker -objc_abi_version -Xlinker 2 -Xlinker -debug_variant -Xlinker -dependency_info -Xlinker /Users/siam/Library/Developer/Xcode/DerivedData/Lingua_Quest-gvpckrqxtbgyprbgppjfqmimmmfw/Build/Intermediates.noindex/Firebase.build/Debug-iphonesimulator/FirebaseFirestore.build/Objects-normal/arm64/FirebaseFirestore_dependency_info.dat -fobjc-link-runtime -L/Applications/Xcode.app/Contents/Developer/Toolchains/XcodeDefault.xctoolchain/usr/lib/swift/iphonesimulator -L/usr/lib/swift -Xlinker -add_ast_path -Xlinker /Users/siam/Library/Developer/Xcode/DerivedData/Lingua_Quest-gvpckrqxtbgyprbgppjfqmimmmfw/Build/Intermediates.noindex/Firebase.build/Debug-iphonesimulator/FirebaseFirestore.build/Objects-normal/arm64/FirebaseFirestore.swiftmodule @/Users/siam/Library/Developer/Xcode/DerivedData/Lingua_Quest-gvpckrqxtbgyprbgppjfqmimmmfw/Build/Intermediates.noindex/Firebase.build/Debug-iphonesimulator/FirebaseFirestore.build/Objects-normal/arm64/FirebaseFirestore-linker-args.resp -o /Users/siam/Library/Developer/Xcode/DerivedData/Lingua_Quest-gvpckrqxtbgyprbgppjfqmimmmfw/Build/Intermediates.noindex/Firebase.build/Debug-iphonesimulator/FirebaseFirestore.build/Objects-normal/arm64/Binary/FirebaseFirestore.o

CompileC /Users/siam/Library/Developer/Xcode/DerivedData/Lingua_Quest-gvpckrqxtbgyprbgppjfqmimmmfw/Build/Intermediates.noindex/Firebase.build/Debug-iphonesimulator/FirebaseAppCheck.build/Objects-normal/arm64/FIRRecaptchaProvider.o /Users/siam/Library/Developer/Xcode/DerivedData/Lingua_Quest-gvpckrqxtbgyprbgppjfqmimmmfw/SourcePackages/checkouts/firebase-ios-sdk/FirebaseAppCheck/Sources/RecaptchaProvider/FIRRecaptchaProvider.m normal arm64 objective-c com.apple.compilers.llvm.clang.1_0.compiler (in target 'FirebaseAppCheck' from project 'Firebase')
    cd /Users/siam/Desktop/Lingua\ Quest/Lingua\ Quest.xcodeproj
    
    Using response file: /Users/siam/Library/Developer/Xcode/DerivedData/Lingua_Quest-gvpckrqxtbgyprbgppjfqmimmmfw/Build/Intermediates.noindex/Firebase.build/Debug-iphonesimulator/FirebaseAppCheck.build/Objects-normal/arm64/e6072d4f65d7061329687fe24e3d63a7-common-args.resp
    
    /Applications/Xcode.app/Contents/Developer/Toolchains/XcodeDefault.xctoolchain/usr/bin/clang -x objective-c -ivfsstatcache /Users/siam/Library/Developer/Xcode/DerivedData/SDKStatCaches.noindex/iphonesimulator26.0-23A339-26257891a6c027eb51374368541b8346.sdkstatcache -fmessage-length\=0 -fdiagnostics-show-note-include-stack -fmacro-backtrace-limit\=0 -fno-color-diagnostics -fmodules-prune-interval\=86400 -fmodules-prune-after\=345600 -fbuild-session-file\=/Users/siam/Library/Developer/Xcode/DerivedData/ModuleCache.noindex/Session.modulevalidation -fmodules-validate-once-per-build-session -Wnon-modular-include-in-framework-module -Werror\=non-modular-include-in-framework-module -Wno-trigraphs -Wno-missing-field-initializers -Wno-missing-prototypes -Wno-return-type -Wno-implicit-atomic-properties -Wno-objc-interface-ivars -Wno-arc-repeated-use-of-weak -Wno-missing-braces -Wparentheses -Wswitch -Wno-unused-function -Wno-unused-label -Wno-unused-parameter -Wno-unused-variable -Wunused-value -Wno-empty-body -Wno-uninitialized -Wno-unknown-pragmas -w -Wno-shadow -Wno-four-char-constants -Wno-conversion -Wno-constant-conversion -Wno-int-conversion -Wno-bool-conversion -Wno-enum-conversion -Wno-float-conversion -Wno-non-literal-null-conversion -Wno-objc-literal-conversion -Wshorten-64-to-32 -Wpointer-sign -Wno-newline-eof -Wno-selector -Wno-strict-selector-match -Wno-undeclared-selector -Wno-deprecated-implementations -Wno-implicit-fallthrough -fstrict-aliasing -Wprotocol -Wdeprecated-declarations -Wno-sign-conversion -Wno-infinite-recursion -Wno-comma -Wno-block-capture-autoreleasing -Wno-strict-prototypes -Wno-semicolon-before-method-body -index-store-path /Users/siam/Library/Developer/Xcode/DerivedData/Lingua_Quest-gvpckrqxtbgyprbgppjfqmimmmfw/Index.noindex/DataStore @/Users/siam/Library/Developer/Xcode/DerivedData/Lingua_Quest-gvpckrqxtbgyprbgppjfqmimmmfw/Build/Intermediates.noindex/Firebase.build/Debug-iphonesimulator/FirebaseAppCheck.build/Objects-normal/arm64/e6072d4f65d7061329687fe24e3d63a7-common-args.resp -MMD -MT dependencies -MF /Users/siam/Library/Developer/Xcode/DerivedData/Lingua_Quest-gvpckrqxtbgyprbgppjfqmimmmfw/Build/Intermediates.noindex/Firebase.build/Debug-iphonesimulator/FirebaseAppCheck.build/Objects-normal/arm64/FIRRecaptchaProvider.d --serialize-diagnostics /Users/siam/Library/Developer/Xcode/DerivedData/Lingua_Quest-gvpckrqxtbgyprbgppjfqmimmmfw/Build/Intermediates.noindex/Firebase.build/Debug-iphonesimulator/FirebaseAppCheck.build/Objects-normal/arm64/FIRRecaptchaProvider.dia -c /Users/siam/Library/Developer/Xcode/DerivedData/Lingua_Quest-gvpckrqxtbgyprbgppjfqmimmmfw/SourcePackages/checkouts/firebase-ios-sdk/FirebaseAppCheck/Sources/RecaptchaProvider/FIRRecaptchaProvider.m -o /Users/siam/Library/Developer/Xcode/DerivedData/Lingua_Quest-gvpckrqxtbgyprbgppjfqmimmmfw/Build/Intermediates.noindex/Firebase.build/Debug-iphonesimulator/FirebaseAppCheck.build/Objects-normal/arm64/FIRRecaptchaProvider.o -index-unit-output-path /Firebase.build/Debug-iphonesimulator/FirebaseAppCheck.build/Objects-normal/arm64/FIRRecaptchaProvider.o

CreateUniversalBinary /Users/siam/Library/Developer/Xcode/DerivedData/Lingua_Quest-gvpckrqxtbgyprbgppjfqmimmmfw/Build/Products/Debug-iphonesimulator/GoogleUtilities-AppDelegateSwizzler.o normal arm64\ x86_64 (in target 'GoogleUtilities-AppDelegateSwizzler' from project 'GoogleUtilities')
    cd /Users/siam/Library/Developer/Xcode/DerivedData/Lingua_Quest-gvpckrqxtbgyprbgppjfqmimmmfw/SourcePackages/checkouts/GoogleUtilities
    /Applications/Xcode.app/Contents/Developer/Toolchains/XcodeDefault.xctoolchain/usr/bin/lipo -create /Users/siam/Library/Developer/Xcode/DerivedData/Lingua_Quest-gvpckrqxtbgyprbgppjfqmimmmfw/Build/Intermediates.noindex/GoogleUtilities.build/Debug-iphonesimulator/GoogleUtilities-AppDelegateSwizzler.build/Objects-normal/arm64/Binary/GoogleUtilities-AppDelegateSwizzler.o /Users/siam/Library/Developer/Xcode/DerivedData/Lingua_Quest-gvpckrqxtbgyprbgppjfqmimmmfw/Build/Intermediates.noindex/GoogleUtilities.build/Debug-iphonesimulator/GoogleUtilities-AppDelegateSwizzler.build/Objects-normal/x86_64/Binary/GoogleUtilities-AppDelegateSwizzler.o -output /Users/siam/Library/Developer/Xcode/DerivedData/Lingua_Quest-gvpckrqxtbgyprbgppjfqmimmmfw/Build/Products/Debug-iphonesimulator/GoogleUtilities-AppDelegateSwizzler.o

RegisterExecutionPolicyException /Users/siam/Library/Developer/Xcode/DerivedData/Lingua_Quest-gvpckrqxtbgyprbgppjfqmimmmfw/Build/Products/Debug-iphonesimulator/AppAuth.o (in target 'AppAuth' from project 'AppAuth')
    cd /Users/siam/Library/Developer/Xcode/DerivedData/Lingua_Quest-gvpckrqxtbgyprbgppjfqmimmmfw/SourcePackages/checkouts/AppAuth-iOS
    builtin-RegisterExecutionPolicyException /Users/siam/Library/Developer/Xcode/DerivedData/Lingua_Quest-gvpckrqxtbgyprbgppjfqmimmmfw/Build/Products/Debug-iphonesimulator/AppAuth.o

RegisterExecutionPolicyException /Users/siam/Library/Developer/Xcode/DerivedData/Lingua_Quest-gvpckrqxtbgyprbgppjfqmimmmfw/Build/Products/Debug-iphonesimulator/GoogleUtilities-AppDelegateSwizzler.o (in target 'GoogleUtilities-AppDelegateSwizzler' from project 'GoogleUtilities')
    cd /Users/siam/Library/Developer/Xcode/DerivedData/Lingua_Quest-gvpckrqxtbgyprbgppjfqmimmmfw/SourcePackages/checkouts/GoogleUtilities
    builtin-RegisterExecutionPolicyException /Users/siam/Library/Developer/Xcode/DerivedData/Lingua_Quest-gvpckrqxtbgyprbgppjfqmimmmfw/Build/Products/Debug-iphonesimulator/GoogleUtilities-AppDelegateSwizzler.o

Ld /Users/siam/Library/Developer/Xcode/DerivedData/Lingua_Quest-gvpckrqxtbgyprbgppjfqmimmmfw/Build/Intermediates.noindex/AppCheck.build/Debug-iphonesimulator/AppCheckRecaptchaProvider.build/Objects-normal/x86_64/Binary/AppCheckRecaptchaProvider.o normal x86_64 (in target 'AppCheckRecaptchaProvider' from project 'AppCheck')
    cd /Users/siam/Library/Developer/Xcode/DerivedData/Lingua_Quest-gvpckrqxtbgyprbgppjfqmimmmfw/SourcePackages/checkouts/app-check
    /Applications/Xcode.app/Contents/Developer/Toolchains/XcodeDefault.xctoolchain/usr/bin/clang -Xlinker -reproducible -target x86_64-apple-ios12.0-simulator -r -isysroot /Applications/Xcode.app/Contents/Developer/Platforms/iPhoneSimulator.platform/Developer/SDKs/iPhoneSimulator26.0.sdk -O0 -w -L/Users/siam/Library/Developer/Xcode/DerivedData/Lingua_Quest-gvpckrqxtbgyprbgppjfqmimmmfw/Build/Intermediates.noindex/EagerLinkingTBDs/Debug-iphonesimulator -L/Users/siam/Library/Developer/Xcode/DerivedData/Lingua_Quest-gvpckrqxtbgyprbgppjfqmimmmfw/Build/Products/Debug-iphonesimulator -L/Applications/Xcode.app/Contents/Developer/Platforms/iPhoneSimulator.platform/Developer/usr/lib -F/Users/siam/Library/Developer/Xcode/DerivedData/Lingua_Quest-gvpckrqxtbgyprbgppjfqmimmmfw/Build/Intermediates.noindex/EagerLinkingTBDs/Debug-iphonesimulator -F/Users/siam/Library/Developer/Xcode/DerivedData/Lingua_Quest-gvpckrqxtbgyprbgppjfqmimmmfw/Build/Products/Debug-iphonesimulator/PackageFrameworks -F/Users/siam/Library/Developer/Xcode/DerivedData/Lingua_Quest-gvpckrqxtbgyprbgppjfqmimmmfw/Build/Products/Debug-iphonesimulator/PackageFrameworks -F/Users/siam/Library/Developer/Xcode/DerivedData/Lingua_Quest-gvpckrqxtbgyprbgppjfqmimmmfw/Build/Products/Debug-iphonesimulator/PackageFrameworks -F/Users/siam/Library/Developer/Xcode/DerivedData/Lingua_Quest-gvpckrqxtbgyprbgppjfqmimmmfw/Build/Products/Debug-iphonesimulator/PackageFrameworks -F/Users/siam/Library/Developer/Xcode/DerivedData/Lingua_Quest-gvpckrqxtbgyprbgppjfqmimmmfw/Build/Products/Debug-iphonesimulator/PackageFrameworks -F/Users/siam/Library/Developer/Xcode/DerivedData/Lingua_Quest-gvpckrqxtbgyprbgppjfqmimmmfw/Build/Products/Debug-iphonesimulator/PackageFrameworks -F/Users/siam/Library/Developer/Xcode/DerivedData/Lingua_Quest-gvpckrqxtbgyprbgppjfqmimmmfw/Build/Products/Debug-iphonesimulator/PackageFrameworks -F/Users/siam/Library/Developer/Xcode/DerivedData/Lingua_Quest-gvpckrqxtbgyprbgppjfqmimmmfw/Build/Products/Debug-iphonesimulator/PackageFrameworks -F/Users/siam/Library/Developer/Xcode/DerivedData/Lingua_Quest-gvpckrqxtbgyprbgppjfqmimmmfw/Build/Products/Debug-iphonesimulator -iframework /Applications/Xcode.app/Contents/Developer/Platforms/iPhoneSimulator.platform/Developer/Library/Frameworks -iframework /Applications/Xcode.app/Contents/Developer/Platforms/iPhoneSimulator.platform/Developer/SDKs/iPhoneSimulator26.0.sdk/Developer/Library/Frameworks -filelist /Users/siam/Library/Developer/Xcode/DerivedData/Lingua_Quest-gvpckrqxtbgyprbgppjfqmimmmfw/Build/Intermediates.noindex/AppCheck.build/Debug-iphonesimulator/AppCheckRecaptchaProvider.build/Objects-normal/x86_64/AppCheckRecaptchaProvider.LinkFileList -nostdlib -Xlinker -object_path_lto -Xlinker /Users/siam/Library/Developer/Xcode/DerivedData/Lingua_Quest-gvpckrqxtbgyprbgppjfqmimmmfw/Build/Intermediates.noindex/AppCheck.build/Debug-iphonesimulator/AppCheckRecaptchaProvider.build/Objects-normal/x86_64/AppCheckRecaptchaProvider_lto.o -rdynamic -Xlinker -no_deduplicate -Xlinker -objc_abi_version -Xlinker 2 -Xlinker -debug_variant -Xlinker -dependency_info -Xlinker /Users/siam/Library/Developer/Xcode/DerivedData/Lingua_Quest-gvpckrqxtbgyprbgppjfqmimmmfw/Build/Intermediates.noindex/AppCheck.build/Debug-iphonesimulator/AppCheckRecaptchaProvider.build/Objects-normal/x86_64/AppCheckRecaptchaProvider_dependency_info.dat -fobjc-link-runtime -L/Applications/Xcode.app/Contents/Developer/Toolchains/XcodeDefault.xctoolchain/usr/lib/swift/iphonesimulator -L/usr/lib/swift -Xlinker -add_ast_path -Xlinker /Users/siam/Library/Developer/Xcode/DerivedData/Lingua_Quest-gvpckrqxtbgyprbgppjfqmimmmfw/Build/Intermediates.noindex/AppCheck.build/Debug-iphonesimulator/AppCheckRecaptchaProvider.build/Objects-normal/x86_64/AppCheckRecaptchaProvider.swiftmodule @/Users/siam/Library/Developer/Xcode/DerivedData/Lingua_Quest-gvpckrqxtbgyprbgppjfqmimmmfw/Build/Intermediates.noindex/AppCheck.build/Debug-iphonesimulator/AppCheckRecaptchaProvider.build/Objects-normal/x86_64/AppCheckRecaptchaProvider-linker-args.resp -o /Users/siam/Library/Developer/Xcode/DerivedData/Lingua_Quest-gvpckrqxtbgyprbgppjfqmimmmfw/Build/Intermediates.noindex/AppCheck.build/Debug-iphonesimulator/AppCheckRecaptchaProvider.build/Objects-normal/x86_64/Binary/AppCheckRecaptchaProvider.o

Ld /Users/siam/Library/Developer/Xcode/DerivedData/Lingua_Quest-gvpckrqxtbgyprbgppjfqmimmmfw/Build/Intermediates.noindex/AppCheck.build/Debug-iphonesimulator/AppCheckRecaptchaProvider.build/Objects-normal/arm64/Binary/AppCheckRecaptchaProvider.o normal arm64 (in target 'AppCheckRecaptchaProvider' from project 'AppCheck')
    cd /Users/siam/Library/Developer/Xcode/DerivedData/Lingua_Quest-gvpckrqxtbgyprbgppjfqmimmmfw/SourcePackages/checkouts/app-check
    /Applications/Xcode.app/Contents/Developer/Toolchains/XcodeDefault.xctoolchain/usr/bin/clang -Xlinker -reproducible -target arm64-apple-ios12.0-simulator -r -isysroot /Applications/Xcode.app/Contents/Developer/Platforms/iPhoneSimulator.platform/Developer/SDKs/iPhoneSimulator26.0.sdk -O0 -w -L/Users/siam/Library/Developer/Xcode/DerivedData/Lingua_Quest-gvpckrqxtbgyprbgppjfqmimmmfw/Build/Intermediates.noindex/EagerLinkingTBDs/Debug-iphonesimulator -L/Users/siam/Library/Developer/Xcode/DerivedData/Lingua_Quest-gvpckrqxtbgyprbgppjfqmimmmfw/Build/Products/Debug-iphonesimulator -L/Applications/Xcode.app/Contents/Developer/Platforms/iPhoneSimulator.platform/Developer/usr/lib -F/Users/siam/Library/Developer/Xcode/DerivedData/Lingua_Quest-gvpckrqxtbgyprbgppjfqmimmmfw/Build/Intermediates.noindex/EagerLinkingTBDs/Debug-iphonesimulator -F/Users/siam/Library/Developer/Xcode/DerivedData/Lingua_Quest-gvpckrqxtbgyprbgppjfqmimmmfw/Build/Products/Debug-iphonesimulator/PackageFrameworks -F/Users/siam/Library/Developer/Xcode/DerivedData/Lingua_Quest-gvpckrqxtbgyprbgppjfqmimmmfw/Build/Products/Debug-iphonesimulator/PackageFrameworks -F/Users/siam/Library/Developer/Xcode/DerivedData/Lingua_Quest-gvpckrqxtbgyprbgppjfqmimmmfw/Build/Products/Debug-iphonesimulator/PackageFrameworks -F/Users/siam/Library/Developer/Xcode/DerivedData/Lingua_Quest-gvpckrqxtbgyprbgppjfqmimmmfw/Build/Products/Debug-iphonesimulator/PackageFrameworks -F/Users/siam/Library/Developer/Xcode/DerivedData/Lingua_Quest-gvpckrqxtbgyprbgppjfqmimmmfw/Build/Products/Debug-iphonesimulator/PackageFrameworks -F/Users/siam/Library/Developer/Xcode/DerivedData/Lingua_Quest-gvpckrqxtbgyprbgppjfqmimmmfw/Build/Products/Debug-iphonesimulator/PackageFrameworks -F/Users/siam/Library/Developer/Xcode/DerivedData/Lingua_Quest-gvpckrqxtbgyprbgppjfqmimmmfw/Build/Products/Debug-iphonesimulator/PackageFrameworks -F/Users/siam/Library/Developer/Xcode/DerivedData/Lingua_Quest-gvpckrqxtbgyprbgppjfqmimmmfw/Build/Products/Debug-iphonesimulator/PackageFrameworks -F/Users/siam/Library/Developer/Xcode/DerivedData/Lingua_Quest-gvpckrqxtbgyprbgppjfqmimmmfw/Build/Products/Debug-iphonesimulator -iframework /Applications/Xcode.app/Contents/Developer/Platforms/iPhoneSimulator.platform/Developer/Library/Frameworks -iframework /Applications/Xcode.app/Contents/Developer/Platforms/iPhoneSimulator.platform/Developer/SDKs/iPhoneSimulator26.0.sdk/Developer/Library/Frameworks -filelist /Users/siam/Library/Developer/Xcode/DerivedData/Lingua_Quest-gvpckrqxtbgyprbgppjfqmimmmfw/Build/Intermediates.noindex/AppCheck.build/Debug-iphonesimulator/AppCheckRecaptchaProvider.build/Objects-normal/arm64/AppCheckRecaptchaProvider.LinkFileList -nostdlib -Xlinker -object_path_lto -Xlinker /Users/siam/Library/Developer/Xcode/DerivedData/Lingua_Quest-gvpckrqxtbgyprbgppjfqmimmmfw/Build/Intermediates.noindex/AppCheck.build/Debug-iphonesimulator/AppCheckRecaptchaProvider.build/Objects-normal/arm64/AppCheckRecaptchaProvider_lto.o -rdynamic -Xlinker -no_deduplicate -Xlinker -objc_abi_version -Xlinker 2 -Xlinker -debug_variant -Xlinker -dependency_info -Xlinker /Users/siam/Library/Developer/Xcode/DerivedData/Lingua_Quest-gvpckrqxtbgyprbgppjfqmimmmfw/Build/Intermediates.noindex/AppCheck.build/Debug-iphonesimulator/AppCheckRecaptchaProvider.build/Objects-normal/arm64/AppCheckRecaptchaProvider_dependency_info.dat -fobjc-link-runtime -L/Applications/Xcode.app/Contents/Developer/Toolchains/XcodeDefault.xctoolchain/usr/lib/swift/iphonesimulator -L/usr/lib/swift -Xlinker -add_ast_path -Xlinker /Users/siam/Library/Developer/Xcode/DerivedData/Lingua_Quest-gvpckrqxtbgyprbgppjfqmimmmfw/Build/Intermediates.noindex/AppCheck.build/Debug-iphonesimulator/AppCheckRecaptchaProvider.build/Objects-normal/arm64/AppCheckRecaptchaProvider.swiftmodule @/Users/siam/Library/Developer/Xcode/DerivedData/Lingua_Quest-gvpckrqxtbgyprbgppjfqmimmmfw/Build/Intermediates.noindex/AppCheck.build/Debug-iphonesimulator/AppCheckRecaptchaProvider.build/Objects-normal/arm64/AppCheckRecaptchaProvider-linker-args.resp -o /Users/siam/Library/Developer/Xcode/DerivedData/Lingua_Quest-gvpckrqxtbgyprbgppjfqmimmmfw/Build/Intermediates.noindex/AppCheck.build/Debug-iphonesimulator/AppCheckRecaptchaProvider.build/Objects-normal/arm64/Binary/AppCheckRecaptchaProvider.o

CreateUniversalBinary /Users/siam/Library/Developer/Xcode/DerivedData/Lingua_Quest-gvpckrqxtbgyprbgppjfqmimmmfw/Build/Products/Debug-iphonesimulator/AppCheckRecaptchaProvider.o normal arm64\ x86_64 (in target 'AppCheckRecaptchaProvider' from project 'AppCheck')
    cd /Users/siam/Library/Developer/Xcode/DerivedData/Lingua_Quest-gvpckrqxtbgyprbgppjfqmimmmfw/SourcePackages/checkouts/app-check
    /Applications/Xcode.app/Contents/Developer/Toolchains/XcodeDefault.xctoolchain/usr/bin/lipo -create /Users/siam/Library/Developer/Xcode/DerivedData/Lingua_Quest-gvpckrqxtbgyprbgppjfqmimmmfw/Build/Intermediates.noindex/AppCheck.build/Debug-iphonesimulator/AppCheckRecaptchaProvider.build/Objects-normal/arm64/Binary/AppCheckRecaptchaProvider.o /Users/siam/Library/Developer/Xcode/DerivedData/Lingua_Quest-gvpckrqxtbgyprbgppjfqmimmmfw/Build/Intermediates.noindex/AppCheck.build/Debug-iphonesimulator/AppCheckRecaptchaProvider.build/Objects-normal/x86_64/Binary/AppCheckRecaptchaProvider.o -output /Users/siam/Library/Developer/Xcode/DerivedData/Lingua_Quest-gvpckrqxtbgyprbgppjfqmimmmfw/Build/Products/Debug-iphonesimulator/AppCheckRecaptchaProvider.o

ExtractAppIntentsMetadata (in target 'AppCheckRecaptchaProvider' from project 'AppCheck')
    cd /Users/siam/Library/Developer/Xcode/DerivedData/Lingua_Quest-gvpckrqxtbgyprbgppjfqmimmmfw/SourcePackages/checkouts/app-check
    /Applications/Xcode.app/Contents/Developer/Toolchains/XcodeDefault.xctoolchain/usr/bin/appintentsmetadataprocessor --toolchain-dir /Applications/Xcode.app/Contents/Developer/Toolchains/XcodeDefault.xctoolchain --module-name AppCheckRecaptchaProvider --sdk-root /Applications/Xcode.app/Contents/Developer/Platforms/iPhoneSimulator.platform/Developer/SDKs/iPhoneSimulator26.0.sdk --xcode-version 17A400 --platform-family iOS --deployment-target 12.0 --bundle-identifier app-check.AppCheckRecaptchaProvider --output /Users/siam/Library/Developer/Xcode/DerivedData/Lingua_Quest-gvpckrqxtbgyprbgppjfqmimmmfw/Build/Products/Debug-iphonesimulator/AppCheckRecaptchaProvider.appintents --target-triple arm64-apple-ios12.0-simulator --target-triple x86_64-apple-ios12.0-simulator --binary-file /Users/siam/Library/Developer/Xcode/DerivedData/Lingua_Quest-gvpckrqxtbgyprbgppjfqmimmmfw/Build/Products/Debug-iphonesimulator/AppCheckRecaptchaProvider.o --dependency-file /Users/siam/Library/Developer/Xcode/DerivedData/Lingua_Quest-gvpckrqxtbgyprbgppjfqmimmmfw/Build/Intermediates.noindex/AppCheck.build/Debug-iphonesimulator/AppCheckRecaptchaProvider.build/Objects-normal/arm64/AppCheckRecaptchaProvider_dependency_info.dat --dependency-file /Users/siam/Library/Developer/Xcode/DerivedData/Lingua_Quest-gvpckrqxtbgyprbgppjfqmimmmfw/Build/Intermediates.noindex/AppCheck.build/Debug-iphonesimulator/AppCheckRecaptchaProvider.build/Objects-normal/x86_64/AppCheckRecaptchaProvider_dependency_info.dat --stringsdata-file /Users/siam/Library/Developer/Xcode/DerivedData/Lingua_Quest-gvpckrqxtbgyprbgppjfqmimmmfw/Build/Intermediates.noindex/AppCheck.build/Debug-iphonesimulator/AppCheckRecaptchaProvider.build/Objects-normal/arm64/ExtractedAppShortcutsMetadata.stringsdata --stringsdata-file /Users/siam/Library/Developer/Xcode/DerivedData/Lingua_Quest-gvpckrqxtbgyprbgppjfqmimmmfw/Build/Intermediates.noindex/AppCheck.build/Debug-iphonesimulator/AppCheckRecaptchaProvider.build/Objects-normal/x86_64/ExtractedAppShortcutsMetadata.stringsdata --source-file-list /Users/siam/Library/Developer/Xcode/DerivedData/Lingua_Quest-gvpckrqxtbgyprbgppjfqmimmmfw/Build/Intermediates.noindex/AppCheck.build/Debug-iphonesimulator/AppCheckRecaptchaProvider.build/Objects-normal/arm64/AppCheckRecaptchaProvider.SwiftFileList --source-file-list /Users/siam/Library/Developer/Xcode/DerivedData/Lingua_Quest-gvpckrqxtbgyprbgppjfqmimmmfw/Build/Intermediates.noindex/AppCheck.build/Debug-iphonesimulator/AppCheckRecaptchaProvider.build/Objects-normal/x86_64/AppCheckRecaptchaProvider.SwiftFileList --metadata-file-list /Users/siam/Library/Developer/Xcode/DerivedData/Lingua_Quest-gvpckrqxtbgyprbgppjfqmimmmfw/Build/Intermediates.noindex/AppCheck.build/Debug-iphonesimulator/AppCheckRecaptchaProvider.build/AppCheckRecaptchaProvider.DependencyMetadataFileList --static-metadata-file-list /Users/siam/Library/Developer/Xcode/DerivedData/Lingua_Quest-gvpckrqxtbgyprbgppjfqmimmmfw/Build/Intermediates.noindex/AppCheck.build/Debug-iphonesimulator/AppCheckRecaptchaProvider.build/AppCheckRecaptchaProvider.DependencyStaticMetadataFileList --swift-const-vals-list /Users/siam/Library/Developer/Xcode/DerivedData/Lingua_Quest-gvpckrqxtbgyprbgppjfqmimmmfw/Build/Intermediates.noindex/AppCheck.build/Debug-iphonesimulator/AppCheckRecaptchaProvider.build/Objects-normal/arm64/AppCheckRecaptchaProvider.SwiftConstValuesFileList --swift-const-vals-list /Users/siam/Library/Developer/Xcode/DerivedData/Lingua_Quest-gvpckrqxtbgyprbgppjfqmimmmfw/Build/Intermediates.noindex/AppCheck.build/Debug-iphonesimulator/AppCheckRecaptchaProvider.build/Objects-normal/x86_64/AppCheckRecaptchaProvider.SwiftConstValuesFileList --force --compile-time-extraction --deployment-aware-processing --validate-assistant-intents --no-app-shortcuts-localization
2026-07-23 19:53:22.110 appintentsmetadataprocessor[10801:96464] Starting appintentsmetadataprocessor export
2026-07-23 19:53:27.363 appintentsmetadataprocessor[10801:96464] Extracted no relevant App Intents symbols, skipping writing output

Ld /Users/siam/Library/Developer/Xcode/DerivedData/Lingua_Quest-gvpckrqxtbgyprbgppjfqmimmmfw/Build/Intermediates.noindex/Firebase.build/Debug-iphonesimulator/FirebaseAuth.build/Objects-normal/arm64/Binary/FirebaseAuth.o normal arm64 (in target 'FirebaseAuth' from project 'Firebase')
    cd /Users/siam/Library/Developer/Xcode/DerivedData/Lingua_Quest-gvpckrqxtbgyprbgppjfqmimmmfw/SourcePackages/checkouts/firebase-ios-sdk
    /Applications/Xcode.app/Contents/Developer/Toolchains/XcodeDefault.xctoolchain/usr/bin/clang -Xlinker -reproducible -target arm64-apple-ios15.0-simulator -r -isysroot /Applications/Xcode.app/Contents/Developer/Platforms/iPhoneSimulator.platform/Developer/SDKs/iPhoneSimulator26.0.sdk -O0 -w -L/Users/siam/Library/Developer/Xcode/DerivedData/Lingua_Quest-gvpckrqxtbgyprbgppjfqmimmmfw/Build/Intermediates.noindex/EagerLinkingTBDs/Debug-iphonesimulator -L/Users/siam/Library/Developer/Xcode/DerivedData/Lingua_Quest-gvpckrqxtbgyprbgppjfqmimmmfw/Build/Products/Debug-iphonesimulator -L/Applications/Xcode.app/Contents/Developer/Platforms/iPhoneSimulator.platform/Developer/usr/lib -F/Users/siam/Library/Developer/Xcode/DerivedData/Lingua_Quest-gvpckrqxtbgyprbgppjfqmimmmfw/Build/Intermediates.noindex/EagerLinkingTBDs/Debug-iphonesimulator -F/Users/siam/Library/Developer/Xcode/DerivedData/Lingua_Quest-gvpckrqxtbgyprbgppjfqmimmmfw/Build/Products/Debug-iphonesimulator/PackageFrameworks -F/Users/siam/Library/Developer/Xcode/DerivedData/Lingua_Quest-gvpckrqxtbgyprbgppjfqmimmmfw/Build/Products/Debug-iphonesimulator/PackageFrameworks -F/Users/siam/Library/Developer/Xcode/DerivedData/Lingua_Quest-gvpckrqxtbgyprbgppjfqmimmmfw/Build/Products/Debug-iphonesimulator/PackageFrameworks -F/Users/siam/Library/Developer/Xcode/DerivedData/Lingua_Quest-gvpckrqxtbgyprbgppjfqmimmmfw/Build/Products/Debug-iphonesimulator/PackageFrameworks -F/Users/siam/Library/Developer/Xcode/DerivedData/Lingua_Quest-gvpckrqxtbgyprbgppjfqmimmmfw/Build/Products/Debug-iphonesimulator/PackageFrameworks -F/Users/siam/Library/Developer/Xcode/DerivedData/Lingua_Quest-gvpckrqxtbgyprbgppjfqmimmmfw/Build/Products/Debug-iphonesimulator/PackageFrameworks -F/Users/siam/Library/Developer/Xcode/DerivedData/Lingua_Quest-gvpckrqxtbgyprbgppjfqmimmmfw/Build/Products/Debug-iphonesimulator/PackageFrameworks -F/Users/siam/Library/Developer/Xcode/DerivedData/Lingua_Quest-gvpckrqxtbgyprbgppjfqmimmmfw/Build/Products/Debug-iphonesimulator/PackageFrameworks -F/Users/siam/Library/Developer/Xcode/DerivedData/Lingua_Quest-gvpckrqxtbgyprbgppjfqmimmmfw/Build/Products/Debug-iphonesimulator/PackageFrameworks -F/Users/siam/Library/Developer/Xcode/DerivedData/Lingua_Quest-gvpckrqxtbgyprbgppjfqmimmmfw/Build/Products/Debug-iphonesimulator/PackageFrameworks -F/Users/siam/Library/Developer/Xcode/DerivedData/Lingua_Quest-gvpckrqxtbgyprbgppjfqmimmmfw/Build/Products/Debug-iphonesimulator/PackageFrameworks -F/Users/siam/Library/Developer/Xcode/DerivedData/Lingua_Quest-gvpckrqxtbgyprbgppjfqmimmmfw/Build/Products/Debug-iphonesimulator/PackageFrameworks -F/Users/siam/Library/Developer/Xcode/DerivedData/Lingua_Quest-gvpckrqxtbgyprbgppjfqmimmmfw/Build/Products/Debug-iphonesimulator/PackageFrameworks -F/Users/siam/Library/Developer/Xcode/DerivedData/Lingua_Quest-gvpckrqxtbgyprbgppjfqmimmmfw/Build/Products/Debug-iphonesimulator/PackageFrameworks -F/Users/siam/Library/Developer/Xcode/DerivedData/Lingua_Quest-gvpckrqxtbgyprbgppjfqmimmmfw/Build/Products/Debug-iphonesimulator/PackageFrameworks -F/Users/siam/Library/Developer/Xcode/DerivedData/Lingua_Quest-gvpckrqxtbgyprbgppjfqmimmmfw/Build/Products/Debug-iphonesimulator/PackageFrameworks -F/Users/siam/Library/Developer/Xcode/DerivedData/Lingua_Quest-gvpckrqxtbgyprbgppjfqmimmmfw/Build/Products/Debug-iphonesimulator -iframework /Applications/Xcode.app/Contents/Developer/Platforms/iPhoneSimulator.platform/Developer/Library/Frameworks -iframework /Applications/Xcode.app/Contents/Developer/Platforms/iPhoneSimulator.platform/Developer/SDKs/iPhoneSimulator26.0.sdk/Developer/Library/Frameworks -filelist /Users/siam/Library/Developer/Xcode/DerivedData/Lingua_Quest-gvpckrqxtbgyprbgppjfqmimmmfw/Build/Intermediates.noindex/Firebase.build/Debug-iphonesimulator/FirebaseAuth.build/Objects-normal/arm64/FirebaseAuth.LinkFileList -nostdlib -Xlinker -object_path_lto -Xlinker /Users/siam/Library/Developer/Xcode/DerivedData/Lingua_Quest-gvpckrqxtbgyprbgppjfqmimmmfw/Build/Intermediates.noindex/Firebase.build/Debug-iphonesimulator/FirebaseAuth.build/Objects-normal/arm64/FirebaseAuth_lto.o -rdynamic -Xlinker -no_deduplicate -Xlinker -objc_abi_version -Xlinker 2 -Xlinker -debug_variant -Xlinker -dependency_info -Xlinker /Users/siam/Library/Developer/Xcode/DerivedData/Lingua_Quest-gvpckrqxtbgyprbgppjfqmimmmfw/Build/Intermediates.noindex/Firebase.build/Debug-iphonesimulator/FirebaseAuth.build/Objects-normal/arm64/FirebaseAuth_dependency_info.dat -fobjc-link-runtime -L/Applications/Xcode.app/Contents/Developer/Toolchains/XcodeDefault.xctoolchain/usr/lib/swift/iphonesimulator -L/usr/lib/swift -Xlinker -add_ast_path -Xlinker /Users/siam/Library/Developer/Xcode/DerivedData/Lingua_Quest-gvpckrqxtbgyprbgppjfqmimmmfw/Build/Intermediates.noindex/Firebase.build/Debug-iphonesimulator/FirebaseAuth.build/Objects-normal/arm64/FirebaseAuth.swiftmodule @/Users/siam/Library/Developer/Xcode/DerivedData/Lingua_Quest-gvpckrqxtbgyprbgppjfqmimmmfw/Build/Intermediates.noindex/Firebase.build/Debug-iphonesimulator/FirebaseAuth.build/Objects-normal/arm64/FirebaseAuth-linker-args.resp -o /Users/siam/Library/Developer/Xcode/DerivedData/Lingua_Quest-gvpckrqxtbgyprbgppjfqmimmmfw/Build/Intermediates.noindex/Firebase.build/Debug-iphonesimulator/FirebaseAuth.build/Objects-normal/arm64/Binary/FirebaseAuth.o

CreateUniversalBinary /Users/siam/Library/Developer/Xcode/DerivedData/Lingua_Quest-gvpckrqxtbgyprbgppjfqmimmmfw/Build/Products/Debug-iphonesimulator/FirebaseFirestore.o normal arm64\ x86_64 (in target 'FirebaseFirestore' from project 'Firebase')
    cd /Users/siam/Library/Developer/Xcode/DerivedData/Lingua_Quest-gvpckrqxtbgyprbgppjfqmimmmfw/SourcePackages/checkouts/firebase-ios-sdk
    /Applications/Xcode.app/Contents/Developer/Toolchains/XcodeDefault.xctoolchain/usr/bin/lipo -create /Users/siam/Library/Developer/Xcode/DerivedData/Lingua_Quest-gvpckrqxtbgyprbgppjfqmimmmfw/Build/Intermediates.noindex/Firebase.build/Debug-iphonesimulator/FirebaseFirestore.build/Objects-normal/arm64/Binary/FirebaseFirestore.o /Users/siam/Library/Developer/Xcode/DerivedData/Lingua_Quest-gvpckrqxtbgyprbgppjfqmimmmfw/Build/Intermediates.noindex/Firebase.build/Debug-iphonesimulator/FirebaseFirestore.build/Objects-normal/x86_64/Binary/FirebaseFirestore.o -output /Users/siam/Library/Developer/Xcode/DerivedData/Lingua_Quest-gvpckrqxtbgyprbgppjfqmimmmfw/Build/Products/Debug-iphonesimulator/FirebaseFirestore.o

ExtractAppIntentsMetadata (in target 'FirebaseFirestore' from project 'Firebase')
    cd /Users/siam/Library/Developer/Xcode/DerivedData/Lingua_Quest-gvpckrqxtbgyprbgppjfqmimmmfw/SourcePackages/checkouts/firebase-ios-sdk
    /Applications/Xcode.app/Contents/Developer/Toolchains/XcodeDefault.xctoolchain/usr/bin/appintentsmetadataprocessor --toolchain-dir /Applications/Xcode.app/Contents/Developer/Toolchains/XcodeDefault.xctoolchain --module-name FirebaseFirestore --sdk-root /Applications/Xcode.app/Contents/Developer/Platforms/iPhoneSimulator.platform/Developer/SDKs/iPhoneSimulator26.0.sdk --xcode-version 17A400 --platform-family iOS --deployment-target 15.0 --bundle-identifier firebase-ios-sdk.FirebaseFirestore --output /Users/siam/Library/Developer/Xcode/DerivedData/Lingua_Quest-gvpckrqxtbgyprbgppjfqmimmmfw/Build/Products/Debug-iphonesimulator/FirebaseFirestore.appintents --target-triple arm64-apple-ios15.0-simulator --target-triple x86_64-apple-ios15.0-simulator --binary-file /Users/siam/Library/Developer/Xcode/DerivedData/Lingua_Quest-gvpckrqxtbgyprbgppjfqmimmmfw/Build/Products/Debug-iphonesimulator/FirebaseFirestore.o --dependency-file /Users/siam/Library/Developer/Xcode/DerivedData/Lingua_Quest-gvpckrqxtbgyprbgppjfqmimmmfw/Build/Intermediates.noindex/Firebase.build/Debug-iphonesimulator/FirebaseFirestore.build/Objects-normal/arm64/FirebaseFirestore_dependency_info.dat --dependency-file /Users/siam/Library/Developer/Xcode/DerivedData/Lingua_Quest-gvpckrqxtbgyprbgppjfqmimmmfw/Build/Intermediates.noindex/Firebase.build/Debug-iphonesimulator/FirebaseFirestore.build/Objects-normal/x86_64/FirebaseFirestore_dependency_info.dat --stringsdata-file /Users/siam/Library/Developer/Xcode/DerivedData/Lingua_Quest-gvpckrqxtbgyprbgppjfqmimmmfw/Build/Intermediates.noindex/Firebase.build/Debug-iphonesimulator/FirebaseFirestore.build/Objects-normal/arm64/ExtractedAppShortcutsMetadata.stringsdata --stringsdata-file /Users/siam/Library/Developer/Xcode/DerivedData/Lingua_Quest-gvpckrqxtbgyprbgppjfqmimmmfw/Build/Intermediates.noindex/Firebase.build/Debug-iphonesimulator/FirebaseFirestore.build/Objects-normal/x86_64/ExtractedAppShortcutsMetadata.stringsdata --source-file-list /Users/siam/Library/Developer/Xcode/DerivedData/Lingua_Quest-gvpckrqxtbgyprbgppjfqmimmmfw/Build/Intermediates.noindex/Firebase.build/Debug-iphonesimulator/FirebaseFirestore.build/Objects-normal/arm64/FirebaseFirestore.SwiftFileList --source-file-list /Users/siam/Library/Developer/Xcode/DerivedData/Lingua_Quest-gvpckrqxtbgyprbgppjfqmimmmfw/Build/Intermediates.noindex/Firebase.build/Debug-iphonesimulator/FirebaseFirestore.build/Objects-normal/x86_64/FirebaseFirestore.SwiftFileList --metadata-file-list /Users/siam/Library/Developer/Xcode/DerivedData/Lingua_Quest-gvpckrqxtbgyprbgppjfqmimmmfw/Build/Intermediates.noindex/Firebase.build/Debug-iphonesimulator/FirebaseFirestore.build/FirebaseFirestore.DependencyMetadataFileList --static-metadata-file-list /Users/siam/Library/Developer/Xcode/DerivedData/Lingua_Quest-gvpckrqxtbgyprbgppjfqmimmmfw/Build/Intermediates.noindex/Firebase.build/Debug-iphonesimulator/FirebaseFirestore.build/FirebaseFirestore.DependencyStaticMetadataFileList --swift-const-vals-list /Users/siam/Library/Developer/Xcode/DerivedData/Lingua_Quest-gvpckrqxtbgyprbgppjfqmimmmfw/Build/Intermediates.noindex/Firebase.build/Debug-iphonesimulator/FirebaseFirestore.build/Objects-normal/arm64/FirebaseFirestore.SwiftConstValuesFileList --swift-const-vals-list /Users/siam/Library/Developer/Xcode/DerivedData/Lingua_Quest-gvpckrqxtbgyprbgppjfqmimmmfw/Build/Intermediates.noindex/Firebase.build/Debug-iphonesimulator/FirebaseFirestore.build/Objects-normal/x86_64/FirebaseFirestore.SwiftConstValuesFileList --force --compile-time-extraction --deployment-aware-processing --validate-assistant-intents --no-app-shortcuts-localization
2026-07-23 19:53:22.325 appintentsmetadataprocessor[10804:96468] Starting appintentsmetadataprocessor export
2026-07-23 19:53:27.708 appintentsmetadataprocessor[10804:96468] Extracted no relevant App Intents symbols, skipping writing output

RegisterExecutionPolicyException /Users/siam/Library/Developer/Xcode/DerivedData/Lingua_Quest-gvpckrqxtbgyprbgppjfqmimmmfw/Build/Products/Debug-iphonesimulator/GTMAppAuth.o (in target 'GTMAppAuth' from project 'GTMAppAuth')
    cd /Users/siam/Library/Developer/Xcode/DerivedData/Lingua_Quest-gvpckrqxtbgyprbgppjfqmimmmfw/SourcePackages/checkouts/GTMAppAuth
    builtin-RegisterExecutionPolicyException /Users/siam/Library/Developer/Xcode/DerivedData/Lingua_Quest-gvpckrqxtbgyprbgppjfqmimmmfw/Build/Products/Debug-iphonesimulator/GTMAppAuth.o

Ld /Users/siam/Library/Developer/Xcode/DerivedData/Lingua_Quest-gvpckrqxtbgyprbgppjfqmimmmfw/Build/Intermediates.noindex/GoogleSignIn.build/Debug-iphonesimulator/GoogleSignIn.build/Objects-normal/arm64/Binary/GoogleSignIn.o normal arm64 (in target 'GoogleSignIn' from project 'GoogleSignIn')
    cd /Users/siam/Library/Developer/Xcode/DerivedData/Lingua_Quest-gvpckrqxtbgyprbgppjfqmimmmfw/SourcePackages/checkouts/GoogleSignIn-iOS
    /Applications/Xcode.app/Contents/Developer/Toolchains/XcodeDefault.xctoolchain/usr/bin/clang -Xlinker -reproducible -target arm64-apple-ios12.0-simulator -r -isysroot /Applications/Xcode.app/Contents/Developer/Platforms/iPhoneSimulator.platform/Developer/SDKs/iPhoneSimulator26.0.sdk -O0 -w -L/Users/siam/Library/Developer/Xcode/DerivedData/Lingua_Quest-gvpckrqxtbgyprbgppjfqmimmmfw/Build/Intermediates.noindex/EagerLinkingTBDs/Debug-iphonesimulator -L/Users/siam/Library/Developer/Xcode/DerivedData/Lingua_Quest-gvpckrqxtbgyprbgppjfqmimmmfw/Build/Products/Debug-iphonesimulator -L/Applications/Xcode.app/Contents/Developer/Platforms/iPhoneSimulator.platform/Developer/usr/lib -F/Users/siam/Library/Developer/Xcode/DerivedData/Lingua_Quest-gvpckrqxtbgyprbgppjfqmimmmfw/Build/Intermediates.noindex/EagerLinkingTBDs/Debug-iphonesimulator -F/Users/siam/Library/Developer/Xcode/DerivedData/Lingua_Quest-gvpckrqxtbgyprbgppjfqmimmmfw/Build/Products/Debug-iphonesimulator/PackageFrameworks -F/Users/siam/Library/Developer/Xcode/DerivedData/Lingua_Quest-gvpckrqxtbgyprbgppjfqmimmmfw/Build/Products/Debug-iphonesimulator/PackageFrameworks -F/Users/siam/Library/Developer/Xcode/DerivedData/Lingua_Quest-gvpckrqxtbgyprbgppjfqmimmmfw/Build/Products/Debug-iphonesimulator/PackageFrameworks -F/Users/siam/Library/Developer/Xcode/DerivedData/Lingua_Quest-gvpckrqxtbgyprbgppjfqmimmmfw/Build/Products/Debug-iphonesimulator/PackageFrameworks -F/Users/siam/Library/Developer/Xcode/DerivedData/Lingua_Quest-gvpckrqxtbgyprbgppjfqmimmmfw/Build/Products/Debug-iphonesimulator/PackageFrameworks -F/Users/siam/Library/Developer/Xcode/DerivedData/Lingua_Quest-gvpckrqxtbgyprbgppjfqmimmmfw/Build/Products/Debug-iphonesimulator/PackageFrameworks -F/Users/siam/Library/Developer/Xcode/DerivedData/Lingua_Quest-gvpckrqxtbgyprbgppjfqmimmmfw/Build/Products/Debug-iphonesimulator/PackageFrameworks -F/Users/siam/Library/Developer/Xcode/DerivedData/Lingua_Quest-gvpckrqxtbgyprbgppjfqmimmmfw/Build/Products/Debug-iphonesimulator/PackageFrameworks -F/Users/siam/Library/Developer/Xcode/DerivedData/Lingua_Quest-gvpckrqxtbgyprbgppjfqmimmmfw/Build/Products/Debug-iphonesimulator/PackageFrameworks -F/Users/siam/Library/Developer/Xcode/DerivedData/Lingua_Quest-gvpckrqxtbgyprbgppjfqmimmmfw/Build/Products/Debug-iphonesimulator/PackageFrameworks -F/Users/siam/Library/Developer/Xcode/DerivedData/Lingua_Quest-gvpckrqxtbgyprbgppjfqmimmmfw/Build/Products/Debug-iphonesimulator -iframework /Applications/Xcode.app/Contents/Developer/Platforms/iPhoneSimulator.platform/Developer/Library/Frameworks -iframework /Applications/Xcode.app/Contents/Developer/Platforms/iPhoneSimulator.platform/Developer/SDKs/iPhoneSimulator26.0.sdk/Developer/Library/Frameworks -filelist /Users/siam/Library/Developer/Xcode/DerivedData/Lingua_Quest-gvpckrqxtbgyprbgppjfqmimmmfw/Build/Intermediates.noindex/GoogleSignIn.build/Debug-iphonesimulator/GoogleSignIn.build/Objects-normal/arm64/GoogleSignIn.LinkFileList -nostdlib -Xlinker -object_path_lto -Xlinker /Users/siam/Library/Developer/Xcode/DerivedData/Lingua_Quest-gvpckrqxtbgyprbgppjfqmimmmfw/Build/Intermediates.noindex/GoogleSignIn.build/Debug-iphonesimulator/GoogleSignIn.build/Objects-normal/arm64/GoogleSignIn_lto.o -rdynamic -Xlinker -no_deduplicate -Xlinker -objc_abi_version -Xlinker 2 -Xlinker -debug_variant -Xlinker -dependency_info -Xlinker /Users/siam/Library/Developer/Xcode/DerivedData/Lingua_Quest-gvpckrqxtbgyprbgppjfqmimmmfw/Build/Intermediates.noindex/GoogleSignIn.build/Debug-iphonesimulator/GoogleSignIn.build/Objects-normal/arm64/GoogleSignIn_dependency_info.dat -fobjc-arc -fobjc-link-runtime -o /Users/siam/Library/Developer/Xcode/DerivedData/Lingua_Quest-gvpckrqxtbgyprbgppjfqmimmmfw/Build/Intermediates.noindex/GoogleSignIn.build/Debug-iphonesimulator/GoogleSignIn.build/Objects-normal/arm64/Binary/GoogleSignIn.o

Ld /Users/siam/Library/Developer/Xcode/DerivedData/Lingua_Quest-gvpckrqxtbgyprbgppjfqmimmmfw/Build/Intermediates.noindex/GoogleSignIn.build/Debug-iphonesimulator/GoogleSignIn.build/Objects-normal/x86_64/Binary/GoogleSignIn.o normal x86_64 (in target 'GoogleSignIn' from project 'GoogleSignIn')
    cd /Users/siam/Library/Developer/Xcode/DerivedData/Lingua_Quest-gvpckrqxtbgyprbgppjfqmimmmfw/SourcePackages/checkouts/GoogleSignIn-iOS
    /Applications/Xcode.app/Contents/Developer/Toolchains/XcodeDefault.xctoolchain/usr/bin/clang -Xlinker -reproducible -target x86_64-apple-ios12.0-simulator -r -isysroot /Applications/Xcode.app/Contents/Developer/Platforms/iPhoneSimulator.platform/Developer/SDKs/iPhoneSimulator26.0.sdk -O0 -w -L/Users/siam/Library/Developer/Xcode/DerivedData/Lingua_Quest-gvpckrqxtbgyprbgppjfqmimmmfw/Build/Intermediates.noindex/EagerLinkingTBDs/Debug-iphonesimulator -L/Users/siam/Library/Developer/Xcode/DerivedData/Lingua_Quest-gvpckrqxtbgyprbgppjfqmimmmfw/Build/Products/Debug-iphonesimulator -L/Applications/Xcode.app/Contents/Developer/Platforms/iPhoneSimulator.platform/Developer/usr/lib -F/Users/siam/Library/Developer/Xcode/DerivedData/Lingua_Quest-gvpckrqxtbgyprbgppjfqmimmmfw/Build/Intermediates.noindex/EagerLinkingTBDs/Debug-iphonesimulator -F/Users/siam/Library/Developer/Xcode/DerivedData/Lingua_Quest-gvpckrqxtbgyprbgppjfqmimmmfw/Build/Products/Debug-iphonesimulator/PackageFrameworks -F/Users/siam/Library/Developer/Xcode/DerivedData/Lingua_Quest-gvpckrqxtbgyprbgppjfqmimmmfw/Build/Products/Debug-iphonesimulator/PackageFrameworks -F/Users/siam/Library/Developer/Xcode/DerivedData/Lingua_Quest-gvpckrqxtbgyprbgppjfqmimmmfw/Build/Products/Debug-iphonesimulator/PackageFrameworks -F/Users/siam/Library/Developer/Xcode/DerivedData/Lingua_Quest-gvpckrqxtbgyprbgppjfqmimmmfw/Build/Products/Debug-iphonesimulator/PackageFrameworks -F/Users/siam/Library/Developer/Xcode/DerivedData/Lingua_Quest-gvpckrqxtbgyprbgppjfqmimmmfw/Build/Products/Debug-iphonesimulator/PackageFrameworks -F/Users/siam/Library/Developer/Xcode/DerivedData/Lingua_Quest-gvpckrqxtbgyprbgppjfqmimmmfw/Build/Products/Debug-iphonesimulator/PackageFrameworks -F/Users/siam/Library/Developer/Xcode/DerivedData/Lingua_Quest-gvpckrqxtbgyprbgppjfqmimmmfw/Build/Products/Debug-iphonesimulator/PackageFrameworks -F/Users/siam/Library/Developer/Xcode/DerivedData/Lingua_Quest-gvpckrqxtbgyprbgppjfqmimmmfw/Build/Products/Debug-iphonesimulator/PackageFrameworks -F/Users/siam/Library/Developer/Xcode/DerivedData/Lingua_Quest-gvpckrqxtbgyprbgppjfqmimmmfw/Build/Products/Debug-iphonesimulator/PackageFrameworks -F/Users/siam/Library/Developer/Xcode/DerivedData/Lingua_Quest-gvpckrqxtbgyprbgppjfqmimmmfw/Build/Products/Debug-iphonesimulator/PackageFrameworks -F/Users/siam/Library/Developer/Xcode/DerivedData/Lingua_Quest-gvpckrqxtbgyprbgppjfqmimmmfw/Build/Products/Debug-iphonesimulator -iframework /Applications/Xcode.app/Contents/Developer/Platforms/iPhoneSimulator.platform/Developer/Library/Frameworks -iframework /Applications/Xcode.app/Contents/Developer/Platforms/iPhoneSimulator.platform/Developer/SDKs/iPhoneSimulator26.0.sdk/Developer/Library/Frameworks -filelist /Users/siam/Library/Developer/Xcode/DerivedData/Lingua_Quest-gvpckrqxtbgyprbgppjfqmimmmfw/Build/Intermediates.noindex/GoogleSignIn.build/Debug-iphonesimulator/GoogleSignIn.build/Objects-normal/x86_64/GoogleSignIn.LinkFileList -nostdlib -Xlinker -object_path_lto -Xlinker /Users/siam/Library/Developer/Xcode/DerivedData/Lingua_Quest-gvpckrqxtbgyprbgppjfqmimmmfw/Build/Intermediates.noindex/GoogleSignIn.build/Debug-iphonesimulator/GoogleSignIn.build/Objects-normal/x86_64/GoogleSignIn_lto.o -rdynamic -Xlinker -no_deduplicate -Xlinker -objc_abi_version -Xlinker 2 -Xlinker -debug_variant -Xlinker -dependency_info -Xlinker /Users/siam/Library/Developer/Xcode/DerivedData/Lingua_Quest-gvpckrqxtbgyprbgppjfqmimmmfw/Build/Intermediates.noindex/GoogleSignIn.build/Debug-iphonesimulator/GoogleSignIn.build/Objects-normal/x86_64/GoogleSignIn_dependency_info.dat -fobjc-arc -fobjc-link-runtime -o /Users/siam/Library/Developer/Xcode/DerivedData/Lingua_Quest-gvpckrqxtbgyprbgppjfqmimmmfw/Build/Intermediates.noindex/GoogleSignIn.build/Debug-iphonesimulator/GoogleSignIn.build/Objects-normal/x86_64/Binary/GoogleSignIn.o

RegisterExecutionPolicyException /Users/siam/Library/Developer/Xcode/DerivedData/Lingua_Quest-gvpckrqxtbgyprbgppjfqmimmmfw/Build/Products/Debug-iphonesimulator/AppCheckRecaptchaProvider.o (in target 'AppCheckRecaptchaProvider' from project 'AppCheck')
    cd /Users/siam/Library/Developer/Xcode/DerivedData/Lingua_Quest-gvpckrqxtbgyprbgppjfqmimmmfw/SourcePackages/checkouts/app-check
    builtin-RegisterExecutionPolicyException /Users/siam/Library/Developer/Xcode/DerivedData/Lingua_Quest-gvpckrqxtbgyprbgppjfqmimmmfw/Build/Products/Debug-iphonesimulator/AppCheckRecaptchaProvider.o

Ld /Users/siam/Library/Developer/Xcode/DerivedData/Lingua_Quest-gvpckrqxtbgyprbgppjfqmimmmfw/Build/Intermediates.noindex/Firebase.build/Debug-iphonesimulator/FirebaseAppCheck.build/Objects-normal/x86_64/Binary/FirebaseAppCheck.o normal x86_64 (in target 'FirebaseAppCheck' from project 'Firebase')
    cd /Users/siam/Library/Developer/Xcode/DerivedData/Lingua_Quest-gvpckrqxtbgyprbgppjfqmimmmfw/SourcePackages/checkouts/firebase-ios-sdk
    /Applications/Xcode.app/Contents/Developer/Toolchains/XcodeDefault.xctoolchain/usr/bin/clang -Xlinker -reproducible -target x86_64-apple-ios15.0-simulator -r -isysroot /Applications/Xcode.app/Contents/Developer/Platforms/iPhoneSimulator.platform/Developer/SDKs/iPhoneSimulator26.0.sdk -O0 -w -L/Users/siam/Library/Developer/Xcode/DerivedData/Lingua_Quest-gvpckrqxtbgyprbgppjfqmimmmfw/Build/Intermediates.noindex/EagerLinkingTBDs/Debug-iphonesimulator -L/Users/siam/Library/Developer/Xcode/DerivedData/Lingua_Quest-gvpckrqxtbgyprbgppjfqmimmmfw/Build/Products/Debug-iphonesimulator -L/Applications/Xcode.app/Contents/Developer/Platforms/iPhoneSimulator.platform/Developer/usr/lib -F/Users/siam/Library/Developer/Xcode/DerivedData/Lingua_Quest-gvpckrqxtbgyprbgppjfqmimmmfw/Build/Intermediates.noindex/EagerLinkingTBDs/Debug-iphonesimulator -F/Users/siam/Library/Developer/Xcode/DerivedData/Lingua_Quest-gvpckrqxtbgyprbgppjfqmimmmfw/Build/Products/Debug-iphonesimulator/PackageFrameworks -F/Users/siam/Library/Developer/Xcode/DerivedData/Lingua_Quest-gvpckrqxtbgyprbgppjfqmimmmfw/Build/Products/Debug-iphonesimulator/PackageFrameworks -F/Users/siam/Library/Developer/Xcode/DerivedData/Lingua_Quest-gvpckrqxtbgyprbgppjfqmimmmfw/Build/Products/Debug-iphonesimulator/PackageFrameworks -F/Users/siam/Library/Developer/Xcode/DerivedData/Lingua_Quest-gvpckrqxtbgyprbgppjfqmimmmfw/Build/Products/Debug-iphonesimulator/PackageFrameworks -F/Users/siam/Library/Developer/Xcode/DerivedData/Lingua_Quest-gvpckrqxtbgyprbgppjfqmimmmfw/Build/Products/Debug-iphonesimulator/PackageFrameworks -F/Users/siam/Library/Developer/Xcode/DerivedData/Lingua_Quest-gvpckrqxtbgyprbgppjfqmimmmfw/Build/Products/Debug-iphonesimulator/PackageFrameworks -F/Users/siam/Library/Developer/Xcode/DerivedData/Lingua_Quest-gvpckrqxtbgyprbgppjfqmimmmfw/Build/Products/Debug-iphonesimulator/PackageFrameworks -F/Users/siam/Library/Developer/Xcode/DerivedData/Lingua_Quest-gvpckrqxtbgyprbgppjfqmimmmfw/Build/Products/Debug-iphonesimulator/PackageFrameworks -F/Users/siam/Library/Developer/Xcode/DerivedData/Lingua_Quest-gvpckrqxtbgyprbgppjfqmimmmfw/Build/Products/Debug-iphonesimulator/PackageFrameworks -F/Users/siam/Library/Developer/Xcode/DerivedData/Lingua_Quest-gvpckrqxtbgyprbgppjfqmimmmfw/Build/Products/Debug-iphonesimulator/PackageFrameworks -F/Users/siam/Library/Developer/Xcode/DerivedData/Lingua_Quest-gvpckrqxtbgyprbgppjfqmimmmfw/Build/Products/Debug-iphonesimulator/PackageFrameworks -F/Users/siam/Library/Developer/Xcode/DerivedData/Lingua_Quest-gvpckrqxtbgyprbgppjfqmimmmfw/Build/Products/Debug-iphonesimulator/PackageFrameworks -F/Users/siam/Library/Developer/Xcode/DerivedData/Lingua_Quest-gvpckrqxtbgyprbgppjfqmimmmfw/Build/Products/Debug-iphonesimulator/PackageFrameworks -F/Users/siam/Library/Developer/Xcode/DerivedData/Lingua_Quest-gvpckrqxtbgyprbgppjfqmimmmfw/Build/Products/Debug-iphonesimulator/PackageFrameworks -F/Users/siam/Library/Developer/Xcode/DerivedData/Lingua_Quest-gvpckrqxtbgyprbgppjfqmimmmfw/Build/Products/Debug-iphonesimulator -iframework /Applications/Xcode.app/Contents/Developer/Platforms/iPhoneSimulator.platform/Developer/Library/Frameworks -iframework /Applications/Xcode.app/Contents/Developer/Platforms/iPhoneSimulator.platform/Developer/SDKs/iPhoneSimulator26.0.sdk/Developer/Library/Frameworks -filelist /Users/siam/Library/Developer/Xcode/DerivedData/Lingua_Quest-gvpckrqxtbgyprbgppjfqmimmmfw/Build/Intermediates.noindex/Firebase.build/Debug-iphonesimulator/FirebaseAppCheck.build/Objects-normal/x86_64/FirebaseAppCheck.LinkFileList -nostdlib -Xlinker -object_path_lto -Xlinker /Users/siam/Library/Developer/Xcode/DerivedData/Lingua_Quest-gvpckrqxtbgyprbgppjfqmimmmfw/Build/Intermediates.noindex/Firebase.build/Debug-iphonesimulator/FirebaseAppCheck.build/Objects-normal/x86_64/FirebaseAppCheck_lto.o -rdynamic -Xlinker -no_deduplicate -Xlinker -objc_abi_version -Xlinker 2 -Xlinker -debug_variant -Xlinker -dependency_info -Xlinker /Users/siam/Library/Developer/Xcode/DerivedData/Lingua_Quest-gvpckrqxtbgyprbgppjfqmimmmfw/Build/Intermediates.noindex/Firebase.build/Debug-iphonesimulator/FirebaseAppCheck.build/Objects-normal/x86_64/FirebaseAppCheck_dependency_info.dat -fobjc-arc -fobjc-link-runtime -o /Users/siam/Library/Developer/Xcode/DerivedData/Lingua_Quest-gvpckrqxtbgyprbgppjfqmimmmfw/Build/Intermediates.noindex/Firebase.build/Debug-iphonesimulator/FirebaseAppCheck.build/Objects-normal/x86_64/Binary/FirebaseAppCheck.o

Ld /Users/siam/Library/Developer/Xcode/DerivedData/Lingua_Quest-gvpckrqxtbgyprbgppjfqmimmmfw/Build/Intermediates.noindex/Firebase.build/Debug-iphonesimulator/FirebaseAppCheck.build/Objects-normal/arm64/Binary/FirebaseAppCheck.o normal arm64 (in target 'FirebaseAppCheck' from project 'Firebase')
    cd /Users/siam/Library/Developer/Xcode/DerivedData/Lingua_Quest-gvpckrqxtbgyprbgppjfqmimmmfw/SourcePackages/checkouts/firebase-ios-sdk
    /Applications/Xcode.app/Contents/Developer/Toolchains/XcodeDefault.xctoolchain/usr/bin/clang -Xlinker -reproducible -target arm64-apple-ios15.0-simulator -r -isysroot /Applications/Xcode.app/Contents/Developer/Platforms/iPhoneSimulator.platform/Developer/SDKs/iPhoneSimulator26.0.sdk -O0 -w -L/Users/siam/Library/Developer/Xcode/DerivedData/Lingua_Quest-gvpckrqxtbgyprbgppjfqmimmmfw/Build/Intermediates.noindex/EagerLinkingTBDs/Debug-iphonesimulator -L/Users/siam/Library/Developer/Xcode/DerivedData/Lingua_Quest-gvpckrqxtbgyprbgppjfqmimmmfw/Build/Products/Debug-iphonesimulator -L/Applications/Xcode.app/Contents/Developer/Platforms/iPhoneSimulator.platform/Developer/usr/lib -F/Users/siam/Library/Developer/Xcode/DerivedData/Lingua_Quest-gvpckrqxtbgyprbgppjfqmimmmfw/Build/Intermediates.noindex/EagerLinkingTBDs/Debug-iphonesimulator -F/Users/siam/Library/Developer/Xcode/DerivedData/Lingua_Quest-gvpckrqxtbgyprbgppjfqmimmmfw/Build/Products/Debug-iphonesimulator/PackageFrameworks -F/Users/siam/Library/Developer/Xcode/DerivedData/Lingua_Quest-gvpckrqxtbgyprbgppjfqmimmmfw/Build/Products/Debug-iphonesimulator/PackageFrameworks -F/Users/siam/Library/Developer/Xcode/DerivedData/Lingua_Quest-gvpckrqxtbgyprbgppjfqmimmmfw/Build/Products/Debug-iphonesimulator/PackageFrameworks -F/Users/siam/Library/Developer/Xcode/DerivedData/Lingua_Quest-gvpckrqxtbgyprbgppjfqmimmmfw/Build/Products/Debug-iphonesimulator/PackageFrameworks -F/Users/siam/Library/Developer/Xcode/DerivedData/Lingua_Quest-gvpckrqxtbgyprbgppjfqmimmmfw/Build/Products/Debug-iphonesimulator/PackageFrameworks -F/Users/siam/Library/Developer/Xcode/DerivedData/Lingua_Quest-gvpckrqxtbgyprbgppjfqmimmmfw/Build/Products/Debug-iphonesimulator/PackageFrameworks -F/Users/siam/Library/Developer/Xcode/DerivedData/Lingua_Quest-gvpckrqxtbgyprbgppjfqmimmmfw/Build/Products/Debug-iphonesimulator/PackageFrameworks -F/Users/siam/Library/Developer/Xcode/DerivedData/Lingua_Quest-gvpckrqxtbgyprbgppjfqmimmmfw/Build/Products/Debug-iphonesimulator/PackageFrameworks -F/Users/siam/Library/Developer/Xcode/DerivedData/Lingua_Quest-gvpckrqxtbgyprbgppjfqmimmmfw/Build/Products/Debug-iphonesimulator/PackageFrameworks -F/Users/siam/Library/Developer/Xcode/DerivedData/Lingua_Quest-gvpckrqxtbgyprbgppjfqmimmmfw/Build/Products/Debug-iphonesimulator/PackageFrameworks -F/Users/siam/Library/Developer/Xcode/DerivedData/Lingua_Quest-gvpckrqxtbgyprbgppjfqmimmmfw/Build/Products/Debug-iphonesimulator/PackageFrameworks -F/Users/siam/Library/Developer/Xcode/DerivedData/Lingua_Quest-gvpckrqxtbgyprbgppjfqmimmmfw/Build/Products/Debug-iphonesimulator/PackageFrameworks -F/Users/siam/Library/Developer/Xcode/DerivedData/Lingua_Quest-gvpckrqxtbgyprbgppjfqmimmmfw/Build/Products/Debug-iphonesimulator/PackageFrameworks -F/Users/siam/Library/Developer/Xcode/DerivedData/Lingua_Quest-gvpckrqxtbgyprbgppjfqmimmmfw/Build/Products/Debug-iphonesimulator/PackageFrameworks -F/Users/siam/Library/Developer/Xcode/DerivedData/Lingua_Quest-gvpckrqxtbgyprbgppjfqmimmmfw/Build/Products/Debug-iphonesimulator -iframework /Applications/Xcode.app/Contents/Developer/Platforms/iPhoneSimulator.platform/Developer/Library/Frameworks -iframework /Applications/Xcode.app/Contents/Developer/Platforms/iPhoneSimulator.platform/Developer/SDKs/iPhoneSimulator26.0.sdk/Developer/Library/Frameworks -filelist /Users/siam/Library/Developer/Xcode/DerivedData/Lingua_Quest-gvpckrqxtbgyprbgppjfqmimmmfw/Build/Intermediates.noindex/Firebase.build/Debug-iphonesimulator/FirebaseAppCheck.build/Objects-normal/arm64/FirebaseAppCheck.LinkFileList -nostdlib -Xlinker -object_path_lto -Xlinker /Users/siam/Library/Developer/Xcode/DerivedData/Lingua_Quest-gvpckrqxtbgyprbgppjfqmimmmfw/Build/Intermediates.noindex/Firebase.build/Debug-iphonesimulator/FirebaseAppCheck.build/Objects-normal/arm64/FirebaseAppCheck_lto.o -rdynamic -Xlinker -no_deduplicate -Xlinker -objc_abi_version -Xlinker 2 -Xlinker -debug_variant -Xlinker -dependency_info -Xlinker /Users/siam/Library/Developer/Xcode/DerivedData/Lingua_Quest-gvpckrqxtbgyprbgppjfqmimmmfw/Build/Intermediates.noindex/Firebase.build/Debug-iphonesimulator/FirebaseAppCheck.build/Objects-normal/arm64/FirebaseAppCheck_dependency_info.dat -fobjc-arc -fobjc-link-runtime -o /Users/siam/Library/Developer/Xcode/DerivedData/Lingua_Quest-gvpckrqxtbgyprbgppjfqmimmmfw/Build/Intermediates.noindex/Firebase.build/Debug-iphonesimulator/FirebaseAppCheck.build/Objects-normal/arm64/Binary/FirebaseAppCheck.o

CreateUniversalBinary /Users/siam/Library/Developer/Xcode/DerivedData/Lingua_Quest-gvpckrqxtbgyprbgppjfqmimmmfw/Build/Products/Debug-iphonesimulator/GoogleSignIn.o normal arm64\ x86_64 (in target 'GoogleSignIn' from project 'GoogleSignIn')
    cd /Users/siam/Library/Developer/Xcode/DerivedData/Lingua_Quest-gvpckrqxtbgyprbgppjfqmimmmfw/SourcePackages/checkouts/GoogleSignIn-iOS
    /Applications/Xcode.app/Contents/Developer/Toolchains/XcodeDefault.xctoolchain/usr/bin/lipo -create /Users/siam/Library/Developer/Xcode/DerivedData/Lingua_Quest-gvpckrqxtbgyprbgppjfqmimmmfw/Build/Intermediates.noindex/GoogleSignIn.build/Debug-iphonesimulator/GoogleSignIn.build/Objects-normal/arm64/Binary/GoogleSignIn.o /Users/siam/Library/Developer/Xcode/DerivedData/Lingua_Quest-gvpckrqxtbgyprbgppjfqmimmmfw/Build/Intermediates.noindex/GoogleSignIn.build/Debug-iphonesimulator/GoogleSignIn.build/Objects-normal/x86_64/Binary/GoogleSignIn.o -output /Users/siam/Library/Developer/Xcode/DerivedData/Lingua_Quest-gvpckrqxtbgyprbgppjfqmimmmfw/Build/Products/Debug-iphonesimulator/GoogleSignIn.o

RegisterExecutionPolicyException /Users/siam/Library/Developer/Xcode/DerivedData/Lingua_Quest-gvpckrqxtbgyprbgppjfqmimmmfw/Build/Products/Debug-iphonesimulator/GoogleSignIn.o (in target 'GoogleSignIn' from project 'GoogleSignIn')
    cd /Users/siam/Library/Developer/Xcode/DerivedData/Lingua_Quest-gvpckrqxtbgyprbgppjfqmimmmfw/SourcePackages/checkouts/GoogleSignIn-iOS
    builtin-RegisterExecutionPolicyException /Users/siam/Library/Developer/Xcode/DerivedData/Lingua_Quest-gvpckrqxtbgyprbgppjfqmimmmfw/Build/Products/Debug-iphonesimulator/GoogleSignIn.o

RegisterExecutionPolicyException /Users/siam/Library/Developer/Xcode/DerivedData/Lingua_Quest-gvpckrqxtbgyprbgppjfqmimmmfw/Build/Products/Debug-iphonesimulator/FirebaseFirestore.o (in target 'FirebaseFirestore' from project 'Firebase')
    cd /Users/siam/Library/Developer/Xcode/DerivedData/Lingua_Quest-gvpckrqxtbgyprbgppjfqmimmmfw/SourcePackages/checkouts/firebase-ios-sdk
    builtin-RegisterExecutionPolicyException /Users/siam/Library/Developer/Xcode/DerivedData/Lingua_Quest-gvpckrqxtbgyprbgppjfqmimmmfw/Build/Products/Debug-iphonesimulator/FirebaseFirestore.o

CreateUniversalBinary /Users/siam/Library/Developer/Xcode/DerivedData/Lingua_Quest-gvpckrqxtbgyprbgppjfqmimmmfw/Build/Products/Debug-iphonesimulator/FirebaseAppCheck.o normal arm64\ x86_64 (in target 'FirebaseAppCheck' from project 'Firebase')
    cd /Users/siam/Library/Developer/Xcode/DerivedData/Lingua_Quest-gvpckrqxtbgyprbgppjfqmimmmfw/SourcePackages/checkouts/firebase-ios-sdk
    /Applications/Xcode.app/Contents/Developer/Toolchains/XcodeDefault.xctoolchain/usr/bin/lipo -create /Users/siam/Library/Developer/Xcode/DerivedData/Lingua_Quest-gvpckrqxtbgyprbgppjfqmimmmfw/Build/Intermediates.noindex/Firebase.build/Debug-iphonesimulator/FirebaseAppCheck.build/Objects-normal/arm64/Binary/FirebaseAppCheck.o /Users/siam/Library/Developer/Xcode/DerivedData/Lingua_Quest-gvpckrqxtbgyprbgppjfqmimmmfw/Build/Intermediates.noindex/Firebase.build/Debug-iphonesimulator/FirebaseAppCheck.build/Objects-normal/x86_64/Binary/FirebaseAppCheck.o -output /Users/siam/Library/Developer/Xcode/DerivedData/Lingua_Quest-gvpckrqxtbgyprbgppjfqmimmmfw/Build/Products/Debug-iphonesimulator/FirebaseAppCheck.o

Ld /Users/siam/Library/Developer/Xcode/DerivedData/Lingua_Quest-gvpckrqxtbgyprbgppjfqmimmmfw/Build/Intermediates.noindex/GoogleSignIn.build/Debug-iphonesimulator/GoogleSignInSwift.build/Objects-normal/arm64/Binary/GoogleSignInSwift.o normal arm64 (in target 'GoogleSignInSwift' from project 'GoogleSignIn')
    cd /Users/siam/Library/Developer/Xcode/DerivedData/Lingua_Quest-gvpckrqxtbgyprbgppjfqmimmmfw/SourcePackages/checkouts/GoogleSignIn-iOS
    /Applications/Xcode.app/Contents/Developer/Toolchains/XcodeDefault.xctoolchain/usr/bin/clang -Xlinker -reproducible -target arm64-apple-ios12.0-simulator -r -isysroot /Applications/Xcode.app/Contents/Developer/Platforms/iPhoneSimulator.platform/Developer/SDKs/iPhoneSimulator26.0.sdk -O0 -w -L/Users/siam/Library/Developer/Xcode/DerivedData/Lingua_Quest-gvpckrqxtbgyprbgppjfqmimmmfw/Build/Intermediates.noindex/EagerLinkingTBDs/Debug-iphonesimulator -L/Users/siam/Library/Developer/Xcode/DerivedData/Lingua_Quest-gvpckrqxtbgyprbgppjfqmimmmfw/Build/Products/Debug-iphonesimulator -L/Applications/Xcode.app/Contents/Developer/Platforms/iPhoneSimulator.platform/Developer/usr/lib -F/Users/siam/Library/Developer/Xcode/DerivedData/Lingua_Quest-gvpckrqxtbgyprbgppjfqmimmmfw/Build/Intermediates.noindex/EagerLinkingTBDs/Debug-iphonesimulator -F/Users/siam/Library/Developer/Xcode/DerivedData/Lingua_Quest-gvpckrqxtbgyprbgppjfqmimmmfw/Build/Products/Debug-iphonesimulator/PackageFrameworks -F/Users/siam/Library/Developer/Xcode/DerivedData/Lingua_Quest-gvpckrqxtbgyprbgppjfqmimmmfw/Build/Products/Debug-iphonesimulator/PackageFrameworks -F/Users/siam/Library/Developer/Xcode/DerivedData/Lingua_Quest-gvpckrqxtbgyprbgppjfqmimmmfw/Build/Products/Debug-iphonesimulator/PackageFrameworks -F/Users/siam/Library/Developer/Xcode/DerivedData/Lingua_Quest-gvpckrqxtbgyprbgppjfqmimmmfw/Build/Products/Debug-iphonesimulator/PackageFrameworks -F/Users/siam/Library/Developer/Xcode/DerivedData/Lingua_Quest-gvpckrqxtbgyprbgppjfqmimmmfw/Build/Products/Debug-iphonesimulator/PackageFrameworks -F/Users/siam/Library/Developer/Xcode/DerivedData/Lingua_Quest-gvpckrqxtbgyprbgppjfqmimmmfw/Build/Products/Debug-iphonesimulator/PackageFrameworks -F/Users/siam/Library/Developer/Xcode/DerivedData/Lingua_Quest-gvpckrqxtbgyprbgppjfqmimmmfw/Build/Products/Debug-iphonesimulator/PackageFrameworks -F/Users/siam/Library/Developer/Xcode/DerivedData/Lingua_Quest-gvpckrqxtbgyprbgppjfqmimmmfw/Build/Products/Debug-iphonesimulator/PackageFrameworks -F/Users/siam/Library/Developer/Xcode/DerivedData/Lingua_Quest-gvpckrqxtbgyprbgppjfqmimmmfw/Build/Products/Debug-iphonesimulator/PackageFrameworks -F/Users/siam/Library/Developer/Xcode/DerivedData/Lingua_Quest-gvpckrqxtbgyprbgppjfqmimmmfw/Build/Products/Debug-iphonesimulator/PackageFrameworks -F/Users/siam/Library/Developer/Xcode/DerivedData/Lingua_Quest-gvpckrqxtbgyprbgppjfqmimmmfw/Build/Products/Debug-iphonesimulator/PackageFrameworks -F/Users/siam/Library/Developer/Xcode/DerivedData/Lingua_Quest-gvpckrqxtbgyprbgppjfqmimmmfw/Build/Products/Debug-iphonesimulator -iframework /Applications/Xcode.app/Contents/Developer/Platforms/iPhoneSimulator.platform/Developer/Library/Frameworks -iframework /Applications/Xcode.app/Contents/Developer/Platforms/iPhoneSimulator.platform/Developer/SDKs/iPhoneSimulator26.0.sdk/Developer/Library/Frameworks -filelist /Users/siam/Library/Developer/Xcode/DerivedData/Lingua_Quest-gvpckrqxtbgyprbgppjfqmimmmfw/Build/Intermediates.noindex/GoogleSignIn.build/Debug-iphonesimulator/GoogleSignInSwift.build/Objects-normal/arm64/GoogleSignInSwift.LinkFileList -nostdlib -Xlinker -object_path_lto -Xlinker /Users/siam/Library/Developer/Xcode/DerivedData/Lingua_Quest-gvpckrqxtbgyprbgppjfqmimmmfw/Build/Intermediates.noindex/GoogleSignIn.build/Debug-iphonesimulator/GoogleSignInSwift.build/Objects-normal/arm64/GoogleSignInSwift_lto.o -rdynamic -Xlinker -no_deduplicate -Xlinker -objc_abi_version -Xlinker 2 -Xlinker -debug_variant -Xlinker -dependency_info -Xlinker /Users/siam/Library/Developer/Xcode/DerivedData/Lingua_Quest-gvpckrqxtbgyprbgppjfqmimmmfw/Build/Intermediates.noindex/GoogleSignIn.build/Debug-iphonesimulator/GoogleSignInSwift.build/Objects-normal/arm64/GoogleSignInSwift_dependency_info.dat -fobjc-link-runtime -L/Applications/Xcode.app/Contents/Developer/Toolchains/XcodeDefault.xctoolchain/usr/lib/swift/iphonesimulator -L/usr/lib/swift -Xlinker -add_ast_path -Xlinker /Users/siam/Library/Developer/Xcode/DerivedData/Lingua_Quest-gvpckrqxtbgyprbgppjfqmimmmfw/Build/Intermediates.noindex/GoogleSignIn.build/Debug-iphonesimulator/GoogleSignInSwift.build/Objects-normal/arm64/GoogleSignInSwift.swiftmodule @/Users/siam/Library/Developer/Xcode/DerivedData/Lingua_Quest-gvpckrqxtbgyprbgppjfqmimmmfw/Build/Intermediates.noindex/GoogleSignIn.build/Debug-iphonesimulator/GoogleSignInSwift.build/Objects-normal/arm64/GoogleSignInSwift-linker-args.resp -o /Users/siam/Library/Developer/Xcode/DerivedData/Lingua_Quest-gvpckrqxtbgyprbgppjfqmimmmfw/Build/Intermediates.noindex/GoogleSignIn.build/Debug-iphonesimulator/GoogleSignInSwift.build/Objects-normal/arm64/Binary/GoogleSignInSwift.o

Ld /Users/siam/Library/Developer/Xcode/DerivedData/Lingua_Quest-gvpckrqxtbgyprbgppjfqmimmmfw/Build/Intermediates.noindex/GoogleSignIn.build/Debug-iphonesimulator/GoogleSignInSwift.build/Objects-normal/x86_64/Binary/GoogleSignInSwift.o normal x86_64 (in target 'GoogleSignInSwift' from project 'GoogleSignIn')
    cd /Users/siam/Library/Developer/Xcode/DerivedData/Lingua_Quest-gvpckrqxtbgyprbgppjfqmimmmfw/SourcePackages/checkouts/GoogleSignIn-iOS
    /Applications/Xcode.app/Contents/Developer/Toolchains/XcodeDefault.xctoolchain/usr/bin/clang -Xlinker -reproducible -target x86_64-apple-ios12.0-simulator -r -isysroot /Applications/Xcode.app/Contents/Developer/Platforms/iPhoneSimulator.platform/Developer/SDKs/iPhoneSimulator26.0.sdk -O0 -w -L/Users/siam/Library/Developer/Xcode/DerivedData/Lingua_Quest-gvpckrqxtbgyprbgppjfqmimmmfw/Build/Intermediates.noindex/EagerLinkingTBDs/Debug-iphonesimulator -L/Users/siam/Library/Developer/Xcode/DerivedData/Lingua_Quest-gvpckrqxtbgyprbgppjfqmimmmfw/Build/Products/Debug-iphonesimulator -L/Applications/Xcode.app/Contents/Developer/Platforms/iPhoneSimulator.platform/Developer/usr/lib -F/Users/siam/Library/Developer/Xcode/DerivedData/Lingua_Quest-gvpckrqxtbgyprbgppjfqmimmmfw/Build/Intermediates.noindex/EagerLinkingTBDs/Debug-iphonesimulator -F/Users/siam/Library/Developer/Xcode/DerivedData/Lingua_Quest-gvpckrqxtbgyprbgppjfqmimmmfw/Build/Products/Debug-iphonesimulator/PackageFrameworks -F/Users/siam/Library/Developer/Xcode/DerivedData/Lingua_Quest-gvpckrqxtbgyprbgppjfqmimmmfw/Build/Products/Debug-iphonesimulator/PackageFrameworks -F/Users/siam/Library/Developer/Xcode/DerivedData/Lingua_Quest-gvpckrqxtbgyprbgppjfqmimmmfw/Build/Products/Debug-iphonesimulator/PackageFrameworks -F/Users/siam/Library/Developer/Xcode/DerivedData/Lingua_Quest-gvpckrqxtbgyprbgppjfqmimmmfw/Build/Products/Debug-iphonesimulator/PackageFrameworks -F/Users/siam/Library/Developer/Xcode/DerivedData/Lingua_Quest-gvpckrqxtbgyprbgppjfqmimmmfw/Build/Products/Debug-iphonesimulator/PackageFrameworks -F/Users/siam/Library/Developer/Xcode/DerivedData/Lingua_Quest-gvpckrqxtbgyprbgppjfqmimmmfw/Build/Products/Debug-iphonesimulator/PackageFrameworks -F/Users/siam/Library/Developer/Xcode/DerivedData/Lingua_Quest-gvpckrqxtbgyprbgppjfqmimmmfw/Build/Products/Debug-iphonesimulator/PackageFrameworks -F/Users/siam/Library/Developer/Xcode/DerivedData/Lingua_Quest-gvpckrqxtbgyprbgppjfqmimmmfw/Build/Products/Debug-iphonesimulator/PackageFrameworks -F/Users/siam/Library/Developer/Xcode/DerivedData/Lingua_Quest-gvpckrqxtbgyprbgppjfqmimmmfw/Build/Products/Debug-iphonesimulator/PackageFrameworks -F/Users/siam/Library/Developer/Xcode/DerivedData/Lingua_Quest-gvpckrqxtbgyprbgppjfqmimmmfw/Build/Products/Debug-iphonesimulator/PackageFrameworks -F/Users/siam/Library/Developer/Xcode/DerivedData/Lingua_Quest-gvpckrqxtbgyprbgppjfqmimmmfw/Build/Products/Debug-iphonesimulator/PackageFrameworks -F/Users/siam/Library/Developer/Xcode/DerivedData/Lingua_Quest-gvpckrqxtbgyprbgppjfqmimmmfw/Build/Products/Debug-iphonesimulator -iframework /Applications/Xcode.app/Contents/Developer/Platforms/iPhoneSimulator.platform/Developer/Library/Frameworks -iframework /Applications/Xcode.app/Contents/Developer/Platforms/iPhoneSimulator.platform/Developer/SDKs/iPhoneSimulator26.0.sdk/Developer/Library/Frameworks -filelist /Users/siam/Library/Developer/Xcode/DerivedData/Lingua_Quest-gvpckrqxtbgyprbgppjfqmimmmfw/Build/Intermediates.noindex/GoogleSignIn.build/Debug-iphonesimulator/GoogleSignInSwift.build/Objects-normal/x86_64/GoogleSignInSwift.LinkFileList -nostdlib -Xlinker -object_path_lto -Xlinker /Users/siam/Library/Developer/Xcode/DerivedData/Lingua_Quest-gvpckrqxtbgyprbgppjfqmimmmfw/Build/Intermediates.noindex/GoogleSignIn.build/Debug-iphonesimulator/GoogleSignInSwift.build/Objects-normal/x86_64/GoogleSignInSwift_lto.o -rdynamic -Xlinker -no_deduplicate -Xlinker -objc_abi_version -Xlinker 2 -Xlinker -debug_variant -Xlinker -dependency_info -Xlinker /Users/siam/Library/Developer/Xcode/DerivedData/Lingua_Quest-gvpckrqxtbgyprbgppjfqmimmmfw/Build/Intermediates.noindex/GoogleSignIn.build/Debug-iphonesimulator/GoogleSignInSwift.build/Objects-normal/x86_64/GoogleSignInSwift_dependency_info.dat -fobjc-link-runtime -L/Applications/Xcode.app/Contents/Developer/Toolchains/XcodeDefault.xctoolchain/usr/lib/swift/iphonesimulator -L/usr/lib/swift -Xlinker -add_ast_path -Xlinker /Users/siam/Library/Developer/Xcode/DerivedData/Lingua_Quest-gvpckrqxtbgyprbgppjfqmimmmfw/Build/Intermediates.noindex/GoogleSignIn.build/Debug-iphonesimulator/GoogleSignInSwift.build/Objects-normal/x86_64/GoogleSignInSwift.swiftmodule @/Users/siam/Library/Developer/Xcode/DerivedData/Lingua_Quest-gvpckrqxtbgyprbgppjfqmimmmfw/Build/Intermediates.noindex/GoogleSignIn.build/Debug-iphonesimulator/GoogleSignInSwift.build/Objects-normal/x86_64/GoogleSignInSwift-linker-args.resp -o /Users/siam/Library/Developer/Xcode/DerivedData/Lingua_Quest-gvpckrqxtbgyprbgppjfqmimmmfw/Build/Intermediates.noindex/GoogleSignIn.build/Debug-iphonesimulator/GoogleSignInSwift.build/Objects-normal/x86_64/Binary/GoogleSignInSwift.o

RegisterExecutionPolicyException /Users/siam/Library/Developer/Xcode/DerivedData/Lingua_Quest-gvpckrqxtbgyprbgppjfqmimmmfw/Build/Products/Debug-iphonesimulator/FirebaseAppCheck.o (in target 'FirebaseAppCheck' from project 'Firebase')
    cd /Users/siam/Library/Developer/Xcode/DerivedData/Lingua_Quest-gvpckrqxtbgyprbgppjfqmimmmfw/SourcePackages/checkouts/firebase-ios-sdk
    builtin-RegisterExecutionPolicyException /Users/siam/Library/Developer/Xcode/DerivedData/Lingua_Quest-gvpckrqxtbgyprbgppjfqmimmmfw/Build/Products/Debug-iphonesimulator/FirebaseAppCheck.o

Ld /Users/siam/Library/Developer/Xcode/DerivedData/Lingua_Quest-gvpckrqxtbgyprbgppjfqmimmmfw/Build/Intermediates.noindex/Firebase.build/Debug-iphonesimulator/FirebaseFirestoreTarget.build/Objects-normal/arm64/Binary/FirebaseFirestoreTarget.o normal arm64 (in target 'FirebaseFirestoreTarget' from project 'Firebase')
    cd /Users/siam/Library/Developer/Xcode/DerivedData/Lingua_Quest-gvpckrqxtbgyprbgppjfqmimmmfw/SourcePackages/checkouts/firebase-ios-sdk
    /Applications/Xcode.app/Contents/Developer/Toolchains/XcodeDefault.xctoolchain/usr/bin/clang -Xlinker -reproducible -target arm64-apple-ios15.0-simulator -r -isysroot /Applications/Xcode.app/Contents/Developer/Platforms/iPhoneSimulator.platform/Developer/SDKs/iPhoneSimulator26.0.sdk -O0 -w -L/Users/siam/Library/Developer/Xcode/DerivedData/Lingua_Quest-gvpckrqxtbgyprbgppjfqmimmmfw/Build/Intermediates.noindex/EagerLinkingTBDs/Debug-iphonesimulator -L/Users/siam/Library/Developer/Xcode/DerivedData/Lingua_Quest-gvpckrqxtbgyprbgppjfqmimmmfw/Build/Products/Debug-iphonesimulator -L/Applications/Xcode.app/Contents/Developer/Platforms/iPhoneSimulator.platform/Developer/usr/lib -F/Users/siam/Library/Developer/Xcode/DerivedData/Lingua_Quest-gvpckrqxtbgyprbgppjfqmimmmfw/Build/Intermediates.noindex/EagerLinkingTBDs/Debug-iphonesimulator -F/Users/siam/Library/Developer/Xcode/DerivedData/Lingua_Quest-gvpckrqxtbgyprbgppjfqmimmmfw/Build/Products/Debug-iphonesimulator/PackageFrameworks -F/Users/siam/Library/Developer/Xcode/DerivedData/Lingua_Quest-gvpckrqxtbgyprbgppjfqmimmmfw/Build/Products/Debug-iphonesimulator/PackageFrameworks -F/Users/siam/Library/Developer/Xcode/DerivedData/Lingua_Quest-gvpckrqxtbgyprbgppjfqmimmmfw/Build/Products/Debug-iphonesimulator/PackageFrameworks -F/Users/siam/Library/Developer/Xcode/DerivedData/Lingua_Quest-gvpckrqxtbgyprbgppjfqmimmmfw/Build/Products/Debug-iphonesimulator/PackageFrameworks -F/Users/siam/Library/Developer/Xcode/DerivedData/Lingua_Quest-gvpckrqxtbgyprbgppjfqmimmmfw/Build/Products/Debug-iphonesimulator/PackageFrameworks -F/Users/siam/Library/Developer/Xcode/DerivedData/Lingua_Quest-gvpckrqxtbgyprbgppjfqmimmmfw/Build/Products/Debug-iphonesimulator/PackageFrameworks -F/Users/siam/Library/Developer/Xcode/DerivedData/Lingua_Quest-gvpckrqxtbgyprbgppjfqmimmmfw/Build/Products/Debug-iphonesimulator/PackageFrameworks -F/Users/siam/Library/Developer/Xcode/DerivedData/Lingua_Quest-gvpckrqxtbgyprbgppjfqmimmmfw/Build/Products/Debug-iphonesimulator/PackageFrameworks -F/Users/siam/Library/Developer/Xcode/DerivedData/Lingua_Quest-gvpckrqxtbgyprbgppjfqmimmmfw/Build/Products/Debug-iphonesimulator/PackageFrameworks -F/Users/siam/Library/Developer/Xcode/DerivedData/Lingua_Quest-gvpckrqxtbgyprbgppjfqmimmmfw/Build/Products/Debug-iphonesimulator/PackageFrameworks -F/Users/siam/Library/Developer/Xcode/DerivedData/Lingua_Quest-gvpckrqxtbgyprbgppjfqmimmmfw/Build/Products/Debug-iphonesimulator/PackageFrameworks -F/Users/siam/Library/Developer/Xcode/DerivedData/Lingua_Quest-gvpckrqxtbgyprbgppjfqmimmmfw/Build/Products/Debug-iphonesimulator/PackageFrameworks -F/Users/siam/Library/Developer/Xcode/DerivedData/Lingua_Quest-gvpckrqxtbgyprbgppjfqmimmmfw/Build/Products/Debug-iphonesimulator/PackageFrameworks -F/Users/siam/Library/Developer/Xcode/DerivedData/Lingua_Quest-gvpckrqxtbgyprbgppjfqmimmmfw/Build/Products/Debug-iphonesimulator/PackageFrameworks -F/Users/siam/Library/Developer/Xcode/DerivedData/Lingua_Quest-gvpckrqxtbgyprbgppjfqmimmmfw/Build/Products/Debug-iphonesimulator/PackageFrameworks -F/Users/siam/Library/Developer/Xcode/DerivedData/Lingua_Quest-gvpckrqxtbgyprbgppjfqmimmmfw/Build/Products/Debug-iphonesimulator/PackageFrameworks -F/Users/siam/Library/Developer/Xcode/DerivedData/Lingua_Quest-gvpckrqxtbgyprbgppjfqmimmmfw/Build/Products/Debug-iphonesimulator/PackageFrameworks -F/Users/siam/Library/Developer/Xcode/DerivedData/Lingua_Quest-gvpckrqxtbgyprbgppjfqmimmmfw/Build/Products/Debug-iphonesimulator/PackageFrameworks -F/Users/siam/Library/Developer/Xcode/DerivedData/Lingua_Quest-gvpckrqxtbgyprbgppjfqmimmmfw/Build/Products/Debug-iphonesimulator -iframework /Applications/Xcode.app/Contents/Developer/Platforms/iPhoneSimulator.platform/Developer/Library/Frameworks -iframework /Applications/Xcode.app/Contents/Developer/Platforms/iPhoneSimulator.platform/Developer/SDKs/iPhoneSimulator26.0.sdk/Developer/Library/Frameworks -filelist /Users/siam/Library/Developer/Xcode/DerivedData/Lingua_Quest-gvpckrqxtbgyprbgppjfqmimmmfw/Build/Intermediates.noindex/Firebase.build/Debug-iphonesimulator/FirebaseFirestoreTarget.build/Objects-normal/arm64/FirebaseFirestoreTarget.LinkFileList -nostdlib -Xlinker -object_path_lto -Xlinker /Users/siam/Library/Developer/Xcode/DerivedData/Lingua_Quest-gvpckrqxtbgyprbgppjfqmimmmfw/Build/Intermediates.noindex/Firebase.build/Debug-iphonesimulator/FirebaseFirestoreTarget.build/Objects-normal/arm64/FirebaseFirestoreTarget_lto.o -rdynamic -Xlinker -no_deduplicate -Xlinker -objc_abi_version -Xlinker 2 -Xlinker -debug_variant -Xlinker -dependency_info -Xlinker /Users/siam/Library/Developer/Xcode/DerivedData/Lingua_Quest-gvpckrqxtbgyprbgppjfqmimmmfw/Build/Intermediates.noindex/Firebase.build/Debug-iphonesimulator/FirebaseFirestoreTarget.build/Objects-normal/arm64/FirebaseFirestoreTarget_dependency_info.dat -fobjc-arc -fobjc-link-runtime -o /Users/siam/Library/Developer/Xcode/DerivedData/Lingua_Quest-gvpckrqxtbgyprbgppjfqmimmmfw/Build/Intermediates.noindex/Firebase.build/Debug-iphonesimulator/FirebaseFirestoreTarget.build/Objects-normal/arm64/Binary/FirebaseFirestoreTarget.o

Ld /Users/siam/Library/Developer/Xcode/DerivedData/Lingua_Quest-gvpckrqxtbgyprbgppjfqmimmmfw/Build/Intermediates.noindex/Firebase.build/Debug-iphonesimulator/FirebaseFirestoreTarget.build/Objects-normal/x86_64/Binary/FirebaseFirestoreTarget.o normal x86_64 (in target 'FirebaseFirestoreTarget' from project 'Firebase')
    cd /Users/siam/Library/Developer/Xcode/DerivedData/Lingua_Quest-gvpckrqxtbgyprbgppjfqmimmmfw/SourcePackages/checkouts/firebase-ios-sdk
    /Applications/Xcode.app/Contents/Developer/Toolchains/XcodeDefault.xctoolchain/usr/bin/clang -Xlinker -reproducible -target x86_64-apple-ios15.0-simulator -r -isysroot /Applications/Xcode.app/Contents/Developer/Platforms/iPhoneSimulator.platform/Developer/SDKs/iPhoneSimulator26.0.sdk -O0 -w -L/Users/siam/Library/Developer/Xcode/DerivedData/Lingua_Quest-gvpckrqxtbgyprbgppjfqmimmmfw/Build/Intermediates.noindex/EagerLinkingTBDs/Debug-iphonesimulator -L/Users/siam/Library/Developer/Xcode/DerivedData/Lingua_Quest-gvpckrqxtbgyprbgppjfqmimmmfw/Build/Products/Debug-iphonesimulator -L/Applications/Xcode.app/Contents/Developer/Platforms/iPhoneSimulator.platform/Developer/usr/lib -F/Users/siam/Library/Developer/Xcode/DerivedData/Lingua_Quest-gvpckrqxtbgyprbgppjfqmimmmfw/Build/Intermediates.noindex/EagerLinkingTBDs/Debug-iphonesimulator -F/Users/siam/Library/Developer/Xcode/DerivedData/Lingua_Quest-gvpckrqxtbgyprbgppjfqmimmmfw/Build/Products/Debug-iphonesimulator/PackageFrameworks -F/Users/siam/Library/Developer/Xcode/DerivedData/Lingua_Quest-gvpckrqxtbgyprbgppjfqmimmmfw/Build/Products/Debug-iphonesimulator/PackageFrameworks -F/Users/siam/Library/Developer/Xcode/DerivedData/Lingua_Quest-gvpckrqxtbgyprbgppjfqmimmmfw/Build/Products/Debug-iphonesimulator/PackageFrameworks -F/Users/siam/Library/Developer/Xcode/DerivedData/Lingua_Quest-gvpckrqxtbgyprbgppjfqmimmmfw/Build/Products/Debug-iphonesimulator/PackageFrameworks -F/Users/siam/Library/Developer/Xcode/DerivedData/Lingua_Quest-gvpckrqxtbgyprbgppjfqmimmmfw/Build/Products/Debug-iphonesimulator/PackageFrameworks -F/Users/siam/Library/Developer/Xcode/DerivedData/Lingua_Quest-gvpckrqxtbgyprbgppjfqmimmmfw/Build/Products/Debug-iphonesimulator/PackageFrameworks -F/Users/siam/Library/Developer/Xcode/DerivedData/Lingua_Quest-gvpckrqxtbgyprbgppjfqmimmmfw/Build/Products/Debug-iphonesimulator/PackageFrameworks -F/Users/siam/Library/Developer/Xcode/DerivedData/Lingua_Quest-gvpckrqxtbgyprbgppjfqmimmmfw/Build/Products/Debug-iphonesimulator/PackageFrameworks -F/Users/siam/Library/Developer/Xcode/DerivedData/Lingua_Quest-gvpckrqxtbgyprbgppjfqmimmmfw/Build/Products/Debug-iphonesimulator/PackageFrameworks -F/Users/siam/Library/Developer/Xcode/DerivedData/Lingua_Quest-gvpckrqxtbgyprbgppjfqmimmmfw/Build/Products/Debug-iphonesimulator/PackageFrameworks -F/Users/siam/Library/Developer/Xcode/DerivedData/Lingua_Quest-gvpckrqxtbgyprbgppjfqmimmmfw/Build/Products/Debug-iphonesimulator/PackageFrameworks -F/Users/siam/Library/Developer/Xcode/DerivedData/Lingua_Quest-gvpckrqxtbgyprbgppjfqmimmmfw/Build/Products/Debug-iphonesimulator/PackageFrameworks -F/Users/siam/Library/Developer/Xcode/DerivedData/Lingua_Quest-gvpckrqxtbgyprbgppjfqmimmmfw/Build/Products/Debug-iphonesimulator/PackageFrameworks -F/Users/siam/Library/Developer/Xcode/DerivedData/Lingua_Quest-gvpckrqxtbgyprbgppjfqmimmmfw/Build/Products/Debug-iphonesimulator/PackageFrameworks -F/Users/siam/Library/Developer/Xcode/DerivedData/Lingua_Quest-gvpckrqxtbgyprbgppjfqmimmmfw/Build/Products/Debug-iphonesimulator/PackageFrameworks -F/Users/siam/Library/Developer/Xcode/DerivedData/Lingua_Quest-gvpckrqxtbgyprbgppjfqmimmmfw/Build/Products/Debug-iphonesimulator/PackageFrameworks -F/Users/siam/Library/Developer/Xcode/DerivedData/Lingua_Quest-gvpckrqxtbgyprbgppjfqmimmmfw/Build/Products/Debug-iphonesimulator/PackageFrameworks -F/Users/siam/Library/Developer/Xcode/DerivedData/Lingua_Quest-gvpckrqxtbgyprbgppjfqmimmmfw/Build/Products/Debug-iphonesimulator/PackageFrameworks -F/Users/siam/Library/Developer/Xcode/DerivedData/Lingua_Quest-gvpckrqxtbgyprbgppjfqmimmmfw/Build/Products/Debug-iphonesimulator -iframework /Applications/Xcode.app/Contents/Developer/Platforms/iPhoneSimulator.platform/Developer/Library/Frameworks -iframework /Applications/Xcode.app/Contents/Developer/Platforms/iPhoneSimulator.platform/Developer/SDKs/iPhoneSimulator26.0.sdk/Developer/Library/Frameworks -filelist /Users/siam/Library/Developer/Xcode/DerivedData/Lingua_Quest-gvpckrqxtbgyprbgppjfqmimmmfw/Build/Intermediates.noindex/Firebase.build/Debug-iphonesimulator/FirebaseFirestoreTarget.build/Objects-normal/x86_64/FirebaseFirestoreTarget.LinkFileList -nostdlib -Xlinker -object_path_lto -Xlinker /Users/siam/Library/Developer/Xcode/DerivedData/Lingua_Quest-gvpckrqxtbgyprbgppjfqmimmmfw/Build/Intermediates.noindex/Firebase.build/Debug-iphonesimulator/FirebaseFirestoreTarget.build/Objects-normal/x86_64/FirebaseFirestoreTarget_lto.o -rdynamic -Xlinker -no_deduplicate -Xlinker -objc_abi_version -Xlinker 2 -Xlinker -debug_variant -Xlinker -dependency_info -Xlinker /Users/siam/Library/Developer/Xcode/DerivedData/Lingua_Quest-gvpckrqxtbgyprbgppjfqmimmmfw/Build/Intermediates.noindex/Firebase.build/Debug-iphonesimulator/FirebaseFirestoreTarget.build/Objects-normal/x86_64/FirebaseFirestoreTarget_dependency_info.dat -fobjc-arc -fobjc-link-runtime -o /Users/siam/Library/Developer/Xcode/DerivedData/Lingua_Quest-gvpckrqxtbgyprbgppjfqmimmmfw/Build/Intermediates.noindex/Firebase.build/Debug-iphonesimulator/FirebaseFirestoreTarget.build/Objects-normal/x86_64/Binary/FirebaseFirestoreTarget.o

CreateUniversalBinary /Users/siam/Library/Developer/Xcode/DerivedData/Lingua_Quest-gvpckrqxtbgyprbgppjfqmimmmfw/Build/Products/Debug-iphonesimulator/GoogleSignInSwift.o normal arm64\ x86_64 (in target 'GoogleSignInSwift' from project 'GoogleSignIn')
    cd /Users/siam/Library/Developer/Xcode/DerivedData/Lingua_Quest-gvpckrqxtbgyprbgppjfqmimmmfw/SourcePackages/checkouts/GoogleSignIn-iOS
    /Applications/Xcode.app/Contents/Developer/Toolchains/XcodeDefault.xctoolchain/usr/bin/lipo -create /Users/siam/Library/Developer/Xcode/DerivedData/Lingua_Quest-gvpckrqxtbgyprbgppjfqmimmmfw/Build/Intermediates.noindex/GoogleSignIn.build/Debug-iphonesimulator/GoogleSignInSwift.build/Objects-normal/arm64/Binary/GoogleSignInSwift.o /Users/siam/Library/Developer/Xcode/DerivedData/Lingua_Quest-gvpckrqxtbgyprbgppjfqmimmmfw/Build/Intermediates.noindex/GoogleSignIn.build/Debug-iphonesimulator/GoogleSignInSwift.build/Objects-normal/x86_64/Binary/GoogleSignInSwift.o -output /Users/siam/Library/Developer/Xcode/DerivedData/Lingua_Quest-gvpckrqxtbgyprbgppjfqmimmmfw/Build/Products/Debug-iphonesimulator/GoogleSignInSwift.o

ExtractAppIntentsMetadata (in target 'GoogleSignInSwift' from project 'GoogleSignIn')
    cd /Users/siam/Library/Developer/Xcode/DerivedData/Lingua_Quest-gvpckrqxtbgyprbgppjfqmimmmfw/SourcePackages/checkouts/GoogleSignIn-iOS
    /Applications/Xcode.app/Contents/Developer/Toolchains/XcodeDefault.xctoolchain/usr/bin/appintentsmetadataprocessor --toolchain-dir /Applications/Xcode.app/Contents/Developer/Toolchains/XcodeDefault.xctoolchain --module-name GoogleSignInSwift --sdk-root /Applications/Xcode.app/Contents/Developer/Platforms/iPhoneSimulator.platform/Developer/SDKs/iPhoneSimulator26.0.sdk --xcode-version 17A400 --platform-family iOS --deployment-target 12.0 --bundle-identifier googlesignin-ios.GoogleSignInSwift --output /Users/siam/Library/Developer/Xcode/DerivedData/Lingua_Quest-gvpckrqxtbgyprbgppjfqmimmmfw/Build/Products/Debug-iphonesimulator/GoogleSignInSwift.appintents --target-triple arm64-apple-ios12.0-simulator --target-triple x86_64-apple-ios12.0-simulator --binary-file /Users/siam/Library/Developer/Xcode/DerivedData/Lingua_Quest-gvpckrqxtbgyprbgppjfqmimmmfw/Build/Products/Debug-iphonesimulator/GoogleSignInSwift.o --dependency-file /Users/siam/Library/Developer/Xcode/DerivedData/Lingua_Quest-gvpckrqxtbgyprbgppjfqmimmmfw/Build/Intermediates.noindex/GoogleSignIn.build/Debug-iphonesimulator/GoogleSignInSwift.build/Objects-normal/arm64/GoogleSignInSwift_dependency_info.dat --dependency-file /Users/siam/Library/Developer/Xcode/DerivedData/Lingua_Quest-gvpckrqxtbgyprbgppjfqmimmmfw/Build/Intermediates.noindex/GoogleSignIn.build/Debug-iphonesimulator/GoogleSignInSwift.build/Objects-normal/x86_64/GoogleSignInSwift_dependency_info.dat --stringsdata-file /Users/siam/Library/Developer/Xcode/DerivedData/Lingua_Quest-gvpckrqxtbgyprbgppjfqmimmmfw/Build/Intermediates.noindex/GoogleSignIn.build/Debug-iphonesimulator/GoogleSignInSwift.build/Objects-normal/arm64/ExtractedAppShortcutsMetadata.stringsdata --stringsdata-file /Users/siam/Library/Developer/Xcode/DerivedData/Lingua_Quest-gvpckrqxtbgyprbgppjfqmimmmfw/Build/Intermediates.noindex/GoogleSignIn.build/Debug-iphonesimulator/GoogleSignInSwift.build/Objects-normal/x86_64/ExtractedAppShortcutsMetadata.stringsdata --source-file-list /Users/siam/Library/Developer/Xcode/DerivedData/Lingua_Quest-gvpckrqxtbgyprbgppjfqmimmmfw/Build/Intermediates.noindex/GoogleSignIn.build/Debug-iphonesimulator/GoogleSignInSwift.build/Objects-normal/arm64/GoogleSignInSwift.SwiftFileList --source-file-list /Users/siam/Library/Developer/Xcode/DerivedData/Lingua_Quest-gvpckrqxtbgyprbgppjfqmimmmfw/Build/Intermediates.noindex/GoogleSignIn.build/Debug-iphonesimulator/GoogleSignInSwift.build/Objects-normal/x86_64/GoogleSignInSwift.SwiftFileList --metadata-file-list /Users/siam/Library/Developer/Xcode/DerivedData/Lingua_Quest-gvpckrqxtbgyprbgppjfqmimmmfw/Build/Intermediates.noindex/GoogleSignIn.build/Debug-iphonesimulator/GoogleSignInSwift.build/GoogleSignInSwift.DependencyMetadataFileList --static-metadata-file-list /Users/siam/Library/Developer/Xcode/DerivedData/Lingua_Quest-gvpckrqxtbgyprbgppjfqmimmmfw/Build/Intermediates.noindex/GoogleSignIn.build/Debug-iphonesimulator/GoogleSignInSwift.build/GoogleSignInSwift.DependencyStaticMetadataFileList --swift-const-vals-list /Users/siam/Library/Developer/Xcode/DerivedData/Lingua_Quest-gvpckrqxtbgyprbgppjfqmimmmfw/Build/Intermediates.noindex/GoogleSignIn.build/Debug-iphonesimulator/GoogleSignInSwift.build/Objects-normal/arm64/GoogleSignInSwift.SwiftConstValuesFileList --swift-const-vals-list /Users/siam/Library/Developer/Xcode/DerivedData/Lingua_Quest-gvpckrqxtbgyprbgppjfqmimmmfw/Build/Intermediates.noindex/GoogleSignIn.build/Debug-iphonesimulator/GoogleSignInSwift.build/Objects-normal/x86_64/GoogleSignInSwift.SwiftConstValuesFileList --force --compile-time-extraction --deployment-aware-processing --validate-assistant-intents --no-app-shortcuts-localization
2026-07-23 19:53:28.359 appintentsmetadataprocessor[10836:96685] Starting appintentsmetadataprocessor export
2026-07-23 19:53:30.172 appintentsmetadataprocessor[10836:96685] Extracted no relevant App Intents symbols, skipping writing output

CreateUniversalBinary /Users/siam/Library/Developer/Xcode/DerivedData/Lingua_Quest-gvpckrqxtbgyprbgppjfqmimmmfw/Build/Products/Debug-iphonesimulator/FirebaseFirestoreTarget.o normal arm64\ x86_64 (in target 'FirebaseFirestoreTarget' from project 'Firebase')
    cd /Users/siam/Library/Developer/Xcode/DerivedData/Lingua_Quest-gvpckrqxtbgyprbgppjfqmimmmfw/SourcePackages/checkouts/firebase-ios-sdk
    /Applications/Xcode.app/Contents/Developer/Toolchains/XcodeDefault.xctoolchain/usr/bin/lipo -create /Users/siam/Library/Developer/Xcode/DerivedData/Lingua_Quest-gvpckrqxtbgyprbgppjfqmimmmfw/Build/Intermediates.noindex/Firebase.build/Debug-iphonesimulator/FirebaseFirestoreTarget.build/Objects-normal/arm64/Binary/FirebaseFirestoreTarget.o /Users/siam/Library/Developer/Xcode/DerivedData/Lingua_Quest-gvpckrqxtbgyprbgppjfqmimmmfw/Build/Intermediates.noindex/Firebase.build/Debug-iphonesimulator/FirebaseFirestoreTarget.build/Objects-normal/x86_64/Binary/FirebaseFirestoreTarget.o -output /Users/siam/Library/Developer/Xcode/DerivedData/Lingua_Quest-gvpckrqxtbgyprbgppjfqmimmmfw/Build/Products/Debug-iphonesimulator/FirebaseFirestoreTarget.o

RegisterExecutionPolicyException /Users/siam/Library/Developer/Xcode/DerivedData/Lingua_Quest-gvpckrqxtbgyprbgppjfqmimmmfw/Build/Products/Debug-iphonesimulator/FirebaseFirestoreTarget.o (in target 'FirebaseFirestoreTarget' from project 'Firebase')
    cd /Users/siam/Library/Developer/Xcode/DerivedData/Lingua_Quest-gvpckrqxtbgyprbgppjfqmimmmfw/SourcePackages/checkouts/firebase-ios-sdk
    builtin-RegisterExecutionPolicyException /Users/siam/Library/Developer/Xcode/DerivedData/Lingua_Quest-gvpckrqxtbgyprbgppjfqmimmmfw/Build/Products/Debug-iphonesimulator/FirebaseFirestoreTarget.o

SwiftExplicitDependencyGeneratePcm arm64 /Users/siam/Library/Developer/Xcode/DerivedData/Lingua_Quest-gvpckrqxtbgyprbgppjfqmimmmfw/Build/Intermediates.noindex/SwiftExplicitPrecompiledModules/FirebaseAppCheckInterop-CNX3QHIC7D6OUEX9V2P28EIKZ.pcm

SwiftExplicitDependencyGeneratePcm arm64 /Users/siam/Library/Developer/Xcode/DerivedData/Lingua_Quest-gvpckrqxtbgyprbgppjfqmimmmfw/Build/Intermediates.noindex/SwiftExplicitPrecompiledModules/FirebaseCore-DAAEAUEGXI6V5HJXWD4LC2Z5B.pcm

SwiftExplicitDependencyGeneratePcm arm64 /Users/siam/Library/Developer/Xcode/DerivedData/Lingua_Quest-gvpckrqxtbgyprbgppjfqmimmmfw/Build/Intermediates.noindex/SwiftExplicitPrecompiledModules/FirebaseAuthInterop-JUY0MVFO925P63L00R140X79.pcm

SwiftExplicitDependencyGeneratePcm arm64 /Users/siam/Library/Developer/Xcode/DerivedData/Lingua_Quest-gvpckrqxtbgyprbgppjfqmimmmfw/Build/Intermediates.noindex/SwiftExplicitPrecompiledModules/FirebaseCoreExtension-4XJB1PPIGYDCA0PFJ9D3HLGH1.pcm

RegisterExecutionPolicyException /Users/siam/Library/Developer/Xcode/DerivedData/Lingua_Quest-gvpckrqxtbgyprbgppjfqmimmmfw/Build/Products/Debug-iphonesimulator/GoogleSignInSwift.o (in target 'GoogleSignInSwift' from project 'GoogleSignIn')
    cd /Users/siam/Library/Developer/Xcode/DerivedData/Lingua_Quest-gvpckrqxtbgyprbgppjfqmimmmfw/SourcePackages/checkouts/GoogleSignIn-iOS
    builtin-RegisterExecutionPolicyException /Users/siam/Library/Developer/Xcode/DerivedData/Lingua_Quest-gvpckrqxtbgyprbgppjfqmimmmfw/Build/Products/Debug-iphonesimulator/GoogleSignInSwift.o

SwiftExplicitDependencyGeneratePcm x86_64 /Users/siam/Library/Developer/Xcode/DerivedData/Lingua_Quest-gvpckrqxtbgyprbgppjfqmimmmfw/Build/Intermediates.noindex/SwiftExplicitPrecompiledModules/FirebaseCore-B93GYI6R4DCCT2CX5EZDCX1I.pcm

SwiftExplicitDependencyGeneratePcm x86_64 /Users/siam/Library/Developer/Xcode/DerivedData/Lingua_Quest-gvpckrqxtbgyprbgppjfqmimmmfw/Build/Intermediates.noindex/SwiftExplicitPrecompiledModules/FirebaseAppCheckInterop-BVP2GMDFVXUV0FACDEH1YVEVI.pcm

SwiftExplicitDependencyGeneratePcm x86_64 /Users/siam/Library/Developer/Xcode/DerivedData/Lingua_Quest-gvpckrqxtbgyprbgppjfqmimmmfw/Build/Intermediates.noindex/SwiftExplicitPrecompiledModules/FirebaseAuthInterop-BAWN45FW4CG0JK2FCVR4MVB8L.pcm

SwiftEmitModule normal arm64 Emitting\ module\ for\ FirebaseAILogic (in target 'FirebaseAILogic' from project 'Firebase')
EmitSwiftModule normal arm64 (in target 'FirebaseAILogic' from project 'Firebase')
    cd /Users/siam/Desktop/Lingua\ Quest/Lingua\ Quest.xcodeproj
    

SwiftCompile normal arm64 Compiling\ SpeechConfig.swift,\ GeneratedContent.swift,\ GenerationID.swift,\ GenerationSchema.swift,\ SystemLanguageModel.swift,\ TemplateToolConfig.swift,\ ThinkingConfig.swift,\ CodeExecution.swift,\ GoogleMaps.swift,\ URLContextMetadata.swift,\ URLMetadata.swift /Users/siam/Library/Developer/Xcode/DerivedData/Lingua_Quest-gvpckrqxtbgyprbgppjfqmimmmfw/SourcePackages/checkouts/firebase-ios-sdk/FirebaseAI/Sources/Types/Public/SpeechConfig.swift /Users/siam/Library/Developer/Xcode/DerivedData/Lingua_Quest-gvpckrqxtbgyprbgppjfqmimmmfw/SourcePackages/checkouts/firebase-ios-sdk/FirebaseAI/Sources/Types/Public/StructuredOutput/GeneratedContent.swift /Users/siam/Library/Developer/Xcode/DerivedData/Lingua_Quest-gvpckrqxtbgyprbgppjfqmimmmfw/SourcePackages/checkouts/firebase-ios-sdk/FirebaseAI/Sources/Types/Public/StructuredOutput/GenerationID.swift /Users/siam/Library/Developer/Xcode/DerivedData/Lingua_Quest-gvpckrqxtbgyprbgppjfqmimmmfw/SourcePackages/checkouts/firebase-ios-sdk/FirebaseAI/Sources/Types/Public/StructuredOutput/GenerationSchema.swift /Users/siam/Library/Developer/Xcode/DerivedData/Lingua_Quest-gvpckrqxtbgyprbgppjfqmimmmfw/SourcePackages/checkouts/firebase-ios-sdk/FirebaseAI/Sources/Types/Public/SystemLanguageModel.swift /Users/siam/Library/Developer/Xcode/DerivedData/Lingua_Quest-gvpckrqxtbgyprbgppjfqmimmmfw/SourcePackages/checkouts/firebase-ios-sdk/FirebaseAI/Sources/Types/Public/TemplateToolConfig.swift /Users/siam/Library/Developer/Xcode/DerivedData/Lingua_Quest-gvpckrqxtbgyprbgppjfqmimmmfw/SourcePackages/checkouts/firebase-ios-sdk/FirebaseAI/Sources/Types/Public/ThinkingConfig.swift /Users/siam/Library/Developer/Xcode/DerivedData/Lingua_Quest-gvpckrqxtbgyprbgppjfqmimmmfw/SourcePackages/checkouts/firebase-ios-sdk/FirebaseAI/Sources/Types/Public/Tools/CodeExecution.swift /Users/siam/Library/Developer/Xcode/DerivedData/Lingua_Quest-gvpckrqxtbgyprbgppjfqmimmmfw/SourcePackages/checkouts/firebase-ios-sdk/FirebaseAI/Sources/Types/Public/Tools/GoogleMaps.swift /Users/siam/Library/Developer/Xcode/DerivedData/Lingua_Quest-gvpckrqxtbgyprbgppjfqmimmmfw/SourcePackages/checkouts/firebase-ios-sdk/FirebaseAI/Sources/Types/Public/URLContextMetadata.swift /Users/siam/Library/Developer/Xcode/DerivedData/Lingua_Quest-gvpckrqxtbgyprbgppjfqmimmmfw/SourcePackages/checkouts/firebase-ios-sdk/FirebaseAI/Sources/Types/Public/URLMetadata.swift (in target 'FirebaseAILogic' from project 'Firebase')

SwiftCompile normal arm64 /Users/siam/Library/Developer/Xcode/DerivedData/Lingua_Quest-gvpckrqxtbgyprbgppjfqmimmmfw/SourcePackages/checkouts/firebase-ios-sdk/FirebaseAI/Sources/Types/Public/SpeechConfig.swift (in target 'FirebaseAILogic' from project 'Firebase')
    cd /Users/siam/Desktop/Lingua\ Quest/Lingua\ Quest.xcodeproj
    

SwiftCompile normal arm64 /Users/siam/Library/Developer/Xcode/DerivedData/Lingua_Quest-gvpckrqxtbgyprbgppjfqmimmmfw/SourcePackages/checkouts/firebase-ios-sdk/FirebaseAI/Sources/Types/Public/StructuredOutput/GeneratedContent.swift (in target 'FirebaseAILogic' from project 'Firebase')
    cd /Users/siam/Desktop/Lingua\ Quest/Lingua\ Quest.xcodeproj
    

SwiftCompile normal arm64 /Users/siam/Library/Developer/Xcode/DerivedData/Lingua_Quest-gvpckrqxtbgyprbgppjfqmimmmfw/SourcePackages/checkouts/firebase-ios-sdk/FirebaseAI/Sources/Types/Public/StructuredOutput/GenerationID.swift (in target 'FirebaseAILogic' from project 'Firebase')
    cd /Users/siam/Desktop/Lingua\ Quest/Lingua\ Quest.xcodeproj
    

SwiftCompile normal arm64 /Users/siam/Library/Developer/Xcode/DerivedData/Lingua_Quest-gvpckrqxtbgyprbgppjfqmimmmfw/SourcePackages/checkouts/firebase-ios-sdk/FirebaseAI/Sources/Types/Public/StructuredOutput/GenerationSchema.swift (in target 'FirebaseAILogic' from project 'Firebase')
    cd /Users/siam/Desktop/Lingua\ Quest/Lingua\ Quest.xcodeproj
    

SwiftCompile normal arm64 /Users/siam/Library/Developer/Xcode/DerivedData/Lingua_Quest-gvpckrqxtbgyprbgppjfqmimmmfw/SourcePackages/checkouts/firebase-ios-sdk/FirebaseAI/Sources/Types/Public/SystemLanguageModel.swift (in target 'FirebaseAILogic' from project 'Firebase')
    cd /Users/siam/Desktop/Lingua\ Quest/Lingua\ Quest.xcodeproj
    

SwiftCompile normal arm64 /Users/siam/Library/Developer/Xcode/DerivedData/Lingua_Quest-gvpckrqxtbgyprbgppjfqmimmmfw/SourcePackages/checkouts/firebase-ios-sdk/FirebaseAI/Sources/Types/Public/TemplateToolConfig.swift (in target 'FirebaseAILogic' from project 'Firebase')
    cd /Users/siam/Desktop/Lingua\ Quest/Lingua\ Quest.xcodeproj
    

SwiftCompile normal arm64 /Users/siam/Library/Developer/Xcode/DerivedData/Lingua_Quest-gvpckrqxtbgyprbgppjfqmimmmfw/SourcePackages/checkouts/firebase-ios-sdk/FirebaseAI/Sources/Types/Public/ThinkingConfig.swift (in target 'FirebaseAILogic' from project 'Firebase')
    cd /Users/siam/Desktop/Lingua\ Quest/Lingua\ Quest.xcodeproj
    

SwiftCompile normal arm64 /Users/siam/Library/Developer/Xcode/DerivedData/Lingua_Quest-gvpckrqxtbgyprbgppjfqmimmmfw/SourcePackages/checkouts/firebase-ios-sdk/FirebaseAI/Sources/Types/Public/Tools/CodeExecution.swift (in target 'FirebaseAILogic' from project 'Firebase')
    cd /Users/siam/Desktop/Lingua\ Quest/Lingua\ Quest.xcodeproj
    

SwiftCompile normal arm64 /Users/siam/Library/Developer/Xcode/DerivedData/Lingua_Quest-gvpckrqxtbgyprbgppjfqmimmmfw/SourcePackages/checkouts/firebase-ios-sdk/FirebaseAI/Sources/Types/Public/Tools/GoogleMaps.swift (in target 'FirebaseAILogic' from project 'Firebase')
    cd /Users/siam/Desktop/Lingua\ Quest/Lingua\ Quest.xcodeproj
    

SwiftCompile normal arm64 /Users/siam/Library/Developer/Xcode/DerivedData/Lingua_Quest-gvpckrqxtbgyprbgppjfqmimmmfw/SourcePackages/checkouts/firebase-ios-sdk/FirebaseAI/Sources/Types/Public/URLContextMetadata.swift (in target 'FirebaseAILogic' from project 'Firebase')
    cd /Users/siam/Desktop/Lingua\ Quest/Lingua\ Quest.xcodeproj
    

SwiftCompile normal arm64 /Users/siam/Library/Developer/Xcode/DerivedData/Lingua_Quest-gvpckrqxtbgyprbgppjfqmimmmfw/SourcePackages/checkouts/firebase-ios-sdk/FirebaseAI/Sources/Types/Public/URLMetadata.swift (in target 'FirebaseAILogic' from project 'Firebase')
    cd /Users/siam/Desktop/Lingua\ Quest/Lingua\ Quest.xcodeproj
    

SwiftCompile normal arm64 Compiling\ AILog.swift,\ Chat.swift,\ Constants.swift,\ Errors.swift,\ ConvertibleFromGeneratedContent+Firebase.swift,\ GenerationSchema+Gemini.swift,\ JSONSerialization+prettyString.swift,\ LanguageModelSession+ModelSession.swift,\ SystemLanguageModel+LanguageModel.swift,\ FirebaseAI.swift,\ FirebaseInfo.swift,\ GenAIURLSession.swift /Users/siam/Library/Developer/Xcode/DerivedData/Lingua_Quest-gvpckrqxtbgyprbgppjfqmimmmfw/SourcePackages/checkouts/firebase-ios-sdk/FirebaseAI/Sources/AILog.swift /Users/siam/Library/Developer/Xcode/DerivedData/Lingua_Quest-gvpckrqxtbgyprbgppjfqmimmmfw/SourcePackages/checkouts/firebase-ios-sdk/FirebaseAI/Sources/Chat.swift /Users/siam/Library/Developer/Xcode/DerivedData/Lingua_Quest-gvpckrqxtbgyprbgppjfqmimmmfw/SourcePackages/checkouts/firebase-ios-sdk/FirebaseAI/Sources/Constants.swift /Users/siam/Library/Developer/Xcode/DerivedData/Lingua_Quest-gvpckrqxtbgyprbgppjfqmimmmfw/SourcePackages/checkouts/firebase-ios-sdk/FirebaseAI/Sources/Errors.swift /Users/siam/Library/Developer/Xcode/DerivedData/Lingua_Quest-gvpckrqxtbgyprbgppjfqmimmmfw/SourcePackages/checkouts/firebase-ios-sdk/FirebaseAI/Sources/Extensions/Internal/ConvertibleFromGeneratedContent+Firebase.swift /Users/siam/Library/Developer/Xcode/DerivedData/Lingua_Quest-gvpckrqxtbgyprbgppjfqmimmmfw/SourcePackages/checkouts/firebase-ios-sdk/FirebaseAI/Sources/Extensions/Internal/GenerationSchema+Gemini.swift /Users/siam/Library/Developer/Xcode/DerivedData/Lingua_Quest-gvpckrqxtbgyprbgppjfqmimmmfw/SourcePackages/checkouts/firebase-ios-sdk/FirebaseAI/Sources/Extensions/Internal/JSONSerialization+prettyString.swift /Users/siam/Library/Developer/Xcode/DerivedData/Lingua_Quest-gvpckrqxtbgyprbgppjfqmimmmfw/SourcePackages/checkouts/firebase-ios-sdk/FirebaseAI/Sources/Extensions/Internal/LanguageModelSession+ModelSession.swift /Users/siam/Library/Developer/Xcode/DerivedData/Lingua_Quest-gvpckrqxtbgyprbgppjfqmimmmfw/SourcePackages/checkouts/firebase-ios-sdk/FirebaseAI/Sources/Extensions/Public/SystemLanguageModel+LanguageModel.swift /Users/siam/Library/Developer/Xcode/DerivedData/Lingua_Quest-gvpckrqxtbgyprbgppjfqmimmmfw/SourcePackages/checkouts/firebase-ios-sdk/FirebaseAI/Sources/FirebaseAI.swift /Users/siam/Library/Developer/Xcode/DerivedData/Lingua_Quest-gvpckrqxtbgyprbgppjfqmimmmfw/SourcePackages/checkouts/firebase-ios-sdk/FirebaseAI/Sources/FirebaseInfo.swift /Users/siam/Library/Developer/Xcode/DerivedData/Lingua_Quest-gvpckrqxtbgyprbgppjfqmimmmfw/SourcePackages/checkouts/firebase-ios-sdk/FirebaseAI/Sources/GenAIURLSession.swift (in target 'FirebaseAILogic' from project 'Firebase')
SwiftCompile normal arm64 /Users/siam/Library/Developer/Xcode/DerivedData/Lingua_Quest-gvpckrqxtbgyprbgppjfqmimmmfw/SourcePackages/checkouts/firebase-ios-sdk/FirebaseAI/Sources/AILog.swift (in target 'FirebaseAILogic' from project 'Firebase')
    cd /Users/siam/Desktop/Lingua\ Quest/Lingua\ Quest.xcodeproj
    

SwiftCompile normal arm64 /Users/siam/Library/Developer/Xcode/DerivedData/Lingua_Quest-gvpckrqxtbgyprbgppjfqmimmmfw/SourcePackages/checkouts/firebase-ios-sdk/FirebaseAI/Sources/Chat.swift (in target 'FirebaseAILogic' from project 'Firebase')
    cd /Users/siam/Desktop/Lingua\ Quest/Lingua\ Quest.xcodeproj
    

SwiftCompile normal arm64 /Users/siam/Library/Developer/Xcode/DerivedData/Lingua_Quest-gvpckrqxtbgyprbgppjfqmimmmfw/SourcePackages/checkouts/firebase-ios-sdk/FirebaseAI/Sources/Constants.swift (in target 'FirebaseAILogic' from project 'Firebase')
    cd /Users/siam/Desktop/Lingua\ Quest/Lingua\ Quest.xcodeproj
    

SwiftCompile normal arm64 /Users/siam/Library/Developer/Xcode/DerivedData/Lingua_Quest-gvpckrqxtbgyprbgppjfqmimmmfw/SourcePackages/checkouts/firebase-ios-sdk/FirebaseAI/Sources/Errors.swift (in target 'FirebaseAILogic' from project 'Firebase')
    cd /Users/siam/Desktop/Lingua\ Quest/Lingua\ Quest.xcodeproj
    

SwiftCompile normal arm64 /Users/siam/Library/Developer/Xcode/DerivedData/Lingua_Quest-gvpckrqxtbgyprbgppjfqmimmmfw/SourcePackages/checkouts/firebase-ios-sdk/FirebaseAI/Sources/Extensions/Internal/ConvertibleFromGeneratedContent+Firebase.swift (in target 'FirebaseAILogic' from project 'Firebase')
    cd /Users/siam/Desktop/Lingua\ Quest/Lingua\ Quest.xcodeproj
    

SwiftCompile normal arm64 /Users/siam/Library/Developer/Xcode/DerivedData/Lingua_Quest-gvpckrqxtbgyprbgppjfqmimmmfw/SourcePackages/checkouts/firebase-ios-sdk/FirebaseAI/Sources/Extensions/Internal/GenerationSchema+Gemini.swift (in target 'FirebaseAILogic' from project 'Firebase')
    cd /Users/siam/Desktop/Lingua\ Quest/Lingua\ Quest.xcodeproj
    

SwiftCompile normal arm64 /Users/siam/Library/Developer/Xcode/DerivedData/Lingua_Quest-gvpckrqxtbgyprbgppjfqmimmmfw/SourcePackages/checkouts/firebase-ios-sdk/FirebaseAI/Sources/Extensions/Internal/JSONSerialization+prettyString.swift (in target 'FirebaseAILogic' from project 'Firebase')
    cd /Users/siam/Desktop/Lingua\ Quest/Lingua\ Quest.xcodeproj
    

SwiftCompile normal arm64 /Users/siam/Library/Developer/Xcode/DerivedData/Lingua_Quest-gvpckrqxtbgyprbgppjfqmimmmfw/SourcePackages/checkouts/firebase-ios-sdk/FirebaseAI/Sources/Extensions/Internal/LanguageModelSession+ModelSession.swift (in target 'FirebaseAILogic' from project 'Firebase')
    cd /Users/siam/Desktop/Lingua\ Quest/Lingua\ Quest.xcodeproj
    

SwiftCompile normal arm64 /Users/siam/Library/Developer/Xcode/DerivedData/Lingua_Quest-gvpckrqxtbgyprbgppjfqmimmmfw/SourcePackages/checkouts/firebase-ios-sdk/FirebaseAI/Sources/Extensions/Public/SystemLanguageModel+LanguageModel.swift (in target 'FirebaseAILogic' from project 'Firebase')
    cd /Users/siam/Desktop/Lingua\ Quest/Lingua\ Quest.xcodeproj
    

SwiftCompile normal arm64 /Users/siam/Library/Developer/Xcode/DerivedData/Lingua_Quest-gvpckrqxtbgyprbgppjfqmimmmfw/SourcePackages/checkouts/firebase-ios-sdk/FirebaseAI/Sources/FirebaseAI.swift (in target 'FirebaseAILogic' from project 'Firebase')
    cd /Users/siam/Desktop/Lingua\ Quest/Lingua\ Quest.xcodeproj
    

SwiftCompile normal arm64 /Users/siam/Library/Developer/Xcode/DerivedData/Lingua_Quest-gvpckrqxtbgyprbgppjfqmimmmfw/SourcePackages/checkouts/firebase-ios-sdk/FirebaseAI/Sources/FirebaseInfo.swift (in target 'FirebaseAILogic' from project 'Firebase')
    cd /Users/siam/Desktop/Lingua\ Quest/Lingua\ Quest.xcodeproj
    

SwiftCompile normal arm64 /Users/siam/Library/Developer/Xcode/DerivedData/Lingua_Quest-gvpckrqxtbgyprbgppjfqmimmmfw/SourcePackages/checkouts/firebase-ios-sdk/FirebaseAI/Sources/GenAIURLSession.swift (in target 'FirebaseAILogic' from project 'Firebase')
    cd /Users/siam/Desktop/Lingua\ Quest/Lingua\ Quest.xcodeproj
    

SwiftCompile normal arm64 Compiling\ GenerateContentError.swift,\ GenerateContentRequest.swift,\ GenerateContentResponse.swift,\ GenerationConfig.swift,\ GenerativeAIRequest.swift,\ GenerativeAIService.swift,\ GenerativeModel.swift,\ GenerativeModelSession.swift,\ History.swift,\ JSONValue.swift,\ ModalityTokenCount.swift,\ ModelContent.swift /Users/siam/Library/Developer/Xcode/DerivedData/Lingua_Quest-gvpckrqxtbgyprbgppjfqmimmmfw/SourcePackages/checkouts/firebase-ios-sdk/FirebaseAI/Sources/GenerateContentError.swift /Users/siam/Library/Developer/Xcode/DerivedData/Lingua_Quest-gvpckrqxtbgyprbgppjfqmimmmfw/SourcePackages/checkouts/firebase-ios-sdk/FirebaseAI/Sources/GenerateContentRequest.swift /Users/siam/Library/Developer/Xcode/DerivedData/Lingua_Quest-gvpckrqxtbgyprbgppjfqmimmmfw/SourcePackages/checkouts/firebase-ios-sdk/FirebaseAI/Sources/GenerateContentResponse.swift /Users/siam/Library/Developer/Xcode/DerivedData/Lingua_Quest-gvpckrqxtbgyprbgppjfqmimmmfw/SourcePackages/checkouts/firebase-ios-sdk/FirebaseAI/Sources/GenerationConfig.swift /Users/siam/Library/Developer/Xcode/DerivedData/Lingua_Quest-gvpckrqxtbgyprbgppjfqmimmmfw/SourcePackages/checkouts/firebase-ios-sdk/FirebaseAI/Sources/GenerativeAIRequest.swift /Users/siam/Library/Developer/Xcode/DerivedData/Lingua_Quest-gvpckrqxtbgyprbgppjfqmimmmfw/SourcePackages/checkouts/firebase-ios-sdk/FirebaseAI/Sources/GenerativeAIService.swift /Users/siam/Library/Developer/Xcode/DerivedData/Lingua_Quest-gvpckrqxtbgyprbgppjfqmimmmfw/SourcePackages/checkouts/firebase-ios-sdk/FirebaseAI/Sources/GenerativeModel.swift /Users/siam/Library/Developer/Xcode/DerivedData/Lingua_Quest-gvpckrqxtbgyprbgppjfqmimmmfw/SourcePackages/checkouts/firebase-ios-sdk/FirebaseAI/Sources/GenerativeModelSession.swift /Users/siam/Library/Developer/Xcode/DerivedData/Lingua_Quest-gvpckrqxtbgyprbgppjfqmimmmfw/SourcePackages/checkouts/firebase-ios-sdk/FirebaseAI/Sources/History.swift /Users/siam/Library/Developer/Xcode/DerivedData/Lingua_Quest-gvpckrqxtbgyprbgppjfqmimmmfw/SourcePackages/checkouts/firebase-ios-sdk/FirebaseAI/Sources/JSONValue.swift /Users/siam/Library/Developer/Xcode/DerivedData/Lingua_Quest-gvpckrqxtbgyprbgppjfqmimmmfw/SourcePackages/checkouts/firebase-ios-sdk/FirebaseAI/Sources/ModalityTokenCount.swift /Users/siam/Library/Developer/Xcode/DerivedData/Lingua_Quest-gvpckrqxtbgyprbgppjfqmimmmfw/SourcePackages/checkouts/firebase-ios-sdk/FirebaseAI/Sources/ModelContent.swift (in target 'FirebaseAILogic' from project 'Firebase')
SwiftCompile normal arm64 /Users/siam/Library/Developer/Xcode/DerivedData/Lingua_Quest-gvpckrqxtbgyprbgppjfqmimmmfw/SourcePackages/checkouts/firebase-ios-sdk/FirebaseAI/Sources/GenerateContentError.swift (in target 'FirebaseAILogic' from project 'Firebase')
    cd /Users/siam/Desktop/Lingua\ Quest/Lingua\ Quest.xcodeproj
    

SwiftCompile normal arm64 /Users/siam/Library/Developer/Xcode/DerivedData/Lingua_Quest-gvpckrqxtbgyprbgppjfqmimmmfw/SourcePackages/checkouts/firebase-ios-sdk/FirebaseAI/Sources/GenerateContentRequest.swift (in target 'FirebaseAILogic' from project 'Firebase')
    cd /Users/siam/Desktop/Lingua\ Quest/Lingua\ Quest.xcodeproj
    

SwiftCompile normal arm64 /Users/siam/Library/Developer/Xcode/DerivedData/Lingua_Quest-gvpckrqxtbgyprbgppjfqmimmmfw/SourcePackages/checkouts/firebase-ios-sdk/FirebaseAI/Sources/GenerateContentResponse.swift (in target 'FirebaseAILogic' from project 'Firebase')
    cd /Users/siam/Desktop/Lingua\ Quest/Lingua\ Quest.xcodeproj
    

SwiftCompile normal arm64 /Users/siam/Library/Developer/Xcode/DerivedData/Lingua_Quest-gvpckrqxtbgyprbgppjfqmimmmfw/SourcePackages/checkouts/firebase-ios-sdk/FirebaseAI/Sources/GenerationConfig.swift (in target 'FirebaseAILogic' from project 'Firebase')
    cd /Users/siam/Desktop/Lingua\ Quest/Lingua\ Quest.xcodeproj
    

SwiftCompile normal arm64 /Users/siam/Library/Developer/Xcode/DerivedData/Lingua_Quest-gvpckrqxtbgyprbgppjfqmimmmfw/SourcePackages/checkouts/firebase-ios-sdk/FirebaseAI/Sources/GenerativeAIRequest.swift (in target 'FirebaseAILogic' from project 'Firebase')
    cd /Users/siam/Desktop/Lingua\ Quest/Lingua\ Quest.xcodeproj
    

SwiftCompile normal arm64 /Users/siam/Library/Developer/Xcode/DerivedData/Lingua_Quest-gvpckrqxtbgyprbgppjfqmimmmfw/SourcePackages/checkouts/firebase-ios-sdk/FirebaseAI/Sources/GenerativeAIService.swift (in target 'FirebaseAILogic' from project 'Firebase')
    cd /Users/siam/Desktop/Lingua\ Quest/Lingua\ Quest.xcodeproj
    

SwiftCompile normal arm64 /Users/siam/Library/Developer/Xcode/DerivedData/Lingua_Quest-gvpckrqxtbgyprbgppjfqmimmmfw/SourcePackages/checkouts/firebase-ios-sdk/FirebaseAI/Sources/GenerativeModel.swift (in target 'FirebaseAILogic' from project 'Firebase')
    cd /Users/siam/Desktop/Lingua\ Quest/Lingua\ Quest.xcodeproj
    

SwiftCompile normal arm64 /Users/siam/Library/Developer/Xcode/DerivedData/Lingua_Quest-gvpckrqxtbgyprbgppjfqmimmmfw/SourcePackages/checkouts/firebase-ios-sdk/FirebaseAI/Sources/GenerativeModelSession.swift (in target 'FirebaseAILogic' from project 'Firebase')
    cd /Users/siam/Desktop/Lingua\ Quest/Lingua\ Quest.xcodeproj
    

SwiftCompile normal arm64 /Users/siam/Library/Developer/Xcode/DerivedData/Lingua_Quest-gvpckrqxtbgyprbgppjfqmimmmfw/SourcePackages/checkouts/firebase-ios-sdk/FirebaseAI/Sources/History.swift (in target 'FirebaseAILogic' from project 'Firebase')
    cd /Users/siam/Desktop/Lingua\ Quest/Lingua\ Quest.xcodeproj
    

SwiftCompile normal arm64 /Users/siam/Library/Developer/Xcode/DerivedData/Lingua_Quest-gvpckrqxtbgyprbgppjfqmimmmfw/SourcePackages/checkouts/firebase-ios-sdk/FirebaseAI/Sources/JSONValue.swift (in target 'FirebaseAILogic' from project 'Firebase')
    cd /Users/siam/Desktop/Lingua\ Quest/Lingua\ Quest.xcodeproj
    

SwiftCompile normal arm64 /Users/siam/Library/Developer/Xcode/DerivedData/Lingua_Quest-gvpckrqxtbgyprbgppjfqmimmmfw/SourcePackages/checkouts/firebase-ios-sdk/FirebaseAI/Sources/ModalityTokenCount.swift (in target 'FirebaseAILogic' from project 'Firebase')
    cd /Users/siam/Desktop/Lingua\ Quest/Lingua\ Quest.xcodeproj
    

SwiftCompile normal arm64 /Users/siam/Library/Developer/Xcode/DerivedData/Lingua_Quest-gvpckrqxtbgyprbgppjfqmimmmfw/SourcePackages/checkouts/firebase-ios-sdk/FirebaseAI/Sources/ModelContent.swift (in target 'FirebaseAILogic' from project 'Firebase')
    cd /Users/siam/Desktop/Lingua\ Quest/Lingua\ Quest.xcodeproj
    

SwiftCompile normal arm64 Compiling\ LiveSession.swift,\ LiveSessionErrors.swift,\ LiveSessionResumptionUpdate.swift,\ SessionResumptionConfig.swift,\ ModelSessionResponse.swift,\ MultiSpeakerVoiceConfig.swift,\ Part.swift,\ ResponseGenerationOptions.swift,\ ResponseModality.swift,\ Schema.swift,\ SpeakerVoiceConfig.swift /Users/siam/Library/Developer/Xcode/DerivedData/Lingua_Quest-gvpckrqxtbgyprbgppjfqmimmmfw/SourcePackages/checkouts/firebase-ios-sdk/FirebaseAI/Sources/Types/Public/Live/LiveSession.swift /Users/siam/Library/Developer/Xcode/DerivedData/Lingua_Quest-gvpckrqxtbgyprbgppjfqmimmmfw/SourcePackages/checkouts/firebase-ios-sdk/FirebaseAI/Sources/Types/Public/Live/LiveSessionErrors.swift /Users/siam/Library/Developer/Xcode/DerivedData/Lingua_Quest-gvpckrqxtbgyprbgppjfqmimmmfw/SourcePackages/checkouts/firebase-ios-sdk/FirebaseAI/Sources/Types/Public/Live/LiveSessionResumptionUpdate.swift /Users/siam/Library/Developer/Xcode/DerivedData/Lingua_Quest-gvpckrqxtbgyprbgppjfqmimmmfw/SourcePackages/checkouts/firebase-ios-sdk/FirebaseAI/Sources/Types/Public/Live/SessionResumptionConfig.swift /Users/siam/Library/Developer/Xcode/DerivedData/Lingua_Quest-gvpckrqxtbgyprbgppjfqmimmmfw/SourcePackages/checkouts/firebase-ios-sdk/FirebaseAI/Sources/Types/Public/ModelSessionResponse.swift /Users/siam/Library/Developer/Xcode/DerivedData/Lingua_Quest-gvpckrqxtbgyprbgppjfqmimmmfw/SourcePackages/checkouts/firebase-ios-sdk/FirebaseAI/Sources/Types/Public/MultiSpeakerVoiceConfig.swift /Users/siam/Library/Developer/Xcode/DerivedData/Lingua_Quest-gvpckrqxtbgyprbgppjfqmimmmfw/SourcePackages/checkouts/firebase-ios-sdk/FirebaseAI/Sources/Types/Public/Part.swift /Users/siam/Library/Developer/Xcode/DerivedData/Lingua_Quest-gvpckrqxtbgyprbgppjfqmimmmfw/SourcePackages/checkouts/firebase-ios-sdk/FirebaseAI/Sources/Types/Public/ResponseGenerationOptions.swift /Users/siam/Library/Developer/Xcode/DerivedData/Lingua_Quest-gvpckrqxtbgyprbgppjfqmimmmfw/SourcePackages/checkouts/firebase-ios-sdk/FirebaseAI/Sources/Types/Public/ResponseModality.swift /Users/siam/Library/Developer/Xcode/DerivedData/Lingua_Quest-gvpckrqxtbgyprbgppjfqmimmmfw/SourcePackages/checkouts/firebase-ios-sdk/FirebaseAI/Sources/Types/Public/Schema.swift /Users/siam/Library/Developer/Xcode/DerivedData/Lingua_Quest-gvpckrqxtbgyprbgppjfqmimmmfw/SourcePackages/checkouts/firebase-ios-sdk/FirebaseAI/Sources/Types/Public/SpeakerVoiceConfig.swift (in target 'FirebaseAILogic' from project 'Firebase')

SwiftCompile normal arm64 /Users/siam/Library/Developer/Xcode/DerivedData/Lingua_Quest-gvpckrqxtbgyprbgppjfqmimmmfw/SourcePackages/checkouts/firebase-ios-sdk/FirebaseAI/Sources/Types/Public/Live/LiveSession.swift (in target 'FirebaseAILogic' from project 'Firebase')
    cd /Users/siam/Desktop/Lingua\ Quest/Lingua\ Quest.xcodeproj
    

SwiftCompile normal arm64 /Users/siam/Library/Developer/Xcode/DerivedData/Lingua_Quest-gvpckrqxtbgyprbgppjfqmimmmfw/SourcePackages/checkouts/firebase-ios-sdk/FirebaseAI/Sources/Types/Public/Live/LiveSessionErrors.swift (in target 'FirebaseAILogic' from project 'Firebase')
    cd /Users/siam/Desktop/Lingua\ Quest/Lingua\ Quest.xcodeproj
    

SwiftCompile normal arm64 /Users/siam/Library/Developer/Xcode/DerivedData/Lingua_Quest-gvpckrqxtbgyprbgppjfqmimmmfw/SourcePackages/checkouts/firebase-ios-sdk/FirebaseAI/Sources/Types/Public/Live/LiveSessionResumptionUpdate.swift (in target 'FirebaseAILogic' from project 'Firebase')
    cd /Users/siam/Desktop/Lingua\ Quest/Lingua\ Quest.xcodeproj
    

SwiftCompile normal arm64 /Users/siam/Library/Developer/Xcode/DerivedData/Lingua_Quest-gvpckrqxtbgyprbgppjfqmimmmfw/SourcePackages/checkouts/firebase-ios-sdk/FirebaseAI/Sources/Types/Public/Live/SessionResumptionConfig.swift (in target 'FirebaseAILogic' from project 'Firebase')
    cd /Users/siam/Desktop/Lingua\ Quest/Lingua\ Quest.xcodeproj
    

SwiftCompile normal arm64 /Users/siam/Library/Developer/Xcode/DerivedData/Lingua_Quest-gvpckrqxtbgyprbgppjfqmimmmfw/SourcePackages/checkouts/firebase-ios-sdk/FirebaseAI/Sources/Types/Public/ModelSessionResponse.swift (in target 'FirebaseAILogic' from project 'Firebase')
    cd /Users/siam/Desktop/Lingua\ Quest/Lingua\ Quest.xcodeproj
    

SwiftCompile normal arm64 /Users/siam/Library/Developer/Xcode/DerivedData/Lingua_Quest-gvpckrqxtbgyprbgppjfqmimmmfw/SourcePackages/checkouts/firebase-ios-sdk/FirebaseAI/Sources/Types/Public/MultiSpeakerVoiceConfig.swift (in target 'FirebaseAILogic' from project 'Firebase')
    cd /Users/siam/Desktop/Lingua\ Quest/Lingua\ Quest.xcodeproj
    

SwiftCompile normal arm64 /Users/siam/Library/Developer/Xcode/DerivedData/Lingua_Quest-gvpckrqxtbgyprbgppjfqmimmmfw/SourcePackages/checkouts/firebase-ios-sdk/FirebaseAI/Sources/Types/Public/Part.swift (in target 'FirebaseAILogic' from project 'Firebase')
    cd /Users/siam/Desktop/Lingua\ Quest/Lingua\ Quest.xcodeproj
    

SwiftCompile normal arm64 /Users/siam/Library/Developer/Xcode/DerivedData/Lingua_Quest-gvpckrqxtbgyprbgppjfqmimmmfw/SourcePackages/checkouts/firebase-ios-sdk/FirebaseAI/Sources/Types/Public/ResponseGenerationOptions.swift (in target 'FirebaseAILogic' from project 'Firebase')
    cd /Users/siam/Desktop/Lingua\ Quest/Lingua\ Quest.xcodeproj
    

SwiftCompile normal arm64 /Users/siam/Library/Developer/Xcode/DerivedData/Lingua_Quest-gvpckrqxtbgyprbgppjfqmimmmfw/SourcePackages/checkouts/firebase-ios-sdk/FirebaseAI/Sources/Types/Public/ResponseModality.swift (in target 'FirebaseAILogic' from project 'Firebase')
    cd /Users/siam/Desktop/Lingua\ Quest/Lingua\ Quest.xcodeproj
    

SwiftCompile normal arm64 /Users/siam/Library/Developer/Xcode/DerivedData/Lingua_Quest-gvpckrqxtbgyprbgppjfqmimmmfw/SourcePackages/checkouts/firebase-ios-sdk/FirebaseAI/Sources/Types/Public/Schema.swift (in target 'FirebaseAILogic' from project 'Firebase')
    cd /Users/siam/Desktop/Lingua\ Quest/Lingua\ Quest.xcodeproj
    

SwiftCompile normal arm64 /Users/siam/Library/Developer/Xcode/DerivedData/Lingua_Quest-gvpckrqxtbgyprbgppjfqmimmmfw/SourcePackages/checkouts/firebase-ios-sdk/FirebaseAI/Sources/Types/Public/SpeakerVoiceConfig.swift (in target 'FirebaseAILogic' from project 'Firebase')
    cd /Users/siam/Desktop/Lingua\ Quest/Lingua\ Quest.xcodeproj
    

SwiftCompile normal arm64 Compiling\ BackendError.swift,\ EmptyContentError.swift,\ GeminiModelSession.swift,\ HybridModelSession.swift,\ ImageGenerationInstance.swift,\ ImageGenerationOutputOptions.swift,\ ImageGenerationParameters.swift,\ ImagenConstants.swift,\ ImagenGenerationRequest.swift,\ ImagenImageRepresentable.swift,\ ImagenSafetyAttributes.swift /Users/siam/Library/Developer/Xcode/DerivedData/Lingua_Quest-gvpckrqxtbgyprbgppjfqmimmmfw/SourcePackages/checkouts/firebase-ios-sdk/FirebaseAI/Sources/Types/Internal/Errors/BackendError.swift /Users/siam/Library/Developer/Xcode/DerivedData/Lingua_Quest-gvpckrqxtbgyprbgppjfqmimmmfw/SourcePackages/checkouts/firebase-ios-sdk/FirebaseAI/Sources/Types/Internal/Errors/EmptyContentError.swift /Users/siam/Library/Developer/Xcode/DerivedData/Lingua_Quest-gvpckrqxtbgyprbgppjfqmimmmfw/SourcePackages/checkouts/firebase-ios-sdk/FirebaseAI/Sources/Types/Internal/GeminiModelSession.swift /Users/siam/Library/Developer/Xcode/DerivedData/Lingua_Quest-gvpckrqxtbgyprbgppjfqmimmmfw/SourcePackages/checkouts/firebase-ios-sdk/FirebaseAI/Sources/Types/Internal/HybridModelSession.swift /Users/siam/Library/Developer/Xcode/DerivedData/Lingua_Quest-gvpckrqxtbgyprbgppjfqmimmmfw/SourcePackages/checkouts/firebase-ios-sdk/FirebaseAI/Sources/Types/Internal/Imagen/ImageGenerationInstance.swift /Users/siam/Library/Developer/Xcode/DerivedData/Lingua_Quest-gvpckrqxtbgyprbgppjfqmimmmfw/SourcePackages/checkouts/firebase-ios-sdk/FirebaseAI/Sources/Types/Internal/Imagen/ImageGenerationOutputOptions.swift /Users/siam/Library/Developer/Xcode/DerivedData/Lingua_Quest-gvpckrqxtbgyprbgppjfqmimmmfw/SourcePackages/checkouts/firebase-ios-sdk/FirebaseAI/Sources/Types/Internal/Imagen/ImageGenerationParameters.swift /Users/siam/Library/Developer/Xcode/DerivedData/Lingua_Quest-gvpckrqxtbgyprbgppjfqmimmmfw/SourcePackages/checkouts/firebase-ios-sdk/FirebaseAI/Sources/Types/Internal/Imagen/ImagenConstants.swift /Users/siam/Library/Developer/Xcode/DerivedData/Lingua_Quest-gvpckrqxtbgyprbgppjfqmimmmfw/SourcePackages/checkouts/firebase-ios-sdk/FirebaseAI/Sources/Types/Internal/Imagen/ImagenGenerationRequest.swift /Users/siam/Library/Developer/Xcode/DerivedData/Lingua_Quest-gvpckrqxtbgyprbgppjfqmimmmfw/SourcePackages/checkouts/firebase-ios-sdk/FirebaseAI/Sources/Types/Internal/Imagen/ImagenImageRepresentable.swift /Users/siam/Library/Developer/Xcode/DerivedData/Lingua_Quest-gvpckrqxtbgyprbgppjfqmimmmfw/SourcePackages/checkouts/firebase-ios-sdk/FirebaseAI/Sources/Types/Internal/Imagen/ImagenSafetyAttributes.swift (in target 'FirebaseAILogic' from project 'Firebase')

SwiftCompile normal arm64 /Users/siam/Library/Developer/Xcode/DerivedData/Lingua_Quest-gvpckrqxtbgyprbgppjfqmimmmfw/SourcePackages/checkouts/firebase-ios-sdk/FirebaseAI/Sources/Types/Internal/Errors/BackendError.swift (in target 'FirebaseAILogic' from project 'Firebase')
    cd /Users/siam/Desktop/Lingua\ Quest/Lingua\ Quest.xcodeproj
    

SwiftCompile normal arm64 /Users/siam/Library/Developer/Xcode/DerivedData/Lingua_Quest-gvpckrqxtbgyprbgppjfqmimmmfw/SourcePackages/checkouts/firebase-ios-sdk/FirebaseAI/Sources/Types/Internal/Errors/EmptyContentError.swift (in target 'FirebaseAILogic' from project 'Firebase')
    cd /Users/siam/Desktop/Lingua\ Quest/Lingua\ Quest.xcodeproj
    

SwiftCompile normal arm64 /Users/siam/Library/Developer/Xcode/DerivedData/Lingua_Quest-gvpckrqxtbgyprbgppjfqmimmmfw/SourcePackages/checkouts/firebase-ios-sdk/FirebaseAI/Sources/Types/Internal/GeminiModelSession.swift (in target 'FirebaseAILogic' from project 'Firebase')
    cd /Users/siam/Desktop/Lingua\ Quest/Lingua\ Quest.xcodeproj
    

SwiftCompile normal arm64 /Users/siam/Library/Developer/Xcode/DerivedData/Lingua_Quest-gvpckrqxtbgyprbgppjfqmimmmfw/SourcePackages/checkouts/firebase-ios-sdk/FirebaseAI/Sources/Types/Internal/HybridModelSession.swift (in target 'FirebaseAILogic' from project 'Firebase')
    cd /Users/siam/Desktop/Lingua\ Quest/Lingua\ Quest.xcodeproj
    

SwiftCompile normal arm64 /Users/siam/Library/Developer/Xcode/DerivedData/Lingua_Quest-gvpckrqxtbgyprbgppjfqmimmmfw/SourcePackages/checkouts/firebase-ios-sdk/FirebaseAI/Sources/Types/Internal/Imagen/ImageGenerationInstance.swift (in target 'FirebaseAILogic' from project 'Firebase')
    cd /Users/siam/Desktop/Lingua\ Quest/Lingua\ Quest.xcodeproj
    

SwiftCompile normal arm64 /Users/siam/Library/Developer/Xcode/DerivedData/Lingua_Quest-gvpckrqxtbgyprbgppjfqmimmmfw/SourcePackages/checkouts/firebase-ios-sdk/FirebaseAI/Sources/Types/Internal/Imagen/ImageGenerationOutputOptions.swift (in target 'FirebaseAILogic' from project 'Firebase')
    cd /Users/siam/Desktop/Lingua\ Quest/Lingua\ Quest.xcodeproj
    

SwiftCompile normal arm64 /Users/siam/Library/Developer/Xcode/DerivedData/Lingua_Quest-gvpckrqxtbgyprbgppjfqmimmmfw/SourcePackages/checkouts/firebase-ios-sdk/FirebaseAI/Sources/Types/Internal/Imagen/ImageGenerationParameters.swift (in target 'FirebaseAILogic' from project 'Firebase')
    cd /Users/siam/Desktop/Lingua\ Quest/Lingua\ Quest.xcodeproj
    

SwiftCompile normal arm64 /Users/siam/Library/Developer/Xcode/DerivedData/Lingua_Quest-gvpckrqxtbgyprbgppjfqmimmmfw/SourcePackages/checkouts/firebase-ios-sdk/FirebaseAI/Sources/Types/Internal/Imagen/ImagenConstants.swift (in target 'FirebaseAILogic' from project 'Firebase')
    cd /Users/siam/Desktop/Lingua\ Quest/Lingua\ Quest.xcodeproj
    

SwiftCompile normal arm64 /Users/siam/Library/Developer/Xcode/DerivedData/Lingua_Quest-gvpckrqxtbgyprbgppjfqmimmmfw/SourcePackages/checkouts/firebase-ios-sdk/FirebaseAI/Sources/Types/Internal/Imagen/ImagenGenerationRequest.swift (in target 'FirebaseAILogic' from project 'Firebase')
    cd /Users/siam/Desktop/Lingua\ Quest/Lingua\ Quest.xcodeproj
    

SwiftCompile normal arm64 /Users/siam/Library/Developer/Xcode/DerivedData/Lingua_Quest-gvpckrqxtbgyprbgppjfqmimmmfw/SourcePackages/checkouts/firebase-ios-sdk/FirebaseAI/Sources/Types/Internal/Imagen/ImagenImageRepresentable.swift (in target 'FirebaseAILogic' from project 'Firebase')
    cd /Users/siam/Desktop/Lingua\ Quest/Lingua\ Quest.xcodeproj
    

SwiftCompile normal arm64 /Users/siam/Library/Developer/Xcode/DerivedData/Lingua_Quest-gvpckrqxtbgyprbgppjfqmimmmfw/SourcePackages/checkouts/firebase-ios-sdk/FirebaseAI/Sources/Types/Internal/Imagen/ImagenSafetyAttributes.swift (in target 'FirebaseAILogic' from project 'Firebase')
    cd /Users/siam/Desktop/Lingua\ Quest/Lingua\ Quest.xcodeproj
    

SwiftCompile normal arm64 Compiling\ CountTokensRequest.swift,\ ProtoMultiSpeakerVoiceConfig.swift,\ ProtoSpeakerVoiceConfig.swift,\ ProtoSpeechConfig.swift,\ ProtoVoiceConfig.swift,\ URLContext.swift,\ Backend.swift,\ GeminiModel.swift,\ GeminiModelProvider.swift,\ GenerationOptions.swift,\ HybridModel.swift /Users/siam/Library/Developer/Xcode/DerivedData/Lingua_Quest-gvpckrqxtbgyprbgppjfqmimmmfw/SourcePackages/checkouts/firebase-ios-sdk/FirebaseAI/Sources/Types/Internal/Requests/CountTokensRequest.swift /Users/siam/Library/Developer/Xcode/DerivedData/Lingua_Quest-gvpckrqxtbgyprbgppjfqmimmmfw/SourcePackages/checkouts/firebase-ios-sdk/FirebaseAI/Sources/Types/Internal/Shared/ProtoMultiSpeakerVoiceConfig.swift /Users/siam/Library/Developer/Xcode/DerivedData/Lingua_Quest-gvpckrqxtbgyprbgppjfqmimmmfw/SourcePackages/checkouts/firebase-ios-sdk/FirebaseAI/Sources/Types/Internal/Shared/ProtoSpeakerVoiceConfig.swift /Users/siam/Library/Developer/Xcode/DerivedData/Lingua_Quest-gvpckrqxtbgyprbgppjfqmimmmfw/SourcePackages/checkouts/firebase-ios-sdk/FirebaseAI/Sources/Types/Internal/Shared/ProtoSpeechConfig.swift /Users/siam/Library/Developer/Xcode/DerivedData/Lingua_Quest-gvpckrqxtbgyprbgppjfqmimmmfw/SourcePackages/checkouts/firebase-ios-sdk/FirebaseAI/Sources/Types/Internal/Shared/ProtoVoiceConfig.swift /Users/siam/Library/Developer/Xcode/DerivedData/Lingua_Quest-gvpckrqxtbgyprbgppjfqmimmmfw/SourcePackages/checkouts/firebase-ios-sdk/FirebaseAI/Sources/Types/Internal/Tools/URLContext.swift /Users/siam/Library/Developer/Xcode/DerivedData/Lingua_Quest-gvpckrqxtbgyprbgppjfqmimmmfw/SourcePackages/checkouts/firebase-ios-sdk/FirebaseAI/Sources/Types/Public/Backend.swift /Users/siam/Library/Developer/Xcode/DerivedData/Lingua_Quest-gvpckrqxtbgyprbgppjfqmimmmfw/SourcePackages/checkouts/firebase-ios-sdk/FirebaseAI/Sources/Types/Public/GeminiModel.swift /Users/siam/Library/Developer/Xcode/DerivedData/Lingua_Quest-gvpckrqxtbgyprbgppjfqmimmmfw/SourcePackages/checkouts/firebase-ios-sdk/FirebaseAI/Sources/Types/Public/GeminiModelProvider.swift /Users/siam/Library/Developer/Xcode/DerivedData/Lingua_Quest-gvpckrqxtbgyprbgppjfqmimmmfw/SourcePackages/checkouts/firebase-ios-sdk/FirebaseAI/Sources/Types/Public/GenerationOptions.swift /Users/siam/Library/Developer/Xcode/DerivedData/Lingua_Quest-gvpckrqxtbgyprbgppjfqmimmmfw/SourcePackages/checkouts/firebase-ios-sdk/FirebaseAI/Sources/Types/Public/HybridModel.swift (in target 'FirebaseAILogic' from project 'Firebase')

SwiftCompile normal arm64 /Users/siam/Library/Developer/Xcode/DerivedData/Lingua_Quest-gvpckrqxtbgyprbgppjfqmimmmfw/SourcePackages/checkouts/firebase-ios-sdk/FirebaseAI/Sources/Types/Internal/Requests/CountTokensRequest.swift (in target 'FirebaseAILogic' from project 'Firebase')
    cd /Users/siam/Desktop/Lingua\ Quest/Lingua\ Quest.xcodeproj
    

SwiftCompile normal arm64 /Users/siam/Library/Developer/Xcode/DerivedData/Lingua_Quest-gvpckrqxtbgyprbgppjfqmimmmfw/SourcePackages/checkouts/firebase-ios-sdk/FirebaseAI/Sources/Types/Internal/Shared/ProtoMultiSpeakerVoiceConfig.swift (in target 'FirebaseAILogic' from project 'Firebase')
    cd /Users/siam/Desktop/Lingua\ Quest/Lingua\ Quest.xcodeproj
    

SwiftCompile normal arm64 /Users/siam/Library/Developer/Xcode/DerivedData/Lingua_Quest-gvpckrqxtbgyprbgppjfqmimmmfw/SourcePackages/checkouts/firebase-ios-sdk/FirebaseAI/Sources/Types/Internal/Shared/ProtoSpeakerVoiceConfig.swift (in target 'FirebaseAILogic' from project 'Firebase')
    cd /Users/siam/Desktop/Lingua\ Quest/Lingua\ Quest.xcodeproj
    

SwiftCompile normal arm64 /Users/siam/Library/Developer/Xcode/DerivedData/Lingua_Quest-gvpckrqxtbgyprbgppjfqmimmmfw/SourcePackages/checkouts/firebase-ios-sdk/FirebaseAI/Sources/Types/Internal/Shared/ProtoSpeechConfig.swift (in target 'FirebaseAILogic' from project 'Firebase')
    cd /Users/siam/Desktop/Lingua\ Quest/Lingua\ Quest.xcodeproj
    

SwiftCompile normal arm64 /Users/siam/Library/Developer/Xcode/DerivedData/Lingua_Quest-gvpckrqxtbgyprbgppjfqmimmmfw/SourcePackages/checkouts/firebase-ios-sdk/FirebaseAI/Sources/Types/Internal/Shared/ProtoVoiceConfig.swift (in target 'FirebaseAILogic' from project 'Firebase')
    cd /Users/siam/Desktop/Lingua\ Quest/Lingua\ Quest.xcodeproj
    

SwiftCompile normal arm64 /Users/siam/Library/Developer/Xcode/DerivedData/Lingua_Quest-gvpckrqxtbgyprbgppjfqmimmmfw/SourcePackages/checkouts/firebase-ios-sdk/FirebaseAI/Sources/Types/Internal/Tools/URLContext.swift (in target 'FirebaseAILogic' from project 'Firebase')
    cd /Users/siam/Desktop/Lingua\ Quest/Lingua\ Quest.xcodeproj
    

SwiftCompile normal arm64 /Users/siam/Library/Developer/Xcode/DerivedData/Lingua_Quest-gvpckrqxtbgyprbgppjfqmimmmfw/SourcePackages/checkouts/firebase-ios-sdk/FirebaseAI/Sources/Types/Public/Backend.swift (in target 'FirebaseAILogic' from project 'Firebase')
    cd /Users/siam/Desktop/Lingua\ Quest/Lingua\ Quest.xcodeproj
    

SwiftCompile normal arm64 /Users/siam/Library/Developer/Xcode/DerivedData/Lingua_Quest-gvpckrqxtbgyprbgppjfqmimmmfw/SourcePackages/checkouts/firebase-ios-sdk/FirebaseAI/Sources/Types/Public/GeminiModel.swift (in target 'FirebaseAILogic' from project 'Firebase')
    cd /Users/siam/Desktop/Lingua\ Quest/Lingua\ Quest.xcodeproj
    

SwiftCompile normal arm64 /Users/siam/Library/Developer/Xcode/DerivedData/Lingua_Quest-gvpckrqxtbgyprbgppjfqmimmmfw/SourcePackages/checkouts/firebase-ios-sdk/FirebaseAI/Sources/Types/Public/GeminiModelProvider.swift (in target 'FirebaseAILogic' from project 'Firebase')
    cd /Users/siam/Desktop/Lingua\ Quest/Lingua\ Quest.xcodeproj
    

SwiftCompile normal arm64 /Users/siam/Library/Developer/Xcode/DerivedData/Lingua_Quest-gvpckrqxtbgyprbgppjfqmimmmfw/SourcePackages/checkouts/firebase-ios-sdk/FirebaseAI/Sources/Types/Public/GenerationOptions.swift (in target 'FirebaseAILogic' from project 'Firebase')
    cd /Users/siam/Desktop/Lingua\ Quest/Lingua\ Quest.xcodeproj
    

SwiftCompile normal arm64 /Users/siam/Library/Developer/Xcode/DerivedData/Lingua_Quest-gvpckrqxtbgyprbgppjfqmimmmfw/SourcePackages/checkouts/firebase-ios-sdk/FirebaseAI/Sources/Types/Public/HybridModel.swift (in target 'FirebaseAILogic' from project 'Firebase')
    cd /Users/siam/Desktop/Lingua\ Quest/Lingua\ Quest.xcodeproj
    

SwiftCompile normal arm64 Compiling\ HybridModelProvider.swift,\ ImageConfig.swift,\ ImagenAspectRatio.swift,\ ImagenGenerationConfig.swift,\ ImagenGenerationResponse.swift,\ ImagenImageFormat.swift,\ ImagenImagesBlockedError.swift,\ ImagenInlineImage.swift,\ ImagenModel.swift,\ ImagenPersonFilterLevel.swift,\ ImagenSafetyFilterLevel.swift /Users/siam/Library/Developer/Xcode/DerivedData/Lingua_Quest-gvpckrqxtbgyprbgppjfqmimmmfw/SourcePackages/checkouts/firebase-ios-sdk/FirebaseAI/Sources/Types/Public/HybridModelProvider.swift /Users/siam/Library/Developer/Xcode/DerivedData/Lingua_Quest-gvpckrqxtbgyprbgppjfqmimmmfw/SourcePackages/checkouts/firebase-ios-sdk/FirebaseAI/Sources/Types/Public/ImageConfig.swift /Users/siam/Library/Developer/Xcode/DerivedData/Lingua_Quest-gvpckrqxtbgyprbgppjfqmimmmfw/SourcePackages/checkouts/firebase-ios-sdk/FirebaseAI/Sources/Types/Public/Imagen/ImagenAspectRatio.swift /Users/siam/Library/Developer/Xcode/DerivedData/Lingua_Quest-gvpckrqxtbgyprbgppjfqmimmmfw/SourcePackages/checkouts/firebase-ios-sdk/FirebaseAI/Sources/Types/Public/Imagen/ImagenGenerationConfig.swift /Users/siam/Library/Developer/Xcode/DerivedData/Lingua_Quest-gvpckrqxtbgyprbgppjfqmimmmfw/SourcePackages/checkouts/firebase-ios-sdk/FirebaseAI/Sources/Types/Public/Imagen/ImagenGenerationResponse.swift /Users/siam/Library/Developer/Xcode/DerivedData/Lingua_Quest-gvpckrqxtbgyprbgppjfqmimmmfw/SourcePackages/checkouts/firebase-ios-sdk/FirebaseAI/Sources/Types/Public/Imagen/ImagenImageFormat.swift /Users/siam/Library/Developer/Xcode/DerivedData/Lingua_Quest-gvpckrqxtbgyprbgppjfqmimmmfw/SourcePackages/checkouts/firebase-ios-sdk/FirebaseAI/Sources/Types/Public/Imagen/ImagenImagesBlockedError.swift /Users/siam/Library/Developer/Xcode/DerivedData/Lingua_Quest-gvpckrqxtbgyprbgppjfqmimmmfw/SourcePackages/checkouts/firebase-ios-sdk/FirebaseAI/Sources/Types/Public/Imagen/ImagenInlineImage.swift /Users/siam/Library/Developer/Xcode/DerivedData/Lingua_Quest-gvpckrqxtbgyprbgppjfqmimmmfw/SourcePackages/checkouts/firebase-ios-sdk/FirebaseAI/Sources/Types/Public/Imagen/ImagenModel.swift /Users/siam/Library/Developer/Xcode/DerivedData/Lingua_Quest-gvpckrqxtbgyprbgppjfqmimmmfw/SourcePackages/checkouts/firebase-ios-sdk/FirebaseAI/Sources/Types/Public/Imagen/ImagenPersonFilterLevel.swift /Users/siam/Library/Developer/Xcode/DerivedData/Lingua_Quest-gvpckrqxtbgyprbgppjfqmimmmfw/SourcePackages/checkouts/firebase-ios-sdk/FirebaseAI/Sources/Types/Public/Imagen/ImagenSafetyFilterLevel.swift (in target 'FirebaseAILogic' from project 'Firebase')

SwiftCompile normal arm64 /Users/siam/Library/Developer/Xcode/DerivedData/Lingua_Quest-gvpckrqxtbgyprbgppjfqmimmmfw/SourcePackages/checkouts/firebase-ios-sdk/FirebaseAI/Sources/Types/Public/HybridModelProvider.swift (in target 'FirebaseAILogic' from project 'Firebase')
    cd /Users/siam/Desktop/Lingua\ Quest/Lingua\ Quest.xcodeproj
    

SwiftCompile normal arm64 /Users/siam/Library/Developer/Xcode/DerivedData/Lingua_Quest-gvpckrqxtbgyprbgppjfqmimmmfw/SourcePackages/checkouts/firebase-ios-sdk/FirebaseAI/Sources/Types/Public/ImageConfig.swift (in target 'FirebaseAILogic' from project 'Firebase')
    cd /Users/siam/Desktop/Lingua\ Quest/Lingua\ Quest.xcodeproj
    

SwiftCompile normal arm64 /Users/siam/Library/Developer/Xcode/DerivedData/Lingua_Quest-gvpckrqxtbgyprbgppjfqmimmmfw/SourcePackages/checkouts/firebase-ios-sdk/FirebaseAI/Sources/Types/Public/Imagen/ImagenAspectRatio.swift (in target 'FirebaseAILogic' from project 'Firebase')
    cd /Users/siam/Desktop/Lingua\ Quest/Lingua\ Quest.xcodeproj
    

SwiftCompile normal arm64 /Users/siam/Library/Developer/Xcode/DerivedData/Lingua_Quest-gvpckrqxtbgyprbgppjfqmimmmfw/SourcePackages/checkouts/firebase-ios-sdk/FirebaseAI/Sources/Types/Public/Imagen/ImagenGenerationConfig.swift (in target 'FirebaseAILogic' from project 'Firebase')
    cd /Users/siam/Desktop/Lingua\ Quest/Lingua\ Quest.xcodeproj
    

SwiftCompile normal arm64 /Users/siam/Library/Developer/Xcode/DerivedData/Lingua_Quest-gvpckrqxtbgyprbgppjfqmimmmfw/SourcePackages/checkouts/firebase-ios-sdk/FirebaseAI/Sources/Types/Public/Imagen/ImagenGenerationResponse.swift (in target 'FirebaseAILogic' from project 'Firebase')
    cd /Users/siam/Desktop/Lingua\ Quest/Lingua\ Quest.xcodeproj
    

SwiftCompile normal arm64 /Users/siam/Library/Developer/Xcode/DerivedData/Lingua_Quest-gvpckrqxtbgyprbgppjfqmimmmfw/SourcePackages/checkouts/firebase-ios-sdk/FirebaseAI/Sources/Types/Public/Imagen/ImagenImageFormat.swift (in target 'FirebaseAILogic' from project 'Firebase')
    cd /Users/siam/Desktop/Lingua\ Quest/Lingua\ Quest.xcodeproj
    

SwiftCompile normal arm64 /Users/siam/Library/Developer/Xcode/DerivedData/Lingua_Quest-gvpckrqxtbgyprbgppjfqmimmmfw/SourcePackages/checkouts/firebase-ios-sdk/FirebaseAI/Sources/Types/Public/Imagen/ImagenImagesBlockedError.swift (in target 'FirebaseAILogic' from project 'Firebase')
    cd /Users/siam/Desktop/Lingua\ Quest/Lingua\ Quest.xcodeproj
    

SwiftCompile normal arm64 /Users/siam/Library/Developer/Xcode/DerivedData/Lingua_Quest-gvpckrqxtbgyprbgppjfqmimmmfw/SourcePackages/checkouts/firebase-ios-sdk/FirebaseAI/Sources/Types/Public/Imagen/ImagenInlineImage.swift (in target 'FirebaseAILogic' from project 'Firebase')
    cd /Users/siam/Desktop/Lingua\ Quest/Lingua\ Quest.xcodeproj
    

SwiftCompile normal arm64 /Users/siam/Library/Developer/Xcode/DerivedData/Lingua_Quest-gvpckrqxtbgyprbgppjfqmimmmfw/SourcePackages/checkouts/firebase-ios-sdk/FirebaseAI/Sources/Types/Public/Imagen/ImagenModel.swift (in target 'FirebaseAILogic' from project 'Firebase')
    cd /Users/siam/Desktop/Lingua\ Quest/Lingua\ Quest.xcodeproj
    

SwiftCompile normal arm64 /Users/siam/Library/Developer/Xcode/DerivedData/Lingua_Quest-gvpckrqxtbgyprbgppjfqmimmmfw/SourcePackages/checkouts/firebase-ios-sdk/FirebaseAI/Sources/Types/Public/Imagen/ImagenPersonFilterLevel.swift (in target 'FirebaseAILogic' from project 'Firebase')
    cd /Users/siam/Desktop/Lingua\ Quest/Lingua\ Quest.xcodeproj
    

SwiftCompile normal arm64 /Users/siam/Library/Developer/Xcode/DerivedData/Lingua_Quest-gvpckrqxtbgyprbgppjfqmimmmfw/SourcePackages/checkouts/firebase-ios-sdk/FirebaseAI/Sources/Types/Public/Imagen/ImagenSafetyFilterLevel.swift (in target 'FirebaseAILogic' from project 'Firebase')
    cd /Users/siam/Desktop/Lingua\ Quest/Lingua\ Quest.xcodeproj
    

SwiftCompile normal arm64 Compiling\ BidiGenerateContentSetupComplete.swift,\ BidiGenerateContentToolCall.swift,\ BidiGenerateContentToolCallCancellation.swift,\ BidiGenerateContentToolResponse.swift,\ BidiGenerateContentTranscription.swift,\ BidiGenerationConfig.swift,\ BidiSessionResumptionUpdate.swift,\ GoAway.swift,\ LiveSessionService.swift,\ ProtoDate.swift,\ ProtoDuration.swift /Users/siam/Library/Developer/Xcode/DerivedData/Lingua_Quest-gvpckrqxtbgyprbgppjfqmimmmfw/SourcePackages/checkouts/firebase-ios-sdk/FirebaseAI/Sources/Types/Internal/Live/BidiGenerateContentSetupComplete.swift /Users/siam/Library/Developer/Xcode/DerivedData/Lingua_Quest-gvpckrqxtbgyprbgppjfqmimmmfw/SourcePackages/checkouts/firebase-ios-sdk/FirebaseAI/Sources/Types/Internal/Live/BidiGenerateContentToolCall.swift /Users/siam/Library/Developer/Xcode/DerivedData/Lingua_Quest-gvpckrqxtbgyprbgppjfqmimmmfw/SourcePackages/checkouts/firebase-ios-sdk/FirebaseAI/Sources/Types/Internal/Live/BidiGenerateContentToolCallCancellation.swift /Users/siam/Library/Developer/Xcode/DerivedData/Lingua_Quest-gvpckrqxtbgyprbgppjfqmimmmfw/SourcePackages/checkouts/firebase-ios-sdk/FirebaseAI/Sources/Types/Internal/Live/BidiGenerateContentToolResponse.swift /Users/siam/Library/Developer/Xcode/DerivedData/Lingua_Quest-gvpckrqxtbgyprbgppjfqmimmmfw/SourcePackages/checkouts/firebase-ios-sdk/FirebaseAI/Sources/Types/Internal/Live/BidiGenerateContentTranscription.swift /Users/siam/Library/Developer/Xcode/DerivedData/Lingua_Quest-gvpckrqxtbgyprbgppjfqmimmmfw/SourcePackages/checkouts/firebase-ios-sdk/FirebaseAI/Sources/Types/Internal/Live/BidiGenerationConfig.swift /Users/siam/Library/Developer/Xcode/DerivedData/Lingua_Quest-gvpckrqxtbgyprbgppjfqmimmmfw/SourcePackages/checkouts/firebase-ios-sdk/FirebaseAI/Sources/Types/Internal/Live/BidiSessionResumptionUpdate.swift /Users/siam/Library/Developer/Xcode/DerivedData/Lingua_Quest-gvpckrqxtbgyprbgppjfqmimmmfw/SourcePackages/checkouts/firebase-ios-sdk/FirebaseAI/Sources/Types/Internal/Live/GoAway.swift /Users/siam/Library/Developer/Xcode/DerivedData/Lingua_Quest-gvpckrqxtbgyprbgppjfqmimmmfw/SourcePackages/checkouts/firebase-ios-sdk/FirebaseAI/Sources/Types/Internal/Live/LiveSessionService.swift /Users/siam/Library/Developer/Xcode/DerivedData/Lingua_Quest-gvpckrqxtbgyprbgppjfqmimmmfw/SourcePackages/checkouts/firebase-ios-sdk/FirebaseAI/Sources/Types/Internal/ProtoDate.swift /Users/siam/Library/Developer/Xcode/DerivedData/Lingua_Quest-gvpckrqxtbgyprbgppjfqmimmmfw/SourcePackages/checkouts/firebase-ios-sdk/FirebaseAI/Sources/Types/Internal/ProtoDuration.swift (in target 'FirebaseAILogic' from project 'Firebase')

SwiftCompile normal arm64 /Users/siam/Library/Developer/Xcode/DerivedData/Lingua_Quest-gvpckrqxtbgyprbgppjfqmimmmfw/SourcePackages/checkouts/firebase-ios-sdk/FirebaseAI/Sources/Types/Internal/Live/BidiGenerateContentSetupComplete.swift (in target 'FirebaseAILogic' from project 'Firebase')
    cd /Users/siam/Desktop/Lingua\ Quest/Lingua\ Quest.xcodeproj
    

SwiftCompile normal arm64 /Users/siam/Library/Developer/Xcode/DerivedData/Lingua_Quest-gvpckrqxtbgyprbgppjfqmimmmfw/SourcePackages/checkouts/firebase-ios-sdk/FirebaseAI/Sources/Types/Internal/Live/BidiGenerateContentToolCall.swift (in target 'FirebaseAILogic' from project 'Firebase')
    cd /Users/siam/Desktop/Lingua\ Quest/Lingua\ Quest.xcodeproj
    

SwiftCompile normal arm64 /Users/siam/Library/Developer/Xcode/DerivedData/Lingua_Quest-gvpckrqxtbgyprbgppjfqmimmmfw/SourcePackages/checkouts/firebase-ios-sdk/FirebaseAI/Sources/Types/Internal/Live/BidiGenerateContentToolCallCancellation.swift (in target 'FirebaseAILogic' from project 'Firebase')
    cd /Users/siam/Desktop/Lingua\ Quest/Lingua\ Quest.xcodeproj
    

SwiftCompile normal arm64 /Users/siam/Library/Developer/Xcode/DerivedData/Lingua_Quest-gvpckrqxtbgyprbgppjfqmimmmfw/SourcePackages/checkouts/firebase-ios-sdk/FirebaseAI/Sources/Types/Internal/Live/BidiGenerateContentToolResponse.swift (in target 'FirebaseAILogic' from project 'Firebase')
    cd /Users/siam/Desktop/Lingua\ Quest/Lingua\ Quest.xcodeproj
    

SwiftCompile normal arm64 /Users/siam/Library/Developer/Xcode/DerivedData/Lingua_Quest-gvpckrqxtbgyprbgppjfqmimmmfw/SourcePackages/checkouts/firebase-ios-sdk/FirebaseAI/Sources/Types/Internal/Live/BidiGenerateContentTranscription.swift (in target 'FirebaseAILogic' from project 'Firebase')
    cd /Users/siam/Desktop/Lingua\ Quest/Lingua\ Quest.xcodeproj
    

SwiftCompile normal arm64 /Users/siam/Library/Developer/Xcode/DerivedData/Lingua_Quest-gvpckrqxtbgyprbgppjfqmimmmfw/SourcePackages/checkouts/firebase-ios-sdk/FirebaseAI/Sources/Types/Internal/Live/BidiGenerationConfig.swift (in target 'FirebaseAILogic' from project 'Firebase')
    cd /Users/siam/Desktop/Lingua\ Quest/Lingua\ Quest.xcodeproj
    

SwiftCompile normal arm64 /Users/siam/Library/Developer/Xcode/DerivedData/Lingua_Quest-gvpckrqxtbgyprbgppjfqmimmmfw/SourcePackages/checkouts/firebase-ios-sdk/FirebaseAI/Sources/Types/Internal/Live/BidiSessionResumptionUpdate.swift (in target 'FirebaseAILogic' from project 'Firebase')
    cd /Users/siam/Desktop/Lingua\ Quest/Lingua\ Quest.xcodeproj
    

SwiftCompile normal arm64 /Users/siam/Library/Developer/Xcode/DerivedData/Lingua_Quest-gvpckrqxtbgyprbgppjfqmimmmfw/SourcePackages/checkouts/firebase-ios-sdk/FirebaseAI/Sources/Types/Internal/Live/GoAway.swift (in target 'FirebaseAILogic' from project 'Firebase')
    cd /Users/siam/Desktop/Lingua\ Quest/Lingua\ Quest.xcodeproj
    

SwiftCompile normal arm64 /Users/siam/Library/Developer/Xcode/DerivedData/Lingua_Quest-gvpckrqxtbgyprbgppjfqmimmmfw/SourcePackages/checkouts/firebase-ios-sdk/FirebaseAI/Sources/Types/Internal/Live/LiveSessionService.swift (in target 'FirebaseAILogic' from project 'Firebase')
    cd /Users/siam/Desktop/Lingua\ Quest/Lingua\ Quest.xcodeproj
    

SwiftCompile normal arm64 /Users/siam/Library/Developer/Xcode/DerivedData/Lingua_Quest-gvpckrqxtbgyprbgppjfqmimmmfw/SourcePackages/checkouts/firebase-ios-sdk/FirebaseAI/Sources/Types/Internal/ProtoDate.swift (in target 'FirebaseAILogic' from project 'Firebase')
    cd /Users/siam/Desktop/Lingua\ Quest/Lingua\ Quest.xcodeproj
    

SwiftCompile normal arm64 /Users/siam/Library/Developer/Xcode/DerivedData/Lingua_Quest-gvpckrqxtbgyprbgppjfqmimmmfw/SourcePackages/checkouts/firebase-ios-sdk/FirebaseAI/Sources/Types/Internal/ProtoDuration.swift (in target 'FirebaseAILogic' from project 'Firebase')
    cd /Users/siam/Desktop/Lingua\ Quest/Lingua\ Quest.xcodeproj
    

SwiftCompile normal arm64 Compiling\ ImagenSafetySettings.swift,\ AudioTranscriptionConfig.swift,\ ContextWindowCompressionConfig.swift,\ LiveAudioTranscription.swift,\ LiveGenerationConfig.swift,\ LiveGenerativeModel.swift,\ LiveServerContent.swift,\ LiveServerGoingAwayNotice.swift,\ LiveServerMessage.swift,\ LiveServerToolCall.swift,\ LiveServerToolCallCancellation.swift /Users/siam/Library/Developer/Xcode/DerivedData/Lingua_Quest-gvpckrqxtbgyprbgppjfqmimmmfw/SourcePackages/checkouts/firebase-ios-sdk/FirebaseAI/Sources/Types/Public/Imagen/ImagenSafetySettings.swift /Users/siam/Library/Developer/Xcode/DerivedData/Lingua_Quest-gvpckrqxtbgyprbgppjfqmimmmfw/SourcePackages/checkouts/firebase-ios-sdk/FirebaseAI/Sources/Types/Public/Live/AudioTranscriptionConfig.swift /Users/siam/Library/Developer/Xcode/DerivedData/Lingua_Quest-gvpckrqxtbgyprbgppjfqmimmmfw/SourcePackages/checkouts/firebase-ios-sdk/FirebaseAI/Sources/Types/Public/Live/ContextWindowCompressionConfig.swift /Users/siam/Library/Developer/Xcode/DerivedData/Lingua_Quest-gvpckrqxtbgyprbgppjfqmimmmfw/SourcePackages/checkouts/firebase-ios-sdk/FirebaseAI/Sources/Types/Public/Live/LiveAudioTranscription.swift /Users/siam/Library/Developer/Xcode/DerivedData/Lingua_Quest-gvpckrqxtbgyprbgppjfqmimmmfw/SourcePackages/checkouts/firebase-ios-sdk/FirebaseAI/Sources/Types/Public/Live/LiveGenerationConfig.swift /Users/siam/Library/Developer/Xcode/DerivedData/Lingua_Quest-gvpckrqxtbgyprbgppjfqmimmmfw/SourcePackages/checkouts/firebase-ios-sdk/FirebaseAI/Sources/Types/Public/Live/LiveGenerativeModel.swift /Users/siam/Library/Developer/Xcode/DerivedData/Lingua_Quest-gvpckrqxtbgyprbgppjfqmimmmfw/SourcePackages/checkouts/firebase-ios-sdk/FirebaseAI/Sources/Types/Public/Live/LiveServerContent.swift /Users/siam/Library/Developer/Xcode/DerivedData/Lingua_Quest-gvpckrqxtbgyprbgppjfqmimmmfw/SourcePackages/checkouts/firebase-ios-sdk/FirebaseAI/Sources/Types/Public/Live/LiveServerGoingAwayNotice.swift /Users/siam/Library/Developer/Xcode/DerivedData/Lingua_Quest-gvpckrqxtbgyprbgppjfqmimmmfw/SourcePackages/checkouts/firebase-ios-sdk/FirebaseAI/Sources/Types/Public/Live/LiveServerMessage.swift /Users/siam/Library/Developer/Xcode/DerivedData/Lingua_Quest-gvpckrqxtbgyprbgppjfqmimmmfw/SourcePackages/checkouts/firebase-ios-sdk/FirebaseAI/Sources/Types/Public/Live/LiveServerToolCall.swift /Users/siam/Library/Developer/Xcode/DerivedData/Lingua_Quest-gvpckrqxtbgyprbgppjfqmimmmfw/SourcePackages/checkouts/firebase-ios-sdk/FirebaseAI/Sources/Types/Public/Live/LiveServerToolCallCancellation.swift (in target 'FirebaseAILogic' from project 'Firebase')

SwiftCompile normal arm64 /Users/siam/Library/Developer/Xcode/DerivedData/Lingua_Quest-gvpckrqxtbgyprbgppjfqmimmmfw/SourcePackages/checkouts/firebase-ios-sdk/FirebaseAI/Sources/Types/Public/Imagen/ImagenSafetySettings.swift (in target 'FirebaseAILogic' from project 'Firebase')
    cd /Users/siam/Desktop/Lingua\ Quest/Lingua\ Quest.xcodeproj
    

SwiftCompile normal arm64 /Users/siam/Library/Developer/Xcode/DerivedData/Lingua_Quest-gvpckrqxtbgyprbgppjfqmimmmfw/SourcePackages/checkouts/firebase-ios-sdk/FirebaseAI/Sources/Types/Public/Live/AudioTranscriptionConfig.swift (in target 'FirebaseAILogic' from project 'Firebase')
    cd /Users/siam/Desktop/Lingua\ Quest/Lingua\ Quest.xcodeproj
    

SwiftCompile normal arm64 /Users/siam/Library/Developer/Xcode/DerivedData/Lingua_Quest-gvpckrqxtbgyprbgppjfqmimmmfw/SourcePackages/checkouts/firebase-ios-sdk/FirebaseAI/Sources/Types/Public/Live/ContextWindowCompressionConfig.swift (in target 'FirebaseAILogic' from project 'Firebase')
    cd /Users/siam/Desktop/Lingua\ Quest/Lingua\ Quest.xcodeproj
    

SwiftCompile normal arm64 /Users/siam/Library/Developer/Xcode/DerivedData/Lingua_Quest-gvpckrqxtbgyprbgppjfqmimmmfw/SourcePackages/checkouts/firebase-ios-sdk/FirebaseAI/Sources/Types/Public/Live/LiveAudioTranscription.swift (in target 'FirebaseAILogic' from project 'Firebase')
    cd /Users/siam/Desktop/Lingua\ Quest/Lingua\ Quest.xcodeproj
    

SwiftCompile normal arm64 /Users/siam/Library/Developer/Xcode/DerivedData/Lingua_Quest-gvpckrqxtbgyprbgppjfqmimmmfw/SourcePackages/checkouts/firebase-ios-sdk/FirebaseAI/Sources/Types/Public/Live/LiveGenerationConfig.swift (in target 'FirebaseAILogic' from project 'Firebase')
    cd /Users/siam/Desktop/Lingua\ Quest/Lingua\ Quest.xcodeproj
    

SwiftCompile normal arm64 /Users/siam/Library/Developer/Xcode/DerivedData/Lingua_Quest-gvpckrqxtbgyprbgppjfqmimmmfw/SourcePackages/checkouts/firebase-ios-sdk/FirebaseAI/Sources/Types/Public/Live/LiveGenerativeModel.swift (in target 'FirebaseAILogic' from project 'Firebase')
    cd /Users/siam/Desktop/Lingua\ Quest/Lingua\ Quest.xcodeproj
    

SwiftCompile normal arm64 /Users/siam/Library/Developer/Xcode/DerivedData/Lingua_Quest-gvpckrqxtbgyprbgppjfqmimmmfw/SourcePackages/checkouts/firebase-ios-sdk/FirebaseAI/Sources/Types/Public/Live/LiveServerContent.swift (in target 'FirebaseAILogic' from project 'Firebase')
    cd /Users/siam/Desktop/Lingua\ Quest/Lingua\ Quest.xcodeproj
    

SwiftCompile normal arm64 /Users/siam/Library/Developer/Xcode/DerivedData/Lingua_Quest-gvpckrqxtbgyprbgppjfqmimmmfw/SourcePackages/checkouts/firebase-ios-sdk/FirebaseAI/Sources/Types/Public/Live/LiveServerGoingAwayNotice.swift (in target 'FirebaseAILogic' from project 'Firebase')
    cd /Users/siam/Desktop/Lingua\ Quest/Lingua\ Quest.xcodeproj
    

SwiftCompile normal arm64 /Users/siam/Library/Developer/Xcode/DerivedData/Lingua_Quest-gvpckrqxtbgyprbgppjfqmimmmfw/SourcePackages/checkouts/firebase-ios-sdk/FirebaseAI/Sources/Types/Public/Live/LiveServerMessage.swift (in target 'FirebaseAILogic' from project 'Firebase')
    cd /Users/siam/Desktop/Lingua\ Quest/Lingua\ Quest.xcodeproj
    

SwiftCompile normal arm64 /Users/siam/Library/Developer/Xcode/DerivedData/Lingua_Quest-gvpckrqxtbgyprbgppjfqmimmmfw/SourcePackages/checkouts/firebase-ios-sdk/FirebaseAI/Sources/Types/Public/Live/LiveServerToolCall.swift (in target 'FirebaseAILogic' from project 'Firebase')
    cd /Users/siam/Desktop/Lingua\ Quest/Lingua\ Quest.xcodeproj
    

SwiftCompile normal arm64 /Users/siam/Library/Developer/Xcode/DerivedData/Lingua_Quest-gvpckrqxtbgyprbgppjfqmimmmfw/SourcePackages/checkouts/firebase-ios-sdk/FirebaseAI/Sources/Types/Public/Live/LiveServerToolCallCancellation.swift (in target 'FirebaseAILogic' from project 'Firebase')
    cd /Users/siam/Desktop/Lingua\ Quest/Lingua\ Quest.xcodeproj
    

SwiftCompile normal arm64 Compiling\ TaskLocals.swift,\ TemplateChatSession.swift,\ TemplateGenerateContentRequest.swift,\ TemplateGenerativeModel.swift,\ TemplateImagenGenerationRequest.swift,\ TemplateImagenModel.swift,\ TemplateInput.swift,\ Tool.swift,\ APIConfig.swift,\ AppCheck.swift,\ DataType.swift /Users/siam/Library/Developer/Xcode/DerivedData/Lingua_Quest-gvpckrqxtbgyprbgppjfqmimmmfw/SourcePackages/checkouts/firebase-ios-sdk/FirebaseAI/Sources/TaskLocals.swift /Users/siam/Library/Developer/Xcode/DerivedData/Lingua_Quest-gvpckrqxtbgyprbgppjfqmimmmfw/SourcePackages/checkouts/firebase-ios-sdk/FirebaseAI/Sources/TemplateChatSession.swift /Users/siam/Library/Developer/Xcode/DerivedData/Lingua_Quest-gvpckrqxtbgyprbgppjfqmimmmfw/SourcePackages/checkouts/firebase-ios-sdk/FirebaseAI/Sources/TemplateGenerateContentRequest.swift /Users/siam/Library/Developer/Xcode/DerivedData/Lingua_Quest-gvpckrqxtbgyprbgppjfqmimmmfw/SourcePackages/checkouts/firebase-ios-sdk/FirebaseAI/Sources/TemplateGenerativeModel.swift /Users/siam/Library/Developer/Xcode/DerivedData/Lingua_Quest-gvpckrqxtbgyprbgppjfqmimmmfw/SourcePackages/checkouts/firebase-ios-sdk/FirebaseAI/Sources/TemplateImagenGenerationRequest.swift /Users/siam/Library/Developer/Xcode/DerivedData/Lingua_Quest-gvpckrqxtbgyprbgppjfqmimmmfw/SourcePackages/checkouts/firebase-ios-sdk/FirebaseAI/Sources/TemplateImagenModel.swift /Users/siam/Library/Developer/Xcode/DerivedData/Lingua_Quest-gvpckrqxtbgyprbgppjfqmimmmfw/SourcePackages/checkouts/firebase-ios-sdk/FirebaseAI/Sources/TemplateInput.swift /Users/siam/Library/Developer/Xcode/DerivedData/Lingua_Quest-gvpckrqxtbgyprbgppjfqmimmmfw/SourcePackages/checkouts/firebase-ios-sdk/FirebaseAI/Sources/Tool.swift /Users/siam/Library/Developer/Xcode/DerivedData/Lingua_Quest-gvpckrqxtbgyprbgppjfqmimmmfw/SourcePackages/checkouts/firebase-ios-sdk/FirebaseAI/Sources/Types/Internal/APIConfig.swift /Users/siam/Library/Developer/Xcode/DerivedData/Lingua_Quest-gvpckrqxtbgyprbgppjfqmimmmfw/SourcePackages/checkouts/firebase-ios-sdk/FirebaseAI/Sources/Types/Internal/AppCheck.swift /Users/siam/Library/Developer/Xcode/DerivedData/Lingua_Quest-gvpckrqxtbgyprbgppjfqmimmmfw/SourcePackages/checkouts/firebase-ios-sdk/FirebaseAI/Sources/Types/Internal/DataType.swift (in target 'FirebaseAILogic' from project 'Firebase')

SwiftCompile normal arm64 /Users/siam/Library/Developer/Xcode/DerivedData/Lingua_Quest-gvpckrqxtbgyprbgppjfqmimmmfw/SourcePackages/checkouts/firebase-ios-sdk/FirebaseAI/Sources/TaskLocals.swift (in target 'FirebaseAILogic' from project 'Firebase')
    cd /Users/siam/Desktop/Lingua\ Quest/Lingua\ Quest.xcodeproj
    

SwiftCompile normal arm64 /Users/siam/Library/Developer/Xcode/DerivedData/Lingua_Quest-gvpckrqxtbgyprbgppjfqmimmmfw/SourcePackages/checkouts/firebase-ios-sdk/FirebaseAI/Sources/TemplateChatSession.swift (in target 'FirebaseAILogic' from project 'Firebase')
    cd /Users/siam/Desktop/Lingua\ Quest/Lingua\ Quest.xcodeproj
    

SwiftCompile normal arm64 /Users/siam/Library/Developer/Xcode/DerivedData/Lingua_Quest-gvpckrqxtbgyprbgppjfqmimmmfw/SourcePackages/checkouts/firebase-ios-sdk/FirebaseAI/Sources/TemplateGenerateContentRequest.swift (in target 'FirebaseAILogic' from project 'Firebase')
    cd /Users/siam/Desktop/Lingua\ Quest/Lingua\ Quest.xcodeproj
    

SwiftCompile normal arm64 /Users/siam/Library/Developer/Xcode/DerivedData/Lingua_Quest-gvpckrqxtbgyprbgppjfqmimmmfw/SourcePackages/checkouts/firebase-ios-sdk/FirebaseAI/Sources/TemplateGenerativeModel.swift (in target 'FirebaseAILogic' from project 'Firebase')
    cd /Users/siam/Desktop/Lingua\ Quest/Lingua\ Quest.xcodeproj
    

SwiftCompile normal arm64 /Users/siam/Library/Developer/Xcode/DerivedData/Lingua_Quest-gvpckrqxtbgyprbgppjfqmimmmfw/SourcePackages/checkouts/firebase-ios-sdk/FirebaseAI/Sources/TemplateImagenGenerationRequest.swift (in target 'FirebaseAILogic' from project 'Firebase')
    cd /Users/siam/Desktop/Lingua\ Quest/Lingua\ Quest.xcodeproj
    

SwiftCompile normal arm64 /Users/siam/Library/Developer/Xcode/DerivedData/Lingua_Quest-gvpckrqxtbgyprbgppjfqmimmmfw/SourcePackages/checkouts/firebase-ios-sdk/FirebaseAI/Sources/TemplateImagenModel.swift (in target 'FirebaseAILogic' from project 'Firebase')
    cd /Users/siam/Desktop/Lingua\ Quest/Lingua\ Quest.xcodeproj
    

SwiftCompile normal arm64 /Users/siam/Library/Developer/Xcode/DerivedData/Lingua_Quest-gvpckrqxtbgyprbgppjfqmimmmfw/SourcePackages/checkouts/firebase-ios-sdk/FirebaseAI/Sources/TemplateInput.swift (in target 'FirebaseAILogic' from project 'Firebase')
    cd /Users/siam/Desktop/Lingua\ Quest/Lingua\ Quest.xcodeproj
    

SwiftCompile normal arm64 /Users/siam/Library/Developer/Xcode/DerivedData/Lingua_Quest-gvpckrqxtbgyprbgppjfqmimmmfw/SourcePackages/checkouts/firebase-ios-sdk/FirebaseAI/Sources/Tool.swift (in target 'FirebaseAILogic' from project 'Firebase')
    cd /Users/siam/Desktop/Lingua\ Quest/Lingua\ Quest.xcodeproj
    

SwiftCompile normal arm64 /Users/siam/Library/Developer/Xcode/DerivedData/Lingua_Quest-gvpckrqxtbgyprbgppjfqmimmmfw/SourcePackages/checkouts/firebase-ios-sdk/FirebaseAI/Sources/Types/Internal/APIConfig.swift (in target 'FirebaseAILogic' from project 'Firebase')
    cd /Users/siam/Desktop/Lingua\ Quest/Lingua\ Quest.xcodeproj
    

SwiftCompile normal arm64 /Users/siam/Library/Developer/Xcode/DerivedData/Lingua_Quest-gvpckrqxtbgyprbgppjfqmimmmfw/SourcePackages/checkouts/firebase-ios-sdk/FirebaseAI/Sources/Types/Internal/AppCheck.swift (in target 'FirebaseAILogic' from project 'Firebase')
    cd /Users/siam/Desktop/Lingua\ Quest/Lingua\ Quest.xcodeproj
    

SwiftCompile normal arm64 /Users/siam/Library/Developer/Xcode/DerivedData/Lingua_Quest-gvpckrqxtbgyprbgppjfqmimmmfw/SourcePackages/checkouts/firebase-ios-sdk/FirebaseAI/Sources/Types/Internal/DataType.swift (in target 'FirebaseAILogic' from project 'Firebase')
    cd /Users/siam/Desktop/Lingua\ Quest/Lingua\ Quest.xcodeproj
    

SwiftExplicitDependencyGeneratePcm x86_64 /Users/siam/Library/Developer/Xcode/DerivedData/Lingua_Quest-gvpckrqxtbgyprbgppjfqmimmmfw/Build/Intermediates.noindex/SwiftExplicitPrecompiledModules/FirebaseCoreExtension-ARH9CC0W0AUHEVRASUSW3C75C.pcm

SwiftDriverJobDiscovery normal x86_64 Compiling resource_bundle_accessor.swift, ActionCodeInfo.swift, ActionCodeOperation.swift, ActionCodeSettings.swift, ActionCodeURL.swift, Auth+Async.swift, Auth.swift, AuthComponent.swift, AuthDataResult.swift, AuthDispatcher.swift, AuthGlobalWorkQueue.swift, AuthOperationType.swift (in target 'FirebaseAuth' from project 'Firebase')

SwiftDriver\ Compilation FirebaseAuth normal x86_64 com.apple.xcode.tools.swift.compiler (in target 'FirebaseAuth' from project 'Firebase')
    cd /Users/siam/Desktop/Lingua\ Quest/Lingua\ Quest.xcodeproj
    builtin-Swift-Compilation -- /Applications/Xcode.app/Contents/Developer/Toolchains/XcodeDefault.xctoolchain/usr/bin/swiftc -module-name FirebaseAuth -Onone -enforce-exclusivity\=checked @/Users/siam/Library/Developer/Xcode/DerivedData/Lingua_Quest-gvpckrqxtbgyprbgppjfqmimmmfw/Build/Intermediates.noindex/Firebase.build/Debug-iphonesimulator/FirebaseAuth.build/Objects-normal/x86_64/FirebaseAuth.SwiftFileList -DSWIFT_PACKAGE -DDEBUG -DSWIFT_MODULE_RESOURCE_BUNDLE_AVAILABLE -Xcc -fmodule-map-file\=/Users/siam/Library/Developer/Xcode/DerivedData/Lingua_Quest-gvpckrqxtbgyprbgppjfqmimmmfw/Build/Intermediates.noindex/GeneratedModuleMaps-iphonesimulator/RecaptchaInterop.modulemap -Xcc -fmodule-map-file\=/Users/siam/Library/Developer/Xcode/DerivedData/Lingua_Quest-gvpckrqxtbgyprbgppjfqmimmmfw/Build/Intermediates.noindex/GeneratedModuleMaps-iphonesimulator/GoogleUtilities-Network.modulemap -Xcc -fmodule-map-file\=/Users/siam/Library/Developer/Xcode/DerivedData/Lingua_Quest-gvpckrqxtbgyprbgppjfqmimmmfw/Build/Intermediates.noindex/GeneratedModuleMaps-iphonesimulator/GoogleUtilities-Reachability.modulemap -Xcc -fmodule-map-file\=/Users/siam/Library/Developer/Xcode/DerivedData/Lingua_Quest-gvpckrqxtbgyprbgppjfqmimmmfw/Build/Intermediates.noindex/GeneratedModuleMaps-iphonesimulator/GoogleUtilities-NSData.modulemap -Xcc -fmodule-map-file\=/Users/siam/Library/Developer/Xcode/DerivedData/Lingua_Quest-gvpckrqxtbgyprbgppjfqmimmmfw/Build/Intermediates.noindex/GeneratedModuleMaps-iphonesimulator/GoogleUtilities-Logger.modulemap -Xcc -fmodule-map-file\=/Users/siam/Library/Developer/Xcode/DerivedData/Lingua_Quest-gvpckrqxtbgyprbgppjfqmimmmfw/Build/Intermediates.noindex/GeneratedModuleMaps-iphonesimulator/GoogleUtilities-Environment.modulemap -Xcc -fmodule-map-file\=/Users/siam/Library/Developer/Xcode/DerivedData/Lingua_Quest-gvpckrqxtbgyprbgppjfqmimmmfw/Build/Intermediates.noindex/GeneratedModuleMaps-iphonesimulator/third-party-IsAppEncrypted.modulemap -Xcc -fmodule-map-file\=/Users/siam/Library/Developer/Xcode/DerivedData/Lingua_Quest-gvpckrqxtbgyprbgppjfqmimmmfw/Build/Intermediates.noindex/GeneratedModuleMaps-iphonesimulator/GoogleUtilities-AppDelegateSwizzler.modulemap -Xcc -fmodule-map-file\=/Users/siam/Library/Developer/Xcode/DerivedData/Lingua_Quest-gvpckrqxtbgyprbgppjfqmimmmfw/Build/Intermediates.noindex/GeneratedModuleMaps-iphonesimulator/GTMSessionFetcherCore.modulemap -Xcc -fmodule-map-file\=/Users/siam/Library/Developer/Xcode/DerivedData/Lingua_Quest-gvpckrqxtbgyprbgppjfqmimmmfw/Build/Intermediates.noindex/GeneratedModuleMaps-iphonesimulator/FirebaseCoreExtension.modulemap -Xcc -fmodule-map-file\=/Users/siam/Library/Developer/Xcode/DerivedData/Lingua_Quest-gvpckrqxtbgyprbgppjfqmimmmfw/Build/Intermediates.noindex/GeneratedModuleMaps-iphonesimulator/FirebaseCore.modulemap -Xcc -fmodule-map-file\=/Users/siam/Library/Developer/Xcode/DerivedData/Lingua_Quest-gvpckrqxtbgyprbgppjfqmimmmfw/Build/Intermediates.noindex/GeneratedModuleMaps-iphonesimulator/FirebaseAuthInternal.modulemap -Xcc -fmodule-map-file\=/Users/siam/Library/Developer/Xcode/DerivedData/Lingua_Quest-gvpckrqxtbgyprbgppjfqmimmmfw/Build/Intermediates.noindex/GeneratedModuleMaps-iphonesimulator/FirebaseAuthInterop.modulemap -Xcc -fmodule-map-file\=/Users/siam/Library/Developer/Xcode/DerivedData/Lingua_Quest-gvpckrqxtbgyprbgppjfqmimmmfw/Build/Intermediates.noindex/GeneratedModuleMaps-iphonesimulator/FirebaseAppCheckInterop.modulemap -DXcode -plugin-path /Applications/Xcode.app/Contents/Developer/Toolchains/XcodeDefault.xctoolchain/usr/lib/swift/host/plugins/testing -enable-experimental-feature DebugDescriptionMacro -sdk /Applications/Xcode.app/Contents/Developer/Platforms/iPhoneSimulator.platform/Developer/SDKs/iPhoneSimulator26.0.sdk -target x86_64-apple-ios15.0-simulator -g -module-cache-path /Users/siam/Library/Developer/Xcode/DerivedData/ModuleCache.noindex -Xfrontend -serialize-debugging-options -profile-coverage-mapping -profile-generate -enable-testing -suppress-warnings -index-store-path /Users/siam/Library/Developer/Xcode/DerivedData/Lingua_Quest-gvpckrqxtbgyprbgppjfqmimmmfw/Index.noindex/DataStore -Xcc -D_LIBCPP_HARDENING_MODE\=_LIBCPP_HARDENING_MODE_DEBUG -swift-version 5 -I /Users/siam/Library/Developer/Xcode/DerivedData/Lingua_Quest-gvpckrqxtbgyprbgppjfqmimmmfw/Build/Products/Debug-iphonesimulator -Isystem /Applications/Xcode.app/Contents/Developer/Platforms/iPhoneSimulator.platform/Developer/usr/lib -F /Users/siam/Library/Developer/Xcode/DerivedData/Lingua_Quest-gvpckrqxtbgyprbgppjfqmimmmfw/Build/Products/Debug-iphonesimulator/PackageFrameworks -F /Users/siam/Library/Developer/Xcode/DerivedData/Lingua_Quest-gvpckrqxtbgyprbgppjfqmimmmfw/Build/Products/Debug-iphonesimulator/PackageFrameworks -F /Users/siam/Library/Developer/Xcode/DerivedData/Lingua_Quest-gvpckrqxtbgyprbgppjfqmimmmfw/Build/Products/Debug-iphonesimulator/PackageFrameworks -F /Users/siam/Library/Developer/Xcode/DerivedData/Lingua_Quest-gvpckrqxtbgyprbgppjfqmimmmfw/Build/Products/Debug-iphonesimulator/PackageFrameworks -F /Users/siam/Library/Developer/Xcode/DerivedData/Lingua_Quest-gvpckrqxtbgyprbgppjfqmimmmfw/Build/Products/Debug-iphonesimulator/PackageFrameworks -F /Users/siam/Library/Developer/Xcode/DerivedData/Lingua_Quest-gvpckrqxtbgyprbgppjfqmimmmfw/Build/Products/Debug-iphonesimulator/PackageFrameworks -F /Users/siam/Library/Developer/Xcode/DerivedData/Lingua_Quest-gvpckrqxtbgyprbgppjfqmimmmfw/Build/Products/Debug-iphonesimulator/PackageFrameworks -F /Users/siam/Library/Developer/Xcode/DerivedData/Lingua_Quest-gvpckrqxtbgyprbgppjfqmimmmfw/Build/Products/Debug-iphonesimulator/PackageFrameworks -F /Users/siam/Library/Developer/Xcode/DerivedData/Lingua_Quest-gvpckrqxtbgyprbgppjfqmimmmfw/Build/Products/Debug-iphonesimulator/PackageFrameworks -F /Users/siam/Library/Developer/Xcode/DerivedData/Lingua_Quest-gvpckrqxtbgyprbgppjfqmimmmfw/Build/Products/Debug-iphonesimulator/PackageFrameworks -F /Users/siam/Library/Developer/Xcode/DerivedData/Lingua_Quest-gvpckrqxtbgyprbgppjfqmimmmfw/Build/Products/Debug-iphonesimulator/PackageFrameworks -F /Users/siam/Library/Developer/Xcode/DerivedData/Lingua_Quest-gvpckrqxtbgyprbgppjfqmimmmfw/Build/Products/Debug-iphonesimulator/PackageFrameworks -F /Users/siam/Library/Developer/Xcode/DerivedData/Lingua_Quest-gvpckrqxtbgyprbgppjfqmimmmfw/Build/Products/Debug-iphonesimulator/PackageFrameworks -F /Users/siam/Library/Developer/Xcode/DerivedData/Lingua_Quest-gvpckrqxtbgyprbgppjfqmimmmfw/Build/Products/Debug-iphonesimulator/PackageFrameworks -F /Users/siam/Library/Developer/Xcode/DerivedData/Lingua_Quest-gvpckrqxtbgyprbgppjfqmimmmfw/Build/Products/Debug-iphonesimulator/PackageFrameworks -F /Users/siam/Library/Developer/Xcode/DerivedData/Lingua_Quest-gvpckrqxtbgyprbgppjfqmimmmfw/Build/Products/Debug-iphonesimulator/PackageFrameworks -F /Users/siam/Library/Developer/Xcode/DerivedData/Lingua_Quest-gvpckrqxtbgyprbgppjfqmimmmfw/Build/Products/Debug-iphonesimulator -F /Applications/Xcode.app/Contents/Developer/Platforms/iPhoneSimulator.platform/Developer/Library/Frameworks -F /Applications/Xcode.app/Contents/Developer/Platforms/iPhoneSimulator.platform/Developer/SDKs/iPhoneSimulator26.0.sdk/Developer/Library/Frameworks -c -j12 -enable-batch-mode -incremental -Xcc -ivfsstatcache -Xcc /Users/siam/Library/Developer/Xcode/DerivedData/SDKStatCaches.noindex/iphonesimulator26.0-23A339-26257891a6c027eb51374368541b8346.sdkstatcache -output-file-map /Users/siam/Library/Developer/Xcode/DerivedData/Lingua_Quest-gvpckrqxtbgyprbgppjfqmimmmfw/Build/Intermediates.noindex/Firebase.build/Debug-iphonesimulator/FirebaseAuth.build/Objects-normal/x86_64/FirebaseAuth-OutputFileMap.json -use-frontend-parseable-output -save-temps -no-color-diagnostics -explicit-module-build -module-cache-path /Users/siam/Library/Developer/Xcode/DerivedData/Lingua_Quest-gvpckrqxtbgyprbgppjfqmimmmfw/Build/Intermediates.noindex/SwiftExplicitPrecompiledModules -clang-scanner-module-cache-path /Users/siam/Library/Developer/Xcode/DerivedData/ModuleCache.noindex -sdk-module-cache-path /Users/siam/Library/Developer/Xcode/DerivedData/ModuleCache.noindex -serialize-diagnostics -emit-dependencies -emit-module -emit-module-path /Users/siam/Library/Developer/Xcode/DerivedData/Lingua_Quest-gvpckrqxtbgyprbgppjfqmimmmfw/Build/Intermediates.noindex/Firebase.build/Debug-iphonesimulator/FirebaseAuth.build/Objects-normal/x86_64/FirebaseAuth.swiftmodule -user-module-version 12.16.0 -validate-clang-modules-once -clang-build-session-file /Users/siam/Library/Developer/Xcode/DerivedData/ModuleCache.noindex/Session.modulevalidation -package-name firebase_ios_sdk -Xcc -I/Users/siam/Library/Developer/Xcode/DerivedData/Lingua_Quest-gvpckrqxtbgyprbgppjfqmimmmfw/Build/Intermediates.noindex/Firebase.build/Debug-iphonesimulator/FirebaseAuth.build/swift-overrides.hmap -emit-const-values -Xfrontend -const-gather-protocols-file -Xfrontend /Users/siam/Library/Developer/Xcode/DerivedData/Lingua_Quest-gvpckrqxtbgyprbgppjfqmimmmfw/Build/Intermediates.noindex/Firebase.build/Debug-iphonesimulator/FirebaseAuth.build/Objects-normal/x86_64/FirebaseAuth_const_extract_protocols.json -Xcc -I/Users/siam/Library/Developer/Xcode/DerivedData/Lingua_Quest-gvpckrqxtbgyprbgppjfqmimmmfw/SourcePackages/checkouts/interop-ios-for-google-sdks/RecaptchaEnterprise/RecaptchaInterop/Public -Xcc -I/Users/siam/Library/Developer/Xcode/DerivedData/Lingua_Quest-gvpckrqxtbgyprbgppjfqmimmmfw/SourcePackages/checkouts/GoogleUtilities/GoogleUtilities/Network/Public -Xcc -I/Users/siam/Library/Developer/Xcode/DerivedData/Lingua_Quest-gvpckrqxtbgyprbgppjfqmimmmfw/SourcePackages/checkouts/GoogleUtilities/GoogleUtilities/Reachability/Public -Xcc -I/Users/siam/Library/Developer/Xcode/DerivedData/Lingua_Quest-gvpckrqxtbgyprbgppjfqmimmmfw/SourcePackages/checkouts/GoogleUtilities/GoogleUtilities/NSData+zlib/Public -Xcc -I/Users/siam/Library/Developer/Xcode/DerivedData/Lingua_Quest-gvpckrqxtbgyprbgppjfqmimmmfw/SourcePackages/checkouts/GoogleUtilities/GoogleUtilities/Logger/Public -Xcc -I/Users/siam/Library/Developer/Xcode/DerivedData/Lingua_Quest-gvpckrqxtbgyprbgppjfqmimmmfw/SourcePackages/checkouts/GoogleUtilities/GoogleUtilities/Environment/Public -Xcc -I/Users/siam/Library/Developer/Xcode/DerivedData/Lingua_Quest-gvpckrqxtbgyprbgppjfqmimmmfw/SourcePackages/checkouts/GoogleUtilities/third_party/IsAppEncrypted/Public -Xcc -I/Users/siam/Library/Developer/Xcode/DerivedData/Lingua_Quest-gvpckrqxtbgyprbgppjfqmimmmfw/SourcePackages/checkouts/GoogleUtilities/GoogleUtilities/AppDelegateSwizzler/Public -Xcc -I/Users/siam/Library/Developer/Xcode/DerivedData/Lingua_Quest-gvpckrqxtbgyprbgppjfqmimmmfw/SourcePackages/checkouts/gtm-session-fetcher/Sources/Core/Public -Xcc -I/Users/siam/Library/Developer/Xcode/DerivedData/Lingua_Quest-gvpckrqxtbgyprbgppjfqmimmmfw/SourcePackages/checkouts/firebase-ios-sdk/FirebaseCore/Extension -Xcc -I/Users/siam/Library/Developer/Xcode/DerivedData/Lingua_Quest-gvpckrqxtbgyprbgppjfqmimmmfw/SourcePackages/checkouts/firebase-ios-sdk/FirebaseCore/Sources/Public -Xcc -I/Users/siam/Library/Developer/Xcode/DerivedData/Lingua_Quest-gvpckrqxtbgyprbgppjfqmimmmfw/SourcePackages/checkouts/firebase-ios-sdk/CoreOnly/Sources -Xcc -I/Users/siam/Library/Developer/Xcode/DerivedData/Lingua_Quest-gvpckrqxtbgyprbgppjfqmimmmfw/SourcePackages/checkouts/firebase-ios-sdk/FirebaseAuth/Sources/Public -Xcc -I/Users/siam/Library/Developer/Xcode/DerivedData/Lingua_Quest-gvpckrqxtbgyprbgppjfqmimmmfw/SourcePackages/checkouts/firebase-ios-sdk/FirebaseAuth/Interop/Public -Xcc -I/Users/siam/Library/Developer/Xcode/DerivedData/Lingua_Quest-gvpckrqxtbgyprbgppjfqmimmmfw/SourcePackages/checkouts/firebase-ios-sdk/FirebaseAppCheck/Interop/Public -Xcc -I/Users/siam/Library/Developer/Xcode/DerivedData/Lingua_Quest-gvpckrqxtbgyprbgppjfqmimmmfw/Build/Products/Debug-iphonesimulator/include -Xcc -I/Users/siam/Library/Developer/Xcode/DerivedData/Lingua_Quest-gvpckrqxtbgyprbgppjfqmimmmfw/Build/Intermediates.noindex/Firebase.build/Debug-iphonesimulator/FirebaseAuth.build/DerivedSources-normal/x86_64 -Xcc -I/Users/siam/Library/Developer/Xcode/DerivedData/Lingua_Quest-gvpckrqxtbgyprbgppjfqmimmmfw/Build/Intermediates.noindex/Firebase.build/Debug-iphonesimulator/FirebaseAuth.build/DerivedSources/x86_64 -Xcc -I/Users/siam/Library/Developer/Xcode/DerivedData/Lingua_Quest-gvpckrqxtbgyprbgppjfqmimmmfw/Build/Intermediates.noindex/Firebase.build/Debug-iphonesimulator/FirebaseAuth.build/DerivedSources -Xcc -DSWIFT_PACKAGE -Xcc -DDEBUG\=1 -emit-objc-header -emit-objc-header-path /Users/siam/Library/Developer/Xcode/DerivedData/Lingua_Quest-gvpckrqxtbgyprbgppjfqmimmmfw/Build/Intermediates.noindex/Firebase.build/Debug-iphonesimulator/FirebaseAuth.build/Objects-normal/x86_64/FirebaseAuth-Swift.h -working-directory /Users/siam/Desktop/Lingua\ Quest/Lingua\ Quest.xcodeproj -experimental-emit-module-separately -disable-cmo

SwiftEmitModule normal x86_64 Emitting\ module\ for\ FirebaseAILogic (in target 'FirebaseAILogic' from project 'Firebase')

EmitSwiftModule normal x86_64 (in target 'FirebaseAILogic' from project 'Firebase')
    cd /Users/siam/Desktop/Lingua\ Quest/Lingua\ Quest.xcodeproj
    

Ld /Users/siam/Library/Developer/Xcode/DerivedData/Lingua_Quest-gvpckrqxtbgyprbgppjfqmimmmfw/Build/Intermediates.noindex/Firebase.build/Debug-iphonesimulator/FirebaseAuth.build/Objects-normal/x86_64/Binary/FirebaseAuth.o normal x86_64 (in target 'FirebaseAuth' from project 'Firebase')
    cd /Users/siam/Library/Developer/Xcode/DerivedData/Lingua_Quest-gvpckrqxtbgyprbgppjfqmimmmfw/SourcePackages/checkouts/firebase-ios-sdk
    /Applications/Xcode.app/Contents/Developer/Toolchains/XcodeDefault.xctoolchain/usr/bin/clang -Xlinker -reproducible -target x86_64-apple-ios15.0-simulator -r -isysroot /Applications/Xcode.app/Contents/Developer/Platforms/iPhoneSimulator.platform/Developer/SDKs/iPhoneSimulator26.0.sdk -O0 -w -L/Users/siam/Library/Developer/Xcode/DerivedData/Lingua_Quest-gvpckrqxtbgyprbgppjfqmimmmfw/Build/Intermediates.noindex/EagerLinkingTBDs/Debug-iphonesimulator -L/Users/siam/Library/Developer/Xcode/DerivedData/Lingua_Quest-gvpckrqxtbgyprbgppjfqmimmmfw/Build/Products/Debug-iphonesimulator -L/Applications/Xcode.app/Contents/Developer/Platforms/iPhoneSimulator.platform/Developer/usr/lib -F/Users/siam/Library/Developer/Xcode/DerivedData/Lingua_Quest-gvpckrqxtbgyprbgppjfqmimmmfw/Build/Intermediates.noindex/EagerLinkingTBDs/Debug-iphonesimulator -F/Users/siam/Library/Developer/Xcode/DerivedData/Lingua_Quest-gvpckrqxtbgyprbgppjfqmimmmfw/Build/Products/Debug-iphonesimulator/PackageFrameworks -F/Users/siam/Library/Developer/Xcode/DerivedData/Lingua_Quest-gvpckrqxtbgyprbgppjfqmimmmfw/Build/Products/Debug-iphonesimulator/PackageFrameworks -F/Users/siam/Library/Developer/Xcode/DerivedData/Lingua_Quest-gvpckrqxtbgyprbgppjfqmimmmfw/Build/Products/Debug-iphonesimulator/PackageFrameworks -F/Users/siam/Library/Developer/Xcode/DerivedData/Lingua_Quest-gvpckrqxtbgyprbgppjfqmimmmfw/Build/Products/Debug-iphonesimulator/PackageFrameworks -F/Users/siam/Library/Developer/Xcode/DerivedData/Lingua_Quest-gvpckrqxtbgyprbgppjfqmimmmfw/Build/Products/Debug-iphonesimulator/PackageFrameworks -F/Users/siam/Library/Developer/Xcode/DerivedData/Lingua_Quest-gvpckrqxtbgyprbgppjfqmimmmfw/Build/Products/Debug-iphonesimulator/PackageFrameworks -F/Users/siam/Library/Developer/Xcode/DerivedData/Lingua_Quest-gvpckrqxtbgyprbgppjfqmimmmfw/Build/Products/Debug-iphonesimulator/PackageFrameworks -F/Users/siam/Library/Developer/Xcode/DerivedData/Lingua_Quest-gvpckrqxtbgyprbgppjfqmimmmfw/Build/Products/Debug-iphonesimulator/PackageFrameworks -F/Users/siam/Library/Developer/Xcode/DerivedData/Lingua_Quest-gvpckrqxtbgyprbgppjfqmimmmfw/Build/Products/Debug-iphonesimulator/PackageFrameworks -F/Users/siam/Library/Developer/Xcode/DerivedData/Lingua_Quest-gvpckrqxtbgyprbgppjfqmimmmfw/Build/Products/Debug-iphonesimulator/PackageFrameworks -F/Users/siam/Library/Developer/Xcode/DerivedData/Lingua_Quest-gvpckrqxtbgyprbgppjfqmimmmfw/Build/Products/Debug-iphonesimulator/PackageFrameworks -F/Users/siam/Library/Developer/Xcode/DerivedData/Lingua_Quest-gvpckrqxtbgyprbgppjfqmimmmfw/Build/Products/Debug-iphonesimulator/PackageFrameworks -F/Users/siam/Library/Developer/Xcode/DerivedData/Lingua_Quest-gvpckrqxtbgyprbgppjfqmimmmfw/Build/Products/Debug-iphonesimulator/PackageFrameworks -F/Users/siam/Library/Developer/Xcode/DerivedData/Lingua_Quest-gvpckrqxtbgyprbgppjfqmimmmfw/Build/Products/Debug-iphonesimulator/PackageFrameworks -F/Users/siam/Library/Developer/Xcode/DerivedData/Lingua_Quest-gvpckrqxtbgyprbgppjfqmimmmfw/Build/Products/Debug-iphonesimulator/PackageFrameworks -F/Users/siam/Library/Developer/Xcode/DerivedData/Lingua_Quest-gvpckrqxtbgyprbgppjfqmimmmfw/Build/Products/Debug-iphonesimulator/PackageFrameworks -F/Users/siam/Library/Developer/Xcode/DerivedData/Lingua_Quest-gvpckrqxtbgyprbgppjfqmimmmfw/Build/Products/Debug-iphonesimulator -iframework /Applications/Xcode.app/Contents/Developer/Platforms/iPhoneSimulator.platform/Developer/Library/Frameworks -iframework /Applications/Xcode.app/Contents/Developer/Platforms/iPhoneSimulator.platform/Developer/SDKs/iPhoneSimulator26.0.sdk/Developer/Library/Frameworks -filelist /Users/siam/Library/Developer/Xcode/DerivedData/Lingua_Quest-gvpckrqxtbgyprbgppjfqmimmmfw/Build/Intermediates.noindex/Firebase.build/Debug-iphonesimulator/FirebaseAuth.build/Objects-normal/x86_64/FirebaseAuth.LinkFileList -nostdlib -Xlinker -object_path_lto -Xlinker /Users/siam/Library/Developer/Xcode/DerivedData/Lingua_Quest-gvpckrqxtbgyprbgppjfqmimmmfw/Build/Intermediates.noindex/Firebase.build/Debug-iphonesimulator/FirebaseAuth.build/Objects-normal/x86_64/FirebaseAuth_lto.o -rdynamic -Xlinker -no_deduplicate -Xlinker -objc_abi_version -Xlinker 2 -Xlinker -debug_variant -Xlinker -dependency_info -Xlinker /Users/siam/Library/Developer/Xcode/DerivedData/Lingua_Quest-gvpckrqxtbgyprbgppjfqmimmmfw/Build/Intermediates.noindex/Firebase.build/Debug-iphonesimulator/FirebaseAuth.build/Objects-normal/x86_64/FirebaseAuth_dependency_info.dat -fobjc-link-runtime -L/Applications/Xcode.app/Contents/Developer/Toolchains/XcodeDefault.xctoolchain/usr/lib/swift/iphonesimulator -L/usr/lib/swift -Xlinker -add_ast_path -Xlinker /Users/siam/Library/Developer/Xcode/DerivedData/Lingua_Quest-gvpckrqxtbgyprbgppjfqmimmmfw/Build/Intermediates.noindex/Firebase.build/Debug-iphonesimulator/FirebaseAuth.build/Objects-normal/x86_64/FirebaseAuth.swiftmodule @/Users/siam/Library/Developer/Xcode/DerivedData/Lingua_Quest-gvpckrqxtbgyprbgppjfqmimmmfw/Build/Intermediates.noindex/Firebase.build/Debug-iphonesimulator/FirebaseAuth.build/Objects-normal/x86_64/FirebaseAuth-linker-args.resp -o /Users/siam/Library/Developer/Xcode/DerivedData/Lingua_Quest-gvpckrqxtbgyprbgppjfqmimmmfw/Build/Intermediates.noindex/Firebase.build/Debug-iphonesimulator/FirebaseAuth.build/Objects-normal/x86_64/Binary/FirebaseAuth.o

SwiftDriverJobDiscovery normal arm64 Compiling ImagenSafetySettings.swift, AudioTranscriptionConfig.swift, ContextWindowCompressionConfig.swift, LiveAudioTranscription.swift, LiveGenerationConfig.swift, LiveGenerativeModel.swift, LiveServerContent.swift, LiveServerGoingAwayNotice.swift, LiveServerMessage.swift, LiveServerToolCall.swift, LiveServerToolCallCancellation.swift (in target 'FirebaseAILogic' from project 'Firebase')

SwiftCompile normal x86_64 Compiling\ BackendError.swift,\ EmptyContentError.swift,\ GeminiModelSession.swift,\ HybridModelSession.swift,\ ImageGenerationInstance.swift,\ ImageGenerationOutputOptions.swift,\ ImageGenerationParameters.swift,\ ImagenConstants.swift,\ ImagenGenerationRequest.swift,\ ImagenImageRepresentable.swift,\ ImagenSafetyAttributes.swift /Users/siam/Library/Developer/Xcode/DerivedData/Lingua_Quest-gvpckrqxtbgyprbgppjfqmimmmfw/SourcePackages/checkouts/firebase-ios-sdk/FirebaseAI/Sources/Types/Internal/Errors/BackendError.swift /Users/siam/Library/Developer/Xcode/DerivedData/Lingua_Quest-gvpckrqxtbgyprbgppjfqmimmmfw/SourcePackages/checkouts/firebase-ios-sdk/FirebaseAI/Sources/Types/Internal/Errors/EmptyContentError.swift /Users/siam/Library/Developer/Xcode/DerivedData/Lingua_Quest-gvpckrqxtbgyprbgppjfqmimmmfw/SourcePackages/checkouts/firebase-ios-sdk/FirebaseAI/Sources/Types/Internal/GeminiModelSession.swift /Users/siam/Library/Developer/Xcode/DerivedData/Lingua_Quest-gvpckrqxtbgyprbgppjfqmimmmfw/SourcePackages/checkouts/firebase-ios-sdk/FirebaseAI/Sources/Types/Internal/HybridModelSession.swift /Users/siam/Library/Developer/Xcode/DerivedData/Lingua_Quest-gvpckrqxtbgyprbgppjfqmimmmfw/SourcePackages/checkouts/firebase-ios-sdk/FirebaseAI/Sources/Types/Internal/Imagen/ImageGenerationInstance.swift /Users/siam/Library/Developer/Xcode/DerivedData/Lingua_Quest-gvpckrqxtbgyprbgppjfqmimmmfw/SourcePackages/checkouts/firebase-ios-sdk/FirebaseAI/Sources/Types/Internal/Imagen/ImageGenerationOutputOptions.swift /Users/siam/Library/Developer/Xcode/DerivedData/Lingua_Quest-gvpckrqxtbgyprbgppjfqmimmmfw/SourcePackages/checkouts/firebase-ios-sdk/FirebaseAI/Sources/Types/Internal/Imagen/ImageGenerationParameters.swift /Users/siam/Library/Developer/Xcode/DerivedData/Lingua_Quest-gvpckrqxtbgyprbgppjfqmimmmfw/SourcePackages/checkouts/firebase-ios-sdk/FirebaseAI/Sources/Types/Internal/Imagen/ImagenConstants.swift /Users/siam/Library/Developer/Xcode/DerivedData/Lingua_Quest-gvpckrqxtbgyprbgppjfqmimmmfw/SourcePackages/checkouts/firebase-ios-sdk/FirebaseAI/Sources/Types/Internal/Imagen/ImagenGenerationRequest.swift /Users/siam/Library/Developer/Xcode/DerivedData/Lingua_Quest-gvpckrqxtbgyprbgppjfqmimmmfw/SourcePackages/checkouts/firebase-ios-sdk/FirebaseAI/Sources/Types/Internal/Imagen/ImagenImageRepresentable.swift /Users/siam/Library/Developer/Xcode/DerivedData/Lingua_Quest-gvpckrqxtbgyprbgppjfqmimmmfw/SourcePackages/checkouts/firebase-ios-sdk/FirebaseAI/Sources/Types/Internal/Imagen/ImagenSafetyAttributes.swift (in target 'FirebaseAILogic' from project 'Firebase')

SwiftCompile normal x86_64 /Users/siam/Library/Developer/Xcode/DerivedData/Lingua_Quest-gvpckrqxtbgyprbgppjfqmimmmfw/SourcePackages/checkouts/firebase-ios-sdk/FirebaseAI/Sources/Types/Internal/Errors/BackendError.swift (in target 'FirebaseAILogic' from project 'Firebase')
    cd /Users/siam/Desktop/Lingua\ Quest/Lingua\ Quest.xcodeproj
    

SwiftCompile normal x86_64 /Users/siam/Library/Developer/Xcode/DerivedData/Lingua_Quest-gvpckrqxtbgyprbgppjfqmimmmfw/SourcePackages/checkouts/firebase-ios-sdk/FirebaseAI/Sources/Types/Internal/Errors/EmptyContentError.swift (in target 'FirebaseAILogic' from project 'Firebase')
    cd /Users/siam/Desktop/Lingua\ Quest/Lingua\ Quest.xcodeproj
    

SwiftCompile normal x86_64 /Users/siam/Library/Developer/Xcode/DerivedData/Lingua_Quest-gvpckrqxtbgyprbgppjfqmimmmfw/SourcePackages/checkouts/firebase-ios-sdk/FirebaseAI/Sources/Types/Internal/GeminiModelSession.swift (in target 'FirebaseAILogic' from project 'Firebase')
    cd /Users/siam/Desktop/Lingua\ Quest/Lingua\ Quest.xcodeproj
    

SwiftCompile normal x86_64 /Users/siam/Library/Developer/Xcode/DerivedData/Lingua_Quest-gvpckrqxtbgyprbgppjfqmimmmfw/SourcePackages/checkouts/firebase-ios-sdk/FirebaseAI/Sources/Types/Internal/HybridModelSession.swift (in target 'FirebaseAILogic' from project 'Firebase')
    cd /Users/siam/Desktop/Lingua\ Quest/Lingua\ Quest.xcodeproj
    

SwiftCompile normal x86_64 /Users/siam/Library/Developer/Xcode/DerivedData/Lingua_Quest-gvpckrqxtbgyprbgppjfqmimmmfw/SourcePackages/checkouts/firebase-ios-sdk/FirebaseAI/Sources/Types/Internal/Imagen/ImageGenerationInstance.swift (in target 'FirebaseAILogic' from project 'Firebase')
    cd /Users/siam/Desktop/Lingua\ Quest/Lingua\ Quest.xcodeproj
    

SwiftCompile normal x86_64 /Users/siam/Library/Developer/Xcode/DerivedData/Lingua_Quest-gvpckrqxtbgyprbgppjfqmimmmfw/SourcePackages/checkouts/firebase-ios-sdk/FirebaseAI/Sources/Types/Internal/Imagen/ImageGenerationOutputOptions.swift (in target 'FirebaseAILogic' from project 'Firebase')
    cd /Users/siam/Desktop/Lingua\ Quest/Lingua\ Quest.xcodeproj
    

SwiftCompile normal x86_64 /Users/siam/Library/Developer/Xcode/DerivedData/Lingua_Quest-gvpckrqxtbgyprbgppjfqmimmmfw/SourcePackages/checkouts/firebase-ios-sdk/FirebaseAI/Sources/Types/Internal/Imagen/ImageGenerationParameters.swift (in target 'FirebaseAILogic' from project 'Firebase')
    cd /Users/siam/Desktop/Lingua\ Quest/Lingua\ Quest.xcodeproj
    

SwiftCompile normal x86_64 /Users/siam/Library/Developer/Xcode/DerivedData/Lingua_Quest-gvpckrqxtbgyprbgppjfqmimmmfw/SourcePackages/checkouts/firebase-ios-sdk/FirebaseAI/Sources/Types/Internal/Imagen/ImagenConstants.swift (in target 'FirebaseAILogic' from project 'Firebase')
    cd /Users/siam/Desktop/Lingua\ Quest/Lingua\ Quest.xcodeproj
    

SwiftCompile normal x86_64 /Users/siam/Library/Developer/Xcode/DerivedData/Lingua_Quest-gvpckrqxtbgyprbgppjfqmimmmfw/SourcePackages/checkouts/firebase-ios-sdk/FirebaseAI/Sources/Types/Internal/Imagen/ImagenGenerationRequest.swift (in target 'FirebaseAILogic' from project 'Firebase')
    cd /Users/siam/Desktop/Lingua\ Quest/Lingua\ Quest.xcodeproj
    

SwiftCompile normal x86_64 /Users/siam/Library/Developer/Xcode/DerivedData/Lingua_Quest-gvpckrqxtbgyprbgppjfqmimmmfw/SourcePackages/checkouts/firebase-ios-sdk/FirebaseAI/Sources/Types/Internal/Imagen/ImagenImageRepresentable.swift (in target 'FirebaseAILogic' from project 'Firebase')
    cd /Users/siam/Desktop/Lingua\ Quest/Lingua\ Quest.xcodeproj
    

SwiftCompile normal x86_64 /Users/siam/Library/Developer/Xcode/DerivedData/Lingua_Quest-gvpckrqxtbgyprbgppjfqmimmmfw/SourcePackages/checkouts/firebase-ios-sdk/FirebaseAI/Sources/Types/Internal/Imagen/ImagenSafetyAttributes.swift (in target 'FirebaseAILogic' from project 'Firebase')
    cd /Users/siam/Desktop/Lingua\ Quest/Lingua\ Quest.xcodeproj
    

CreateUniversalBinary /Users/siam/Library/Developer/Xcode/DerivedData/Lingua_Quest-gvpckrqxtbgyprbgppjfqmimmmfw/Build/Products/Debug-iphonesimulator/FirebaseAuth.o normal arm64\ x86_64 (in target 'FirebaseAuth' from project 'Firebase')
    cd /Users/siam/Library/Developer/Xcode/DerivedData/Lingua_Quest-gvpckrqxtbgyprbgppjfqmimmmfw/SourcePackages/checkouts/firebase-ios-sdk
    /Applications/Xcode.app/Contents/Developer/Toolchains/XcodeDefault.xctoolchain/usr/bin/lipo -create /Users/siam/Library/Developer/Xcode/DerivedData/Lingua_Quest-gvpckrqxtbgyprbgppjfqmimmmfw/Build/Intermediates.noindex/Firebase.build/Debug-iphonesimulator/FirebaseAuth.build/Objects-normal/arm64/Binary/FirebaseAuth.o /Users/siam/Library/Developer/Xcode/DerivedData/Lingua_Quest-gvpckrqxtbgyprbgppjfqmimmmfw/Build/Intermediates.noindex/Firebase.build/Debug-iphonesimulator/FirebaseAuth.build/Objects-normal/x86_64/Binary/FirebaseAuth.o -output /Users/siam/Library/Developer/Xcode/DerivedData/Lingua_Quest-gvpckrqxtbgyprbgppjfqmimmmfw/Build/Products/Debug-iphonesimulator/FirebaseAuth.o

SwiftDriverJobDiscovery normal arm64 Compiling BackendError.swift, EmptyContentError.swift, GeminiModelSession.swift, HybridModelSession.swift, ImageGenerationInstance.swift, ImageGenerationOutputOptions.swift, ImageGenerationParameters.swift, ImagenConstants.swift, ImagenGenerationRequest.swift, ImagenImageRepresentable.swift, ImagenSafetyAttributes.swift (in target 'FirebaseAILogic' from project 'Firebase')

SwiftCompile normal x86_64 Compiling\ AILog.swift,\ Chat.swift,\ Constants.swift,\ Errors.swift,\ ConvertibleFromGeneratedContent+Firebase.swift,\ GenerationSchema+Gemini.swift,\ JSONSerialization+prettyString.swift,\ LanguageModelSession+ModelSession.swift,\ SystemLanguageModel+LanguageModel.swift,\ FirebaseAI.swift,\ FirebaseInfo.swift,\ GenAIURLSession.swift /Users/siam/Library/Developer/Xcode/DerivedData/Lingua_Quest-gvpckrqxtbgyprbgppjfqmimmmfw/SourcePackages/checkouts/firebase-ios-sdk/FirebaseAI/Sources/AILog.swift /Users/siam/Library/Developer/Xcode/DerivedData/Lingua_Quest-gvpckrqxtbgyprbgppjfqmimmmfw/SourcePackages/checkouts/firebase-ios-sdk/FirebaseAI/Sources/Chat.swift /Users/siam/Library/Developer/Xcode/DerivedData/Lingua_Quest-gvpckrqxtbgyprbgppjfqmimmmfw/SourcePackages/checkouts/firebase-ios-sdk/FirebaseAI/Sources/Constants.swift /Users/siam/Library/Developer/Xcode/DerivedData/Lingua_Quest-gvpckrqxtbgyprbgppjfqmimmmfw/SourcePackages/checkouts/firebase-ios-sdk/FirebaseAI/Sources/Errors.swift /Users/siam/Library/Developer/Xcode/DerivedData/Lingua_Quest-gvpckrqxtbgyprbgppjfqmimmmfw/SourcePackages/checkouts/firebase-ios-sdk/FirebaseAI/Sources/Extensions/Internal/ConvertibleFromGeneratedContent+Firebase.swift /Users/siam/Library/Developer/Xcode/DerivedData/Lingua_Quest-gvpckrqxtbgyprbgppjfqmimmmfw/SourcePackages/checkouts/firebase-ios-sdk/FirebaseAI/Sources/Extensions/Internal/GenerationSchema+Gemini.swift /Users/siam/Library/Developer/Xcode/DerivedData/Lingua_Quest-gvpckrqxtbgyprbgppjfqmimmmfw/SourcePackages/checkouts/firebase-ios-sdk/FirebaseAI/Sources/Extensions/Internal/JSONSerialization+prettyString.swift /Users/siam/Library/Developer/Xcode/DerivedData/Lingua_Quest-gvpckrqxtbgyprbgppjfqmimmmfw/SourcePackages/checkouts/firebase-ios-sdk/FirebaseAI/Sources/Extensions/Internal/LanguageModelSession+ModelSession.swift /Users/siam/Library/Developer/Xcode/DerivedData/Lingua_Quest-gvpckrqxtbgyprbgppjfqmimmmfw/SourcePackages/checkouts/firebase-ios-sdk/FirebaseAI/Sources/Extensions/Public/SystemLanguageModel+LanguageModel.swift /Users/siam/Library/Developer/Xcode/DerivedData/Lingua_Quest-gvpckrqxtbgyprbgppjfqmimmmfw/SourcePackages/checkouts/firebase-ios-sdk/FirebaseAI/Sources/FirebaseAI.swift /Users/siam/Library/Developer/Xcode/DerivedData/Lingua_Quest-gvpckrqxtbgyprbgppjfqmimmmfw/SourcePackages/checkouts/firebase-ios-sdk/FirebaseAI/Sources/FirebaseInfo.swift /Users/siam/Library/Developer/Xcode/DerivedData/Lingua_Quest-gvpckrqxtbgyprbgppjfqmimmmfw/SourcePackages/checkouts/firebase-ios-sdk/FirebaseAI/Sources/GenAIURLSession.swift (in target 'FirebaseAILogic' from project 'Firebase')

SwiftCompile normal x86_64 /Users/siam/Library/Developer/Xcode/DerivedData/Lingua_Quest-gvpckrqxtbgyprbgppjfqmimmmfw/SourcePackages/checkouts/firebase-ios-sdk/FirebaseAI/Sources/AILog.swift (in target 'FirebaseAILogic' from project 'Firebase')
    cd /Users/siam/Desktop/Lingua\ Quest/Lingua\ Quest.xcodeproj
    

SwiftCompile normal x86_64 /Users/siam/Library/Developer/Xcode/DerivedData/Lingua_Quest-gvpckrqxtbgyprbgppjfqmimmmfw/SourcePackages/checkouts/firebase-ios-sdk/FirebaseAI/Sources/Chat.swift (in target 'FirebaseAILogic' from project 'Firebase')
    cd /Users/siam/Desktop/Lingua\ Quest/Lingua\ Quest.xcodeproj
    

SwiftCompile normal x86_64 /Users/siam/Library/Developer/Xcode/DerivedData/Lingua_Quest-gvpckrqxtbgyprbgppjfqmimmmfw/SourcePackages/checkouts/firebase-ios-sdk/FirebaseAI/Sources/Constants.swift (in target 'FirebaseAILogic' from project 'Firebase')
    cd /Users/siam/Desktop/Lingua\ Quest/Lingua\ Quest.xcodeproj
    

SwiftCompile normal x86_64 /Users/siam/Library/Developer/Xcode/DerivedData/Lingua_Quest-gvpckrqxtbgyprbgppjfqmimmmfw/SourcePackages/checkouts/firebase-ios-sdk/FirebaseAI/Sources/Errors.swift (in target 'FirebaseAILogic' from project 'Firebase')
    cd /Users/siam/Desktop/Lingua\ Quest/Lingua\ Quest.xcodeproj
    

SwiftCompile normal x86_64 /Users/siam/Library/Developer/Xcode/DerivedData/Lingua_Quest-gvpckrqxtbgyprbgppjfqmimmmfw/SourcePackages/checkouts/firebase-ios-sdk/FirebaseAI/Sources/Extensions/Internal/ConvertibleFromGeneratedContent+Firebase.swift (in target 'FirebaseAILogic' from project 'Firebase')
    cd /Users/siam/Desktop/Lingua\ Quest/Lingua\ Quest.xcodeproj
    

SwiftCompile normal x86_64 /Users/siam/Library/Developer/Xcode/DerivedData/Lingua_Quest-gvpckrqxtbgyprbgppjfqmimmmfw/SourcePackages/checkouts/firebase-ios-sdk/FirebaseAI/Sources/Extensions/Internal/GenerationSchema+Gemini.swift (in target 'FirebaseAILogic' from project 'Firebase')
    cd /Users/siam/Desktop/Lingua\ Quest/Lingua\ Quest.xcodeproj
    

SwiftCompile normal x86_64 /Users/siam/Library/Developer/Xcode/DerivedData/Lingua_Quest-gvpckrqxtbgyprbgppjfqmimmmfw/SourcePackages/checkouts/firebase-ios-sdk/FirebaseAI/Sources/Extensions/Internal/JSONSerialization+prettyString.swift (in target 'FirebaseAILogic' from project 'Firebase')
    cd /Users/siam/Desktop/Lingua\ Quest/Lingua\ Quest.xcodeproj
    

SwiftCompile normal x86_64 /Users/siam/Library/Developer/Xcode/DerivedData/Lingua_Quest-gvpckrqxtbgyprbgppjfqmimmmfw/SourcePackages/checkouts/firebase-ios-sdk/FirebaseAI/Sources/Extensions/Internal/LanguageModelSession+ModelSession.swift (in target 'FirebaseAILogic' from project 'Firebase')
    cd /Users/siam/Desktop/Lingua\ Quest/Lingua\ Quest.xcodeproj
    

SwiftCompile normal x86_64 /Users/siam/Library/Developer/Xcode/DerivedData/Lingua_Quest-gvpckrqxtbgyprbgppjfqmimmmfw/SourcePackages/checkouts/firebase-ios-sdk/FirebaseAI/Sources/Extensions/Public/SystemLanguageModel+LanguageModel.swift (in target 'FirebaseAILogic' from project 'Firebase')
    cd /Users/siam/Desktop/Lingua\ Quest/Lingua\ Quest.xcodeproj
    

SwiftCompile normal x86_64 /Users/siam/Library/Developer/Xcode/DerivedData/Lingua_Quest-gvpckrqxtbgyprbgppjfqmimmmfw/SourcePackages/checkouts/firebase-ios-sdk/FirebaseAI/Sources/FirebaseAI.swift (in target 'FirebaseAILogic' from project 'Firebase')
    cd /Users/siam/Desktop/Lingua\ Quest/Lingua\ Quest.xcodeproj
    

SwiftCompile normal x86_64 /Users/siam/Library/Developer/Xcode/DerivedData/Lingua_Quest-gvpckrqxtbgyprbgppjfqmimmmfw/SourcePackages/checkouts/firebase-ios-sdk/FirebaseAI/Sources/FirebaseInfo.swift (in target 'FirebaseAILogic' from project 'Firebase')
    cd /Users/siam/Desktop/Lingua\ Quest/Lingua\ Quest.xcodeproj
    

SwiftCompile normal x86_64 /Users/siam/Library/Developer/Xcode/DerivedData/Lingua_Quest-gvpckrqxtbgyprbgppjfqmimmmfw/SourcePackages/checkouts/firebase-ios-sdk/FirebaseAI/Sources/GenAIURLSession.swift (in target 'FirebaseAILogic' from project 'Firebase')
    cd /Users/siam/Desktop/Lingua\ Quest/Lingua\ Quest.xcodeproj
    

SwiftCompile normal x86_64 Compiling\ InternalImagenImage.swift,\ RAIFilteredReason.swift,\ InternalPart.swift,\ AsyncWebSocket.swift,\ BidiContextWindowCompressionConfig.swift,\ BidiGenerateContentClientContent.swift,\ BidiGenerateContentClientMessage.swift,\ BidiGenerateContentRealtimeInput.swift,\ BidiGenerateContentServerContent.swift,\ BidiGenerateContentServerMessage.swift,\ BidiGenerateContentSetup.swift /Users/siam/Library/Developer/Xcode/DerivedData/Lingua_Quest-gvpckrqxtbgyprbgppjfqmimmmfw/SourcePackages/checkouts/firebase-ios-sdk/FirebaseAI/Sources/Types/Internal/Imagen/InternalImagenImage.swift /Users/siam/Library/Developer/Xcode/DerivedData/Lingua_Quest-gvpckrqxtbgyprbgppjfqmimmmfw/SourcePackages/checkouts/firebase-ios-sdk/FirebaseAI/Sources/Types/Internal/Imagen/RAIFilteredReason.swift /Users/siam/Library/Developer/Xcode/DerivedData/Lingua_Quest-gvpckrqxtbgyprbgppjfqmimmmfw/SourcePackages/checkouts/firebase-ios-sdk/FirebaseAI/Sources/Types/Internal/InternalPart.swift /Users/siam/Library/Developer/Xcode/DerivedData/Lingua_Quest-gvpckrqxtbgyprbgppjfqmimmmfw/SourcePackages/checkouts/firebase-ios-sdk/FirebaseAI/Sources/Types/Internal/Live/AsyncWebSocket.swift /Users/siam/Library/Developer/Xcode/DerivedData/Lingua_Quest-gvpckrqxtbgyprbgppjfqmimmmfw/SourcePackages/checkouts/firebase-ios-sdk/FirebaseAI/Sources/Types/Internal/Live/BidiContextWindowCompressionConfig.swift /Users/siam/Library/Developer/Xcode/DerivedData/Lingua_Quest-gvpckrqxtbgyprbgppjfqmimmmfw/SourcePackages/checkouts/firebase-ios-sdk/FirebaseAI/Sources/Types/Internal/Live/BidiGenerateContentClientContent.swift /Users/siam/Library/Developer/Xcode/DerivedData/Lingua_Quest-gvpckrqxtbgyprbgppjfqmimmmfw/SourcePackages/checkouts/firebase-ios-sdk/FirebaseAI/Sources/Types/Internal/Live/BidiGenerateContentClientMessage.swift /Users/siam/Library/Developer/Xcode/DerivedData/Lingua_Quest-gvpckrqxtbgyprbgppjfqmimmmfw/SourcePackages/checkouts/firebase-ios-sdk/FirebaseAI/Sources/Types/Internal/Live/BidiGenerateContentRealtimeInput.swift /Users/siam/Library/Developer/Xcode/DerivedData/Lingua_Quest-gvpckrqxtbgyprbgppjfqmimmmfw/SourcePackages/checkouts/firebase-ios-sdk/FirebaseAI/Sources/Types/Internal/Live/BidiGenerateContentServerContent.swift /Users/siam/Library/Developer/Xcode/DerivedData/Lingua_Quest-gvpckrqxtbgyprbgppjfqmimmmfw/SourcePackages/checkouts/firebase-ios-sdk/FirebaseAI/Sources/Types/Internal/Live/BidiGenerateContentServerMessage.swift /Users/siam/Library/Developer/Xcode/DerivedData/Lingua_Quest-gvpckrqxtbgyprbgppjfqmimmmfw/SourcePackages/checkouts/firebase-ios-sdk/FirebaseAI/Sources/Types/Internal/Live/BidiGenerateContentSetup.swift (in target 'FirebaseAILogic' from project 'Firebase')

SwiftCompile normal x86_64 /Users/siam/Library/Developer/Xcode/DerivedData/Lingua_Quest-gvpckrqxtbgyprbgppjfqmimmmfw/SourcePackages/checkouts/firebase-ios-sdk/FirebaseAI/Sources/Types/Internal/Imagen/InternalImagenImage.swift (in target 'FirebaseAILogic' from project 'Firebase')
    cd /Users/siam/Desktop/Lingua\ Quest/Lingua\ Quest.xcodeproj
    

SwiftCompile normal x86_64 /Users/siam/Library/Developer/Xcode/DerivedData/Lingua_Quest-gvpckrqxtbgyprbgppjfqmimmmfw/SourcePackages/checkouts/firebase-ios-sdk/FirebaseAI/Sources/Types/Internal/Imagen/RAIFilteredReason.swift (in target 'FirebaseAILogic' from project 'Firebase')
    cd /Users/siam/Desktop/Lingua\ Quest/Lingua\ Quest.xcodeproj
    

SwiftCompile normal x86_64 /Users/siam/Library/Developer/Xcode/DerivedData/Lingua_Quest-gvpckrqxtbgyprbgppjfqmimmmfw/SourcePackages/checkouts/firebase-ios-sdk/FirebaseAI/Sources/Types/Internal/InternalPart.swift (in target 'FirebaseAILogic' from project 'Firebase')
    cd /Users/siam/Desktop/Lingua\ Quest/Lingua\ Quest.xcodeproj
    

SwiftCompile normal x86_64 /Users/siam/Library/Developer/Xcode/DerivedData/Lingua_Quest-gvpckrqxtbgyprbgppjfqmimmmfw/SourcePackages/checkouts/firebase-ios-sdk/FirebaseAI/Sources/Types/Internal/Live/AsyncWebSocket.swift (in target 'FirebaseAILogic' from project 'Firebase')
    cd /Users/siam/Desktop/Lingua\ Quest/Lingua\ Quest.xcodeproj
    

SwiftCompile normal x86_64 /Users/siam/Library/Developer/Xcode/DerivedData/Lingua_Quest-gvpckrqxtbgyprbgppjfqmimmmfw/SourcePackages/checkouts/firebase-ios-sdk/FirebaseAI/Sources/Types/Internal/Live/BidiContextWindowCompressionConfig.swift (in target 'FirebaseAILogic' from project 'Firebase')
    cd /Users/siam/Desktop/Lingua\ Quest/Lingua\ Quest.xcodeproj
    

SwiftCompile normal x86_64 /Users/siam/Library/Developer/Xcode/DerivedData/Lingua_Quest-gvpckrqxtbgyprbgppjfqmimmmfw/SourcePackages/checkouts/firebase-ios-sdk/FirebaseAI/Sources/Types/Internal/Live/BidiGenerateContentClientContent.swift (in target 'FirebaseAILogic' from project 'Firebase')
    cd /Users/siam/Desktop/Lingua\ Quest/Lingua\ Quest.xcodeproj
    

SwiftCompile normal x86_64 /Users/siam/Library/Developer/Xcode/DerivedData/Lingua_Quest-gvpckrqxtbgyprbgppjfqmimmmfw/SourcePackages/checkouts/firebase-ios-sdk/FirebaseAI/Sources/Types/Internal/Live/BidiGenerateContentClientMessage.swift (in target 'FirebaseAILogic' from project 'Firebase')
    cd /Users/siam/Desktop/Lingua\ Quest/Lingua\ Quest.xcodeproj
    

SwiftCompile normal x86_64 /Users/siam/Library/Developer/Xcode/DerivedData/Lingua_Quest-gvpckrqxtbgyprbgppjfqmimmmfw/SourcePackages/checkouts/firebase-ios-sdk/FirebaseAI/Sources/Types/Internal/Live/BidiGenerateContentRealtimeInput.swift (in target 'FirebaseAILogic' from project 'Firebase')
    cd /Users/siam/Desktop/Lingua\ Quest/Lingua\ Quest.xcodeproj
    

SwiftCompile normal x86_64 /Users/siam/Library/Developer/Xcode/DerivedData/Lingua_Quest-gvpckrqxtbgyprbgppjfqmimmmfw/SourcePackages/checkouts/firebase-ios-sdk/FirebaseAI/Sources/Types/Internal/Live/BidiGenerateContentServerContent.swift (in target 'FirebaseAILogic' from project 'Firebase')
    cd /Users/siam/Desktop/Lingua\ Quest/Lingua\ Quest.xcodeproj
    

SwiftCompile normal x86_64 /Users/siam/Library/Developer/Xcode/DerivedData/Lingua_Quest-gvpckrqxtbgyprbgppjfqmimmmfw/SourcePackages/checkouts/firebase-ios-sdk/FirebaseAI/Sources/Types/Internal/Live/BidiGenerateContentServerMessage.swift (in target 'FirebaseAILogic' from project 'Firebase')
    cd /Users/siam/Desktop/Lingua\ Quest/Lingua\ Quest.xcodeproj
    

SwiftCompile normal x86_64 /Users/siam/Library/Developer/Xcode/DerivedData/Lingua_Quest-gvpckrqxtbgyprbgppjfqmimmmfw/SourcePackages/checkouts/firebase-ios-sdk/FirebaseAI/Sources/Types/Internal/Live/BidiGenerateContentSetup.swift (in target 'FirebaseAILogic' from project 'Firebase')
    cd /Users/siam/Desktop/Lingua\ Quest/Lingua\ Quest.xcodeproj
    

SwiftDriverJobDiscovery normal arm64 Compiling CountTokensRequest.swift, ProtoMultiSpeakerVoiceConfig.swift, ProtoSpeakerVoiceConfig.swift, ProtoSpeechConfig.swift, ProtoVoiceConfig.swift, URLContext.swift, Backend.swift, GeminiModel.swift, GeminiModelProvider.swift, GenerationOptions.swift, HybridModel.swift (in target 'FirebaseAILogic' from project 'Firebase')

SwiftCompile normal x86_64 Compiling\ HybridModelProvider.swift,\ ImageConfig.swift,\ ImagenAspectRatio.swift,\ ImagenGenerationConfig.swift,\ ImagenGenerationResponse.swift,\ ImagenImageFormat.swift,\ ImagenImagesBlockedError.swift,\ ImagenInlineImage.swift,\ ImagenModel.swift,\ ImagenPersonFilterLevel.swift,\ ImagenSafetyFilterLevel.swift /Users/siam/Library/Developer/Xcode/DerivedData/Lingua_Quest-gvpckrqxtbgyprbgppjfqmimmmfw/SourcePackages/checkouts/firebase-ios-sdk/FirebaseAI/Sources/Types/Public/HybridModelProvider.swift /Users/siam/Library/Developer/Xcode/DerivedData/Lingua_Quest-gvpckrqxtbgyprbgppjfqmimmmfw/SourcePackages/checkouts/firebase-ios-sdk/FirebaseAI/Sources/Types/Public/ImageConfig.swift /Users/siam/Library/Developer/Xcode/DerivedData/Lingua_Quest-gvpckrqxtbgyprbgppjfqmimmmfw/SourcePackages/checkouts/firebase-ios-sdk/FirebaseAI/Sources/Types/Public/Imagen/ImagenAspectRatio.swift /Users/siam/Library/Developer/Xcode/DerivedData/Lingua_Quest-gvpckrqxtbgyprbgppjfqmimmmfw/SourcePackages/checkouts/firebase-ios-sdk/FirebaseAI/Sources/Types/Public/Imagen/ImagenGenerationConfig.swift /Users/siam/Library/Developer/Xcode/DerivedData/Lingua_Quest-gvpckrqxtbgyprbgppjfqmimmmfw/SourcePackages/checkouts/firebase-ios-sdk/FirebaseAI/Sources/Types/Public/Imagen/ImagenGenerationResponse.swift /Users/siam/Library/Developer/Xcode/DerivedData/Lingua_Quest-gvpckrqxtbgyprbgppjfqmimmmfw/SourcePackages/checkouts/firebase-ios-sdk/FirebaseAI/Sources/Types/Public/Imagen/ImagenImageFormat.swift /Users/siam/Library/Developer/Xcode/DerivedData/Lingua_Quest-gvpckrqxtbgyprbgppjfqmimmmfw/SourcePackages/checkouts/firebase-ios-sdk/FirebaseAI/Sources/Types/Public/Imagen/ImagenImagesBlockedError.swift /Users/siam/Library/Developer/Xcode/DerivedData/Lingua_Quest-gvpckrqxtbgyprbgppjfqmimmmfw/SourcePackages/checkouts/firebase-ios-sdk/FirebaseAI/Sources/Types/Public/Imagen/ImagenInlineImage.swift /Users/siam/Library/Developer/Xcode/DerivedData/Lingua_Quest-gvpckrqxtbgyprbgppjfqmimmmfw/SourcePackages/checkouts/firebase-ios-sdk/FirebaseAI/Sources/Types/Public/Imagen/ImagenModel.swift /Users/siam/Library/Developer/Xcode/DerivedData/Lingua_Quest-gvpckrqxtbgyprbgppjfqmimmmfw/SourcePackages/checkouts/firebase-ios-sdk/FirebaseAI/Sources/Types/Public/Imagen/ImagenPersonFilterLevel.swift /Users/siam/Library/Developer/Xcode/DerivedData/Lingua_Quest-gvpckrqxtbgyprbgppjfqmimmmfw/SourcePackages/checkouts/firebase-ios-sdk/FirebaseAI/Sources/Types/Public/Imagen/ImagenSafetyFilterLevel.swift (in target 'FirebaseAILogic' from project 'Firebase')

SwiftCompile normal x86_64 /Users/siam/Library/Developer/Xcode/DerivedData/Lingua_Quest-gvpckrqxtbgyprbgppjfqmimmmfw/SourcePackages/checkouts/firebase-ios-sdk/FirebaseAI/Sources/Types/Public/HybridModelProvider.swift (in target 'FirebaseAILogic' from project 'Firebase')
    cd /Users/siam/Desktop/Lingua\ Quest/Lingua\ Quest.xcodeproj
    

SwiftCompile normal x86_64 /Users/siam/Library/Developer/Xcode/DerivedData/Lingua_Quest-gvpckrqxtbgyprbgppjfqmimmmfw/SourcePackages/checkouts/firebase-ios-sdk/FirebaseAI/Sources/Types/Public/ImageConfig.swift (in target 'FirebaseAILogic' from project 'Firebase')
    cd /Users/siam/Desktop/Lingua\ Quest/Lingua\ Quest.xcodeproj
    

SwiftCompile normal x86_64 /Users/siam/Library/Developer/Xcode/DerivedData/Lingua_Quest-gvpckrqxtbgyprbgppjfqmimmmfw/SourcePackages/checkouts/firebase-ios-sdk/FirebaseAI/Sources/Types/Public/Imagen/ImagenAspectRatio.swift (in target 'FirebaseAILogic' from project 'Firebase')
    cd /Users/siam/Desktop/Lingua\ Quest/Lingua\ Quest.xcodeproj
    

SwiftCompile normal x86_64 /Users/siam/Library/Developer/Xcode/DerivedData/Lingua_Quest-gvpckrqxtbgyprbgppjfqmimmmfw/SourcePackages/checkouts/firebase-ios-sdk/FirebaseAI/Sources/Types/Public/Imagen/ImagenGenerationConfig.swift (in target 'FirebaseAILogic' from project 'Firebase')
    cd /Users/siam/Desktop/Lingua\ Quest/Lingua\ Quest.xcodeproj
    

SwiftCompile normal x86_64 /Users/siam/Library/Developer/Xcode/DerivedData/Lingua_Quest-gvpckrqxtbgyprbgppjfqmimmmfw/SourcePackages/checkouts/firebase-ios-sdk/FirebaseAI/Sources/Types/Public/Imagen/ImagenGenerationResponse.swift (in target 'FirebaseAILogic' from project 'Firebase')
    cd /Users/siam/Desktop/Lingua\ Quest/Lingua\ Quest.xcodeproj
    

SwiftCompile normal x86_64 /Users/siam/Library/Developer/Xcode/DerivedData/Lingua_Quest-gvpckrqxtbgyprbgppjfqmimmmfw/SourcePackages/checkouts/firebase-ios-sdk/FirebaseAI/Sources/Types/Public/Imagen/ImagenImageFormat.swift (in target 'FirebaseAILogic' from project 'Firebase')
    cd /Users/siam/Desktop/Lingua\ Quest/Lingua\ Quest.xcodeproj
    

SwiftCompile normal x86_64 /Users/siam/Library/Developer/Xcode/DerivedData/Lingua_Quest-gvpckrqxtbgyprbgppjfqmimmmfw/SourcePackages/checkouts/firebase-ios-sdk/FirebaseAI/Sources/Types/Public/Imagen/ImagenImagesBlockedError.swift (in target 'FirebaseAILogic' from project 'Firebase')
    cd /Users/siam/Desktop/Lingua\ Quest/Lingua\ Quest.xcodeproj
    

SwiftCompile normal x86_64 /Users/siam/Library/Developer/Xcode/DerivedData/Lingua_Quest-gvpckrqxtbgyprbgppjfqmimmmfw/SourcePackages/checkouts/firebase-ios-sdk/FirebaseAI/Sources/Types/Public/Imagen/ImagenInlineImage.swift (in target 'FirebaseAILogic' from project 'Firebase')
    cd /Users/siam/Desktop/Lingua\ Quest/Lingua\ Quest.xcodeproj
    

SwiftCompile normal x86_64 /Users/siam/Library/Developer/Xcode/DerivedData/Lingua_Quest-gvpckrqxtbgyprbgppjfqmimmmfw/SourcePackages/checkouts/firebase-ios-sdk/FirebaseAI/Sources/Types/Public/Imagen/ImagenModel.swift (in target 'FirebaseAILogic' from project 'Firebase')
    cd /Users/siam/Desktop/Lingua\ Quest/Lingua\ Quest.xcodeproj
    

SwiftCompile normal x86_64 /Users/siam/Library/Developer/Xcode/DerivedData/Lingua_Quest-gvpckrqxtbgyprbgppjfqmimmmfw/SourcePackages/checkouts/firebase-ios-sdk/FirebaseAI/Sources/Types/Public/Imagen/ImagenPersonFilterLevel.swift (in target 'FirebaseAILogic' from project 'Firebase')
    cd /Users/siam/Desktop/Lingua\ Quest/Lingua\ Quest.xcodeproj
    

SwiftCompile normal x86_64 /Users/siam/Library/Developer/Xcode/DerivedData/Lingua_Quest-gvpckrqxtbgyprbgppjfqmimmmfw/SourcePackages/checkouts/firebase-ios-sdk/FirebaseAI/Sources/Types/Public/Imagen/ImagenSafetyFilterLevel.swift (in target 'FirebaseAILogic' from project 'Firebase')
    cd /Users/siam/Desktop/Lingua\ Quest/Lingua\ Quest.xcodeproj
    

SwiftDriverJobDiscovery normal arm64 Compiling HybridModelProvider.swift, ImageConfig.swift, ImagenAspectRatio.swift, ImagenGenerationConfig.swift, ImagenGenerationResponse.swift, ImagenImageFormat.swift, ImagenImagesBlockedError.swift, ImagenInlineImage.swift, ImagenModel.swift, ImagenPersonFilterLevel.swift, ImagenSafetyFilterLevel.swift (in target 'FirebaseAILogic' from project 'Firebase')

SwiftCompile normal x86_64 Compiling\ SpeechConfig.swift,\ GeneratedContent.swift,\ GenerationID.swift,\ GenerationSchema.swift,\ SystemLanguageModel.swift,\ TemplateToolConfig.swift,\ ThinkingConfig.swift,\ CodeExecution.swift,\ GoogleMaps.swift,\ URLContextMetadata.swift,\ URLMetadata.swift /Users/siam/Library/Developer/Xcode/DerivedData/Lingua_Quest-gvpckrqxtbgyprbgppjfqmimmmfw/SourcePackages/checkouts/firebase-ios-sdk/FirebaseAI/Sources/Types/Public/SpeechConfig.swift /Users/siam/Library/Developer/Xcode/DerivedData/Lingua_Quest-gvpckrqxtbgyprbgppjfqmimmmfw/SourcePackages/checkouts/firebase-ios-sdk/FirebaseAI/Sources/Types/Public/StructuredOutput/GeneratedContent.swift /Users/siam/Library/Developer/Xcode/DerivedData/Lingua_Quest-gvpckrqxtbgyprbgppjfqmimmmfw/SourcePackages/checkouts/firebase-ios-sdk/FirebaseAI/Sources/Types/Public/StructuredOutput/GenerationID.swift /Users/siam/Library/Developer/Xcode/DerivedData/Lingua_Quest-gvpckrqxtbgyprbgppjfqmimmmfw/SourcePackages/checkouts/firebase-ios-sdk/FirebaseAI/Sources/Types/Public/StructuredOutput/GenerationSchema.swift /Users/siam/Library/Developer/Xcode/DerivedData/Lingua_Quest-gvpckrqxtbgyprbgppjfqmimmmfw/SourcePackages/checkouts/firebase-ios-sdk/FirebaseAI/Sources/Types/Public/SystemLanguageModel.swift /Users/siam/Library/Developer/Xcode/DerivedData/Lingua_Quest-gvpckrqxtbgyprbgppjfqmimmmfw/SourcePackages/checkouts/firebase-ios-sdk/FirebaseAI/Sources/Types/Public/TemplateToolConfig.swift /Users/siam/Library/Developer/Xcode/DerivedData/Lingua_Quest-gvpckrqxtbgyprbgppjfqmimmmfw/SourcePackages/checkouts/firebase-ios-sdk/FirebaseAI/Sources/Types/Public/ThinkingConfig.swift /Users/siam/Library/Developer/Xcode/DerivedData/Lingua_Quest-gvpckrqxtbgyprbgppjfqmimmmfw/SourcePackages/checkouts/firebase-ios-sdk/FirebaseAI/Sources/Types/Public/Tools/CodeExecution.swift /Users/siam/Library/Developer/Xcode/DerivedData/Lingua_Quest-gvpckrqxtbgyprbgppjfqmimmmfw/SourcePackages/checkouts/firebase-ios-sdk/FirebaseAI/Sources/Types/Public/Tools/GoogleMaps.swift /Users/siam/Library/Developer/Xcode/DerivedData/Lingua_Quest-gvpckrqxtbgyprbgppjfqmimmmfw/SourcePackages/checkouts/firebase-ios-sdk/FirebaseAI/Sources/Types/Public/URLContextMetadata.swift /Users/siam/Library/Developer/Xcode/DerivedData/Lingua_Quest-gvpckrqxtbgyprbgppjfqmimmmfw/SourcePackages/checkouts/firebase-ios-sdk/FirebaseAI/Sources/Types/Public/URLMetadata.swift (in target 'FirebaseAILogic' from project 'Firebase')

SwiftCompile normal x86_64 /Users/siam/Library/Developer/Xcode/DerivedData/Lingua_Quest-gvpckrqxtbgyprbgppjfqmimmmfw/SourcePackages/checkouts/firebase-ios-sdk/FirebaseAI/Sources/Types/Public/SpeechConfig.swift (in target 'FirebaseAILogic' from project 'Firebase')
    cd /Users/siam/Desktop/Lingua\ Quest/Lingua\ Quest.xcodeproj
    

SwiftCompile normal x86_64 /Users/siam/Library/Developer/Xcode/DerivedData/Lingua_Quest-gvpckrqxtbgyprbgppjfqmimmmfw/SourcePackages/checkouts/firebase-ios-sdk/FirebaseAI/Sources/Types/Public/StructuredOutput/GeneratedContent.swift (in target 'FirebaseAILogic' from project 'Firebase')
    cd /Users/siam/Desktop/Lingua\ Quest/Lingua\ Quest.xcodeproj
    

SwiftCompile normal x86_64 /Users/siam/Library/Developer/Xcode/DerivedData/Lingua_Quest-gvpckrqxtbgyprbgppjfqmimmmfw/SourcePackages/checkouts/firebase-ios-sdk/FirebaseAI/Sources/Types/Public/StructuredOutput/GenerationID.swift (in target 'FirebaseAILogic' from project 'Firebase')
    cd /Users/siam/Desktop/Lingua\ Quest/Lingua\ Quest.xcodeproj
    

SwiftCompile normal x86_64 /Users/siam/Library/Developer/Xcode/DerivedData/Lingua_Quest-gvpckrqxtbgyprbgppjfqmimmmfw/SourcePackages/checkouts/firebase-ios-sdk/FirebaseAI/Sources/Types/Public/StructuredOutput/GenerationSchema.swift (in target 'FirebaseAILogic' from project 'Firebase')
    cd /Users/siam/Desktop/Lingua\ Quest/Lingua\ Quest.xcodeproj
    

SwiftCompile normal x86_64 /Users/siam/Library/Developer/Xcode/DerivedData/Lingua_Quest-gvpckrqxtbgyprbgppjfqmimmmfw/SourcePackages/checkouts/firebase-ios-sdk/FirebaseAI/Sources/Types/Public/SystemLanguageModel.swift (in target 'FirebaseAILogic' from project 'Firebase')
    cd /Users/siam/Desktop/Lingua\ Quest/Lingua\ Quest.xcodeproj
    

SwiftCompile normal x86_64 /Users/siam/Library/Developer/Xcode/DerivedData/Lingua_Quest-gvpckrqxtbgyprbgppjfqmimmmfw/SourcePackages/checkouts/firebase-ios-sdk/FirebaseAI/Sources/Types/Public/TemplateToolConfig.swift (in target 'FirebaseAILogic' from project 'Firebase')
    cd /Users/siam/Desktop/Lingua\ Quest/Lingua\ Quest.xcodeproj
    

SwiftCompile normal x86_64 /Users/siam/Library/Developer/Xcode/DerivedData/Lingua_Quest-gvpckrqxtbgyprbgppjfqmimmmfw/SourcePackages/checkouts/firebase-ios-sdk/FirebaseAI/Sources/Types/Public/ThinkingConfig.swift (in target 'FirebaseAILogic' from project 'Firebase')
    cd /Users/siam/Desktop/Lingua\ Quest/Lingua\ Quest.xcodeproj
    

SwiftCompile normal x86_64 /Users/siam/Library/Developer/Xcode/DerivedData/Lingua_Quest-gvpckrqxtbgyprbgppjfqmimmmfw/SourcePackages/checkouts/firebase-ios-sdk/FirebaseAI/Sources/Types/Public/Tools/CodeExecution.swift (in target 'FirebaseAILogic' from project 'Firebase')
    cd /Users/siam/Desktop/Lingua\ Quest/Lingua\ Quest.xcodeproj
    

SwiftCompile normal x86_64 /Users/siam/Library/Developer/Xcode/DerivedData/Lingua_Quest-gvpckrqxtbgyprbgppjfqmimmmfw/SourcePackages/checkouts/firebase-ios-sdk/FirebaseAI/Sources/Types/Public/Tools/GoogleMaps.swift (in target 'FirebaseAILogic' from project 'Firebase')
    cd /Users/siam/Desktop/Lingua\ Quest/Lingua\ Quest.xcodeproj
    

SwiftCompile normal x86_64 /Users/siam/Library/Developer/Xcode/DerivedData/Lingua_Quest-gvpckrqxtbgyprbgppjfqmimmmfw/SourcePackages/checkouts/firebase-ios-sdk/FirebaseAI/Sources/Types/Public/URLContextMetadata.swift (in target 'FirebaseAILogic' from project 'Firebase')
    cd /Users/siam/Desktop/Lingua\ Quest/Lingua\ Quest.xcodeproj
    

SwiftCompile normal x86_64 /Users/siam/Library/Developer/Xcode/DerivedData/Lingua_Quest-gvpckrqxtbgyprbgppjfqmimmmfw/SourcePackages/checkouts/firebase-ios-sdk/FirebaseAI/Sources/Types/Public/URLMetadata.swift (in target 'FirebaseAILogic' from project 'Firebase')
    cd /Users/siam/Desktop/Lingua\ Quest/Lingua\ Quest.xcodeproj
    

SwiftDriverJobDiscovery normal arm64 Compiling SpeechConfig.swift, GeneratedContent.swift, GenerationID.swift, GenerationSchema.swift, SystemLanguageModel.swift, TemplateToolConfig.swift, ThinkingConfig.swift, CodeExecution.swift, GoogleMaps.swift, URLContextMetadata.swift, URLMetadata.swift (in target 'FirebaseAILogic' from project 'Firebase')

SwiftCompile normal x86_64 Compiling\ ImagenSafetySettings.swift,\ AudioTranscriptionConfig.swift,\ ContextWindowCompressionConfig.swift,\ LiveAudioTranscription.swift,\ LiveGenerationConfig.swift,\ LiveGenerativeModel.swift,\ LiveServerContent.swift,\ LiveServerGoingAwayNotice.swift,\ LiveServerMessage.swift,\ LiveServerToolCall.swift,\ LiveServerToolCallCancellation.swift /Users/siam/Library/Developer/Xcode/DerivedData/Lingua_Quest-gvpckrqxtbgyprbgppjfqmimmmfw/SourcePackages/checkouts/firebase-ios-sdk/FirebaseAI/Sources/Types/Public/Imagen/ImagenSafetySettings.swift /Users/siam/Library/Developer/Xcode/DerivedData/Lingua_Quest-gvpckrqxtbgyprbgppjfqmimmmfw/SourcePackages/checkouts/firebase-ios-sdk/FirebaseAI/Sources/Types/Public/Live/AudioTranscriptionConfig.swift /Users/siam/Library/Developer/Xcode/DerivedData/Lingua_Quest-gvpckrqxtbgyprbgppjfqmimmmfw/SourcePackages/checkouts/firebase-ios-sdk/FirebaseAI/Sources/Types/Public/Live/ContextWindowCompressionConfig.swift /Users/siam/Library/Developer/Xcode/DerivedData/Lingua_Quest-gvpckrqxtbgyprbgppjfqmimmmfw/SourcePackages/checkouts/firebase-ios-sdk/FirebaseAI/Sources/Types/Public/Live/LiveAudioTranscription.swift /Users/siam/Library/Developer/Xcode/DerivedData/Lingua_Quest-gvpckrqxtbgyprbgppjfqmimmmfw/SourcePackages/checkouts/firebase-ios-sdk/FirebaseAI/Sources/Types/Public/Live/LiveGenerationConfig.swift /Users/siam/Library/Developer/Xcode/DerivedData/Lingua_Quest-gvpckrqxtbgyprbgppjfqmimmmfw/SourcePackages/checkouts/firebase-ios-sdk/FirebaseAI/Sources/Types/Public/Live/LiveGenerativeModel.swift /Users/siam/Library/Developer/Xcode/DerivedData/Lingua_Quest-gvpckrqxtbgyprbgppjfqmimmmfw/SourcePackages/checkouts/firebase-ios-sdk/FirebaseAI/Sources/Types/Public/Live/LiveServerContent.swift /Users/siam/Library/Developer/Xcode/DerivedData/Lingua_Quest-gvpckrqxtbgyprbgppjfqmimmmfw/SourcePackages/checkouts/firebase-ios-sdk/FirebaseAI/Sources/Types/Public/Live/LiveServerGoingAwayNotice.swift /Users/siam/Library/Developer/Xcode/DerivedData/Lingua_Quest-gvpckrqxtbgyprbgppjfqmimmmfw/SourcePackages/checkouts/firebase-ios-sdk/FirebaseAI/Sources/Types/Public/Live/LiveServerMessage.swift /Users/siam/Library/Developer/Xcode/DerivedData/Lingua_Quest-gvpckrqxtbgyprbgppjfqmimmmfw/SourcePackages/checkouts/firebase-ios-sdk/FirebaseAI/Sources/Types/Public/Live/LiveServerToolCall.swift /Users/siam/Library/Developer/Xcode/DerivedData/Lingua_Quest-gvpckrqxtbgyprbgppjfqmimmmfw/SourcePackages/checkouts/firebase-ios-sdk/FirebaseAI/Sources/Types/Public/Live/LiveServerToolCallCancellation.swift (in target 'FirebaseAILogic' from project 'Firebase')

SwiftCompile normal x86_64 /Users/siam/Library/Developer/Xcode/DerivedData/Lingua_Quest-gvpckrqxtbgyprbgppjfqmimmmfw/SourcePackages/checkouts/firebase-ios-sdk/FirebaseAI/Sources/Types/Public/Imagen/ImagenSafetySettings.swift (in target 'FirebaseAILogic' from project 'Firebase')
    cd /Users/siam/Desktop/Lingua\ Quest/Lingua\ Quest.xcodeproj
    

SwiftCompile normal x86_64 /Users/siam/Library/Developer/Xcode/DerivedData/Lingua_Quest-gvpckrqxtbgyprbgppjfqmimmmfw/SourcePackages/checkouts/firebase-ios-sdk/FirebaseAI/Sources/Types/Public/Live/AudioTranscriptionConfig.swift (in target 'FirebaseAILogic' from project 'Firebase')
    cd /Users/siam/Desktop/Lingua\ Quest/Lingua\ Quest.xcodeproj
    

SwiftCompile normal x86_64 /Users/siam/Library/Developer/Xcode/DerivedData/Lingua_Quest-gvpckrqxtbgyprbgppjfqmimmmfw/SourcePackages/checkouts/firebase-ios-sdk/FirebaseAI/Sources/Types/Public/Live/ContextWindowCompressionConfig.swift (in target 'FirebaseAILogic' from project 'Firebase')
    cd /Users/siam/Desktop/Lingua\ Quest/Lingua\ Quest.xcodeproj
    

SwiftCompile normal x86_64 /Users/siam/Library/Developer/Xcode/DerivedData/Lingua_Quest-gvpckrqxtbgyprbgppjfqmimmmfw/SourcePackages/checkouts/firebase-ios-sdk/FirebaseAI/Sources/Types/Public/Live/LiveAudioTranscription.swift (in target 'FirebaseAILogic' from project 'Firebase')
    cd /Users/siam/Desktop/Lingua\ Quest/Lingua\ Quest.xcodeproj
    

SwiftCompile normal x86_64 /Users/siam/Library/Developer/Xcode/DerivedData/Lingua_Quest-gvpckrqxtbgyprbgppjfqmimmmfw/SourcePackages/checkouts/firebase-ios-sdk/FirebaseAI/Sources/Types/Public/Live/LiveGenerationConfig.swift (in target 'FirebaseAILogic' from project 'Firebase')
    cd /Users/siam/Desktop/Lingua\ Quest/Lingua\ Quest.xcodeproj
    

SwiftCompile normal x86_64 /Users/siam/Library/Developer/Xcode/DerivedData/Lingua_Quest-gvpckrqxtbgyprbgppjfqmimmmfw/SourcePackages/checkouts/firebase-ios-sdk/FirebaseAI/Sources/Types/Public/Live/LiveGenerativeModel.swift (in target 'FirebaseAILogic' from project 'Firebase')
    cd /Users/siam/Desktop/Lingua\ Quest/Lingua\ Quest.xcodeproj
    

SwiftCompile normal x86_64 /Users/siam/Library/Developer/Xcode/DerivedData/Lingua_Quest-gvpckrqxtbgyprbgppjfqmimmmfw/SourcePackages/checkouts/firebase-ios-sdk/FirebaseAI/Sources/Types/Public/Live/LiveServerContent.swift (in target 'FirebaseAILogic' from project 'Firebase')
    cd /Users/siam/Desktop/Lingua\ Quest/Lingua\ Quest.xcodeproj
    

SwiftCompile normal x86_64 /Users/siam/Library/Developer/Xcode/DerivedData/Lingua_Quest-gvpckrqxtbgyprbgppjfqmimmmfw/SourcePackages/checkouts/firebase-ios-sdk/FirebaseAI/Sources/Types/Public/Live/LiveServerGoingAwayNotice.swift (in target 'FirebaseAILogic' from project 'Firebase')
    cd /Users/siam/Desktop/Lingua\ Quest/Lingua\ Quest.xcodeproj
    

SwiftCompile normal x86_64 /Users/siam/Library/Developer/Xcode/DerivedData/Lingua_Quest-gvpckrqxtbgyprbgppjfqmimmmfw/SourcePackages/checkouts/firebase-ios-sdk/FirebaseAI/Sources/Types/Public/Live/LiveServerMessage.swift (in target 'FirebaseAILogic' from project 'Firebase')
    cd /Users/siam/Desktop/Lingua\ Quest/Lingua\ Quest.xcodeproj
    

SwiftCompile normal x86_64 /Users/siam/Library/Developer/Xcode/DerivedData/Lingua_Quest-gvpckrqxtbgyprbgppjfqmimmmfw/SourcePackages/checkouts/firebase-ios-sdk/FirebaseAI/Sources/Types/Public/Live/LiveServerToolCall.swift (in target 'FirebaseAILogic' from project 'Firebase')
    cd /Users/siam/Desktop/Lingua\ Quest/Lingua\ Quest.xcodeproj
    

SwiftCompile normal x86_64 /Users/siam/Library/Developer/Xcode/DerivedData/Lingua_Quest-gvpckrqxtbgyprbgppjfqmimmmfw/SourcePackages/checkouts/firebase-ios-sdk/FirebaseAI/Sources/Types/Public/Live/LiveServerToolCallCancellation.swift (in target 'FirebaseAILogic' from project 'Firebase')
    cd /Users/siam/Desktop/Lingua\ Quest/Lingua\ Quest.xcodeproj
    

SwiftDriverJobDiscovery normal arm64 Emitting module for FirebaseAILogic (in target 'FirebaseAILogic' from project 'Firebase')

SwiftDriver\ Compilation\ Requirements FirebaseAILogic normal arm64 com.apple.xcode.tools.swift.compiler (in target 'FirebaseAILogic' from project 'Firebase')
    cd /Users/siam/Desktop/Lingua\ Quest/Lingua\ Quest.xcodeproj
    builtin-Swift-Compilation-Requirements -- /Applications/Xcode.app/Contents/Developer/Toolchains/XcodeDefault.xctoolchain/usr/bin/swiftc -module-name FirebaseAILogic -Onone -enforce-exclusivity\=checked @/Users/siam/Library/Developer/Xcode/DerivedData/Lingua_Quest-gvpckrqxtbgyprbgppjfqmimmmfw/Build/Intermediates.noindex/Firebase.build/Debug-iphonesimulator/FirebaseAILogic.build/Objects-normal/arm64/FirebaseAILogic.SwiftFileList -DSWIFT_PACKAGE -DDEBUG -DSWIFT_MODULE_RESOURCE_BUNDLE_UNAVAILABLE -DIS_FOUNDATION_MODELS_SUPPORTED_PLATFORM -Xcc -fmodule-map-file\=/Users/siam/Library/Developer/Xcode/DerivedData/Lingua_Quest-gvpckrqxtbgyprbgppjfqmimmmfw/Build/Intermediates.noindex/GeneratedModuleMaps-iphonesimulator/GoogleUtilities-NSData.modulemap -Xcc -fmodule-map-file\=/Users/siam/Library/Developer/Xcode/DerivedData/Lingua_Quest-gvpckrqxtbgyprbgppjfqmimmmfw/Build/Intermediates.noindex/GeneratedModuleMaps-iphonesimulator/RecaptchaInterop.modulemap -Xcc -fmodule-map-file\=/Users/siam/Library/Developer/Xcode/DerivedData/Lingua_Quest-gvpckrqxtbgyprbgppjfqmimmmfw/Build/Intermediates.noindex/GeneratedModuleMaps-iphonesimulator/AppCheckCore.modulemap -Xcc -fmodule-map-file\=/Users/siam/Library/Developer/Xcode/DerivedData/Lingua_Quest-gvpckrqxtbgyprbgppjfqmimmmfw/Build/Intermediates.noindex/GeneratedModuleMaps-iphonesimulator/GoogleUtilities-Logger.modulemap -Xcc -fmodule-map-file\=/Users/siam/Library/Developer/Xcode/DerivedData/Lingua_Quest-gvpckrqxtbgyprbgppjfqmimmmfw/Build/Intermediates.noindex/GeneratedModuleMaps-iphonesimulator/GoogleUtilities-Environment.modulemap -Xcc -fmodule-map-file\=/Users/siam/Library/Developer/Xcode/DerivedData/Lingua_Quest-gvpckrqxtbgyprbgppjfqmimmmfw/Build/Intermediates.noindex/GeneratedModuleMaps-iphonesimulator/third-party-IsAppEncrypted.modulemap -Xcc -fmodule-map-file\=/Users/siam/Library/Developer/Xcode/DerivedData/Lingua_Quest-gvpckrqxtbgyprbgppjfqmimmmfw/Build/Intermediates.noindex/GeneratedModuleMaps-iphonesimulator/GoogleUtilities-UserDefaults.modulemap -Xcc -fmodule-map-file\=/Users/siam/Library/Developer/Xcode/DerivedData/Lingua_Quest-gvpckrqxtbgyprbgppjfqmimmmfw/Build/Intermediates.noindex/GeneratedModuleMaps-iphonesimulator/FirebaseCoreExtension.modulemap -Xcc -fmodule-map-file\=/Users/siam/Library/Developer/Xcode/DerivedData/Lingua_Quest-gvpckrqxtbgyprbgppjfqmimmmfw/Build/Intermediates.noindex/GeneratedModuleMaps-iphonesimulator/FirebaseAuthInterop.modulemap -Xcc -fmodule-map-file\=/Users/siam/Library/Developer/Xcode/DerivedData/Lingua_Quest-gvpckrqxtbgyprbgppjfqmimmmfw/Build/Intermediates.noindex/GeneratedModuleMaps-iphonesimulator/FirebaseAppCheck.modulemap -Xcc -fmodule-map-file\=/Users/siam/Library/Developer/Xcode/DerivedData/Lingua_Quest-gvpckrqxtbgyprbgppjfqmimmmfw/Build/Intermediates.noindex/GeneratedModuleMaps-iphonesimulator/FirebaseCore.modulemap -Xcc -fmodule-map-file\=/Users/siam/Library/Developer/Xcode/DerivedData/Lingua_Quest-gvpckrqxtbgyprbgppjfqmimmmfw/Build/Intermediates.noindex/GeneratedModuleMaps-iphonesimulator/FirebaseAppCheckInterop.modulemap -DXcode -plugin-path /Applications/Xcode.app/Contents/Developer/Toolchains/XcodeDefault.xctoolchain/usr/lib/swift/host/plugins/testing -enable-experimental-feature DebugDescriptionMacro -sdk /Applications/Xcode.app/Contents/Developer/Platforms/iPhoneSimulator.platform/Developer/SDKs/iPhoneSimulator26.0.sdk -target arm64-apple-ios15.0-simulator -g -module-cache-path /Users/siam/Library/Developer/Xcode/DerivedData/ModuleCache.noindex -Xfrontend -serialize-debugging-options -profile-coverage-mapping -profile-generate -enable-testing -suppress-warnings -index-store-path /Users/siam/Library/Developer/Xcode/DerivedData/Lingua_Quest-gvpckrqxtbgyprbgppjfqmimmmfw/Index.noindex/DataStore -Xcc -D_LIBCPP_HARDENING_MODE\=_LIBCPP_HARDENING_MODE_DEBUG -swift-version 6 -I /Users/siam/Library/Developer/Xcode/DerivedData/Lingua_Quest-gvpckrqxtbgyprbgppjfqmimmmfw/Build/Products/Debug-iphonesimulator -Isystem /Applications/Xcode.app/Contents/Developer/Platforms/iPhoneSimulator.platform/Developer/usr/lib -F /Users/siam/Library/Developer/Xcode/DerivedData/Lingua_Quest-gvpckrqxtbgyprbgppjfqmimmmfw/Build/Products/Debug-iphonesimulator/PackageFrameworks -F /Users/siam/Library/Developer/Xcode/DerivedData/Lingua_Quest-gvpckrqxtbgyprbgppjfqmimmmfw/Build/Products/Debug-iphonesimulator/PackageFrameworks -F /Users/siam/Library/Developer/Xcode/DerivedData/Lingua_Quest-gvpckrqxtbgyprbgppjfqmimmmfw/Build/Products/Debug-iphonesimulator/PackageFrameworks -F /Users/siam/Library/Developer/Xcode/DerivedData/Lingua_Quest-gvpckrqxtbgyprbgppjfqmimmmfw/Build/Products/Debug-iphonesimulator/PackageFrameworks -F /Users/siam/Library/Developer/Xcode/DerivedData/Lingua_Quest-gvpckrqxtbgyprbgppjfqmimmmfw/Build/Products/Debug-iphonesimulator/PackageFrameworks -F /Users/siam/Library/Developer/Xcode/DerivedData/Lingua_Quest-gvpckrqxtbgyprbgppjfqmimmmfw/Build/Products/Debug-iphonesimulator/PackageFrameworks -F /Users/siam/Library/Developer/Xcode/DerivedData/Lingua_Quest-gvpckrqxtbgyprbgppjfqmimmmfw/Build/Products/Debug-iphonesimulator/PackageFrameworks -F /Users/siam/Library/Developer/Xcode/DerivedData/Lingua_Quest-gvpckrqxtbgyprbgppjfqmimmmfw/Build/Products/Debug-iphonesimulator/PackageFrameworks -F /Users/siam/Library/Developer/Xcode/DerivedData/Lingua_Quest-gvpckrqxtbgyprbgppjfqmimmmfw/Build/Products/Debug-iphonesimulator/PackageFrameworks -F /Users/siam/Library/Developer/Xcode/DerivedData/Lingua_Quest-gvpckrqxtbgyprbgppjfqmimmmfw/Build/Products/Debug-iphonesimulator/PackageFrameworks -F /Users/siam/Library/Developer/Xcode/DerivedData/Lingua_Quest-gvpckrqxtbgyprbgppjfqmimmmfw/Build/Products/Debug-iphonesimulator/PackageFrameworks -F /Users/siam/Library/Developer/Xcode/DerivedData/Lingua_Quest-gvpckrqxtbgyprbgppjfqmimmmfw/Build/Products/Debug-iphonesimulator/PackageFrameworks -F /Users/siam/Library/Developer/Xcode/DerivedData/Lingua_Quest-gvpckrqxtbgyprbgppjfqmimmmfw/Build/Products/Debug-iphonesimulator/PackageFrameworks -F /Users/siam/Library/Developer/Xcode/DerivedData/Lingua_Quest-gvpckrqxtbgyprbgppjfqmimmmfw/Build/Products/Debug-iphonesimulator/PackageFrameworks -F /Users/siam/Library/Developer/Xcode/DerivedData/Lingua_Quest-gvpckrqxtbgyprbgppjfqmimmmfw/Build/Products/Debug-iphonesimulator/PackageFrameworks -F /Users/siam/Library/Developer/Xcode/DerivedData/Lingua_Quest-gvpckrqxtbgyprbgppjfqmimmmfw/Build/Products/Debug-iphonesimulator/PackageFrameworks -F /Users/siam/Library/Developer/Xcode/DerivedData/Lingua_Quest-gvpckrqxtbgyprbgppjfqmimmmfw/Build/Products/Debug-iphonesimulator/PackageFrameworks -F /Users/siam/Library/Developer/Xcode/DerivedData/Lingua_Quest-gvpckrqxtbgyprbgppjfqmimmmfw/Build/Products/Debug-iphonesimulator -F /Applications/Xcode.app/Contents/Developer/Platforms/iPhoneSimulator.platform/Developer/Library/Frameworks -F /Applications/Xcode.app/Contents/Developer/Platforms/iPhoneSimulator.platform/Developer/SDKs/iPhoneSimulator26.0.sdk/Developer/Library/Frameworks -c -j12 -enable-batch-mode -incremental -Xcc -ivfsstatcache -Xcc /Users/siam/Library/Developer/Xcode/DerivedData/SDKStatCaches.noindex/iphonesimulator26.0-23A339-26257891a6c027eb51374368541b8346.sdkstatcache -output-file-map /Users/siam/Library/Developer/Xcode/DerivedData/Lingua_Quest-gvpckrqxtbgyprbgppjfqmimmmfw/Build/Intermediates.noindex/Firebase.build/Debug-iphonesimulator/FirebaseAILogic.build/Objects-normal/arm64/FirebaseAILogic-OutputFileMap.json -use-frontend-parseable-output -save-temps -no-color-diagnostics -explicit-module-build -module-cache-path /Users/siam/Library/Developer/Xcode/DerivedData/Lingua_Quest-gvpckrqxtbgyprbgppjfqmimmmfw/Build/Intermediates.noindex/SwiftExplicitPrecompiledModules -clang-scanner-module-cache-path /Users/siam/Library/Developer/Xcode/DerivedData/ModuleCache.noindex -sdk-module-cache-path /Users/siam/Library/Developer/Xcode/DerivedData/ModuleCache.noindex -serialize-diagnostics -emit-dependencies -emit-module -emit-module-path /Users/siam/Library/Developer/Xcode/DerivedData/Lingua_Quest-gvpckrqxtbgyprbgppjfqmimmmfw/Build/Intermediates.noindex/Firebase.build/Debug-iphonesimulator/FirebaseAILogic.build/Objects-normal/arm64/FirebaseAILogic.swiftmodule -user-module-version 12.16.0 -validate-clang-modules-once -clang-build-session-file /Users/siam/Library/Developer/Xcode/DerivedData/ModuleCache.noindex/Session.modulevalidation -package-name firebase_ios_sdk -Xcc -I/Users/siam/Library/Developer/Xcode/DerivedData/Lingua_Quest-gvpckrqxtbgyprbgppjfqmimmmfw/Build/Intermediates.noindex/Firebase.build/Debug-iphonesimulator/FirebaseAILogic.build/swift-overrides.hmap -emit-const-values -Xfrontend -const-gather-protocols-file -Xfrontend /Users/siam/Library/Developer/Xcode/DerivedData/Lingua_Quest-gvpckrqxtbgyprbgppjfqmimmmfw/Build/Intermediates.noindex/Firebase.build/Debug-iphonesimulator/FirebaseAILogic.build/Objects-normal/arm64/FirebaseAILogic_const_extract_protocols.json -Xcc -I/Users/siam/Library/Developer/Xcode/DerivedData/Lingua_Quest-gvpckrqxtbgyprbgppjfqmimmmfw/SourcePackages/checkouts/GoogleUtilities/GoogleUtilities/NSData+zlib/Public -Xcc -I/Users/siam/Library/Developer/Xcode/DerivedData/Lingua_Quest-gvpckrqxtbgyprbgppjfqmimmmfw/SourcePackages/checkouts/interop-ios-for-google-sdks/RecaptchaEnterprise/RecaptchaInterop/Public -Xcc -I/Users/siam/Library/Developer/Xcode/DerivedData/Lingua_Quest-gvpckrqxtbgyprbgppjfqmimmmfw/SourcePackages/checkouts/promises/Sources/FBLPromises/include -Xcc -I/Users/siam/Library/Developer/Xcode/DerivedData/Lingua_Quest-gvpckrqxtbgyprbgppjfqmimmmfw/SourcePackages/checkouts/app-check/AppCheckCore/Sources/Public -Xcc -I/Users/siam/Library/Developer/Xcode/DerivedData/Lingua_Quest-gvpckrqxtbgyprbgppjfqmimmmfw/SourcePackages/checkouts/GoogleUtilities/GoogleUtilities/Logger/Public -Xcc -I/Users/siam/Library/Developer/Xcode/DerivedData/Lingua_Quest-gvpckrqxtbgyprbgppjfqmimmmfw/SourcePackages/checkouts/GoogleUtilities/GoogleUtilities/Environment/Public -Xcc -I/Users/siam/Library/Developer/Xcode/DerivedData/Lingua_Quest-gvpckrqxtbgyprbgppjfqmimmmfw/SourcePackages/checkouts/GoogleUtilities/third_party/IsAppEncrypted/Public -Xcc -I/Users/siam/Library/Developer/Xcode/DerivedData/Lingua_Quest-gvpckrqxtbgyprbgppjfqmimmmfw/SourcePackages/checkouts/GoogleUtilities/GoogleUtilities/UserDefaults/Public -Xcc -I/Users/siam/Library/Developer/Xcode/DerivedData/Lingua_Quest-gvpckrqxtbgyprbgppjfqmimmmfw/SourcePackages/checkouts/firebase-ios-sdk/FirebaseCore/Extension -Xcc -I/Users/siam/Library/Developer/Xcode/DerivedData/Lingua_Quest-gvpckrqxtbgyprbgppjfqmimmmfw/SourcePackages/checkouts/firebase-ios-sdk/FirebaseAuth/Interop/Public -Xcc -I/Users/siam/Library/Developer/Xcode/DerivedData/Lingua_Quest-gvpckrqxtbgyprbgppjfqmimmmfw/SourcePackages/checkouts/firebase-ios-sdk/FirebaseAppCheck/Sources/Public -Xcc -I/Users/siam/Library/Developer/Xcode/DerivedData/Lingua_Quest-gvpckrqxtbgyprbgppjfqmimmmfw/SourcePackages/checkouts/firebase-ios-sdk/FirebaseCore/Sources/Public -Xcc -I/Users/siam/Library/Developer/Xcode/DerivedData/Lingua_Quest-gvpckrqxtbgyprbgppjfqmimmmfw/SourcePackages/checkouts/firebase-ios-sdk/CoreOnly/Sources -Xcc -I/Users/siam/Library/Developer/Xcode/DerivedData/Lingua_Quest-gvpckrqxtbgyprbgppjfqmimmmfw/SourcePackages/checkouts/firebase-ios-sdk/FirebaseAppCheck/Interop/Public -Xcc -I/Users/siam/Library/Developer/Xcode/DerivedData/Lingua_Quest-gvpckrqxtbgyprbgppjfqmimmmfw/Build/Products/Debug-iphonesimulator/include -Xcc -I/Users/siam/Library/Developer/Xcode/DerivedData/Lingua_Quest-gvpckrqxtbgyprbgppjfqmimmmfw/Build/Intermediates.noindex/Firebase.build/Debug-iphonesimulator/FirebaseAILogic.build/DerivedSources-normal/arm64 -Xcc -I/Users/siam/Library/Developer/Xcode/DerivedData/Lingua_Quest-gvpckrqxtbgyprbgppjfqmimmmfw/Build/Intermediates.noindex/Firebase.build/Debug-iphonesimulator/FirebaseAILogic.build/DerivedSources/arm64 -Xcc -I/Users/siam/Library/Developer/Xcode/DerivedData/Lingua_Quest-gvpckrqxtbgyprbgppjfqmimmmfw/Build/Intermediates.noindex/Firebase.build/Debug-iphonesimulator/FirebaseAILogic.build/DerivedSources -Xcc -DSWIFT_PACKAGE -Xcc -DDEBUG\=1 -emit-objc-header -emit-objc-header-path /Users/siam/Library/Developer/Xcode/DerivedData/Lingua_Quest-gvpckrqxtbgyprbgppjfqmimmmfw/Build/Intermediates.noindex/Firebase.build/Debug-iphonesimulator/FirebaseAILogic.build/Objects-normal/arm64/FirebaseAILogic-Swift.h -working-directory /Users/siam/Desktop/Lingua\ Quest/Lingua\ Quest.xcodeproj -experimental-emit-module-separately -disable-cmo

SwiftDriverJobDiscovery normal arm64 Compiling AILog.swift, Chat.swift, Constants.swift, Errors.swift, ConvertibleFromGeneratedContent+Firebase.swift, GenerationSchema+Gemini.swift, JSONSerialization+prettyString.swift, LanguageModelSession+ModelSession.swift, SystemLanguageModel+LanguageModel.swift, FirebaseAI.swift, FirebaseInfo.swift, GenAIURLSession.swift (in target 'FirebaseAILogic' from project 'Firebase')

SwiftCompile normal x86_64 Compiling\ TaskLocals.swift,\ TemplateChatSession.swift,\ TemplateGenerateContentRequest.swift,\ TemplateGenerativeModel.swift,\ TemplateImagenGenerationRequest.swift,\ TemplateImagenModel.swift,\ TemplateInput.swift,\ Tool.swift,\ APIConfig.swift,\ AppCheck.swift,\ DataType.swift /Users/siam/Library/Developer/Xcode/DerivedData/Lingua_Quest-gvpckrqxtbgyprbgppjfqmimmmfw/SourcePackages/checkouts/firebase-ios-sdk/FirebaseAI/Sources/TaskLocals.swift /Users/siam/Library/Developer/Xcode/DerivedData/Lingua_Quest-gvpckrqxtbgyprbgppjfqmimmmfw/SourcePackages/checkouts/firebase-ios-sdk/FirebaseAI/Sources/TemplateChatSession.swift /Users/siam/Library/Developer/Xcode/DerivedData/Lingua_Quest-gvpckrqxtbgyprbgppjfqmimmmfw/SourcePackages/checkouts/firebase-ios-sdk/FirebaseAI/Sources/TemplateGenerateContentRequest.swift /Users/siam/Library/Developer/Xcode/DerivedData/Lingua_Quest-gvpckrqxtbgyprbgppjfqmimmmfw/SourcePackages/checkouts/firebase-ios-sdk/FirebaseAI/Sources/TemplateGenerativeModel.swift /Users/siam/Library/Developer/Xcode/DerivedData/Lingua_Quest-gvpckrqxtbgyprbgppjfqmimmmfw/SourcePackages/checkouts/firebase-ios-sdk/FirebaseAI/Sources/TemplateImagenGenerationRequest.swift /Users/siam/Library/Developer/Xcode/DerivedData/Lingua_Quest-gvpckrqxtbgyprbgppjfqmimmmfw/SourcePackages/checkouts/firebase-ios-sdk/FirebaseAI/Sources/TemplateImagenModel.swift /Users/siam/Library/Developer/Xcode/DerivedData/Lingua_Quest-gvpckrqxtbgyprbgppjfqmimmmfw/SourcePackages/checkouts/firebase-ios-sdk/FirebaseAI/Sources/TemplateInput.swift /Users/siam/Library/Developer/Xcode/DerivedData/Lingua_Quest-gvpckrqxtbgyprbgppjfqmimmmfw/SourcePackages/checkouts/firebase-ios-sdk/FirebaseAI/Sources/Tool.swift /Users/siam/Library/Developer/Xcode/DerivedData/Lingua_Quest-gvpckrqxtbgyprbgppjfqmimmmfw/SourcePackages/checkouts/firebase-ios-sdk/FirebaseAI/Sources/Types/Internal/APIConfig.swift /Users/siam/Library/Developer/Xcode/DerivedData/Lingua_Quest-gvpckrqxtbgyprbgppjfqmimmmfw/SourcePackages/checkouts/firebase-ios-sdk/FirebaseAI/Sources/Types/Internal/AppCheck.swift /Users/siam/Library/Developer/Xcode/DerivedData/Lingua_Quest-gvpckrqxtbgyprbgppjfqmimmmfw/SourcePackages/checkouts/firebase-ios-sdk/FirebaseAI/Sources/Types/Internal/DataType.swift (in target 'FirebaseAILogic' from project 'Firebase')

SwiftCompile normal x86_64 /Users/siam/Library/Developer/Xcode/DerivedData/Lingua_Quest-gvpckrqxtbgyprbgppjfqmimmmfw/SourcePackages/checkouts/firebase-ios-sdk/FirebaseAI/Sources/TaskLocals.swift (in target 'FirebaseAILogic' from project 'Firebase')
    cd /Users/siam/Desktop/Lingua\ Quest/Lingua\ Quest.xcodeproj
    

SwiftCompile normal x86_64 /Users/siam/Library/Developer/Xcode/DerivedData/Lingua_Quest-gvpckrqxtbgyprbgppjfqmimmmfw/SourcePackages/checkouts/firebase-ios-sdk/FirebaseAI/Sources/TemplateChatSession.swift (in target 'FirebaseAILogic' from project 'Firebase')
    cd /Users/siam/Desktop/Lingua\ Quest/Lingua\ Quest.xcodeproj
    

SwiftCompile normal x86_64 /Users/siam/Library/Developer/Xcode/DerivedData/Lingua_Quest-gvpckrqxtbgyprbgppjfqmimmmfw/SourcePackages/checkouts/firebase-ios-sdk/FirebaseAI/Sources/TemplateGenerateContentRequest.swift (in target 'FirebaseAILogic' from project 'Firebase')
    cd /Users/siam/Desktop/Lingua\ Quest/Lingua\ Quest.xcodeproj
    

SwiftCompile normal x86_64 /Users/siam/Library/Developer/Xcode/DerivedData/Lingua_Quest-gvpckrqxtbgyprbgppjfqmimmmfw/SourcePackages/checkouts/firebase-ios-sdk/FirebaseAI/Sources/TemplateGenerativeModel.swift (in target 'FirebaseAILogic' from project 'Firebase')
    cd /Users/siam/Desktop/Lingua\ Quest/Lingua\ Quest.xcodeproj
    

SwiftCompile normal x86_64 /Users/siam/Library/Developer/Xcode/DerivedData/Lingua_Quest-gvpckrqxtbgyprbgppjfqmimmmfw/SourcePackages/checkouts/firebase-ios-sdk/FirebaseAI/Sources/TemplateImagenGenerationRequest.swift (in target 'FirebaseAILogic' from project 'Firebase')
    cd /Users/siam/Desktop/Lingua\ Quest/Lingua\ Quest.xcodeproj
    

SwiftCompile normal x86_64 /Users/siam/Library/Developer/Xcode/DerivedData/Lingua_Quest-gvpckrqxtbgyprbgppjfqmimmmfw/SourcePackages/checkouts/firebase-ios-sdk/FirebaseAI/Sources/TemplateImagenModel.swift (in target 'FirebaseAILogic' from project 'Firebase')
    cd /Users/siam/Desktop/Lingua\ Quest/Lingua\ Quest.xcodeproj
    

SwiftCompile normal x86_64 /Users/siam/Library/Developer/Xcode/DerivedData/Lingua_Quest-gvpckrqxtbgyprbgppjfqmimmmfw/SourcePackages/checkouts/firebase-ios-sdk/FirebaseAI/Sources/TemplateInput.swift (in target 'FirebaseAILogic' from project 'Firebase')
    cd /Users/siam/Desktop/Lingua\ Quest/Lingua\ Quest.xcodeproj
    

SwiftCompile normal x86_64 /Users/siam/Library/Developer/Xcode/DerivedData/Lingua_Quest-gvpckrqxtbgyprbgppjfqmimmmfw/SourcePackages/checkouts/firebase-ios-sdk/FirebaseAI/Sources/Tool.swift (in target 'FirebaseAILogic' from project 'Firebase')
    cd /Users/siam/Desktop/Lingua\ Quest/Lingua\ Quest.xcodeproj
    

SwiftCompile normal x86_64 /Users/siam/Library/Developer/Xcode/DerivedData/Lingua_Quest-gvpckrqxtbgyprbgppjfqmimmmfw/SourcePackages/checkouts/firebase-ios-sdk/FirebaseAI/Sources/Types/Internal/APIConfig.swift (in target 'FirebaseAILogic' from project 'Firebase')
    cd /Users/siam/Desktop/Lingua\ Quest/Lingua\ Quest.xcodeproj
    

SwiftCompile normal x86_64 /Users/siam/Library/Developer/Xcode/DerivedData/Lingua_Quest-gvpckrqxtbgyprbgppjfqmimmmfw/SourcePackages/checkouts/firebase-ios-sdk/FirebaseAI/Sources/Types/Internal/AppCheck.swift (in target 'FirebaseAILogic' from project 'Firebase')
    cd /Users/siam/Desktop/Lingua\ Quest/Lingua\ Quest.xcodeproj
    

SwiftCompile normal x86_64 /Users/siam/Library/Developer/Xcode/DerivedData/Lingua_Quest-gvpckrqxtbgyprbgppjfqmimmmfw/SourcePackages/checkouts/firebase-ios-sdk/FirebaseAI/Sources/Types/Internal/DataType.swift (in target 'FirebaseAILogic' from project 'Firebase')
    cd /Users/siam/Desktop/Lingua\ Quest/Lingua\ Quest.xcodeproj
    

Copy /Users/siam/Library/Developer/Xcode/DerivedData/Lingua_Quest-gvpckrqxtbgyprbgppjfqmimmmfw/Build/Products/Debug-iphonesimulator/FirebaseAILogic.swiftmodule/arm64-apple-ios-simulator.swiftmodule /Users/siam/Library/Developer/Xcode/DerivedData/Lingua_Quest-gvpckrqxtbgyprbgppjfqmimmmfw/Build/Intermediates.noindex/Firebase.build/Debug-iphonesimulator/FirebaseAILogic.build/Objects-normal/arm64/FirebaseAILogic.swiftmodule (in target 'FirebaseAILogic' from project 'Firebase')
    cd /Users/siam/Library/Developer/Xcode/DerivedData/Lingua_Quest-gvpckrqxtbgyprbgppjfqmimmmfw/SourcePackages/checkouts/firebase-ios-sdk
    builtin-copy -exclude .DS_Store -exclude CVS -exclude .svn -exclude .git -exclude .hg -resolve-src-symlinks -rename /Users/siam/Library/Developer/Xcode/DerivedData/Lingua_Quest-gvpckrqxtbgyprbgppjfqmimmmfw/Build/Intermediates.noindex/Firebase.build/Debug-iphonesimulator/FirebaseAILogic.build/Objects-normal/arm64/FirebaseAILogic.swiftmodule /Users/siam/Library/Developer/Xcode/DerivedData/Lingua_Quest-gvpckrqxtbgyprbgppjfqmimmmfw/Build/Products/Debug-iphonesimulator/FirebaseAILogic.swiftmodule/arm64-apple-ios-simulator.swiftmodule

SwiftDriverJobDiscovery normal x86_64 Compiling BackendError.swift, EmptyContentError.swift, GeminiModelSession.swift, HybridModelSession.swift, ImageGenerationInstance.swift, ImageGenerationOutputOptions.swift, ImageGenerationParameters.swift, ImagenConstants.swift, ImagenGenerationRequest.swift, ImagenImageRepresentable.swift, ImagenSafetyAttributes.swift (in target 'FirebaseAILogic' from project 'Firebase')

Copy /Users/siam/Library/Developer/Xcode/DerivedData/Lingua_Quest-gvpckrqxtbgyprbgppjfqmimmmfw/Build/Products/Debug-iphonesimulator/FirebaseAILogic.swiftmodule/arm64-apple-ios-simulator.swiftdoc /Users/siam/Library/Developer/Xcode/DerivedData/Lingua_Quest-gvpckrqxtbgyprbgppjfqmimmmfw/Build/Intermediates.noindex/Firebase.build/Debug-iphonesimulator/FirebaseAILogic.build/Objects-normal/arm64/FirebaseAILogic.swiftdoc (in target 'FirebaseAILogic' from project 'Firebase')
    cd /Users/siam/Library/Developer/Xcode/DerivedData/Lingua_Quest-gvpckrqxtbgyprbgppjfqmimmmfw/SourcePackages/checkouts/firebase-ios-sdk
    builtin-copy -exclude .DS_Store -exclude CVS -exclude .svn -exclude .git -exclude .hg -resolve-src-symlinks -rename /Users/siam/Library/Developer/Xcode/DerivedData/Lingua_Quest-gvpckrqxtbgyprbgppjfqmimmmfw/Build/Intermediates.noindex/Firebase.build/Debug-iphonesimulator/FirebaseAILogic.build/Objects-normal/arm64/FirebaseAILogic.swiftdoc /Users/siam/Library/Developer/Xcode/DerivedData/Lingua_Quest-gvpckrqxtbgyprbgppjfqmimmmfw/Build/Products/Debug-iphonesimulator/FirebaseAILogic.swiftmodule/arm64-apple-ios-simulator.swiftdoc

Copy /Users/siam/Library/Developer/Xcode/DerivedData/Lingua_Quest-gvpckrqxtbgyprbgppjfqmimmmfw/Build/Products/Debug-iphonesimulator/FirebaseAILogic.swiftmodule/arm64-apple-ios-simulator.abi.json /Users/siam/Library/Developer/Xcode/DerivedData/Lingua_Quest-gvpckrqxtbgyprbgppjfqmimmmfw/Build/Intermediates.noindex/Firebase.build/Debug-iphonesimulator/FirebaseAILogic.build/Objects-normal/arm64/FirebaseAILogic.abi.json (in target 'FirebaseAILogic' from project 'Firebase')
    cd /Users/siam/Library/Developer/Xcode/DerivedData/Lingua_Quest-gvpckrqxtbgyprbgppjfqmimmmfw/SourcePackages/checkouts/firebase-ios-sdk
    builtin-copy -exclude .DS_Store -exclude CVS -exclude .svn -exclude .git -exclude .hg -resolve-src-symlinks -rename /Users/siam/Library/Developer/Xcode/DerivedData/Lingua_Quest-gvpckrqxtbgyprbgppjfqmimmmfw/Build/Intermediates.noindex/Firebase.build/Debug-iphonesimulator/FirebaseAILogic.build/Objects-normal/arm64/FirebaseAILogic.abi.json /Users/siam/Library/Developer/Xcode/DerivedData/Lingua_Quest-gvpckrqxtbgyprbgppjfqmimmmfw/Build/Products/Debug-iphonesimulator/FirebaseAILogic.swiftmodule/arm64-apple-ios-simulator.abi.json

Copy /Users/siam/Library/Developer/Xcode/DerivedData/Lingua_Quest-gvpckrqxtbgyprbgppjfqmimmmfw/Build/Products/Debug-iphonesimulator/FirebaseAILogic.swiftmodule/Project/arm64-apple-ios-simulator.swiftsourceinfo /Users/siam/Library/Developer/Xcode/DerivedData/Lingua_Quest-gvpckrqxtbgyprbgppjfqmimmmfw/Build/Intermediates.noindex/Firebase.build/Debug-iphonesimulator/FirebaseAILogic.build/Objects-normal/arm64/FirebaseAILogic.swiftsourceinfo (in target 'FirebaseAILogic' from project 'Firebase')
    cd /Users/siam/Library/Developer/Xcode/DerivedData/Lingua_Quest-gvpckrqxtbgyprbgppjfqmimmmfw/SourcePackages/checkouts/firebase-ios-sdk
    builtin-copy -exclude .DS_Store -exclude CVS -exclude .svn -exclude .git -exclude .hg -resolve-src-symlinks -rename /Users/siam/Library/Developer/Xcode/DerivedData/Lingua_Quest-gvpckrqxtbgyprbgppjfqmimmmfw/Build/Intermediates.noindex/Firebase.build/Debug-iphonesimulator/FirebaseAILogic.build/Objects-normal/arm64/FirebaseAILogic.swiftsourceinfo /Users/siam/Library/Developer/Xcode/DerivedData/Lingua_Quest-gvpckrqxtbgyprbgppjfqmimmmfw/Build/Products/Debug-iphonesimulator/FirebaseAILogic.swiftmodule/Project/arm64-apple-ios-simulator.swiftsourceinfo

SwiftCompile normal arm64 Compiling\ InternalImagenImage.swift,\ RAIFilteredReason.swift,\ InternalPart.swift,\ AsyncWebSocket.swift,\ BidiContextWindowCompressionConfig.swift,\ BidiGenerateContentClientContent.swift,\ BidiGenerateContentClientMessage.swift,\ BidiGenerateContentRealtimeInput.swift,\ BidiGenerateContentServerContent.swift,\ BidiGenerateContentServerMessage.swift,\ BidiGenerateContentSetup.swift /Users/siam/Library/Developer/Xcode/DerivedData/Lingua_Quest-gvpckrqxtbgyprbgppjfqmimmmfw/SourcePackages/checkouts/firebase-ios-sdk/FirebaseAI/Sources/Types/Internal/Imagen/InternalImagenImage.swift /Users/siam/Library/Developer/Xcode/DerivedData/Lingua_Quest-gvpckrqxtbgyprbgppjfqmimmmfw/SourcePackages/checkouts/firebase-ios-sdk/FirebaseAI/Sources/Types/Internal/Imagen/RAIFilteredReason.swift /Users/siam/Library/Developer/Xcode/DerivedData/Lingua_Quest-gvpckrqxtbgyprbgppjfqmimmmfw/SourcePackages/checkouts/firebase-ios-sdk/FirebaseAI/Sources/Types/Internal/InternalPart.swift /Users/siam/Library/Developer/Xcode/DerivedData/Lingua_Quest-gvpckrqxtbgyprbgppjfqmimmmfw/SourcePackages/checkouts/firebase-ios-sdk/FirebaseAI/Sources/Types/Internal/Live/AsyncWebSocket.swift /Users/siam/Library/Developer/Xcode/DerivedData/Lingua_Quest-gvpckrqxtbgyprbgppjfqmimmmfw/SourcePackages/checkouts/firebase-ios-sdk/FirebaseAI/Sources/Types/Internal/Live/BidiContextWindowCompressionConfig.swift /Users/siam/Library/Developer/Xcode/DerivedData/Lingua_Quest-gvpckrqxtbgyprbgppjfqmimmmfw/SourcePackages/checkouts/firebase-ios-sdk/FirebaseAI/Sources/Types/Internal/Live/BidiGenerateContentClientContent.swift /Users/siam/Library/Developer/Xcode/DerivedData/Lingua_Quest-gvpckrqxtbgyprbgppjfqmimmmfw/SourcePackages/checkouts/firebase-ios-sdk/FirebaseAI/Sources/Types/Internal/Live/BidiGenerateContentClientMessage.swift /Users/siam/Library/Developer/Xcode/DerivedData/Lingua_Quest-gvpckrqxtbgyprbgppjfqmimmmfw/SourcePackages/checkouts/firebase-ios-sdk/FirebaseAI/Sources/Types/Internal/Live/BidiGenerateContentRealtimeInput.swift /Users/siam/Library/Developer/Xcode/DerivedData/Lingua_Quest-gvpckrqxtbgyprbgppjfqmimmmfw/SourcePackages/checkouts/firebase-ios-sdk/FirebaseAI/Sources/Types/Internal/Live/BidiGenerateContentServerContent.swift /Users/siam/Library/Developer/Xcode/DerivedData/Lingua_Quest-gvpckrqxtbgyprbgppjfqmimmmfw/SourcePackages/checkouts/firebase-ios-sdk/FirebaseAI/Sources/Types/Internal/Live/BidiGenerateContentServerMessage.swift /Users/siam/Library/Developer/Xcode/DerivedData/Lingua_Quest-gvpckrqxtbgyprbgppjfqmimmmfw/SourcePackages/checkouts/firebase-ios-sdk/FirebaseAI/Sources/Types/Internal/Live/BidiGenerateContentSetup.swift (in target 'FirebaseAILogic' from project 'Firebase')

SwiftCompile normal arm64 /Users/siam/Library/Developer/Xcode/DerivedData/Lingua_Quest-gvpckrqxtbgyprbgppjfqmimmmfw/SourcePackages/checkouts/firebase-ios-sdk/FirebaseAI/Sources/Types/Internal/Imagen/InternalImagenImage.swift (in target 'FirebaseAILogic' from project 'Firebase')
    cd /Users/siam/Desktop/Lingua\ Quest/Lingua\ Quest.xcodeproj
    

SwiftCompile normal arm64 /Users/siam/Library/Developer/Xcode/DerivedData/Lingua_Quest-gvpckrqxtbgyprbgppjfqmimmmfw/SourcePackages/checkouts/firebase-ios-sdk/FirebaseAI/Sources/Types/Internal/Imagen/RAIFilteredReason.swift (in target 'FirebaseAILogic' from project 'Firebase')
    cd /Users/siam/Desktop/Lingua\ Quest/Lingua\ Quest.xcodeproj
    

SwiftCompile normal arm64 /Users/siam/Library/Developer/Xcode/DerivedData/Lingua_Quest-gvpckrqxtbgyprbgppjfqmimmmfw/SourcePackages/checkouts/firebase-ios-sdk/FirebaseAI/Sources/Types/Internal/InternalPart.swift (in target 'FirebaseAILogic' from project 'Firebase')
    cd /Users/siam/Desktop/Lingua\ Quest/Lingua\ Quest.xcodeproj
    

SwiftCompile normal arm64 /Users/siam/Library/Developer/Xcode/DerivedData/Lingua_Quest-gvpckrqxtbgyprbgppjfqmimmmfw/SourcePackages/checkouts/firebase-ios-sdk/FirebaseAI/Sources/Types/Internal/Live/AsyncWebSocket.swift (in target 'FirebaseAILogic' from project 'Firebase')
    cd /Users/siam/Desktop/Lingua\ Quest/Lingua\ Quest.xcodeproj
    

SwiftCompile normal arm64 /Users/siam/Library/Developer/Xcode/DerivedData/Lingua_Quest-gvpckrqxtbgyprbgppjfqmimmmfw/SourcePackages/checkouts/firebase-ios-sdk/FirebaseAI/Sources/Types/Internal/Live/BidiContextWindowCompressionConfig.swift (in target 'FirebaseAILogic' from project 'Firebase')
    cd /Users/siam/Desktop/Lingua\ Quest/Lingua\ Quest.xcodeproj
    

SwiftCompile normal arm64 /Users/siam/Library/Developer/Xcode/DerivedData/Lingua_Quest-gvpckrqxtbgyprbgppjfqmimmmfw/SourcePackages/checkouts/firebase-ios-sdk/FirebaseAI/Sources/Types/Internal/Live/BidiGenerateContentClientContent.swift (in target 'FirebaseAILogic' from project 'Firebase')
    cd /Users/siam/Desktop/Lingua\ Quest/Lingua\ Quest.xcodeproj
    

SwiftCompile normal arm64 /Users/siam/Library/Developer/Xcode/DerivedData/Lingua_Quest-gvpckrqxtbgyprbgppjfqmimmmfw/SourcePackages/checkouts/firebase-ios-sdk/FirebaseAI/Sources/Types/Internal/Live/BidiGenerateContentClientMessage.swift (in target 'FirebaseAILogic' from project 'Firebase')
    cd /Users/siam/Desktop/Lingua\ Quest/Lingua\ Quest.xcodeproj
    

SwiftCompile normal arm64 /Users/siam/Library/Developer/Xcode/DerivedData/Lingua_Quest-gvpckrqxtbgyprbgppjfqmimmmfw/SourcePackages/checkouts/firebase-ios-sdk/FirebaseAI/Sources/Types/Internal/Live/BidiGenerateContentRealtimeInput.swift (in target 'FirebaseAILogic' from project 'Firebase')
    cd /Users/siam/Desktop/Lingua\ Quest/Lingua\ Quest.xcodeproj
    

SwiftCompile normal arm64 /Users/siam/Library/Developer/Xcode/DerivedData/Lingua_Quest-gvpckrqxtbgyprbgppjfqmimmmfw/SourcePackages/checkouts/firebase-ios-sdk/FirebaseAI/Sources/Types/Internal/Live/BidiGenerateContentServerContent.swift (in target 'FirebaseAILogic' from project 'Firebase')
    cd /Users/siam/Desktop/Lingua\ Quest/Lingua\ Quest.xcodeproj
    

SwiftCompile normal arm64 /Users/siam/Library/Developer/Xcode/DerivedData/Lingua_Quest-gvpckrqxtbgyprbgppjfqmimmmfw/SourcePackages/checkouts/firebase-ios-sdk/FirebaseAI/Sources/Types/Internal/Live/BidiGenerateContentServerMessage.swift (in target 'FirebaseAILogic' from project 'Firebase')
    cd /Users/siam/Desktop/Lingua\ Quest/Lingua\ Quest.xcodeproj
    

SwiftCompile normal arm64 /Users/siam/Library/Developer/Xcode/DerivedData/Lingua_Quest-gvpckrqxtbgyprbgppjfqmimmmfw/SourcePackages/checkouts/firebase-ios-sdk/FirebaseAI/Sources/Types/Internal/Live/BidiGenerateContentSetup.swift (in target 'FirebaseAILogic' from project 'Firebase')
    cd /Users/siam/Desktop/Lingua\ Quest/Lingua\ Quest.xcodeproj
    

SwiftCompile normal x86_64 Compiling\ LiveSession.swift,\ LiveSessionErrors.swift,\ LiveSessionResumptionUpdate.swift,\ SessionResumptionConfig.swift,\ ModelSessionResponse.swift,\ MultiSpeakerVoiceConfig.swift,\ Part.swift,\ ResponseGenerationOptions.swift,\ ResponseModality.swift,\ Schema.swift,\ SpeakerVoiceConfig.swift /Users/siam/Library/Developer/Xcode/DerivedData/Lingua_Quest-gvpckrqxtbgyprbgppjfqmimmmfw/SourcePackages/checkouts/firebase-ios-sdk/FirebaseAI/Sources/Types/Public/Live/LiveSession.swift /Users/siam/Library/Developer/Xcode/DerivedData/Lingua_Quest-gvpckrqxtbgyprbgppjfqmimmmfw/SourcePackages/checkouts/firebase-ios-sdk/FirebaseAI/Sources/Types/Public/Live/LiveSessionErrors.swift /Users/siam/Library/Developer/Xcode/DerivedData/Lingua_Quest-gvpckrqxtbgyprbgppjfqmimmmfw/SourcePackages/checkouts/firebase-ios-sdk/FirebaseAI/Sources/Types/Public/Live/LiveSessionResumptionUpdate.swift /Users/siam/Library/Developer/Xcode/DerivedData/Lingua_Quest-gvpckrqxtbgyprbgppjfqmimmmfw/SourcePackages/checkouts/firebase-ios-sdk/FirebaseAI/Sources/Types/Public/Live/SessionResumptionConfig.swift /Users/siam/Library/Developer/Xcode/DerivedData/Lingua_Quest-gvpckrqxtbgyprbgppjfqmimmmfw/SourcePackages/checkouts/firebase-ios-sdk/FirebaseAI/Sources/Types/Public/ModelSessionResponse.swift /Users/siam/Library/Developer/Xcode/DerivedData/Lingua_Quest-gvpckrqxtbgyprbgppjfqmimmmfw/SourcePackages/checkouts/firebase-ios-sdk/FirebaseAI/Sources/Types/Public/MultiSpeakerVoiceConfig.swift /Users/siam/Library/Developer/Xcode/DerivedData/Lingua_Quest-gvpckrqxtbgyprbgppjfqmimmmfw/SourcePackages/checkouts/firebase-ios-sdk/FirebaseAI/Sources/Types/Public/Part.swift /Users/siam/Library/Developer/Xcode/DerivedData/Lingua_Quest-gvpckrqxtbgyprbgppjfqmimmmfw/SourcePackages/checkouts/firebase-ios-sdk/FirebaseAI/Sources/Types/Public/ResponseGenerationOptions.swift /Users/siam/Library/Developer/Xcode/DerivedData/Lingua_Quest-gvpckrqxtbgyprbgppjfqmimmmfw/SourcePackages/checkouts/firebase-ios-sdk/FirebaseAI/Sources/Types/Public/ResponseModality.swift /Users/siam/Library/Developer/Xcode/DerivedData/Lingua_Quest-gvpckrqxtbgyprbgppjfqmimmmfw/SourcePackages/checkouts/firebase-ios-sdk/FirebaseAI/Sources/Types/Public/Schema.swift /Users/siam/Library/Developer/Xcode/DerivedData/Lingua_Quest-gvpckrqxtbgyprbgppjfqmimmmfw/SourcePackages/checkouts/firebase-ios-sdk/FirebaseAI/Sources/Types/Public/SpeakerVoiceConfig.swift (in target 'FirebaseAILogic' from project 'Firebase')

SwiftCompile normal x86_64 /Users/siam/Library/Developer/Xcode/DerivedData/Lingua_Quest-gvpckrqxtbgyprbgppjfqmimmmfw/SourcePackages/checkouts/firebase-ios-sdk/FirebaseAI/Sources/Types/Public/Live/LiveSession.swift (in target 'FirebaseAILogic' from project 'Firebase')
    cd /Users/siam/Desktop/Lingua\ Quest/Lingua\ Quest.xcodeproj
    

SwiftCompile normal x86_64 /Users/siam/Library/Developer/Xcode/DerivedData/Lingua_Quest-gvpckrqxtbgyprbgppjfqmimmmfw/SourcePackages/checkouts/firebase-ios-sdk/FirebaseAI/Sources/Types/Public/Live/LiveSessionErrors.swift (in target 'FirebaseAILogic' from project 'Firebase')
    cd /Users/siam/Desktop/Lingua\ Quest/Lingua\ Quest.xcodeproj
    

SwiftCompile normal x86_64 /Users/siam/Library/Developer/Xcode/DerivedData/Lingua_Quest-gvpckrqxtbgyprbgppjfqmimmmfw/SourcePackages/checkouts/firebase-ios-sdk/FirebaseAI/Sources/Types/Public/Live/LiveSessionResumptionUpdate.swift (in target 'FirebaseAILogic' from project 'Firebase')
    cd /Users/siam/Desktop/Lingua\ Quest/Lingua\ Quest.xcodeproj
    

SwiftCompile normal x86_64 /Users/siam/Library/Developer/Xcode/DerivedData/Lingua_Quest-gvpckrqxtbgyprbgppjfqmimmmfw/SourcePackages/checkouts/firebase-ios-sdk/FirebaseAI/Sources/Types/Public/Live/SessionResumptionConfig.swift (in target 'FirebaseAILogic' from project 'Firebase')
    cd /Users/siam/Desktop/Lingua\ Quest/Lingua\ Quest.xcodeproj
    

SwiftCompile normal x86_64 /Users/siam/Library/Developer/Xcode/DerivedData/Lingua_Quest-gvpckrqxtbgyprbgppjfqmimmmfw/SourcePackages/checkouts/firebase-ios-sdk/FirebaseAI/Sources/Types/Public/ModelSessionResponse.swift (in target 'FirebaseAILogic' from project 'Firebase')
    cd /Users/siam/Desktop/Lingua\ Quest/Lingua\ Quest.xcodeproj
    

SwiftCompile normal x86_64 /Users/siam/Library/Developer/Xcode/DerivedData/Lingua_Quest-gvpckrqxtbgyprbgppjfqmimmmfw/SourcePackages/checkouts/firebase-ios-sdk/FirebaseAI/Sources/Types/Public/MultiSpeakerVoiceConfig.swift (in target 'FirebaseAILogic' from project 'Firebase')
    cd /Users/siam/Desktop/Lingua\ Quest/Lingua\ Quest.xcodeproj
    

SwiftCompile normal x86_64 /Users/siam/Library/Developer/Xcode/DerivedData/Lingua_Quest-gvpckrqxtbgyprbgppjfqmimmmfw/SourcePackages/checkouts/firebase-ios-sdk/FirebaseAI/Sources/Types/Public/Part.swift (in target 'FirebaseAILogic' from project 'Firebase')
    cd /Users/siam/Desktop/Lingua\ Quest/Lingua\ Quest.xcodeproj
    

SwiftCompile normal x86_64 /Users/siam/Library/Developer/Xcode/DerivedData/Lingua_Quest-gvpckrqxtbgyprbgppjfqmimmmfw/SourcePackages/checkouts/firebase-ios-sdk/FirebaseAI/Sources/Types/Public/ResponseGenerationOptions.swift (in target 'FirebaseAILogic' from project 'Firebase')
    cd /Users/siam/Desktop/Lingua\ Quest/Lingua\ Quest.xcodeproj
    

SwiftCompile normal x86_64 /Users/siam/Library/Developer/Xcode/DerivedData/Lingua_Quest-gvpckrqxtbgyprbgppjfqmimmmfw/SourcePackages/checkouts/firebase-ios-sdk/FirebaseAI/Sources/Types/Public/ResponseModality.swift (in target 'FirebaseAILogic' from project 'Firebase')
    cd /Users/siam/Desktop/Lingua\ Quest/Lingua\ Quest.xcodeproj
    

SwiftCompile normal x86_64 /Users/siam/Library/Developer/Xcode/DerivedData/Lingua_Quest-gvpckrqxtbgyprbgppjfqmimmmfw/SourcePackages/checkouts/firebase-ios-sdk/FirebaseAI/Sources/Types/Public/Schema.swift (in target 'FirebaseAILogic' from project 'Firebase')
    cd /Users/siam/Desktop/Lingua\ Quest/Lingua\ Quest.xcodeproj
    

SwiftCompile normal x86_64 /Users/siam/Library/Developer/Xcode/DerivedData/Lingua_Quest-gvpckrqxtbgyprbgppjfqmimmmfw/SourcePackages/checkouts/firebase-ios-sdk/FirebaseAI/Sources/Types/Public/SpeakerVoiceConfig.swift (in target 'FirebaseAILogic' from project 'Firebase')
    cd /Users/siam/Desktop/Lingua\ Quest/Lingua\ Quest.xcodeproj
    

SwiftDriverJobDiscovery normal x86_64 Emitting module for FirebaseAILogic (in target 'FirebaseAILogic' from project 'Firebase')

SwiftDriver\ Compilation\ Requirements FirebaseAILogic normal x86_64 com.apple.xcode.tools.swift.compiler (in target 'FirebaseAILogic' from project 'Firebase')
    cd /Users/siam/Desktop/Lingua\ Quest/Lingua\ Quest.xcodeproj
    builtin-Swift-Compilation-Requirements -- /Applications/Xcode.app/Contents/Developer/Toolchains/XcodeDefault.xctoolchain/usr/bin/swiftc -module-name FirebaseAILogic -Onone -enforce-exclusivity\=checked @/Users/siam/Library/Developer/Xcode/DerivedData/Lingua_Quest-gvpckrqxtbgyprbgppjfqmimmmfw/Build/Intermediates.noindex/Firebase.build/Debug-iphonesimulator/FirebaseAILogic.build/Objects-normal/x86_64/FirebaseAILogic.SwiftFileList -DSWIFT_PACKAGE -DDEBUG -DSWIFT_MODULE_RESOURCE_BUNDLE_UNAVAILABLE -DIS_FOUNDATION_MODELS_SUPPORTED_PLATFORM -Xcc -fmodule-map-file\=/Users/siam/Library/Developer/Xcode/DerivedData/Lingua_Quest-gvpckrqxtbgyprbgppjfqmimmmfw/Build/Intermediates.noindex/GeneratedModuleMaps-iphonesimulator/GoogleUtilities-NSData.modulemap -Xcc -fmodule-map-file\=/Users/siam/Library/Developer/Xcode/DerivedData/Lingua_Quest-gvpckrqxtbgyprbgppjfqmimmmfw/Build/Intermediates.noindex/GeneratedModuleMaps-iphonesimulator/RecaptchaInterop.modulemap -Xcc -fmodule-map-file\=/Users/siam/Library/Developer/Xcode/DerivedData/Lingua_Quest-gvpckrqxtbgyprbgppjfqmimmmfw/Build/Intermediates.noindex/GeneratedModuleMaps-iphonesimulator/AppCheckCore.modulemap -Xcc -fmodule-map-file\=/Users/siam/Library/Developer/Xcode/DerivedData/Lingua_Quest-gvpckrqxtbgyprbgppjfqmimmmfw/Build/Intermediates.noindex/GeneratedModuleMaps-iphonesimulator/GoogleUtilities-Logger.modulemap -Xcc -fmodule-map-file\=/Users/siam/Library/Developer/Xcode/DerivedData/Lingua_Quest-gvpckrqxtbgyprbgppjfqmimmmfw/Build/Intermediates.noindex/GeneratedModuleMaps-iphonesimulator/GoogleUtilities-Environment.modulemap -Xcc -fmodule-map-file\=/Users/siam/Library/Developer/Xcode/DerivedData/Lingua_Quest-gvpckrqxtbgyprbgppjfqmimmmfw/Build/Intermediates.noindex/GeneratedModuleMaps-iphonesimulator/third-party-IsAppEncrypted.modulemap -Xcc -fmodule-map-file\=/Users/siam/Library/Developer/Xcode/DerivedData/Lingua_Quest-gvpckrqxtbgyprbgppjfqmimmmfw/Build/Intermediates.noindex/GeneratedModuleMaps-iphonesimulator/GoogleUtilities-UserDefaults.modulemap -Xcc -fmodule-map-file\=/Users/siam/Library/Developer/Xcode/DerivedData/Lingua_Quest-gvpckrqxtbgyprbgppjfqmimmmfw/Build/Intermediates.noindex/GeneratedModuleMaps-iphonesimulator/FirebaseCoreExtension.modulemap -Xcc -fmodule-map-file\=/Users/siam/Library/Developer/Xcode/DerivedData/Lingua_Quest-gvpckrqxtbgyprbgppjfqmimmmfw/Build/Intermediates.noindex/GeneratedModuleMaps-iphonesimulator/FirebaseAuthInterop.modulemap -Xcc -fmodule-map-file\=/Users/siam/Library/Developer/Xcode/DerivedData/Lingua_Quest-gvpckrqxtbgyprbgppjfqmimmmfw/Build/Intermediates.noindex/GeneratedModuleMaps-iphonesimulator/FirebaseAppCheck.modulemap -Xcc -fmodule-map-file\=/Users/siam/Library/Developer/Xcode/DerivedData/Lingua_Quest-gvpckrqxtbgyprbgppjfqmimmmfw/Build/Intermediates.noindex/GeneratedModuleMaps-iphonesimulator/FirebaseCore.modulemap -Xcc -fmodule-map-file\=/Users/siam/Library/Developer/Xcode/DerivedData/Lingua_Quest-gvpckrqxtbgyprbgppjfqmimmmfw/Build/Intermediates.noindex/GeneratedModuleMaps-iphonesimulator/FirebaseAppCheckInterop.modulemap -DXcode -plugin-path /Applications/Xcode.app/Contents/Developer/Toolchains/XcodeDefault.xctoolchain/usr/lib/swift/host/plugins/testing -enable-experimental-feature DebugDescriptionMacro -sdk /Applications/Xcode.app/Contents/Developer/Platforms/iPhoneSimulator.platform/Developer/SDKs/iPhoneSimulator26.0.sdk -target x86_64-apple-ios15.0-simulator -g -module-cache-path /Users/siam/Library/Developer/Xcode/DerivedData/ModuleCache.noindex -Xfrontend -serialize-debugging-options -profile-coverage-mapping -profile-generate -enable-testing -suppress-warnings -index-store-path /Users/siam/Library/Developer/Xcode/DerivedData/Lingua_Quest-gvpckrqxtbgyprbgppjfqmimmmfw/Index.noindex/DataStore -Xcc -D_LIBCPP_HARDENING_MODE\=_LIBCPP_HARDENING_MODE_DEBUG -swift-version 6 -I /Users/siam/Library/Developer/Xcode/DerivedData/Lingua_Quest-gvpckrqxtbgyprbgppjfqmimmmfw/Build/Products/Debug-iphonesimulator -Isystem /Applications/Xcode.app/Contents/Developer/Platforms/iPhoneSimulator.platform/Developer/usr/lib -F /Users/siam/Library/Developer/Xcode/DerivedData/Lingua_Quest-gvpckrqxtbgyprbgppjfqmimmmfw/Build/Products/Debug-iphonesimulator/PackageFrameworks -F /Users/siam/Library/Developer/Xcode/DerivedData/Lingua_Quest-gvpckrqxtbgyprbgppjfqmimmmfw/Build/Products/Debug-iphonesimulator/PackageFrameworks -F /Users/siam/Library/Developer/Xcode/DerivedData/Lingua_Quest-gvpckrqxtbgyprbgppjfqmimmmfw/Build/Products/Debug-iphonesimulator/PackageFrameworks -F /Users/siam/Library/Developer/Xcode/DerivedData/Lingua_Quest-gvpckrqxtbgyprbgppjfqmimmmfw/Build/Products/Debug-iphonesimulator/PackageFrameworks -F /Users/siam/Library/Developer/Xcode/DerivedData/Lingua_Quest-gvpckrqxtbgyprbgppjfqmimmmfw/Build/Products/Debug-iphonesimulator/PackageFrameworks -F /Users/siam/Library/Developer/Xcode/DerivedData/Lingua_Quest-gvpckrqxtbgyprbgppjfqmimmmfw/Build/Products/Debug-iphonesimulator/PackageFrameworks -F /Users/siam/Library/Developer/Xcode/DerivedData/Lingua_Quest-gvpckrqxtbgyprbgppjfqmimmmfw/Build/Products/Debug-iphonesimulator/PackageFrameworks -F /Users/siam/Library/Developer/Xcode/DerivedData/Lingua_Quest-gvpckrqxtbgyprbgppjfqmimmmfw/Build/Products/Debug-iphonesimulator/PackageFrameworks -F /Users/siam/Library/Developer/Xcode/DerivedData/Lingua_Quest-gvpckrqxtbgyprbgppjfqmimmmfw/Build/Products/Debug-iphonesimulator/PackageFrameworks -F /Users/siam/Library/Developer/Xcode/DerivedData/Lingua_Quest-gvpckrqxtbgyprbgppjfqmimmmfw/Build/Products/Debug-iphonesimulator/PackageFrameworks -F /Users/siam/Library/Developer/Xcode/DerivedData/Lingua_Quest-gvpckrqxtbgyprbgppjfqmimmmfw/Build/Products/Debug-iphonesimulator/PackageFrameworks -F /Users/siam/Library/Developer/Xcode/DerivedData/Lingua_Quest-gvpckrqxtbgyprbgppjfqmimmmfw/Build/Products/Debug-iphonesimulator/PackageFrameworks -F /Users/siam/Library/Developer/Xcode/DerivedData/Lingua_Quest-gvpckrqxtbgyprbgppjfqmimmmfw/Build/Products/Debug-iphonesimulator/PackageFrameworks -F /Users/siam/Library/Developer/Xcode/DerivedData/Lingua_Quest-gvpckrqxtbgyprbgppjfqmimmmfw/Build/Products/Debug-iphonesimulator/PackageFrameworks -F /Users/siam/Library/Developer/Xcode/DerivedData/Lingua_Quest-gvpckrqxtbgyprbgppjfqmimmmfw/Build/Products/Debug-iphonesimulator/PackageFrameworks -F /Users/siam/Library/Developer/Xcode/DerivedData/Lingua_Quest-gvpckrqxtbgyprbgppjfqmimmmfw/Build/Products/Debug-iphonesimulator/PackageFrameworks -F /Users/siam/Library/Developer/Xcode/DerivedData/Lingua_Quest-gvpckrqxtbgyprbgppjfqmimmmfw/Build/Products/Debug-iphonesimulator/PackageFrameworks -F /Users/siam/Library/Developer/Xcode/DerivedData/Lingua_Quest-gvpckrqxtbgyprbgppjfqmimmmfw/Build/Products/Debug-iphonesimulator -F /Applications/Xcode.app/Contents/Developer/Platforms/iPhoneSimulator.platform/Developer/Library/Frameworks -F /Applications/Xcode.app/Contents/Developer/Platforms/iPhoneSimulator.platform/Developer/SDKs/iPhoneSimulator26.0.sdk/Developer/Library/Frameworks -c -j12 -enable-batch-mode -incremental -Xcc -ivfsstatcache -Xcc /Users/siam/Library/Developer/Xcode/DerivedData/SDKStatCaches.noindex/iphonesimulator26.0-23A339-26257891a6c027eb51374368541b8346.sdkstatcache -output-file-map /Users/siam/Library/Developer/Xcode/DerivedData/Lingua_Quest-gvpckrqxtbgyprbgppjfqmimmmfw/Build/Intermediates.noindex/Firebase.build/Debug-iphonesimulator/FirebaseAILogic.build/Objects-normal/x86_64/FirebaseAILogic-OutputFileMap.json -use-frontend-parseable-output -save-temps -no-color-diagnostics -explicit-module-build -module-cache-path /Users/siam/Library/Developer/Xcode/DerivedData/Lingua_Quest-gvpckrqxtbgyprbgppjfqmimmmfw/Build/Intermediates.noindex/SwiftExplicitPrecompiledModules -clang-scanner-module-cache-path /Users/siam/Library/Developer/Xcode/DerivedData/ModuleCache.noindex -sdk-module-cache-path /Users/siam/Library/Developer/Xcode/DerivedData/ModuleCache.noindex -serialize-diagnostics -emit-dependencies -emit-module -emit-module-path /Users/siam/Library/Developer/Xcode/DerivedData/Lingua_Quest-gvpckrqxtbgyprbgppjfqmimmmfw/Build/Intermediates.noindex/Firebase.build/Debug-iphonesimulator/FirebaseAILogic.build/Objects-normal/x86_64/FirebaseAILogic.swiftmodule -user-module-version 12.16.0 -validate-clang-modules-once -clang-build-session-file /Users/siam/Library/Developer/Xcode/DerivedData/ModuleCache.noindex/Session.modulevalidation -package-name firebase_ios_sdk -Xcc -I/Users/siam/Library/Developer/Xcode/DerivedData/Lingua_Quest-gvpckrqxtbgyprbgppjfqmimmmfw/Build/Intermediates.noindex/Firebase.build/Debug-iphonesimulator/FirebaseAILogic.build/swift-overrides.hmap -emit-const-values -Xfrontend -const-gather-protocols-file -Xfrontend /Users/siam/Library/Developer/Xcode/DerivedData/Lingua_Quest-gvpckrqxtbgyprbgppjfqmimmmfw/Build/Intermediates.noindex/Firebase.build/Debug-iphonesimulator/FirebaseAILogic.build/Objects-normal/x86_64/FirebaseAILogic_const_extract_protocols.json -Xcc -I/Users/siam/Library/Developer/Xcode/DerivedData/Lingua_Quest-gvpckrqxtbgyprbgppjfqmimmmfw/SourcePackages/checkouts/GoogleUtilities/GoogleUtilities/NSData+zlib/Public -Xcc -I/Users/siam/Library/Developer/Xcode/DerivedData/Lingua_Quest-gvpckrqxtbgyprbgppjfqmimmmfw/SourcePackages/checkouts/interop-ios-for-google-sdks/RecaptchaEnterprise/RecaptchaInterop/Public -Xcc -I/Users/siam/Library/Developer/Xcode/DerivedData/Lingua_Quest-gvpckrqxtbgyprbgppjfqmimmmfw/SourcePackages/checkouts/promises/Sources/FBLPromises/include -Xcc -I/Users/siam/Library/Developer/Xcode/DerivedData/Lingua_Quest-gvpckrqxtbgyprbgppjfqmimmmfw/SourcePackages/checkouts/app-check/AppCheckCore/Sources/Public -Xcc -I/Users/siam/Library/Developer/Xcode/DerivedData/Lingua_Quest-gvpckrqxtbgyprbgppjfqmimmmfw/SourcePackages/checkouts/GoogleUtilities/GoogleUtilities/Logger/Public -Xcc -I/Users/siam/Library/Developer/Xcode/DerivedData/Lingua_Quest-gvpckrqxtbgyprbgppjfqmimmmfw/SourcePackages/checkouts/GoogleUtilities/GoogleUtilities/Environment/Public -Xcc -I/Users/siam/Library/Developer/Xcode/DerivedData/Lingua_Quest-gvpckrqxtbgyprbgppjfqmimmmfw/SourcePackages/checkouts/GoogleUtilities/third_party/IsAppEncrypted/Public -Xcc -I/Users/siam/Library/Developer/Xcode/DerivedData/Lingua_Quest-gvpckrqxtbgyprbgppjfqmimmmfw/SourcePackages/checkouts/GoogleUtilities/GoogleUtilities/UserDefaults/Public -Xcc -I/Users/siam/Library/Developer/Xcode/DerivedData/Lingua_Quest-gvpckrqxtbgyprbgppjfqmimmmfw/SourcePackages/checkouts/firebase-ios-sdk/FirebaseCore/Extension -Xcc -I/Users/siam/Library/Developer/Xcode/DerivedData/Lingua_Quest-gvpckrqxtbgyprbgppjfqmimmmfw/SourcePackages/checkouts/firebase-ios-sdk/FirebaseAuth/Interop/Public -Xcc -I/Users/siam/Library/Developer/Xcode/DerivedData/Lingua_Quest-gvpckrqxtbgyprbgppjfqmimmmfw/SourcePackages/checkouts/firebase-ios-sdk/FirebaseAppCheck/Sources/Public -Xcc -I/Users/siam/Library/Developer/Xcode/DerivedData/Lingua_Quest-gvpckrqxtbgyprbgppjfqmimmmfw/SourcePackages/checkouts/firebase-ios-sdk/FirebaseCore/Sources/Public -Xcc -I/Users/siam/Library/Developer/Xcode/DerivedData/Lingua_Quest-gvpckrqxtbgyprbgppjfqmimmmfw/SourcePackages/checkouts/firebase-ios-sdk/CoreOnly/Sources -Xcc -I/Users/siam/Library/Developer/Xcode/DerivedData/Lingua_Quest-gvpckrqxtbgyprbgppjfqmimmmfw/SourcePackages/checkouts/firebase-ios-sdk/FirebaseAppCheck/Interop/Public -Xcc -I/Users/siam/Library/Developer/Xcode/DerivedData/Lingua_Quest-gvpckrqxtbgyprbgppjfqmimmmfw/Build/Products/Debug-iphonesimulator/include -Xcc -I/Users/siam/Library/Developer/Xcode/DerivedData/Lingua_Quest-gvpckrqxtbgyprbgppjfqmimmmfw/Build/Intermediates.noindex/Firebase.build/Debug-iphonesimulator/FirebaseAILogic.build/DerivedSources-normal/x86_64 -Xcc -I/Users/siam/Library/Developer/Xcode/DerivedData/Lingua_Quest-gvpckrqxtbgyprbgppjfqmimmmfw/Build/Intermediates.noindex/Firebase.build/Debug-iphonesimulator/FirebaseAILogic.build/DerivedSources/x86_64 -Xcc -I/Users/siam/Library/Developer/Xcode/DerivedData/Lingua_Quest-gvpckrqxtbgyprbgppjfqmimmmfw/Build/Intermediates.noindex/Firebase.build/Debug-iphonesimulator/FirebaseAILogic.build/DerivedSources -Xcc -DSWIFT_PACKAGE -Xcc -DDEBUG\=1 -emit-objc-header -emit-objc-header-path /Users/siam/Library/Developer/Xcode/DerivedData/Lingua_Quest-gvpckrqxtbgyprbgppjfqmimmmfw/Build/Intermediates.noindex/Firebase.build/Debug-iphonesimulator/FirebaseAILogic.build/Objects-normal/x86_64/FirebaseAILogic-Swift.h -working-directory /Users/siam/Desktop/Lingua\ Quest/Lingua\ Quest.xcodeproj -experimental-emit-module-separately -disable-cmo

SwiftDriverJobDiscovery normal arm64 Compiling BidiGenerateContentSetupComplete.swift, BidiGenerateContentToolCall.swift, BidiGenerateContentToolCallCancellation.swift, BidiGenerateContentToolResponse.swift, BidiGenerateContentTranscription.swift, BidiGenerationConfig.swift, BidiSessionResumptionUpdate.swift, GoAway.swift, LiveSessionService.swift, ProtoDate.swift, ProtoDuration.swift (in target 'FirebaseAILogic' from project 'Firebase')

SwiftCompile normal x86_64 Compiling\ PartsRepresentable+Image.swift,\ PartsRepresentable.swift,\ CodableProtoEnum.swift,\ ConvertibleToGeneratedContent.swift,\ ConvertibleFromGeneratedContent.swift,\ GenerationOptionsRepresentable.swift,\ LanguageModel.swift,\ LanguageModelProvider.swift,\ ModelSession.swift,\ ToolRepresentable.swift,\ Safety.swift /Users/siam/Library/Developer/Xcode/DerivedData/Lingua_Quest-gvpckrqxtbgyprbgppjfqmimmmfw/SourcePackages/checkouts/firebase-ios-sdk/FirebaseAI/Sources/PartsRepresentable+Image.swift /Users/siam/Library/Developer/Xcode/DerivedData/Lingua_Quest-gvpckrqxtbgyprbgppjfqmimmmfw/SourcePackages/checkouts/firebase-ios-sdk/FirebaseAI/Sources/PartsRepresentable.swift /Users/siam/Library/Developer/Xcode/DerivedData/Lingua_Quest-gvpckrqxtbgyprbgppjfqmimmmfw/SourcePackages/checkouts/firebase-ios-sdk/FirebaseAI/Sources/Protocols/Internal/CodableProtoEnum.swift /Users/siam/Library/Developer/Xcode/DerivedData/Lingua_Quest-gvpckrqxtbgyprbgppjfqmimmmfw/SourcePackages/checkouts/firebase-ios-sdk/FirebaseAI/Sources/Protocols/Internal/ConvertibleToGeneratedContent.swift /Users/siam/Library/Developer/Xcode/DerivedData/Lingua_Quest-gvpckrqxtbgyprbgppjfqmimmmfw/SourcePackages/checkouts/firebase-ios-sdk/FirebaseAI/Sources/Protocols/Public/ConvertibleFromGeneratedContent.swift /Users/siam/Library/Developer/Xcode/DerivedData/Lingua_Quest-gvpckrqxtbgyprbgppjfqmimmmfw/SourcePackages/checkouts/firebase-ios-sdk/FirebaseAI/Sources/Protocols/Public/GenerationOptionsRepresentable.swift /Users/siam/Library/Developer/Xcode/DerivedData/Lingua_Quest-gvpckrqxtbgyprbgppjfqmimmmfw/SourcePackages/checkouts/firebase-ios-sdk/FirebaseAI/Sources/Protocols/Public/LanguageModel.swift /Users/siam/Library/Developer/Xcode/DerivedData/Lingua_Quest-gvpckrqxtbgyprbgppjfqmimmmfw/SourcePackages/checkouts/firebase-ios-sdk/FirebaseAI/Sources/Protocols/Public/LanguageModelProvider.swift /Users/siam/Library/Developer/Xcode/DerivedData/Lingua_Quest-gvpckrqxtbgyprbgppjfqmimmmfw/SourcePackages/checkouts/firebase-ios-sdk/FirebaseAI/Sources/Protocols/Public/ModelSession.swift /Users/siam/Library/Developer/Xcode/DerivedData/Lingua_Quest-gvpckrqxtbgyprbgppjfqmimmmfw/SourcePackages/checkouts/firebase-ios-sdk/FirebaseAI/Sources/Protocols/Public/ToolRepresentable.swift /Users/siam/Library/Developer/Xcode/DerivedData/Lingua_Quest-gvpckrqxtbgyprbgppjfqmimmmfw/SourcePackages/checkouts/firebase-ios-sdk/FirebaseAI/Sources/Safety.swift (in target 'FirebaseAILogic' from project 'Firebase')

SwiftCompile normal x86_64 /Users/siam/Library/Developer/Xcode/DerivedData/Lingua_Quest-gvpckrqxtbgyprbgppjfqmimmmfw/SourcePackages/checkouts/firebase-ios-sdk/FirebaseAI/Sources/PartsRepresentable+Image.swift (in target 'FirebaseAILogic' from project 'Firebase')
    cd /Users/siam/Desktop/Lingua\ Quest/Lingua\ Quest.xcodeproj
    

SwiftCompile normal x86_64 /Users/siam/Library/Developer/Xcode/DerivedData/Lingua_Quest-gvpckrqxtbgyprbgppjfqmimmmfw/SourcePackages/checkouts/firebase-ios-sdk/FirebaseAI/Sources/PartsRepresentable.swift (in target 'FirebaseAILogic' from project 'Firebase')
    cd /Users/siam/Desktop/Lingua\ Quest/Lingua\ Quest.xcodeproj
    

SwiftCompile normal x86_64 /Users/siam/Library/Developer/Xcode/DerivedData/Lingua_Quest-gvpckrqxtbgyprbgppjfqmimmmfw/SourcePackages/checkouts/firebase-ios-sdk/FirebaseAI/Sources/Protocols/Internal/CodableProtoEnum.swift (in target 'FirebaseAILogic' from project 'Firebase')
    cd /Users/siam/Desktop/Lingua\ Quest/Lingua\ Quest.xcodeproj
    

SwiftCompile normal x86_64 /Users/siam/Library/Developer/Xcode/DerivedData/Lingua_Quest-gvpckrqxtbgyprbgppjfqmimmmfw/SourcePackages/checkouts/firebase-ios-sdk/FirebaseAI/Sources/Protocols/Internal/ConvertibleToGeneratedContent.swift (in target 'FirebaseAILogic' from project 'Firebase')
    cd /Users/siam/Desktop/Lingua\ Quest/Lingua\ Quest.xcodeproj
    

SwiftCompile normal x86_64 /Users/siam/Library/Developer/Xcode/DerivedData/Lingua_Quest-gvpckrqxtbgyprbgppjfqmimmmfw/SourcePackages/checkouts/firebase-ios-sdk/FirebaseAI/Sources/Protocols/Public/ConvertibleFromGeneratedContent.swift (in target 'FirebaseAILogic' from project 'Firebase')
    cd /Users/siam/Desktop/Lingua\ Quest/Lingua\ Quest.xcodeproj
    

SwiftCompile normal x86_64 /Users/siam/Library/Developer/Xcode/DerivedData/Lingua_Quest-gvpckrqxtbgyprbgppjfqmimmmfw/SourcePackages/checkouts/firebase-ios-sdk/FirebaseAI/Sources/Protocols/Public/GenerationOptionsRepresentable.swift (in target 'FirebaseAILogic' from project 'Firebase')
    cd /Users/siam/Desktop/Lingua\ Quest/Lingua\ Quest.xcodeproj
    

SwiftCompile normal x86_64 /Users/siam/Library/Developer/Xcode/DerivedData/Lingua_Quest-gvpckrqxtbgyprbgppjfqmimmmfw/SourcePackages/checkouts/firebase-ios-sdk/FirebaseAI/Sources/Protocols/Public/LanguageModel.swift (in target 'FirebaseAILogic' from project 'Firebase')
    cd /Users/siam/Desktop/Lingua\ Quest/Lingua\ Quest.xcodeproj
    

SwiftCompile normal x86_64 /Users/siam/Library/Developer/Xcode/DerivedData/Lingua_Quest-gvpckrqxtbgyprbgppjfqmimmmfw/SourcePackages/checkouts/firebase-ios-sdk/FirebaseAI/Sources/Protocols/Public/LanguageModelProvider.swift (in target 'FirebaseAILogic' from project 'Firebase')
    cd /Users/siam/Desktop/Lingua\ Quest/Lingua\ Quest.xcodeproj
    

SwiftCompile normal x86_64 /Users/siam/Library/Developer/Xcode/DerivedData/Lingua_Quest-gvpckrqxtbgyprbgppjfqmimmmfw/SourcePackages/checkouts/firebase-ios-sdk/FirebaseAI/Sources/Protocols/Public/ModelSession.swift (in target 'FirebaseAILogic' from project 'Firebase')
    cd /Users/siam/Desktop/Lingua\ Quest/Lingua\ Quest.xcodeproj
    

SwiftCompile normal x86_64 /Users/siam/Library/Developer/Xcode/DerivedData/Lingua_Quest-gvpckrqxtbgyprbgppjfqmimmmfw/SourcePackages/checkouts/firebase-ios-sdk/FirebaseAI/Sources/Protocols/Public/ToolRepresentable.swift (in target 'FirebaseAILogic' from project 'Firebase')
    cd /Users/siam/Desktop/Lingua\ Quest/Lingua\ Quest.xcodeproj
    

SwiftCompile normal x86_64 /Users/siam/Library/Developer/Xcode/DerivedData/Lingua_Quest-gvpckrqxtbgyprbgppjfqmimmmfw/SourcePackages/checkouts/firebase-ios-sdk/FirebaseAI/Sources/Safety.swift (in target 'FirebaseAILogic' from project 'Firebase')
    cd /Users/siam/Desktop/Lingua\ Quest/Lingua\ Quest.xcodeproj
    

SwiftMergeGeneratedHeaders /Users/siam/Library/Developer/Xcode/DerivedData/Lingua_Quest-gvpckrqxtbgyprbgppjfqmimmmfw/Build/Intermediates.noindex/GeneratedModuleMaps-iphonesimulator/FirebaseAILogic-Swift.h /Users/siam/Library/Developer/Xcode/DerivedData/Lingua_Quest-gvpckrqxtbgyprbgppjfqmimmmfw/Build/Intermediates.noindex/Firebase.build/Debug-iphonesimulator/FirebaseAILogic.build/Objects-normal/arm64/FirebaseAILogic-Swift.h /Users/siam/Library/Developer/Xcode/DerivedData/Lingua_Quest-gvpckrqxtbgyprbgppjfqmimmmfw/Build/Intermediates.noindex/Firebase.build/Debug-iphonesimulator/FirebaseAILogic.build/Objects-normal/x86_64/FirebaseAILogic-Swift.h (in target 'FirebaseAILogic' from project 'Firebase')
    cd /Users/siam/Library/Developer/Xcode/DerivedData/Lingua_Quest-gvpckrqxtbgyprbgppjfqmimmmfw/SourcePackages/checkouts/firebase-ios-sdk
    builtin-swiftHeaderTool -arch arm64 /Users/siam/Library/Developer/Xcode/DerivedData/Lingua_Quest-gvpckrqxtbgyprbgppjfqmimmmfw/Build/Intermediates.noindex/Firebase.build/Debug-iphonesimulator/FirebaseAILogic.build/Objects-normal/arm64/FirebaseAILogic-Swift.h -arch x86_64 /Users/siam/Library/Developer/Xcode/DerivedData/Lingua_Quest-gvpckrqxtbgyprbgppjfqmimmmfw/Build/Intermediates.noindex/Firebase.build/Debug-iphonesimulator/FirebaseAILogic.build/Objects-normal/x86_64/FirebaseAILogic-Swift.h -o /Users/siam/Library/Developer/Xcode/DerivedData/Lingua_Quest-gvpckrqxtbgyprbgppjfqmimmmfw/Build/Intermediates.noindex/GeneratedModuleMaps-iphonesimulator/FirebaseAILogic-Swift.h

SwiftDriverJobDiscovery normal arm64 Compiling TaskLocals.swift, TemplateChatSession.swift, TemplateGenerateContentRequest.swift, TemplateGenerativeModel.swift, TemplateImagenGenerationRequest.swift, TemplateImagenModel.swift, TemplateInput.swift, Tool.swift, APIConfig.swift, AppCheck.swift, DataType.swift (in target 'FirebaseAILogic' from project 'Firebase')

Copy /Users/siam/Library/Developer/Xcode/DerivedData/Lingua_Quest-gvpckrqxtbgyprbgppjfqmimmmfw/Build/Products/Debug-iphonesimulator/FirebaseAILogic.swiftmodule/x86_64-apple-ios-simulator.swiftmodule /Users/siam/Library/Developer/Xcode/DerivedData/Lingua_Quest-gvpckrqxtbgyprbgppjfqmimmmfw/Build/Intermediates.noindex/Firebase.build/Debug-iphonesimulator/FirebaseAILogic.build/Objects-normal/x86_64/FirebaseAILogic.swiftmodule (in target 'FirebaseAILogic' from project 'Firebase')
    cd /Users/siam/Library/Developer/Xcode/DerivedData/Lingua_Quest-gvpckrqxtbgyprbgppjfqmimmmfw/SourcePackages/checkouts/firebase-ios-sdk
    builtin-copy -exclude .DS_Store -exclude CVS -exclude .svn -exclude .git -exclude .hg -resolve-src-symlinks -rename /Users/siam/Library/Developer/Xcode/DerivedData/Lingua_Quest-gvpckrqxtbgyprbgppjfqmimmmfw/Build/Intermediates.noindex/Firebase.build/Debug-iphonesimulator/FirebaseAILogic.build/Objects-normal/x86_64/FirebaseAILogic.swiftmodule /Users/siam/Library/Developer/Xcode/DerivedData/Lingua_Quest-gvpckrqxtbgyprbgppjfqmimmmfw/Build/Products/Debug-iphonesimulator/FirebaseAILogic.swiftmodule/x86_64-apple-ios-simulator.swiftmodule

Copy /Users/siam/Library/Developer/Xcode/DerivedData/Lingua_Quest-gvpckrqxtbgyprbgppjfqmimmmfw/Build/Products/Debug-iphonesimulator/FirebaseAILogic.swiftmodule/x86_64-apple-ios-simulator.swiftdoc /Users/siam/Library/Developer/Xcode/DerivedData/Lingua_Quest-gvpckrqxtbgyprbgppjfqmimmmfw/Build/Intermediates.noindex/Firebase.build/Debug-iphonesimulator/FirebaseAILogic.build/Objects-normal/x86_64/FirebaseAILogic.swiftdoc (in target 'FirebaseAILogic' from project 'Firebase')
    cd /Users/siam/Library/Developer/Xcode/DerivedData/Lingua_Quest-gvpckrqxtbgyprbgppjfqmimmmfw/SourcePackages/checkouts/firebase-ios-sdk
    builtin-copy -exclude .DS_Store -exclude CVS -exclude .svn -exclude .git -exclude .hg -resolve-src-symlinks -rename /Users/siam/Library/Developer/Xcode/DerivedData/Lingua_Quest-gvpckrqxtbgyprbgppjfqmimmmfw/Build/Intermediates.noindex/Firebase.build/Debug-iphonesimulator/FirebaseAILogic.build/Objects-normal/x86_64/FirebaseAILogic.swiftdoc /Users/siam/Library/Developer/Xcode/DerivedData/Lingua_Quest-gvpckrqxtbgyprbgppjfqmimmmfw/Build/Products/Debug-iphonesimulator/FirebaseAILogic.swiftmodule/x86_64-apple-ios-simulator.swiftdoc

Copy /Users/siam/Library/Developer/Xcode/DerivedData/Lingua_Quest-gvpckrqxtbgyprbgppjfqmimmmfw/Build/Products/Debug-iphonesimulator/FirebaseAILogic.swiftmodule/x86_64-apple-ios-simulator.abi.json /Users/siam/Library/Developer/Xcode/DerivedData/Lingua_Quest-gvpckrqxtbgyprbgppjfqmimmmfw/Build/Intermediates.noindex/Firebase.build/Debug-iphonesimulator/FirebaseAILogic.build/Objects-normal/x86_64/FirebaseAILogic.abi.json (in target 'FirebaseAILogic' from project 'Firebase')
    cd /Users/siam/Library/Developer/Xcode/DerivedData/Lingua_Quest-gvpckrqxtbgyprbgppjfqmimmmfw/SourcePackages/checkouts/firebase-ios-sdk
    builtin-copy -exclude .DS_Store -exclude CVS -exclude .svn -exclude .git -exclude .hg -resolve-src-symlinks -rename /Users/siam/Library/Developer/Xcode/DerivedData/Lingua_Quest-gvpckrqxtbgyprbgppjfqmimmmfw/Build/Intermediates.noindex/Firebase.build/Debug-iphonesimulator/FirebaseAILogic.build/Objects-normal/x86_64/FirebaseAILogic.abi.json /Users/siam/Library/Developer/Xcode/DerivedData/Lingua_Quest-gvpckrqxtbgyprbgppjfqmimmmfw/Build/Products/Debug-iphonesimulator/FirebaseAILogic.swiftmodule/x86_64-apple-ios-simulator.abi.json

Copy /Users/siam/Library/Developer/Xcode/DerivedData/Lingua_Quest-gvpckrqxtbgyprbgppjfqmimmmfw/Build/Products/Debug-iphonesimulator/FirebaseAILogic.swiftmodule/Project/x86_64-apple-ios-simulator.swiftsourceinfo /Users/siam/Library/Developer/Xcode/DerivedData/Lingua_Quest-gvpckrqxtbgyprbgppjfqmimmmfw/Build/Intermediates.noindex/Firebase.build/Debug-iphonesimulator/FirebaseAILogic.build/Objects-normal/x86_64/FirebaseAILogic.swiftsourceinfo (in target 'FirebaseAILogic' from project 'Firebase')
    cd /Users/siam/Library/Developer/Xcode/DerivedData/Lingua_Quest-gvpckrqxtbgyprbgppjfqmimmmfw/SourcePackages/checkouts/firebase-ios-sdk
    builtin-copy -exclude .DS_Store -exclude CVS -exclude .svn -exclude .git -exclude .hg -resolve-src-symlinks -rename /Users/siam/Library/Developer/Xcode/DerivedData/Lingua_Quest-gvpckrqxtbgyprbgppjfqmimmmfw/Build/Intermediates.noindex/Firebase.build/Debug-iphonesimulator/FirebaseAILogic.build/Objects-normal/x86_64/FirebaseAILogic.swiftsourceinfo /Users/siam/Library/Developer/Xcode/DerivedData/Lingua_Quest-gvpckrqxtbgyprbgppjfqmimmmfw/Build/Products/Debug-iphonesimulator/FirebaseAILogic.swiftmodule/Project/x86_64-apple-ios-simulator.swiftsourceinfo

SwiftCompile normal x86_64 Compiling\ GenerateContentError.swift,\ GenerateContentRequest.swift,\ GenerateContentResponse.swift,\ GenerationConfig.swift,\ GenerativeAIRequest.swift,\ GenerativeAIService.swift,\ GenerativeModel.swift,\ GenerativeModelSession.swift,\ History.swift,\ JSONValue.swift,\ ModalityTokenCount.swift,\ ModelContent.swift /Users/siam/Library/Developer/Xcode/DerivedData/Lingua_Quest-gvpckrqxtbgyprbgppjfqmimmmfw/SourcePackages/checkouts/firebase-ios-sdk/FirebaseAI/Sources/GenerateContentError.swift /Users/siam/Library/Developer/Xcode/DerivedData/Lingua_Quest-gvpckrqxtbgyprbgppjfqmimmmfw/SourcePackages/checkouts/firebase-ios-sdk/FirebaseAI/Sources/GenerateContentRequest.swift /Users/siam/Library/Developer/Xcode/DerivedData/Lingua_Quest-gvpckrqxtbgyprbgppjfqmimmmfw/SourcePackages/checkouts/firebase-ios-sdk/FirebaseAI/Sources/GenerateContentResponse.swift /Users/siam/Library/Developer/Xcode/DerivedData/Lingua_Quest-gvpckrqxtbgyprbgppjfqmimmmfw/SourcePackages/checkouts/firebase-ios-sdk/FirebaseAI/Sources/GenerationConfig.swift /Users/siam/Library/Developer/Xcode/DerivedData/Lingua_Quest-gvpckrqxtbgyprbgppjfqmimmmfw/SourcePackages/checkouts/firebase-ios-sdk/FirebaseAI/Sources/GenerativeAIRequest.swift /Users/siam/Library/Developer/Xcode/DerivedData/Lingua_Quest-gvpckrqxtbgyprbgppjfqmimmmfw/SourcePackages/checkouts/firebase-ios-sdk/FirebaseAI/Sources/GenerativeAIService.swift /Users/siam/Library/Developer/Xcode/DerivedData/Lingua_Quest-gvpckrqxtbgyprbgppjfqmimmmfw/SourcePackages/checkouts/firebase-ios-sdk/FirebaseAI/Sources/GenerativeModel.swift /Users/siam/Library/Developer/Xcode/DerivedData/Lingua_Quest-gvpckrqxtbgyprbgppjfqmimmmfw/SourcePackages/checkouts/firebase-ios-sdk/FirebaseAI/Sources/GenerativeModelSession.swift /Users/siam/Library/Developer/Xcode/DerivedData/Lingua_Quest-gvpckrqxtbgyprbgppjfqmimmmfw/SourcePackages/checkouts/firebase-ios-sdk/FirebaseAI/Sources/History.swift /Users/siam/Library/Developer/Xcode/DerivedData/Lingua_Quest-gvpckrqxtbgyprbgppjfqmimmmfw/SourcePackages/checkouts/firebase-ios-sdk/FirebaseAI/Sources/JSONValue.swift /Users/siam/Library/Developer/Xcode/DerivedData/Lingua_Quest-gvpckrqxtbgyprbgppjfqmimmmfw/SourcePackages/checkouts/firebase-ios-sdk/FirebaseAI/Sources/ModalityTokenCount.swift /Users/siam/Library/Developer/Xcode/DerivedData/Lingua_Quest-gvpckrqxtbgyprbgppjfqmimmmfw/SourcePackages/checkouts/firebase-ios-sdk/FirebaseAI/Sources/ModelContent.swift (in target 'FirebaseAILogic' from project 'Firebase')
SwiftCompile normal x86_64 /Users/siam/Library/Developer/Xcode/DerivedData/Lingua_Quest-gvpckrqxtbgyprbgppjfqmimmmfw/SourcePackages/checkouts/firebase-ios-sdk/FirebaseAI/Sources/GenerateContentError.swift (in target 'FirebaseAILogic' from project 'Firebase')
    cd /Users/siam/Desktop/Lingua\ Quest/Lingua\ Quest.xcodeproj
    

SwiftCompile normal x86_64 /Users/siam/Library/Developer/Xcode/DerivedData/Lingua_Quest-gvpckrqxtbgyprbgppjfqmimmmfw/SourcePackages/checkouts/firebase-ios-sdk/FirebaseAI/Sources/GenerateContentRequest.swift (in target 'FirebaseAILogic' from project 'Firebase')
    cd /Users/siam/Desktop/Lingua\ Quest/Lingua\ Quest.xcodeproj
    

SwiftCompile normal x86_64 /Users/siam/Library/Developer/Xcode/DerivedData/Lingua_Quest-gvpckrqxtbgyprbgppjfqmimmmfw/SourcePackages/checkouts/firebase-ios-sdk/FirebaseAI/Sources/GenerateContentResponse.swift (in target 'FirebaseAILogic' from project 'Firebase')
    cd /Users/siam/Desktop/Lingua\ Quest/Lingua\ Quest.xcodeproj
    

SwiftCompile normal x86_64 /Users/siam/Library/Developer/Xcode/DerivedData/Lingua_Quest-gvpckrqxtbgyprbgppjfqmimmmfw/SourcePackages/checkouts/firebase-ios-sdk/FirebaseAI/Sources/GenerationConfig.swift (in target 'FirebaseAILogic' from project 'Firebase')
    cd /Users/siam/Desktop/Lingua\ Quest/Lingua\ Quest.xcodeproj
    

SwiftCompile normal x86_64 /Users/siam/Library/Developer/Xcode/DerivedData/Lingua_Quest-gvpckrqxtbgyprbgppjfqmimmmfw/SourcePackages/checkouts/firebase-ios-sdk/FirebaseAI/Sources/GenerativeAIRequest.swift (in target 'FirebaseAILogic' from project 'Firebase')
    cd /Users/siam/Desktop/Lingua\ Quest/Lingua\ Quest.xcodeproj
    

SwiftCompile normal x86_64 /Users/siam/Library/Developer/Xcode/DerivedData/Lingua_Quest-gvpckrqxtbgyprbgppjfqmimmmfw/SourcePackages/checkouts/firebase-ios-sdk/FirebaseAI/Sources/GenerativeAIService.swift (in target 'FirebaseAILogic' from project 'Firebase')
    cd /Users/siam/Desktop/Lingua\ Quest/Lingua\ Quest.xcodeproj
    

SwiftCompile normal x86_64 /Users/siam/Library/Developer/Xcode/DerivedData/Lingua_Quest-gvpckrqxtbgyprbgppjfqmimmmfw/SourcePackages/checkouts/firebase-ios-sdk/FirebaseAI/Sources/GenerativeModel.swift (in target 'FirebaseAILogic' from project 'Firebase')
    cd /Users/siam/Desktop/Lingua\ Quest/Lingua\ Quest.xcodeproj
    

SwiftCompile normal x86_64 /Users/siam/Library/Developer/Xcode/DerivedData/Lingua_Quest-gvpckrqxtbgyprbgppjfqmimmmfw/SourcePackages/checkouts/firebase-ios-sdk/FirebaseAI/Sources/GenerativeModelSession.swift (in target 'FirebaseAILogic' from project 'Firebase')
    cd /Users/siam/Desktop/Lingua\ Quest/Lingua\ Quest.xcodeproj
    

SwiftCompile normal x86_64 /Users/siam/Library/Developer/Xcode/DerivedData/Lingua_Quest-gvpckrqxtbgyprbgppjfqmimmmfw/SourcePackages/checkouts/firebase-ios-sdk/FirebaseAI/Sources/History.swift (in target 'FirebaseAILogic' from project 'Firebase')
    cd /Users/siam/Desktop/Lingua\ Quest/Lingua\ Quest.xcodeproj
    

SwiftCompile normal x86_64 /Users/siam/Library/Developer/Xcode/DerivedData/Lingua_Quest-gvpckrqxtbgyprbgppjfqmimmmfw/SourcePackages/checkouts/firebase-ios-sdk/FirebaseAI/Sources/JSONValue.swift (in target 'FirebaseAILogic' from project 'Firebase')
    cd /Users/siam/Desktop/Lingua\ Quest/Lingua\ Quest.xcodeproj
    

SwiftCompile normal x86_64 /Users/siam/Library/Developer/Xcode/DerivedData/Lingua_Quest-gvpckrqxtbgyprbgppjfqmimmmfw/SourcePackages/checkouts/firebase-ios-sdk/FirebaseAI/Sources/ModalityTokenCount.swift (in target 'FirebaseAILogic' from project 'Firebase')
    cd /Users/siam/Desktop/Lingua\ Quest/Lingua\ Quest.xcodeproj
    

SwiftCompile normal x86_64 /Users/siam/Library/Developer/Xcode/DerivedData/Lingua_Quest-gvpckrqxtbgyprbgppjfqmimmmfw/SourcePackages/checkouts/firebase-ios-sdk/FirebaseAI/Sources/ModelContent.swift (in target 'FirebaseAILogic' from project 'Firebase')
    cd /Users/siam/Desktop/Lingua\ Quest/Lingua\ Quest.xcodeproj
    

SwiftCompile normal x86_64 Compiling\ CountTokensRequest.swift,\ ProtoMultiSpeakerVoiceConfig.swift,\ ProtoSpeakerVoiceConfig.swift,\ ProtoSpeechConfig.swift,\ ProtoVoiceConfig.swift,\ URLContext.swift,\ Backend.swift,\ GeminiModel.swift,\ GeminiModelProvider.swift,\ GenerationOptions.swift,\ HybridModel.swift /Users/siam/Library/Developer/Xcode/DerivedData/Lingua_Quest-gvpckrqxtbgyprbgppjfqmimmmfw/SourcePackages/checkouts/firebase-ios-sdk/FirebaseAI/Sources/Types/Internal/Requests/CountTokensRequest.swift /Users/siam/Library/Developer/Xcode/DerivedData/Lingua_Quest-gvpckrqxtbgyprbgppjfqmimmmfw/SourcePackages/checkouts/firebase-ios-sdk/FirebaseAI/Sources/Types/Internal/Shared/ProtoMultiSpeakerVoiceConfig.swift /Users/siam/Library/Developer/Xcode/DerivedData/Lingua_Quest-gvpckrqxtbgyprbgppjfqmimmmfw/SourcePackages/checkouts/firebase-ios-sdk/FirebaseAI/Sources/Types/Internal/Shared/ProtoSpeakerVoiceConfig.swift /Users/siam/Library/Developer/Xcode/DerivedData/Lingua_Quest-gvpckrqxtbgyprbgppjfqmimmmfw/SourcePackages/checkouts/firebase-ios-sdk/FirebaseAI/Sources/Types/Internal/Shared/ProtoSpeechConfig.swift /Users/siam/Library/Developer/Xcode/DerivedData/Lingua_Quest-gvpckrqxtbgyprbgppjfqmimmmfw/SourcePackages/checkouts/firebase-ios-sdk/FirebaseAI/Sources/Types/Internal/Shared/ProtoVoiceConfig.swift /Users/siam/Library/Developer/Xcode/DerivedData/Lingua_Quest-gvpckrqxtbgyprbgppjfqmimmmfw/SourcePackages/checkouts/firebase-ios-sdk/FirebaseAI/Sources/Types/Internal/Tools/URLContext.swift /Users/siam/Library/Developer/Xcode/DerivedData/Lingua_Quest-gvpckrqxtbgyprbgppjfqmimmmfw/SourcePackages/checkouts/firebase-ios-sdk/FirebaseAI/Sources/Types/Public/Backend.swift /Users/siam/Library/Developer/Xcode/DerivedData/Lingua_Quest-gvpckrqxtbgyprbgppjfqmimmmfw/SourcePackages/checkouts/firebase-ios-sdk/FirebaseAI/Sources/Types/Public/GeminiModel.swift /Users/siam/Library/Developer/Xcode/DerivedData/Lingua_Quest-gvpckrqxtbgyprbgppjfqmimmmfw/SourcePackages/checkouts/firebase-ios-sdk/FirebaseAI/Sources/Types/Public/GeminiModelProvider.swift /Users/siam/Library/Developer/Xcode/DerivedData/Lingua_Quest-gvpckrqxtbgyprbgppjfqmimmmfw/SourcePackages/checkouts/firebase-ios-sdk/FirebaseAI/Sources/Types/Public/GenerationOptions.swift /Users/siam/Library/Developer/Xcode/DerivedData/Lingua_Quest-gvpckrqxtbgyprbgppjfqmimmmfw/SourcePackages/checkouts/firebase-ios-sdk/FirebaseAI/Sources/Types/Public/HybridModel.swift (in target 'FirebaseAILogic' from project 'Firebase')

SwiftCompile normal x86_64 /Users/siam/Library/Developer/Xcode/DerivedData/Lingua_Quest-gvpckrqxtbgyprbgppjfqmimmmfw/SourcePackages/checkouts/firebase-ios-sdk/FirebaseAI/Sources/Types/Internal/Requests/CountTokensRequest.swift (in target 'FirebaseAILogic' from project 'Firebase')
    cd /Users/siam/Desktop/Lingua\ Quest/Lingua\ Quest.xcodeproj
    

SwiftCompile normal x86_64 /Users/siam/Library/Developer/Xcode/DerivedData/Lingua_Quest-gvpckrqxtbgyprbgppjfqmimmmfw/SourcePackages/checkouts/firebase-ios-sdk/FirebaseAI/Sources/Types/Internal/Shared/ProtoMultiSpeakerVoiceConfig.swift (in target 'FirebaseAILogic' from project 'Firebase')
    cd /Users/siam/Desktop/Lingua\ Quest/Lingua\ Quest.xcodeproj
    

SwiftCompile normal x86_64 /Users/siam/Library/Developer/Xcode/DerivedData/Lingua_Quest-gvpckrqxtbgyprbgppjfqmimmmfw/SourcePackages/checkouts/firebase-ios-sdk/FirebaseAI/Sources/Types/Internal/Shared/ProtoSpeakerVoiceConfig.swift (in target 'FirebaseAILogic' from project 'Firebase')
    cd /Users/siam/Desktop/Lingua\ Quest/Lingua\ Quest.xcodeproj
    

SwiftCompile normal x86_64 /Users/siam/Library/Developer/Xcode/DerivedData/Lingua_Quest-gvpckrqxtbgyprbgppjfqmimmmfw/SourcePackages/checkouts/firebase-ios-sdk/FirebaseAI/Sources/Types/Internal/Shared/ProtoSpeechConfig.swift (in target 'FirebaseAILogic' from project 'Firebase')
    cd /Users/siam/Desktop/Lingua\ Quest/Lingua\ Quest.xcodeproj
    

SwiftCompile normal x86_64 /Users/siam/Library/Developer/Xcode/DerivedData/Lingua_Quest-gvpckrqxtbgyprbgppjfqmimmmfw/SourcePackages/checkouts/firebase-ios-sdk/FirebaseAI/Sources/Types/Internal/Shared/ProtoVoiceConfig.swift (in target 'FirebaseAILogic' from project 'Firebase')
    cd /Users/siam/Desktop/Lingua\ Quest/Lingua\ Quest.xcodeproj
    

SwiftCompile normal x86_64 /Users/siam/Library/Developer/Xcode/DerivedData/Lingua_Quest-gvpckrqxtbgyprbgppjfqmimmmfw/SourcePackages/checkouts/firebase-ios-sdk/FirebaseAI/Sources/Types/Internal/Tools/URLContext.swift (in target 'FirebaseAILogic' from project 'Firebase')
    cd /Users/siam/Desktop/Lingua\ Quest/Lingua\ Quest.xcodeproj
    

SwiftCompile normal x86_64 /Users/siam/Library/Developer/Xcode/DerivedData/Lingua_Quest-gvpckrqxtbgyprbgppjfqmimmmfw/SourcePackages/checkouts/firebase-ios-sdk/FirebaseAI/Sources/Types/Public/Backend.swift (in target 'FirebaseAILogic' from project 'Firebase')
    cd /Users/siam/Desktop/Lingua\ Quest/Lingua\ Quest.xcodeproj
    

SwiftCompile normal x86_64 /Users/siam/Library/Developer/Xcode/DerivedData/Lingua_Quest-gvpckrqxtbgyprbgppjfqmimmmfw/SourcePackages/checkouts/firebase-ios-sdk/FirebaseAI/Sources/Types/Public/GeminiModel.swift (in target 'FirebaseAILogic' from project 'Firebase')
    cd /Users/siam/Desktop/Lingua\ Quest/Lingua\ Quest.xcodeproj
    

SwiftCompile normal x86_64 /Users/siam/Library/Developer/Xcode/DerivedData/Lingua_Quest-gvpckrqxtbgyprbgppjfqmimmmfw/SourcePackages/checkouts/firebase-ios-sdk/FirebaseAI/Sources/Types/Public/GeminiModelProvider.swift (in target 'FirebaseAILogic' from project 'Firebase')
    cd /Users/siam/Desktop/Lingua\ Quest/Lingua\ Quest.xcodeproj
    

SwiftCompile normal x86_64 /Users/siam/Library/Developer/Xcode/DerivedData/Lingua_Quest-gvpckrqxtbgyprbgppjfqmimmmfw/SourcePackages/checkouts/firebase-ios-sdk/FirebaseAI/Sources/Types/Public/GenerationOptions.swift (in target 'FirebaseAILogic' from project 'Firebase')
    cd /Users/siam/Desktop/Lingua\ Quest/Lingua\ Quest.xcodeproj
    

SwiftCompile normal x86_64 /Users/siam/Library/Developer/Xcode/DerivedData/Lingua_Quest-gvpckrqxtbgyprbgppjfqmimmmfw/SourcePackages/checkouts/firebase-ios-sdk/FirebaseAI/Sources/Types/Public/HybridModel.swift (in target 'FirebaseAILogic' from project 'Firebase')
    cd /Users/siam/Desktop/Lingua\ Quest/Lingua\ Quest.xcodeproj
    

SwiftDriverJobDiscovery normal x86_64 Compiling HybridModelProvider.swift, ImageConfig.swift, ImagenAspectRatio.swift, ImagenGenerationConfig.swift, ImagenGenerationResponse.swift, ImagenImageFormat.swift, ImagenImagesBlockedError.swift, ImagenInlineImage.swift, ImagenModel.swift, ImagenPersonFilterLevel.swift, ImagenSafetyFilterLevel.swift (in target 'FirebaseAILogic' from project 'Firebase')

SwiftCompile normal x86_64 Compiling\ BidiGenerateContentSetupComplete.swift,\ BidiGenerateContentToolCall.swift,\ BidiGenerateContentToolCallCancellation.swift,\ BidiGenerateContentToolResponse.swift,\ BidiGenerateContentTranscription.swift,\ BidiGenerationConfig.swift,\ BidiSessionResumptionUpdate.swift,\ GoAway.swift,\ LiveSessionService.swift,\ ProtoDate.swift,\ ProtoDuration.swift /Users/siam/Library/Developer/Xcode/DerivedData/Lingua_Quest-gvpckrqxtbgyprbgppjfqmimmmfw/SourcePackages/checkouts/firebase-ios-sdk/FirebaseAI/Sources/Types/Internal/Live/BidiGenerateContentSetupComplete.swift /Users/siam/Library/Developer/Xcode/DerivedData/Lingua_Quest-gvpckrqxtbgyprbgppjfqmimmmfw/SourcePackages/checkouts/firebase-ios-sdk/FirebaseAI/Sources/Types/Internal/Live/BidiGenerateContentToolCall.swift /Users/siam/Library/Developer/Xcode/DerivedData/Lingua_Quest-gvpckrqxtbgyprbgppjfqmimmmfw/SourcePackages/checkouts/firebase-ios-sdk/FirebaseAI/Sources/Types/Internal/Live/BidiGenerateContentToolCallCancellation.swift /Users/siam/Library/Developer/Xcode/DerivedData/Lingua_Quest-gvpckrqxtbgyprbgppjfqmimmmfw/SourcePackages/checkouts/firebase-ios-sdk/FirebaseAI/Sources/Types/Internal/Live/BidiGenerateContentToolResponse.swift /Users/siam/Library/Developer/Xcode/DerivedData/Lingua_Quest-gvpckrqxtbgyprbgppjfqmimmmfw/SourcePackages/checkouts/firebase-ios-sdk/FirebaseAI/Sources/Types/Internal/Live/BidiGenerateContentTranscription.swift /Users/siam/Library/Developer/Xcode/DerivedData/Lingua_Quest-gvpckrqxtbgyprbgppjfqmimmmfw/SourcePackages/checkouts/firebase-ios-sdk/FirebaseAI/Sources/Types/Internal/Live/BidiGenerationConfig.swift /Users/siam/Library/Developer/Xcode/DerivedData/Lingua_Quest-gvpckrqxtbgyprbgppjfqmimmmfw/SourcePackages/checkouts/firebase-ios-sdk/FirebaseAI/Sources/Types/Internal/Live/BidiSessionResumptionUpdate.swift /Users/siam/Library/Developer/Xcode/DerivedData/Lingua_Quest-gvpckrqxtbgyprbgppjfqmimmmfw/SourcePackages/checkouts/firebase-ios-sdk/FirebaseAI/Sources/Types/Internal/Live/GoAway.swift /Users/siam/Library/Developer/Xcode/DerivedData/Lingua_Quest-gvpckrqxtbgyprbgppjfqmimmmfw/SourcePackages/checkouts/firebase-ios-sdk/FirebaseAI/Sources/Types/Internal/Live/LiveSessionService.swift /Users/siam/Library/Developer/Xcode/DerivedData/Lingua_Quest-gvpckrqxtbgyprbgppjfqmimmmfw/SourcePackages/checkouts/firebase-ios-sdk/FirebaseAI/Sources/Types/Internal/ProtoDate.swift /Users/siam/Library/Developer/Xcode/DerivedData/Lingua_Quest-gvpckrqxtbgyprbgppjfqmimmmfw/SourcePackages/checkouts/firebase-ios-sdk/FirebaseAI/Sources/Types/Internal/ProtoDuration.swift (in target 'FirebaseAILogic' from project 'Firebase')

SwiftCompile normal x86_64 /Users/siam/Library/Developer/Xcode/DerivedData/Lingua_Quest-gvpckrqxtbgyprbgppjfqmimmmfw/SourcePackages/checkouts/firebase-ios-sdk/FirebaseAI/Sources/Types/Internal/Live/BidiGenerateContentSetupComplete.swift (in target 'FirebaseAILogic' from project 'Firebase')
    cd /Users/siam/Desktop/Lingua\ Quest/Lingua\ Quest.xcodeproj
    

SwiftCompile normal x86_64 /Users/siam/Library/Developer/Xcode/DerivedData/Lingua_Quest-gvpckrqxtbgyprbgppjfqmimmmfw/SourcePackages/checkouts/firebase-ios-sdk/FirebaseAI/Sources/Types/Internal/Live/BidiGenerateContentToolCall.swift (in target 'FirebaseAILogic' from project 'Firebase')
    cd /Users/siam/Desktop/Lingua\ Quest/Lingua\ Quest.xcodeproj
    

SwiftCompile normal x86_64 /Users/siam/Library/Developer/Xcode/DerivedData/Lingua_Quest-gvpckrqxtbgyprbgppjfqmimmmfw/SourcePackages/checkouts/firebase-ios-sdk/FirebaseAI/Sources/Types/Internal/Live/BidiGenerateContentToolCallCancellation.swift (in target 'FirebaseAILogic' from project 'Firebase')
    cd /Users/siam/Desktop/Lingua\ Quest/Lingua\ Quest.xcodeproj
    

SwiftCompile normal x86_64 /Users/siam/Library/Developer/Xcode/DerivedData/Lingua_Quest-gvpckrqxtbgyprbgppjfqmimmmfw/SourcePackages/checkouts/firebase-ios-sdk/FirebaseAI/Sources/Types/Internal/Live/BidiGenerateContentToolResponse.swift (in target 'FirebaseAILogic' from project 'Firebase')
    cd /Users/siam/Desktop/Lingua\ Quest/Lingua\ Quest.xcodeproj
    

SwiftCompile normal x86_64 /Users/siam/Library/Developer/Xcode/DerivedData/Lingua_Quest-gvpckrqxtbgyprbgppjfqmimmmfw/SourcePackages/checkouts/firebase-ios-sdk/FirebaseAI/Sources/Types/Internal/Live/BidiGenerateContentTranscription.swift (in target 'FirebaseAILogic' from project 'Firebase')
    cd /Users/siam/Desktop/Lingua\ Quest/Lingua\ Quest.xcodeproj
    

SwiftCompile normal x86_64 /Users/siam/Library/Developer/Xcode/DerivedData/Lingua_Quest-gvpckrqxtbgyprbgppjfqmimmmfw/SourcePackages/checkouts/firebase-ios-sdk/FirebaseAI/Sources/Types/Internal/Live/BidiGenerationConfig.swift (in target 'FirebaseAILogic' from project 'Firebase')
    cd /Users/siam/Desktop/Lingua\ Quest/Lingua\ Quest.xcodeproj
    

SwiftCompile normal x86_64 /Users/siam/Library/Developer/Xcode/DerivedData/Lingua_Quest-gvpckrqxtbgyprbgppjfqmimmmfw/SourcePackages/checkouts/firebase-ios-sdk/FirebaseAI/Sources/Types/Internal/Live/BidiSessionResumptionUpdate.swift (in target 'FirebaseAILogic' from project 'Firebase')
    cd /Users/siam/Desktop/Lingua\ Quest/Lingua\ Quest.xcodeproj
    

SwiftCompile normal x86_64 /Users/siam/Library/Developer/Xcode/DerivedData/Lingua_Quest-gvpckrqxtbgyprbgppjfqmimmmfw/SourcePackages/checkouts/firebase-ios-sdk/FirebaseAI/Sources/Types/Internal/Live/GoAway.swift (in target 'FirebaseAILogic' from project 'Firebase')
    cd /Users/siam/Desktop/Lingua\ Quest/Lingua\ Quest.xcodeproj
    

SwiftCompile normal x86_64 /Users/siam/Library/Developer/Xcode/DerivedData/Lingua_Quest-gvpckrqxtbgyprbgppjfqmimmmfw/SourcePackages/checkouts/firebase-ios-sdk/FirebaseAI/Sources/Types/Internal/Live/LiveSessionService.swift (in target 'FirebaseAILogic' from project 'Firebase')
    cd /Users/siam/Desktop/Lingua\ Quest/Lingua\ Quest.xcodeproj
    

SwiftCompile normal x86_64 /Users/siam/Library/Developer/Xcode/DerivedData/Lingua_Quest-gvpckrqxtbgyprbgppjfqmimmmfw/SourcePackages/checkouts/firebase-ios-sdk/FirebaseAI/Sources/Types/Internal/ProtoDate.swift (in target 'FirebaseAILogic' from project 'Firebase')
    cd /Users/siam/Desktop/Lingua\ Quest/Lingua\ Quest.xcodeproj
    

SwiftCompile normal x86_64 /Users/siam/Library/Developer/Xcode/DerivedData/Lingua_Quest-gvpckrqxtbgyprbgppjfqmimmmfw/SourcePackages/checkouts/firebase-ios-sdk/FirebaseAI/Sources/Types/Internal/ProtoDuration.swift (in target 'FirebaseAILogic' from project 'Firebase')
    cd /Users/siam/Desktop/Lingua\ Quest/Lingua\ Quest.xcodeproj
    

SwiftDriverJobDiscovery normal x86_64 Compiling SpeechConfig.swift, GeneratedContent.swift, GenerationID.swift, GenerationSchema.swift, SystemLanguageModel.swift, TemplateToolConfig.swift, ThinkingConfig.swift, CodeExecution.swift, GoogleMaps.swift, URLContextMetadata.swift, URLMetadata.swift (in target 'FirebaseAILogic' from project 'Firebase')

SwiftCompile normal arm64 Compiling\ PartsRepresentable+Image.swift,\ PartsRepresentable.swift,\ CodableProtoEnum.swift,\ ConvertibleToGeneratedContent.swift,\ ConvertibleFromGeneratedContent.swift,\ GenerationOptionsRepresentable.swift,\ LanguageModel.swift,\ LanguageModelProvider.swift,\ ModelSession.swift,\ ToolRepresentable.swift,\ Safety.swift /Users/siam/Library/Developer/Xcode/DerivedData/Lingua_Quest-gvpckrqxtbgyprbgppjfqmimmmfw/SourcePackages/checkouts/firebase-ios-sdk/FirebaseAI/Sources/PartsRepresentable+Image.swift /Users/siam/Library/Developer/Xcode/DerivedData/Lingua_Quest-gvpckrqxtbgyprbgppjfqmimmmfw/SourcePackages/checkouts/firebase-ios-sdk/FirebaseAI/Sources/PartsRepresentable.swift /Users/siam/Library/Developer/Xcode/DerivedData/Lingua_Quest-gvpckrqxtbgyprbgppjfqmimmmfw/SourcePackages/checkouts/firebase-ios-sdk/FirebaseAI/Sources/Protocols/Internal/CodableProtoEnum.swift /Users/siam/Library/Developer/Xcode/DerivedData/Lingua_Quest-gvpckrqxtbgyprbgppjfqmimmmfw/SourcePackages/checkouts/firebase-ios-sdk/FirebaseAI/Sources/Protocols/Internal/ConvertibleToGeneratedContent.swift /Users/siam/Library/Developer/Xcode/DerivedData/Lingua_Quest-gvpckrqxtbgyprbgppjfqmimmmfw/SourcePackages/checkouts/firebase-ios-sdk/FirebaseAI/Sources/Protocols/Public/ConvertibleFromGeneratedContent.swift /Users/siam/Library/Developer/Xcode/DerivedData/Lingua_Quest-gvpckrqxtbgyprbgppjfqmimmmfw/SourcePackages/checkouts/firebase-ios-sdk/FirebaseAI/Sources/Protocols/Public/GenerationOptionsRepresentable.swift /Users/siam/Library/Developer/Xcode/DerivedData/Lingua_Quest-gvpckrqxtbgyprbgppjfqmimmmfw/SourcePackages/checkouts/firebase-ios-sdk/FirebaseAI/Sources/Protocols/Public/LanguageModel.swift /Users/siam/Library/Developer/Xcode/DerivedData/Lingua_Quest-gvpckrqxtbgyprbgppjfqmimmmfw/SourcePackages/checkouts/firebase-ios-sdk/FirebaseAI/Sources/Protocols/Public/LanguageModelProvider.swift /Users/siam/Library/Developer/Xcode/DerivedData/Lingua_Quest-gvpckrqxtbgyprbgppjfqmimmmfw/SourcePackages/checkouts/firebase-ios-sdk/FirebaseAI/Sources/Protocols/Public/ModelSession.swift /Users/siam/Library/Developer/Xcode/DerivedData/Lingua_Quest-gvpckrqxtbgyprbgppjfqmimmmfw/SourcePackages/checkouts/firebase-ios-sdk/FirebaseAI/Sources/Protocols/Public/ToolRepresentable.swift /Users/siam/Library/Developer/Xcode/DerivedData/Lingua_Quest-gvpckrqxtbgyprbgppjfqmimmmfw/SourcePackages/checkouts/firebase-ios-sdk/FirebaseAI/Sources/Safety.swift (in target 'FirebaseAILogic' from project 'Firebase')

SwiftCompile normal arm64 /Users/siam/Library/Developer/Xcode/DerivedData/Lingua_Quest-gvpckrqxtbgyprbgppjfqmimmmfw/SourcePackages/checkouts/firebase-ios-sdk/FirebaseAI/Sources/PartsRepresentable+Image.swift (in target 'FirebaseAILogic' from project 'Firebase')
    cd /Users/siam/Desktop/Lingua\ Quest/Lingua\ Quest.xcodeproj
    

SwiftCompile normal arm64 /Users/siam/Library/Developer/Xcode/DerivedData/Lingua_Quest-gvpckrqxtbgyprbgppjfqmimmmfw/SourcePackages/checkouts/firebase-ios-sdk/FirebaseAI/Sources/PartsRepresentable.swift (in target 'FirebaseAILogic' from project 'Firebase')
    cd /Users/siam/Desktop/Lingua\ Quest/Lingua\ Quest.xcodeproj
    

SwiftCompile normal arm64 /Users/siam/Library/Developer/Xcode/DerivedData/Lingua_Quest-gvpckrqxtbgyprbgppjfqmimmmfw/SourcePackages/checkouts/firebase-ios-sdk/FirebaseAI/Sources/Protocols/Internal/CodableProtoEnum.swift (in target 'FirebaseAILogic' from project 'Firebase')
    cd /Users/siam/Desktop/Lingua\ Quest/Lingua\ Quest.xcodeproj
    

SwiftCompile normal arm64 /Users/siam/Library/Developer/Xcode/DerivedData/Lingua_Quest-gvpckrqxtbgyprbgppjfqmimmmfw/SourcePackages/checkouts/firebase-ios-sdk/FirebaseAI/Sources/Protocols/Internal/ConvertibleToGeneratedContent.swift (in target 'FirebaseAILogic' from project 'Firebase')
    cd /Users/siam/Desktop/Lingua\ Quest/Lingua\ Quest.xcodeproj
    

SwiftCompile normal arm64 /Users/siam/Library/Developer/Xcode/DerivedData/Lingua_Quest-gvpckrqxtbgyprbgppjfqmimmmfw/SourcePackages/checkouts/firebase-ios-sdk/FirebaseAI/Sources/Protocols/Public/ConvertibleFromGeneratedContent.swift (in target 'FirebaseAILogic' from project 'Firebase')
    cd /Users/siam/Desktop/Lingua\ Quest/Lingua\ Quest.xcodeproj
    

SwiftCompile normal arm64 /Users/siam/Library/Developer/Xcode/DerivedData/Lingua_Quest-gvpckrqxtbgyprbgppjfqmimmmfw/SourcePackages/checkouts/firebase-ios-sdk/FirebaseAI/Sources/Protocols/Public/GenerationOptionsRepresentable.swift (in target 'FirebaseAILogic' from project 'Firebase')
    cd /Users/siam/Desktop/Lingua\ Quest/Lingua\ Quest.xcodeproj
    

SwiftCompile normal arm64 /Users/siam/Library/Developer/Xcode/DerivedData/Lingua_Quest-gvpckrqxtbgyprbgppjfqmimmmfw/SourcePackages/checkouts/firebase-ios-sdk/FirebaseAI/Sources/Protocols/Public/LanguageModel.swift (in target 'FirebaseAILogic' from project 'Firebase')
    cd /Users/siam/Desktop/Lingua\ Quest/Lingua\ Quest.xcodeproj
    

SwiftCompile normal arm64 /Users/siam/Library/Developer/Xcode/DerivedData/Lingua_Quest-gvpckrqxtbgyprbgppjfqmimmmfw/SourcePackages/checkouts/firebase-ios-sdk/FirebaseAI/Sources/Protocols/Public/LanguageModelProvider.swift (in target 'FirebaseAILogic' from project 'Firebase')
    cd /Users/siam/Desktop/Lingua\ Quest/Lingua\ Quest.xcodeproj
    

SwiftCompile normal arm64 /Users/siam/Library/Developer/Xcode/DerivedData/Lingua_Quest-gvpckrqxtbgyprbgppjfqmimmmfw/SourcePackages/checkouts/firebase-ios-sdk/FirebaseAI/Sources/Protocols/Public/ModelSession.swift (in target 'FirebaseAILogic' from project 'Firebase')
    cd /Users/siam/Desktop/Lingua\ Quest/Lingua\ Quest.xcodeproj
    

SwiftCompile normal arm64 /Users/siam/Library/Developer/Xcode/DerivedData/Lingua_Quest-gvpckrqxtbgyprbgppjfqmimmmfw/SourcePackages/checkouts/firebase-ios-sdk/FirebaseAI/Sources/Protocols/Public/ToolRepresentable.swift (in target 'FirebaseAILogic' from project 'Firebase')
    cd /Users/siam/Desktop/Lingua\ Quest/Lingua\ Quest.xcodeproj
    

SwiftCompile normal arm64 /Users/siam/Library/Developer/Xcode/DerivedData/Lingua_Quest-gvpckrqxtbgyprbgppjfqmimmmfw/SourcePackages/checkouts/firebase-ios-sdk/FirebaseAI/Sources/Safety.swift (in target 'FirebaseAILogic' from project 'Firebase')
    cd /Users/siam/Desktop/Lingua\ Quest/Lingua\ Quest.xcodeproj
    

SwiftDriverJobDiscovery normal x86_64 Compiling ImagenSafetySettings.swift, AudioTranscriptionConfig.swift, ContextWindowCompressionConfig.swift, LiveAudioTranscription.swift, LiveGenerationConfig.swift, LiveGenerativeModel.swift, LiveServerContent.swift, LiveServerGoingAwayNotice.swift, LiveServerMessage.swift, LiveServerToolCall.swift, LiveServerToolCallCancellation.swift (in target 'FirebaseAILogic' from project 'Firebase')

SwiftDriverJobDiscovery normal x86_64 Compiling AILog.swift, Chat.swift, Constants.swift, Errors.swift, ConvertibleFromGeneratedContent+Firebase.swift, GenerationSchema+Gemini.swift, JSONSerialization+prettyString.swift, LanguageModelSession+ModelSession.swift, SystemLanguageModel+LanguageModel.swift, FirebaseAI.swift, FirebaseInfo.swift, GenAIURLSession.swift (in target 'FirebaseAILogic' from project 'Firebase')

ExtractAppIntentsMetadata (in target 'FirebaseAuth' from project 'Firebase')
    cd /Users/siam/Library/Developer/Xcode/DerivedData/Lingua_Quest-gvpckrqxtbgyprbgppjfqmimmmfw/SourcePackages/checkouts/firebase-ios-sdk
    /Applications/Xcode.app/Contents/Developer/Toolchains/XcodeDefault.xctoolchain/usr/bin/appintentsmetadataprocessor --toolchain-dir /Applications/Xcode.app/Contents/Developer/Toolchains/XcodeDefault.xctoolchain --module-name FirebaseAuth --sdk-root /Applications/Xcode.app/Contents/Developer/Platforms/iPhoneSimulator.platform/Developer/SDKs/iPhoneSimulator26.0.sdk --xcode-version 17A400 --platform-family iOS --deployment-target 15.0 --bundle-identifier firebase-ios-sdk.FirebaseAuth --output /Users/siam/Library/Developer/Xcode/DerivedData/Lingua_Quest-gvpckrqxtbgyprbgppjfqmimmmfw/Build/Products/Debug-iphonesimulator/FirebaseAuth.appintents --target-triple arm64-apple-ios15.0-simulator --target-triple x86_64-apple-ios15.0-simulator --binary-file /Users/siam/Library/Developer/Xcode/DerivedData/Lingua_Quest-gvpckrqxtbgyprbgppjfqmimmmfw/Build/Products/Debug-iphonesimulator/FirebaseAuth.o --dependency-file /Users/siam/Library/Developer/Xcode/DerivedData/Lingua_Quest-gvpckrqxtbgyprbgppjfqmimmmfw/Build/Intermediates.noindex/Firebase.build/Debug-iphonesimulator/FirebaseAuth.build/Objects-normal/arm64/FirebaseAuth_dependency_info.dat --dependency-file /Users/siam/Library/Developer/Xcode/DerivedData/Lingua_Quest-gvpckrqxtbgyprbgppjfqmimmmfw/Build/Intermediates.noindex/Firebase.build/Debug-iphonesimulator/FirebaseAuth.build/Objects-normal/x86_64/FirebaseAuth_dependency_info.dat --stringsdata-file /Users/siam/Library/Developer/Xcode/DerivedData/Lingua_Quest-gvpckrqxtbgyprbgppjfqmimmmfw/Build/Intermediates.noindex/Firebase.build/Debug-iphonesimulator/FirebaseAuth.build/Objects-normal/arm64/ExtractedAppShortcutsMetadata.stringsdata --stringsdata-file /Users/siam/Library/Developer/Xcode/DerivedData/Lingua_Quest-gvpckrqxtbgyprbgppjfqmimmmfw/Build/Intermediates.noindex/Firebase.build/Debug-iphonesimulator/FirebaseAuth.build/Objects-normal/x86_64/ExtractedAppShortcutsMetadata.stringsdata --source-file-list /Users/siam/Library/Developer/Xcode/DerivedData/Lingua_Quest-gvpckrqxtbgyprbgppjfqmimmmfw/Build/Intermediates.noindex/Firebase.build/Debug-iphonesimulator/FirebaseAuth.build/Objects-normal/arm64/FirebaseAuth.SwiftFileList --source-file-list /Users/siam/Library/Developer/Xcode/DerivedData/Lingua_Quest-gvpckrqxtbgyprbgppjfqmimmmfw/Build/Intermediates.noindex/Firebase.build/Debug-iphonesimulator/FirebaseAuth.build/Objects-normal/x86_64/FirebaseAuth.SwiftFileList --metadata-file-list /Users/siam/Library/Developer/Xcode/DerivedData/Lingua_Quest-gvpckrqxtbgyprbgppjfqmimmmfw/Build/Intermediates.noindex/Firebase.build/Debug-iphonesimulator/FirebaseAuth.build/FirebaseAuth.DependencyMetadataFileList --static-metadata-file-list /Users/siam/Library/Developer/Xcode/DerivedData/Lingua_Quest-gvpckrqxtbgyprbgppjfqmimmmfw/Build/Intermediates.noindex/Firebase.build/Debug-iphonesimulator/FirebaseAuth.build/FirebaseAuth.DependencyStaticMetadataFileList --swift-const-vals-list /Users/siam/Library/Developer/Xcode/DerivedData/Lingua_Quest-gvpckrqxtbgyprbgppjfqmimmmfw/Build/Intermediates.noindex/Firebase.build/Debug-iphonesimulator/FirebaseAuth.build/Objects-normal/arm64/FirebaseAuth.SwiftConstValuesFileList --swift-const-vals-list /Users/siam/Library/Developer/Xcode/DerivedData/Lingua_Quest-gvpckrqxtbgyprbgppjfqmimmmfw/Build/Intermediates.noindex/Firebase.build/Debug-iphonesimulator/FirebaseAuth.build/Objects-normal/x86_64/FirebaseAuth.SwiftConstValuesFileList --force --compile-time-extraction --deployment-aware-processing --validate-assistant-intents --no-app-shortcuts-localization
2026-07-23 19:53:50.542 appintentsmetadataprocessor[10890:97385] Starting appintentsmetadataprocessor export
2026-07-23 19:53:54.532 appintentsmetadataprocessor[10890:97385] Extracted no relevant App Intents symbols, skipping writing output

SwiftDriverJobDiscovery normal x86_64 Compiling InternalImagenImage.swift, RAIFilteredReason.swift, InternalPart.swift, AsyncWebSocket.swift, BidiContextWindowCompressionConfig.swift, BidiGenerateContentClientContent.swift, BidiGenerateContentClientMessage.swift, BidiGenerateContentRealtimeInput.swift, BidiGenerateContentServerContent.swift, BidiGenerateContentServerMessage.swift, BidiGenerateContentSetup.swift (in target 'FirebaseAILogic' from project 'Firebase')

SwiftDriver FirebaseAI normal x86_64 com.apple.xcode.tools.swift.compiler (in target 'FirebaseAI' from project 'Firebase')
    cd /Users/siam/Desktop/Lingua\ Quest/Lingua\ Quest.xcodeproj
    builtin-SwiftDriver -- /Applications/Xcode.app/Contents/Developer/Toolchains/XcodeDefault.xctoolchain/usr/bin/swiftc -module-name FirebaseAI -Onone -enforce-exclusivity\=checked @/Users/siam/Library/Developer/Xcode/DerivedData/Lingua_Quest-gvpckrqxtbgyprbgppjfqmimmmfw/Build/Intermediates.noindex/Firebase.build/Debug-iphonesimulator/FirebaseAI.build/Objects-normal/x86_64/FirebaseAI.SwiftFileList -DSWIFT_PACKAGE -DDEBUG -DSWIFT_MODULE_RESOURCE_BUNDLE_UNAVAILABLE -Xcc -fmodule-map-file\=/Users/siam/Library/Developer/Xcode/DerivedData/Lingua_Quest-gvpckrqxtbgyprbgppjfqmimmmfw/Build/Intermediates.noindex/GeneratedModuleMaps-iphonesimulator/GoogleUtilities-NSData.modulemap -Xcc -fmodule-map-file\=/Users/siam/Library/Developer/Xcode/DerivedData/Lingua_Quest-gvpckrqxtbgyprbgppjfqmimmmfw/Build/Intermediates.noindex/GeneratedModuleMaps-iphonesimulator/RecaptchaInterop.modulemap -Xcc -fmodule-map-file\=/Users/siam/Library/Developer/Xcode/DerivedData/Lingua_Quest-gvpckrqxtbgyprbgppjfqmimmmfw/Build/Intermediates.noindex/GeneratedModuleMaps-iphonesimulator/AppCheckCore.modulemap -Xcc -fmodule-map-file\=/Users/siam/Library/Developer/Xcode/DerivedData/Lingua_Quest-gvpckrqxtbgyprbgppjfqmimmmfw/Build/Intermediates.noindex/GeneratedModuleMaps-iphonesimulator/GoogleUtilities-Logger.modulemap -Xcc -fmodule-map-file\=/Users/siam/Library/Developer/Xcode/DerivedData/Lingua_Quest-gvpckrqxtbgyprbgppjfqmimmmfw/Build/Intermediates.noindex/GeneratedModuleMaps-iphonesimulator/GoogleUtilities-Environment.modulemap -Xcc -fmodule-map-file\=/Users/siam/Library/Developer/Xcode/DerivedData/Lingua_Quest-gvpckrqxtbgyprbgppjfqmimmmfw/Build/Intermediates.noindex/GeneratedModuleMaps-iphonesimulator/third-party-IsAppEncrypted.modulemap -Xcc -fmodule-map-file\=/Users/siam/Library/Developer/Xcode/DerivedData/Lingua_Quest-gvpckrqxtbgyprbgppjfqmimmmfw/Build/Intermediates.noindex/GeneratedModuleMaps-iphonesimulator/GoogleUtilities-UserDefaults.modulemap -Xcc -fmodule-map-file\=/Users/siam/Library/Developer/Xcode/DerivedData/Lingua_Quest-gvpckrqxtbgyprbgppjfqmimmmfw/Build/Intermediates.noindex/GeneratedModuleMaps-iphonesimulator/FirebaseCoreExtension.modulemap -Xcc -fmodule-map-file\=/Users/siam/Library/Developer/Xcode/DerivedData/Lingua_Quest-gvpckrqxtbgyprbgppjfqmimmmfw/Build/Intermediates.noindex/GeneratedModuleMaps-iphonesimulator/FirebaseAuthInterop.modulemap -Xcc -fmodule-map-file\=/Users/siam/Library/Developer/Xcode/DerivedData/Lingua_Quest-gvpckrqxtbgyprbgppjfqmimmmfw/Build/Intermediates.noindex/GeneratedModuleMaps-iphonesimulator/FirebaseAppCheck.modulemap -Xcc -fmodule-map-file\=/Users/siam/Library/Developer/Xcode/DerivedData/Lingua_Quest-gvpckrqxtbgyprbgppjfqmimmmfw/Build/Intermediates.noindex/GeneratedModuleMaps-iphonesimulator/FirebaseCore.modulemap -Xcc -fmodule-map-file\=/Users/siam/Library/Developer/Xcode/DerivedData/Lingua_Quest-gvpckrqxtbgyprbgppjfqmimmmfw/Build/Intermediates.noindex/GeneratedModuleMaps-iphonesimulator/FirebaseAppCheckInterop.modulemap -DXcode -plugin-path /Applications/Xcode.app/Contents/Developer/Toolchains/XcodeDefault.xctoolchain/usr/lib/swift/host/plugins/testing -enable-experimental-feature DebugDescriptionMacro -sdk /Applications/Xcode.app/Contents/Developer/Platforms/iPhoneSimulator.platform/Developer/SDKs/iPhoneSimulator26.0.sdk -target x86_64-apple-ios15.0-simulator -g -module-cache-path /Users/siam/Library/Developer/Xcode/DerivedData/ModuleCache.noindex -Xfrontend -serialize-debugging-options -profile-coverage-mapping -profile-generate -enable-testing -suppress-warnings -index-store-path /Users/siam/Library/Developer/Xcode/DerivedData/Lingua_Quest-gvpckrqxtbgyprbgppjfqmimmmfw/Index.noindex/DataStore -Xcc -D_LIBCPP_HARDENING_MODE\=_LIBCPP_HARDENING_MODE_DEBUG -swift-version 6 -I /Users/siam/Library/Developer/Xcode/DerivedData/Lingua_Quest-gvpckrqxtbgyprbgppjfqmimmmfw/Build/Products/Debug-iphonesimulator -Isystem /Applications/Xcode.app/Contents/Developer/Platforms/iPhoneSimulator.platform/Developer/usr/lib -F /Users/siam/Library/Developer/Xcode/DerivedData/Lingua_Quest-gvpckrqxtbgyprbgppjfqmimmmfw/Build/Products/Debug-iphonesimulator/PackageFrameworks -F /Users/siam/Library/Developer/Xcode/DerivedData/Lingua_Quest-gvpckrqxtbgyprbgppjfqmimmmfw/Build/Products/Debug-iphonesimulator/PackageFrameworks -F /Users/siam/Library/Developer/Xcode/DerivedData/Lingua_Quest-gvpckrqxtbgyprbgppjfqmimmmfw/Build/Products/Debug-iphonesimulator/PackageFrameworks -F /Users/siam/Library/Developer/Xcode/DerivedData/Lingua_Quest-gvpckrqxtbgyprbgppjfqmimmmfw/Build/Products/Debug-iphonesimulator/PackageFrameworks -F /Users/siam/Library/Developer/Xcode/DerivedData/Lingua_Quest-gvpckrqxtbgyprbgppjfqmimmmfw/Build/Products/Debug-iphonesimulator/PackageFrameworks -F /Users/siam/Library/Developer/Xcode/DerivedData/Lingua_Quest-gvpckrqxtbgyprbgppjfqmimmmfw/Build/Products/Debug-iphonesimulator/PackageFrameworks -F /Users/siam/Library/Developer/Xcode/DerivedData/Lingua_Quest-gvpckrqxtbgyprbgppjfqmimmmfw/Build/Products/Debug-iphonesimulator/PackageFrameworks -F /Users/siam/Library/Developer/Xcode/DerivedData/Lingua_Quest-gvpckrqxtbgyprbgppjfqmimmmfw/Build/Products/Debug-iphonesimulator/PackageFrameworks -F /Users/siam/Library/Developer/Xcode/DerivedData/Lingua_Quest-gvpckrqxtbgyprbgppjfqmimmmfw/Build/Products/Debug-iphonesimulator/PackageFrameworks -F /Users/siam/Library/Developer/Xcode/DerivedData/Lingua_Quest-gvpckrqxtbgyprbgppjfqmimmmfw/Build/Products/Debug-iphonesimulator/PackageFrameworks -F /Users/siam/Library/Developer/Xcode/DerivedData/Lingua_Quest-gvpckrqxtbgyprbgppjfqmimmmfw/Build/Products/Debug-iphonesimulator/PackageFrameworks -F /Users/siam/Library/Developer/Xcode/DerivedData/Lingua_Quest-gvpckrqxtbgyprbgppjfqmimmmfw/Build/Products/Debug-iphonesimulator/PackageFrameworks -F /Users/siam/Library/Developer/Xcode/DerivedData/Lingua_Quest-gvpckrqxtbgyprbgppjfqmimmmfw/Build/Products/Debug-iphonesimulator/PackageFrameworks -F /Users/siam/Library/Developer/Xcode/DerivedData/Lingua_Quest-gvpckrqxtbgyprbgppjfqmimmmfw/Build/Products/Debug-iphonesimulator/PackageFrameworks -F /Users/siam/Library/Developer/Xcode/DerivedData/Lingua_Quest-gvpckrqxtbgyprbgppjfqmimmmfw/Build/Products/Debug-iphonesimulator/PackageFrameworks -F /Users/siam/Library/Developer/Xcode/DerivedData/Lingua_Quest-gvpckrqxtbgyprbgppjfqmimmmfw/Build/Products/Debug-iphonesimulator/PackageFrameworks -F /Users/siam/Library/Developer/Xcode/DerivedData/Lingua_Quest-gvpckrqxtbgyprbgppjfqmimmmfw/Build/Products/Debug-iphonesimulator/PackageFrameworks -F /Users/siam/Library/Developer/Xcode/DerivedData/Lingua_Quest-gvpckrqxtbgyprbgppjfqmimmmfw/Build/Products/Debug-iphonesimulator/PackageFrameworks -F /Users/siam/Library/Developer/Xcode/DerivedData/Lingua_Quest-gvpckrqxtbgyprbgppjfqmimmmfw/Build/Products/Debug-iphonesimulator -F /Applications/Xcode.app/Contents/Developer/Platforms/iPhoneSimulator.platform/Developer/Library/Frameworks -F /Applications/Xcode.app/Contents/Developer/Platforms/iPhoneSimulator.platform/Developer/SDKs/iPhoneSimulator26.0.sdk/Developer/Library/Frameworks -parse-as-library -c -j12 -enable-batch-mode -incremental -Xcc -ivfsstatcache -Xcc /Users/siam/Library/Developer/Xcode/DerivedData/SDKStatCaches.noindex/iphonesimulator26.0-23A339-26257891a6c027eb51374368541b8346.sdkstatcache -output-file-map /Users/siam/Library/Developer/Xcode/DerivedData/Lingua_Quest-gvpckrqxtbgyprbgppjfqmimmmfw/Build/Intermediates.noindex/Firebase.build/Debug-iphonesimulator/FirebaseAI.build/Objects-normal/x86_64/FirebaseAI-OutputFileMap.json -use-frontend-parseable-output -save-temps -no-color-diagnostics -explicit-module-build -module-cache-path /Users/siam/Library/Developer/Xcode/DerivedData/Lingua_Quest-gvpckrqxtbgyprbgppjfqmimmmfw/Build/Intermediates.noindex/SwiftExplicitPrecompiledModules -clang-scanner-module-cache-path /Users/siam/Library/Developer/Xcode/DerivedData/ModuleCache.noindex -sdk-module-cache-path /Users/siam/Library/Developer/Xcode/DerivedData/ModuleCache.noindex -serialize-diagnostics -emit-dependencies -emit-module -emit-module-path /Users/siam/Library/Developer/Xcode/DerivedData/Lingua_Quest-gvpckrqxtbgyprbgppjfqmimmmfw/Build/Intermediates.noindex/Firebase.build/Debug-iphonesimulator/FirebaseAI.build/Objects-normal/x86_64/FirebaseAI.swiftmodule -user-module-version 12.16.0 -validate-clang-modules-once -clang-build-session-file /Users/siam/Library/Developer/Xcode/DerivedData/ModuleCache.noindex/Session.modulevalidation -package-name firebase_ios_sdk -Xcc -I/Users/siam/Library/Developer/Xcode/DerivedData/Lingua_Quest-gvpckrqxtbgyprbgppjfqmimmmfw/Build/Intermediates.noindex/Firebase.build/Debug-iphonesimulator/FirebaseAI.build/swift-overrides.hmap -emit-const-values -Xfrontend -const-gather-protocols-file -Xfrontend /Users/siam/Library/Developer/Xcode/DerivedData/Lingua_Quest-gvpckrqxtbgyprbgppjfqmimmmfw/Build/Intermediates.noindex/Firebase.build/Debug-iphonesimulator/FirebaseAI.build/Objects-normal/x86_64/FirebaseAI_const_extract_protocols.json -Xcc -I/Users/siam/Library/Developer/Xcode/DerivedData/Lingua_Quest-gvpckrqxtbgyprbgppjfqmimmmfw/SourcePackages/checkouts/GoogleUtilities/GoogleUtilities/NSData+zlib/Public -Xcc -I/Users/siam/Library/Developer/Xcode/DerivedData/Lingua_Quest-gvpckrqxtbgyprbgppjfqmimmmfw/SourcePackages/checkouts/interop-ios-for-google-sdks/RecaptchaEnterprise/RecaptchaInterop/Public -Xcc -I/Users/siam/Library/Developer/Xcode/DerivedData/Lingua_Quest-gvpckrqxtbgyprbgppjfqmimmmfw/SourcePackages/checkouts/promises/Sources/FBLPromises/include -Xcc -I/Users/siam/Library/Developer/Xcode/DerivedData/Lingua_Quest-gvpckrqxtbgyprbgppjfqmimmmfw/SourcePackages/checkouts/app-check/AppCheckCore/Sources/Public -Xcc -I/Users/siam/Library/Developer/Xcode/DerivedData/Lingua_Quest-gvpckrqxtbgyprbgppjfqmimmmfw/SourcePackages/checkouts/GoogleUtilities/GoogleUtilities/Logger/Public -Xcc -I/Users/siam/Library/Developer/Xcode/DerivedData/Lingua_Quest-gvpckrqxtbgyprbgppjfqmimmmfw/SourcePackages/checkouts/GoogleUtilities/GoogleUtilities/Environment/Public -Xcc -I/Users/siam/Library/Developer/Xcode/DerivedData/Lingua_Quest-gvpckrqxtbgyprbgppjfqmimmmfw/SourcePackages/checkouts/GoogleUtilities/third_party/IsAppEncrypted/Public -Xcc -I/Users/siam/Library/Developer/Xcode/DerivedData/Lingua_Quest-gvpckrqxtbgyprbgppjfqmimmmfw/SourcePackages/checkouts/GoogleUtilities/GoogleUtilities/UserDefaults/Public -Xcc -I/Users/siam/Library/Developer/Xcode/DerivedData/Lingua_Quest-gvpckrqxtbgyprbgppjfqmimmmfw/SourcePackages/checkouts/firebase-ios-sdk/FirebaseCore/Extension -Xcc -I/Users/siam/Library/Developer/Xcode/DerivedData/Lingua_Quest-gvpckrqxtbgyprbgppjfqmimmmfw/SourcePackages/checkouts/firebase-ios-sdk/FirebaseAuth/Interop/Public -Xcc -I/Users/siam/Library/Developer/Xcode/DerivedData/Lingua_Quest-gvpckrqxtbgyprbgppjfqmimmmfw/SourcePackages/checkouts/firebase-ios-sdk/FirebaseAppCheck/Sources/Public -Xcc -I/Users/siam/Library/Developer/Xcode/DerivedData/Lingua_Quest-gvpckrqxtbgyprbgppjfqmimmmfw/SourcePackages/checkouts/firebase-ios-sdk/FirebaseCore/Sources/Public -Xcc -I/Users/siam/Library/Developer/Xcode/DerivedData/Lingua_Quest-gvpckrqxtbgyprbgppjfqmimmmfw/SourcePackages/checkouts/firebase-ios-sdk/CoreOnly/Sources -Xcc -I/Users/siam/Library/Developer/Xcode/DerivedData/Lingua_Quest-gvpckrqxtbgyprbgppjfqmimmmfw/SourcePackages/checkouts/firebase-ios-sdk/FirebaseAppCheck/Interop/Public -Xcc -I/Users/siam/Library/Developer/Xcode/DerivedData/Lingua_Quest-gvpckrqxtbgyprbgppjfqmimmmfw/Build/Products/Debug-iphonesimulator/include -Xcc -I/Users/siam/Library/Developer/Xcode/DerivedData/Lingua_Quest-gvpckrqxtbgyprbgppjfqmimmmfw/Build/Intermediates.noindex/Firebase.build/Debug-iphonesimulator/FirebaseAI.build/DerivedSources-normal/x86_64 -Xcc -I/Users/siam/Library/Developer/Xcode/DerivedData/Lingua_Quest-gvpckrqxtbgyprbgppjfqmimmmfw/Build/Intermediates.noindex/Firebase.build/Debug-iphonesimulator/FirebaseAI.build/DerivedSources/x86_64 -Xcc -I/Users/siam/Library/Developer/Xcode/DerivedData/Lingua_Quest-gvpckrqxtbgyprbgppjfqmimmmfw/Build/Intermediates.noindex/Firebase.build/Debug-iphonesimulator/FirebaseAI.build/DerivedSources -Xcc -DSWIFT_PACKAGE -Xcc -DDEBUG\=1 -emit-objc-header -emit-objc-header-path /Users/siam/Library/Developer/Xcode/DerivedData/Lingua_Quest-gvpckrqxtbgyprbgppjfqmimmmfw/Build/Intermediates.noindex/Firebase.build/Debug-iphonesimulator/FirebaseAI.build/Objects-normal/x86_64/FirebaseAI-Swift.h -working-directory /Users/siam/Desktop/Lingua\ Quest/Lingua\ Quest.xcodeproj -experimental-emit-module-separately -disable-cmo

SwiftDriver FirebaseAI normal arm64 com.apple.xcode.tools.swift.compiler (in target 'FirebaseAI' from project 'Firebase')
    cd /Users/siam/Desktop/Lingua\ Quest/Lingua\ Quest.xcodeproj
    builtin-SwiftDriver -- /Applications/Xcode.app/Contents/Developer/Toolchains/XcodeDefault.xctoolchain/usr/bin/swiftc -module-name FirebaseAI -Onone -enforce-exclusivity\=checked @/Users/siam/Library/Developer/Xcode/DerivedData/Lingua_Quest-gvpckrqxtbgyprbgppjfqmimmmfw/Build/Intermediates.noindex/Firebase.build/Debug-iphonesimulator/FirebaseAI.build/Objects-normal/arm64/FirebaseAI.SwiftFileList -DSWIFT_PACKAGE -DDEBUG -DSWIFT_MODULE_RESOURCE_BUNDLE_UNAVAILABLE -Xcc -fmodule-map-file\=/Users/siam/Library/Developer/Xcode/DerivedData/Lingua_Quest-gvpckrqxtbgyprbgppjfqmimmmfw/Build/Intermediates.noindex/GeneratedModuleMaps-iphonesimulator/GoogleUtilities-NSData.modulemap -Xcc -fmodule-map-file\=/Users/siam/Library/Developer/Xcode/DerivedData/Lingua_Quest-gvpckrqxtbgyprbgppjfqmimmmfw/Build/Intermediates.noindex/GeneratedModuleMaps-iphonesimulator/RecaptchaInterop.modulemap -Xcc -fmodule-map-file\=/Users/siam/Library/Developer/Xcode/DerivedData/Lingua_Quest-gvpckrqxtbgyprbgppjfqmimmmfw/Build/Intermediates.noindex/GeneratedModuleMaps-iphonesimulator/AppCheckCore.modulemap -Xcc -fmodule-map-file\=/Users/siam/Library/Developer/Xcode/DerivedData/Lingua_Quest-gvpckrqxtbgyprbgppjfqmimmmfw/Build/Intermediates.noindex/GeneratedModuleMaps-iphonesimulator/GoogleUtilities-Logger.modulemap -Xcc -fmodule-map-file\=/Users/siam/Library/Developer/Xcode/DerivedData/Lingua_Quest-gvpckrqxtbgyprbgppjfqmimmmfw/Build/Intermediates.noindex/GeneratedModuleMaps-iphonesimulator/GoogleUtilities-Environment.modulemap -Xcc -fmodule-map-file\=/Users/siam/Library/Developer/Xcode/DerivedData/Lingua_Quest-gvpckrqxtbgyprbgppjfqmimmmfw/Build/Intermediates.noindex/GeneratedModuleMaps-iphonesimulator/third-party-IsAppEncrypted.modulemap -Xcc -fmodule-map-file\=/Users/siam/Library/Developer/Xcode/DerivedData/Lingua_Quest-gvpckrqxtbgyprbgppjfqmimmmfw/Build/Intermediates.noindex/GeneratedModuleMaps-iphonesimulator/GoogleUtilities-UserDefaults.modulemap -Xcc -fmodule-map-file\=/Users/siam/Library/Developer/Xcode/DerivedData/Lingua_Quest-gvpckrqxtbgyprbgppjfqmimmmfw/Build/Intermediates.noindex/GeneratedModuleMaps-iphonesimulator/FirebaseCoreExtension.modulemap -Xcc -fmodule-map-file\=/Users/siam/Library/Developer/Xcode/DerivedData/Lingua_Quest-gvpckrqxtbgyprbgppjfqmimmmfw/Build/Intermediates.noindex/GeneratedModuleMaps-iphonesimulator/FirebaseAuthInterop.modulemap -Xcc -fmodule-map-file\=/Users/siam/Library/Developer/Xcode/DerivedData/Lingua_Quest-gvpckrqxtbgyprbgppjfqmimmmfw/Build/Intermediates.noindex/GeneratedModuleMaps-iphonesimulator/FirebaseAppCheck.modulemap -Xcc -fmodule-map-file\=/Users/siam/Library/Developer/Xcode/DerivedData/Lingua_Quest-gvpckrqxtbgyprbgppjfqmimmmfw/Build/Intermediates.noindex/GeneratedModuleMaps-iphonesimulator/FirebaseCore.modulemap -Xcc -fmodule-map-file\=/Users/siam/Library/Developer/Xcode/DerivedData/Lingua_Quest-gvpckrqxtbgyprbgppjfqmimmmfw/Build/Intermediates.noindex/GeneratedModuleMaps-iphonesimulator/FirebaseAppCheckInterop.modulemap -DXcode -plugin-path /Applications/Xcode.app/Contents/Developer/Toolchains/XcodeDefault.xctoolchain/usr/lib/swift/host/plugins/testing -enable-experimental-feature DebugDescriptionMacro -sdk /Applications/Xcode.app/Contents/Developer/Platforms/iPhoneSimulator.platform/Developer/SDKs/iPhoneSimulator26.0.sdk -target arm64-apple-ios15.0-simulator -g -module-cache-path /Users/siam/Library/Developer/Xcode/DerivedData/ModuleCache.noindex -Xfrontend -serialize-debugging-options -profile-coverage-mapping -profile-generate -enable-testing -suppress-warnings -index-store-path /Users/siam/Library/Developer/Xcode/DerivedData/Lingua_Quest-gvpckrqxtbgyprbgppjfqmimmmfw/Index.noindex/DataStore -Xcc -D_LIBCPP_HARDENING_MODE\=_LIBCPP_HARDENING_MODE_DEBUG -swift-version 6 -I /Users/siam/Library/Developer/Xcode/DerivedData/Lingua_Quest-gvpckrqxtbgyprbgppjfqmimmmfw/Build/Products/Debug-iphonesimulator -Isystem /Applications/Xcode.app/Contents/Developer/Platforms/iPhoneSimulator.platform/Developer/usr/lib -F /Users/siam/Library/Developer/Xcode/DerivedData/Lingua_Quest-gvpckrqxtbgyprbgppjfqmimmmfw/Build/Products/Debug-iphonesimulator/PackageFrameworks -F /Users/siam/Library/Developer/Xcode/DerivedData/Lingua_Quest-gvpckrqxtbgyprbgppjfqmimmmfw/Build/Products/Debug-iphonesimulator/PackageFrameworks -F /Users/siam/Library/Developer/Xcode/DerivedData/Lingua_Quest-gvpckrqxtbgyprbgppjfqmimmmfw/Build/Products/Debug-iphonesimulator/PackageFrameworks -F /Users/siam/Library/Developer/Xcode/DerivedData/Lingua_Quest-gvpckrqxtbgyprbgppjfqmimmmfw/Build/Products/Debug-iphonesimulator/PackageFrameworks -F /Users/siam/Library/Developer/Xcode/DerivedData/Lingua_Quest-gvpckrqxtbgyprbgppjfqmimmmfw/Build/Products/Debug-iphonesimulator/PackageFrameworks -F /Users/siam/Library/Developer/Xcode/DerivedData/Lingua_Quest-gvpckrqxtbgyprbgppjfqmimmmfw/Build/Products/Debug-iphonesimulator/PackageFrameworks -F /Users/siam/Library/Developer/Xcode/DerivedData/Lingua_Quest-gvpckrqxtbgyprbgppjfqmimmmfw/Build/Products/Debug-iphonesimulator/PackageFrameworks -F /Users/siam/Library/Developer/Xcode/DerivedData/Lingua_Quest-gvpckrqxtbgyprbgppjfqmimmmfw/Build/Products/Debug-iphonesimulator/PackageFrameworks -F /Users/siam/Library/Developer/Xcode/DerivedData/Lingua_Quest-gvpckrqxtbgyprbgppjfqmimmmfw/Build/Products/Debug-iphonesimulator/PackageFrameworks -F /Users/siam/Library/Developer/Xcode/DerivedData/Lingua_Quest-gvpckrqxtbgyprbgppjfqmimmmfw/Build/Products/Debug-iphonesimulator/PackageFrameworks -F /Users/siam/Library/Developer/Xcode/DerivedData/Lingua_Quest-gvpckrqxtbgyprbgppjfqmimmmfw/Build/Products/Debug-iphonesimulator/PackageFrameworks -F /Users/siam/Library/Developer/Xcode/DerivedData/Lingua_Quest-gvpckrqxtbgyprbgppjfqmimmmfw/Build/Products/Debug-iphonesimulator/PackageFrameworks -F /Users/siam/Library/Developer/Xcode/DerivedData/Lingua_Quest-gvpckrqxtbgyprbgppjfqmimmmfw/Build/Products/Debug-iphonesimulator/PackageFrameworks -F /Users/siam/Library/Developer/Xcode/DerivedData/Lingua_Quest-gvpckrqxtbgyprbgppjfqmimmmfw/Build/Products/Debug-iphonesimulator/PackageFrameworks -F /Users/siam/Library/Developer/Xcode/DerivedData/Lingua_Quest-gvpckrqxtbgyprbgppjfqmimmmfw/Build/Products/Debug-iphonesimulator/PackageFrameworks -F /Users/siam/Library/Developer/Xcode/DerivedData/Lingua_Quest-gvpckrqxtbgyprbgppjfqmimmmfw/Build/Products/Debug-iphonesimulator/PackageFrameworks -F /Users/siam/Library/Developer/Xcode/DerivedData/Lingua_Quest-gvpckrqxtbgyprbgppjfqmimmmfw/Build/Products/Debug-iphonesimulator/PackageFrameworks -F /Users/siam/Library/Developer/Xcode/DerivedData/Lingua_Quest-gvpckrqxtbgyprbgppjfqmimmmfw/Build/Products/Debug-iphonesimulator/PackageFrameworks -F /Users/siam/Library/Developer/Xcode/DerivedData/Lingua_Quest-gvpckrqxtbgyprbgppjfqmimmmfw/Build/Products/Debug-iphonesimulator -F /Applications/Xcode.app/Contents/Developer/Platforms/iPhoneSimulator.platform/Developer/Library/Frameworks -F /Applications/Xcode.app/Contents/Developer/Platforms/iPhoneSimulator.platform/Developer/SDKs/iPhoneSimulator26.0.sdk/Developer/Library/Frameworks -parse-as-library -c -j12 -enable-batch-mode -incremental -Xcc -ivfsstatcache -Xcc /Users/siam/Library/Developer/Xcode/DerivedData/SDKStatCaches.noindex/iphonesimulator26.0-23A339-26257891a6c027eb51374368541b8346.sdkstatcache -output-file-map /Users/siam/Library/Developer/Xcode/DerivedData/Lingua_Quest-gvpckrqxtbgyprbgppjfqmimmmfw/Build/Intermediates.noindex/Firebase.build/Debug-iphonesimulator/FirebaseAI.build/Objects-normal/arm64/FirebaseAI-OutputFileMap.json -use-frontend-parseable-output -save-temps -no-color-diagnostics -explicit-module-build -module-cache-path /Users/siam/Library/Developer/Xcode/DerivedData/Lingua_Quest-gvpckrqxtbgyprbgppjfqmimmmfw/Build/Intermediates.noindex/SwiftExplicitPrecompiledModules -clang-scanner-module-cache-path /Users/siam/Library/Developer/Xcode/DerivedData/ModuleCache.noindex -sdk-module-cache-path /Users/siam/Library/Developer/Xcode/DerivedData/ModuleCache.noindex -serialize-diagnostics -emit-dependencies -emit-module -emit-module-path /Users/siam/Library/Developer/Xcode/DerivedData/Lingua_Quest-gvpckrqxtbgyprbgppjfqmimmmfw/Build/Intermediates.noindex/Firebase.build/Debug-iphonesimulator/FirebaseAI.build/Objects-normal/arm64/FirebaseAI.swiftmodule -user-module-version 12.16.0 -validate-clang-modules-once -clang-build-session-file /Users/siam/Library/Developer/Xcode/DerivedData/ModuleCache.noindex/Session.modulevalidation -package-name firebase_ios_sdk -Xcc -I/Users/siam/Library/Developer/Xcode/DerivedData/Lingua_Quest-gvpckrqxtbgyprbgppjfqmimmmfw/Build/Intermediates.noindex/Firebase.build/Debug-iphonesimulator/FirebaseAI.build/swift-overrides.hmap -emit-const-values -Xfrontend -const-gather-protocols-file -Xfrontend /Users/siam/Library/Developer/Xcode/DerivedData/Lingua_Quest-gvpckrqxtbgyprbgppjfqmimmmfw/Build/Intermediates.noindex/Firebase.build/Debug-iphonesimulator/FirebaseAI.build/Objects-normal/arm64/FirebaseAI_const_extract_protocols.json -Xcc -I/Users/siam/Library/Developer/Xcode/DerivedData/Lingua_Quest-gvpckrqxtbgyprbgppjfqmimmmfw/SourcePackages/checkouts/GoogleUtilities/GoogleUtilities/NSData+zlib/Public -Xcc -I/Users/siam/Library/Developer/Xcode/DerivedData/Lingua_Quest-gvpckrqxtbgyprbgppjfqmimmmfw/SourcePackages/checkouts/interop-ios-for-google-sdks/RecaptchaEnterprise/RecaptchaInterop/Public -Xcc -I/Users/siam/Library/Developer/Xcode/DerivedData/Lingua_Quest-gvpckrqxtbgyprbgppjfqmimmmfw/SourcePackages/checkouts/promises/Sources/FBLPromises/include -Xcc -I/Users/siam/Library/Developer/Xcode/DerivedData/Lingua_Quest-gvpckrqxtbgyprbgppjfqmimmmfw/SourcePackages/checkouts/app-check/AppCheckCore/Sources/Public -Xcc -I/Users/siam/Library/Developer/Xcode/DerivedData/Lingua_Quest-gvpckrqxtbgyprbgppjfqmimmmfw/SourcePackages/checkouts/GoogleUtilities/GoogleUtilities/Logger/Public -Xcc -I/Users/siam/Library/Developer/Xcode/DerivedData/Lingua_Quest-gvpckrqxtbgyprbgppjfqmimmmfw/SourcePackages/checkouts/GoogleUtilities/GoogleUtilities/Environment/Public -Xcc -I/Users/siam/Library/Developer/Xcode/DerivedData/Lingua_Quest-gvpckrqxtbgyprbgppjfqmimmmfw/SourcePackages/checkouts/GoogleUtilities/third_party/IsAppEncrypted/Public -Xcc -I/Users/siam/Library/Developer/Xcode/DerivedData/Lingua_Quest-gvpckrqxtbgyprbgppjfqmimmmfw/SourcePackages/checkouts/GoogleUtilities/GoogleUtilities/UserDefaults/Public -Xcc -I/Users/siam/Library/Developer/Xcode/DerivedData/Lingua_Quest-gvpckrqxtbgyprbgppjfqmimmmfw/SourcePackages/checkouts/firebase-ios-sdk/FirebaseCore/Extension -Xcc -I/Users/siam/Library/Developer/Xcode/DerivedData/Lingua_Quest-gvpckrqxtbgyprbgppjfqmimmmfw/SourcePackages/checkouts/firebase-ios-sdk/FirebaseAuth/Interop/Public -Xcc -I/Users/siam/Library/Developer/Xcode/DerivedData/Lingua_Quest-gvpckrqxtbgyprbgppjfqmimmmfw/SourcePackages/checkouts/firebase-ios-sdk/FirebaseAppCheck/Sources/Public -Xcc -I/Users/siam/Library/Developer/Xcode/DerivedData/Lingua_Quest-gvpckrqxtbgyprbgppjfqmimmmfw/SourcePackages/checkouts/firebase-ios-sdk/FirebaseCore/Sources/Public -Xcc -I/Users/siam/Library/Developer/Xcode/DerivedData/Lingua_Quest-gvpckrqxtbgyprbgppjfqmimmmfw/SourcePackages/checkouts/firebase-ios-sdk/CoreOnly/Sources -Xcc -I/Users/siam/Library/Developer/Xcode/DerivedData/Lingua_Quest-gvpckrqxtbgyprbgppjfqmimmmfw/SourcePackages/checkouts/firebase-ios-sdk/FirebaseAppCheck/Interop/Public -Xcc -I/Users/siam/Library/Developer/Xcode/DerivedData/Lingua_Quest-gvpckrqxtbgyprbgppjfqmimmmfw/Build/Products/Debug-iphonesimulator/include -Xcc -I/Users/siam/Library/Developer/Xcode/DerivedData/Lingua_Quest-gvpckrqxtbgyprbgppjfqmimmmfw/Build/Intermediates.noindex/Firebase.build/Debug-iphonesimulator/FirebaseAI.build/DerivedSources-normal/arm64 -Xcc -I/Users/siam/Library/Developer/Xcode/DerivedData/Lingua_Quest-gvpckrqxtbgyprbgppjfqmimmmfw/Build/Intermediates.noindex/Firebase.build/Debug-iphonesimulator/FirebaseAI.build/DerivedSources/arm64 -Xcc -I/Users/siam/Library/Developer/Xcode/DerivedData/Lingua_Quest-gvpckrqxtbgyprbgppjfqmimmmfw/Build/Intermediates.noindex/Firebase.build/Debug-iphonesimulator/FirebaseAI.build/DerivedSources -Xcc -DSWIFT_PACKAGE -Xcc -DDEBUG\=1 -emit-objc-header -emit-objc-header-path /Users/siam/Library/Developer/Xcode/DerivedData/Lingua_Quest-gvpckrqxtbgyprbgppjfqmimmmfw/Build/Intermediates.noindex/Firebase.build/Debug-iphonesimulator/FirebaseAI.build/Objects-normal/arm64/FirebaseAI-Swift.h -working-directory /Users/siam/Desktop/Lingua\ Quest/Lingua\ Quest.xcodeproj -experimental-emit-module-separately -disable-cmo

SwiftDriverJobDiscovery normal arm64 Compiling LiveSession.swift, LiveSessionErrors.swift, LiveSessionResumptionUpdate.swift, SessionResumptionConfig.swift, ModelSessionResponse.swift, MultiSpeakerVoiceConfig.swift, Part.swift, ResponseGenerationOptions.swift, ResponseModality.swift, Schema.swift, SpeakerVoiceConfig.swift (in target 'FirebaseAILogic' from project 'Firebase')

RegisterExecutionPolicyException /Users/siam/Library/Developer/Xcode/DerivedData/Lingua_Quest-gvpckrqxtbgyprbgppjfqmimmmfw/Build/Products/Debug-iphonesimulator/FirebaseAuth.o (in target 'FirebaseAuth' from project 'Firebase')
    cd /Users/siam/Library/Developer/Xcode/DerivedData/Lingua_Quest-gvpckrqxtbgyprbgppjfqmimmmfw/SourcePackages/checkouts/firebase-ios-sdk
    builtin-RegisterExecutionPolicyException /Users/siam/Library/Developer/Xcode/DerivedData/Lingua_Quest-gvpckrqxtbgyprbgppjfqmimmmfw/Build/Products/Debug-iphonesimulator/FirebaseAuth.o

SwiftDriverJobDiscovery normal x86_64 Compiling CountTokensRequest.swift, ProtoMultiSpeakerVoiceConfig.swift, ProtoSpeakerVoiceConfig.swift, ProtoSpeechConfig.swift, ProtoVoiceConfig.swift, URLContext.swift, Backend.swift, GeminiModel.swift, GeminiModelProvider.swift, GenerationOptions.swift, HybridModel.swift (in target 'FirebaseAILogic' from project 'Firebase')

SwiftDriverJobDiscovery normal x86_64 Compiling PartsRepresentable+Image.swift, PartsRepresentable.swift, CodableProtoEnum.swift, ConvertibleToGeneratedContent.swift, ConvertibleFromGeneratedContent.swift, GenerationOptionsRepresentable.swift, LanguageModel.swift, LanguageModelProvider.swift, ModelSession.swift, ToolRepresentable.swift, Safety.swift (in target 'FirebaseAILogic' from project 'Firebase')

SwiftDriverJobDiscovery normal x86_64 Compiling TaskLocals.swift, TemplateChatSession.swift, TemplateGenerateContentRequest.swift, TemplateGenerativeModel.swift, TemplateImagenGenerationRequest.swift, TemplateImagenModel.swift, TemplateInput.swift, Tool.swift, APIConfig.swift, AppCheck.swift, DataType.swift (in target 'FirebaseAILogic' from project 'Firebase')

SwiftEmitModule normal arm64 Emitting\ module\ for\ FirebaseAI (in target 'FirebaseAI' from project 'Firebase')

SwiftCompile normal arm64 /Users/siam/Library/Developer/Xcode/DerivedData/Lingua_Quest-gvpckrqxtbgyprbgppjfqmimmmfw/SourcePackages/checkouts/firebase-ios-sdk/FirebaseAI/Wrapper/Sources/FirebaseAIWrapper.swift (in target 'FirebaseAI' from project 'Firebase')
    cd /Users/siam/Desktop/Lingua\ Quest/Lingua\ Quest.xcodeproj
    

SwiftCompile normal arm64 Compiling\ FirebaseAIWrapper.swift /Users/siam/Library/Developer/Xcode/DerivedData/Lingua_Quest-gvpckrqxtbgyprbgppjfqmimmmfw/SourcePackages/checkouts/firebase-ios-sdk/FirebaseAI/Wrapper/Sources/FirebaseAIWrapper.swift (in target 'FirebaseAI' from project 'Firebase')

SwiftCompile normal arm64 /Users/siam/Library/Developer/Xcode/DerivedData/Lingua_Quest-gvpckrqxtbgyprbgppjfqmimmmfw/SourcePackages/checkouts/firebase-ios-sdk/FirebaseAI/Wrapper/Sources/FirebaseAIWrapper.swift (in target 'FirebaseAI' from project 'Firebase')
    cd /Users/siam/Desktop/Lingua\ Quest/Lingua\ Quest.xcodeproj
    

SwiftEmitModule normal x86_64 Emitting\ module\ for\ FirebaseAI (in target 'FirebaseAI' from project 'Firebase')

SwiftCompile normal x86_64 /Users/siam/Library/Developer/Xcode/DerivedData/Lingua_Quest-gvpckrqxtbgyprbgppjfqmimmmfw/SourcePackages/checkouts/firebase-ios-sdk/FirebaseAI/Wrapper/Sources/FirebaseAIWrapper.swift (in target 'FirebaseAI' from project 'Firebase')
    cd /Users/siam/Desktop/Lingua\ Quest/Lingua\ Quest.xcodeproj
    

SwiftCompile normal x86_64 Compiling\ FirebaseAIWrapper.swift /Users/siam/Library/Developer/Xcode/DerivedData/Lingua_Quest-gvpckrqxtbgyprbgppjfqmimmmfw/SourcePackages/checkouts/firebase-ios-sdk/FirebaseAI/Wrapper/Sources/FirebaseAIWrapper.swift (in target 'FirebaseAI' from project 'Firebase')

SwiftCompile normal x86_64 /Users/siam/Library/Developer/Xcode/DerivedData/Lingua_Quest-gvpckrqxtbgyprbgppjfqmimmmfw/SourcePackages/checkouts/firebase-ios-sdk/FirebaseAI/Wrapper/Sources/FirebaseAIWrapper.swift (in target 'FirebaseAI' from project 'Firebase')
    cd /Users/siam/Desktop/Lingua\ Quest/Lingua\ Quest.xcodeproj
    

SwiftDriverJobDiscovery normal arm64 Emitting module for FirebaseAI (in target 'FirebaseAI' from project 'Firebase')

SwiftDriver\ Compilation\ Requirements FirebaseAI normal arm64 com.apple.xcode.tools.swift.compiler (in target 'FirebaseAI' from project 'Firebase')
    cd /Users/siam/Desktop/Lingua\ Quest/Lingua\ Quest.xcodeproj
    builtin-Swift-Compilation-Requirements -- /Applications/Xcode.app/Contents/Developer/Toolchains/XcodeDefault.xctoolchain/usr/bin/swiftc -module-name FirebaseAI -Onone -enforce-exclusivity\=checked @/Users/siam/Library/Developer/Xcode/DerivedData/Lingua_Quest-gvpckrqxtbgyprbgppjfqmimmmfw/Build/Intermediates.noindex/Firebase.build/Debug-iphonesimulator/FirebaseAI.build/Objects-normal/arm64/FirebaseAI.SwiftFileList -DSWIFT_PACKAGE -DDEBUG -DSWIFT_MODULE_RESOURCE_BUNDLE_UNAVAILABLE -Xcc -fmodule-map-file\=/Users/siam/Library/Developer/Xcode/DerivedData/Lingua_Quest-gvpckrqxtbgyprbgppjfqmimmmfw/Build/Intermediates.noindex/GeneratedModuleMaps-iphonesimulator/GoogleUtilities-NSData.modulemap -Xcc -fmodule-map-file\=/Users/siam/Library/Developer/Xcode/DerivedData/Lingua_Quest-gvpckrqxtbgyprbgppjfqmimmmfw/Build/Intermediates.noindex/GeneratedModuleMaps-iphonesimulator/RecaptchaInterop.modulemap -Xcc -fmodule-map-file\=/Users/siam/Library/Developer/Xcode/DerivedData/Lingua_Quest-gvpckrqxtbgyprbgppjfqmimmmfw/Build/Intermediates.noindex/GeneratedModuleMaps-iphonesimulator/AppCheckCore.modulemap -Xcc -fmodule-map-file\=/Users/siam/Library/Developer/Xcode/DerivedData/Lingua_Quest-gvpckrqxtbgyprbgppjfqmimmmfw/Build/Intermediates.noindex/GeneratedModuleMaps-iphonesimulator/GoogleUtilities-Logger.modulemap -Xcc -fmodule-map-file\=/Users/siam/Library/Developer/Xcode/DerivedData/Lingua_Quest-gvpckrqxtbgyprbgppjfqmimmmfw/Build/Intermediates.noindex/GeneratedModuleMaps-iphonesimulator/GoogleUtilities-Environment.modulemap -Xcc -fmodule-map-file\=/Users/siam/Library/Developer/Xcode/DerivedData/Lingua_Quest-gvpckrqxtbgyprbgppjfqmimmmfw/Build/Intermediates.noindex/GeneratedModuleMaps-iphonesimulator/third-party-IsAppEncrypted.modulemap -Xcc -fmodule-map-file\=/Users/siam/Library/Developer/Xcode/DerivedData/Lingua_Quest-gvpckrqxtbgyprbgppjfqmimmmfw/Build/Intermediates.noindex/GeneratedModuleMaps-iphonesimulator/GoogleUtilities-UserDefaults.modulemap -Xcc -fmodule-map-file\=/Users/siam/Library/Developer/Xcode/DerivedData/Lingua_Quest-gvpckrqxtbgyprbgppjfqmimmmfw/Build/Intermediates.noindex/GeneratedModuleMaps-iphonesimulator/FirebaseCoreExtension.modulemap -Xcc -fmodule-map-file\=/Users/siam/Library/Developer/Xcode/DerivedData/Lingua_Quest-gvpckrqxtbgyprbgppjfqmimmmfw/Build/Intermediates.noindex/GeneratedModuleMaps-iphonesimulator/FirebaseAuthInterop.modulemap -Xcc -fmodule-map-file\=/Users/siam/Library/Developer/Xcode/DerivedData/Lingua_Quest-gvpckrqxtbgyprbgppjfqmimmmfw/Build/Intermediates.noindex/GeneratedModuleMaps-iphonesimulator/FirebaseAppCheck.modulemap -Xcc -fmodule-map-file\=/Users/siam/Library/Developer/Xcode/DerivedData/Lingua_Quest-gvpckrqxtbgyprbgppjfqmimmmfw/Build/Intermediates.noindex/GeneratedModuleMaps-iphonesimulator/FirebaseCore.modulemap -Xcc -fmodule-map-file\=/Users/siam/Library/Developer/Xcode/DerivedData/Lingua_Quest-gvpckrqxtbgyprbgppjfqmimmmfw/Build/Intermediates.noindex/GeneratedModuleMaps-iphonesimulator/FirebaseAppCheckInterop.modulemap -DXcode -plugin-path /Applications/Xcode.app/Contents/Developer/Toolchains/XcodeDefault.xctoolchain/usr/lib/swift/host/plugins/testing -enable-experimental-feature DebugDescriptionMacro -sdk /Applications/Xcode.app/Contents/Developer/Platforms/iPhoneSimulator.platform/Developer/SDKs/iPhoneSimulator26.0.sdk -target arm64-apple-ios15.0-simulator -g -module-cache-path /Users/siam/Library/Developer/Xcode/DerivedData/ModuleCache.noindex -Xfrontend -serialize-debugging-options -profile-coverage-mapping -profile-generate -enable-testing -suppress-warnings -index-store-path /Users/siam/Library/Developer/Xcode/DerivedData/Lingua_Quest-gvpckrqxtbgyprbgppjfqmimmmfw/Index.noindex/DataStore -Xcc -D_LIBCPP_HARDENING_MODE\=_LIBCPP_HARDENING_MODE_DEBUG -swift-version 6 -I /Users/siam/Library/Developer/Xcode/DerivedData/Lingua_Quest-gvpckrqxtbgyprbgppjfqmimmmfw/Build/Products/Debug-iphonesimulator -Isystem /Applications/Xcode.app/Contents/Developer/Platforms/iPhoneSimulator.platform/Developer/usr/lib -F /Users/siam/Library/Developer/Xcode/DerivedData/Lingua_Quest-gvpckrqxtbgyprbgppjfqmimmmfw/Build/Products/Debug-iphonesimulator/PackageFrameworks -F /Users/siam/Library/Developer/Xcode/DerivedData/Lingua_Quest-gvpckrqxtbgyprbgppjfqmimmmfw/Build/Products/Debug-iphonesimulator/PackageFrameworks -F /Users/siam/Library/Developer/Xcode/DerivedData/Lingua_Quest-gvpckrqxtbgyprbgppjfqmimmmfw/Build/Products/Debug-iphonesimulator/PackageFrameworks -F /Users/siam/Library/Developer/Xcode/DerivedData/Lingua_Quest-gvpckrqxtbgyprbgppjfqmimmmfw/Build/Products/Debug-iphonesimulator/PackageFrameworks -F /Users/siam/Library/Developer/Xcode/DerivedData/Lingua_Quest-gvpckrqxtbgyprbgppjfqmimmmfw/Build/Products/Debug-iphonesimulator/PackageFrameworks -F /Users/siam/Library/Developer/Xcode/DerivedData/Lingua_Quest-gvpckrqxtbgyprbgppjfqmimmmfw/Build/Products/Debug-iphonesimulator/PackageFrameworks -F /Users/siam/Library/Developer/Xcode/DerivedData/Lingua_Quest-gvpckrqxtbgyprbgppjfqmimmmfw/Build/Products/Debug-iphonesimulator/PackageFrameworks -F /Users/siam/Library/Developer/Xcode/DerivedData/Lingua_Quest-gvpckrqxtbgyprbgppjfqmimmmfw/Build/Products/Debug-iphonesimulator/PackageFrameworks -F /Users/siam/Library/Developer/Xcode/DerivedData/Lingua_Quest-gvpckrqxtbgyprbgppjfqmimmmfw/Build/Products/Debug-iphonesimulator/PackageFrameworks -F /Users/siam/Library/Developer/Xcode/DerivedData/Lingua_Quest-gvpckrqxtbgyprbgppjfqmimmmfw/Build/Products/Debug-iphonesimulator/PackageFrameworks -F /Users/siam/Library/Developer/Xcode/DerivedData/Lingua_Quest-gvpckrqxtbgyprbgppjfqmimmmfw/Build/Products/Debug-iphonesimulator/PackageFrameworks -F /Users/siam/Library/Developer/Xcode/DerivedData/Lingua_Quest-gvpckrqxtbgyprbgppjfqmimmmfw/Build/Products/Debug-iphonesimulator/PackageFrameworks -F /Users/siam/Library/Developer/Xcode/DerivedData/Lingua_Quest-gvpckrqxtbgyprbgppjfqmimmmfw/Build/Products/Debug-iphonesimulator/PackageFrameworks -F /Users/siam/Library/Developer/Xcode/DerivedData/Lingua_Quest-gvpckrqxtbgyprbgppjfqmimmmfw/Build/Products/Debug-iphonesimulator/PackageFrameworks -F /Users/siam/Library/Developer/Xcode/DerivedData/Lingua_Quest-gvpckrqxtbgyprbgppjfqmimmmfw/Build/Products/Debug-iphonesimulator/PackageFrameworks -F /Users/siam/Library/Developer/Xcode/DerivedData/Lingua_Quest-gvpckrqxtbgyprbgppjfqmimmmfw/Build/Products/Debug-iphonesimulator/PackageFrameworks -F /Users/siam/Library/Developer/Xcode/DerivedData/Lingua_Quest-gvpckrqxtbgyprbgppjfqmimmmfw/Build/Products/Debug-iphonesimulator/PackageFrameworks -F /Users/siam/Library/Developer/Xcode/DerivedData/Lingua_Quest-gvpckrqxtbgyprbgppjfqmimmmfw/Build/Products/Debug-iphonesimulator/PackageFrameworks -F /Users/siam/Library/Developer/Xcode/DerivedData/Lingua_Quest-gvpckrqxtbgyprbgppjfqmimmmfw/Build/Products/Debug-iphonesimulator -F /Applications/Xcode.app/Contents/Developer/Platforms/iPhoneSimulator.platform/Developer/Library/Frameworks -F /Applications/Xcode.app/Contents/Developer/Platforms/iPhoneSimulator.platform/Developer/SDKs/iPhoneSimulator26.0.sdk/Developer/Library/Frameworks -parse-as-library -c -j12 -enable-batch-mode -incremental -Xcc -ivfsstatcache -Xcc /Users/siam/Library/Developer/Xcode/DerivedData/SDKStatCaches.noindex/iphonesimulator26.0-23A339-26257891a6c027eb51374368541b8346.sdkstatcache -output-file-map /Users/siam/Library/Developer/Xcode/DerivedData/Lingua_Quest-gvpckrqxtbgyprbgppjfqmimmmfw/Build/Intermediates.noindex/Firebase.build/Debug-iphonesimulator/FirebaseAI.build/Objects-normal/arm64/FirebaseAI-OutputFileMap.json -use-frontend-parseable-output -save-temps -no-color-diagnostics -explicit-module-build -module-cache-path /Users/siam/Library/Developer/Xcode/DerivedData/Lingua_Quest-gvpckrqxtbgyprbgppjfqmimmmfw/Build/Intermediates.noindex/SwiftExplicitPrecompiledModules -clang-scanner-module-cache-path /Users/siam/Library/Developer/Xcode/DerivedData/ModuleCache.noindex -sdk-module-cache-path /Users/siam/Library/Developer/Xcode/DerivedData/ModuleCache.noindex -serialize-diagnostics -emit-dependencies -emit-module -emit-module-path /Users/siam/Library/Developer/Xcode/DerivedData/Lingua_Quest-gvpckrqxtbgyprbgppjfqmimmmfw/Build/Intermediates.noindex/Firebase.build/Debug-iphonesimulator/FirebaseAI.build/Objects-normal/arm64/FirebaseAI.swiftmodule -user-module-version 12.16.0 -validate-clang-modules-once -clang-build-session-file /Users/siam/Library/Developer/Xcode/DerivedData/ModuleCache.noindex/Session.modulevalidation -package-name firebase_ios_sdk -Xcc -I/Users/siam/Library/Developer/Xcode/DerivedData/Lingua_Quest-gvpckrqxtbgyprbgppjfqmimmmfw/Build/Intermediates.noindex/Firebase.build/Debug-iphonesimulator/FirebaseAI.build/swift-overrides.hmap -emit-const-values -Xfrontend -const-gather-protocols-file -Xfrontend /Users/siam/Library/Developer/Xcode/DerivedData/Lingua_Quest-gvpckrqxtbgyprbgppjfqmimmmfw/Build/Intermediates.noindex/Firebase.build/Debug-iphonesimulator/FirebaseAI.build/Objects-normal/arm64/FirebaseAI_const_extract_protocols.json -Xcc -I/Users/siam/Library/Developer/Xcode/DerivedData/Lingua_Quest-gvpckrqxtbgyprbgppjfqmimmmfw/SourcePackages/checkouts/GoogleUtilities/GoogleUtilities/NSData+zlib/Public -Xcc -I/Users/siam/Library/Developer/Xcode/DerivedData/Lingua_Quest-gvpckrqxtbgyprbgppjfqmimmmfw/SourcePackages/checkouts/interop-ios-for-google-sdks/RecaptchaEnterprise/RecaptchaInterop/Public -Xcc -I/Users/siam/Library/Developer/Xcode/DerivedData/Lingua_Quest-gvpckrqxtbgyprbgppjfqmimmmfw/SourcePackages/checkouts/promises/Sources/FBLPromises/include -Xcc -I/Users/siam/Library/Developer/Xcode/DerivedData/Lingua_Quest-gvpckrqxtbgyprbgppjfqmimmmfw/SourcePackages/checkouts/app-check/AppCheckCore/Sources/Public -Xcc -I/Users/siam/Library/Developer/Xcode/DerivedData/Lingua_Quest-gvpckrqxtbgyprbgppjfqmimmmfw/SourcePackages/checkouts/GoogleUtilities/GoogleUtilities/Logger/Public -Xcc -I/Users/siam/Library/Developer/Xcode/DerivedData/Lingua_Quest-gvpckrqxtbgyprbgppjfqmimmmfw/SourcePackages/checkouts/GoogleUtilities/GoogleUtilities/Environment/Public -Xcc -I/Users/siam/Library/Developer/Xcode/DerivedData/Lingua_Quest-gvpckrqxtbgyprbgppjfqmimmmfw/SourcePackages/checkouts/GoogleUtilities/third_party/IsAppEncrypted/Public -Xcc -I/Users/siam/Library/Developer/Xcode/DerivedData/Lingua_Quest-gvpckrqxtbgyprbgppjfqmimmmfw/SourcePackages/checkouts/GoogleUtilities/GoogleUtilities/UserDefaults/Public -Xcc -I/Users/siam/Library/Developer/Xcode/DerivedData/Lingua_Quest-gvpckrqxtbgyprbgppjfqmimmmfw/SourcePackages/checkouts/firebase-ios-sdk/FirebaseCore/Extension -Xcc -I/Users/siam/Library/Developer/Xcode/DerivedData/Lingua_Quest-gvpckrqxtbgyprbgppjfqmimmmfw/SourcePackages/checkouts/firebase-ios-sdk/FirebaseAuth/Interop/Public -Xcc -I/Users/siam/Library/Developer/Xcode/DerivedData/Lingua_Quest-gvpckrqxtbgyprbgppjfqmimmmfw/SourcePackages/checkouts/firebase-ios-sdk/FirebaseAppCheck/Sources/Public -Xcc -I/Users/siam/Library/Developer/Xcode/DerivedData/Lingua_Quest-gvpckrqxtbgyprbgppjfqmimmmfw/SourcePackages/checkouts/firebase-ios-sdk/FirebaseCore/Sources/Public -Xcc -I/Users/siam/Library/Developer/Xcode/DerivedData/Lingua_Quest-gvpckrqxtbgyprbgppjfqmimmmfw/SourcePackages/checkouts/firebase-ios-sdk/CoreOnly/Sources -Xcc -I/Users/siam/Library/Developer/Xcode/DerivedData/Lingua_Quest-gvpckrqxtbgyprbgppjfqmimmmfw/SourcePackages/checkouts/firebase-ios-sdk/FirebaseAppCheck/Interop/Public -Xcc -I/Users/siam/Library/Developer/Xcode/DerivedData/Lingua_Quest-gvpckrqxtbgyprbgppjfqmimmmfw/Build/Products/Debug-iphonesimulator/include -Xcc -I/Users/siam/Library/Developer/Xcode/DerivedData/Lingua_Quest-gvpckrqxtbgyprbgppjfqmimmmfw/Build/Intermediates.noindex/Firebase.build/Debug-iphonesimulator/FirebaseAI.build/DerivedSources-normal/arm64 -Xcc -I/Users/siam/Library/Developer/Xcode/DerivedData/Lingua_Quest-gvpckrqxtbgyprbgppjfqmimmmfw/Build/Intermediates.noindex/Firebase.build/Debug-iphonesimulator/FirebaseAI.build/DerivedSources/arm64 -Xcc -I/Users/siam/Library/Developer/Xcode/DerivedData/Lingua_Quest-gvpckrqxtbgyprbgppjfqmimmmfw/Build/Intermediates.noindex/Firebase.build/Debug-iphonesimulator/FirebaseAI.build/DerivedSources -Xcc -DSWIFT_PACKAGE -Xcc -DDEBUG\=1 -emit-objc-header -emit-objc-header-path /Users/siam/Library/Developer/Xcode/DerivedData/Lingua_Quest-gvpckrqxtbgyprbgppjfqmimmmfw/Build/Intermediates.noindex/Firebase.build/Debug-iphonesimulator/FirebaseAI.build/Objects-normal/arm64/FirebaseAI-Swift.h -working-directory /Users/siam/Desktop/Lingua\ Quest/Lingua\ Quest.xcodeproj -experimental-emit-module-separately -disable-cmo

Copy /Users/siam/Library/Developer/Xcode/DerivedData/Lingua_Quest-gvpckrqxtbgyprbgppjfqmimmmfw/Build/Products/Debug-iphonesimulator/FirebaseAI.swiftmodule/arm64-apple-ios-simulator.swiftmodule /Users/siam/Library/Developer/Xcode/DerivedData/Lingua_Quest-gvpckrqxtbgyprbgppjfqmimmmfw/Build/Intermediates.noindex/Firebase.build/Debug-iphonesimulator/FirebaseAI.build/Objects-normal/arm64/FirebaseAI.swiftmodule (in target 'FirebaseAI' from project 'Firebase')
    cd /Users/siam/Library/Developer/Xcode/DerivedData/Lingua_Quest-gvpckrqxtbgyprbgppjfqmimmmfw/SourcePackages/checkouts/firebase-ios-sdk
    builtin-copy -exclude .DS_Store -exclude CVS -exclude .svn -exclude .git -exclude .hg -resolve-src-symlinks -rename /Users/siam/Library/Developer/Xcode/DerivedData/Lingua_Quest-gvpckrqxtbgyprbgppjfqmimmmfw/Build/Intermediates.noindex/Firebase.build/Debug-iphonesimulator/FirebaseAI.build/Objects-normal/arm64/FirebaseAI.swiftmodule /Users/siam/Library/Developer/Xcode/DerivedData/Lingua_Quest-gvpckrqxtbgyprbgppjfqmimmmfw/Build/Products/Debug-iphonesimulator/FirebaseAI.swiftmodule/arm64-apple-ios-simulator.swiftmodule

Copy /Users/siam/Library/Developer/Xcode/DerivedData/Lingua_Quest-gvpckrqxtbgyprbgppjfqmimmmfw/Build/Products/Debug-iphonesimulator/FirebaseAI.swiftmodule/arm64-apple-ios-simulator.abi.json /Users/siam/Library/Developer/Xcode/DerivedData/Lingua_Quest-gvpckrqxtbgyprbgppjfqmimmmfw/Build/Intermediates.noindex/Firebase.build/Debug-iphonesimulator/FirebaseAI.build/Objects-normal/arm64/FirebaseAI.abi.json (in target 'FirebaseAI' from project 'Firebase')
    cd /Users/siam/Library/Developer/Xcode/DerivedData/Lingua_Quest-gvpckrqxtbgyprbgppjfqmimmmfw/SourcePackages/checkouts/firebase-ios-sdk
    builtin-copy -exclude .DS_Store -exclude CVS -exclude .svn -exclude .git -exclude .hg -resolve-src-symlinks -rename /Users/siam/Library/Developer/Xcode/DerivedData/Lingua_Quest-gvpckrqxtbgyprbgppjfqmimmmfw/Build/Intermediates.noindex/Firebase.build/Debug-iphonesimulator/FirebaseAI.build/Objects-normal/arm64/FirebaseAI.abi.json /Users/siam/Library/Developer/Xcode/DerivedData/Lingua_Quest-gvpckrqxtbgyprbgppjfqmimmmfw/Build/Products/Debug-iphonesimulator/FirebaseAI.swiftmodule/arm64-apple-ios-simulator.abi.json

Copy /Users/siam/Library/Developer/Xcode/DerivedData/Lingua_Quest-gvpckrqxtbgyprbgppjfqmimmmfw/Build/Products/Debug-iphonesimulator/FirebaseAI.swiftmodule/arm64-apple-ios-simulator.swiftdoc /Users/siam/Library/Developer/Xcode/DerivedData/Lingua_Quest-gvpckrqxtbgyprbgppjfqmimmmfw/Build/Intermediates.noindex/Firebase.build/Debug-iphonesimulator/FirebaseAI.build/Objects-normal/arm64/FirebaseAI.swiftdoc (in target 'FirebaseAI' from project 'Firebase')
    cd /Users/siam/Library/Developer/Xcode/DerivedData/Lingua_Quest-gvpckrqxtbgyprbgppjfqmimmmfw/SourcePackages/checkouts/firebase-ios-sdk
    builtin-copy -exclude .DS_Store -exclude CVS -exclude .svn -exclude .git -exclude .hg -resolve-src-symlinks -rename /Users/siam/Library/Developer/Xcode/DerivedData/Lingua_Quest-gvpckrqxtbgyprbgppjfqmimmmfw/Build/Intermediates.noindex/Firebase.build/Debug-iphonesimulator/FirebaseAI.build/Objects-normal/arm64/FirebaseAI.swiftdoc /Users/siam/Library/Developer/Xcode/DerivedData/Lingua_Quest-gvpckrqxtbgyprbgppjfqmimmmfw/Build/Products/Debug-iphonesimulator/FirebaseAI.swiftmodule/arm64-apple-ios-simulator.swiftdoc

Copy /Users/siam/Library/Developer/Xcode/DerivedData/Lingua_Quest-gvpckrqxtbgyprbgppjfqmimmmfw/Build/Products/Debug-iphonesimulator/FirebaseAI.swiftmodule/Project/arm64-apple-ios-simulator.swiftsourceinfo /Users/siam/Library/Developer/Xcode/DerivedData/Lingua_Quest-gvpckrqxtbgyprbgppjfqmimmmfw/Build/Intermediates.noindex/Firebase.build/Debug-iphonesimulator/FirebaseAI.build/Objects-normal/arm64/FirebaseAI.swiftsourceinfo (in target 'FirebaseAI' from project 'Firebase')
    cd /Users/siam/Library/Developer/Xcode/DerivedData/Lingua_Quest-gvpckrqxtbgyprbgppjfqmimmmfw/SourcePackages/checkouts/firebase-ios-sdk
    builtin-copy -exclude .DS_Store -exclude CVS -exclude .svn -exclude .git -exclude .hg -resolve-src-symlinks -rename /Users/siam/Library/Developer/Xcode/DerivedData/Lingua_Quest-gvpckrqxtbgyprbgppjfqmimmmfw/Build/Intermediates.noindex/Firebase.build/Debug-iphonesimulator/FirebaseAI.build/Objects-normal/arm64/FirebaseAI.swiftsourceinfo /Users/siam/Library/Developer/Xcode/DerivedData/Lingua_Quest-gvpckrqxtbgyprbgppjfqmimmmfw/Build/Products/Debug-iphonesimulator/FirebaseAI.swiftmodule/Project/arm64-apple-ios-simulator.swiftsourceinfo

SwiftDriverJobDiscovery normal x86_64 Emitting module for FirebaseAI (in target 'FirebaseAI' from project 'Firebase')

SwiftDriver\ Compilation\ Requirements FirebaseAI normal x86_64 com.apple.xcode.tools.swift.compiler (in target 'FirebaseAI' from project 'Firebase')
    cd /Users/siam/Desktop/Lingua\ Quest/Lingua\ Quest.xcodeproj
    builtin-Swift-Compilation-Requirements -- /Applications/Xcode.app/Contents/Developer/Toolchains/XcodeDefault.xctoolchain/usr/bin/swiftc -module-name FirebaseAI -Onone -enforce-exclusivity\=checked @/Users/siam/Library/Developer/Xcode/DerivedData/Lingua_Quest-gvpckrqxtbgyprbgppjfqmimmmfw/Build/Intermediates.noindex/Firebase.build/Debug-iphonesimulator/FirebaseAI.build/Objects-normal/x86_64/FirebaseAI.SwiftFileList -DSWIFT_PACKAGE -DDEBUG -DSWIFT_MODULE_RESOURCE_BUNDLE_UNAVAILABLE -Xcc -fmodule-map-file\=/Users/siam/Library/Developer/Xcode/DerivedData/Lingua_Quest-gvpckrqxtbgyprbgppjfqmimmmfw/Build/Intermediates.noindex/GeneratedModuleMaps-iphonesimulator/GoogleUtilities-NSData.modulemap -Xcc -fmodule-map-file\=/Users/siam/Library/Developer/Xcode/DerivedData/Lingua_Quest-gvpckrqxtbgyprbgppjfqmimmmfw/Build/Intermediates.noindex/GeneratedModuleMaps-iphonesimulator/RecaptchaInterop.modulemap -Xcc -fmodule-map-file\=/Users/siam/Library/Developer/Xcode/DerivedData/Lingua_Quest-gvpckrqxtbgyprbgppjfqmimmmfw/Build/Intermediates.noindex/GeneratedModuleMaps-iphonesimulator/AppCheckCore.modulemap -Xcc -fmodule-map-file\=/Users/siam/Library/Developer/Xcode/DerivedData/Lingua_Quest-gvpckrqxtbgyprbgppjfqmimmmfw/Build/Intermediates.noindex/GeneratedModuleMaps-iphonesimulator/GoogleUtilities-Logger.modulemap -Xcc -fmodule-map-file\=/Users/siam/Library/Developer/Xcode/DerivedData/Lingua_Quest-gvpckrqxtbgyprbgppjfqmimmmfw/Build/Intermediates.noindex/GeneratedModuleMaps-iphonesimulator/GoogleUtilities-Environment.modulemap -Xcc -fmodule-map-file\=/Users/siam/Library/Developer/Xcode/DerivedData/Lingua_Quest-gvpckrqxtbgyprbgppjfqmimmmfw/Build/Intermediates.noindex/GeneratedModuleMaps-iphonesimulator/third-party-IsAppEncrypted.modulemap -Xcc -fmodule-map-file\=/Users/siam/Library/Developer/Xcode/DerivedData/Lingua_Quest-gvpckrqxtbgyprbgppjfqmimmmfw/Build/Intermediates.noindex/GeneratedModuleMaps-iphonesimulator/GoogleUtilities-UserDefaults.modulemap -Xcc -fmodule-map-file\=/Users/siam/Library/Developer/Xcode/DerivedData/Lingua_Quest-gvpckrqxtbgyprbgppjfqmimmmfw/Build/Intermediates.noindex/GeneratedModuleMaps-iphonesimulator/FirebaseCoreExtension.modulemap -Xcc -fmodule-map-file\=/Users/siam/Library/Developer/Xcode/DerivedData/Lingua_Quest-gvpckrqxtbgyprbgppjfqmimmmfw/Build/Intermediates.noindex/GeneratedModuleMaps-iphonesimulator/FirebaseAuthInterop.modulemap -Xcc -fmodule-map-file\=/Users/siam/Library/Developer/Xcode/DerivedData/Lingua_Quest-gvpckrqxtbgyprbgppjfqmimmmfw/Build/Intermediates.noindex/GeneratedModuleMaps-iphonesimulator/FirebaseAppCheck.modulemap -Xcc -fmodule-map-file\=/Users/siam/Library/Developer/Xcode/DerivedData/Lingua_Quest-gvpckrqxtbgyprbgppjfqmimmmfw/Build/Intermediates.noindex/GeneratedModuleMaps-iphonesimulator/FirebaseCore.modulemap -Xcc -fmodule-map-file\=/Users/siam/Library/Developer/Xcode/DerivedData/Lingua_Quest-gvpckrqxtbgyprbgppjfqmimmmfw/Build/Intermediates.noindex/GeneratedModuleMaps-iphonesimulator/FirebaseAppCheckInterop.modulemap -DXcode -plugin-path /Applications/Xcode.app/Contents/Developer/Toolchains/XcodeDefault.xctoolchain/usr/lib/swift/host/plugins/testing -enable-experimental-feature DebugDescriptionMacro -sdk /Applications/Xcode.app/Contents/Developer/Platforms/iPhoneSimulator.platform/Developer/SDKs/iPhoneSimulator26.0.sdk -target x86_64-apple-ios15.0-simulator -g -module-cache-path /Users/siam/Library/Developer/Xcode/DerivedData/ModuleCache.noindex -Xfrontend -serialize-debugging-options -profile-coverage-mapping -profile-generate -enable-testing -suppress-warnings -index-store-path /Users/siam/Library/Developer/Xcode/DerivedData/Lingua_Quest-gvpckrqxtbgyprbgppjfqmimmmfw/Index.noindex/DataStore -Xcc -D_LIBCPP_HARDENING_MODE\=_LIBCPP_HARDENING_MODE_DEBUG -swift-version 6 -I /Users/siam/Library/Developer/Xcode/DerivedData/Lingua_Quest-gvpckrqxtbgyprbgppjfqmimmmfw/Build/Products/Debug-iphonesimulator -Isystem /Applications/Xcode.app/Contents/Developer/Platforms/iPhoneSimulator.platform/Developer/usr/lib -F /Users/siam/Library/Developer/Xcode/DerivedData/Lingua_Quest-gvpckrqxtbgyprbgppjfqmimmmfw/Build/Products/Debug-iphonesimulator/PackageFrameworks -F /Users/siam/Library/Developer/Xcode/DerivedData/Lingua_Quest-gvpckrqxtbgyprbgppjfqmimmmfw/Build/Products/Debug-iphonesimulator/PackageFrameworks -F /Users/siam/Library/Developer/Xcode/DerivedData/Lingua_Quest-gvpckrqxtbgyprbgppjfqmimmmfw/Build/Products/Debug-iphonesimulator/PackageFrameworks -F /Users/siam/Library/Developer/Xcode/DerivedData/Lingua_Quest-gvpckrqxtbgyprbgppjfqmimmmfw/Build/Products/Debug-iphonesimulator/PackageFrameworks -F /Users/siam/Library/Developer/Xcode/DerivedData/Lingua_Quest-gvpckrqxtbgyprbgppjfqmimmmfw/Build/Products/Debug-iphonesimulator/PackageFrameworks -F /Users/siam/Library/Developer/Xcode/DerivedData/Lingua_Quest-gvpckrqxtbgyprbgppjfqmimmmfw/Build/Products/Debug-iphonesimulator/PackageFrameworks -F /Users/siam/Library/Developer/Xcode/DerivedData/Lingua_Quest-gvpckrqxtbgyprbgppjfqmimmmfw/Build/Products/Debug-iphonesimulator/PackageFrameworks -F /Users/siam/Library/Developer/Xcode/DerivedData/Lingua_Quest-gvpckrqxtbgyprbgppjfqmimmmfw/Build/Products/Debug-iphonesimulator/PackageFrameworks -F /Users/siam/Library/Developer/Xcode/DerivedData/Lingua_Quest-gvpckrqxtbgyprbgppjfqmimmmfw/Build/Products/Debug-iphonesimulator/PackageFrameworks -F /Users/siam/Library/Developer/Xcode/DerivedData/Lingua_Quest-gvpckrqxtbgyprbgppjfqmimmmfw/Build/Products/Debug-iphonesimulator/PackageFrameworks -F /Users/siam/Library/Developer/Xcode/DerivedData/Lingua_Quest-gvpckrqxtbgyprbgppjfqmimmmfw/Build/Products/Debug-iphonesimulator/PackageFrameworks -F /Users/siam/Library/Developer/Xcode/DerivedData/Lingua_Quest-gvpckrqxtbgyprbgppjfqmimmmfw/Build/Products/Debug-iphonesimulator/PackageFrameworks -F /Users/siam/Library/Developer/Xcode/DerivedData/Lingua_Quest-gvpckrqxtbgyprbgppjfqmimmmfw/Build/Products/Debug-iphonesimulator/PackageFrameworks -F /Users/siam/Library/Developer/Xcode/DerivedData/Lingua_Quest-gvpckrqxtbgyprbgppjfqmimmmfw/Build/Products/Debug-iphonesimulator/PackageFrameworks -F /Users/siam/Library/Developer/Xcode/DerivedData/Lingua_Quest-gvpckrqxtbgyprbgppjfqmimmmfw/Build/Products/Debug-iphonesimulator/PackageFrameworks -F /Users/siam/Library/Developer/Xcode/DerivedData/Lingua_Quest-gvpckrqxtbgyprbgppjfqmimmmfw/Build/Products/Debug-iphonesimulator/PackageFrameworks -F /Users/siam/Library/Developer/Xcode/DerivedData/Lingua_Quest-gvpckrqxtbgyprbgppjfqmimmmfw/Build/Products/Debug-iphonesimulator/PackageFrameworks -F /Users/siam/Library/Developer/Xcode/DerivedData/Lingua_Quest-gvpckrqxtbgyprbgppjfqmimmmfw/Build/Products/Debug-iphonesimulator/PackageFrameworks -F /Users/siam/Library/Developer/Xcode/DerivedData/Lingua_Quest-gvpckrqxtbgyprbgppjfqmimmmfw/Build/Products/Debug-iphonesimulator -F /Applications/Xcode.app/Contents/Developer/Platforms/iPhoneSimulator.platform/Developer/Library/Frameworks -F /Applications/Xcode.app/Contents/Developer/Platforms/iPhoneSimulator.platform/Developer/SDKs/iPhoneSimulator26.0.sdk/Developer/Library/Frameworks -parse-as-library -c -j12 -enable-batch-mode -incremental -Xcc -ivfsstatcache -Xcc /Users/siam/Library/Developer/Xcode/DerivedData/SDKStatCaches.noindex/iphonesimulator26.0-23A339-26257891a6c027eb51374368541b8346.sdkstatcache -output-file-map /Users/siam/Library/Developer/Xcode/DerivedData/Lingua_Quest-gvpckrqxtbgyprbgppjfqmimmmfw/Build/Intermediates.noindex/Firebase.build/Debug-iphonesimulator/FirebaseAI.build/Objects-normal/x86_64/FirebaseAI-OutputFileMap.json -use-frontend-parseable-output -save-temps -no-color-diagnostics -explicit-module-build -module-cache-path /Users/siam/Library/Developer/Xcode/DerivedData/Lingua_Quest-gvpckrqxtbgyprbgppjfqmimmmfw/Build/Intermediates.noindex/SwiftExplicitPrecompiledModules -clang-scanner-module-cache-path /Users/siam/Library/Developer/Xcode/DerivedData/ModuleCache.noindex -sdk-module-cache-path /Users/siam/Library/Developer/Xcode/DerivedData/ModuleCache.noindex -serialize-diagnostics -emit-dependencies -emit-module -emit-module-path /Users/siam/Library/Developer/Xcode/DerivedData/Lingua_Quest-gvpckrqxtbgyprbgppjfqmimmmfw/Build/Intermediates.noindex/Firebase.build/Debug-iphonesimulator/FirebaseAI.build/Objects-normal/x86_64/FirebaseAI.swiftmodule -user-module-version 12.16.0 -validate-clang-modules-once -clang-build-session-file /Users/siam/Library/Developer/Xcode/DerivedData/ModuleCache.noindex/Session.modulevalidation -package-name firebase_ios_sdk -Xcc -I/Users/siam/Library/Developer/Xcode/DerivedData/Lingua_Quest-gvpckrqxtbgyprbgppjfqmimmmfw/Build/Intermediates.noindex/Firebase.build/Debug-iphonesimulator/FirebaseAI.build/swift-overrides.hmap -emit-const-values -Xfrontend -const-gather-protocols-file -Xfrontend /Users/siam/Library/Developer/Xcode/DerivedData/Lingua_Quest-gvpckrqxtbgyprbgppjfqmimmmfw/Build/Intermediates.noindex/Firebase.build/Debug-iphonesimulator/FirebaseAI.build/Objects-normal/x86_64/FirebaseAI_const_extract_protocols.json -Xcc -I/Users/siam/Library/Developer/Xcode/DerivedData/Lingua_Quest-gvpckrqxtbgyprbgppjfqmimmmfw/SourcePackages/checkouts/GoogleUtilities/GoogleUtilities/NSData+zlib/Public -Xcc -I/Users/siam/Library/Developer/Xcode/DerivedData/Lingua_Quest-gvpckrqxtbgyprbgppjfqmimmmfw/SourcePackages/checkouts/interop-ios-for-google-sdks/RecaptchaEnterprise/RecaptchaInterop/Public -Xcc -I/Users/siam/Library/Developer/Xcode/DerivedData/Lingua_Quest-gvpckrqxtbgyprbgppjfqmimmmfw/SourcePackages/checkouts/promises/Sources/FBLPromises/include -Xcc -I/Users/siam/Library/Developer/Xcode/DerivedData/Lingua_Quest-gvpckrqxtbgyprbgppjfqmimmmfw/SourcePackages/checkouts/app-check/AppCheckCore/Sources/Public -Xcc -I/Users/siam/Library/Developer/Xcode/DerivedData/Lingua_Quest-gvpckrqxtbgyprbgppjfqmimmmfw/SourcePackages/checkouts/GoogleUtilities/GoogleUtilities/Logger/Public -Xcc -I/Users/siam/Library/Developer/Xcode/DerivedData/Lingua_Quest-gvpckrqxtbgyprbgppjfqmimmmfw/SourcePackages/checkouts/GoogleUtilities/GoogleUtilities/Environment/Public -Xcc -I/Users/siam/Library/Developer/Xcode/DerivedData/Lingua_Quest-gvpckrqxtbgyprbgppjfqmimmmfw/SourcePackages/checkouts/GoogleUtilities/third_party/IsAppEncrypted/Public -Xcc -I/Users/siam/Library/Developer/Xcode/DerivedData/Lingua_Quest-gvpckrqxtbgyprbgppjfqmimmmfw/SourcePackages/checkouts/GoogleUtilities/GoogleUtilities/UserDefaults/Public -Xcc -I/Users/siam/Library/Developer/Xcode/DerivedData/Lingua_Quest-gvpckrqxtbgyprbgppjfqmimmmfw/SourcePackages/checkouts/firebase-ios-sdk/FirebaseCore/Extension -Xcc -I/Users/siam/Library/Developer/Xcode/DerivedData/Lingua_Quest-gvpckrqxtbgyprbgppjfqmimmmfw/SourcePackages/checkouts/firebase-ios-sdk/FirebaseAuth/Interop/Public -Xcc -I/Users/siam/Library/Developer/Xcode/DerivedData/Lingua_Quest-gvpckrqxtbgyprbgppjfqmimmmfw/SourcePackages/checkouts/firebase-ios-sdk/FirebaseAppCheck/Sources/Public -Xcc -I/Users/siam/Library/Developer/Xcode/DerivedData/Lingua_Quest-gvpckrqxtbgyprbgppjfqmimmmfw/SourcePackages/checkouts/firebase-ios-sdk/FirebaseCore/Sources/Public -Xcc -I/Users/siam/Library/Developer/Xcode/DerivedData/Lingua_Quest-gvpckrqxtbgyprbgppjfqmimmmfw/SourcePackages/checkouts/firebase-ios-sdk/CoreOnly/Sources -Xcc -I/Users/siam/Library/Developer/Xcode/DerivedData/Lingua_Quest-gvpckrqxtbgyprbgppjfqmimmmfw/SourcePackages/checkouts/firebase-ios-sdk/FirebaseAppCheck/Interop/Public -Xcc -I/Users/siam/Library/Developer/Xcode/DerivedData/Lingua_Quest-gvpckrqxtbgyprbgppjfqmimmmfw/Build/Products/Debug-iphonesimulator/include -Xcc -I/Users/siam/Library/Developer/Xcode/DerivedData/Lingua_Quest-gvpckrqxtbgyprbgppjfqmimmmfw/Build/Intermediates.noindex/Firebase.build/Debug-iphonesimulator/FirebaseAI.build/DerivedSources-normal/x86_64 -Xcc -I/Users/siam/Library/Developer/Xcode/DerivedData/Lingua_Quest-gvpckrqxtbgyprbgppjfqmimmmfw/Build/Intermediates.noindex/Firebase.build/Debug-iphonesimulator/FirebaseAI.build/DerivedSources/x86_64 -Xcc -I/Users/siam/Library/Developer/Xcode/DerivedData/Lingua_Quest-gvpckrqxtbgyprbgppjfqmimmmfw/Build/Intermediates.noindex/Firebase.build/Debug-iphonesimulator/FirebaseAI.build/DerivedSources -Xcc -DSWIFT_PACKAGE -Xcc -DDEBUG\=1 -emit-objc-header -emit-objc-header-path /Users/siam/Library/Developer/Xcode/DerivedData/Lingua_Quest-gvpckrqxtbgyprbgppjfqmimmmfw/Build/Intermediates.noindex/Firebase.build/Debug-iphonesimulator/FirebaseAI.build/Objects-normal/x86_64/FirebaseAI-Swift.h -working-directory /Users/siam/Desktop/Lingua\ Quest/Lingua\ Quest.xcodeproj -experimental-emit-module-separately -disable-cmo

SwiftDriverJobDiscovery normal arm64 Compiling FirebaseAIWrapper.swift (in target 'FirebaseAI' from project 'Firebase')

SwiftDriver\ Compilation FirebaseAI normal arm64 com.apple.xcode.tools.swift.compiler (in target 'FirebaseAI' from project 'Firebase')
    cd /Users/siam/Desktop/Lingua\ Quest/Lingua\ Quest.xcodeproj
    builtin-Swift-Compilation -- /Applications/Xcode.app/Contents/Developer/Toolchains/XcodeDefault.xctoolchain/usr/bin/swiftc -module-name FirebaseAI -Onone -enforce-exclusivity\=checked @/Users/siam/Library/Developer/Xcode/DerivedData/Lingua_Quest-gvpckrqxtbgyprbgppjfqmimmmfw/Build/Intermediates.noindex/Firebase.build/Debug-iphonesimulator/FirebaseAI.build/Objects-normal/arm64/FirebaseAI.SwiftFileList -DSWIFT_PACKAGE -DDEBUG -DSWIFT_MODULE_RESOURCE_BUNDLE_UNAVAILABLE -Xcc -fmodule-map-file\=/Users/siam/Library/Developer/Xcode/DerivedData/Lingua_Quest-gvpckrqxtbgyprbgppjfqmimmmfw/Build/Intermediates.noindex/GeneratedModuleMaps-iphonesimulator/GoogleUtilities-NSData.modulemap -Xcc -fmodule-map-file\=/Users/siam/Library/Developer/Xcode/DerivedData/Lingua_Quest-gvpckrqxtbgyprbgppjfqmimmmfw/Build/Intermediates.noindex/GeneratedModuleMaps-iphonesimulator/RecaptchaInterop.modulemap -Xcc -fmodule-map-file\=/Users/siam/Library/Developer/Xcode/DerivedData/Lingua_Quest-gvpckrqxtbgyprbgppjfqmimmmfw/Build/Intermediates.noindex/GeneratedModuleMaps-iphonesimulator/AppCheckCore.modulemap -Xcc -fmodule-map-file\=/Users/siam/Library/Developer/Xcode/DerivedData/Lingua_Quest-gvpckrqxtbgyprbgppjfqmimmmfw/Build/Intermediates.noindex/GeneratedModuleMaps-iphonesimulator/GoogleUtilities-Logger.modulemap -Xcc -fmodule-map-file\=/Users/siam/Library/Developer/Xcode/DerivedData/Lingua_Quest-gvpckrqxtbgyprbgppjfqmimmmfw/Build/Intermediates.noindex/GeneratedModuleMaps-iphonesimulator/GoogleUtilities-Environment.modulemap -Xcc -fmodule-map-file\=/Users/siam/Library/Developer/Xcode/DerivedData/Lingua_Quest-gvpckrqxtbgyprbgppjfqmimmmfw/Build/Intermediates.noindex/GeneratedModuleMaps-iphonesimulator/third-party-IsAppEncrypted.modulemap -Xcc -fmodule-map-file\=/Users/siam/Library/Developer/Xcode/DerivedData/Lingua_Quest-gvpckrqxtbgyprbgppjfqmimmmfw/Build/Intermediates.noindex/GeneratedModuleMaps-iphonesimulator/GoogleUtilities-UserDefaults.modulemap -Xcc -fmodule-map-file\=/Users/siam/Library/Developer/Xcode/DerivedData/Lingua_Quest-gvpckrqxtbgyprbgppjfqmimmmfw/Build/Intermediates.noindex/GeneratedModuleMaps-iphonesimulator/FirebaseCoreExtension.modulemap -Xcc -fmodule-map-file\=/Users/siam/Library/Developer/Xcode/DerivedData/Lingua_Quest-gvpckrqxtbgyprbgppjfqmimmmfw/Build/Intermediates.noindex/GeneratedModuleMaps-iphonesimulator/FirebaseAuthInterop.modulemap -Xcc -fmodule-map-file\=/Users/siam/Library/Developer/Xcode/DerivedData/Lingua_Quest-gvpckrqxtbgyprbgppjfqmimmmfw/Build/Intermediates.noindex/GeneratedModuleMaps-iphonesimulator/FirebaseAppCheck.modulemap -Xcc -fmodule-map-file\=/Users/siam/Library/Developer/Xcode/DerivedData/Lingua_Quest-gvpckrqxtbgyprbgppjfqmimmmfw/Build/Intermediates.noindex/GeneratedModuleMaps-iphonesimulator/FirebaseCore.modulemap -Xcc -fmodule-map-file\=/Users/siam/Library/Developer/Xcode/DerivedData/Lingua_Quest-gvpckrqxtbgyprbgppjfqmimmmfw/Build/Intermediates.noindex/GeneratedModuleMaps-iphonesimulator/FirebaseAppCheckInterop.modulemap -DXcode -plugin-path /Applications/Xcode.app/Contents/Developer/Toolchains/XcodeDefault.xctoolchain/usr/lib/swift/host/plugins/testing -enable-experimental-feature DebugDescriptionMacro -sdk /Applications/Xcode.app/Contents/Developer/Platforms/iPhoneSimulator.platform/Developer/SDKs/iPhoneSimulator26.0.sdk -target arm64-apple-ios15.0-simulator -g -module-cache-path /Users/siam/Library/Developer/Xcode/DerivedData/ModuleCache.noindex -Xfrontend -serialize-debugging-options -profile-coverage-mapping -profile-generate -enable-testing -suppress-warnings -index-store-path /Users/siam/Library/Developer/Xcode/DerivedData/Lingua_Quest-gvpckrqxtbgyprbgppjfqmimmmfw/Index.noindex/DataStore -Xcc -D_LIBCPP_HARDENING_MODE\=_LIBCPP_HARDENING_MODE_DEBUG -swift-version 6 -I /Users/siam/Library/Developer/Xcode/DerivedData/Lingua_Quest-gvpckrqxtbgyprbgppjfqmimmmfw/Build/Products/Debug-iphonesimulator -Isystem /Applications/Xcode.app/Contents/Developer/Platforms/iPhoneSimulator.platform/Developer/usr/lib -F /Users/siam/Library/Developer/Xcode/DerivedData/Lingua_Quest-gvpckrqxtbgyprbgppjfqmimmmfw/Build/Products/Debug-iphonesimulator/PackageFrameworks -F /Users/siam/Library/Developer/Xcode/DerivedData/Lingua_Quest-gvpckrqxtbgyprbgppjfqmimmmfw/Build/Products/Debug-iphonesimulator/PackageFrameworks -F /Users/siam/Library/Developer/Xcode/DerivedData/Lingua_Quest-gvpckrqxtbgyprbgppjfqmimmmfw/Build/Products/Debug-iphonesimulator/PackageFrameworks -F /Users/siam/Library/Developer/Xcode/DerivedData/Lingua_Quest-gvpckrqxtbgyprbgppjfqmimmmfw/Build/Products/Debug-iphonesimulator/PackageFrameworks -F /Users/siam/Library/Developer/Xcode/DerivedData/Lingua_Quest-gvpckrqxtbgyprbgppjfqmimmmfw/Build/Products/Debug-iphonesimulator/PackageFrameworks -F /Users/siam/Library/Developer/Xcode/DerivedData/Lingua_Quest-gvpckrqxtbgyprbgppjfqmimmmfw/Build/Products/Debug-iphonesimulator/PackageFrameworks -F /Users/siam/Library/Developer/Xcode/DerivedData/Lingua_Quest-gvpckrqxtbgyprbgppjfqmimmmfw/Build/Products/Debug-iphonesimulator/PackageFrameworks -F /Users/siam/Library/Developer/Xcode/DerivedData/Lingua_Quest-gvpckrqxtbgyprbgppjfqmimmmfw/Build/Products/Debug-iphonesimulator/PackageFrameworks -F /Users/siam/Library/Developer/Xcode/DerivedData/Lingua_Quest-gvpckrqxtbgyprbgppjfqmimmmfw/Build/Products/Debug-iphonesimulator/PackageFrameworks -F /Users/siam/Library/Developer/Xcode/DerivedData/Lingua_Quest-gvpckrqxtbgyprbgppjfqmimmmfw/Build/Products/Debug-iphonesimulator/PackageFrameworks -F /Users/siam/Library/Developer/Xcode/DerivedData/Lingua_Quest-gvpckrqxtbgyprbgppjfqmimmmfw/Build/Products/Debug-iphonesimulator/PackageFrameworks -F /Users/siam/Library/Developer/Xcode/DerivedData/Lingua_Quest-gvpckrqxtbgyprbgppjfqmimmmfw/Build/Products/Debug-iphonesimulator/PackageFrameworks -F /Users/siam/Library/Developer/Xcode/DerivedData/Lingua_Quest-gvpckrqxtbgyprbgppjfqmimmmfw/Build/Products/Debug-iphonesimulator/PackageFrameworks -F /Users/siam/Library/Developer/Xcode/DerivedData/Lingua_Quest-gvpckrqxtbgyprbgppjfqmimmmfw/Build/Products/Debug-iphonesimulator/PackageFrameworks -F /Users/siam/Library/Developer/Xcode/DerivedData/Lingua_Quest-gvpckrqxtbgyprbgppjfqmimmmfw/Build/Products/Debug-iphonesimulator/PackageFrameworks -F /Users/siam/Library/Developer/Xcode/DerivedData/Lingua_Quest-gvpckrqxtbgyprbgppjfqmimmmfw/Build/Products/Debug-iphonesimulator/PackageFrameworks -F /Users/siam/Library/Developer/Xcode/DerivedData/Lingua_Quest-gvpckrqxtbgyprbgppjfqmimmmfw/Build/Products/Debug-iphonesimulator/PackageFrameworks -F /Users/siam/Library/Developer/Xcode/DerivedData/Lingua_Quest-gvpckrqxtbgyprbgppjfqmimmmfw/Build/Products/Debug-iphonesimulator/PackageFrameworks -F /Users/siam/Library/Developer/Xcode/DerivedData/Lingua_Quest-gvpckrqxtbgyprbgppjfqmimmmfw/Build/Products/Debug-iphonesimulator -F /Applications/Xcode.app/Contents/Developer/Platforms/iPhoneSimulator.platform/Developer/Library/Frameworks -F /Applications/Xcode.app/Contents/Developer/Platforms/iPhoneSimulator.platform/Developer/SDKs/iPhoneSimulator26.0.sdk/Developer/Library/Frameworks -parse-as-library -c -j12 -enable-batch-mode -incremental -Xcc -ivfsstatcache -Xcc /Users/siam/Library/Developer/Xcode/DerivedData/SDKStatCaches.noindex/iphonesimulator26.0-23A339-26257891a6c027eb51374368541b8346.sdkstatcache -output-file-map /Users/siam/Library/Developer/Xcode/DerivedData/Lingua_Quest-gvpckrqxtbgyprbgppjfqmimmmfw/Build/Intermediates.noindex/Firebase.build/Debug-iphonesimulator/FirebaseAI.build/Objects-normal/arm64/FirebaseAI-OutputFileMap.json -use-frontend-parseable-output -save-temps -no-color-diagnostics -explicit-module-build -module-cache-path /Users/siam/Library/Developer/Xcode/DerivedData/Lingua_Quest-gvpckrqxtbgyprbgppjfqmimmmfw/Build/Intermediates.noindex/SwiftExplicitPrecompiledModules -clang-scanner-module-cache-path /Users/siam/Library/Developer/Xcode/DerivedData/ModuleCache.noindex -sdk-module-cache-path /Users/siam/Library/Developer/Xcode/DerivedData/ModuleCache.noindex -serialize-diagnostics -emit-dependencies -emit-module -emit-module-path /Users/siam/Library/Developer/Xcode/DerivedData/Lingua_Quest-gvpckrqxtbgyprbgppjfqmimmmfw/Build/Intermediates.noindex/Firebase.build/Debug-iphonesimulator/FirebaseAI.build/Objects-normal/arm64/FirebaseAI.swiftmodule -user-module-version 12.16.0 -validate-clang-modules-once -clang-build-session-file /Users/siam/Library/Developer/Xcode/DerivedData/ModuleCache.noindex/Session.modulevalidation -package-name firebase_ios_sdk -Xcc -I/Users/siam/Library/Developer/Xcode/DerivedData/Lingua_Quest-gvpckrqxtbgyprbgppjfqmimmmfw/Build/Intermediates.noindex/Firebase.build/Debug-iphonesimulator/FirebaseAI.build/swift-overrides.hmap -emit-const-values -Xfrontend -const-gather-protocols-file -Xfrontend /Users/siam/Library/Developer/Xcode/DerivedData/Lingua_Quest-gvpckrqxtbgyprbgppjfqmimmmfw/Build/Intermediates.noindex/Firebase.build/Debug-iphonesimulator/FirebaseAI.build/Objects-normal/arm64/FirebaseAI_const_extract_protocols.json -Xcc -I/Users/siam/Library/Developer/Xcode/DerivedData/Lingua_Quest-gvpckrqxtbgyprbgppjfqmimmmfw/SourcePackages/checkouts/GoogleUtilities/GoogleUtilities/NSData+zlib/Public -Xcc -I/Users/siam/Library/Developer/Xcode/DerivedData/Lingua_Quest-gvpckrqxtbgyprbgppjfqmimmmfw/SourcePackages/checkouts/interop-ios-for-google-sdks/RecaptchaEnterprise/RecaptchaInterop/Public -Xcc -I/Users/siam/Library/Developer/Xcode/DerivedData/Lingua_Quest-gvpckrqxtbgyprbgppjfqmimmmfw/SourcePackages/checkouts/promises/Sources/FBLPromises/include -Xcc -I/Users/siam/Library/Developer/Xcode/DerivedData/Lingua_Quest-gvpckrqxtbgyprbgppjfqmimmmfw/SourcePackages/checkouts/app-check/AppCheckCore/Sources/Public -Xcc -I/Users/siam/Library/Developer/Xcode/DerivedData/Lingua_Quest-gvpckrqxtbgyprbgppjfqmimmmfw/SourcePackages/checkouts/GoogleUtilities/GoogleUtilities/Logger/Public -Xcc -I/Users/siam/Library/Developer/Xcode/DerivedData/Lingua_Quest-gvpckrqxtbgyprbgppjfqmimmmfw/SourcePackages/checkouts/GoogleUtilities/GoogleUtilities/Environment/Public -Xcc -I/Users/siam/Library/Developer/Xcode/DerivedData/Lingua_Quest-gvpckrqxtbgyprbgppjfqmimmmfw/SourcePackages/checkouts/GoogleUtilities/third_party/IsAppEncrypted/Public -Xcc -I/Users/siam/Library/Developer/Xcode/DerivedData/Lingua_Quest-gvpckrqxtbgyprbgppjfqmimmmfw/SourcePackages/checkouts/GoogleUtilities/GoogleUtilities/UserDefaults/Public -Xcc -I/Users/siam/Library/Developer/Xcode/DerivedData/Lingua_Quest-gvpckrqxtbgyprbgppjfqmimmmfw/SourcePackages/checkouts/firebase-ios-sdk/FirebaseCore/Extension -Xcc -I/Users/siam/Library/Developer/Xcode/DerivedData/Lingua_Quest-gvpckrqxtbgyprbgppjfqmimmmfw/SourcePackages/checkouts/firebase-ios-sdk/FirebaseAuth/Interop/Public -Xcc -I/Users/siam/Library/Developer/Xcode/DerivedData/Lingua_Quest-gvpckrqxtbgyprbgppjfqmimmmfw/SourcePackages/checkouts/firebase-ios-sdk/FirebaseAppCheck/Sources/Public -Xcc -I/Users/siam/Library/Developer/Xcode/DerivedData/Lingua_Quest-gvpckrqxtbgyprbgppjfqmimmmfw/SourcePackages/checkouts/firebase-ios-sdk/FirebaseCore/Sources/Public -Xcc -I/Users/siam/Library/Developer/Xcode/DerivedData/Lingua_Quest-gvpckrqxtbgyprbgppjfqmimmmfw/SourcePackages/checkouts/firebase-ios-sdk/CoreOnly/Sources -Xcc -I/Users/siam/Library/Developer/Xcode/DerivedData/Lingua_Quest-gvpckrqxtbgyprbgppjfqmimmmfw/SourcePackages/checkouts/firebase-ios-sdk/FirebaseAppCheck/Interop/Public -Xcc -I/Users/siam/Library/Developer/Xcode/DerivedData/Lingua_Quest-gvpckrqxtbgyprbgppjfqmimmmfw/Build/Products/Debug-iphonesimulator/include -Xcc -I/Users/siam/Library/Developer/Xcode/DerivedData/Lingua_Quest-gvpckrqxtbgyprbgppjfqmimmmfw/Build/Intermediates.noindex/Firebase.build/Debug-iphonesimulator/FirebaseAI.build/DerivedSources-normal/arm64 -Xcc -I/Users/siam/Library/Developer/Xcode/DerivedData/Lingua_Quest-gvpckrqxtbgyprbgppjfqmimmmfw/Build/Intermediates.noindex/Firebase.build/Debug-iphonesimulator/FirebaseAI.build/DerivedSources/arm64 -Xcc -I/Users/siam/Library/Developer/Xcode/DerivedData/Lingua_Quest-gvpckrqxtbgyprbgppjfqmimmmfw/Build/Intermediates.noindex/Firebase.build/Debug-iphonesimulator/FirebaseAI.build/DerivedSources -Xcc -DSWIFT_PACKAGE -Xcc -DDEBUG\=1 -emit-objc-header -emit-objc-header-path /Users/siam/Library/Developer/Xcode/DerivedData/Lingua_Quest-gvpckrqxtbgyprbgppjfqmimmmfw/Build/Intermediates.noindex/Firebase.build/Debug-iphonesimulator/FirebaseAI.build/Objects-normal/arm64/FirebaseAI-Swift.h -working-directory /Users/siam/Desktop/Lingua\ Quest/Lingua\ Quest.xcodeproj -experimental-emit-module-separately -disable-cmo

SwiftDriverJobDiscovery normal x86_64 Compiling FirebaseAIWrapper.swift (in target 'FirebaseAI' from project 'Firebase')

SwiftDriver\ Compilation FirebaseAI normal x86_64 com.apple.xcode.tools.swift.compiler (in target 'FirebaseAI' from project 'Firebase')
    cd /Users/siam/Desktop/Lingua\ Quest/Lingua\ Quest.xcodeproj
    builtin-Swift-Compilation -- /Applications/Xcode.app/Contents/Developer/Toolchains/XcodeDefault.xctoolchain/usr/bin/swiftc -module-name FirebaseAI -Onone -enforce-exclusivity\=checked @/Users/siam/Library/Developer/Xcode/DerivedData/Lingua_Quest-gvpckrqxtbgyprbgppjfqmimmmfw/Build/Intermediates.noindex/Firebase.build/Debug-iphonesimulator/FirebaseAI.build/Objects-normal/x86_64/FirebaseAI.SwiftFileList -DSWIFT_PACKAGE -DDEBUG -DSWIFT_MODULE_RESOURCE_BUNDLE_UNAVAILABLE -Xcc -fmodule-map-file\=/Users/siam/Library/Developer/Xcode/DerivedData/Lingua_Quest-gvpckrqxtbgyprbgppjfqmimmmfw/Build/Intermediates.noindex/GeneratedModuleMaps-iphonesimulator/GoogleUtilities-NSData.modulemap -Xcc -fmodule-map-file\=/Users/siam/Library/Developer/Xcode/DerivedData/Lingua_Quest-gvpckrqxtbgyprbgppjfqmimmmfw/Build/Intermediates.noindex/GeneratedModuleMaps-iphonesimulator/RecaptchaInterop.modulemap -Xcc -fmodule-map-file\=/Users/siam/Library/Developer/Xcode/DerivedData/Lingua_Quest-gvpckrqxtbgyprbgppjfqmimmmfw/Build/Intermediates.noindex/GeneratedModuleMaps-iphonesimulator/AppCheckCore.modulemap -Xcc -fmodule-map-file\=/Users/siam/Library/Developer/Xcode/DerivedData/Lingua_Quest-gvpckrqxtbgyprbgppjfqmimmmfw/Build/Intermediates.noindex/GeneratedModuleMaps-iphonesimulator/GoogleUtilities-Logger.modulemap -Xcc -fmodule-map-file\=/Users/siam/Library/Developer/Xcode/DerivedData/Lingua_Quest-gvpckrqxtbgyprbgppjfqmimmmfw/Build/Intermediates.noindex/GeneratedModuleMaps-iphonesimulator/GoogleUtilities-Environment.modulemap -Xcc -fmodule-map-file\=/Users/siam/Library/Developer/Xcode/DerivedData/Lingua_Quest-gvpckrqxtbgyprbgppjfqmimmmfw/Build/Intermediates.noindex/GeneratedModuleMaps-iphonesimulator/third-party-IsAppEncrypted.modulemap -Xcc -fmodule-map-file\=/Users/siam/Library/Developer/Xcode/DerivedData/Lingua_Quest-gvpckrqxtbgyprbgppjfqmimmmfw/Build/Intermediates.noindex/GeneratedModuleMaps-iphonesimulator/GoogleUtilities-UserDefaults.modulemap -Xcc -fmodule-map-file\=/Users/siam/Library/Developer/Xcode/DerivedData/Lingua_Quest-gvpckrqxtbgyprbgppjfqmimmmfw/Build/Intermediates.noindex/GeneratedModuleMaps-iphonesimulator/FirebaseCoreExtension.modulemap -Xcc -fmodule-map-file\=/Users/siam/Library/Developer/Xcode/DerivedData/Lingua_Quest-gvpckrqxtbgyprbgppjfqmimmmfw/Build/Intermediates.noindex/GeneratedModuleMaps-iphonesimulator/FirebaseAuthInterop.modulemap -Xcc -fmodule-map-file\=/Users/siam/Library/Developer/Xcode/DerivedData/Lingua_Quest-gvpckrqxtbgyprbgppjfqmimmmfw/Build/Intermediates.noindex/GeneratedModuleMaps-iphonesimulator/FirebaseAppCheck.modulemap -Xcc -fmodule-map-file\=/Users/siam/Library/Developer/Xcode/DerivedData/Lingua_Quest-gvpckrqxtbgyprbgppjfqmimmmfw/Build/Intermediates.noindex/GeneratedModuleMaps-iphonesimulator/FirebaseCore.modulemap -Xcc -fmodule-map-file\=/Users/siam/Library/Developer/Xcode/DerivedData/Lingua_Quest-gvpckrqxtbgyprbgppjfqmimmmfw/Build/Intermediates.noindex/GeneratedModuleMaps-iphonesimulator/FirebaseAppCheckInterop.modulemap -DXcode -plugin-path /Applications/Xcode.app/Contents/Developer/Toolchains/XcodeDefault.xctoolchain/usr/lib/swift/host/plugins/testing -enable-experimental-feature DebugDescriptionMacro -sdk /Applications/Xcode.app/Contents/Developer/Platforms/iPhoneSimulator.platform/Developer/SDKs/iPhoneSimulator26.0.sdk -target x86_64-apple-ios15.0-simulator -g -module-cache-path /Users/siam/Library/Developer/Xcode/DerivedData/ModuleCache.noindex -Xfrontend -serialize-debugging-options -profile-coverage-mapping -profile-generate -enable-testing -suppress-warnings -index-store-path /Users/siam/Library/Developer/Xcode/DerivedData/Lingua_Quest-gvpckrqxtbgyprbgppjfqmimmmfw/Index.noindex/DataStore -Xcc -D_LIBCPP_HARDENING_MODE\=_LIBCPP_HARDENING_MODE_DEBUG -swift-version 6 -I /Users/siam/Library/Developer/Xcode/DerivedData/Lingua_Quest-gvpckrqxtbgyprbgppjfqmimmmfw/Build/Products/Debug-iphonesimulator -Isystem /Applications/Xcode.app/Contents/Developer/Platforms/iPhoneSimulator.platform/Developer/usr/lib -F /Users/siam/Library/Developer/Xcode/DerivedData/Lingua_Quest-gvpckrqxtbgyprbgppjfqmimmmfw/Build/Products/Debug-iphonesimulator/PackageFrameworks -F /Users/siam/Library/Developer/Xcode/DerivedData/Lingua_Quest-gvpckrqxtbgyprbgppjfqmimmmfw/Build/Products/Debug-iphonesimulator/PackageFrameworks -F /Users/siam/Library/Developer/Xcode/DerivedData/Lingua_Quest-gvpckrqxtbgyprbgppjfqmimmmfw/Build/Products/Debug-iphonesimulator/PackageFrameworks -F /Users/siam/Library/Developer/Xcode/DerivedData/Lingua_Quest-gvpckrqxtbgyprbgppjfqmimmmfw/Build/Products/Debug-iphonesimulator/PackageFrameworks -F /Users/siam/Library/Developer/Xcode/DerivedData/Lingua_Quest-gvpckrqxtbgyprbgppjfqmimmmfw/Build/Products/Debug-iphonesimulator/PackageFrameworks -F /Users/siam/Library/Developer/Xcode/DerivedData/Lingua_Quest-gvpckrqxtbgyprbgppjfqmimmmfw/Build/Products/Debug-iphonesimulator/PackageFrameworks -F /Users/siam/Library/Developer/Xcode/DerivedData/Lingua_Quest-gvpckrqxtbgyprbgppjfqmimmmfw/Build/Products/Debug-iphonesimulator/PackageFrameworks -F /Users/siam/Library/Developer/Xcode/DerivedData/Lingua_Quest-gvpckrqxtbgyprbgppjfqmimmmfw/Build/Products/Debug-iphonesimulator/PackageFrameworks -F /Users/siam/Library/Developer/Xcode/DerivedData/Lingua_Quest-gvpckrqxtbgyprbgppjfqmimmmfw/Build/Products/Debug-iphonesimulator/PackageFrameworks -F /Users/siam/Library/Developer/Xcode/DerivedData/Lingua_Quest-gvpckrqxtbgyprbgppjfqmimmmfw/Build/Products/Debug-iphonesimulator/PackageFrameworks -F /Users/siam/Library/Developer/Xcode/DerivedData/Lingua_Quest-gvpckrqxtbgyprbgppjfqmimmmfw/Build/Products/Debug-iphonesimulator/PackageFrameworks -F /Users/siam/Library/Developer/Xcode/DerivedData/Lingua_Quest-gvpckrqxtbgyprbgppjfqmimmmfw/Build/Products/Debug-iphonesimulator/PackageFrameworks -F /Users/siam/Library/Developer/Xcode/DerivedData/Lingua_Quest-gvpckrqxtbgyprbgppjfqmimmmfw/Build/Products/Debug-iphonesimulator/PackageFrameworks -F /Users/siam/Library/Developer/Xcode/DerivedData/Lingua_Quest-gvpckrqxtbgyprbgppjfqmimmmfw/Build/Products/Debug-iphonesimulator/PackageFrameworks -F /Users/siam/Library/Developer/Xcode/DerivedData/Lingua_Quest-gvpckrqxtbgyprbgppjfqmimmmfw/Build/Products/Debug-iphonesimulator/PackageFrameworks -F /Users/siam/Library/Developer/Xcode/DerivedData/Lingua_Quest-gvpckrqxtbgyprbgppjfqmimmmfw/Build/Products/Debug-iphonesimulator/PackageFrameworks -F /Users/siam/Library/Developer/Xcode/DerivedData/Lingua_Quest-gvpckrqxtbgyprbgppjfqmimmmfw/Build/Products/Debug-iphonesimulator/PackageFrameworks -F /Users/siam/Library/Developer/Xcode/DerivedData/Lingua_Quest-gvpckrqxtbgyprbgppjfqmimmmfw/Build/Products/Debug-iphonesimulator/PackageFrameworks -F /Users/siam/Library/Developer/Xcode/DerivedData/Lingua_Quest-gvpckrqxtbgyprbgppjfqmimmmfw/Build/Products/Debug-iphonesimulator -F /Applications/Xcode.app/Contents/Developer/Platforms/iPhoneSimulator.platform/Developer/Library/Frameworks -F /Applications/Xcode.app/Contents/Developer/Platforms/iPhoneSimulator.platform/Developer/SDKs/iPhoneSimulator26.0.sdk/Developer/Library/Frameworks -parse-as-library -c -j12 -enable-batch-mode -incremental -Xcc -ivfsstatcache -Xcc /Users/siam/Library/Developer/Xcode/DerivedData/SDKStatCaches.noindex/iphonesimulator26.0-23A339-26257891a6c027eb51374368541b8346.sdkstatcache -output-file-map /Users/siam/Library/Developer/Xcode/DerivedData/Lingua_Quest-gvpckrqxtbgyprbgppjfqmimmmfw/Build/Intermediates.noindex/Firebase.build/Debug-iphonesimulator/FirebaseAI.build/Objects-normal/x86_64/FirebaseAI-OutputFileMap.json -use-frontend-parseable-output -save-temps -no-color-diagnostics -explicit-module-build -module-cache-path /Users/siam/Library/Developer/Xcode/DerivedData/Lingua_Quest-gvpckrqxtbgyprbgppjfqmimmmfw/Build/Intermediates.noindex/SwiftExplicitPrecompiledModules -clang-scanner-module-cache-path /Users/siam/Library/Developer/Xcode/DerivedData/ModuleCache.noindex -sdk-module-cache-path /Users/siam/Library/Developer/Xcode/DerivedData/ModuleCache.noindex -serialize-diagnostics -emit-dependencies -emit-module -emit-module-path /Users/siam/Library/Developer/Xcode/DerivedData/Lingua_Quest-gvpckrqxtbgyprbgppjfqmimmmfw/Build/Intermediates.noindex/Firebase.build/Debug-iphonesimulator/FirebaseAI.build/Objects-normal/x86_64/FirebaseAI.swiftmodule -user-module-version 12.16.0 -validate-clang-modules-once -clang-build-session-file /Users/siam/Library/Developer/Xcode/DerivedData/ModuleCache.noindex/Session.modulevalidation -package-name firebase_ios_sdk -Xcc -I/Users/siam/Library/Developer/Xcode/DerivedData/Lingua_Quest-gvpckrqxtbgyprbgppjfqmimmmfw/Build/Intermediates.noindex/Firebase.build/Debug-iphonesimulator/FirebaseAI.build/swift-overrides.hmap -emit-const-values -Xfrontend -const-gather-protocols-file -Xfrontend /Users/siam/Library/Developer/Xcode/DerivedData/Lingua_Quest-gvpckrqxtbgyprbgppjfqmimmmfw/Build/Intermediates.noindex/Firebase.build/Debug-iphonesimulator/FirebaseAI.build/Objects-normal/x86_64/FirebaseAI_const_extract_protocols.json -Xcc -I/Users/siam/Library/Developer/Xcode/DerivedData/Lingua_Quest-gvpckrqxtbgyprbgppjfqmimmmfw/SourcePackages/checkouts/GoogleUtilities/GoogleUtilities/NSData+zlib/Public -Xcc -I/Users/siam/Library/Developer/Xcode/DerivedData/Lingua_Quest-gvpckrqxtbgyprbgppjfqmimmmfw/SourcePackages/checkouts/interop-ios-for-google-sdks/RecaptchaEnterprise/RecaptchaInterop/Public -Xcc -I/Users/siam/Library/Developer/Xcode/DerivedData/Lingua_Quest-gvpckrqxtbgyprbgppjfqmimmmfw/SourcePackages/checkouts/promises/Sources/FBLPromises/include -Xcc -I/Users/siam/Library/Developer/Xcode/DerivedData/Lingua_Quest-gvpckrqxtbgyprbgppjfqmimmmfw/SourcePackages/checkouts/app-check/AppCheckCore/Sources/Public -Xcc -I/Users/siam/Library/Developer/Xcode/DerivedData/Lingua_Quest-gvpckrqxtbgyprbgppjfqmimmmfw/SourcePackages/checkouts/GoogleUtilities/GoogleUtilities/Logger/Public -Xcc -I/Users/siam/Library/Developer/Xcode/DerivedData/Lingua_Quest-gvpckrqxtbgyprbgppjfqmimmmfw/SourcePackages/checkouts/GoogleUtilities/GoogleUtilities/Environment/Public -Xcc -I/Users/siam/Library/Developer/Xcode/DerivedData/Lingua_Quest-gvpckrqxtbgyprbgppjfqmimmmfw/SourcePackages/checkouts/GoogleUtilities/third_party/IsAppEncrypted/Public -Xcc -I/Users/siam/Library/Developer/Xcode/DerivedData/Lingua_Quest-gvpckrqxtbgyprbgppjfqmimmmfw/SourcePackages/checkouts/GoogleUtilities/GoogleUtilities/UserDefaults/Public -Xcc -I/Users/siam/Library/Developer/Xcode/DerivedData/Lingua_Quest-gvpckrqxtbgyprbgppjfqmimmmfw/SourcePackages/checkouts/firebase-ios-sdk/FirebaseCore/Extension -Xcc -I/Users/siam/Library/Developer/Xcode/DerivedData/Lingua_Quest-gvpckrqxtbgyprbgppjfqmimmmfw/SourcePackages/checkouts/firebase-ios-sdk/FirebaseAuth/Interop/Public -Xcc -I/Users/siam/Library/Developer/Xcode/DerivedData/Lingua_Quest-gvpckrqxtbgyprbgppjfqmimmmfw/SourcePackages/checkouts/firebase-ios-sdk/FirebaseAppCheck/Sources/Public -Xcc -I/Users/siam/Library/Developer/Xcode/DerivedData/Lingua_Quest-gvpckrqxtbgyprbgppjfqmimmmfw/SourcePackages/checkouts/firebase-ios-sdk/FirebaseCore/Sources/Public -Xcc -I/Users/siam/Library/Developer/Xcode/DerivedData/Lingua_Quest-gvpckrqxtbgyprbgppjfqmimmmfw/SourcePackages/checkouts/firebase-ios-sdk/CoreOnly/Sources -Xcc -I/Users/siam/Library/Developer/Xcode/DerivedData/Lingua_Quest-gvpckrqxtbgyprbgppjfqmimmmfw/SourcePackages/checkouts/firebase-ios-sdk/FirebaseAppCheck/Interop/Public -Xcc -I/Users/siam/Library/Developer/Xcode/DerivedData/Lingua_Quest-gvpckrqxtbgyprbgppjfqmimmmfw/Build/Products/Debug-iphonesimulator/include -Xcc -I/Users/siam/Library/Developer/Xcode/DerivedData/Lingua_Quest-gvpckrqxtbgyprbgppjfqmimmmfw/Build/Intermediates.noindex/Firebase.build/Debug-iphonesimulator/FirebaseAI.build/DerivedSources-normal/x86_64 -Xcc -I/Users/siam/Library/Developer/Xcode/DerivedData/Lingua_Quest-gvpckrqxtbgyprbgppjfqmimmmfw/Build/Intermediates.noindex/Firebase.build/Debug-iphonesimulator/FirebaseAI.build/DerivedSources/x86_64 -Xcc -I/Users/siam/Library/Developer/Xcode/DerivedData/Lingua_Quest-gvpckrqxtbgyprbgppjfqmimmmfw/Build/Intermediates.noindex/Firebase.build/Debug-iphonesimulator/FirebaseAI.build/DerivedSources -Xcc -DSWIFT_PACKAGE -Xcc -DDEBUG\=1 -emit-objc-header -emit-objc-header-path /Users/siam/Library/Developer/Xcode/DerivedData/Lingua_Quest-gvpckrqxtbgyprbgppjfqmimmmfw/Build/Intermediates.noindex/Firebase.build/Debug-iphonesimulator/FirebaseAI.build/Objects-normal/x86_64/FirebaseAI-Swift.h -working-directory /Users/siam/Desktop/Lingua\ Quest/Lingua\ Quest.xcodeproj -experimental-emit-module-separately -disable-cmo

Copy /Users/siam/Library/Developer/Xcode/DerivedData/Lingua_Quest-gvpckrqxtbgyprbgppjfqmimmmfw/Build/Products/Debug-iphonesimulator/FirebaseAI.swiftmodule/x86_64-apple-ios-simulator.swiftdoc /Users/siam/Library/Developer/Xcode/DerivedData/Lingua_Quest-gvpckrqxtbgyprbgppjfqmimmmfw/Build/Intermediates.noindex/Firebase.build/Debug-iphonesimulator/FirebaseAI.build/Objects-normal/x86_64/FirebaseAI.swiftdoc (in target 'FirebaseAI' from project 'Firebase')
    cd /Users/siam/Library/Developer/Xcode/DerivedData/Lingua_Quest-gvpckrqxtbgyprbgppjfqmimmmfw/SourcePackages/checkouts/firebase-ios-sdk
    builtin-copy -exclude .DS_Store -exclude CVS -exclude .svn -exclude .git -exclude .hg -resolve-src-symlinks -rename /Users/siam/Library/Developer/Xcode/DerivedData/Lingua_Quest-gvpckrqxtbgyprbgppjfqmimmmfw/Build/Intermediates.noindex/Firebase.build/Debug-iphonesimulator/FirebaseAI.build/Objects-normal/x86_64/FirebaseAI.swiftdoc /Users/siam/Library/Developer/Xcode/DerivedData/Lingua_Quest-gvpckrqxtbgyprbgppjfqmimmmfw/Build/Products/Debug-iphonesimulator/FirebaseAI.swiftmodule/x86_64-apple-ios-simulator.swiftdoc

SwiftMergeGeneratedHeaders /Users/siam/Library/Developer/Xcode/DerivedData/Lingua_Quest-gvpckrqxtbgyprbgppjfqmimmmfw/Build/Intermediates.noindex/GeneratedModuleMaps-iphonesimulator/FirebaseAI-Swift.h /Users/siam/Library/Developer/Xcode/DerivedData/Lingua_Quest-gvpckrqxtbgyprbgppjfqmimmmfw/Build/Intermediates.noindex/Firebase.build/Debug-iphonesimulator/FirebaseAI.build/Objects-normal/arm64/FirebaseAI-Swift.h /Users/siam/Library/Developer/Xcode/DerivedData/Lingua_Quest-gvpckrqxtbgyprbgppjfqmimmmfw/Build/Intermediates.noindex/Firebase.build/Debug-iphonesimulator/FirebaseAI.build/Objects-normal/x86_64/FirebaseAI-Swift.h (in target 'FirebaseAI' from project 'Firebase')
    cd /Users/siam/Library/Developer/Xcode/DerivedData/Lingua_Quest-gvpckrqxtbgyprbgppjfqmimmmfw/SourcePackages/checkouts/firebase-ios-sdk
    builtin-swiftHeaderTool -arch arm64 /Users/siam/Library/Developer/Xcode/DerivedData/Lingua_Quest-gvpckrqxtbgyprbgppjfqmimmmfw/Build/Intermediates.noindex/Firebase.build/Debug-iphonesimulator/FirebaseAI.build/Objects-normal/arm64/FirebaseAI-Swift.h -arch x86_64 /Users/siam/Library/Developer/Xcode/DerivedData/Lingua_Quest-gvpckrqxtbgyprbgppjfqmimmmfw/Build/Intermediates.noindex/Firebase.build/Debug-iphonesimulator/FirebaseAI.build/Objects-normal/x86_64/FirebaseAI-Swift.h -o /Users/siam/Library/Developer/Xcode/DerivedData/Lingua_Quest-gvpckrqxtbgyprbgppjfqmimmmfw/Build/Intermediates.noindex/GeneratedModuleMaps-iphonesimulator/FirebaseAI-Swift.h

Copy /Users/siam/Library/Developer/Xcode/DerivedData/Lingua_Quest-gvpckrqxtbgyprbgppjfqmimmmfw/Build/Products/Debug-iphonesimulator/FirebaseAI.swiftmodule/Project/x86_64-apple-ios-simulator.swiftsourceinfo /Users/siam/Library/Developer/Xcode/DerivedData/Lingua_Quest-gvpckrqxtbgyprbgppjfqmimmmfw/Build/Intermediates.noindex/Firebase.build/Debug-iphonesimulator/FirebaseAI.build/Objects-normal/x86_64/FirebaseAI.swiftsourceinfo (in target 'FirebaseAI' from project 'Firebase')
    cd /Users/siam/Library/Developer/Xcode/DerivedData/Lingua_Quest-gvpckrqxtbgyprbgppjfqmimmmfw/SourcePackages/checkouts/firebase-ios-sdk
    builtin-copy -exclude .DS_Store -exclude CVS -exclude .svn -exclude .git -exclude .hg -resolve-src-symlinks -rename /Users/siam/Library/Developer/Xcode/DerivedData/Lingua_Quest-gvpckrqxtbgyprbgppjfqmimmmfw/Build/Intermediates.noindex/Firebase.build/Debug-iphonesimulator/FirebaseAI.build/Objects-normal/x86_64/FirebaseAI.swiftsourceinfo /Users/siam/Library/Developer/Xcode/DerivedData/Lingua_Quest-gvpckrqxtbgyprbgppjfqmimmmfw/Build/Products/Debug-iphonesimulator/FirebaseAI.swiftmodule/Project/x86_64-apple-ios-simulator.swiftsourceinfo

Copy /Users/siam/Library/Developer/Xcode/DerivedData/Lingua_Quest-gvpckrqxtbgyprbgppjfqmimmmfw/Build/Products/Debug-iphonesimulator/FirebaseAI.swiftmodule/x86_64-apple-ios-simulator.swiftmodule /Users/siam/Library/Developer/Xcode/DerivedData/Lingua_Quest-gvpckrqxtbgyprbgppjfqmimmmfw/Build/Intermediates.noindex/Firebase.build/Debug-iphonesimulator/FirebaseAI.build/Objects-normal/x86_64/FirebaseAI.swiftmodule (in target 'FirebaseAI' from project 'Firebase')
    cd /Users/siam/Library/Developer/Xcode/DerivedData/Lingua_Quest-gvpckrqxtbgyprbgppjfqmimmmfw/SourcePackages/checkouts/firebase-ios-sdk
    builtin-copy -exclude .DS_Store -exclude CVS -exclude .svn -exclude .git -exclude .hg -resolve-src-symlinks -rename /Users/siam/Library/Developer/Xcode/DerivedData/Lingua_Quest-gvpckrqxtbgyprbgppjfqmimmmfw/Build/Intermediates.noindex/Firebase.build/Debug-iphonesimulator/FirebaseAI.build/Objects-normal/x86_64/FirebaseAI.swiftmodule /Users/siam/Library/Developer/Xcode/DerivedData/Lingua_Quest-gvpckrqxtbgyprbgppjfqmimmmfw/Build/Products/Debug-iphonesimulator/FirebaseAI.swiftmodule/x86_64-apple-ios-simulator.swiftmodule

Copy /Users/siam/Library/Developer/Xcode/DerivedData/Lingua_Quest-gvpckrqxtbgyprbgppjfqmimmmfw/Build/Products/Debug-iphonesimulator/FirebaseAI.swiftmodule/x86_64-apple-ios-simulator.abi.json /Users/siam/Library/Developer/Xcode/DerivedData/Lingua_Quest-gvpckrqxtbgyprbgppjfqmimmmfw/Build/Intermediates.noindex/Firebase.build/Debug-iphonesimulator/FirebaseAI.build/Objects-normal/x86_64/FirebaseAI.abi.json (in target 'FirebaseAI' from project 'Firebase')
    cd /Users/siam/Library/Developer/Xcode/DerivedData/Lingua_Quest-gvpckrqxtbgyprbgppjfqmimmmfw/SourcePackages/checkouts/firebase-ios-sdk
    builtin-copy -exclude .DS_Store -exclude CVS -exclude .svn -exclude .git -exclude .hg -resolve-src-symlinks -rename /Users/siam/Library/Developer/Xcode/DerivedData/Lingua_Quest-gvpckrqxtbgyprbgppjfqmimmmfw/Build/Intermediates.noindex/Firebase.build/Debug-iphonesimulator/FirebaseAI.build/Objects-normal/x86_64/FirebaseAI.abi.json /Users/siam/Library/Developer/Xcode/DerivedData/Lingua_Quest-gvpckrqxtbgyprbgppjfqmimmmfw/Build/Products/Debug-iphonesimulator/FirebaseAI.swiftmodule/x86_64-apple-ios-simulator.abi.json

ProcessProductPackaging /Users/siam/Desktop/Lingua\ Quest/Lingua\ Quest/Lingua\ Quest.entitlements /Users/siam/Library/Developer/Xcode/DerivedData/Lingua_Quest-gvpckrqxtbgyprbgppjfqmimmmfw/Build/Intermediates.noindex/Lingua\ Quest.build/Debug-iphonesimulator/Lingua\ Quest.build/Lingua\ Quest.app-Simulated.xcent (in target 'Lingua Quest' from project 'Lingua Quest')
    cd /Users/siam/Desktop/Lingua\ Quest
    
    Entitlements:
    
    {
    "application-identifier" = "6C29MY4R8Z.iti.Lingua-Quest";
    "com.apple.developer.applesignin" =     (
        Default
    );
}
    
    builtin-productPackagingUtility /Users/siam/Desktop/Lingua\ Quest/Lingua\ Quest/Lingua\ Quest.entitlements -entitlements -format xml -o /Users/siam/Library/Developer/Xcode/DerivedData/Lingua_Quest-gvpckrqxtbgyprbgppjfqmimmmfw/Build/Intermediates.noindex/Lingua\ Quest.build/Debug-iphonesimulator/Lingua\ Quest.build/Lingua\ Quest.app-Simulated.xcent

ProcessProductPackaging /Users/siam/Desktop/Lingua\ Quest/Lingua\ Quest/Lingua\ Quest.entitlements /Users/siam/Library/Developer/Xcode/DerivedData/Lingua_Quest-gvpckrqxtbgyprbgppjfqmimmmfw/Build/Intermediates.noindex/Lingua\ Quest.build/Debug-iphonesimulator/Lingua\ Quest.build/Lingua\ Quest.app.xcent (in target 'Lingua Quest' from project 'Lingua Quest')
    cd /Users/siam/Desktop/Lingua\ Quest
    
    Entitlements:
    
    {
}
    
    builtin-productPackagingUtility /Users/siam/Desktop/Lingua\ Quest/Lingua\ Quest/Lingua\ Quest.entitlements -entitlements -format xml -o /Users/siam/Library/Developer/Xcode/DerivedData/Lingua_Quest-gvpckrqxtbgyprbgppjfqmimmmfw/Build/Intermediates.noindex/Lingua\ Quest.build/Debug-iphonesimulator/Lingua\ Quest.build/Lingua\ Quest.app.xcent

ProcessProductPackagingDER /Users/siam/Library/Developer/Xcode/DerivedData/Lingua_Quest-gvpckrqxtbgyprbgppjfqmimmmfw/Build/Intermediates.noindex/Lingua\ Quest.build/Debug-iphonesimulator/Lingua\ Quest.build/Lingua\ Quest.app.xcent /Users/siam/Library/Developer/Xcode/DerivedData/Lingua_Quest-gvpckrqxtbgyprbgppjfqmimmmfw/Build/Intermediates.noindex/Lingua\ Quest.build/Debug-iphonesimulator/Lingua\ Quest.build/Lingua\ Quest.app.xcent.der (in target 'Lingua Quest' from project 'Lingua Quest')
    cd /Users/siam/Desktop/Lingua\ Quest
    /usr/bin/derq query -f xml -i /Users/siam/Library/Developer/Xcode/DerivedData/Lingua_Quest-gvpckrqxtbgyprbgppjfqmimmmfw/Build/Intermediates.noindex/Lingua\ Quest.build/Debug-iphonesimulator/Lingua\ Quest.build/Lingua\ Quest.app.xcent -o /Users/siam/Library/Developer/Xcode/DerivedData/Lingua_Quest-gvpckrqxtbgyprbgppjfqmimmmfw/Build/Intermediates.noindex/Lingua\ Quest.build/Debug-iphonesimulator/Lingua\ Quest.build/Lingua\ Quest.app.xcent.der --raw

ProcessProductPackagingDER /Users/siam/Library/Developer/Xcode/DerivedData/Lingua_Quest-gvpckrqxtbgyprbgppjfqmimmmfw/Build/Intermediates.noindex/Lingua\ Quest.build/Debug-iphonesimulator/Lingua\ Quest.build/Lingua\ Quest.app-Simulated.xcent /Users/siam/Library/Developer/Xcode/DerivedData/Lingua_Quest-gvpckrqxtbgyprbgppjfqmimmmfw/Build/Intermediates.noindex/Lingua\ Quest.build/Debug-iphonesimulator/Lingua\ Quest.build/Lingua\ Quest.app-Simulated.xcent.der (in target 'Lingua Quest' from project 'Lingua Quest')
    cd /Users/siam/Desktop/Lingua\ Quest
    /usr/bin/derq query -f xml -i /Users/siam/Library/Developer/Xcode/DerivedData/Lingua_Quest-gvpckrqxtbgyprbgppjfqmimmmfw/Build/Intermediates.noindex/Lingua\ Quest.build/Debug-iphonesimulator/Lingua\ Quest.build/Lingua\ Quest.app-Simulated.xcent -o /Users/siam/Library/Developer/Xcode/DerivedData/Lingua_Quest-gvpckrqxtbgyprbgppjfqmimmmfw/Build/Intermediates.noindex/Lingua\ Quest.build/Debug-iphonesimulator/Lingua\ Quest.build/Lingua\ Quest.app-Simulated.xcent.der --raw

SwiftDriver Lingua\ Quest normal arm64 com.apple.xcode.tools.swift.compiler (in target 'Lingua Quest' from project 'Lingua Quest')
    cd /Users/siam/Desktop/Lingua\ Quest
    builtin-SwiftDriver -- /Applications/Xcode.app/Contents/Developer/Toolchains/XcodeDefault.xctoolchain/usr/bin/swiftc -module-name Lingua_Quest -Onone -enforce-exclusivity\=checked @/Users/siam/Library/Developer/Xcode/DerivedData/Lingua_Quest-gvpckrqxtbgyprbgppjfqmimmmfw/Build/Intermediates.noindex/Lingua\ Quest.build/Debug-iphonesimulator/Lingua\ Quest.build/Objects-normal/arm64/Lingua\ Quest.SwiftFileList -DDEBUG -Xcc -fmodule-map-file\=/Users/siam/Library/Developer/Xcode/DerivedData/Lingua_Quest-gvpckrqxtbgyprbgppjfqmimmmfw/Build/Intermediates.noindex/GeneratedModuleMaps-iphonesimulator/abslWrapper.modulemap -Xcc -fmodule-map-file\=/Users/siam/Library/Developer/Xcode/DerivedData/Lingua_Quest-gvpckrqxtbgyprbgppjfqmimmmfw/Build/Intermediates.noindex/GeneratedModuleMaps-iphonesimulator/opensslWrapper.modulemap -Xcc -fmodule-map-file\=/Users/siam/Library/Developer/Xcode/DerivedData/Lingua_Quest-gvpckrqxtbgyprbgppjfqmimmmfw/Build/Intermediates.noindex/GeneratedModuleMaps-iphonesimulator/grpcWrapper.modulemap -Xcc -fmodule-map-file\=/Users/siam/Library/Developer/Xcode/DerivedData/Lingua_Quest-gvpckrqxtbgyprbgppjfqmimmmfw/Build/Intermediates.noindex/GeneratedModuleMaps-iphonesimulator/grpcppWrapper.modulemap -Xcc -fmodule-map-file\=/Users/siam/Library/Developer/Xcode/DerivedData/Lingua_Quest-gvpckrqxtbgyprbgppjfqmimmmfw/Build/Intermediates.noindex/GeneratedModuleMaps-iphonesimulator/nanopb.modulemap -Xcc -fmodule-map-file\=/Users/siam/Library/Developer/Xcode/DerivedData/Lingua_Quest-gvpckrqxtbgyprbgppjfqmimmmfw/Build/Intermediates.noindex/GeneratedModuleMaps-iphonesimulator/leveldb.modulemap -Xcc -fmodule-map-file\=/Users/siam/Library/Developer/Xcode/DerivedData/Lingua_Quest-gvpckrqxtbgyprbgppjfqmimmmfw/Build/Intermediates.noindex/GeneratedModuleMaps-iphonesimulator/FirebaseFirestoreInternalWrapper.modulemap -Xcc -fmodule-map-file\=/Users/siam/Library/Developer/Xcode/DerivedData/Lingua_Quest-gvpckrqxtbgyprbgppjfqmimmmfw/Build/Intermediates.noindex/GeneratedModuleMaps-iphonesimulator/FirebaseFirestoreTarget.modulemap -Xcc -fmodule-map-file\=/Users/siam/Library/Developer/Xcode/DerivedData/Lingua_Quest-gvpckrqxtbgyprbgppjfqmimmmfw/Build/Intermediates.noindex/GeneratedModuleMaps-iphonesimulator/AppAuth.modulemap -Xcc -fmodule-map-file\=/Users/siam/Library/Developer/Xcode/DerivedData/Lingua_Quest-gvpckrqxtbgyprbgppjfqmimmmfw/Build/Intermediates.noindex/GeneratedModuleMaps-iphonesimulator/AppAuthCore.modulemap -Xcc -fmodule-map-file\=/Users/siam/Library/Developer/Xcode/DerivedData/Lingua_Quest-gvpckrqxtbgyprbgppjfqmimmmfw/Build/Intermediates.noindex/GeneratedModuleMaps-iphonesimulator/GoogleSignIn.modulemap -Xcc -fmodule-map-file\=/Users/siam/Library/Developer/Xcode/DerivedData/Lingua_Quest-gvpckrqxtbgyprbgppjfqmimmmfw/Build/Intermediates.noindex/GeneratedModuleMaps-iphonesimulator/GoogleUtilities-Network.modulemap -Xcc -fmodule-map-file\=/Users/siam/Library/Developer/Xcode/DerivedData/Lingua_Quest-gvpckrqxtbgyprbgppjfqmimmmfw/Build/Intermediates.noindex/GeneratedModuleMaps-iphonesimulator/GoogleUtilities-Reachability.modulemap -Xcc -fmodule-map-file\=/Users/siam/Library/Developer/Xcode/DerivedData/Lingua_Quest-gvpckrqxtbgyprbgppjfqmimmmfw/Build/Intermediates.noindex/GeneratedModuleMaps-iphonesimulator/GoogleUtilities-AppDelegateSwizzler.modulemap -Xcc -fmodule-map-file\=/Users/siam/Library/Developer/Xcode/DerivedData/Lingua_Quest-gvpckrqxtbgyprbgppjfqmimmmfw/Build/Intermediates.noindex/GeneratedModuleMaps-iphonesimulator/GTMSessionFetcherCore.modulemap -Xcc -fmodule-map-file\=/Users/siam/Library/Developer/Xcode/DerivedData/Lingua_Quest-gvpckrqxtbgyprbgppjfqmimmmfw/Build/Intermediates.noindex/GeneratedModuleMaps-iphonesimulator/FirebaseAuthInternal.modulemap -Xcc -fmodule-map-file\=/Users/siam/Library/Developer/Xcode/DerivedData/Lingua_Quest-gvpckrqxtbgyprbgppjfqmimmmfw/Build/Intermediates.noindex/GeneratedModuleMaps-iphonesimulator/GoogleUtilities-NSData.modulemap -Xcc -fmodule-map-file\=/Users/siam/Library/Developer/Xcode/DerivedData/Lingua_Quest-gvpckrqxtbgyprbgppjfqmimmmfw/Build/Intermediates.noindex/GeneratedModuleMaps-iphonesimulator/RecaptchaInterop.modulemap -Xcc -fmodule-map-file\=/Users/siam/Library/Developer/Xcode/DerivedData/Lingua_Quest-gvpckrqxtbgyprbgppjfqmimmmfw/Build/Intermediates.noindex/GeneratedModuleMaps-iphonesimulator/AppCheckCore.modulemap -Xcc -fmodule-map-file\=/Users/siam/Library/Developer/Xcode/DerivedData/Lingua_Quest-gvpckrqxtbgyprbgppjfqmimmmfw/Build/Intermediates.noindex/GeneratedModuleMaps-iphonesimulator/GoogleUtilities-Logger.modulemap -Xcc -fmodule-map-file\=/Users/siam/Library/Developer/Xcode/DerivedData/Lingua_Quest-gvpckrqxtbgyprbgppjfqmimmmfw/Build/Intermediates.noindex/GeneratedModuleMaps-iphonesimulator/GoogleUtilities-Environment.modulemap -Xcc -fmodule-map-file\=/Users/siam/Library/Developer/Xcode/DerivedData/Lingua_Quest-gvpckrqxtbgyprbgppjfqmimmmfw/Build/Intermediates.noindex/GeneratedModuleMaps-iphonesimulator/third-party-IsAppEncrypted.modulemap -Xcc -fmodule-map-file\=/Users/siam/Library/Developer/Xcode/DerivedData/Lingua_Quest-gvpckrqxtbgyprbgppjfqmimmmfw/Build/Intermediates.noindex/GeneratedModuleMaps-iphonesimulator/GoogleUtilities-UserDefaults.modulemap -Xcc -fmodule-map-file\=/Users/siam/Library/Developer/Xcode/DerivedData/Lingua_Quest-gvpckrqxtbgyprbgppjfqmimmmfw/Build/Intermediates.noindex/GeneratedModuleMaps-iphonesimulator/FirebaseCoreExtension.modulemap -Xcc -fmodule-map-file\=/Users/siam/Library/Developer/Xcode/DerivedData/Lingua_Quest-gvpckrqxtbgyprbgppjfqmimmmfw/Build/Intermediates.noindex/GeneratedModuleMaps-iphonesimulator/FirebaseAuthInterop.modulemap -Xcc -fmodule-map-file\=/Users/siam/Library/Developer/Xcode/DerivedData/Lingua_Quest-gvpckrqxtbgyprbgppjfqmimmmfw/Build/Intermediates.noindex/GeneratedModuleMaps-iphonesimulator/FirebaseAppCheck.modulemap -Xcc -fmodule-map-file\=/Users/siam/Library/Developer/Xcode/DerivedData/Lingua_Quest-gvpckrqxtbgyprbgppjfqmimmmfw/Build/Intermediates.noindex/GeneratedModuleMaps-iphonesimulator/FirebaseCore.modulemap -Xcc -fmodule-map-file\=/Users/siam/Library/Developer/Xcode/DerivedData/Lingua_Quest-gvpckrqxtbgyprbgppjfqmimmmfw/Build/Intermediates.noindex/GeneratedModuleMaps-iphonesimulator/FirebaseAppCheckInterop.modulemap -default-isolation\=MainActor -enable-bare-slash-regex -enable-upcoming-feature DisableOutwardActorInference -enable-upcoming-feature InferSendableFromCaptures -enable-upcoming-feature GlobalActorIsolatedTypesUsability -enable-upcoming-feature MemberImportVisibility -enable-upcoming-feature InferIsolatedConformances -enable-upcoming-feature NonisolatedNonsendingByDefault -enable-experimental-feature DebugDescriptionMacro -sdk /Applications/Xcode.app/Contents/Developer/Platforms/iPhoneSimulator.platform/Developer/SDKs/iPhoneSimulator26.0.sdk -target arm64-apple-ios26.0-simulator -g -module-cache-path /Users/siam/Library/Developer/Xcode/DerivedData/ModuleCache.noindex -Xfrontend -serialize-debugging-options -profile-coverage-mapping -profile-generate -enable-testing -index-store-path /Users/siam/Library/Developer/Xcode/DerivedData/Lingua_Quest-gvpckrqxtbgyprbgppjfqmimmmfw/Index.noindex/DataStore -Xcc -D_LIBCPP_HARDENING_MODE\=_LIBCPP_HARDENING_MODE_DEBUG -swift-version 5 -I /Users/siam/Library/Developer/Xcode/DerivedData/Lingua_Quest-gvpckrqxtbgyprbgppjfqmimmmfw/Build/Products/Debug-iphonesimulator -F /Users/siam/Library/Developer/Xcode/DerivedData/Lingua_Quest-gvpckrqxtbgyprbgppjfqmimmmfw/Build/Products/Debug-iphonesimulator/PackageFrameworks -F /Users/siam/Library/Developer/Xcode/DerivedData/Lingua_Quest-gvpckrqxtbgyprbgppjfqmimmmfw/Build/Products/Debug-iphonesimulator/PackageFrameworks -F /Users/siam/Library/Developer/Xcode/DerivedData/Lingua_Quest-gvpckrqxtbgyprbgppjfqmimmmfw/Build/Products/Debug-iphonesimulator/PackageFrameworks -F /Users/siam/Library/Developer/Xcode/DerivedData/Lingua_Quest-gvpckrqxtbgyprbgppjfqmimmmfw/Build/Products/Debug-iphonesimulator/PackageFrameworks -F /Users/siam/Library/Developer/Xcode/DerivedData/Lingua_Quest-gvpckrqxtbgyprbgppjfqmimmmfw/Build/Products/Debug-iphonesimulator/PackageFrameworks -F /Users/siam/Library/Developer/Xcode/DerivedData/Lingua_Quest-gvpckrqxtbgyprbgppjfqmimmmfw/Build/Products/Debug-iphonesimulator/PackageFrameworks -F /Users/siam/Library/Developer/Xcode/DerivedData/Lingua_Quest-gvpckrqxtbgyprbgppjfqmimmmfw/Build/Products/Debug-iphonesimulator/PackageFrameworks -F /Users/siam/Library/Developer/Xcode/DerivedData/Lingua_Quest-gvpckrqxtbgyprbgppjfqmimmmfw/Build/Products/Debug-iphonesimulator/PackageFrameworks -F /Users/siam/Library/Developer/Xcode/DerivedData/Lingua_Quest-gvpckrqxtbgyprbgppjfqmimmmfw/Build/Products/Debug-iphonesimulator/PackageFrameworks -F /Users/siam/Library/Developer/Xcode/DerivedData/Lingua_Quest-gvpckrqxtbgyprbgppjfqmimmmfw/Build/Products/Debug-iphonesimulator/PackageFrameworks -F /Users/siam/Library/Developer/Xcode/DerivedData/Lingua_Quest-gvpckrqxtbgyprbgppjfqmimmmfw/Build/Products/Debug-iphonesimulator/PackageFrameworks -F /Users/siam/Library/Developer/Xcode/DerivedData/Lingua_Quest-gvpckrqxtbgyprbgppjfqmimmmfw/Build/Products/Debug-iphonesimulator/PackageFrameworks -F /Users/siam/Library/Developer/Xcode/DerivedData/Lingua_Quest-gvpckrqxtbgyprbgppjfqmimmmfw/Build/Products/Debug-iphonesimulator/PackageFrameworks -F /Users/siam/Library/Developer/Xcode/DerivedData/Lingua_Quest-gvpckrqxtbgyprbgppjfqmimmmfw/Build/Products/Debug-iphonesimulator/PackageFrameworks -F /Users/siam/Library/Developer/Xcode/DerivedData/Lingua_Quest-gvpckrqxtbgyprbgppjfqmimmmfw/Build/Products/Debug-iphonesimulator/PackageFrameworks -F /Users/siam/Library/Developer/Xcode/DerivedData/Lingua_Quest-gvpckrqxtbgyprbgppjfqmimmmfw/Build/Products/Debug-iphonesimulator/PackageFrameworks -F /Users/siam/Library/Developer/Xcode/DerivedData/Lingua_Quest-gvpckrqxtbgyprbgppjfqmimmmfw/Build/Products/Debug-iphonesimulator/PackageFrameworks -F /Users/siam/Library/Developer/Xcode/DerivedData/Lingua_Quest-gvpckrqxtbgyprbgppjfqmimmmfw/Build/Products/Debug-iphonesimulator/PackageFrameworks -F /Users/siam/Library/Developer/Xcode/DerivedData/Lingua_Quest-gvpckrqxtbgyprbgppjfqmimmmfw/Build/Products/Debug-iphonesimulator/PackageFrameworks -F /Users/siam/Library/Developer/Xcode/DerivedData/Lingua_Quest-gvpckrqxtbgyprbgppjfqmimmmfw/Build/Products/Debug-iphonesimulator/PackageFrameworks -F /Users/siam/Library/Developer/Xcode/DerivedData/Lingua_Quest-gvpckrqxtbgyprbgppjfqmimmmfw/Build/Products/Debug-iphonesimulator/PackageFrameworks -F /Users/siam/Library/Developer/Xcode/DerivedData/Lingua_Quest-gvpckrqxtbgyprbgppjfqmimmmfw/Build/Products/Debug-iphonesimulator/PackageFrameworks -F /Users/siam/Library/Developer/Xcode/DerivedData/Lingua_Quest-gvpckrqxtbgyprbgppjfqmimmmfw/Build/Products/Debug-iphonesimulator/PackageFrameworks -F /Users/siam/Library/Developer/Xcode/DerivedData/Lingua_Quest-gvpckrqxtbgyprbgppjfqmimmmfw/Build/Products/Debug-iphonesimulator/PackageFrameworks -F /Users/siam/Library/Developer/Xcode/DerivedData/Lingua_Quest-gvpckrqxtbgyprbgppjfqmimmmfw/Build/Products/Debug-iphonesimulator/PackageFrameworks -F /Users/siam/Library/Developer/Xcode/DerivedData/Lingua_Quest-gvpckrqxtbgyprbgppjfqmimmmfw/Build/Products/Debug-iphonesimulator/PackageFrameworks -F /Users/siam/Library/Developer/Xcode/DerivedData/Lingua_Quest-gvpckrqxtbgyprbgppjfqmimmmfw/Build/Products/Debug-iphonesimulator/PackageFrameworks -F /Users/siam/Library/Developer/Xcode/DerivedData/Lingua_Quest-gvpckrqxtbgyprbgppjfqmimmmfw/Build/Products/Debug-iphonesimulator/PackageFrameworks -F /Users/siam/Library/Developer/Xcode/DerivedData/Lingua_Quest-gvpckrqxtbgyprbgppjfqmimmmfw/Build/Products/Debug-iphonesimulator/PackageFrameworks -F /Users/siam/Library/Developer/Xcode/DerivedData/Lingua_Quest-gvpckrqxtbgyprbgppjfqmimmmfw/Build/Products/Debug-iphonesimulator/PackageFrameworks -F /Users/siam/Library/Developer/Xcode/DerivedData/Lingua_Quest-gvpckrqxtbgyprbgppjfqmimmmfw/Build/Products/Debug-iphonesimulator/PackageFrameworks -F /Users/siam/Library/Developer/Xcode/DerivedData/Lingua_Quest-gvpckrqxtbgyprbgppjfqmimmmfw/Build/Products/Debug-iphonesimulator/PackageFrameworks -F /Users/siam/Library/Developer/Xcode/DerivedData/Lingua_Quest-gvpckrqxtbgyprbgppjfqmimmmfw/Build/Products/Debug-iphonesimulator/PackageFrameworks -F /Users/siam/Library/Developer/Xcode/DerivedData/Lingua_Quest-gvpckrqxtbgyprbgppjfqmimmmfw/Build/Products/Debug-iphonesimulator/PackageFrameworks -F /Users/siam/Library/Developer/Xcode/DerivedData/Lingua_Quest-gvpckrqxtbgyprbgppjfqmimmmfw/Build/Products/Debug-iphonesimulator/PackageFrameworks -F /Users/siam/Library/Developer/Xcode/DerivedData/Lingua_Quest-gvpckrqxtbgyprbgppjfqmimmmfw/Build/Products/Debug-iphonesimulator/PackageFrameworks -F /Users/siam/Library/Developer/Xcode/DerivedData/Lingua_Quest-gvpckrqxtbgyprbgppjfqmimmmfw/Build/Products/Debug-iphonesimulator/PackageFrameworks -F /Users/siam/Library/Developer/Xcode/DerivedData/Lingua_Quest-gvpckrqxtbgyprbgppjfqmimmmfw/Build/Products/Debug-iphonesimulator/PackageFrameworks -F /Users/siam/Library/Developer/Xcode/DerivedData/Lingua_Quest-gvpckrqxtbgyprbgppjfqmimmmfw/Build/Products/Debug-iphonesimulator/PackageFrameworks -F /Users/siam/Library/Developer/Xcode/DerivedData/Lingua_Quest-gvpckrqxtbgyprbgppjfqmimmmfw/Build/Products/Debug-iphonesimulator/PackageFrameworks -F /Users/siam/Library/Developer/Xcode/DerivedData/Lingua_Quest-gvpckrqxtbgyprbgppjfqmimmmfw/Build/Products/Debug-iphonesimulator/PackageFrameworks -F /Users/siam/Library/Developer/Xcode/DerivedData/Lingua_Quest-gvpckrqxtbgyprbgppjfqmimmmfw/Build/Products/Debug-iphonesimulator -emit-localized-strings -emit-localized-strings-path /Users/siam/Library/Developer/Xcode/DerivedData/Lingua_Quest-gvpckrqxtbgyprbgppjfqmimmmfw/Build/Intermediates.noindex/Lingua\ Quest.build/Debug-iphonesimulator/Lingua\ Quest.build/Objects-normal/arm64 -c -j12 -enable-batch-mode -incremental -Xcc -ivfsstatcache -Xcc /Users/siam/Library/Developer/Xcode/DerivedData/SDKStatCaches.noindex/iphonesimulator26.0-23A339-26257891a6c027eb51374368541b8346.sdkstatcache -output-file-map /Users/siam/Library/Developer/Xcode/DerivedData/Lingua_Quest-gvpckrqxtbgyprbgppjfqmimmmfw/Build/Intermediates.noindex/Lingua\ Quest.build/Debug-iphonesimulator/Lingua\ Quest.build/Objects-normal/arm64/Lingua\ Quest-OutputFileMap.json -use-frontend-parseable-output -save-temps -no-color-diagnostics -explicit-module-build -module-cache-path /Users/siam/Library/Developer/Xcode/DerivedData/Lingua_Quest-gvpckrqxtbgyprbgppjfqmimmmfw/Build/Intermediates.noindex/SwiftExplicitPrecompiledModules -clang-scanner-module-cache-path /Users/siam/Library/Developer/Xcode/DerivedData/ModuleCache.noindex -sdk-module-cache-path /Users/siam/Library/Developer/Xcode/DerivedData/ModuleCache.noindex -serialize-diagnostics -emit-dependencies -emit-module -emit-module-path /Users/siam/Library/Developer/Xcode/DerivedData/Lingua_Quest-gvpckrqxtbgyprbgppjfqmimmmfw/Build/Intermediates.noindex/Lingua\ Quest.build/Debug-iphonesimulator/Lingua\ Quest.build/Objects-normal/arm64/Lingua_Quest.swiftmodule -validate-clang-modules-once -clang-build-session-file /Users/siam/Library/Developer/Xcode/DerivedData/ModuleCache.noindex/Session.modulevalidation -Xcc -I/Users/siam/Library/Developer/Xcode/DerivedData/Lingua_Quest-gvpckrqxtbgyprbgppjfqmimmmfw/Build/Intermediates.noindex/Lingua\ Quest.build/Debug-iphonesimulator/Lingua\ Quest.build/swift-overrides.hmap -emit-const-values -Xfrontend -const-gather-protocols-file -Xfrontend /Users/siam/Library/Developer/Xcode/DerivedData/Lingua_Quest-gvpckrqxtbgyprbgppjfqmimmmfw/Build/Intermediates.noindex/Lingua\ Quest.build/Debug-iphonesimulator/Lingua\ Quest.build/Objects-normal/arm64/Lingua\ Quest_const_extract_protocols.json -Xcc -iquote -Xcc /Users/siam/Library/Developer/Xcode/DerivedData/Lingua_Quest-gvpckrqxtbgyprbgppjfqmimmmfw/Build/Intermediates.noindex/Lingua\ Quest.build/Debug-iphonesimulator/Lingua\ Quest.build/Lingua\ Quest-generated-files.hmap -Xcc -I/Users/siam/Library/Developer/Xcode/DerivedData/Lingua_Quest-gvpckrqxtbgyprbgppjfqmimmmfw/Build/Intermediates.noindex/Lingua\ Quest.build/Debug-iphonesimulator/Lingua\ Quest.build/Lingua\ Quest-own-target-headers.hmap -Xcc -I/Users/siam/Library/Developer/Xcode/DerivedData/Lingua_Quest-gvpckrqxtbgyprbgppjfqmimmmfw/Build/Intermediates.noindex/Lingua\ Quest.build/Debug-iphonesimulator/Lingua\ Quest.build/Lingua\ Quest-all-non-framework-target-headers.hmap -Xcc -ivfsoverlay -Xcc /Users/siam/Library/Developer/Xcode/DerivedData/Lingua_Quest-gvpckrqxtbgyprbgppjfqmimmmfw/Build/Intermediates.noindex/Lingua\ Quest.build/Debug-iphonesimulator/Lingua\ Quest-29a806bd443931d1fbd88a63f8737238-VFS-iphonesimulator/all-product-headers.yaml -Xcc -iquote -Xcc /Users/siam/Library/Developer/Xcode/DerivedData/Lingua_Quest-gvpckrqxtbgyprbgppjfqmimmmfw/Build/Intermediates.noindex/Lingua\ Quest.build/Debug-iphonesimulator/Lingua\ Quest.build/Lingua\ Quest-project-headers.hmap -Xcc -I/Users/siam/Library/Developer/Xcode/DerivedData/Lingua_Quest-gvpckrqxtbgyprbgppjfqmimmmfw/SourcePackages/checkouts/abseil-cpp-binary/absl-Wrapper/include -Xcc -I/Users/siam/Library/Developer/Xcode/DerivedData/Lingua_Quest-gvpckrqxtbgyprbgppjfqmimmmfw/SourcePackages/checkouts/grpc-binary/openssl-grpc-Wrapper/include -Xcc -I/Users/siam/Library/Developer/Xcode/DerivedData/Lingua_Quest-gvpckrqxtbgyprbgppjfqmimmmfw/SourcePackages/checkouts/grpc-binary/grpc-Wrapper/include -Xcc -I/Users/siam/Library/Developer/Xcode/DerivedData/Lingua_Quest-gvpckrqxtbgyprbgppjfqmimmmfw/SourcePackages/checkouts/grpc-binary/grpcpp-Wrapper/include -Xcc -I/Users/siam/Library/Developer/Xcode/DerivedData/Lingua_Quest-gvpckrqxtbgyprbgppjfqmimmmfw/SourcePackages/checkouts/nanopb/spm_headers -Xcc -I/Users/siam/Library/Developer/Xcode/DerivedData/Lingua_Quest-gvpckrqxtbgyprbgppjfqmimmmfw/SourcePackages/checkouts/leveldb/include -Xcc -I/Users/siam/Library/Developer/Xcode/DerivedData/Lingua_Quest-gvpckrqxtbgyprbgppjfqmimmmfw/SourcePackages/checkouts/firebase-ios-sdk/FirebaseFirestoreInternal -Xcc -I/Users/siam/Library/Developer/Xcode/DerivedData/Lingua_Quest-gvpckrqxtbgyprbgppjfqmimmmfw/SourcePackages/checkouts/firebase-ios-sdk/SwiftPM-PlatformExclude/FirebaseFirestoreWrap/include -Xcc -I/Users/siam/Library/Developer/Xcode/DerivedData/Lingua_Quest-gvpckrqxtbgyprbgppjfqmimmmfw/SourcePackages/checkouts/AppAuth-iOS/Sources/AppAuth -Xcc -I/Users/siam/Library/Developer/Xcode/DerivedData/Lingua_Quest-gvpckrqxtbgyprbgppjfqmimmmfw/SourcePackages/checkouts/AppAuth-iOS/Sources/AppAuthCore -Xcc -I/Users/siam/Library/Developer/Xcode/DerivedData/Lingua_Quest-gvpckrqxtbgyprbgppjfqmimmmfw/SourcePackages/checkouts/GoogleSignIn-iOS/GoogleSignIn/Sources/Public -Xcc -I/Users/siam/Library/Developer/Xcode/DerivedData/Lingua_Quest-gvpckrqxtbgyprbgppjfqmimmmfw/SourcePackages/checkouts/GoogleUtilities/GoogleUtilities/Network/Public -Xcc -I/Users/siam/Library/Developer/Xcode/DerivedData/Lingua_Quest-gvpckrqxtbgyprbgppjfqmimmmfw/SourcePackages/checkouts/GoogleUtilities/GoogleUtilities/Reachability/Public -Xcc -I/Users/siam/Library/Developer/Xcode/DerivedData/Lingua_Quest-gvpckrqxtbgyprbgppjfqmimmmfw/SourcePackages/checkouts/GoogleUtilities/GoogleUtilities/AppDelegateSwizzler/Public -Xcc -I/Users/siam/Library/Developer/Xcode/DerivedData/Lingua_Quest-gvpckrqxtbgyprbgppjfqmimmmfw/SourcePackages/checkouts/gtm-session-fetcher/Sources/Core/Public -Xcc -I/Users/siam/Library/Developer/Xcode/DerivedData/Lingua_Quest-gvpckrqxtbgyprbgppjfqmimmmfw/SourcePackages/checkouts/firebase-ios-sdk/FirebaseAuth/Sources/Public -Xcc -I/Users/siam/Library/Developer/Xcode/DerivedData/Lingua_Quest-gvpckrqxtbgyprbgppjfqmimmmfw/SourcePackages/checkouts/GoogleUtilities/GoogleUtilities/NSData+zlib/Public -Xcc -I/Users/siam/Library/Developer/Xcode/DerivedData/Lingua_Quest-gvpckrqxtbgyprbgppjfqmimmmfw/SourcePackages/checkouts/interop-ios-for-google-sdks/RecaptchaEnterprise/RecaptchaInterop/Public -Xcc -I/Users/siam/Library/Developer/Xcode/DerivedData/Lingua_Quest-gvpckrqxtbgyprbgppjfqmimmmfw/SourcePackages/checkouts/promises/Sources/FBLPromises/include -Xcc -I/Users/siam/Library/Developer/Xcode/DerivedData/Lingua_Quest-gvpckrqxtbgyprbgppjfqmimmmfw/SourcePackages/checkouts/app-check/AppCheckCore/Sources/Public -Xcc -I/Users/siam/Library/Developer/Xcode/DerivedData/Lingua_Quest-gvpckrqxtbgyprbgppjfqmimmmfw/SourcePackages/checkouts/GoogleUtilities/GoogleUtilities/Logger/Public -Xcc -I/Users/siam/Library/Developer/Xcode/DerivedData/Lingua_Quest-gvpckrqxtbgyprbgppjfqmimmmfw/SourcePackages/checkouts/GoogleUtilities/GoogleUtilities/Environment/Public -Xcc -I/Users/siam/Library/Developer/Xcode/DerivedData/Lingua_Quest-gvpckrqxtbgyprbgppjfqmimmmfw/SourcePackages/checkouts/GoogleUtilities/third_party/IsAppEncrypted/Public -Xcc -I/Users/siam/Library/Developer/Xcode/DerivedData/Lingua_Quest-gvpckrqxtbgyprbgppjfqmimmmfw/SourcePackages/checkouts/GoogleUtilities/GoogleUtilities/UserDefaults/Public -Xcc -I/Users/siam/Library/Developer/Xcode/DerivedData/Lingua_Quest-gvpckrqxtbgyprbgppjfqmimmmfw/SourcePackages/checkouts/firebase-ios-sdk/FirebaseCore/Extension -Xcc -I/Users/siam/Library/Developer/Xcode/DerivedData/Lingua_Quest-gvpckrqxtbgyprbgppjfqmimmmfw/SourcePackages/checkouts/firebase-ios-sdk/FirebaseAuth/Interop/Public -Xcc -I/Users/siam/Library/Developer/Xcode/DerivedData/Lingua_Quest-gvpckrqxtbgyprbgppjfqmimmmfw/SourcePackages/checkouts/firebase-ios-sdk/FirebaseAppCheck/Sources/Public -Xcc -I/Users/siam/Library/Developer/Xcode/DerivedData/Lingua_Quest-gvpckrqxtbgyprbgppjfqmimmmfw/SourcePackages/checkouts/firebase-ios-sdk/FirebaseCore/Sources/Public -Xcc -I/Users/siam/Library/Developer/Xcode/DerivedData/Lingua_Quest-gvpckrqxtbgyprbgppjfqmimmmfw/SourcePackages/checkouts/firebase-ios-sdk/CoreOnly/Sources -Xcc -I/Users/siam/Library/Developer/Xcode/DerivedData/Lingua_Quest-gvpckrqxtbgyprbgppjfqmimmmfw/SourcePackages/checkouts/firebase-ios-sdk/FirebaseAppCheck/Interop/Public -Xcc -I/Users/siam/Library/Developer/Xcode/DerivedData/Lingua_Quest-gvpckrqxtbgyprbgppjfqmimmmfw/Build/Products/Debug-iphonesimulator/include -Xcc -I/Users/siam/Library/Developer/Xcode/DerivedData/Lingua_Quest-gvpckrqxtbgyprbgppjfqmimmmfw/Build/Intermediates.noindex/Lingua\ Quest.build/Debug-iphonesimulator/Lingua\ Quest.build/DerivedSources-normal/arm64 -Xcc -I/Users/siam/Library/Developer/Xcode/DerivedData/Lingua_Quest-gvpckrqxtbgyprbgppjfqmimmmfw/Build/Intermediates.noindex/Lingua\ Quest.build/Debug-iphonesimulator/Lingua\ Quest.build/DerivedSources/arm64 -Xcc -I/Users/siam/Library/Developer/Xcode/DerivedData/Lingua_Quest-gvpckrqxtbgyprbgppjfqmimmmfw/Build/Intermediates.noindex/Lingua\ Quest.build/Debug-iphonesimulator/Lingua\ Quest.build/DerivedSources -Xcc -DDEBUG\=1 -emit-objc-header -emit-objc-header-path /Users/siam/Library/Developer/Xcode/DerivedData/Lingua_Quest-gvpckrqxtbgyprbgppjfqmimmmfw/Build/Intermediates.noindex/Lingua\ Quest.build/Debug-iphonesimulator/Lingua\ Quest.build/Objects-normal/arm64/Lingua_Quest-Swift.h -working-directory /Users/siam/Desktop/Lingua\ Quest -experimental-emit-module-separately -disable-cmo

SwiftDriver Lingua\ Quest normal x86_64 com.apple.xcode.tools.swift.compiler (in target 'Lingua Quest' from project 'Lingua Quest')
    cd /Users/siam/Desktop/Lingua\ Quest
    builtin-SwiftDriver -- /Applications/Xcode.app/Contents/Developer/Toolchains/XcodeDefault.xctoolchain/usr/bin/swiftc -module-name Lingua_Quest -Onone -enforce-exclusivity\=checked @/Users/siam/Library/Developer/Xcode/DerivedData/Lingua_Quest-gvpckrqxtbgyprbgppjfqmimmmfw/Build/Intermediates.noindex/Lingua\ Quest.build/Debug-iphonesimulator/Lingua\ Quest.build/Objects-normal/x86_64/Lingua\ Quest.SwiftFileList -DDEBUG -Xcc -fmodule-map-file\=/Users/siam/Library/Developer/Xcode/DerivedData/Lingua_Quest-gvpckrqxtbgyprbgppjfqmimmmfw/Build/Intermediates.noindex/GeneratedModuleMaps-iphonesimulator/abslWrapper.modulemap -Xcc -fmodule-map-file\=/Users/siam/Library/Developer/Xcode/DerivedData/Lingua_Quest-gvpckrqxtbgyprbgppjfqmimmmfw/Build/Intermediates.noindex/GeneratedModuleMaps-iphonesimulator/opensslWrapper.modulemap -Xcc -fmodule-map-file\=/Users/siam/Library/Developer/Xcode/DerivedData/Lingua_Quest-gvpckrqxtbgyprbgppjfqmimmmfw/Build/Intermediates.noindex/GeneratedModuleMaps-iphonesimulator/grpcWrapper.modulemap -Xcc -fmodule-map-file\=/Users/siam/Library/Developer/Xcode/DerivedData/Lingua_Quest-gvpckrqxtbgyprbgppjfqmimmmfw/Build/Intermediates.noindex/GeneratedModuleMaps-iphonesimulator/grpcppWrapper.modulemap -Xcc -fmodule-map-file\=/Users/siam/Library/Developer/Xcode/DerivedData/Lingua_Quest-gvpckrqxtbgyprbgppjfqmimmmfw/Build/Intermediates.noindex/GeneratedModuleMaps-iphonesimulator/nanopb.modulemap -Xcc -fmodule-map-file\=/Users/siam/Library/Developer/Xcode/DerivedData/Lingua_Quest-gvpckrqxtbgyprbgppjfqmimmmfw/Build/Intermediates.noindex/GeneratedModuleMaps-iphonesimulator/leveldb.modulemap -Xcc -fmodule-map-file\=/Users/siam/Library/Developer/Xcode/DerivedData/Lingua_Quest-gvpckrqxtbgyprbgppjfqmimmmfw/Build/Intermediates.noindex/GeneratedModuleMaps-iphonesimulator/FirebaseFirestoreInternalWrapper.modulemap -Xcc -fmodule-map-file\=/Users/siam/Library/Developer/Xcode/DerivedData/Lingua_Quest-gvpckrqxtbgyprbgppjfqmimmmfw/Build/Intermediates.noindex/GeneratedModuleMaps-iphonesimulator/FirebaseFirestoreTarget.modulemap -Xcc -fmodule-map-file\=/Users/siam/Library/Developer/Xcode/DerivedData/Lingua_Quest-gvpckrqxtbgyprbgppjfqmimmmfw/Build/Intermediates.noindex/GeneratedModuleMaps-iphonesimulator/AppAuth.modulemap -Xcc -fmodule-map-file\=/Users/siam/Library/Developer/Xcode/DerivedData/Lingua_Quest-gvpckrqxtbgyprbgppjfqmimmmfw/Build/Intermediates.noindex/GeneratedModuleMaps-iphonesimulator/AppAuthCore.modulemap -Xcc -fmodule-map-file\=/Users/siam/Library/Developer/Xcode/DerivedData/Lingua_Quest-gvpckrqxtbgyprbgppjfqmimmmfw/Build/Intermediates.noindex/GeneratedModuleMaps-iphonesimulator/GoogleSignIn.modulemap -Xcc -fmodule-map-file\=/Users/siam/Library/Developer/Xcode/DerivedData/Lingua_Quest-gvpckrqxtbgyprbgppjfqmimmmfw/Build/Intermediates.noindex/GeneratedModuleMaps-iphonesimulator/GoogleUtilities-Network.modulemap -Xcc -fmodule-map-file\=/Users/siam/Library/Developer/Xcode/DerivedData/Lingua_Quest-gvpckrqxtbgyprbgppjfqmimmmfw/Build/Intermediates.noindex/GeneratedModuleMaps-iphonesimulator/GoogleUtilities-Reachability.modulemap -Xcc -fmodule-map-file\=/Users/siam/Library/Developer/Xcode/DerivedData/Lingua_Quest-gvpckrqxtbgyprbgppjfqmimmmfw/Build/Intermediates.noindex/GeneratedModuleMaps-iphonesimulator/GoogleUtilities-AppDelegateSwizzler.modulemap -Xcc -fmodule-map-file\=/Users/siam/Library/Developer/Xcode/DerivedData/Lingua_Quest-gvpckrqxtbgyprbgppjfqmimmmfw/Build/Intermediates.noindex/GeneratedModuleMaps-iphonesimulator/GTMSessionFetcherCore.modulemap -Xcc -fmodule-map-file\=/Users/siam/Library/Developer/Xcode/DerivedData/Lingua_Quest-gvpckrqxtbgyprbgppjfqmimmmfw/Build/Intermediates.noindex/GeneratedModuleMaps-iphonesimulator/FirebaseAuthInternal.modulemap -Xcc -fmodule-map-file\=/Users/siam/Library/Developer/Xcode/DerivedData/Lingua_Quest-gvpckrqxtbgyprbgppjfqmimmmfw/Build/Intermediates.noindex/GeneratedModuleMaps-iphonesimulator/GoogleUtilities-NSData.modulemap -Xcc -fmodule-map-file\=/Users/siam/Library/Developer/Xcode/DerivedData/Lingua_Quest-gvpckrqxtbgyprbgppjfqmimmmfw/Build/Intermediates.noindex/GeneratedModuleMaps-iphonesimulator/RecaptchaInterop.modulemap -Xcc -fmodule-map-file\=/Users/siam/Library/Developer/Xcode/DerivedData/Lingua_Quest-gvpckrqxtbgyprbgppjfqmimmmfw/Build/Intermediates.noindex/GeneratedModuleMaps-iphonesimulator/AppCheckCore.modulemap -Xcc -fmodule-map-file\=/Users/siam/Library/Developer/Xcode/DerivedData/Lingua_Quest-gvpckrqxtbgyprbgppjfqmimmmfw/Build/Intermediates.noindex/GeneratedModuleMaps-iphonesimulator/GoogleUtilities-Logger.modulemap -Xcc -fmodule-map-file\=/Users/siam/Library/Developer/Xcode/DerivedData/Lingua_Quest-gvpckrqxtbgyprbgppjfqmimmmfw/Build/Intermediates.noindex/GeneratedModuleMaps-iphonesimulator/GoogleUtilities-Environment.modulemap -Xcc -fmodule-map-file\=/Users/siam/Library/Developer/Xcode/DerivedData/Lingua_Quest-gvpckrqxtbgyprbgppjfqmimmmfw/Build/Intermediates.noindex/GeneratedModuleMaps-iphonesimulator/third-party-IsAppEncrypted.modulemap -Xcc -fmodule-map-file\=/Users/siam/Library/Developer/Xcode/DerivedData/Lingua_Quest-gvpckrqxtbgyprbgppjfqmimmmfw/Build/Intermediates.noindex/GeneratedModuleMaps-iphonesimulator/GoogleUtilities-UserDefaults.modulemap -Xcc -fmodule-map-file\=/Users/siam/Library/Developer/Xcode/DerivedData/Lingua_Quest-gvpckrqxtbgyprbgppjfqmimmmfw/Build/Intermediates.noindex/GeneratedModuleMaps-iphonesimulator/FirebaseCoreExtension.modulemap -Xcc -fmodule-map-file\=/Users/siam/Library/Developer/Xcode/DerivedData/Lingua_Quest-gvpckrqxtbgyprbgppjfqmimmmfw/Build/Intermediates.noindex/GeneratedModuleMaps-iphonesimulator/FirebaseAuthInterop.modulemap -Xcc -fmodule-map-file\=/Users/siam/Library/Developer/Xcode/DerivedData/Lingua_Quest-gvpckrqxtbgyprbgppjfqmimmmfw/Build/Intermediates.noindex/GeneratedModuleMaps-iphonesimulator/FirebaseAppCheck.modulemap -Xcc -fmodule-map-file\=/Users/siam/Library/Developer/Xcode/DerivedData/Lingua_Quest-gvpckrqxtbgyprbgppjfqmimmmfw/Build/Intermediates.noindex/GeneratedModuleMaps-iphonesimulator/FirebaseCore.modulemap -Xcc -fmodule-map-file\=/Users/siam/Library/Developer/Xcode/DerivedData/Lingua_Quest-gvpckrqxtbgyprbgppjfqmimmmfw/Build/Intermediates.noindex/GeneratedModuleMaps-iphonesimulator/FirebaseAppCheckInterop.modulemap -default-isolation\=MainActor -enable-bare-slash-regex -enable-upcoming-feature DisableOutwardActorInference -enable-upcoming-feature InferSendableFromCaptures -enable-upcoming-feature GlobalActorIsolatedTypesUsability -enable-upcoming-feature MemberImportVisibility -enable-upcoming-feature InferIsolatedConformances -enable-upcoming-feature NonisolatedNonsendingByDefault -enable-experimental-feature DebugDescriptionMacro -sdk /Applications/Xcode.app/Contents/Developer/Platforms/iPhoneSimulator.platform/Developer/SDKs/iPhoneSimulator26.0.sdk -target x86_64-apple-ios26.0-simulator -g -module-cache-path /Users/siam/Library/Developer/Xcode/DerivedData/ModuleCache.noindex -Xfrontend -serialize-debugging-options -profile-coverage-mapping -profile-generate -enable-testing -index-store-path /Users/siam/Library/Developer/Xcode/DerivedData/Lingua_Quest-gvpckrqxtbgyprbgppjfqmimmmfw/Index.noindex/DataStore -Xcc -D_LIBCPP_HARDENING_MODE\=_LIBCPP_HARDENING_MODE_DEBUG -swift-version 5 -I /Users/siam/Library/Developer/Xcode/DerivedData/Lingua_Quest-gvpckrqxtbgyprbgppjfqmimmmfw/Build/Products/Debug-iphonesimulator -F /Users/siam/Library/Developer/Xcode/DerivedData/Lingua_Quest-gvpckrqxtbgyprbgppjfqmimmmfw/Build/Products/Debug-iphonesimulator/PackageFrameworks -F /Users/siam/Library/Developer/Xcode/DerivedData/Lingua_Quest-gvpckrqxtbgyprbgppjfqmimmmfw/Build/Products/Debug-iphonesimulator/PackageFrameworks -F /Users/siam/Library/Developer/Xcode/DerivedData/Lingua_Quest-gvpckrqxtbgyprbgppjfqmimmmfw/Build/Products/Debug-iphonesimulator/PackageFrameworks -F /Users/siam/Library/Developer/Xcode/DerivedData/Lingua_Quest-gvpckrqxtbgyprbgppjfqmimmmfw/Build/Products/Debug-iphonesimulator/PackageFrameworks -F /Users/siam/Library/Developer/Xcode/DerivedData/Lingua_Quest-gvpckrqxtbgyprbgppjfqmimmmfw/Build/Products/Debug-iphonesimulator/PackageFrameworks -F /Users/siam/Library/Developer/Xcode/DerivedData/Lingua_Quest-gvpckrqxtbgyprbgppjfqmimmmfw/Build/Products/Debug-iphonesimulator/PackageFrameworks -F /Users/siam/Library/Developer/Xcode/DerivedData/Lingua_Quest-gvpckrqxtbgyprbgppjfqmimmmfw/Build/Products/Debug-iphonesimulator/PackageFrameworks -F /Users/siam/Library/Developer/Xcode/DerivedData/Lingua_Quest-gvpckrqxtbgyprbgppjfqmimmmfw/Build/Products/Debug-iphonesimulator/PackageFrameworks -F /Users/siam/Library/Developer/Xcode/DerivedData/Lingua_Quest-gvpckrqxtbgyprbgppjfqmimmmfw/Build/Products/Debug-iphonesimulator/PackageFrameworks -F /Users/siam/Library/Developer/Xcode/DerivedData/Lingua_Quest-gvpckrqxtbgyprbgppjfqmimmmfw/Build/Products/Debug-iphonesimulator/PackageFrameworks -F /Users/siam/Library/Developer/Xcode/DerivedData/Lingua_Quest-gvpckrqxtbgyprbgppjfqmimmmfw/Build/Products/Debug-iphonesimulator/PackageFrameworks -F /Users/siam/Library/Developer/Xcode/DerivedData/Lingua_Quest-gvpckrqxtbgyprbgppjfqmimmmfw/Build/Products/Debug-iphonesimulator/PackageFrameworks -F /Users/siam/Library/Developer/Xcode/DerivedData/Lingua_Quest-gvpckrqxtbgyprbgppjfqmimmmfw/Build/Products/Debug-iphonesimulator/PackageFrameworks -F /Users/siam/Library/Developer/Xcode/DerivedData/Lingua_Quest-gvpckrqxtbgyprbgppjfqmimmmfw/Build/Products/Debug-iphonesimulator/PackageFrameworks -F /Users/siam/Library/Developer/Xcode/DerivedData/Lingua_Quest-gvpckrqxtbgyprbgppjfqmimmmfw/Build/Products/Debug-iphonesimulator/PackageFrameworks -F /Users/siam/Library/Developer/Xcode/DerivedData/Lingua_Quest-gvpckrqxtbgyprbgppjfqmimmmfw/Build/Products/Debug-iphonesimulator/PackageFrameworks -F /Users/siam/Library/Developer/Xcode/DerivedData/Lingua_Quest-gvpckrqxtbgyprbgppjfqmimmmfw/Build/Products/Debug-iphonesimulator/PackageFrameworks -F /Users/siam/Library/Developer/Xcode/DerivedData/Lingua_Quest-gvpckrqxtbgyprbgppjfqmimmmfw/Build/Products/Debug-iphonesimulator/PackageFrameworks -F /Users/siam/Library/Developer/Xcode/DerivedData/Lingua_Quest-gvpckrqxtbgyprbgppjfqmimmmfw/Build/Products/Debug-iphonesimulator/PackageFrameworks -F /Users/siam/Library/Developer/Xcode/DerivedData/Lingua_Quest-gvpckrqxtbgyprbgppjfqmimmmfw/Build/Products/Debug-iphonesimulator/PackageFrameworks -F /Users/siam/Library/Developer/Xcode/DerivedData/Lingua_Quest-gvpckrqxtbgyprbgppjfqmimmmfw/Build/Products/Debug-iphonesimulator/PackageFrameworks -F /Users/siam/Library/Developer/Xcode/DerivedData/Lingua_Quest-gvpckrqxtbgyprbgppjfqmimmmfw/Build/Products/Debug-iphonesimulator/PackageFrameworks -F /Users/siam/Library/Developer/Xcode/DerivedData/Lingua_Quest-gvpckrqxtbgyprbgppjfqmimmmfw/Build/Products/Debug-iphonesimulator/PackageFrameworks -F /Users/siam/Library/Developer/Xcode/DerivedData/Lingua_Quest-gvpckrqxtbgyprbgppjfqmimmmfw/Build/Products/Debug-iphonesimulator/PackageFrameworks -F /Users/siam/Library/Developer/Xcode/DerivedData/Lingua_Quest-gvpckrqxtbgyprbgppjfqmimmmfw/Build/Products/Debug-iphonesimulator/PackageFrameworks -F /Users/siam/Library/Developer/Xcode/DerivedData/Lingua_Quest-gvpckrqxtbgyprbgppjfqmimmmfw/Build/Products/Debug-iphonesimulator/PackageFrameworks -F /Users/siam/Library/Developer/Xcode/DerivedData/Lingua_Quest-gvpckrqxtbgyprbgppjfqmimmmfw/Build/Products/Debug-iphonesimulator/PackageFrameworks -F /Users/siam/Library/Developer/Xcode/DerivedData/Lingua_Quest-gvpckrqxtbgyprbgppjfqmimmmfw/Build/Products/Debug-iphonesimulator/PackageFrameworks -F /Users/siam/Library/Developer/Xcode/DerivedData/Lingua_Quest-gvpckrqxtbgyprbgppjfqmimmmfw/Build/Products/Debug-iphonesimulator/PackageFrameworks -F /Users/siam/Library/Developer/Xcode/DerivedData/Lingua_Quest-gvpckrqxtbgyprbgppjfqmimmmfw/Build/Products/Debug-iphonesimulator/PackageFrameworks -F /Users/siam/Library/Developer/Xcode/DerivedData/Lingua_Quest-gvpckrqxtbgyprbgppjfqmimmmfw/Build/Products/Debug-iphonesimulator/PackageFrameworks -F /Users/siam/Library/Developer/Xcode/DerivedData/Lingua_Quest-gvpckrqxtbgyprbgppjfqmimmmfw/Build/Products/Debug-iphonesimulator/PackageFrameworks -F /Users/siam/Library/Developer/Xcode/DerivedData/Lingua_Quest-gvpckrqxtbgyprbgppjfqmimmmfw/Build/Products/Debug-iphonesimulator/PackageFrameworks -F /Users/siam/Library/Developer/Xcode/DerivedData/Lingua_Quest-gvpckrqxtbgyprbgppjfqmimmmfw/Build/Products/Debug-iphonesimulator/PackageFrameworks -F /Users/siam/Library/Developer/Xcode/DerivedData/Lingua_Quest-gvpckrqxtbgyprbgppjfqmimmmfw/Build/Products/Debug-iphonesimulator/PackageFrameworks -F /Users/siam/Library/Developer/Xcode/DerivedData/Lingua_Quest-gvpckrqxtbgyprbgppjfqmimmmfw/Build/Products/Debug-iphonesimulator/PackageFrameworks -F /Users/siam/Library/Developer/Xcode/DerivedData/Lingua_Quest-gvpckrqxtbgyprbgppjfqmimmmfw/Build/Products/Debug-iphonesimulator/PackageFrameworks -F /Users/siam/Library/Developer/Xcode/DerivedData/Lingua_Quest-gvpckrqxtbgyprbgppjfqmimmmfw/Build/Products/Debug-iphonesimulator/PackageFrameworks -F /Users/siam/Library/Developer/Xcode/DerivedData/Lingua_Quest-gvpckrqxtbgyprbgppjfqmimmmfw/Build/Products/Debug-iphonesimulator/PackageFrameworks -F /Users/siam/Library/Developer/Xcode/DerivedData/Lingua_Quest-gvpckrqxtbgyprbgppjfqmimmmfw/Build/Products/Debug-iphonesimulator/PackageFrameworks -F /Users/siam/Library/Developer/Xcode/DerivedData/Lingua_Quest-gvpckrqxtbgyprbgppjfqmimmmfw/Build/Products/Debug-iphonesimulator/PackageFrameworks -F /Users/siam/Library/Developer/Xcode/DerivedData/Lingua_Quest-gvpckrqxtbgyprbgppjfqmimmmfw/Build/Products/Debug-iphonesimulator -emit-localized-strings -emit-localized-strings-path /Users/siam/Library/Developer/Xcode/DerivedData/Lingua_Quest-gvpckrqxtbgyprbgppjfqmimmmfw/Build/Intermediates.noindex/Lingua\ Quest.build/Debug-iphonesimulator/Lingua\ Quest.build/Objects-normal/x86_64 -c -j12 -enable-batch-mode -incremental -Xcc -ivfsstatcache -Xcc /Users/siam/Library/Developer/Xcode/DerivedData/SDKStatCaches.noindex/iphonesimulator26.0-23A339-26257891a6c027eb51374368541b8346.sdkstatcache -output-file-map /Users/siam/Library/Developer/Xcode/DerivedData/Lingua_Quest-gvpckrqxtbgyprbgppjfqmimmmfw/Build/Intermediates.noindex/Lingua\ Quest.build/Debug-iphonesimulator/Lingua\ Quest.build/Objects-normal/x86_64/Lingua\ Quest-OutputFileMap.json -use-frontend-parseable-output -save-temps -no-color-diagnostics -explicit-module-build -module-cache-path /Users/siam/Library/Developer/Xcode/DerivedData/Lingua_Quest-gvpckrqxtbgyprbgppjfqmimmmfw/Build/Intermediates.noindex/SwiftExplicitPrecompiledModules -clang-scanner-module-cache-path /Users/siam/Library/Developer/Xcode/DerivedData/ModuleCache.noindex -sdk-module-cache-path /Users/siam/Library/Developer/Xcode/DerivedData/ModuleCache.noindex -serialize-diagnostics -emit-dependencies -emit-module -emit-module-path /Users/siam/Library/Developer/Xcode/DerivedData/Lingua_Quest-gvpckrqxtbgyprbgppjfqmimmmfw/Build/Intermediates.noindex/Lingua\ Quest.build/Debug-iphonesimulator/Lingua\ Quest.build/Objects-normal/x86_64/Lingua_Quest.swiftmodule -validate-clang-modules-once -clang-build-session-file /Users/siam/Library/Developer/Xcode/DerivedData/ModuleCache.noindex/Session.modulevalidation -Xcc -I/Users/siam/Library/Developer/Xcode/DerivedData/Lingua_Quest-gvpckrqxtbgyprbgppjfqmimmmfw/Build/Intermediates.noindex/Lingua\ Quest.build/Debug-iphonesimulator/Lingua\ Quest.build/swift-overrides.hmap -emit-const-values -Xfrontend -const-gather-protocols-file -Xfrontend /Users/siam/Library/Developer/Xcode/DerivedData/Lingua_Quest-gvpckrqxtbgyprbgppjfqmimmmfw/Build/Intermediates.noindex/Lingua\ Quest.build/Debug-iphonesimulator/Lingua\ Quest.build/Objects-normal/x86_64/Lingua\ Quest_const_extract_protocols.json -Xcc -iquote -Xcc /Users/siam/Library/Developer/Xcode/DerivedData/Lingua_Quest-gvpckrqxtbgyprbgppjfqmimmmfw/Build/Intermediates.noindex/Lingua\ Quest.build/Debug-iphonesimulator/Lingua\ Quest.build/Lingua\ Quest-generated-files.hmap -Xcc -I/Users/siam/Library/Developer/Xcode/DerivedData/Lingua_Quest-gvpckrqxtbgyprbgppjfqmimmmfw/Build/Intermediates.noindex/Lingua\ Quest.build/Debug-iphonesimulator/Lingua\ Quest.build/Lingua\ Quest-own-target-headers.hmap -Xcc -I/Users/siam/Library/Developer/Xcode/DerivedData/Lingua_Quest-gvpckrqxtbgyprbgppjfqmimmmfw/Build/Intermediates.noindex/Lingua\ Quest.build/Debug-iphonesimulator/Lingua\ Quest.build/Lingua\ Quest-all-non-framework-target-headers.hmap -Xcc -ivfsoverlay -Xcc /Users/siam/Library/Developer/Xcode/DerivedData/Lingua_Quest-gvpckrqxtbgyprbgppjfqmimmmfw/Build/Intermediates.noindex/Lingua\ Quest.build/Debug-iphonesimulator/Lingua\ Quest-29a806bd443931d1fbd88a63f8737238-VFS-iphonesimulator/all-product-headers.yaml -Xcc -iquote -Xcc /Users/siam/Library/Developer/Xcode/DerivedData/Lingua_Quest-gvpckrqxtbgyprbgppjfqmimmmfw/Build/Intermediates.noindex/Lingua\ Quest.build/Debug-iphonesimulator/Lingua\ Quest.build/Lingua\ Quest-project-headers.hmap -Xcc -I/Users/siam/Library/Developer/Xcode/DerivedData/Lingua_Quest-gvpckrqxtbgyprbgppjfqmimmmfw/SourcePackages/checkouts/abseil-cpp-binary/absl-Wrapper/include -Xcc -I/Users/siam/Library/Developer/Xcode/DerivedData/Lingua_Quest-gvpckrqxtbgyprbgppjfqmimmmfw/SourcePackages/checkouts/grpc-binary/openssl-grpc-Wrapper/include -Xcc -I/Users/siam/Library/Developer/Xcode/DerivedData/Lingua_Quest-gvpckrqxtbgyprbgppjfqmimmmfw/SourcePackages/checkouts/grpc-binary/grpc-Wrapper/include -Xcc -I/Users/siam/Library/Developer/Xcode/DerivedData/Lingua_Quest-gvpckrqxtbgyprbgppjfqmimmmfw/SourcePackages/checkouts/grpc-binary/grpcpp-Wrapper/include -Xcc -I/Users/siam/Library/Developer/Xcode/DerivedData/Lingua_Quest-gvpckrqxtbgyprbgppjfqmimmmfw/SourcePackages/checkouts/nanopb/spm_headers -Xcc -I/Users/siam/Library/Developer/Xcode/DerivedData/Lingua_Quest-gvpckrqxtbgyprbgppjfqmimmmfw/SourcePackages/checkouts/leveldb/include -Xcc -I/Users/siam/Library/Developer/Xcode/DerivedData/Lingua_Quest-gvpckrqxtbgyprbgppjfqmimmmfw/SourcePackages/checkouts/firebase-ios-sdk/FirebaseFirestoreInternal -Xcc -I/Users/siam/Library/Developer/Xcode/DerivedData/Lingua_Quest-gvpckrqxtbgyprbgppjfqmimmmfw/SourcePackages/checkouts/firebase-ios-sdk/SwiftPM-PlatformExclude/FirebaseFirestoreWrap/include -Xcc -I/Users/siam/Library/Developer/Xcode/DerivedData/Lingua_Quest-gvpckrqxtbgyprbgppjfqmimmmfw/SourcePackages/checkouts/AppAuth-iOS/Sources/AppAuth -Xcc -I/Users/siam/Library/Developer/Xcode/DerivedData/Lingua_Quest-gvpckrqxtbgyprbgppjfqmimmmfw/SourcePackages/checkouts/AppAuth-iOS/Sources/AppAuthCore -Xcc -I/Users/siam/Library/Developer/Xcode/DerivedData/Lingua_Quest-gvpckrqxtbgyprbgppjfqmimmmfw/SourcePackages/checkouts/GoogleSignIn-iOS/GoogleSignIn/Sources/Public -Xcc -I/Users/siam/Library/Developer/Xcode/DerivedData/Lingua_Quest-gvpckrqxtbgyprbgppjfqmimmmfw/SourcePackages/checkouts/GoogleUtilities/GoogleUtilities/Network/Public -Xcc -I/Users/siam/Library/Developer/Xcode/DerivedData/Lingua_Quest-gvpckrqxtbgyprbgppjfqmimmmfw/SourcePackages/checkouts/GoogleUtilities/GoogleUtilities/Reachability/Public -Xcc -I/Users/siam/Library/Developer/Xcode/DerivedData/Lingua_Quest-gvpckrqxtbgyprbgppjfqmimmmfw/SourcePackages/checkouts/GoogleUtilities/GoogleUtilities/AppDelegateSwizzler/Public -Xcc -I/Users/siam/Library/Developer/Xcode/DerivedData/Lingua_Quest-gvpckrqxtbgyprbgppjfqmimmmfw/SourcePackages/checkouts/gtm-session-fetcher/Sources/Core/Public -Xcc -I/Users/siam/Library/Developer/Xcode/DerivedData/Lingua_Quest-gvpckrqxtbgyprbgppjfqmimmmfw/SourcePackages/checkouts/firebase-ios-sdk/FirebaseAuth/Sources/Public -Xcc -I/Users/siam/Library/Developer/Xcode/DerivedData/Lingua_Quest-gvpckrqxtbgyprbgppjfqmimmmfw/SourcePackages/checkouts/GoogleUtilities/GoogleUtilities/NSData+zlib/Public -Xcc -I/Users/siam/Library/Developer/Xcode/DerivedData/Lingua_Quest-gvpckrqxtbgyprbgppjfqmimmmfw/SourcePackages/checkouts/interop-ios-for-google-sdks/RecaptchaEnterprise/RecaptchaInterop/Public -Xcc -I/Users/siam/Library/Developer/Xcode/DerivedData/Lingua_Quest-gvpckrqxtbgyprbgppjfqmimmmfw/SourcePackages/checkouts/promises/Sources/FBLPromises/include -Xcc -I/Users/siam/Library/Developer/Xcode/DerivedData/Lingua_Quest-gvpckrqxtbgyprbgppjfqmimmmfw/SourcePackages/checkouts/app-check/AppCheckCore/Sources/Public -Xcc -I/Users/siam/Library/Developer/Xcode/DerivedData/Lingua_Quest-gvpckrqxtbgyprbgppjfqmimmmfw/SourcePackages/checkouts/GoogleUtilities/GoogleUtilities/Logger/Public -Xcc -I/Users/siam/Library/Developer/Xcode/DerivedData/Lingua_Quest-gvpckrqxtbgyprbgppjfqmimmmfw/SourcePackages/checkouts/GoogleUtilities/GoogleUtilities/Environment/Public -Xcc -I/Users/siam/Library/Developer/Xcode/DerivedData/Lingua_Quest-gvpckrqxtbgyprbgppjfqmimmmfw/SourcePackages/checkouts/GoogleUtilities/third_party/IsAppEncrypted/Public -Xcc -I/Users/siam/Library/Developer/Xcode/DerivedData/Lingua_Quest-gvpckrqxtbgyprbgppjfqmimmmfw/SourcePackages/checkouts/GoogleUtilities/GoogleUtilities/UserDefaults/Public -Xcc -I/Users/siam/Library/Developer/Xcode/DerivedData/Lingua_Quest-gvpckrqxtbgyprbgppjfqmimmmfw/SourcePackages/checkouts/firebase-ios-sdk/FirebaseCore/Extension -Xcc -I/Users/siam/Library/Developer/Xcode/DerivedData/Lingua_Quest-gvpckrqxtbgyprbgppjfqmimmmfw/SourcePackages/checkouts/firebase-ios-sdk/FirebaseAuth/Interop/Public -Xcc -I/Users/siam/Library/Developer/Xcode/DerivedData/Lingua_Quest-gvpckrqxtbgyprbgppjfqmimmmfw/SourcePackages/checkouts/firebase-ios-sdk/FirebaseAppCheck/Sources/Public -Xcc -I/Users/siam/Library/Developer/Xcode/DerivedData/Lingua_Quest-gvpckrqxtbgyprbgppjfqmimmmfw/SourcePackages/checkouts/firebase-ios-sdk/FirebaseCore/Sources/Public -Xcc -I/Users/siam/Library/Developer/Xcode/DerivedData/Lingua_Quest-gvpckrqxtbgyprbgppjfqmimmmfw/SourcePackages/checkouts/firebase-ios-sdk/CoreOnly/Sources -Xcc -I/Users/siam/Library/Developer/Xcode/DerivedData/Lingua_Quest-gvpckrqxtbgyprbgppjfqmimmmfw/SourcePackages/checkouts/firebase-ios-sdk/FirebaseAppCheck/Interop/Public -Xcc -I/Users/siam/Library/Developer/Xcode/DerivedData/Lingua_Quest-gvpckrqxtbgyprbgppjfqmimmmfw/Build/Products/Debug-iphonesimulator/include -Xcc -I/Users/siam/Library/Developer/Xcode/DerivedData/Lingua_Quest-gvpckrqxtbgyprbgppjfqmimmmfw/Build/Intermediates.noindex/Lingua\ Quest.build/Debug-iphonesimulator/Lingua\ Quest.build/DerivedSources-normal/x86_64 -Xcc -I/Users/siam/Library/Developer/Xcode/DerivedData/Lingua_Quest-gvpckrqxtbgyprbgppjfqmimmmfw/Build/Intermediates.noindex/Lingua\ Quest.build/Debug-iphonesimulator/Lingua\ Quest.build/DerivedSources/x86_64 -Xcc -I/Users/siam/Library/Developer/Xcode/DerivedData/Lingua_Quest-gvpckrqxtbgyprbgppjfqmimmmfw/Build/Intermediates.noindex/Lingua\ Quest.build/Debug-iphonesimulator/Lingua\ Quest.build/DerivedSources -Xcc -DDEBUG\=1 -emit-objc-header -emit-objc-header-path /Users/siam/Library/Developer/Xcode/DerivedData/Lingua_Quest-gvpckrqxtbgyprbgppjfqmimmmfw/Build/Intermediates.noindex/Lingua\ Quest.build/Debug-iphonesimulator/Lingua\ Quest.build/Objects-normal/x86_64/Lingua_Quest-Swift.h -working-directory /Users/siam/Desktop/Lingua\ Quest -experimental-emit-module-separately -disable-cmo

CompileAssetCatalogVariant thinned /Users/siam/Library/Developer/Xcode/DerivedData/Lingua_Quest-gvpckrqxtbgyprbgppjfqmimmmfw/Build/Products/Debug-iphonesimulator/Lingua\ Quest.app /Users/siam/Desktop/Lingua\ Quest/Lingua\ Quest/App/Resources/Assets.xcassets /Users/siam/Desktop/Lingua\ Quest/Lingua\ Quest/App/Resources/Colors.xcassets (in target 'Lingua Quest' from project 'Lingua Quest')
    cd /Users/siam/Desktop/Lingua\ Quest
    /Applications/Xcode.app/Contents/Developer/usr/bin/actool /Users/siam/Desktop/Lingua\ Quest/Lingua\ Quest/App/Resources/Assets.xcassets /Users/siam/Desktop/Lingua\ Quest/Lingua\ Quest/App/Resources/Colors.xcassets --compile /Users/siam/Library/Developer/Xcode/DerivedData/Lingua_Quest-gvpckrqxtbgyprbgppjfqmimmmfw/Build/Intermediates.noindex/Lingua\ Quest.build/Debug-iphonesimulator/Lingua\ Quest.build/assetcatalog_output/thinned --output-format human-readable-text --notices --warnings --export-dependency-info /Users/siam/Library/Developer/Xcode/DerivedData/Lingua_Quest-gvpckrqxtbgyprbgppjfqmimmmfw/Build/Intermediates.noindex/Lingua\ Quest.build/Debug-iphonesimulator/Lingua\ Quest.build/assetcatalog_dependencies_thinned --output-partial-info-plist /Users/siam/Library/Developer/Xcode/DerivedData/Lingua_Quest-gvpckrqxtbgyprbgppjfqmimmmfw/Build/Intermediates.noindex/Lingua\ Quest.build/Debug-iphonesimulator/Lingua\ Quest.build/assetcatalog_generated_info.plist_thinned --app-icon AppIcon --accent-color AccentColor --compress-pngs --enable-on-demand-resources YES --development-region en --target-device iphone --target-device ipad --minimum-deployment-target 26.0 --platform iphonesimulator
objc[10907]: Class _NoAnimationDelegate is implemented in both /Library/Developer/CoreSimulator/Volumes/iOS_23A343/Library/Developer/CoreSimulator/Profiles/Runtimes/iOS 26.0.simruntime/Contents/Resources/RuntimeRoot/System/Library/Frameworks/SwiftUICore.framework/SwiftUICore (0x144c35190) and /Library/Developer/CoreSimulator/Volumes/iOS_23A343/Library/Developer/CoreSimulator/Profiles/Runtimes/iOS 26.0.simruntime/Contents/Resources/RuntimeRoot/System/Library/PrivateFrameworks/UIKitCore.framework/UIKitCore (0x14adcaf10). This may cause spurious casting failures and mysterious crashes. One of the duplicates must be removed or renamed.

SwiftDriverJobDiscovery normal x86_64 Compiling BidiGenerateContentSetupComplete.swift, BidiGenerateContentToolCall.swift, BidiGenerateContentToolCallCancellation.swift, BidiGenerateContentToolResponse.swift, BidiGenerateContentTranscription.swift, BidiGenerationConfig.swift, BidiSessionResumptionUpdate.swift, GoAway.swift, LiveSessionService.swift, ProtoDate.swift, ProtoDuration.swift (in target 'FirebaseAILogic' from project 'Firebase')

SwiftDriverJobDiscovery normal arm64 Compiling PartsRepresentable+Image.swift, PartsRepresentable.swift, CodableProtoEnum.swift, ConvertibleToGeneratedContent.swift, ConvertibleFromGeneratedContent.swift, GenerationOptionsRepresentable.swift, LanguageModel.swift, LanguageModelProvider.swift, ModelSession.swift, ToolRepresentable.swift, Safety.swift (in target 'FirebaseAILogic' from project 'Firebase')

SwiftDriverJobDiscovery normal x86_64 Compiling LiveSession.swift, LiveSessionErrors.swift, LiveSessionResumptionUpdate.swift, SessionResumptionConfig.swift, ModelSessionResponse.swift, MultiSpeakerVoiceConfig.swift, Part.swift, ResponseGenerationOptions.swift, ResponseModality.swift, Schema.swift, SpeakerVoiceConfig.swift (in target 'FirebaseAILogic' from project 'Firebase')

SwiftDriverJobDiscovery normal arm64 Compiling InternalImagenImage.swift, RAIFilteredReason.swift, InternalPart.swift, AsyncWebSocket.swift, BidiContextWindowCompressionConfig.swift, BidiGenerateContentClientContent.swift, BidiGenerateContentClientMessage.swift, BidiGenerateContentRealtimeInput.swift, BidiGenerateContentServerContent.swift, BidiGenerateContentServerMessage.swift, BidiGenerateContentSetup.swift (in target 'FirebaseAILogic' from project 'Firebase')

SwiftDriverJobDiscovery normal arm64 Compiling GenerateContentError.swift, GenerateContentRequest.swift, GenerateContentResponse.swift, GenerationConfig.swift, GenerativeAIRequest.swift, GenerativeAIService.swift, GenerativeModel.swift, GenerativeModelSession.swift, History.swift, JSONValue.swift, ModalityTokenCount.swift, ModelContent.swift (in target 'FirebaseAILogic' from project 'Firebase')

SwiftDriver\ Compilation FirebaseAILogic normal arm64 com.apple.xcode.tools.swift.compiler (in target 'FirebaseAILogic' from project 'Firebase')
    cd /Users/siam/Desktop/Lingua\ Quest/Lingua\ Quest.xcodeproj
    builtin-Swift-Compilation -- /Applications/Xcode.app/Contents/Developer/Toolchains/XcodeDefault.xctoolchain/usr/bin/swiftc -module-name FirebaseAILogic -Onone -enforce-exclusivity\=checked @/Users/siam/Library/Developer/Xcode/DerivedData/Lingua_Quest-gvpckrqxtbgyprbgppjfqmimmmfw/Build/Intermediates.noindex/Firebase.build/Debug-iphonesimulator/FirebaseAILogic.build/Objects-normal/arm64/FirebaseAILogic.SwiftFileList -DSWIFT_PACKAGE -DDEBUG -DSWIFT_MODULE_RESOURCE_BUNDLE_UNAVAILABLE -DIS_FOUNDATION_MODELS_SUPPORTED_PLATFORM -Xcc -fmodule-map-file\=/Users/siam/Library/Developer/Xcode/DerivedData/Lingua_Quest-gvpckrqxtbgyprbgppjfqmimmmfw/Build/Intermediates.noindex/GeneratedModuleMaps-iphonesimulator/GoogleUtilities-NSData.modulemap -Xcc -fmodule-map-file\=/Users/siam/Library/Developer/Xcode/DerivedData/Lingua_Quest-gvpckrqxtbgyprbgppjfqmimmmfw/Build/Intermediates.noindex/GeneratedModuleMaps-iphonesimulator/RecaptchaInterop.modulemap -Xcc -fmodule-map-file\=/Users/siam/Library/Developer/Xcode/DerivedData/Lingua_Quest-gvpckrqxtbgyprbgppjfqmimmmfw/Build/Intermediates.noindex/GeneratedModuleMaps-iphonesimulator/AppCheckCore.modulemap -Xcc -fmodule-map-file\=/Users/siam/Library/Developer/Xcode/DerivedData/Lingua_Quest-gvpckrqxtbgyprbgppjfqmimmmfw/Build/Intermediates.noindex/GeneratedModuleMaps-iphonesimulator/GoogleUtilities-Logger.modulemap -Xcc -fmodule-map-file\=/Users/siam/Library/Developer/Xcode/DerivedData/Lingua_Quest-gvpckrqxtbgyprbgppjfqmimmmfw/Build/Intermediates.noindex/GeneratedModuleMaps-iphonesimulator/GoogleUtilities-Environment.modulemap -Xcc -fmodule-map-file\=/Users/siam/Library/Developer/Xcode/DerivedData/Lingua_Quest-gvpckrqxtbgyprbgppjfqmimmmfw/Build/Intermediates.noindex/GeneratedModuleMaps-iphonesimulator/third-party-IsAppEncrypted.modulemap -Xcc -fmodule-map-file\=/Users/siam/Library/Developer/Xcode/DerivedData/Lingua_Quest-gvpckrqxtbgyprbgppjfqmimmmfw/Build/Intermediates.noindex/GeneratedModuleMaps-iphonesimulator/GoogleUtilities-UserDefaults.modulemap -Xcc -fmodule-map-file\=/Users/siam/Library/Developer/Xcode/DerivedData/Lingua_Quest-gvpckrqxtbgyprbgppjfqmimmmfw/Build/Intermediates.noindex/GeneratedModuleMaps-iphonesimulator/FirebaseCoreExtension.modulemap -Xcc -fmodule-map-file\=/Users/siam/Library/Developer/Xcode/DerivedData/Lingua_Quest-gvpckrqxtbgyprbgppjfqmimmmfw/Build/Intermediates.noindex/GeneratedModuleMaps-iphonesimulator/FirebaseAuthInterop.modulemap -Xcc -fmodule-map-file\=/Users/siam/Library/Developer/Xcode/DerivedData/Lingua_Quest-gvpckrqxtbgyprbgppjfqmimmmfw/Build/Intermediates.noindex/GeneratedModuleMaps-iphonesimulator/FirebaseAppCheck.modulemap -Xcc -fmodule-map-file\=/Users/siam/Library/Developer/Xcode/DerivedData/Lingua_Quest-gvpckrqxtbgyprbgppjfqmimmmfw/Build/Intermediates.noindex/GeneratedModuleMaps-iphonesimulator/FirebaseCore.modulemap -Xcc -fmodule-map-file\=/Users/siam/Library/Developer/Xcode/DerivedData/Lingua_Quest-gvpckrqxtbgyprbgppjfqmimmmfw/Build/Intermediates.noindex/GeneratedModuleMaps-iphonesimulator/FirebaseAppCheckInterop.modulemap -DXcode -plugin-path /Applications/Xcode.app/Contents/Developer/Toolchains/XcodeDefault.xctoolchain/usr/lib/swift/host/plugins/testing -enable-experimental-feature DebugDescriptionMacro -sdk /Applications/Xcode.app/Contents/Developer/Platforms/iPhoneSimulator.platform/Developer/SDKs/iPhoneSimulator26.0.sdk -target arm64-apple-ios15.0-simulator -g -module-cache-path /Users/siam/Library/Developer/Xcode/DerivedData/ModuleCache.noindex -Xfrontend -serialize-debugging-options -profile-coverage-mapping -profile-generate -enable-testing -suppress-warnings -index-store-path /Users/siam/Library/Developer/Xcode/DerivedData/Lingua_Quest-gvpckrqxtbgyprbgppjfqmimmmfw/Index.noindex/DataStore -Xcc -D_LIBCPP_HARDENING_MODE\=_LIBCPP_HARDENING_MODE_DEBUG -swift-version 6 -I /Users/siam/Library/Developer/Xcode/DerivedData/Lingua_Quest-gvpckrqxtbgyprbgppjfqmimmmfw/Build/Products/Debug-iphonesimulator -Isystem /Applications/Xcode.app/Contents/Developer/Platforms/iPhoneSimulator.platform/Developer/usr/lib -F /Users/siam/Library/Developer/Xcode/DerivedData/Lingua_Quest-gvpckrqxtbgyprbgppjfqmimmmfw/Build/Products/Debug-iphonesimulator/PackageFrameworks -F /Users/siam/Library/Developer/Xcode/DerivedData/Lingua_Quest-gvpckrqxtbgyprbgppjfqmimmmfw/Build/Products/Debug-iphonesimulator/PackageFrameworks -F /Users/siam/Library/Developer/Xcode/DerivedData/Lingua_Quest-gvpckrqxtbgyprbgppjfqmimmmfw/Build/Products/Debug-iphonesimulator/PackageFrameworks -F /Users/siam/Library/Developer/Xcode/DerivedData/Lingua_Quest-gvpckrqxtbgyprbgppjfqmimmmfw/Build/Products/Debug-iphonesimulator/PackageFrameworks -F /Users/siam/Library/Developer/Xcode/DerivedData/Lingua_Quest-gvpckrqxtbgyprbgppjfqmimmmfw/Build/Products/Debug-iphonesimulator/PackageFrameworks -F /Users/siam/Library/Developer/Xcode/DerivedData/Lingua_Quest-gvpckrqxtbgyprbgppjfqmimmmfw/Build/Products/Debug-iphonesimulator/PackageFrameworks -F /Users/siam/Library/Developer/Xcode/DerivedData/Lingua_Quest-gvpckrqxtbgyprbgppjfqmimmmfw/Build/Products/Debug-iphonesimulator/PackageFrameworks -F /Users/siam/Library/Developer/Xcode/DerivedData/Lingua_Quest-gvpckrqxtbgyprbgppjfqmimmmfw/Build/Products/Debug-iphonesimulator/PackageFrameworks -F /Users/siam/Library/Developer/Xcode/DerivedData/Lingua_Quest-gvpckrqxtbgyprbgppjfqmimmmfw/Build/Products/Debug-iphonesimulator/PackageFrameworks -F /Users/siam/Library/Developer/Xcode/DerivedData/Lingua_Quest-gvpckrqxtbgyprbgppjfqmimmmfw/Build/Products/Debug-iphonesimulator/PackageFrameworks -F /Users/siam/Library/Developer/Xcode/DerivedData/Lingua_Quest-gvpckrqxtbgyprbgppjfqmimmmfw/Build/Products/Debug-iphonesimulator/PackageFrameworks -F /Users/siam/Library/Developer/Xcode/DerivedData/Lingua_Quest-gvpckrqxtbgyprbgppjfqmimmmfw/Build/Products/Debug-iphonesimulator/PackageFrameworks -F /Users/siam/Library/Developer/Xcode/DerivedData/Lingua_Quest-gvpckrqxtbgyprbgppjfqmimmmfw/Build/Products/Debug-iphonesimulator/PackageFrameworks -F /Users/siam/Library/Developer/Xcode/DerivedData/Lingua_Quest-gvpckrqxtbgyprbgppjfqmimmmfw/Build/Products/Debug-iphonesimulator/PackageFrameworks -F /Users/siam/Library/Developer/Xcode/DerivedData/Lingua_Quest-gvpckrqxtbgyprbgppjfqmimmmfw/Build/Products/Debug-iphonesimulator/PackageFrameworks -F /Users/siam/Library/Developer/Xcode/DerivedData/Lingua_Quest-gvpckrqxtbgyprbgppjfqmimmmfw/Build/Products/Debug-iphonesimulator/PackageFrameworks -F /Users/siam/Library/Developer/Xcode/DerivedData/Lingua_Quest-gvpckrqxtbgyprbgppjfqmimmmfw/Build/Products/Debug-iphonesimulator/PackageFrameworks -F /Users/siam/Library/Developer/Xcode/DerivedData/Lingua_Quest-gvpckrqxtbgyprbgppjfqmimmmfw/Build/Products/Debug-iphonesimulator -F /Applications/Xcode.app/Contents/Developer/Platforms/iPhoneSimulator.platform/Developer/Library/Frameworks -F /Applications/Xcode.app/Contents/Developer/Platforms/iPhoneSimulator.platform/Developer/SDKs/iPhoneSimulator26.0.sdk/Developer/Library/Frameworks -c -j12 -enable-batch-mode -incremental -Xcc -ivfsstatcache -Xcc /Users/siam/Library/Developer/Xcode/DerivedData/SDKStatCaches.noindex/iphonesimulator26.0-23A339-26257891a6c027eb51374368541b8346.sdkstatcache -output-file-map /Users/siam/Library/Developer/Xcode/DerivedData/Lingua_Quest-gvpckrqxtbgyprbgppjfqmimmmfw/Build/Intermediates.noindex/Firebase.build/Debug-iphonesimulator/FirebaseAILogic.build/Objects-normal/arm64/FirebaseAILogic-OutputFileMap.json -use-frontend-parseable-output -save-temps -no-color-diagnostics -explicit-module-build -module-cache-path /Users/siam/Library/Developer/Xcode/DerivedData/Lingua_Quest-gvpckrqxtbgyprbgppjfqmimmmfw/Build/Intermediates.noindex/SwiftExplicitPrecompiledModules -clang-scanner-module-cache-path /Users/siam/Library/Developer/Xcode/DerivedData/ModuleCache.noindex -sdk-module-cache-path /Users/siam/Library/Developer/Xcode/DerivedData/ModuleCache.noindex -serialize-diagnostics -emit-dependencies -emit-module -emit-module-path /Users/siam/Library/Developer/Xcode/DerivedData/Lingua_Quest-gvpckrqxtbgyprbgppjfqmimmmfw/Build/Intermediates.noindex/Firebase.build/Debug-iphonesimulator/FirebaseAILogic.build/Objects-normal/arm64/FirebaseAILogic.swiftmodule -user-module-version 12.16.0 -validate-clang-modules-once -clang-build-session-file /Users/siam/Library/Developer/Xcode/DerivedData/ModuleCache.noindex/Session.modulevalidation -package-name firebase_ios_sdk -Xcc -I/Users/siam/Library/Developer/Xcode/DerivedData/Lingua_Quest-gvpckrqxtbgyprbgppjfqmimmmfw/Build/Intermediates.noindex/Firebase.build/Debug-iphonesimulator/FirebaseAILogic.build/swift-overrides.hmap -emit-const-values -Xfrontend -const-gather-protocols-file -Xfrontend /Users/siam/Library/Developer/Xcode/DerivedData/Lingua_Quest-gvpckrqxtbgyprbgppjfqmimmmfw/Build/Intermediates.noindex/Firebase.build/Debug-iphonesimulator/FirebaseAILogic.build/Objects-normal/arm64/FirebaseAILogic_const_extract_protocols.json -Xcc -I/Users/siam/Library/Developer/Xcode/DerivedData/Lingua_Quest-gvpckrqxtbgyprbgppjfqmimmmfw/SourcePackages/checkouts/GoogleUtilities/GoogleUtilities/NSData+zlib/Public -Xcc -I/Users/siam/Library/Developer/Xcode/DerivedData/Lingua_Quest-gvpckrqxtbgyprbgppjfqmimmmfw/SourcePackages/checkouts/interop-ios-for-google-sdks/RecaptchaEnterprise/RecaptchaInterop/Public -Xcc -I/Users/siam/Library/Developer/Xcode/DerivedData/Lingua_Quest-gvpckrqxtbgyprbgppjfqmimmmfw/SourcePackages/checkouts/promises/Sources/FBLPromises/include -Xcc -I/Users/siam/Library/Developer/Xcode/DerivedData/Lingua_Quest-gvpckrqxtbgyprbgppjfqmimmmfw/SourcePackages/checkouts/app-check/AppCheckCore/Sources/Public -Xcc -I/Users/siam/Library/Developer/Xcode/DerivedData/Lingua_Quest-gvpckrqxtbgyprbgppjfqmimmmfw/SourcePackages/checkouts/GoogleUtilities/GoogleUtilities/Logger/Public -Xcc -I/Users/siam/Library/Developer/Xcode/DerivedData/Lingua_Quest-gvpckrqxtbgyprbgppjfqmimmmfw/SourcePackages/checkouts/GoogleUtilities/GoogleUtilities/Environment/Public -Xcc -I/Users/siam/Library/Developer/Xcode/DerivedData/Lingua_Quest-gvpckrqxtbgyprbgppjfqmimmmfw/SourcePackages/checkouts/GoogleUtilities/third_party/IsAppEncrypted/Public -Xcc -I/Users/siam/Library/Developer/Xcode/DerivedData/Lingua_Quest-gvpckrqxtbgyprbgppjfqmimmmfw/SourcePackages/checkouts/GoogleUtilities/GoogleUtilities/UserDefaults/Public -Xcc -I/Users/siam/Library/Developer/Xcode/DerivedData/Lingua_Quest-gvpckrqxtbgyprbgppjfqmimmmfw/SourcePackages/checkouts/firebase-ios-sdk/FirebaseCore/Extension -Xcc -I/Users/siam/Library/Developer/Xcode/DerivedData/Lingua_Quest-gvpckrqxtbgyprbgppjfqmimmmfw/SourcePackages/checkouts/firebase-ios-sdk/FirebaseAuth/Interop/Public -Xcc -I/Users/siam/Library/Developer/Xcode/DerivedData/Lingua_Quest-gvpckrqxtbgyprbgppjfqmimmmfw/SourcePackages/checkouts/firebase-ios-sdk/FirebaseAppCheck/Sources/Public -Xcc -I/Users/siam/Library/Developer/Xcode/DerivedData/Lingua_Quest-gvpckrqxtbgyprbgppjfqmimmmfw/SourcePackages/checkouts/firebase-ios-sdk/FirebaseCore/Sources/Public -Xcc -I/Users/siam/Library/Developer/Xcode/DerivedData/Lingua_Quest-gvpckrqxtbgyprbgppjfqmimmmfw/SourcePackages/checkouts/firebase-ios-sdk/CoreOnly/Sources -Xcc -I/Users/siam/Library/Developer/Xcode/DerivedData/Lingua_Quest-gvpckrqxtbgyprbgppjfqmimmmfw/SourcePackages/checkouts/firebase-ios-sdk/FirebaseAppCheck/Interop/Public -Xcc -I/Users/siam/Library/Developer/Xcode/DerivedData/Lingua_Quest-gvpckrqxtbgyprbgppjfqmimmmfw/Build/Products/Debug-iphonesimulator/include -Xcc -I/Users/siam/Library/Developer/Xcode/DerivedData/Lingua_Quest-gvpckrqxtbgyprbgppjfqmimmmfw/Build/Intermediates.noindex/Firebase.build/Debug-iphonesimulator/FirebaseAILogic.build/DerivedSources-normal/arm64 -Xcc -I/Users/siam/Library/Developer/Xcode/DerivedData/Lingua_Quest-gvpckrqxtbgyprbgppjfqmimmmfw/Build/Intermediates.noindex/Firebase.build/Debug-iphonesimulator/FirebaseAILogic.build/DerivedSources/arm64 -Xcc -I/Users/siam/Library/Developer/Xcode/DerivedData/Lingua_Quest-gvpckrqxtbgyprbgppjfqmimmmfw/Build/Intermediates.noindex/Firebase.build/Debug-iphonesimulator/FirebaseAILogic.build/DerivedSources -Xcc -DSWIFT_PACKAGE -Xcc -DDEBUG\=1 -emit-objc-header -emit-objc-header-path /Users/siam/Library/Developer/Xcode/DerivedData/Lingua_Quest-gvpckrqxtbgyprbgppjfqmimmmfw/Build/Intermediates.noindex/Firebase.build/Debug-iphonesimulator/FirebaseAILogic.build/Objects-normal/arm64/FirebaseAILogic-Swift.h -working-directory /Users/siam/Desktop/Lingua\ Quest/Lingua\ Quest.xcodeproj -experimental-emit-module-separately -disable-cmo

Ld /Users/siam/Library/Developer/Xcode/DerivedData/Lingua_Quest-gvpckrqxtbgyprbgppjfqmimmmfw/Build/Intermediates.noindex/Firebase.build/Debug-iphonesimulator/FirebaseAILogic.build/Objects-normal/arm64/Binary/FirebaseAILogic.o normal arm64 (in target 'FirebaseAILogic' from project 'Firebase')
    cd /Users/siam/Library/Developer/Xcode/DerivedData/Lingua_Quest-gvpckrqxtbgyprbgppjfqmimmmfw/SourcePackages/checkouts/firebase-ios-sdk
    /Applications/Xcode.app/Contents/Developer/Toolchains/XcodeDefault.xctoolchain/usr/bin/clang -Xlinker -reproducible -target arm64-apple-ios15.0-simulator -r -isysroot /Applications/Xcode.app/Contents/Developer/Platforms/iPhoneSimulator.platform/Developer/SDKs/iPhoneSimulator26.0.sdk -O0 -w -L/Users/siam/Library/Developer/Xcode/DerivedData/Lingua_Quest-gvpckrqxtbgyprbgppjfqmimmmfw/Build/Intermediates.noindex/EagerLinkingTBDs/Debug-iphonesimulator -L/Users/siam/Library/Developer/Xcode/DerivedData/Lingua_Quest-gvpckrqxtbgyprbgppjfqmimmmfw/Build/Products/Debug-iphonesimulator -L/Applications/Xcode.app/Contents/Developer/Platforms/iPhoneSimulator.platform/Developer/usr/lib -F/Users/siam/Library/Developer/Xcode/DerivedData/Lingua_Quest-gvpckrqxtbgyprbgppjfqmimmmfw/Build/Intermediates.noindex/EagerLinkingTBDs/Debug-iphonesimulator -F/Users/siam/Library/Developer/Xcode/DerivedData/Lingua_Quest-gvpckrqxtbgyprbgppjfqmimmmfw/Build/Products/Debug-iphonesimulator/PackageFrameworks -F/Users/siam/Library/Developer/Xcode/DerivedData/Lingua_Quest-gvpckrqxtbgyprbgppjfqmimmmfw/Build/Products/Debug-iphonesimulator/PackageFrameworks -F/Users/siam/Library/Developer/Xcode/DerivedData/Lingua_Quest-gvpckrqxtbgyprbgppjfqmimmmfw/Build/Products/Debug-iphonesimulator/PackageFrameworks -F/Users/siam/Library/Developer/Xcode/DerivedData/Lingua_Quest-gvpckrqxtbgyprbgppjfqmimmmfw/Build/Products/Debug-iphonesimulator/PackageFrameworks -F/Users/siam/Library/Developer/Xcode/DerivedData/Lingua_Quest-gvpckrqxtbgyprbgppjfqmimmmfw/Build/Products/Debug-iphonesimulator/PackageFrameworks -F/Users/siam/Library/Developer/Xcode/DerivedData/Lingua_Quest-gvpckrqxtbgyprbgppjfqmimmmfw/Build/Products/Debug-iphonesimulator/PackageFrameworks -F/Users/siam/Library/Developer/Xcode/DerivedData/Lingua_Quest-gvpckrqxtbgyprbgppjfqmimmmfw/Build/Products/Debug-iphonesimulator/PackageFrameworks -F/Users/siam/Library/Developer/Xcode/DerivedData/Lingua_Quest-gvpckrqxtbgyprbgppjfqmimmmfw/Build/Products/Debug-iphonesimulator/PackageFrameworks -F/Users/siam/Library/Developer/Xcode/DerivedData/Lingua_Quest-gvpckrqxtbgyprbgppjfqmimmmfw/Build/Products/Debug-iphonesimulator/PackageFrameworks -F/Users/siam/Library/Developer/Xcode/DerivedData/Lingua_Quest-gvpckrqxtbgyprbgppjfqmimmmfw/Build/Products/Debug-iphonesimulator/PackageFrameworks -F/Users/siam/Library/Developer/Xcode/DerivedData/Lingua_Quest-gvpckrqxtbgyprbgppjfqmimmmfw/Build/Products/Debug-iphonesimulator/PackageFrameworks -F/Users/siam/Library/Developer/Xcode/DerivedData/Lingua_Quest-gvpckrqxtbgyprbgppjfqmimmmfw/Build/Products/Debug-iphonesimulator/PackageFrameworks -F/Users/siam/Library/Developer/Xcode/DerivedData/Lingua_Quest-gvpckrqxtbgyprbgppjfqmimmmfw/Build/Products/Debug-iphonesimulator/PackageFrameworks -F/Users/siam/Library/Developer/Xcode/DerivedData/Lingua_Quest-gvpckrqxtbgyprbgppjfqmimmmfw/Build/Products/Debug-iphonesimulator/PackageFrameworks -F/Users/siam/Library/Developer/Xcode/DerivedData/Lingua_Quest-gvpckrqxtbgyprbgppjfqmimmmfw/Build/Products/Debug-iphonesimulator/PackageFrameworks -F/Users/siam/Library/Developer/Xcode/DerivedData/Lingua_Quest-gvpckrqxtbgyprbgppjfqmimmmfw/Build/Products/Debug-iphonesimulator/PackageFrameworks -F/Users/siam/Library/Developer/Xcode/DerivedData/Lingua_Quest-gvpckrqxtbgyprbgppjfqmimmmfw/Build/Products/Debug-iphonesimulator/PackageFrameworks -F/Users/siam/Library/Developer/Xcode/DerivedData/Lingua_Quest-gvpckrqxtbgyprbgppjfqmimmmfw/Build/Products/Debug-iphonesimulator -iframework /Applications/Xcode.app/Contents/Developer/Platforms/iPhoneSimulator.platform/Developer/Library/Frameworks -iframework /Applications/Xcode.app/Contents/Developer/Platforms/iPhoneSimulator.platform/Developer/SDKs/iPhoneSimulator26.0.sdk/Developer/Library/Frameworks -filelist /Users/siam/Library/Developer/Xcode/DerivedData/Lingua_Quest-gvpckrqxtbgyprbgppjfqmimmmfw/Build/Intermediates.noindex/Firebase.build/Debug-iphonesimulator/FirebaseAILogic.build/Objects-normal/arm64/FirebaseAILogic.LinkFileList -nostdlib -Xlinker -object_path_lto -Xlinker /Users/siam/Library/Developer/Xcode/DerivedData/Lingua_Quest-gvpckrqxtbgyprbgppjfqmimmmfw/Build/Intermediates.noindex/Firebase.build/Debug-iphonesimulator/FirebaseAILogic.build/Objects-normal/arm64/FirebaseAILogic_lto.o -rdynamic -Xlinker -no_deduplicate -Xlinker -objc_abi_version -Xlinker 2 -Xlinker -debug_variant -Xlinker -dependency_info -Xlinker /Users/siam/Library/Developer/Xcode/DerivedData/Lingua_Quest-gvpckrqxtbgyprbgppjfqmimmmfw/Build/Intermediates.noindex/Firebase.build/Debug-iphonesimulator/FirebaseAILogic.build/Objects-normal/arm64/FirebaseAILogic_dependency_info.dat -fobjc-link-runtime -L/Applications/Xcode.app/Contents/Developer/Toolchains/XcodeDefault.xctoolchain/usr/lib/swift/iphonesimulator -L/usr/lib/swift -Xlinker -add_ast_path -Xlinker /Users/siam/Library/Developer/Xcode/DerivedData/Lingua_Quest-gvpckrqxtbgyprbgppjfqmimmmfw/Build/Intermediates.noindex/Firebase.build/Debug-iphonesimulator/FirebaseAILogic.build/Objects-normal/arm64/FirebaseAILogic.swiftmodule @/Users/siam/Library/Developer/Xcode/DerivedData/Lingua_Quest-gvpckrqxtbgyprbgppjfqmimmmfw/Build/Intermediates.noindex/Firebase.build/Debug-iphonesimulator/FirebaseAILogic.build/Objects-normal/arm64/FirebaseAILogic-linker-args.resp -o /Users/siam/Library/Developer/Xcode/DerivedData/Lingua_Quest-gvpckrqxtbgyprbgppjfqmimmmfw/Build/Intermediates.noindex/Firebase.build/Debug-iphonesimulator/FirebaseAILogic.build/Objects-normal/arm64/Binary/FirebaseAILogic.o

SwiftExplicitDependencyGeneratePcm arm64 /Users/siam/Library/Developer/Xcode/DerivedData/Lingua_Quest-gvpckrqxtbgyprbgppjfqmimmmfw/Build/Intermediates.noindex/SwiftExplicitPrecompiledModules/FirebaseAppCheckInterop-7G0U12JJBOCPXVPB0MO2XUVUA.pcm

SwiftExplicitDependencyGeneratePcm arm64 /Users/siam/Library/Developer/Xcode/DerivedData/Lingua_Quest-gvpckrqxtbgyprbgppjfqmimmmfw/Build/Intermediates.noindex/SwiftExplicitPrecompiledModules/FirebaseAppCheck-6LNMDKSDEZ1BCRM7IR959W2PI.pcm

SwiftExplicitDependencyGeneratePcm arm64 /Users/siam/Library/Developer/Xcode/DerivedData/Lingua_Quest-gvpckrqxtbgyprbgppjfqmimmmfw/Build/Intermediates.noindex/SwiftExplicitPrecompiledModules/GoogleUtilities_NSData-4XVYOHNPBAQ9RX3C9ZX752LEL.pcm

SwiftExplicitDependencyGeneratePcm arm64 /Users/siam/Library/Developer/Xcode/DerivedData/Lingua_Quest-gvpckrqxtbgyprbgppjfqmimmmfw/Build/Intermediates.noindex/SwiftExplicitPrecompiledModules/GoogleUtilities_AppDelegateSwizzler-43BMI7BGJ0PITZMWT00FATQLZ.pcm

SwiftExplicitDependencyGeneratePcm arm64 /Users/siam/Library/Developer/Xcode/DerivedData/Lingua_Quest-gvpckrqxtbgyprbgppjfqmimmmfw/Build/Intermediates.noindex/SwiftExplicitPrecompiledModules/FirebaseFirestoreInternal-33HMRQX7H7PU1F9MGL5MS7VP1.pcm

SwiftExplicitDependencyGeneratePcm arm64 /Users/siam/Library/Developer/Xcode/DerivedData/Lingua_Quest-gvpckrqxtbgyprbgppjfqmimmmfw/Build/Intermediates.noindex/SwiftExplicitPrecompiledModules/FirebaseAuthInternal-AFBJ088VD7137Y4MC3FP2IBJ6.pcm

SwiftExplicitDependencyGeneratePcm arm64 /Users/siam/Library/Developer/Xcode/DerivedData/Lingua_Quest-gvpckrqxtbgyprbgppjfqmimmmfw/Build/Intermediates.noindex/SwiftExplicitPrecompiledModules/RecaptchaInterop-6G2K800H3HTQMHN30P574EHYS.pcm

SwiftExplicitDependencyGeneratePcm arm64 /Users/siam/Library/Developer/Xcode/DerivedData/Lingua_Quest-gvpckrqxtbgyprbgppjfqmimmmfw/Build/Intermediates.noindex/SwiftExplicitPrecompiledModules/GTMSessionFetcherCore-DI4MQ7OTGL36V2KJ0QG0S27EY.pcm

SwiftExplicitDependencyGeneratePcm arm64 /Users/siam/Library/Developer/Xcode/DerivedData/Lingua_Quest-gvpckrqxtbgyprbgppjfqmimmmfw/Build/Intermediates.noindex/SwiftExplicitPrecompiledModules/FirebaseAuthInterop-EJ8MWPON463NVXN56MIKK2OLR.pcm

SwiftExplicitDependencyGeneratePcm arm64 /Users/siam/Library/Developer/Xcode/DerivedData/Lingua_Quest-gvpckrqxtbgyprbgppjfqmimmmfw/Build/Intermediates.noindex/SwiftExplicitPrecompiledModules/FirebaseCore-AUAGPHK7I8JFFE9L731J49080.pcm

SwiftExplicitDependencyGeneratePcm x86_64 /Users/siam/Library/Developer/Xcode/DerivedData/Lingua_Quest-gvpckrqxtbgyprbgppjfqmimmmfw/Build/Intermediates.noindex/SwiftExplicitPrecompiledModules/FirebaseAuthInterop-6XVWALIC4QJEQDHZSP79ZFNRJ.pcm

SwiftExplicitDependencyGeneratePcm x86_64 /Users/siam/Library/Developer/Xcode/DerivedData/Lingua_Quest-gvpckrqxtbgyprbgppjfqmimmmfw/Build/Intermediates.noindex/SwiftExplicitPrecompiledModules/GoogleUtilities_NSData-92XT7WQ5PMH18X5KNY6V7T6AF.pcm

SwiftExplicitDependencyGeneratePcm x86_64 /Users/siam/Library/Developer/Xcode/DerivedData/Lingua_Quest-gvpckrqxtbgyprbgppjfqmimmmfw/Build/Intermediates.noindex/SwiftExplicitPrecompiledModules/GoogleUtilities_Environment-4QY9KVTZCPYV16J5WQHBWV69S.pcm

SwiftExplicitDependencyGeneratePcm x86_64 /Users/siam/Library/Developer/Xcode/DerivedData/Lingua_Quest-gvpckrqxtbgyprbgppjfqmimmmfw/Build/Intermediates.noindex/SwiftExplicitPrecompiledModules/RecaptchaInterop-ETI4RDR4PM9LKRSYDB12I7BOC.pcm

SwiftExplicitDependencyGeneratePcm x86_64 /Users/siam/Library/Developer/Xcode/DerivedData/Lingua_Quest-gvpckrqxtbgyprbgppjfqmimmmfw/Build/Intermediates.noindex/SwiftExplicitPrecompiledModules/GoogleUtilities_AppDelegateSwizzler-1T3PRF6REKF3D8R6FE6E3TWH5.pcm

SwiftExplicitDependencyGeneratePcm x86_64 /Users/siam/Library/Developer/Xcode/DerivedData/Lingua_Quest-gvpckrqxtbgyprbgppjfqmimmmfw/Build/Intermediates.noindex/SwiftExplicitPrecompiledModules/FirebaseAuthInternal-2OU2GU9AJJW2SIGQTZXU7BQCX.pcm

SwiftExplicitDependencyGeneratePcm x86_64 /Users/siam/Library/Developer/Xcode/DerivedData/Lingua_Quest-gvpckrqxtbgyprbgppjfqmimmmfw/Build/Intermediates.noindex/SwiftExplicitPrecompiledModules/FirebaseCore-99BL7UKCJH66U5EH3N7VUUBBU.pcm

SwiftExplicitDependencyGeneratePcm arm64 /Users/siam/Library/Developer/Xcode/DerivedData/Lingua_Quest-gvpckrqxtbgyprbgppjfqmimmmfw/Build/Intermediates.noindex/SwiftExplicitPrecompiledModules/FirebaseCoreExtension-LIW1JGLSKM1V54Z1TQBPB5JH.pcm

SwiftExplicitDependencyGeneratePcm x86_64 /Users/siam/Library/Developer/Xcode/DerivedData/Lingua_Quest-gvpckrqxtbgyprbgppjfqmimmmfw/Build/Intermediates.noindex/SwiftExplicitPrecompiledModules/GTMSessionFetcherCore-85FQUNQNMY6YGFHF4FPLK8CUD.pcm

SwiftExplicitDependencyGeneratePcm arm64 /Users/siam/Library/Developer/Xcode/DerivedData/Lingua_Quest-gvpckrqxtbgyprbgppjfqmimmmfw/Build/Intermediates.noindex/SwiftExplicitPrecompiledModules/GoogleUtilities_Environment-DGGP5DOAYFQKXMNNN8FZQX58I.pcm

SwiftExplicitDependencyGeneratePcm x86_64 /Users/siam/Library/Developer/Xcode/DerivedData/Lingua_Quest-gvpckrqxtbgyprbgppjfqmimmmfw/Build/Intermediates.noindex/SwiftExplicitPrecompiledModules/FirebaseFirestoreInternalWrapper-7M3P3BAT0C8CBFD0MKLWHA220.pcm

SwiftExplicitDependencyGeneratePcm x86_64 /Users/siam/Library/Developer/Xcode/DerivedData/Lingua_Quest-gvpckrqxtbgyprbgppjfqmimmmfw/Build/Intermediates.noindex/SwiftExplicitPrecompiledModules/FirebaseAppCheckInterop-7ZOL2UXSF1DM04ZRBPM4STSWT.pcm

SwiftExplicitDependencyGeneratePcm x86_64 /Users/siam/Library/Developer/Xcode/DerivedData/Lingua_Quest-gvpckrqxtbgyprbgppjfqmimmmfw/Build/Intermediates.noindex/SwiftExplicitPrecompiledModules/FirebaseAppCheck-37ER8TH6Z25OJEEOH9WOXAMN9.pcm

SwiftExplicitDependencyGeneratePcm arm64 /Users/siam/Library/Developer/Xcode/DerivedData/Lingua_Quest-gvpckrqxtbgyprbgppjfqmimmmfw/Build/Intermediates.noindex/SwiftExplicitPrecompiledModules/GoogleSignIn-3GFC4P1JT56L4LFFW4YEI0X21.pcm

SwiftDriverJobDiscovery normal x86_64 Compiling GenerateContentError.swift, GenerateContentRequest.swift, GenerateContentResponse.swift, GenerationConfig.swift, GenerativeAIRequest.swift, GenerativeAIService.swift, GenerativeModel.swift, GenerativeModelSession.swift, History.swift, JSONValue.swift, ModalityTokenCount.swift, ModelContent.swift (in target 'FirebaseAILogic' from project 'Firebase')

SwiftExplicitDependencyGeneratePcm x86_64 /Users/siam/Library/Developer/Xcode/DerivedData/Lingua_Quest-gvpckrqxtbgyprbgppjfqmimmmfw/Build/Intermediates.noindex/SwiftExplicitPrecompiledModules/FirebaseCoreExtension-BOITD93ATKHGHOVCR6U7N2428.pcm

SwiftDriver\ Compilation FirebaseAILogic normal x86_64 com.apple.xcode.tools.swift.compiler (in target 'FirebaseAILogic' from project 'Firebase')
    cd /Users/siam/Desktop/Lingua\ Quest/Lingua\ Quest.xcodeproj
    builtin-Swift-Compilation -- /Applications/Xcode.app/Contents/Developer/Toolchains/XcodeDefault.xctoolchain/usr/bin/swiftc -module-name FirebaseAILogic -Onone -enforce-exclusivity\=checked @/Users/siam/Library/Developer/Xcode/DerivedData/Lingua_Quest-gvpckrqxtbgyprbgppjfqmimmmfw/Build/Intermediates.noindex/Firebase.build/Debug-iphonesimulator/FirebaseAILogic.build/Objects-normal/x86_64/FirebaseAILogic.SwiftFileList -DSWIFT_PACKAGE -DDEBUG -DSWIFT_MODULE_RESOURCE_BUNDLE_UNAVAILABLE -DIS_FOUNDATION_MODELS_SUPPORTED_PLATFORM -Xcc -fmodule-map-file\=/Users/siam/Library/Developer/Xcode/DerivedData/Lingua_Quest-gvpckrqxtbgyprbgppjfqmimmmfw/Build/Intermediates.noindex/GeneratedModuleMaps-iphonesimulator/GoogleUtilities-NSData.modulemap -Xcc -fmodule-map-file\=/Users/siam/Library/Developer/Xcode/DerivedData/Lingua_Quest-gvpckrqxtbgyprbgppjfqmimmmfw/Build/Intermediates.noindex/GeneratedModuleMaps-iphonesimulator/RecaptchaInterop.modulemap -Xcc -fmodule-map-file\=/Users/siam/Library/Developer/Xcode/DerivedData/Lingua_Quest-gvpckrqxtbgyprbgppjfqmimmmfw/Build/Intermediates.noindex/GeneratedModuleMaps-iphonesimulator/AppCheckCore.modulemap -Xcc -fmodule-map-file\=/Users/siam/Library/Developer/Xcode/DerivedData/Lingua_Quest-gvpckrqxtbgyprbgppjfqmimmmfw/Build/Intermediates.noindex/GeneratedModuleMaps-iphonesimulator/GoogleUtilities-Logger.modulemap -Xcc -fmodule-map-file\=/Users/siam/Library/Developer/Xcode/DerivedData/Lingua_Quest-gvpckrqxtbgyprbgppjfqmimmmfw/Build/Intermediates.noindex/GeneratedModuleMaps-iphonesimulator/GoogleUtilities-Environment.modulemap -Xcc -fmodule-map-file\=/Users/siam/Library/Developer/Xcode/DerivedData/Lingua_Quest-gvpckrqxtbgyprbgppjfqmimmmfw/Build/Intermediates.noindex/GeneratedModuleMaps-iphonesimulator/third-party-IsAppEncrypted.modulemap -Xcc -fmodule-map-file\=/Users/siam/Library/Developer/Xcode/DerivedData/Lingua_Quest-gvpckrqxtbgyprbgppjfqmimmmfw/Build/Intermediates.noindex/GeneratedModuleMaps-iphonesimulator/GoogleUtilities-UserDefaults.modulemap -Xcc -fmodule-map-file\=/Users/siam/Library/Developer/Xcode/DerivedData/Lingua_Quest-gvpckrqxtbgyprbgppjfqmimmmfw/Build/Intermediates.noindex/GeneratedModuleMaps-iphonesimulator/FirebaseCoreExtension.modulemap -Xcc -fmodule-map-file\=/Users/siam/Library/Developer/Xcode/DerivedData/Lingua_Quest-gvpckrqxtbgyprbgppjfqmimmmfw/Build/Intermediates.noindex/GeneratedModuleMaps-iphonesimulator/FirebaseAuthInterop.modulemap -Xcc -fmodule-map-file\=/Users/siam/Library/Developer/Xcode/DerivedData/Lingua_Quest-gvpckrqxtbgyprbgppjfqmimmmfw/Build/Intermediates.noindex/GeneratedModuleMaps-iphonesimulator/FirebaseAppCheck.modulemap -Xcc -fmodule-map-file\=/Users/siam/Library/Developer/Xcode/DerivedData/Lingua_Quest-gvpckrqxtbgyprbgppjfqmimmmfw/Build/Intermediates.noindex/GeneratedModuleMaps-iphonesimulator/FirebaseCore.modulemap -Xcc -fmodule-map-file\=/Users/siam/Library/Developer/Xcode/DerivedData/Lingua_Quest-gvpckrqxtbgyprbgppjfqmimmmfw/Build/Intermediates.noindex/GeneratedModuleMaps-iphonesimulator/FirebaseAppCheckInterop.modulemap -DXcode -plugin-path /Applications/Xcode.app/Contents/Developer/Toolchains/XcodeDefault.xctoolchain/usr/lib/swift/host/plugins/testing -enable-experimental-feature DebugDescriptionMacro -sdk /Applications/Xcode.app/Contents/Developer/Platforms/iPhoneSimulator.platform/Developer/SDKs/iPhoneSimulator26.0.sdk -target x86_64-apple-ios15.0-simulator -g -module-cache-path /Users/siam/Library/Developer/Xcode/DerivedData/ModuleCache.noindex -Xfrontend -serialize-debugging-options -profile-coverage-mapping -profile-generate -enable-testing -suppress-warnings -index-store-path /Users/siam/Library/Developer/Xcode/DerivedData/Lingua_Quest-gvpckrqxtbgyprbgppjfqmimmmfw/Index.noindex/DataStore -Xcc -D_LIBCPP_HARDENING_MODE\=_LIBCPP_HARDENING_MODE_DEBUG -swift-version 6 -I /Users/siam/Library/Developer/Xcode/DerivedData/Lingua_Quest-gvpckrqxtbgyprbgppjfqmimmmfw/Build/Products/Debug-iphonesimulator -Isystem /Applications/Xcode.app/Contents/Developer/Platforms/iPhoneSimulator.platform/Developer/usr/lib -F /Users/siam/Library/Developer/Xcode/DerivedData/Lingua_Quest-gvpckrqxtbgyprbgppjfqmimmmfw/Build/Products/Debug-iphonesimulator/PackageFrameworks -F /Users/siam/Library/Developer/Xcode/DerivedData/Lingua_Quest-gvpckrqxtbgyprbgppjfqmimmmfw/Build/Products/Debug-iphonesimulator/PackageFrameworks -F /Users/siam/Library/Developer/Xcode/DerivedData/Lingua_Quest-gvpckrqxtbgyprbgppjfqmimmmfw/Build/Products/Debug-iphonesimulator/PackageFrameworks -F /Users/siam/Library/Developer/Xcode/DerivedData/Lingua_Quest-gvpckrqxtbgyprbgppjfqmimmmfw/Build/Products/Debug-iphonesimulator/PackageFrameworks -F /Users/siam/Library/Developer/Xcode/DerivedData/Lingua_Quest-gvpckrqxtbgyprbgppjfqmimmmfw/Build/Products/Debug-iphonesimulator/PackageFrameworks -F /Users/siam/Library/Developer/Xcode/DerivedData/Lingua_Quest-gvpckrqxtbgyprbgppjfqmimmmfw/Build/Products/Debug-iphonesimulator/PackageFrameworks -F /Users/siam/Library/Developer/Xcode/DerivedData/Lingua_Quest-gvpckrqxtbgyprbgppjfqmimmmfw/Build/Products/Debug-iphonesimulator/PackageFrameworks -F /Users/siam/Library/Developer/Xcode/DerivedData/Lingua_Quest-gvpckrqxtbgyprbgppjfqmimmmfw/Build/Products/Debug-iphonesimulator/PackageFrameworks -F /Users/siam/Library/Developer/Xcode/DerivedData/Lingua_Quest-gvpckrqxtbgyprbgppjfqmimmmfw/Build/Products/Debug-iphonesimulator/PackageFrameworks -F /Users/siam/Library/Developer/Xcode/DerivedData/Lingua_Quest-gvpckrqxtbgyprbgppjfqmimmmfw/Build/Products/Debug-iphonesimulator/PackageFrameworks -F /Users/siam/Library/Developer/Xcode/DerivedData/Lingua_Quest-gvpckrqxtbgyprbgppjfqmimmmfw/Build/Products/Debug-iphonesimulator/PackageFrameworks -F /Users/siam/Library/Developer/Xcode/DerivedData/Lingua_Quest-gvpckrqxtbgyprbgppjfqmimmmfw/Build/Products/Debug-iphonesimulator/PackageFrameworks -F /Users/siam/Library/Developer/Xcode/DerivedData/Lingua_Quest-gvpckrqxtbgyprbgppjfqmimmmfw/Build/Products/Debug-iphonesimulator/PackageFrameworks -F /Users/siam/Library/Developer/Xcode/DerivedData/Lingua_Quest-gvpckrqxtbgyprbgppjfqmimmmfw/Build/Products/Debug-iphonesimulator/PackageFrameworks -F /Users/siam/Library/Developer/Xcode/DerivedData/Lingua_Quest-gvpckrqxtbgyprbgppjfqmimmmfw/Build/Products/Debug-iphonesimulator/PackageFrameworks -F /Users/siam/Library/Developer/Xcode/DerivedData/Lingua_Quest-gvpckrqxtbgyprbgppjfqmimmmfw/Build/Products/Debug-iphonesimulator/PackageFrameworks -F /Users/siam/Library/Developer/Xcode/DerivedData/Lingua_Quest-gvpckrqxtbgyprbgppjfqmimmmfw/Build/Products/Debug-iphonesimulator/PackageFrameworks -F /Users/siam/Library/Developer/Xcode/DerivedData/Lingua_Quest-gvpckrqxtbgyprbgppjfqmimmmfw/Build/Products/Debug-iphonesimulator -F /Applications/Xcode.app/Contents/Developer/Platforms/iPhoneSimulator.platform/Developer/Library/Frameworks -F /Applications/Xcode.app/Contents/Developer/Platforms/iPhoneSimulator.platform/Developer/SDKs/iPhoneSimulator26.0.sdk/Developer/Library/Frameworks -c -j12 -enable-batch-mode -incremental -Xcc -ivfsstatcache -Xcc /Users/siam/Library/Developer/Xcode/DerivedData/SDKStatCaches.noindex/iphonesimulator26.0-23A339-26257891a6c027eb51374368541b8346.sdkstatcache -output-file-map /Users/siam/Library/Developer/Xcode/DerivedData/Lingua_Quest-gvpckrqxtbgyprbgppjfqmimmmfw/Build/Intermediates.noindex/Firebase.build/Debug-iphonesimulator/FirebaseAILogic.build/Objects-normal/x86_64/FirebaseAILogic-OutputFileMap.json -use-frontend-parseable-output -save-temps -no-color-diagnostics -explicit-module-build -module-cache-path /Users/siam/Library/Developer/Xcode/DerivedData/Lingua_Quest-gvpckrqxtbgyprbgppjfqmimmmfw/Build/Intermediates.noindex/SwiftExplicitPrecompiledModules -clang-scanner-module-cache-path /Users/siam/Library/Developer/Xcode/DerivedData/ModuleCache.noindex -sdk-module-cache-path /Users/siam/Library/Developer/Xcode/DerivedData/ModuleCache.noindex -serialize-diagnostics -emit-dependencies -emit-module -emit-module-path /Users/siam/Library/Developer/Xcode/DerivedData/Lingua_Quest-gvpckrqxtbgyprbgppjfqmimmmfw/Build/Intermediates.noindex/Firebase.build/Debug-iphonesimulator/FirebaseAILogic.build/Objects-normal/x86_64/FirebaseAILogic.swiftmodule -user-module-version 12.16.0 -validate-clang-modules-once -clang-build-session-file /Users/siam/Library/Developer/Xcode/DerivedData/ModuleCache.noindex/Session.modulevalidation -package-name firebase_ios_sdk -Xcc -I/Users/siam/Library/Developer/Xcode/DerivedData/Lingua_Quest-gvpckrqxtbgyprbgppjfqmimmmfw/Build/Intermediates.noindex/Firebase.build/Debug-iphonesimulator/FirebaseAILogic.build/swift-overrides.hmap -emit-const-values -Xfrontend -const-gather-protocols-file -Xfrontend /Users/siam/Library/Developer/Xcode/DerivedData/Lingua_Quest-gvpckrqxtbgyprbgppjfqmimmmfw/Build/Intermediates.noindex/Firebase.build/Debug-iphonesimulator/FirebaseAILogic.build/Objects-normal/x86_64/FirebaseAILogic_const_extract_protocols.json -Xcc -I/Users/siam/Library/Developer/Xcode/DerivedData/Lingua_Quest-gvpckrqxtbgyprbgppjfqmimmmfw/SourcePackages/checkouts/GoogleUtilities/GoogleUtilities/NSData+zlib/Public -Xcc -I/Users/siam/Library/Developer/Xcode/DerivedData/Lingua_Quest-gvpckrqxtbgyprbgppjfqmimmmfw/SourcePackages/checkouts/interop-ios-for-google-sdks/RecaptchaEnterprise/RecaptchaInterop/Public -Xcc -I/Users/siam/Library/Developer/Xcode/DerivedData/Lingua_Quest-gvpckrqxtbgyprbgppjfqmimmmfw/SourcePackages/checkouts/promises/Sources/FBLPromises/include -Xcc -I/Users/siam/Library/Developer/Xcode/DerivedData/Lingua_Quest-gvpckrqxtbgyprbgppjfqmimmmfw/SourcePackages/checkouts/app-check/AppCheckCore/Sources/Public -Xcc -I/Users/siam/Library/Developer/Xcode/DerivedData/Lingua_Quest-gvpckrqxtbgyprbgppjfqmimmmfw/SourcePackages/checkouts/GoogleUtilities/GoogleUtilities/Logger/Public -Xcc -I/Users/siam/Library/Developer/Xcode/DerivedData/Lingua_Quest-gvpckrqxtbgyprbgppjfqmimmmfw/SourcePackages/checkouts/GoogleUtilities/GoogleUtilities/Environment/Public -Xcc -I/Users/siam/Library/Developer/Xcode/DerivedData/Lingua_Quest-gvpckrqxtbgyprbgppjfqmimmmfw/SourcePackages/checkouts/GoogleUtilities/third_party/IsAppEncrypted/Public -Xcc -I/Users/siam/Library/Developer/Xcode/DerivedData/Lingua_Quest-gvpckrqxtbgyprbgppjfqmimmmfw/SourcePackages/checkouts/GoogleUtilities/GoogleUtilities/UserDefaults/Public -Xcc -I/Users/siam/Library/Developer/Xcode/DerivedData/Lingua_Quest-gvpckrqxtbgyprbgppjfqmimmmfw/SourcePackages/checkouts/firebase-ios-sdk/FirebaseCore/Extension -Xcc -I/Users/siam/Library/Developer/Xcode/DerivedData/Lingua_Quest-gvpckrqxtbgyprbgppjfqmimmmfw/SourcePackages/checkouts/firebase-ios-sdk/FirebaseAuth/Interop/Public -Xcc -I/Users/siam/Library/Developer/Xcode/DerivedData/Lingua_Quest-gvpckrqxtbgyprbgppjfqmimmmfw/SourcePackages/checkouts/firebase-ios-sdk/FirebaseAppCheck/Sources/Public -Xcc -I/Users/siam/Library/Developer/Xcode/DerivedData/Lingua_Quest-gvpckrqxtbgyprbgppjfqmimmmfw/SourcePackages/checkouts/firebase-ios-sdk/FirebaseCore/Sources/Public -Xcc -I/Users/siam/Library/Developer/Xcode/DerivedData/Lingua_Quest-gvpckrqxtbgyprbgppjfqmimmmfw/SourcePackages/checkouts/firebase-ios-sdk/CoreOnly/Sources -Xcc -I/Users/siam/Library/Developer/Xcode/DerivedData/Lingua_Quest-gvpckrqxtbgyprbgppjfqmimmmfw/SourcePackages/checkouts/firebase-ios-sdk/FirebaseAppCheck/Interop/Public -Xcc -I/Users/siam/Library/Developer/Xcode/DerivedData/Lingua_Quest-gvpckrqxtbgyprbgppjfqmimmmfw/Build/Products/Debug-iphonesimulator/include -Xcc -I/Users/siam/Library/Developer/Xcode/DerivedData/Lingua_Quest-gvpckrqxtbgyprbgppjfqmimmmfw/Build/Intermediates.noindex/Firebase.build/Debug-iphonesimulator/FirebaseAILogic.build/DerivedSources-normal/x86_64 -Xcc -I/Users/siam/Library/Developer/Xcode/DerivedData/Lingua_Quest-gvpckrqxtbgyprbgppjfqmimmmfw/Build/Intermediates.noindex/Firebase.build/Debug-iphonesimulator/FirebaseAILogic.build/DerivedSources/x86_64 -Xcc -I/Users/siam/Library/Developer/Xcode/DerivedData/Lingua_Quest-gvpckrqxtbgyprbgppjfqmimmmfw/Build/Intermediates.noindex/Firebase.build/Debug-iphonesimulator/FirebaseAILogic.build/DerivedSources -Xcc -DSWIFT_PACKAGE -Xcc -DDEBUG\=1 -emit-objc-header -emit-objc-header-path /Users/siam/Library/Developer/Xcode/DerivedData/Lingua_Quest-gvpckrqxtbgyprbgppjfqmimmmfw/Build/Intermediates.noindex/Firebase.build/Debug-iphonesimulator/FirebaseAILogic.build/Objects-normal/x86_64/FirebaseAILogic-Swift.h -working-directory /Users/siam/Desktop/Lingua\ Quest/Lingua\ Quest.xcodeproj -experimental-emit-module-separately -disable-cmo

Ld /Users/siam/Library/Developer/Xcode/DerivedData/Lingua_Quest-gvpckrqxtbgyprbgppjfqmimmmfw/Build/Intermediates.noindex/Firebase.build/Debug-iphonesimulator/FirebaseAILogic.build/Objects-normal/x86_64/Binary/FirebaseAILogic.o normal x86_64 (in target 'FirebaseAILogic' from project 'Firebase')
    cd /Users/siam/Library/Developer/Xcode/DerivedData/Lingua_Quest-gvpckrqxtbgyprbgppjfqmimmmfw/SourcePackages/checkouts/firebase-ios-sdk
    /Applications/Xcode.app/Contents/Developer/Toolchains/XcodeDefault.xctoolchain/usr/bin/clang -Xlinker -reproducible -target x86_64-apple-ios15.0-simulator -r -isysroot /Applications/Xcode.app/Contents/Developer/Platforms/iPhoneSimulator.platform/Developer/SDKs/iPhoneSimulator26.0.sdk -O0 -w -L/Users/siam/Library/Developer/Xcode/DerivedData/Lingua_Quest-gvpckrqxtbgyprbgppjfqmimmmfw/Build/Intermediates.noindex/EagerLinkingTBDs/Debug-iphonesimulator -L/Users/siam/Library/Developer/Xcode/DerivedData/Lingua_Quest-gvpckrqxtbgyprbgppjfqmimmmfw/Build/Products/Debug-iphonesimulator -L/Applications/Xcode.app/Contents/Developer/Platforms/iPhoneSimulator.platform/Developer/usr/lib -F/Users/siam/Library/Developer/Xcode/DerivedData/Lingua_Quest-gvpckrqxtbgyprbgppjfqmimmmfw/Build/Intermediates.noindex/EagerLinkingTBDs/Debug-iphonesimulator -F/Users/siam/Library/Developer/Xcode/DerivedData/Lingua_Quest-gvpckrqxtbgyprbgppjfqmimmmfw/Build/Products/Debug-iphonesimulator/PackageFrameworks -F/Users/siam/Library/Developer/Xcode/DerivedData/Lingua_Quest-gvpckrqxtbgyprbgppjfqmimmmfw/Build/Products/Debug-iphonesimulator/PackageFrameworks -F/Users/siam/Library/Developer/Xcode/DerivedData/Lingua_Quest-gvpckrqxtbgyprbgppjfqmimmmfw/Build/Products/Debug-iphonesimulator/PackageFrameworks -F/Users/siam/Library/Developer/Xcode/DerivedData/Lingua_Quest-gvpckrqxtbgyprbgppjfqmimmmfw/Build/Products/Debug-iphonesimulator/PackageFrameworks -F/Users/siam/Library/Developer/Xcode/DerivedData/Lingua_Quest-gvpckrqxtbgyprbgppjfqmimmmfw/Build/Products/Debug-iphonesimulator/PackageFrameworks -F/Users/siam/Library/Developer/Xcode/DerivedData/Lingua_Quest-gvpckrqxtbgyprbgppjfqmimmmfw/Build/Products/Debug-iphonesimulator/PackageFrameworks -F/Users/siam/Library/Developer/Xcode/DerivedData/Lingua_Quest-gvpckrqxtbgyprbgppjfqmimmmfw/Build/Products/Debug-iphonesimulator/PackageFrameworks -F/Users/siam/Library/Developer/Xcode/DerivedData/Lingua_Quest-gvpckrqxtbgyprbgppjfqmimmmfw/Build/Products/Debug-iphonesimulator/PackageFrameworks -F/Users/siam/Library/Developer/Xcode/DerivedData/Lingua_Quest-gvpckrqxtbgyprbgppjfqmimmmfw/Build/Products/Debug-iphonesimulator/PackageFrameworks -F/Users/siam/Library/Developer/Xcode/DerivedData/Lingua_Quest-gvpckrqxtbgyprbgppjfqmimmmfw/Build/Products/Debug-iphonesimulator/PackageFrameworks -F/Users/siam/Library/Developer/Xcode/DerivedData/Lingua_Quest-gvpckrqxtbgyprbgppjfqmimmmfw/Build/Products/Debug-iphonesimulator/PackageFrameworks -F/Users/siam/Library/Developer/Xcode/DerivedData/Lingua_Quest-gvpckrqxtbgyprbgppjfqmimmmfw/Build/Products/Debug-iphonesimulator/PackageFrameworks -F/Users/siam/Library/Developer/Xcode/DerivedData/Lingua_Quest-gvpckrqxtbgyprbgppjfqmimmmfw/Build/Products/Debug-iphonesimulator/PackageFrameworks -F/Users/siam/Library/Developer/Xcode/DerivedData/Lingua_Quest-gvpckrqxtbgyprbgppjfqmimmmfw/Build/Products/Debug-iphonesimulator/PackageFrameworks -F/Users/siam/Library/Developer/Xcode/DerivedData/Lingua_Quest-gvpckrqxtbgyprbgppjfqmimmmfw/Build/Products/Debug-iphonesimulator/PackageFrameworks -F/Users/siam/Library/Developer/Xcode/DerivedData/Lingua_Quest-gvpckrqxtbgyprbgppjfqmimmmfw/Build/Products/Debug-iphonesimulator/PackageFrameworks -F/Users/siam/Library/Developer/Xcode/DerivedData/Lingua_Quest-gvpckrqxtbgyprbgppjfqmimmmfw/Build/Products/Debug-iphonesimulator/PackageFrameworks -F/Users/siam/Library/Developer/Xcode/DerivedData/Lingua_Quest-gvpckrqxtbgyprbgppjfqmimmmfw/Build/Products/Debug-iphonesimulator -iframework /Applications/Xcode.app/Contents/Developer/Platforms/iPhoneSimulator.platform/Developer/Library/Frameworks -iframework /Applications/Xcode.app/Contents/Developer/Platforms/iPhoneSimulator.platform/Developer/SDKs/iPhoneSimulator26.0.sdk/Developer/Library/Frameworks -filelist /Users/siam/Library/Developer/Xcode/DerivedData/Lingua_Quest-gvpckrqxtbgyprbgppjfqmimmmfw/Build/Intermediates.noindex/Firebase.build/Debug-iphonesimulator/FirebaseAILogic.build/Objects-normal/x86_64/FirebaseAILogic.LinkFileList -nostdlib -Xlinker -object_path_lto -Xlinker /Users/siam/Library/Developer/Xcode/DerivedData/Lingua_Quest-gvpckrqxtbgyprbgppjfqmimmmfw/Build/Intermediates.noindex/Firebase.build/Debug-iphonesimulator/FirebaseAILogic.build/Objects-normal/x86_64/FirebaseAILogic_lto.o -rdynamic -Xlinker -no_deduplicate -Xlinker -objc_abi_version -Xlinker 2 -Xlinker -debug_variant -Xlinker -dependency_info -Xlinker /Users/siam/Library/Developer/Xcode/DerivedData/Lingua_Quest-gvpckrqxtbgyprbgppjfqmimmmfw/Build/Intermediates.noindex/Firebase.build/Debug-iphonesimulator/FirebaseAILogic.build/Objects-normal/x86_64/FirebaseAILogic_dependency_info.dat -fobjc-link-runtime -L/Applications/Xcode.app/Contents/Developer/Toolchains/XcodeDefault.xctoolchain/usr/lib/swift/iphonesimulator -L/usr/lib/swift -Xlinker -add_ast_path -Xlinker /Users/siam/Library/Developer/Xcode/DerivedData/Lingua_Quest-gvpckrqxtbgyprbgppjfqmimmmfw/Build/Intermediates.noindex/Firebase.build/Debug-iphonesimulator/FirebaseAILogic.build/Objects-normal/x86_64/FirebaseAILogic.swiftmodule @/Users/siam/Library/Developer/Xcode/DerivedData/Lingua_Quest-gvpckrqxtbgyprbgppjfqmimmmfw/Build/Intermediates.noindex/Firebase.build/Debug-iphonesimulator/FirebaseAILogic.build/Objects-normal/x86_64/FirebaseAILogic-linker-args.resp -o /Users/siam/Library/Developer/Xcode/DerivedData/Lingua_Quest-gvpckrqxtbgyprbgppjfqmimmmfw/Build/Intermediates.noindex/Firebase.build/Debug-iphonesimulator/FirebaseAILogic.build/Objects-normal/x86_64/Binary/FirebaseAILogic.o

SwiftExplicitDependencyGeneratePcm arm64 /Users/siam/Library/Developer/Xcode/DerivedData/Lingua_Quest-gvpckrqxtbgyprbgppjfqmimmmfw/Build/Intermediates.noindex/SwiftExplicitPrecompiledModules/FirebaseFirestoreInternalWrapper-69YTTROUU650PYJBBVXHQ8YBG.pcm

SwiftExplicitDependencyGeneratePcm x86_64 /Users/siam/Library/Developer/Xcode/DerivedData/Lingua_Quest-gvpckrqxtbgyprbgppjfqmimmmfw/Build/Intermediates.noindex/SwiftExplicitPrecompiledModules/GoogleSignIn-7PFBFZUSL3QKOC3RJX0K3DBL1.pcm

CreateUniversalBinary /Users/siam/Library/Developer/Xcode/DerivedData/Lingua_Quest-gvpckrqxtbgyprbgppjfqmimmmfw/Build/Products/Debug-iphonesimulator/FirebaseAILogic.o normal arm64\ x86_64 (in target 'FirebaseAILogic' from project 'Firebase')
    cd /Users/siam/Library/Developer/Xcode/DerivedData/Lingua_Quest-gvpckrqxtbgyprbgppjfqmimmmfw/SourcePackages/checkouts/firebase-ios-sdk
    /Applications/Xcode.app/Contents/Developer/Toolchains/XcodeDefault.xctoolchain/usr/bin/lipo -create /Users/siam/Library/Developer/Xcode/DerivedData/Lingua_Quest-gvpckrqxtbgyprbgppjfqmimmmfw/Build/Intermediates.noindex/Firebase.build/Debug-iphonesimulator/FirebaseAILogic.build/Objects-normal/arm64/Binary/FirebaseAILogic.o /Users/siam/Library/Developer/Xcode/DerivedData/Lingua_Quest-gvpckrqxtbgyprbgppjfqmimmmfw/Build/Intermediates.noindex/Firebase.build/Debug-iphonesimulator/FirebaseAILogic.build/Objects-normal/x86_64/Binary/FirebaseAILogic.o -output /Users/siam/Library/Developer/Xcode/DerivedData/Lingua_Quest-gvpckrqxtbgyprbgppjfqmimmmfw/Build/Products/Debug-iphonesimulator/FirebaseAILogic.o

SwiftCompile normal arm64 Compiling\ WordInsightRepositoryImpl.swift,\ AIWordInsightEntity.swift,\ WordCardEntity.swift,\ WordInsightRepositoryProtocol.swift,\ GetWordInsightUseCase.swift,\ WordInsightError.swift,\ InsightSectionConfig.swift,\ WordInsightViewModel.swift,\ CategoryBadge.swift,\ InsightSectionCard.swift,\ LanguagePairBadge.swift,\ SpeakButton.swift,\ WordHeroCard.swift,\ WordInsightTopBar.swift,\ WordInsightContentView.swift,\ WordInsightView.swift,\ WorldDifficulty.swift,\ WorldUIMapper.swift,\ WorldUIModel.swift,\ WorldCardView.swift,\ SwiftDataManager.swift,\ GalleryAssembly.swift,\ GeneratedAssetSymbols.swift /Users/siam/Desktop/Lingua\ Quest/Lingua\ Quest/Modules/WordInsight/Data/Repository/WordInsightRepositoryImpl.swift /Users/siam/Desktop/Lingua\ Quest/Lingua\ Quest/Modules/WordInsight/Domain/Entities/AIWordInsightEntity.swift /Users/siam/Desktop/Lingua\ Quest/Lingua\ Quest/Modules/WordInsight/Domain/Entities/WordCardEntity.swift /Users/siam/Desktop/Lingua\ Quest/Lingua\ Quest/Modules/WordInsight/Domain/Repository/WordInsightRepositoryProtocol.swift /Users/siam/Desktop/Lingua\ Quest/Lingua\ Quest/Modules/WordInsight/Domain/UseCases/GetWordInsightUseCase.swift /Users/siam/Desktop/Lingua\ Quest/Lingua\ Quest/Modules/WordInsight/Domain/WordInsightError.swift /Users/siam/Desktop/Lingua\ Quest/Lingua\ Quest/Modules/WordInsight/Presentation/UIModels/InsightSectionConfig.swift /Users/siam/Desktop/Lingua\ Quest/Lingua\ Quest/Modules/WordInsight/Presentation/ViewModels/WordInsightViewModel.swift /Users/siam/Desktop/Lingua\ Quest/Lingua\ Quest/Modules/WordInsight/Presentation/Views/Components/CategoryBadge.swift /Users/siam/Desktop/Lingua\ Quest/Lingua\ Quest/Modules/WordInsight/Presentation/Views/Components/InsightSectionCard.swift /Users/siam/Desktop/Lingua\ Quest/Lingua\ Quest/Modules/WordInsight/Presentation/Views/Components/LanguagePairBadge.swift /Users/siam/Desktop/Lingua\ Quest/Lingua\ Quest/Modules/WordInsight/Presentation/Views/Components/SpeakButton.swift /Users/siam/Desktop/Lingua\ Quest/Lingua\ Quest/Modules/WordInsight/Presentation/Views/Components/WordHeroCard.swift /Users/siam/Desktop/Lingua\ Quest/Lingua\ Quest/Modules/WordInsight/Presentation/Views/Components/WordInsightTopBar.swift /Users/siam/Desktop/Lingua\ Quest/Lingua\ Quest/Modules/WordInsight/Presentation/Views/WordInsightContentView.swift /Users/siam/Desktop/Lingua\ Quest/Lingua\ Quest/Modules/WordInsight/Presentation/Views/WordInsightView.swift /Users/siam/Desktop/Lingua\ Quest/Lingua\ Quest/Modules/Worlds/Domain/Entities/WorldDifficulty.swift /Users/siam/Desktop/Lingua\ Quest/Lingua\ Quest/Modules/Worlds/Presentation/Mappers/WorldUIMapper.swift /Users/siam/Desktop/Lingua\ Quest/Lingua\ Quest/Modules/Worlds/Presentation/UIModels/WorldUIModel.swift /Users/siam/Desktop/Lingua\ Quest/Lingua\ Quest/Modules/Worlds/Presentation/Views/Components/WorldCardView.swift /Users/siam/Desktop/Lingua\ Quest/Lingua\ Quest/Core/Storage/SwiftDataManager.swift /Users/siam/Desktop/Lingua\ Quest/Lingua\ Quest/Core/DI/GalleryAssembly.swift /Users/siam/Library/Developer/Xcode/DerivedData/Lingua_Quest-gvpckrqxtbgyprbgppjfqmimmmfw/Build/Intermediates.noindex/Lingua\ Quest.build/Debug-iphonesimulator/Lingua\ Quest.build/DerivedSources/GeneratedAssetSymbols.swift (in target 'Lingua Quest' from project 'Lingua Quest')
SwiftCompile normal arm64 /Users/siam/Desktop/Lingua\ Quest/Lingua\ Quest/Modules/WordInsight/Data/Repository/WordInsightRepositoryImpl.swift (in target 'Lingua Quest' from project 'Lingua Quest')
    cd /Users/siam/Desktop/Lingua\ Quest
    

SwiftCompile normal arm64 /Users/siam/Desktop/Lingua\ Quest/Lingua\ Quest/Modules/WordInsight/Domain/Entities/AIWordInsightEntity.swift (in target 'Lingua Quest' from project 'Lingua Quest')
    cd /Users/siam/Desktop/Lingua\ Quest
    

SwiftCompile normal arm64 /Users/siam/Desktop/Lingua\ Quest/Lingua\ Quest/Modules/WordInsight/Domain/Entities/WordCardEntity.swift (in target 'Lingua Quest' from project 'Lingua Quest')
    cd /Users/siam/Desktop/Lingua\ Quest
    

SwiftCompile normal arm64 /Users/siam/Desktop/Lingua\ Quest/Lingua\ Quest/Modules/WordInsight/Domain/Repository/WordInsightRepositoryProtocol.swift (in target 'Lingua Quest' from project 'Lingua Quest')
    cd /Users/siam/Desktop/Lingua\ Quest
    

SwiftCompile normal arm64 /Users/siam/Desktop/Lingua\ Quest/Lingua\ Quest/Modules/WordInsight/Domain/UseCases/GetWordInsightUseCase.swift (in target 'Lingua Quest' from project 'Lingua Quest')
    cd /Users/siam/Desktop/Lingua\ Quest
    

SwiftCompile normal arm64 /Users/siam/Desktop/Lingua\ Quest/Lingua\ Quest/Modules/WordInsight/Domain/WordInsightError.swift (in target 'Lingua Quest' from project 'Lingua Quest')
    cd /Users/siam/Desktop/Lingua\ Quest
    

SwiftCompile normal arm64 /Users/siam/Desktop/Lingua\ Quest/Lingua\ Quest/Modules/WordInsight/Presentation/UIModels/InsightSectionConfig.swift (in target 'Lingua Quest' from project 'Lingua Quest')
    cd /Users/siam/Desktop/Lingua\ Quest
    

SwiftCompile normal arm64 /Users/siam/Desktop/Lingua\ Quest/Lingua\ Quest/Modules/WordInsight/Presentation/ViewModels/WordInsightViewModel.swift (in target 'Lingua Quest' from project 'Lingua Quest')
    cd /Users/siam/Desktop/Lingua\ Quest
    

SwiftCompile normal arm64 /Users/siam/Desktop/Lingua\ Quest/Lingua\ Quest/Modules/WordInsight/Presentation/Views/Components/CategoryBadge.swift (in target 'Lingua Quest' from project 'Lingua Quest')
    cd /Users/siam/Desktop/Lingua\ Quest
    

SwiftCompile normal arm64 /Users/siam/Desktop/Lingua\ Quest/Lingua\ Quest/Modules/WordInsight/Presentation/Views/Components/InsightSectionCard.swift (in target 'Lingua Quest' from project 'Lingua Quest')
    cd /Users/siam/Desktop/Lingua\ Quest
    

SwiftCompile normal arm64 /Users/siam/Desktop/Lingua\ Quest/Lingua\ Quest/Modules/WordInsight/Presentation/Views/Components/LanguagePairBadge.swift (in target 'Lingua Quest' from project 'Lingua Quest')
    cd /Users/siam/Desktop/Lingua\ Quest
    

SwiftCompile normal arm64 /Users/siam/Desktop/Lingua\ Quest/Lingua\ Quest/Modules/WordInsight/Presentation/Views/Components/SpeakButton.swift (in target 'Lingua Quest' from project 'Lingua Quest')
    cd /Users/siam/Desktop/Lingua\ Quest
    

SwiftCompile normal arm64 /Users/siam/Desktop/Lingua\ Quest/Lingua\ Quest/Modules/WordInsight/Presentation/Views/Components/WordHeroCard.swift (in target 'Lingua Quest' from project 'Lingua Quest')
    cd /Users/siam/Desktop/Lingua\ Quest
    

SwiftCompile normal arm64 /Users/siam/Desktop/Lingua\ Quest/Lingua\ Quest/Modules/WordInsight/Presentation/Views/Components/WordInsightTopBar.swift (in target 'Lingua Quest' from project 'Lingua Quest')
    cd /Users/siam/Desktop/Lingua\ Quest
    

SwiftCompile normal arm64 /Users/siam/Desktop/Lingua\ Quest/Lingua\ Quest/Modules/WordInsight/Presentation/Views/WordInsightContentView.swift (in target 'Lingua Quest' from project 'Lingua Quest')
    cd /Users/siam/Desktop/Lingua\ Quest
    

SwiftCompile normal arm64 /Users/siam/Desktop/Lingua\ Quest/Lingua\ Quest/Modules/WordInsight/Presentation/Views/WordInsightView.swift (in target 'Lingua Quest' from project 'Lingua Quest')
    cd /Users/siam/Desktop/Lingua\ Quest
    

SwiftCompile normal arm64 /Users/siam/Desktop/Lingua\ Quest/Lingua\ Quest/Modules/Worlds/Domain/Entities/WorldDifficulty.swift (in target 'Lingua Quest' from project 'Lingua Quest')
    cd /Users/siam/Desktop/Lingua\ Quest
    

SwiftCompile normal arm64 /Users/siam/Desktop/Lingua\ Quest/Lingua\ Quest/Modules/Worlds/Presentation/Mappers/WorldUIMapper.swift (in target 'Lingua Quest' from project 'Lingua Quest')
    cd /Users/siam/Desktop/Lingua\ Quest
    

SwiftCompile normal arm64 /Users/siam/Desktop/Lingua\ Quest/Lingua\ Quest/Modules/Worlds/Presentation/UIModels/WorldUIModel.swift (in target 'Lingua Quest' from project 'Lingua Quest')
    cd /Users/siam/Desktop/Lingua\ Quest
    

SwiftCompile normal arm64 /Users/siam/Desktop/Lingua\ Quest/Lingua\ Quest/Modules/Worlds/Presentation/Views/Components/WorldCardView.swift (in target 'Lingua Quest' from project 'Lingua Quest')
    cd /Users/siam/Desktop/Lingua\ Quest
    

SwiftCompile normal arm64 /Users/siam/Desktop/Lingua\ Quest/Lingua\ Quest/Core/Storage/SwiftDataManager.swift (in target 'Lingua Quest' from project 'Lingua Quest')
    cd /Users/siam/Desktop/Lingua\ Quest
    

SwiftCompile normal arm64 /Users/siam/Desktop/Lingua\ Quest/Lingua\ Quest/Core/DI/GalleryAssembly.swift (in target 'Lingua Quest' from project 'Lingua Quest')
    cd /Users/siam/Desktop/Lingua\ Quest
    

SwiftCompile normal arm64 /Users/siam/Library/Developer/Xcode/DerivedData/Lingua_Quest-gvpckrqxtbgyprbgppjfqmimmmfw/Build/Intermediates.noindex/Lingua\ Quest.build/Debug-iphonesimulator/Lingua\ Quest.build/DerivedSources/GeneratedAssetSymbols.swift (in target 'Lingua Quest' from project 'Lingua Quest')
    cd /Users/siam/Desktop/Lingua\ Quest
    

SwiftEmitModule normal arm64 Emitting\ module\ for\ Lingua_Quest (in target 'Lingua Quest' from project 'Lingua Quest')

EmitSwiftModule normal arm64 (in target 'Lingua Quest' from project 'Lingua Quest')
    cd /Users/siam/Desktop/Lingua\ Quest
    

SwiftCompile normal arm64 Compiling\ VoiceSentenceGeneratorDataSource.swift,\ VoiceSentenceGeneratorEndpoint.swift,\ VoiceEvaluationResponseDTO.swift,\ VoiceSentenceDTO.swift,\ VoiceEvaluationRepositoryImpl.swift,\ VoiceEvaluationResult.swift,\ VoiceSentence.swift,\ VoiceEvaluationRepositoryProtocol.swift,\ EvaluateVoiceUseCase.swift,\ GetDailyVoiceSentencesUseCase.swift,\ GetVoiceProgressUseCase.swift,\ SaveVoiceProgressUseCase.swift,\ VoiceGameResultViewModel.swift,\ VoiceGameViewModel.swift,\ ReviewRecordingDialog.swift,\ VoiceEvaluatingView.swift,\ VoiceFailureView.swift,\ VoiceSuccessView.swift,\ VoiceGameResultView.swift,\ VoiceGameView.swift,\ WordInsightRemoteDataSource.swift,\ WordInsightRemoteDataSourceProtocol.swift,\ AIInsightRawResponse.swift /Users/siam/Desktop/Lingua\ Quest/Lingua\ Quest/Modules/SpeakingLab/Data/DataSources/Remote/VoiceSentenceGeneratorDataSource.swift /Users/siam/Desktop/Lingua\ Quest/Lingua\ Quest/Modules/SpeakingLab/Data/DataSources/Remote/VoiceSentenceGeneratorEndpoint.swift /Users/siam/Desktop/Lingua\ Quest/Lingua\ Quest/Modules/SpeakingLab/Data/DTOs/VoiceEvaluationResponseDTO.swift /Users/siam/Desktop/Lingua\ Quest/Lingua\ Quest/Modules/SpeakingLab/Data/DTOs/VoiceSentenceDTO.swift /Users/siam/Desktop/Lingua\ Quest/Lingua\ Quest/Modules/SpeakingLab/Data/RepositoryImpl/VoiceEvaluationRepositoryImpl.swift /Users/siam/Desktop/Lingua\ Quest/Lingua\ Quest/Modules/SpeakingLab/Domain/Entities/VoiceEvaluationResult.swift /Users/siam/Desktop/Lingua\ Quest/Lingua\ Quest/Modules/SpeakingLab/Domain/Entities/VoiceSentence.swift /Users/siam/Desktop/Lingua\ Quest/Lingua\ Quest/Modules/SpeakingLab/Domain/Repositories/VoiceEvaluationRepositoryProtocol.swift /Users/siam/Desktop/Lingua\ Quest/Lingua\ Quest/Modules/SpeakingLab/Domain/UseCases/EvaluateVoiceUseCase.swift /Users/siam/Desktop/Lingua\ Quest/Lingua\ Quest/Modules/SpeakingLab/Domain/UseCases/GetDailyVoiceSentencesUseCase.swift /Users/siam/Desktop/Lingua\ Quest/Lingua\ Quest/Modules/SpeakingLab/Domain/UseCases/GetVoiceProgressUseCase.swift /Users/siam/Desktop/Lingua\ Quest/Lingua\ Quest/Modules/SpeakingLab/Domain/UseCases/SaveVoiceProgressUseCase.swift /Users/siam/Desktop/Lingua\ Quest/Lingua\ Quest/Modules/SpeakingLab/Presentation/ViewModels/VoiceGameResultViewModel.swift /Users/siam/Desktop/Lingua\ Quest/Lingua\ Quest/Modules/SpeakingLab/Presentation/ViewModels/VoiceGameViewModel.swift /Users/siam/Desktop/Lingua\ Quest/Lingua\ Quest/Modules/SpeakingLab/Presentation/Views/Components/ReviewRecordingDialog.swift /Users/siam/Desktop/Lingua\ Quest/Lingua\ Quest/Modules/SpeakingLab/Presentation/Views/Components/VoiceEvaluatingView.swift /Users/siam/Desktop/Lingua\ Quest/Lingua\ Quest/Modules/SpeakingLab/Presentation/Views/Components/VoiceFailureView.swift /Users/siam/Desktop/Lingua\ Quest/Lingua\ Quest/Modules/SpeakingLab/Presentation/Views/Components/VoiceSuccessView.swift /Users/siam/Desktop/Lingua\ Quest/Lingua\ Quest/Modules/SpeakingLab/Presentation/Views/VoiceGameResultView.swift /Users/siam/Desktop/Lingua\ Quest/Lingua\ Quest/Modules/SpeakingLab/Presentation/Views/VoiceGameView.swift /Users/siam/Desktop/Lingua\ Quest/Lingua\ Quest/Modules/WordInsight/Data/DataSources/Remote/WordInsightRemoteDataSource.swift /Users/siam/Desktop/Lingua\ Quest/Lingua\ Quest/Modules/WordInsight/Data/DataSources/Remote/WordInsightRemoteDataSourceProtocol.swift /Users/siam/Desktop/Lingua\ Quest/Lingua\ Quest/Modules/WordInsight/Data/DTOs/Remote/AIInsightRawResponse.swift (in target 'Lingua Quest' from project 'Lingua Quest')
SwiftCompile normal arm64 /Users/siam/Desktop/Lingua\ Quest/Lingua\ Quest/Modules/SpeakingLab/Data/DataSources/Remote/VoiceSentenceGeneratorDataSource.swift (in target 'Lingua Quest' from project 'Lingua Quest')
    cd /Users/siam/Desktop/Lingua\ Quest
    

SwiftCompile normal arm64 /Users/siam/Desktop/Lingua\ Quest/Lingua\ Quest/Modules/SpeakingLab/Data/DataSources/Remote/VoiceSentenceGeneratorEndpoint.swift (in target 'Lingua Quest' from project 'Lingua Quest')
    cd /Users/siam/Desktop/Lingua\ Quest
    

SwiftCompile normal arm64 /Users/siam/Desktop/Lingua\ Quest/Lingua\ Quest/Modules/SpeakingLab/Data/DTOs/VoiceEvaluationResponseDTO.swift (in target 'Lingua Quest' from project 'Lingua Quest')
    cd /Users/siam/Desktop/Lingua\ Quest
    

SwiftCompile normal arm64 /Users/siam/Desktop/Lingua\ Quest/Lingua\ Quest/Modules/SpeakingLab/Data/DTOs/VoiceSentenceDTO.swift (in target 'Lingua Quest' from project 'Lingua Quest')
    cd /Users/siam/Desktop/Lingua\ Quest
    

SwiftCompile normal arm64 /Users/siam/Desktop/Lingua\ Quest/Lingua\ Quest/Modules/SpeakingLab/Data/RepositoryImpl/VoiceEvaluationRepositoryImpl.swift (in target 'Lingua Quest' from project 'Lingua Quest')
    cd /Users/siam/Desktop/Lingua\ Quest
    

SwiftCompile normal arm64 /Users/siam/Desktop/Lingua\ Quest/Lingua\ Quest/Modules/SpeakingLab/Domain/Entities/VoiceEvaluationResult.swift (in target 'Lingua Quest' from project 'Lingua Quest')
    cd /Users/siam/Desktop/Lingua\ Quest
    

SwiftCompile normal arm64 /Users/siam/Desktop/Lingua\ Quest/Lingua\ Quest/Modules/SpeakingLab/Domain/Entities/VoiceSentence.swift (in target 'Lingua Quest' from project 'Lingua Quest')
    cd /Users/siam/Desktop/Lingua\ Quest
    

SwiftCompile normal arm64 /Users/siam/Desktop/Lingua\ Quest/Lingua\ Quest/Modules/SpeakingLab/Domain/Repositories/VoiceEvaluationRepositoryProtocol.swift (in target 'Lingua Quest' from project 'Lingua Quest')
    cd /Users/siam/Desktop/Lingua\ Quest
    

SwiftCompile normal arm64 /Users/siam/Desktop/Lingua\ Quest/Lingua\ Quest/Modules/SpeakingLab/Domain/UseCases/EvaluateVoiceUseCase.swift (in target 'Lingua Quest' from project 'Lingua Quest')
    cd /Users/siam/Desktop/Lingua\ Quest
    

SwiftCompile normal arm64 /Users/siam/Desktop/Lingua\ Quest/Lingua\ Quest/Modules/SpeakingLab/Domain/UseCases/GetDailyVoiceSentencesUseCase.swift (in target 'Lingua Quest' from project 'Lingua Quest')
    cd /Users/siam/Desktop/Lingua\ Quest
    

SwiftCompile normal arm64 /Users/siam/Desktop/Lingua\ Quest/Lingua\ Quest/Modules/SpeakingLab/Domain/UseCases/GetVoiceProgressUseCase.swift (in target 'Lingua Quest' from project 'Lingua Quest')
    cd /Users/siam/Desktop/Lingua\ Quest
    

SwiftCompile normal arm64 /Users/siam/Desktop/Lingua\ Quest/Lingua\ Quest/Modules/SpeakingLab/Domain/UseCases/SaveVoiceProgressUseCase.swift (in target 'Lingua Quest' from project 'Lingua Quest')
    cd /Users/siam/Desktop/Lingua\ Quest
    

SwiftCompile normal arm64 /Users/siam/Desktop/Lingua\ Quest/Lingua\ Quest/Modules/SpeakingLab/Presentation/ViewModels/VoiceGameResultViewModel.swift (in target 'Lingua Quest' from project 'Lingua Quest')
    cd /Users/siam/Desktop/Lingua\ Quest
    

SwiftCompile normal arm64 /Users/siam/Desktop/Lingua\ Quest/Lingua\ Quest/Modules/SpeakingLab/Presentation/ViewModels/VoiceGameViewModel.swift (in target 'Lingua Quest' from project 'Lingua Quest')
    cd /Users/siam/Desktop/Lingua\ Quest
    

SwiftCompile normal arm64 /Users/siam/Desktop/Lingua\ Quest/Lingua\ Quest/Modules/SpeakingLab/Presentation/Views/Components/ReviewRecordingDialog.swift (in target 'Lingua Quest' from project 'Lingua Quest')
    cd /Users/siam/Desktop/Lingua\ Quest
    

SwiftCompile normal arm64 /Users/siam/Desktop/Lingua\ Quest/Lingua\ Quest/Modules/SpeakingLab/Presentation/Views/Components/VoiceEvaluatingView.swift (in target 'Lingua Quest' from project 'Lingua Quest')
    cd /Users/siam/Desktop/Lingua\ Quest
    

SwiftCompile normal arm64 /Users/siam/Desktop/Lingua\ Quest/Lingua\ Quest/Modules/SpeakingLab/Presentation/Views/Components/VoiceFailureView.swift (in target 'Lingua Quest' from project 'Lingua Quest')
    cd /Users/siam/Desktop/Lingua\ Quest
    

SwiftCompile normal arm64 /Users/siam/Desktop/Lingua\ Quest/Lingua\ Quest/Modules/SpeakingLab/Presentation/Views/Components/VoiceSuccessView.swift (in target 'Lingua Quest' from project 'Lingua Quest')
    cd /Users/siam/Desktop/Lingua\ Quest
    

SwiftCompile normal arm64 /Users/siam/Desktop/Lingua\ Quest/Lingua\ Quest/Modules/SpeakingLab/Presentation/Views/VoiceGameResultView.swift (in target 'Lingua Quest' from project 'Lingua Quest')
    cd /Users/siam/Desktop/Lingua\ Quest
    

SwiftCompile normal arm64 /Users/siam/Desktop/Lingua\ Quest/Lingua\ Quest/Modules/SpeakingLab/Presentation/Views/VoiceGameView.swift (in target 'Lingua Quest' from project 'Lingua Quest')
    cd /Users/siam/Desktop/Lingua\ Quest
    

SwiftCompile normal arm64 /Users/siam/Desktop/Lingua\ Quest/Lingua\ Quest/Modules/WordInsight/Data/DataSources/Remote/WordInsightRemoteDataSource.swift (in target 'Lingua Quest' from project 'Lingua Quest')
    cd /Users/siam/Desktop/Lingua\ Quest
    

SwiftCompile normal arm64 /Users/siam/Desktop/Lingua\ Quest/Lingua\ Quest/Modules/WordInsight/Data/DataSources/Remote/WordInsightRemoteDataSourceProtocol.swift (in target 'Lingua Quest' from project 'Lingua Quest')
    cd /Users/siam/Desktop/Lingua\ Quest
    

SwiftCompile normal arm64 /Users/siam/Desktop/Lingua\ Quest/Lingua\ Quest/Modules/WordInsight/Data/DTOs/Remote/AIInsightRawResponse.swift (in target 'Lingua Quest' from project 'Lingua Quest')
    cd /Users/siam/Desktop/Lingua\ Quest
    

SwiftCompile normal arm64 Compiling\ LogoutConfirmDialog.swift,\ ProfileHeader.swift,\ ProfilePhotoSourceBottomSheet.swift,\ RepeatSelectionBottomSheet.swift,\ SectionHeader.swift,\ SettingsAppBar.swift,\ SettingsFooterSection.swift,\ SettingsGroupLabel.swift,\ SettingsMascotSection.swift,\ StatCard.swift,\ StatsGrid.swift,\ TimeSelectionBottomSheet.swift,\ TopExplorersSection.swift,\ AchievementsView.swift,\ EditProfileView.swift,\ LeaderboardView.swift,\ ProfileContentView.swift,\ ProfileView.swift,\ SettingsContentView.swift,\ SettingsView.swift,\ VoiceEvaluationEndpoint.swift,\ VoiceEvaluationRemoteDataSource.swift,\ VoiceProgressRemoteDataSource.swift /Users/siam/Desktop/Lingua\ Quest/Lingua\ Quest/Modules/Profile/Presentation/Views/Components/LogoutConfirmDialog.swift /Users/siam/Desktop/Lingua\ Quest/Lingua\ Quest/Modules/Profile/Presentation/Views/Components/ProfileHeader.swift /Users/siam/Desktop/Lingua\ Quest/Lingua\ Quest/Modules/Profile/Presentation/Views/Components/ProfilePhotoSourceBottomSheet.swift /Users/siam/Desktop/Lingua\ Quest/Lingua\ Quest/Modules/Profile/Presentation/Views/Components/RepeatSelectionBottomSheet.swift /Users/siam/Desktop/Lingua\ Quest/Lingua\ Quest/Modules/Profile/Presentation/Views/Components/SectionHeader.swift /Users/siam/Desktop/Lingua\ Quest/Lingua\ Quest/Modules/Profile/Presentation/Views/Components/SettingsAppBar.swift /Users/siam/Desktop/Lingua\ Quest/Lingua\ Quest/Modules/Profile/Presentation/Views/Components/SettingsFooterSection.swift /Users/siam/Desktop/Lingua\ Quest/Lingua\ Quest/Modules/Profile/Presentation/Views/Components/SettingsGroupLabel.swift /Users/siam/Desktop/Lingua\ Quest/Lingua\ Quest/Modules/Profile/Presentation/Views/Components/SettingsMascotSection.swift /Users/siam/Desktop/Lingua\ Quest/Lingua\ Quest/Modules/Profile/Presentation/Views/Components/StatCard.swift /Users/siam/Desktop/Lingua\ Quest/Lingua\ Quest/Modules/Profile/Presentation/Views/Components/StatsGrid.swift /Users/siam/Desktop/Lingua\ Quest/Lingua\ Quest/Modules/Profile/Presentation/Views/Components/TimeSelectionBottomSheet.swift /Users/siam/Desktop/Lingua\ Quest/Lingua\ Quest/Modules/Profile/Presentation/Views/Components/TopExplorersSection.swift /Users/siam/Desktop/Lingua\ Quest/Lingua\ Quest/Modules/Profile/Presentation/Views/AchievementsView.swift /Users/siam/Desktop/Lingua\ Quest/Lingua\ Quest/Modules/Profile/Presentation/Views/EditProfileView.swift /Users/siam/Desktop/Lingua\ Quest/Lingua\ Quest/Modules/Profile/Presentation/Views/LeaderboardView.swift /Users/siam/Desktop/Lingua\ Quest/Lingua\ Quest/Modules/Profile/Presentation/Views/ProfileContentView.swift /Users/siam/Desktop/Lingua\ Quest/Lingua\ Quest/Modules/Profile/Presentation/Views/ProfileView.swift /Users/siam/Desktop/Lingua\ Quest/Lingua\ Quest/Modules/Profile/Presentation/Views/SettingsContentView.swift /Users/siam/Desktop/Lingua\ Quest/Lingua\ Quest/Modules/Profile/Presentation/Views/SettingsView.swift /Users/siam/Desktop/Lingua\ Quest/Lingua\ Quest/Modules/SpeakingLab/Data/DataSources/Remote/VoiceEvaluationEndpoint.swift /Users/siam/Desktop/Lingua\ Quest/Lingua\ Quest/Modules/SpeakingLab/Data/DataSources/Remote/VoiceEvaluationRemoteDataSource.swift /Users/siam/Desktop/Lingua\ Quest/Lingua\ Quest/Modules/SpeakingLab/Data/DataSources/Remote/VoiceProgressRemoteDataSource.swift (in target 'Lingua Quest' from project 'Lingua Quest')

SwiftCompile normal arm64 /Users/siam/Desktop/Lingua\ Quest/Lingua\ Quest/Modules/Profile/Presentation/Views/Components/LogoutConfirmDialog.swift (in target 'Lingua Quest' from project 'Lingua Quest')
    cd /Users/siam/Desktop/Lingua\ Quest
    

SwiftCompile normal arm64 /Users/siam/Desktop/Lingua\ Quest/Lingua\ Quest/Modules/Profile/Presentation/Views/Components/ProfileHeader.swift (in target 'Lingua Quest' from project 'Lingua Quest')
    cd /Users/siam/Desktop/Lingua\ Quest
    

SwiftCompile normal arm64 /Users/siam/Desktop/Lingua\ Quest/Lingua\ Quest/Modules/Profile/Presentation/Views/Components/ProfilePhotoSourceBottomSheet.swift (in target 'Lingua Quest' from project 'Lingua Quest')
    cd /Users/siam/Desktop/Lingua\ Quest
    

SwiftCompile normal arm64 /Users/siam/Desktop/Lingua\ Quest/Lingua\ Quest/Modules/Profile/Presentation/Views/Components/RepeatSelectionBottomSheet.swift (in target 'Lingua Quest' from project 'Lingua Quest')
    cd /Users/siam/Desktop/Lingua\ Quest
    

SwiftCompile normal arm64 /Users/siam/Desktop/Lingua\ Quest/Lingua\ Quest/Modules/Profile/Presentation/Views/Components/SectionHeader.swift (in target 'Lingua Quest' from project 'Lingua Quest')
    cd /Users/siam/Desktop/Lingua\ Quest
    

SwiftCompile normal arm64 /Users/siam/Desktop/Lingua\ Quest/Lingua\ Quest/Modules/Profile/Presentation/Views/Components/SettingsAppBar.swift (in target 'Lingua Quest' from project 'Lingua Quest')
    cd /Users/siam/Desktop/Lingua\ Quest
    

SwiftCompile normal arm64 /Users/siam/Desktop/Lingua\ Quest/Lingua\ Quest/Modules/Profile/Presentation/Views/Components/SettingsFooterSection.swift (in target 'Lingua Quest' from project 'Lingua Quest')
    cd /Users/siam/Desktop/Lingua\ Quest
    

SwiftCompile normal arm64 /Users/siam/Desktop/Lingua\ Quest/Lingua\ Quest/Modules/Profile/Presentation/Views/Components/SettingsGroupLabel.swift (in target 'Lingua Quest' from project 'Lingua Quest')
    cd /Users/siam/Desktop/Lingua\ Quest
    

SwiftCompile normal arm64 /Users/siam/Desktop/Lingua\ Quest/Lingua\ Quest/Modules/Profile/Presentation/Views/Components/SettingsMascotSection.swift (in target 'Lingua Quest' from project 'Lingua Quest')
    cd /Users/siam/Desktop/Lingua\ Quest
    

SwiftCompile normal arm64 /Users/siam/Desktop/Lingua\ Quest/Lingua\ Quest/Modules/Profile/Presentation/Views/Components/StatCard.swift (in target 'Lingua Quest' from project 'Lingua Quest')
    cd /Users/siam/Desktop/Lingua\ Quest
    

SwiftCompile normal arm64 /Users/siam/Desktop/Lingua\ Quest/Lingua\ Quest/Modules/Profile/Presentation/Views/Components/StatsGrid.swift (in target 'Lingua Quest' from project 'Lingua Quest')
    cd /Users/siam/Desktop/Lingua\ Quest
    

SwiftCompile normal arm64 /Users/siam/Desktop/Lingua\ Quest/Lingua\ Quest/Modules/Profile/Presentation/Views/Components/TimeSelectionBottomSheet.swift (in target 'Lingua Quest' from project 'Lingua Quest')
    cd /Users/siam/Desktop/Lingua\ Quest
    

SwiftCompile normal arm64 /Users/siam/Desktop/Lingua\ Quest/Lingua\ Quest/Modules/Profile/Presentation/Views/Components/TopExplorersSection.swift (in target 'Lingua Quest' from project 'Lingua Quest')
    cd /Users/siam/Desktop/Lingua\ Quest
    

SwiftCompile normal arm64 /Users/siam/Desktop/Lingua\ Quest/Lingua\ Quest/Modules/Profile/Presentation/Views/AchievementsView.swift (in target 'Lingua Quest' from project 'Lingua Quest')
    cd /Users/siam/Desktop/Lingua\ Quest
    

SwiftCompile normal arm64 /Users/siam/Desktop/Lingua\ Quest/Lingua\ Quest/Modules/Profile/Presentation/Views/EditProfileView.swift (in target 'Lingua Quest' from project 'Lingua Quest')
    cd /Users/siam/Desktop/Lingua\ Quest
    

SwiftCompile normal arm64 /Users/siam/Desktop/Lingua\ Quest/Lingua\ Quest/Modules/Profile/Presentation/Views/LeaderboardView.swift (in target 'Lingua Quest' from project 'Lingua Quest')
    cd /Users/siam/Desktop/Lingua\ Quest
    

SwiftCompile normal arm64 /Users/siam/Desktop/Lingua\ Quest/Lingua\ Quest/Modules/Profile/Presentation/Views/ProfileContentView.swift (in target 'Lingua Quest' from project 'Lingua Quest')
    cd /Users/siam/Desktop/Lingua\ Quest
    

SwiftCompile normal arm64 /Users/siam/Desktop/Lingua\ Quest/Lingua\ Quest/Modules/Profile/Presentation/Views/ProfileView.swift (in target 'Lingua Quest' from project 'Lingua Quest')
    cd /Users/siam/Desktop/Lingua\ Quest
    

SwiftCompile normal arm64 /Users/siam/Desktop/Lingua\ Quest/Lingua\ Quest/Modules/Profile/Presentation/Views/SettingsContentView.swift (in target 'Lingua Quest' from project 'Lingua Quest')
    cd /Users/siam/Desktop/Lingua\ Quest
    

SwiftCompile normal arm64 /Users/siam/Desktop/Lingua\ Quest/Lingua\ Quest/Modules/Profile/Presentation/Views/SettingsView.swift (in target 'Lingua Quest' from project 'Lingua Quest')
    cd /Users/siam/Desktop/Lingua\ Quest
    

SwiftCompile normal arm64 /Users/siam/Desktop/Lingua\ Quest/Lingua\ Quest/Modules/SpeakingLab/Data/DataSources/Remote/VoiceEvaluationEndpoint.swift (in target 'Lingua Quest' from project 'Lingua Quest')
    cd /Users/siam/Desktop/Lingua\ Quest
    

SwiftCompile normal arm64 /Users/siam/Desktop/Lingua\ Quest/Lingua\ Quest/Modules/SpeakingLab/Data/DataSources/Remote/VoiceEvaluationRemoteDataSource.swift (in target 'Lingua Quest' from project 'Lingua Quest')
    cd /Users/siam/Desktop/Lingua\ Quest
    

SwiftCompile normal arm64 /Users/siam/Desktop/Lingua\ Quest/Lingua\ Quest/Modules/SpeakingLab/Data/DataSources/Remote/VoiceProgressRemoteDataSource.swift (in target 'Lingua Quest' from project 'Lingua Quest')
    cd /Users/siam/Desktop/Lingua\ Quest
    

SwiftCompile normal arm64 Compiling\ ProfileRepositoryImpl.swift,\ AchievementEntity.swift,\ ExplorerEntity.swift,\ FullAchievementEntity.swift,\ LeaderboardDataEntity.swift,\ LeaderboardUser.swift,\ UserProfileEntity.swift,\ WeeklyRewardEntity.swift,\ ProfileRepositoryProtocol.swift,\ ClaimWeeklyRewardUseCase.swift,\ CompleteProfileUseCase.swift,\ GetAchievementsUseCase.swift,\ GetLeaderboardUseCase.swift,\ GetProfileUseCase.swift,\ GetWeeklyRewardUseCase.swift,\ UpdateProfileUseCase.swift,\ UploadProfilePhotoUseCase.swift,\ AchievementUIModel.swift,\ ExplorerUIModel.swift,\ FullAchievementUIModel.swift,\ AchievementsViewModel.swift,\ EditProfileViewModel.swift,\ LeaderboardViewModel.swift /Users/siam/Desktop/Lingua\ Quest/Lingua\ Quest/Modules/Profile/Data/RepositoryImpl/ProfileRepositoryImpl.swift /Users/siam/Desktop/Lingua\ Quest/Lingua\ Quest/Modules/Profile/Domain/Entities/AchievementEntity.swift /Users/siam/Desktop/Lingua\ Quest/Lingua\ Quest/Modules/Profile/Domain/Entities/ExplorerEntity.swift /Users/siam/Desktop/Lingua\ Quest/Lingua\ Quest/Modules/Profile/Domain/Entities/FullAchievementEntity.swift /Users/siam/Desktop/Lingua\ Quest/Lingua\ Quest/Modules/Profile/Domain/Entities/LeaderboardDataEntity.swift /Users/siam/Desktop/Lingua\ Quest/Lingua\ Quest/Modules/Profile/Domain/Entities/LeaderboardUser.swift /Users/siam/Desktop/Lingua\ Quest/Lingua\ Quest/Modules/Profile/Domain/Entities/UserProfileEntity.swift /Users/siam/Desktop/Lingua\ Quest/Lingua\ Quest/Modules/Profile/Domain/Entities/WeeklyRewardEntity.swift /Users/siam/Desktop/Lingua\ Quest/Lingua\ Quest/Modules/Profile/Domain/RepositoryProtocol/ProfileRepositoryProtocol.swift /Users/siam/Desktop/Lingua\ Quest/Lingua\ Quest/Modules/Profile/Domain/UseCases/ClaimWeeklyRewardUseCase.swift /Users/siam/Desktop/Lingua\ Quest/Lingua\ Quest/Modules/Profile/Domain/UseCases/CompleteProfileUseCase.swift /Users/siam/Desktop/Lingua\ Quest/Lingua\ Quest/Modules/Profile/Domain/UseCases/GetAchievementsUseCase.swift /Users/siam/Desktop/Lingua\ Quest/Lingua\ Quest/Modules/Profile/Domain/UseCases/GetLeaderboardUseCase.swift /Users/siam/Desktop/Lingua\ Quest/Lingua\ Quest/Modules/Profile/Domain/UseCases/GetProfileUseCase.swift /Users/siam/Desktop/Lingua\ Quest/Lingua\ Quest/Modules/Profile/Domain/UseCases/GetWeeklyRewardUseCase.swift /Users/siam/Desktop/Lingua\ Quest/Lingua\ Quest/Modules/Profile/Domain/UseCases/UpdateProfileUseCase.swift /Users/siam/Desktop/Lingua\ Quest/Lingua\ Quest/Modules/Profile/Domain/UseCases/UploadProfilePhotoUseCase.swift /Users/siam/Desktop/Lingua\ Quest/Lingua\ Quest/Modules/Profile/Presentation/UIModels/AchievementUIModel.swift /Users/siam/Desktop/Lingua\ Quest/Lingua\ Quest/Modules/Profile/Presentation/UIModels/ExplorerUIModel.swift /Users/siam/Desktop/Lingua\ Quest/Lingua\ Quest/Modules/Profile/Presentation/UIModels/FullAchievementUIModel.swift /Users/siam/Desktop/Lingua\ Quest/Lingua\ Quest/Modules/Profile/Presentation/ViewModels/AchievementsViewModel.swift /Users/siam/Desktop/Lingua\ Quest/Lingua\ Quest/Modules/Profile/Presentation/ViewModels/EditProfileViewModel.swift /Users/siam/Desktop/Lingua\ Quest/Lingua\ Quest/Modules/Profile/Presentation/ViewModels/LeaderboardViewModel.swift (in target 'Lingua Quest' from project 'Lingua Quest')
Failed frontend command:
/Applications/Xcode.app/Contents/Developer/Toolchains/XcodeDefault.xctoolchain/usr/bin/swift-frontend -frontend -c -filelist /Users/siam/Library/Developer/Xcode/DerivedData/Lingua_Quest-gvpckrqxtbgyprbgppjfqmimmmfw/Build/Intermediates.noindex/Lingua\ Quest.build/Debug-iphonesimulator/Lingua\ Quest.build/Objects-normal/arm64/sources-5 -primary-file /Users/siam/Desktop/Lingua\ Quest/Lingua\ Quest/Modules/Profile/Data/RepositoryImpl/ProfileRepositoryImpl.swift -primary-file /Users/siam/Desktop/Lingua\ Quest/Lingua\ Quest/Modules/Profile/Domain/Entities/AchievementEntity.swift -primary-file /Users/siam/Desktop/Lingua\ Quest/Lingua\ Quest/Modules/Profile/Domain/Entities/ExplorerEntity.swift -primary-file /Users/siam/Desktop/Lingua\ Quest/Lingua\ Quest/Modules/Profile/Domain/Entities/FullAchievementEntity.swift -primary-file /Users/siam/Desktop/Lingua\ Quest/Lingua\ Quest/Modules/Profile/Domain/Entities/LeaderboardDataEntity.swift -primary-file /Users/siam/Desktop/Lingua\ Quest/Lingua\ Quest/Modules/Profile/Domain/Entities/LeaderboardUser.swift -primary-file /Users/siam/Desktop/Lingua\ Quest/Lingua\ Quest/Modules/Profile/Domain/Entities/UserProfileEntity.swift -primary-file /Users/siam/Desktop/Lingua\ Quest/Lingua\ Quest/Modules/Profile/Domain/Entities/WeeklyRewardEntity.swift -primary-file /Users/siam/Desktop/Lingua\ Quest/Lingua\ Quest/Modules/Profile/Domain/RepositoryProtocol/ProfileRepositoryProtocol.swift -primary-file /Users/siam/Desktop/Lingua\ Quest/Lingua\ Quest/Modules/Profile/Domain/UseCases/ClaimWeeklyRewardUseCase.swift -primary-file /Users/siam/Desktop/Lingua\ Quest/Lingua\ Quest/Modules/Profile/Domain/UseCases/CompleteProfileUseCase.swift -primary-file /Users/siam/Desktop/Lingua\ Quest/Lingua\ Quest/Modules/Profile/Domain/UseCases/GetAchievementsUseCase.swift -primary-file /Users/siam/Desktop/Lingua\ Quest/Lingua\ Quest/Modules/Profile/Domain/UseCases/GetLeaderboardUseCase.swift -primary-file /Users/siam/Desktop/Lingua\ Quest/Lingua\ Quest/Modules/Profile/Domain/UseCases/GetProfileUseCase.swift -primary-file /Users/siam/Desktop/Lingua\ Quest/Lingua\ Quest/Modules/Profile/Domain/UseCases/GetWeeklyRewardUseCase.swift -primary-file /Users/siam/Desktop/Lingua\ Quest/Lingua\ Quest/Modules/Profile/Domain/UseCases/UpdateProfileUseCase.swift -primary-file /Users/siam/Desktop/Lingua\ Quest/Lingua\ Quest/Modules/Profile/Domain/UseCases/UploadProfilePhotoUseCase.swift -primary-file /Users/siam/Desktop/Lingua\ Quest/Lingua\ Quest/Modules/Profile/Presentation/UIModels/AchievementUIModel.swift -primary-file /Users/siam/Desktop/Lingua\ Quest/Lingua\ Quest/Modules/Profile/Presentation/UIModels/ExplorerUIModel.swift -primary-file /Users/siam/Desktop/Lingua\ Quest/Lingua\ Quest/Modules/Profile/Presentation/UIModels/FullAchievementUIModel.swift -primary-file /Users/siam/Desktop/Lingua\ Quest/Lingua\ Quest/Modules/Profile/Presentation/ViewModels/AchievementsViewModel.swift -primary-file /Users/siam/Desktop/Lingua\ Quest/Lingua\ Quest/Modules/Profile/Presentation/ViewModels/EditProfileViewModel.swift -primary-file /Users/siam/Desktop/Lingua\ Quest/Lingua\ Quest/Modules/Profile/Presentation/ViewModels/LeaderboardViewModel.swift -supplementary-output-file-map /Users/siam/Library/Developer/Xcode/DerivedData/Lingua_Quest-gvpckrqxtbgyprbgppjfqmimmmfw/Build/Intermediates.noindex/Lingua\ Quest.build/Debug-iphonesimulator/Lingua\ Quest.build/Objects-normal/arm64/supplementaryOutputs-82 -emit-localized-strings -emit-localized-strings-path /Users/siam/Library/Developer/Xcode/DerivedData/Lingua_Quest-gvpckrqxtbgyprbgppjfqmimmmfw/Build/Intermediates.noindex/Lingua\ Quest.build/Debug-iphonesimulator/Lingua\ Quest.build/Objects-normal/arm64 -target arm64-apple-ios26.0-simulator -module-can-import-version DeveloperToolsSupport 23.0.4 23.0.4 -module-can-import-version SwiftUI 7.0.84.1 7.0.84 -module-can-import-version UIKit 9088.1.113 9088.1.113 -disable-cross-import-overlay-search -swift-module-cross-import AVKit /Applications/Xcode.app/Contents/Developer/Platforms/iPhoneSimulator.platform/Developer/SDKs/iPhoneSimulator.sdk/System/Library/Frameworks/AVKit.framework/Modules/AVKit.swiftcrossimport/SwiftUI.swiftoverlay -swift-module-cross-import AVKit /Applications/Xcode.app/Contents/Developer/Platforms/iPhoneSimulator.platform/Developer/SDKs/iPhoneSimulator26.0.sdk/System/Library/Frameworks/AVKit.framework/Modules/AVKit.swiftcrossimport/SwiftUI.swiftoverlay -swift-module-cross-import AuthenticationServices /Applications/Xcode.app/Contents/Developer/Platforms/iPhoneSimulator.platform/Developer/SDKs/iPhoneSimulator.sdk/System/Cryptexes/OS/System/Library/Frameworks/AuthenticationServices.framework/Modules/AuthenticationServices.swiftcrossimport/SwiftUI.swiftoverlay -swift-module-cross-import AuthenticationServices /Applications/Xcode.app/Contents/Developer/Platforms/iPhoneSimulator.platform/Developer/SDKs/iPhoneSimulator26.0.sdk/System/Library/Frameworks/AuthenticationServices.framework/Modules/AuthenticationServices.swiftcrossimport/SwiftUI.swiftoverlay -swift-module-cross-import SwiftData /Applications/Xcode.app/Contents/Developer/Platforms/iPhoneSimulator.platform/Developer/SDKs/iPhoneSimulator26.0.sdk/System/Library/Frameworks/SwiftData.framework/Modules/SwiftData.swiftcrossimport/CoreData.swiftoverlay -swift-module-cross-import SwiftData /Applications/Xcode.app/Contents/Developer/Platforms/iPhoneSimulator.platform/Developer/SDKs/iPhoneSimulator26.0.sdk/System/Library/Frameworks/SwiftData.framework/Modules/SwiftData.swiftcrossimport/SwiftUI.swiftoverlay -load-resolved-plugin /Applications/Xcode.app/Contents/Developer/Platforms/iPhoneOS.platform/Developer/usr/lib/swift/host/plugins/libFoundationMacros.dylib\#/Applications/Xcode.app/Contents/Developer/Platforms/iPhoneOS.platform/Developer/usr/bin/swift-plugin-server\#FoundationMacros -load-resolved-plugin /Applications/Xcode.app/Contents/Developer/Platforms/iPhoneOS.platform/Developer/usr/lib/swift/host/plugins/libFoundationModelsMacros.dylib\#/Applications/Xcode.app/Contents/Developer/Platforms/iPhoneOS.platform/Developer/usr/bin/swift-plugin-server\#FoundationModelsMacros -load-resolved-plugin /Applications/Xcode.app/Contents/Developer/Platforms/iPhoneOS.platform/Developer/usr/lib/swift/host/plugins/libObservationMacros.dylib\#/Applications/Xcode.app/Contents/Developer/Platforms/iPhoneOS.platform/Developer/usr/bin/swift-plugin-server\#ObservationMacros -load-resolved-plugin /Applications/Xcode.app/Contents/Developer/Platforms/iPhoneOS.platform/Developer/usr/lib/swift/host/plugins/libPreviewsMacros.dylib\#/Applications/Xcode.app/Contents/Developer/Platforms/iPhoneOS.platform/Developer/usr/bin/swift-plugin-server\#PreviewsMacros -load-resolved-plugin /Applications/Xcode.app/Contents/Developer/Platforms/iPhoneOS.platform/Developer/usr/lib/swift/host/plugins/libSwiftDataMacros.dylib\#/Applications/Xcode.app/Contents/Developer/Platforms/iPhoneOS.platform/Developer/usr/bin/swift-plugin-server\#SwiftDataMacros -load-resolved-plugin /Applications/Xcode.app/Contents/Developer/Platforms/iPhoneOS.platform/Developer/usr/lib/swift/host/plugins/libSwiftMacros.dylib\#/Applications/Xcode.app/Contents/Developer/Platforms/iPhoneOS.platform/Developer/usr/bin/swift-plugin-server\#SwiftMacros -load-resolved-plugin /Applications/Xcode.app/Contents/Developer/Platforms/iPhoneOS.platform/Developer/usr/lib/swift/host/plugins/libSwiftUIMacros.dylib\#/Applications/Xcode.app/Contents/Developer/Platforms/iPhoneOS.platform/Developer/usr/bin/swift-plugin-server\#SwiftUIMacros -load-resolved-plugin /Applications/Xcode.app/Contents/Developer/Platforms/iPhoneOS.platform/Developer/usr/lib/swift/host/plugins/libTipKitMacros.dylib\#/Applications/Xcode.app/Contents/Developer/Platforms/iPhoneOS.platform/Developer/usr/bin/swift-plugin-server\#TipKitMacros -disable-implicit-swift-modules -Xcc -fno-implicit-modules -Xcc -fno-implicit-module-maps -explicit-swift-module-map-file /Users/siam/Library/Developer/Xcode/DerivedData/Lingua_Quest-gvpckrqxtbgyprbgppjfqmimmmfw/Build/Intermediates.noindex/Lingua\ Quest.build/Debug-iphonesimulator/Lingua\ Quest.build/Objects-normal/arm64/Lingua_Quest-dependencies-1.json -Xllvm -aarch64-use-tbi -enable-objc-interop -sdk /Applications/Xcode.app/Contents/Developer/Platforms/iPhoneSimulator.platform/Developer/SDKs/iPhoneSimulator26.0.sdk -I /Users/siam/Library/Developer/Xcode/DerivedData/Lingua_Quest-gvpckrqxtbgyprbgppjfqmimmmfw/Build/Products/Debug-iphonesimulator -F /Users/siam/Library/Developer/Xcode/DerivedData/Lingua_Quest-gvpckrqxtbgyprbgppjfqmimmmfw/Build/Products/Debug-iphonesimulator/PackageFrameworks -F /Users/siam/Library/Developer/Xcode/DerivedData/Lingua_Quest-gvpckrqxtbgyprbgppjfqmimmmfw/Build/Products/Debug-iphonesimulator/PackageFrameworks -F /Users/siam/Library/Developer/Xcode/DerivedData/Lingua_Quest-gvpckrqxtbgyprbgppjfqmimmmfw/Build/Products/Debug-iphonesimulator/PackageFrameworks -F /Users/siam/Library/Developer/Xcode/DerivedData/Lingua_Quest-gvpckrqxtbgyprbgppjfqmimmmfw/Build/Products/Debug-iphonesimulator/PackageFrameworks -F /Users/siam/Library/Developer/Xcode/DerivedData/Lingua_Quest-gvpckrqxtbgyprbgppjfqmimmmfw/Build/Products/Debug-iphonesimulator/PackageFrameworks -F /Users/siam/Library/Developer/Xcode/DerivedData/Lingua_Quest-gvpckrqxtbgyprbgppjfqmimmmfw/Build/Products/Debug-iphonesimulator/PackageFrameworks -F /Users/siam/Library/Developer/Xcode/DerivedData/Lingua_Quest-gvpckrqxtbgyprbgppjfqmimmmfw/Build/Products/Debug-iphonesimulator/PackageFrameworks -F /Users/siam/Library/Developer/Xcode/DerivedData/Lingua_Quest-gvpckrqxtbgyprbgppjfqmimmmfw/Build/Products/Debug-iphonesimulator/PackageFrameworks -F /Users/siam/Library/Developer/Xcode/DerivedData/Lingua_Quest-gvpckrqxtbgyprbgppjfqmimmmfw/Build/Products/Debug-iphonesimulator/PackageFrameworks -F /Users/siam/Library/Developer/Xcode/DerivedData/Lingua_Quest-gvpckrqxtbgyprbgppjfqmimmmfw/Build/Products/Debug-iphonesimulator/PackageFrameworks -F /Users/siam/Library/Developer/Xcode/DerivedData/Lingua_Quest-gvpckrqxtbgyprbgppjfqmimmmfw/Build/Products/Debug-iphonesimulator/PackageFrameworks -F /Users/siam/Library/Developer/Xcode/DerivedData/Lingua_Quest-gvpckrqxtbgyprbgppjfqmimmmfw/Build/Products/Debug-iphonesimulator/PackageFrameworks -F /Users/siam/Library/Developer/Xcode/DerivedData/Lingua_Quest-gvpckrqxtbgyprbgppjfqmimmmfw/Build/Products/Debug-iphonesimulator/PackageFrameworks -F /Users/siam/Library/Developer/Xcode/DerivedData/Lingua_Quest-gvpckrqxtbgyprbgppjfqmimmmfw/Build/Products/Debug-iphonesimulator/PackageFrameworks -F /Users/siam/Library/Developer/Xcode/DerivedData/Lingua_Quest-gvpckrqxtbgyprbgppjfqmimmmfw/Build/Products/Debug-iphonesimulator/PackageFrameworks -F /Users/siam/Library/Developer/Xcode/DerivedData/Lingua_Quest-gvpckrqxtbgyprbgppjfqmimmmfw/Build/Products/Debug-iphonesimulator/PackageFrameworks -F /Users/siam/Library/Developer/Xcode/DerivedData/Lingua_Quest-gvpckrqxtbgyprbgppjfqmimmmfw/Build/Products/Debug-iphonesimulator/PackageFrameworks -F /Users/siam/Library/Developer/Xcode/DerivedData/Lingua_Quest-gvpckrqxtbgyprbgppjfqmimmmfw/Build/Products/Debug-iphonesimulator/PackageFrameworks -F /Users/siam/Library/Developer/Xcode/DerivedData/Lingua_Quest-gvpckrqxtbgyprbgppjfqmimmmfw/Build/Products/Debug-iphonesimulator/PackageFrameworks -F /Users/siam/Library/Developer/Xcode/DerivedData/Lingua_Quest-gvpckrqxtbgyprbgppjfqmimmmfw/Build/Products/Debug-iphonesimulator/PackageFrameworks -F /Users/siam/Library/Developer/Xcode/DerivedData/Lingua_Quest-gvpckrqxtbgyprbgppjfqmimmmfw/Build/Products/Debug-iphonesimulator/PackageFrameworks -F /Users/siam/Library/Developer/Xcode/DerivedData/Lingua_Quest-gvpckrqxtbgyprbgppjfqmimmmfw/Build/Products/Debug-iphonesimulator/PackageFrameworks -F /Users/siam/Library/Developer/Xcode/DerivedData/Lingua_Quest-gvpckrqxtbgyprbgppjfqmimmmfw/Build/Products/Debug-iphonesimulator/PackageFrameworks -F /Users/siam/Library/Developer/Xcode/DerivedData/Lingua_Quest-gvpckrqxtbgyprbgppjfqmimmmfw/Build/Products/Debug-iphonesimulator/PackageFrameworks -F /Users/siam/Library/Developer/Xcode/DerivedData/Lingua_Quest-gvpckrqxtbgyprbgppjfqmimmmfw/Build/Products/Debug-iphonesimulator/PackageFrameworks -F /Users/siam/Library/Developer/Xcode/DerivedData/Lingua_Quest-gvpckrqxtbgyprbgppjfqmimmmfw/Build/Products/Debug-iphonesimulator/PackageFrameworks -F /Users/siam/Library/Developer/Xcode/DerivedData/Lingua_Quest-gvpckrqxtbgyprbgppjfqmimmmfw/Build/Products/Debug-iphonesimulator/PackageFrameworks -F /Users/siam/Library/Developer/Xcode/DerivedData/Lingua_Quest-gvpckrqxtbgyprbgppjfqmimmmfw/Build/Products/Debug-iphonesimulator/PackageFrameworks -F /Users/siam/Library/Developer/Xcode/DerivedData/Lingua_Quest-gvpckrqxtbgyprbgppjfqmimmmfw/Build/Products/Debug-iphonesimulator/PackageFrameworks -F /Users/siam/Library/Developer/Xcode/DerivedData/Lingua_Quest-gvpckrqxtbgyprbgppjfqmimmmfw/Build/Products/Debug-iphonesimulator/PackageFrameworks -F /Users/siam/Library/Developer/Xcode/DerivedData/Lingua_Quest-gvpckrqxtbgyprbgppjfqmimmmfw/Build/Products/Debug-iphonesimulator/PackageFrameworks -F /Users/siam/Library/Developer/Xcode/DerivedData/Lingua_Quest-gvpckrqxtbgyprbgppjfqmimmmfw/Build/Products/Debug-iphonesimulator/PackageFrameworks -F /Users/siam/Library/Developer/Xcode/DerivedData/Lingua_Quest-gvpckrqxtbgyprbgppjfqmimmmfw/Build/Products/Debug-iphonesimulator/PackageFrameworks -F /Users/siam/Library/Developer/Xcode/DerivedData/Lingua_Quest-gvpckrqxtbgyprbgppjfqmimmmfw/Build/Products/Debug-iphonesimulator/PackageFrameworks -F /Users/siam/Library/Developer/Xcode/DerivedData/Lingua_Quest-gvpckrqxtbgyprbgppjfqmimmmfw/Build/Products/Debug-iphonesimulator/PackageFrameworks -F /Users/siam/Library/Developer/Xcode/DerivedData/Lingua_Quest-gvpckrqxtbgyprbgppjfqmimmmfw/Build/Products/Debug-iphonesimulator/PackageFrameworks -F /Users/siam/Library/Developer/Xcode/DerivedData/Lingua_Quest-gvpckrqxtbgyprbgppjfqmimmmfw/Build/Products/Debug-iphonesimulator/PackageFrameworks -F /Users/siam/Library/Developer/Xcode/DerivedData/Lingua_Quest-gvpckrqxtbgyprbgppjfqmimmmfw/Build/Products/Debug-iphonesimulator/PackageFrameworks -F /Users/siam/Library/Developer/Xcode/DerivedData/Lingua_Quest-gvpckrqxtbgyprbgppjfqmimmmfw/Build/Products/Debug-iphonesimulator/PackageFrameworks -F /Users/siam/Library/Developer/Xcode/DerivedData/Lingua_Quest-gvpckrqxtbgyprbgppjfqmimmmfw/Build/Products/Debug-iphonesimulator/PackageFrameworks -F /Users/siam/Library/Developer/Xcode/DerivedData/Lingua_Quest-gvpckrqxtbgyprbgppjfqmimmmfw/Build/Products/Debug-iphonesimulator/PackageFrameworks -F /Users/siam/Library/Developer/Xcode/DerivedData/Lingua_Quest-gvpckrqxtbgyprbgppjfqmimmmfw/Build/Products/Debug-iphonesimulator -no-color-diagnostics -Xcc -fno-color-diagnostics -enable-testing -g -debug-info-format\=dwarf -dwarf-version\=5 -module-cache-path /Users/siam/Library/Developer/Xcode/DerivedData/Lingua_Quest-gvpckrqxtbgyprbgppjfqmimmmfw/Build/Intermediates.noindex/SwiftExplicitPrecompiledModules -profile-generate -profile-coverage-mapping -swift-version 5 -enforce-exclusivity\=checked -Onone -D DEBUG -serialize-debugging-options -const-gather-protocols-file /Users/siam/Library/Developer/Xcode/DerivedData/Lingua_Quest-gvpckrqxtbgyprbgppjfqmimmmfw/Build/Intermediates.noindex/Lingua\ Quest.build/Debug-iphonesimulator/Lingua\ Quest.build/Objects-normal/arm64/Lingua\ Quest_const_extract_protocols.json -enable-upcoming-feature DisableOutwardActorInference -enable-upcoming-feature InferSendableFromCaptures -enable-upcoming-feature GlobalActorIsolatedTypesUsability -enable-upcoming-feature MemberImportVisibility -enable-upcoming-feature InferIsolatedConformances -enable-upcoming-feature NonisolatedNonsendingByDefault -enable-experimental-feature DebugDescriptionMacro -enable-bare-slash-regex -default-isolation\=MainActor -empty-abi-descriptor -validate-clang-modules-once -clang-build-session-file /Users/siam/Library/Developer/Xcode/DerivedData/ModuleCache.noindex/Session.modulevalidation -Xcc -working-directory -Xcc /Users/siam/Desktop/Lingua\ Quest -enable-anonymous-context-mangled-names -file-compilation-dir /Users/siam/Desktop/Lingua\ Quest -Xcc -fmodule-map-file\=/Users/siam/Library/Developer/Xcode/DerivedData/Lingua_Quest-gvpckrqxtbgyprbgppjfqmimmmfw/Build/Intermediates.noindex/GeneratedModuleMaps-iphonesimulator/abslWrapper.modulemap -Xcc -fmodule-map-file\=/Users/siam/Library/Developer/Xcode/DerivedData/Lingua_Quest-gvpckrqxtbgyprbgppjfqmimmmfw/Build/Intermediates.noindex/GeneratedModuleMaps-iphonesimulator/opensslWrapper.modulemap -Xcc -fmodule-map-file\=/Users/siam/Library/Developer/Xcode/DerivedData/Lingua_Quest-gvpckrqxtbgyprbgppjfqmimmmfw/Build/Intermediates.noindex/GeneratedModuleMaps-iphonesimulator/grpcWrapper.modulemap -Xcc -fmodule-map-file\=/Users/siam/Library/Developer/Xcode/DerivedData/Lingua_Quest-gvpckrqxtbgyprbgppjfqmimmmfw/Build/Intermediates.noindex/GeneratedModuleMaps-iphonesimulator/grpcppWrapper.modulemap -Xcc -fmodule-map-file\=/Users/siam/Library/Developer/Xcode/DerivedData/Lingua_Quest-gvpckrqxtbgyprbgppjfqmimmmfw/Build/Intermediates.noindex/GeneratedModuleMaps-iphonesimulator/nanopb.modulemap -Xcc -fmodule-map-file\=/Users/siam/Library/Developer/Xcode/DerivedData/Lingua_Quest-gvpckrqxtbgyprbgppjfqmimmmfw/Build/Intermediates.noindex/GeneratedModuleMaps-iphonesimulator/leveldb.modulemap -Xcc -fmodule-map-file\=/Users/siam/Library/Developer/Xcode/DerivedData/Lingua_Quest-gvpckrqxtbgyprbgppjfqmimmmfw/Build/Intermediates.noindex/GeneratedModuleMaps-iphonesimulator/FirebaseFirestoreInternalWrapper.modulemap -Xcc -fmodule-map-file\=/Users/siam/Library/Developer/Xcode/DerivedData/Lingua_Quest-gvpckrqxtbgyprbgppjfqmimmmfw/Build/Intermediates.noindex/GeneratedModuleMaps-iphonesimulator/FirebaseFirestoreTarget.modulemap -Xcc -fmodule-map-file\=/Users/siam/Library/Developer/Xcode/DerivedData/Lingua_Quest-gvpckrqxtbgyprbgppjfqmimmmfw/Build/Intermediates.noindex/GeneratedModuleMaps-iphonesimulator/AppAuth.modulemap -Xcc -fmodule-map-file\=/Users/siam/Library/Developer/Xcode/DerivedData/Lingua_Quest-gvpckrqxtbgyprbgppjfqmimmmfw/Build/Intermediates.noindex/GeneratedModuleMaps-iphonesimulator/AppAuthCore.modulemap -Xcc -fmodule-map-file\=/Users/siam/Library/Developer/Xcode/DerivedData/Lingua_Quest-gvpckrqxtbgyprbgppjfqmimmmfw/Build/Intermediates.noindex/GeneratedModuleMaps-iphonesimulator/GoogleSignIn.modulemap -Xcc -fmodule-map-file\=/Users/siam/Library/Developer/Xcode/DerivedData/Lingua_Quest-gvpckrqxtbgyprbgppjfqmimmmfw/Build/Intermediates.noindex/GeneratedModuleMaps-iphonesimulator/GoogleUtilities-Network.modulemap -Xcc -fmodule-map-file\=/Users/siam/Library/Developer/Xcode/DerivedData/Lingua_Quest-gvpckrqxtbgyprbgppjfqmimmmfw/Build/Intermediates.noindex/GeneratedModuleMaps-iphonesimulator/GoogleUtilities-Reachability.modulemap -Xcc -fmodule-map-file\=/Users/siam/Library/Developer/Xcode/DerivedData/Lingua_Quest-gvpckrqxtbgyprbgppjfqmimmmfw/Build/Intermediates.noindex/GeneratedModuleMaps-iphonesimulator/GoogleUtilities-AppDelegateSwizzler.modulemap -Xcc -fmodule-map-file\=/Users/siam/Library/Developer/Xcode/DerivedData/Lingua_Quest-gvpckrqxtbgyprbgppjfqmimmmfw/Build/Intermediates.noindex/GeneratedModuleMaps-iphonesimulator/GTMSessionFetcherCore.modulemap -Xcc -fmodule-map-file\=/Users/siam/Library/Developer/Xcode/DerivedData/Lingua_Quest-gvpckrqxtbgyprbgppjfqmimmmfw/Build/Intermediates.noindex/GeneratedModuleMaps-iphonesimulator/FirebaseAuthInternal.modulemap -Xcc -fmodule-map-file\=/Users/siam/Library/Developer/Xcode/DerivedData/Lingua_Quest-gvpckrqxtbgyprbgppjfqmimmmfw/Build/Intermediates.noindex/GeneratedModuleMaps-iphonesimulator/GoogleUtilities-NSData.modulemap -Xcc -fmodule-map-file\=/Users/siam/Library/Developer/Xcode/DerivedData/Lingua_Quest-gvpckrqxtbgyprbgppjfqmimmmfw/Build/Intermediates.noindex/GeneratedModuleMaps-iphonesimulator/RecaptchaInterop.modulemap -Xcc -fmodule-map-file\=/Users/siam/Library/Developer/Xcode/DerivedData/Lingua_Quest-gvpckrqxtbgyprbgppjfqmimmmfw/Build/Intermediates.noindex/GeneratedModuleMaps-iphonesimulator/AppCheckCore.modulemap -Xcc -fmodule-map-file\=/Users/siam/Library/Developer/Xcode/DerivedData/Lingua_Quest-gvpckrqxtbgyprbgppjfqmimmmfw/Build/Intermediates.noindex/GeneratedModuleMaps-iphonesimulator/GoogleUtilities-Logger.modulemap -Xcc -fmodule-map-file\=/Users/siam/Library/Developer/Xcode/DerivedData/Lingua_Quest-gvpckrqxtbgyprbgppjfqmimmmfw/Build/Intermediates.noindex/GeneratedModuleMaps-iphonesimulator/GoogleUtilities-Environment.modulemap -Xcc -fmodule-map-file\=/Users/siam/Library/Developer/Xcode/DerivedData/Lingua_Quest-gvpckrqxtbgyprbgppjfqmimmmfw/Build/Intermediates.noindex/GeneratedModuleMaps-iphonesimulator/third-party-IsAppEncrypted.modulemap -Xcc -fmodule-map-file\=/Users/siam/Library/Developer/Xcode/DerivedData/Lingua_Quest-gvpckrqxtbgyprbgppjfqmimmmfw/Build/Intermediates.noindex/GeneratedModuleMaps-iphonesimulator/GoogleUtilities-UserDefaults.modulemap -Xcc -fmodule-map-file\=/Users/siam/Library/Developer/Xcode/DerivedData/Lingua_Quest-gvpckrqxtbgyprbgppjfqmimmmfw/Build/Intermediates.noindex/GeneratedModuleMaps-iphonesimulator/FirebaseCoreExtension.modulemap -Xcc -fmodule-map-file\=/Users/siam/Library/Developer/Xcode/DerivedData/Lingua_Quest-gvpckrqxtbgyprbgppjfqmimmmfw/Build/Intermediates.noindex/GeneratedModuleMaps-iphonesimulator/FirebaseAuthInterop.modulemap -Xcc -fmodule-map-file\=/Users/siam/Library/Developer/Xcode/DerivedData/Lingua_Quest-gvpckrqxtbgyprbgppjfqmimmmfw/Build/Intermediates.noindex/GeneratedModuleMaps-iphonesimulator/FirebaseAppCheck.modulemap -Xcc -fmodule-map-file\=/Users/siam/Library/Developer/Xcode/DerivedData/Lingua_Quest-gvpckrqxtbgyprbgppjfqmimmmfw/Build/Intermediates.noindex/GeneratedModuleMaps-iphonesimulator/FirebaseCore.modulemap -Xcc -fmodule-map-file\=/Users/siam/Library/Developer/Xcode/DerivedData/Lingua_Quest-gvpckrqxtbgyprbgppjfqmimmmfw/Build/Intermediates.noindex/GeneratedModuleMaps-iphonesimulator/FirebaseAppCheckInterop.modulemap -Xcc -D_LIBCPP_HARDENING_MODE\=_LIBCPP_HARDENING_MODE_DEBUG -Xcc -ivfsstatcache -Xcc /Users/siam/Library/Developer/Xcode/DerivedData/SDKStatCaches.noindex/iphonesimulator26.0-23A339-26257891a6c027eb51374368541b8346.sdkstatcache -Xcc -I/Users/siam/Library/Developer/Xcode/DerivedData/Lingua_Quest-gvpckrqxtbgyprbgppjfqmimmmfw/Build/Intermediates.noindex/Lingua\ Quest.build/Debug-iphonesimulator/Lingua\ Quest.build/swift-overrides.hmap -Xcc -iquote -Xcc /Users/siam/Library/Developer/Xcode/DerivedData/Lingua_Quest-gvpckrqxtbgyprbgppjfqmimmmfw/Build/Intermediates.noindex/Lingua\ Quest.build/Debug-iphonesimulator/Lingua\ Quest.build/Lingua\ Quest-generated-files.hmap -Xcc -I/Users/siam/Library/Developer/Xcode/DerivedData/Lingua_Quest-gvpckrqxtbgyprbgppjfqmimmmfw/Build/Intermediates.noindex/Lingua\ Quest.build/Debug-iphonesimulator/Lingua\ Quest.build/Lingua\ Quest-own-target-headers.hmap -Xcc -I/Users/siam/Library/Developer/Xcode/DerivedData/Lingua_Quest-gvpckrqxtbgyprbgppjfqmimmmfw/Build/Intermediates.noindex/Lingua\ Quest.build/Debug-iphonesimulator/Lingua\ Quest.build/Lingua\ Quest-all-non-framework-target-headers.hmap -Xcc -ivfsoverlay -Xcc /Users/siam/Library/Developer/Xcode/DerivedData/Lingua_Quest-gvpckrqxtbgyprbgppjfqmimmmfw/Build/Intermediates.noindex/Lingua\ Quest.build/Debug-iphonesimulator/Lingua\ Quest-29a806bd443931d1fbd88a63f8737238-VFS-iphonesimulator/all-product-headers.yaml -Xcc -iquote -Xcc /Users/siam/Library/Developer/Xcode/DerivedData/Lingua_Quest-gvpckrqxtbgyprbgppjfqmimmmfw/Build/Intermediates.noindex/Lingua\ Quest.build/Debug-iphonesimulator/Lingua\ Quest.build/Lingua\ Quest-project-headers.hmap -Xcc -I/Users/siam/Library/Developer/Xcode/DerivedData/Lingua_Quest-gvpckrqxtbgyprbgppjfqmimmmfw/SourcePackages/checkouts/abseil-cpp-binary/absl-Wrapper/include -Xcc -I/Users/siam/Library/Developer/Xcode/DerivedData/Lingua_Quest-gvpckrqxtbgyprbgppjfqmimmmfw/SourcePackages/checkouts/grpc-binary/openssl-grpc-Wrapper/include -Xcc -I/Users/siam/Library/Developer/Xcode/DerivedData/Lingua_Quest-gvpckrqxtbgyprbgppjfqmimmmfw/SourcePackages/checkouts/grpc-binary/grpc-Wrapper/include -Xcc -I/Users/siam/Library/Developer/Xcode/DerivedData/Lingua_Quest-gvpckrqxtbgyprbgppjfqmimmmfw/SourcePackages/checkouts/grpc-binary/grpcpp-Wrapper/include -Xcc -I/Users/siam/Library/Developer/Xcode/DerivedData/Lingua_Quest-gvpckrqxtbgyprbgppjfqmimmmfw/SourcePackages/checkouts/nanopb/spm_headers -Xcc -I/Users/siam/Library/Developer/Xcode/DerivedData/Lingua_Quest-gvpckrqxtbgyprbgppjfqmimmmfw/SourcePackages/checkouts/leveldb/include -Xcc -I/Users/siam/Library/Developer/Xcode/DerivedData/Lingua_Quest-gvpckrqxtbgyprbgppjfqmimmmfw/SourcePackages/checkouts/firebase-ios-sdk/FirebaseFirestoreInternal -Xcc -I/Users/siam/Library/Developer/Xcode/DerivedData/Lingua_Quest-gvpckrqxtbgyprbgppjfqmimmmfw/SourcePackages/checkouts/firebase-ios-sdk/SwiftPM-PlatformExclude/FirebaseFirestoreWrap/include -Xcc -I/Users/siam/Library/Developer/Xcode/DerivedData/Lingua_Quest-gvpckrqxtbgyprbgppjfqmimmmfw/SourcePackages/checkouts/AppAuth-iOS/Sources/AppAuth -Xcc -I/Users/siam/Library/Developer/Xcode/DerivedData/Lingua_Quest-gvpckrqxtbgyprbgppjfqmimmmfw/SourcePackages/checkouts/AppAuth-iOS/Sources/AppAuthCore -Xcc -I/Users/siam/Library/Developer/Xcode/DerivedData/Lingua_Quest-gvpckrqxtbgyprbgppjfqmimmmfw/SourcePackages/checkouts/GoogleSignIn-iOS/GoogleSignIn/Sources/Public -Xcc -I/Users/siam/Library/Developer/Xcode/DerivedData/Lingua_Quest-gvpckrqxtbgyprbgppjfqmimmmfw/SourcePackages/checkouts/GoogleUtilities/GoogleUtilities/Network/Public -Xcc -I/Users/siam/Library/Developer/Xcode/DerivedData/Lingua_Quest-gvpckrqxtbgyprbgppjfqmimmmfw/SourcePackages/checkouts/GoogleUtilities/GoogleUtilities/Reachability/Public -Xcc -I/Users/siam/Library/Developer/Xcode/DerivedData/Lingua_Quest-gvpckrqxtbgyprbgppjfqmimmmfw/SourcePackages/checkouts/GoogleUtilities/GoogleUtilities/AppDelegateSwizzler/Public -Xcc -I/Users/siam/Library/Developer/Xcode/DerivedData/Lingua_Quest-gvpckrqxtbgyprbgppjfqmimmmfw/SourcePackages/checkouts/gtm-session-fetcher/Sources/Core/Public -Xcc -I/Users/siam/Library/Developer/Xcode/DerivedData/Lingua_Quest-gvpckrqxtbgyprbgppjfqmimmmfw/SourcePackages/checkouts/firebase-ios-sdk/FirebaseAuth/Sources/Public -Xcc -I/Users/siam/Library/Developer/Xcode/DerivedData/Lingua_Quest-gvpckrqxtbgyprbgppjfqmimmmfw/SourcePackages/checkouts/GoogleUtilities/GoogleUtilities/NSData+zlib/Public -Xcc -I/Users/siam/Library/Developer/Xcode/DerivedData/Lingua_Quest-gvpckrqxtbgyprbgppjfqmimmmfw/SourcePackages/checkouts/interop-ios-for-google-sdks/RecaptchaEnterprise/RecaptchaInterop/Public -Xcc -I/Users/siam/Library/Developer/Xcode/DerivedData/Lingua_Quest-gvpckrqxtbgyprbgppjfqmimmmfw/SourcePackages/checkouts/promises/Sources/FBLPromises/include -Xcc -I/Users/siam/Library/Developer/Xcode/DerivedData/Lingua_Quest-gvpckrqxtbgyprbgppjfqmimmmfw/SourcePackages/checkouts/app-check/AppCheckCore/Sources/Public -Xcc -I/Users/siam/Library/Developer/Xcode/DerivedData/Lingua_Quest-gvpckrqxtbgyprbgppjfqmimmmfw/SourcePackages/checkouts/GoogleUtilities/GoogleUtilities/Logger/Public -Xcc -I/Users/siam/Library/Developer/Xcode/DerivedData/Lingua_Quest-gvpckrqxtbgyprbgppjfqmimmmfw/SourcePackages/checkouts/GoogleUtilities/GoogleUtilities/Environment/Public -Xcc -I/Users/siam/Library/Developer/Xcode/DerivedData/Lingua_Quest-gvpckrqxtbgyprbgppjfqmimmmfw/SourcePackages/checkouts/GoogleUtilities/third_party/IsAppEncrypted/Public -Xcc -I/Users/siam/Library/Developer/Xcode/DerivedData/Lingua_Quest-gvpckrqxtbgyprbgppjfqmimmmfw/SourcePackages/checkouts/GoogleUtilities/GoogleUtilities/UserDefaults/Public -Xcc -I/Users/siam/Library/Developer/Xcode/DerivedData/Lingua_Quest-gvpckrqxtbgyprbgppjfqmimmmfw/SourcePackages/checkouts/firebase-ios-sdk/FirebaseCore/Extension -Xcc -I/Users/siam/Library/Developer/Xcode/DerivedData/Lingua_Quest-gvpckrqxtbgyprbgppjfqmimmmfw/SourcePackages/checkouts/firebase-ios-sdk/FirebaseAuth/Interop/Public -Xcc -I/Users/siam/Library/Developer/Xcode/DerivedData/Lingua_Quest-gvpckrqxtbgyprbgppjfqmimmmfw/SourcePackages/checkouts/firebase-ios-sdk/FirebaseAppCheck/Sources/Public -Xcc -I/Users/siam/Library/Developer/Xcode/DerivedData/Lingua_Quest-gvpckrqxtbgyprbgppjfqmimmmfw/SourcePackages/checkouts/firebase-ios-sdk/FirebaseCore/Sources/Public -Xcc -I/Users/siam/Library/Developer/Xcode/DerivedData/Lingua_Quest-gvpckrqxtbgyprbgppjfqmimmmfw/SourcePackages/checkouts/firebase-ios-sdk/CoreOnly/Sources -Xcc -I/Users/siam/Library/Developer/Xcode/DerivedData/Lingua_Quest-gvpckrqxtbgyprbgppjfqmimmmfw/SourcePackages/checkouts/firebase-ios-sdk/FirebaseAppCheck/Interop/Public -Xcc -I/Users/siam/Library/Developer/Xcode/DerivedData/Lingua_Quest-gvpckrqxtbgyprbgppjfqmimmmfw/Build/Products/Debug-iphonesimulator/include -Xcc -I/Users/siam/Library/Developer/Xcode/DerivedData/Lingua_Quest-gvpckrqxtbgyprbgppjfqmimmmfw/Build/Intermediates.noindex/Lingua\ Quest.build/Debug-iphonesimulator/Lingua\ Quest.build/DerivedSources-normal/arm64 -Xcc -I/Users/siam/Library/Developer/Xcode/DerivedData/Lingua_Quest-gvpckrqxtbgyprbgppjfqmimmmfw/Build/Intermediates.noindex/Lingua\ Quest.build/Debug-iphonesimulator/Lingua\ Quest.build/DerivedSources/arm64 -Xcc -I/Users/siam/Library/Developer/Xcode/DerivedData/Lingua_Quest-gvpckrqxtbgyprbgppjfqmimmmfw/Build/Intermediates.noindex/Lingua\ Quest.build/Debug-iphonesimulator/Lingua\ Quest.build/DerivedSources -Xcc -DDEBUG\=1 -no-auto-bridging-header-chaining -module-name Lingua_Quest -frontend-parseable-output -disable-clang-spi -target-sdk-version 26.0 -target-sdk-name iphonesimulator26.0 -clang-target arm64-apple-ios26.0-simulator -in-process-plugin-server-path /Applications/Xcode.app/Contents/Developer/Toolchains/XcodeDefault.xctoolchain/usr/lib/swift/host/libSwiftInProcPluginServer.dylib -o /Users/siam/Library/Developer/Xcode/DerivedData/Lingua_Quest-gvpckrqxtbgyprbgppjfqmimmmfw/Build/Intermediates.noindex/Lingua\ Quest.build/Debug-iphonesimulator/Lingua\ Quest.build/Objects-normal/arm64/ProfileRepositoryImpl.o -o /Users/siam/Library/Developer/Xcode/DerivedData/Lingua_Quest-gvpckrqxtbgyprbgppjfqmimmmfw/Build/Intermediates.noindex/Lingua\ Quest.build/Debug-iphonesimulator/Lingua\ Quest.build/Objects-normal/arm64/AchievementEntity.o -o /Users/siam/Library/Developer/Xcode/DerivedData/Lingua_Quest-gvpckrqxtbgyprbgppjfqmimmmfw/Build/Intermediates.noindex/Lingua\ Quest.build/Debug-iphonesimulator/Lingua\ Quest.build/Objects-normal/arm64/ExplorerEntity.o -o /Users/siam/Library/Developer/Xcode/DerivedData/Lingua_Quest-gvpckrqxtbgyprbgppjfqmimmmfw/Build/Intermediates.noindex/Lingua\ Quest.build/Debug-iphonesimulator/Lingua\ Quest.build/Objects-normal/arm64/FullAchievementEntity.o -o /Users/siam/Library/Developer/Xcode/DerivedData/Lingua_Quest-gvpckrqxtbgyprbgppjfqmimmmfw/Build/Intermediates.noindex/Lingua\ Quest.build/Debug-iphonesimulator/Lingua\ Quest.build/Objects-normal/arm64/LeaderboardDataEntity.o -o /Users/siam/Library/Developer/Xcode/DerivedData/Lingua_Quest-gvpckrqxtbgyprbgppjfqmimmmfw/Build/Intermediates.noindex/Lingua\ Quest.build/Debug-iphonesimulator/Lingua\ Quest.build/Objects-normal/arm64/LeaderboardUser.o -o /Users/siam/Library/Developer/Xcode/DerivedData/Lingua_Quest-gvpckrqxtbgyprbgppjfqmimmmfw/Build/Intermediates.noindex/Lingua\ Quest.build/Debug-iphonesimulator/Lingua\ Quest.build/Objects-normal/arm64/UserProfileEntity.o -o /Users/siam/Library/Developer/Xcode/DerivedData/Lingua_Quest-gvpckrqxtbgyprbgppjfqmimmmfw/Build/Intermediates.noindex/Lingua\ Quest.build/Debug-iphonesimulator/Lingua\ Quest.build/Objects-normal/arm64/WeeklyRewardEntity.o -o /Users/siam/Library/Developer/Xcode/DerivedData/Lingua_Quest-gvpckrqxtbgyprbgppjfqmimmmfw/Build/Intermediates.noindex/Lingua\ Quest.build/Debug-iphonesimulator/Lingua\ Quest.build/Objects-normal/arm64/ProfileRepositoryProtocol.o -o /Users/siam/Library/Developer/Xcode/DerivedData/Lingua_Quest-gvpckrqxtbgyprbgppjfqmimmmfw/Build/Intermediates.noindex/Lingua\ Quest.build/Debug-iphonesimulator/Lingua\ Quest.build/Objects-normal/arm64/ClaimWeeklyRewardUseCase.o -o /Users/siam/Library/Developer/Xcode/DerivedData/Lingua_Quest-gvpckrqxtbgyprbgppjfqmimmmfw/Build/Intermediates.noindex/Lingua\ Quest.build/Debug-iphonesimulator/Lingua\ Quest.build/Objects-normal/arm64/CompleteProfileUseCase.o -o /Users/siam/Library/Developer/Xcode/DerivedData/Lingua_Quest-gvpckrqxtbgyprbgppjfqmimmmfw/Build/Intermediates.noindex/Lingua\ Quest.build/Debug-iphonesimulator/Lingua\ Quest.build/Objects-normal/arm64/GetAchievementsUseCase.o -o /Users/siam/Library/Developer/Xcode/DerivedData/Lingua_Quest-gvpckrqxtbgyprbgppjfqmimmmfw/Build/Intermediates.noindex/Lingua\ Quest.build/Debug-iphonesimulator/Lingua\ Quest.build/Objects-normal/arm64/GetLeaderboardUseCase.o -o /Users/siam/Library/Developer/Xcode/DerivedData/Lingua_Quest-gvpckrqxtbgyprbgppjfqmimmmfw/Build/Intermediates.noindex/Lingua\ Quest.build/Debug-iphonesimulator/Lingua\ Quest.build/Objects-normal/arm64/GetProfileUseCase.o -o /Users/siam/Library/Developer/Xcode/DerivedData/Lingua_Quest-gvpckrqxtbgyprbgppjfqmimmmfw/Build/Intermediates.noindex/Lingua\ Quest.build/Debug-iphonesimulator/Lingua\ Quest.build/Objects-normal/arm64/GetWeeklyRewardUseCase.o -o /Users/siam/Library/Developer/Xcode/DerivedData/Lingua_Quest-gvpckrqxtbgyprbgppjfqmimmmfw/Build/Intermediates.noindex/Lingua\ Quest.build/Debug-iphonesimulator/Lingua\ Quest.build/Objects-normal/arm64/UpdateProfileUseCase.o -o /Users/siam/Library/Developer/Xcode/DerivedData/Lingua_Quest-gvpckrqxtbgyprbgppjfqmimmmfw/Build/Intermediates.noindex/Lingua\ Quest.build/Debug-iphonesimulator/Lingua\ Quest.build/Objects-normal/arm64/UploadProfilePhotoUseCase.o -o /Users/siam/Library/Developer/Xcode/DerivedData/Lingua_Quest-gvpckrqxtbgyprbgppjfqmimmmfw/Build/Intermediates.noindex/Lingua\ Quest.build/Debug-iphonesimulator/Lingua\ Quest.build/Objects-normal/arm64/AchievementUIModel.o -o /Users/siam/Library/Developer/Xcode/DerivedData/Lingua_Quest-gvpckrqxtbgyprbgppjfqmimmmfw/Build/Intermediates.noindex/Lingua\ Quest.build/Debug-iphonesimulator/Lingua\ Quest.build/Objects-normal/arm64/ExplorerUIModel.o -o /Users/siam/Library/Developer/Xcode/DerivedData/Lingua_Quest-gvpckrqxtbgyprbgppjfqmimmmfw/Build/Intermediates.noindex/Lingua\ Quest.build/Debug-iphonesimulator/Lingua\ Quest.build/Objects-normal/arm64/FullAchievementUIModel.o -o /Users/siam/Library/Developer/Xcode/DerivedData/Lingua_Quest-gvpckrqxtbgyprbgppjfqmimmmfw/Build/Intermediates.noindex/Lingua\ Quest.build/Debug-iphonesimulator/Lingua\ Quest.build/Objects-normal/arm64/AchievementsViewModel.o -o /Users/siam/Library/Developer/Xcode/DerivedData/Lingua_Quest-gvpckrqxtbgyprbgppjfqmimmmfw/Build/Intermediates.noindex/Lingua\ Quest.build/Debug-iphonesimulator/Lingua\ Quest.build/Objects-normal/arm64/EditProfileViewModel.o -o /Users/siam/Library/Developer/Xcode/DerivedData/Lingua_Quest-gvpckrqxtbgyprbgppjfqmimmmfw/Build/Intermediates.noindex/Lingua\ Quest.build/Debug-iphonesimulator/Lingua\ Quest.build/Objects-normal/arm64/LeaderboardViewModel.o -index-unit-output-path /Lingua\ Quest.build/Debug-iphonesimulator/Lingua\ Quest.build/Objects-normal/arm64/ProfileRepositoryImpl.o -index-unit-output-path /Lingua\ Quest.build/Debug-iphonesimulator/Lingua\ Quest.build/Objects-normal/arm64/AchievementEntity.o -index-unit-output-path /Lingua\ Quest.build/Debug-iphonesimulator/Lingua\ Quest.build/Objects-normal/arm64/ExplorerEntity.o -index-unit-output-path /Lingua\ Quest.build/Debug-iphonesimulator/Lingua\ Quest.build/Objects-normal/arm64/FullAchievementEntity.o -index-unit-output-path /Lingua\ Quest.build/Debug-iphonesimulator/Lingua\ Quest.build/Objects-normal/arm64/LeaderboardDataEntity.o -index-unit-output-path /Lingua\ Quest.build/Debug-iphonesimulator/Lingua\ Quest.build/Objects-normal/arm64/LeaderboardUser.o -index-unit-output-path /Lingua\ Quest.build/Debug-iphonesimulator/Lingua\ Quest.build/Objects-normal/arm64/UserProfileEntity.o -index-unit-output-path /Lingua\ Quest.build/Debug-iphonesimulator/Lingua\ Quest.build/Objects-normal/arm64/WeeklyRewardEntity.o -index-unit-output-path /Lingua\ Quest.build/Debug-iphonesimulator/Lingua\ Quest.build/Objects-normal/arm64/ProfileRepositoryProtocol.o -index-unit-output-path /Lingua\ Quest.build/Debug-iphonesimulator/Lingua\ Quest.build/Objects-normal/arm64/ClaimWeeklyRewardUseCase.o -index-unit-output-path /Lingua\ Quest.build/Debug-iphonesimulator/Lingua\ Quest.build/Objects-normal/arm64/CompleteProfileUseCase.o -index-unit-output-path /Lingua\ Quest.build/Debug-iphonesimulator/Lingua\ Quest.build/Objects-normal/arm64/GetAchievementsUseCase.o -index-unit-output-path /Lingua\ Quest.build/Debug-iphonesimulator/Lingua\ Quest.build/Objects-normal/arm64/GetLeaderboardUseCase.o -index-unit-output-path /Lingua\ Quest.build/Debug-iphonesimulator/Lingua\ Quest.build/Objects-normal/arm64/GetProfileUseCase.o -index-unit-output-path /Lingua\ Quest.build/Debug-iphonesimulator/Lingua\ Quest.build/Objects-normal/arm64/GetWeeklyRewardUseCase.o -index-unit-output-path /Lingua\ Quest.build/Debug-iphonesimulator/Lingua\ Quest.build/Objects-normal/arm64/UpdateProfileUseCase.o -index-unit-output-path /Lingua\ Quest.build/Debug-iphonesimulator/Lingua\ Quest.build/Objects-normal/arm64/UploadProfilePhotoUseCase.o -index-unit-output-path /Lingua\ Quest.build/Debug-iphonesimulator/Lingua\ Quest.build/Objects-normal/arm64/AchievementUIModel.o -index-unit-output-path /Lingua\ Quest.build/Debug-iphonesimulator/Lingua\ Quest.build/Objects-normal/arm64/ExplorerUIModel.o -index-unit-output-path /Lingua\ Quest.build/Debug-iphonesimulator/Lingua\ Quest.build/Objects-normal/arm64/FullAchievementUIModel.o -index-unit-output-path /Lingua\ Quest.build/Debug-iphonesimulator/Lingua\ Quest.build/Objects-normal/arm64/AchievementsViewModel.o -index-unit-output-path /Lingua\ Quest.build/Debug-iphonesimulator/Lingua\ Quest.build/Objects-normal/arm64/EditProfileViewModel.o -index-unit-output-path /Lingua\ Quest.build/Debug-iphonesimulator/Lingua\ Quest.build/Objects-normal/arm64/LeaderboardViewModel.o -index-store-path /Users/siam/Library/Developer/Xcode/DerivedData/Lingua_Quest-gvpckrqxtbgyprbgppjfqmimmmfw/Index.noindex/DataStore -index-system-modules

SwiftCompile normal arm64 /Users/siam/Desktop/Lingua\ Quest/Lingua\ Quest/Modules/Profile/Data/RepositoryImpl/ProfileRepositoryImpl.swift (in target 'Lingua Quest' from project 'Lingua Quest')
    cd /Users/siam/Desktop/Lingua\ Quest
    

SwiftCompile normal arm64 /Users/siam/Desktop/Lingua\ Quest/Lingua\ Quest/Modules/Profile/Domain/Entities/AchievementEntity.swift (in target 'Lingua Quest' from project 'Lingua Quest')
    cd /Users/siam/Desktop/Lingua\ Quest
    

SwiftCompile normal arm64 /Users/siam/Desktop/Lingua\ Quest/Lingua\ Quest/Modules/Profile/Domain/Entities/ExplorerEntity.swift (in target 'Lingua Quest' from project 'Lingua Quest')
    cd /Users/siam/Desktop/Lingua\ Quest
    

SwiftCompile normal arm64 /Users/siam/Desktop/Lingua\ Quest/Lingua\ Quest/Modules/Profile/Domain/Entities/FullAchievementEntity.swift (in target 'Lingua Quest' from project 'Lingua Quest')
    cd /Users/siam/Desktop/Lingua\ Quest
    

SwiftCompile normal arm64 /Users/siam/Desktop/Lingua\ Quest/Lingua\ Quest/Modules/Profile/Domain/Entities/LeaderboardDataEntity.swift (in target 'Lingua Quest' from project 'Lingua Quest')
    cd /Users/siam/Desktop/Lingua\ Quest
    

SwiftCompile normal arm64 /Users/siam/Desktop/Lingua\ Quest/Lingua\ Quest/Modules/Profile/Domain/Entities/LeaderboardUser.swift (in target 'Lingua Quest' from project 'Lingua Quest')
    cd /Users/siam/Desktop/Lingua\ Quest
    

SwiftCompile normal arm64 /Users/siam/Desktop/Lingua\ Quest/Lingua\ Quest/Modules/Profile/Domain/Entities/UserProfileEntity.swift (in target 'Lingua Quest' from project 'Lingua Quest')
    cd /Users/siam/Desktop/Lingua\ Quest
    

SwiftCompile normal arm64 /Users/siam/Desktop/Lingua\ Quest/Lingua\ Quest/Modules/Profile/Domain/Entities/WeeklyRewardEntity.swift (in target 'Lingua Quest' from project 'Lingua Quest')
    cd /Users/siam/Desktop/Lingua\ Quest
    

SwiftCompile normal arm64 /Users/siam/Desktop/Lingua\ Quest/Lingua\ Quest/Modules/Profile/Domain/RepositoryProtocol/ProfileRepositoryProtocol.swift (in target 'Lingua Quest' from project 'Lingua Quest')
    cd /Users/siam/Desktop/Lingua\ Quest
    

SwiftCompile normal arm64 /Users/siam/Desktop/Lingua\ Quest/Lingua\ Quest/Modules/Profile/Domain/UseCases/ClaimWeeklyRewardUseCase.swift (in target 'Lingua Quest' from project 'Lingua Quest')
    cd /Users/siam/Desktop/Lingua\ Quest
    
/Users/siam/Desktop/Lingua Quest/Lingua Quest/Modules/Profile/Domain/UseCases/ClaimWeeklyRewardUseCase.swift:15:29: error: cannot find type 'AchievementsRepositoryProtocol' in scope
    private let repository: AchievementsRepositoryProtocol
                            ^~~~~~~~~~~~~~~~~~~~~~~~~~~~~~
/Users/siam/Desktop/Lingua Quest/Lingua Quest/Modules/Profile/Domain/UseCases/ClaimWeeklyRewardUseCase.swift:17:22: error: cannot find type 'AchievementsRepositoryProtocol' in scope
    init(repository: AchievementsRepositoryProtocol) {
                     ^~~~~~~~~~~~~~~~~~~~~~~~~~~~~~

SwiftCompile normal arm64 /Users/siam/Desktop/Lingua\ Quest/Lingua\ Quest/Modules/Profile/Domain/UseCases/CompleteProfileUseCase.swift (in target 'Lingua Quest' from project 'Lingua Quest')
    cd /Users/siam/Desktop/Lingua\ Quest
    

SwiftCompile normal arm64 /Users/siam/Desktop/Lingua\ Quest/Lingua\ Quest/Modules/Profile/Domain/UseCases/GetAchievementsUseCase.swift (in target 'Lingua Quest' from project 'Lingua Quest')
    cd /Users/siam/Desktop/Lingua\ Quest
    
/Users/siam/Desktop/Lingua Quest/Lingua Quest/Modules/Profile/Domain/UseCases/GetAchievementsUseCase.swift:15:29: error: cannot find type 'AchievementsRepositoryProtocol' in scope
    private let repository: AchievementsRepositoryProtocol
                            ^~~~~~~~~~~~~~~~~~~~~~~~~~~~~~
/Users/siam/Desktop/Lingua Quest/Lingua Quest/Modules/Profile/Domain/UseCases/GetAchievementsUseCase.swift:17:22: error: cannot find type 'AchievementsRepositoryProtocol' in scope
    init(repository: AchievementsRepositoryProtocol) {
                     ^~~~~~~~~~~~~~~~~~~~~~~~~~~~~~

SwiftCompile normal arm64 /Users/siam/Desktop/Lingua\ Quest/Lingua\ Quest/Modules/Profile/Domain/UseCases/GetLeaderboardUseCase.swift (in target 'Lingua Quest' from project 'Lingua Quest')
    cd /Users/siam/Desktop/Lingua\ Quest
    
/Users/siam/Desktop/Lingua Quest/Lingua Quest/Modules/Profile/Domain/UseCases/GetLeaderboardUseCase.swift:15:29: error: cannot find type 'LeaderboardRepositoryProtocol' in scope
    private let repository: LeaderboardRepositoryProtocol
                            ^~~~~~~~~~~~~~~~~~~~~~~~~~~~~
/Users/siam/Desktop/Lingua Quest/Lingua Quest/Modules/Profile/Domain/UseCases/GetLeaderboardUseCase.swift:17:22: error: cannot find type 'LeaderboardRepositoryProtocol' in scope
    init(repository: LeaderboardRepositoryProtocol) {
                     ^~~~~~~~~~~~~~~~~~~~~~~~~~~~~

SwiftCompile normal arm64 /Users/siam/Desktop/Lingua\ Quest/Lingua\ Quest/Modules/Profile/Domain/UseCases/GetProfileUseCase.swift (in target 'Lingua Quest' from project 'Lingua Quest')
    cd /Users/siam/Desktop/Lingua\ Quest
    

SwiftCompile normal arm64 /Users/siam/Desktop/Lingua\ Quest/Lingua\ Quest/Modules/Profile/Domain/UseCases/GetWeeklyRewardUseCase.swift (in target 'Lingua Quest' from project 'Lingua Quest')
    cd /Users/siam/Desktop/Lingua\ Quest
    
/Users/siam/Desktop/Lingua Quest/Lingua Quest/Modules/Profile/Domain/UseCases/GetWeeklyRewardUseCase.swift:15:29: error: cannot find type 'AchievementsRepositoryProtocol' in scope
    private let repository: AchievementsRepositoryProtocol
                            ^~~~~~~~~~~~~~~~~~~~~~~~~~~~~~
/Users/siam/Desktop/Lingua Quest/Lingua Quest/Modules/Profile/Domain/UseCases/GetWeeklyRewardUseCase.swift:17:22: error: cannot find type 'AchievementsRepositoryProtocol' in scope
    init(repository: AchievementsRepositoryProtocol) {
                     ^~~~~~~~~~~~~~~~~~~~~~~~~~~~~~

SwiftCompile normal arm64 /Users/siam/Desktop/Lingua\ Quest/Lingua\ Quest/Modules/Profile/Domain/UseCases/UpdateProfileUseCase.swift (in target 'Lingua Quest' from project 'Lingua Quest')
    cd /Users/siam/Desktop/Lingua\ Quest
    

SwiftCompile normal arm64 /Users/siam/Desktop/Lingua\ Quest/Lingua\ Quest/Modules/Profile/Domain/UseCases/UploadProfilePhotoUseCase.swift (in target 'Lingua Quest' from project 'Lingua Quest')
    cd /Users/siam/Desktop/Lingua\ Quest
    

SwiftCompile normal arm64 /Users/siam/Desktop/Lingua\ Quest/Lingua\ Quest/Modules/Profile/Presentation/UIModels/AchievementUIModel.swift (in target 'Lingua Quest' from project 'Lingua Quest')
    cd /Users/siam/Desktop/Lingua\ Quest
    

SwiftCompile normal arm64 /Users/siam/Desktop/Lingua\ Quest/Lingua\ Quest/Modules/Profile/Presentation/UIModels/ExplorerUIModel.swift (in target 'Lingua Quest' from project 'Lingua Quest')
    cd /Users/siam/Desktop/Lingua\ Quest
    

SwiftCompile normal arm64 /Users/siam/Desktop/Lingua\ Quest/Lingua\ Quest/Modules/Profile/Presentation/UIModels/FullAchievementUIModel.swift (in target 'Lingua Quest' from project 'Lingua Quest')
    cd /Users/siam/Desktop/Lingua\ Quest
    

SwiftCompile normal arm64 /Users/siam/Desktop/Lingua\ Quest/Lingua\ Quest/Modules/Profile/Presentation/ViewModels/AchievementsViewModel.swift (in target 'Lingua Quest' from project 'Lingua Quest')
    cd /Users/siam/Desktop/Lingua\ Quest
    

SwiftCompile normal arm64 /Users/siam/Desktop/Lingua\ Quest/Lingua\ Quest/Modules/Profile/Presentation/ViewModels/EditProfileViewModel.swift (in target 'Lingua Quest' from project 'Lingua Quest')
    cd /Users/siam/Desktop/Lingua\ Quest
    

SwiftCompile normal arm64 /Users/siam/Desktop/Lingua\ Quest/Lingua\ Quest/Modules/Profile/Presentation/ViewModels/LeaderboardViewModel.swift (in target 'Lingua Quest' from project 'Lingua Quest')
    cd /Users/siam/Desktop/Lingua\ Quest
    

SwiftCompile normal arm64 Compiling\ GetGameLevelsUseCase.swift,\ CameraCaptureViewModel.swift,\ CameraResultViewModel.swift,\ CameraTaskQuestViewModel.swift,\ GameLevelsViewModel.swift,\ CameraPreviewView.swift,\ FloatingParticlesView.swift,\ GameHintSheet.swift,\ GameLoadingNodeView.swift,\ LevelNodeView.swift,\ MascotSpeechBubble.swift,\ StarsRatingView.swift,\ WindingRoadShape.swift,\ CameraCaptureView.swift,\ CameraResultView.swift,\ CameraTaskQuestView.swift,\ GameLevelsView.swift,\ CameraManager.swift,\ HomeLocalDataSource.swift,\ HomeEndpoint.swift,\ HomeRemoteDataSource.swift,\ LanguageEndpoint.swift,\ HomeResponseDTO.swift /Users/siam/Desktop/Lingua\ Quest/Lingua\ Quest/Modules/Game/Domain/UseCases/GetGameLevelsUseCase.swift /Users/siam/Desktop/Lingua\ Quest/Lingua\ Quest/Modules/Game/Presentation/ViewModels/CameraCaptureViewModel.swift /Users/siam/Desktop/Lingua\ Quest/Lingua\ Quest/Modules/Game/Presentation/ViewModels/CameraResultViewModel.swift /Users/siam/Desktop/Lingua\ Quest/Lingua\ Quest/Modules/Game/Presentation/ViewModels/CameraTaskQuestViewModel.swift /Users/siam/Desktop/Lingua\ Quest/Lingua\ Quest/Modules/Game/Presentation/ViewModels/GameLevelsViewModel.swift /Users/siam/Desktop/Lingua\ Quest/Lingua\ Quest/Modules/Game/Presentation/Views/Components/CameraPreviewView.swift /Users/siam/Desktop/Lingua\ Quest/Lingua\ Quest/Modules/Game/Presentation/Views/Components/FloatingParticlesView.swift /Users/siam/Desktop/Lingua\ Quest/Lingua\ Quest/Modules/Game/Presentation/Views/Components/GameHintSheet.swift /Users/siam/Desktop/Lingua\ Quest/Lingua\ Quest/Modules/Game/Presentation/Views/Components/GameLoadingNodeView.swift /Users/siam/Desktop/Lingua\ Quest/Lingua\ Quest/Modules/Game/Presentation/Views/Components/LevelNodeView.swift /Users/siam/Desktop/Lingua\ Quest/Lingua\ Quest/Modules/Game/Presentation/Views/Components/MascotSpeechBubble.swift /Users/siam/Desktop/Lingua\ Quest/Lingua\ Quest/Modules/Game/Presentation/Views/Components/StarsRatingView.swift /Users/siam/Desktop/Lingua\ Quest/Lingua\ Quest/Modules/Game/Presentation/Views/Components/WindingRoadShape.swift /Users/siam/Desktop/Lingua\ Quest/Lingua\ Quest/Modules/Game/Presentation/Views/CameraCaptureView.swift /Users/siam/Desktop/Lingua\ Quest/Lingua\ Quest/Modules/Game/Presentation/Views/CameraResultView.swift /Users/siam/Desktop/Lingua\ Quest/Lingua\ Quest/Modules/Game/Presentation/Views/CameraTaskQuestView.swift /Users/siam/Desktop/Lingua\ Quest/Lingua\ Quest/Modules/Game/Presentation/Views/GameLevelsView.swift /Users/siam/Desktop/Lingua\ Quest/Lingua\ Quest/Modules/Game/Utils/CameraManager.swift /Users/siam/Desktop/Lingua\ Quest/Lingua\ Quest/Modules/Home/Data/DataSources/Local/HomeLocalDataSource.swift /Users/siam/Desktop/Lingua\ Quest/Lingua\ Quest/Modules/Home/Data/DataSources/Remote/HomeEndpoint.swift /Users/siam/Desktop/Lingua\ Quest/Lingua\ Quest/Modules/Home/Data/DataSources/Remote/HomeRemoteDataSource.swift /Users/siam/Desktop/Lingua\ Quest/Lingua\ Quest/Modules/Home/Data/DataSources/Remote/LanguageEndpoint.swift /Users/siam/Desktop/Lingua\ Quest/Lingua\ Quest/Modules/Home/Data/DTOs/HomeResponseDTO.swift (in target 'Lingua Quest' from project 'Lingua Quest')

SwiftCompile normal arm64 /Users/siam/Desktop/Lingua\ Quest/Lingua\ Quest/Modules/Game/Domain/UseCases/GetGameLevelsUseCase.swift (in target 'Lingua Quest' from project 'Lingua Quest')
    cd /Users/siam/Desktop/Lingua\ Quest
    

SwiftCompile normal arm64 /Users/siam/Desktop/Lingua\ Quest/Lingua\ Quest/Modules/Game/Presentation/ViewModels/CameraCaptureViewModel.swift (in target 'Lingua Quest' from project 'Lingua Quest')
    cd /Users/siam/Desktop/Lingua\ Quest
    

SwiftCompile normal arm64 /Users/siam/Desktop/Lingua\ Quest/Lingua\ Quest/Modules/Game/Presentation/ViewModels/CameraResultViewModel.swift (in target 'Lingua Quest' from project 'Lingua Quest')
    cd /Users/siam/Desktop/Lingua\ Quest
    

SwiftCompile normal arm64 /Users/siam/Desktop/Lingua\ Quest/Lingua\ Quest/Modules/Game/Presentation/ViewModels/CameraTaskQuestViewModel.swift (in target 'Lingua Quest' from project 'Lingua Quest')
    cd /Users/siam/Desktop/Lingua\ Quest
    

SwiftCompile normal arm64 /Users/siam/Desktop/Lingua\ Quest/Lingua\ Quest/Modules/Game/Presentation/ViewModels/GameLevelsViewModel.swift (in target 'Lingua Quest' from project 'Lingua Quest')
    cd /Users/siam/Desktop/Lingua\ Quest
    

SwiftCompile normal arm64 /Users/siam/Desktop/Lingua\ Quest/Lingua\ Quest/Modules/Game/Presentation/Views/Components/CameraPreviewView.swift (in target 'Lingua Quest' from project 'Lingua Quest')
    cd /Users/siam/Desktop/Lingua\ Quest
    

SwiftCompile normal arm64 /Users/siam/Desktop/Lingua\ Quest/Lingua\ Quest/Modules/Game/Presentation/Views/Components/FloatingParticlesView.swift (in target 'Lingua Quest' from project 'Lingua Quest')
    cd /Users/siam/Desktop/Lingua\ Quest
    

SwiftCompile normal arm64 /Users/siam/Desktop/Lingua\ Quest/Lingua\ Quest/Modules/Game/Presentation/Views/Components/GameHintSheet.swift (in target 'Lingua Quest' from project 'Lingua Quest')
    cd /Users/siam/Desktop/Lingua\ Quest
    

SwiftCompile normal arm64 /Users/siam/Desktop/Lingua\ Quest/Lingua\ Quest/Modules/Game/Presentation/Views/Components/GameLoadingNodeView.swift (in target 'Lingua Quest' from project 'Lingua Quest')
    cd /Users/siam/Desktop/Lingua\ Quest
    

SwiftCompile normal arm64 /Users/siam/Desktop/Lingua\ Quest/Lingua\ Quest/Modules/Game/Presentation/Views/Components/LevelNodeView.swift (in target 'Lingua Quest' from project 'Lingua Quest')
    cd /Users/siam/Desktop/Lingua\ Quest
    

SwiftCompile normal arm64 /Users/siam/Desktop/Lingua\ Quest/Lingua\ Quest/Modules/Game/Presentation/Views/Components/MascotSpeechBubble.swift (in target 'Lingua Quest' from project 'Lingua Quest')
    cd /Users/siam/Desktop/Lingua\ Quest
    

SwiftCompile normal arm64 /Users/siam/Desktop/Lingua\ Quest/Lingua\ Quest/Modules/Game/Presentation/Views/Components/StarsRatingView.swift (in target 'Lingua Quest' from project 'Lingua Quest')
    cd /Users/siam/Desktop/Lingua\ Quest
    

SwiftCompile normal arm64 /Users/siam/Desktop/Lingua\ Quest/Lingua\ Quest/Modules/Game/Presentation/Views/Components/WindingRoadShape.swift (in target 'Lingua Quest' from project 'Lingua Quest')
    cd /Users/siam/Desktop/Lingua\ Quest
    

SwiftCompile normal arm64 /Users/siam/Desktop/Lingua\ Quest/Lingua\ Quest/Modules/Game/Presentation/Views/CameraCaptureView.swift (in target 'Lingua Quest' from project 'Lingua Quest')
    cd /Users/siam/Desktop/Lingua\ Quest
    

SwiftCompile normal arm64 /Users/siam/Desktop/Lingua\ Quest/Lingua\ Quest/Modules/Game/Presentation/Views/CameraResultView.swift (in target 'Lingua Quest' from project 'Lingua Quest')
    cd /Users/siam/Desktop/Lingua\ Quest
    

SwiftCompile normal arm64 /Users/siam/Desktop/Lingua\ Quest/Lingua\ Quest/Modules/Game/Presentation/Views/CameraTaskQuestView.swift (in target 'Lingua Quest' from project 'Lingua Quest')
    cd /Users/siam/Desktop/Lingua\ Quest
    

SwiftCompile normal arm64 /Users/siam/Desktop/Lingua\ Quest/Lingua\ Quest/Modules/Game/Presentation/Views/GameLevelsView.swift (in target 'Lingua Quest' from project 'Lingua Quest')
    cd /Users/siam/Desktop/Lingua\ Quest
    

SwiftCompile normal arm64 /Users/siam/Desktop/Lingua\ Quest/Lingua\ Quest/Modules/Game/Utils/CameraManager.swift (in target 'Lingua Quest' from project 'Lingua Quest')
    cd /Users/siam/Desktop/Lingua\ Quest
    

SwiftCompile normal arm64 /Users/siam/Desktop/Lingua\ Quest/Lingua\ Quest/Modules/Home/Data/DataSources/Local/HomeLocalDataSource.swift (in target 'Lingua Quest' from project 'Lingua Quest')
    cd /Users/siam/Desktop/Lingua\ Quest
    

SwiftCompile normal arm64 /Users/siam/Desktop/Lingua\ Quest/Lingua\ Quest/Modules/Home/Data/DataSources/Remote/HomeEndpoint.swift (in target 'Lingua Quest' from project 'Lingua Quest')
    cd /Users/siam/Desktop/Lingua\ Quest
    

SwiftCompile normal arm64 /Users/siam/Desktop/Lingua\ Quest/Lingua\ Quest/Modules/Home/Data/DataSources/Remote/HomeRemoteDataSource.swift (in target 'Lingua Quest' from project 'Lingua Quest')
    cd /Users/siam/Desktop/Lingua\ Quest
    

SwiftCompile normal arm64 /Users/siam/Desktop/Lingua\ Quest/Lingua\ Quest/Modules/Home/Data/DataSources/Remote/LanguageEndpoint.swift (in target 'Lingua Quest' from project 'Lingua Quest')
    cd /Users/siam/Desktop/Lingua\ Quest
    

SwiftCompile normal arm64 /Users/siam/Desktop/Lingua\ Quest/Lingua\ Quest/Modules/Home/Data/DTOs/HomeResponseDTO.swift (in target 'Lingua Quest' from project 'Lingua Quest')
    cd /Users/siam/Desktop/Lingua\ Quest
    

SwiftCompile normal arm64 Compiling\ MyLanguagesBottomSheet.swift,\ VoicePracticeCardView.swift,\ AddLanguageView.swift,\ HomeView.swift,\ OnBoardingEntities.swift,\ OnboardingUiState.swift,\ OnboardingViewModel.swift,\ ProfileCompletionViewModel.swift,\ LanguagePickerSheet.swift,\ LanguageRow.swift,\ LanguageSelectorButton.swift,\ LevelCard.swift,\ LanguageStepView.swift,\ LevelStepView.swift,\ OnboardingContainerView.swift,\ ProfileCompletionContainerView.swift,\ WelcomeStepView.swift,\ ProfileEndpoint.swift,\ ProfileRemoteDataSource.swift,\ AchievementsDTOs.swift,\ CompleteProfileRequestDTO.swift,\ LeaderboardDTOs.swift,\ ProfileDTO.swift /Users/siam/Desktop/Lingua\ Quest/Lingua\ Quest/Modules/Home/Presentation/Views/Components/MyLanguagesBottomSheet.swift /Users/siam/Desktop/Lingua\ Quest/Lingua\ Quest/Modules/Home/Presentation/Views/Components/VoicePracticeCardView.swift /Users/siam/Desktop/Lingua\ Quest/Lingua\ Quest/Modules/Home/Presentation/Views/AddLanguageView.swift /Users/siam/Desktop/Lingua\ Quest/Lingua\ Quest/Modules/Home/Presentation/Views/HomeView.swift /Users/siam/Desktop/Lingua\ Quest/Lingua\ Quest/Modules/OnBoarding/Domain/OnBoardingEntities.swift /Users/siam/Desktop/Lingua\ Quest/Lingua\ Quest/Modules/OnBoarding/Domain/OnboardingUiState.swift /Users/siam/Desktop/Lingua\ Quest/Lingua\ Quest/Modules/OnBoarding/Presentation/ViewModel/OnboardingViewModel.swift /Users/siam/Desktop/Lingua\ Quest/Lingua\ Quest/Modules/OnBoarding/Presentation/ViewModel/ProfileCompletionViewModel.swift /Users/siam/Desktop/Lingua\ Quest/Lingua\ Quest/Modules/OnBoarding/Presentation/Views/Custom/LanguagePickerSheet.swift /Users/siam/Desktop/Lingua\ Quest/Lingua\ Quest/Modules/OnBoarding/Presentation/Views/Custom/LanguageRow.swift /Users/siam/Desktop/Lingua\ Quest/Lingua\ Quest/Modules/OnBoarding/Presentation/Views/Custom/LanguageSelectorButton.swift /Users/siam/Desktop/Lingua\ Quest/Lingua\ Quest/Modules/OnBoarding/Presentation/Views/Custom/LevelCard.swift /Users/siam/Desktop/Lingua\ Quest/Lingua\ Quest/Modules/OnBoarding/Presentation/Views/LanguageStepView.swift /Users/siam/Desktop/Lingua\ Quest/Lingua\ Quest/Modules/OnBoarding/Presentation/Views/LevelStepView.swift /Users/siam/Desktop/Lingua\ Quest/Lingua\ Quest/Modules/OnBoarding/Presentation/Views/OnboardingContainerView.swift /Users/siam/Desktop/Lingua\ Quest/Lingua\ Quest/Modules/OnBoarding/Presentation/Views/ProfileCompletionContainerView.swift /Users/siam/Desktop/Lingua\ Quest/Lingua\ Quest/Modules/OnBoarding/Presentation/Views/WelcomeStepView.swift /Users/siam/Desktop/Lingua\ Quest/Lingua\ Quest/Modules/Profile/Data/DataSources/Remote/ProfileEndpoint.swift /Users/siam/Desktop/Lingua\ Quest/Lingua\ Quest/Modules/Profile/Data/DataSources/Remote/ProfileRemoteDataSource.swift /Users/siam/Desktop/Lingua\ Quest/Lingua\ Quest/Modules/Profile/Data/DTOs/AchievementsDTOs.swift /Users/siam/Desktop/Lingua\ Quest/Lingua\ Quest/Modules/Profile/Data/DTOs/CompleteProfileRequestDTO.swift /Users/siam/Desktop/Lingua\ Quest/Lingua\ Quest/Modules/Profile/Data/DTOs/LeaderboardDTOs.swift /Users/siam/Desktop/Lingua\ Quest/Lingua\ Quest/Modules/Profile/Data/DTOs/ProfileDTO.swift (in target 'Lingua Quest' from project 'Lingua Quest')

SwiftCompile normal arm64 /Users/siam/Desktop/Lingua\ Quest/Lingua\ Quest/Modules/Home/Presentation/Views/Components/MyLanguagesBottomSheet.swift (in target 'Lingua Quest' from project 'Lingua Quest')
    cd /Users/siam/Desktop/Lingua\ Quest
    

SwiftCompile normal arm64 /Users/siam/Desktop/Lingua\ Quest/Lingua\ Quest/Modules/Home/Presentation/Views/Components/VoicePracticeCardView.swift (in target 'Lingua Quest' from project 'Lingua Quest')
    cd /Users/siam/Desktop/Lingua\ Quest
    

SwiftCompile normal arm64 /Users/siam/Desktop/Lingua\ Quest/Lingua\ Quest/Modules/Home/Presentation/Views/AddLanguageView.swift (in target 'Lingua Quest' from project 'Lingua Quest')
    cd /Users/siam/Desktop/Lingua\ Quest
    

SwiftCompile normal arm64 /Users/siam/Desktop/Lingua\ Quest/Lingua\ Quest/Modules/Home/Presentation/Views/HomeView.swift (in target 'Lingua Quest' from project 'Lingua Quest')
    cd /Users/siam/Desktop/Lingua\ Quest
    

SwiftCompile normal arm64 /Users/siam/Desktop/Lingua\ Quest/Lingua\ Quest/Modules/OnBoarding/Domain/OnBoardingEntities.swift (in target 'Lingua Quest' from project 'Lingua Quest')
    cd /Users/siam/Desktop/Lingua\ Quest
    

SwiftCompile normal arm64 /Users/siam/Desktop/Lingua\ Quest/Lingua\ Quest/Modules/OnBoarding/Domain/OnboardingUiState.swift (in target 'Lingua Quest' from project 'Lingua Quest')
    cd /Users/siam/Desktop/Lingua\ Quest
    

SwiftCompile normal arm64 /Users/siam/Desktop/Lingua\ Quest/Lingua\ Quest/Modules/OnBoarding/Presentation/ViewModel/OnboardingViewModel.swift (in target 'Lingua Quest' from project 'Lingua Quest')
    cd /Users/siam/Desktop/Lingua\ Quest
    

SwiftCompile normal arm64 /Users/siam/Desktop/Lingua\ Quest/Lingua\ Quest/Modules/OnBoarding/Presentation/ViewModel/ProfileCompletionViewModel.swift (in target 'Lingua Quest' from project 'Lingua Quest')
    cd /Users/siam/Desktop/Lingua\ Quest
    

SwiftCompile normal arm64 /Users/siam/Desktop/Lingua\ Quest/Lingua\ Quest/Modules/OnBoarding/Presentation/Views/Custom/LanguagePickerSheet.swift (in target 'Lingua Quest' from project 'Lingua Quest')
    cd /Users/siam/Desktop/Lingua\ Quest
    

SwiftCompile normal arm64 /Users/siam/Desktop/Lingua\ Quest/Lingua\ Quest/Modules/OnBoarding/Presentation/Views/Custom/LanguageRow.swift (in target 'Lingua Quest' from project 'Lingua Quest')
    cd /Users/siam/Desktop/Lingua\ Quest
    

SwiftCompile normal arm64 /Users/siam/Desktop/Lingua\ Quest/Lingua\ Quest/Modules/OnBoarding/Presentation/Views/Custom/LanguageSelectorButton.swift (in target 'Lingua Quest' from project 'Lingua Quest')
    cd /Users/siam/Desktop/Lingua\ Quest
    

SwiftCompile normal arm64 /Users/siam/Desktop/Lingua\ Quest/Lingua\ Quest/Modules/OnBoarding/Presentation/Views/Custom/LevelCard.swift (in target 'Lingua Quest' from project 'Lingua Quest')
    cd /Users/siam/Desktop/Lingua\ Quest
    

SwiftCompile normal arm64 /Users/siam/Desktop/Lingua\ Quest/Lingua\ Quest/Modules/OnBoarding/Presentation/Views/LanguageStepView.swift (in target 'Lingua Quest' from project 'Lingua Quest')
    cd /Users/siam/Desktop/Lingua\ Quest
    

SwiftCompile normal arm64 /Users/siam/Desktop/Lingua\ Quest/Lingua\ Quest/Modules/OnBoarding/Presentation/Views/LevelStepView.swift (in target 'Lingua Quest' from project 'Lingua Quest')
    cd /Users/siam/Desktop/Lingua\ Quest
    

SwiftCompile normal arm64 /Users/siam/Desktop/Lingua\ Quest/Lingua\ Quest/Modules/OnBoarding/Presentation/Views/OnboardingContainerView.swift (in target 'Lingua Quest' from project 'Lingua Quest')
    cd /Users/siam/Desktop/Lingua\ Quest
    

SwiftCompile normal arm64 /Users/siam/Desktop/Lingua\ Quest/Lingua\ Quest/Modules/OnBoarding/Presentation/Views/ProfileCompletionContainerView.swift (in target 'Lingua Quest' from project 'Lingua Quest')
    cd /Users/siam/Desktop/Lingua\ Quest
    

SwiftCompile normal arm64 /Users/siam/Desktop/Lingua\ Quest/Lingua\ Quest/Modules/OnBoarding/Presentation/Views/WelcomeStepView.swift (in target 'Lingua Quest' from project 'Lingua Quest')
    cd /Users/siam/Desktop/Lingua\ Quest
    

SwiftCompile normal arm64 /Users/siam/Desktop/Lingua\ Quest/Lingua\ Quest/Modules/Profile/Data/DataSources/Remote/ProfileEndpoint.swift (in target 'Lingua Quest' from project 'Lingua Quest')
    cd /Users/siam/Desktop/Lingua\ Quest
    

SwiftCompile normal arm64 /Users/siam/Desktop/Lingua\ Quest/Lingua\ Quest/Modules/Profile/Data/DataSources/Remote/ProfileRemoteDataSource.swift (in target 'Lingua Quest' from project 'Lingua Quest')
    cd /Users/siam/Desktop/Lingua\ Quest
    

SwiftCompile normal arm64 /Users/siam/Desktop/Lingua\ Quest/Lingua\ Quest/Modules/Profile/Data/DTOs/AchievementsDTOs.swift (in target 'Lingua Quest' from project 'Lingua Quest')
    cd /Users/siam/Desktop/Lingua\ Quest
    

SwiftCompile normal arm64 /Users/siam/Desktop/Lingua\ Quest/Lingua\ Quest/Modules/Profile/Data/DTOs/CompleteProfileRequestDTO.swift (in target 'Lingua Quest' from project 'Lingua Quest')
    cd /Users/siam/Desktop/Lingua\ Quest
    

SwiftCompile normal arm64 /Users/siam/Desktop/Lingua\ Quest/Lingua\ Quest/Modules/Profile/Data/DTOs/LeaderboardDTOs.swift (in target 'Lingua Quest' from project 'Lingua Quest')
    cd /Users/siam/Desktop/Lingua\ Quest
    

SwiftCompile normal arm64 /Users/siam/Desktop/Lingua\ Quest/Lingua\ Quest/Modules/Profile/Data/DTOs/ProfileDTO.swift (in target 'Lingua Quest' from project 'Lingua Quest')
    cd /Users/siam/Desktop/Lingua\ Quest
    

SwiftCompile normal arm64 Compiling\ LanguageDTOs.swift,\ HomeRepositoryImpl.swift,\ DailyRewardClaimEntity.swift,\ DailyRewardEntity.swift,\ HomeData.swift,\ LanguageEntities.swift,\ HomeRepositoryProtocol.swift,\ ClaimDailyRewardUseCase.swift,\ GetDailyRewardUseCase.swift,\ GetHomeDataUseCase.swift,\ GetHomeWorldsUseCase.swift,\ LanguageUseCases.swift,\ DailyRewardDayUIModel.swift,\ DailyRewardViewModel.swift,\ HomeViewModel.swift,\ LanguageViewModel.swift,\ ContinueLessonCardView.swift,\ DailyBonusCardView.swift,\ LearningCardView.swift,\ DailyRewardCardContent.swift,\ DailyRewardDayNodeView.swift,\ DailyRewardTimelineView.swift,\ RewardAmountBadge.swift /Users/siam/Desktop/Lingua\ Quest/Lingua\ Quest/Modules/Home/Data/DTOs/LanguageDTOs.swift /Users/siam/Desktop/Lingua\ Quest/Lingua\ Quest/Modules/Home/Data/RepositoryImpl/HomeRepositoryImpl.swift /Users/siam/Desktop/Lingua\ Quest/Lingua\ Quest/Modules/Home/Domain/Entities/DailyRewardClaimEntity.swift /Users/siam/Desktop/Lingua\ Quest/Lingua\ Quest/Modules/Home/Domain/Entities/DailyRewardEntity.swift /Users/siam/Desktop/Lingua\ Quest/Lingua\ Quest/Modules/Home/Domain/Entities/HomeData.swift /Users/siam/Desktop/Lingua\ Quest/Lingua\ Quest/Modules/Home/Domain/Entities/LanguageEntities.swift /Users/siam/Desktop/Lingua\ Quest/Lingua\ Quest/Modules/Home/Domain/Repository/HomeRepositoryProtocol.swift /Users/siam/Desktop/Lingua\ Quest/Lingua\ Quest/Modules/Home/Domain/UseCases/ClaimDailyRewardUseCase.swift /Users/siam/Desktop/Lingua\ Quest/Lingua\ Quest/Modules/Home/Domain/UseCases/GetDailyRewardUseCase.swift /Users/siam/Desktop/Lingua\ Quest/Lingua\ Quest/Modules/Home/Domain/UseCases/GetHomeDataUseCase.swift /Users/siam/Desktop/Lingua\ Quest/Lingua\ Quest/Modules/Home/Domain/UseCases/GetHomeWorldsUseCase.swift /Users/siam/Desktop/Lingua\ Quest/Lingua\ Quest/Modules/Home/Domain/UseCases/LanguageUseCases.swift /Users/siam/Desktop/Lingua\ Quest/Lingua\ Quest/Modules/Home/Presentation/UIModels/DailyRewardDayUIModel.swift /Users/siam/Desktop/Lingua\ Quest/Lingua\ Quest/Modules/Home/Presentation/ViewModels/DailyRewardViewModel.swift /Users/siam/Desktop/Lingua\ Quest/Lingua\ Quest/Modules/Home/Presentation/ViewModels/HomeViewModel.swift /Users/siam/Desktop/Lingua\ Quest/Lingua\ Quest/Modules/Home/Presentation/ViewModels/LanguageViewModel.swift /Users/siam/Desktop/Lingua\ Quest/Lingua\ Quest/Modules/Home/Presentation/Views/Cards/ContinueLessonCardView.swift /Users/siam/Desktop/Lingua\ Quest/Lingua\ Quest/Modules/Home/Presentation/Views/Cards/DailyBonusCardView.swift /Users/siam/Desktop/Lingua\ Quest/Lingua\ Quest/Modules/Home/Presentation/Views/Cards/LearningCardView.swift /Users/siam/Desktop/Lingua\ Quest/Lingua\ Quest/Modules/Home/Presentation/Views/Components/DailyRewards/DailyRewardCardContent.swift /Users/siam/Desktop/Lingua\ Quest/Lingua\ Quest/Modules/Home/Presentation/Views/Components/DailyRewards/DailyRewardDayNodeView.swift /Users/siam/Desktop/Lingua\ Quest/Lingua\ Quest/Modules/Home/Presentation/Views/Components/DailyRewards/DailyRewardTimelineView.swift /Users/siam/Desktop/Lingua\ Quest/Lingua\ Quest/Modules/Home/Presentation/Views/Components/DailyRewards/RewardAmountBadge.swift (in target 'Lingua Quest' from project 'Lingua Quest')

SwiftCompile normal arm64 /Users/siam/Desktop/Lingua\ Quest/Lingua\ Quest/Modules/Home/Data/DTOs/LanguageDTOs.swift (in target 'Lingua Quest' from project 'Lingua Quest')
    cd /Users/siam/Desktop/Lingua\ Quest
    

SwiftCompile normal arm64 /Users/siam/Desktop/Lingua\ Quest/Lingua\ Quest/Modules/Home/Data/RepositoryImpl/HomeRepositoryImpl.swift (in target 'Lingua Quest' from project 'Lingua Quest')
    cd /Users/siam/Desktop/Lingua\ Quest
    

SwiftCompile normal arm64 /Users/siam/Desktop/Lingua\ Quest/Lingua\ Quest/Modules/Home/Domain/Entities/DailyRewardClaimEntity.swift (in target 'Lingua Quest' from project 'Lingua Quest')
    cd /Users/siam/Desktop/Lingua\ Quest
    

SwiftCompile normal arm64 /Users/siam/Desktop/Lingua\ Quest/Lingua\ Quest/Modules/Home/Domain/Entities/DailyRewardEntity.swift (in target 'Lingua Quest' from project 'Lingua Quest')
    cd /Users/siam/Desktop/Lingua\ Quest
    

SwiftCompile normal arm64 /Users/siam/Desktop/Lingua\ Quest/Lingua\ Quest/Modules/Home/Domain/Entities/HomeData.swift (in target 'Lingua Quest' from project 'Lingua Quest')
    cd /Users/siam/Desktop/Lingua\ Quest
    

SwiftCompile normal arm64 /Users/siam/Desktop/Lingua\ Quest/Lingua\ Quest/Modules/Home/Domain/Entities/LanguageEntities.swift (in target 'Lingua Quest' from project 'Lingua Quest')
    cd /Users/siam/Desktop/Lingua\ Quest
    

SwiftCompile normal arm64 /Users/siam/Desktop/Lingua\ Quest/Lingua\ Quest/Modules/Home/Domain/Repository/HomeRepositoryProtocol.swift (in target 'Lingua Quest' from project 'Lingua Quest')
    cd /Users/siam/Desktop/Lingua\ Quest
    

SwiftCompile normal arm64 /Users/siam/Desktop/Lingua\ Quest/Lingua\ Quest/Modules/Home/Domain/UseCases/ClaimDailyRewardUseCase.swift (in target 'Lingua Quest' from project 'Lingua Quest')
    cd /Users/siam/Desktop/Lingua\ Quest
    

SwiftCompile normal arm64 /Users/siam/Desktop/Lingua\ Quest/Lingua\ Quest/Modules/Home/Domain/UseCases/GetDailyRewardUseCase.swift (in target 'Lingua Quest' from project 'Lingua Quest')
    cd /Users/siam/Desktop/Lingua\ Quest
    

SwiftCompile normal arm64 /Users/siam/Desktop/Lingua\ Quest/Lingua\ Quest/Modules/Home/Domain/UseCases/GetHomeDataUseCase.swift (in target 'Lingua Quest' from project 'Lingua Quest')
    cd /Users/siam/Desktop/Lingua\ Quest
    

SwiftCompile normal arm64 /Users/siam/Desktop/Lingua\ Quest/Lingua\ Quest/Modules/Home/Domain/UseCases/GetHomeWorldsUseCase.swift (in target 'Lingua Quest' from project 'Lingua Quest')
    cd /Users/siam/Desktop/Lingua\ Quest
    

SwiftCompile normal arm64 /Users/siam/Desktop/Lingua\ Quest/Lingua\ Quest/Modules/Home/Domain/UseCases/LanguageUseCases.swift (in target 'Lingua Quest' from project 'Lingua Quest')
    cd /Users/siam/Desktop/Lingua\ Quest
    

SwiftCompile normal arm64 /Users/siam/Desktop/Lingua\ Quest/Lingua\ Quest/Modules/Home/Presentation/UIModels/DailyRewardDayUIModel.swift (in target 'Lingua Quest' from project 'Lingua Quest')
    cd /Users/siam/Desktop/Lingua\ Quest
    

SwiftCompile normal arm64 /Users/siam/Desktop/Lingua\ Quest/Lingua\ Quest/Modules/Home/Presentation/ViewModels/DailyRewardViewModel.swift (in target 'Lingua Quest' from project 'Lingua Quest')
    cd /Users/siam/Desktop/Lingua\ Quest
    

SwiftCompile normal arm64 /Users/siam/Desktop/Lingua\ Quest/Lingua\ Quest/Modules/Home/Presentation/ViewModels/HomeViewModel.swift (in target 'Lingua Quest' from project 'Lingua Quest')
    cd /Users/siam/Desktop/Lingua\ Quest
    

SwiftCompile normal arm64 /Users/siam/Desktop/Lingua\ Quest/Lingua\ Quest/Modules/Home/Presentation/ViewModels/LanguageViewModel.swift (in target 'Lingua Quest' from project 'Lingua Quest')
    cd /Users/siam/Desktop/Lingua\ Quest
    

SwiftCompile normal arm64 /Users/siam/Desktop/Lingua\ Quest/Lingua\ Quest/Modules/Home/Presentation/Views/Cards/ContinueLessonCardView.swift (in target 'Lingua Quest' from project 'Lingua Quest')
    cd /Users/siam/Desktop/Lingua\ Quest
    

SwiftCompile normal arm64 /Users/siam/Desktop/Lingua\ Quest/Lingua\ Quest/Modules/Home/Presentation/Views/Cards/DailyBonusCardView.swift (in target 'Lingua Quest' from project 'Lingua Quest')
    cd /Users/siam/Desktop/Lingua\ Quest
    

SwiftCompile normal arm64 /Users/siam/Desktop/Lingua\ Quest/Lingua\ Quest/Modules/Home/Presentation/Views/Cards/LearningCardView.swift (in target 'Lingua Quest' from project 'Lingua Quest')
    cd /Users/siam/Desktop/Lingua\ Quest
    

SwiftCompile normal arm64 /Users/siam/Desktop/Lingua\ Quest/Lingua\ Quest/Modules/Home/Presentation/Views/Components/DailyRewards/DailyRewardCardContent.swift (in target 'Lingua Quest' from project 'Lingua Quest')
    cd /Users/siam/Desktop/Lingua\ Quest
    

SwiftCompile normal arm64 /Users/siam/Desktop/Lingua\ Quest/Lingua\ Quest/Modules/Home/Presentation/Views/Components/DailyRewards/DailyRewardDayNodeView.swift (in target 'Lingua Quest' from project 'Lingua Quest')
    cd /Users/siam/Desktop/Lingua\ Quest
    

SwiftCompile normal arm64 /Users/siam/Desktop/Lingua\ Quest/Lingua\ Quest/Modules/Home/Presentation/Views/Components/DailyRewards/DailyRewardTimelineView.swift (in target 'Lingua Quest' from project 'Lingua Quest')
    cd /Users/siam/Desktop/Lingua\ Quest
    

SwiftCompile normal arm64 /Users/siam/Desktop/Lingua\ Quest/Lingua\ Quest/Modules/Home/Presentation/Views/Components/DailyRewards/RewardAmountBadge.swift (in target 'Lingua Quest' from project 'Lingua Quest')
    cd /Users/siam/Desktop/Lingua\ Quest
    

SwiftCompile normal arm64 Compiling\ VerifyPasswordResetOtpViewModel.swift,\ ForgetPasswordView.swift,\ LoginView.swift,\ ResetPasswordView.swift,\ SignUpView.swift,\ VerifyEmailView.swift,\ VerifyPasswordResetOtpView.swift,\ CapturedItemEntity.swift,\ GalleryRepositoryImpl.swift,\ CapturedItem.swift,\ GalleryRepositoryProtocol.swift,\ CaptureCardView.swift,\ CategoryFilterView.swift,\ EmptyGalleryView.swift,\ GalleryGridView.swift,\ MyCapturesHeaderView.swift,\ GalleryView.swift,\ GameEndpoint.swift,\ GameRemoteDataSource.swift,\ GameLevelsResponseDTO.swift,\ GameRepositoryImpl.swift,\ GameLevel.swift,\ GameRepositoryProtocol.swift /Users/siam/Desktop/Lingua\ Quest/Lingua\ Quest/Modules/Auth/Presentation/ViewModels/VerifyPasswordResetOtpViewModel.swift /Users/siam/Desktop/Lingua\ Quest/Lingua\ Quest/Modules/Auth/Presentation/Views/ForgetPasswordView.swift /Users/siam/Desktop/Lingua\ Quest/Lingua\ Quest/Modules/Auth/Presentation/Views/LoginView.swift /Users/siam/Desktop/Lingua\ Quest/Lingua\ Quest/Modules/Auth/Presentation/Views/ResetPasswordView.swift /Users/siam/Desktop/Lingua\ Quest/Lingua\ Quest/Modules/Auth/Presentation/Views/SignUpView.swift /Users/siam/Desktop/Lingua\ Quest/Lingua\ Quest/Modules/Auth/Presentation/Views/VerifyEmailView.swift /Users/siam/Desktop/Lingua\ Quest/Lingua\ Quest/Modules/Auth/Presentation/Views/VerifyPasswordResetOtpView.swift /Users/siam/Desktop/Lingua\ Quest/Lingua\ Quest/Modules/Gallery/Data/DataSources/Local/CapturedItemEntity.swift /Users/siam/Desktop/Lingua\ Quest/Lingua\ Quest/Modules/Gallery/Data/RepositoryImpl/GalleryRepositoryImpl.swift /Users/siam/Desktop/Lingua\ Quest/Lingua\ Quest/Modules/Gallery/Domain/Models/CapturedItem.swift /Users/siam/Desktop/Lingua\ Quest/Lingua\ Quest/Modules/Gallery/Domain/Repositories/GalleryRepositoryProtocol.swift /Users/siam/Desktop/Lingua\ Quest/Lingua\ Quest/Modules/Gallery/Presentation/Components/CaptureCardView.swift /Users/siam/Desktop/Lingua\ Quest/Lingua\ Quest/Modules/Gallery/Presentation/Components/CategoryFilterView.swift /Users/siam/Desktop/Lingua\ Quest/Lingua\ Quest/Modules/Gallery/Presentation/Components/EmptyGalleryView.swift /Users/siam/Desktop/Lingua\ Quest/Lingua\ Quest/Modules/Gallery/Presentation/Components/GalleryGridView.swift /Users/siam/Desktop/Lingua\ Quest/Lingua\ Quest/Modules/Gallery/Presentation/Components/MyCapturesHeaderView.swift /Users/siam/Desktop/Lingua\ Quest/Lingua\ Quest/Modules/Gallery/Presentation/Views/GalleryView.swift /Users/siam/Desktop/Lingua\ Quest/Lingua\ Quest/Modules/Game/Data/DataSources/Remote/GameEndpoint.swift /Users/siam/Desktop/Lingua\ Quest/Lingua\ Quest/Modules/Game/Data/DataSources/Remote/GameRemoteDataSource.swift /Users/siam/Desktop/Lingua\ Quest/Lingua\ Quest/Modules/Game/Data/DTOs/GameLevelsResponseDTO.swift /Users/siam/Desktop/Lingua\ Quest/Lingua\ Quest/Modules/Game/Data/RepositoryImpl/GameRepositoryImpl.swift /Users/siam/Desktop/Lingua\ Quest/Lingua\ Quest/Modules/Game/Domain/Entities/GameLevel.swift /Users/siam/Desktop/Lingua\ Quest/Lingua\ Quest/Modules/Game/Domain/Repositories/GameRepositoryProtocol.swift (in target 'Lingua Quest' from project 'Lingua Quest')

SwiftCompile normal arm64 /Users/siam/Desktop/Lingua\ Quest/Lingua\ Quest/Modules/Auth/Presentation/ViewModels/VerifyPasswordResetOtpViewModel.swift (in target 'Lingua Quest' from project 'Lingua Quest')
    cd /Users/siam/Desktop/Lingua\ Quest
    

SwiftCompile normal arm64 /Users/siam/Desktop/Lingua\ Quest/Lingua\ Quest/Modules/Auth/Presentation/Views/ForgetPasswordView.swift (in target 'Lingua Quest' from project 'Lingua Quest')
    cd /Users/siam/Desktop/Lingua\ Quest
    

SwiftCompile normal arm64 /Users/siam/Desktop/Lingua\ Quest/Lingua\ Quest/Modules/Auth/Presentation/Views/LoginView.swift (in target 'Lingua Quest' from project 'Lingua Quest')
    cd /Users/siam/Desktop/Lingua\ Quest
    

SwiftCompile normal arm64 /Users/siam/Desktop/Lingua\ Quest/Lingua\ Quest/Modules/Auth/Presentation/Views/ResetPasswordView.swift (in target 'Lingua Quest' from project 'Lingua Quest')
    cd /Users/siam/Desktop/Lingua\ Quest
    

SwiftCompile normal arm64 /Users/siam/Desktop/Lingua\ Quest/Lingua\ Quest/Modules/Auth/Presentation/Views/SignUpView.swift (in target 'Lingua Quest' from project 'Lingua Quest')
    cd /Users/siam/Desktop/Lingua\ Quest
    

SwiftCompile normal arm64 /Users/siam/Desktop/Lingua\ Quest/Lingua\ Quest/Modules/Auth/Presentation/Views/VerifyEmailView.swift (in target 'Lingua Quest' from project 'Lingua Quest')
    cd /Users/siam/Desktop/Lingua\ Quest
    

SwiftCompile normal arm64 /Users/siam/Desktop/Lingua\ Quest/Lingua\ Quest/Modules/Auth/Presentation/Views/VerifyPasswordResetOtpView.swift (in target 'Lingua Quest' from project 'Lingua Quest')
    cd /Users/siam/Desktop/Lingua\ Quest
    

SwiftCompile normal arm64 /Users/siam/Desktop/Lingua\ Quest/Lingua\ Quest/Modules/Gallery/Data/DataSources/Local/CapturedItemEntity.swift (in target 'Lingua Quest' from project 'Lingua Quest')
    cd /Users/siam/Desktop/Lingua\ Quest
    

SwiftCompile normal arm64 /Users/siam/Desktop/Lingua\ Quest/Lingua\ Quest/Modules/Gallery/Data/RepositoryImpl/GalleryRepositoryImpl.swift (in target 'Lingua Quest' from project 'Lingua Quest')
    cd /Users/siam/Desktop/Lingua\ Quest
    

SwiftCompile normal arm64 /Users/siam/Desktop/Lingua\ Quest/Lingua\ Quest/Modules/Gallery/Domain/Models/CapturedItem.swift (in target 'Lingua Quest' from project 'Lingua Quest')
    cd /Users/siam/Desktop/Lingua\ Quest
    

SwiftCompile normal arm64 /Users/siam/Desktop/Lingua\ Quest/Lingua\ Quest/Modules/Gallery/Domain/Repositories/GalleryRepositoryProtocol.swift (in target 'Lingua Quest' from project 'Lingua Quest')
    cd /Users/siam/Desktop/Lingua\ Quest
    

SwiftCompile normal arm64 /Users/siam/Desktop/Lingua\ Quest/Lingua\ Quest/Modules/Gallery/Presentation/Components/CaptureCardView.swift (in target 'Lingua Quest' from project 'Lingua Quest')
    cd /Users/siam/Desktop/Lingua\ Quest
    

SwiftCompile normal arm64 /Users/siam/Desktop/Lingua\ Quest/Lingua\ Quest/Modules/Gallery/Presentation/Components/CategoryFilterView.swift (in target 'Lingua Quest' from project 'Lingua Quest')
    cd /Users/siam/Desktop/Lingua\ Quest
    

SwiftCompile normal arm64 /Users/siam/Desktop/Lingua\ Quest/Lingua\ Quest/Modules/Gallery/Presentation/Components/EmptyGalleryView.swift (in target 'Lingua Quest' from project 'Lingua Quest')
    cd /Users/siam/Desktop/Lingua\ Quest
    

SwiftCompile normal arm64 /Users/siam/Desktop/Lingua\ Quest/Lingua\ Quest/Modules/Gallery/Presentation/Components/GalleryGridView.swift (in target 'Lingua Quest' from project 'Lingua Quest')
    cd /Users/siam/Desktop/Lingua\ Quest
    

SwiftCompile normal arm64 /Users/siam/Desktop/Lingua\ Quest/Lingua\ Quest/Modules/Gallery/Presentation/Components/MyCapturesHeaderView.swift (in target 'Lingua Quest' from project 'Lingua Quest')
    cd /Users/siam/Desktop/Lingua\ Quest
    

SwiftCompile normal arm64 /Users/siam/Desktop/Lingua\ Quest/Lingua\ Quest/Modules/Gallery/Presentation/Views/GalleryView.swift (in target 'Lingua Quest' from project 'Lingua Quest')
    cd /Users/siam/Desktop/Lingua\ Quest
    

SwiftCompile normal arm64 /Users/siam/Desktop/Lingua\ Quest/Lingua\ Quest/Modules/Game/Data/DataSources/Remote/GameEndpoint.swift (in target 'Lingua Quest' from project 'Lingua Quest')
    cd /Users/siam/Desktop/Lingua\ Quest
    

SwiftCompile normal arm64 /Users/siam/Desktop/Lingua\ Quest/Lingua\ Quest/Modules/Game/Data/DataSources/Remote/GameRemoteDataSource.swift (in target 'Lingua Quest' from project 'Lingua Quest')
    cd /Users/siam/Desktop/Lingua\ Quest
    

SwiftCompile normal arm64 /Users/siam/Desktop/Lingua\ Quest/Lingua\ Quest/Modules/Game/Data/DTOs/GameLevelsResponseDTO.swift (in target 'Lingua Quest' from project 'Lingua Quest')
    cd /Users/siam/Desktop/Lingua\ Quest
    

SwiftCompile normal arm64 /Users/siam/Desktop/Lingua\ Quest/Lingua\ Quest/Modules/Game/Data/RepositoryImpl/GameRepositoryImpl.swift (in target 'Lingua Quest' from project 'Lingua Quest')
    cd /Users/siam/Desktop/Lingua\ Quest
    

SwiftCompile normal arm64 /Users/siam/Desktop/Lingua\ Quest/Lingua\ Quest/Modules/Game/Domain/Entities/GameLevel.swift (in target 'Lingua Quest' from project 'Lingua Quest')
    cd /Users/siam/Desktop/Lingua\ Quest
    

SwiftCompile normal arm64 /Users/siam/Desktop/Lingua\ Quest/Lingua\ Quest/Modules/Game/Domain/Repositories/GameRepositoryProtocol.swift (in target 'Lingua Quest' from project 'Lingua Quest')
    cd /Users/siam/Desktop/Lingua\ Quest
    

SwiftCompile normal arm64 Compiling\ OAuthServiceError.swift,\ AuthTokenProvider.swift,\ AuthSessionEntity.swift,\ OtpPurpose.swift,\ RegisteredAccountEntity.swift,\ UserEntity.swift,\ AuthRepositoryProtocol.swift,\ FirebaseLoginUseCase.swift,\ LoginUseCase.swift,\ LogoutUseCase.swift,\ RefreshTokenUseCase.swift,\ RegisterUseCase.swift,\ ResetPasswordUseCase.swift,\ SendOtpUseCase.swift,\ VerifyPasswordResetOtpUseCase.swift,\ VerifySignupOtpUseCase.swift,\ AuthError.swift,\ ForgetPasswordViewModel.swift,\ LoginViewModel.swift,\ OAuthSignInHandler.swift,\ ResetPasswordViewModel.swift,\ SignUpViewModel.swift,\ VerifyEmailViewModel.swift /Users/siam/Desktop/Lingua\ Quest/Lingua\ Quest/Modules/Auth/Data/Services/OAuth/OAuthServiceError.swift /Users/siam/Desktop/Lingua\ Quest/Lingua\ Quest/Modules/Auth/Data/Services/AuthTokenProvider.swift /Users/siam/Desktop/Lingua\ Quest/Lingua\ Quest/Modules/Auth/Domain/Entities/AuthSessionEntity.swift /Users/siam/Desktop/Lingua\ Quest/Lingua\ Quest/Modules/Auth/Domain/Entities/OtpPurpose.swift /Users/siam/Desktop/Lingua\ Quest/Lingua\ Quest/Modules/Auth/Domain/Entities/RegisteredAccountEntity.swift /Users/siam/Desktop/Lingua\ Quest/Lingua\ Quest/Modules/Auth/Domain/Entities/UserEntity.swift /Users/siam/Desktop/Lingua\ Quest/Lingua\ Quest/Modules/Auth/Domain/RepositoryProtocols/AuthRepositoryProtocol.swift /Users/siam/Desktop/Lingua\ Quest/Lingua\ Quest/Modules/Auth/Domain/UseCases/FirebaseLoginUseCase.swift /Users/siam/Desktop/Lingua\ Quest/Lingua\ Quest/Modules/Auth/Domain/UseCases/LoginUseCase.swift /Users/siam/Desktop/Lingua\ Quest/Lingua\ Quest/Modules/Auth/Domain/UseCases/LogoutUseCase.swift /Users/siam/Desktop/Lingua\ Quest/Lingua\ Quest/Modules/Auth/Domain/UseCases/RefreshTokenUseCase.swift /Users/siam/Desktop/Lingua\ Quest/Lingua\ Quest/Modules/Auth/Domain/UseCases/RegisterUseCase.swift /Users/siam/Desktop/Lingua\ Quest/Lingua\ Quest/Modules/Auth/Domain/UseCases/ResetPasswordUseCase.swift /Users/siam/Desktop/Lingua\ Quest/Lingua\ Quest/Modules/Auth/Domain/UseCases/SendOtpUseCase.swift /Users/siam/Desktop/Lingua\ Quest/Lingua\ Quest/Modules/Auth/Domain/UseCases/VerifyPasswordResetOtpUseCase.swift /Users/siam/Desktop/Lingua\ Quest/Lingua\ Quest/Modules/Auth/Domain/UseCases/VerifySignupOtpUseCase.swift /Users/siam/Desktop/Lingua\ Quest/Lingua\ Quest/Modules/Auth/Domain/AuthError.swift /Users/siam/Desktop/Lingua\ Quest/Lingua\ Quest/Modules/Auth/Presentation/ViewModels/ForgetPasswordViewModel.swift /Users/siam/Desktop/Lingua\ Quest/Lingua\ Quest/Modules/Auth/Presentation/ViewModels/LoginViewModel.swift /Users/siam/Desktop/Lingua\ Quest/Lingua\ Quest/Modules/Auth/Presentation/ViewModels/OAuthSignInHandler.swift /Users/siam/Desktop/Lingua\ Quest/Lingua\ Quest/Modules/Auth/Presentation/ViewModels/ResetPasswordViewModel.swift /Users/siam/Desktop/Lingua\ Quest/Lingua\ Quest/Modules/Auth/Presentation/ViewModels/SignUpViewModel.swift /Users/siam/Desktop/Lingua\ Quest/Lingua\ Quest/Modules/Auth/Presentation/ViewModels/VerifyEmailViewModel.swift (in target 'Lingua Quest' from project 'Lingua Quest')

SwiftCompile normal arm64 /Users/siam/Desktop/Lingua\ Quest/Lingua\ Quest/Modules/Auth/Data/Services/OAuth/OAuthServiceError.swift (in target 'Lingua Quest' from project 'Lingua Quest')
    cd /Users/siam/Desktop/Lingua\ Quest
    

SwiftCompile normal arm64 /Users/siam/Desktop/Lingua\ Quest/Lingua\ Quest/Modules/Auth/Data/Services/AuthTokenProvider.swift (in target 'Lingua Quest' from project 'Lingua Quest')
    cd /Users/siam/Desktop/Lingua\ Quest
    

SwiftCompile normal arm64 /Users/siam/Desktop/Lingua\ Quest/Lingua\ Quest/Modules/Auth/Domain/Entities/AuthSessionEntity.swift (in target 'Lingua Quest' from project 'Lingua Quest')
    cd /Users/siam/Desktop/Lingua\ Quest
    

SwiftCompile normal arm64 /Users/siam/Desktop/Lingua\ Quest/Lingua\ Quest/Modules/Auth/Domain/Entities/OtpPurpose.swift (in target 'Lingua Quest' from project 'Lingua Quest')
    cd /Users/siam/Desktop/Lingua\ Quest
    

SwiftCompile normal arm64 /Users/siam/Desktop/Lingua\ Quest/Lingua\ Quest/Modules/Auth/Domain/Entities/RegisteredAccountEntity.swift (in target 'Lingua Quest' from project 'Lingua Quest')
    cd /Users/siam/Desktop/Lingua\ Quest
    

SwiftCompile normal arm64 /Users/siam/Desktop/Lingua\ Quest/Lingua\ Quest/Modules/Auth/Domain/Entities/UserEntity.swift (in target 'Lingua Quest' from project 'Lingua Quest')
    cd /Users/siam/Desktop/Lingua\ Quest
    

SwiftCompile normal arm64 /Users/siam/Desktop/Lingua\ Quest/Lingua\ Quest/Modules/Auth/Domain/RepositoryProtocols/AuthRepositoryProtocol.swift (in target 'Lingua Quest' from project 'Lingua Quest')
    cd /Users/siam/Desktop/Lingua\ Quest
    

SwiftCompile normal arm64 /Users/siam/Desktop/Lingua\ Quest/Lingua\ Quest/Modules/Auth/Domain/UseCases/FirebaseLoginUseCase.swift (in target 'Lingua Quest' from project 'Lingua Quest')
    cd /Users/siam/Desktop/Lingua\ Quest
    

SwiftCompile normal arm64 /Users/siam/Desktop/Lingua\ Quest/Lingua\ Quest/Modules/Auth/Domain/UseCases/LoginUseCase.swift (in target 'Lingua Quest' from project 'Lingua Quest')
    cd /Users/siam/Desktop/Lingua\ Quest
    

SwiftCompile normal arm64 /Users/siam/Desktop/Lingua\ Quest/Lingua\ Quest/Modules/Auth/Domain/UseCases/LogoutUseCase.swift (in target 'Lingua Quest' from project 'Lingua Quest')
    cd /Users/siam/Desktop/Lingua\ Quest
    

SwiftCompile normal arm64 /Users/siam/Desktop/Lingua\ Quest/Lingua\ Quest/Modules/Auth/Domain/UseCases/RefreshTokenUseCase.swift (in target 'Lingua Quest' from project 'Lingua Quest')
    cd /Users/siam/Desktop/Lingua\ Quest
    

SwiftCompile normal arm64 /Users/siam/Desktop/Lingua\ Quest/Lingua\ Quest/Modules/Auth/Domain/UseCases/RegisterUseCase.swift (in target 'Lingua Quest' from project 'Lingua Quest')
    cd /Users/siam/Desktop/Lingua\ Quest
    

SwiftCompile normal arm64 /Users/siam/Desktop/Lingua\ Quest/Lingua\ Quest/Modules/Auth/Domain/UseCases/ResetPasswordUseCase.swift (in target 'Lingua Quest' from project 'Lingua Quest')
    cd /Users/siam/Desktop/Lingua\ Quest
    

SwiftCompile normal arm64 /Users/siam/Desktop/Lingua\ Quest/Lingua\ Quest/Modules/Auth/Domain/UseCases/SendOtpUseCase.swift (in target 'Lingua Quest' from project 'Lingua Quest')
    cd /Users/siam/Desktop/Lingua\ Quest
    

SwiftCompile normal arm64 /Users/siam/Desktop/Lingua\ Quest/Lingua\ Quest/Modules/Auth/Domain/UseCases/VerifyPasswordResetOtpUseCase.swift (in target 'Lingua Quest' from project 'Lingua Quest')
    cd /Users/siam/Desktop/Lingua\ Quest
    

SwiftCompile normal arm64 /Users/siam/Desktop/Lingua\ Quest/Lingua\ Quest/Modules/Auth/Domain/UseCases/VerifySignupOtpUseCase.swift (in target 'Lingua Quest' from project 'Lingua Quest')
    cd /Users/siam/Desktop/Lingua\ Quest
    

SwiftCompile normal arm64 /Users/siam/Desktop/Lingua\ Quest/Lingua\ Quest/Modules/Auth/Domain/AuthError.swift (in target 'Lingua Quest' from project 'Lingua Quest')
    cd /Users/siam/Desktop/Lingua\ Quest
    

SwiftCompile normal arm64 /Users/siam/Desktop/Lingua\ Quest/Lingua\ Quest/Modules/Auth/Presentation/ViewModels/ForgetPasswordViewModel.swift (in target 'Lingua Quest' from project 'Lingua Quest')
    cd /Users/siam/Desktop/Lingua\ Quest
    

SwiftCompile normal arm64 /Users/siam/Desktop/Lingua\ Quest/Lingua\ Quest/Modules/Auth/Presentation/ViewModels/LoginViewModel.swift (in target 'Lingua Quest' from project 'Lingua Quest')
    cd /Users/siam/Desktop/Lingua\ Quest
    

SwiftCompile normal arm64 /Users/siam/Desktop/Lingua\ Quest/Lingua\ Quest/Modules/Auth/Presentation/ViewModels/OAuthSignInHandler.swift (in target 'Lingua Quest' from project 'Lingua Quest')
    cd /Users/siam/Desktop/Lingua\ Quest
    

SwiftCompile normal arm64 /Users/siam/Desktop/Lingua\ Quest/Lingua\ Quest/Modules/Auth/Presentation/ViewModels/ResetPasswordViewModel.swift (in target 'Lingua Quest' from project 'Lingua Quest')
    cd /Users/siam/Desktop/Lingua\ Quest
    

SwiftCompile normal arm64 /Users/siam/Desktop/Lingua\ Quest/Lingua\ Quest/Modules/Auth/Presentation/ViewModels/SignUpViewModel.swift (in target 'Lingua Quest' from project 'Lingua Quest')
    cd /Users/siam/Desktop/Lingua\ Quest
    

SwiftCompile normal arm64 /Users/siam/Desktop/Lingua\ Quest/Lingua\ Quest/Modules/Auth/Presentation/ViewModels/VerifyEmailViewModel.swift (in target 'Lingua Quest' from project 'Lingua Quest')
    cd /Users/siam/Desktop/Lingua\ Quest
    

SwiftCompile normal arm64 Compiling\ GetCapturedItemsUseCase.swift,\ SaveCapturedItemUseCase.swift,\ GalleryViewModel.swift,\ AppConfig.swift,\ Lingua_QuestApp.swift,\ AllWorldsAssembly.swift,\ AuthAssembly.swift,\ GameAssembly.swift,\ HomeAssembly.swift,\ NetworkAssembly.swift,\ OnboardingAssembly.swift,\ ProfileAssembly.swift,\ Resolver.swift,\ RouterAssembly.swift,\ SessionAssembly.swift,\ SpeakingLabAssembly.swift,\ StorageAssembly.swift,\ WordInsightAssembly.swift,\ Color.swift,\ Image.swift,\ String+Flag.swift,\ UIImage+Avatar.swift,\ L10n.swift,\ AIEndpoint.swift /Users/siam/Desktop/Lingua\ Quest/Lingua\ Quest/Modules/Gallery/Domain/UseCases/GetCapturedItemsUseCase.swift /Users/siam/Desktop/Lingua\ Quest/Lingua\ Quest/Modules/Gallery/Domain/UseCases/SaveCapturedItemUseCase.swift /Users/siam/Desktop/Lingua\ Quest/Lingua\ Quest/Modules/Gallery/Presentation/ViewModels/GalleryViewModel.swift /Users/siam/Desktop/Lingua\ Quest/Lingua\ Quest/App/AppConfig.swift /Users/siam/Desktop/Lingua\ Quest/Lingua\ Quest/App/Lingua_QuestApp.swift /Users/siam/Desktop/Lingua\ Quest/Lingua\ Quest/Core/DI/AllWorldsAssembly.swift /Users/siam/Desktop/Lingua\ Quest/Lingua\ Quest/Core/DI/AuthAssembly.swift /Users/siam/Desktop/Lingua\ Quest/Lingua\ Quest/Core/DI/GameAssembly.swift /Users/siam/Desktop/Lingua\ Quest/Lingua\ Quest/Core/DI/HomeAssembly.swift /Users/siam/Desktop/Lingua\ Quest/Lingua\ Quest/Core/DI/NetworkAssembly.swift /Users/siam/Desktop/Lingua\ Quest/Lingua\ Quest/Core/DI/OnboardingAssembly.swift /Users/siam/Desktop/Lingua\ Quest/Lingua\ Quest/Core/DI/ProfileAssembly.swift /Users/siam/Desktop/Lingua\ Quest/Lingua\ Quest/Core/DI/Resolver.swift /Users/siam/Desktop/Lingua\ Quest/Lingua\ Quest/Core/DI/RouterAssembly.swift /Users/siam/Desktop/Lingua\ Quest/Lingua\ Quest/Core/DI/SessionAssembly.swift /Users/siam/Desktop/Lingua\ Quest/Lingua\ Quest/Core/DI/SpeakingLabAssembly.swift /Users/siam/Desktop/Lingua\ Quest/Lingua\ Quest/Core/DI/StorageAssembly.swift /Users/siam/Desktop/Lingua\ Quest/Lingua\ Quest/Core/DI/WordInsightAssembly.swift /Users/siam/Desktop/Lingua\ Quest/Lingua\ Quest/Core/Extensions/Color.swift /Users/siam/Desktop/Lingua\ Quest/Lingua\ Quest/Core/Extensions/Image.swift /Users/siam/Desktop/Lingua\ Quest/Lingua\ Quest/Core/Extensions/String+Flag.swift /Users/siam/Desktop/Lingua\ Quest/Lingua\ Quest/Core/Extensions/UIImage+Avatar.swift /Users/siam/Desktop/Lingua\ Quest/Lingua\ Quest/Core/Localization/L10n.swift /Users/siam/Desktop/Lingua\ Quest/Lingua\ Quest/Core/Network/AIEndpoint.swift (in target 'Lingua Quest' from project 'Lingua Quest')

SwiftCompile normal arm64 /Users/siam/Desktop/Lingua\ Quest/Lingua\ Quest/Modules/Gallery/Domain/UseCases/GetCapturedItemsUseCase.swift (in target 'Lingua Quest' from project 'Lingua Quest')
    cd /Users/siam/Desktop/Lingua\ Quest
    

SwiftCompile normal arm64 /Users/siam/Desktop/Lingua\ Quest/Lingua\ Quest/Modules/Gallery/Domain/UseCases/SaveCapturedItemUseCase.swift (in target 'Lingua Quest' from project 'Lingua Quest')
    cd /Users/siam/Desktop/Lingua\ Quest
    

SwiftCompile normal arm64 /Users/siam/Desktop/Lingua\ Quest/Lingua\ Quest/Modules/Gallery/Presentation/ViewModels/GalleryViewModel.swift (in target 'Lingua Quest' from project 'Lingua Quest')
    cd /Users/siam/Desktop/Lingua\ Quest
    

SwiftCompile normal arm64 /Users/siam/Desktop/Lingua\ Quest/Lingua\ Quest/App/AppConfig.swift (in target 'Lingua Quest' from project 'Lingua Quest')
    cd /Users/siam/Desktop/Lingua\ Quest
    

SwiftCompile normal arm64 /Users/siam/Desktop/Lingua\ Quest/Lingua\ Quest/App/Lingua_QuestApp.swift (in target 'Lingua Quest' from project 'Lingua Quest')
    cd /Users/siam/Desktop/Lingua\ Quest
    

SwiftCompile normal arm64 /Users/siam/Desktop/Lingua\ Quest/Lingua\ Quest/Core/DI/AllWorldsAssembly.swift (in target 'Lingua Quest' from project 'Lingua Quest')
    cd /Users/siam/Desktop/Lingua\ Quest
    

SwiftCompile normal arm64 /Users/siam/Desktop/Lingua\ Quest/Lingua\ Quest/Core/DI/AuthAssembly.swift (in target 'Lingua Quest' from project 'Lingua Quest')
    cd /Users/siam/Desktop/Lingua\ Quest
    

SwiftCompile normal arm64 /Users/siam/Desktop/Lingua\ Quest/Lingua\ Quest/Core/DI/GameAssembly.swift (in target 'Lingua Quest' from project 'Lingua Quest')
    cd /Users/siam/Desktop/Lingua\ Quest
    

SwiftCompile normal arm64 /Users/siam/Desktop/Lingua\ Quest/Lingua\ Quest/Core/DI/HomeAssembly.swift (in target 'Lingua Quest' from project 'Lingua Quest')
    cd /Users/siam/Desktop/Lingua\ Quest
    

SwiftCompile normal arm64 /Users/siam/Desktop/Lingua\ Quest/Lingua\ Quest/Core/DI/NetworkAssembly.swift (in target 'Lingua Quest' from project 'Lingua Quest')
    cd /Users/siam/Desktop/Lingua\ Quest
    

SwiftCompile normal arm64 /Users/siam/Desktop/Lingua\ Quest/Lingua\ Quest/Core/DI/OnboardingAssembly.swift (in target 'Lingua Quest' from project 'Lingua Quest')
    cd /Users/siam/Desktop/Lingua\ Quest
    

SwiftCompile normal arm64 /Users/siam/Desktop/Lingua\ Quest/Lingua\ Quest/Core/DI/ProfileAssembly.swift (in target 'Lingua Quest' from project 'Lingua Quest')
    cd /Users/siam/Desktop/Lingua\ Quest
    

SwiftCompile normal arm64 /Users/siam/Desktop/Lingua\ Quest/Lingua\ Quest/Core/DI/Resolver.swift (in target 'Lingua Quest' from project 'Lingua Quest')
    cd /Users/siam/Desktop/Lingua\ Quest
    

SwiftCompile normal arm64 /Users/siam/Desktop/Lingua\ Quest/Lingua\ Quest/Core/DI/RouterAssembly.swift (in target 'Lingua Quest' from project 'Lingua Quest')
    cd /Users/siam/Desktop/Lingua\ Quest
    

SwiftCompile normal arm64 /Users/siam/Desktop/Lingua\ Quest/Lingua\ Quest/Core/DI/SessionAssembly.swift (in target 'Lingua Quest' from project 'Lingua Quest')
    cd /Users/siam/Desktop/Lingua\ Quest
    

SwiftCompile normal arm64 /Users/siam/Desktop/Lingua\ Quest/Lingua\ Quest/Core/DI/SpeakingLabAssembly.swift (in target 'Lingua Quest' from project 'Lingua Quest')
    cd /Users/siam/Desktop/Lingua\ Quest
    

SwiftCompile normal arm64 /Users/siam/Desktop/Lingua\ Quest/Lingua\ Quest/Core/DI/StorageAssembly.swift (in target 'Lingua Quest' from project 'Lingua Quest')
    cd /Users/siam/Desktop/Lingua\ Quest
    

SwiftCompile normal arm64 /Users/siam/Desktop/Lingua\ Quest/Lingua\ Quest/Core/DI/WordInsightAssembly.swift (in target 'Lingua Quest' from project 'Lingua Quest')
    cd /Users/siam/Desktop/Lingua\ Quest
    

SwiftCompile normal arm64 /Users/siam/Desktop/Lingua\ Quest/Lingua\ Quest/Core/Extensions/Color.swift (in target 'Lingua Quest' from project 'Lingua Quest')
    cd /Users/siam/Desktop/Lingua\ Quest
    

SwiftCompile normal arm64 /Users/siam/Desktop/Lingua\ Quest/Lingua\ Quest/Core/Extensions/Image.swift (in target 'Lingua Quest' from project 'Lingua Quest')
    cd /Users/siam/Desktop/Lingua\ Quest
    

SwiftCompile normal arm64 /Users/siam/Desktop/Lingua\ Quest/Lingua\ Quest/Core/Extensions/String+Flag.swift (in target 'Lingua Quest' from project 'Lingua Quest')
    cd /Users/siam/Desktop/Lingua\ Quest
    

SwiftCompile normal arm64 /Users/siam/Desktop/Lingua\ Quest/Lingua\ Quest/Core/Extensions/UIImage+Avatar.swift (in target 'Lingua Quest' from project 'Lingua Quest')
    cd /Users/siam/Desktop/Lingua\ Quest
    

SwiftCompile normal arm64 /Users/siam/Desktop/Lingua\ Quest/Lingua\ Quest/Core/Localization/L10n.swift (in target 'Lingua Quest' from project 'Lingua Quest')
    cd /Users/siam/Desktop/Lingua\ Quest
    

SwiftCompile normal arm64 /Users/siam/Desktop/Lingua\ Quest/Lingua\ Quest/Core/Network/AIEndpoint.swift (in target 'Lingua Quest' from project 'Lingua Quest')
    cd /Users/siam/Desktop/Lingua\ Quest
    

SwiftEmitModule normal x86_64 Emitting\ module\ for\ Lingua_Quest (in target 'Lingua Quest' from project 'Lingua Quest')

** BUILD FAILED **


The following build commands failed:
	SwiftCompile normal arm64 Compiling\ ProfileRepositoryImpl.swift,\ AchievementEntity.swift,\ ExplorerEntity.swift,\ FullAchievementEntity.swift,\ LeaderboardDataEntity.swift,\ LeaderboardUser.swift,\ UserProfileEntity.swift,\ WeeklyRewardEntity.swift,\ ProfileRepositoryProtocol.swift,\ ClaimWeeklyRewardUseCase.swift,\ CompleteProfileUseCase.swift,\ GetAchievementsUseCase.swift,\ GetLeaderboardUseCase.swift,\ GetProfileUseCase.swift,\ GetWeeklyRewardUseCase.swift,\ UpdateProfileUseCase.swift,\ UploadProfilePhotoUseCase.swift,\ AchievementUIModel.swift,\ ExplorerUIModel.swift,\ FullAchievementUIModel.swift,\ AchievementsViewModel.swift,\ EditProfileViewModel.swift,\ LeaderboardViewModel.swift /Users/siam/Desktop/Lingua\ Quest/Lingua\ Quest/Modules/Profile/Data/RepositoryImpl/ProfileRepositoryImpl.swift /Users/siam/Desktop/Lingua\ Quest/Lingua\ Quest/Modules/Profile/Domain/Entities/AchievementEntity.swift /Users/siam/Desktop/Lingua\ Quest/Lingua\ Quest/Modules/Profile/Domain/Entities/ExplorerEntity.swift /Users/siam/Desktop/Lingua\ Quest/Lingua\ Quest/Modules/Profile/Domain/Entities/FullAchievementEntity.swift /Users/siam/Desktop/Lingua\ Quest/Lingua\ Quest/Modules/Profile/Domain/Entities/LeaderboardDataEntity.swift /Users/siam/Desktop/Lingua\ Quest/Lingua\ Quest/Modules/Profile/Domain/Entities/LeaderboardUser.swift /Users/siam/Desktop/Lingua\ Quest/Lingua\ Quest/Modules/Profile/Domain/Entities/UserProfileEntity.swift /Users/siam/Desktop/Lingua\ Quest/Lingua\ Quest/Modules/Profile/Domain/Entities/WeeklyRewardEntity.swift /Users/siam/Desktop/Lingua\ Quest/Lingua\ Quest/Modules/Profile/Domain/RepositoryProtocol/ProfileRepositoryProtocol.swift /Users/siam/Desktop/Lingua\ Quest/Lingua\ Quest/Modules/Profile/Domain/UseCases/ClaimWeeklyRewardUseCase.swift /Users/siam/Desktop/Lingua\ Quest/Lingua\ Quest/Modules/Profile/Domain/UseCases/CompleteProfileUseCase.swift /Users/siam/Desktop/Lingua\ Quest/Lingua\ Quest/Modules/Profile/Domain/UseCases/GetAchievementsUseCase.swift /Users/siam/Desktop/Lingua\ Quest/Lingua\ Quest/Modules/Profile/Domain/UseCases/GetLeaderboardUseCase.swift /Users/siam/Desktop/Lingua\ Quest/Lingua\ Quest/Modules/Profile/Domain/UseCases/GetProfileUseCase.swift /Users/siam/Desktop/Lingua\ Quest/Lingua\ Quest/Modules/Profile/Domain/UseCases/GetWeeklyRewardUseCase.swift /Users/siam/Desktop/Lingua\ Quest/Lingua\ Quest/Modules/Profile/Domain/UseCases/UpdateProfileUseCase.swift /Users/siam/Desktop/Lingua\ Quest/Lingua\ Quest/Modules/Profile/Domain/UseCases/UploadProfilePhotoUseCase.swift /Users/siam/Desktop/Lingua\ Quest/Lingua\ Quest/Modules/Profile/Presentation/UIModels/AchievementUIModel.swift /Users/siam/Desktop/Lingua\ Quest/Lingua\ Quest/Modules/Profile/Presentation/UIModels/ExplorerUIModel.swift /Users/siam/Desktop/Lingua\ Quest/Lingua\ Quest/Modules/Profile/Presentation/UIModels/FullAchievementUIModel.swift /Users/siam/Desktop/Lingua\ Quest/Lingua\ Quest/Modules/Profile/Presentation/ViewModels/AchievementsViewModel.swift /Users/siam/Desktop/Lingua\ Quest/Lingua\ Quest/Modules/Profile/Presentation/ViewModels/EditProfileViewModel.swift /Users/siam/Desktop/Lingua\ Quest/Lingua\ Quest/Modules/Profile/Presentation/ViewModels/LeaderboardViewModel.swift (in target 'Lingua Quest' from project 'Lingua Quest')
	SwiftCompile normal arm64 /Users/siam/Desktop/Lingua\ Quest/Lingua\ Quest/Modules/Profile/Domain/UseCases/ClaimWeeklyRewardUseCase.swift (in target 'Lingua Quest' from project 'Lingua Quest')
	SwiftCompile normal arm64 /Users/siam/Desktop/Lingua\ Quest/Lingua\ Quest/Modules/Profile/Domain/UseCases/GetAchievementsUseCase.swift (in target 'Lingua Quest' from project 'Lingua Quest')
	SwiftCompile normal arm64 /Users/siam/Desktop/Lingua\ Quest/Lingua\ Quest/Modules/Profile/Domain/UseCases/GetLeaderboardUseCase.swift (in target 'Lingua Quest' from project 'Lingua Quest')
	SwiftCompile normal arm64 /Users/siam/Desktop/Lingua\ Quest/Lingua\ Quest/Modules/Profile/Domain/UseCases/GetWeeklyRewardUseCase.swift (in target 'Lingua Quest' from project 'Lingua Quest')
	Building project Lingua Quest with scheme Lingua Quest
(6 failures)
